[0.003s][info][gc] Using Parallel
[0.005s][info][gc,init] Version: 16.0.2+7 (release)
[0.005s][info][gc,init] CPUs: 8 total, 8 available
[0.005s][info][gc,init] Memory: 32117M
[0.005s][info][gc,init] Large Page Support: Disabled
[0.005s][info][gc,init] NUMA Support: Disabled
[0.005s][info][gc,init] Compressed Oops: Enabled (Zero based)
[0.005s][info][gc,init] Alignments: Space 512K, Generation 512K, Heap 2M
[0.005s][info][gc,init] Heap Min Capacity: 2054M
[0.005s][info][gc,init] Heap Initial Capacity: 2054M
[0.005s][info][gc,init] Heap Max Capacity: 3G
[0.005s][info][gc,init] Pre-touch: Disabled
[0.005s][info][gc,init] Parallel Workers: 4
[0.005s][info][gc,metaspace] CDS disabled.
[0.005s][info][gc,metaspace] Compressed class space mapped at: 0x0000000800000000-0x0000000840000000, reserved size: 1073741824
[0.005s][info][gc,metaspace] Narrow klass base: 0x0000000800000000, Narrow klass shift: 0, Narrow klass range: 0x40000000
[0.496s][info][safepoint   ] Safepoint "ICBufferFull", Time since last: 473961352 ns, Reaching safepoint: 137605 ns, At safepoint: 7600 ns, Total: 145205 ns
[0.802s][info][gc,start    ] GC(0) Pause Young (Metadata GC Threshold)
[0.813s][debug][gc,phases   ] GC(0) Scavenge 6.277ms
[0.813s][debug][gc,ref      ] GC(0) Skipped phase 1 of Reference Processing: no references
[0.813s][debug][gc,ref      ] GC(0) Skipped phase 3 of Reference Processing: no references
[0.813s][debug][gc,phases   ] GC(0) Reference Processing 0.145ms
[0.813s][debug][gc,phases   ] GC(0) Weak Processing 0.368ms
[0.813s][debug][gc,age      ] GC(0) Desired survivor size 536870912 bytes, new threshold 7 (max threshold 15)
[0.813s][info ][gc,heap     ] GC(0) PSYoungGen: 178032K(1572864K)->18101K(1572864K) Eden: 178032K(1048576K)->0K(1048576K) From: 0K(524288K)->18101K(524288K)
[0.813s][info ][gc,heap     ] GC(0) ParOldGen: 0K(6144K)->88K(6144K)
[0.813s][info ][gc,metaspace] GC(0) Metaspace: 21016K(21248K)->21016K(21248K) NonClass: 18651K(18752K)->18651K(18752K) Class: 2365K(2496K)->2365K(2496K)
[0.813s][info ][gc          ] GC(0) Pause Young (Metadata GC Threshold) 173M->17M(1542M) 10.802ms
[0.813s][info ][gc,cpu      ] GC(0) User=0.02s Sys=0.01s Real=0.01s
[0.813s][debug][gc,phases   ] GC(1) Pre Compact 0.014ms
[0.813s][info ][gc,start    ] GC(1) Pause Full (Metadata GC Threshold)
[0.813s][info ][gc,phases,start] GC(1) Marking Phase
[0.817s][debug][gc,phases      ] GC(1) Par Mark 3.714ms
[0.817s][debug][gc,ref         ] GC(1) Skipped phase 1 of Reference Processing: no references
[0.817s][debug][gc,ref         ] GC(1) Skipped phase 3 of Reference Processing: no references
[0.817s][debug][gc,phases      ] GC(1) Reference Processing 0.038ms
[0.817s][debug][gc,phases      ] GC(1) Weak Processing 0.144ms
[0.817s][debug][gc,phases      ] GC(1) ClassLoaderData 0.010ms
[0.817s][debug][gc,phases      ] GC(1) Trigger cleanups 0.000ms
[0.819s][debug][gc,phases      ] GC(1) Class Unloading 1.832ms
[0.819s][info ][gc,phases      ] GC(1) Marking Phase 5.827ms
[0.819s][info ][gc,phases,start] GC(1) Summary Phase
[0.819s][info ][gc,phases      ] GC(1) Summary Phase 0.006ms
[0.819s][info ][gc,phases,start] GC(1) Adjust Roots
[0.822s][info ][gc,phases      ] GC(1) Adjust Roots 2.648ms
[0.822s][info ][gc,phases,start] GC(1) Compaction Phase
[0.828s][info ][gc,phases      ] GC(1) Compaction Phase 6.387ms
[0.828s][info ][gc,phases,start] GC(1) Post Compact
[0.829s][info ][gc,phases      ] GC(1) Post Compact 0.346ms
[0.829s][info ][gc,heap        ] GC(1) PSYoungGen: 18101K(1572864K)->13407K(1572864K) Eden: 0K(1048576K)->0K(1048576K) From: 18101K(524288K)->13407K(524288K)
[0.829s][info ][gc,heap        ] GC(1) ParOldGen: 88K(6144K)->4671K(6144K)
[0.829s][info ][gc,metaspace   ] GC(1) Metaspace: 21016K(21248K)->21016K(21248K) NonClass: 18651K(18752K)->18651K(18752K) Class: 2365K(2496K)->2365K(2496K)
[0.829s][info ][gc             ] GC(1) Pause Full (Metadata GC Threshold) 17M->17M(1542M) 15.337ms
[0.829s][info ][gc,cpu         ] GC(1) User=0.04s Sys=0.02s Real=0.02s
[0.829s][info ][safepoint      ] Safepoint "CollectForMetadataAllocation", Time since last: 306232777 ns, Reaching safepoint: 115304 ns, At safepoint: 26273327 ns, Total: 26388631 ns
[1.012s][info ][safepoint      ] Safepoint "ICBufferFull", Time since last: 182965952 ns, Reaching safepoint: 143906 ns, At safepoint: 9800 ns, Total: 153706 ns
[1.023s][info ][safepoint      ] Safepoint "ICBufferFull", Time since last: 10583514 ns, Reaching safepoint: 128205 ns, At safepoint: 8500 ns, Total: 136705 ns
[1.031s][info ][safepoint      ] Safepoint "ICBufferFull", Time since last: 8086916 ns, Reaching safepoint: 129605 ns, At safepoint: 8101 ns, Total: 137706 ns
[1.045s][info ][safepoint      ] Safepoint "ICBufferFull", Time since last: 13657633 ns, Reaching safepoint: 187108 ns, At safepoint: 6300 ns, Total: 193408 ns
[1.048s][info ][safepoint      ] Safepoint "ICBufferFull", Time since last: 3640042 ns, Reaching safepoint: 85204 ns, At safepoint: 7300 ns, Total: 92504 ns
[1.054s][info ][safepoint      ] Safepoint "ICBufferFull", Time since last: 5392111 ns, Reaching safepoint: 137105 ns, At safepoint: 8100 ns, Total: 145205 ns
[1.058s][info ][safepoint      ] Safepoint "ICBufferFull", Time since last: 3657343 ns, Reaching safepoint: 110805 ns, At safepoint: 7700 ns, Total: 118505 ns
[1.061s][info ][safepoint      ] Safepoint "ICBufferFull", Time since last: 3349331 ns, Reaching safepoint: 25001 ns, At safepoint: 1900 ns, Total: 26901 ns
[1.065s][info ][safepoint      ] Safepoint "ICBufferFull", Time since last: 3538938 ns, Reaching safepoint: 39502 ns, At safepoint: 1600 ns, Total: 41102 ns
[1.072s][info ][safepoint      ] Safepoint "ICBufferFull", Time since last: 7310086 ns, Reaching safepoint: 57902 ns, At safepoint: 3300 ns, Total: 61202 ns
[1.073s][info ][safepoint      ] Safepoint "ICBufferFull", Time since last: 565122 ns, Reaching safepoint: 41502 ns, At safepoint: 3000 ns, Total: 44502 ns
[1.081s][info ][safepoint      ] Safepoint "ICBufferFull", Time since last: 8337226 ns, Reaching safepoint: 107004 ns, At safepoint: 8600 ns, Total: 115604 ns
[1.156s][info ][safepoint      ] Safepoint "ICBufferFull", Time since last: 74493112 ns, Reaching safepoint: 140906 ns, At safepoint: 4500 ns, Total: 145406 ns
[1.158s][info ][safepoint      ] Safepoint "ICBufferFull", Time since last: 1692966 ns, Reaching safepoint: 136005 ns, At safepoint: 8401 ns, Total: 144406 ns
[1.160s][info ][safepoint      ] Safepoint "ICBufferFull", Time since last: 2792709 ns, Reaching safepoint: 35101 ns, At safepoint: 2600 ns, Total: 37701 ns
[1.162s][info ][safepoint      ] Safepoint "ICBufferFull", Time since last: 1231348 ns, Reaching safepoint: 21001 ns, At safepoint: 2000 ns, Total: 23001 ns
[1.163s][info ][safepoint      ] Safepoint "ICBufferFull", Time since last: 1691866 ns, Reaching safepoint: 28402 ns, At safepoint: 2300 ns, Total: 30702 ns
[1.165s][info ][safepoint      ] Safepoint "ICBufferFull", Time since last: 1299550 ns, Reaching safepoint: 24401 ns, At safepoint: 2301 ns, Total: 26702 ns
[1.166s][info ][safepoint      ] Safepoint "ICBufferFull", Time since last: 1715967 ns, Reaching safepoint: 98703 ns, At safepoint: 10901 ns, Total: 109604 ns
[1.168s][info ][safepoint      ] Safepoint "ICBufferFull", Time since last: 1189146 ns, Reaching safepoint: 27201 ns, At safepoint: 2201 ns, Total: 29402 ns
[1.169s][info ][safepoint      ] Safepoint "ICBufferFull", Time since last: 1548460 ns, Reaching safepoint: 46502 ns, At safepoint: 8100 ns, Total: 54602 ns
[1.171s][info ][safepoint      ] Safepoint "ICBufferFull", Time since last: 2120683 ns, Reaching safepoint: 30501 ns, At safepoint: 2800 ns, Total: 33301 ns
[1.173s][info ][safepoint      ] Safepoint "ICBufferFull", Time since last: 1487459 ns, Reaching safepoint: 32901 ns, At safepoint: 2400 ns, Total: 35301 ns
[1.175s][info ][safepoint      ] Safepoint "ICBufferFull", Time since last: 1559561 ns, Reaching safepoint: 31901 ns, At safepoint: 2200 ns, Total: 34101 ns
[1.176s][info ][safepoint      ] Safepoint "ICBufferFull", Time since last: 1060442 ns, Reaching safepoint: 18900 ns, At safepoint: 1900 ns, Total: 20800 ns
[1.177s][info ][safepoint      ] Safepoint "ICBufferFull", Time since last: 1706967 ns, Reaching safepoint: 19601 ns, At safepoint: 1600 ns, Total: 21201 ns
[1.180s][info ][safepoint      ] Safepoint "ICBufferFull", Time since last: 2433495 ns, Reaching safepoint: 36402 ns, At safepoint: 6900 ns, Total: 43302 ns
[1.183s][info ][safepoint      ] Safepoint "ICBufferFull", Time since last: 2627303 ns, Reaching safepoint: 61402 ns, At safepoint: 3000 ns, Total: 64402 ns
[1.196s][info ][safepoint      ] Safepoint "ICBufferFull", Time since last: 13510428 ns, Reaching safepoint: 168807 ns, At safepoint: 4900 ns, Total: 173707 ns
[1.222s][info ][safepoint      ] Safepoint "ICBufferFull", Time since last: 25291089 ns, Reaching safepoint: 103304 ns, At safepoint: 4100 ns, Total: 107404 ns
[1.226s][info ][safepoint      ] Safepoint "ICBufferFull", Time since last: 4540777 ns, Reaching safepoint: 109305 ns, At safepoint: 6100 ns, Total: 115405 ns
[1.269s][info ][safepoint      ] Safepoint "ICBufferFull", Time since last: 42456759 ns, Reaching safepoint: 135806 ns, At safepoint: 10300 ns, Total: 146106 ns
[1.274s][info ][safepoint      ] Safepoint "ICBufferFull", Time since last: 4671083 ns, Reaching safepoint: 64002 ns, At safepoint: 4300 ns, Total: 68302 ns
[1.276s][info ][safepoint      ] Safepoint "ICBufferFull", Time since last: 2371893 ns, Reaching safepoint: 44002 ns, At safepoint: 4400 ns, Total: 48402 ns
[1.318s][info ][safepoint      ] Safepoint "ICBufferFull", Time since last: 42031143 ns, Reaching safepoint: 75403 ns, At safepoint: 14300 ns, Total: 89703 ns
[1.326s][info ][safepoint      ] Safepoint "ICBufferFull", Time since last: 7870108 ns, Reaching safepoint: 50002 ns, At safepoint: 3700 ns, Total: 53702 ns
[1.328s][info ][safepoint      ] Safepoint "ICBufferFull", Time since last: 1458757 ns, Reaching safepoint: 34602 ns, At safepoint: 2300 ns, Total: 36902 ns
[1.329s][info ][safepoint      ] Safepoint "ICBufferFull", Time since last: 1678965 ns, Reaching safepoint: 44302 ns, At safepoint: 2100 ns, Total: 46402 ns
[1.331s][info ][safepoint      ] Safepoint "ICBufferFull", Time since last: 1689566 ns, Reaching safepoint: 25201 ns, At safepoint: 2500 ns, Total: 27701 ns
[1.332s][info ][safepoint      ] Safepoint "ICBufferFull", Time since last: 1333352 ns, Reaching safepoint: 38202 ns, At safepoint: 4100 ns, Total: 42302 ns
[1.335s][info ][safepoint      ] Safepoint "ICBufferFull", Time since last: 2084181 ns, Reaching safepoint: 26601 ns, At safepoint: 10201 ns, Total: 36802 ns
[1.335s][info ][safepoint      ] Safepoint "ICBufferFull", Time since last: 918936 ns, Reaching safepoint: 22401 ns, At safepoint: 3100 ns, Total: 25501 ns
[1.336s][info ][safepoint      ] Safepoint "ICBufferFull", Time since last: 942737 ns, Reaching safepoint: 19700 ns, At safepoint: 2201 ns, Total: 21901 ns
[1.337s][info ][safepoint      ] Safepoint "ICBufferFull", Time since last: 530220 ns, Reaching safepoint: 84204 ns, At safepoint: 5400 ns, Total: 89604 ns
[1.340s][info ][safepoint      ] Safepoint "ICBufferFull", Time since last: 2929614 ns, Reaching safepoint: 34102 ns, At safepoint: 3300 ns, Total: 37402 ns
[1.341s][info ][safepoint      ] Safepoint "ICBufferFull", Time since last: 970038 ns, Reaching safepoint: 24701 ns, At safepoint: 2400 ns, Total: 27101 ns
[1.342s][info ][safepoint      ] Safepoint "ICBufferFull", Time since last: 1129044 ns, Reaching safepoint: 24801 ns, At safepoint: 2600 ns, Total: 27401 ns
[1.343s][info ][safepoint      ] Safepoint "ICBufferFull", Time since last: 1146645 ns, Reaching safepoint: 28201 ns, At safepoint: 2500 ns, Total: 30701 ns
[1.345s][info ][safepoint      ] Safepoint "ICBufferFull", Time since last: 1896974 ns, Reaching safepoint: 35901 ns, At safepoint: 2701 ns, Total: 38602 ns
[1.347s][info ][safepoint      ] Safepoint "ICBufferFull", Time since last: 1848872 ns, Reaching safepoint: 49102 ns, At safepoint: 7300 ns, Total: 56402 ns
[1.349s][info ][safepoint      ] Safepoint "ICBufferFull", Time since last: 1324352 ns, Reaching safepoint: 23701 ns, At safepoint: 5900 ns, Total: 29601 ns
[1.350s][info ][safepoint      ] Safepoint "ICBufferFull", Time since last: 1460957 ns, Reaching safepoint: 110404 ns, At safepoint: 6001 ns, Total: 116405 ns
[1.353s][info ][safepoint      ] Safepoint "ICBufferFull", Time since last: 3224926 ns, Reaching safepoint: 59102 ns, At safepoint: 2900 ns, Total: 62002 ns
[1.356s][info ][safepoint      ] Safepoint "ICBufferFull", Time since last: 2549300 ns, Reaching safepoint: 46902 ns, At safepoint: 4100 ns, Total: 51002 ns
[1.365s][info ][safepoint      ] Safepoint "ICBufferFull", Time since last: 8434929 ns, Reaching safepoint: 75403 ns, At safepoint: 8401 ns, Total: 83804 ns
[1.370s][info ][safepoint      ] Safepoint "ICBufferFull", Time since last: 5075398 ns, Reaching safepoint: 59002 ns, At safepoint: 5501 ns, Total: 64503 ns
[1.372s][info ][safepoint      ] Safepoint "ICBufferFull", Time since last: 2785209 ns, Reaching safepoint: 26701 ns, At safepoint: 3200 ns, Total: 29901 ns
[1.374s][info ][safepoint      ] Safepoint "ICBufferFull", Time since last: 1576061 ns, Reaching safepoint: 25701 ns, At safepoint: 2800 ns, Total: 28501 ns
[1.376s][info ][safepoint      ] Safepoint "ICBufferFull", Time since last: 1780670 ns, Reaching safepoint: 28901 ns, At safepoint: 2400 ns, Total: 31301 ns
[1.376s][info ][safepoint      ] Safepoint "ICBufferFull", Time since last: 530421 ns, Reaching safepoint: 30901 ns, At safepoint: 1700 ns, Total: 32601 ns
[1.378s][info ][safepoint      ] Safepoint "ICBufferFull", Time since last: 1539760 ns, Reaching safepoint: 24901 ns, At safepoint: 1901 ns, Total: 26802 ns
[1.380s][info ][safepoint      ] Safepoint "ICBufferFull", Time since last: 1688466 ns, Reaching safepoint: 38001 ns, At safepoint: 5600 ns, Total: 43601 ns
[1.382s][info ][safepoint      ] Safepoint "ICBufferFull", Time since last: 1715567 ns, Reaching safepoint: 42202 ns, At safepoint: 7200 ns, Total: 49402 ns
[1.385s][info ][safepoint      ] Safepoint "ICBufferFull", Time since last: 3239327 ns, Reaching safepoint: 55402 ns, At safepoint: 3300 ns, Total: 58702 ns
[1.387s][info ][safepoint      ] Safepoint "ICBufferFull", Time since last: 1659365 ns, Reaching safepoint: 29001 ns, At safepoint: 13701 ns, Total: 42702 ns
[1.388s][info ][safepoint      ] Safepoint "ICBufferFull", Time since last: 1586962 ns, Reaching safepoint: 33001 ns, At safepoint: 6100 ns, Total: 39101 ns
[1.390s][info ][safepoint      ] Safepoint "ICBufferFull", Time since last: 2013079 ns, Reaching safepoint: 32501 ns, At safepoint: 32301 ns, Total: 64802 ns
[1.393s][info ][safepoint      ] Safepoint "ICBufferFull", Time since last: 2470997 ns, Reaching safepoint: 40902 ns, At safepoint: 3700 ns, Total: 44602 ns
[1.395s][info ][safepoint      ] Safepoint "ICBufferFull", Time since last: 2640903 ns, Reaching safepoint: 36101 ns, At safepoint: 5001 ns, Total: 41102 ns
[1.398s][info ][safepoint      ] Safepoint "ICBufferFull", Time since last: 2130183 ns, Reaching safepoint: 108704 ns, At safepoint: 7700 ns, Total: 116404 ns
[1.401s][info ][safepoint      ] Safepoint "ICBufferFull", Time since last: 2938215 ns, Reaching safepoint: 60103 ns, At safepoint: 6800 ns, Total: 66903 ns
[1.412s][info ][safepoint      ] Safepoint "ICBufferFull", Time since last: 11673056 ns, Reaching safepoint: 48502 ns, At safepoint: 4100 ns, Total: 52602 ns
[1.414s][info ][safepoint      ] Safepoint "ICBufferFull", Time since last: 1329452 ns, Reaching safepoint: 27201 ns, At safepoint: 2500 ns, Total: 29701 ns
[1.415s][info ][safepoint      ] Safepoint "ICBufferFull", Time since last: 1621564 ns, Reaching safepoint: 22001 ns, At safepoint: 2200 ns, Total: 24201 ns
[1.416s][info ][safepoint      ] Safepoint "ICBufferFull", Time since last: 527620 ns, Reaching safepoint: 23701 ns, At safepoint: 1800 ns, Total: 25501 ns
[1.418s][info ][safepoint      ] Safepoint "ICBufferFull", Time since last: 1868973 ns, Reaching safepoint: 26001 ns, At safepoint: 2400 ns, Total: 28401 ns
[1.422s][info ][safepoint      ] Safepoint "ICBufferFull", Time since last: 3685145 ns, Reaching safepoint: 36101 ns, At safepoint: 2800 ns, Total: 38901 ns
[1.426s][info ][safepoint      ] Safepoint "ICBufferFull", Time since last: 4156063 ns, Reaching safepoint: 58902 ns, At safepoint: 2700 ns, Total: 61602 ns
[1.433s][info ][safepoint      ] Safepoint "ICBufferFull", Time since last: 6727563 ns, Reaching safepoint: 59202 ns, At safepoint: 3100 ns, Total: 62302 ns
[1.434s][info ][safepoint      ] Safepoint "ICBufferFull", Time since last: 1578462 ns, Reaching safepoint: 28001 ns, At safepoint: 2600 ns, Total: 30601 ns
[1.435s][info ][safepoint      ] Safepoint "ICBufferFull", Time since last: 594423 ns, Reaching safepoint: 30902 ns, At safepoint: 2000 ns, Total: 32902 ns
[1.439s][info ][safepoint      ] Safepoint "ICBufferFull", Time since last: 3846050 ns, Reaching safepoint: 36402 ns, At safepoint: 2600 ns, Total: 39002 ns
[1.440s][info ][safepoint      ] Safepoint "ICBufferFull", Time since last: 999839 ns, Reaching safepoint: 30001 ns, At safepoint: 1900 ns, Total: 31901 ns
[1.443s][info ][safepoint      ] Safepoint "ICBufferFull", Time since last: 2861412 ns, Reaching safepoint: 37001 ns, At safepoint: 15701 ns, Total: 52702 ns
[1.443s][info ][safepoint      ] Safepoint "ICBufferFull", Time since last: 689127 ns, Reaching safepoint: 47502 ns, At safepoint: 2000 ns, Total: 49502 ns
[1.446s][info ][safepoint      ] Safepoint "ICBufferFull", Time since last: 2621302 ns, Reaching safepoint: 27401 ns, At safepoint: 2300 ns, Total: 29701 ns
[1.448s][info ][safepoint      ] Safepoint "ICBufferFull", Time since last: 2258289 ns, Reaching safepoint: 21400 ns, At safepoint: 1901 ns, Total: 23301 ns
[1.452s][info ][safepoint      ] Safepoint "ICBufferFull", Time since last: 3393432 ns, Reaching safepoint: 55002 ns, At safepoint: 3500 ns, Total: 58502 ns
[1.454s][info ][safepoint      ] Safepoint "ICBufferFull", Time since last: 2606302 ns, Reaching safepoint: 49102 ns, At safepoint: 3500 ns, Total: 52602 ns
[1.482s][info ][safepoint      ] Safepoint "ICBufferFull", Time since last: 27479175 ns, Reaching safepoint: 59002 ns, At safepoint: 4800 ns, Total: 63802 ns
[1.512s][info ][safepoint      ] Safepoint "ICBufferFull", Time since last: 29531654 ns, Reaching safepoint: 49702 ns, At safepoint: 7201 ns, Total: 56903 ns
[1.513s][info ][safepoint      ] Safepoint "ICBufferFull", Time since last: 1673465 ns, Reaching safepoint: 116305 ns, At safepoint: 7400 ns, Total: 123705 ns
[1.515s][info ][safepoint      ] Safepoint "ICBufferFull", Time since last: 1232348 ns, Reaching safepoint: 52002 ns, At safepoint: 7300 ns, Total: 59302 ns
[1.516s][info ][safepoint      ] Safepoint "ICBufferFull", Time since last: 1156246 ns, Reaching safepoint: 24101 ns, At safepoint: 6500 ns, Total: 30601 ns
[1.517s][info ][safepoint      ] Safepoint "ICBufferFull", Time since last: 811331 ns, Reaching safepoint: 38102 ns, At safepoint: 4000 ns, Total: 42102 ns
[1.519s][info ][safepoint      ] Safepoint "ICBufferFull", Time since last: 1957077 ns, Reaching safepoint: 48002 ns, At safepoint: 2700 ns, Total: 50702 ns
[1.521s][info ][safepoint      ] Safepoint "ICBufferFull", Time since last: 2152984 ns, Reaching safepoint: 55702 ns, At safepoint: 3500 ns, Total: 59202 ns
[1.522s][info ][safepoint      ] Safepoint "ICBufferFull", Time since last: 861134 ns, Reaching safepoint: 21801 ns, At safepoint: 2300 ns, Total: 24101 ns
[1.523s][info ][safepoint      ] Safepoint "ICBufferFull", Time since last: 1045941 ns, Reaching safepoint: 21100 ns, At safepoint: 8301 ns, Total: 29401 ns
[1.526s][info ][safepoint      ] Safepoint "ICBufferFull", Time since last: 3480336 ns, Reaching safepoint: 25701 ns, At safepoint: 4900 ns, Total: 30601 ns
[1.528s][info ][safepoint      ] Safepoint "ICBufferFull", Time since last: 1419955 ns, Reaching safepoint: 54203 ns, At safepoint: 5300 ns, Total: 59503 ns
[1.529s][info ][safepoint      ] Safepoint "ICBufferFull", Time since last: 1149645 ns, Reaching safepoint: 23901 ns, At safepoint: 2400 ns, Total: 26301 ns
[1.531s][info ][safepoint      ] Safepoint "ICBufferFull", Time since last: 1752268 ns, Reaching safepoint: 27501 ns, At safepoint: 3300 ns, Total: 30801 ns
[1.536s][info ][safepoint      ] Safepoint "ICBufferFull", Time since last: 5150402 ns, Reaching safepoint: 45602 ns, At safepoint: 3600 ns, Total: 49202 ns
[1.537s][info ][safepoint      ] Safepoint "ICBufferFull", Time since last: 903335 ns, Reaching safepoint: 33201 ns, At safepoint: 1900 ns, Total: 35101 ns
[1.538s][info ][safepoint      ] Safepoint "ICBufferFull", Time since last: 1405855 ns, Reaching safepoint: 19901 ns, At safepoint: 2200 ns, Total: 22101 ns
[1.539s][info ][safepoint      ] Safepoint "ICBufferFull", Time since last: 521721 ns, Reaching safepoint: 18500 ns, At safepoint: 2400 ns, Total: 20900 ns
[1.541s][info ][safepoint      ] Safepoint "ICBufferFull", Time since last: 1601863 ns, Reaching safepoint: 65503 ns, At safepoint: 3900 ns, Total: 69403 ns
[1.542s][info ][safepoint      ] Safepoint "ICBufferFull", Time since last: 1731167 ns, Reaching safepoint: 40102 ns, At safepoint: 3200 ns, Total: 43302 ns
[1.544s][info ][safepoint      ] Safepoint "ICBufferFull", Time since last: 1399655 ns, Reaching safepoint: 25501 ns, At safepoint: 2700 ns, Total: 28201 ns
[1.545s][info ][safepoint      ] Safepoint "ICBufferFull", Time since last: 1354453 ns, Reaching safepoint: 91203 ns, At safepoint: 6401 ns, Total: 97604 ns
[1.547s][info ][safepoint      ] Safepoint "ICBufferFull", Time since last: 1540860 ns, Reaching safepoint: 22201 ns, At safepoint: 2400 ns, Total: 24601 ns
[1.548s][info ][safepoint      ] Safepoint "ICBufferFull", Time since last: 1500659 ns, Reaching safepoint: 29501 ns, At safepoint: 2400 ns, Total: 31901 ns
[1.550s][info ][safepoint      ] Safepoint "ICBufferFull", Time since last: 1594162 ns, Reaching safepoint: 46202 ns, At safepoint: 2300 ns, Total: 48502 ns
[1.552s][info ][safepoint      ] Safepoint "ICBufferFull", Time since last: 1575962 ns, Reaching safepoint: 33401 ns, At safepoint: 2500 ns, Total: 35901 ns
[1.553s][info ][safepoint      ] Safepoint "ICBufferFull", Time since last: 1494658 ns, Reaching safepoint: 108305 ns, At safepoint: 6100 ns, Total: 114405 ns
[1.555s][info ][safepoint      ] Safepoint "ICBufferFull", Time since last: 1904174 ns, Reaching safepoint: 40502 ns, At safepoint: 3100 ns, Total: 43602 ns
[1.558s][info ][safepoint      ] Safepoint "ICBufferFull", Time since last: 2867612 ns, Reaching safepoint: 121805 ns, At safepoint: 5900 ns, Total: 127705 ns
[1.560s][info ][safepoint      ] Safepoint "ICBufferFull", Time since last: 2092482 ns, Reaching safepoint: 38101 ns, At safepoint: 5901 ns, Total: 44002 ns
[1.562s][info ][safepoint      ] Safepoint "ICBufferFull", Time since last: 1977977 ns, Reaching safepoint: 105304 ns, At safepoint: 8100 ns, Total: 113404 ns
[1.564s][info ][safepoint      ] Safepoint "ICBufferFull", Time since last: 1732168 ns, Reaching safepoint: 122505 ns, At safepoint: 6400 ns, Total: 128905 ns
[1.566s][info ][safepoint      ] Safepoint "ICBufferFull", Time since last: 1775970 ns, Reaching safepoint: 94303 ns, At safepoint: 7701 ns, Total: 102004 ns
[1.567s][info ][safepoint      ] Safepoint "ICBufferFull", Time since last: 1243148 ns, Reaching safepoint: 29101 ns, At safepoint: 2100 ns, Total: 31201 ns
[1.568s][info ][safepoint      ] Safepoint "ICBufferFull", Time since last: 502220 ns, Reaching safepoint: 22401 ns, At safepoint: 1900 ns, Total: 24301 ns
[1.570s][info ][safepoint      ] Safepoint "ICBufferFull", Time since last: 1559661 ns, Reaching safepoint: 27401 ns, At safepoint: 2200 ns, Total: 29601 ns
[1.572s][info ][safepoint      ] Safepoint "ICBufferFull", Time since last: 2384093 ns, Reaching safepoint: 48302 ns, At safepoint: 2500 ns, Total: 50802 ns
[1.573s][info ][safepoint      ] Safepoint "ICBufferFull", Time since last: 1265650 ns, Reaching safepoint: 19900 ns, At safepoint: 1501 ns, Total: 21401 ns
[1.575s][info ][safepoint      ] Safepoint "ICBufferFull", Time since last: 1405154 ns, Reaching safepoint: 20901 ns, At safepoint: 1700 ns, Total: 22601 ns
[1.576s][info ][safepoint      ] Safepoint "ICBufferFull", Time since last: 1577462 ns, Reaching safepoint: 23701 ns, At safepoint: 1900 ns, Total: 25601 ns
[1.578s][info ][safepoint      ] Safepoint "ICBufferFull", Time since last: 1446957 ns, Reaching safepoint: 34301 ns, At safepoint: 2000 ns, Total: 36301 ns
[1.578s][info ][safepoint      ] Safepoint "ICBufferFull", Time since last: 577623 ns, Reaching safepoint: 20000 ns, At safepoint: 1600 ns, Total: 21600 ns
[1.676s][info ][safepoint      ] Safepoint "ICBufferFull", Time since last: 97282100 ns, Reaching safepoint: 152206 ns, At safepoint: 4300 ns, Total: 156506 ns
[2.067s][info ][safepoint      ] Safepoint "ICBufferFull", Time since last: 390880959 ns, Reaching safepoint: 147306 ns, At safepoint: 9100 ns, Total: 156406 ns
[2.094s][info ][gc,start       ] GC(2) Pause Young (Metadata GC Threshold)
[2.125s][debug][gc,phases      ] GC(2) Scavenge 30.548ms
[2.125s][debug][gc,ref         ] GC(2) Skipped phase 1 of Reference Processing: no references
[2.125s][debug][gc,ref         ] GC(2) Skipped phase 3 of Reference Processing: no references
[2.125s][debug][gc,phases      ] GC(2) Reference Processing 0.173ms
[2.126s][debug][gc,phases      ] GC(2) Weak Processing 0.625ms
[2.126s][debug][gc,age         ] GC(2) Desired survivor size 536870912 bytes, new threshold 7 (max threshold 15)
[2.126s][info ][gc,heap        ] GC(2) PSYoungGen: 447331K(1572864K)->50145K(1572864K) Eden: 433923K(1048576K)->0K(1048576K) From: 13407K(524288K)->50145K(524288K)
[2.126s][info ][gc,heap        ] GC(2) ParOldGen: 4671K(6144K)->4687K(6144K)
[2.126s][info ][gc,metaspace   ] GC(2) Metaspace: 35012K(35392K)->35012K(35392K) NonClass: 30635K(30848K)->30635K(30848K) Class: 4376K(4544K)->4376K(4544K)
[2.126s][info ][gc             ] GC(2) Pause Young (Metadata GC Threshold) 441M->53M(1542M) 31.533ms
[2.126s][info ][gc,cpu         ] GC(2) User=0.13s Sys=0.03s Real=0.03s
[2.126s][debug][gc,phases      ] GC(3) Pre Compact 0.009ms
[2.126s][info ][gc,start       ] GC(3) Pause Full (Metadata GC Threshold)
[2.126s][info ][gc,phases,start] GC(3) Marking Phase
[2.142s][debug][gc,phases      ] GC(3) Par Mark 16.598ms
[2.142s][debug][gc,ref         ] GC(3) Skipped phase 1 of Reference Processing: no references
[2.142s][debug][gc,ref         ] GC(3) Skipped phase 3 of Reference Processing: no references
[2.143s][debug][gc,phases      ] GC(3) Reference Processing 0.079ms
[2.143s][debug][gc,phases      ] GC(3) Weak Processing 0.238ms
[2.143s][debug][gc,phases      ] GC(3) ClassLoaderData 0.030ms
[2.143s][debug][gc,phases      ] GC(3) Trigger cleanups 0.000ms
[2.146s][debug][gc,phases      ] GC(3) Class Unloading 3.311ms
[2.146s][info ][gc,phases      ] GC(3) Marking Phase 20.317ms
[2.146s][info ][gc,phases,start] GC(3) Summary Phase
[2.146s][info ][gc,phases      ] GC(3) Summary Phase 0.006ms
[2.146s][info ][gc,phases,start] GC(3) Adjust Roots
[2.154s][info ][gc,phases      ] GC(3) Adjust Roots 8.186ms
[2.154s][info ][gc,phases,start] GC(3) Compaction Phase
[2.251s][info ][gc,phases      ] GC(3) Compaction Phase 96.748ms
[2.251s][info ][gc,phases,start] GC(3) Post Compact
[2.252s][info ][gc,phases      ] GC(3) Post Compact 0.443ms
[2.252s][info ][gc,heap        ] GC(3) PSYoungGen: 50145K(1572864K)->48467K(1572864K) Eden: 0K(1048576K)->0K(1048576K) From: 50145K(524288K)->48467K(524288K)
[2.252s][info ][gc,heap        ] GC(3) ParOldGen: 4687K(6144K)->6134K(6144K)
[2.252s][info ][gc,metaspace   ] GC(3) Metaspace: 35012K(35392K)->35012K(35392K) NonClass: 30635K(30848K)->30635K(30848K) Class: 4376K(4544K)->4376K(4544K)
[2.252s][info ][gc             ] GC(3) Pause Full (Metadata GC Threshold) 53M->53M(1542M) 125.849ms
[2.252s][info ][gc,cpu         ] GC(3) User=0.43s Sys=0.02s Real=0.13s
[2.252s][info ][safepoint      ] Safepoint "CollectForMetadataAllocation", Time since last: 27247864 ns, Reaching safepoint: 69703 ns, At safepoint: 157532649 ns, Total: 157602352 ns
[2.673s][info ][safepoint      ] Safepoint "ICBufferFull", Time since last: 421249642 ns, Reaching safepoint: 351214 ns, At safepoint: 13600 ns, Total: 364814 ns
[2.807s][info ][safepoint      ] Safepoint "ICBufferFull", Time since last: 129507249 ns, Reaching safepoint: 4387571 ns, At safepoint: 32401 ns, Total: 4419972 ns
[2.910s][info ][safepoint      ] Safepoint "ICBufferFull", Time since last: 99549982 ns, Reaching safepoint: 3328229 ns, At safepoint: 29501 ns, Total: 3357730 ns
[2.911s][info ][safepoint      ] Safepoint "ICBufferFull", Time since last: 697228 ns, Reaching safepoint: 107804 ns, At safepoint: 22001 ns, Total: 129805 ns
[3.139s][info ][safepoint      ] Safepoint "ICBufferFull", Time since last: 223809225 ns, Reaching safepoint: 4437573 ns, At safepoint: 24601 ns, Total: 4462174 ns
[3.142s][info ][safepoint      ] Safepoint "ICBufferFull", Time since last: 2509598 ns, Reaching safepoint: 104904 ns, At safepoint: 18801 ns, Total: 123705 ns
[3.142s][info ][safepoint      ] Safepoint "ICBufferFull", Time since last: 33401 ns, Reaching safepoint: 85404 ns, At safepoint: 18500 ns, Total: 103904 ns
[3.142s][info ][safepoint      ] Safepoint "ICBufferFull", Time since last: 34302 ns, Reaching safepoint: 90803 ns, At safepoint: 17601 ns, Total: 108404 ns
[3.336s][info ][safepoint      ] Safepoint "ICBufferFull", Time since last: 193708452 ns, Reaching safepoint: 586823 ns, At safepoint: 33001 ns, Total: 619824 ns
[3.364s][info ][safepoint      ] Safepoint "ICBufferFull", Time since last: 27634177 ns, Reaching safepoint: 155606 ns, At safepoint: 26102 ns, Total: 181708 ns
[3.366s][info ][safepoint      ] Safepoint "ICBufferFull", Time since last: 1971176 ns, Reaching safepoint: 111705 ns, At safepoint: 30501 ns, Total: 142206 ns
[3.368s][info ][safepoint      ] Safepoint "ICBufferFull", Time since last: 1879773 ns, Reaching safepoint: 115805 ns, At safepoint: 33201 ns, Total: 149006 ns
[3.372s][info ][safepoint      ] Safepoint "ICBufferFull", Time since last: 2836311 ns, Reaching safepoint: 591023 ns, At safepoint: 27101 ns, Total: 618124 ns
[3.381s][info ][safepoint      ] Safepoint "ICBufferFull", Time since last: 9258561 ns, Reaching safepoint: 138905 ns, At safepoint: 24701 ns, Total: 163606 ns
[3.387s][info ][safepoint      ] Safepoint "ICBufferFull", Time since last: 1541960 ns, Reaching safepoint: 4298768 ns, At safepoint: 34901 ns, Total: 4333669 ns
[3.391s][info ][safepoint      ] Safepoint "ICBufferFull", Time since last: 3861351 ns, Reaching safepoint: 143605 ns, At safepoint: 31201 ns, Total: 174806 ns
[3.407s][info ][safepoint      ] Safepoint "ICBufferFull", Time since last: 15512705 ns, Reaching safepoint: 143606 ns, At safepoint: 28501 ns, Total: 172107 ns
[3.411s][info ][safepoint      ] Safepoint "ICBufferFull", Time since last: 3657343 ns, Reaching safepoint: 89703 ns, At safepoint: 26201 ns, Total: 115904 ns
[3.413s][info ][safepoint      ] Safepoint "ICBufferFull", Time since last: 1812671 ns, Reaching safepoint: 111704 ns, At safepoint: 25201 ns, Total: 136905 ns
[3.414s][info ][safepoint      ] Safepoint "ICBufferFull", Time since last: 1629064 ns, Reaching safepoint: 186707 ns, At safepoint: 23001 ns, Total: 209708 ns
[3.416s][info ][safepoint      ] Safepoint "ICBufferFull", Time since last: 1501558 ns, Reaching safepoint: 118205 ns, At safepoint: 29301 ns, Total: 147506 ns
[3.418s][info ][safepoint      ] Safepoint "ICBufferFull", Time since last: 1570961 ns, Reaching safepoint: 117105 ns, At safepoint: 25301 ns, Total: 142406 ns
[3.420s][info ][safepoint      ] Safepoint "ICBufferFull", Time since last: 2019379 ns, Reaching safepoint: 99803 ns, At safepoint: 24601 ns, Total: 124404 ns
[3.422s][info ][safepoint      ] Safepoint "ICBufferFull", Time since last: 1520860 ns, Reaching safepoint: 99004 ns, At safepoint: 24101 ns, Total: 123105 ns
[3.424s][info ][safepoint      ] Safepoint "ICBufferFull", Time since last: 2641002 ns, Reaching safepoint: 114805 ns, At safepoint: 20401 ns, Total: 135206 ns
[3.432s][info ][safepoint      ] Safepoint "ICBufferFull", Time since last: 7677599 ns, Reaching safepoint: 140606 ns, At safepoint: 24300 ns, Total: 164906 ns
[3.507s][info ][safepoint      ] Safepoint "ICBufferFull", Time since last: 74211194 ns, Reaching safepoint: 224408 ns, At safepoint: 26902 ns, Total: 251310 ns
[3.597s][info ][safepoint      ] Safepoint "ICBufferFull", Time since last: 89741298 ns, Reaching safepoint: 510820 ns, At safepoint: 29601 ns, Total: 540421 ns
[3.613s][info ][safepoint      ] Safepoint "ICBufferFull", Time since last: 15991424 ns, Reaching safepoint: 131305 ns, At safepoint: 46102 ns, Total: 177407 ns
[3.626s][info ][safepoint      ] Safepoint "ICBufferFull", Time since last: 12803698 ns, Reaching safepoint: 146806 ns, At safepoint: 19601 ns, Total: 166407 ns
[3.637s][info ][safepoint      ] Safepoint "ICBufferFull", Time since last: 10406405 ns, Reaching safepoint: 128405 ns, At safepoint: 25101 ns, Total: 153506 ns
[3.655s][info ][safepoint      ] Safepoint "ICBufferFull", Time since last: 13900841 ns, Reaching safepoint: 4281067 ns, At safepoint: 32701 ns, Total: 4313768 ns
[3.664s][info ][safepoint      ] Safepoint "ICBufferFull", Time since last: 8204919 ns, Reaching safepoint: 531721 ns, At safepoint: 29301 ns, Total: 561022 ns
[3.672s][info ][safepoint      ] Safepoint "ICBufferFull", Time since last: 8275422 ns, Reaching safepoint: 127505 ns, At safepoint: 23501 ns, Total: 151006 ns
[3.696s][info ][safepoint      ] Safepoint "ICBufferFull", Time since last: 24208243 ns, Reaching safepoint: 135805 ns, At safepoint: 31901 ns, Total: 167706 ns
[3.706s][info ][safepoint      ] Safepoint "ICBufferFull", Time since last: 9586174 ns, Reaching safepoint: 255910 ns, At safepoint: 27201 ns, Total: 283111 ns
[3.724s][info ][safepoint      ] Safepoint "ICBufferFull", Time since last: 17280172 ns, Reaching safepoint: 172907 ns, At safepoint: 33602 ns, Total: 206509 ns
[3.743s][info ][safepoint      ] Safepoint "ICBufferFull", Time since last: 19112544 ns, Reaching safepoint: 191807 ns, At safepoint: 29201 ns, Total: 221008 ns
[3.747s][info ][safepoint      ] Safepoint "ICBufferFull", Time since last: 4105960 ns, Reaching safepoint: 131905 ns, At safepoint: 27501 ns, Total: 159406 ns
[3.754s][info ][safepoint      ] Safepoint "ICBufferFull", Time since last: 6459352 ns, Reaching safepoint: 502419 ns, At safepoint: 29902 ns, Total: 532321 ns
[3.769s][info ][safepoint      ] Safepoint "ICBufferFull", Time since last: 14300856 ns, Reaching safepoint: 137206 ns, At safepoint: 29801 ns, Total: 167007 ns
[3.786s][info ][safepoint      ] Safepoint "ICBufferFull", Time since last: 16785553 ns, Reaching safepoint: 698628 ns, At safepoint: 28601 ns, Total: 727229 ns
[3.795s][info ][safepoint      ] Safepoint "ICBufferFull", Time since last: 7879107 ns, Reaching safepoint: 252909 ns, At safepoint: 18801 ns, Total: 271710 ns
[3.795s][info ][safepoint      ] Safepoint "ICBufferFull", Time since last: 104504 ns, Reaching safepoint: 86104 ns, At safepoint: 15900 ns, Total: 102004 ns
[3.801s][info ][safepoint      ] Safepoint "ICBufferFull", Time since last: 5943732 ns, Reaching safepoint: 297811 ns, At safepoint: 21301 ns, Total: 319112 ns
[3.814s][info ][safepoint      ] Safepoint "ICBufferFull", Time since last: 13358120 ns, Reaching safepoint: 47002 ns, At safepoint: 6700 ns, Total: 53702 ns
[3.815s][info ][safepoint      ] Safepoint "ICBufferFull", Time since last: 93904 ns, Reaching safepoint: 96804 ns, At safepoint: 21900 ns, Total: 118704 ns
[3.818s][info ][safepoint      ] Safepoint "ICBufferFull", Time since last: 3653643 ns, Reaching safepoint: 100704 ns, At safepoint: 17600 ns, Total: 118304 ns
[3.819s][info ][safepoint      ] Safepoint "ICBufferFull", Time since last: 69803 ns, Reaching safepoint: 107904 ns, At safepoint: 17801 ns, Total: 125705 ns
[3.819s][info ][safepoint      ] Safepoint "ICBufferFull", Time since last: 73803 ns, Reaching safepoint: 91403 ns, At safepoint: 19101 ns, Total: 110504 ns
[3.829s][info ][safepoint      ] Safepoint "ICBufferFull", Time since last: 9946487 ns, Reaching safepoint: 136906 ns, At safepoint: 26601 ns, Total: 163507 ns
[3.829s][info ][safepoint      ] Safepoint "ICBufferFull", Time since last: 65302 ns, Reaching safepoint: 88704 ns, At safepoint: 23801 ns, Total: 112505 ns
[3.839s][info ][safepoint      ] Safepoint "ICBufferFull", Time since last: 5934031 ns, Reaching safepoint: 4292767 ns, At safepoint: 41501 ns, Total: 4334268 ns
[3.846s][info ][safepoint      ] Safepoint "ICBufferFull", Time since last: 6103638 ns, Reaching safepoint: 90604 ns, At safepoint: 30401 ns, Total: 121005 ns
[3.858s][info ][safepoint      ] Safepoint "ICBufferFull", Time since last: 9413266 ns, Reaching safepoint: 3241727 ns, At safepoint: 34301 ns, Total: 3276028 ns
[3.865s][info ][safepoint      ] Safepoint "ICBufferFull", Time since last: 6796865 ns, Reaching safepoint: 134905 ns, At safepoint: 30701 ns, Total: 165606 ns
[3.877s][info ][safepoint      ] Safepoint "ICBufferFull", Time since last: 11621552 ns, Reaching safepoint: 157207 ns, At safepoint: 34001 ns, Total: 191208 ns
[3.883s][info ][safepoint      ] Safepoint "ICBufferFull", Time since last: 5545016 ns, Reaching safepoint: 129005 ns, At safepoint: 23501 ns, Total: 152506 ns
[3.888s][info ][safepoint      ] Safepoint "ICBufferFull", Time since last: 5030396 ns, Reaching safepoint: 258610 ns, At safepoint: 20501 ns, Total: 279111 ns
[3.892s][info ][safepoint      ] Safepoint "ICBufferFull", Time since last: 3550838 ns, Reaching safepoint: 196307 ns, At safepoint: 20901 ns, Total: 217208 ns
[3.898s][info ][safepoint      ] Safepoint "ICBufferFull", Time since last: 5634920 ns, Reaching safepoint: 261810 ns, At safepoint: 24801 ns, Total: 286611 ns
[3.907s][info ][safepoint      ] Safepoint "ICBufferFull", Time since last: 7350686 ns, Reaching safepoint: 2148084 ns, At safepoint: 31701 ns, Total: 2179785 ns
[3.917s][info ][safepoint      ] Safepoint "ICBufferFull", Time since last: 6435350 ns, Reaching safepoint: 3207025 ns, At safepoint: 25701 ns, Total: 3232726 ns
[3.923s][info ][safepoint      ] Safepoint "ICBufferFull", Time since last: 6407750 ns, Reaching safepoint: 118204 ns, At safepoint: 28601 ns, Total: 146805 ns
[3.931s][debug][gc,phases      ] GC(4) Pre Compact 0.027ms
[3.931s][info ][gc,start       ] GC(4) Pause Full (Ergonomics)
[3.931s][info ][gc,phases,start] GC(4) Marking Phase
[4.027s][debug][gc,phases      ] GC(4) Par Mark 95.818ms
[4.027s][debug][gc,ref         ] GC(4) Skipped phase 1 of Reference Processing: no references
[4.027s][debug][gc,ref         ] GC(4) Skipped phase 3 of Reference Processing: no references
[4.027s][debug][gc,phases      ] GC(4) Reference Processing 0.739ms
[4.028s][debug][gc,phases      ] GC(4) Weak Processing 0.483ms
[4.028s][debug][gc,phases      ] GC(4) ClassLoaderData 0.163ms
[4.028s][debug][gc,phases      ] GC(4) Trigger cleanups 0.001ms
[4.039s][debug][gc,phases      ] GC(4) Class Unloading 10.744ms
[4.039s][info ][gc,phases      ] GC(4) Marking Phase 107.954ms
[4.039s][info ][gc,phases,start] GC(4) Summary Phase
[4.039s][info ][gc,phases      ] GC(4) Summary Phase 0.032ms
[4.039s][info ][gc,phases,start] GC(4) Adjust Roots
[4.055s][info ][gc,phases      ] GC(4) Adjust Roots 16.255ms
[4.055s][info ][gc,phases,start] GC(4) Compaction Phase
[4.284s][info ][gc,phases      ] GC(4) Compaction Phase 228.832ms
[4.284s][info ][gc,phases,start] GC(4) Post Compact
[4.288s][info ][gc,phases      ] GC(4) Post Compact 3.613ms
[4.288s][info ][gc,heap        ] GC(4) PSYoungGen: 1097043K(1572864K)->149969K(1572864K) Eden: 1048576K(1048576K)->149969K(1048576K) From: 48467K(524288K)->0K(524288K)
[4.288s][info ][gc,heap        ] GC(4) ParOldGen: 6134K(6144K)->6083K(18432K)
[4.288s][info ][gc,metaspace   ] GC(4) Metaspace: 49244K(49728K)->49221K(49728K) NonClass: 42136K(42368K)->42120K(42368K) Class: 7108K(7360K)->7101K(7360K)
[4.288s][info ][gc             ] GC(4) Pause Full (Ergonomics) 1077M->152M(1554M) 356.944ms
[4.288s][info ][gc,cpu         ] GC(4) User=1.24s Sys=0.01s Real=0.36s
[4.295s][info ][safepoint      ] Safepoint "ParallelGCFailedAllocation", Time since last: 7008373 ns, Reaching safepoint: 121605 ns, At safepoint: 364453890 ns, Total: 364575495 ns
[4.296s][info ][safepoint      ] Safepoint "ICBufferFull", Time since last: 105504 ns, Reaching safepoint: 663926 ns, At safepoint: 29601 ns, Total: 693527 ns
[4.298s][info ][safepoint      ] Safepoint "ICBufferFull", Time since last: 1704867 ns, Reaching safepoint: 312112 ns, At safepoint: 357914 ns, Total: 670026 ns
[4.303s][info ][safepoint      ] Safepoint "ICBufferFull", Time since last: 4246565 ns, Reaching safepoint: 335713 ns, At safepoint: 20501 ns, Total: 356214 ns
[4.304s][info ][safepoint      ] Safepoint "ICBufferFull", Time since last: 135405 ns, Reaching safepoint: 703428 ns, At safepoint: 15500 ns, Total: 718928 ns
[4.318s][info ][safepoint      ] Safepoint "ICBufferFull", Time since last: 14382660 ns, Reaching safepoint: 153906 ns, At safepoint: 29202 ns, Total: 183108 ns
[4.318s][info ][safepoint      ] Safepoint "ICBufferFull", Time since last: 86303 ns, Reaching safepoint: 87903 ns, At safepoint: 19401 ns, Total: 107304 ns
[4.322s][info ][safepoint      ] Safepoint "ICBufferFull", Time since last: 3041118 ns, Reaching safepoint: 331213 ns, At safepoint: 585923 ns, Total: 917136 ns
[4.326s][info ][safepoint      ] Safepoint "ICBufferFull", Time since last: 3145823 ns, Reaching safepoint: 116704 ns, At safepoint: 22201 ns, Total: 138905 ns
[4.334s][info ][safepoint      ] Safepoint "ICBufferFull", Time since last: 5678721 ns, Reaching safepoint: 2248888 ns, At safepoint: 441117 ns, Total: 2690005 ns
[4.350s][info ][safepoint      ] Safepoint "ICBufferFull", Time since last: 15393099 ns, Reaching safepoint: 144506 ns, At safepoint: 26801 ns, Total: 171307 ns
[4.354s][info ][safepoint      ] Safepoint "ICBufferFull", Time since last: 3939053 ns, Reaching safepoint: 119505 ns, At safepoint: 20601 ns, Total: 140106 ns
[4.357s][info ][safepoint      ] Safepoint "ICBufferFull", Time since last: 3356030 ns, Reaching safepoint: 251310 ns, At safepoint: 26701 ns, Total: 278011 ns
[4.362s][info ][safepoint      ] Safepoint "ICBufferFull", Time since last: 3973155 ns, Reaching safepoint: 148506 ns, At safepoint: 40101 ns, Total: 188607 ns
[4.362s][info ][safepoint      ] Safepoint "ICBufferFull", Time since last: 54402 ns, Reaching safepoint: 99604 ns, At safepoint: 36602 ns, Total: 136206 ns
[4.366s][info ][safepoint      ] Safepoint "ICBufferFull", Time since last: 3646842 ns, Reaching safepoint: 917735 ns, At safepoint: 22201 ns, Total: 939936 ns
[4.379s][info ][safepoint      ] Safepoint "ICBufferFull", Time since last: 12099971 ns, Reaching safepoint: 103704 ns, At safepoint: 27401 ns, Total: 131105 ns
[4.387s][info ][safepoint      ] Safepoint "ICBufferFull", Time since last: 8610636 ns, Reaching safepoint: 118804 ns, At safepoint: 24601 ns, Total: 143405 ns
[4.394s][info ][safepoint      ] Safepoint "ICBufferFull", Time since last: 6502654 ns, Reaching safepoint: 146605 ns, At safepoint: 16701 ns, Total: 163306 ns
[4.395s][info ][safepoint      ] Safepoint "ICBufferFull", Time since last: 487519 ns, Reaching safepoint: 91603 ns, At safepoint: 21701 ns, Total: 113304 ns
[4.397s][info ][safepoint      ] Safepoint "ICBufferFull", Time since last: 1881774 ns, Reaching safepoint: 112604 ns, At safepoint: 19601 ns, Total: 132205 ns
[4.398s][info ][safepoint      ] Safepoint "ICBufferFull", Time since last: 1702766 ns, Reaching safepoint: 89803 ns, At safepoint: 15201 ns, Total: 105004 ns
[4.402s][info ][safepoint      ] Safepoint "ICBufferFull", Time since last: 3546838 ns, Reaching safepoint: 117405 ns, At safepoint: 21501 ns, Total: 138906 ns
[4.406s][info ][safepoint      ] Safepoint "ICBufferFull", Time since last: 3341730 ns, Reaching safepoint: 106904 ns, At safepoint: 26701 ns, Total: 133605 ns
[4.487s][info ][safepoint      ] Safepoint "ICBufferFull", Time since last: 77330311 ns, Reaching safepoint: 4343269 ns, At safepoint: 30001 ns, Total: 4373270 ns
[4.499s][info ][safepoint      ] Safepoint "ICBufferFull", Time since last: 11658254 ns, Reaching safepoint: 332013 ns, At safepoint: 24301 ns, Total: 356314 ns
[4.526s][info ][gc,start       ] GC(5) Pause Young (Allocation Failure)
[4.625s][debug][gc,phases      ] GC(5) Scavenge 98.241ms
[4.625s][debug][gc,ref         ] GC(5) Skipped phase 1 of Reference Processing: no references
[4.625s][debug][gc,ref         ] GC(5) Skipped phase 3 of Reference Processing: no references
[4.625s][debug][gc,phases      ] GC(5) Reference Processing 0.180ms
[4.626s][debug][gc,phases      ] GC(5) Weak Processing 1.433ms
[4.626s][debug][gc,age         ] GC(5) Desired survivor size 536870912 bytes, new threshold 7 (max threshold 15)
[4.626s][info ][gc,heap        ] GC(5) PSYoungGen: 1048576K(1572864K)->156384K(1572864K) Eden: 1048576K(1048576K)->0K(1048576K) From: 0K(524288K)->156384K(524288K)
[4.626s][info ][gc,heap        ] GC(5) ParOldGen: 6083K(18432K)->6091K(18432K)
[4.626s][info ][gc,metaspace   ] GC(5) Metaspace: 50261K(50752K)->50261K(50752K) NonClass: 43004K(43264K)->43004K(43264K) Class: 7257K(7488K)->7257K(7488K)
[4.626s][info ][gc             ] GC(5) Pause Young (Allocation Failure) 1029M->158M(1554M) 100.023ms
[4.626s][info ][gc,cpu         ] GC(5) User=0.32s Sys=0.07s Real=0.10s
[4.627s][info ][safepoint      ] Safepoint "ParallelGCFailedAllocation", Time since last: 26730941 ns, Reaching safepoint: 415216 ns, At safepoint: 100136798 ns, Total: 100552014 ns
[4.946s][info ][gc,start       ] GC(6) Pause Young (Allocation Failure)
[5.032s][debug][gc,phases      ] GC(6) Scavenge 86.106ms
[5.032s][debug][gc,ref         ] GC(6) Skipped phase 1 of Reference Processing: no references
[5.032s][debug][gc,ref         ] GC(6) Skipped phase 3 of Reference Processing: no references
[5.032s][debug][gc,phases      ] GC(6) Reference Processing 0.251ms
[5.034s][debug][gc,phases      ] GC(6) Weak Processing 1.459ms
[5.034s][debug][gc,age         ] GC(6) Desired survivor size 536870912 bytes, new threshold 7 (max threshold 15)
[5.034s][info ][gc,heap        ] GC(6) PSYoungGen: 1204960K(1572864K)->166998K(1572864K) Eden: 1048576K(1048576K)->0K(1048576K) From: 156384K(524288K)->166998K(524288K)
[5.034s][info ][gc,heap        ] GC(6) ParOldGen: 6091K(18432K)->6099K(18432K)
[5.034s][info ][gc,metaspace   ] GC(6) Metaspace: 52766K(53248K)->52766K(53248K) NonClass: 45012K(45248K)->45012K(45248K) Class: 7753K(8000K)->7753K(8000K)
[5.034s][info ][gc             ] GC(6) Pause Young (Allocation Failure) 1182M->169M(1554M) 87.959ms
[5.034s][info ][gc,cpu         ] GC(6) User=0.23s Sys=0.11s Real=0.09s
[5.034s][info ][safepoint      ] Safepoint "ParallelGCFailedAllocation", Time since last: 319151310 ns, Reaching safepoint: 212908 ns, At safepoint: 88061124 ns, Total: 88274032 ns
[5.426s][info ][gc,start       ] GC(7) Pause Young (Allocation Failure)
[5.497s][debug][gc,phases      ] GC(7) Scavenge 71.565ms
[5.498s][debug][gc,ref         ] GC(7) Skipped phase 1 of Reference Processing: no references
[5.498s][debug][gc,ref         ] GC(7) Skipped phase 3 of Reference Processing: no references
[5.498s][debug][gc,phases      ] GC(7) Reference Processing 0.219ms
[5.499s][debug][gc,phases      ] GC(7) Weak Processing 1.534ms
[5.499s][debug][gc,age         ] GC(7) Desired survivor size 253755392 bytes, new threshold 8 (max threshold 15)
[5.499s][info ][gc,heap        ] GC(7) PSYoungGen: 1215574K(1572864K)->170746K(1849344K) Eden: 1048576K(1048576K)->0K(1325056K) From: 166998K(524288K)->170746K(524288K)
[5.499s][info ][gc,heap        ] GC(7) ParOldGen: 6099K(18432K)->6107K(18432K)
[5.499s][info ][gc,metaspace   ] GC(7) Metaspace: 53632K(54080K)->53632K(54080K) NonClass: 45784K(46016K)->45784K(46016K) Class: 7848K(8064K)->7848K(8064K)
[5.499s][info ][gc             ] GC(7) Pause Young (Allocation Failure) 1193M->172M(1824M) 73.467ms
[5.499s][info ][gc,cpu         ] GC(7) User=0.28s Sys=0.01s Real=0.08s
[5.499s][info ][safepoint      ] Safepoint "ParallelGCFailedAllocation", Time since last: 391697931 ns, Reaching safepoint: 206808 ns, At safepoint: 73582462 ns, Total: 73789270 ns
[5.955s][info ][gc,start       ] GC(8) Pause Young (Allocation Failure)
[6.048s][debug][gc,phases      ] GC(8) Scavenge 93.583ms
[6.048s][debug][gc,ref         ] GC(8) Skipped phase 1 of Reference Processing: no references
[6.049s][debug][gc,ref         ] GC(8) Skipped phase 3 of Reference Processing: no references
[6.049s][debug][gc,phases      ] GC(8) Reference Processing 0.215ms
[6.050s][debug][gc,phases      ] GC(8) Weak Processing 1.341ms
[6.050s][debug][gc,age         ] GC(8) Desired survivor size 270008320 bytes, new threshold 9 (max threshold 15)
[6.050s][info ][gc,heap        ] GC(8) PSYoungGen: 1495802K(1849344K)->179426K(1572864K) Eden: 1325056K(1325056K)->0K(1325056K) From: 170746K(524288K)->179426K(247808K)
[6.050s][info ][gc,heap        ] GC(8) ParOldGen: 6107K(18432K)->6115K(18432K)
[6.050s][info ][gc,metaspace   ] GC(8) Metaspace: 53747K(54272K)->53747K(54272K) NonClass: 45899K(46208K)->45899K(46208K) Class: 7848K(8064K)->7848K(8064K)
[6.050s][info ][gc             ] GC(8) Pause Young (Allocation Failure) 1466M->181M(1554M) 95.309ms
[6.050s][info ][gc,cpu         ] GC(8) User=0.37s Sys=0.04s Real=0.09s
[6.050s][info ][safepoint      ] Safepoint "ParallelGCFailedAllocation", Time since last: 455041876 ns, Reaching safepoint: 139606 ns, At safepoint: 95425205 ns, Total: 95564811 ns
[6.350s][info ][gc,start       ] GC(9) Pause Young (Allocation Failure)
[6.449s][debug][gc,phases      ] GC(9) Scavenge 99.463ms
[6.449s][debug][gc,ref         ] GC(9) Skipped phase 1 of Reference Processing: no references
[6.450s][debug][gc,ref         ] GC(9) Skipped phase 3 of Reference Processing: no references
[6.450s][debug][gc,phases      ] GC(9) Reference Processing 0.219ms
[6.451s][debug][gc,phases      ] GC(9) Weak Processing 1.619ms
[6.451s][debug][gc,age         ] GC(9) Desired survivor size 281018368 bytes, new threshold 10 (max threshold 15)
[6.451s][info ][gc,heap        ] GC(9) PSYoungGen: 1504482K(1572864K)->183834K(1811968K) Eden: 1325056K(1325056K)->0K(1548288K) From: 179426K(247808K)->183834K(263680K)
[6.451s][info ][gc,heap        ] GC(9) ParOldGen: 6115K(18432K)->6123K(18432K)
[6.451s][info ][gc,metaspace   ] GC(9) Metaspace: 53903K(54336K)->53903K(54336K) NonClass: 46027K(46272K)->46027K(46272K) Class: 7876K(8064K)->7876K(8064K)
[6.451s][info ][gc             ] GC(9) Pause Young (Allocation Failure) 1475M->185M(1787M) 101.619ms
[6.451s][info ][gc,cpu         ] GC(9) User=0.40s Sys=0.09s Real=0.10s
[6.452s][info ][safepoint      ] Safepoint "ParallelGCFailedAllocation", Time since last: 299585834 ns, Reaching safepoint: 147406 ns, At safepoint: 101732651 ns, Total: 101880057 ns
[6.813s][info ][safepoint      ] Safepoint "ICBufferFull", Time since last: 361066311 ns, Reaching safepoint: 298212 ns, At safepoint: 23000 ns, Total: 321212 ns
[6.822s][info ][gc,start       ] GC(10) Pause Young (Allocation Failure)
[6.903s][debug][gc,phases      ] GC(10) Scavenge 80.870ms
[6.903s][debug][gc,ref         ] GC(10) Skipped phase 1 of Reference Processing: no references
[6.903s][debug][gc,ref         ] GC(10) Skipped phase 3 of Reference Processing: no references
[6.903s][debug][gc,phases      ] GC(10) Reference Processing 0.244ms
[6.905s][debug][gc,phases      ] GC(10) Weak Processing 1.550ms
[6.905s][debug][gc,age         ] GC(10) Desired survivor size 285212672 bytes, new threshold 11 (max threshold 15)
[6.905s][info ][gc,heap        ] GC(10) PSYoungGen: 1732122K(1811968K)->179603K(1728000K) Eden: 1548288K(1548288K)->0K(1548288K) From: 183834K(263680K)->179603K(179712K)
[6.905s][info ][gc,heap        ] GC(10) ParOldGen: 6123K(18432K)->6131K(18432K)
[6.905s][info ][gc,metaspace   ] GC(10) Metaspace: 55152K(55680K)->55152K(55680K) NonClass: 47105K(47424K)->47105K(47424K) Class: 8046K(8256K)->8046K(8256K)
[6.905s][info ][gc             ] GC(10) Pause Young (Allocation Failure) 1697M->181M(1705M) 82.808ms
[6.905s][info ][gc,cpu         ] GC(10) User=0.28s Sys=0.04s Real=0.08s
[6.905s][info ][safepoint      ] Safepoint "ParallelGCFailedAllocation", Time since last: 8818642 ns, Reaching safepoint: 147206 ns, At safepoint: 82927516 ns, Total: 83074722 ns
[7.353s][info ][gc,start       ] GC(11) Pause Young (Allocation Failure)
[7.432s][debug][gc,phases      ] GC(11) Scavenge 78.636ms
[7.432s][debug][gc,ref         ] GC(11) Skipped phase 1 of Reference Processing: no references
[7.432s][debug][gc,ref         ] GC(11) Skipped phase 3 of Reference Processing: no references
[7.432s][debug][gc,phases      ] GC(11) Reference Processing 0.240ms
[7.434s][debug][gc,phases      ] GC(11) Weak Processing 1.532ms
[7.434s][debug][gc,age         ] GC(11) Desired survivor size 285736960 bytes, new threshold 12 (max threshold 15)
[7.434s][info ][gc,heap        ] GC(11) PSYoungGen: 1727891K(1728000K)->177027K(1817600K) Eden: 1548288K(1548288K)->0K(1539072K) From: 179603K(179712K)->177027K(278528K)
[7.434s][info ][gc,heap        ] GC(11) ParOldGen: 6131K(18432K)->6139K(18432K)
[7.434s][info ][gc,metaspace   ] GC(11) Metaspace: 55688K(56192K)->55688K(56192K) NonClass: 47588K(47872K)->47588K(47872K) Class: 8100K(8320K)->8100K(8320K)
[7.434s][info ][gc             ] GC(11) Pause Young (Allocation Failure) 1693M->178M(1793M) 80.602ms
[7.434s][info ][gc,cpu         ] GC(11) User=0.40s Sys=0.00s Real=0.08s
[7.434s][info ][safepoint      ] Safepoint "ParallelGCFailedAllocation", Time since last: 448123980 ns, Reaching safepoint: 322312 ns, At safepoint: 80750932 ns, Total: 81073244 ns
[7.878s][info ][gc,start       ] GC(12) Pause Young (Allocation Failure)
[7.957s][debug][gc,phases      ] GC(12) Scavenge 79.598ms
[7.958s][debug][gc,ref         ] GC(12) Skipped phase 1 of Reference Processing: no references
[7.958s][debug][gc,ref         ] GC(12) Skipped phase 3 of Reference Processing: no references
[7.958s][debug][gc,phases      ] GC(12) Reference Processing 0.409ms
[7.960s][debug][gc,phases      ] GC(12) Weak Processing 1.953ms
[7.960s][debug][gc,age         ] GC(12) Desired survivor size 285736960 bytes, new threshold 13 (max threshold 15)
[7.960s][info ][gc,heap        ] GC(12) PSYoungGen: 1716099K(1817600K)->178658K(1818112K) Eden: 1539072K(1539072K)->0K(1539072K) From: 177027K(278528K)->178658K(279040K)
[7.960s][info ][gc,heap        ] GC(12) ParOldGen: 6139K(18432K)->6147K(18432K)
[7.960s][info ][gc,metaspace   ] GC(12) Metaspace: 55996K(56512K)->55996K(56512K) NonClass: 47864K(48128K)->47864K(48128K) Class: 8132K(8384K)->8132K(8384K)
[7.960s][info ][gc             ] GC(12) Pause Young (Allocation Failure) 1681M->180M(1793M) 82.131ms
[7.960s][info ][gc,cpu         ] GC(12) User=0.34s Sys=0.00s Real=0.08s
[7.960s][info ][safepoint      ] Safepoint "ParallelGCFailedAllocation", Time since last: 443602891 ns, Reaching safepoint: 223308 ns, At safepoint: 82260286 ns, Total: 82483594 ns
[8.291s][info ][gc,start       ] GC(13) Pause Young (Allocation Failure)
[8.365s][debug][gc,phases      ] GC(13) Scavenge 73.418ms
[8.365s][debug][gc,ref         ] GC(13) Skipped phase 1 of Reference Processing: no references
[8.365s][debug][gc,ref         ] GC(13) Skipped phase 3 of Reference Processing: no references
[8.365s][debug][gc,phases      ] GC(13) Reference Processing 0.225ms
[8.367s][debug][gc,phases      ] GC(13) Weak Processing 1.520ms
[8.367s][debug][gc,age         ] GC(13) Desired survivor size 285212672 bytes, new threshold 13 (max threshold 15)
[8.367s][info ][gc,heap        ] GC(13) PSYoungGen: 1717730K(1818112K)->179682K(1818624K) Eden: 1539072K(1539072K)->0K(1539584K) From: 178658K(279040K)->179682K(279040K)
[8.367s][info ][gc,heap        ] GC(13) ParOldGen: 6147K(18432K)->6155K(18432K)
[8.367s][info ][gc,metaspace   ] GC(13) Metaspace: 56012K(56576K)->56012K(56576K) NonClass: 47878K(48192K)->47878K(48192K) Class: 8134K(8384K)->8134K(8384K)
[8.367s][info ][gc             ] GC(13) Pause Young (Allocation Failure) 1683M->181M(1794M) 75.313ms
[8.367s][info ][gc,cpu         ] GC(13) User=0.29s Sys=0.01s Real=0.08s
[8.367s][info ][safepoint      ] Safepoint "ParallelGCFailedAllocation", Time since last: 331048723 ns, Reaching safepoint: 234109 ns, At safepoint: 75425621 ns, Total: 75659730 ns
[8.744s][info ][gc,start       ] GC(14) Pause Young (Allocation Failure)
[8.820s][debug][gc,phases      ] GC(14) Scavenge 75.802ms
[8.820s][debug][gc,ref         ] GC(14) Skipped phase 1 of Reference Processing: no references
[8.820s][debug][gc,ref         ] GC(14) Skipped phase 3 of Reference Processing: no references
[8.820s][debug][gc,phases      ] GC(14) Reference Processing 0.236ms
[8.822s][debug][gc,phases      ] GC(14) Weak Processing 1.448ms
[8.822s][debug][gc,age         ] GC(14) Desired survivor size 284164096 bytes, new threshold 13 (max threshold 15)
[8.822s][info ][gc,heap        ] GC(14) PSYoungGen: 1719266K(1818624K)->181850K(1818112K) Eden: 1539584K(1539584K)->0K(1539584K) From: 179682K(279040K)->181850K(278528K)
[8.822s][info ][gc,heap        ] GC(14) ParOldGen: 6155K(18432K)->6155K(18432K)
[8.822s][info ][gc,metaspace   ] GC(14) Metaspace: 56019K(56576K)->56019K(56576K) NonClass: 47885K(48192K)->47885K(48192K) Class: 8134K(8384K)->8134K(8384K)
[8.822s][info ][gc             ] GC(14) Pause Young (Allocation Failure) 1684M->183M(1793M) 77.644ms
[8.822s][info ][gc,cpu         ] GC(14) User=0.31s Sys=0.00s Real=0.08s
[8.822s][info ][safepoint      ] Safepoint "ParallelGCFailedAllocation", Time since last: 377192103 ns, Reaching safepoint: 229509 ns, At safepoint: 77756107 ns, Total: 77985616 ns
[9.222s][info ][gc,start       ] GC(15) Pause Young (Allocation Failure)
[9.293s][debug][gc,phases      ] GC(15) Scavenge 71.000ms
[9.293s][debug][gc,ref         ] GC(15) Skipped phase 1 of Reference Processing: no references
[9.293s][debug][gc,ref         ] GC(15) Skipped phase 3 of Reference Processing: no references
[9.293s][debug][gc,phases      ] GC(15) Reference Processing 0.225ms
[9.295s][debug][gc,phases      ] GC(15) Weak Processing 1.656ms
[9.295s][debug][gc,age         ] GC(15) Desired survivor size 283639808 bytes, new threshold 13 (max threshold 15)
[9.295s][info ][gc,heap        ] GC(15) PSYoungGen: 1721434K(1818112K)->183747K(1820160K) Eden: 1539584K(1539584K)->0K(1542656K) From: 181850K(278528K)->183747K(277504K)
[9.295s][info ][gc,heap        ] GC(15) ParOldGen: 6155K(18432K)->6163K(18432K)
[9.295s][info ][gc,metaspace   ] GC(15) Metaspace: 56040K(56576K)->56040K(56576K) NonClass: 47903K(48192K)->47903K(48192K) Class: 8136K(8384K)->8136K(8384K)
[9.295s][info ][gc             ] GC(15) Pause Young (Allocation Failure) 1687M->185M(1795M) 73.026ms
[9.295s][info ][gc,cpu         ] GC(15) User=0.28s Sys=0.00s Real=0.08s
[9.295s][info ][safepoint      ] Safepoint "ParallelGCFailedAllocation", Time since last: 399681461 ns, Reaching safepoint: 195807 ns, At safepoint: 73133729 ns, Total: 73329536 ns
[9.669s][info ][gc,start       ] GC(16) Pause Young (Allocation Failure)
[9.749s][debug][gc,phases      ] GC(16) Scavenge 79.369ms
[9.749s][debug][gc,ref         ] GC(16) Skipped phase 1 of Reference Processing: no references
[9.749s][debug][gc,ref         ] GC(16) Skipped phase 3 of Reference Processing: no references
[9.749s][debug][gc,phases      ] GC(16) Reference Processing 0.212ms
[9.750s][debug][gc,phases      ] GC(16) Weak Processing 1.436ms
[9.750s][debug][gc,age         ] GC(16) Desired survivor size 277872640 bytes, new threshold 13 (max threshold 15)
[9.750s][info ][gc,heap        ] GC(16) PSYoungGen: 1726403K(1820160K)->173198K(1819648K) Eden: 1542656K(1542656K)->0K(1542656K) From: 183747K(277504K)->173198K(276992K)
[9.750s][info ][gc,heap        ] GC(16) ParOldGen: 6163K(18432K)->19069K(29184K)
[9.750s][info ][gc,metaspace   ] GC(16) Metaspace: 56054K(56576K)->56054K(56576K) NonClass: 47917K(48192K)->47917K(48192K) Class: 8137K(8384K)->8137K(8384K)
[9.750s][info ][gc             ] GC(16) Pause Young (Allocation Failure) 1691M->187M(1805M) 81.170ms
[9.750s][info ][gc,cpu         ] GC(16) User=0.32s Sys=0.00s Real=0.08s
[9.751s][info ][safepoint      ] Safepoint "ParallelGCFailedAllocation", Time since last: 374109068 ns, Reaching safepoint: 174907 ns, At safepoint: 81283240 ns, Total: 81458147 ns
[10.146s][info ][gc,start       ] GC(17) Pause Young (Allocation Failure)
[10.229s][debug][gc,phases      ] GC(17) Scavenge 82.986ms
[10.229s][debug][gc,ref         ] GC(17) Skipped phase 1 of Reference Processing: no references
[10.229s][debug][gc,ref         ] GC(17) Skipped phase 3 of Reference Processing: no references
[10.229s][debug][gc,phases      ] GC(17) Reference Processing 0.239ms
[10.231s][debug][gc,phases      ] GC(17) Weak Processing 1.415ms
[10.231s][debug][gc,age         ] GC(17) Desired survivor size 268959744 bytes, new threshold 13 (max threshold 15)
[10.231s][info ][gc,heap        ] GC(17) PSYoungGen: 1715854K(1819648K)->139893K(1834496K) Eden: 1542656K(1542656K)->0K(1563136K) From: 173198K(276992K)->139893K(271360K)
[10.231s][info ][gc,heap        ] GC(17) ParOldGen: 19069K(29184K)->53990K(54784K)
[10.231s][info ][gc,metaspace   ] GC(17) Metaspace: 57433K(57920K)->57433K(57920K) NonClass: 49081K(49344K)->49081K(49344K) Class: 8352K(8576K)->8352K(8576K)
[10.231s][info ][gc             ] GC(17) Pause Young (Allocation Failure) 1694M->189M(1845M) 84.812ms
[10.231s][info ][gc,cpu         ] GC(17) User=0.32s Sys=0.01s Real=0.09s
[10.231s][debug][gc,phases      ] GC(18) Pre Compact 0.011ms
[10.231s][info ][gc,start       ] GC(18) Pause Full (Ergonomics)
[10.231s][info ][gc,phases,start] GC(18) Marking Phase
[10.315s][debug][gc,phases      ] GC(18) Par Mark 84.199ms
[10.315s][debug][gc,ref         ] GC(18) Skipped phase 1 of Reference Processing: no references
[10.315s][debug][gc,ref         ] GC(18) Skipped phase 3 of Reference Processing: no references
[10.315s][debug][gc,phases      ] GC(18) Reference Processing 0.183ms
[10.316s][debug][gc,phases      ] GC(18) Weak Processing 0.461ms
[10.316s][debug][gc,phases      ] GC(18) ClassLoaderData 0.051ms
[10.316s][debug][gc,phases      ] GC(18) Trigger cleanups 0.000ms
[10.322s][debug][gc,phases      ] GC(18) Class Unloading 6.129ms
[10.322s][info ][gc,phases      ] GC(18) Marking Phase 91.104ms
[10.322s][info ][gc,phases,start] GC(18) Summary Phase
[10.322s][info ][gc,phases      ] GC(18) Summary Phase 0.009ms
[10.322s][info ][gc,phases,start] GC(18) Adjust Roots
[10.341s][info ][gc,phases      ] GC(18) Adjust Roots 18.939ms
[10.341s][info ][gc,phases,start] GC(18) Compaction Phase
[10.781s][info ][gc,phases      ] GC(18) Compaction Phase 440.175ms
[10.781s][info ][gc,phases,start] GC(18) Post Compact
[10.782s][info ][gc,phases      ] GC(18) Post Compact 0.968ms
[10.782s][info ][gc,heap        ] GC(18) PSYoungGen: 139893K(1834496K)->138546K(1834496K) Eden: 0K(1563136K)->0K(1563136K) From: 139893K(271360K)->138546K(271360K)
[10.782s][info ][gc,heap        ] GC(18) ParOldGen: 53990K(54784K)->54605K(89088K)
[10.782s][info ][gc,metaspace   ] GC(18) Metaspace: 57433K(57920K)->57433K(57920K) NonClass: 49081K(49344K)->49081K(49344K) Class: 8352K(8576K)->8352K(8576K)
[10.782s][info ][gc             ] GC(18) Pause Full (Ergonomics) 189M->188M(1878M) 551.452ms
[10.782s][info ][gc,cpu         ] GC(18) User=1.90s Sys=0.02s Real=0.55s
[10.791s][info ][safepoint      ] Safepoint "ParallelGCFailedAllocation", Time since last: 394692947 ns, Reaching safepoint: 809332 ns, At safepoint: 644484587 ns, Total: 645293919 ns
[11.164s][info ][gc,start       ] GC(19) Pause Young (Allocation Failure)
[11.264s][debug][gc,phases      ] GC(19) Scavenge 99.882ms
[11.264s][debug][gc,ref         ] GC(19) Skipped phase 1 of Reference Processing: no references
[11.264s][debug][gc,ref         ] GC(19) Skipped phase 3 of Reference Processing: no references
[11.264s][debug][gc,phases      ] GC(19) Reference Processing 0.106ms
[11.265s][debug][gc,phases      ] GC(19) Weak Processing 0.940ms
[11.265s][debug][gc,age         ] GC(19) Desired survivor size 279445504 bytes, new threshold 12 (max threshold 15)
[11.265s][info ][gc,heap        ] GC(19) PSYoungGen: 1701682K(1834496K)->31850K(1595392K) Eden: 1563136K(1563136K)->0K(1563136K) From: 138546K(271360K)->31850K(32256K)
[11.265s][info ][gc,heap        ] GC(19) ParOldGen: 54605K(89088K)->162956K(163328K)
[11.265s][info ][gc,metaspace   ] GC(19) Metaspace: 59327K(59904K)->59327K(59904K) NonClass: 50719K(51008K)->50719K(51008K) Class: 8608K(8896K)->8608K(8896K)
[11.265s][info ][gc             ] GC(19) Pause Young (Allocation Failure) 1715M->190M(1717M) 101.071ms
[11.265s][info ][gc,cpu         ] GC(19) User=0.35s Sys=0.04s Real=0.10s
[11.265s][debug][gc,phases      ] GC(20) Pre Compact 0.011ms
[11.265s][info ][gc,start       ] GC(20) Pause Full (Ergonomics)
[11.265s][info ][gc,phases,start] GC(20) Marking Phase
[11.346s][debug][gc,phases      ] GC(20) Par Mark 80.723ms
[11.346s][debug][gc,ref         ] GC(20) Skipped phase 1 of Reference Processing: no references
[11.346s][debug][gc,ref         ] GC(20) Skipped phase 3 of Reference Processing: no references
[11.346s][debug][gc,phases      ] GC(20) Reference Processing 0.220ms
[11.346s][debug][gc,phases      ] GC(20) Weak Processing 0.470ms
[11.346s][debug][gc,phases      ] GC(20) ClassLoaderData 0.052ms
[11.346s][debug][gc,phases      ] GC(20) Trigger cleanups 0.000ms
[11.352s][debug][gc,phases      ] GC(20) Class Unloading 6.105ms
[11.352s][info ][gc,phases      ] GC(20) Marking Phase 87.690ms
[11.352s][info ][gc,phases,start] GC(20) Summary Phase
[11.352s][info ][gc,phases      ] GC(20) Summary Phase 0.008ms
[11.352s][info ][gc,phases,start] GC(20) Adjust Roots
[11.366s][info ][gc,phases      ] GC(20) Adjust Roots 13.683ms
[11.366s][info ][gc,phases,start] GC(20) Compaction Phase
[11.660s][info ][gc,phases      ] GC(20) Compaction Phase 293.807ms
[11.660s][info ][gc,phases,start] GC(20) Post Compact
[11.661s][info ][gc,phases      ] GC(20) Post Compact 0.768ms
[11.661s][info ][gc,heap        ] GC(20) PSYoungGen: 31850K(1595392K)->31245K(1595392K) Eden: 0K(1563136K)->0K(1563136K) From: 31850K(32256K)->31245K(32256K)
[11.661s][info ][gc,heap        ] GC(20) ParOldGen: 162956K(163328K)->163087K(241664K)
[11.661s][info ][gc,metaspace   ] GC(20) Metaspace: 59327K(59904K)->59327K(59904K) NonClass: 50719K(51008K)->50719K(51008K) Class: 8608K(8896K)->8608K(8896K)
[11.661s][info ][gc             ] GC(20) Pause Full (Ergonomics) 190M->189M(1794M) 396.235ms
[11.661s][info ][gc,cpu         ] GC(20) User=1.28s Sys=0.01s Real=0.40s
[11.661s][info ][safepoint      ] Safepoint "ParallelGCFailedAllocation", Time since last: 372888987 ns, Reaching safepoint: 161306 ns, At safepoint: 497512692 ns, Total: 497673998 ns
[12.017s][info ][gc,start       ] GC(21) Pause Young (Allocation Failure)
[12.058s][debug][gc,phases      ] GC(21) Scavenge 40.858ms
[12.058s][debug][gc,ref         ] GC(21) Skipped phase 1 of Reference Processing: no references
[12.058s][debug][gc,ref         ] GC(21) Skipped phase 3 of Reference Processing: no references
[12.058s][debug][gc,phases      ] GC(21) Reference Processing 0.096ms
[12.059s][debug][gc,phases      ] GC(21) Weak Processing 0.637ms
[12.059s][debug][gc,age         ] GC(21) Desired survivor size 287834112 bytes, new threshold 13 (max threshold 15)
[12.059s][info ][gc,heap        ] GC(21) PSYoungGen: 1594381K(1595392K)->20832K(1807872K) Eden: 1563136K(1563136K)->0K(1534976K) From: 31245K(32256K)->20832K(272896K)
[12.059s][info ][gc,heap        ] GC(21) ParOldGen: 163087K(241664K)->176081K(241664K)
[12.059s][info ][gc,metaspace   ] GC(21) Metaspace: 61397K(62016K)->61397K(62016K) NonClass: 52547K(52864K)->52547K(52864K) Class: 8849K(9152K)->8849K(9152K)
[12.059s][info ][gc             ] GC(21) Pause Young (Allocation Failure) 1716M->192M(2001M) 41.745ms
[12.059s][info ][gc,cpu         ] GC(21) User=0.17s Sys=0.01s Real=0.04s
[12.059s][info ][safepoint      ] Safepoint "ParallelGCFailedAllocation", Time since last: 355955915 ns, Reaching safepoint: 169406 ns, At safepoint: 41853213 ns, Total: 42022619 ns
[12.423s][info ][gc,start       ] GC(22) Pause Young (Allocation Failure)
[12.475s][debug][gc,phases      ] GC(22) Scavenge 51.427ms
[12.475s][debug][gc,ref         ] GC(22) Skipped phase 1 of Reference Processing: no references
[12.475s][debug][gc,ref         ] GC(22) Skipped phase 3 of Reference Processing: no references
[12.475s][debug][gc,phases      ] GC(22) Reference Processing 0.081ms
[12.475s][debug][gc,phases      ] GC(22) Weak Processing 0.553ms
[12.475s][debug][gc,age         ] GC(22) Desired survivor size 281018368 bytes, new threshold 14 (max threshold 15)
[12.475s][info ][gc,heap        ] GC(22) PSYoungGen: 1555808K(1807872K)->80755K(1816064K) Eden: 1534976K(1534976K)->0K(1534976K) From: 20832K(272896K)->80755K(281088K)
[12.475s][info ][gc,heap        ] GC(22) ParOldGen: 176081K(241664K)->176089K(241664K)
[12.476s][info ][gc,metaspace   ] GC(22) Metaspace: 61846K(62400K)->61846K(62400K) NonClass: 52941K(53248K)->52941K(53248K) Class: 8904K(9152K)->8904K(9152K)
[12.476s][info ][gc             ] GC(22) Pause Young (Allocation Failure) 1691M->250M(2009M) 52.194ms
[12.476s][info ][gc,cpu         ] GC(22) User=0.20s Sys=0.00s Real=0.06s
[12.476s][info ][safepoint      ] Safepoint "ParallelGCFailedAllocation", Time since last: 364067027 ns, Reaching safepoint: 162307 ns, At safepoint: 52302315 ns, Total: 52464622 ns
[12.849s][info ][gc,start       ] GC(23) Pause Young (Allocation Failure)
[12.891s][debug][gc,phases      ] GC(23) Scavenge 42.423ms
[12.891s][debug][gc,ref         ] GC(23) Skipped phase 1 of Reference Processing: no references
[12.891s][debug][gc,ref         ] GC(23) Skipped phase 3 of Reference Processing: no references
[12.891s][debug][gc,phases      ] GC(23) Reference Processing 0.154ms
[12.892s][debug][gc,phases      ] GC(23) Weak Processing 0.703ms
[12.892s][debug][gc,age         ] GC(23) Desired survivor size 273154048 bytes, new threshold 15 (max threshold 15)
[12.892s][info ][gc,heap        ] GC(23) PSYoungGen: 1615731K(1816064K)->82944K(1830400K) Eden: 1534976K(1534976K)->0K(1555968K) From: 80755K(281088K)->82944K(274432K)
[12.892s][info ][gc,heap        ] GC(23) ParOldGen: 176089K(241664K)->176097K(241664K)
[12.892s][info ][gc,metaspace   ] GC(23) Metaspace: 62634K(63232K)->62634K(63232K) NonClass: 53619K(53952K)->53619K(53952K) Class: 9014K(9280K)->9014K(9280K)
[12.892s][info ][gc             ] GC(23) Pause Young (Allocation Failure) 1749M->252M(2023M) 43.448ms
[12.892s][info ][gc,cpu         ] GC(23) User=0.17s Sys=0.00s Real=0.04s
[12.892s][info ][safepoint      ] Safepoint "ParallelGCFailedAllocation", Time since last: 372824753 ns, Reaching safepoint: 162606 ns, At safepoint: 43580277 ns, Total: 43742883 ns
[13.255s][info ][gc,start       ] GC(24) Pause Young (Allocation Failure)
[13.297s][debug][gc,phases      ] GC(24) Scavenge 42.123ms
[13.297s][debug][gc,ref         ] GC(24) Skipped phase 1 of Reference Processing: no references
[13.297s][debug][gc,ref         ] GC(24) Skipped phase 3 of Reference Processing: no references
[13.297s][debug][gc,phases      ] GC(24) Reference Processing 0.096ms
[13.298s][debug][gc,phases      ] GC(24) Weak Processing 0.580ms
[13.298s][debug][gc,age         ] GC(24) Desired survivor size 264241152 bytes, new threshold 15 (max threshold 15)
[13.298s][info ][gc,heap        ] GC(24) PSYoungGen: 1638912K(1830400K)->87776K(1822720K) Eden: 1555968K(1555968K)->0K(1555968K) From: 82944K(274432K)->87776K(266752K)
[13.298s][info ][gc,heap        ] GC(24) ParOldGen: 176097K(241664K)->176105K(241664K)
[13.298s][info ][gc,metaspace   ] GC(24) Metaspace: 62833K(63424K)->62833K(63424K) NonClass: 53809K(54144K)->53809K(54144K) Class: 9024K(9280K)->9024K(9280K)
[13.298s][info ][gc             ] GC(24) Pause Young (Allocation Failure) 1772M->257M(2016M) 42.943ms
[13.298s][info ][gc,cpu         ] GC(24) User=0.17s Sys=0.00s Real=0.04s
[13.298s][info ][safepoint      ] Safepoint "ParallelGCFailedAllocation", Time since last: 360557874 ns, Reaching safepoint: 2238586 ns, At safepoint: 43069158 ns, Total: 45307744 ns
[13.716s][info ][gc,start       ] GC(25) Pause Young (Allocation Failure)
[13.767s][debug][gc,phases      ] GC(25) Scavenge 50.282ms
[13.767s][debug][gc,ref         ] GC(25) Skipped phase 1 of Reference Processing: no references
[13.767s][debug][gc,ref         ] GC(25) Skipped phase 3 of Reference Processing: no references
[13.767s][debug][gc,phases      ] GC(25) Reference Processing 0.103ms
[13.767s][debug][gc,phases      ] GC(25) Weak Processing 0.580ms
[13.767s][debug][gc,age         ] GC(25) Desired survivor size 253231104 bytes, new threshold 15 (max threshold 15)
[13.767s][info ][gc,heap        ] GC(25) PSYoungGen: 1643744K(1822720K)->98608K(1849856K) Eden: 1555967K(1555968K)->0K(1591808K) From: 87776K(266752K)->98608K(258048K)
[13.767s][info ][gc,heap        ] GC(25) ParOldGen: 176105K(241664K)->178497K(241664K)
[13.767s][info ][gc,metaspace   ] GC(25) Metaspace: 63014K(63616K)->63014K(63616K) NonClass: 53990K(54336K)->53990K(54336K) Class: 9024K(9280K)->9024K(9280K)
[13.767s][info ][gc             ] GC(25) Pause Young (Allocation Failure) 1777M->270M(2042M) 51.103ms
[13.767s][info ][gc,cpu         ] GC(25) User=0.19s Sys=0.00s Real=0.05s
[13.767s][info ][safepoint      ] Safepoint "ParallelGCFailedAllocation", Time since last: 417938277 ns, Reaching safepoint: 216108 ns, At safepoint: 51211868 ns, Total: 51427976 ns
[14.148s][info ][gc,start       ] GC(26) Pause Young (Allocation Failure)
[14.204s][debug][gc,phases      ] GC(26) Scavenge 55.933ms
[14.204s][debug][gc,ref         ] GC(26) Skipped phase 1 of Reference Processing: no references
[14.204s][debug][gc,ref         ] GC(26) Skipped phase 3 of Reference Processing: no references
[14.204s][debug][gc,phases      ] GC(26) Reference Processing 0.098ms
[14.204s][debug][gc,phases      ] GC(26) Weak Processing 0.732ms
[14.204s][debug][gc,age         ] GC(26) Desired survivor size 240648192 bytes, new threshold 15 (max threshold 15)
[14.204s][info ][gc,heap        ] GC(26) PSYoungGen: 1690416K(1849856K)->111296K(1839104K) Eden: 1591808K(1591808K)->0K(1591808K) From: 98608K(258048K)->111296K(247296K)
[14.204s][info ][gc,heap        ] GC(26) ParOldGen: 178497K(241664K)->179769K(241664K)
[14.204s][info ][gc,metaspace   ] GC(26) Metaspace: 63106K(63680K)->63106K(63680K) NonClass: 54082K(54400K)->54082K(54400K) Class: 9024K(9280K)->9024K(9280K)
[14.205s][info ][gc             ] GC(26) Pause Young (Allocation Failure) 1825M->284M(2032M) 56.908ms
[14.205s][info ][gc,cpu         ] GC(26) User=0.21s Sys=0.00s Real=0.05s
[14.205s][info ][safepoint      ] Safepoint "ParallelGCFailedAllocation", Time since last: 379423981 ns, Reaching safepoint: 750929 ns, At safepoint: 57025591 ns, Total: 57776520 ns
[14.600s][info ][gc,start       ] GC(27) Pause Young (Allocation Failure)
[14.648s][debug][gc,phases      ] GC(27) Scavenge 47.830ms
[14.648s][debug][gc,ref         ] GC(27) Skipped phase 1 of Reference Processing: no references
[14.648s][debug][gc,ref         ] GC(27) Skipped phase 3 of Reference Processing: no references
[14.648s][debug][gc,phases      ] GC(27) Reference Processing 0.084ms
[14.649s][debug][gc,phases      ] GC(27) Weak Processing 0.564ms
[14.649s][debug][gc,age         ] GC(27) Desired survivor size 231211008 bytes, new threshold 15 (max threshold 15)
[14.649s][info ][gc,heap        ] GC(27) PSYoungGen: 1703104K(1839104K)->122000K(1871360K) Eden: 1591808K(1591808K)->0K(1636352K) From: 111296K(247296K)->122000K(235008K)
[14.649s][info ][gc,heap        ] GC(27) ParOldGen: 179769K(241664K)->181189K(241664K)
[14.649s][info ][gc,metaspace   ] GC(27) Metaspace: 63179K(63744K)->63179K(63744K) NonClass: 54154K(54464K)->54154K(54464K) Class: 9024K(9280K)->9024K(9280K)
[14.649s][info ][gc             ] GC(27) Pause Young (Allocation Failure) 1838M->296M(2063M) 48.627ms
[14.649s][info ][gc,cpu         ] GC(27) User=0.18s Sys=0.00s Real=0.05s
[14.649s][info ][safepoint      ] Safepoint "ParallelGCFailedAllocation", Time since last: 393193811 ns, Reaching safepoint: 2201484 ns, At safepoint: 48747572 ns, Total: 50949056 ns
[15.025s][info ][gc,start       ] GC(28) Pause Young (Allocation Failure)
[15.075s][debug][gc,phases      ] GC(28) Scavenge 50.417ms
[15.075s][debug][gc,ref         ] GC(28) Skipped phase 1 of Reference Processing: no references
[15.075s][debug][gc,ref         ] GC(28) Skipped phase 3 of Reference Processing: no references
[15.075s][debug][gc,phases      ] GC(28) Reference Processing 0.088ms
[15.076s][debug][gc,phases      ] GC(28) Weak Processing 0.545ms
[15.076s][debug][gc,age         ] GC(28) Desired survivor size 224395264 bytes, new threshold 15 (max threshold 15)
[15.076s][info ][gc,heap        ] GC(28) PSYoungGen: 1758352K(1871360K)->128032K(1862144K) Eden: 1636352K(1636352K)->0K(1636352K) From: 122000K(235008K)->128032K(225792K)
[15.076s][info ][gc,heap        ] GC(28) ParOldGen: 181189K(241664K)->182885K(241664K)
[15.076s][info ][gc,metaspace   ] GC(28) Metaspace: 63317K(63872K)->63317K(63872K) NonClass: 54272K(54592K)->54272K(54592K) Class: 9045K(9280K)->9045K(9280K)
[15.076s][info ][gc             ] GC(28) Pause Young (Allocation Failure) 1894M->303M(2054M) 51.199ms
[15.076s][info ][gc,cpu         ] GC(28) User=0.17s Sys=0.03s Real=0.06s
[15.076s][info ][safepoint      ] Safepoint "ParallelGCFailedAllocation", Time since last: 375800123 ns, Reaching safepoint: 211408 ns, At safepoint: 51314969 ns, Total: 51526377 ns
[15.480s][info ][gc,start       ] GC(29) Pause Young (Allocation Failure)
[15.528s][debug][gc,phases      ] GC(29) Scavenge 47.883ms
[15.528s][debug][gc,ref         ] GC(29) Skipped phase 1 of Reference Processing: no references
[15.528s][debug][gc,ref         ] GC(29) Skipped phase 3 of Reference Processing: no references
[15.528s][debug][gc,phases      ] GC(29) Reference Processing 0.079ms
[15.529s][debug][gc,phases      ] GC(29) Weak Processing 0.534ms
[15.529s][debug][gc,age         ] GC(29) Desired survivor size 220200960 bytes, new threshold 15 (max threshold 15)
[15.529s][info ][gc,heap        ] GC(29) PSYoungGen: 1764384K(1862144K)->133520K(1882112K) Eden: 1636352K(1636352K)->0K(1662976K) From: 128032K(225792K)->133520K(219136K)
[15.529s][info ][gc,heap        ] GC(29) ParOldGen: 182885K(241664K)->184405K(241664K)
[15.529s][info ][gc,metaspace   ] GC(29) Metaspace: 63329K(63872K)->63329K(63872K) NonClass: 54284K(54592K)->54284K(54592K) Class: 9045K(9280K)->9045K(9280K)
[15.529s][info ][gc             ] GC(29) Pause Young (Allocation Failure) 1901M->310M(2074M) 48.649ms
[15.529s][info ][gc,cpu         ] GC(29) User=0.19s Sys=0.00s Real=0.05s
[15.529s][info ][safepoint      ] Safepoint "ParallelGCFailedAllocation", Time since last: 403765297 ns, Reaching safepoint: 159706 ns, At safepoint: 48804673 ns, Total: 48964379 ns
[15.860s][info ][gc,start       ] GC(30) Pause Young (Allocation Failure)
[15.917s][debug][gc,phases      ] GC(30) Scavenge 57.291ms
[15.917s][debug][gc,ref         ] GC(30) Skipped phase 1 of Reference Processing: no references
[15.917s][debug][gc,ref         ] GC(30) Skipped phase 3 of Reference Processing: no references
[15.917s][debug][gc,phases      ] GC(30) Reference Processing 0.077ms
[15.918s][debug][gc,phases      ] GC(30) Weak Processing 0.536ms
[15.918s][debug][gc,age         ] GC(30) Desired survivor size 219676672 bytes, new threshold 15 (max threshold 15)
[15.918s][info ][gc,heap        ] GC(30) PSYoungGen: 1796496K(1882112K)->144112K(1878016K) Eden: 1662976K(1662976K)->0K(1662976K) From: 133520K(219136K)->144112K(215040K)
[15.918s][info ][gc,heap        ] GC(30) ParOldGen: 184405K(241664K)->185445K(241664K)
[15.918s][info ][gc,metaspace   ] GC(30) Metaspace: 63349K(63936K)->63349K(63936K) NonClass: 54304K(54656K)->54304K(54656K) Class: 9045K(9280K)->9045K(9280K)
[15.918s][info ][gc             ] GC(30) Pause Young (Allocation Failure) 1934M->321M(2070M) 58.046ms
[15.918s][info ][gc,cpu         ] GC(30) User=0.20s Sys=0.02s Real=0.06s
[15.918s][info ][safepoint      ] Safepoint "ParallelGCFailedAllocation", Time since last: 327392753 ns, Reaching safepoint: 3293426 ns, At safepoint: 58162430 ns, Total: 61455856 ns
[16.381s][info ][gc,start       ] GC(31) Pause Young (Allocation Failure)
[16.438s][debug][gc,phases      ] GC(31) Scavenge 57.422ms
[16.438s][debug][gc,ref         ] GC(31) Skipped phase 1 of Reference Processing: no references
[16.438s][debug][gc,ref         ] GC(31) Skipped phase 3 of Reference Processing: no references
[16.438s][debug][gc,phases      ] GC(31) Reference Processing 0.084ms
[16.439s][debug][gc,phases      ] GC(31) Weak Processing 0.556ms
[16.439s][debug][gc,age         ] GC(31) Desired survivor size 224919552 bytes, new threshold 15 (max threshold 15)
[16.439s][info ][gc,heap        ] GC(31) PSYoungGen: 1807088K(1878016K)->160768K(1872384K) Eden: 1662976K(1662976K)->0K(1657856K) From: 144112K(215040K)->160768K(214528K)
[16.439s][info ][gc,heap        ] GC(31) ParOldGen: 185445K(241664K)->187621K(241664K)
[16.439s][info ][gc,metaspace   ] GC(31) Metaspace: 63357K(63936K)->63357K(63936K) NonClass: 54311K(54656K)->54311K(54656K) Class: 9045K(9280K)->9045K(9280K)
[16.439s][info ][gc             ] GC(31) Pause Young (Allocation Failure) 1945M->340M(2064M) 58.197ms
[16.439s][info ][gc,cpu         ] GC(31) User=0.20s Sys=0.03s Real=0.06s
[16.439s][info ][safepoint      ] Safepoint "ParallelGCFailedAllocation", Time since last: 462715135 ns, Reaching safepoint: 160307 ns, At safepoint: 58302934 ns, Total: 58463241 ns
[16.828s][info ][gc,start       ] GC(32) Pause Young (Allocation Failure)
[16.885s][debug][gc,phases      ] GC(32) Scavenge 56.897ms
[16.885s][debug][gc,ref         ] GC(32) Skipped phase 1 of Reference Processing: no references
[16.885s][debug][gc,ref         ] GC(32) Skipped phase 3 of Reference Processing: no references
[16.885s][debug][gc,phases      ] GC(32) Reference Processing 0.083ms
[16.886s][debug][gc,phases      ] GC(32) Weak Processing 0.535ms
[16.886s][debug][gc,age         ] GC(32) Desired survivor size 232783872 bytes, new threshold 15 (max threshold 15)
[16.886s][info ][gc,heap        ] GC(32) PSYoungGen: 1818624K(1872384K)->171600K(1829888K) Eden: 1657856K(1657856K)->0K(1657856K) From: 160768K(214528K)->171600K(172032K)
[16.886s][info ][gc,heap        ] GC(32) ParOldGen: 187621K(241664K)->189533K(241664K)
[16.886s][info ][gc,metaspace   ] GC(32) Metaspace: 63364K(63936K)->63364K(63936K) NonClass: 54319K(54656K)->54319K(54656K) Class: 9045K(9280K)->9045K(9280K)
[16.886s][info ][gc             ] GC(32) Pause Young (Allocation Failure) 1959M->352M(2023M) 57.662ms
[16.886s][info ][gc,cpu         ] GC(32) User=0.23s Sys=0.00s Real=0.05s
[16.886s][info ][safepoint      ] Safepoint "ParallelGCFailedAllocation", Time since last: 389372714 ns, Reaching safepoint: 155106 ns, At safepoint: 57772111 ns, Total: 57927217 ns
[16.902s][info ][safepoint      ] Safepoint "ICBufferFull", Time since last: 15007375 ns, Reaching safepoint: 897734 ns, At safepoint: 27501 ns, Total: 925235 ns
[16.903s][info ][safepoint      ] Safepoint "ICBufferFull", Time since last: 683626 ns, Reaching safepoint: 368615 ns, At safepoint: 23100 ns, Total: 391715 ns
[16.904s][info ][safepoint      ] Safepoint "ICBufferFull", Time since last: 662526 ns, Reaching safepoint: 87903 ns, At safepoint: 20701 ns, Total: 108604 ns
[16.905s][info ][safepoint      ] Safepoint "ICBufferFull", Time since last: 631324 ns, Reaching safepoint: 87504 ns, At safepoint: 22200 ns, Total: 109704 ns
[16.911s][info ][safepoint      ] Safepoint "ICBufferFull", Time since last: 1030540 ns, Reaching safepoint: 5279702 ns, At safepoint: 28001 ns, Total: 5307703 ns
[16.924s][info ][safepoint      ] Safepoint "ICBufferFull", Time since last: 11263331 ns, Reaching safepoint: 2130582 ns, At safepoint: 32701 ns, Total: 2163283 ns
[16.925s][info ][safepoint      ] Safepoint "ICBufferFull", Time since last: 714827 ns, Reaching safepoint: 96404 ns, At safepoint: 23001 ns, Total: 119405 ns
[16.926s][info ][safepoint      ] Safepoint "ICBufferFull", Time since last: 639524 ns, Reaching safepoint: 94904 ns, At safepoint: 23001 ns, Total: 117905 ns
[16.927s][info ][safepoint      ] Safepoint "ICBufferFull", Time since last: 1226247 ns, Reaching safepoint: 94203 ns, At safepoint: 24101 ns, Total: 118304 ns
[16.928s][info ][safepoint      ] Safepoint "ICBufferFull", Time since last: 729228 ns, Reaching safepoint: 92604 ns, At safepoint: 22901 ns, Total: 115505 ns
[16.929s][info ][safepoint      ] Safepoint "ICBufferFull", Time since last: 714227 ns, Reaching safepoint: 92904 ns, At safepoint: 23801 ns, Total: 116705 ns
[16.930s][info ][safepoint      ] Safepoint "ICBufferFull", Time since last: 727127 ns, Reaching safepoint: 94404 ns, At safepoint: 25801 ns, Total: 120205 ns
[16.931s][info ][safepoint      ] Safepoint "ICBufferFull", Time since last: 1119343 ns, Reaching safepoint: 91603 ns, At safepoint: 24401 ns, Total: 116004 ns
[16.932s][info ][safepoint      ] Safepoint "ICBufferFull", Time since last: 733028 ns, Reaching safepoint: 89904 ns, At safepoint: 21701 ns, Total: 111605 ns
[16.945s][info ][safepoint      ] Safepoint "ICBufferFull", Time since last: 11992159 ns, Reaching safepoint: 757029 ns, At safepoint: 25901 ns, Total: 782930 ns
[16.954s][info ][safepoint      ] Safepoint "ICBufferFull", Time since last: 4249662 ns, Reaching safepoint: 5348505 ns, At safepoint: 29101 ns, Total: 5377606 ns
[16.956s][info ][safepoint      ] Safepoint "ICBufferFull", Time since last: 1271449 ns, Reaching safepoint: 95603 ns, At safepoint: 23901 ns, Total: 119504 ns
[16.957s][info ][safepoint      ] Safepoint "ICBufferFull", Time since last: 844233 ns, Reaching safepoint: 93903 ns, At safepoint: 14301 ns, Total: 108204 ns
[16.958s][info ][safepoint      ] Safepoint "ICBufferFull", Time since last: 646525 ns, Reaching safepoint: 1005838 ns, At safepoint: 27201 ns, Total: 1033039 ns
[16.959s][info ][safepoint      ] Safepoint "ICBufferFull", Time since last: 851033 ns, Reaching safepoint: 96503 ns, At safepoint: 21001 ns, Total: 117504 ns
[16.960s][info ][safepoint      ] Safepoint "ICBufferFull", Time since last: 845133 ns, Reaching safepoint: 113104 ns, At safepoint: 20801 ns, Total: 133905 ns
[16.962s][info ][safepoint      ] Safepoint "ICBufferFull", Time since last: 1269448 ns, Reaching safepoint: 94904 ns, At safepoint: 20801 ns, Total: 115705 ns
[16.963s][info ][safepoint      ] Safepoint "ICBufferFull", Time since last: 807631 ns, Reaching safepoint: 104804 ns, At safepoint: 22100 ns, Total: 126904 ns
[16.964s][info ][safepoint      ] Safepoint "ICBufferFull", Time since last: 1190046 ns, Reaching safepoint: 94504 ns, At safepoint: 17400 ns, Total: 111904 ns
[16.965s][info ][safepoint      ] Safepoint "ICBufferFull", Time since last: 738429 ns, Reaching safepoint: 93203 ns, At safepoint: 21301 ns, Total: 114504 ns
[16.967s][info ][safepoint      ] Safepoint "ICBufferFull", Time since last: 2189184 ns, Reaching safepoint: 92203 ns, At safepoint: 19001 ns, Total: 111204 ns
[16.969s][info ][safepoint      ] Safepoint "ICBufferFull", Time since last: 1309350 ns, Reaching safepoint: 92804 ns, At safepoint: 20500 ns, Total: 113304 ns
[16.970s][info ][safepoint      ] Safepoint "ICBufferFull", Time since last: 1353652 ns, Reaching safepoint: 91904 ns, At safepoint: 20601 ns, Total: 112505 ns
[16.972s][info ][safepoint      ] Safepoint "ICBufferFull", Time since last: 1691464 ns, Reaching safepoint: 93604 ns, At safepoint: 15101 ns, Total: 108705 ns
[17.283s][info ][gc,start       ] GC(33) Pause Young (Allocation Failure)
[17.342s][debug][gc,phases      ] GC(33) Scavenge 59.536ms
[17.342s][debug][gc,ref         ] GC(33) Skipped phase 1 of Reference Processing: no references
[17.342s][debug][gc,ref         ] GC(33) Skipped phase 3 of Reference Processing: no references
[17.342s][debug][gc,phases      ] GC(33) Reference Processing 0.085ms
[17.343s][debug][gc,phases      ] GC(33) Weak Processing 0.554ms
[17.343s][debug][gc,age         ] GC(33) Desired survivor size 241696768 bytes, new threshold 15 (max threshold 15)
[17.343s][info ][gc,heap        ] GC(33) PSYoungGen: 1829456K(1829888K)->180160K(1852416K) Eden: 1657856K(1657856K)->0K(1625088K) From: 171600K(172032K)->180160K(227328K)
[17.343s][info ][gc,heap        ] GC(33) ParOldGen: 189533K(241664K)->191917K(241664K)
[17.343s][info ][gc,metaspace   ] GC(33) Metaspace: 63452K(64064K)->63452K(64064K) NonClass: 54399K(54720K)->54399K(54720K) Class: 9053K(9344K)->9053K(9344K)
[17.343s][info ][gc             ] GC(33) Pause Young (Allocation Failure) 1971M->363M(2045M) 60.339ms
[17.343s][info ][gc,cpu         ] GC(33) User=0.22s Sys=0.02s Real=0.06s
[17.343s][info ][safepoint      ] Safepoint "ParallelGCFailedAllocation", Time since last: 308633714 ns, Reaching safepoint: 2161583 ns, At safepoint: 60474215 ns, Total: 62635798 ns
[17.720s][info ][gc,start       ] GC(34) Pause Young (Allocation Failure)
[17.769s][debug][gc,phases      ] GC(34) Scavenge 49.038ms
[17.769s][debug][gc,ref         ] GC(34) Skipped phase 1 of Reference Processing: no references
[17.769s][debug][gc,ref         ] GC(34) Skipped phase 3 of Reference Processing: no references
[17.769s][debug][gc,phases      ] GC(34) Reference Processing 0.066ms
[17.769s][debug][gc,phases      ] GC(34) Weak Processing 0.555ms
[17.769s][debug][gc,age         ] GC(34) Desired survivor size 249561088 bytes, new threshold 15 (max threshold 15)
[17.769s][info ][gc,heap        ] GC(34) PSYoungGen: 1805248K(1852416K)->182160K(1807360K) Eden: 1625088K(1625088K)->0K(1625088K) From: 180160K(227328K)->182160K(182272K)
[17.769s][info ][gc,heap        ] GC(34) ParOldGen: 191917K(241664K)->193373K(241664K)
[17.769s][info ][gc,metaspace   ] GC(34) Metaspace: 63481K(64128K)->63481K(64128K) NonClass: 54428K(54784K)->54428K(54784K) Class: 9053K(9344K)->9053K(9344K)
[17.770s][info ][gc             ] GC(34) Pause Young (Allocation Failure) 1950M->366M(2001M) 49.863ms
[17.770s][info ][gc,cpu         ] GC(34) User=0.20s Sys=0.00s Real=0.05s
[17.770s][info ][safepoint      ] Safepoint "ParallelGCFailedAllocation", Time since last: 376372902 ns, Reaching safepoint: 193907 ns, At safepoint: 50001312 ns, Total: 50195219 ns
[17.878s][info ][safepoint      ] Safepoint "ICBufferFull", Time since last: 108405544 ns, Reaching safepoint: 134305 ns, At safepoint: 24401 ns, Total: 158706 ns
[17.880s][info ][safepoint      ] Safepoint "ICBufferFull", Time since last: 1615562 ns, Reaching safepoint: 91103 ns, At safepoint: 18801 ns, Total: 109904 ns
[17.881s][info ][safepoint      ] Safepoint "ICBufferFull", Time since last: 749829 ns, Reaching safepoint: 91003 ns, At safepoint: 19401 ns, Total: 110404 ns
[17.894s][info ][safepoint      ] Safepoint "ICBufferFull", Time since last: 12473277 ns, Reaching safepoint: 748628 ns, At safepoint: 22901 ns, Total: 771529 ns
[17.895s][info ][safepoint      ] Safepoint "ICBufferFull", Time since last: 720028 ns, Reaching safepoint: 110204 ns, At safepoint: 20901 ns, Total: 131105 ns
[17.898s][info ][safepoint      ] Safepoint "ICBufferFull", Time since last: 2958713 ns, Reaching safepoint: 120505 ns, At safepoint: 21100 ns, Total: 141605 ns
[17.907s][info ][safepoint      ] Safepoint "ICBufferFull", Time since last: 3894949 ns, Reaching safepoint: 5327704 ns, At safepoint: 30001 ns, Total: 5357705 ns
[17.915s][info ][safepoint      ] Safepoint "ICBufferFull", Time since last: 7591890 ns, Reaching safepoint: 112205 ns, At safepoint: 26401 ns, Total: 138606 ns
[17.918s][info ][safepoint      ] Safepoint "ICBufferFull", Time since last: 2866509 ns, Reaching safepoint: 64003 ns, At safepoint: 27201 ns, Total: 91204 ns
[17.919s][info ][safepoint      ] Safepoint "ICBufferFull", Time since last: 679226 ns, Reaching safepoint: 103204 ns, At safepoint: 23401 ns, Total: 126605 ns
[17.922s][info ][safepoint      ] Safepoint "ICBufferFull", Time since last: 2658701 ns, Reaching safepoint: 183907 ns, At safepoint: 25101 ns, Total: 209008 ns
[17.932s][info ][safepoint      ] Safepoint "ICBufferFull", Time since last: 9885478 ns, Reaching safepoint: 125205 ns, At safepoint: 28201 ns, Total: 153406 ns
[18.200s][info ][gc,start       ] GC(35) Pause Young (Allocation Failure)
[18.247s][debug][gc,phases      ] GC(35) Scavenge 46.910ms
[18.247s][debug][gc,ref         ] GC(35) Skipped phase 1 of Reference Processing: no references
[18.248s][debug][gc,ref         ] GC(35) Skipped phase 3 of Reference Processing: no references
[18.248s][debug][gc,phases      ] GC(35) Reference Processing 0.067ms
[18.248s][debug][gc,phases      ] GC(35) Weak Processing 0.552ms
[18.248s][debug][gc,age         ] GC(35) Desired survivor size 257949696 bytes, new threshold 15 (max threshold 15)
[18.248s][info ][gc,heap        ] GC(35) PSYoungGen: 1807248K(1807360K)->190416K(1837056K) Eden: 1625088K(1625088K)->0K(1593344K) From: 182160K(182272K)->190416K(243712K)
[18.248s][info ][gc,heap        ] GC(35) ParOldGen: 193373K(241664K)->194515K(241664K)
[18.248s][info ][gc,metaspace   ] GC(35) Metaspace: 63516K(64128K)->63516K(64128K) NonClass: 54459K(54784K)->54459K(54784K) Class: 9057K(9344K)->9057K(9344K)
[18.248s][info ][gc             ] GC(35) Pause Young (Allocation Failure) 1953M->375M(2030M) 47.681ms
[18.248s][info ][gc,cpu         ] GC(35) User=0.19s Sys=0.00s Real=0.05s
[18.248s][info ][safepoint      ] Safepoint "ParallelGCFailedAllocation", Time since last: 268511165 ns, Reaching safepoint: 294011 ns, At safepoint: 47815228 ns, Total: 48109239 ns
[18.575s][info ][gc,start       ] GC(36) Pause Young (Allocation Failure)
[18.623s][debug][gc,phases      ] GC(36) Scavenge 48.799ms
[18.623s][debug][gc,ref         ] GC(36) Skipped phase 1 of Reference Processing: no references
[18.623s][debug][gc,ref         ] GC(36) Skipped phase 3 of Reference Processing: no references
[18.623s][debug][gc,phases      ] GC(36) Reference Processing 0.060ms
[18.624s][debug][gc,phases      ] GC(36) Weak Processing 0.539ms
[18.624s][debug][gc,age         ] GC(36) Desired survivor size 266338304 bytes, new threshold 15 (max threshold 15)
[18.624s][info ][gc,heap        ] GC(36) PSYoungGen: 1783760K(1837056K)->195504K(1788928K) Eden: 1593344K(1593344K)->0K(1593344K) From: 190416K(243712K)->195504K(195584K)
[18.624s][info ][gc,heap        ] GC(36) ParOldGen: 194515K(241664K)->196854K(241664K)
[18.624s][info ][gc,metaspace   ] GC(36) Metaspace: 63573K(64192K)->63573K(64192K) NonClass: 54503K(54848K)->54503K(54848K) Class: 9069K(9344K)->9069K(9344K)
[18.624s][info ][gc             ] GC(36) Pause Young (Allocation Failure) 1931M->383M(1983M) 49.556ms
[18.624s][info ][gc,cpu         ] GC(36) User=0.23s Sys=0.00s Real=0.04s
[18.624s][info ][safepoint      ] Safepoint "ParallelGCFailedAllocation", Time since last: 322999549 ns, Reaching safepoint: 3243824 ns, At safepoint: 49687699 ns, Total: 52931523 ns
[19.095s][info ][gc,start       ] GC(37) Pause Young (Allocation Failure)
[19.141s][debug][gc,phases      ] GC(37) Scavenge 45.646ms
[19.141s][debug][gc,ref         ] GC(37) Skipped phase 1 of Reference Processing: no references
[19.141s][debug][gc,ref         ] GC(37) Skipped phase 3 of Reference Processing: no references
[19.141s][debug][gc,phases      ] GC(37) Reference Processing 0.061ms
[19.141s][debug][gc,phases      ] GC(37) Weak Processing 0.528ms
[19.141s][debug][gc,age         ] GC(37) Desired survivor size 270532608 bytes, new threshold 15 (max threshold 15)
[19.141s][info ][gc,heap        ] GC(37) PSYoungGen: 1788848K(1788928K)->190488K(1828864K) Eden: 1593344K(1593344K)->0K(1568768K) From: 195504K(195584K)->190488K(260096K)
[19.141s][info ][gc,heap        ] GC(37) ParOldGen: 196854K(241664K)->200862K(241664K)
[19.141s][info ][gc,metaspace   ] GC(37) Metaspace: 63795K(64384K)->63795K(64384K) NonClass: 54680K(54976K)->54680K(54976K) Class: 9115K(9408K)->9115K(9408K)
[19.141s][info ][gc             ] GC(37) Pause Young (Allocation Failure) 1939M->382M(2022M) 46.388ms
[19.141s][info ][gc,cpu         ] GC(37) User=0.18s Sys=0.00s Real=0.04s
[19.141s][info ][safepoint      ] Safepoint "ParallelGCFailedAllocation", Time since last: 470468862 ns, Reaching safepoint: 171907 ns, At safepoint: 46503275 ns, Total: 46675182 ns
[19.375s][info ][safepoint      ] Safepoint "ICBufferFull", Time since last: 233682923 ns, Reaching safepoint: 352313 ns, At safepoint: 28401 ns, Total: 380714 ns
[19.420s][info ][safepoint      ] Safepoint "ICBufferFull", Time since last: 44869913 ns, Reaching safepoint: 135905 ns, At safepoint: 29302 ns, Total: 165207 ns
[19.459s][info ][gc,start       ] GC(38) Pause Young (Allocation Failure)
[19.497s][debug][gc,phases      ] GC(38) Scavenge 38.509ms
[19.497s][debug][gc,ref         ] GC(38) Skipped phase 1 of Reference Processing: no references
[19.498s][debug][gc,ref         ] GC(38) Skipped phase 3 of Reference Processing: no references
[19.498s][debug][gc,phases      ] GC(38) Reference Processing 0.127ms
[19.498s][debug][gc,phases      ] GC(38) Weak Processing 0.723ms
[19.498s][debug][gc,age         ] GC(38) Desired survivor size 268435456 bytes, new threshold 15 (max threshold 15)
[19.498s][info ][gc,heap        ] GC(38) PSYoungGen: 1759256K(1828864K)->179120K(1832960K) Eden: 1568768K(1568768K)->0K(1568768K) From: 190488K(260096K)->179120K(264192K)
[19.498s][info ][gc,heap        ] GC(38) ParOldGen: 200862K(241664K)->202263K(241664K)
[19.498s][info ][gc,metaspace   ] GC(38) Metaspace: 65075K(65664K)->65075K(65664K) NonClass: 55796K(56128K)->55796K(56128K) Class: 9278K(9536K)->9278K(9536K)
[19.498s][info ][gc             ] GC(38) Pause Young (Allocation Failure) 1914M->372M(2026M) 39.555ms
[19.498s][info ][gc,cpu         ] GC(38) User=0.15s Sys=0.00s Real=0.04s
[19.498s][info ][safepoint      ] Safepoint "ParallelGCFailedAllocation", Time since last: 36203182 ns, Reaching safepoint: 2163282 ns, At safepoint: 39695516 ns, Total: 41858798 ns
[19.579s][info ][safepoint      ] Safepoint "ICBufferFull", Time since last: 80432171 ns, Reaching safepoint: 136605 ns, At safepoint: 27001 ns, Total: 163606 ns
[19.639s][info ][safepoint      ] Safepoint "ICBufferFull", Time since last: 58064616 ns, Reaching safepoint: 2161682 ns, At safepoint: 31201 ns, Total: 2192883 ns
[19.747s][info ][safepoint      ] Safepoint "ICBufferFull", Time since last: 106944478 ns, Reaching safepoint: 857933 ns, At safepoint: 30401 ns, Total: 888334 ns
[19.992s][info ][gc,start       ] GC(39) Pause Young (Allocation Failure)
[20.031s][debug][gc,phases      ] GC(39) Scavenge 39.271ms
[20.031s][debug][gc,ref         ] GC(39) Skipped phase 1 of Reference Processing: no references
[20.032s][debug][gc,ref         ] GC(39) Skipped phase 3 of Reference Processing: no references
[20.032s][debug][gc,phases      ] GC(39) Reference Processing 0.075ms
[20.032s][debug][gc,phases      ] GC(39) Weak Processing 0.557ms
[20.032s][debug][gc,age         ] GC(39) Desired survivor size 258473984 bytes, new threshold 15 (max threshold 15)
[20.032s][info ][gc,heap        ] GC(39) PSYoungGen: 1747888K(1832960K)->157808K(1844736K) Eden: 1568768K(1568768K)->0K(1582592K) From: 179120K(264192K)->157808K(262144K)
[20.032s][info ][gc,heap        ] GC(39) ParOldGen: 202263K(241664K)->204331K(241664K)
[20.032s][info ][gc,metaspace   ] GC(39) Metaspace: 65737K(66304K)->65737K(66304K) NonClass: 56384K(56704K)->56384K(56704K) Class: 9353K(9600K)->9353K(9600K)
[20.032s][info ][gc             ] GC(39) Pause Young (Allocation Failure) 1904M->353M(2037M) 40.062ms
[20.032s][info ][gc,cpu         ] GC(39) User=0.16s Sys=0.00s Real=0.04s
[20.032s][info ][safepoint      ] Safepoint "ParallelGCFailedAllocation", Time since last: 244688730 ns, Reaching safepoint: 185407 ns, At safepoint: 40164732 ns, Total: 40350139 ns
[20.407s][info ][gc,start       ] GC(40) Pause Young (Allocation Failure)
[20.442s][debug][gc,phases      ] GC(40) Scavenge 34.810ms
[20.442s][debug][gc,ref         ] GC(40) Skipped phase 1 of Reference Processing: no references
[20.442s][debug][gc,ref         ] GC(40) Skipped phase 3 of Reference Processing: no references
[20.442s][debug][gc,phases      ] GC(40) Reference Processing 0.107ms
[20.443s][debug][gc,phases      ] GC(40) Weak Processing 0.582ms
[20.443s][debug][gc,age         ] GC(40) Desired survivor size 249036800 bytes, new threshold 15 (max threshold 15)
[20.443s][info ][gc,heap        ] GC(40) PSYoungGen: 1740400K(1844736K)->153832K(1835008K) Eden: 1582592K(1582592K)->0K(1582592K) From: 157808K(262144K)->153832K(252416K)
[20.443s][info ][gc,heap        ] GC(40) ParOldGen: 204331K(241664K)->209524K(241664K)
[20.443s][info ][gc,metaspace   ] GC(40) Metaspace: 66431K(67072K)->66431K(67072K) NonClass: 56964K(57344K)->56964K(57344K) Class: 9466K(9728K)->9466K(9728K)
[20.443s][info ][gc             ] GC(40) Pause Young (Allocation Failure) 1899M->354M(2028M) 35.663ms
[20.443s][info ][gc,cpu         ] GC(40) User=0.12s Sys=0.01s Real=0.03s
[20.443s][info ][safepoint      ] Safepoint "ParallelGCFailedAllocation", Time since last: 374823192 ns, Reaching safepoint: 328413 ns, At safepoint: 35779564 ns, Total: 36107977 ns
[20.666s][info ][safepoint      ] Safepoint "ICBufferFull", Time since last: 222785092 ns, Reaching safepoint: 283911 ns, At safepoint: 39302 ns, Total: 323213 ns
[20.759s][info ][safepoint      ] Safepoint "ICBufferFull", Time since last: 91655190 ns, Reaching safepoint: 586822 ns, At safepoint: 27802 ns, Total: 614624 ns
[20.829s][info ][gc,start       ] GC(41) Pause Young (Allocation Failure)
[20.866s][debug][gc,phases      ] GC(41) Scavenge 36.226ms
[20.866s][debug][gc,ref         ] GC(41) Skipped phase 1 of Reference Processing: no references
[20.866s][debug][gc,ref         ] GC(41) Skipped phase 3 of Reference Processing: no references
[20.866s][debug][gc,phases      ] GC(41) Reference Processing 0.084ms
[20.866s][debug][gc,phases      ] GC(41) Weak Processing 0.622ms
[20.866s][debug][gc,age         ] GC(41) Desired survivor size 242221056 bytes, new threshold 15 (max threshold 15)
[20.866s][info ][gc,heap        ] GC(41) PSYoungGen: 1736424K(1835008K)->144952K(1860608K) Eden: 1582592K(1582592K)->0K(1617408K) From: 153832K(252416K)->144952K(243200K)
[20.866s][info ][gc,heap        ] GC(41) ParOldGen: 209524K(241664K)->219314K(241664K)
[20.866s][info ][gc,metaspace   ] GC(41) Metaspace: 66939K(67520K)->66939K(67520K) NonClass: 57425K(57728K)->57425K(57728K) Class: 9513K(9792K)->9513K(9792K)
[20.866s][info ][gc             ] GC(41) Pause Young (Allocation Failure) 1900M->355M(2053M) 37.106ms
[20.866s][info ][gc,cpu         ] GC(41) User=0.15s Sys=0.00s Real=0.04s
[20.867s][info ][safepoint      ] Safepoint "ParallelGCFailedAllocation", Time since last: 70610188 ns, Reaching safepoint: 185208 ns, At safepoint: 37218817 ns, Total: 37404025 ns
[21.161s][info ][safepoint      ] Safepoint "ICBufferFull", Time since last: 294345209 ns, Reaching safepoint: 287211 ns, At safepoint: 32001 ns, Total: 319212 ns
[21.275s][info ][gc,start       ] GC(42) Pause Young (Allocation Failure)
[21.307s][debug][gc,phases      ] GC(42) Scavenge 32.109ms
[21.307s][debug][gc,ref         ] GC(42) Skipped phase 1 of Reference Processing: no references
[21.307s][debug][gc,ref         ] GC(42) Skipped phase 3 of Reference Processing: no references
[21.307s][debug][gc,phases      ] GC(42) Reference Processing 0.079ms
[21.308s][debug][gc,phases      ] GC(42) Weak Processing 0.560ms
[21.308s][debug][gc,age         ] GC(42) Desired survivor size 237502464 bytes, new threshold 15 (max threshold 15)
[21.308s][info ][gc,heap        ] GC(42) PSYoungGen: 1762360K(1860608K)->135528K(1853952K) Eden: 1617408K(1617408K)->0K(1617408K) From: 144952K(243200K)->135528K(236544K)
[21.308s][info ][gc,heap        ] GC(42) ParOldGen: 219314K(241664K)->229691K(241664K)
[21.308s][info ][gc,metaspace   ] GC(42) Metaspace: 67157K(67776K)->67157K(67776K) NonClass: 57638K(57984K)->57638K(57984K) Class: 9518K(9792K)->9518K(9792K)
[21.308s][info ][gc             ] GC(42) Pause Young (Allocation Failure) 1935M->356M(2046M) 32.897ms
[21.308s][info ][gc,cpu         ] GC(42) User=0.11s Sys=0.02s Real=0.03s
[21.308s][debug][gc,phases      ] GC(43) Pre Compact 0.012ms
[21.308s][info ][gc,start       ] GC(43) Pause Full (Ergonomics)
[21.308s][info ][gc,phases,start] GC(43) Marking Phase
[21.419s][debug][gc,phases      ] GC(43) Par Mark 111.495ms
[21.420s][debug][gc,ref         ] GC(43) Skipped phase 1 of Reference Processing: no references
[21.420s][debug][gc,ref         ] GC(43) Skipped phase 3 of Reference Processing: no references
[21.420s][debug][gc,phases      ] GC(43) Reference Processing 0.381ms
[21.420s][debug][gc,phases      ] GC(43) Weak Processing 0.495ms
[21.420s][debug][gc,phases      ] GC(43) ClassLoaderData 0.063ms
[21.420s][debug][gc,phases      ] GC(43) Trigger cleanups 0.000ms
[21.429s][debug][gc,phases      ] GC(43) Class Unloading 9.033ms
[21.429s][info ][gc,phases      ] GC(43) Marking Phase 121.560ms
[21.429s][info ][gc,phases,start] GC(43) Summary Phase
[21.429s][info ][gc,phases      ] GC(43) Summary Phase 0.010ms
[21.429s][info ][gc,phases,start] GC(43) Adjust Roots
[21.444s][info ][gc,phases      ] GC(43) Adjust Roots 14.145ms
[21.444s][info ][gc,phases,start] GC(43) Compaction Phase
[21.610s][info ][gc,phases      ] GC(43) Compaction Phase 165.911ms
[21.610s][info ][gc,phases,start] GC(43) Post Compact
[21.611s][info ][gc,phases      ] GC(43) Post Compact 1.214ms
[21.611s][info ][gc,heap        ] GC(43) PSYoungGen: 135528K(1853952K)->113589K(1853952K) Eden: 0K(1617408K)->0K(1617408K) From: 135528K(236544K)->113589K(236544K)
[21.611s][info ][gc,heap        ] GC(43) ParOldGen: 229691K(241664K)->241545K(295936K)
[21.611s][info ][gc,metaspace   ] GC(43) Metaspace: 67157K(67776K)->67157K(67776K) NonClass: 57638K(57984K)->57638K(57984K) Class: 9518K(9792K)->9518K(9792K)
[21.611s][info ][gc             ] GC(43) Pause Full (Ergonomics) 356M->346M(2099M) 303.095ms
[21.611s][info ][gc,cpu         ] GC(43) User=1.10s Sys=0.01s Real=0.30s
[21.611s][info ][safepoint      ] Safepoint "ParallelGCFailedAllocation", Time since last: 113534424 ns, Reaching safepoint: 196807 ns, At safepoint: 336178502 ns, Total: 336375309 ns
[21.665s][info ][safepoint      ] Safepoint "ICBufferFull", Time since last: 53386431 ns, Reaching safepoint: 194207 ns, At safepoint: 30501 ns, Total: 224708 ns
[21.821s][info ][safepoint      ] Safepoint "ICBufferFull", Time since last: 156363147 ns, Reaching safepoint: 250510 ns, At safepoint: 36001 ns, Total: 286511 ns
[21.976s][info ][gc,start       ] GC(44) Pause Young (Allocation Failure)
[22.036s][debug][gc,phases      ] GC(44) Scavenge 59.928ms
[22.036s][debug][gc,ref         ] GC(44) Skipped phase 1 of Reference Processing: no references
[22.036s][debug][gc,ref         ] GC(44) Skipped phase 3 of Reference Processing: no references
[22.036s][debug][gc,phases      ] GC(44) Reference Processing 0.044ms
[22.037s][debug][gc,phases      ] GC(44) Weak Processing 0.503ms
[22.037s][debug][gc,age         ] GC(44) Desired survivor size 236453888 bytes, new threshold 15 (max threshold 15)
[22.037s][info ][gc,heap        ] GC(44) PSYoungGen: 1730997K(1853952K)->112288K(1866240K) Eden: 1617408K(1617408K)->0K(1634304K) From: 113589K(236544K)->112288K(231936K)
[22.037s][info ][gc,heap        ] GC(44) ParOldGen: 241545K(295936K)->245497K(295936K)
[22.037s][info ][gc,metaspace   ] GC(44) Metaspace: 67274K(67904K)->67274K(67904K) NonClass: 57754K(58112K)->57754K(58112K) Class: 9520K(9792K)->9520K(9792K)
[22.037s][info ][gc             ] GC(44) Pause Young (Allocation Failure) 1926M->349M(2111M) 60.621ms
[22.037s][info ][gc,cpu         ] GC(44) User=0.24s Sys=0.00s Real=0.06s
[22.037s][info ][safepoint      ] Safepoint "ParallelGCFailedAllocation", Time since last: 154378071 ns, Reaching safepoint: 298812 ns, At safepoint: 60731609 ns, Total: 61030421 ns
[22.297s][info ][safepoint      ] Safepoint "ICBufferFull", Time since last: 260394504 ns, Reaching safepoint: 221908 ns, At safepoint: 31001 ns, Total: 252909 ns
[22.473s][info ][gc,start       ] GC(45) Pause Young (Allocation Failure)
[22.499s][debug][gc,phases      ] GC(45) Scavenge 26.626ms
[22.499s][debug][gc,ref         ] GC(45) Skipped phase 1 of Reference Processing: no references
[22.499s][debug][gc,ref         ] GC(45) Skipped phase 3 of Reference Processing: no references
[22.499s][debug][gc,phases      ] GC(45) Reference Processing 0.029ms
[22.500s][debug][gc,phases      ] GC(45) Weak Processing 0.559ms
[22.500s][debug][gc,age         ] GC(45) Desired survivor size 235405312 bytes, new threshold 15 (max threshold 15)
[22.500s][info ][gc,heap        ] GC(45) PSYoungGen: 1746592K(1866240K)->107792K(1865216K) Eden: 1634304K(1634304K)->0K(1634304K) From: 112288K(231936K)->107792K(230912K)
[22.500s][info ][gc,heap        ] GC(45) ParOldGen: 245497K(295936K)->250414K(295936K)
[22.500s][info ][gc,metaspace   ] GC(45) Metaspace: 67447K(68096K)->67447K(68096K) NonClass: 57924K(58304K)->57924K(58304K) Class: 9523K(9792K)->9523K(9792K)
[22.500s][info ][gc             ] GC(45) Pause Young (Allocation Failure) 1945M->349M(2110M) 27.368ms
[22.500s][info ][gc,cpu         ] GC(45) User=0.12s Sys=0.01s Real=0.03s
[22.500s][info ][safepoint      ] Safepoint "ParallelGCFailedAllocation", Time since last: 174887052 ns, Reaching safepoint: 177306 ns, At safepoint: 27494846 ns, Total: 27672152 ns
[22.884s][info ][safepoint      ] Safepoint "ICBufferFull", Time since last: 384230900 ns, Reaching safepoint: 221708 ns, At safepoint: 28601 ns, Total: 250309 ns
[22.906s][info ][gc,start       ] GC(46) Pause Young (Allocation Failure)
[22.934s][debug][gc,phases      ] GC(46) Scavenge 28.082ms
[22.934s][debug][gc,ref         ] GC(46) Skipped phase 1 of Reference Processing: no references
[22.934s][debug][gc,ref         ] GC(46) Skipped phase 3 of Reference Processing: no references
[22.934s][debug][gc,phases      ] GC(46) Reference Processing 0.033ms
[22.935s][debug][gc,phases      ] GC(46) Weak Processing 0.581ms
[22.935s][debug][gc,age         ] GC(46) Desired survivor size 234881024 bytes, new threshold 15 (max threshold 15)
[22.935s][info ][gc,heap        ] GC(46) PSYoungGen: 1742096K(1865216K)->96128K(1867776K) Eden: 1634304K(1634304K)->0K(1637888K) From: 107792K(230912K)->96128K(229888K)
[22.935s][info ][gc,heap        ] GC(46) ParOldGen: 250414K(295936K)->262849K(295936K)
[22.935s][info ][gc,metaspace   ] GC(46) Metaspace: 67539K(68160K)->67539K(68160K) NonClass: 58012K(58368K)->58012K(58368K) Class: 9526K(9792K)->9526K(9792K)
[22.935s][info ][gc             ] GC(46) Pause Young (Allocation Failure) 1945M->350M(2113M) 28.883ms
[22.935s][info ][gc,cpu         ] GC(46) User=0.10s Sys=0.01s Real=0.04s
[22.935s][info ][safepoint      ] Safepoint "ParallelGCFailedAllocation", Time since last: 21422314 ns, Reaching safepoint: 142305 ns, At safepoint: 29004602 ns, Total: 29146907 ns
[23.171s][info ][safepoint      ] Safepoint "ICBufferFull", Time since last: 233028651 ns, Reaching safepoint: 3290825 ns, At safepoint: 33101 ns, Total: 3323926 ns
[23.354s][info ][gc,start       ] GC(47) Pause Young (Allocation Failure)
[23.378s][debug][gc,phases      ] GC(47) Scavenge 24.614ms
[23.379s][debug][gc,ref         ] GC(47) Skipped phase 1 of Reference Processing: no references
[23.379s][debug][gc,ref         ] GC(47) Skipped phase 3 of Reference Processing: no references
[23.379s][debug][gc,phases      ] GC(47) Reference Processing 0.036ms
[23.379s][debug][gc,phases      ] GC(47) Weak Processing 0.552ms
[23.379s][debug][gc,age         ] GC(47) Desired survivor size 236453888 bytes, new threshold 15 (max threshold 15)
[23.379s][info ][gc,heap        ] GC(47) PSYoungGen: 1734016K(1867776K)->80240K(1718272K) Eden: 1637888K(1637888K)->0K(1637888K) From: 96128K(229888K)->80240K(80384K)
[23.379s][info ][gc,heap        ] GC(47) ParOldGen: 262849K(295936K)->279820K(295936K)
[23.379s][info ][gc,metaspace   ] GC(47) Metaspace: 67651K(68288K)->67651K(68288K) NonClass: 58124K(58496K)->58124K(58496K) Class: 9526K(9792K)->9526K(9792K)
[23.379s][info ][gc             ] GC(47) Pause Young (Allocation Failure) 1950M->351M(1967M) 25.364ms
[23.379s][info ][gc,cpu         ] GC(47) User=0.10s Sys=0.01s Real=0.03s
[23.379s][debug][gc,phases      ] GC(48) Pre Compact 0.011ms
[23.379s][info ][gc,start       ] GC(48) Pause Full (Ergonomics)
[23.379s][info ][gc,phases,start] GC(48) Marking Phase
[23.488s][debug][gc,phases      ] GC(48) Par Mark 108.999ms
[23.488s][debug][gc,ref         ] GC(48) Skipped phase 1 of Reference Processing: no references
[23.489s][debug][gc,ref         ] GC(48) Skipped phase 3 of Reference Processing: no references
[23.489s][debug][gc,phases      ] GC(48) Reference Processing 0.288ms
[23.489s][debug][gc,phases      ] GC(48) Weak Processing 0.503ms
[23.489s][debug][gc,phases      ] GC(48) ClassLoaderData 0.059ms
[23.489s][debug][gc,phases      ] GC(48) Trigger cleanups 0.000ms
[23.499s][debug][gc,phases      ] GC(48) Class Unloading 9.782ms
[23.499s][info ][gc,phases      ] GC(48) Marking Phase 119.745ms
[23.499s][info ][gc,phases,start] GC(48) Summary Phase
[23.499s][info ][gc,phases      ] GC(48) Summary Phase 0.010ms
[23.499s][info ][gc,phases,start] GC(48) Adjust Roots
[23.508s][info ][gc,phases      ] GC(48) Adjust Roots 8.825ms
[23.508s][info ][gc,phases,start] GC(48) Compaction Phase
[23.624s][info ][gc,phases      ] GC(48) Compaction Phase 115.881ms
[23.624s][info ][gc,phases,start] GC(48) Post Compact
[23.625s][info ][gc,phases      ] GC(48) Post Compact 1.004ms
[23.625s][info ][gc,heap        ] GC(48) PSYoungGen: 80240K(1718272K)->60277K(1718272K) Eden: 0K(1637888K)->0K(1637888K) From: 80240K(80384K)->60277K(80384K)
[23.625s][info ][gc,heap        ] GC(48) ParOldGen: 279820K(295936K)->295727K(361472K)
[23.625s][info ][gc,metaspace   ] GC(48) Metaspace: 67651K(68288K)->67651K(68288K) NonClass: 58124K(58496K)->58124K(58496K) Class: 9526K(9792K)->9526K(9792K)
[23.625s][info ][gc             ] GC(48) Pause Full (Ergonomics) 351M->347M(2031M) 245.728ms
[23.625s][info ][gc,cpu         ] GC(48) User=0.89s Sys=0.00s Real=0.24s
[23.626s][info ][safepoint      ] Safepoint "ParallelGCFailedAllocation", Time since last: 182200721 ns, Reaching safepoint: 162506 ns, At safepoint: 272158137 ns, Total: 272320643 ns
[23.831s][info ][safepoint      ] Safepoint "ICBufferFull", Time since last: 204517558 ns, Reaching safepoint: 221408 ns, At safepoint: 26401 ns, Total: 247809 ns
[24.080s][info ][gc,start       ] GC(49) Pause Young (Allocation Failure)
[24.135s][debug][gc,phases      ] GC(49) Scavenge 55.139ms
[24.135s][debug][gc,ref         ] GC(49) Skipped phase 1 of Reference Processing: no references
[24.135s][debug][gc,ref         ] GC(49) Skipped phase 3 of Reference Processing: no references
[24.135s][debug][gc,ref         ] GC(49) Skipped phase 4 of Reference Processing: no references
[24.135s][debug][gc,phases      ] GC(49) Reference Processing 0.032ms
[24.136s][debug][gc,phases      ] GC(49) Weak Processing 0.596ms
[24.136s][debug][gc,age         ] GC(49) Desired survivor size 241172480 bytes, new threshold 15 (max threshold 15)
[24.136s][info ][gc,heap        ] GC(49) PSYoungGen: 1698165K(1718272K)->50832K(1857024K) Eden: 1637888K(1637888K)->0K(1626112K) From: 60277K(80384K)->50832K(230912K)
[24.136s][info ][gc,heap        ] GC(49) ParOldGen: 295727K(361472K)->306761K(361472K)
[24.136s][info ][gc,metaspace   ] GC(49) Metaspace: 67724K(68352K)->67724K(68352K) NonClass: 58197K(58560K)->58197K(58560K) Class: 9527K(9792K)->9527K(9792K)
[24.136s][info ][gc             ] GC(49) Pause Young (Allocation Failure) 1947M->349M(2166M) 55.919ms
[24.136s][info ][gc,cpu         ] GC(49) User=0.21s Sys=0.02s Real=0.06s
[24.136s][info ][safepoint      ] Safepoint "ParallelGCFailedAllocation", Time since last: 249267556 ns, Reaching safepoint: 217908 ns, At safepoint: 56032526 ns, Total: 56250434 ns
[24.331s][info ][safepoint      ] Safepoint "ICBufferFull", Time since last: 194892893 ns, Reaching safepoint: 182706 ns, At safepoint: 56003 ns, Total: 238709 ns
[24.535s][info ][gc,start       ] GC(50) Pause Young (Allocation Failure)
[24.551s][debug][gc,phases      ] GC(50) Scavenge 15.824ms
[24.551s][debug][gc,ref         ] GC(50) Skipped phase 1 of Reference Processing: no references
[24.551s][debug][gc,ref         ] GC(50) Skipped phase 3 of Reference Processing: no references
[24.551s][debug][gc,phases      ] GC(50) Reference Processing 0.041ms
[24.551s][debug][gc,phases      ] GC(50) Weak Processing 0.723ms
[24.551s][debug][gc,age         ] GC(50) Desired survivor size 244842496 bytes, new threshold 15 (max threshold 15)
[24.551s][info ][gc,heap        ] GC(50) PSYoungGen: 1676944K(1857024K)->40224K(1666560K) Eden: 1626112K(1626112K)->0K(1626112K) From: 50832K(230912K)->40224K(40448K)
[24.551s][info ][gc,heap        ] GC(50) ParOldGen: 306761K(361472K)->317951K(361472K)
[24.551s][info ][gc,metaspace   ] GC(50) Metaspace: 67893K(68480K)->67893K(68480K) NonClass: 58355K(58688K)->58355K(58688K) Class: 9537K(9792K)->9537K(9792K)
[24.551s][info ][gc             ] GC(50) Pause Young (Allocation Failure) 1937M->349M(1980M) 16.777ms
[24.551s][info ][gc,cpu         ] GC(50) User=0.06s Sys=0.01s Real=0.01s
[24.552s][info ][safepoint      ] Safepoint "ParallelGCFailedAllocation", Time since last: 201051126 ns, Reaching safepoint: 2225485 ns, At safepoint: 16915641 ns, Total: 19141126 ns
[24.682s][info ][safepoint      ] Safepoint "ICBufferFull", Time since last: 130212736 ns, Reaching safepoint: 672126 ns, At safepoint: 25301 ns, Total: 697427 ns
[24.946s][info ][gc,start       ] GC(51) Pause Young (Allocation Failure)
[24.960s][debug][gc,phases      ] GC(51) Scavenge 14.184ms
[24.960s][debug][gc,ref         ] GC(51) Skipped phase 1 of Reference Processing: no references
[24.960s][debug][gc,ref         ] GC(51) Skipped phase 3 of Reference Processing: no references
[24.960s][debug][gc,phases      ] GC(51) Reference Processing 0.033ms
[24.961s][debug][gc,phases      ] GC(51) Weak Processing 0.504ms
[24.961s][debug][gc,age         ] GC(51) Desired survivor size 247463936 bytes, new threshold 15 (max threshold 15)
[24.961s][info ][gc,heap        ] GC(51) PSYoungGen: 1666336K(1666560K)->29664K(1852928K) Eden: 1626112K(1626112K)->0K(1613824K) From: 40224K(40448K)->29664K(239104K)
[24.961s][info ][gc,heap        ] GC(51) ParOldGen: 317951K(361472K)->329389K(361472K)
[24.961s][info ][gc,metaspace   ] GC(51) Metaspace: 67969K(68544K)->67969K(68544K) NonClass: 58429K(58752K)->58429K(58752K) Class: 9539K(9792K)->9539K(9792K)
[24.961s][info ][gc             ] GC(51) Pause Young (Allocation Failure) 1937M->350M(2162M) 14.891ms
[24.961s][info ][gc,cpu         ] GC(51) User=0.06s Sys=0.00s Real=0.02s
[24.961s][info ][safepoint      ] Safepoint "ParallelGCFailedAllocation", Time since last: 258113878 ns, Reaching safepoint: 5380504 ns, At safepoint: 15028069 ns, Total: 20408573 ns
[25.131s][info ][safepoint      ] Safepoint "ICBufferFull", Time since last: 170275551 ns, Reaching safepoint: 202108 ns, At safepoint: 27301 ns, Total: 229409 ns
[25.321s][info ][safepoint      ] Safepoint "ICBufferFull", Time since last: 189107064 ns, Reaching safepoint: 220609 ns, At safepoint: 27901 ns, Total: 248510 ns
[25.391s][info ][gc,start       ] GC(52) Pause Young (Allocation Failure)
[25.402s][debug][gc,phases      ] GC(52) Scavenge 10.948ms
[25.402s][debug][gc,ref         ] GC(52) Skipped phase 1 of Reference Processing: no references
[25.402s][debug][gc,ref         ] GC(52) Skipped phase 3 of Reference Processing: no references
[25.402s][debug][gc,phases      ] GC(52) Reference Processing 0.031ms
[25.402s][debug][gc,phases      ] GC(52) Weak Processing 0.544ms
[25.402s][debug][gc,age         ] GC(52) Desired survivor size 249036800 bytes, new threshold 15 (max threshold 15)
[25.402s][info ][gc,heap        ] GC(52) PSYoungGen: 1643488K(1852928K)->21776K(1635840K) Eden: 1613824K(1613824K)->0K(1613824K) From: 29664K(239104K)->21776K(22016K)
[25.402s][info ][gc,heap        ] GC(52) ParOldGen: 329389K(361472K)->338023K(361472K)
[25.402s][info ][gc,metaspace   ] GC(52) Metaspace: 68949K(69568K)->68949K(69568K) NonClass: 59261K(59584K)->59261K(59584K) Class: 9688K(9984K)->9688K(9984K)
[25.403s][info ][gc             ] GC(52) Pause Young (Allocation Failure) 1926M->351M(1950M) 11.671ms
[25.403s][info ][gc,cpu         ] GC(52) User=0.04s Sys=0.00s Real=0.01s
[25.403s][info ][safepoint      ] Safepoint "ParallelGCFailedAllocation", Time since last: 65705889 ns, Reaching safepoint: 4278962 ns, At safepoint: 11802947 ns, Total: 16081909 ns
[25.686s][info ][safepoint      ] Safepoint "ICBufferFull", Time since last: 281618465 ns, Reaching safepoint: 2227485 ns, At safepoint: 35801 ns, Total: 2263286 ns
[25.762s][info ][gc,start       ] GC(53) Pause Young (Allocation Failure)
[25.773s][debug][gc,phases      ] GC(53) Scavenge 10.852ms
[25.773s][debug][gc,ref         ] GC(53) Skipped phase 1 of Reference Processing: no references
[25.773s][debug][gc,ref         ] GC(53) Skipped phase 3 of Reference Processing: no references
[25.773s][debug][gc,phases      ] GC(53) Reference Processing 0.066ms
[25.773s][debug][gc,phases      ] GC(53) Weak Processing 0.526ms
[25.773s][debug][gc,age         ] GC(53) Desired survivor size 249561088 bytes, new threshold 15 (max threshold 15)
[25.773s][info ][gc,heap        ] GC(53) PSYoungGen: 1635600K(1635840K)->12096K(1852928K) Eden: 1613824K(1613824K)->0K(1609728K) From: 21776K(22016K)->12096K(243200K)
[25.773s][info ][gc,heap        ] GC(53) ParOldGen: 338023K(361472K)->349902K(361472K)
[25.773s][info ][gc,metaspace   ] GC(53) Metaspace: 69897K(70528K)->69897K(70528K) NonClass: 60035K(60416K)->60035K(60416K) Class: 9862K(10112K)->9862K(10112K)
[25.773s][info ][gc             ] GC(53) Pause Young (Allocation Failure) 1927M->353M(2162M) 11.594ms
[25.773s][info ][gc,cpu         ] GC(53) User=0.05s Sys=0.00s Real=0.01s
[25.773s][debug][gc,phases      ] GC(54) Pre Compact 0.010ms
[25.773s][info ][gc,start       ] GC(54) Pause Full (Ergonomics)
[25.773s][info ][gc,phases,start] GC(54) Marking Phase
[25.901s][debug][gc,phases      ] GC(54) Par Mark 127.355ms
[25.901s][debug][gc,ref         ] GC(54) Skipped phase 1 of Reference Processing: no references
[25.901s][debug][gc,ref         ] GC(54) Skipped phase 3 of Reference Processing: no references
[25.901s][debug][gc,phases      ] GC(54) Reference Processing 0.229ms
[25.902s][debug][gc,phases      ] GC(54) Weak Processing 0.528ms
[25.902s][debug][gc,phases      ] GC(54) ClassLoaderData 0.064ms
[25.902s][debug][gc,phases      ] GC(54) Trigger cleanups 0.000ms
[25.912s][debug][gc,phases      ] GC(54) Class Unloading 10.875ms
[25.912s][info ][gc,phases      ] GC(54) Marking Phase 139.169ms
[25.912s][info ][gc,phases,start] GC(54) Summary Phase
[25.912s][info ][gc,phases      ] GC(54) Summary Phase 0.015ms
[25.912s][info ][gc,phases,start] GC(54) Adjust Roots
[25.922s][info ][gc,phases      ] GC(54) Adjust Roots 9.077ms
[25.922s][info ][gc,phases,start] GC(54) Compaction Phase
[26.012s][info ][gc,phases      ] GC(54) Compaction Phase 89.947ms
[26.012s][info ][gc,phases,start] GC(54) Post Compact
[26.013s][info ][gc,phases      ] GC(54) Post Compact 1.152ms
[26.013s][info ][gc,heap        ] GC(54) PSYoungGen: 12096K(1852928K)->0K(1853440K) Eden: 0K(1609728K)->0K(1609728K) From: 12096K(243200K)->0K(243712K)
[26.013s][info ][gc,heap        ] GC(54) ParOldGen: 349902K(361472K)->359549K(438272K)
[26.013s][info ][gc,metaspace   ] GC(54) Metaspace: 69897K(70528K)->69897K(70528K) NonClass: 60035K(60416K)->60035K(60416K) Class: 9862K(10112K)->9862K(10112K)
[26.013s][info ][gc             ] GC(54) Pause Full (Ergonomics) 353M->351M(2238M) 239.645ms
[26.013s][info ][gc,cpu         ] GC(54) User=0.88s Sys=0.00s Real=0.24s
[26.027s][info ][safepoint      ] Safepoint "ParallelGCFailedAllocation", Time since last: 74981837 ns, Reaching safepoint: 162406 ns, At safepoint: 265685753 ns, Total: 265848159 ns
[26.277s][info ][safepoint      ] Safepoint "ICBufferFull", Time since last: 249981658 ns, Reaching safepoint: 166306 ns, At safepoint: 30901 ns, Total: 197207 ns
[26.388s][info ][gc,start       ] GC(55) Pause Young (Allocation Failure)
[26.390s][debug][gc,phases      ] GC(55) Scavenge 2.195ms
[26.390s][debug][gc,ref         ] GC(55) Skipped phase 1 of Reference Processing: no references
[26.390s][debug][gc,ref         ] GC(55) Skipped phase 3 of Reference Processing: no references
[26.390s][debug][gc,phases      ] GC(55) Reference Processing 0.032ms
[26.391s][debug][gc,phases      ] GC(55) Weak Processing 0.628ms
[26.391s][debug][gc,age         ] GC(55) Desired survivor size 249561088 bytes, new threshold 15 (max threshold 15)
[26.391s][info ][gc,heap        ] GC(55) PSYoungGen: 1609728K(1853440K)->2080K(1853440K) Eden: 1609728K(1609728K)->0K(1609728K) From: 0K(243712K)->2080K(243712K)
[26.391s][info ][gc,heap        ] GC(55) ParOldGen: 359549K(438272K)->359557K(438272K)
[26.391s][info ][gc,metaspace   ] GC(55) Metaspace: 71834K(72448K)->71834K(72448K) NonClass: 61761K(62080K)->61761K(62080K) Class: 10072K(10368K)->10072K(10368K)
[26.391s][info ][gc             ] GC(55) Pause Young (Allocation Failure) 1923M->353M(2238M) 3.023ms
[26.391s][info ][gc,cpu         ] GC(55) User=0.01s Sys=0.00s Real=0.00s
[26.391s][info ][safepoint      ] Safepoint "ParallelGCFailedAllocation", Time since last: 110118167 ns, Reaching safepoint: 370614 ns, At safepoint: 3154519 ns, Total: 3525133 ns
[26.824s][info ][gc,start       ] GC(56) Pause Young (Allocation Failure)
[26.827s][debug][gc,phases      ] GC(56) Scavenge 2.746ms
[26.827s][debug][gc,ref         ] GC(56) Skipped phase 1 of Reference Processing: no references
[26.827s][debug][gc,ref         ] GC(56) Skipped phase 3 of Reference Processing: no references
[26.827s][debug][gc,phases      ] GC(56) Reference Processing 0.026ms
[26.827s][debug][gc,phases      ] GC(56) Weak Processing 0.553ms
[26.827s][debug][gc,age         ] GC(56) Desired survivor size 246939648 bytes, new threshold 15 (max threshold 15)
[26.827s][info ][gc,heap        ] GC(56) PSYoungGen: 1611808K(1853440K)->2954K(1853440K) Eden: 1609728K(1609728K)->0K(1609728K) From: 2080K(243712K)->2954K(243712K)
[26.827s][info ][gc,heap        ] GC(56) ParOldGen: 359557K(438272K)->359565K(438272K)
[26.827s][info ][gc,metaspace   ] GC(56) Metaspace: 74457K(75072K)->74457K(75072K) NonClass: 64038K(64384K)->64038K(64384K) Class: 10419K(10688K)->10419K(10688K)
[26.827s][info ][gc             ] GC(56) Pause Young (Allocation Failure) 1925M->354M(2238M) 3.463ms
[26.827s][info ][gc,cpu         ] GC(56) User=0.01s Sys=0.00s Real=0.01s
[26.827s][info ][safepoint      ] Safepoint "ParallelGCFailedAllocation", Time since last: 432534955 ns, Reaching safepoint: 260910 ns, At safepoint: 3579135 ns, Total: 3840045 ns
[27.191s][info ][gc,start       ] GC(57) Pause Young (Allocation Failure)
[27.194s][debug][gc,phases      ] GC(57) Scavenge 2.679ms
[27.194s][debug][gc,ref         ] GC(57) Skipped phase 1 of Reference Processing: no references
[27.194s][debug][gc,ref         ] GC(57) Skipped phase 3 of Reference Processing: no references
[27.194s][debug][gc,phases      ] GC(57) Reference Processing 0.026ms
[27.194s][debug][gc,phases      ] GC(57) Weak Processing 0.518ms
[27.194s][debug][gc,age         ] GC(57) Desired survivor size 242221056 bytes, new threshold 15 (max threshold 15)
[27.194s][info ][gc,heap        ] GC(57) PSYoungGen: 1612682K(1853440K)->3684K(1860608K) Eden: 1609728K(1609728K)->0K(1619456K) From: 2954K(243712K)->3684K(241152K)
[27.194s][info ][gc,heap        ] GC(57) ParOldGen: 359565K(438272K)->359573K(438272K)
[27.194s][info ][gc,metaspace   ] GC(57) Metaspace: 75368K(75968K)->75368K(75968K) NonClass: 64842K(65152K)->64842K(65152K) Class: 10526K(10816K)->10526K(10816K)
[27.194s][info ][gc             ] GC(57) Pause Young (Allocation Failure) 1926M->354M(2245M) 3.348ms
[27.194s][info ][gc,cpu         ] GC(57) User=0.01s Sys=0.00s Real=0.00s
[27.194s][info ][safepoint      ] Safepoint "ParallelGCFailedAllocation", Time since last: 359948701 ns, Reaching safepoint: 3295325 ns, At safepoint: 3467631 ns, Total: 6762956 ns
[27.601s][info ][safepoint      ] Safepoint "ICBufferFull", Time since last: 406564363 ns, Reaching safepoint: 436716 ns, At safepoint: 29101 ns, Total: 465817 ns
[27.630s][info ][gc,start       ] GC(58) Pause Young (Allocation Failure)
[27.634s][debug][gc,phases      ] GC(58) Scavenge 3.191ms
[27.634s][debug][gc,ref         ] GC(58) Skipped phase 1 of Reference Processing: no references
[27.634s][debug][gc,ref         ] GC(58) Skipped phase 3 of Reference Processing: no references
[27.634s][debug][gc,phases      ] GC(58) Reference Processing 0.039ms
[27.634s][debug][gc,phases      ] GC(58) Weak Processing 0.617ms
[27.634s][debug][gc,age         ] GC(58) Desired survivor size 235405312 bytes, new threshold 15 (max threshold 15)
[27.634s][info ][gc,heap        ] GC(58) PSYoungGen: 1623140K(1860608K)->5684K(1856000K) Eden: 1619456K(1619456K)->0K(1619456K) From: 3684K(241152K)->5684K(236544K)
[27.634s][info ][gc,heap        ] GC(58) ParOldGen: 359573K(438272K)->359581K(438272K)
[27.634s][info ][gc,metaspace   ] GC(58) Metaspace: 75783K(76416K)->75783K(76416K) NonClass: 65214K(65536K)->65214K(65536K) Class: 10569K(10880K)->10569K(10880K)
[27.634s][info ][gc             ] GC(58) Pause Young (Allocation Failure) 1936M->356M(2240M) 4.004ms
[27.634s][info ][gc,cpu         ] GC(58) User=0.01s Sys=0.00s Real=0.01s
[27.634s][info ][safepoint      ] Safepoint "ParallelGCFailedAllocation", Time since last: 28352371 ns, Reaching safepoint: 722927 ns, At safepoint: 4120855 ns, Total: 4843782 ns
[27.845s][info ][safepoint      ] Safepoint "ICBufferFull", Time since last: 209908622 ns, Reaching safepoint: 280910 ns, At safepoint: 23901 ns, Total: 304811 ns
[28.170s][info ][safepoint      ] Safepoint "ICBufferFull", Time since last: 324922362 ns, Reaching safepoint: 782530 ns, At safepoint: 16600 ns, Total: 799130 ns
[28.171s][info ][gc,start       ] GC(59) Pause Young (Allocation Failure)
[28.177s][debug][gc,phases      ] GC(59) Scavenge 6.498ms
[28.177s][debug][gc,ref         ] GC(59) Skipped phase 1 of Reference Processing: no references
[28.177s][debug][gc,ref         ] GC(59) Skipped phase 3 of Reference Processing: no references
[28.177s][debug][gc,phases      ] GC(59) Reference Processing 0.065ms
[28.178s][debug][gc,phases      ] GC(59) Weak Processing 0.618ms
[28.178s][debug][gc,age         ] GC(59) Desired survivor size 223870976 bytes, new threshold 15 (max threshold 15)
[28.178s][info ][gc,heap        ] GC(59) PSYoungGen: 1625140K(1856000K)->28758K(1878528K) Eden: 1619456K(1619456K)->0K(1648640K) From: 5684K(236544K)->28758K(229888K)
[28.178s][info ][gc,heap        ] GC(59) ParOldGen: 359581K(438272K)->359589K(438272K)
[28.178s][info ][gc,metaspace   ] GC(59) Metaspace: 76642K(77248K)->76642K(77248K) NonClass: 65966K(66304K)->65966K(66304K) Class: 10675K(10944K)->10675K(10944K)
[28.178s][info ][gc             ] GC(59) Pause Young (Allocation Failure) 1938M->379M(2262M) 7.352ms
[28.178s][info ][gc,cpu         ] GC(59) User=0.03s Sys=0.00s Real=0.01s
[28.178s][info ][safepoint      ] Safepoint "ParallelGCFailedAllocation", Time since last: 89604 ns, Reaching safepoint: 49502 ns, At safepoint: 7449981 ns, Total: 7499483 ns
[28.178s][info ][safepoint      ] Safepoint "ICBufferFull", Time since last: 219708 ns, Reaching safepoint: 98304 ns, At safepoint: 26701 ns, Total: 125005 ns
[28.600s][info ][gc,start       ] GC(60) Pause Young (Allocation Failure)
[28.607s][debug][gc,phases      ] GC(60) Scavenge 7.254ms
[28.607s][debug][gc,ref         ] GC(60) Skipped phase 1 of Reference Processing: no references
[28.607s][debug][gc,ref         ] GC(60) Skipped phase 3 of Reference Processing: no references
[28.607s][debug][gc,phases      ] GC(60) Reference Processing 0.053ms
[28.608s][debug][gc,phases      ] GC(60) Weak Processing 0.660ms
[28.608s][debug][gc,age         ] GC(60) Desired survivor size 212860928 bytes, new threshold 15 (max threshold 15)
[28.608s][info ][gc,heap        ] GC(60) PSYoungGen: 1677398K(1878528K)->25448K(1867264K) Eden: 1648640K(1648640K)->0K(1648640K) From: 28758K(229888K)->25448K(218624K)
[28.608s][info ][gc,heap        ] GC(60) ParOldGen: 359589K(438272K)->359597K(438272K)
[28.608s][info ][gc,metaspace   ] GC(60) Metaspace: 76732K(77376K)->76732K(77376K) NonClass: 66056K(66432K)->66056K(66432K) Class: 10676K(10944K)->10676K(10944K)
[28.608s][info ][gc             ] GC(60) Pause Young (Allocation Failure) 1989M->376M(2251M) 8.123ms
[28.608s][info ][gc,cpu         ] GC(60) User=0.03s Sys=0.00s Real=0.01s
[28.608s][info ][safepoint      ] Safepoint "ParallelGCFailedAllocation", Time since last: 421455405 ns, Reaching safepoint: 199707 ns, At safepoint: 8238511 ns, Total: 8438218 ns
[29.080s][info ][gc,start       ] GC(61) Pause Young (Allocation Failure)
[29.089s][debug][gc,phases      ] GC(61) Scavenge 8.784ms
[29.089s][debug][gc,ref         ] GC(61) Skipped phase 1 of Reference Processing: no references
[29.089s][debug][gc,ref         ] GC(61) Skipped phase 3 of Reference Processing: no references
[29.089s][debug][gc,phases      ] GC(61) Reference Processing 0.063ms
[29.090s][debug][gc,phases      ] GC(61) Weak Processing 0.659ms
[29.090s][debug][gc,age         ] GC(61) Desired survivor size 202375168 bytes, new threshold 15 (max threshold 15)
[29.090s][info ][gc,heap        ] GC(61) PSYoungGen: 1674088K(1867264K)->25572K(1899520K) Eden: 1648640K(1648640K)->0K(1691648K) From: 25448K(218624K)->25572K(207872K)
[29.090s][info ][gc,heap        ] GC(61) ParOldGen: 359597K(438272K)->359605K(438272K)
[29.090s][info ][gc,metaspace   ] GC(61) Metaspace: 76836K(77504K)->76836K(77504K) NonClass: 66153K(66496K)->66153K(66496K) Class: 10682K(11008K)->10682K(11008K)
[29.090s][info ][gc             ] GC(61) Pause Young (Allocation Failure) 1986M->376M(2283M) 9.669ms
[29.090s][info ][gc,cpu         ] GC(61) User=0.04s Sys=0.00s Real=0.01s
[29.090s][info ][safepoint      ] Safepoint "ParallelGCFailedAllocation", Time since last: 471566073 ns, Reaching safepoint: 229409 ns, At safepoint: 9791269 ns, Total: 10020678 ns
[29.539s][info ][gc,start       ] GC(62) Pause Young (Allocation Failure)
[29.547s][debug][gc,phases      ] GC(62) Scavenge 8.477ms
[29.547s][debug][gc,ref         ] GC(62) Skipped phase 1 of Reference Processing: no references
[29.548s][debug][gc,ref         ] GC(62) Skipped phase 3 of Reference Processing: no references
[29.548s][debug][gc,phases      ] GC(62) Reference Processing 0.053ms
[29.548s][debug][gc,phases      ] GC(62) Weak Processing 0.693ms
[29.548s][debug][gc,age         ] GC(62) Desired survivor size 191889408 bytes, new threshold 15 (max threshold 15)
[29.548s][info ][gc,heap        ] GC(62) PSYoungGen: 1717220K(1899520K)->26509K(1889280K) Eden: 1691648K(1691648K)->0K(1691648K) From: 25572K(207872K)->26509K(197632K)
[29.548s][info ][gc,heap        ] GC(62) ParOldGen: 359605K(438272K)->359613K(438272K)
[29.548s][info ][gc,metaspace   ] GC(62) Metaspace: 76881K(77568K)->76881K(77568K) NonClass: 66199K(66560K)->66199K(66560K) Class: 10682K(11008K)->10682K(11008K)
[29.548s][info ][gc             ] GC(62) Pause Young (Allocation Failure) 2028M->377M(2273M) 9.387ms
[29.548s][info ][gc,cpu         ] GC(62) User=0.03s Sys=0.01s Real=0.01s
[29.548s][info ][safepoint      ] Safepoint "ParallelGCFailedAllocation", Time since last: 448925120 ns, Reaching safepoint: 169706 ns, At safepoint: 9500358 ns, Total: 9670064 ns
[29.773s][info ][safepoint      ] Safepoint "ICBufferFull", Time since last: 224292646 ns, Reaching safepoint: 281010 ns, At safepoint: 28901 ns, Total: 309911 ns
[30.033s][info ][gc,start       ] GC(63) Pause Young (Allocation Failure)
[30.043s][debug][gc,phases      ] GC(63) Scavenge 9.741ms
[30.043s][debug][gc,ref         ] GC(63) Skipped phase 1 of Reference Processing: no references
[30.043s][debug][gc,ref         ] GC(63) Skipped phase 3 of Reference Processing: no references
[30.043s][debug][gc,phases      ] GC(63) Reference Processing 0.067ms
[30.044s][debug][gc,phases      ] GC(63) Weak Processing 0.714ms
[30.044s][debug][gc,age         ] GC(63) Desired survivor size 181403648 bytes, new threshold 15 (max threshold 15)
[30.044s][info ][gc,heap        ] GC(63) PSYoungGen: 1718157K(1889280K)->28357K(1920000K) Eden: 1691648K(1691648K)->0K(1732608K) From: 26509K(197632K)->28357K(187392K)
[30.044s][info ][gc,heap        ] GC(63) ParOldGen: 359613K(438272K)->359613K(438272K)
[30.044s][info ][gc,metaspace   ] GC(63) Metaspace: 76987K(77632K)->76987K(77632K) NonClass: 66299K(66624K)->66299K(66624K) Class: 10688K(11008K)->10688K(11008K)
[30.044s][info ][gc             ] GC(63) Pause Young (Allocation Failure) 2029M->378M(2303M) 10.697ms
[30.044s][info ][gc,cpu         ] GC(63) User=0.05s Sys=0.00s Real=0.01s
[30.044s][info ][safepoint      ] Safepoint "ParallelGCFailedAllocation", Time since last: 259786379 ns, Reaching safepoint: 254109 ns, At safepoint: 10837508 ns, Total: 11091617 ns
[30.527s][info ][gc,start       ] GC(64) Pause Young (Allocation Failure)
[30.536s][debug][gc,phases      ] GC(64) Scavenge 9.054ms
[30.536s][debug][gc,ref         ] GC(64) Skipped phase 1 of Reference Processing: no references
[30.536s][debug][gc,ref         ] GC(64) Skipped phase 3 of Reference Processing: no references
[30.536s][debug][gc,phases      ] GC(64) Reference Processing 0.054ms
[30.536s][debug][gc,phases      ] GC(64) Weak Processing 0.659ms
[30.536s][debug][gc,age         ] GC(64) Desired survivor size 171442176 bytes, new threshold 15 (max threshold 15)
[30.536s][info ][gc,heap        ] GC(64) PSYoungGen: 1760965K(1920000K)->28611K(1909760K) Eden: 1732608K(1732608K)->0K(1732608K) From: 28357K(187392K)->28611K(177152K)
[30.536s][info ][gc,heap        ] GC(64) ParOldGen: 359613K(438272K)->359613K(438272K)
[30.536s][info ][gc,metaspace   ] GC(64) Metaspace: 77072K(77760K)->77072K(77760K) NonClass: 66384K(66752K)->66384K(66752K) Class: 10688K(11008K)->10688K(11008K)
[30.536s][info ][gc             ] GC(64) Pause Young (Allocation Failure) 2070M->379M(2293M) 9.919ms
[30.536s][info ][gc,cpu         ] GC(64) User=0.04s Sys=0.00s Real=0.01s
[30.537s][info ][safepoint      ] Safepoint "ParallelGCFailedAllocation", Time since last: 482422559 ns, Reaching safepoint: 209608 ns, At safepoint: 10017577 ns, Total: 10227185 ns
[31.099s][info ][gc,start       ] GC(65) Pause Young (Allocation Failure)
[31.116s][debug][gc,phases      ] GC(65) Scavenge 17.589ms
[31.117s][debug][gc,ref         ] GC(65) Skipped phase 1 of Reference Processing: no references
[31.117s][debug][gc,ref         ] GC(65) Skipped phase 3 of Reference Processing: no references
[31.117s][debug][gc,phases      ] GC(65) Reference Processing 0.066ms
[31.117s][debug][gc,phases      ] GC(65) Weak Processing 0.712ms
[31.117s][debug][gc,age         ] GC(65) Desired survivor size 159907840 bytes, new threshold 15 (max threshold 15)
[31.117s][info ][gc,heap        ] GC(65) PSYoungGen: 1761219K(1909760K)->37868K(1940992K) Eden: 1732608K(1732608K)->0K(1773568K) From: 28611K(177152K)->37868K(167424K)
[31.117s][info ][gc,heap        ] GC(65) ParOldGen: 359613K(438272K)->359621K(438272K)
[31.117s][info ][gc,metaspace   ] GC(65) Metaspace: 77096K(77760K)->77096K(77760K) NonClass: 66407K(66752K)->66407K(66752K) Class: 10688K(11008K)->10688K(11008K)
[31.117s][info ][gc             ] GC(65) Pause Young (Allocation Failure) 2071M->388M(2323M) 18.566ms
[31.117s][info ][gc,cpu         ] GC(65) User=0.07s Sys=0.00s Real=0.02s
[31.117s][info ][safepoint      ] Safepoint "ParallelGCFailedAllocation", Time since last: 561954229 ns, Reaching safepoint: 313211 ns, At safepoint: 18695403 ns, Total: 19008614 ns
[31.671s][info ][gc,start       ] GC(66) Pause Young (Allocation Failure)
[31.688s][debug][gc,phases      ] GC(66) Scavenge 16.522ms
[31.688s][debug][gc,ref         ] GC(66) Skipped phase 1 of Reference Processing: no references
[31.688s][debug][gc,ref         ] GC(66) Skipped phase 3 of Reference Processing: no references
[31.688s][debug][gc,phases      ] GC(66) Reference Processing 0.058ms
[31.689s][debug][gc,phases      ] GC(66) Weak Processing 0.629ms
[31.689s][debug][gc,age         ] GC(66) Desired survivor size 149422080 bytes, new threshold 15 (max threshold 15)
[31.689s][info ][gc,heap        ] GC(66) PSYoungGen: 1811436K(1940992K)->39101K(1929728K) Eden: 1773568K(1773568K)->0K(1773568K) From: 37868K(167424K)->39101K(156160K)
[31.689s][info ][gc,heap        ] GC(66) ParOldGen: 359621K(438272K)->359629K(438272K)
[31.689s][info ][gc,metaspace   ] GC(66) Metaspace: 77153K(77824K)->77153K(77824K) NonClass: 66458K(66816K)->66458K(66816K) Class: 10694K(11008K)->10694K(11008K)
[31.689s][info ][gc             ] GC(66) Pause Young (Allocation Failure) 2120M->389M(2312M) 17.355ms
[31.689s][info ][gc,cpu         ] GC(66) User=0.06s Sys=0.00s Real=0.02s
[31.689s][info ][safepoint      ] Safepoint "ParallelGCFailedAllocation", Time since last: 553724313 ns, Reaching safepoint: 221308 ns, At safepoint: 17466256 ns, Total: 17687564 ns
[32.138s][info ][gc,start       ] GC(67) Pause Young (Allocation Failure)
[32.154s][debug][gc,phases      ] GC(67) Scavenge 15.796ms
[32.154s][debug][gc,ref         ] GC(67) Skipped phase 1 of Reference Processing: no references
[32.154s][debug][gc,ref         ] GC(67) Skipped phase 3 of Reference Processing: no references
[32.154s][debug][gc,phases      ] GC(67) Reference Processing 0.073ms
[32.155s][debug][gc,phases      ] GC(67) Weak Processing 0.800ms
[32.155s][debug][gc,age         ] GC(67) Desired survivor size 139984896 bytes, new threshold 15 (max threshold 15)
[32.155s][info ][gc,heap        ] GC(67) PSYoungGen: 1812669K(1929728K)->39404K(1960448K) Eden: 1773568K(1773568K)->0K(1814528K) From: 39101K(156160K)->39404K(145920K)
[32.155s][info ][gc,heap        ] GC(67) ParOldGen: 359629K(438272K)->359629K(438272K)
[32.155s][info ][gc,metaspace   ] GC(67) Metaspace: 77167K(77824K)->77167K(77824K) NonClass: 66472K(66816K)->66472K(66816K) Class: 10694K(11008K)->10694K(11008K)
[32.155s][info ][gc             ] GC(67) Pause Young (Allocation Failure) 2121M->389M(2342M) 16.850ms
[32.155s][info ][gc,cpu         ] GC(67) User=0.07s Sys=0.00s Real=0.02s
[32.155s][info ][safepoint      ] Safepoint "ParallelGCFailedAllocation", Time since last: 446225553 ns, Reaching safepoint: 3253722 ns, At safepoint: 16977137 ns, Total: 20230859 ns
[32.623s][info ][gc,start       ] GC(68) Pause Young (Allocation Failure)
[32.638s][debug][gc,phases      ] GC(68) Scavenge 14.908ms
[32.638s][debug][gc,ref         ] GC(68) Skipped phase 1 of Reference Processing: no references
[32.638s][debug][gc,ref         ] GC(68) Skipped phase 3 of Reference Processing: no references
[32.638s][debug][gc,phases      ] GC(68) Reference Processing 0.057ms
[32.638s][debug][gc,phases      ] GC(68) Weak Processing 0.667ms
[32.638s][debug][gc,age         ] GC(68) Desired survivor size 131072000 bytes, new threshold 15 (max threshold 15)
[32.638s][info ][gc,heap        ] GC(68) PSYoungGen: 1853932K(1960448K)->39735K(1951232K) Eden: 1814528K(1814528K)->0K(1814528K) From: 39404K(145920K)->39735K(136704K)
[32.638s][info ][gc,heap        ] GC(68) ParOldGen: 359629K(438272K)->359629K(438272K)
[32.638s][info ][gc,metaspace   ] GC(68) Metaspace: 77188K(77824K)->77188K(77824K) NonClass: 66491K(66816K)->66491K(66816K) Class: 10697K(11008K)->10697K(11008K)
[32.638s][info ][gc             ] GC(68) Pause Young (Allocation Failure) 2161M->390M(2333M) 15.793ms
[32.639s][info ][gc,cpu         ] GC(68) User=0.06s Sys=0.00s Real=0.02s
[32.639s][info ][safepoint      ] Safepoint "ParallelGCFailedAllocation", Time since last: 465063260 ns, Reaching safepoint: 2254385 ns, At safepoint: 15907996 ns, Total: 18162381 ns
[33.094s][info ][gc,start       ] GC(69) Pause Young (Allocation Failure)
[33.110s][debug][gc,phases      ] GC(69) Scavenge 15.848ms
[33.110s][debug][gc,ref         ] GC(69) Skipped phase 1 of Reference Processing: no references
[33.110s][debug][gc,ref         ] GC(69) Skipped phase 3 of Reference Processing: no references
[33.110s][debug][gc,phases      ] GC(69) Reference Processing 0.065ms
[33.111s][debug][gc,phases      ] GC(69) Weak Processing 0.655ms
[33.111s][debug][gc,age         ] GC(69) Desired survivor size 123207680 bytes, new threshold 15 (max threshold 15)
[33.111s][info ][gc,heap        ] GC(69) PSYoungGen: 1854263K(1951232K)->39964K(1976832K) Eden: 1814528K(1814528K)->0K(1848832K) From: 39735K(136704K)->39964K(128000K)
[33.111s][info ][gc,heap        ] GC(69) ParOldGen: 359629K(438272K)->359629K(438272K)
[33.111s][info ][gc,metaspace   ] GC(69) Metaspace: 77208K(77824K)->77208K(77824K) NonClass: 66511K(66816K)->66511K(66816K) Class: 10697K(11008K)->10697K(11008K)
[33.111s][info ][gc             ] GC(69) Pause Young (Allocation Failure) 2162M->390M(2358M) 16.716ms
[33.111s][info ][gc,cpu         ] GC(69) User=0.07s Sys=0.00s Real=0.01s
[33.111s][info ][safepoint      ] Safepoint "ParallelGCFailedAllocation", Time since last: 455720288 ns, Reaching safepoint: 147105 ns, At safepoint: 16841032 ns, Total: 16988137 ns
[33.609s][info ][gc,start       ] GC(70) Pause Young (Allocation Failure)
[33.625s][debug][gc,phases      ] GC(70) Scavenge 16.549ms
[33.625s][debug][gc,ref         ] GC(70) Skipped phase 1 of Reference Processing: no references
[33.625s][debug][gc,ref         ] GC(70) Skipped phase 3 of Reference Processing: no references
[33.625s][debug][gc,phases      ] GC(70) Reference Processing 0.064ms
[33.626s][debug][gc,phases      ] GC(70) Weak Processing 0.670ms
[33.626s][debug][gc,age         ] GC(70) Desired survivor size 115867648 bytes, new threshold 15 (max threshold 15)
[33.626s][info ][gc,heap        ] GC(70) PSYoungGen: 1888796K(1976832K)->38740K(1969152K) Eden: 1848832K(1848832K)->0K(1848832K) From: 39964K(128000K)->38740K(120320K)
[33.626s][info ][gc,heap        ] GC(70) ParOldGen: 359629K(438272K)->361473K(438272K)
[33.626s][info ][gc,metaspace   ] GC(70) Metaspace: 77246K(77888K)->77246K(77888K) NonClass: 66547K(66880K)->66547K(66880K) Class: 10698K(11008K)->10698K(11008K)
[33.626s][info ][gc             ] GC(70) Pause Young (Allocation Failure) 2195M->390M(2351M) 17.457ms
[33.626s][info ][gc,cpu         ] GC(70) User=0.06s Sys=0.01s Real=0.01s
[33.626s][info ][safepoint      ] Safepoint "ParallelGCFailedAllocation", Time since last: 496974634 ns, Reaching safepoint: 246909 ns, At safepoint: 17580759 ns, Total: 17827668 ns
[34.072s][info ][gc,start       ] GC(71) Pause Young (Allocation Failure)
[34.087s][debug][gc,phases      ] GC(71) Scavenge 15.089ms
[34.087s][debug][gc,ref         ] GC(71) Skipped phase 1 of Reference Processing: no references
[34.087s][debug][gc,ref         ] GC(71) Skipped phase 3 of Reference Processing: no references
[34.087s][debug][gc,phases      ] GC(71) Reference Processing 0.084ms
[34.088s][debug][gc,phases      ] GC(71) Weak Processing 0.727ms
[34.088s][debug][gc,age         ] GC(71) Desired survivor size 109051904 bytes, new threshold 15 (max threshold 15)
[34.088s][info ][gc,heap        ] GC(71) PSYoungGen: 1887572K(1969152K)->38366K(1990656K) Eden: 1848832K(1848832K)->0K(1877504K) From: 38740K(120320K)->38366K(113152K)
[34.088s][info ][gc,heap        ] GC(71) ParOldGen: 361473K(438272K)->362187K(438272K)
[34.088s][info ][gc,metaspace   ] GC(71) Metaspace: 77344K(77952K)->77344K(77952K) NonClass: 66622K(66944K)->66622K(66944K) Class: 10721K(11008K)->10721K(11008K)
[34.088s][info ][gc             ] GC(71) Pause Young (Allocation Failure) 2196M->391M(2372M) 16.098ms
[34.088s][info ][gc,cpu         ] GC(71) User=0.07s Sys=0.00s Real=0.02s
[34.088s][info ][safepoint      ] Safepoint "ParallelGCFailedAllocation", Time since last: 445508883 ns, Reaching safepoint: 263510 ns, At safepoint: 16232307 ns, Total: 16495817 ns
[34.607s][info ][gc,start       ] GC(72) Pause Young (Allocation Failure)
[34.622s][debug][gc,phases      ] GC(72) Scavenge 14.777ms
[34.622s][debug][gc,ref         ] GC(72) Skipped phase 1 of Reference Processing: no references
[34.622s][debug][gc,ref         ] GC(72) Skipped phase 3 of Reference Processing: no references
[34.622s][debug][gc,ref         ] GC(72) Skipped phase 4 of Reference Processing: no references
[34.622s][debug][gc,phases      ] GC(72) Reference Processing 0.050ms
[34.623s][debug][gc,phases      ] GC(72) Weak Processing 0.587ms
[34.623s][debug][gc,age         ] GC(72) Desired survivor size 103284736 bytes, new threshold 15 (max threshold 15)
[34.623s][info ][gc,heap        ] GC(72) PSYoungGen: 1915870K(1990656K)->37982K(1984000K) Eden: 1877504K(1877504K)->0K(1877504K) From: 38366K(113152K)->37982K(106496K)
[34.623s][info ][gc,heap        ] GC(72) ParOldGen: 362187K(438272K)->363001K(438272K)
[34.623s][info ][gc,metaspace   ] GC(72) Metaspace: 77400K(78016K)->77400K(78016K) NonClass: 66678K(67008K)->66678K(67008K) Class: 10721K(11008K)->10721K(11008K)
[34.623s][info ][gc             ] GC(72) Pause Young (Allocation Failure) 2224M->391M(2365M) 15.576ms
[34.623s][info ][gc,cpu         ] GC(72) User=0.05s Sys=0.00s Real=0.01s
[34.623s][info ][safepoint      ] Safepoint "ParallelGCFailedAllocation", Time since last: 518857230 ns, Reaching safepoint: 232009 ns, At safepoint: 15685487 ns, Total: 15917496 ns
[35.097s][info ][safepoint      ] Safepoint "ICBufferFull", Time since last: 473877322 ns, Reaching safepoint: 369014 ns, At safepoint: 24401 ns, Total: 393415 ns
[35.128s][info ][gc,start       ] GC(73) Pause Young (Allocation Failure)
[35.143s][debug][gc,phases      ] GC(73) Scavenge 15.322ms
[35.144s][debug][gc,ref         ] GC(73) Skipped phase 1 of Reference Processing: no references
[35.144s][debug][gc,ref         ] GC(73) Skipped phase 3 of Reference Processing: no references
[35.144s][debug][gc,phases      ] GC(73) Reference Processing 0.042ms
[35.144s][debug][gc,phases      ] GC(73) Weak Processing 0.602ms
[35.144s][debug][gc,age         ] GC(73) Desired survivor size 98041856 bytes, new threshold 15 (max threshold 15)
[35.144s][info ][gc,heap        ] GC(73) PSYoungGen: 1915486K(1984000K)->37214K(2001408K) Eden: 1877504K(1877504K)->0K(1900544K) From: 37982K(106496K)->37214K(100864K)
[35.144s][info ][gc,heap        ] GC(73) ParOldGen: 363001K(438272K)->364105K(438272K)
[35.144s][info ][gc,metaspace   ] GC(73) Metaspace: 77442K(78080K)->77442K(78080K) NonClass: 66719K(67072K)->66719K(67072K) Class: 10723K(11008K)->10723K(11008K)
[35.144s][info ][gc             ] GC(73) Pause Young (Allocation Failure) 2225M->391M(2382M) 16.114ms
[35.144s][info ][gc,cpu         ] GC(73) User=0.06s Sys=0.00s Real=0.01s
[35.144s][info ][safepoint      ] Safepoint "ParallelGCFailedAllocation", Time since last: 30780851 ns, Reaching safepoint: 174407 ns, At safepoint: 16241607 ns, Total: 16416014 ns
[35.646s][info ][gc,start       ] GC(74) Pause Young (Allocation Failure)
[35.661s][debug][gc,phases      ] GC(74) Scavenge 14.971ms
[35.661s][debug][gc,ref         ] GC(74) Skipped phase 1 of Reference Processing: no references
[35.661s][debug][gc,ref         ] GC(74) Skipped phase 3 of Reference Processing: no references
[35.661s][debug][gc,phases      ] GC(74) Reference Processing 0.027ms
[35.661s][debug][gc,phases      ] GC(74) Weak Processing 0.609ms
[35.661s][debug][gc,age         ] GC(74) Desired survivor size 95944704 bytes, new threshold 15 (max threshold 15)
[35.661s][info ][gc,heap        ] GC(74) PSYoungGen: 1937758K(2001408K)->20126K(1996288K) Eden: 1900544K(1900544K)->0K(1900544K) From: 37214K(100864K)->20126K(95744K)
[35.661s][info ][gc,heap        ] GC(74) ParOldGen: 364105K(438272K)->381789K(438272K)
[35.661s][info ][gc,metaspace   ] GC(74) Metaspace: 77463K(78144K)->77463K(78144K) NonClass: 66737K(67136K)->66737K(67136K) Class: 10725K(11008K)->10725K(11008K)
[35.661s][info ][gc             ] GC(74) Pause Young (Allocation Failure) 2247M->392M(2377M) 15.774ms
[35.662s][info ][gc,cpu         ] GC(74) User=0.05s Sys=0.02s Real=0.02s
[35.662s][info ][safepoint      ] Safepoint "ParallelGCFailedAllocation", Time since last: 501105039 ns, Reaching safepoint: 247709 ns, At safepoint: 15892694 ns, Total: 16140403 ns
[36.148s][info ][gc,start       ] GC(75) Pause Young (Allocation Failure)
[36.160s][debug][gc,phases      ] GC(75) Scavenge 12.599ms
[36.160s][debug][gc,ref         ] GC(75) Skipped phase 1 of Reference Processing: no references
[36.160s][debug][gc,ref         ] GC(75) Skipped phase 3 of Reference Processing: no references
[36.160s][debug][gc,ref         ] GC(75) Skipped phase 4 of Reference Processing: no references
[36.160s][debug][gc,phases      ] GC(75) Reference Processing 0.025ms
[36.161s][debug][gc,phases      ] GC(75) Weak Processing 0.511ms
[36.161s][debug][gc,age         ] GC(75) Desired survivor size 93847552 bytes, new threshold 15 (max threshold 15)
[36.161s][info ][gc,heap        ] GC(75) PSYoungGen: 1920670K(1996288K)->19597K(2005504K) Eden: 1900544K(1900544K)->0K(1911808K) From: 20126K(95744K)->19597K(93696K)
[36.161s][info ][gc,heap        ] GC(75) ParOldGen: 381789K(438272K)->382725K(438272K)
[36.161s][info ][gc,metaspace   ] GC(75) Metaspace: 77472K(78144K)->77472K(78144K) NonClass: 66747K(67136K)->66747K(67136K) Class: 10725K(11008K)->10725K(11008K)
[36.161s][info ][gc             ] GC(75) Pause Young (Allocation Failure) 2248M->392M(2386M) 13.275ms
[36.161s][info ][gc,cpu         ] GC(75) User=0.06s Sys=0.00s Real=0.01s
[36.161s][info ][safepoint      ] Safepoint "ParallelGCFailedAllocation", Time since last: 485883748 ns, Reaching safepoint: 258110 ns, At safepoint: 13386500 ns, Total: 13644610 ns
[36.660s][info ][gc,start       ] GC(76) Pause Young (Allocation Failure)
[36.673s][debug][gc,phases      ] GC(76) Scavenge 12.308ms
[36.673s][debug][gc,ref         ] GC(76) Skipped phase 1 of Reference Processing: no references
[36.673s][debug][gc,ref         ] GC(76) Skipped phase 3 of Reference Processing: no references
[36.673s][debug][gc,ref         ] GC(76) Skipped phase 4 of Reference Processing: no references
[36.673s][debug][gc,phases      ] GC(76) Reference Processing 0.024ms
[36.673s][debug][gc,phases      ] GC(76) Weak Processing 0.636ms
[36.673s][debug][gc,age         ] GC(76) Desired survivor size 91750400 bytes, new threshold 15 (max threshold 15)
[36.673s][info ][gc,heap        ] GC(76) PSYoungGen: 1931405K(2005504K)->18176K(2003456K) Eden: 1911808K(1911808K)->0K(1911808K) From: 19597K(93696K)->18176K(91648K)
[36.673s][info ][gc,heap        ] GC(76) ParOldGen: 382725K(438272K)->384635K(438272K)
[36.673s][info ][gc,metaspace   ] GC(76) Metaspace: 77503K(78144K)->77503K(78144K) NonClass: 66776K(67136K)->66776K(67136K) Class: 10726K(11008K)->10726K(11008K)
[36.673s][info ][gc             ] GC(76) Pause Young (Allocation Failure) 2259M->393M(2384M) 13.112ms
[36.673s][info ][gc,cpu         ] GC(76) User=0.05s Sys=0.00s Real=0.01s
[36.673s][info ][safepoint      ] Safepoint "ParallelGCFailedAllocation", Time since last: 498853330 ns, Reaching safepoint: 173807 ns, At safepoint: 13220093 ns, Total: 13393900 ns
[37.162s][info ][gc,start       ] GC(77) Pause Young (Allocation Failure)
[37.173s][debug][gc,phases      ] GC(77) Scavenge 11.657ms
[37.173s][debug][gc,ref         ] GC(77) Skipped phase 1 of Reference Processing: no references
[37.173s][debug][gc,ref         ] GC(77) Skipped phase 3 of Reference Processing: no references
[37.173s][debug][gc,ref         ] GC(77) Skipped phase 4 of Reference Processing: no references
[37.173s][debug][gc,phases      ] GC(77) Reference Processing 0.044ms
[37.174s][debug][gc,phases      ] GC(77) Weak Processing 0.561ms
[37.174s][debug][gc,age         ] GC(77) Desired survivor size 89128960 bytes, new threshold 15 (max threshold 15)
[37.174s][info ][gc,heap        ] GC(77) PSYoungGen: 1929984K(2003456K)->17552K(2010112K) Eden: 1911808K(1911808K)->0K(1920512K) From: 18176K(91648K)->17552K(89600K)
[37.174s][info ][gc,heap        ] GC(77) ParOldGen: 384635K(438272K)->385671K(438272K)
[37.174s][info ][gc,metaspace   ] GC(77) Metaspace: 77539K(78208K)->77539K(78208K) NonClass: 66809K(67200K)->66809K(67200K) Class: 10729K(11008K)->10729K(11008K)
[37.174s][info ][gc             ] GC(77) Pause Young (Allocation Failure) 2260M->393M(2391M) 12.405ms
[37.174s][info ][gc,cpu         ] GC(77) User=0.04s Sys=0.01s Real=0.01s
[37.174s][info ][safepoint      ] Safepoint "ParallelGCFailedAllocation", Time since last: 487987803 ns, Reaching safepoint: 321212 ns, At safepoint: 12524068 ns, Total: 12845280 ns
[37.723s][info ][gc,start       ] GC(78) Pause Young (Allocation Failure)
[37.734s][debug][gc,phases      ] GC(78) Scavenge 10.584ms
[37.734s][debug][gc,ref         ] GC(78) Skipped phase 1 of Reference Processing: no references
[37.734s][debug][gc,ref         ] GC(78) Skipped phase 3 of Reference Processing: no references
[37.734s][debug][gc,ref         ] GC(78) Skipped phase 4 of Reference Processing: no references
[37.734s][debug][gc,phases      ] GC(78) Reference Processing 0.026ms
[37.734s][debug][gc,phases      ] GC(78) Weak Processing 0.616ms
[37.734s][debug][gc,age         ] GC(78) Desired survivor size 86507520 bytes, new threshold 15 (max threshold 15)
[37.734s][info ][gc,heap        ] GC(78) PSYoungGen: 1938064K(2010112K)->16432K(2007552K) Eden: 1920512K(1920512K)->0K(1920512K) From: 17552K(89600K)->16432K(87040K)
[37.734s][info ][gc,heap        ] GC(78) ParOldGen: 385671K(438272K)->387307K(438272K)
[37.734s][info ][gc,metaspace   ] GC(78) Metaspace: 77546K(78208K)->77546K(78208K) NonClass: 66816K(67200K)->66816K(67200K) Class: 10729K(11008K)->10729K(11008K)
[37.734s][info ][gc             ] GC(78) Pause Young (Allocation Failure) 2269M->394M(2388M) 11.384ms
[37.734s][info ][gc,cpu         ] GC(78) User=0.04s Sys=0.00s Real=0.02s
[37.735s][info ][safepoint      ] Safepoint "ParallelGCFailedAllocation", Time since last: 548638560 ns, Reaching safepoint: 237209 ns, At safepoint: 11499128 ns, Total: 11736337 ns
[38.235s][info ][gc,start       ] GC(79) Pause Young (Allocation Failure)
[38.246s][debug][gc,phases      ] GC(79) Scavenge 11.140ms
[38.246s][debug][gc,ref         ] GC(79) Skipped phase 1 of Reference Processing: no references
[38.246s][debug][gc,ref         ] GC(79) Skipped phase 3 of Reference Processing: no references
[38.246s][debug][gc,ref         ] GC(79) Skipped phase 4 of Reference Processing: no references
[38.246s][debug][gc,phases      ] GC(79) Reference Processing 0.086ms
[38.247s][debug][gc,phases      ] GC(79) Weak Processing 0.564ms
[38.247s][debug][gc,age         ] GC(79) Desired survivor size 83886080 bytes, new threshold 15 (max threshold 15)
[38.247s][info ][gc,heap        ] GC(79) PSYoungGen: 1936944K(2007552K)->16624K(2015232K) Eden: 1920512K(1920512K)->0K(1930752K) From: 16432K(87040K)->16624K(84480K)
[38.247s][info ][gc,heap        ] GC(79) ParOldGen: 387307K(438272K)->387639K(438272K)
[38.247s][info ][gc,metaspace   ] GC(79) Metaspace: 77567K(78208K)->77567K(78208K) NonClass: 66837K(67200K)->66837K(67200K) Class: 10729K(11008K)->10729K(11008K)
[38.247s][info ][gc             ] GC(79) Pause Young (Allocation Failure) 2269M->394M(2396M) 11.952ms
[38.247s][info ][gc,cpu         ] GC(79) User=0.05s Sys=0.00s Real=0.01s
[38.247s][info ][safepoint      ] Safepoint "ParallelGCFailedAllocation", Time since last: 500032429 ns, Reaching safepoint: 339013 ns, At safepoint: 12064049 ns, Total: 12403062 ns
[38.762s][info ][gc,start       ] GC(80) Pause Young (Allocation Failure)
[38.775s][debug][gc,phases      ] GC(80) Scavenge 13.440ms
[38.775s][debug][gc,ref         ] GC(80) Skipped phase 1 of Reference Processing: no references
[38.775s][debug][gc,ref         ] GC(80) Skipped phase 3 of Reference Processing: no references
[38.775s][debug][gc,ref         ] GC(80) Skipped phase 4 of Reference Processing: no references
[38.775s][debug][gc,phases      ] GC(80) Reference Processing 0.028ms
[38.776s][debug][gc,phases      ] GC(80) Weak Processing 0.571ms
[38.776s][debug][gc,age         ] GC(80) Desired survivor size 82313216 bytes, new threshold 15 (max threshold 15)
[38.776s][info ][gc,heap        ] GC(80) PSYoungGen: 1947376K(2015232K)->7968K(2012672K) Eden: 1930752K(1930752K)->0K(1930752K) From: 16624K(84480K)->7968K(81920K)
[38.776s][info ][gc,heap        ] GC(80) ParOldGen: 387639K(438272K)->396919K(438272K)
[38.776s][info ][gc,metaspace   ] GC(80) Metaspace: 77579K(78208K)->77579K(78208K) NonClass: 66849K(67200K)->66849K(67200K) Class: 10729K(11008K)->10729K(11008K)
[38.776s][info ][gc             ] GC(80) Pause Young (Allocation Failure) 2280M->395M(2393M) 14.214ms
[38.776s][info ][gc,cpu         ] GC(80) User=0.04s Sys=0.00s Real=0.02s
[38.776s][info ][safepoint      ] Safepoint "ParallelGCFailedAllocation", Time since last: 514331955 ns, Reaching safepoint: 197907 ns, At safepoint: 14324933 ns, Total: 14522840 ns
[39.113s][info ][safepoint      ] Safepoint "ICBufferFull", Time since last: 334954063 ns, Reaching safepoint: 2316086 ns, At safepoint: 37701 ns, Total: 2353787 ns
[39.310s][info ][gc,start       ] GC(81) Pause Young (Allocation Failure)
[39.316s][debug][gc,phases      ] GC(81) Scavenge 5.819ms
[39.316s][debug][gc,ref         ] GC(81) Skipped phase 1 of Reference Processing: no references
[39.316s][debug][gc,ref         ] GC(81) Skipped phase 3 of Reference Processing: no references
[39.316s][debug][gc,phases      ] GC(81) Reference Processing 0.023ms
[39.317s][debug][gc,phases      ] GC(81) Weak Processing 0.541ms
[39.317s][debug][gc,age         ] GC(81) Desired survivor size 80740352 bytes, new threshold 15 (max threshold 15)
[39.317s][info ][gc,heap        ] GC(81) PSYoungGen: 1938720K(2012672K)->7424K(2018304K) Eden: 1930752K(1930752K)->0K(1937920K) From: 7968K(81920K)->7424K(80384K)
[39.317s][info ][gc,heap        ] GC(81) ParOldGen: 396919K(438272K)->398175K(438272K)
[39.317s][info ][gc,metaspace   ] GC(81) Metaspace: 77614K(78208K)->77614K(78208K) NonClass: 66883K(67200K)->66883K(67200K) Class: 10730K(11008K)->10730K(11008K)
[39.317s][info ][gc             ] GC(81) Pause Young (Allocation Failure) 2280M->396M(2399M) 6.535ms
[39.317s][info ][gc,cpu         ] GC(81) User=0.03s Sys=0.00s Real=0.01s
[39.317s][info ][safepoint      ] Safepoint "ParallelGCFailedAllocation", Time since last: 196366407 ns, Reaching safepoint: 856732 ns, At safepoint: 6663148 ns, Total: 7519880 ns
[39.825s][info ][gc,start       ] GC(82) Pause Young (Allocation Failure)
[39.830s][debug][gc,phases      ] GC(82) Scavenge 4.625ms
[39.830s][debug][gc,ref         ] GC(82) Skipped phase 1 of Reference Processing: no references
[39.830s][debug][gc,ref         ] GC(82) Skipped phase 3 of Reference Processing: no references
[39.830s][debug][gc,ref         ] GC(82) Skipped phase 4 of Reference Processing: no references
[39.830s][debug][gc,phases      ] GC(82) Reference Processing 0.024ms
[39.831s][debug][gc,phases      ] GC(82) Weak Processing 0.581ms
[39.831s][debug][gc,age         ] GC(82) Desired survivor size 78643200 bytes, new threshold 15 (max threshold 15)
[39.831s][info ][gc,heap        ] GC(82) PSYoungGen: 1945344K(2018304K)->7952K(2016768K) Eden: 1937920K(1937920K)->0K(1937920K) From: 7424K(80384K)->7952K(78848K)
[39.831s][info ][gc,heap        ] GC(82) ParOldGen: 398175K(438272K)->398487K(438272K)
[39.831s][info ][gc,metaspace   ] GC(82) Metaspace: 77638K(78272K)->77638K(78272K) NonClass: 66907K(67264K)->66907K(67264K) Class: 10730K(11008K)->10730K(11008K)
[39.831s][info ][gc             ] GC(82) Pause Young (Allocation Failure) 2288M->396M(2397M) 5.370ms
[39.831s][info ][gc,cpu         ] GC(82) User=0.02s Sys=0.00s Real=0.01s
[39.831s][info ][safepoint      ] Safepoint "ParallelGCFailedAllocation", Time since last: 507975090 ns, Reaching safepoint: 152305 ns, At safepoint: 5482304 ns, Total: 5634609 ns
[41.067s][info ][safepoint      ] Safepoint "Cleanup", Time since last: 1236349121 ns, Reaching safepoint: 168806 ns, At safepoint: 9901 ns, Total: 178707 ns
[42.067s][info ][safepoint      ] Safepoint "Cleanup", Time since last: 1000108194 ns, Reaching safepoint: 167207 ns, At safepoint: 12100 ns, Total: 179307 ns
[43.068s][info ][safepoint      ] Safepoint "Cleanup", Time since last: 1000111447 ns, Reaching safepoint: 119705 ns, At safepoint: 8700 ns, Total: 128405 ns
[44.154s][info ][gc,start       ] GC(83) Pause Young (Allocation Failure)
[44.160s][debug][gc,phases      ] GC(83) Scavenge 5.354ms
[44.160s][debug][gc,ref         ] GC(83) Skipped phase 1 of Reference Processing: no references
[44.160s][debug][gc,ref         ] GC(83) Skipped phase 3 of Reference Processing: no references
[44.160s][debug][gc,phases      ] GC(83) Reference Processing 0.027ms
[44.160s][debug][gc,phases      ] GC(83) Weak Processing 0.538ms
[44.160s][debug][gc,age         ] GC(83) Desired survivor size 76021760 bytes, new threshold 15 (max threshold 15)
[44.160s][info ][gc,heap        ] GC(83) PSYoungGen: 1945872K(2016768K)->9120K(2022912K) Eden: 1937920K(1937920K)->0K(1946112K) From: 7952K(78848K)->9120K(76800K)
[44.161s][info ][gc,heap        ] GC(83) ParOldGen: 398487K(438272K)->398811K(438272K)
[44.161s][info ][gc,metaspace   ] GC(83) Metaspace: 77776K(78400K)->77776K(78400K) NonClass: 67040K(67392K)->67040K(67392K) Class: 10736K(11008K)->10736K(11008K)
[44.161s][info ][gc             ] GC(83) Pause Young (Allocation Failure) 2289M->398M(2403M) 6.067ms
[44.161s][info ][gc,cpu         ] GC(83) User=0.03s Sys=0.00s Real=0.00s
[44.161s][info ][safepoint      ] Safepoint "ParallelGCFailedAllocation", Time since last: 1086574897 ns, Reaching safepoint: 141305 ns, At safepoint: 6154427 ns, Total: 6295732 ns
[45.161s][info ][safepoint      ] Safepoint "Cleanup", Time since last: 1000104148 ns, Reaching safepoint: 196108 ns, At safepoint: 12200 ns, Total: 208308 ns
[46.161s][info ][safepoint      ] Safepoint "Cleanup", Time since last: 1000106001 ns, Reaching safepoint: 131905 ns, At safepoint: 10600 ns, Total: 142505 ns
[47.161s][info ][safepoint      ] Safepoint "Cleanup", Time since last: 1000109054 ns, Reaching safepoint: 63603 ns, At safepoint: 8000 ns, Total: 71603 ns
[48.162s][info ][safepoint      ] Safepoint "Cleanup", Time since last: 1000119807 ns, Reaching safepoint: 140506 ns, At safepoint: 13000 ns, Total: 153506 ns
[49.162s][info ][safepoint      ] Safepoint "Cleanup", Time since last: 1000121161 ns, Reaching safepoint: 149705 ns, At safepoint: 16101 ns, Total: 165806 ns
[50.162s][info ][safepoint      ] Safepoint "Cleanup", Time since last: 1000120414 ns, Reaching safepoint: 148705 ns, At safepoint: 9800 ns, Total: 158505 ns
[51.162s][info ][safepoint      ] Safepoint "Cleanup", Time since last: 1000102467 ns, Reaching safepoint: 61402 ns, At safepoint: 6700 ns, Total: 68102 ns
[52.162s][info ][safepoint      ] Safepoint "Cleanup", Time since last: 1000090220 ns, Reaching safepoint: 70102 ns, At safepoint: 6701 ns, Total: 76803 ns
[53.163s][info ][safepoint      ] Safepoint "Cleanup", Time since last: 1000126574 ns, Reaching safepoint: 144405 ns, At safepoint: 9800 ns, Total: 154205 ns
[54.163s][info ][safepoint      ] Safepoint "Cleanup", Time since last: 1000110328 ns, Reaching safepoint: 188806 ns, At safepoint: 11001 ns, Total: 199807 ns
[55.163s][info ][safepoint      ] Safepoint "Cleanup", Time since last: 1000103280 ns, Reaching safepoint: 292811 ns, At safepoint: 12701 ns, Total: 305512 ns
[57.010s][info ][safepoint      ] Safepoint "Cleanup", Time since last: 1846330127 ns, Reaching safepoint: 290310 ns, At safepoint: 16401 ns, Total: 306711 ns
[58.315s][info ][safepoint      ] Safepoint "Cleanup", Time since last: 1305017323 ns, Reaching safepoint: 167606 ns, At safepoint: 16500 ns, Total: 184106 ns
[59.316s][info ][safepoint      ] Safepoint "Cleanup", Time since last: 1000112090 ns, Reaching safepoint: 91303 ns, At safepoint: 14001 ns, Total: 105304 ns
[60.316s][info ][safepoint      ] Safepoint "Cleanup", Time since last: 1000119044 ns, Reaching safepoint: 210707 ns, At safepoint: 6100 ns, Total: 216807 ns
[61.316s][info ][safepoint      ] Safepoint "Cleanup", Time since last: 1000113398 ns, Reaching safepoint: 215408 ns, At safepoint: 9301 ns, Total: 224709 ns
[62.316s][info ][safepoint      ] Safepoint "Cleanup", Time since last: 1000107051 ns, Reaching safepoint: 137605 ns, At safepoint: 10101 ns, Total: 147706 ns
[63.317s][info ][safepoint      ] Safepoint "Cleanup", Time since last: 1000104506 ns, Reaching safepoint: 103204 ns, At safepoint: 10100 ns, Total: 113304 ns
[64.318s][info ][safepoint      ] Safepoint "Cleanup", Time since last: 1000110161 ns, Reaching safepoint: 875032 ns, At safepoint: 12000 ns, Total: 887032 ns
[65.318s][info ][safepoint      ] Safepoint "Cleanup", Time since last: 1000106816 ns, Reaching safepoint: 69402 ns, At safepoint: 7200 ns, Total: 76602 ns
[66.318s][info ][safepoint      ] Safepoint "Cleanup", Time since last: 1000112270 ns, Reaching safepoint: 98904 ns, At safepoint: 8300 ns, Total: 107204 ns
[67.365s][info ][safepoint      ] Safepoint "Cleanup", Time since last: 1047029210 ns, Reaching safepoint: 176806 ns, At safepoint: 8400 ns, Total: 185206 ns
[68.366s][info ][safepoint      ] Safepoint "Cleanup", Time since last: 1000654397 ns, Reaching safepoint: 153806 ns, At safepoint: 8200 ns, Total: 162006 ns
[70.366s][info ][safepoint      ] Safepoint "Cleanup", Time since last: 2000178319 ns, Reaching safepoint: 93403 ns, At safepoint: 4900 ns, Total: 98303 ns
[71.367s][info ][safepoint      ] Safepoint "Cleanup", Time since last: 1000110043 ns, Reaching safepoint: 147105 ns, At safepoint: 10300 ns, Total: 157405 ns
[72.367s][info ][safepoint      ] Safepoint "Cleanup", Time since last: 1000108598 ns, Reaching safepoint: 137605 ns, At safepoint: 10800 ns, Total: 148405 ns
[73.367s][info ][safepoint      ] Safepoint "Cleanup", Time since last: 1000117053 ns, Reaching safepoint: 122405 ns, At safepoint: 20200 ns, Total: 142605 ns
[74.367s][info ][safepoint      ] Safepoint "Cleanup", Time since last: 1000132410 ns, Reaching safepoint: 84103 ns, At safepoint: 9700 ns, Total: 93803 ns
[75.368s][info ][safepoint      ] Safepoint "Cleanup", Time since last: 1000116264 ns, Reaching safepoint: 64602 ns, At safepoint: 11001 ns, Total: 75603 ns
[76.317s][info ][gc,start       ] GC(84) Pause Young (Allocation Failure)
[76.323s][debug][gc,phases      ] GC(84) Scavenge 5.447ms
[76.323s][debug][gc,ref         ] GC(84) Skipped phase 1 of Reference Processing: no references
[76.323s][debug][gc,ref         ] GC(84) Skipped phase 3 of Reference Processing: no references
[76.323s][debug][gc,phases      ] GC(84) Reference Processing 0.041ms
[76.323s][debug][gc,phases      ] GC(84) Weak Processing 0.565ms
[76.323s][debug][gc,age         ] GC(84) Desired survivor size 72876032 bytes, new threshold 15 (max threshold 15)
[76.323s][info ][gc,heap        ] GC(84) PSYoungGen: 1955232K(2022912K)->10048K(2020352K) Eden: 1946112K(1946112K)->0K(1946112K) From: 9120K(76800K)->10048K(74240K)
[76.323s][info ][gc,heap        ] GC(84) ParOldGen: 398811K(438272K)->399083K(438272K)
[76.323s][info ][gc,metaspace   ] GC(84) Metaspace: 78275K(78912K)->78275K(78912K) NonClass: 67505K(67840K)->67505K(67840K) Class: 10770K(11072K)->10770K(11072K)
[76.323s][info ][gc             ] GC(84) Pause Young (Allocation Failure) 2298M->399M(2401M) 6.183ms
[76.323s][info ][gc,cpu         ] GC(84) User=0.02s Sys=0.00s Real=0.00s
[76.323s][info ][safepoint      ] Safepoint "ParallelGCFailedAllocation", Time since last: 949423119 ns, Reaching safepoint: 51802 ns, At safepoint: 6334325 ns, Total: 6386127 ns
[77.324s][info ][safepoint      ] Safepoint "Cleanup", Time since last: 1000099877 ns, Reaching safepoint: 66702 ns, At safepoint: 9301 ns, Total: 76003 ns
[78.324s][info ][safepoint      ] Safepoint "Cleanup", Time since last: 1000111232 ns, Reaching safepoint: 59202 ns, At safepoint: 9401 ns, Total: 68603 ns
[80.324s][info ][safepoint      ] Safepoint "Cleanup", Time since last: 2000189832 ns, Reaching safepoint: 169806 ns, At safepoint: 19200 ns, Total: 189006 ns
[81.015s][info ][safepoint      ] Safepoint "ICBufferFull", Time since last: 688231796 ns, Reaching safepoint: 2143876 ns, At safepoint: 20801 ns, Total: 2164677 ns
[82.015s][info ][safepoint      ] Safepoint "Cleanup", Time since last: 1000109970 ns, Reaching safepoint: 208607 ns, At safepoint: 7100 ns, Total: 215707 ns
[83.017s][info ][safepoint      ] Safepoint "Cleanup", Time since last: 1000104026 ns, Reaching safepoint: 2205678 ns, At safepoint: 10400 ns, Total: 2216078 ns
[84.017s][info ][safepoint      ] Safepoint "Cleanup", Time since last: 1000123883 ns, Reaching safepoint: 142905 ns, At safepoint: 9500 ns, Total: 152405 ns
[85.022s][info ][safepoint      ] Safepoint "Cleanup", Time since last: 1000139640 ns, Reaching safepoint: 4240849 ns, At safepoint: 9600 ns, Total: 4250449 ns
[86.022s][info ][safepoint      ] Safepoint "Cleanup", Time since last: 1000096894 ns, Reaching safepoint: 163906 ns, At safepoint: 10901 ns, Total: 174807 ns
[87.022s][info ][safepoint      ] Safepoint "Cleanup", Time since last: 1000115251 ns, Reaching safepoint: 66502 ns, At safepoint: 8201 ns, Total: 74703 ns
[88.023s][info ][safepoint      ] Safepoint "Cleanup", Time since last: 1000108007 ns, Reaching safepoint: 143705 ns, At safepoint: 6201 ns, Total: 149906 ns
[89.023s][info ][safepoint      ] Safepoint "Cleanup", Time since last: 1000108964 ns, Reaching safepoint: 68102 ns, At safepoint: 11501 ns, Total: 79603 ns
[90.023s][info ][safepoint      ] Safepoint "Cleanup", Time since last: 1000119821 ns, Reaching safepoint: 100804 ns, At safepoint: 8300 ns, Total: 109104 ns
[91.023s][info ][safepoint      ] Safepoint "Cleanup", Time since last: 1000124078 ns, Reaching safepoint: 67903 ns, At safepoint: 7700 ns, Total: 75603 ns
[92.023s][info ][safepoint      ] Safepoint "Cleanup", Time since last: 1000106835 ns, Reaching safepoint: 63002 ns, At safepoint: 5700 ns, Total: 68702 ns
[93.024s][info ][safepoint      ] Safepoint "Cleanup", Time since last: 1000107092 ns, Reaching safepoint: 86103 ns, At safepoint: 11300 ns, Total: 97403 ns
[94.562s][info ][safepoint      ] Safepoint "Cleanup", Time since last: 1538545244 ns, Reaching safepoint: 141504 ns, At safepoint: 10301 ns, Total: 151805 ns
[95.562s][info ][safepoint      ] Safepoint "Cleanup", Time since last: 1000101583 ns, Reaching safepoint: 52401 ns, At safepoint: 11201 ns, Total: 63602 ns
[96.563s][info ][safepoint      ] Safepoint "Cleanup", Time since last: 1000108740 ns, Reaching safepoint: 63702 ns, At safepoint: 8801 ns, Total: 72503 ns
[98.502s][info ][safepoint      ] Safepoint "Cleanup", Time since last: 1939433252 ns, Reaching safepoint: 231208 ns, At safepoint: 10901 ns, Total: 242109 ns
[99.503s][info ][safepoint      ] Safepoint "Cleanup", Time since last: 1000119615 ns, Reaching safepoint: 178007 ns, At safepoint: 13600 ns, Total: 191607 ns
[100.503s][info ][safepoint      ] Safepoint "Cleanup", Time since last: 1000119873 ns, Reaching safepoint: 127705 ns, At safepoint: 6900 ns, Total: 134605 ns
[101.503s][info ][safepoint      ] Safepoint "Cleanup", Time since last: 1000119131 ns, Reaching safepoint: 132904 ns, At safepoint: 14401 ns, Total: 147305 ns
[102.503s][info ][safepoint      ] Safepoint "Cleanup", Time since last: 1000124088 ns, Reaching safepoint: 136505 ns, At safepoint: 16701 ns, Total: 153206 ns
[103.504s][info ][safepoint      ] Safepoint "Cleanup", Time since last: 1000117846 ns, Reaching safepoint: 125904 ns, At safepoint: 9301 ns, Total: 135205 ns
[104.504s][info ][safepoint      ] Safepoint "Cleanup", Time since last: 1000117504 ns, Reaching safepoint: 141005 ns, At safepoint: 13300 ns, Total: 154305 ns
[105.385s][info ][gc,start       ] GC(85) Pause Young (Allocation Failure)
[105.392s][debug][gc,phases      ] GC(85) Scavenge 6.889ms
[105.392s][debug][gc,ref         ] GC(85) Skipped phase 1 of Reference Processing: no references
[105.392s][debug][gc,ref         ] GC(85) Skipped phase 3 of Reference Processing: no references
[105.392s][debug][gc,phases      ] GC(85) Reference Processing 0.060ms
[105.392s][debug][gc,phases      ] GC(85) Weak Processing 0.555ms
[105.392s][debug][gc,age         ] GC(85) Desired survivor size 69730304 bytes, new threshold 15 (max threshold 15)
[105.393s][info ][gc,heap        ] GC(85) PSYoungGen: 1956160K(2020352K)->10400K(2029056K) Eden: 1946112K(1946112K)->0K(1957888K) From: 10048K(74240K)->10400K(71168K)
[105.393s][info ][gc,heap        ] GC(85) ParOldGen: 399083K(438272K)->399527K(438272K)
[105.393s][info ][gc,metaspace   ] GC(85) Metaspace: 79114K(79808K)->79114K(79808K) NonClass: 68272K(68672K)->68272K(68672K) Class: 10842K(11136K)->10842K(11136K)
[105.393s][info ][gc             ] GC(85) Pause Young (Allocation Failure) 2300M->400M(2409M) 7.658ms
[105.393s][info ][gc,cpu         ] GC(85) User=0.03s Sys=0.00s Real=0.01s
[105.393s][info ][safepoint      ] Safepoint "ParallelGCFailedAllocation", Time since last: 880862178 ns, Reaching safepoint: 49901 ns, At safepoint: 7750366 ns, Total: 7800267 ns
[106.393s][info ][safepoint      ] Safepoint "Cleanup", Time since last: 1000088924 ns, Reaching safepoint: 57002 ns, At safepoint: 12400 ns, Total: 69402 ns
[107.393s][info ][safepoint      ] Safepoint "Cleanup", Time since last: 1000134184 ns, Reaching safepoint: 64502 ns, At safepoint: 9001 ns, Total: 73503 ns
[108.393s][info ][safepoint      ] Safepoint "Cleanup", Time since last: 1000121441 ns, Reaching safepoint: 63703 ns, At safepoint: 11800 ns, Total: 75503 ns
[109.393s][info ][safepoint      ] Safepoint "Cleanup", Time since last: 1000118600 ns, Reaching safepoint: 72902 ns, At safepoint: 6901 ns, Total: 79803 ns
[110.394s][info ][safepoint      ] Safepoint "Cleanup", Time since last: 1000109357 ns, Reaching safepoint: 123105 ns, At safepoint: 10400 ns, Total: 133505 ns
[111.394s][info ][safepoint      ] Safepoint "Cleanup", Time since last: 1000100016 ns, Reaching safepoint: 75603 ns, At safepoint: 12800 ns, Total: 88403 ns
[112.394s][info ][safepoint      ] Safepoint "Cleanup", Time since last: 1000114975 ns, Reaching safepoint: 95204 ns, At safepoint: 9000 ns, Total: 104204 ns
[113.394s][info ][safepoint      ] Safepoint "Cleanup", Time since last: 1000106133 ns, Reaching safepoint: 77203 ns, At safepoint: 6200 ns, Total: 83403 ns
[114.394s][info ][safepoint      ] Safepoint "Cleanup", Time since last: 1000131293 ns, Reaching safepoint: 104304 ns, At safepoint: 8500 ns, Total: 112804 ns
[115.395s][info ][safepoint      ] Safepoint "Cleanup", Time since last: 1000116552 ns, Reaching safepoint: 67402 ns, At safepoint: 12400 ns, Total: 79802 ns
[116.395s][info ][safepoint      ] Safepoint "Cleanup", Time since last: 1000111911 ns, Reaching safepoint: 93303 ns, At safepoint: 11600 ns, Total: 104903 ns
[117.395s][info ][safepoint      ] Safepoint "Cleanup", Time since last: 1000113269 ns, Reaching safepoint: 71703 ns, At safepoint: 9100 ns, Total: 80803 ns
[118.395s][info ][safepoint      ] Safepoint "Cleanup", Time since last: 1000113928 ns, Reaching safepoint: 55902 ns, At safepoint: 3800 ns, Total: 59702 ns
[119.395s][info ][safepoint      ] Safepoint "Cleanup", Time since last: 1000114688 ns, Reaching safepoint: 53002 ns, At safepoint: 8300 ns, Total: 61302 ns
[121.022s][info ][safepoint      ] Safepoint "Cleanup", Time since last: 1626399294 ns, Reaching safepoint: 90503 ns, At safepoint: 13901 ns, Total: 104404 ns
[122.022s][info ][safepoint      ] Safepoint "Cleanup", Time since last: 1000100380 ns, Reaching safepoint: 81603 ns, At safepoint: 13400 ns, Total: 95003 ns
[123.022s][info ][safepoint      ] Safepoint "Cleanup", Time since last: 1000086139 ns, Reaching safepoint: 163305 ns, At safepoint: 11101 ns, Total: 174406 ns
[124.023s][info ][safepoint      ] Safepoint "Cleanup", Time since last: 1000099499 ns, Reaching safepoint: 80402 ns, At safepoint: 10401 ns, Total: 90803 ns
[125.023s][info ][safepoint      ] Safepoint "Cleanup", Time since last: 1000105358 ns, Reaching safepoint: 74203 ns, At safepoint: 9600 ns, Total: 83803 ns
[126.023s][info ][safepoint      ] Safepoint "Cleanup", Time since last: 1000102918 ns, Reaching safepoint: 66903 ns, At safepoint: 10000 ns, Total: 76903 ns
[127.023s][info ][safepoint      ] Safepoint "Cleanup", Time since last: 1000109778 ns, Reaching safepoint: 61902 ns, At safepoint: 4701 ns, Total: 66603 ns
[128.023s][info ][safepoint      ] Safepoint "Cleanup", Time since last: 1000102637 ns, Reaching safepoint: 72303 ns, At safepoint: 6200 ns, Total: 78503 ns
[129.023s][info ][safepoint      ] Safepoint "Cleanup", Time since last: 1000111798 ns, Reaching safepoint: 60802 ns, At safepoint: 9100 ns, Total: 69902 ns
[130.024s][info ][safepoint      ] Safepoint "Cleanup", Time since last: 1000103758 ns, Reaching safepoint: 86203 ns, At safepoint: 14400 ns, Total: 100603 ns
[131.024s][info ][safepoint      ] Safepoint "Cleanup", Time since last: 1000101718 ns, Reaching safepoint: 80303 ns, At safepoint: 8600 ns, Total: 88903 ns
[132.024s][info ][safepoint      ] Safepoint "Cleanup", Time since last: 1000101278 ns, Reaching safepoint: 64702 ns, At safepoint: 11100 ns, Total: 75802 ns
[133.024s][info ][safepoint      ] Safepoint "Cleanup", Time since last: 1000100438 ns, Reaching safepoint: 58302 ns, At safepoint: 8201 ns, Total: 66503 ns
[134.024s][info ][safepoint      ] Safepoint "Cleanup", Time since last: 1000109298 ns, Reaching safepoint: 56802 ns, At safepoint: 30501 ns, Total: 87303 ns
[135.025s][info ][safepoint      ] Safepoint "Cleanup", Time since last: 1000111559 ns, Reaching safepoint: 67902 ns, At safepoint: 10901 ns, Total: 78803 ns
[136.025s][info ][safepoint      ] Safepoint "Cleanup", Time since last: 1000104919 ns, Reaching safepoint: 124804 ns, At safepoint: 12000 ns, Total: 136804 ns
[137.025s][info ][safepoint      ] Safepoint "Cleanup", Time since last: 1000111980 ns, Reaching safepoint: 66903 ns, At safepoint: 8400 ns, Total: 75303 ns
[137.456s][info ][gc,start       ] GC(86) Pause Young (Allocation Failure)
[137.465s][debug][gc,phases      ] GC(86) Scavenge 8.401ms
[137.465s][debug][gc,ref         ] GC(86) Skipped phase 1 of Reference Processing: no references
[137.465s][debug][gc,ref         ] GC(86) Skipped phase 3 of Reference Processing: no references
[137.465s][debug][gc,phases      ] GC(86) Reference Processing 0.059ms
[137.466s][debug][gc,phases      ] GC(86) Weak Processing 0.699ms
[137.466s][debug][gc,age         ] GC(86) Desired survivor size 66584576 bytes, new threshold 15 (max threshold 15)
[137.466s][info ][gc,heap        ] GC(86) PSYoungGen: 1968288K(2029056K)->10560K(2025984K) Eden: 1957888K(1957888K)->0K(1957888K) From: 10400K(71168K)->10560K(68096K)
[137.466s][info ][gc,heap        ] GC(86) ParOldGen: 399527K(438272K)->399895K(438272K)
[137.466s][info ][gc,metaspace   ] GC(86) Metaspace: 79427K(80128K)->79427K(80128K) NonClass: 68558K(68928K)->68558K(68928K) Class: 10869K(11200K)->10869K(11200K)
[137.466s][info ][gc             ] GC(86) Pause Young (Allocation Failure) 2312M->400M(2406M) 9.308ms
[137.466s][info ][gc,cpu         ] GC(86) User=0.03s Sys=0.00s Real=0.00s
[137.466s][info ][safepoint      ] Safepoint "ParallelGCFailedAllocation", Time since last: 431174109 ns, Reaching safepoint: 117403 ns, At safepoint: 9411911 ns, Total: 9529314 ns
[138.466s][info ][safepoint      ] Safepoint "Cleanup", Time since last: 1000102923 ns, Reaching safepoint: 132604 ns, At safepoint: 17000 ns, Total: 149604 ns
[139.466s][info ][safepoint      ] Safepoint "Cleanup", Time since last: 1000108284 ns, Reaching safepoint: 60002 ns, At safepoint: 5000 ns, Total: 65002 ns
[140.466s][info ][safepoint      ] Safepoint "Cleanup", Time since last: 1000104645 ns, Reaching safepoint: 53202 ns, At safepoint: 4000 ns, Total: 57202 ns
[141.466s][info ][safepoint      ] Safepoint "Cleanup", Time since last: 1000141906 ns, Reaching safepoint: 44102 ns, At safepoint: 4200 ns, Total: 48302 ns
[142.467s][info ][safepoint      ] Safepoint "Cleanup", Time since last: 1000116767 ns, Reaching safepoint: 51001 ns, At safepoint: 5301 ns, Total: 56302 ns
[143.467s][info ][safepoint      ] Safepoint "Cleanup", Time since last: 1000104327 ns, Reaching safepoint: 62202 ns, At safepoint: 5500 ns, Total: 67702 ns
[144.467s][info ][safepoint      ] Safepoint "Cleanup", Time since last: 1000111689 ns, Reaching safepoint: 126004 ns, At safepoint: 11200 ns, Total: 137204 ns
[145.467s][info ][safepoint      ] Safepoint "Cleanup", Time since last: 1000105050 ns, Reaching safepoint: 58302 ns, At safepoint: 4700 ns, Total: 63002 ns
[146.467s][info ][safepoint      ] Safepoint "Cleanup", Time since last: 1000101711 ns, Reaching safepoint: 68302 ns, At safepoint: 8000 ns, Total: 76302 ns
[147.468s][info ][safepoint      ] Safepoint "Cleanup", Time since last: 1000104972 ns, Reaching safepoint: 53202 ns, At safepoint: 3600 ns, Total: 56802 ns
[148.468s][info ][safepoint      ] Safepoint "Cleanup", Time since last: 1000105234 ns, Reaching safepoint: 43201 ns, At safepoint: 3600 ns, Total: 46801 ns
[149.468s][info ][safepoint      ] Safepoint "Cleanup", Time since last: 1000096695 ns, Reaching safepoint: 57102 ns, At safepoint: 4500 ns, Total: 61602 ns
[150.468s][info ][safepoint      ] Safepoint "Cleanup", Time since last: 1000112857 ns, Reaching safepoint: 177805 ns, At safepoint: 9601 ns, Total: 187406 ns
[151.468s][info ][safepoint      ] Safepoint "Cleanup", Time since last: 1000111718 ns, Reaching safepoint: 78803 ns, At safepoint: 7000 ns, Total: 85803 ns
[152.469s][info ][safepoint      ] Safepoint "Cleanup", Time since last: 1000091879 ns, Reaching safepoint: 69703 ns, At safepoint: 9700 ns, Total: 79403 ns
[153.469s][info ][safepoint      ] Safepoint "Cleanup", Time since last: 1000101941 ns, Reaching safepoint: 49502 ns, At safepoint: 3700 ns, Total: 53202 ns
[154.469s][info ][safepoint      ] Safepoint "Cleanup", Time since last: 1000096803 ns, Reaching safepoint: 87503 ns, At safepoint: 6200 ns, Total: 93703 ns
[155.469s][info ][safepoint      ] Safepoint "Cleanup", Time since last: 1000103466 ns, Reaching safepoint: 89303 ns, At safepoint: 10200 ns, Total: 99503 ns
[156.474s][info ][safepoint      ] Safepoint "Cleanup", Time since last: 1000100527 ns, Reaching safepoint: 5018662 ns, At safepoint: 15000 ns, Total: 5033662 ns
[157.474s][info ][safepoint      ] Safepoint "Cleanup", Time since last: 1000106890 ns, Reaching safepoint: 72002 ns, At safepoint: 8400 ns, Total: 80402 ns
[158.479s][info ][safepoint      ] Safepoint "Cleanup", Time since last: 1000098551 ns, Reaching safepoint: 4315539 ns, At safepoint: 15901 ns, Total: 4331440 ns
[160.211s][info ][safepoint      ] Safepoint "Cleanup", Time since last: 1732253196 ns, Reaching safepoint: 190506 ns, At safepoint: 11101 ns, Total: 201607 ns
[161.211s][info ][safepoint      ] Safepoint "Cleanup", Time since last: 1000101848 ns, Reaching safepoint: 55202 ns, At safepoint: 5800 ns, Total: 61002 ns
[162.212s][info ][safepoint      ] Safepoint "Cleanup", Time since last: 1000125411 ns, Reaching safepoint: 124904 ns, At safepoint: 9100 ns, Total: 134004 ns
[163.212s][info ][safepoint      ] Safepoint "Cleanup", Time since last: 1000110574 ns, Reaching safepoint: 79402 ns, At safepoint: 34601 ns, Total: 114003 ns
[164.212s][info ][safepoint      ] Safepoint "Cleanup", Time since last: 1000133837 ns, Reaching safepoint: 124104 ns, At safepoint: 12300 ns, Total: 136404 ns
[165.704s][info ][safepoint      ] Safepoint "Cleanup", Time since last: 1491807170 ns, Reaching safepoint: 145705 ns, At safepoint: 10000 ns, Total: 155705 ns
[166.705s][info ][safepoint      ] Safepoint "Cleanup", Time since last: 1000121844 ns, Reaching safepoint: 171805 ns, At safepoint: 13700 ns, Total: 185505 ns
[167.020s][info ][gc,start       ] GC(87) Pause Young (Allocation Failure)
[167.027s][debug][gc,phases      ] GC(87) Scavenge 7.392ms
[167.027s][debug][gc,ref         ] GC(87) Skipped phase 1 of Reference Processing: no references
[167.027s][debug][gc,ref         ] GC(87) Skipped phase 3 of Reference Processing: no references
[167.027s][debug][gc,phases      ] GC(87) Reference Processing 0.039ms
[167.028s][debug][gc,phases      ] GC(87) Weak Processing 0.636ms
[167.028s][debug][gc,age         ] GC(87) Desired survivor size 63438848 bytes, new threshold 15 (max threshold 15)
[167.028s][info ][gc,heap        ] GC(87) PSYoungGen: 1968448K(2025984K)->10256K(2035200K) Eden: 1957888K(1957888K)->0K(1970176K) From: 10560K(68096K)->10256K(65024K)
[167.028s][info ][gc,heap        ] GC(87) ParOldGen: 399895K(438272K)->400287K(438272K)
[167.028s][info ][gc,metaspace   ] GC(87) Metaspace: 79582K(80256K)->79582K(80256K) NonClass: 68708K(69056K)->68708K(69056K) Class: 10874K(11200K)->10874K(11200K)
[167.028s][info ][gc             ] GC(87) Pause Young (Allocation Failure) 2312M->400M(2415M) 8.298ms
[167.028s][info ][gc,cpu         ] GC(87) User=0.03s Sys=0.00s Real=0.01s
[167.028s][info ][safepoint      ] Safepoint "ParallelGCFailedAllocation", Time since last: 315157524 ns, Reaching safepoint: 69902 ns, At safepoint: 8416168 ns, Total: 8486070 ns
[168.028s][info ][safepoint      ] Safepoint "Cleanup", Time since last: 1000106394 ns, Reaching safepoint: 74602 ns, At safepoint: 9900 ns, Total: 84502 ns
[169.029s][info ][safepoint      ] Safepoint "Cleanup", Time since last: 1000122657 ns, Reaching safepoint: 79603 ns, At safepoint: 5100 ns, Total: 84703 ns
[170.856s][info ][safepoint      ] Safepoint "Cleanup", Time since last: 1826777511 ns, Reaching safepoint: 175606 ns, At safepoint: 14000 ns, Total: 189606 ns
[171.856s][info ][safepoint      ] Safepoint "Cleanup", Time since last: 1000115553 ns, Reaching safepoint: 141404 ns, At safepoint: 8900 ns, Total: 150304 ns
[172.856s][info ][safepoint      ] Safepoint "Cleanup", Time since last: 1000118016 ns, Reaching safepoint: 132304 ns, At safepoint: 12000 ns, Total: 144304 ns
[173.856s][info ][safepoint      ] Safepoint "Cleanup", Time since last: 1000148280 ns, Reaching safepoint: 160005 ns, At safepoint: 13201 ns, Total: 173206 ns
[174.857s][info ][safepoint      ] Safepoint "Cleanup", Time since last: 1000106441 ns, Reaching safepoint: 143805 ns, At safepoint: 10000 ns, Total: 153805 ns
[175.857s][info ][safepoint      ] Safepoint "Cleanup", Time since last: 1000112606 ns, Reaching safepoint: 147004 ns, At safepoint: 8701 ns, Total: 155705 ns
[176.857s][info ][safepoint      ] Safepoint "Cleanup", Time since last: 1000094568 ns, Reaching safepoint: 141504 ns, At safepoint: 10101 ns, Total: 151605 ns
[177.857s][info ][safepoint      ] Safepoint "Cleanup", Time since last: 1000123732 ns, Reaching safepoint: 128504 ns, At safepoint: 6601 ns, Total: 135105 ns
[178.858s][info ][safepoint      ] Safepoint "Cleanup", Time since last: 1000119296 ns, Reaching safepoint: 71302 ns, At safepoint: 11400 ns, Total: 82702 ns
[179.858s][info ][safepoint      ] Safepoint "Cleanup", Time since last: 1000115660 ns, Reaching safepoint: 129604 ns, At safepoint: 17101 ns, Total: 146705 ns
[180.858s][info ][safepoint      ] Safepoint "Cleanup", Time since last: 1000128424 ns, Reaching safepoint: 154705 ns, At safepoint: 11800 ns, Total: 166505 ns
[181.858s][info ][safepoint      ] Safepoint "Cleanup", Time since last: 1000121087 ns, Reaching safepoint: 183206 ns, At safepoint: 12801 ns, Total: 196007 ns
[182.859s][info ][safepoint      ] Safepoint "Cleanup", Time since last: 1000112551 ns, Reaching safepoint: 136504 ns, At safepoint: 11500 ns, Total: 148004 ns
[183.859s][info ][safepoint      ] Safepoint "Cleanup", Time since last: 1000123316 ns, Reaching safepoint: 129604 ns, At safepoint: 11100 ns, Total: 140704 ns
[184.859s][info ][safepoint      ] Safepoint "Cleanup", Time since last: 1000112579 ns, Reaching safepoint: 131105 ns, At safepoint: 9400 ns, Total: 140505 ns
[185.859s][info ][safepoint      ] Safepoint "Cleanup", Time since last: 1000100943 ns, Reaching safepoint: 126904 ns, At safepoint: 10200 ns, Total: 137104 ns
[186.860s][info ][safepoint      ] Safepoint "Cleanup", Time since last: 1000112107 ns, Reaching safepoint: 178206 ns, At safepoint: 12400 ns, Total: 190606 ns
[187.860s][info ][safepoint      ] Safepoint "Cleanup", Time since last: 1000114172 ns, Reaching safepoint: 133804 ns, At safepoint: 10400 ns, Total: 144204 ns
[188.860s][info ][safepoint      ] Safepoint "Cleanup", Time since last: 1000114136 ns, Reaching safepoint: 127804 ns, At safepoint: 12501 ns, Total: 140305 ns
[189.861s][info ][safepoint      ] Safepoint "Cleanup", Time since last: 1000176602 ns, Reaching safepoint: 71202 ns, At safepoint: 10100 ns, Total: 81302 ns
[190.861s][info ][safepoint      ] Safepoint "Cleanup", Time since last: 1000263070 ns, Reaching safepoint: 61402 ns, At safepoint: 11000 ns, Total: 72402 ns
[191.861s][info ][safepoint      ] Safepoint "Cleanup", Time since last: 1000113029 ns, Reaching safepoint: 54002 ns, At safepoint: 10700 ns, Total: 64702 ns
[192.861s][info ][safepoint      ] Safepoint "Cleanup", Time since last: 1000118294 ns, Reaching safepoint: 133405 ns, At safepoint: 11400 ns, Total: 144805 ns
[193.862s][info ][safepoint      ] Safepoint "Cleanup", Time since last: 1000105658 ns, Reaching safepoint: 71302 ns, At safepoint: 8301 ns, Total: 79603 ns
[194.862s][info ][safepoint      ] Safepoint "Cleanup", Time since last: 1000109023 ns, Reaching safepoint: 50001 ns, At safepoint: 6201 ns, Total: 56202 ns
[195.862s][info ][safepoint      ] Safepoint "Cleanup", Time since last: 1000058386 ns, Reaching safepoint: 51502 ns, At safepoint: 32301 ns, Total: 83803 ns
[196.574s][info ][gc,start       ] GC(88) Pause Young (Allocation Failure)
[196.580s][debug][gc,phases      ] GC(88) Scavenge 5.646ms
[196.580s][debug][gc,ref         ] GC(88) Skipped phase 1 of Reference Processing: no references
[196.580s][debug][gc,ref         ] GC(88) Skipped phase 3 of Reference Processing: no references
[196.580s][debug][gc,phases      ] GC(88) Reference Processing 0.034ms
[196.580s][debug][gc,phases      ] GC(88) Weak Processing 0.558ms
[196.580s][debug][gc,age         ] GC(88) Desired survivor size 60293120 bytes, new threshold 15 (max threshold 15)
[196.580s][info ][gc,heap        ] GC(88) PSYoungGen: 1980432K(2035200K)->9968K(2032128K) Eden: 1970176K(1970176K)->0K(1970176K) From: 10256K(65024K)->9968K(61952K)
[196.580s][info ][gc,heap        ] GC(88) ParOldGen: 400287K(438272K)->400639K(438272K)
[196.580s][info ][gc,metaspace   ] GC(88) Metaspace: 79763K(80448K)->79763K(80448K) NonClass: 68879K(69248K)->68879K(69248K) Class: 10884K(11200K)->10884K(11200K)
[196.580s][info ][gc             ] GC(88) Pause Young (Allocation Failure) 2324M->400M(2412M) 6.384ms
[196.580s][info ][gc,cpu         ] GC(88) User=0.02s Sys=0.00s Real=0.01s
[196.580s][info ][safepoint      ] Safepoint "ParallelGCFailedAllocation", Time since last: 712117903 ns, Reaching safepoint: 49902 ns, At safepoint: 6478999 ns, Total: 6528901 ns
[197.581s][info ][safepoint      ] Safepoint "Cleanup", Time since last: 1000084427 ns, Reaching safepoint: 67102 ns, At safepoint: 10300 ns, Total: 77402 ns
[198.581s][info ][safepoint      ] Safepoint "Cleanup", Time since last: 1000109393 ns, Reaching safepoint: 57902 ns, At safepoint: 7000 ns, Total: 64902 ns
[199.581s][info ][safepoint      ] Safepoint "Cleanup", Time since last: 1000113658 ns, Reaching safepoint: 39301 ns, At safepoint: 3800 ns, Total: 43101 ns
[200.581s][info ][safepoint      ] Safepoint "Cleanup", Time since last: 1000114823 ns, Reaching safepoint: 51202 ns, At safepoint: 6500 ns, Total: 57702 ns
[201.581s][info ][safepoint      ] Safepoint "Cleanup", Time since last: 1000110388 ns, Reaching safepoint: 69902 ns, At safepoint: 3801 ns, Total: 73703 ns
[202.582s][info ][safepoint      ] Safepoint "Cleanup", Time since last: 1000119153 ns, Reaching safepoint: 52902 ns, At safepoint: 6800 ns, Total: 59702 ns
[203.582s][info ][safepoint      ] Safepoint "Cleanup", Time since last: 1000141420 ns, Reaching safepoint: 60102 ns, At safepoint: 7600 ns, Total: 67702 ns
[204.582s][info ][safepoint      ] Safepoint "Cleanup", Time since last: 1000148185 ns, Reaching safepoint: 72902 ns, At safepoint: 8301 ns, Total: 81203 ns
[205.582s][info ][safepoint      ] Safepoint "Cleanup", Time since last: 1000118749 ns, Reaching safepoint: 71203 ns, At safepoint: 16300 ns, Total: 87503 ns
[206.582s][info ][safepoint      ] Safepoint "Cleanup", Time since last: 1000104315 ns, Reaching safepoint: 96503 ns, At safepoint: 13200 ns, Total: 109703 ns
[207.924s][info ][safepoint      ] Safepoint "Cleanup", Time since last: 1341112029 ns, Reaching safepoint: 115603 ns, At safepoint: 5800 ns, Total: 121403 ns
[208.924s][info ][safepoint      ] Safepoint "Cleanup", Time since last: 1000121135 ns, Reaching safepoint: 61102 ns, At safepoint: 5700 ns, Total: 66802 ns
[209.924s][info ][safepoint      ] Safepoint "Cleanup", Time since last: 1000112501 ns, Reaching safepoint: 48501 ns, At safepoint: 10001 ns, Total: 58502 ns
[210.924s][info ][safepoint      ] Safepoint "Cleanup", Time since last: 1000108766 ns, Reaching safepoint: 59002 ns, At safepoint: 9000 ns, Total: 68002 ns
[211.924s][info ][safepoint      ] Safepoint "Cleanup", Time since last: 1000107732 ns, Reaching safepoint: 50402 ns, At safepoint: 9400 ns, Total: 59802 ns
[212.924s][info ][safepoint      ] Safepoint "Cleanup", Time since last: 1000109898 ns, Reaching safepoint: 57902 ns, At safepoint: 10700 ns, Total: 68602 ns
[213.925s][info ][safepoint      ] Safepoint "Cleanup", Time since last: 1000119865 ns, Reaching safepoint: 59302 ns, At safepoint: 11700 ns, Total: 71002 ns
[215.925s][info ][safepoint      ] Safepoint "Cleanup", Time since last: 2000156425 ns, Reaching safepoint: 62302 ns, At safepoint: 9900 ns, Total: 72202 ns
[216.925s][info ][safepoint      ] Safepoint "Cleanup", Time since last: 1000112663 ns, Reaching safepoint: 58901 ns, At safepoint: 20401 ns, Total: 79302 ns
[217.925s][info ][safepoint      ] Safepoint "Cleanup", Time since last: 1000117229 ns, Reaching safepoint: 94103 ns, At safepoint: 12701 ns, Total: 106804 ns
[218.926s][info ][safepoint      ] Safepoint "Cleanup", Time since last: 1000112195 ns, Reaching safepoint: 82203 ns, At safepoint: 10900 ns, Total: 93103 ns
[219.926s][info ][safepoint      ] Safepoint "Cleanup", Time since last: 1000107462 ns, Reaching safepoint: 61702 ns, At safepoint: 8400 ns, Total: 70102 ns
[220.926s][info ][safepoint      ] Safepoint "Cleanup", Time since last: 1000113928 ns, Reaching safepoint: 65802 ns, At safepoint: 9201 ns, Total: 75003 ns
[221.926s][info ][safepoint      ] Safepoint "Cleanup", Time since last: 1000108694 ns, Reaching safepoint: 67703 ns, At safepoint: 6800 ns, Total: 74503 ns
[222.926s][info ][safepoint      ] Safepoint "Cleanup", Time since last: 1000108161 ns, Reaching safepoint: 72902 ns, At safepoint: 7201 ns, Total: 80103 ns
[223.926s][info ][safepoint      ] Safepoint "Cleanup", Time since last: 1000112728 ns, Reaching safepoint: 53902 ns, At safepoint: 8100 ns, Total: 62002 ns
[224.927s][info ][safepoint      ] Safepoint "Cleanup", Time since last: 1000116495 ns, Reaching safepoint: 56802 ns, At safepoint: 7500 ns, Total: 64302 ns
[225.927s][info ][safepoint      ] Safepoint "Cleanup", Time since last: 1000121162 ns, Reaching safepoint: 66502 ns, At safepoint: 6300 ns, Total: 72802 ns
[226.045s][info ][gc,start       ] GC(89) Pause Young (Allocation Failure)
[226.051s][debug][gc,phases      ] GC(89) Scavenge 6.536ms
[226.051s][debug][gc,ref         ] GC(89) Skipped phase 1 of Reference Processing: no references
[226.051s][debug][gc,ref         ] GC(89) Skipped phase 3 of Reference Processing: no references
[226.051s][debug][gc,phases      ] GC(89) Reference Processing 0.038ms
[226.052s][debug][gc,phases      ] GC(89) Weak Processing 0.593ms
[226.052s][debug][gc,age         ] GC(89) Desired survivor size 57671680 bytes, new threshold 15 (max threshold 15)
[226.052s][info ][gc,heap        ] GC(89) PSYoungGen: 1980144K(2032128K)->9904K(2040832K) Eden: 1970176K(1970176K)->0K(1981952K) From: 9968K(61952K)->9904K(58880K)
[226.052s][info ][gc,heap        ] GC(89) ParOldGen: 400639K(438272K)->401160K(438272K)
[226.052s][info ][gc,metaspace   ] GC(89) Metaspace: 79924K(80576K)->79924K(80576K) NonClass: 69021K(69376K)->69021K(69376K) Class: 10903K(11200K)->10903K(11200K)
[226.052s][info ][gc             ] GC(89) Pause Young (Allocation Failure) 2324M->401M(2421M) 7.328ms
[226.052s][info ][gc,cpu         ] GC(89) User=0.03s Sys=0.00s Real=0.01s
[226.052s][info ][safepoint      ] Safepoint "ParallelGCFailedAllocation", Time since last: 117604097 ns, Reaching safepoint: 87403 ns, At safepoint: 7425921 ns, Total: 7513324 ns
[227.052s][info ][safepoint      ] Safepoint "Cleanup", Time since last: 1000111024 ns, Reaching safepoint: 141505 ns, At safepoint: 16000 ns, Total: 157505 ns
[228.052s][info ][safepoint      ] Safepoint "Cleanup", Time since last: 1000124692 ns, Reaching safepoint: 143204 ns, At safepoint: 12001 ns, Total: 155205 ns
[229.053s][info ][safepoint      ] Safepoint "Cleanup", Time since last: 1000110458 ns, Reaching safepoint: 128404 ns, At safepoint: 9500 ns, Total: 137904 ns
[230.053s][info ][safepoint      ] Safepoint "Cleanup", Time since last: 1000121726 ns, Reaching safepoint: 125704 ns, At safepoint: 11600 ns, Total: 137304 ns
[231.053s][info ][safepoint      ] Safepoint "Cleanup", Time since last: 1000118493 ns, Reaching safepoint: 117004 ns, At safepoint: 7300 ns, Total: 124304 ns
[232.054s][info ][safepoint      ] Safepoint "Cleanup", Time since last: 1000134761 ns, Reaching safepoint: 143204 ns, At safepoint: 9700 ns, Total: 152904 ns
[233.054s][info ][safepoint      ] Safepoint "Cleanup", Time since last: 1000109428 ns, Reaching safepoint: 105303 ns, At safepoint: 10600 ns, Total: 115903 ns
[234.054s][info ][safepoint      ] Safepoint "Cleanup", Time since last: 1000069793 ns, Reaching safepoint: 138505 ns, At safepoint: 11900 ns, Total: 150405 ns
[235.054s][info ][safepoint      ] Safepoint "Cleanup", Time since last: 1000126362 ns, Reaching safepoint: 132904 ns, At safepoint: 10301 ns, Total: 143205 ns
[236.054s][info ][safepoint      ] Safepoint "Cleanup", Time since last: 1000122029 ns, Reaching safepoint: 133504 ns, At safepoint: 8101 ns, Total: 141605 ns
[237.055s][info ][safepoint      ] Safepoint "Cleanup", Time since last: 1000113497 ns, Reaching safepoint: 137004 ns, At safepoint: 8800 ns, Total: 145804 ns
[238.055s][info ][safepoint      ] Safepoint "Cleanup", Time since last: 1000123465 ns, Reaching safepoint: 168405 ns, At safepoint: 13000 ns, Total: 181405 ns
[239.055s][info ][safepoint      ] Safepoint "Cleanup", Time since last: 1000114133 ns, Reaching safepoint: 127903 ns, At safepoint: 9301 ns, Total: 137204 ns
[240.056s][info ][safepoint      ] Safepoint "Cleanup", Time since last: 1000110800 ns, Reaching safepoint: 147504 ns, At safepoint: 14000 ns, Total: 161504 ns
[241.056s][info ][safepoint      ] Safepoint "Cleanup", Time since last: 1000107268 ns, Reaching safepoint: 155405 ns, At safepoint: 9300 ns, Total: 164705 ns
[242.056s][info ][safepoint      ] Safepoint "Cleanup", Time since last: 1000110436 ns, Reaching safepoint: 120603 ns, At safepoint: 9100 ns, Total: 129703 ns
[243.056s][info ][safepoint      ] Safepoint "Cleanup", Time since last: 1000132904 ns, Reaching safepoint: 130704 ns, At safepoint: 13301 ns, Total: 144005 ns
[244.057s][info ][safepoint      ] Safepoint "Cleanup", Time since last: 1000109271 ns, Reaching safepoint: 126704 ns, At safepoint: 9400 ns, Total: 136104 ns
[245.459s][info ][safepoint      ] Safepoint "Cleanup", Time since last: 1401922640 ns, Reaching safepoint: 177405 ns, At safepoint: 11000 ns, Total: 188405 ns
[247.205s][info ][safepoint      ] Safepoint "Cleanup", Time since last: 1746208078 ns, Reaching safepoint: 165005 ns, At safepoint: 15600 ns, Total: 180605 ns
[248.205s][info ][safepoint      ] Safepoint "Cleanup", Time since last: 1000115740 ns, Reaching safepoint: 161904 ns, At safepoint: 11501 ns, Total: 173405 ns
[249.206s][info ][safepoint      ] Safepoint "Cleanup", Time since last: 1000116507 ns, Reaching safepoint: 135404 ns, At safepoint: 11101 ns, Total: 146505 ns
[250.206s][info ][safepoint      ] Safepoint "Cleanup", Time since last: 1000118376 ns, Reaching safepoint: 143604 ns, At safepoint: 10500 ns, Total: 154104 ns
[251.206s][info ][safepoint      ] Safepoint "Cleanup", Time since last: 1000117045 ns, Reaching safepoint: 217806 ns, At safepoint: 12300 ns, Total: 230106 ns
[252.207s][info ][safepoint      ] Safepoint "Cleanup", Time since last: 1000103713 ns, Reaching safepoint: 134004 ns, At safepoint: 10700 ns, Total: 144704 ns
[253.052s][info ][gc,start       ] GC(90) Pause Young (Allocation Failure)
[253.058s][debug][gc,phases      ] GC(90) Scavenge 5.486ms
[253.058s][debug][gc,ref         ] GC(90) Skipped phase 1 of Reference Processing: no references
[253.058s][debug][gc,ref         ] GC(90) Skipped phase 3 of Reference Processing: no references
[253.058s][debug][gc,phases      ] GC(90) Reference Processing 0.033ms
[253.058s][debug][gc,phases      ] GC(90) Weak Processing 0.574ms
[253.058s][debug][gc,age         ] GC(90) Desired survivor size 54525952 bytes, new threshold 15 (max threshold 15)
[253.058s][info ][gc,heap        ] GC(90) PSYoungGen: 1991856K(2040832K)->9744K(2038272K) Eden: 1981952K(1981952K)->0K(1981952K) From: 9904K(58880K)->9744K(56320K)
[253.058s][info ][gc,heap        ] GC(90) ParOldGen: 401160K(438272K)->401512K(438272K)
[253.058s][info ][gc,metaspace   ] GC(90) Metaspace: 80163K(80832K)->80163K(80832K) NonClass: 69246K(69632K)->69246K(69632K) Class: 10916K(11200K)->10916K(11200K)
[253.058s][info ][gc             ] GC(90) Pause Young (Allocation Failure) 2336M->401M(2418M) 6.233ms
[253.058s][info ][gc,cpu         ] GC(90) User=0.02s Sys=0.00s Real=0.01s
[253.058s][info ][safepoint      ] Safepoint "ParallelGCFailedAllocation", Time since last: 845458318 ns, Reaching safepoint: 149604 ns, At safepoint: 6319482 ns, Total: 6469086 ns
[254.059s][info ][safepoint      ] Safepoint "Cleanup", Time since last: 1000084354 ns, Reaching safepoint: 172505 ns, At safepoint: 12001 ns, Total: 184506 ns
[255.059s][info ][safepoint      ] Safepoint "Cleanup", Time since last: 1000129223 ns, Reaching safepoint: 158005 ns, At safepoint: 11100 ns, Total: 169105 ns
[256.059s][info ][safepoint      ] Safepoint "Cleanup", Time since last: 1000155994 ns, Reaching safepoint: 163304 ns, At safepoint: 15801 ns, Total: 179105 ns
[257.060s][info ][safepoint      ] Safepoint "Cleanup", Time since last: 1000125261 ns, Reaching safepoint: 152904 ns, At safepoint: 14501 ns, Total: 167405 ns
[258.060s][info ][safepoint      ] Safepoint "Cleanup", Time since last: 1000104229 ns, Reaching safepoint: 99403 ns, At safepoint: 10200 ns, Total: 109603 ns
[259.060s][info ][safepoint      ] Safepoint "Cleanup", Time since last: 1000121199 ns, Reaching safepoint: 70202 ns, At safepoint: 23301 ns, Total: 93503 ns
[260.060s][info ][safepoint      ] Safepoint "Cleanup", Time since last: 1000129268 ns, Reaching safepoint: 143704 ns, At safepoint: 12500 ns, Total: 156204 ns
[261.061s][info ][safepoint      ] Safepoint "Cleanup", Time since last: 1000116937 ns, Reaching safepoint: 127604 ns, At safepoint: 10400 ns, Total: 138004 ns
[262.061s][info ][safepoint      ] Safepoint "Cleanup", Time since last: 1000114306 ns, Reaching safepoint: 61801 ns, At safepoint: 7901 ns, Total: 69702 ns
[263.061s][info ][safepoint      ] Safepoint "Cleanup", Time since last: 1000115374 ns, Reaching safepoint: 57702 ns, At safepoint: 6300 ns, Total: 64002 ns
[264.061s][info ][safepoint      ] Safepoint "Cleanup", Time since last: 1000123444 ns, Reaching safepoint: 66102 ns, At safepoint: 9801 ns, Total: 75903 ns
[265.061s][info ][safepoint      ] Safepoint "Cleanup", Time since last: 1000118813 ns, Reaching safepoint: 66402 ns, At safepoint: 6700 ns, Total: 73102 ns
[266.062s][info ][safepoint      ] Safepoint "Cleanup", Time since last: 1000082582 ns, Reaching safepoint: 50501 ns, At safepoint: 3700 ns, Total: 54201 ns
[267.062s][info ][safepoint      ] Safepoint "Cleanup", Time since last: 1000115652 ns, Reaching safepoint: 64402 ns, At safepoint: 12201 ns, Total: 76603 ns
[268.062s][info ][safepoint      ] Safepoint "Cleanup", Time since last: 1000110621 ns, Reaching safepoint: 62602 ns, At safepoint: 15600 ns, Total: 78202 ns
[269.062s][info ][safepoint      ] Safepoint "Cleanup", Time since last: 1000126991 ns, Reaching safepoint: 144404 ns, At safepoint: 10101 ns, Total: 154505 ns
[270.062s][info ][safepoint      ] Safepoint "Cleanup", Time since last: 1000091960 ns, Reaching safepoint: 149204 ns, At safepoint: 8500 ns, Total: 157704 ns
[271.063s][info ][safepoint      ] Safepoint "Cleanup", Time since last: 1000116630 ns, Reaching safepoint: 111203 ns, At safepoint: 13401 ns, Total: 124604 ns
[272.679s][info ][safepoint      ] Safepoint "Cleanup", Time since last: 1615980414 ns, Reaching safepoint: 129304 ns, At safepoint: 9500 ns, Total: 138804 ns
[273.679s][info ][safepoint      ] Safepoint "Cleanup", Time since last: 1000108951 ns, Reaching safepoint: 57101 ns, At safepoint: 5501 ns, Total: 62602 ns
[275.679s][info ][safepoint      ] Safepoint "Cleanup", Time since last: 2000173209 ns, Reaching safepoint: 50802 ns, At safepoint: 10200 ns, Total: 61002 ns
[276.679s][info ][safepoint      ] Safepoint "Cleanup", Time since last: 1000113061 ns, Reaching safepoint: 57801 ns, At safepoint: 14101 ns, Total: 71902 ns
[277.680s][info ][safepoint      ] Safepoint "Cleanup", Time since last: 1000109830 ns, Reaching safepoint: 55702 ns, At safepoint: 4600 ns, Total: 60302 ns
[278.680s][info ][safepoint      ] Safepoint "Cleanup", Time since last: 1000104900 ns, Reaching safepoint: 73602 ns, At safepoint: 9501 ns, Total: 83103 ns
[279.680s][info ][safepoint      ] Safepoint "Cleanup", Time since last: 1000106470 ns, Reaching safepoint: 65102 ns, At safepoint: 13400 ns, Total: 78502 ns
[280.680s][info ][safepoint      ] Safepoint "Cleanup", Time since last: 1000114041 ns, Reaching safepoint: 57502 ns, At safepoint: 5400 ns, Total: 62902 ns
[281.186s][info ][gc,start       ] GC(91) Pause Young (Allocation Failure)
[281.194s][debug][gc,phases      ] GC(91) Scavenge 7.266ms
[281.194s][debug][gc,ref         ] GC(91) Skipped phase 1 of Reference Processing: no references
[281.194s][debug][gc,ref         ] GC(91) Skipped phase 3 of Reference Processing: no references
[281.194s][debug][gc,phases      ] GC(91) Reference Processing 0.050ms
[281.194s][debug][gc,phases      ] GC(91) Weak Processing 0.620ms
[281.194s][debug][gc,age         ] GC(91) Desired survivor size 51904512 bytes, new threshold 15 (max threshold 15)
[281.194s][info ][gc,heap        ] GC(91) PSYoungGen: 1991696K(2038272K)->9792K(2046464K) Eden: 1981952K(1981952K)->0K(1993216K) From: 9744K(56320K)->9792K(53248K)
[281.194s][info ][gc,heap        ] GC(91) ParOldGen: 401512K(438272K)->401936K(438272K)
[281.194s][info ][gc,metaspace   ] GC(91) Metaspace: 80241K(80896K)->80241K(80896K) NonClass: 69323K(69696K)->69323K(69696K) Class: 10918K(11200K)->10918K(11200K)
[281.194s][info ][gc             ] GC(91) Pause Young (Allocation Failure) 2337M->402M(2426M) 8.083ms
[281.194s][info ][gc,cpu         ] GC(91) User=0.03s Sys=0.00s Real=0.01s
[281.194s][info ][safepoint      ] Safepoint "ParallelGCFailedAllocation", Time since last: 506136677 ns, Reaching safepoint: 63102 ns, At safepoint: 8180729 ns, Total: 8243831 ns
[282.195s][info ][safepoint      ] Safepoint "Cleanup", Time since last: 1000093795 ns, Reaching safepoint: 57102 ns, At safepoint: 10900 ns, Total: 68002 ns
[283.195s][info ][safepoint      ] Safepoint "Cleanup", Time since last: 1000104066 ns, Reaching safepoint: 48102 ns, At safepoint: 4000 ns, Total: 52102 ns
[284.195s][info ][safepoint      ] Safepoint "Cleanup", Time since last: 1000119636 ns, Reaching safepoint: 59302 ns, At safepoint: 8500 ns, Total: 67802 ns
[285.195s][info ][safepoint      ] Safepoint "Cleanup", Time since last: 1000123108 ns, Reaching safepoint: 72702 ns, At safepoint: 12600 ns, Total: 85302 ns
[288.196s][info ][safepoint      ] Safepoint "Cleanup", Time since last: 3000246142 ns, Reaching safepoint: 56002 ns, At safepoint: 6700 ns, Total: 62702 ns
[291.196s][info ][safepoint      ] Safepoint "Cleanup", Time since last: 3000209677 ns, Reaching safepoint: 84102 ns, At safepoint: 11001 ns, Total: 95103 ns
[293.196s][info ][safepoint      ] Safepoint "Cleanup", Time since last: 2000133972 ns, Reaching safepoint: 50701 ns, At safepoint: 6700 ns, Total: 57401 ns
[294.196s][info ][safepoint      ] Safepoint "Cleanup", Time since last: 1000128344 ns, Reaching safepoint: 58802 ns, At safepoint: 4800 ns, Total: 63602 ns
[295.196s][info ][safepoint      ] Safepoint "Cleanup", Time since last: 1000131915 ns, Reaching safepoint: 73202 ns, At safepoint: 13401 ns, Total: 86603 ns
[296.197s][info ][safepoint      ] Safepoint "Cleanup", Time since last: 1000139986 ns, Reaching safepoint: 130404 ns, At safepoint: 13800 ns, Total: 144204 ns
[297.197s][info ][safepoint      ] Safepoint "Cleanup", Time since last: 1000097957 ns, Reaching safepoint: 71302 ns, At safepoint: 16400 ns, Total: 87702 ns
[298.197s][info ][safepoint      ] Safepoint "Cleanup", Time since last: 1000107828 ns, Reaching safepoint: 61602 ns, At safepoint: 11100 ns, Total: 72702 ns
[299.197s][info ][safepoint      ] Safepoint "Cleanup", Time since last: 1000109999 ns, Reaching safepoint: 54402 ns, At safepoint: 11700 ns, Total: 66102 ns
[300.197s][info ][safepoint      ] Safepoint "Cleanup", Time since last: 1000109271 ns, Reaching safepoint: 60002 ns, At safepoint: 8500 ns, Total: 68502 ns
[301.198s][info ][safepoint      ] Safepoint "Cleanup", Time since last: 1000114642 ns, Reaching safepoint: 54601 ns, At safepoint: 3700 ns, Total: 58301 ns
[302.198s][info ][safepoint      ] Safepoint "Cleanup", Time since last: 1000115414 ns, Reaching safepoint: 71102 ns, At safepoint: 11600 ns, Total: 82702 ns
[304.198s][info ][safepoint      ] Safepoint "Cleanup", Time since last: 2000179940 ns, Reaching safepoint: 59602 ns, At safepoint: 6900 ns, Total: 66502 ns
[305.198s][info ][safepoint      ] Safepoint "Cleanup", Time since last: 1000105428 ns, Reaching safepoint: 61502 ns, At safepoint: 5800 ns, Total: 67302 ns
[306.198s][info ][safepoint      ] Safepoint "Cleanup", Time since last: 1000118400 ns, Reaching safepoint: 58701 ns, At safepoint: 9101 ns, Total: 67802 ns
[307.199s][info ][safepoint      ] Safepoint "Cleanup", Time since last: 1000104971 ns, Reaching safepoint: 55601 ns, At safepoint: 9200 ns, Total: 64801 ns
[308.199s][info ][safepoint      ] Safepoint "Cleanup", Time since last: 1000122344 ns, Reaching safepoint: 68202 ns, At safepoint: 12400 ns, Total: 80602 ns
[309.199s][info ][safepoint      ] Safepoint "Cleanup", Time since last: 1000118015 ns, Reaching safepoint: 63802 ns, At safepoint: 18700 ns, Total: 82502 ns
[309.728s][info ][gc,start       ] GC(92) Pause Young (Allocation Failure)
[309.734s][debug][gc,phases      ] GC(92) Scavenge 5.936ms
[309.734s][debug][gc,ref         ] GC(92) Skipped phase 1 of Reference Processing: no references
[309.734s][debug][gc,ref         ] GC(92) Skipped phase 3 of Reference Processing: no references
[309.734s][debug][gc,phases      ] GC(92) Reference Processing 0.037ms
[309.735s][debug][gc,phases      ] GC(92) Weak Processing 0.601ms
[309.735s][debug][gc,age         ] GC(92) Desired survivor size 49283072 bytes, new threshold 15 (max threshold 15)
[309.735s][info ][gc,heap        ] GC(92) PSYoungGen: 2003008K(2046464K)->9424K(2043904K) Eden: 1993216K(1993216K)->0K(1993216K) From: 9792K(53248K)->9424K(50688K)
[309.735s][info ][gc,heap        ] GC(92) ParOldGen: 401936K(438272K)->402384K(438272K)
[309.735s][info ][gc,metaspace   ] GC(92) Metaspace: 80296K(80960K)->80296K(80960K) NonClass: 69377K(69760K)->69377K(69760K) Class: 10919K(11200K)->10919K(11200K)
[309.735s][info ][gc             ] GC(92) Pause Young (Allocation Failure) 2348M->402M(2424M) 6.720ms
[309.735s][info ][gc,cpu         ] GC(92) User=0.02s Sys=0.00s Real=0.01s
[309.735s][info ][safepoint      ] Safepoint "ParallelGCFailedAllocation", Time since last: 528980385 ns, Reaching safepoint: 38001 ns, At safepoint: 6825186 ns, Total: 6863187 ns
[310.735s][info ][safepoint      ] Safepoint "Cleanup", Time since last: 1000097171 ns, Reaching safepoint: 60902 ns, At safepoint: 12300 ns, Total: 73202 ns
[313.735s][info ][safepoint      ] Safepoint "Cleanup", Time since last: 3000250045 ns, Reaching safepoint: 76902 ns, At safepoint: 13600 ns, Total: 90502 ns
[314.736s][info ][safepoint      ] Safepoint "Cleanup", Time since last: 1000124060 ns, Reaching safepoint: 55302 ns, At safepoint: 8400 ns, Total: 63702 ns
[317.736s][info ][safepoint      ] Safepoint "Cleanup", Time since last: 3000244310 ns, Reaching safepoint: 61002 ns, At safepoint: 6300 ns, Total: 67302 ns
[318.736s][info ][safepoint      ] Safepoint "Cleanup", Time since last: 1000125849 ns, Reaching safepoint: 60902 ns, At safepoint: 10800 ns, Total: 71702 ns
[319.736s][info ][safepoint      ] Safepoint "Cleanup", Time since last: 1000145922 ns, Reaching safepoint: 57802 ns, At safepoint: 10600 ns, Total: 68402 ns
[320.736s][info ][safepoint      ] Safepoint "Cleanup", Time since last: 1000111293 ns, Reaching safepoint: 56702 ns, At safepoint: 4200 ns, Total: 60902 ns
[321.737s][info ][safepoint      ] Safepoint "Cleanup", Time since last: 1000118366 ns, Reaching safepoint: 71202 ns, At safepoint: 14301 ns, Total: 85503 ns
[322.737s][info ][safepoint      ] Safepoint "Cleanup", Time since last: 1000124839 ns, Reaching safepoint: 143503 ns, At safepoint: 9401 ns, Total: 152904 ns
[324.737s][info ][safepoint      ] Safepoint "Cleanup", Time since last: 2000176593 ns, Reaching safepoint: 71102 ns, At safepoint: 8800 ns, Total: 79902 ns
[325.737s][info ][safepoint      ] Safepoint "Cleanup", Time since last: 1000118257 ns, Reaching safepoint: 62002 ns, At safepoint: 4000 ns, Total: 66002 ns
[326.738s][info ][safepoint      ] Safepoint "Cleanup", Time since last: 1000117129 ns, Reaching safepoint: 62402 ns, At safepoint: 11800 ns, Total: 74202 ns
[327.738s][info ][safepoint      ] Safepoint "Cleanup", Time since last: 1000120602 ns, Reaching safepoint: 58402 ns, At safepoint: 4900 ns, Total: 63302 ns
[328.738s][info ][safepoint      ] Safepoint "Cleanup", Time since last: 1000115275 ns, Reaching safepoint: 61001 ns, At safepoint: 12801 ns, Total: 73802 ns
[329.738s][info ][safepoint      ] Safepoint "Cleanup", Time since last: 1000120448 ns, Reaching safepoint: 62601 ns, At safepoint: 8201 ns, Total: 70802 ns
[330.738s][info ][safepoint      ] Safepoint "Cleanup", Time since last: 1000122521 ns, Reaching safepoint: 91902 ns, At safepoint: 11500 ns, Total: 103402 ns
[331.738s][info ][safepoint      ] Safepoint "Cleanup", Time since last: 1000119894 ns, Reaching safepoint: 66902 ns, At safepoint: 5900 ns, Total: 72802 ns
[332.739s][info ][safepoint      ] Safepoint "Cleanup", Time since last: 1000087767 ns, Reaching safepoint: 46001 ns, At safepoint: 4700 ns, Total: 50701 ns
[333.739s][info ][safepoint      ] Safepoint "Cleanup", Time since last: 1000110240 ns, Reaching safepoint: 78502 ns, At safepoint: 3500 ns, Total: 82002 ns
[334.739s][info ][safepoint      ] Safepoint "Cleanup", Time since last: 1000106413 ns, Reaching safepoint: 64302 ns, At safepoint: 4200 ns, Total: 68502 ns
[335.739s][info ][safepoint      ] Safepoint "Cleanup", Time since last: 1000110786 ns, Reaching safepoint: 63602 ns, At safepoint: 9200 ns, Total: 72802 ns
[336.739s][info ][safepoint      ] Safepoint "Cleanup", Time since last: 1000109460 ns, Reaching safepoint: 47201 ns, At safepoint: 4400 ns, Total: 51601 ns
[337.558s][info ][gc,start       ] GC(93) Pause Young (Allocation Failure)
[337.564s][debug][gc,phases      ] GC(93) Scavenge 6.310ms
[337.564s][debug][gc,ref         ] GC(93) Skipped phase 1 of Reference Processing: no references
[337.564s][debug][gc,ref         ] GC(93) Skipped phase 3 of Reference Processing: no references
[337.564s][debug][gc,phases      ] GC(93) Reference Processing 0.040ms
[337.565s][debug][gc,phases      ] GC(93) Weak Processing 0.672ms
[337.565s][debug][gc,age         ] GC(93) Desired survivor size 47185920 bytes, new threshold 15 (max threshold 15)
[337.565s][info ][gc,heap        ] GC(93) PSYoungGen: 2002640K(2043904K)->8816K(2051072K) Eden: 1993216K(1993216K)->0K(2002944K) From: 9424K(50688K)->8816K(48128K)
[337.565s][info ][gc,heap        ] GC(93) ParOldGen: 402384K(438272K)->402848K(438272K)
[337.565s][info ][gc,metaspace   ] GC(93) Metaspace: 80377K(81024K)->80377K(81024K) NonClass: 69454K(69824K)->69454K(69824K) Class: 10923K(11200K)->10923K(11200K)
[337.565s][info ][gc             ] GC(93) Pause Young (Allocation Failure) 2348M->402M(2431M) 7.168ms
[337.565s][info ][gc,cpu         ] GC(93) User=0.03s Sys=0.00s Real=0.00s
[337.565s][info ][safepoint      ] Safepoint "ParallelGCFailedAllocation", Time since last: 818360132 ns, Reaching safepoint: 83502 ns, At safepoint: 7254592 ns, Total: 7338094 ns
[339.565s][info ][safepoint      ] Safepoint "Cleanup", Time since last: 2000163594 ns, Reaching safepoint: 45801 ns, At safepoint: 3400 ns, Total: 49201 ns
[343.566s][info ][safepoint      ] Safepoint "Cleanup", Time since last: 4000316670 ns, Reaching safepoint: 61801 ns, At safepoint: 3300 ns, Total: 65101 ns
[344.953s][info ][safepoint      ] Safepoint "Cleanup", Time since last: 1386778193 ns, Reaching safepoint: 179105 ns, At safepoint: 10400 ns, Total: 189505 ns
[346.243s][info ][safepoint      ] Safepoint "Cleanup", Time since last: 1290740329 ns, Reaching safepoint: 99503 ns, At safepoint: 11500 ns, Total: 111003 ns
[347.244s][info ][safepoint      ] Safepoint "Cleanup", Time since last: 1000112482 ns, Reaching safepoint: 67202 ns, At safepoint: 6600 ns, Total: 73802 ns
[348.244s][info ][safepoint      ] Safepoint "Cleanup", Time since last: 1000111256 ns, Reaching safepoint: 52602 ns, At safepoint: 3500 ns, Total: 56102 ns
[349.244s][info ][safepoint      ] Safepoint "Cleanup", Time since last: 1000106029 ns, Reaching safepoint: 62702 ns, At safepoint: 8600 ns, Total: 71302 ns
[351.244s][info ][safepoint      ] Safepoint "Cleanup", Time since last: 2000176481 ns, Reaching safepoint: 60602 ns, At safepoint: 6300 ns, Total: 66902 ns
[353.244s][info ][safepoint      ] Safepoint "Cleanup", Time since last: 2000172977 ns, Reaching safepoint: 51601 ns, At safepoint: 4600 ns, Total: 56201 ns
[354.245s][info ][safepoint      ] Safepoint "Cleanup", Time since last: 1000111200 ns, Reaching safepoint: 54902 ns, At safepoint: 8000 ns, Total: 62902 ns
[355.245s][info ][safepoint      ] Safepoint "Cleanup", Time since last: 1000112075 ns, Reaching safepoint: 54501 ns, At safepoint: 7000 ns, Total: 61501 ns
[356.245s][info ][safepoint      ] Safepoint "Cleanup", Time since last: 1000115949 ns, Reaching safepoint: 62902 ns, At safepoint: 4800 ns, Total: 67702 ns
[357.245s][info ][safepoint      ] Safepoint "Cleanup", Time since last: 1000118423 ns, Reaching safepoint: 51902 ns, At safepoint: 4400 ns, Total: 56302 ns
[359.245s][info ][safepoint      ] Safepoint "Cleanup", Time since last: 2000183168 ns, Reaching safepoint: 53402 ns, At safepoint: 4100 ns, Total: 57502 ns
[361.246s][info ][safepoint      ] Safepoint "Cleanup", Time since last: 2000188266 ns, Reaching safepoint: 74702 ns, At safepoint: 9401 ns, Total: 84103 ns
[362.246s][info ][safepoint      ] Safepoint "Cleanup", Time since last: 1000122395 ns, Reaching safepoint: 55102 ns, At safepoint: 5100 ns, Total: 60202 ns
[363.246s][info ][safepoint      ] Safepoint "Cleanup", Time since last: 1000095770 ns, Reaching safepoint: 56601 ns, At safepoint: 5000 ns, Total: 61601 ns
[364.246s][info ][safepoint      ] Safepoint "Cleanup", Time since last: 1000059244 ns, Reaching safepoint: 81502 ns, At safepoint: 5400 ns, Total: 86902 ns
[366.208s][info ][gc,start       ] GC(94) Pause Young (Allocation Failure)
[366.214s][debug][gc,phases      ] GC(94) Scavenge 6.070ms
[366.214s][debug][gc,ref         ] GC(94) Skipped phase 1 of Reference Processing: no references
[366.214s][debug][gc,ref         ] GC(94) Skipped phase 3 of Reference Processing: no references
[366.214s][debug][gc,phases      ] GC(94) Reference Processing 0.034ms
[366.214s][debug][gc,phases      ] GC(94) Weak Processing 0.582ms
[366.214s][debug][gc,age         ] GC(94) Desired survivor size 45088768 bytes, new threshold 15 (max threshold 15)
[366.214s][info ][gc,heap        ] GC(94) PSYoungGen: 2011760K(2051072K)->9072K(2049024K) Eden: 2002944K(2002944K)->0K(2002944K) From: 8816K(48128K)->9072K(46080K)
[366.214s][info ][gc,heap        ] GC(94) ParOldGen: 402848K(438272K)->403368K(438272K)
[366.214s][info ][gc,metaspace   ] GC(94) Metaspace: 80455K(81152K)->80455K(81152K) NonClass: 69520K(69888K)->69520K(69888K) Class: 10934K(11264K)->10934K(11264K)
[366.214s][info ][gc             ] GC(94) Pause Young (Allocation Failure) 2358M->402M(2429M) 6.829ms
[366.215s][info ][gc,cpu         ] GC(94) User=0.02s Sys=0.00s Real=0.01s
[366.215s][info ][safepoint      ] Safepoint "ParallelGCFailedAllocation", Time since last: 1961404418 ns, Reaching safepoint: 57601 ns, At safepoint: 6915278 ns, Total: 6972879 ns
[368.215s][info ][safepoint      ] Safepoint "Cleanup", Time since last: 2000163513 ns, Reaching safepoint: 55502 ns, At safepoint: 4200 ns, Total: 59702 ns
[369.215s][info ][safepoint      ] Safepoint "Cleanup", Time since last: 1000106620 ns, Reaching safepoint: 55201 ns, At safepoint: 3700 ns, Total: 58901 ns
[370.215s][info ][safepoint      ] Safepoint "Cleanup", Time since last: 1000111795 ns, Reaching safepoint: 69102 ns, At safepoint: 8800 ns, Total: 77902 ns
[371.215s][info ][safepoint      ] Safepoint "Cleanup", Time since last: 1000103470 ns, Reaching safepoint: 56101 ns, At safepoint: 9001 ns, Total: 65102 ns
[372.215s][info ][safepoint      ] Safepoint "Cleanup", Time since last: 1000109845 ns, Reaching safepoint: 76002 ns, At safepoint: 7000 ns, Total: 83002 ns
[373.216s][info ][safepoint      ] Safepoint "Cleanup", Time since last: 1000076319 ns, Reaching safepoint: 68102 ns, At safepoint: 11200 ns, Total: 79302 ns
[374.216s][info ][safepoint      ] Safepoint "Cleanup", Time since last: 1000111995 ns, Reaching safepoint: 62702 ns, At safepoint: 13800 ns, Total: 76502 ns
[375.216s][info ][safepoint      ] Safepoint "Cleanup", Time since last: 1000118071 ns, Reaching safepoint: 51101 ns, At safepoint: 3700 ns, Total: 54801 ns
[377.216s][info ][safepoint      ] Safepoint "Cleanup", Time since last: 2000173166 ns, Reaching safepoint: 50101 ns, At safepoint: 4300 ns, Total: 54401 ns
[379.216s][info ][safepoint      ] Safepoint "Cleanup", Time since last: 2000192068 ns, Reaching safepoint: 56101 ns, At safepoint: 9201 ns, Total: 65302 ns
[384.217s][info ][safepoint      ] Safepoint "Cleanup", Time since last: 5000357287 ns, Reaching safepoint: 58301 ns, At safepoint: 5300 ns, Total: 63601 ns
[389.217s][info ][safepoint      ] Safepoint "Cleanup", Time since last: 5000347780 ns, Reaching safepoint: 65201 ns, At safepoint: 8701 ns, Total: 73902 ns
[390.217s][info ][safepoint      ] Safepoint "Cleanup", Time since last: 1000080603 ns, Reaching safepoint: 66302 ns, At safepoint: 8300 ns, Total: 74602 ns
[393.218s][info ][safepoint      ] Safepoint "Cleanup", Time since last: 3000250168 ns, Reaching safepoint: 71202 ns, At safepoint: 11700 ns, Total: 82902 ns
[395.707s][info ][gc,start       ] GC(95) Pause Young (Allocation Failure)
[395.713s][debug][gc,phases      ] GC(95) Scavenge 5.885ms
[395.713s][debug][gc,ref         ] GC(95) Skipped phase 1 of Reference Processing: no references
[395.713s][debug][gc,ref         ] GC(95) Skipped phase 3 of Reference Processing: no references
[395.713s][debug][gc,phases      ] GC(95) Reference Processing 0.037ms
[395.714s][debug][gc,phases      ] GC(95) Weak Processing 0.590ms
[395.714s][debug][gc,age         ] GC(95) Desired survivor size 42467328 bytes, new threshold 15 (max threshold 15)
[395.714s][info ][gc,heap        ] GC(95) PSYoungGen: 2012016K(2049024K)->8672K(2055680K) Eden: 2002944K(2002944K)->0K(2011648K) From: 9072K(46080K)->8672K(44032K)
[395.714s][info ][gc,heap        ] GC(95) ParOldGen: 403368K(438272K)->403968K(438272K)
[395.714s][info ][gc,metaspace   ] GC(95) Metaspace: 80540K(81216K)->80540K(81216K) NonClass: 69595K(69952K)->69595K(69952K) Class: 10945K(11264K)->10945K(11264K)
[395.714s][info ][gc             ] GC(95) Pause Young (Allocation Failure) 2358M->402M(2435M) 6.655ms
[395.714s][info ][gc,cpu         ] GC(95) User=0.02s Sys=0.01s Real=0.00s
[395.714s][info ][safepoint      ] Safepoint "ParallelGCFailedAllocation", Time since last: 2489510310 ns, Reaching safepoint: 49802 ns, At safepoint: 6760968 ns, Total: 6810770 ns
[396.714s][info ][safepoint      ] Safepoint "Cleanup", Time since last: 1000092749 ns, Reaching safepoint: 40401 ns, At safepoint: 8700 ns, Total: 49101 ns
[399.715s][info ][safepoint      ] Safepoint "Cleanup", Time since last: 3000249204 ns, Reaching safepoint: 51302 ns, At safepoint: 10100 ns, Total: 61402 ns
[402.715s][info ][safepoint      ] Safepoint "Cleanup", Time since last: 3000253092 ns, Reaching safepoint: 45001 ns, At safepoint: 4400 ns, Total: 49401 ns
[407.715s][info ][safepoint      ] Safepoint "Cleanup", Time since last: 5000341283 ns, Reaching safepoint: 63901 ns, At safepoint: 9001 ns, Total: 72902 ns
[408.716s][info ][safepoint      ] Safepoint "Cleanup", Time since last: 1000128468 ns, Reaching safepoint: 58601 ns, At safepoint: 6700 ns, Total: 65301 ns
[409.716s][info ][safepoint      ] Safepoint "Cleanup", Time since last: 1000130746 ns, Reaching safepoint: 68001 ns, At safepoint: 6800 ns, Total: 74801 ns
[411.716s][info ][safepoint      ] Safepoint "Cleanup", Time since last: 2000177919 ns, Reaching safepoint: 48802 ns, At safepoint: 3900 ns, Total: 52702 ns
[413.716s][info ][safepoint      ] Safepoint "Cleanup", Time since last: 2000301429 ns, Reaching safepoint: 58902 ns, At safepoint: 6500 ns, Total: 65402 ns
[415.717s][info ][safepoint      ] Safepoint "Cleanup", Time since last: 2000168335 ns, Reaching safepoint: 54701 ns, At safepoint: 9000 ns, Total: 63701 ns
[417.717s][info ][safepoint      ] Safepoint "Cleanup", Time since last: 2000180744 ns, Reaching safepoint: 61802 ns, At safepoint: 10100 ns, Total: 71902 ns
[418.717s][info ][safepoint      ] Safepoint "Cleanup", Time since last: 1000105038 ns, Reaching safepoint: 53801 ns, At safepoint: 5200 ns, Total: 59001 ns
[419.717s][info ][safepoint      ] Safepoint "Cleanup", Time since last: 1000123216 ns, Reaching safepoint: 62302 ns, At safepoint: 4800 ns, Total: 67102 ns
[420.717s][info ][safepoint      ] Safepoint "Cleanup", Time since last: 1000121693 ns, Reaching safepoint: 58701 ns, At safepoint: 6700 ns, Total: 65401 ns
[422.718s][info ][safepoint      ] Safepoint "Cleanup", Time since last: 2000167517 ns, Reaching safepoint: 65701 ns, At safepoint: 8301 ns, Total: 74002 ns
[425.718s][info ][safepoint      ] Safepoint "Cleanup", Time since last: 3000211004 ns, Reaching safepoint: 70702 ns, At safepoint: 5900 ns, Total: 76602 ns
[425.751s][info ][gc,start       ] GC(96) Pause Young (Allocation Failure)
[425.756s][debug][gc,phases      ] GC(96) Scavenge 5.678ms
[425.756s][debug][gc,ref         ] GC(96) Skipped phase 1 of Reference Processing: no references
[425.756s][debug][gc,ref         ] GC(96) Skipped phase 3 of Reference Processing: no references
[425.756s][debug][gc,phases      ] GC(96) Reference Processing 0.057ms
[425.757s][debug][gc,phases      ] GC(96) Weak Processing 0.716ms
[425.757s][debug][gc,age         ] GC(96) Desired survivor size 40894464 bytes, new threshold 15 (max threshold 15)
[425.757s][info ][gc,heap        ] GC(96) PSYoungGen: 2020320K(2055680K)->8288K(2053120K) Eden: 2011648K(2011648K)->0K(2011648K) From: 8672K(44032K)->8288K(41472K)
[425.757s][info ][gc,heap        ] GC(96) ParOldGen: 403968K(438272K)->404688K(438272K)
[425.757s][info ][gc,metaspace   ] GC(96) Metaspace: 80551K(81216K)->80551K(81216K) NonClass: 69606K(69952K)->69606K(69952K) Class: 10945K(11264K)->10945K(11264K)
[425.757s][info ][gc             ] GC(96) Pause Young (Allocation Failure) 2367M->403M(2433M) 6.620ms
[425.757s][info ][gc,cpu         ] GC(96) User=0.02s Sys=0.00s Real=0.01s
[425.757s][info ][safepoint      ] Safepoint "ParallelGCFailedAllocation", Time since last: 32562090 ns, Reaching safepoint: 42601 ns, At safepoint: 6705763 ns, Total: 6748364 ns
[427.757s][info ][safepoint      ] Safepoint "Cleanup", Time since last: 2000159290 ns, Reaching safepoint: 124503 ns, At safepoint: 7200 ns, Total: 131703 ns
[429.758s][info ][safepoint      ] Safepoint "Cleanup", Time since last: 2000203301 ns, Reaching safepoint: 134104 ns, At safepoint: 10700 ns, Total: 144804 ns
[431.758s][info ][safepoint      ] Safepoint "Cleanup", Time since last: 2000172712 ns, Reaching safepoint: 135903 ns, At safepoint: 10600 ns, Total: 146503 ns
[432.758s][info ][safepoint      ] Safepoint "Cleanup", Time since last: 1000112324 ns, Reaching safepoint: 90402 ns, At safepoint: 11900 ns, Total: 102302 ns
[433.759s][info ][safepoint      ] Safepoint "Cleanup", Time since last: 1000114401 ns, Reaching safepoint: 132603 ns, At safepoint: 13001 ns, Total: 145604 ns
[434.759s][info ][safepoint      ] Safepoint "Cleanup", Time since last: 1000119579 ns, Reaching safepoint: 155804 ns, At safepoint: 9800 ns, Total: 165604 ns
[435.759s][info ][safepoint      ] Safepoint "Cleanup", Time since last: 1000115657 ns, Reaching safepoint: 131003 ns, At safepoint: 14901 ns, Total: 145904 ns
[437.056s][info ][safepoint      ] Safepoint "Cleanup", Time since last: 1296315448 ns, Reaching safepoint: 148304 ns, At safepoint: 9600 ns, Total: 157904 ns
[438.056s][info ][safepoint      ] Safepoint "Cleanup", Time since last: 1000106606 ns, Reaching safepoint: 125103 ns, At safepoint: 10401 ns, Total: 135504 ns
[439.056s][info ][safepoint      ] Safepoint "Cleanup", Time since last: 1000118585 ns, Reaching safepoint: 142403 ns, At safepoint: 10200 ns, Total: 152603 ns
[441.056s][info ][safepoint      ] Safepoint "Cleanup", Time since last: 2000176103 ns, Reaching safepoint: 117703 ns, At safepoint: 12100 ns, Total: 129803 ns
[442.057s][info ][safepoint      ] Safepoint "Cleanup", Time since last: 1000105320 ns, Reaching safepoint: 123903 ns, At safepoint: 12600 ns, Total: 136503 ns
[443.057s][info ][safepoint      ] Safepoint "Cleanup", Time since last: 1000122298 ns, Reaching safepoint: 120503 ns, At safepoint: 9100 ns, Total: 129603 ns
[445.057s][info ][safepoint      ] Safepoint "Cleanup", Time since last: 2000182730 ns, Reaching safepoint: 129503 ns, At safepoint: 11600 ns, Total: 141103 ns
[446.058s][info ][safepoint      ] Safepoint "Cleanup", Time since last: 1000121333 ns, Reaching safepoint: 151604 ns, At safepoint: 11400 ns, Total: 163004 ns
[447.058s][info ][safepoint      ] Safepoint "Cleanup", Time since last: 1000115012 ns, Reaching safepoint: 145203 ns, At safepoint: 10200 ns, Total: 155403 ns
[449.058s][info ][safepoint      ] Safepoint "Cleanup", Time since last: 2000186358 ns, Reaching safepoint: 134303 ns, At safepoint: 9300 ns, Total: 143603 ns
[450.058s][info ][safepoint      ] Safepoint "Cleanup", Time since last: 1000104447 ns, Reaching safepoint: 128103 ns, At safepoint: 11400 ns, Total: 139503 ns
[452.059s][info ][safepoint      ] Safepoint "Cleanup", Time since last: 2000177129 ns, Reaching safepoint: 138204 ns, At safepoint: 13300 ns, Total: 151504 ns
[452.603s][info ][gc,start       ] GC(97) Pause Young (Allocation Failure)
[452.609s][debug][gc,phases      ] GC(97) Scavenge 5.770ms
[452.609s][debug][gc,ref         ] GC(97) Skipped phase 1 of Reference Processing: no references
[452.609s][debug][gc,ref         ] GC(97) Skipped phase 3 of Reference Processing: no references
[452.609s][debug][gc,phases      ] GC(97) Reference Processing 0.041ms
[452.609s][debug][gc,phases      ] GC(97) Weak Processing 0.615ms
[452.609s][debug][gc,age         ] GC(97) Desired survivor size 38797312 bytes, new threshold 15 (max threshold 15)
[452.609s][info ][gc,heap        ] GC(97) PSYoungGen: 2019936K(2053120K)->7568K(2059264K) Eden: 2011648K(2011648K)->0K(2019328K) From: 8288K(41472K)->7568K(39936K)
[452.609s][info ][gc,heap        ] GC(97) ParOldGen: 404688K(438272K)->405480K(438272K)
[452.609s][info ][gc,metaspace   ] GC(97) Metaspace: 80594K(81280K)->80594K(81280K) NonClass: 69649K(70016K)->69649K(70016K) Class: 10945K(11264K)->10945K(11264K)
[452.610s][info ][gc             ] GC(97) Pause Young (Allocation Failure) 2367M->403M(2439M) 6.579ms
[452.610s][info ][gc,cpu         ] GC(97) User=0.01s Sys=0.02s Real=0.01s
[452.610s][info ][safepoint      ] Safepoint "ParallelGCFailedAllocation", Time since last: 544034388 ns, Reaching safepoint: 135103 ns, At safepoint: 6677558 ns, Total: 6812661 ns
[453.610s][info ][safepoint      ] Safepoint "Cleanup", Time since last: 1000090771 ns, Reaching safepoint: 144004 ns, At safepoint: 9700 ns, Total: 153704 ns
[455.610s][info ][safepoint      ] Safepoint "Cleanup", Time since last: 2000196078 ns, Reaching safepoint: 127803 ns, At safepoint: 7401 ns, Total: 135204 ns
[456.610s][info ][safepoint      ] Safepoint "Cleanup", Time since last: 1000083007 ns, Reaching safepoint: 57601 ns, At safepoint: 33401 ns, Total: 91002 ns
[458.611s][info ][safepoint      ] Safepoint "Cleanup", Time since last: 2000257653 ns, Reaching safepoint: 56501 ns, At safepoint: 14401 ns, Total: 70902 ns
[460.611s][info ][safepoint      ] Safepoint "Cleanup", Time since last: 2000136366 ns, Reaching safepoint: 164604 ns, At safepoint: 16400 ns, Total: 181004 ns
[461.611s][info ][safepoint      ] Safepoint "Cleanup", Time since last: 1000112903 ns, Reaching safepoint: 150903 ns, At safepoint: 11201 ns, Total: 162104 ns
[462.611s][info ][safepoint      ] Safepoint "Cleanup", Time since last: 1000112182 ns, Reaching safepoint: 112802 ns, At safepoint: 8500 ns, Total: 121302 ns
[463.612s][info ][safepoint      ] Safepoint "Cleanup", Time since last: 1000063160 ns, Reaching safepoint: 121103 ns, At safepoint: 17200 ns, Total: 138303 ns
[464.612s][info ][safepoint      ] Safepoint "Cleanup", Time since last: 1000112241 ns, Reaching safepoint: 129903 ns, At safepoint: 11300 ns, Total: 141203 ns
[465.612s][info ][safepoint      ] Safepoint "Cleanup", Time since last: 1000106719 ns, Reaching safepoint: 58902 ns, At safepoint: 7400 ns, Total: 66302 ns
[466.612s][info ][safepoint      ] Safepoint "Cleanup", Time since last: 1000097898 ns, Reaching safepoint: 53801 ns, At safepoint: 3900 ns, Total: 57701 ns
[467.612s][info ][safepoint      ] Safepoint "Cleanup", Time since last: 1000117979 ns, Reaching safepoint: 65201 ns, At safepoint: 9300 ns, Total: 74501 ns
[469.613s][info ][safepoint      ] Safepoint "Cleanup", Time since last: 2000174093 ns, Reaching safepoint: 50601 ns, At safepoint: 8501 ns, Total: 59102 ns
[471.613s][info ][safepoint      ] Safepoint "Cleanup", Time since last: 2000172710 ns, Reaching safepoint: 54702 ns, At safepoint: 4100 ns, Total: 58802 ns
[472.613s][info ][safepoint      ] Safepoint "Cleanup", Time since last: 1000073874 ns, Reaching safepoint: 48901 ns, At safepoint: 8800 ns, Total: 57701 ns
[473.613s][info ][safepoint      ] Safepoint "Cleanup", Time since last: 1000111155 ns, Reaching safepoint: 57801 ns, At safepoint: 11601 ns, Total: 69402 ns
[474.613s][info ][safepoint      ] Safepoint "Cleanup", Time since last: 1000108634 ns, Reaching safepoint: 67501 ns, At safepoint: 10901 ns, Total: 78402 ns
[475.614s][info ][safepoint      ] Safepoint "Cleanup", Time since last: 1000096013 ns, Reaching safepoint: 57002 ns, At safepoint: 6900 ns, Total: 63902 ns
[477.614s][info ][safepoint      ] Safepoint "Cleanup", Time since last: 2000162765 ns, Reaching safepoint: 62702 ns, At safepoint: 6500 ns, Total: 69202 ns
[478.614s][info ][safepoint      ] Safepoint "Cleanup", Time since last: 1000118753 ns, Reaching safepoint: 62102 ns, At safepoint: 4300 ns, Total: 66402 ns
[480.614s][info ][safepoint      ] Safepoint "Cleanup", Time since last: 2000130543 ns, Reaching safepoint: 49401 ns, At safepoint: 3800 ns, Total: 53201 ns
[481.614s][info ][safepoint      ] Safepoint "Cleanup", Time since last: 1000114593 ns, Reaching safepoint: 69802 ns, At safepoint: 5000 ns, Total: 74802 ns
[481.852s][info ][gc,start       ] GC(98) Pause Young (Allocation Failure)
[481.858s][debug][gc,phases      ] GC(98) Scavenge 5.279ms
[481.858s][debug][gc,ref         ] GC(98) Skipped phase 1 of Reference Processing: no references
[481.858s][debug][gc,ref         ] GC(98) Skipped phase 3 of Reference Processing: no references
[481.858s][debug][gc,phases      ] GC(98) Reference Processing 0.033ms
[481.858s][debug][gc,phases      ] GC(98) Weak Processing 0.584ms
[481.858s][debug][gc,age         ] GC(98) Desired survivor size 37224448 bytes, new threshold 15 (max threshold 15)
[481.858s][info ][gc,heap        ] GC(98) PSYoungGen: 2026896K(2059264K)->6160K(2057216K) Eden: 2019328K(2019328K)->0K(2019328K) From: 7568K(39936K)->6160K(37888K)
[481.859s][info ][gc,heap        ] GC(98) ParOldGen: 405480K(438272K)->407240K(438272K)
[481.859s][info ][gc,metaspace   ] GC(98) Metaspace: 80613K(81280K)->80613K(81280K) NonClass: 69667K(70016K)->69667K(70016K) Class: 10946K(11264K)->10946K(11264K)
[481.859s][info ][gc             ] GC(98) Pause Young (Allocation Failure) 2375M->403M(2437M) 6.036ms
[481.859s][info ][gc,cpu         ] GC(98) User=0.02s Sys=0.00s Real=0.01s
[481.859s][info ][safepoint      ] Safepoint "ParallelGCFailedAllocation", Time since last: 237960490 ns, Reaching safepoint: 117202 ns, At safepoint: 6141442 ns, Total: 6258644 ns
[482.859s][info ][safepoint      ] Safepoint "Cleanup", Time since last: 1000101667 ns, Reaching safepoint: 150504 ns, At safepoint: 12000 ns, Total: 162504 ns
[483.859s][info ][safepoint      ] Safepoint "Cleanup", Time since last: 1000129648 ns, Reaching safepoint: 128503 ns, At safepoint: 13600 ns, Total: 142103 ns
[484.859s][info ][safepoint      ] Safepoint "Cleanup", Time since last: 1000119228 ns, Reaching safepoint: 89002 ns, At safepoint: 9400 ns, Total: 98402 ns
[485.860s][info ][safepoint      ] Safepoint "Cleanup", Time since last: 1000113808 ns, Reaching safepoint: 148503 ns, At safepoint: 13301 ns, Total: 161804 ns
[486.860s][info ][safepoint      ] Safepoint "Cleanup", Time since last: 1000112587 ns, Reaching safepoint: 75502 ns, At safepoint: 4900 ns, Total: 80402 ns
[487.860s][info ][safepoint      ] Safepoint "Cleanup", Time since last: 1000118368 ns, Reaching safepoint: 72802 ns, At safepoint: 5500 ns, Total: 78302 ns
[489.860s][info ][safepoint      ] Safepoint "Cleanup", Time since last: 2000189575 ns, Reaching safepoint: 55301 ns, At safepoint: 9000 ns, Total: 64301 ns
[490.860s][info ][safepoint      ] Safepoint "Cleanup", Time since last: 1000108609 ns, Reaching safepoint: 51701 ns, At safepoint: 8800 ns, Total: 60501 ns
[491.861s][info ][safepoint      ] Safepoint "Cleanup", Time since last: 1000122589 ns, Reaching safepoint: 59401 ns, At safepoint: 9300 ns, Total: 68701 ns
[492.861s][info ][safepoint      ] Safepoint "Cleanup", Time since last: 1000107469 ns, Reaching safepoint: 69802 ns, At safepoint: 11200 ns, Total: 81002 ns
[493.861s][info ][safepoint      ] Safepoint "Cleanup", Time since last: 1000117749 ns, Reaching safepoint: 45801 ns, At safepoint: 6600 ns, Total: 52401 ns
[499.862s][info ][safepoint      ] Safepoint "Cleanup", Time since last: 6000472481 ns, Reaching safepoint: 127203 ns, At safepoint: 8100 ns, Total: 135303 ns
[500.862s][info ][safepoint      ] Safepoint "Cleanup", Time since last: 1000115513 ns, Reaching safepoint: 54301 ns, At safepoint: 3700 ns, Total: 58001 ns
[501.862s][info ][safepoint      ] Safepoint "Cleanup", Time since last: 1000116093 ns, Reaching safepoint: 55202 ns, At safepoint: 10500 ns, Total: 65702 ns
[503.862s][info ][safepoint      ] Safepoint "Cleanup", Time since last: 2000180628 ns, Reaching safepoint: 79002 ns, At safepoint: 4000 ns, Total: 83002 ns
[505.862s][info ][safepoint      ] Safepoint "Cleanup", Time since last: 2000193551 ns, Reaching safepoint: 48601 ns, At safepoint: 11100 ns, Total: 59701 ns
[506.863s][info ][safepoint      ] Safepoint "Cleanup", Time since last: 1000146698 ns, Reaching safepoint: 58502 ns, At safepoint: 7000 ns, Total: 65502 ns
[511.467s][info ][gc,start       ] GC(99) Pause Young (Allocation Failure)
[511.471s][debug][gc,phases      ] GC(99) Scavenge 4.259ms
[511.471s][debug][gc,ref         ] GC(99) Skipped phase 1 of Reference Processing: no references
[511.471s][debug][gc,ref         ] GC(99) Skipped phase 3 of Reference Processing: no references
[511.471s][debug][gc,phases      ] GC(99) Reference Processing 0.037ms
[511.472s][debug][gc,phases      ] GC(99) Weak Processing 0.574ms
[511.472s][debug][gc,age         ] GC(99) Desired survivor size 35651584 bytes, new threshold 15 (max threshold 15)
[511.472s][info ][gc,heap        ] GC(99) PSYoungGen: 2025488K(2057216K)->5632K(2062336K) Eden: 2019328K(2019328K)->0K(2025984K) From: 6160K(37888K)->5632K(36352K)
[511.472s][info ][gc,heap        ] GC(99) ParOldGen: 407240K(438272K)->407840K(438272K)
[511.472s][info ][gc,metaspace   ] GC(99) Metaspace: 80638K(81280K)->80638K(81280K) NonClass: 69690K(70016K)->69690K(70016K) Class: 10947K(11264K)->10947K(11264K)
[511.472s][info ][gc             ] GC(99) Pause Young (Allocation Failure) 2375M->403M(2442M) 5.003ms
[511.472s][info ][gc,cpu         ] GC(99) User=0.02s Sys=0.00s Real=0.00s
[511.472s][info ][safepoint      ] Safepoint "ParallelGCFailedAllocation", Time since last: 4603827877 ns, Reaching safepoint: 58601 ns, At safepoint: 5114315 ns, Total: 5172916 ns
[513.418s][info ][safepoint      ] Safepoint "Cleanup", Time since last: 1946145347 ns, Reaching safepoint: 45001 ns, At safepoint: 10400 ns, Total: 55401 ns
[514.418s][info ][safepoint      ] Safepoint "Cleanup", Time since last: 1000119054 ns, Reaching safepoint: 129003 ns, At safepoint: 9200 ns, Total: 138203 ns
[515.418s][info ][safepoint      ] Safepoint "Cleanup", Time since last: 1000115435 ns, Reaching safepoint: 58701 ns, At safepoint: 6601 ns, Total: 65302 ns
[517.419s][info ][safepoint      ] Safepoint "Cleanup", Time since last: 2000181912 ns, Reaching safepoint: 52001 ns, At safepoint: 3800 ns, Total: 55801 ns
[518.419s][info ][safepoint      ] Safepoint "Cleanup", Time since last: 1000104979 ns, Reaching safepoint: 63101 ns, At safepoint: 10000 ns, Total: 73101 ns
[522.419s][info ][safepoint      ] Safepoint "Cleanup", Time since last: 4000309625 ns, Reaching safepoint: 69601 ns, At safepoint: 14101 ns, Total: 83702 ns
[527.420s][info ][safepoint      ] Safepoint "Cleanup", Time since last: 5000379838 ns, Reaching safepoint: 51801 ns, At safepoint: 6600 ns, Total: 58401 ns
[530.420s][info ][safepoint      ] Safepoint "Cleanup", Time since last: 3000243823 ns, Reaching safepoint: 64702 ns, At safepoint: 15700 ns, Total: 80402 ns
[533.420s][info ][safepoint      ] Safepoint "Cleanup", Time since last: 3000254659 ns, Reaching safepoint: 57601 ns, At safepoint: 8800 ns, Total: 66401 ns
[534.420s][info ][safepoint      ] Safepoint "Cleanup", Time since last: 1000109984 ns, Reaching safepoint: 61002 ns, At safepoint: 9300 ns, Total: 70302 ns
[536.421s][info ][safepoint      ] Safepoint "Cleanup", Time since last: 2000172512 ns, Reaching safepoint: 51201 ns, At safepoint: 3800 ns, Total: 55001 ns
[537.421s][info ][safepoint      ] Safepoint "Cleanup", Time since last: 1000111330 ns, Reaching safepoint: 52501 ns, At safepoint: 6700 ns, Total: 59201 ns
[543.008s][info ][gc,start       ] GC(100) Pause Young (Allocation Failure)
[543.012s][debug][gc,phases      ] GC(100) Scavenge 4.294ms
[543.012s][debug][gc,ref         ] GC(100) Skipped phase 1 of Reference Processing: no references
[543.012s][debug][gc,ref         ] GC(100) Skipped phase 3 of Reference Processing: no references
[543.012s][debug][gc,phases      ] GC(100) Reference Processing 0.030ms
[543.013s][debug][gc,phases      ] GC(100) Weak Processing 0.606ms
[543.013s][debug][gc,age         ] GC(100) Desired survivor size 34078720 bytes, new threshold 15 (max threshold 15)
[543.013s][info ][gc,heap        ] GC(100) PSYoungGen: 2031616K(2062336K)->5552K(2060800K) Eden: 2025984K(2025984K)->0K(2025984K) From: 5632K(36352K)->5552K(34816K)
[543.013s][info ][gc,heap        ] GC(100) ParOldGen: 407840K(438272K)->408216K(438272K)
[543.013s][info ][gc,metaspace   ] GC(100) Metaspace: 80657K(81344K)->80657K(81344K) NonClass: 69709K(70080K)->69709K(70080K) Class: 10947K(11264K)->10947K(11264K)
[543.013s][info ][gc             ] GC(100) Pause Young (Allocation Failure) 2382M->404M(2440M) 5.085ms
[543.013s][info ][gc,cpu         ] GC(100) User=0.01s Sys=0.00s Real=0.00s
[543.013s][info ][safepoint      ] Safepoint "ParallelGCFailedAllocation", Time since last: 5587149038 ns, Reaching safepoint: 112202 ns, At safepoint: 5172814 ns, Total: 5285016 ns
[545.337s][info ][safepoint      ] Safepoint "Cleanup", Time since last: 2324170793 ns, Reaching safepoint: 70802 ns, At safepoint: 9200 ns, Total: 80002 ns
[553.451s][info ][safepoint      ] Safepoint "Cleanup", Time since last: 8113875825 ns, Reaching safepoint: 152603 ns, At safepoint: 11000 ns, Total: 163603 ns
[554.452s][info ][safepoint      ] Safepoint "Cleanup", Time since last: 1000114928 ns, Reaching safepoint: 135703 ns, At safepoint: 7400 ns, Total: 143103 ns
[555.452s][info ][safepoint      ] Safepoint "Cleanup", Time since last: 1000104410 ns, Reaching safepoint: 111903 ns, At safepoint: 12900 ns, Total: 124803 ns
[557.452s][info ][safepoint      ] Safepoint "Cleanup", Time since last: 2000197068 ns, Reaching safepoint: 97002 ns, At safepoint: 14700 ns, Total: 111702 ns
[558.453s][info ][safepoint      ] Safepoint "Cleanup", Time since last: 1000129259 ns, Reaching safepoint: 125802 ns, At safepoint: 10501 ns, Total: 136303 ns
[559.453s][info ][safepoint      ] Safepoint "Cleanup", Time since last: 1000119141 ns, Reaching safepoint: 146803 ns, At safepoint: 10100 ns, Total: 156903 ns
[560.453s][info ][safepoint      ] Safepoint "Cleanup", Time since last: 1000093023 ns, Reaching safepoint: 141303 ns, At safepoint: 11601 ns, Total: 152904 ns
[561.453s][info ][safepoint      ] Safepoint "Cleanup", Time since last: 1000120906 ns, Reaching safepoint: 140203 ns, At safepoint: 12600 ns, Total: 152803 ns
[562.454s][info ][safepoint      ] Safepoint "Cleanup", Time since last: 1000109190 ns, Reaching safepoint: 135103 ns, At safepoint: 5900 ns, Total: 141003 ns
[564.454s][info ][safepoint      ] Safepoint "Cleanup", Time since last: 2000179326 ns, Reaching safepoint: 142003 ns, At safepoint: 12500 ns, Total: 154503 ns
[566.454s][info ][safepoint      ] Safepoint "Cleanup", Time since last: 2000178358 ns, Reaching safepoint: 140903 ns, At safepoint: 10300 ns, Total: 151203 ns
[567.455s][info ][safepoint      ] Safepoint "Cleanup", Time since last: 1000116204 ns, Reaching safepoint: 133103 ns, At safepoint: 12200 ns, Total: 145303 ns
[568.455s][info ][safepoint      ] Safepoint "Cleanup", Time since last: 1000117687 ns, Reaching safepoint: 138503 ns, At safepoint: 12600 ns, Total: 151103 ns
[569.455s][info ][safepoint      ] Safepoint "Cleanup", Time since last: 1000117170 ns, Reaching safepoint: 131803 ns, At safepoint: 9200 ns, Total: 141003 ns
[570.455s][info ][safepoint      ] Safepoint "Cleanup", Time since last: 1000120953 ns, Reaching safepoint: 133003 ns, At safepoint: 11800 ns, Total: 144803 ns
[571.456s][info ][safepoint      ] Safepoint "Cleanup", Time since last: 1000091636 ns, Reaching safepoint: 118402 ns, At safepoint: 9301 ns, Total: 127703 ns
[573.047s][info ][gc,start       ] GC(101) Pause Young (Allocation Failure)
[573.050s][debug][gc,phases      ] GC(101) Scavenge 3.594ms
[573.050s][debug][gc,ref         ] GC(101) Skipped phase 1 of Reference Processing: no references
[573.050s][debug][gc,ref         ] GC(101) Skipped phase 3 of Reference Processing: no references
[573.050s][debug][gc,phases      ] GC(101) Reference Processing 0.028ms
[573.051s][debug][gc,phases      ] GC(101) Weak Processing 0.642ms
[573.051s][debug][gc,age         ] GC(101) Desired survivor size 33030144 bytes, new threshold 15 (max threshold 15)
[573.051s][info ][gc,heap        ] GC(101) PSYoungGen: 2031536K(2060800K)->5712K(2064896K) Eden: 2025984K(2025984K)->0K(2031616K) From: 5552K(34816K)->5712K(33280K)
[573.051s][info ][gc,heap        ] GC(101) ParOldGen: 408216K(438272K)->408368K(438272K)
[573.051s][info ][gc,metaspace   ] GC(101) Metaspace: 80706K(81344K)->80706K(81344K) NonClass: 69750K(70080K)->69750K(70080K) Class: 10956K(11264K)->10956K(11264K)
[573.051s][info ][gc             ] GC(101) Pause Young (Allocation Failure) 2382M->404M(2444M) 4.444ms
[573.051s][info ][gc,cpu         ] GC(101) User=0.01s Sys=0.00s Real=0.00s
[573.051s][info ][safepoint      ] Safepoint "ParallelGCFailedAllocation", Time since last: 1591110367 ns, Reaching safepoint: 42301 ns, At safepoint: 4551298 ns, Total: 4593599 ns
[574.052s][info ][safepoint      ] Safepoint "Cleanup", Time since last: 1000110692 ns, Reaching safepoint: 135803 ns, At safepoint: 19100 ns, Total: 154903 ns
[575.052s][info ][safepoint      ] Safepoint "Cleanup", Time since last: 1000125576 ns, Reaching safepoint: 133403 ns, At safepoint: 10800 ns, Total: 144203 ns
[576.052s][info ][safepoint      ] Safepoint "Cleanup", Time since last: 1000122959 ns, Reaching safepoint: 121603 ns, At safepoint: 14400 ns, Total: 136003 ns
[580.052s][info ][safepoint      ] Safepoint "Cleanup", Time since last: 4000342367 ns, Reaching safepoint: 100402 ns, At safepoint: 8100 ns, Total: 108502 ns
[581.053s][info ][safepoint      ] Safepoint "Cleanup", Time since last: 1000126476 ns, Reaching safepoint: 113402 ns, At safepoint: 10101 ns, Total: 123503 ns
[583.053s][info ][safepoint      ] Safepoint "Cleanup", Time since last: 2000202801 ns, Reaching safepoint: 127403 ns, At safepoint: 8000 ns, Total: 135403 ns
[584.053s][info ][safepoint      ] Safepoint "Cleanup", Time since last: 1000125026 ns, Reaching safepoint: 135903 ns, At safepoint: 7100 ns, Total: 143003 ns
[585.054s][info ][safepoint      ] Safepoint "Cleanup", Time since last: 1000127610 ns, Reaching safepoint: 137603 ns, At safepoint: 9000 ns, Total: 146603 ns
[587.054s][info ][safepoint      ] Safepoint "Cleanup", Time since last: 2000193070 ns, Reaching safepoint: 121402 ns, At safepoint: 7001 ns, Total: 128403 ns
[588.054s][info ][safepoint      ] Safepoint "Cleanup", Time since last: 1000109460 ns, Reaching safepoint: 126803 ns, At safepoint: 8300 ns, Total: 135103 ns
[589.054s][info ][safepoint      ] Safepoint "Cleanup", Time since last: 1000132045 ns, Reaching safepoint: 128502 ns, At safepoint: 11601 ns, Total: 140103 ns
[590.055s][info ][safepoint      ] Safepoint "Cleanup", Time since last: 1000114028 ns, Reaching safepoint: 122702 ns, At safepoint: 6000 ns, Total: 128702 ns
[591.055s][info ][safepoint      ] Safepoint "Cleanup", Time since last: 1000112212 ns, Reaching safepoint: 127003 ns, At safepoint: 8100 ns, Total: 135103 ns
[593.055s][info ][safepoint      ] Safepoint "Cleanup", Time since last: 2000187674 ns, Reaching safepoint: 123703 ns, At safepoint: 6600 ns, Total: 130303 ns
[595.056s][info ][safepoint      ] Safepoint "Cleanup", Time since last: 2000186209 ns, Reaching safepoint: 124903 ns, At safepoint: 7400 ns, Total: 132303 ns
[596.056s][info ][safepoint      ] Safepoint "Cleanup", Time since last: 1000106231 ns, Reaching safepoint: 139803 ns, At safepoint: 10500 ns, Total: 150303 ns
[597.056s][info ][safepoint      ] Safepoint "Cleanup", Time since last: 1000113215 ns, Reaching safepoint: 130402 ns, At safepoint: 6701 ns, Total: 137103 ns
[598.056s][info ][safepoint      ] Safepoint "Cleanup", Time since last: 1000108498 ns, Reaching safepoint: 130603 ns, At safepoint: 9100 ns, Total: 139703 ns
[602.057s][info ][safepoint      ] Safepoint "Cleanup", Time since last: 4000282832 ns, Reaching safepoint: 120603 ns, At safepoint: 7700 ns, Total: 128303 ns
[603.084s][info ][gc,start       ] GC(102) Pause Young (Allocation Failure)
[603.087s][debug][gc,phases      ] GC(102) Scavenge 3.219ms
[603.087s][debug][gc,ref         ] GC(102) Skipped phase 1 of Reference Processing: no references
[603.087s][debug][gc,ref         ] GC(102) Skipped phase 3 of Reference Processing: no references
[603.087s][debug][gc,phases      ] GC(102) Reference Processing 0.051ms
[603.088s][debug][gc,phases      ] GC(102) Weak Processing 0.681ms
[603.088s][debug][gc,age         ] GC(102) Desired survivor size 31457280 bytes, new threshold 15 (max threshold 15)
[603.088s][info ][gc,heap        ] GC(102) PSYoungGen: 2037328K(2064896K)->5440K(2063872K) Eden: 2031616K(2031616K)->0K(2031616K) From: 5712K(33280K)->5440K(32256K)
[603.088s][info ][gc,heap        ] GC(102) ParOldGen: 408368K(438272K)->408456K(438272K)
[603.088s][info ][gc,metaspace   ] GC(102) Metaspace: 80715K(81408K)->80715K(81408K) NonClass: 69759K(70144K)->69759K(70144K) Class: 10956K(11264K)->10956K(11264K)
[603.088s][info ][gc             ] GC(102) Pause Young (Allocation Failure) 2388M->404M(2443M) 4.132ms
[603.088s][info ][gc,cpu         ] GC(102) User=0.01s Sys=0.00s Real=0.01s
[603.088s][info ][safepoint      ] Safepoint "ParallelGCFailedAllocation", Time since last: 1027220486 ns, Reaching safepoint: 43701 ns, At safepoint: 4234189 ns, Total: 4277890 ns
[610.089s][info ][safepoint      ] Safepoint "Cleanup", Time since last: 7000521083 ns, Reaching safepoint: 76601 ns, At safepoint: 10301 ns, Total: 86902 ns
[611.089s][info ][safepoint      ] Safepoint "Cleanup", Time since last: 1000114592 ns, Reaching safepoint: 63102 ns, At safepoint: 17100 ns, Total: 80202 ns
[612.089s][info ][safepoint      ] Safepoint "Cleanup", Time since last: 1000122478 ns, Reaching safepoint: 70001 ns, At safepoint: 4400 ns, Total: 74401 ns
[613.089s][info ][safepoint      ] Safepoint "Cleanup", Time since last: 1000125262 ns, Reaching safepoint: 48001 ns, At safepoint: 4100 ns, Total: 52101 ns
[622.090s][info ][safepoint      ] Safepoint "Cleanup", Time since last: 9000616551 ns, Reaching safepoint: 94602 ns, At safepoint: 14700 ns, Total: 109302 ns
[623.090s][info ][safepoint      ] Safepoint "Cleanup", Time since last: 1000073907 ns, Reaching safepoint: 66602 ns, At safepoint: 12400 ns, Total: 79002 ns
[624.090s][info ][safepoint      ] Safepoint "Cleanup", Time since last: 1000120092 ns, Reaching safepoint: 62602 ns, At safepoint: 7000 ns, Total: 69602 ns
[625.091s][info ][safepoint      ] Safepoint "Cleanup", Time since last: 1000099077 ns, Reaching safepoint: 60301 ns, At safepoint: 3800 ns, Total: 64101 ns
[628.091s][info ][safepoint      ] Safepoint "Cleanup", Time since last: 3000237539 ns, Reaching safepoint: 64401 ns, At safepoint: 10800 ns, Total: 75201 ns
[629.091s][info ][safepoint      ] Safepoint "Cleanup", Time since last: 1000113817 ns, Reaching safepoint: 67501 ns, At safepoint: 10401 ns, Total: 77902 ns
[630.091s][info ][safepoint      ] Safepoint "Cleanup", Time since last: 1000102101 ns, Reaching safepoint: 54101 ns, At safepoint: 7900 ns, Total: 62001 ns
[631.092s][info ][safepoint      ] Safepoint "Cleanup", Time since last: 1000109987 ns, Reaching safepoint: 60501 ns, At safepoint: 11000 ns, Total: 71501 ns
[631.943s][info ][gc,start       ] GC(103) Pause Young (Allocation Failure)
[631.947s][debug][gc,phases      ] GC(103) Scavenge 3.318ms
[631.947s][debug][gc,ref         ] GC(103) Skipped phase 1 of Reference Processing: no references
[631.947s][debug][gc,ref         ] GC(103) Skipped phase 3 of Reference Processing: no references
[631.947s][debug][gc,phases      ] GC(103) Reference Processing 0.030ms
[631.947s][debug][gc,phases      ] GC(103) Weak Processing 0.529ms
[631.947s][debug][gc,age         ] GC(103) Desired survivor size 29884416 bytes, new threshold 15 (max threshold 15)
[631.947s][info ][gc,heap        ] GC(103) PSYoungGen: 2037056K(2063872K)->5584K(2067968K) Eden: 2031616K(2031616K)->0K(2037248K) From: 5440K(32256K)->5584K(30720K)
[631.947s][info ][gc,heap        ] GC(103) ParOldGen: 408456K(438272K)->408608K(438272K)
[631.947s][info ][gc,metaspace   ] GC(103) Metaspace: 80728K(81408K)->80728K(81408K) NonClass: 69772K(70144K)->69772K(70144K) Class: 10956K(11264K)->10956K(11264K)
[631.947s][info ][gc             ] GC(103) Pause Young (Allocation Failure) 2388M->404M(2447M) 4.021ms
[631.947s][info ][gc,cpu         ] GC(103) User=0.01s Sys=0.00s Real=0.01s
[631.948s][info ][safepoint      ] Safepoint "ParallelGCFailedAllocation", Time since last: 851837538 ns, Reaching safepoint: 58401 ns, At safepoint: 4107684 ns, Total: 4166085 ns
[632.948s][info ][safepoint      ] Safepoint "Cleanup", Time since last: 1000098659 ns, Reaching safepoint: 57601 ns, At safepoint: 3600 ns, Total: 61201 ns
[633.948s][info ][safepoint      ] Safepoint "Cleanup", Time since last: 1000117244 ns, Reaching safepoint: 66501 ns, At safepoint: 7200 ns, Total: 73701 ns
[634.948s][info ][safepoint      ] Safepoint "Cleanup", Time since last: 1000110929 ns, Reaching safepoint: 56201 ns, At safepoint: 9501 ns, Total: 65702 ns
[635.948s][info ][safepoint      ] Safepoint "Cleanup", Time since last: 1000110114 ns, Reaching safepoint: 73101 ns, At safepoint: 20701 ns, Total: 93802 ns
[636.948s][info ][safepoint      ] Safepoint "Cleanup", Time since last: 1000113799 ns, Reaching safepoint: 55701 ns, At safepoint: 6800 ns, Total: 62501 ns
[637.949s][info ][safepoint      ] Safepoint "Cleanup", Time since last: 1000105284 ns, Reaching safepoint: 74002 ns, At safepoint: 8000 ns, Total: 82002 ns
[640.949s][info ][safepoint      ] Safepoint "Cleanup", Time since last: 3000251763 ns, Reaching safepoint: 80701 ns, At safepoint: 16601 ns, Total: 97302 ns
[642.949s][info ][safepoint      ] Safepoint "Cleanup", Time since last: 2000143634 ns, Reaching safepoint: 63101 ns, At safepoint: 13600 ns, Total: 76701 ns
[645.949s][info ][safepoint      ] Safepoint "Cleanup", Time since last: 3000242743 ns, Reaching safepoint: 61401 ns, At safepoint: 6800 ns, Total: 68201 ns
[648.950s][info ][safepoint      ] Safepoint "Cleanup", Time since last: 3000260612 ns, Reaching safepoint: 76201 ns, At safepoint: 18800 ns, Total: 95001 ns
[649.950s][info ][safepoint      ] Safepoint "Cleanup", Time since last: 1000144310 ns, Reaching safepoint: 106602 ns, At safepoint: 15000 ns, Total: 121602 ns
[650.950s][info ][safepoint      ] Safepoint "Cleanup", Time since last: 1000121795 ns, Reaching safepoint: 82801 ns, At safepoint: 13401 ns, Total: 96202 ns
[651.951s][info ][safepoint      ] Safepoint "Cleanup", Time since last: 1000125380 ns, Reaching safepoint: 143703 ns, At safepoint: 8100 ns, Total: 151803 ns
[656.855s][info ][safepoint      ] Safepoint "Cleanup", Time since last: 4904458052 ns, Reaching safepoint: 107102 ns, At safepoint: 10700 ns, Total: 117802 ns
[657.855s][info ][safepoint      ] Safepoint "Cleanup", Time since last: 1000112695 ns, Reaching safepoint: 133403 ns, At safepoint: 9800 ns, Total: 143203 ns
[659.852s][info ][gc,start       ] GC(104) Pause Young (Allocation Failure)
[659.855s][debug][gc,phases      ] GC(104) Scavenge 3.193ms
[659.855s][debug][gc,ref         ] GC(104) Skipped phase 1 of Reference Processing: no references
[659.855s][debug][gc,ref         ] GC(104) Skipped phase 3 of Reference Processing: no references
[659.855s][debug][gc,phases      ] GC(104) Reference Processing 0.033ms
[659.856s][debug][gc,phases      ] GC(104) Weak Processing 0.556ms
[659.856s][debug][gc,age         ] GC(104) Desired survivor size 28311552 bytes, new threshold 15 (max threshold 15)
[659.856s][info ][gc,heap        ] GC(104) PSYoungGen: 2042832K(2067968K)->5728K(2066432K) Eden: 2037248K(2037248K)->0K(2037248K) From: 5584K(30720K)->5728K(29184K)
[659.856s][info ][gc,heap        ] GC(104) ParOldGen: 408608K(438272K)->408808K(438272K)
[659.856s][info ][gc,metaspace   ] GC(104) Metaspace: 80750K(81408K)->80750K(81408K) NonClass: 69793K(70144K)->69793K(70144K) Class: 10957K(11264K)->10957K(11264K)
[659.856s][info ][gc             ] GC(104) Pause Young (Allocation Failure) 2393M->404M(2446M) 3.926ms
[659.856s][info ][gc,cpu         ] GC(104) User=0.01s Sys=0.00s Real=0.01s
[659.856s][info ][safepoint      ] Safepoint "ParallelGCFailedAllocation", Time since last: 1996116366 ns, Reaching safepoint: 47301 ns, At safepoint: 4007480 ns, Total: 4054781 ns
[660.856s][info ][safepoint      ] Safepoint "Cleanup", Time since last: 1000088252 ns, Reaching safepoint: 130503 ns, At safepoint: 10500 ns, Total: 141003 ns
[661.856s][info ][safepoint      ] Safepoint "Cleanup", Time since last: 1000104838 ns, Reaching safepoint: 118602 ns, At safepoint: 10201 ns, Total: 128803 ns
[662.856s][info ][safepoint      ] Safepoint "Cleanup", Time since last: 1000109124 ns, Reaching safepoint: 126002 ns, At safepoint: 10901 ns, Total: 136903 ns
[663.857s][info ][safepoint      ] Safepoint "Cleanup", Time since last: 1000092009 ns, Reaching safepoint: 132403 ns, At safepoint: 12100 ns, Total: 144503 ns
[664.857s][info ][safepoint      ] Safepoint "Cleanup", Time since last: 1000149897 ns, Reaching safepoint: 95902 ns, At safepoint: 13000 ns, Total: 108902 ns
[665.857s][info ][safepoint      ] Safepoint "Cleanup", Time since last: 1000118383 ns, Reaching safepoint: 121002 ns, At safepoint: 10000 ns, Total: 131002 ns
[666.857s][info ][safepoint      ] Safepoint "Cleanup", Time since last: 1000114768 ns, Reaching safepoint: 126803 ns, At safepoint: 6500 ns, Total: 133303 ns
[672.858s][info ][safepoint      ] Safepoint "Cleanup", Time since last: 6000441011 ns, Reaching safepoint: 128102 ns, At safepoint: 6101 ns, Total: 134203 ns
[676.858s][info ][safepoint      ] Safepoint "Cleanup", Time since last: 4000318297 ns, Reaching safepoint: 136503 ns, At safepoint: 11100 ns, Total: 147603 ns
[677.859s][info ][safepoint      ] Safepoint "Cleanup", Time since last: 1000115116 ns, Reaching safepoint: 126302 ns, At safepoint: 8800 ns, Total: 135102 ns
[679.859s][info ][safepoint      ] Safepoint "Cleanup", Time since last: 2000181990 ns, Reaching safepoint: 126202 ns, At safepoint: 11301 ns, Total: 137503 ns
[680.859s][info ][safepoint      ] Safepoint "Cleanup", Time since last: 1000118774 ns, Reaching safepoint: 130703 ns, At safepoint: 8300 ns, Total: 139003 ns
[681.859s][info ][safepoint      ] Safepoint "Cleanup", Time since last: 1000117361 ns, Reaching safepoint: 128303 ns, At safepoint: 15400 ns, Total: 143703 ns
[682.860s][info ][safepoint      ] Safepoint "Cleanup", Time since last: 1000114948 ns, Reaching safepoint: 66501 ns, At safepoint: 7200 ns, Total: 73701 ns
[687.181s][info ][gc,start       ] GC(105) Pause Young (Allocation Failure)
[687.185s][debug][gc,phases      ] GC(105) Scavenge 4.003ms
[687.185s][debug][gc,ref         ] GC(105) Skipped phase 1 of Reference Processing: no references
[687.185s][debug][gc,ref         ] GC(105) Skipped phase 3 of Reference Processing: no references
[687.185s][debug][gc,phases      ] GC(105) Reference Processing 0.027ms
[687.186s][debug][gc,phases      ] GC(105) Weak Processing 0.555ms
[687.186s][debug][gc,age         ] GC(105) Desired survivor size 27262976 bytes, new threshold 15 (max threshold 15)
[687.186s][info ][gc,heap        ] GC(105) PSYoungGen: 2042976K(2066432K)->4864K(2070528K) Eden: 2037248K(2037248K)->0K(2042880K) From: 5728K(29184K)->4864K(27648K)
[687.186s][info ][gc,heap        ] GC(105) ParOldGen: 408808K(438272K)->409144K(438272K)
[687.186s][info ][gc,metaspace   ] GC(105) Metaspace: 80798K(81536K)->80798K(81536K) NonClass: 69840K(70272K)->69840K(70272K) Class: 10957K(11264K)->10957K(11264K)
[687.186s][info ][gc             ] GC(105) Pause Young (Allocation Failure) 2394M->404M(2450M) 4.727ms
[687.186s][info ][gc,cpu         ] GC(105) User=0.02s Sys=0.00s Real=0.00s
[687.186s][info ][safepoint      ] Safepoint "ParallelGCFailedAllocation", Time since last: 4321662477 ns, Reaching safepoint: 41000 ns, At safepoint: 4816395 ns, Total: 4857395 ns
[689.186s][info ][safepoint      ] Safepoint "Cleanup", Time since last: 2000152337 ns, Reaching safepoint: 52001 ns, At safepoint: 4400 ns, Total: 56401 ns
[690.187s][info ][safepoint      ] Safepoint "Cleanup", Time since last: 1000109048 ns, Reaching safepoint: 51301 ns, At safepoint: 7401 ns, Total: 58702 ns
[692.187s][info ][safepoint      ] Safepoint "Cleanup", Time since last: 2000191657 ns, Reaching safepoint: 64901 ns, At safepoint: 6800 ns, Total: 71701 ns
[693.187s][info ][safepoint      ] Safepoint "Cleanup", Time since last: 1000113609 ns, Reaching safepoint: 64101 ns, At safepoint: 11600 ns, Total: 75701 ns
[694.187s][info ][safepoint      ] Safepoint "Cleanup", Time since last: 1000125096 ns, Reaching safepoint: 64801 ns, At safepoint: 8300 ns, Total: 73101 ns
[695.187s][info ][safepoint      ] Safepoint "Cleanup", Time since last: 1000115883 ns, Reaching safepoint: 56801 ns, At safepoint: 4500 ns, Total: 61301 ns
[696.188s][info ][safepoint      ] Safepoint "Cleanup", Time since last: 1000117569 ns, Reaching safepoint: 54901 ns, At safepoint: 4200 ns, Total: 59101 ns
[700.188s][info ][safepoint      ] Safepoint "Cleanup", Time since last: 4000319942 ns, Reaching safepoint: 58101 ns, At safepoint: 10900 ns, Total: 69001 ns
[704.188s][info ][safepoint      ] Safepoint "Cleanup", Time since last: 4000324033 ns, Reaching safepoint: 48801 ns, At safepoint: 4400 ns, Total: 53201 ns
[708.189s][info ][safepoint      ] Safepoint "Cleanup", Time since last: 4000313824 ns, Reaching safepoint: 72401 ns, At safepoint: 9300 ns, Total: 81701 ns
[709.189s][info ][safepoint      ] Safepoint "Cleanup", Time since last: 1000124600 ns, Reaching safepoint: 56701 ns, At safepoint: 3200 ns, Total: 59901 ns
[711.189s][info ][safepoint      ] Safepoint "Cleanup", Time since last: 2000179159 ns, Reaching safepoint: 51901 ns, At safepoint: 4900 ns, Total: 56801 ns
[712.189s][info ][safepoint      ] Safepoint "Cleanup", Time since last: 1000116661 ns, Reaching safepoint: 71602 ns, At safepoint: 11800 ns, Total: 83402 ns
[713.190s][info ][safepoint      ] Safepoint "Cleanup", Time since last: 1000128748 ns, Reaching safepoint: 65301 ns, At safepoint: 9101 ns, Total: 74402 ns
[714.190s][info ][safepoint      ] Safepoint "Cleanup", Time since last: 1000133935 ns, Reaching safepoint: 60301 ns, At safepoint: 11301 ns, Total: 71602 ns
[716.157s][info ][gc,start       ] GC(106) Pause Young (Allocation Failure)
[716.160s][debug][gc,phases      ] GC(106) Scavenge 2.784ms
[716.160s][debug][gc,ref         ] GC(106) Skipped phase 1 of Reference Processing: no references
[716.160s][debug][gc,ref         ] GC(106) Skipped phase 3 of Reference Processing: no references
[716.160s][debug][gc,phases      ] GC(106) Reference Processing 0.026ms
[716.161s][debug][gc,phases      ] GC(106) Weak Processing 0.552ms
[716.161s][debug][gc,age         ] GC(106) Desired survivor size 26214400 bytes, new threshold 15 (max threshold 15)
[716.161s][info ][gc,heap        ] GC(106) PSYoungGen: 2047744K(2070528K)->4672K(2069504K) Eden: 2042880K(2042880K)->0K(2042880K) From: 4864K(27648K)->4672K(26624K)
[716.161s][info ][gc,heap        ] GC(106) ParOldGen: 409144K(438272K)->409264K(438272K)
[716.161s][info ][gc,metaspace   ] GC(106) Metaspace: 80806K(81536K)->80806K(81536K) NonClass: 69848K(70272K)->69848K(70272K) Class: 10957K(11264K)->10957K(11264K)
[716.161s][info ][gc             ] GC(106) Pause Young (Allocation Failure) 2399M->404M(2449M) 3.499ms
[716.161s][info ][gc,cpu         ] GC(106) User=0.02s Sys=0.00s Real=0.00s
[716.161s][info ][safepoint      ] Safepoint "ParallelGCFailedAllocation", Time since last: 1967324797 ns, Reaching safepoint: 56201 ns, At safepoint: 3580469 ns, Total: 3636670 ns
[719.161s][info ][safepoint      ] Safepoint "Cleanup", Time since last: 3000223052 ns, Reaching safepoint: 64001 ns, At safepoint: 8601 ns, Total: 72602 ns
[720.161s][info ][safepoint      ] Safepoint "Cleanup", Time since last: 1000109859 ns, Reaching safepoint: 54001 ns, At safepoint: 3700 ns, Total: 57701 ns
[721.161s][info ][safepoint      ] Safepoint "Cleanup", Time since last: 1000125947 ns, Reaching safepoint: 121003 ns, At safepoint: 7200 ns, Total: 128203 ns
[723.162s][info ][safepoint      ] Safepoint "Cleanup", Time since last: 2000176255 ns, Reaching safepoint: 68601 ns, At safepoint: 8700 ns, Total: 77301 ns
[731.162s][info ][safepoint      ] Safepoint "Cleanup", Time since last: 8000577119 ns, Reaching safepoint: 60202 ns, At safepoint: 3700 ns, Total: 63902 ns
[736.163s][info ][safepoint      ] Safepoint "Cleanup", Time since last: 5000401123 ns, Reaching safepoint: 135703 ns, At safepoint: 13700 ns, Total: 149403 ns
[739.163s][info ][safepoint      ] Safepoint "Cleanup", Time since last: 3000233208 ns, Reaching safepoint: 41900 ns, At safepoint: 7001 ns, Total: 48901 ns
[740.163s][info ][safepoint      ] Safepoint "Cleanup", Time since last: 1000113112 ns, Reaching safepoint: 54701 ns, At safepoint: 4000 ns, Total: 58701 ns
[744.655s][info ][gc,start       ] GC(107) Pause Young (Allocation Failure)
[744.658s][debug][gc,phases      ] GC(107) Scavenge 3.342ms
[744.658s][debug][gc,ref         ] GC(107) Skipped phase 1 of Reference Processing: no references
[744.658s][debug][gc,ref         ] GC(107) Skipped phase 3 of Reference Processing: no references
[744.658s][debug][gc,phases      ] GC(107) Reference Processing 0.027ms
[744.659s][debug][gc,phases      ] GC(107) Weak Processing 0.658ms
[744.659s][debug][gc,age         ] GC(107) Desired survivor size 24641536 bytes, new threshold 15 (max threshold 15)
[744.659s][info ][gc,heap        ] GC(107) PSYoungGen: 2047552K(2069504K)->4736K(2073088K) Eden: 2042880K(2042880K)->0K(2047488K) From: 4672K(26624K)->4736K(25600K)
[744.659s][info ][gc,heap        ] GC(107) ParOldGen: 409264K(438272K)->409336K(438272K)
[744.659s][info ][gc,metaspace   ] GC(107) Metaspace: 80838K(81536K)->80838K(81536K) NonClass: 69880K(70272K)->69880K(70272K) Class: 10957K(11264K)->10957K(11264K)
[744.659s][info ][gc             ] GC(107) Pause Young (Allocation Failure) 2399M->404M(2452M) 4.186ms
[744.659s][info ][gc,cpu         ] GC(107) User=0.01s Sys=0.01s Real=0.00s
[744.659s][info ][safepoint      ] Safepoint "ParallelGCFailedAllocation", Time since last: 4491445334 ns, Reaching safepoint: 53601 ns, At safepoint: 4292982 ns, Total: 4346583 ns
[746.659s][info ][safepoint      ] Safepoint "Cleanup", Time since last: 2000164178 ns, Reaching safepoint: 139603 ns, At safepoint: 11500 ns, Total: 151103 ns
[751.660s][info ][safepoint      ] Safepoint "Cleanup", Time since last: 5000410588 ns, Reaching safepoint: 122302 ns, At safepoint: 7300 ns, Total: 129602 ns
[752.660s][info ][safepoint      ] Safepoint "Cleanup", Time since last: 1000134163 ns, Reaching safepoint: 143403 ns, At safepoint: 15100 ns, Total: 158503 ns
[753.660s][info ][safepoint      ] Safepoint "Cleanup", Time since last: 1000071050 ns, Reaching safepoint: 75901 ns, At safepoint: 10800 ns, Total: 86701 ns
[754.661s][info ][safepoint      ] Safepoint "Cleanup", Time since last: 1000065238 ns, Reaching safepoint: 139703 ns, At safepoint: 19100 ns, Total: 158803 ns
[756.661s][info ][safepoint      ] Safepoint "Cleanup", Time since last: 2000196042 ns, Reaching safepoint: 141802 ns, At safepoint: 11801 ns, Total: 153603 ns
[757.661s][info ][safepoint      ] Safepoint "Cleanup", Time since last: 1000114403 ns, Reaching safepoint: 63001 ns, At safepoint: 6201 ns, Total: 69202 ns
[758.661s][info ][safepoint      ] Safepoint "Cleanup", Time since last: 1000114391 ns, Reaching safepoint: 134203 ns, At safepoint: 12900 ns, Total: 147103 ns
[759.662s][info ][safepoint      ] Safepoint "Cleanup", Time since last: 1000105580 ns, Reaching safepoint: 61601 ns, At safepoint: 8100 ns, Total: 69701 ns
[760.662s][info ][safepoint      ] Safepoint "Cleanup", Time since last: 1000122469 ns, Reaching safepoint: 60901 ns, At safepoint: 9100 ns, Total: 70001 ns
[761.662s][info ][safepoint      ] Safepoint "Cleanup", Time since last: 1000067256 ns, Reaching safepoint: 43201 ns, At safepoint: 4900 ns, Total: 48101 ns
[762.662s][info ][safepoint      ] Safepoint "Cleanup", Time since last: 1000112445 ns, Reaching safepoint: 66302 ns, At safepoint: 5200 ns, Total: 71502 ns
[763.662s][info ][safepoint      ] Safepoint "Cleanup", Time since last: 1000108633 ns, Reaching safepoint: 95802 ns, At safepoint: 12100 ns, Total: 107902 ns
[764.662s][info ][safepoint      ] Safepoint "Cleanup", Time since last: 1000101122 ns, Reaching safepoint: 58901 ns, At safepoint: 10800 ns, Total: 69701 ns
[765.663s][info ][safepoint      ] Safepoint "Cleanup", Time since last: 1000122811 ns, Reaching safepoint: 94602 ns, At safepoint: 13600 ns, Total: 108202 ns
[766.663s][info ][safepoint      ] Safepoint "Cleanup", Time since last: 1000121199 ns, Reaching safepoint: 41701 ns, At safepoint: 3900 ns, Total: 45601 ns
[768.663s][info ][safepoint      ] Safepoint "Cleanup", Time since last: 2000198763 ns, Reaching safepoint: 69701 ns, At safepoint: 16400 ns, Total: 86101 ns
[769.663s][info ][safepoint      ] Safepoint "Cleanup", Time since last: 1000114065 ns, Reaching safepoint: 57901 ns, At safepoint: 3800 ns, Total: 61701 ns
[770.664s][info ][safepoint      ] Safepoint "Cleanup", Time since last: 1000109253 ns, Reaching safepoint: 55201 ns, At safepoint: 10000 ns, Total: 65201 ns
[772.664s][info ][safepoint      ] Safepoint "Cleanup", Time since last: 2000138971 ns, Reaching safepoint: 59901 ns, At safepoint: 9500 ns, Total: 69401 ns
[772.782s][info ][gc,start       ] GC(108) Pause Young (Allocation Failure)
[772.784s][debug][gc,phases      ] GC(108) Scavenge 2.761ms
[772.785s][debug][gc,ref         ] GC(108) Skipped phase 1 of Reference Processing: no references
[772.785s][debug][gc,ref         ] GC(108) Skipped phase 3 of Reference Processing: no references
[772.785s][debug][gc,phases      ] GC(108) Reference Processing 0.028ms
[772.785s][debug][gc,phases      ] GC(108) Weak Processing 0.597ms
[772.785s][debug][gc,age         ] GC(108) Desired survivor size 23592960 bytes, new threshold 15 (max threshold 15)
[772.785s][info ][gc,heap        ] GC(108) PSYoungGen: 2052224K(2073088K)->4592K(2071552K) Eden: 2047488K(2047488K)->0K(2047488K) From: 4736K(25600K)->4592K(24064K)
[772.785s][info ][gc,heap        ] GC(108) ParOldGen: 409336K(438272K)->409456K(438272K)
[772.785s][info ][gc,metaspace   ] GC(108) Metaspace: 80874K(81600K)->80874K(81600K) NonClass: 69911K(70336K)->69911K(70336K) Class: 10963K(11264K)->10963K(11264K)
[772.785s][info ][gc             ] GC(108) Pause Young (Allocation Failure) 2403M->404M(2451M) 3.546ms
[772.785s][info ][gc,cpu         ] GC(108) User=0.01s Sys=0.00s Real=0.00s
[772.785s][info ][safepoint      ] Safepoint "ParallelGCFailedAllocation", Time since last: 117897295 ns, Reaching safepoint: 30400 ns, At safepoint: 3638168 ns, Total: 3668568 ns
[774.786s][info ][safepoint      ] Safepoint "Cleanup", Time since last: 2000177223 ns, Reaching safepoint: 69201 ns, At safepoint: 4700 ns, Total: 73901 ns
[777.786s][info ][safepoint      ] Safepoint "Cleanup", Time since last: 3000257549 ns, Reaching safepoint: 54001 ns, At safepoint: 13600 ns, Total: 67601 ns
[778.786s][info ][safepoint      ] Safepoint "Cleanup", Time since last: 1000117762 ns, Reaching safepoint: 64101 ns, At safepoint: 6600 ns, Total: 70701 ns
[779.786s][info ][safepoint      ] Safepoint "Cleanup", Time since last: 1000105249 ns, Reaching safepoint: 50601 ns, At safepoint: 4200 ns, Total: 54801 ns
[780.786s][info ][safepoint      ] Safepoint "Cleanup", Time since last: 1000123339 ns, Reaching safepoint: 60801 ns, At safepoint: 8800 ns, Total: 69601 ns
[783.787s][info ][safepoint      ] Safepoint "Cleanup", Time since last: 3000253447 ns, Reaching safepoint: 63502 ns, At safepoint: 4200 ns, Total: 67702 ns
[784.787s][info ][safepoint      ] Safepoint "Cleanup", Time since last: 1000115194 ns, Reaching safepoint: 48300 ns, At safepoint: 4101 ns, Total: 52401 ns
[785.787s][info ][safepoint      ] Safepoint "Cleanup", Time since last: 1000107082 ns, Reaching safepoint: 90502 ns, At safepoint: 15300 ns, Total: 105802 ns
[786.787s][info ][safepoint      ] Safepoint "Cleanup", Time since last: 1000123272 ns, Reaching safepoint: 54101 ns, At safepoint: 15100 ns, Total: 69201 ns
[787.787s][info ][safepoint      ] Safepoint "Cleanup", Time since last: 1000115061 ns, Reaching safepoint: 64401 ns, At safepoint: 12800 ns, Total: 77201 ns
[788.788s][info ][safepoint      ] Safepoint "Cleanup", Time since last: 1000128150 ns, Reaching safepoint: 71502 ns, At safepoint: 9200 ns, Total: 80702 ns
[790.414s][info ][safepoint      ] Safepoint "Cleanup", Time since last: 1626605583 ns, Reaching safepoint: 74801 ns, At safepoint: 7800 ns, Total: 82601 ns
[791.415s][info ][safepoint      ] Safepoint "Cleanup", Time since last: 1000104421 ns, Reaching safepoint: 66601 ns, At safepoint: 13500 ns, Total: 80101 ns
[792.415s][info ][safepoint      ] Safepoint "Cleanup", Time since last: 1000110910 ns, Reaching safepoint: 78302 ns, At safepoint: 15500 ns, Total: 93802 ns
[794.415s][info ][safepoint      ] Safepoint "Cleanup", Time since last: 2000186386 ns, Reaching safepoint: 74901 ns, At safepoint: 9600 ns, Total: 84501 ns
[795.415s][info ][safepoint      ] Safepoint "Cleanup", Time since last: 1000105677 ns, Reaching safepoint: 72002 ns, At safepoint: 7200 ns, Total: 79202 ns
[796.415s][info ][safepoint      ] Safepoint "Cleanup", Time since last: 1000118566 ns, Reaching safepoint: 54101 ns, At safepoint: 5300 ns, Total: 59401 ns
[797.611s][info ][safepoint      ] Safepoint "Cleanup", Time since last: 1195299637 ns, Reaching safepoint: 115502 ns, At safepoint: 12800 ns, Total: 128302 ns
[798.611s][info ][safepoint      ] Safepoint "Cleanup", Time since last: 1000109543 ns, Reaching safepoint: 145902 ns, At safepoint: 8800 ns, Total: 154702 ns
[799.611s][info ][safepoint      ] Safepoint "Cleanup", Time since last: 1000117432 ns, Reaching safepoint: 58001 ns, At safepoint: 12500 ns, Total: 70501 ns
[800.611s][info ][safepoint      ] Safepoint "Cleanup", Time since last: 1000110421 ns, Reaching safepoint: 56501 ns, At safepoint: 6900 ns, Total: 63401 ns
[801.607s][info ][gc,start       ] GC(109) Pause Young (Allocation Failure)
[801.611s][debug][gc,phases      ] GC(109) Scavenge 4.113ms
[801.611s][debug][gc,ref         ] GC(109) Skipped phase 1 of Reference Processing: no references
[801.611s][debug][gc,ref         ] GC(109) Skipped phase 3 of Reference Processing: no references
[801.611s][debug][gc,phases      ] GC(109) Reference Processing 0.045ms
[801.611s][debug][gc,phases      ] GC(109) Weak Processing 0.553ms
[801.611s][debug][gc,age         ] GC(109) Desired survivor size 22544384 bytes, new threshold 15 (max threshold 15)
[801.611s][info ][gc,heap        ] GC(109) PSYoungGen: 2052080K(2071552K)->4928K(2075136K) Eden: 2047488K(2047488K)->0K(2052096K) From: 4592K(24064K)->4928K(23040K)
[801.611s][info ][gc,heap        ] GC(109) ParOldGen: 409456K(438272K)->409880K(438272K)
[801.611s][info ][gc,metaspace   ] GC(109) Metaspace: 80893K(81600K)->80893K(81600K) NonClass: 69929K(70336K)->69929K(70336K) Class: 10964K(11264K)->10964K(11264K)
[801.611s][info ][gc             ] GC(109) Pause Young (Allocation Failure) 2403M->405M(2454M) 4.854ms
[801.611s][info ][gc,cpu         ] GC(109) User=0.02s Sys=0.00s Real=0.00s
[801.611s][info ][safepoint      ] Safepoint "ParallelGCFailedAllocation", Time since last: 995006717 ns, Reaching safepoint: 64201 ns, At safepoint: 4939090 ns, Total: 5003291 ns
[802.612s][info ][safepoint      ] Safepoint "Cleanup", Time since last: 1000087299 ns, Reaching safepoint: 47201 ns, At safepoint: 4100 ns, Total: 51301 ns
[804.495s][info ][safepoint      ] Safepoint "Cleanup", Time since last: 1883617835 ns, Reaching safepoint: 72001 ns, At safepoint: 10500 ns, Total: 82501 ns
[805.496s][info ][safepoint      ] Safepoint "Cleanup", Time since last: 1000126369 ns, Reaching safepoint: 80801 ns, At safepoint: 10801 ns, Total: 91602 ns
[807.496s][info ][safepoint      ] Safepoint "Cleanup", Time since last: 2000185804 ns, Reaching safepoint: 78601 ns, At safepoint: 10400 ns, Total: 89001 ns
[809.496s][info ][safepoint      ] Safepoint "Cleanup", Time since last: 2000166161 ns, Reaching safepoint: 40201 ns, At safepoint: 3800 ns, Total: 44001 ns
[812.496s][info ][safepoint      ] Safepoint "Cleanup", Time since last: 3000252512 ns, Reaching safepoint: 50401 ns, At safepoint: 7300 ns, Total: 57701 ns
[814.497s][info ][safepoint      ] Safepoint "Cleanup", Time since last: 2000169956 ns, Reaching safepoint: 53601 ns, At safepoint: 3800 ns, Total: 57401 ns
[815.497s][info ][safepoint      ] Safepoint "Cleanup", Time since last: 1000098262 ns, Reaching safepoint: 58601 ns, At safepoint: 9601 ns, Total: 68202 ns
[816.497s][info ][safepoint      ] Safepoint "Cleanup", Time since last: 1000095551 ns, Reaching safepoint: 68002 ns, At safepoint: 10000 ns, Total: 78002 ns
[817.497s][info ][safepoint      ] Safepoint "Cleanup", Time since last: 1000112642 ns, Reaching safepoint: 67301 ns, At safepoint: 12100 ns, Total: 79401 ns
[818.497s][info ][safepoint      ] Safepoint "Cleanup", Time since last: 1000124831 ns, Reaching safepoint: 77902 ns, At safepoint: 14100 ns, Total: 92002 ns
[819.497s][info ][safepoint      ] Safepoint "Cleanup", Time since last: 1000115821 ns, Reaching safepoint: 57501 ns, At safepoint: 7800 ns, Total: 65301 ns
[820.498s][info ][safepoint      ] Safepoint "Cleanup", Time since last: 1000108211 ns, Reaching safepoint: 52201 ns, At safepoint: 6300 ns, Total: 58501 ns
[821.498s][info ][safepoint      ] Safepoint "Cleanup", Time since last: 1000107300 ns, Reaching safepoint: 48401 ns, At safepoint: 4100 ns, Total: 52501 ns
[822.498s][info ][safepoint      ] Safepoint "Cleanup", Time since last: 1000072989 ns, Reaching safepoint: 58801 ns, At safepoint: 4400 ns, Total: 63201 ns
[827.498s][info ][safepoint      ] Safepoint "Cleanup", Time since last: 5000401492 ns, Reaching safepoint: 60301 ns, At safepoint: 5600 ns, Total: 65901 ns
[828.347s][info ][gc,start       ] GC(110) Pause Young (Allocation Failure)
[828.351s][debug][gc,phases      ] GC(110) Scavenge 3.233ms
[828.351s][debug][gc,ref         ] GC(110) Skipped phase 1 of Reference Processing: no references
[828.351s][debug][gc,ref         ] GC(110) Skipped phase 3 of Reference Processing: no references
[828.351s][debug][gc,phases      ] GC(110) Reference Processing 0.033ms
[828.352s][debug][gc,phases      ] GC(110) Weak Processing 0.703ms
[828.352s][debug][gc,age         ] GC(110) Desired survivor size 21495808 bytes, new threshold 15 (max threshold 15)
[828.352s][info ][gc,heap        ] GC(110) PSYoungGen: 2057024K(2075136K)->5136K(2074112K) Eden: 2052096K(2052096K)->0K(2052096K) From: 4928K(23040K)->5136K(22016K)
[828.352s][info ][gc,heap        ] GC(110) ParOldGen: 409880K(438272K)->410021K(438272K)
[828.352s][info ][gc,metaspace   ] GC(110) Metaspace: 80940K(81664K)->80940K(81664K) NonClass: 69974K(70400K)->69974K(70400K) Class: 10966K(11264K)->10966K(11264K)
[828.352s][info ][gc             ] GC(110) Pause Young (Allocation Failure) 2409M->405M(2453M) 4.141ms
[828.352s][info ][gc,cpu         ] GC(110) User=0.01s Sys=0.00s Real=0.00s
[828.352s][info ][safepoint      ] Safepoint "ParallelGCFailedAllocation", Time since last: 848946903 ns, Reaching safepoint: 62601 ns, At safepoint: 4228677 ns, Total: 4291278 ns
[829.352s][info ][safepoint      ] Safepoint "Cleanup", Time since last: 1000095919 ns, Reaching safepoint: 121502 ns, At safepoint: 10300 ns, Total: 131802 ns
[830.352s][info ][safepoint      ] Safepoint "Cleanup", Time since last: 1000131810 ns, Reaching safepoint: 135202 ns, At safepoint: 7700 ns, Total: 142902 ns
[831.352s][info ][safepoint      ] Safepoint "Cleanup", Time since last: 1000124200 ns, Reaching safepoint: 122602 ns, At safepoint: 6900 ns, Total: 129502 ns
[832.353s][info ][safepoint      ] Safepoint "Cleanup", Time since last: 1000109489 ns, Reaching safepoint: 164603 ns, At safepoint: 11800 ns, Total: 176403 ns
[833.353s][info ][safepoint      ] Safepoint "Cleanup", Time since last: 1000119979 ns, Reaching safepoint: 116802 ns, At safepoint: 10501 ns, Total: 127303 ns
[835.353s][info ][safepoint      ] Safepoint "Cleanup", Time since last: 2000175826 ns, Reaching safepoint: 152803 ns, At safepoint: 8500 ns, Total: 161303 ns
[836.354s][info ][safepoint      ] Safepoint "Cleanup", Time since last: 1000120649 ns, Reaching safepoint: 147803 ns, At safepoint: 13000 ns, Total: 160803 ns
[838.354s][info ][safepoint      ] Safepoint "Cleanup", Time since last: 2000217167 ns, Reaching safepoint: 124102 ns, At safepoint: 7800 ns, Total: 131902 ns
[839.354s][info ][safepoint      ] Safepoint "Cleanup", Time since last: 1000123319 ns, Reaching safepoint: 107902 ns, At safepoint: 5600 ns, Total: 113502 ns
[840.354s][info ][safepoint      ] Safepoint "Cleanup", Time since last: 1000113309 ns, Reaching safepoint: 124202 ns, At safepoint: 40501 ns, Total: 164703 ns
[842.355s][info ][safepoint      ] Safepoint "Cleanup", Time since last: 2000180986 ns, Reaching safepoint: 138303 ns, At safepoint: 15200 ns, Total: 153503 ns
[844.355s][info ][safepoint      ] Safepoint "Cleanup", Time since last: 2000190847 ns, Reaching safepoint: 125702 ns, At safepoint: 11800 ns, Total: 137502 ns
[845.355s][info ][safepoint      ] Safepoint "Cleanup", Time since last: 1000126660 ns, Reaching safepoint: 145402 ns, At safepoint: 10500 ns, Total: 155902 ns
[846.356s][info ][safepoint      ] Safepoint "Cleanup", Time since last: 1000123050 ns, Reaching safepoint: 122302 ns, At safepoint: 9400 ns, Total: 131702 ns
[847.356s][info ][safepoint      ] Safepoint "Cleanup", Time since last: 1000112639 ns, Reaching safepoint: 137803 ns, At safepoint: 10200 ns, Total: 148003 ns
[847.839s][info ][gc,start       ] GC(111) Pause Young (Allocation Failure)
[847.852s][debug][gc,phases      ] GC(111) Scavenge 12.494ms
[847.852s][debug][gc,ref         ] GC(111) Skipped phase 1 of Reference Processing: no references
[847.852s][debug][gc,ref         ] GC(111) Skipped phase 3 of Reference Processing: no references
[847.852s][debug][gc,phases      ] GC(111) Reference Processing 0.031ms
[847.852s][debug][gc,phases      ] GC(111) Weak Processing 0.583ms
[847.852s][debug][gc,age         ] GC(111) Desired survivor size 28835840 bytes, new threshold 14 (max threshold 15)
[847.852s][info ][gc,heap        ] GC(111) PSYoungGen: 2057232K(2074112K)->20960K(2061824K) Eden: 2052096K(2052096K)->0K(2040832K) From: 5136K(22016K)->20960K(20992K)
[847.852s][info ][gc,heap        ] GC(111) ParOldGen: 410021K(438272K)->419391K(438272K)
[847.852s][info ][gc,metaspace   ] GC(111) Metaspace: 80969K(81664K)->80969K(81664K) NonClass: 70003K(70400K)->70003K(70400K) Class: 10966K(11264K)->10966K(11264K)
[847.852s][info ][gc             ] GC(111) Pause Young (Allocation Failure) 2409M->430M(2441M) 13.278ms
[847.852s][info ][gc,cpu         ] GC(111) User=0.05s Sys=0.00s Real=0.01s
[847.852s][info ][safepoint      ] Safepoint "ParallelGCFailedAllocation", Time since last: 483053913 ns, Reaching safepoint: 54201 ns, At safepoint: 13367138 ns, Total: 13421339 ns
[848.853s][info ][safepoint      ] Safepoint "Cleanup", Time since last: 1000091124 ns, Reaching safepoint: 125103 ns, At safepoint: 8900 ns, Total: 134003 ns
[850.853s][info ][safepoint      ] Safepoint "Cleanup", Time since last: 2000188819 ns, Reaching safepoint: 122102 ns, At safepoint: 32001 ns, Total: 154103 ns
[852.853s][info ][safepoint      ] Safepoint "Cleanup", Time since last: 2000199280 ns, Reaching safepoint: 124402 ns, At safepoint: 13500 ns, Total: 137902 ns
[853.853s][info ][safepoint      ] Safepoint "Cleanup", Time since last: 1000117876 ns, Reaching safepoint: 76302 ns, At safepoint: 20400 ns, Total: 96702 ns
[855.854s][info ][safepoint      ] Safepoint "Cleanup", Time since last: 2000182222 ns, Reaching safepoint: 130602 ns, At safepoint: 13400 ns, Total: 144002 ns
[858.835s][info ][safepoint      ] Safepoint "Cleanup", Time since last: 2980620662 ns, Reaching safepoint: 99702 ns, At safepoint: 9800 ns, Total: 109502 ns
[860.835s][info ][safepoint      ] Safepoint "Cleanup", Time since last: 2000193126 ns, Reaching safepoint: 59001 ns, At safepoint: 6000 ns, Total: 65001 ns
[861.835s][info ][safepoint      ] Safepoint "Cleanup", Time since last: 1000103499 ns, Reaching safepoint: 65101 ns, At safepoint: 10500 ns, Total: 75601 ns
[862.835s][info ][safepoint      ] Safepoint "Cleanup", Time since last: 1000114990 ns, Reaching safepoint: 66101 ns, At safepoint: 9000 ns, Total: 75101 ns
[863.835s][info ][safepoint      ] Safepoint "Cleanup", Time since last: 1000107880 ns, Reaching safepoint: 52501 ns, At safepoint: 3500 ns, Total: 56001 ns
[864.836s][info ][safepoint      ] Safepoint "Cleanup", Time since last: 1000121670 ns, Reaching safepoint: 59801 ns, At safepoint: 3700 ns, Total: 63501 ns
[865.836s][info ][safepoint      ] Safepoint "Cleanup", Time since last: 1000110561 ns, Reaching safepoint: 72101 ns, At safepoint: 5900 ns, Total: 78001 ns
[866.836s][info ][safepoint      ] Safepoint "Cleanup", Time since last: 1000103851 ns, Reaching safepoint: 55101 ns, At safepoint: 8400 ns, Total: 63501 ns
[867.836s][info ][safepoint      ] Safepoint "Cleanup", Time since last: 1000121642 ns, Reaching safepoint: 64402 ns, At safepoint: 8800 ns, Total: 73202 ns
[867.896s][info ][gc,start       ] GC(112) Pause Young (Allocation Failure)
[867.914s][debug][gc,phases      ] GC(112) Scavenge 17.494ms
[867.914s][debug][gc,ref         ] GC(112) Skipped phase 1 of Reference Processing: no references
[867.914s][debug][gc,ref         ] GC(112) Skipped phase 3 of Reference Processing: no references
[867.914s][debug][gc,phases      ] GC(112) Reference Processing 0.041ms
[867.914s][debug][gc,phases      ] GC(112) Weak Processing 0.592ms
[867.914s][debug][gc,age         ] GC(112) Desired survivor size 42467328 bytes, new threshold 13 (max threshold 15)
[867.914s][info ][gc,heap        ] GC(112) PSYoungGen: 2061792K(2061824K)->28144K(2068992K) Eden: 2040832K(2040832K)->0K(2040832K) From: 20960K(20992K)->28144K(28160K)
[867.914s][info ][gc,heap        ] GC(112) ParOldGen: 419391K(438272K)->442105K(442368K)
[867.914s][info ][gc,metaspace   ] GC(112) Metaspace: 81012K(81728K)->81012K(81728K) NonClass: 70044K(70464K)->70044K(70464K) Class: 10968K(11264K)->10968K(11264K)
[867.914s][info ][gc             ] GC(112) Pause Young (Allocation Failure) 2423M->459M(2452M) 18.285ms
[867.914s][info ][gc,cpu         ] GC(112) User=0.07s Sys=0.00s Real=0.02s
[867.914s][debug][gc,phases      ] GC(113) Pre Compact 0.010ms
[867.914s][info ][gc,start       ] GC(113) Pause Full (Ergonomics)
[867.915s][info ][gc,phases,start] GC(113) Marking Phase
[868.057s][debug][gc,phases      ] GC(113) Par Mark 142.490ms
[868.057s][debug][gc,ref         ] GC(113) Skipped phase 1 of Reference Processing: no references
[868.058s][debug][gc,phases      ] GC(113) Reference Processing 0.569ms
[868.058s][debug][gc,phases      ] GC(113) Weak Processing 0.609ms
[868.058s][debug][gc,phases      ] GC(113) ClassLoaderData 0.073ms
[868.058s][debug][gc,phases      ] GC(113) Trigger cleanups 0.000ms
[868.077s][debug][gc,phases      ] GC(113) Class Unloading 18.396ms
[868.077s][info ][gc,phases      ] GC(113) Marking Phase 162.253ms
[868.077s][info ][gc,phases,start] GC(113) Summary Phase
[868.077s][info ][gc,phases      ] GC(113) Summary Phase 0.017ms
[868.077s][info ][gc,phases,start] GC(113) Adjust Roots
[868.098s][info ][gc,phases      ] GC(113) Adjust Roots 20.952ms
[868.098s][info ][gc,phases,start] GC(113) Compaction Phase
[868.259s][info ][gc,phases      ] GC(113) Compaction Phase 161.309ms
[868.259s][info ][gc,phases,start] GC(113) Post Compact
[868.261s][info ][gc,phases      ] GC(113) Post Compact 1.547ms
[868.261s][info ][gc,heap        ] GC(113) PSYoungGen: 28144K(2068992K)->0K(2042368K) Eden: 0K(2040832K)->0K(2014208K) From: 28144K(28160K)->0K(28160K)
[868.261s][info ][gc,heap        ] GC(113) ParOldGen: 442105K(442368K)->419301K(507904K)
[868.261s][info ][gc,metaspace   ] GC(113) Metaspace: 81012K(81728K)->81012K(81728K) NonClass: 70044K(70464K)->70044K(70464K) Class: 10968K(11264K)->10968K(11264K)
[868.261s][info ][gc             ] GC(113) Pause Full (Ergonomics) 459M->409M(2490M) 346.441ms
[868.261s][info ][gc,cpu         ] GC(113) User=1.24s Sys=0.01s Real=0.34s
[868.261s][info ][safepoint      ] Safepoint "ParallelGCFailedAllocation", Time since last: 60005458 ns, Reaching safepoint: 61001 ns, At safepoint: 364893634 ns, Total: 364954635 ns
[869.261s][info ][safepoint      ] Safepoint "Cleanup", Time since last: 1000096028 ns, Reaching safepoint: 73201 ns, At safepoint: 22801 ns, Total: 96002 ns
[870.261s][info ][safepoint      ] Safepoint "Cleanup", Time since last: 1000103018 ns, Reaching safepoint: 53401 ns, At safepoint: 4200 ns, Total: 57601 ns
[871.262s][info ][safepoint      ] Safepoint "Cleanup", Time since last: 1000092010 ns, Reaching safepoint: 139502 ns, At safepoint: 11400 ns, Total: 150902 ns
[873.262s][info ][safepoint      ] Safepoint "Cleanup", Time since last: 2000166490 ns, Reaching safepoint: 125403 ns, At safepoint: 9300 ns, Total: 134703 ns
[874.262s][info ][safepoint      ] Safepoint "Cleanup", Time since last: 1000126181 ns, Reaching safepoint: 158703 ns, At safepoint: 30101 ns, Total: 188804 ns
[875.263s][info ][safepoint      ] Safepoint "Cleanup", Time since last: 1000121572 ns, Reaching safepoint: 159903 ns, At safepoint: 13000 ns, Total: 172903 ns
[877.263s][info ][safepoint      ] Safepoint "Cleanup", Time since last: 2000184316 ns, Reaching safepoint: 57701 ns, At safepoint: 4100 ns, Total: 61801 ns
[878.263s][info ][safepoint      ] Safepoint "Cleanup", Time since last: 1000106244 ns, Reaching safepoint: 123302 ns, At safepoint: 8800 ns, Total: 132102 ns
[879.263s][info ][safepoint      ] Safepoint "Cleanup", Time since last: 1000106135 ns, Reaching safepoint: 65902 ns, At safepoint: 12400 ns, Total: 78302 ns
[882.264s][info ][safepoint      ] Safepoint "Cleanup", Time since last: 3000257648 ns, Reaching safepoint: 59101 ns, At safepoint: 31901 ns, Total: 91002 ns
[883.617s][info ][safepoint      ] Safepoint "Cleanup", Time since last: 1353635182 ns, Reaching safepoint: 51901 ns, At safepoint: 9800 ns, Total: 61701 ns
[883.712s][info ][safepoint      ] Safepoint "ICBufferFull", Time since last: 93969643 ns, Reaching safepoint: 320506 ns, At safepoint: 9300 ns, Total: 329806 ns
[884.815s][info ][safepoint      ] Safepoint "Cleanup", Time since last: 1103279088 ns, Reaching safepoint: 171103 ns, At safepoint: 12600 ns, Total: 183703 ns
[885.815s][info ][safepoint      ] Safepoint "Cleanup", Time since last: 1000118975 ns, Reaching safepoint: 294205 ns, At safepoint: 9600 ns, Total: 303805 ns
[886.816s][info ][safepoint      ] Safepoint "Cleanup", Time since last: 1000152667 ns, Reaching safepoint: 107702 ns, At safepoint: 4900 ns, Total: 112602 ns
[887.816s][info ][safepoint      ] Safepoint "Cleanup", Time since last: 1000117156 ns, Reaching safepoint: 121403 ns, At safepoint: 13100 ns, Total: 134503 ns
[888.283s][info ][gc,start       ] GC(114) Pause Young (Allocation Failure)
[888.294s][debug][gc,phases      ] GC(114) Scavenge 10.407ms
[888.294s][debug][gc,ref         ] GC(114) Skipped phase 1 of Reference Processing: no references
[888.294s][debug][gc,ref         ] GC(114) Skipped phase 3 of Reference Processing: no references
[888.294s][debug][gc,phases      ] GC(114) Reference Processing 0.025ms
[888.294s][debug][gc,phases      ] GC(114) Weak Processing 0.579ms
[888.294s][debug][gc,age         ] GC(114) Desired survivor size 47185920 bytes, new threshold 14 (max threshold 15)
[888.294s][info ][gc,heap        ] GC(114) PSYoungGen: 2014208K(2042368K)->32960K(2047488K) Eden: 2014208K(2014208K)->0K(2014208K) From: 0K(28160K)->32960K(33280K)
[888.294s][info ][gc,heap        ] GC(114) ParOldGen: 419301K(507904K)->419301K(507904K)
[888.294s][info ][gc,metaspace   ] GC(114) Metaspace: 81075K(81792K)->81075K(81792K) NonClass: 70100K(70528K)->70100K(70528K) Class: 10975K(11264K)->10975K(11264K)
[888.294s][info ][gc             ] GC(114) Pause Young (Allocation Failure) 2376M->441M(2495M) 11.158ms
[888.294s][info ][gc,cpu         ] GC(114) User=0.04s Sys=0.00s Real=0.02s
[888.294s][info ][safepoint      ] Safepoint "ParallelGCFailedAllocation", Time since last: 467144050 ns, Reaching safepoint: 70801 ns, At safepoint: 11244597 ns, Total: 11315398 ns
[889.295s][info ][safepoint      ] Safepoint "Cleanup", Time since last: 1000086342 ns, Reaching safepoint: 82002 ns, At safepoint: 10700 ns, Total: 92702 ns
[890.295s][info ][safepoint      ] Safepoint "Cleanup", Time since last: 1000113634 ns, Reaching safepoint: 70001 ns, At safepoint: 3901 ns, Total: 73902 ns
[891.295s][info ][safepoint      ] Safepoint "Cleanup", Time since last: 1000123325 ns, Reaching safepoint: 82701 ns, At safepoint: 14001 ns, Total: 96702 ns
[892.295s][info ][safepoint      ] Safepoint "Cleanup", Time since last: 1000114616 ns, Reaching safepoint: 78901 ns, At safepoint: 8700 ns, Total: 87601 ns
[893.295s][info ][safepoint      ] Safepoint "Cleanup", Time since last: 1000112607 ns, Reaching safepoint: 87902 ns, At safepoint: 7500 ns, Total: 95402 ns
[894.296s][info ][safepoint      ] Safepoint "Cleanup", Time since last: 1000117098 ns, Reaching safepoint: 72701 ns, At safepoint: 7001 ns, Total: 79702 ns
[895.296s][info ][safepoint      ] Safepoint "Cleanup", Time since last: 1000115889 ns, Reaching safepoint: 55001 ns, At safepoint: 13500 ns, Total: 68501 ns
[896.296s][info ][safepoint      ] Safepoint "Cleanup", Time since last: 1000116480 ns, Reaching safepoint: 149803 ns, At safepoint: 21000 ns, Total: 170803 ns
[897.296s][info ][safepoint      ] Safepoint "Cleanup", Time since last: 1000114272 ns, Reaching safepoint: 63901 ns, At safepoint: 8600 ns, Total: 72501 ns
[898.296s][info ][safepoint      ] Safepoint "Cleanup", Time since last: 1000108462 ns, Reaching safepoint: 52901 ns, At safepoint: 5400 ns, Total: 58301 ns
[900.297s][info ][safepoint      ] Safepoint "Cleanup", Time since last: 2000161897 ns, Reaching safepoint: 55001 ns, At safepoint: 4000 ns, Total: 59001 ns
[901.297s][info ][safepoint      ] Safepoint "Cleanup", Time since last: 1000124036 ns, Reaching safepoint: 88002 ns, At safepoint: 13000 ns, Total: 101002 ns
[903.297s][info ][safepoint      ] Safepoint "Cleanup", Time since last: 2000183744 ns, Reaching safepoint: 61801 ns, At safepoint: 8500 ns, Total: 70301 ns
[904.297s][info ][safepoint      ] Safepoint "Cleanup", Time since last: 1000126110 ns, Reaching safepoint: 63301 ns, At safepoint: 9100 ns, Total: 72401 ns
[906.298s][info ][safepoint      ] Safepoint "Cleanup", Time since last: 2000161491 ns, Reaching safepoint: 56001 ns, At safepoint: 11400 ns, Total: 67401 ns
[907.298s][info ][safepoint      ] Safepoint "Cleanup", Time since last: 1000140684 ns, Reaching safepoint: 53501 ns, At safepoint: 3700 ns, Total: 57201 ns
[908.605s][info ][gc,start       ] GC(115) Pause Young (Allocation Failure)
[908.619s][debug][gc,phases      ] GC(115) Scavenge 13.055ms
[908.619s][debug][gc,ref         ] GC(115) Skipped phase 1 of Reference Processing: no references
[908.619s][debug][gc,ref         ] GC(115) Skipped phase 3 of Reference Processing: no references
[908.619s][debug][gc,phases      ] GC(115) Reference Processing 0.037ms
[908.619s][debug][gc,phases      ] GC(115) Weak Processing 0.560ms
[908.619s][debug][gc,age         ] GC(115) Desired survivor size 57147392 bytes, new threshold 13 (max threshold 15)
[908.619s][info ][gc,heap        ] GC(115) PSYoungGen: 2047168K(2047488K)->46064K(2031616K) Eden: 2014208K(2014208K)->0K(1985536K) From: 32960K(33280K)->46064K(46080K)
[908.619s][info ][gc,heap        ] GC(115) ParOldGen: 419301K(507904K)->423306K(507904K)
[908.619s][info ][gc,metaspace   ] GC(115) Metaspace: 81160K(81920K)->81160K(81920K) NonClass: 70175K(70592K)->70175K(70592K) Class: 10985K(11328K)->10985K(11328K)
[908.619s][info ][gc             ] GC(115) Pause Young (Allocation Failure) 2408M->458M(2480M) 13.807ms
[908.619s][info ][gc,cpu         ] GC(115) User=0.05s Sys=0.00s Real=0.02s
[908.619s][info ][safepoint      ] Safepoint "ParallelGCFailedAllocation", Time since last: 1307522083 ns, Reaching safepoint: 148802 ns, At safepoint: 13896740 ns, Total: 14045542 ns
[909.619s][info ][safepoint      ] Safepoint "Cleanup", Time since last: 1000080062 ns, Reaching safepoint: 56701 ns, At safepoint: 4000 ns, Total: 60701 ns
[910.620s][info ][safepoint      ] Safepoint "Cleanup", Time since last: 1000109354 ns, Reaching safepoint: 51101 ns, At safepoint: 4400 ns, Total: 55501 ns
[912.620s][info ][safepoint      ] Safepoint "Cleanup", Time since last: 2000169881 ns, Reaching safepoint: 55101 ns, At safepoint: 6900 ns, Total: 62001 ns
[914.620s][info ][safepoint      ] Safepoint "Cleanup", Time since last: 2000140446 ns, Reaching safepoint: 59101 ns, At safepoint: 6800 ns, Total: 65901 ns
[915.620s][info ][safepoint      ] Safepoint "Cleanup", Time since last: 1000121111 ns, Reaching safepoint: 52201 ns, At safepoint: 3700 ns, Total: 55901 ns
[916.620s][info ][safepoint      ] Safepoint "Cleanup", Time since last: 1000109602 ns, Reaching safepoint: 49601 ns, At safepoint: 3800 ns, Total: 53401 ns
[917.621s][info ][safepoint      ] Safepoint "Cleanup", Time since last: 1000113394 ns, Reaching safepoint: 59901 ns, At safepoint: 4600 ns, Total: 64501 ns
[918.621s][info ][safepoint      ] Safepoint "Cleanup", Time since last: 1000112285 ns, Reaching safepoint: 58501 ns, At safepoint: 8100 ns, Total: 66601 ns
[919.621s][info ][safepoint      ] Safepoint "Cleanup", Time since last: 1000107776 ns, Reaching safepoint: 123402 ns, At safepoint: 12000 ns, Total: 135402 ns
[920.621s][info ][safepoint      ] Safepoint "Cleanup", Time since last: 1000105768 ns, Reaching safepoint: 74401 ns, At safepoint: 13101 ns, Total: 87502 ns
[921.621s][info ][safepoint      ] Safepoint "Cleanup", Time since last: 1000196161 ns, Reaching safepoint: 55000 ns, At safepoint: 3901 ns, Total: 58901 ns
[922.622s][info ][safepoint      ] Safepoint "Cleanup", Time since last: 1000104350 ns, Reaching safepoint: 96702 ns, At safepoint: 10400 ns, Total: 107102 ns
[923.622s][info ][safepoint      ] Safepoint "Cleanup", Time since last: 1000093342 ns, Reaching safepoint: 54201 ns, At safepoint: 9900 ns, Total: 64101 ns
[924.622s][info ][safepoint      ] Safepoint "Cleanup", Time since last: 1000118734 ns, Reaching safepoint: 61501 ns, At safepoint: 3600 ns, Total: 65101 ns
[926.622s][info ][safepoint      ] Safepoint "Cleanup", Time since last: 2000179942 ns, Reaching safepoint: 74601 ns, At safepoint: 8501 ns, Total: 83102 ns
[927.839s][info ][gc,start       ] GC(116) Pause Young (Allocation Failure)
[927.858s][debug][gc,phases      ] GC(116) Scavenge 19.156ms
[927.858s][debug][gc,ref         ] GC(116) Skipped phase 1 of Reference Processing: no references
[927.858s][debug][gc,ref         ] GC(116) Skipped phase 3 of Reference Processing: no references
[927.858s][debug][gc,phases      ] GC(116) Reference Processing 0.058ms
[927.859s][debug][gc,phases      ] GC(116) Weak Processing 0.705ms
[927.859s][debug][gc,age         ] GC(116) Desired survivor size 71827456 bytes, new threshold 12 (max threshold 15)
[927.859s][info ][gc,heap        ] GC(116) PSYoungGen: 2031600K(2031616K)->55784K(2041344K) Eden: 1985536K(1985536K)->0K(1985536K) From: 46064K(46080K)->55784K(55808K)
[927.859s][info ][gc,heap        ] GC(116) ParOldGen: 423306K(507904K)->435273K(507904K)
[927.859s][info ][gc,metaspace   ] GC(116) Metaspace: 81235K(81984K)->81235K(81984K) NonClass: 70243K(70656K)->70243K(70656K) Class: 10991K(11328K)->10991K(11328K)
[927.859s][info ][gc             ] GC(116) Pause Young (Allocation Failure) 2397M->479M(2489M) 20.101ms
[927.859s][info ][gc,cpu         ] GC(116) User=0.07s Sys=0.00s Real=0.02s
[927.859s][info ][safepoint      ] Safepoint "ParallelGCFailedAllocation", Time since last: 1216406206 ns, Reaching safepoint: 56101 ns, At safepoint: 20222246 ns, Total: 20278347 ns
[928.859s][info ][safepoint      ] Safepoint "Cleanup", Time since last: 1000096298 ns, Reaching safepoint: 145503 ns, At safepoint: 14900 ns, Total: 160403 ns
[929.859s][info ][safepoint      ] Safepoint "Cleanup", Time since last: 1000115490 ns, Reaching safepoint: 118902 ns, At safepoint: 13200 ns, Total: 132102 ns
[930.860s][info ][safepoint      ] Safepoint "Cleanup", Time since last: 1000106481 ns, Reaching safepoint: 149303 ns, At safepoint: 18600 ns, Total: 167903 ns
[931.860s][info ][safepoint      ] Safepoint "Cleanup", Time since last: 1000101673 ns, Reaching safepoint: 51601 ns, At safepoint: 4800 ns, Total: 56401 ns
[935.860s][info ][safepoint      ] Safepoint "Cleanup", Time since last: 4000314407 ns, Reaching safepoint: 130603 ns, At safepoint: 6600 ns, Total: 137203 ns
[937.861s][info ][safepoint      ] Safepoint "Cleanup", Time since last: 2000188754 ns, Reaching safepoint: 51801 ns, At safepoint: 15800 ns, Total: 67601 ns
[938.861s][info ][safepoint      ] Safepoint "Cleanup", Time since last: 1000114116 ns, Reaching safepoint: 136102 ns, At safepoint: 12100 ns, Total: 148202 ns
[940.861s][info ][safepoint      ] Safepoint "Cleanup", Time since last: 2000195405 ns, Reaching safepoint: 42201 ns, At safepoint: 3500 ns, Total: 45701 ns
[944.861s][info ][safepoint      ] Safepoint "Cleanup", Time since last: 4000310011 ns, Reaching safepoint: 52301 ns, At safepoint: 8700 ns, Total: 61001 ns
[945.862s][info ][safepoint      ] Safepoint "Cleanup", Time since last: 1000099158 ns, Reaching safepoint: 50001 ns, At safepoint: 4400 ns, Total: 54401 ns
[946.862s][info ][safepoint      ] Safepoint "Cleanup", Time since last: 1000127050 ns, Reaching safepoint: 62601 ns, At safepoint: 7900 ns, Total: 70501 ns
[948.862s][info ][safepoint      ] Safepoint "Cleanup", Time since last: 2000191875 ns, Reaching safepoint: 59901 ns, At safepoint: 8300 ns, Total: 68201 ns
[949.862s][info ][safepoint      ] Safepoint "Cleanup", Time since last: 1000116826 ns, Reaching safepoint: 76401 ns, At safepoint: 9801 ns, Total: 86202 ns
[950.862s][info ][safepoint      ] Safepoint "Cleanup", Time since last: 1000105517 ns, Reaching safepoint: 45601 ns, At safepoint: 4100 ns, Total: 49701 ns
[951.863s][info ][safepoint      ] Safepoint "Cleanup", Time since last: 1000107810 ns, Reaching safepoint: 58901 ns, At safepoint: 14000 ns, Total: 72901 ns
[954.151s][info ][gc,start       ] GC(117) Pause Young (Allocation Failure)
[954.169s][debug][gc,phases      ] GC(117) Scavenge 18.009ms
[954.169s][debug][gc,ref         ] GC(117) Skipped phase 1 of Reference Processing: no references
[954.169s][debug][gc,ref         ] GC(117) Skipped phase 3 of Reference Processing: no references
[954.169s][debug][gc,phases      ] GC(117) Reference Processing 0.030ms
[954.170s][debug][gc,phases      ] GC(117) Weak Processing 0.587ms
[954.170s][debug][gc,age         ] GC(117) Desired survivor size 83886080 bytes, new threshold 11 (max threshold 15)
[954.170s][info ][gc,heap        ] GC(117) PSYoungGen: 2041320K(2041344K)->55800K(1989120K) Eden: 1985536K(1985536K)->0K(1933312K) From: 55784K(55808K)->55800K(55808K)
[954.170s][info ][gc,heap        ] GC(117) ParOldGen: 435273K(507904K)->446931K(507904K)
[954.170s][info ][gc,metaspace   ] GC(117) Metaspace: 81284K(82048K)->81284K(82048K) NonClass: 70291K(70720K)->70291K(70720K) Class: 10992K(11328K)->10992K(11328K)
[954.170s][info ][gc             ] GC(117) Pause Young (Allocation Failure) 2418M->490M(2438M) 18.795ms
[954.170s][info ][gc,cpu         ] GC(117) User=0.07s Sys=0.00s Real=0.02s
[954.170s][info ][safepoint      ] Safepoint "ParallelGCFailedAllocation", Time since last: 2288225658 ns, Reaching safepoint: 67601 ns, At safepoint: 18886319 ns, Total: 18953920 ns
[955.170s][info ][safepoint      ] Safepoint "Cleanup", Time since last: 1000049782 ns, Reaching safepoint: 63301 ns, At safepoint: 9101 ns, Total: 72402 ns
[957.170s][info ][safepoint      ] Safepoint "Cleanup", Time since last: 2000158941 ns, Reaching safepoint: 79901 ns, At safepoint: 10001 ns, Total: 89902 ns
[958.170s][info ][safepoint      ] Safepoint "Cleanup", Time since last: 1000085158 ns, Reaching safepoint: 57401 ns, At safepoint: 6601 ns, Total: 64002 ns
[960.171s][info ][safepoint      ] Safepoint "Cleanup", Time since last: 2000173694 ns, Reaching safepoint: 52401 ns, At safepoint: 4400 ns, Total: 56801 ns
[961.171s][info ][safepoint      ] Safepoint "Cleanup", Time since last: 1000081435 ns, Reaching safepoint: 53601 ns, At safepoint: 6200 ns, Total: 59801 ns
[962.171s][info ][safepoint      ] Safepoint "Cleanup", Time since last: 1000097627 ns, Reaching safepoint: 57701 ns, At safepoint: 8000 ns, Total: 65701 ns
[966.171s][info ][safepoint      ] Safepoint "Cleanup", Time since last: 4000286931 ns, Reaching safepoint: 52000 ns, At safepoint: 10001 ns, Total: 62001 ns
[967.171s][info ][safepoint      ] Safepoint "Cleanup", Time since last: 1000095388 ns, Reaching safepoint: 68401 ns, At safepoint: 11400 ns, Total: 79801 ns
[968.172s][info ][safepoint      ] Safepoint "Cleanup", Time since last: 1000128482 ns, Reaching safepoint: 56801 ns, At safepoint: 5300 ns, Total: 62101 ns
[969.172s][info ][safepoint      ] Safepoint "Cleanup", Time since last: 1000104673 ns, Reaching safepoint: 51801 ns, At safepoint: 4300 ns, Total: 56101 ns
[970.172s][info ][safepoint      ] Safepoint "Cleanup", Time since last: 1000095065 ns, Reaching safepoint: 53101 ns, At safepoint: 9000 ns, Total: 62101 ns
[972.172s][info ][safepoint      ] Safepoint "Cleanup", Time since last: 2000203107 ns, Reaching safepoint: 58101 ns, At safepoint: 6800 ns, Total: 64901 ns
[976.173s][info ][safepoint      ] Safepoint "Cleanup", Time since last: 4000312321 ns, Reaching safepoint: 53101 ns, At safepoint: 10900 ns, Total: 64001 ns
[977.173s][info ][safepoint      ] Safepoint "Cleanup", Time since last: 1000111112 ns, Reaching safepoint: 61801 ns, At safepoint: 8800 ns, Total: 70601 ns
[978.173s][info ][safepoint      ] Safepoint "Cleanup", Time since last: 1000107904 ns, Reaching safepoint: 63301 ns, At safepoint: 8900 ns, Total: 72201 ns
[979.173s][info ][safepoint      ] Safepoint "Cleanup", Time since last: 1000106596 ns, Reaching safepoint: 45301 ns, At safepoint: 3300 ns, Total: 48601 ns
[979.253s][info ][gc,start       ] GC(118) Pause Young (Allocation Failure)
[979.266s][debug][gc,phases      ] GC(118) Scavenge 13.438ms
[979.266s][debug][gc,ref         ] GC(118) Skipped phase 1 of Reference Processing: no references
[979.266s][debug][gc,ref         ] GC(118) Skipped phase 3 of Reference Processing: no references
[979.266s][debug][gc,phases      ] GC(118) Reference Processing 0.032ms
[979.267s][debug][gc,phases      ] GC(118) Weak Processing 0.639ms
[979.267s][debug][gc,age         ] GC(118) Desired survivor size 89128960 bytes, new threshold 12 (max threshold 15)
[979.267s][info ][gc,heap        ] GC(118) PSYoungGen: 1989112K(1989120K)->56217K(1989632K) Eden: 1933312K(1933312K)->0K(1933312K) From: 55800K(55808K)->56217K(56320K)
[979.267s][info ][gc,heap        ] GC(118) ParOldGen: 446931K(507904K)->446931K(507904K)
[979.267s][info ][gc,metaspace   ] GC(118) Metaspace: 81292K(82048K)->81292K(82048K) NonClass: 70298K(70720K)->70298K(70720K) Class: 10994K(11328K)->10994K(11328K)
[979.267s][info ][gc             ] GC(118) Pause Young (Allocation Failure) 2378M->491M(2439M) 14.288ms
[979.267s][info ][gc,cpu         ] GC(118) User=0.05s Sys=0.00s Real=0.02s
[979.267s][info ][safepoint      ] Safepoint "ParallelGCFailedAllocation", Time since last: 79658630 ns, Reaching safepoint: 47701 ns, At safepoint: 14369339 ns, Total: 14417040 ns
[980.267s][info ][safepoint      ] Safepoint "Cleanup", Time since last: 1000091988 ns, Reaching safepoint: 64101 ns, At safepoint: 23601 ns, Total: 87702 ns
[981.267s][info ][safepoint      ] Safepoint "Cleanup", Time since last: 1000127480 ns, Reaching safepoint: 73502 ns, At safepoint: 4700 ns, Total: 78202 ns
[982.268s][info ][safepoint      ] Safepoint "Cleanup", Time since last: 1000131373 ns, Reaching safepoint: 85601 ns, At safepoint: 4201 ns, Total: 89802 ns
[985.268s][info ][safepoint      ] Safepoint "Cleanup", Time since last: 3000254272 ns, Reaching safepoint: 61601 ns, At safepoint: 4900 ns, Total: 66501 ns
[987.268s][info ][safepoint      ] Safepoint "Cleanup", Time since last: 2000182177 ns, Reaching safepoint: 57501 ns, At safepoint: 17701 ns, Total: 75202 ns
[991.269s][info ][safepoint      ] Safepoint "Cleanup", Time since last: 4000306564 ns, Reaching safepoint: 64501 ns, At safepoint: 9300 ns, Total: 73801 ns
[992.269s][info ][safepoint      ] Safepoint "Cleanup", Time since last: 1000105698 ns, Reaching safepoint: 53201 ns, At safepoint: 10800 ns, Total: 64001 ns
[993.269s][info ][safepoint      ] Safepoint "Cleanup", Time since last: 1000104991 ns, Reaching safepoint: 52301 ns, At safepoint: 8600 ns, Total: 60901 ns
[994.269s][info ][safepoint      ] Safepoint "Cleanup", Time since last: 1000065283 ns, Reaching safepoint: 44800 ns, At safepoint: 4500 ns, Total: 49300 ns
[997.151s][info ][safepoint      ] Safepoint "Cleanup", Time since last: 2882107749 ns, Reaching safepoint: 150502 ns, At safepoint: 11600 ns, Total: 162102 ns
[999.152s][info ][safepoint      ] Safepoint "Cleanup", Time since last: 2000192802 ns, Reaching safepoint: 129702 ns, At safepoint: 11600 ns, Total: 141302 ns
[1000.152s][info ][safepoint      ] Safepoint "Cleanup", Time since last: 1000126141 ns, Reaching safepoint: 134702 ns, At safepoint: 9600 ns, Total: 144302 ns
[1000.753s][info ][gc,start       ] GC(119) Pause Young (Allocation Failure)
[1000.767s][debug][gc,phases      ] GC(119) Scavenge 14.374ms
[1000.767s][debug][gc,ref         ] GC(119) Skipped phase 1 of Reference Processing: no references
[1000.767s][debug][gc,ref         ] GC(119) Skipped phase 3 of Reference Processing: no references
[1000.768s][debug][gc,phases      ] GC(119) Reference Processing 0.031ms
[1000.768s][debug][gc,phases      ] GC(119) Weak Processing 0.576ms
[1000.768s][debug][gc,age         ] GC(119) Desired survivor size 92798976 bytes, new threshold 13 (max threshold 15)
[1000.768s][info ][gc,heap        ] GC(119) PSYoungGen: 1989529K(1989632K)->55968K(2002944K) Eden: 1933312K(1933312K)->0K(1915904K) From: 56217K(56320K)->55968K(87040K)
[1000.768s][info ][gc,heap        ] GC(119) ParOldGen: 446931K(507904K)->446931K(507904K)
[1000.768s][info ][gc,metaspace   ] GC(119) Metaspace: 81313K(82048K)->81313K(82048K) NonClass: 70319K(70720K)->70319K(70720K) Class: 10994K(11328K)->10994K(11328K)
[1000.768s][info ][gc             ] GC(119) Pause Young (Allocation Failure) 2379M->491M(2452M) 15.156ms
[1000.768s][info ][gc,cpu         ] GC(119) User=0.05s Sys=0.00s Real=0.02s
[1000.768s][info ][safepoint      ] Safepoint "ParallelGCFailedAllocation", Time since last: 600847634 ns, Reaching safepoint: 117102 ns, At safepoint: 15251952 ns, Total: 15369054 ns
[1001.768s][info ][safepoint      ] Safepoint "Cleanup", Time since last: 1000089328 ns, Reaching safepoint: 59201 ns, At safepoint: 9100 ns, Total: 68301 ns
[1002.769s][info ][safepoint      ] Safepoint "Cleanup", Time since last: 1000107621 ns, Reaching safepoint: 47901 ns, At safepoint: 4000 ns, Total: 51901 ns
[1003.769s][info ][safepoint      ] Safepoint "Cleanup", Time since last: 1000125114 ns, Reaching safepoint: 54301 ns, At safepoint: 3800 ns, Total: 58101 ns
[1004.769s][info ][safepoint      ] Safepoint "Cleanup", Time since last: 1000124607 ns, Reaching safepoint: 57801 ns, At safepoint: 10400 ns, Total: 68201 ns
[1006.977s][info ][safepoint      ] Safepoint "Cleanup", Time since last: 2208445424 ns, Reaching safepoint: 118302 ns, At safepoint: 19801 ns, Total: 138103 ns
[1007.978s][info ][safepoint      ] Safepoint "Cleanup", Time since last: 1000104683 ns, Reaching safepoint: 59401 ns, At safepoint: 9100 ns, Total: 68501 ns
[1008.978s][info ][safepoint      ] Safepoint "Cleanup", Time since last: 1000109476 ns, Reaching safepoint: 57301 ns, At safepoint: 4500 ns, Total: 61801 ns
[1010.978s][info ][safepoint      ] Safepoint "Cleanup", Time since last: 2000154631 ns, Reaching safepoint: 44600 ns, At safepoint: 3800 ns, Total: 48400 ns
[1011.978s][info ][safepoint      ] Safepoint "Cleanup", Time since last: 1000106955 ns, Reaching safepoint: 50201 ns, At safepoint: 4000 ns, Total: 54201 ns
[1014.979s][info ][safepoint      ] Safepoint "Cleanup", Time since last: 3000251821 ns, Reaching safepoint: 64401 ns, At safepoint: 3800 ns, Total: 68201 ns
[1015.979s][info ][safepoint      ] Safepoint "Cleanup", Time since last: 1000101726 ns, Reaching safepoint: 51601 ns, At safepoint: 3400 ns, Total: 55001 ns
[1016.610s][info ][gc,start       ] GC(120) Pause Young (Allocation Failure)
[1016.628s][debug][gc,phases      ] GC(120) Scavenge 18.033ms
[1016.628s][debug][gc,ref         ] GC(120) Skipped phase 1 of Reference Processing: no references
[1016.628s][debug][gc,ref         ] GC(120) Skipped phase 3 of Reference Processing: no references
[1016.628s][debug][gc,phases      ] GC(120) Reference Processing 0.033ms
[1016.628s][debug][gc,phases      ] GC(120) Weak Processing 0.607ms
[1016.628s][debug][gc,age         ] GC(120) Desired survivor size 102760448 bytes, new threshold 14 (max threshold 15)
[1016.628s][info ][gc,heap        ] GC(120) PSYoungGen: 1971872K(2002944K)->75168K(1991168K) Eden: 1915904K(1915904K)->0K(1915904K) From: 55968K(87040K)->75168K(75264K)
[1016.628s][info ][gc,heap        ] GC(120) ParOldGen: 446931K(507904K)->446931K(507904K)
[1016.628s][info ][gc,metaspace   ] GC(120) Metaspace: 81326K(82048K)->81326K(82048K) NonClass: 70330K(70720K)->70330K(70720K) Class: 10996K(11328K)->10996K(11328K)
[1016.628s][info ][gc             ] GC(120) Pause Young (Allocation Failure) 2362M->509M(2440M) 18.820ms
[1016.628s][info ][gc,cpu         ] GC(120) User=0.07s Sys=0.00s Real=0.02s
[1016.628s][info ][safepoint      ] Safepoint "ParallelGCFailedAllocation", Time since last: 630799558 ns, Reaching safepoint: 62401 ns, At safepoint: 18928610 ns, Total: 18991011 ns
[1021.629s][info ][safepoint      ] Safepoint "Cleanup", Time since last: 5000309800 ns, Reaching safepoint: 49301 ns, At safepoint: 7900 ns, Total: 57201 ns
[1026.629s][info ][safepoint      ] Safepoint "Cleanup", Time since last: 5000430527 ns, Reaching safepoint: 63701 ns, At safepoint: 9300 ns, Total: 73001 ns
[1027.630s][info ][safepoint      ] Safepoint "Cleanup", Time since last: 1000107145 ns, Reaching safepoint: 51801 ns, At safepoint: 3900 ns, Total: 55701 ns
[1029.630s][info ][safepoint      ] Safepoint "Cleanup", Time since last: 2000189169 ns, Reaching safepoint: 57801 ns, At safepoint: 8800 ns, Total: 66601 ns
[1030.630s][info ][safepoint      ] Safepoint "Cleanup", Time since last: 1000108124 ns, Reaching safepoint: 53001 ns, At safepoint: 4100 ns, Total: 57101 ns
[1035.630s][info ][safepoint      ] Safepoint "Cleanup", Time since last: 5000397916 ns, Reaching safepoint: 58201 ns, At safepoint: 4400 ns, Total: 62601 ns
[1036.476s][info ][gc,start       ] GC(121) Pause Young (Allocation Failure)
[1036.493s][debug][gc,phases      ] GC(121) Scavenge 17.139ms
[1036.493s][debug][gc,ref         ] GC(121) Skipped phase 1 of Reference Processing: no references
[1036.493s][debug][gc,ref         ] GC(121) Skipped phase 3 of Reference Processing: no references
[1036.493s][debug][gc,phases      ] GC(121) Reference Processing 0.060ms
[1036.494s][debug][gc,phases      ] GC(121) Weak Processing 0.591ms
[1036.494s][debug][gc,age         ] GC(121) Desired survivor size 109576192 bytes, new threshold 15 (max threshold 15)
[1036.494s][info ][gc,heap        ] GC(121) PSYoungGen: 1991072K(1991168K)->71976K(1983488K) Eden: 1915904K(1915904K)->0K(1883136K) From: 75168K(75264K)->71976K(100352K)
[1036.494s][info ][gc,heap        ] GC(121) ParOldGen: 446931K(507904K)->446931K(507904K)
[1036.494s][info ][gc,metaspace   ] GC(121) Metaspace: 81339K(82048K)->81339K(82048K) NonClass: 70343K(70720K)->70343K(70720K) Class: 10996K(11328K)->10996K(11328K)
[1036.494s][info ][gc             ] GC(121) Pause Young (Allocation Failure) 2380M->506M(2433M) 17.952ms
[1036.494s][info ][gc,cpu         ] GC(121) User=0.07s Sys=0.00s Real=0.01s
[1036.494s][info ][safepoint      ] Safepoint "ParallelGCFailedAllocation", Time since last: 845242262 ns, Reaching safepoint: 52701 ns, At safepoint: 18050794 ns, Total: 18103495 ns
[1037.494s][info ][safepoint      ] Safepoint "Cleanup", Time since last: 1000089377 ns, Reaching safepoint: 127402 ns, At safepoint: 15200 ns, Total: 142602 ns
[1039.494s][info ][safepoint      ] Safepoint "Cleanup", Time since last: 2000174734 ns, Reaching safepoint: 60601 ns, At safepoint: 3600 ns, Total: 64201 ns
[1041.494s][info ][safepoint      ] Safepoint "Cleanup", Time since last: 2000189407 ns, Reaching safepoint: 68901 ns, At safepoint: 8400 ns, Total: 77301 ns
[1043.495s][info ][safepoint      ] Safepoint "Cleanup", Time since last: 2000174580 ns, Reaching safepoint: 63601 ns, At safepoint: 10001 ns, Total: 73602 ns
[1048.495s][info ][safepoint      ] Safepoint "Cleanup", Time since last: 5000383781 ns, Reaching safepoint: 43601 ns, At safepoint: 8600 ns, Total: 52201 ns
[1050.495s][info ][safepoint      ] Safepoint "Cleanup", Time since last: 2000180287 ns, Reaching safepoint: 50401 ns, At safepoint: 7700 ns, Total: 58101 ns
[1051.496s][info ][safepoint      ] Safepoint "Cleanup", Time since last: 1000109684 ns, Reaching safepoint: 60101 ns, At safepoint: 8000 ns, Total: 68101 ns
[1052.496s][info ][safepoint      ] Safepoint "Cleanup", Time since last: 1000105777 ns, Reaching safepoint: 54701 ns, At safepoint: 13200 ns, Total: 67901 ns
[1057.153s][info ][gc,start       ] GC(122) Pause Young (Allocation Failure)
[1057.171s][debug][gc,phases      ] GC(122) Scavenge 18.147ms
[1057.171s][debug][gc,ref         ] GC(122) Skipped phase 1 of Reference Processing: no references
[1057.171s][debug][gc,ref         ] GC(122) Skipped phase 3 of Reference Processing: no references
[1057.171s][debug][gc,phases      ] GC(122) Reference Processing 0.031ms
[1057.172s][debug][gc,phases      ] GC(122) Weak Processing 0.575ms
[1057.172s][debug][gc,age         ] GC(122) Desired survivor size 115867648 bytes, new threshold 15 (max threshold 15)
[1057.172s][info ][gc,heap        ] GC(122) PSYoungGen: 1955112K(1983488K)->75360K(1958912K) Eden: 1883136K(1883136K)->0K(1883136K) From: 71976K(100352K)->75360K(75776K)
[1057.172s][info ][gc,heap        ] GC(122) ParOldGen: 446931K(507904K)->446939K(507904K)
[1057.172s][info ][gc,metaspace   ] GC(122) Metaspace: 81346K(82048K)->81346K(82048K) NonClass: 70350K(70720K)->70350K(70720K) Class: 10996K(11328K)->10996K(11328K)
[1057.172s][info ][gc             ] GC(122) Pause Young (Allocation Failure) 2345M->510M(2409M) 18.908ms
[1057.172s][info ][gc,cpu         ] GC(122) User=0.08s Sys=0.00s Real=0.02s
[1057.172s][info ][safepoint      ] Safepoint "ParallelGCFailedAllocation", Time since last: 4656736838 ns, Reaching safepoint: 125602 ns, At safepoint: 19011506 ns, Total: 19137108 ns
[1063.172s][info ][safepoint      ] Safepoint "Cleanup", Time since last: 6000434139 ns, Reaching safepoint: 49001 ns, At safepoint: 7300 ns, Total: 56301 ns
[1064.172s][info ][safepoint      ] Safepoint "Cleanup", Time since last: 1000109801 ns, Reaching safepoint: 54001 ns, At safepoint: 3900 ns, Total: 57901 ns
[1068.173s][info ][safepoint      ] Safepoint "Cleanup", Time since last: 4000299738 ns, Reaching safepoint: 52601 ns, At safepoint: 7200 ns, Total: 59801 ns
[1069.173s][info ][safepoint      ] Safepoint "Cleanup", Time since last: 1000115369 ns, Reaching safepoint: 58401 ns, At safepoint: 11601 ns, Total: 70002 ns
[1070.173s][info ][safepoint      ] Safepoint "Cleanup", Time since last: 1000077462 ns, Reaching safepoint: 53901 ns, At safepoint: 13500 ns, Total: 67401 ns
[1074.173s][info ][safepoint      ] Safepoint "Cleanup", Time since last: 4000321585 ns, Reaching safepoint: 52501 ns, At safepoint: 9400 ns, Total: 61901 ns
[1074.657s][info ][gc,start       ] GC(123) Pause Young (Allocation Failure)
[1074.677s][debug][gc,phases      ] GC(123) Scavenge 20.233ms
[1074.678s][debug][gc,ref         ] GC(123) Skipped phase 1 of Reference Processing: no references
[1074.678s][debug][gc,ref         ] GC(123) Skipped phase 3 of Reference Processing: no references
[1074.678s][debug][gc,phases      ] GC(123) Reference Processing 0.035ms
[1074.678s][debug][gc,phases      ] GC(123) Weak Processing 0.586ms
[1074.678s][debug][gc,age         ] GC(123) Desired survivor size 122683392 bytes, new threshold 15 (max threshold 15)
[1074.678s][info ][gc,heap        ] GC(123) PSYoungGen: 1958496K(1958912K)->81888K(1970688K) Eden: 1883136K(1883136K)->0K(1857536K) From: 75360K(75776K)->81888K(113152K)
[1074.678s][info ][gc,heap        ] GC(123) ParOldGen: 446939K(507904K)->446939K(507904K)
[1074.678s][info ][gc,metaspace   ] GC(123) Metaspace: 81349K(82112K)->81349K(82112K) NonClass: 70353K(70784K)->70353K(70784K) Class: 10996K(11328K)->10996K(11328K)
[1074.678s][info ][gc             ] GC(123) Pause Young (Allocation Failure) 2349M->516M(2420M) 21.028ms
[1074.678s][info ][gc,cpu         ] GC(123) User=0.08s Sys=0.00s Real=0.02s
[1074.678s][info ][safepoint      ] Safepoint "ParallelGCFailedAllocation", Time since last: 483772256 ns, Reaching safepoint: 33001 ns, At safepoint: 21108638 ns, Total: 21141639 ns
[1075.678s][info ][safepoint      ] Safepoint "Cleanup", Time since last: 1000088128 ns, Reaching safepoint: 56101 ns, At safepoint: 9600 ns, Total: 65701 ns
[1081.679s][info ][safepoint      ] Safepoint "Cleanup", Time since last: 6000422632 ns, Reaching safepoint: 67201 ns, At safepoint: 4100 ns, Total: 71301 ns
[1083.679s][info ][safepoint      ] Safepoint "Cleanup", Time since last: 2000124760 ns, Reaching safepoint: 65001 ns, At safepoint: 8201 ns, Total: 73202 ns
[1085.679s][info ][safepoint      ] Safepoint "Cleanup", Time since last: 2000174036 ns, Reaching safepoint: 50301 ns, At safepoint: 9700 ns, Total: 60001 ns
[1086.680s][info ][safepoint      ] Safepoint "Cleanup", Time since last: 1000102559 ns, Reaching safepoint: 55901 ns, At safepoint: 13300 ns, Total: 69201 ns
[1087.680s][info ][safepoint      ] Safepoint "Cleanup", Time since last: 1000115654 ns, Reaching safepoint: 53801 ns, At safepoint: 6600 ns, Total: 60401 ns
[1088.680s][info ][safepoint      ] Safepoint "Cleanup", Time since last: 1000112247 ns, Reaching safepoint: 70801 ns, At safepoint: 9000 ns, Total: 79801 ns
[1090.680s][info ][safepoint      ] Safepoint "Cleanup", Time since last: 2000177975 ns, Reaching safepoint: 61301 ns, At safepoint: 5500 ns, Total: 66801 ns
[1091.680s][info ][safepoint      ] Safepoint "Cleanup", Time since last: 1000116429 ns, Reaching safepoint: 49701 ns, At safepoint: 5000 ns, Total: 54701 ns
[1093.681s][info ][safepoint      ] Safepoint "Cleanup", Time since last: 2000177239 ns, Reaching safepoint: 73801 ns, At safepoint: 13100 ns, Total: 86901 ns
[1093.861s][info ][gc,start       ] GC(124) Pause Young (Allocation Failure)
[1093.876s][debug][gc,phases      ] GC(124) Scavenge 15.179ms
[1093.876s][debug][gc,ref         ] GC(124) Skipped phase 1 of Reference Processing: no references
[1093.876s][debug][gc,ref         ] GC(124) Skipped phase 3 of Reference Processing: no references
[1093.876s][debug][gc,phases      ] GC(124) Reference Processing 0.045ms
[1093.877s][debug][gc,phases      ] GC(124) Weak Processing 0.759ms
[1093.877s][debug][gc,age         ] GC(124) Desired survivor size 121634816 bytes, new threshold 15 (max threshold 15)
[1093.877s][info ][gc,heap        ] GC(124) PSYoungGen: 1939424K(1970688K)->64096K(1977344K) Eden: 1857536K(1857536K)->0K(1857536K) From: 81888K(113152K)->64096K(119808K)
[1093.877s][info ][gc,heap        ] GC(124) ParOldGen: 446939K(507904K)->446939K(507904K)
[1093.877s][info ][gc,metaspace   ] GC(124) Metaspace: 81351K(82112K)->81351K(82112K) NonClass: 70355K(70784K)->70355K(70784K) Class: 10996K(11328K)->10996K(11328K)
[1093.877s][info ][gc             ] GC(124) Pause Young (Allocation Failure) 2330M->499M(2427M) 16.160ms
[1093.877s][info ][gc,cpu         ] GC(124) User=0.07s Sys=0.00s Real=0.02s
[1093.877s][info ][safepoint      ] Safepoint "ParallelGCFailedAllocation", Time since last: 180472471 ns, Reaching safepoint: 54001 ns, At safepoint: 16266659 ns, Total: 16320660 ns
[1095.878s][info ][safepoint      ] Safepoint "Cleanup", Time since last: 2000163211 ns, Reaching safepoint: 52901 ns, At safepoint: 7100 ns, Total: 60001 ns
[1096.878s][info ][safepoint      ] Safepoint "Cleanup", Time since last: 1000108998 ns, Reaching safepoint: 53200 ns, At safepoint: 5900 ns, Total: 59100 ns
[1097.878s][info ][safepoint      ] Safepoint "Cleanup", Time since last: 1000099891 ns, Reaching safepoint: 54401 ns, At safepoint: 4200 ns, Total: 58601 ns
[1102.878s][info ][safepoint      ] Safepoint "Cleanup", Time since last: 5000396864 ns, Reaching safepoint: 54000 ns, At safepoint: 7501 ns, Total: 61501 ns
[1103.879s][info ][safepoint      ] Safepoint "Cleanup", Time since last: 1000110855 ns, Reaching safepoint: 58501 ns, At safepoint: 5200 ns, Total: 63701 ns
[1105.879s][info ][safepoint      ] Safepoint "Cleanup", Time since last: 2000177392 ns, Reaching safepoint: 50201 ns, At safepoint: 4000 ns, Total: 54201 ns
[1106.879s][info ][safepoint      ] Safepoint "Cleanup", Time since last: 1000106037 ns, Reaching safepoint: 58501 ns, At safepoint: 6600 ns, Total: 65101 ns
[1108.879s][info ][safepoint      ] Safepoint "Cleanup", Time since last: 2000130756 ns, Reaching safepoint: 58300 ns, At safepoint: 4301 ns, Total: 62601 ns
[1109.879s][info ][safepoint      ] Safepoint "Cleanup", Time since last: 1000106819 ns, Reaching safepoint: 71201 ns, At safepoint: 10000 ns, Total: 81201 ns
[1114.880s][info ][safepoint      ] Safepoint "Cleanup", Time since last: 5000379508 ns, Reaching safepoint: 59201 ns, At safepoint: 7900 ns, Total: 67101 ns
[1115.880s][info ][safepoint      ] Safepoint "Cleanup", Time since last: 1000113285 ns, Reaching safepoint: 56701 ns, At safepoint: 8800 ns, Total: 65501 ns
[1117.880s][info ][safepoint      ] Safepoint "Cleanup", Time since last: 2000169051 ns, Reaching safepoint: 51000 ns, At safepoint: 11001 ns, Total: 62001 ns
[1118.451s][info ][gc,start       ] GC(125) Pause Young (Allocation Failure)
[1118.465s][debug][gc,phases      ] GC(125) Scavenge 14.313ms
[1118.465s][debug][gc,ref         ] GC(125) Skipped phase 1 of Reference Processing: no references
[1118.465s][debug][gc,ref         ] GC(125) Skipped phase 3 of Reference Processing: no references
[1118.465s][debug][gc,phases      ] GC(125) Reference Processing 0.032ms
[1118.466s][debug][gc,phases      ] GC(125) Weak Processing 0.587ms
[1118.466s][debug][gc,age         ] GC(125) Desired survivor size 117964800 bytes, new threshold 15 (max threshold 15)
[1118.466s][info ][gc,heap        ] GC(125) PSYoungGen: 1921632K(1977344K)->58376K(1981952K) Eden: 1857536K(1857536K)->0K(1863168K) From: 64096K(119808K)->58376K(118784K)
[1118.466s][info ][gc,heap        ] GC(125) ParOldGen: 446939K(507904K)->446939K(507904K)
[1118.466s][info ][gc,metaspace   ] GC(125) Metaspace: 81362K(82112K)->81362K(82112K) NonClass: 70364K(70784K)->70364K(70784K) Class: 10998K(11328K)->10998K(11328K)
[1118.466s][info ][gc             ] GC(125) Pause Young (Allocation Failure) 2313M->493M(2431M) 15.081ms
[1118.466s][info ][gc,cpu         ] GC(125) User=0.05s Sys=0.00s Real=0.01s
[1118.466s][info ][safepoint      ] Safepoint "ParallelGCFailedAllocation", Time since last: 570687298 ns, Reaching safepoint: 119302 ns, At safepoint: 15174239 ns, Total: 15293541 ns
[1120.466s][info ][safepoint      ] Safepoint "Cleanup", Time since last: 2000176621 ns, Reaching safepoint: 56901 ns, At safepoint: 8000 ns, Total: 64901 ns
[1121.467s][info ][safepoint      ] Safepoint "Cleanup", Time since last: 1000111152 ns, Reaching safepoint: 55301 ns, At safepoint: 4100 ns, Total: 59401 ns
[1122.467s][info ][safepoint      ] Safepoint "Cleanup", Time since last: 1000114947 ns, Reaching safepoint: 60501 ns, At safepoint: 8700 ns, Total: 69201 ns
[1123.467s][info ][safepoint      ] Safepoint "Cleanup", Time since last: 1000080840 ns, Reaching safepoint: 55801 ns, At safepoint: 8900 ns, Total: 64701 ns
[1124.467s][info ][safepoint      ] Safepoint "Cleanup", Time since last: 1000114535 ns, Reaching safepoint: 51401 ns, At safepoint: 11200 ns, Total: 62601 ns
[1125.467s][info ][safepoint      ] Safepoint "Cleanup", Time since last: 1000109529 ns, Reaching safepoint: 58601 ns, At safepoint: 9400 ns, Total: 68001 ns
[1127.468s][info ][safepoint      ] Safepoint "Cleanup", Time since last: 2000155941 ns, Reaching safepoint: 84101 ns, At safepoint: 11800 ns, Total: 95901 ns
[1133.468s][info ][safepoint      ] Safepoint "Cleanup", Time since last: 6000404785 ns, Reaching safepoint: 64801 ns, At safepoint: 4600 ns, Total: 69401 ns
[1138.468s][info ][safepoint      ] Safepoint "Cleanup", Time since last: 5000376333 ns, Reaching safepoint: 79101 ns, At safepoint: 10200 ns, Total: 89301 ns
[1139.469s][info ][safepoint      ] Safepoint "Cleanup", Time since last: 1000109050 ns, Reaching safepoint: 51801 ns, At safepoint: 15201 ns, Total: 67002 ns
[1145.007s][info ][gc,start       ] GC(126) Pause Young (Allocation Failure)
[1145.020s][debug][gc,phases      ] GC(126) Scavenge 12.406ms
[1145.020s][debug][gc,ref         ] GC(126) Skipped phase 1 of Reference Processing: no references
[1145.020s][debug][gc,ref         ] GC(126) Skipped phase 3 of Reference Processing: no references
[1145.020s][debug][gc,phases      ] GC(126) Reference Processing 0.034ms
[1145.020s][debug][gc,phases      ] GC(126) Weak Processing 0.581ms
[1145.020s][debug][gc,age         ] GC(126) Desired survivor size 113770496 bytes, new threshold 15 (max threshold 15)
[1145.020s][info ][gc,heap        ] GC(126) PSYoungGen: 1921544K(1981952K)->58080K(1978368K) Eden: 1863168K(1863168K)->0K(1863168K) From: 58376K(118784K)->58080K(115200K)
[1145.020s][info ][gc,heap        ] GC(126) ParOldGen: 446939K(507904K)->446939K(507904K)
[1145.020s][info ][gc,metaspace   ] GC(126) Metaspace: 81375K(82112K)->81375K(82112K) NonClass: 70377K(70784K)->70377K(70784K) Class: 10998K(11328K)->10998K(11328K)
[1145.020s][info ][gc             ] GC(126) Pause Young (Allocation Failure) 2312M->493M(2428M) 13.192ms
[1145.020s][info ][gc,cpu         ] GC(126) User=0.05s Sys=0.00s Real=0.01s
[1145.020s][info ][safepoint      ] Safepoint "ParallelGCFailedAllocation", Time since last: 5538403668 ns, Reaching safepoint: 58301 ns, At safepoint: 13281007 ns, Total: 13339308 ns
[1147.021s][info ][safepoint      ] Safepoint "Cleanup", Time since last: 2000144822 ns, Reaching safepoint: 59501 ns, At safepoint: 4300 ns, Total: 63801 ns
[1150.270s][info ][safepoint      ] Safepoint "Cleanup", Time since last: 3249133871 ns, Reaching safepoint: 61901 ns, At safepoint: 5601 ns, Total: 67502 ns
[1151.270s][info ][safepoint      ] Safepoint "Cleanup", Time since last: 1000105885 ns, Reaching safepoint: 69001 ns, At safepoint: 5000 ns, Total: 74001 ns
[1152.270s][info ][safepoint      ] Safepoint "Cleanup", Time since last: 1000090980 ns, Reaching safepoint: 56501 ns, At safepoint: 7100 ns, Total: 63601 ns
[1154.270s][info ][safepoint      ] Safepoint "Cleanup", Time since last: 2000184444 ns, Reaching safepoint: 51900 ns, At safepoint: 7901 ns, Total: 59801 ns
[1157.271s][info ][safepoint      ] Safepoint "Cleanup", Time since last: 3000234974 ns, Reaching safepoint: 50001 ns, At safepoint: 3600 ns, Total: 53601 ns
[1158.271s][info ][safepoint      ] Safepoint "Cleanup", Time since last: 1000122448 ns, Reaching safepoint: 57001 ns, At safepoint: 8900 ns, Total: 65901 ns
[1161.271s][info ][safepoint      ] Safepoint "Cleanup", Time since last: 3000266810 ns, Reaching safepoint: 57301 ns, At safepoint: 8800 ns, Total: 66101 ns
[1162.271s][info ][safepoint      ] Safepoint "Cleanup", Time since last: 1000122627 ns, Reaching safepoint: 61701 ns, At safepoint: 7600 ns, Total: 69301 ns
[1163.272s][info ][safepoint      ] Safepoint "Cleanup", Time since last: 1000071120 ns, Reaching safepoint: 69102 ns, At safepoint: 9600 ns, Total: 78702 ns
[1166.272s][info ][safepoint      ] Safepoint "Cleanup", Time since last: 3000243030 ns, Reaching safepoint: 50301 ns, At safepoint: 3500 ns, Total: 53801 ns
[1167.272s][info ][safepoint      ] Safepoint "Cleanup", Time since last: 1000107700 ns, Reaching safepoint: 52701 ns, At safepoint: 12500 ns, Total: 65201 ns
[1173.006s][info ][gc,start       ] GC(127) Pause Young (Allocation Failure)
[1173.020s][debug][gc,phases      ] GC(127) Scavenge 13.783ms
[1173.020s][debug][gc,ref         ] GC(127) Skipped phase 1 of Reference Processing: no references
[1173.020s][debug][gc,ref         ] GC(127) Skipped phase 3 of Reference Processing: no references
[1173.020s][debug][gc,phases      ] GC(127) Reference Processing 0.042ms
[1173.021s][debug][gc,phases      ] GC(127) Weak Processing 0.756ms
[1173.021s][debug][gc,age         ] GC(127) Desired survivor size 110624768 bytes, new threshold 15 (max threshold 15)
[1173.021s][info ][gc,heap        ] GC(127) PSYoungGen: 1921248K(1978368K)->58200K(1989120K) Eden: 1863168K(1863168K)->0K(1878016K) From: 58080K(115200K)->58200K(111104K)
[1173.021s][info ][gc,heap        ] GC(127) ParOldGen: 446939K(507904K)->446939K(507904K)
[1173.021s][info ][gc,metaspace   ] GC(127) Metaspace: 81393K(82112K)->81393K(82112K) NonClass: 70395K(70784K)->70395K(70784K) Class: 10998K(11328K)->10998K(11328K)
[1173.021s][info ][gc             ] GC(127) Pause Young (Allocation Failure) 2312M->493M(2438M) 14.765ms
[1173.021s][info ][gc,cpu         ] GC(127) User=0.06s Sys=0.00s Real=0.02s
[1173.021s][info ][safepoint      ] Safepoint "ParallelGCFailedAllocation", Time since last: 5733915065 ns, Reaching safepoint: 48801 ns, At safepoint: 14866330 ns, Total: 14915131 ns
[1174.021s][info ][safepoint      ] Safepoint "Cleanup", Time since last: 1000088864 ns, Reaching safepoint: 55101 ns, At safepoint: 4000 ns, Total: 59101 ns
[1175.021s][info ][safepoint      ] Safepoint "Cleanup", Time since last: 1000104860 ns, Reaching safepoint: 69601 ns, At safepoint: 18800 ns, Total: 88401 ns
[1176.021s][info ][safepoint      ] Safepoint "Cleanup", Time since last: 1000112454 ns, Reaching safepoint: 55601 ns, At safepoint: 7500 ns, Total: 63101 ns
[1179.022s][info ][safepoint      ] Safepoint "Cleanup", Time since last: 3000254731 ns, Reaching safepoint: 64201 ns, At safepoint: 5600 ns, Total: 69801 ns
[1180.022s][info ][safepoint      ] Safepoint "Cleanup", Time since last: 1000112234 ns, Reaching safepoint: 68201 ns, At safepoint: 10401 ns, Total: 78602 ns
[1181.022s][info ][safepoint      ] Safepoint "Cleanup", Time since last: 1000115728 ns, Reaching safepoint: 63501 ns, At safepoint: 3800 ns, Total: 67301 ns
[1182.022s][info ][safepoint      ] Safepoint "Cleanup", Time since last: 1000109324 ns, Reaching safepoint: 58601 ns, At safepoint: 8300 ns, Total: 66901 ns
[1183.022s][info ][safepoint      ] Safepoint "Cleanup", Time since last: 1000131919 ns, Reaching safepoint: 52900 ns, At safepoint: 4301 ns, Total: 57201 ns
[1184.023s][info ][safepoint      ] Safepoint "Cleanup", Time since last: 1000112213 ns, Reaching safepoint: 56501 ns, At safepoint: 6700 ns, Total: 63201 ns
[1187.023s][info ][safepoint      ] Safepoint "Cleanup", Time since last: 3000244808 ns, Reaching safepoint: 70401 ns, At safepoint: 9700 ns, Total: 80101 ns
[1188.023s][info ][safepoint      ] Safepoint "Cleanup", Time since last: 1000106593 ns, Reaching safepoint: 53001 ns, At safepoint: 6700 ns, Total: 59701 ns
[1189.023s][info ][safepoint      ] Safepoint "Cleanup", Time since last: 1000108488 ns, Reaching safepoint: 74701 ns, At safepoint: 12901 ns, Total: 87602 ns
[1190.023s][info ][safepoint      ] Safepoint "Cleanup", Time since last: 1000135283 ns, Reaching safepoint: 55201 ns, At safepoint: 3700 ns, Total: 58901 ns
[1191.024s][info ][safepoint      ] Safepoint "Cleanup", Time since last: 1000105678 ns, Reaching safepoint: 57001 ns, At safepoint: 6900 ns, Total: 63901 ns
[1192.024s][info ][safepoint      ] Safepoint "Cleanup", Time since last: 1000124773 ns, Reaching safepoint: 69201 ns, At safepoint: 12900 ns, Total: 82101 ns
[1194.024s][info ][safepoint      ] Safepoint "Cleanup", Time since last: 2000173330 ns, Reaching safepoint: 58001 ns, At safepoint: 9400 ns, Total: 67401 ns
[1195.024s][info ][safepoint      ] Safepoint "Cleanup", Time since last: 1000112758 ns, Reaching safepoint: 76201 ns, At safepoint: 14000 ns, Total: 90201 ns
[1197.024s][info ][safepoint      ] Safepoint "Cleanup", Time since last: 2000150100 ns, Reaching safepoint: 55201 ns, At safepoint: 4400 ns, Total: 59601 ns
[1201.507s][info ][gc,start       ] GC(128) Pause Young (Allocation Failure)
[1201.519s][debug][gc,phases      ] GC(128) Scavenge 12.407ms
[1201.519s][debug][gc,ref         ] GC(128) Skipped phase 1 of Reference Processing: no references
[1201.519s][debug][gc,ref         ] GC(128) Skipped phase 3 of Reference Processing: no references
[1201.519s][debug][gc,phases      ] GC(128) Reference Processing 0.037ms
[1201.520s][debug][gc,phases      ] GC(128) Weak Processing 0.585ms
[1201.520s][debug][gc,age         ] GC(128) Desired survivor size 107479040 bytes, new threshold 15 (max threshold 15)
[1201.520s][info ][gc,heap        ] GC(128) PSYoungGen: 1936216K(1989120K)->58536K(1986048K) Eden: 1878016K(1878016K)->0K(1878016K) From: 58200K(111104K)->58536K(108032K)
[1201.520s][info ][gc,heap        ] GC(128) ParOldGen: 446939K(507904K)->446947K(507904K)
[1201.520s][info ][gc,metaspace   ] GC(128) Metaspace: 81419K(82176K)->81419K(82176K) NonClass: 70419K(70848K)->70419K(70848K) Class: 11000K(11328K)->11000K(11328K)
[1201.520s][info ][gc             ] GC(128) Pause Young (Allocation Failure) 2327M->493M(2435M) 13.182ms
[1201.520s][info ][gc,cpu         ] GC(128) User=0.05s Sys=0.00s Real=0.01s
[1201.520s][info ][safepoint      ] Safepoint "ParallelGCFailedAllocation", Time since last: 4482024022 ns, Reaching safepoint: 56301 ns, At safepoint: 13271003 ns, Total: 13327304 ns
[1202.520s][info ][safepoint      ] Safepoint "Cleanup", Time since last: 1000087321 ns, Reaching safepoint: 52301 ns, At safepoint: 15100 ns, Total: 67401 ns
[1204.520s][info ][safepoint      ] Safepoint "Cleanup", Time since last: 2000180626 ns, Reaching safepoint: 70601 ns, At safepoint: 9001 ns, Total: 79602 ns
[1205.520s][info ][safepoint      ] Safepoint "Cleanup", Time since last: 1000126206 ns, Reaching safepoint: 51901 ns, At safepoint: 6900 ns, Total: 58801 ns
[1206.521s][info ][safepoint      ] Safepoint "Cleanup", Time since last: 1000121701 ns, Reaching safepoint: 68901 ns, At safepoint: 5800 ns, Total: 74701 ns
[1207.521s][info ][safepoint      ] Safepoint "Cleanup", Time since last: 1000115497 ns, Reaching safepoint: 69901 ns, At safepoint: 9300 ns, Total: 79201 ns
[1209.521s][info ][safepoint      ] Safepoint "Cleanup", Time since last: 2000181778 ns, Reaching safepoint: 55201 ns, At safepoint: 7600 ns, Total: 62801 ns
[1211.521s][info ][safepoint      ] Safepoint "Cleanup", Time since last: 2000173058 ns, Reaching safepoint: 54301 ns, At safepoint: 5200 ns, Total: 59501 ns
[1212.521s][info ][safepoint      ] Safepoint "Cleanup", Time since last: 1000106472 ns, Reaching safepoint: 56201 ns, At safepoint: 9700 ns, Total: 65901 ns
[1217.522s][info ][safepoint      ] Safepoint "Cleanup", Time since last: 5000301185 ns, Reaching safepoint: 70701 ns, At safepoint: 13200 ns, Total: 83901 ns
[1218.522s][info ][safepoint      ] Safepoint "Cleanup", Time since last: 1000116844 ns, Reaching safepoint: 93501 ns, At safepoint: 7501 ns, Total: 101002 ns
[1219.522s][info ][safepoint      ] Safepoint "Cleanup", Time since last: 1000115638 ns, Reaching safepoint: 67701 ns, At safepoint: 6600 ns, Total: 74301 ns
[1222.523s][info ][safepoint      ] Safepoint "Cleanup", Time since last: 3000254487 ns, Reaching safepoint: 86501 ns, At safepoint: 11200 ns, Total: 97701 ns
[1224.523s][info ][safepoint      ] Safepoint "Cleanup", Time since last: 2000190635 ns, Reaching safepoint: 63801 ns, At safepoint: 8900 ns, Total: 72701 ns
[1227.198s][info ][gc,start       ] GC(129) Pause Young (Allocation Failure)
[1227.214s][debug][gc,phases      ] GC(129) Scavenge 16.258ms
[1227.214s][debug][gc,ref         ] GC(129) Skipped phase 1 of Reference Processing: no references
[1227.214s][debug][gc,ref         ] GC(129) Skipped phase 3 of Reference Processing: no references
[1227.214s][debug][gc,phases      ] GC(129) Reference Processing 0.035ms
[1227.215s][debug][gc,phases      ] GC(129) Weak Processing 0.593ms
[1227.215s][debug][gc,age         ] GC(129) Desired survivor size 102760448 bytes, new threshold 15 (max threshold 15)
[1227.215s][info ][gc,heap        ] GC(129) PSYoungGen: 1936552K(1986048K)->48464K(1996800K) Eden: 1878016K(1878016K)->0K(1891840K) From: 58536K(108032K)->48464K(104960K)
[1227.215s][info ][gc,heap        ] GC(129) ParOldGen: 446947K(507904K)->457543K(507904K)
[1227.215s][info ][gc,metaspace   ] GC(129) Metaspace: 81460K(82176K)->81460K(82176K) NonClass: 70457K(70848K)->70457K(70848K) Class: 11003K(11328K)->11003K(11328K)
[1227.215s][info ][gc             ] GC(129) Pause Young (Allocation Failure) 2327M->494M(2446M) 17.034ms
[1227.215s][info ][gc,cpu         ] GC(129) User=0.06s Sys=0.00s Real=0.02s
[1227.215s][info ][safepoint      ] Safepoint "ParallelGCFailedAllocation", Time since last: 2675004672 ns, Reaching safepoint: 37401 ns, At safepoint: 17134860 ns, Total: 17172261 ns
[1229.215s][info ][safepoint      ] Safepoint "Cleanup", Time since last: 2000177691 ns, Reaching safepoint: 57800 ns, At safepoint: 4701 ns, Total: 62501 ns
[1235.216s][info ][safepoint      ] Safepoint "Cleanup", Time since last: 6000432557 ns, Reaching safepoint: 60201 ns, At safepoint: 5300 ns, Total: 65501 ns
[1236.216s][info ][safepoint      ] Safepoint "Cleanup", Time since last: 1000112361 ns, Reaching safepoint: 63201 ns, At safepoint: 6700 ns, Total: 69901 ns
[1238.216s][info ][safepoint      ] Safepoint "Cleanup", Time since last: 2000192107 ns, Reaching safepoint: 50201 ns, At safepoint: 7700 ns, Total: 57901 ns
[1241.217s][info ][safepoint      ] Safepoint "Cleanup", Time since last: 3000240326 ns, Reaching safepoint: 53300 ns, At safepoint: 37501 ns, Total: 90801 ns
[1243.217s][info ][safepoint      ] Safepoint "Cleanup", Time since last: 2000166461 ns, Reaching safepoint: 61701 ns, At safepoint: 11800 ns, Total: 73501 ns
[1248.217s][info ][safepoint      ] Safepoint "Cleanup", Time since last: 5000387873 ns, Reaching safepoint: 54001 ns, At safepoint: 4800 ns, Total: 58801 ns
[1249.217s][info ][safepoint      ] Safepoint "Cleanup", Time since last: 1000122602 ns, Reaching safepoint: 68901 ns, At safepoint: 4300 ns, Total: 73201 ns
[1253.218s][info ][safepoint      ] Safepoint "Cleanup", Time since last: 4000317060 ns, Reaching safepoint: 59101 ns, At safepoint: 4800 ns, Total: 63901 ns
[1254.844s][info ][gc,start       ] GC(130) Pause Young (Allocation Failure)
[1254.860s][debug][gc,phases      ] GC(130) Scavenge 15.977ms
[1254.860s][debug][gc,ref         ] GC(130) Skipped phase 1 of Reference Processing: no references
[1254.860s][debug][gc,ref         ] GC(130) Skipped phase 3 of Reference Processing: no references
[1254.860s][debug][gc,phases      ] GC(130) Reference Processing 0.031ms
[1254.861s][debug][gc,phases      ] GC(130) Weak Processing 0.597ms
[1254.861s][debug][gc,age         ] GC(130) Desired survivor size 100663296 bytes, new threshold 15 (max threshold 15)
[1254.861s][info ][gc,heap        ] GC(130) PSYoungGen: 1940304K(1996800K)->36456K(1992192K) Eden: 1891840K(1891840K)->0K(1891840K) From: 48464K(104960K)->36456K(100352K)
[1254.861s][info ][gc,heap        ] GC(130) ParOldGen: 457543K(507904K)->469406K(507904K)
[1254.861s][info ][gc,metaspace   ] GC(130) Metaspace: 81470K(82176K)->81470K(82176K) NonClass: 70467K(70848K)->70467K(70848K) Class: 11003K(11328K)->11003K(11328K)
[1254.861s][info ][gc             ] GC(130) Pause Young (Allocation Failure) 2341M->494M(2441M) 16.783ms
[1254.861s][info ][gc,cpu         ] GC(130) User=0.06s Sys=0.01s Real=0.02s
[1254.861s][info ][safepoint      ] Safepoint "ParallelGCFailedAllocation", Time since last: 1626315319 ns, Reaching safepoint: 37901 ns, At safepoint: 16872554 ns, Total: 16910455 ns
[1256.861s][info ][safepoint      ] Safepoint "Cleanup", Time since last: 2000175039 ns, Reaching safepoint: 55601 ns, At safepoint: 6200 ns, Total: 61801 ns
[1259.862s][info ][safepoint      ] Safepoint "Cleanup", Time since last: 3000249775 ns, Reaching safepoint: 65201 ns, At safepoint: 12900 ns, Total: 78101 ns
[1264.862s][info ][safepoint      ] Safepoint "Cleanup", Time since last: 5000377104 ns, Reaching safepoint: 124102 ns, At safepoint: 6500 ns, Total: 130602 ns
[1271.863s][info ][safepoint      ] Safepoint "Cleanup", Time since last: 7000571304 ns, Reaching safepoint: 55001 ns, At safepoint: 34200 ns, Total: 89201 ns
[1276.863s][info ][safepoint      ] Safepoint "Cleanup", Time since last: 5000377945 ns, Reaching safepoint: 99402 ns, At safepoint: 10300 ns, Total: 109702 ns
[1277.863s][info ][safepoint      ] Safepoint "Cleanup", Time since last: 1000110377 ns, Reaching safepoint: 50600 ns, At safepoint: 3400 ns, Total: 54000 ns
[1280.864s][info ][safepoint      ] Safepoint "Cleanup", Time since last: 3000213004 ns, Reaching safepoint: 51700 ns, At safepoint: 9900 ns, Total: 61600 ns
[1282.487s][info ][gc,start       ] GC(131) Pause Young (Allocation Failure)
[1282.499s][debug][gc,phases      ] GC(131) Scavenge 11.964ms
[1282.499s][debug][gc,ref         ] GC(131) Skipped phase 1 of Reference Processing: no references
[1282.499s][debug][gc,ref         ] GC(131) Skipped phase 3 of Reference Processing: no references
[1282.499s][debug][gc,phases      ] GC(131) Reference Processing 0.030ms
[1282.500s][debug][gc,phases      ] GC(131) Weak Processing 0.586ms
[1282.500s][debug][gc,age         ] GC(131) Desired survivor size 101187584 bytes, new threshold 15 (max threshold 15)
[1282.500s][info ][gc,heap        ] GC(131) PSYoungGen: 1928296K(1992192K)->19456K(1997824K) Eden: 1891840K(1891840K)->0K(1899520K) From: 36456K(100352K)->19456K(98304K)
[1282.500s][info ][gc,heap        ] GC(131) ParOldGen: 469406K(507904K)->487042K(507904K)
[1282.500s][info ][gc,metaspace   ] GC(131) Metaspace: 81480K(82176K)->81480K(82176K) NonClass: 70477K(70848K)->70477K(70848K) Class: 11003K(11328K)->11003K(11328K)
[1282.500s][info ][gc             ] GC(131) Pause Young (Allocation Failure) 2341M->494M(2447M) 12.733ms
[1282.500s][info ][gc,cpu         ] GC(131) User=0.04s Sys=0.01s Real=0.01s
[1282.500s][info ][safepoint      ] Safepoint "ParallelGCFailedAllocation", Time since last: 1623130078 ns, Reaching safepoint: 33700 ns, At safepoint: 12854492 ns, Total: 12888192 ns
[1284.500s][info ][safepoint      ] Safepoint "Cleanup", Time since last: 2000144001 ns, Reaching safepoint: 65401 ns, At safepoint: 8100 ns, Total: 73501 ns
[1286.500s][info ][safepoint      ] Safepoint "Cleanup", Time since last: 2000186985 ns, Reaching safepoint: 55701 ns, At safepoint: 7100 ns, Total: 62801 ns
[1290.501s][info ][safepoint      ] Safepoint "Cleanup", Time since last: 4000348518 ns, Reaching safepoint: 130902 ns, At safepoint: 10101 ns, Total: 141003 ns
[1294.501s][info ][safepoint      ] Safepoint "Cleanup", Time since last: 4000354252 ns, Reaching safepoint: 151303 ns, At safepoint: 10600 ns, Total: 161903 ns
[1295.501s][info ][safepoint      ] Safepoint "Cleanup", Time since last: 1000115903 ns, Reaching safepoint: 140602 ns, At safepoint: 16700 ns, Total: 157302 ns
[1296.502s][info ][safepoint      ] Safepoint "Cleanup", Time since last: 1000126700 ns, Reaching safepoint: 125302 ns, At safepoint: 10700 ns, Total: 136002 ns
[1298.502s][info ][safepoint      ] Safepoint "Cleanup", Time since last: 2000200086 ns, Reaching safepoint: 130302 ns, At safepoint: 8600 ns, Total: 138902 ns
[1301.502s][info ][safepoint      ] Safepoint "Cleanup", Time since last: 3000247447 ns, Reaching safepoint: 133602 ns, At safepoint: 11400 ns, Total: 145002 ns
[1303.503s][info ][safepoint      ] Safepoint "Cleanup", Time since last: 2000196745 ns, Reaching safepoint: 125802 ns, At safepoint: 6900 ns, Total: 132702 ns
[1304.503s][info ][safepoint      ] Safepoint "Cleanup", Time since last: 1000087367 ns, Reaching safepoint: 122602 ns, At safepoint: 9300 ns, Total: 131902 ns
[1307.503s][info ][safepoint      ] Safepoint "Cleanup", Time since last: 3000234874 ns, Reaching safepoint: 130702 ns, At safepoint: 11301 ns, Total: 142003 ns
[1308.504s][info ][safepoint      ] Safepoint "Cleanup", Time since last: 1000114650 ns, Reaching safepoint: 105602 ns, At safepoint: 6700 ns, Total: 112302 ns
[1309.602s][info ][gc,start       ] GC(132) Pause Young (Allocation Failure)
[1309.611s][debug][gc,phases      ] GC(132) Scavenge 8.159ms
[1309.611s][debug][gc,ref         ] GC(132) Skipped phase 1 of Reference Processing: no references
[1309.611s][debug][gc,ref         ] GC(132) Skipped phase 3 of Reference Processing: no references
[1309.611s][debug][gc,phases      ] GC(132) Reference Processing 0.029ms
[1309.611s][debug][gc,phases      ] GC(132) Weak Processing 0.569ms
[1309.611s][debug][gc,age         ] GC(132) Desired survivor size 102236160 bytes, new threshold 15 (max threshold 15)
[1309.611s][info ][gc,heap        ] GC(132) PSYoungGen: 1918976K(1997824K)->10848K(1910784K) Eden: 1899520K(1899520K)->0K(1899520K) From: 19456K(98304K)->10848K(11264K)
[1309.611s][info ][gc,heap        ] GC(132) ParOldGen: 487042K(507904K)->495988K(507904K)
[1309.611s][info ][gc,metaspace   ] GC(132) Metaspace: 81495K(82240K)->81495K(82240K) NonClass: 70491K(70912K)->70491K(70912K) Class: 11003K(11328K)->11003K(11328K)
[1309.611s][info ][gc             ] GC(132) Pause Young (Allocation Failure) 2349M->494M(2362M) 8.915ms
[1309.611s][info ][gc,cpu         ] GC(132) User=0.01s Sys=0.01s Real=0.01s
[1309.611s][debug][gc,phases      ] GC(133) Pre Compact 0.010ms
[1309.611s][info ][gc,start       ] GC(133) Pause Full (Ergonomics)
[1309.611s][info ][gc,phases,start] GC(133) Marking Phase
[1309.732s][debug][gc,phases      ] GC(133) Par Mark 120.253ms
[1309.732s][debug][gc,ref         ] GC(133) Skipped phase 1 of Reference Processing: no references
[1309.732s][debug][gc,ref         ] GC(133) Skipped phase 3 of Reference Processing: no references
[1309.732s][debug][gc,phases      ] GC(133) Reference Processing 0.585ms
[1309.733s][debug][gc,phases      ] GC(133) Weak Processing 0.681ms
[1309.733s][debug][gc,phases      ] GC(133) ClassLoaderData 0.076ms
[1309.733s][debug][gc,phases      ] GC(133) Trigger cleanups 0.000ms
[1309.757s][debug][gc,phases      ] GC(133) Class Unloading 23.596ms
[1309.757s][info ][gc,phases      ] GC(133) Marking Phase 145.303ms
[1309.757s][info ][gc,phases,start] GC(133) Summary Phase
[1309.757s][info ][gc,phases      ] GC(133) Summary Phase 0.018ms
[1309.757s][info ][gc,phases,start] GC(133) Adjust Roots
[1309.772s][info ][gc,phases      ] GC(133) Adjust Roots 15.693ms
[1309.772s][info ][gc,phases,start] GC(133) Compaction Phase
[1309.884s][info ][gc,phases      ] GC(133) Compaction Phase 111.308ms
[1309.884s][info ][gc,phases,start] GC(133) Post Compact
[1309.885s][info ][gc,phases      ] GC(133) Post Compact 1.437ms
[1309.885s][info ][gc,heap        ] GC(133) PSYoungGen: 10848K(1910784K)->0K(1997312K) Eden: 0K(1899520K)->0K(1897472K) From: 10848K(11264K)->0K(99840K)
[1309.885s][info ][gc,heap        ] GC(133) ParOldGen: 495988K(507904K)->374204K(493056K)
[1309.885s][info ][gc,metaspace   ] GC(133) Metaspace: 81495K(82240K)->81495K(82240K) NonClass: 70491K(70912K)->70491K(70912K) Class: 11003K(11328K)->11003K(11328K)
[1309.885s][info ][gc             ] GC(133) Pause Full (Ergonomics) 494M->365M(2432M) 274.038ms
[1309.885s][info ][gc,cpu         ] GC(133) User=0.96s Sys=0.00s Real=0.27s
[1309.885s][info ][safepoint      ] Safepoint "ParallelGCFailedAllocation", Time since last: 1098592009 ns, Reaching safepoint: 126201 ns, At safepoint: 283106402 ns, Total: 283232603 ns
[1310.886s][info ][safepoint      ] Safepoint "Cleanup", Time since last: 1000114541 ns, Reaching safepoint: 54301 ns, At safepoint: 3400 ns, Total: 57701 ns
[1316.886s][info ][safepoint      ] Safepoint "Cleanup", Time since last: 6000457861 ns, Reaching safepoint: 66101 ns, At safepoint: 10400 ns, Total: 76501 ns
[1320.886s][info ][safepoint      ] Safepoint "Cleanup", Time since last: 4000263028 ns, Reaching safepoint: 57301 ns, At safepoint: 4700 ns, Total: 62001 ns
[1321.887s][info ][safepoint      ] Safepoint "Cleanup", Time since last: 1000112298 ns, Reaching safepoint: 55501 ns, At safepoint: 6300 ns, Total: 61801 ns
[1324.807s][info ][safepoint      ] Safepoint "Cleanup", Time since last: 2920051484 ns, Reaching safepoint: 119302 ns, At safepoint: 17100 ns, Total: 136402 ns
[1325.807s][info ][safepoint      ] Safepoint "Cleanup", Time since last: 1000131083 ns, Reaching safepoint: 139302 ns, At safepoint: 14000 ns, Total: 153302 ns
[1336.913s][info ][gc,start       ] GC(134) Pause Young (Allocation Failure)
[1336.915s][debug][gc,phases      ] GC(134) Scavenge 1.855ms
[1336.915s][debug][gc,ref         ] GC(134) Skipped phase 1 of Reference Processing: no references
[1336.915s][debug][gc,ref         ] GC(134) Skipped phase 2 of Reference Processing: no references
[1336.915s][debug][gc,ref         ] GC(134) Skipped phase 3 of Reference Processing: no references
[1336.915s][debug][gc,ref         ] GC(134) Skipped phase 4 of Reference Processing: no references
[1336.915s][debug][gc,phases      ] GC(134) Reference Processing 0.025ms
[1336.916s][debug][gc,phases      ] GC(134) Weak Processing 0.567ms
[1336.916s][debug][gc,age         ] GC(134) Desired survivor size 103809024 bytes, new threshold 15 (max threshold 15)
[1336.916s][info ][gc,heap        ] GC(134) PSYoungGen: 1897472K(1997312K)->2368K(1900032K) Eden: 1897472K(1897472K)->0K(1897472K) From: 0K(99840K)->2368K(2560K)
[1336.916s][info ][gc,heap        ] GC(134) ParOldGen: 374204K(493056K)->374204K(493056K)
[1336.916s][info ][gc,metaspace   ] GC(134) Metaspace: 81500K(82240K)->81500K(82240K) NonClass: 70496K(70912K)->70496K(70912K) Class: 11003K(11328K)->11003K(11328K)
[1336.916s][info ][gc             ] GC(134) Pause Young (Allocation Failure) 2218M->367M(2337M) 2.580ms
[1336.916s][info ][gc,cpu         ] GC(134) User=0.00s Sys=0.00s Real=0.01s
[1336.916s][info ][safepoint      ] Safepoint "ParallelGCFailedAllocation", Time since last: 11106200705 ns, Reaching safepoint: 44601 ns, At safepoint: 2663539 ns, Total: 2708140 ns
[1338.916s][info ][safepoint      ] Safepoint "Cleanup", Time since last: 2000162668 ns, Reaching safepoint: 66601 ns, At safepoint: 5500 ns, Total: 72101 ns
[1339.916s][info ][safepoint      ] Safepoint "Cleanup", Time since last: 1000109929 ns, Reaching safepoint: 43601 ns, At safepoint: 4700 ns, Total: 48301 ns
[1342.917s][info ][safepoint      ] Safepoint "Cleanup", Time since last: 3000253364 ns, Reaching safepoint: 50300 ns, At safepoint: 4200 ns, Total: 54500 ns
[1344.656s][info ][safepoint      ] Safepoint "Cleanup", Time since last: 1739099385 ns, Reaching safepoint: 132802 ns, At safepoint: 14300 ns, Total: 147102 ns
[1346.097s][info ][safepoint      ] Safepoint "Cleanup", Time since last: 1440519283 ns, Reaching safepoint: 58401 ns, At safepoint: 6000 ns, Total: 64401 ns
[1347.097s][info ][safepoint      ] Safepoint "Cleanup", Time since last: 1000114602 ns, Reaching safepoint: 68201 ns, At safepoint: 10400 ns, Total: 78601 ns
[1348.097s][info ][safepoint      ] Safepoint "Cleanup", Time since last: 1000073598 ns, Reaching safepoint: 51801 ns, At safepoint: 3800 ns, Total: 55601 ns
[1350.097s][info ][safepoint      ] Safepoint "Cleanup", Time since last: 2000178785 ns, Reaching safepoint: 53801 ns, At safepoint: 4100 ns, Total: 57901 ns
[1351.097s][info ][safepoint      ] Safepoint "Cleanup", Time since last: 1000107388 ns, Reaching safepoint: 48500 ns, At safepoint: 3900 ns, Total: 52400 ns
[1355.098s][info ][safepoint      ] Safepoint "Cleanup", Time since last: 4000295512 ns, Reaching safepoint: 65701 ns, At safepoint: 6900 ns, Total: 72601 ns
[1356.098s][info ][safepoint      ] Safepoint "Cleanup", Time since last: 1000090569 ns, Reaching safepoint: 85401 ns, At safepoint: 10800 ns, Total: 96201 ns
[1357.098s][info ][safepoint      ] Safepoint "Cleanup", Time since last: 1000112666 ns, Reaching safepoint: 55601 ns, At safepoint: 8900 ns, Total: 64501 ns
[1360.098s][info ][safepoint      ] Safepoint "Cleanup", Time since last: 3000265874 ns, Reaching safepoint: 59001 ns, At safepoint: 14100 ns, Total: 73101 ns
[1363.099s][info ][safepoint      ] Safepoint "Cleanup", Time since last: 3000248541 ns, Reaching safepoint: 71401 ns, At safepoint: 15501 ns, Total: 86902 ns
[1364.099s][info ][safepoint      ] Safepoint "Cleanup", Time since last: 1000117840 ns, Reaching safepoint: 61501 ns, At safepoint: 25400 ns, Total: 86901 ns
[1365.056s][info ][gc,start       ] GC(135) Pause Young (Allocation Failure)
[1365.058s][debug][gc,phases      ] GC(135) Scavenge 1.924ms
[1365.058s][debug][gc,ref         ] GC(135) Skipped phase 1 of Reference Processing: no references
[1365.058s][debug][gc,ref         ] GC(135) Skipped phase 2 of Reference Processing: no references
[1365.058s][debug][gc,ref         ] GC(135) Skipped phase 3 of Reference Processing: no references
[1365.058s][debug][gc,ref         ] GC(135) Skipped phase 4 of Reference Processing: no references
[1365.058s][debug][gc,phases      ] GC(135) Reference Processing 0.023ms
[1365.059s][debug][gc,phases      ] GC(135) Weak Processing 0.559ms
[1365.059s][debug][gc,age         ] GC(135) Desired survivor size 103809024 bytes, new threshold 15 (max threshold 15)
[1365.059s][info ][gc,heap        ] GC(135) PSYoungGen: 1899840K(1900032K)->3008K(1995776K) Eden: 1897472K(1897472K)->0K(1894400K) From: 2368K(2560K)->3008K(101376K)
[1365.059s][info ][gc,heap        ] GC(135) ParOldGen: 374204K(493056K)->374204K(493056K)
[1365.059s][info ][gc,metaspace   ] GC(135) Metaspace: 81504K(82240K)->81504K(82240K) NonClass: 70500K(70912K)->70500K(70912K) Class: 11003K(11328K)->11003K(11328K)
[1365.059s][info ][gc             ] GC(135) Pause Young (Allocation Failure) 2220M->368M(2430M) 2.624ms
[1365.059s][info ][gc,cpu         ] GC(135) User=0.01s Sys=0.00s Real=0.00s
[1365.059s][info ][safepoint      ] Safepoint "ParallelGCFailedAllocation", Time since last: 957164009 ns, Reaching safepoint: 47300 ns, At safepoint: 2706340 ns, Total: 2753640 ns
[1366.059s][info ][safepoint      ] Safepoint "Cleanup", Time since last: 1000084733 ns, Reaching safepoint: 114102 ns, At safepoint: 7600 ns, Total: 121702 ns
[1367.059s][info ][safepoint      ] Safepoint "Cleanup", Time since last: 1000110630 ns, Reaching safepoint: 69401 ns, At safepoint: 7700 ns, Total: 77101 ns
[1368.059s][info ][safepoint      ] Safepoint "Cleanup", Time since last: 1000136626 ns, Reaching safepoint: 70801 ns, At safepoint: 5000 ns, Total: 75801 ns
[1370.060s][info ][safepoint      ] Safepoint "Cleanup", Time since last: 2000172142 ns, Reaching safepoint: 49700 ns, At safepoint: 4200 ns, Total: 53900 ns
[1373.060s][info ][safepoint      ] Safepoint "Cleanup", Time since last: 3000248235 ns, Reaching safepoint: 74301 ns, At safepoint: 10701 ns, Total: 85002 ns
[1385.061s][info ][safepoint      ] Safepoint "Cleanup", Time since last: 12000801022 ns, Reaching safepoint: 51601 ns, At safepoint: 3800 ns, Total: 55401 ns
[1386.061s][info ][safepoint      ] Safepoint "Cleanup", Time since last: 1000114763 ns, Reaching safepoint: 74901 ns, At safepoint: 13701 ns, Total: 88602 ns
[1387.061s][info ][safepoint      ] Safepoint "Cleanup", Time since last: 1000090859 ns, Reaching safepoint: 64601 ns, At safepoint: 9400 ns, Total: 74001 ns
[1392.062s][info ][safepoint      ] Safepoint "Cleanup", Time since last: 5000399747 ns, Reaching safepoint: 68201 ns, At safepoint: 4400 ns, Total: 72601 ns
[1392.909s][info ][gc,start       ] GC(136) Pause Young (Allocation Failure)
[1392.911s][debug][gc,phases      ] GC(136) Scavenge 2.131ms
[1392.911s][debug][gc,ref         ] GC(136) Skipped phase 1 of Reference Processing: no references
[1392.911s][debug][gc,ref         ] GC(136) Skipped phase 3 of Reference Processing: no references
[1392.911s][debug][gc,phases      ] GC(136) Reference Processing 0.057ms
[1392.912s][debug][gc,phases      ] GC(136) Weak Processing 0.522ms
[1392.912s][debug][gc,age         ] GC(136) Desired survivor size 102760448 bytes, new threshold 15 (max threshold 15)
[1392.912s][info ][gc,heap        ] GC(136) PSYoungGen: 1897408K(1995776K)->3344K(1995776K) Eden: 1894400K(1894400K)->0K(1894400K) From: 3008K(101376K)->3344K(101376K)
[1392.912s][info ][gc,heap        ] GC(136) ParOldGen: 374204K(493056K)->374204K(493056K)
[1392.912s][info ][gc,metaspace   ] GC(136) Metaspace: 81509K(82240K)->81509K(82240K) NonClass: 70506K(70912K)->70506K(70912K) Class: 11003K(11328K)->11003K(11328K)
[1392.912s][info ][gc             ] GC(136) Pause Young (Allocation Failure) 2218M->368M(2430M) 2.850ms
[1392.912s][info ][gc,cpu         ] GC(136) User=0.01s Sys=0.00s Real=0.00s
[1392.912s][info ][safepoint      ] Safepoint "ParallelGCFailedAllocation", Time since last: 847263318 ns, Reaching safepoint: 64600 ns, At safepoint: 2932943 ns, Total: 2997543 ns
[1393.912s][info ][safepoint      ] Safepoint "Cleanup", Time since last: 1000092936 ns, Reaching safepoint: 51701 ns, At safepoint: 3900 ns, Total: 55601 ns
[1394.912s][info ][safepoint      ] Safepoint "Cleanup", Time since last: 1000114434 ns, Reaching safepoint: 100301 ns, At safepoint: 13500 ns, Total: 113801 ns
[1395.912s][info ][safepoint      ] Safepoint "Cleanup", Time since last: 1000112030 ns, Reaching safepoint: 65601 ns, At safepoint: 6600 ns, Total: 72201 ns
[1407.913s][info ][safepoint      ] Safepoint "Cleanup", Time since last: 12000857292 ns, Reaching safepoint: 50900 ns, At safepoint: 7700 ns, Total: 58600 ns
[1411.914s][info ][safepoint      ] Safepoint "Cleanup", Time since last: 4000314326 ns, Reaching safepoint: 56501 ns, At safepoint: 7300 ns, Total: 63801 ns
[1418.653s][info ][gc,start       ] GC(137) Pause Young (Allocation Failure)
[1418.655s][debug][gc,phases      ] GC(137) Scavenge 2.105ms
[1418.655s][debug][gc,ref         ] GC(137) Skipped phase 1 of Reference Processing: no references
[1418.655s][debug][gc,ref         ] GC(137) Skipped phase 3 of Reference Processing: no references
[1418.655s][debug][gc,ref         ] GC(137) Skipped phase 4 of Reference Processing: no references
[1418.655s][debug][gc,phases      ] GC(137) Reference Processing 0.025ms
[1418.656s][debug][gc,phases      ] GC(137) Weak Processing 0.587ms
[1418.656s][debug][gc,age         ] GC(137) Desired survivor size 101187584 bytes, new threshold 15 (max threshold 15)
[1418.656s][info ][gc,heap        ] GC(137) PSYoungGen: 1897744K(1995776K)->3344K(1998336K) Eden: 1894400K(1894400K)->0K(1897984K) From: 3344K(101376K)->3344K(100352K)
[1418.656s][info ][gc,heap        ] GC(137) ParOldGen: 374204K(493056K)->374204K(493056K)
[1418.656s][info ][gc,metaspace   ] GC(137) Metaspace: 81518K(82240K)->81518K(82240K) NonClass: 70515K(70912K)->70515K(70912K) Class: 11003K(11328K)->11003K(11328K)
[1418.656s][info ][gc             ] GC(137) Pause Young (Allocation Failure) 2218M->368M(2433M) 2.850ms
[1418.656s][info ][gc,cpu         ] GC(137) User=0.01s Sys=0.00s Real=0.01s
[1418.656s][info ][safepoint      ] Safepoint "ParallelGCFailedAllocation", Time since last: 6739035865 ns, Reaching safepoint: 118401 ns, At safepoint: 2939243 ns, Total: 3057644 ns
[1421.656s][info ][safepoint      ] Safepoint "Cleanup", Time since last: 3000234044 ns, Reaching safepoint: 132602 ns, At safepoint: 8500 ns, Total: 141102 ns
[1422.657s][info ][safepoint      ] Safepoint "Cleanup", Time since last: 1000117943 ns, Reaching safepoint: 134601 ns, At safepoint: 11701 ns, Total: 146302 ns
[1429.657s][info ][safepoint      ] Safepoint "Cleanup", Time since last: 7000493802 ns, Reaching safepoint: 129402 ns, At safepoint: 9800 ns, Total: 139202 ns
[1438.658s][info ][safepoint      ] Safepoint "Cleanup", Time since last: 9000660634 ns, Reaching safepoint: 130102 ns, At safepoint: 12700 ns, Total: 142802 ns
[1443.659s][info ][safepoint      ] Safepoint "Cleanup", Time since last: 5000419711 ns, Reaching safepoint: 123502 ns, At safepoint: 8800 ns, Total: 132302 ns
[1444.659s][info ][safepoint      ] Safepoint "Cleanup", Time since last: 1000108874 ns, Reaching safepoint: 122801 ns, At safepoint: 8501 ns, Total: 131302 ns
[1445.020s][info ][gc,start       ] GC(138) Pause Young (Allocation Failure)
[1445.022s][debug][gc,phases      ] GC(138) Scavenge 2.098ms
[1445.022s][debug][gc,ref         ] GC(138) Skipped phase 1 of Reference Processing: no references
[1445.022s][debug][gc,ref         ] GC(138) Skipped phase 3 of Reference Processing: no references
[1445.022s][debug][gc,ref         ] GC(138) Skipped phase 4 of Reference Processing: no references
[1445.022s][debug][gc,phases      ] GC(138) Reference Processing 0.024ms
[1445.023s][debug][gc,phases      ] GC(138) Weak Processing 0.575ms
[1445.023s][debug][gc,age         ] GC(138) Desired survivor size 98566144 bytes, new threshold 15 (max threshold 15)
[1445.023s][info ][gc,heap        ] GC(138) PSYoungGen: 1901328K(1998336K)->3344K(1996800K) Eden: 1897984K(1897984K)->0K(1897984K) From: 3344K(100352K)->3344K(98816K)
[1445.023s][info ][gc,heap        ] GC(138) ParOldGen: 374204K(493056K)->374204K(493056K)
[1445.023s][info ][gc,metaspace   ] GC(138) Metaspace: 81520K(82240K)->81520K(82240K) NonClass: 70516K(70912K)->70516K(70912K) Class: 11003K(11328K)->11003K(11328K)
[1445.023s][info ][gc             ] GC(138) Pause Young (Allocation Failure) 2222M->368M(2431M) 2.827ms
[1445.023s][info ][gc,cpu         ] GC(138) User=0.01s Sys=0.00s Real=0.00s
[1445.023s][info ][safepoint      ] Safepoint "ParallelGCFailedAllocation", Time since last: 361366592 ns, Reaching safepoint: 63801 ns, At safepoint: 2907642 ns, Total: 2971443 ns
[1450.023s][info ][safepoint      ] Safepoint "Cleanup", Time since last: 5000345213 ns, Reaching safepoint: 58100 ns, At safepoint: 13101 ns, Total: 71201 ns
[1472.025s][info ][safepoint      ] Safepoint "Cleanup", Time since last: 22001531388 ns, Reaching safepoint: 172202 ns, At safepoint: 15400 ns, Total: 187602 ns
[1474.052s][info ][gc,start       ] GC(139) Pause Young (Allocation Failure)
[1474.055s][debug][gc,phases      ] GC(139) Scavenge 2.139ms
[1474.055s][debug][gc,ref         ] GC(139) Skipped phase 1 of Reference Processing: no references
[1474.055s][debug][gc,ref         ] GC(139) Skipped phase 3 of Reference Processing: no references
[1474.055s][debug][gc,ref         ] GC(139) Skipped phase 4 of Reference Processing: no references
[1474.055s][debug][gc,phases      ] GC(139) Reference Processing 0.025ms
[1474.055s][debug][gc,phases      ] GC(139) Weak Processing 0.580ms
[1474.055s][debug][gc,age         ] GC(139) Desired survivor size 95944704 bytes, new threshold 15 (max threshold 15)
[1474.055s][info ][gc,heap        ] GC(139) PSYoungGen: 1901328K(1996800K)->3296K(2003456K) Eden: 1897984K(1897984K)->0K(1907200K) From: 3344K(98816K)->3296K(96256K)
[1474.055s][info ][gc,heap        ] GC(139) ParOldGen: 374204K(493056K)->374204K(493056K)
[1474.055s][info ][gc,metaspace   ] GC(139) Metaspace: 81523K(82240K)->81523K(82240K) NonClass: 70520K(70912K)->70520K(70912K) Class: 11003K(11328K)->11003K(11328K)
[1474.055s][info ][gc             ] GC(139) Pause Young (Allocation Failure) 2222M->368M(2438M) 2.890ms
[1474.055s][info ][gc,cpu         ] GC(139) User=0.01s Sys=0.00s Real=0.01s
[1474.055s][info ][safepoint      ] Safepoint "ParallelGCFailedAllocation", Time since last: 2026970058 ns, Reaching safepoint: 110701 ns, At safepoint: 2991643 ns, Total: 3102344 ns
[1487.056s][info ][safepoint      ] Safepoint "Cleanup", Time since last: 13000965351 ns, Reaching safepoint: 115902 ns, At safepoint: 5200 ns, Total: 121102 ns
[1490.057s][info ][safepoint      ] Safepoint "Cleanup", Time since last: 3000237628 ns, Reaching safepoint: 108402 ns, At safepoint: 8000 ns, Total: 116402 ns
[1497.057s][info ][safepoint      ] Safepoint "Cleanup", Time since last: 7000544002 ns, Reaching safepoint: 126702 ns, At safepoint: 8800 ns, Total: 135502 ns
[1504.056s][info ][gc,start       ] GC(140) Pause Young (Allocation Failure)
[1504.058s][debug][gc,phases      ] GC(140) Scavenge 1.862ms
[1504.058s][debug][gc,ref         ] GC(140) Skipped phase 1 of Reference Processing: no references
[1504.058s][debug][gc,ref         ] GC(140) Skipped phase 3 of Reference Processing: no references
[1504.058s][debug][gc,ref         ] GC(140) Skipped phase 4 of Reference Processing: no references
[1504.058s][debug][gc,phases      ] GC(140) Reference Processing 0.024ms
[1504.059s][debug][gc,phases      ] GC(140) Weak Processing 0.585ms
[1504.059s][debug][gc,age         ] GC(140) Desired survivor size 92798976 bytes, new threshold 15 (max threshold 15)
[1504.059s][info ][gc,heap        ] GC(140) PSYoungGen: 1910496K(2003456K)->3232K(2000896K) Eden: 1907200K(1907200K)->0K(1907200K) From: 3296K(96256K)->3232K(93696K)
[1504.059s][info ][gc,heap        ] GC(140) ParOldGen: 374204K(493056K)->374204K(493056K)
[1504.059s][info ][gc,metaspace   ] GC(140) Metaspace: 81528K(82240K)->81528K(82240K) NonClass: 70524K(70912K)->70524K(70912K) Class: 11003K(11328K)->11003K(11328K)
[1504.059s][info ][gc             ] GC(140) Pause Young (Allocation Failure) 2231M->368M(2435M) 2.619ms
[1504.059s][info ][gc,cpu         ] GC(140) User=0.01s Sys=0.00s Real=0.00s
[1504.059s][info ][safepoint      ] Safepoint "ParallelGCFailedAllocation", Time since last: 6998661441 ns, Reaching safepoint: 37300 ns, At safepoint: 2707239 ns, Total: 2744539 ns
[1515.060s][info ][safepoint      ] Safepoint "Cleanup", Time since last: 11000773035 ns, Reaching safepoint: 62801 ns, At safepoint: 7300 ns, Total: 70101 ns
[1519.060s][info ][safepoint      ] Safepoint "Cleanup", Time since last: 4000384862 ns, Reaching safepoint: 36400 ns, At safepoint: 4200 ns, Total: 40600 ns
[1522.060s][info ][safepoint      ] Safepoint "Cleanup", Time since last: 3000235668 ns, Reaching safepoint: 109401 ns, At safepoint: 12800 ns, Total: 122201 ns
[1528.061s][info ][safepoint      ] Safepoint "Cleanup", Time since last: 6000448364 ns, Reaching safepoint: 132102 ns, At safepoint: 10500 ns, Total: 142602 ns
[1533.002s][info ][gc,start       ] GC(141) Pause Young (Allocation Failure)
[1533.004s][debug][gc,phases      ] GC(141) Scavenge 1.950ms
[1533.004s][debug][gc,ref         ] GC(141) Skipped phase 1 of Reference Processing: no references
[1533.004s][debug][gc,ref         ] GC(141) Skipped phase 3 of Reference Processing: no references
[1533.004s][debug][gc,phases      ] GC(141) Reference Processing 0.024ms
[1533.005s][debug][gc,phases      ] GC(141) Weak Processing 0.559ms
[1533.005s][debug][gc,age         ] GC(141) Desired survivor size 89128960 bytes, new threshold 15 (max threshold 15)
[1533.005s][info ][gc,heap        ] GC(141) PSYoungGen: 1910432K(2000896K)->3632K(2010112K) Eden: 1907200K(1907200K)->0K(1919488K) From: 3232K(93696K)->3632K(90624K)
[1533.005s][info ][gc,heap        ] GC(141) ParOldGen: 374204K(493056K)->374212K(493056K)
[1533.005s][info ][gc,metaspace   ] GC(141) Metaspace: 81546K(82240K)->81546K(82240K) NonClass: 70542K(70912K)->70542K(70912K) Class: 11003K(11328K)->11003K(11328K)
[1533.005s][info ][gc             ] GC(141) Pause Young (Allocation Failure) 2231M->368M(2444M) 2.688ms
[1533.005s][info ][gc,cpu         ] GC(141) User=0.01s Sys=0.00s Real=0.00s
[1533.005s][info ][safepoint      ] Safepoint "ParallelGCFailedAllocation", Time since last: 4940914009 ns, Reaching safepoint: 106602 ns, At safepoint: 2774939 ns, Total: 2881541 ns
[1555.006s][info ][safepoint      ] Safepoint "Cleanup", Time since last: 22001482799 ns, Reaching safepoint: 128602 ns, At safepoint: 9600 ns, Total: 138202 ns
[1562.641s][info ][gc,start       ] GC(142) Pause Young (Allocation Failure)
[1562.643s][debug][gc,phases      ] GC(142) Scavenge 2.159ms
[1562.643s][debug][gc,ref         ] GC(142) Skipped phase 1 of Reference Processing: no references
[1562.643s][debug][gc,ref         ] GC(142) Skipped phase 3 of Reference Processing: no references
[1562.643s][debug][gc,phases      ] GC(142) Reference Processing 0.023ms
[1562.644s][debug][gc,phases      ] GC(142) Weak Processing 0.556ms
[1562.644s][debug][gc,age         ] GC(142) Desired survivor size 85458944 bytes, new threshold 15 (max threshold 15)
[1562.644s][info ][gc,heap        ] GC(142) PSYoungGen: 1923120K(2010112K)->3696K(2006528K) Eden: 1919488K(1919488K)->0K(1919488K) From: 3632K(90624K)->3696K(87040K)
[1562.644s][info ][gc,heap        ] GC(142) ParOldGen: 374212K(493056K)->374212K(493056K)
[1562.644s][info ][gc,metaspace   ] GC(142) Metaspace: 81550K(82240K)->81550K(82240K) NonClass: 70547K(70912K)->70547K(70912K) Class: 11003K(11328K)->11003K(11328K)
[1562.644s][info ][gc             ] GC(142) Pause Young (Allocation Failure) 2243M->369M(2441M) 2.896ms
[1562.644s][info ][gc,cpu         ] GC(142) User=0.01s Sys=0.00s Real=0.00s
[1562.644s][info ][safepoint      ] Safepoint "ParallelGCFailedAllocation", Time since last: 7634168718 ns, Reaching safepoint: 51401 ns, At safepoint: 2990942 ns, Total: 3042343 ns
[1566.644s][info ][safepoint      ] Safepoint "Cleanup", Time since last: 4000264678 ns, Reaching safepoint: 58601 ns, At safepoint: 12100 ns, Total: 70701 ns
[1577.645s][info ][safepoint      ] Safepoint "Cleanup", Time since last: 11000787491 ns, Reaching safepoint: 59701 ns, At safepoint: 8700 ns, Total: 68401 ns
[1591.672s][info ][gc,start       ] GC(143) Pause Young (Allocation Failure)
[1591.674s][debug][gc,phases      ] GC(143) Scavenge 2.196ms
[1591.674s][debug][gc,ref         ] GC(143) Skipped phase 1 of Reference Processing: no references
[1591.674s][debug][gc,ref         ] GC(143) Skipped phase 3 of Reference Processing: no references
[1591.674s][debug][gc,ref         ] GC(143) Skipped phase 4 of Reference Processing: no references
[1591.674s][debug][gc,phases      ] GC(143) Reference Processing 0.023ms
[1591.675s][debug][gc,phases      ] GC(143) Weak Processing 0.535ms
[1591.675s][debug][gc,age         ] GC(143) Desired survivor size 81264640 bytes, new threshold 15 (max threshold 15)
[1591.675s][info ][gc,heap        ] GC(143) PSYoungGen: 1923184K(2006528K)->3696K(2017792K) Eden: 1919488K(1919488K)->0K(1934336K) From: 3696K(87040K)->3696K(83456K)
[1591.675s][info ][gc,heap        ] GC(143) ParOldGen: 374212K(493056K)->374212K(493056K)
[1591.675s][info ][gc,metaspace   ] GC(143) Metaspace: 81558K(82240K)->81558K(82240K) NonClass: 70554K(70912K)->70554K(70912K) Class: 11003K(11328K)->11003K(11328K)
[1591.675s][info ][gc             ] GC(143) Pause Young (Allocation Failure) 2243M->369M(2452M) 2.871ms
[1591.675s][info ][gc,cpu         ] GC(143) User=0.00s Sys=0.00s Real=0.01s
[1591.675s][info ][safepoint      ] Safepoint "ParallelGCFailedAllocation", Time since last: 14027224826 ns, Reaching safepoint: 51300 ns, At safepoint: 2958542 ns, Total: 3009842 ns
[1595.675s][info ][safepoint      ] Safepoint "Cleanup", Time since last: 4000306205 ns, Reaching safepoint: 62401 ns, At safepoint: 13400 ns, Total: 75801 ns
[1596.676s][info ][safepoint      ] Safepoint "Cleanup", Time since last: 1000105271 ns, Reaching safepoint: 61101 ns, At safepoint: 4900 ns, Total: 66001 ns
[1611.677s][info ][safepoint      ] Safepoint "Cleanup", Time since last: 15000979987 ns, Reaching safepoint: 67201 ns, At safepoint: 9200 ns, Total: 76401 ns
[1614.677s][info ][safepoint      ] Safepoint "Cleanup", Time since last: 3000252798 ns, Reaching safepoint: 58401 ns, At safepoint: 4900 ns, Total: 63301 ns
[1622.354s][info ][gc,start       ] GC(144) Pause Young (Allocation Failure)
[1622.356s][debug][gc,phases      ] GC(144) Scavenge 2.099ms
[1622.356s][debug][gc,ref         ] GC(144) Skipped phase 1 of Reference Processing: no references
[1622.356s][debug][gc,ref         ] GC(144) Skipped phase 3 of Reference Processing: no references
[1622.356s][debug][gc,ref         ] GC(144) Skipped phase 4 of Reference Processing: no references
[1622.356s][debug][gc,phases      ] GC(144) Reference Processing 0.024ms
[1622.356s][debug][gc,phases      ] GC(144) Weak Processing 0.568ms
[1622.356s][debug][gc,age         ] GC(144) Desired survivor size 77594624 bytes, new threshold 15 (max threshold 15)
[1622.356s][info ][gc,heap        ] GC(144) PSYoungGen: 1938032K(2017792K)->3488K(2013696K) Eden: 1934336K(1934336K)->0K(1934336K) From: 3696K(83456K)->3488K(79360K)
[1622.356s][info ][gc,heap        ] GC(144) ParOldGen: 374212K(493056K)->374212K(493056K)
[1622.356s][info ][gc,metaspace   ] GC(144) Metaspace: 81568K(82304K)->81568K(82304K) NonClass: 70565K(70976K)->70565K(70976K) Class: 11003K(11328K)->11003K(11328K)
[1622.356s][info ][gc             ] GC(144) Pause Young (Allocation Failure) 2258M->368M(2448M) 2.824ms
[1622.356s][info ][gc,cpu         ] GC(144) User=0.01s Sys=0.00s Real=0.01s
[1622.356s][info ][safepoint      ] Safepoint "ParallelGCFailedAllocation", Time since last: 7676340554 ns, Reaching safepoint: 111001 ns, At safepoint: 2907841 ns, Total: 3018842 ns
[1629.357s][info ][safepoint      ] Safepoint "Cleanup", Time since last: 7000480934 ns, Reaching safepoint: 107502 ns, At safepoint: 12400 ns, Total: 119902 ns
[1639.358s][info ][safepoint      ] Safepoint "Cleanup", Time since last: 10000744970 ns, Reaching safepoint: 130202 ns, At safepoint: 7300 ns, Total: 137502 ns
[1647.359s][info ][safepoint      ] Safepoint "Cleanup", Time since last: 8000601545 ns, Reaching safepoint: 105902 ns, At safepoint: 14100 ns, Total: 120002 ns
[1650.789s][info ][gc,start       ] GC(145) Pause Young (Allocation Failure)
[1650.791s][debug][gc,phases      ] GC(145) Scavenge 2.046ms
[1650.791s][debug][gc,ref         ] GC(145) Skipped phase 1 of Reference Processing: no references
[1650.791s][debug][gc,ref         ] GC(145) Skipped phase 3 of Reference Processing: no references
[1650.791s][debug][gc,phases      ] GC(145) Reference Processing 0.034ms
[1650.791s][debug][gc,phases      ] GC(145) Weak Processing 0.554ms
[1650.791s][debug][gc,age         ] GC(145) Desired survivor size 73400320 bytes, new threshold 15 (max threshold 15)
[1650.791s][info ][gc,heap        ] GC(145) PSYoungGen: 1937824K(2013696K)->3520K(2025472K) Eden: 1934336K(1934336K)->0K(1949696K) From: 3488K(79360K)->3520K(75776K)
[1650.791s][info ][gc,heap        ] GC(145) ParOldGen: 374212K(493056K)->374212K(493056K)
[1650.791s][info ][gc,metaspace   ] GC(145) Metaspace: 81576K(82304K)->81576K(82304K) NonClass: 70572K(70976K)->70572K(70976K) Class: 11003K(11328K)->11003K(11328K)
[1650.792s][info ][gc             ] GC(145) Pause Young (Allocation Failure) 2257M->368M(2459M) 2.776ms
[1650.792s][info ][gc,cpu         ] GC(145) User=0.01s Sys=0.00s Real=0.00s
[1650.792s][info ][safepoint      ] Safepoint "ParallelGCFailedAllocation", Time since last: 3430007724 ns, Reaching safepoint: 105801 ns, At safepoint: 2860940 ns, Total: 2966741 ns
[1651.792s][info ][safepoint      ] Safepoint "Cleanup", Time since last: 1000090852 ns, Reaching safepoint: 48001 ns, At safepoint: 4600 ns, Total: 52601 ns
[1655.792s][info ][safepoint      ] Safepoint "Cleanup", Time since last: 4000328687 ns, Reaching safepoint: 61801 ns, At safepoint: 6200 ns, Total: 68001 ns
[1656.792s][info ][safepoint      ] Safepoint "Cleanup", Time since last: 1000118442 ns, Reaching safepoint: 67001 ns, At safepoint: 9100 ns, Total: 76101 ns
[1657.792s][info ][safepoint      ] Safepoint "Cleanup", Time since last: 1000117941 ns, Reaching safepoint: 80101 ns, At safepoint: 9800 ns, Total: 89901 ns
[1663.793s][info ][safepoint      ] Safepoint "Cleanup", Time since last: 6000476796 ns, Reaching safepoint: 55001 ns, At safepoint: 11100 ns, Total: 66101 ns
[1664.793s][info ][safepoint      ] Safepoint "Cleanup", Time since last: 1000103726 ns, Reaching safepoint: 53401 ns, At safepoint: 3600 ns, Total: 57001 ns
[1677.658s][info ][gc,start       ] GC(146) Pause Young (Allocation Failure)
[1677.661s][debug][gc,phases      ] GC(146) Scavenge 2.848ms
[1677.661s][debug][gc,ref         ] GC(146) Skipped phase 1 of Reference Processing: no references
[1677.661s][debug][gc,ref         ] GC(146) Skipped phase 3 of Reference Processing: no references
[1677.661s][debug][gc,phases      ] GC(146) Reference Processing 0.025ms
[1677.662s][debug][gc,phases      ] GC(146) Weak Processing 0.586ms
[1677.662s][debug][gc,age         ] GC(146) Desired survivor size 69206016 bytes, new threshold 15 (max threshold 15)
[1677.662s][info ][gc,heap        ] GC(146) PSYoungGen: 1953216K(2025472K)->5344K(2021376K) Eden: 1949696K(1949696K)->0K(1949696K) From: 3520K(75776K)->5344K(71680K)
[1677.662s][info ][gc,heap        ] GC(146) ParOldGen: 374212K(493056K)->374220K(493056K)
[1677.662s][info ][gc,metaspace   ] GC(146) Metaspace: 81586K(82304K)->81586K(82304K) NonClass: 70582K(70976K)->70582K(70976K) Class: 11003K(11328K)->11003K(11328K)
[1677.662s][info ][gc             ] GC(146) Pause Young (Allocation Failure) 2272M->370M(2455M) 3.613ms
[1677.662s][info ][gc,cpu         ] GC(146) User=0.01s Sys=0.01s Real=0.00s
[1677.662s][info ][safepoint      ] Safepoint "ParallelGCFailedAllocation", Time since last: 12865177680 ns, Reaching safepoint: 57801 ns, At safepoint: 3698751 ns, Total: 3756552 ns
[1691.663s][info ][safepoint      ] Safepoint "Cleanup", Time since last: 14000892001 ns, Reaching safepoint: 62701 ns, At safepoint: 4400 ns, Total: 67101 ns
[1693.663s][info ][safepoint      ] Safepoint "Cleanup", Time since last: 2000171041 ns, Reaching safepoint: 59301 ns, At safepoint: 9700 ns, Total: 69001 ns
[1696.664s][info ][safepoint      ] Safepoint "Cleanup", Time since last: 3000253099 ns, Reaching safepoint: 132102 ns, At safepoint: 11600 ns, Total: 143702 ns
[1700.664s][info ][safepoint      ] Safepoint "Cleanup", Time since last: 4000281138 ns, Reaching safepoint: 57500 ns, At safepoint: 5300 ns, Total: 62800 ns
[1702.664s][info ][safepoint      ] Safepoint "Cleanup", Time since last: 2000176909 ns, Reaching safepoint: 54300 ns, At safepoint: 7301 ns, Total: 61601 ns
[1702.757s][info ][gc,start       ] GC(147) Pause Young (Allocation Failure)
[1702.760s][debug][gc,phases      ] GC(147) Scavenge 2.371ms
[1702.760s][debug][gc,ref         ] GC(147) Skipped phase 1 of Reference Processing: no references
[1702.760s][debug][gc,ref         ] GC(147) Skipped phase 3 of Reference Processing: no references
[1702.760s][debug][gc,phases      ] GC(147) Reference Processing 0.022ms
[1702.760s][debug][gc,phases      ] GC(147) Weak Processing 0.563ms
[1702.760s][debug][gc,age         ] GC(147) Desired survivor size 65536000 bytes, new threshold 15 (max threshold 15)
[1702.760s][info ][gc,heap        ] GC(147) PSYoungGen: 1955040K(2021376K)->4880K(2033152K) Eden: 1949696K(1949696K)->0K(1965568K) From: 5344K(71680K)->4880K(67584K)
[1702.760s][info ][gc,heap        ] GC(147) ParOldGen: 374220K(493056K)->374220K(493056K)
[1702.760s][info ][gc,metaspace   ] GC(147) Metaspace: 81590K(82304K)->81590K(82304K) NonClass: 70586K(70976K)->70586K(70976K) Class: 11003K(11328K)->11003K(11328K)
[1702.760s][info ][gc             ] GC(147) Pause Young (Allocation Failure) 2274M->370M(2467M) 3.096ms
[1702.760s][info ][gc,cpu         ] GC(147) User=0.01s Sys=0.00s Real=0.00s
[1702.760s][info ][safepoint      ] Safepoint "ParallelGCFailedAllocation", Time since last: 92960578 ns, Reaching safepoint: 34600 ns, At safepoint: 3175844 ns, Total: 3210444 ns
[1712.761s][info ][safepoint      ] Safepoint "Cleanup", Time since last: 10000712027 ns, Reaching safepoint: 125302 ns, At safepoint: 10800 ns, Total: 136102 ns
[1715.762s][info ][safepoint      ] Safepoint "Cleanup", Time since last: 3000196592 ns, Reaching safepoint: 116102 ns, At safepoint: 8500 ns, Total: 124602 ns
[1724.762s][info ][safepoint      ] Safepoint "Cleanup", Time since last: 9000673081 ns, Reaching safepoint: 54501 ns, At safepoint: 6600 ns, Total: 61101 ns
[1726.763s][info ][safepoint      ] Safepoint "Cleanup", Time since last: 2000169421 ns, Reaching safepoint: 50601 ns, At safepoint: 3600 ns, Total: 54201 ns
[1728.111s][info ][gc,start       ] GC(148) Pause Young (Allocation Failure)
[1728.113s][debug][gc,phases      ] GC(148) Scavenge 2.436ms
[1728.113s][debug][gc,ref         ] GC(148) Skipped phase 1 of Reference Processing: no references
[1728.113s][debug][gc,ref         ] GC(148) Skipped phase 3 of Reference Processing: no references
[1728.113s][debug][gc,phases      ] GC(148) Reference Processing 0.022ms
[1728.114s][debug][gc,phases      ] GC(148) Weak Processing 0.555ms
[1728.114s][debug][gc,age         ] GC(148) Desired survivor size 61865984 bytes, new threshold 15 (max threshold 15)
[1728.114s][info ][gc,heap        ] GC(148) PSYoungGen: 1970448K(2033152K)->5360K(2029568K) Eden: 1965568K(1965568K)->0K(1965568K) From: 4880K(67584K)->5360K(64000K)
[1728.114s][info ][gc,heap        ] GC(148) ParOldGen: 374220K(493056K)->374220K(493056K)
[1728.114s][info ][gc,metaspace   ] GC(148) Metaspace: 81590K(82304K)->81590K(82304K) NonClass: 70587K(70976K)->70587K(70976K) Class: 11003K(11328K)->11003K(11328K)
[1728.114s][info ][gc             ] GC(148) Pause Young (Allocation Failure) 2289M->370M(2463M) 3.167ms
[1728.114s][info ][gc,cpu         ] GC(148) User=0.01s Sys=0.00s Real=0.00s
[1728.114s][info ][safepoint      ] Safepoint "ParallelGCFailedAllocation", Time since last: 1347851774 ns, Reaching safepoint: 30401 ns, At safepoint: 3242244 ns, Total: 3272645 ns
[1730.114s][info ][safepoint      ] Safepoint "Cleanup", Time since last: 2000152909 ns, Reaching safepoint: 65201 ns, At safepoint: 4000 ns, Total: 69201 ns
[1735.114s][info ][safepoint      ] Safepoint "Cleanup", Time since last: 5000341392 ns, Reaching safepoint: 58201 ns, At safepoint: 4100 ns, Total: 62301 ns
[1741.115s][info ][safepoint      ] Safepoint "Cleanup", Time since last: 6000416432 ns, Reaching safepoint: 60101 ns, At safepoint: 10900 ns, Total: 71001 ns
[1745.115s][info ][safepoint      ] Safepoint "Cleanup", Time since last: 4000287822 ns, Reaching safepoint: 79501 ns, At safepoint: 11100 ns, Total: 90601 ns
[1747.115s][info ][safepoint      ] Safepoint "Cleanup", Time since last: 2000174951 ns, Reaching safepoint: 54900 ns, At safepoint: 5900 ns, Total: 60800 ns
[1750.116s][info ][safepoint      ] Safepoint "Cleanup", Time since last: 3000270614 ns, Reaching safepoint: 52701 ns, At safepoint: 9200 ns, Total: 61901 ns
[1753.116s][info ][safepoint      ] Safepoint "Cleanup", Time since last: 3000253098 ns, Reaching safepoint: 43301 ns, At safepoint: 4100 ns, Total: 47401 ns
[1757.302s][info ][gc,start       ] GC(149) Pause Young (Allocation Failure)
[1757.304s][debug][gc,phases      ] GC(149) Scavenge 2.395ms
[1757.304s][debug][gc,ref         ] GC(149) Skipped phase 1 of Reference Processing: no references
[1757.304s][debug][gc,ref         ] GC(149) Skipped phase 3 of Reference Processing: no references
[1757.304s][debug][gc,phases      ] GC(149) Reference Processing 0.024ms
[1757.305s][debug][gc,phases      ] GC(149) Weak Processing 0.557ms
[1757.305s][debug][gc,age         ] GC(149) Desired survivor size 58195968 bytes, new threshold 15 (max threshold 15)
[1757.305s][info ][gc,heap        ] GC(149) PSYoungGen: 1970928K(2029568K)->4976K(2040320K) Eden: 1965568K(1965568K)->0K(1979904K) From: 5360K(64000K)->4976K(60416K)
[1757.305s][info ][gc,heap        ] GC(149) ParOldGen: 374220K(493056K)->374404K(493056K)
[1757.305s][info ][gc,metaspace   ] GC(149) Metaspace: 81604K(82304K)->81604K(82304K) NonClass: 70598K(70976K)->70598K(70976K) Class: 11006K(11328K)->11006K(11328K)
[1757.305s][info ][gc             ] GC(149) Pause Young (Allocation Failure) 2290M->370M(2474M) 3.111ms
[1757.305s][info ][gc,cpu         ] GC(149) User=0.01s Sys=0.00s Real=0.00s
[1757.305s][info ][safepoint      ] Safepoint "ParallelGCFailedAllocation", Time since last: 4185762073 ns, Reaching safepoint: 83901 ns, At safepoint: 3202844 ns, Total: 3286745 ns
[1758.305s][info ][safepoint      ] Safepoint "Cleanup", Time since last: 1000094555 ns, Reaching safepoint: 115602 ns, At safepoint: 7200 ns, Total: 122802 ns
[1759.306s][info ][safepoint      ] Safepoint "Cleanup", Time since last: 1000104655 ns, Reaching safepoint: 127501 ns, At safepoint: 9600 ns, Total: 137101 ns
[1760.306s][info ][safepoint      ] Safepoint "Cleanup", Time since last: 1000125753 ns, Reaching safepoint: 108402 ns, At safepoint: 5400 ns, Total: 113802 ns
[1765.306s][info ][safepoint      ] Safepoint "Cleanup", Time since last: 5000396737 ns, Reaching safepoint: 121902 ns, At safepoint: 6800 ns, Total: 128702 ns
[1766.307s][info ][safepoint      ] Safepoint "Cleanup", Time since last: 1000118243 ns, Reaching safepoint: 117202 ns, At safepoint: 6800 ns, Total: 124002 ns
[1768.307s][info ][safepoint      ] Safepoint "Cleanup", Time since last: 2000142880 ns, Reaching safepoint: 140502 ns, At safepoint: 18000 ns, Total: 158502 ns
[1773.307s][info ][safepoint      ] Safepoint "Cleanup", Time since last: 5000392672 ns, Reaching safepoint: 124802 ns, At safepoint: 18900 ns, Total: 143702 ns
[1776.308s][info ][safepoint      ] Safepoint "Cleanup", Time since last: 3000247884 ns, Reaching safepoint: 117201 ns, At safepoint: 8901 ns, Total: 126102 ns
[1779.308s][info ][safepoint      ] Safepoint "Cleanup", Time since last: 3000240069 ns, Reaching safepoint: 103502 ns, At safepoint: 9700 ns, Total: 113202 ns
[1783.309s][info ][safepoint      ] Safepoint "Cleanup", Time since last: 4000272670 ns, Reaching safepoint: 89501 ns, At safepoint: 9400 ns, Total: 98901 ns
[1785.309s][info ][safepoint      ] Safepoint "Cleanup", Time since last: 2000189626 ns, Reaching safepoint: 56701 ns, At safepoint: 5700 ns, Total: 62401 ns
[1787.662s][info ][safepoint      ] Safepoint "Cleanup", Time since last: 2352804318 ns, Reaching safepoint: 89801 ns, At safepoint: 11500 ns, Total: 101301 ns
[1788.655s][info ][gc,start       ] GC(150) Pause Young (Allocation Failure)
[1788.658s][debug][gc,phases      ] GC(150) Scavenge 2.506ms
[1788.658s][debug][gc,ref         ] GC(150) Skipped phase 1 of Reference Processing: no references
[1788.658s][debug][gc,ref         ] GC(150) Skipped phase 3 of Reference Processing: no references
[1788.658s][debug][gc,phases      ] GC(150) Reference Processing 0.022ms
[1788.658s][debug][gc,phases      ] GC(150) Weak Processing 0.600ms
[1788.658s][debug][gc,age         ] GC(150) Desired survivor size 54525952 bytes, new threshold 15 (max threshold 15)
[1788.658s][info ][gc,heap        ] GC(150) PSYoungGen: 1984880K(2040320K)->5104K(2036736K) Eden: 1979904K(1979904K)->0K(1979904K) From: 4976K(60416K)->5104K(56832K)
[1788.658s][info ][gc,heap        ] GC(150) ParOldGen: 374404K(493056K)->374512K(493056K)
[1788.658s][info ][gc,metaspace   ] GC(150) Metaspace: 81618K(82304K)->81618K(82304K) NonClass: 70612K(70976K)->70612K(70976K) Class: 11006K(11328K)->11006K(11328K)
[1788.658s][info ][gc             ] GC(150) Pause Young (Allocation Failure) 2303M->370M(2470M) 3.271ms
[1788.658s][info ][gc,cpu         ] GC(150) User=0.01s Sys=0.00s Real=0.00s
[1788.658s][info ][safepoint      ] Safepoint "ParallelGCFailedAllocation", Time since last: 993329615 ns, Reaching safepoint: 43201 ns, At safepoint: 3357246 ns, Total: 3400447 ns
[1792.659s][info ][safepoint      ] Safepoint "Cleanup", Time since last: 4000306711 ns, Reaching safepoint: 103002 ns, At safepoint: 15800 ns, Total: 118802 ns
[1794.659s][info ][safepoint      ] Safepoint "Cleanup", Time since last: 2000195097 ns, Reaching safepoint: 120602 ns, At safepoint: 8100 ns, Total: 128702 ns
[1796.659s][info ][safepoint      ] Safepoint "Cleanup", Time since last: 2000176891 ns, Reaching safepoint: 55900 ns, At safepoint: 9500 ns, Total: 65400 ns
[1797.660s][info ][safepoint      ] Safepoint "Cleanup", Time since last: 1000118894 ns, Reaching safepoint: 146902 ns, At safepoint: 8800 ns, Total: 155702 ns
[1798.660s][info ][safepoint      ] Safepoint "Cleanup", Time since last: 1000137192 ns, Reaching safepoint: 137002 ns, At safepoint: 9700 ns, Total: 146702 ns
[1799.660s][info ][safepoint      ] Safepoint "Cleanup", Time since last: 1000119591 ns, Reaching safepoint: 68601 ns, At safepoint: 11800 ns, Total: 80401 ns
[1800.660s][info ][safepoint      ] Safepoint "Cleanup", Time since last: 1000101988 ns, Reaching safepoint: 121002 ns, At safepoint: 6600 ns, Total: 127602 ns
[1805.661s][info ][safepoint      ] Safepoint "Cleanup", Time since last: 5000381819 ns, Reaching safepoint: 62201 ns, At safepoint: 4200 ns, Total: 66401 ns
[1814.662s][info ][safepoint      ] Safepoint "Cleanup", Time since last: 9000662858 ns, Reaching safepoint: 197903 ns, At safepoint: 10300 ns, Total: 208203 ns
[1815.662s][info ][safepoint      ] Safepoint "Cleanup", Time since last: 1000114666 ns, Reaching safepoint: 57701 ns, At safepoint: 9600 ns, Total: 67301 ns
[1817.390s][info ][gc,start       ] GC(151) Pause Young (Allocation Failure)
[1817.393s][debug][gc,phases      ] GC(151) Scavenge 2.398ms
[1817.393s][debug][gc,ref         ] GC(151) Skipped phase 1 of Reference Processing: no references
[1817.393s][debug][gc,ref         ] GC(151) Skipped phase 3 of Reference Processing: no references
[1817.393s][debug][gc,phases      ] GC(151) Reference Processing 0.024ms
[1817.393s][debug][gc,phases      ] GC(151) Weak Processing 0.545ms
[1817.393s][debug][gc,age         ] GC(151) Desired survivor size 51380224 bytes, new threshold 15 (max threshold 15)
[1817.393s][info ][gc,heap        ] GC(151) PSYoungGen: 1985008K(2036736K)->5120K(2046976K) Eden: 1979904K(1979904K)->0K(1993728K) From: 5104K(56832K)->5120K(53248K)
[1817.393s][info ][gc,heap        ] GC(151) ParOldGen: 374512K(493056K)->374576K(493056K)
[1817.393s][info ][gc,metaspace   ] GC(151) Metaspace: 81643K(82368K)->81643K(82368K) NonClass: 70632K(71040K)->70632K(71040K) Class: 11011K(11328K)->11011K(11328K)
[1817.393s][info ][gc             ] GC(151) Pause Young (Allocation Failure) 2304M->370M(2480M) 3.098ms
[1817.393s][info ][gc,cpu         ] GC(151) User=0.01s Sys=0.00s Real=0.00s
[1817.393s][info ][safepoint      ] Safepoint "ParallelGCFailedAllocation", Time since last: 1728219539 ns, Reaching safepoint: 90501 ns, At safepoint: 3183844 ns, Total: 3274345 ns
[1822.394s][info ][safepoint      ] Safepoint "Cleanup", Time since last: 5000366293 ns, Reaching safepoint: 52501 ns, At safepoint: 8000 ns, Total: 60501 ns
[1823.394s][info ][safepoint      ] Safepoint "Cleanup", Time since last: 1000102755 ns, Reaching safepoint: 55201 ns, At safepoint: 9200 ns, Total: 64401 ns
[1824.394s][info ][safepoint      ] Safepoint "Cleanup", Time since last: 1000107353 ns, Reaching safepoint: 61201 ns, At safepoint: 8600 ns, Total: 69801 ns
[1825.394s][info ][safepoint      ] Safepoint "Cleanup", Time since last: 1000116652 ns, Reaching safepoint: 79901 ns, At safepoint: 12400 ns, Total: 92301 ns
[1826.395s][info ][safepoint      ] Safepoint "Cleanup", Time since last: 1000119551 ns, Reaching safepoint: 63901 ns, At safepoint: 9000 ns, Total: 72901 ns
[1829.395s][info ][safepoint      ] Safepoint "Cleanup", Time since last: 3000224741 ns, Reaching safepoint: 56501 ns, At safepoint: 6400 ns, Total: 62901 ns
[1831.395s][info ][safepoint      ] Safepoint "Cleanup", Time since last: 2000154687 ns, Reaching safepoint: 42401 ns, At safepoint: 43500 ns, Total: 85901 ns
[1835.396s][info ][safepoint      ] Safepoint "Cleanup", Time since last: 4000332557 ns, Reaching safepoint: 57401 ns, At safepoint: 13800 ns, Total: 71201 ns
[1837.163s][info ][safepoint      ] Safepoint "Cleanup", Time since last: 1767729025 ns, Reaching safepoint: 58501 ns, At safepoint: 7300 ns, Total: 65801 ns
[1838.163s][info ][safepoint      ] Safepoint "Cleanup", Time since last: 1000114433 ns, Reaching safepoint: 63601 ns, At safepoint: 11500 ns, Total: 75101 ns
[1841.164s][info ][safepoint      ] Safepoint "Cleanup", Time since last: 3000229191 ns, Reaching safepoint: 56101 ns, At safepoint: 5900 ns, Total: 62001 ns
[1843.164s][info ][safepoint      ] Safepoint "Cleanup", Time since last: 2000170254 ns, Reaching safepoint: 113501 ns, At safepoint: 10001 ns, Total: 123502 ns
[1845.920s][info ][gc,start       ] GC(152) Pause Young (Allocation Failure)
[1845.923s][debug][gc,phases      ] GC(152) Scavenge 2.529ms
[1845.923s][debug][gc,ref         ] GC(152) Skipped phase 1 of Reference Processing: no references
[1845.923s][debug][gc,ref         ] GC(152) Skipped phase 3 of Reference Processing: no references
[1845.923s][debug][gc,phases      ] GC(152) Reference Processing 0.029ms
[1845.923s][debug][gc,phases      ] GC(152) Weak Processing 0.554ms
[1845.923s][debug][gc,age         ] GC(152) Desired survivor size 48234496 bytes, new threshold 15 (max threshold 15)
[1845.923s][info ][gc,heap        ] GC(152) PSYoungGen: 1998848K(2046976K)->5088K(2043904K) Eden: 1993728K(1993728K)->0K(1993728K) From: 5120K(53248K)->5088K(50176K)
[1845.923s][info ][gc,heap        ] GC(152) ParOldGen: 374576K(493056K)->374664K(493056K)
[1845.923s][info ][gc,metaspace   ] GC(152) Metaspace: 81662K(82368K)->81662K(82368K) NonClass: 70649K(71040K)->70649K(71040K) Class: 11013K(11328K)->11013K(11328K)
[1845.923s][info ][gc             ] GC(152) Pause Young (Allocation Failure) 2317M->370M(2477M) 3.267ms
[1845.923s][info ][gc,cpu         ] GC(152) User=0.01s Sys=0.00s Real=0.00s
[1845.924s][info ][safepoint      ] Safepoint "ParallelGCFailedAllocation", Time since last: 2756020068 ns, Reaching safepoint: 50100 ns, At safepoint: 3350146 ns, Total: 3400246 ns
[1850.924s][info ][safepoint      ] Safepoint "Cleanup", Time since last: 5000324489 ns, Reaching safepoint: 136502 ns, At safepoint: 12100 ns, Total: 148602 ns
[1853.924s][info ][safepoint      ] Safepoint "Cleanup", Time since last: 3000207137 ns, Reaching safepoint: 64301 ns, At safepoint: 7400 ns, Total: 71701 ns
[1855.925s][info ][safepoint      ] Safepoint "Cleanup", Time since last: 2000208819 ns, Reaching safepoint: 56201 ns, At safepoint: 3500 ns, Total: 59701 ns
[1860.925s][info ][safepoint      ] Safepoint "Cleanup", Time since last: 5000383522 ns, Reaching safepoint: 53800 ns, At safepoint: 11600 ns, Total: 65400 ns
[1861.925s][info ][safepoint      ] Safepoint "Cleanup", Time since last: 1000064000 ns, Reaching safepoint: 56101 ns, At safepoint: 3200 ns, Total: 59301 ns
[1869.926s][info ][safepoint      ] Safepoint "Cleanup", Time since last: 8000539153 ns, Reaching safepoint: 52000 ns, At safepoint: 6900 ns, Total: 58900 ns
[1874.926s][info ][safepoint      ] Safepoint "Cleanup", Time since last: 5000364328 ns, Reaching safepoint: 53200 ns, At safepoint: 4900 ns, Total: 58100 ns
[1875.203s][info ][gc,start       ] GC(153) Pause Young (Allocation Failure)
[1875.207s][debug][gc,phases      ] GC(153) Scavenge 3.909ms
[1875.207s][debug][gc,ref         ] GC(153) Skipped phase 1 of Reference Processing: no references
[1875.207s][debug][gc,ref         ] GC(153) Skipped phase 3 of Reference Processing: no references
[1875.207s][debug][gc,phases      ] GC(153) Reference Processing 0.032ms
[1875.207s][debug][gc,phases      ] GC(153) Weak Processing 0.659ms
[1875.207s][debug][gc,age         ] GC(153) Desired survivor size 45088768 bytes, new threshold 15 (max threshold 15)
[1875.207s][info ][gc,heap        ] GC(153) PSYoungGen: 1998816K(2043904K)->5104K(2053120K) Eden: 1993728K(1993728K)->0K(2006016K) From: 5088K(50176K)->5104K(47104K)
[1875.207s][info ][gc,heap        ] GC(153) ParOldGen: 374664K(493056K)->374704K(493056K)
[1875.207s][info ][gc,metaspace   ] GC(153) Metaspace: 81678K(82368K)->81678K(82368K) NonClass: 70663K(71040K)->70663K(71040K) Class: 11015K(11328K)->11015K(11328K)
[1875.207s][info ][gc             ] GC(153) Pause Young (Allocation Failure) 2317M->370M(2486M) 4.753ms
[1875.207s][info ][gc,cpu         ] GC(153) User=0.01s Sys=0.00s Real=0.01s
[1875.207s][info ][safepoint      ] Safepoint "ParallelGCFailedAllocation", Time since last: 276386226 ns, Reaching safepoint: 130002 ns, At safepoint: 4846866 ns, Total: 4976868 ns
[1883.208s][info ][safepoint      ] Safepoint "Cleanup", Time since last: 8000582112 ns, Reaching safepoint: 124801 ns, At safepoint: 12301 ns, Total: 137102 ns
[1884.208s][info ][safepoint      ] Safepoint "Cleanup", Time since last: 1000105971 ns, Reaching safepoint: 132502 ns, At safepoint: 9200 ns, Total: 141702 ns
[1885.209s][info ][safepoint      ] Safepoint "Cleanup", Time since last: 1000102069 ns, Reaching safepoint: 120202 ns, At safepoint: 7600 ns, Total: 127802 ns
[1886.209s][info ][safepoint      ] Safepoint "Cleanup", Time since last: 1000100069 ns, Reaching safepoint: 85801 ns, At safepoint: 7800 ns, Total: 93601 ns
[1889.211s][info ][safepoint      ] Safepoint "Cleanup", Time since last: 3000268597 ns, Reaching safepoint: 2176829 ns, At safepoint: 8500 ns, Total: 2185329 ns
[1897.215s][info ][safepoint      ] Safepoint "Cleanup", Time since last: 8003337405 ns, Reaching safepoint: 141002 ns, At safepoint: 29301 ns, Total: 170303 ns
[1898.215s][info ][safepoint      ] Safepoint "Cleanup", Time since last: 1000120753 ns, Reaching safepoint: 78201 ns, At safepoint: 10600 ns, Total: 88801 ns
[1899.215s][info ][safepoint      ] Safepoint "Cleanup", Time since last: 1000117552 ns, Reaching safepoint: 130802 ns, At safepoint: 6900 ns, Total: 137702 ns
[1901.216s][info ][safepoint      ] Safepoint "Cleanup", Time since last: 2000177800 ns, Reaching safepoint: 50801 ns, At safepoint: 7300 ns, Total: 58101 ns
[1902.216s][info ][safepoint      ] Safepoint "Cleanup", Time since last: 1000111448 ns, Reaching safepoint: 64601 ns, At safepoint: 4200 ns, Total: 68801 ns
[1904.503s][info ][gc,start       ] GC(154) Pause Young (Allocation Failure)
[1904.505s][debug][gc,phases      ] GC(154) Scavenge 2.043ms
[1904.505s][debug][gc,ref         ] GC(154) Skipped phase 1 of Reference Processing: no references
[1904.505s][debug][gc,ref         ] GC(154) Skipped phase 3 of Reference Processing: no references
[1904.505s][debug][gc,phases      ] GC(154) Reference Processing 0.021ms
[1904.505s][debug][gc,phases      ] GC(154) Weak Processing 0.551ms
[1904.505s][debug][gc,age         ] GC(154) Desired survivor size 42467328 bytes, new threshold 15 (max threshold 15)
[1904.505s][info ][gc,heap        ] GC(154) PSYoungGen: 2011120K(2053120K)->5104K(2050048K) Eden: 2006016K(2006016K)->0K(2006016K) From: 5104K(47104K)->5104K(44032K)
[1904.505s][info ][gc,heap        ] GC(154) ParOldGen: 374704K(493056K)->374752K(493056K)
[1904.505s][info ][gc,metaspace   ] GC(154) Metaspace: 81688K(82368K)->81688K(82368K) NonClass: 70672K(71040K)->70672K(71040K) Class: 11015K(11328K)->11015K(11328K)
[1904.505s][info ][gc             ] GC(154) Pause Young (Allocation Failure) 2329M->370M(2483M) 2.760ms
[1904.506s][info ][gc,cpu         ] GC(154) User=0.01s Sys=0.00s Real=0.00s
[1904.506s][info ][safepoint      ] Safepoint "ParallelGCFailedAllocation", Time since last: 2286856246 ns, Reaching safepoint: 122602 ns, At safepoint: 2848938 ns, Total: 2971540 ns
[1905.506s][info ][safepoint      ] Safepoint "Cleanup", Time since last: 1000085044 ns, Reaching safepoint: 117201 ns, At safepoint: 6601 ns, Total: 123802 ns
[1918.507s][info ][safepoint      ] Safepoint "Cleanup", Time since last: 13000868454 ns, Reaching safepoint: 130302 ns, At safepoint: 7200 ns, Total: 137502 ns
[1921.507s][info ][safepoint      ] Safepoint "Cleanup", Time since last: 3000246076 ns, Reaching safepoint: 132202 ns, At safepoint: 13900 ns, Total: 146102 ns
[1923.507s][info ][safepoint      ] Safepoint "Cleanup", Time since last: 2000195345 ns, Reaching safepoint: 107401 ns, At safepoint: 8301 ns, Total: 115702 ns
[1926.508s][info ][safepoint      ] Safepoint "Cleanup", Time since last: 3000253758 ns, Reaching safepoint: 131202 ns, At safepoint: 33800 ns, Total: 165002 ns
[1929.508s][info ][safepoint      ] Safepoint "Cleanup", Time since last: 3000252548 ns, Reaching safepoint: 126701 ns, At safepoint: 8900 ns, Total: 135601 ns
[1933.532s][info ][gc,start       ] GC(155) Pause Young (Allocation Failure)
[1933.535s][debug][gc,phases      ] GC(155) Scavenge 2.420ms
[1933.535s][debug][gc,ref         ] GC(155) Skipped phase 1 of Reference Processing: no references
[1933.535s][debug][gc,ref         ] GC(155) Skipped phase 3 of Reference Processing: no references
[1933.535s][debug][gc,phases      ] GC(155) Reference Processing 0.026ms
[1933.536s][debug][gc,phases      ] GC(155) Weak Processing 0.505ms
[1933.536s][debug][gc,age         ] GC(155) Desired survivor size 39845888 bytes, new threshold 15 (max threshold 15)
[1933.536s][info ][gc,heap        ] GC(155) PSYoungGen: 2011120K(2050048K)->5024K(2058240K) Eden: 2006016K(2006016K)->0K(2016768K) From: 5104K(44032K)->5024K(41472K)
[1933.536s][info ][gc,heap        ] GC(155) ParOldGen: 374752K(493056K)->374784K(493056K)
[1933.536s][info ][gc,metaspace   ] GC(155) Metaspace: 81691K(82368K)->81691K(82368K) NonClass: 70675K(71040K)->70675K(71040K) Class: 11016K(11328K)->11016K(11328K)
[1933.536s][info ][gc             ] GC(155) Pause Young (Allocation Failure) 2329M->370M(2491M) 3.081ms
[1933.536s][info ][gc,cpu         ] GC(155) User=0.01s Sys=0.00s Real=0.01s
[1933.536s][info ][safepoint      ] Safepoint "ParallelGCFailedAllocation", Time since last: 4024138066 ns, Reaching safepoint: 46801 ns, At safepoint: 3194643 ns, Total: 3241444 ns
[1939.536s][info ][safepoint      ] Safepoint "Cleanup", Time since last: 6000417334 ns, Reaching safepoint: 58200 ns, At safepoint: 9300 ns, Total: 67500 ns
[1940.536s][info ][safepoint      ] Safepoint "Cleanup", Time since last: 1000120403 ns, Reaching safepoint: 57900 ns, At safepoint: 8301 ns, Total: 66201 ns
[1953.537s][info ][safepoint      ] Safepoint "Cleanup", Time since last: 13000925915 ns, Reaching safepoint: 72101 ns, At safepoint: 12000 ns, Total: 84101 ns
[1957.538s][info ][safepoint      ] Safepoint "Cleanup", Time since last: 4000292536 ns, Reaching safepoint: 66301 ns, At safepoint: 8300 ns, Total: 74601 ns
[1965.066s][info ][gc,start       ] GC(156) Pause Young (Allocation Failure)
[1965.069s][debug][gc,phases      ] GC(156) Scavenge 2.651ms
[1965.069s][debug][gc,ref         ] GC(156) Skipped phase 1 of Reference Processing: no references
[1965.069s][debug][gc,ref         ] GC(156) Skipped phase 3 of Reference Processing: no references
[1965.069s][debug][gc,phases      ] GC(156) Reference Processing 0.030ms
[1965.070s][debug][gc,phases      ] GC(156) Weak Processing 0.708ms
[1965.070s][debug][gc,age         ] GC(156) Desired survivor size 37224448 bytes, new threshold 15 (max threshold 15)
[1965.070s][info ][gc,heap        ] GC(156) PSYoungGen: 2021792K(2058240K)->5088K(2055680K) Eden: 2016768K(2016768K)->0K(2016768K) From: 5024K(41472K)->5088K(38912K)
[1965.070s][info ][gc,heap        ] GC(156) ParOldGen: 374784K(493056K)->374816K(493056K)
[1965.070s][info ][gc,metaspace   ] GC(156) Metaspace: 81698K(82368K)->81698K(82368K) NonClass: 70682K(71040K)->70682K(71040K) Class: 11016K(11328K)->11016K(11328K)
[1965.070s][info ][gc             ] GC(156) Pause Young (Allocation Failure) 2340M->371M(2489M) 3.531ms
[1965.070s][info ][gc,cpu         ] GC(156) User=0.01s Sys=0.00s Real=0.01s
[1965.070s][info ][safepoint      ] Safepoint "ParallelGCFailedAllocation", Time since last: 7528316902 ns, Reaching safepoint: 51600 ns, At safepoint: 3630949 ns, Total: 3682549 ns
[1967.070s][info ][safepoint      ] Safepoint "Cleanup", Time since last: 2000626351 ns, Reaching safepoint: 59100 ns, At safepoint: 4800 ns, Total: 63900 ns
[1969.071s][info ][safepoint      ] Safepoint "Cleanup", Time since last: 2000170741 ns, Reaching safepoint: 45900 ns, At safepoint: 3300 ns, Total: 49200 ns
[1970.071s][info ][safepoint      ] Safepoint "Cleanup", Time since last: 1000100069 ns, Reaching safepoint: 58201 ns, At safepoint: 9900 ns, Total: 68101 ns
[1974.071s][info ][safepoint      ] Safepoint "Cleanup", Time since last: 4000298962 ns, Reaching safepoint: 134202 ns, At safepoint: 10100 ns, Total: 144302 ns
[1975.071s][info ][safepoint      ] Safepoint "Cleanup", Time since last: 1000121063 ns, Reaching safepoint: 57701 ns, At safepoint: 9800 ns, Total: 67501 ns
[1981.072s][info ][safepoint      ] Safepoint "Cleanup", Time since last: 6000426354 ns, Reaching safepoint: 60901 ns, At safepoint: 6200 ns, Total: 67101 ns
[1991.073s][info ][safepoint      ] Safepoint "Cleanup", Time since last: 10000676305 ns, Reaching safepoint: 45000 ns, At safepoint: 9800 ns, Total: 54800 ns
[1994.073s][info ][safepoint      ] Safepoint "Cleanup", Time since last: 3000252432 ns, Reaching safepoint: 73201 ns, At safepoint: 5400 ns, Total: 78601 ns
[1997.961s][info ][gc,start       ] GC(157) Pause Young (Allocation Failure)
[1997.974s][debug][gc,phases      ] GC(157) Scavenge 12.717ms
[1997.974s][debug][gc,ref         ] GC(157) Skipped phase 1 of Reference Processing: no references
[1997.974s][debug][gc,ref         ] GC(157) Skipped phase 3 of Reference Processing: no references
[1997.974s][debug][gc,ref         ] GC(157) Skipped phase 4 of Reference Processing: no references
[1997.974s][debug][gc,phases      ] GC(157) Reference Processing 0.035ms
[1997.975s][debug][gc,phases      ] GC(157) Weak Processing 0.686ms
[1997.975s][debug][gc,age         ] GC(157) Desired survivor size 35127296 bytes, new threshold 15 (max threshold 15)
[1997.975s][info ][gc,heap        ] GC(157) PSYoungGen: 2021856K(2055680K)->5088K(2062848K) Eden: 2016768K(2016768K)->0K(2026496K) From: 5088K(38912K)->5088K(36352K)
[1997.975s][info ][gc,heap        ] GC(157) ParOldGen: 374816K(493056K)->374848K(493056K)
[1997.975s][info ][gc,metaspace   ] GC(157) Metaspace: 81703K(82368K)->81703K(82368K) NonClass: 70687K(71040K)->70687K(71040K) Class: 11016K(11328K)->11016K(11328K)
[1997.975s][info ][gc             ] GC(157) Pause Young (Allocation Failure) 2340M->371M(2496M) 13.630ms
[1997.975s][info ][gc,cpu         ] GC(157) User=0.01s Sys=0.00s Real=0.02s
[1997.975s][info ][safepoint      ] Safepoint "ParallelGCFailedAllocation", Time since last: 3888427368 ns, Reaching safepoint: 49800 ns, At safepoint: 13729584 ns, Total: 13779384 ns
[1999.975s][info ][safepoint      ] Safepoint "Cleanup", Time since last: 2000166874 ns, Reaching safepoint: 66201 ns, At safepoint: 10100 ns, Total: 76301 ns
[2003.976s][info ][safepoint      ] Safepoint "Cleanup", Time since last: 4000287435 ns, Reaching safepoint: 56901 ns, At safepoint: 7600 ns, Total: 64501 ns
[2028.637s][info ][gc,start       ] GC(158) Pause Young (Allocation Failure)
[2028.640s][debug][gc,phases      ] GC(158) Scavenge 2.698ms
[2028.640s][debug][gc,ref         ] GC(158) Skipped phase 1 of Reference Processing: no references
[2028.640s][debug][gc,ref         ] GC(158) Skipped phase 3 of Reference Processing: no references
[2028.640s][debug][gc,phases      ] GC(158) Reference Processing 0.025ms
[2028.641s][debug][gc,phases      ] GC(158) Weak Processing 0.581ms
[2028.641s][debug][gc,age         ] GC(158) Desired survivor size 32505856 bytes, new threshold 15 (max threshold 15)
[2028.641s][info ][gc,heap        ] GC(158) PSYoungGen: 2031584K(2062848K)->5616K(2060800K) Eden: 2026496K(2026496K)->0K(2026496K) From: 5088K(36352K)->5616K(34304K)
[2028.641s][info ][gc,heap        ] GC(158) ParOldGen: 374848K(493056K)->374880K(493056K)
[2028.641s][info ][gc,metaspace   ] GC(158) Metaspace: 81719K(82432K)->81719K(82432K) NonClass: 70703K(71104K)->70703K(71104K) Class: 11016K(11328K)->11016K(11328K)
[2028.641s][info ][gc             ] GC(158) Pause Young (Allocation Failure) 2350M->371M(2494M) 3.461ms
[2028.641s][info ][gc,cpu         ] GC(158) User=0.02s Sys=0.00s Real=0.00s
[2028.641s][info ][safepoint      ] Safepoint "ParallelGCFailedAllocation", Time since last: 24661280763 ns, Reaching safepoint: 36902 ns, At safepoint: 3555770 ns, Total: 3592672 ns
[2049.642s][info ][safepoint      ] Safepoint "Cleanup", Time since last: 21001418204 ns, Reaching safepoint: 52202 ns, At safepoint: 3800 ns, Total: 56002 ns
[2060.171s][info ][gc,start       ] GC(159) Pause Young (Allocation Failure)
[2060.174s][debug][gc,phases      ] GC(159) Scavenge 2.460ms
[2060.174s][debug][gc,ref         ] GC(159) Skipped phase 1 of Reference Processing: no references
[2060.174s][debug][gc,ref         ] GC(159) Skipped phase 3 of Reference Processing: no references
[2060.174s][debug][gc,phases      ] GC(159) Reference Processing 0.034ms
[2060.175s][debug][gc,phases      ] GC(159) Weak Processing 0.558ms
[2060.175s][debug][gc,age         ] GC(159) Desired survivor size 30408704 bytes, new threshold 15 (max threshold 15)
[2060.175s][info ][gc,heap        ] GC(159) PSYoungGen: 2032112K(2060800K)->5632K(2067456K) Eden: 2026496K(2026496K)->0K(2035712K) From: 5616K(34304K)->5632K(31744K)
[2060.175s][info ][gc,heap        ] GC(159) ParOldGen: 374880K(493056K)->374912K(493056K)
[2060.175s][info ][gc,metaspace   ] GC(159) Metaspace: 81720K(82432K)->81720K(82432K) NonClass: 70703K(71104K)->70703K(71104K) Class: 11016K(11328K)->11016K(11328K)
[2060.175s][info ][gc             ] GC(159) Pause Young (Allocation Failure) 2350M->371M(2500M) 3.197ms
[2060.175s][info ][gc,cpu         ] GC(159) User=0.01s Sys=0.00s Real=0.01s
[2060.175s][info ][safepoint      ] Safepoint "ParallelGCFailedAllocation", Time since last: 10529317563 ns, Reaching safepoint: 33202 ns, At safepoint: 3286151 ns, Total: 3319353 ns
[2066.175s][info ][safepoint      ] Safepoint "Cleanup", Time since last: 6000436561 ns, Reaching safepoint: 48402 ns, At safepoint: 5100 ns, Total: 53502 ns
[2068.176s][info ][safepoint      ] Safepoint "Cleanup", Time since last: 2000183370 ns, Reaching safepoint: 119406 ns, At safepoint: 7600 ns, Total: 127006 ns
[2071.176s][info ][safepoint      ] Safepoint "Cleanup", Time since last: 3000236182 ns, Reaching safepoint: 59003 ns, At safepoint: 7100 ns, Total: 66103 ns
[2079.176s][info ][safepoint      ] Safepoint "Cleanup", Time since last: 8000545900 ns, Reaching safepoint: 64103 ns, At safepoint: 6500 ns, Total: 70603 ns
[2092.555s][info ][gc,start       ] GC(160) Pause Young (Allocation Failure)
[2092.557s][debug][gc,phases      ] GC(160) Scavenge 2.553ms
[2092.557s][debug][gc,ref         ] GC(160) Skipped phase 1 of Reference Processing: no references
[2092.557s][debug][gc,ref         ] GC(160) Skipped phase 3 of Reference Processing: no references
[2092.557s][debug][gc,phases      ] GC(160) Reference Processing 0.029ms
[2092.558s][debug][gc,phases      ] GC(160) Weak Processing 0.636ms
[2092.558s][debug][gc,age         ] GC(160) Desired survivor size 28311552 bytes, new threshold 15 (max threshold 15)
[2092.558s][info ][gc,heap        ] GC(160) PSYoungGen: 2041344K(2067456K)->5648K(2065408K) Eden: 2035712K(2035712K)->0K(2035712K) From: 5632K(31744K)->5648K(29696K)
[2092.558s][info ][gc,heap        ] GC(160) ParOldGen: 374912K(493056K)->374960K(493056K)
[2092.558s][info ][gc,metaspace   ] GC(160) Metaspace: 81728K(82432K)->81728K(82432K) NonClass: 70711K(71104K)->70711K(71104K) Class: 11016K(11328K)->11016K(11328K)
[2092.558s][info ][gc             ] GC(160) Pause Young (Allocation Failure) 2359M->371M(2498M) 3.388ms
[2092.558s][info ][gc,cpu         ] GC(160) User=0.01s Sys=0.00s Real=0.00s
[2092.558s][info ][safepoint      ] Safepoint "ParallelGCFailedAllocation", Time since last: 13378223922 ns, Reaching safepoint: 47502 ns, At safepoint: 3516455 ns, Total: 3563957 ns
[2103.559s][info ][safepoint      ] Safepoint "Cleanup", Time since last: 11000794029 ns, Reaching safepoint: 101704 ns, At safepoint: 11401 ns, Total: 113105 ns
[2110.560s][info ][safepoint      ] Safepoint "Cleanup", Time since last: 7000514226 ns, Reaching safepoint: 133406 ns, At safepoint: 39101 ns, Total: 172507 ns
[2115.560s][info ][safepoint      ] Safepoint "Cleanup", Time since last: 5000390624 ns, Reaching safepoint: 57003 ns, At safepoint: 9500 ns, Total: 66503 ns
[2122.561s][info ][safepoint      ] Safepoint "Cleanup", Time since last: 7000552208 ns, Reaching safepoint: 90604 ns, At safepoint: 12200 ns, Total: 102804 ns
[2123.735s][info ][gc,start       ] GC(161) Pause Young (Allocation Failure)
[2123.737s][debug][gc,phases      ] GC(161) Scavenge 2.689ms
[2123.737s][debug][gc,ref         ] GC(161) Skipped phase 1 of Reference Processing: no references
[2123.737s][debug][gc,ref         ] GC(161) Skipped phase 3 of Reference Processing: no references
[2123.737s][debug][gc,phases      ] GC(161) Reference Processing 0.026ms
[2123.738s][debug][gc,phases      ] GC(161) Weak Processing 0.577ms
[2123.738s][debug][gc,age         ] GC(161) Desired survivor size 26738688 bytes, new threshold 15 (max threshold 15)
[2123.738s][info ][gc,heap        ] GC(161) PSYoungGen: 2041360K(2065408K)->4864K(2071040K) Eden: 2035712K(2035712K)->0K(2043392K) From: 5648K(29696K)->4864K(27648K)
[2123.738s][info ][gc,heap        ] GC(161) ParOldGen: 374960K(493056K)->375805K(493056K)
[2123.738s][info ][gc,metaspace   ] GC(161) Metaspace: 81736K(82432K)->81736K(82432K) NonClass: 70719K(71104K)->70719K(71104K) Class: 11017K(11328K)->11017K(11328K)
[2123.738s][info ][gc             ] GC(161) Pause Young (Allocation Failure) 2359M->371M(2504M) 3.447ms
[2123.738s][info ][gc,cpu         ] GC(161) User=0.01s Sys=0.00s Real=0.00s
[2123.738s][info ][safepoint      ] Safepoint "ParallelGCFailedAllocation", Time since last: 1173445026 ns, Reaching safepoint: 60703 ns, At safepoint: 3552651 ns, Total: 3613354 ns
[2125.738s][info ][safepoint      ] Safepoint "Cleanup", Time since last: 2000179743 ns, Reaching safepoint: 82603 ns, At safepoint: 11501 ns, Total: 94104 ns
[2126.738s][info ][safepoint      ] Safepoint "Cleanup", Time since last: 1000109497 ns, Reaching safepoint: 52002 ns, At safepoint: 4100 ns, Total: 56102 ns
[2131.739s][info ][safepoint      ] Safepoint "Cleanup", Time since last: 5000400529 ns, Reaching safepoint: 82504 ns, At safepoint: 8000 ns, Total: 90504 ns
[2136.739s][info ][safepoint      ] Safepoint "Cleanup", Time since last: 5000453392 ns, Reaching safepoint: 59002 ns, At safepoint: 4200 ns, Total: 63202 ns
[2137.740s][info ][safepoint      ] Safepoint "Cleanup", Time since last: 1000111852 ns, Reaching safepoint: 65803 ns, At safepoint: 9400 ns, Total: 75203 ns
[2138.740s][info ][safepoint      ] Safepoint "Cleanup", Time since last: 1000120303 ns, Reaching safepoint: 71103 ns, At safepoint: 10700 ns, Total: 81803 ns
[2144.740s][info ][safepoint      ] Safepoint "Cleanup", Time since last: 6000467882 ns, Reaching safepoint: 54202 ns, At safepoint: 3700 ns, Total: 57902 ns
[2145.741s][info ][safepoint      ] Safepoint "Cleanup", Time since last: 1000115963 ns, Reaching safepoint: 43601 ns, At safepoint: 5001 ns, Total: 48602 ns
[2151.741s][info ][safepoint      ] Safepoint "Cleanup", Time since last: 6000477253 ns, Reaching safepoint: 58702 ns, At safepoint: 10701 ns, Total: 69403 ns
[2155.443s][info ][gc,start       ] GC(162) Pause Young (Allocation Failure)
[2155.446s][debug][gc,phases      ] GC(162) Scavenge 2.682ms
[2155.446s][debug][gc,ref         ] GC(162) Skipped phase 1 of Reference Processing: no references
[2155.446s][debug][gc,ref         ] GC(162) Skipped phase 3 of Reference Processing: no references
[2155.446s][debug][gc,phases      ] GC(162) Reference Processing 0.024ms
[2155.447s][debug][gc,phases      ] GC(162) Weak Processing 0.581ms
[2155.447s][debug][gc,age         ] GC(162) Desired survivor size 25165824 bytes, new threshold 15 (max threshold 15)
[2155.447s][info ][gc,heap        ] GC(162) PSYoungGen: 2048256K(2071040K)->4320K(2069504K) Eden: 2043392K(2043392K)->0K(2043392K) From: 4864K(27648K)->4320K(26112K)
[2155.447s][info ][gc,heap        ] GC(162) ParOldGen: 375805K(493056K)->376541K(493056K)
[2155.447s][info ][gc,metaspace   ] GC(162) Metaspace: 81754K(82432K)->81754K(82432K) NonClass: 70734K(71104K)->70734K(71104K) Class: 11019K(11328K)->11019K(11328K)
[2155.447s][info ][gc             ] GC(162) Pause Young (Allocation Failure) 2367M->371M(2502M) 3.415ms
[2155.447s][info ][gc,cpu         ] GC(162) User=0.02s Sys=0.00s Real=0.01s
[2155.447s][info ][safepoint      ] Safepoint "ParallelGCFailedAllocation", Time since last: 3702165900 ns, Reaching safepoint: 85003 ns, At safepoint: 3509844 ns, Total: 3594847 ns
[2156.447s][info ][safepoint      ] Safepoint "Cleanup", Time since last: 1000087349 ns, Reaching safepoint: 56203 ns, At safepoint: 3900 ns, Total: 60103 ns
[2158.447s][info ][safepoint      ] Safepoint "Cleanup", Time since last: 2000182057 ns, Reaching safepoint: 59002 ns, At safepoint: 9700 ns, Total: 68702 ns
[2175.449s][info ][safepoint      ] Safepoint "Cleanup", Time since last: 17001219091 ns, Reaching safepoint: 67503 ns, At safepoint: 6800 ns, Total: 74303 ns
[2183.449s][info ][safepoint      ] Safepoint "Cleanup", Time since last: 8000686502 ns, Reaching safepoint: 59602 ns, At safepoint: 10401 ns, Total: 70003 ns
[2185.450s][info ][safepoint      ] Safepoint "Cleanup", Time since last: 2000176975 ns, Reaching safepoint: 52602 ns, At safepoint: 5401 ns, Total: 58003 ns
[2185.801s][info ][gc,start       ] GC(163) Pause Young (Allocation Failure)
[2185.803s][debug][gc,phases      ] GC(163) Scavenge 2.394ms
[2185.803s][debug][gc,ref         ] GC(163) Skipped phase 1 of Reference Processing: no references
[2185.803s][debug][gc,ref         ] GC(163) Skipped phase 3 of Reference Processing: no references
[2185.803s][debug][gc,phases      ] GC(163) Reference Processing 0.026ms
[2185.804s][debug][gc,phases      ] GC(163) Weak Processing 0.580ms
[2185.804s][debug][gc,age         ] GC(163) Desired survivor size 24117248 bytes, new threshold 15 (max threshold 15)
[2185.804s][info ][gc,heap        ] GC(163) PSYoungGen: 2047712K(2069504K)->4272K(2073600K) Eden: 2043392K(2043392K)->0K(2049024K) From: 4320K(26112K)->4272K(24576K)
[2185.804s][info ][gc,heap        ] GC(163) ParOldGen: 376541K(493056K)->376637K(493056K)
[2185.804s][info ][gc,metaspace   ] GC(163) Metaspace: 81758K(82432K)->81758K(82432K) NonClass: 70739K(71104K)->70739K(71104K) Class: 11019K(11328K)->11019K(11328K)
[2185.804s][info ][gc             ] GC(163) Pause Young (Allocation Failure) 2367M->371M(2506M) 3.172ms
[2185.804s][info ][gc,cpu         ] GC(163) User=0.01s Sys=0.00s Real=0.00s
[2185.804s][info ][safepoint      ] Safepoint "ParallelGCFailedAllocation", Time since last: 351276603 ns, Reaching safepoint: 43602 ns, At safepoint: 3249829 ns, Total: 3293431 ns
[2190.805s][info ][safepoint      ] Safepoint "Cleanup", Time since last: 5000408528 ns, Reaching safepoint: 130005 ns, At safepoint: 14301 ns, Total: 144306 ns
[2191.805s][info ][safepoint      ] Safepoint "Cleanup", Time since last: 1000125634 ns, Reaching safepoint: 120205 ns, At safepoint: 6600 ns, Total: 126805 ns
[2197.805s][info ][safepoint      ] Safepoint "Cleanup", Time since last: 6000473372 ns, Reaching safepoint: 99304 ns, At safepoint: 9201 ns, Total: 108505 ns
[2201.806s][info ][safepoint      ] Safepoint "Cleanup", Time since last: 4000337842 ns, Reaching safepoint: 134706 ns, At safepoint: 15200 ns, Total: 149906 ns
[2203.806s][info ][safepoint      ] Safepoint "Cleanup", Time since last: 2000346969 ns, Reaching safepoint: 124304 ns, At safepoint: 6701 ns, Total: 131005 ns
[2209.807s][info ][safepoint      ] Safepoint "Cleanup", Time since last: 6000429950 ns, Reaching safepoint: 80603 ns, At safepoint: 16301 ns, Total: 96904 ns
[2212.807s][info ][safepoint      ] Safepoint "Cleanup", Time since last: 3000287602 ns, Reaching safepoint: 133805 ns, At safepoint: 12700 ns, Total: 146505 ns
[2216.324s][info ][gc,start       ] GC(164) Pause Young (Allocation Failure)
[2216.326s][debug][gc,phases      ] GC(164) Scavenge 2.100ms
[2216.326s][debug][gc,ref         ] GC(164) Skipped phase 1 of Reference Processing: no references
[2216.326s][debug][gc,ref         ] GC(164) Skipped phase 3 of Reference Processing: no references
[2216.326s][debug][gc,phases      ] GC(164) Reference Processing 0.023ms
[2216.326s][debug][gc,phases      ] GC(164) Weak Processing 0.592ms
[2216.326s][debug][gc,age         ] GC(164) Desired survivor size 22544384 bytes, new threshold 15 (max threshold 15)
[2216.326s][info ][gc,heap        ] GC(164) PSYoungGen: 2053296K(2073600K)->4272K(2072576K) Eden: 2049024K(2049024K)->0K(2049024K) From: 4272K(24576K)->4272K(23552K)
[2216.326s][info ][gc,heap        ] GC(164) ParOldGen: 376637K(493056K)->376741K(493056K)
[2216.326s][info ][gc,metaspace   ] GC(164) Metaspace: 81767K(82432K)->81767K(82432K) NonClass: 70748K(71104K)->70748K(71104K) Class: 11019K(11328K)->11019K(11328K)
[2216.326s][info ][gc             ] GC(164) Pause Young (Allocation Failure) 2372M->372M(2505M) 2.858ms
[2216.326s][info ][gc,cpu         ] GC(164) User=0.01s Sys=0.00s Real=0.01s
[2216.327s][info ][safepoint      ] Safepoint "ParallelGCFailedAllocation", Time since last: 3516091956 ns, Reaching safepoint: 54502 ns, At safepoint: 2941213 ns, Total: 2995715 ns
[2217.327s][info ][safepoint      ] Safepoint "Cleanup", Time since last: 1000085634 ns, Reaching safepoint: 53702 ns, At safepoint: 8700 ns, Total: 62402 ns
[2219.327s][info ][safepoint      ] Safepoint "Cleanup", Time since last: 2000163642 ns, Reaching safepoint: 56303 ns, At safepoint: 6900 ns, Total: 63203 ns
[2221.327s][info ][safepoint      ] Safepoint "Cleanup", Time since last: 2000155374 ns, Reaching safepoint: 57302 ns, At safepoint: 8601 ns, Total: 65903 ns
[2234.328s][info ][safepoint      ] Safepoint "Cleanup", Time since last: 13000921800 ns, Reaching safepoint: 60503 ns, At safepoint: 7300 ns, Total: 67803 ns
[2235.328s][info ][safepoint      ] Safepoint "Cleanup", Time since last: 1000101092 ns, Reaching safepoint: 56302 ns, At safepoint: 3900 ns, Total: 60202 ns
[2236.328s][info ][safepoint      ] Safepoint "Cleanup", Time since last: 1000117052 ns, Reaching safepoint: 56302 ns, At safepoint: 3600 ns, Total: 59902 ns
[2242.329s][info ][safepoint      ] Safepoint "Cleanup", Time since last: 6000406054 ns, Reaching safepoint: 59802 ns, At safepoint: 9100 ns, Total: 68902 ns
[2243.329s][info ][safepoint      ] Safepoint "Cleanup", Time since last: 1000110170 ns, Reaching safepoint: 48502 ns, At safepoint: 3800 ns, Total: 52302 ns
[2245.204s][info ][gc,start       ] GC(165) Pause Young (Allocation Failure)
[2245.207s][debug][gc,phases      ] GC(165) Scavenge 2.296ms
[2245.207s][debug][gc,ref         ] GC(165) Skipped phase 1 of Reference Processing: no references
[2245.207s][debug][gc,ref         ] GC(165) Skipped phase 3 of Reference Processing: no references
[2245.207s][debug][gc,phases      ] GC(165) Reference Processing 0.021ms
[2245.207s][debug][gc,phases      ] GC(165) Weak Processing 0.534ms
[2245.207s][debug][gc,age         ] GC(165) Desired survivor size 21495808 bytes, new threshold 15 (max threshold 15)
[2245.207s][info ][gc,heap        ] GC(165) PSYoungGen: 2053296K(2072576K)->4176K(2076160K) Eden: 2049024K(2049024K)->0K(2054144K) From: 4272K(23552K)->4176K(22016K)
[2245.207s][info ][gc,heap        ] GC(165) ParOldGen: 376741K(493056K)->376813K(493056K)
[2245.207s][info ][gc,metaspace   ] GC(165) Metaspace: 81769K(82432K)->81769K(82432K) NonClass: 70750K(71104K)->70750K(71104K) Class: 11019K(11328K)->11019K(11328K)
[2245.207s][info ][gc             ] GC(165) Pause Young (Allocation Failure) 2373M->372M(2509M) 2.982ms
[2245.207s][info ][gc,cpu         ] GC(165) User=0.01s Sys=0.00s Real=0.01s
[2245.207s][info ][safepoint      ] Safepoint "ParallelGCFailedAllocation", Time since last: 1875099482 ns, Reaching safepoint: 42702 ns, At safepoint: 3059113 ns, Total: 3101815 ns
[2249.208s][info ][safepoint      ] Safepoint "Cleanup", Time since last: 4000314981 ns, Reaching safepoint: 127405 ns, At safepoint: 12200 ns, Total: 139605 ns
[2253.208s][info ][safepoint      ] Safepoint "Cleanup", Time since last: 4000314650 ns, Reaching safepoint: 119804 ns, At safepoint: 11600 ns, Total: 131404 ns
[2263.209s][info ][safepoint      ] Safepoint "Cleanup", Time since last: 10000755846 ns, Reaching safepoint: 70402 ns, At safepoint: 34702 ns, Total: 105104 ns
[2264.209s][info ][safepoint      ] Safepoint "Cleanup", Time since last: 1000109053 ns, Reaching safepoint: 57302 ns, At safepoint: 10401 ns, Total: 67703 ns
[2265.209s][info ][safepoint      ] Safepoint "Cleanup", Time since last: 1000108215 ns, Reaching safepoint: 57302 ns, At safepoint: 4100 ns, Total: 61402 ns
[2274.877s][info ][gc,start       ] GC(166) Pause Young (Allocation Failure)
[2274.880s][debug][gc,phases      ] GC(166) Scavenge 2.626ms
[2274.880s][debug][gc,ref         ] GC(166) Skipped phase 1 of Reference Processing: no references
[2274.880s][debug][gc,ref         ] GC(166) Skipped phase 3 of Reference Processing: no references
[2274.880s][debug][gc,phases      ] GC(166) Reference Processing 0.023ms
[2274.880s][debug][gc,phases      ] GC(166) Weak Processing 0.568ms
[2274.880s][debug][gc,age         ] GC(166) Desired survivor size 20447232 bytes, new threshold 15 (max threshold 15)
[2274.880s][info ][gc,heap        ] GC(166) PSYoungGen: 2058320K(2076160K)->4400K(2075136K) Eden: 2054144K(2054144K)->0K(2054144K) From: 4176K(22016K)->4400K(20992K)
[2274.880s][info ][gc,heap        ] GC(166) ParOldGen: 376813K(493056K)->376865K(493056K)
[2274.880s][info ][gc,metaspace   ] GC(166) Metaspace: 81772K(82432K)->81772K(82432K) NonClass: 70752K(71104K)->70752K(71104K) Class: 11019K(11328K)->11019K(11328K)
[2274.880s][info ][gc             ] GC(166) Pause Young (Allocation Failure) 2378M->372M(2508M) 3.352ms
[2274.880s][info ][gc,cpu         ] GC(166) User=0.01s Sys=0.00s Real=0.00s
[2274.880s][info ][safepoint      ] Safepoint "ParallelGCFailedAllocation", Time since last: 9667545183 ns, Reaching safepoint: 111004 ns, At safepoint: 3436824 ns, Total: 3547828 ns
[2275.881s][info ][safepoint      ] Safepoint "Cleanup", Time since last: 1000118811 ns, Reaching safepoint: 51602 ns, At safepoint: 4400 ns, Total: 56002 ns
[2276.881s][info ][safepoint      ] Safepoint "Cleanup", Time since last: 1000103874 ns, Reaching safepoint: 51602 ns, At safepoint: 8500 ns, Total: 60102 ns
[2291.882s][info ][safepoint      ] Safepoint "Cleanup", Time since last: 15001012346 ns, Reaching safepoint: 51602 ns, At safepoint: 10200 ns, Total: 61802 ns
[2295.882s][info ][safepoint      ] Safepoint "Cleanup", Time since last: 4000350121 ns, Reaching safepoint: 56902 ns, At safepoint: 7500 ns, Total: 64402 ns
[2298.883s][info ][safepoint      ] Safepoint "Cleanup", Time since last: 3000269312 ns, Reaching safepoint: 73703 ns, At safepoint: 11500 ns, Total: 85203 ns
[2301.883s][info ][safepoint      ] Safepoint "Cleanup", Time since last: 3000239189 ns, Reaching safepoint: 50502 ns, At safepoint: 4900 ns, Total: 55402 ns
[2306.402s][info ][gc,start       ] GC(167) Pause Young (Allocation Failure)
[2306.405s][debug][gc,phases      ] GC(167) Scavenge 2.316ms
[2306.405s][debug][gc,ref         ] GC(167) Skipped phase 1 of Reference Processing: no references
[2306.405s][debug][gc,ref         ] GC(167) Skipped phase 3 of Reference Processing: no references
[2306.405s][debug][gc,phases      ] GC(167) Reference Processing 0.036ms
[2306.405s][debug][gc,phases      ] GC(167) Weak Processing 0.548ms
[2306.405s][debug][gc,age         ] GC(167) Desired survivor size 18874368 bytes, new threshold 15 (max threshold 15)
[2306.405s][info ][gc,heap        ] GC(167) PSYoungGen: 2058544K(2075136K)->4464K(2078720K) Eden: 2054144K(2054144K)->0K(2058752K) From: 4400K(20992K)->4464K(19968K)
[2306.405s][info ][gc,heap        ] GC(167) ParOldGen: 376865K(493056K)->377049K(493056K)
[2306.405s][info ][gc,metaspace   ] GC(167) Metaspace: 81788K(82496K)->81788K(82496K) NonClass: 70766K(71168K)->70766K(71168K) Class: 11021K(11328K)->11021K(11328K)
[2306.405s][info ][gc             ] GC(167) Pause Young (Allocation Failure) 2378M->372M(2511M) 3.056ms
[2306.405s][info ][gc,cpu         ] GC(167) User=0.00s Sys=0.01s Real=0.00s
[2306.405s][info ][safepoint      ] Safepoint "ParallelGCFailedAllocation", Time since last: 4519148438 ns, Reaching safepoint: 60302 ns, At safepoint: 3140809 ns, Total: 3201111 ns
[2316.406s][info ][safepoint      ] Safepoint "Cleanup", Time since last: 10000645871 ns, Reaching safepoint: 138605 ns, At safepoint: 13800 ns, Total: 152405 ns
[2322.407s][info ][safepoint      ] Safepoint "Cleanup", Time since last: 6000490283 ns, Reaching safepoint: 135805 ns, At safepoint: 11200 ns, Total: 147005 ns
[2330.407s][info ][safepoint      ] Safepoint "Cleanup", Time since last: 8000615632 ns, Reaching safepoint: 115304 ns, At safepoint: 10900 ns, Total: 126204 ns
[2334.408s][info ][safepoint      ] Safepoint "Cleanup", Time since last: 4000294656 ns, Reaching safepoint: 120104 ns, At safepoint: 7400 ns, Total: 127504 ns
[2336.453s][info ][gc,start       ] GC(168) Pause Young (Allocation Failure)
[2336.455s][debug][gc,phases      ] GC(168) Scavenge 2.482ms
[2336.455s][debug][gc,ref         ] GC(168) Skipped phase 1 of Reference Processing: no references
[2336.455s][debug][gc,ref         ] GC(168) Skipped phase 3 of Reference Processing: no references
[2336.455s][debug][gc,phases      ] GC(168) Reference Processing 0.023ms
[2336.456s][debug][gc,phases      ] GC(168) Weak Processing 0.537ms
[2336.456s][debug][gc,age         ] GC(168) Desired survivor size 17825792 bytes, new threshold 15 (max threshold 15)
[2336.456s][info ][gc,heap        ] GC(168) PSYoungGen: 2063216K(2078720K)->4400K(2077184K) Eden: 2058752K(2058752K)->0K(2058752K) From: 4464K(19968K)->4400K(18432K)
[2336.456s][info ][gc,heap        ] GC(168) ParOldGen: 377049K(493056K)->377073K(493056K)
[2336.456s][info ][gc,metaspace   ] GC(168) Metaspace: 81792K(82496K)->81792K(82496K) NonClass: 70770K(71168K)->70770K(71168K) Class: 11021K(11328K)->11021K(11328K)
[2336.456s][info ][gc             ] GC(168) Pause Young (Allocation Failure) 2383M->372M(2510M) 3.182ms
[2336.456s][info ][gc,cpu         ] GC(168) User=0.01s Sys=0.00s Real=0.01s
[2336.456s][info ][safepoint      ] Safepoint "ParallelGCFailedAllocation", Time since last: 2044684082 ns, Reaching safepoint: 38301 ns, At safepoint: 3284811 ns, Total: 3323112 ns
[2341.456s][info ][safepoint      ] Safepoint "Cleanup", Time since last: 5000288853 ns, Reaching safepoint: 134204 ns, At safepoint: 15801 ns, Total: 150005 ns
[2343.457s][info ][safepoint      ] Safepoint "Cleanup", Time since last: 2000189113 ns, Reaching safepoint: 133804 ns, At safepoint: 11601 ns, Total: 145405 ns
[2345.457s][info ][safepoint      ] Safepoint "Cleanup", Time since last: 2000178281 ns, Reaching safepoint: 116704 ns, At safepoint: 8300 ns, Total: 125004 ns
[2356.458s][info ][safepoint      ] Safepoint "Cleanup", Time since last: 11000815269 ns, Reaching safepoint: 137205 ns, At safepoint: 40801 ns, Total: 178006 ns
[2366.455s][info ][gc,start       ] GC(169) Pause Young (Allocation Failure)
[2366.457s][debug][gc,phases      ] GC(169) Scavenge 2.504ms
[2366.457s][debug][gc,ref         ] GC(169) Skipped phase 1 of Reference Processing: no references
[2366.457s][debug][gc,ref         ] GC(169) Skipped phase 3 of Reference Processing: no references
[2366.457s][debug][gc,phases      ] GC(169) Reference Processing 0.023ms
[2366.458s][debug][gc,phases      ] GC(169) Weak Processing 0.563ms
[2366.458s][debug][gc,age         ] GC(169) Desired survivor size 16777216 bytes, new threshold 15 (max threshold 15)
[2366.458s][info ][gc,heap        ] GC(169) PSYoungGen: 2063152K(2077184K)->4528K(2080768K) Eden: 2058752K(2058752K)->0K(2063360K) From: 4400K(18432K)->4528K(17408K)
[2366.458s][info ][gc,heap        ] GC(169) ParOldGen: 377073K(493056K)->377105K(493056K)
[2366.458s][info ][gc,metaspace   ] GC(169) Metaspace: 81807K(82496K)->81807K(82496K) NonClass: 70785K(71168K)->70785K(71168K) Class: 11021K(11328K)->11021K(11328K)
[2366.458s][info ][gc             ] GC(169) Pause Young (Allocation Failure) 2383M->372M(2513M) 3.230ms
[2366.458s][info ][gc,cpu         ] GC(169) User=0.01s Sys=0.01s Real=0.00s
[2366.458s][info ][safepoint      ] Safepoint "ParallelGCFailedAllocation", Time since last: 9996445891 ns, Reaching safepoint: 59802 ns, At safepoint: 3315509 ns, Total: 3375311 ns
[2367.458s][info ][safepoint      ] Safepoint "Cleanup", Time since last: 1000103871 ns, Reaching safepoint: 137004 ns, At safepoint: 9100 ns, Total: 146104 ns
[2369.458s][info ][safepoint      ] Safepoint "Cleanup", Time since last: 2000187147 ns, Reaching safepoint: 63202 ns, At safepoint: 3401 ns, Total: 66603 ns
[2380.459s][info ][safepoint      ] Safepoint "Cleanup", Time since last: 11000816736 ns, Reaching safepoint: 54002 ns, At safepoint: 10600 ns, Total: 64602 ns
[2384.460s][info ][safepoint      ] Safepoint "Cleanup", Time since last: 4000333068 ns, Reaching safepoint: 121704 ns, At safepoint: 11000 ns, Total: 132704 ns
[2385.460s][info ][safepoint      ] Safepoint "Cleanup", Time since last: 1000119618 ns, Reaching safepoint: 45201 ns, At safepoint: 37701 ns, Total: 82902 ns
[2386.460s][info ][safepoint      ] Safepoint "Cleanup", Time since last: 1000105687 ns, Reaching safepoint: 50502 ns, At safepoint: 5300 ns, Total: 55802 ns
[2389.460s][info ][safepoint      ] Safepoint "Cleanup", Time since last: 3000241977 ns, Reaching safepoint: 55602 ns, At safepoint: 9600 ns, Total: 65202 ns
[2398.986s][info ][gc,start       ] GC(170) Pause Young (Allocation Failure)
[2398.989s][debug][gc,phases      ] GC(170) Scavenge 2.387ms
[2398.989s][debug][gc,ref         ] GC(170) Skipped phase 1 of Reference Processing: no references
[2398.989s][debug][gc,ref         ] GC(170) Skipped phase 3 of Reference Processing: no references
[2398.989s][debug][gc,phases      ] GC(170) Reference Processing 0.023ms
[2398.989s][debug][gc,phases      ] GC(170) Weak Processing 0.541ms
[2398.989s][debug][gc,age         ] GC(170) Desired survivor size 16252928 bytes, new threshold 15 (max threshold 15)
[2398.989s][info ][gc,heap        ] GC(170) PSYoungGen: 2067888K(2080768K)->4720K(2079744K) Eden: 2063360K(2063360K)->0K(2063360K) From: 4528K(17408K)->4720K(16384K)
[2398.989s][info ][gc,heap        ] GC(170) ParOldGen: 377105K(493056K)->377153K(493056K)
[2398.989s][info ][gc,metaspace   ] GC(170) Metaspace: 81813K(82496K)->81813K(82496K) NonClass: 70791K(71168K)->70791K(71168K) Class: 11021K(11328K)->11021K(11328K)
[2398.990s][info ][gc             ] GC(170) Pause Young (Allocation Failure) 2387M->372M(2512M) 3.106ms
[2398.990s][info ][gc,cpu         ] GC(170) User=0.01s Sys=0.00s Real=0.00s
[2398.990s][info ][safepoint      ] Safepoint "ParallelGCFailedAllocation", Time since last: 9525989622 ns, Reaching safepoint: 59202 ns, At safepoint: 3195002 ns, Total: 3254204 ns
[2412.132s][info ][safepoint      ] Safepoint "Cleanup", Time since last: 13142495649 ns, Reaching safepoint: 61502 ns, At safepoint: 11500 ns, Total: 73002 ns
[2422.133s][info ][safepoint      ] Safepoint "Cleanup", Time since last: 10000732334 ns, Reaching safepoint: 48801 ns, At safepoint: 4901 ns, Total: 53702 ns
[2426.133s][info ][safepoint      ] Safepoint "Cleanup", Time since last: 4000303803 ns, Reaching safepoint: 64602 ns, At safepoint: 10800 ns, Total: 75402 ns
[2429.134s][info ][safepoint      ] Safepoint "Cleanup", Time since last: 3000237035 ns, Reaching safepoint: 54502 ns, At safepoint: 9500 ns, Total: 64002 ns
[2430.308s][info ][gc,start       ] GC(171) Pause Young (Allocation Failure)
[2430.311s][debug][gc,phases      ] GC(171) Scavenge 2.544ms
[2430.311s][debug][gc,ref         ] GC(171) Skipped phase 1 of Reference Processing: no references
[2430.311s][debug][gc,ref         ] GC(171) Skipped phase 3 of Reference Processing: no references
[2430.311s][debug][gc,phases      ] GC(171) Reference Processing 0.024ms
[2430.312s][debug][gc,phases      ] GC(171) Weak Processing 0.563ms
[2430.312s][debug][gc,age         ] GC(171) Desired survivor size 15204352 bytes, new threshold 15 (max threshold 15)
[2430.312s][info ][gc,heap        ] GC(171) PSYoungGen: 2068080K(2079744K)->4752K(2082304K) Eden: 2063360K(2063360K)->0K(2066432K) From: 4720K(16384K)->4752K(15872K)
[2430.312s][info ][gc,heap        ] GC(171) ParOldGen: 377153K(493056K)->377185K(493056K)
[2430.312s][info ][gc,metaspace   ] GC(171) Metaspace: 81831K(82496K)->81831K(82496K) NonClass: 70806K(71168K)->70806K(71168K) Class: 11025K(11328K)->11025K(11328K)
[2430.312s][info ][gc             ] GC(171) Pause Young (Allocation Failure) 2387M->372M(2515M) 3.280ms
[2430.312s][info ][gc,cpu         ] GC(171) User=0.01s Sys=0.00s Real=0.00s
[2430.312s][info ][safepoint      ] Safepoint "ParallelGCFailedAllocation", Time since last: 1174726820 ns, Reaching safepoint: 32201 ns, At safepoint: 3372005 ns, Total: 3404206 ns
[2448.313s][info ][safepoint      ] Safepoint "Cleanup", Time since last: 18001217934 ns, Reaching safepoint: 50301 ns, At safepoint: 33101 ns, Total: 83402 ns
[2450.313s][info ][safepoint      ] Safepoint "Cleanup", Time since last: 2000168376 ns, Reaching safepoint: 52102 ns, At safepoint: 3700 ns, Total: 55802 ns
[2456.314s][info ][safepoint      ] Safepoint "Cleanup", Time since last: 6000481191 ns, Reaching safepoint: 52302 ns, At safepoint: 7900 ns, Total: 60202 ns
[2462.445s][info ][gc,start       ] GC(172) Pause Young (Allocation Failure)
[2462.447s][debug][gc,phases      ] GC(172) Scavenge 2.346ms
[2462.447s][debug][gc,ref         ] GC(172) Skipped phase 1 of Reference Processing: no references
[2462.447s][debug][gc,ref         ] GC(172) Skipped phase 3 of Reference Processing: no references
[2462.448s][debug][gc,phases      ] GC(172) Reference Processing 0.028ms
[2462.448s][debug][gc,phases      ] GC(172) Weak Processing 0.553ms
[2462.448s][debug][gc,age         ] GC(172) Desired survivor size 14155776 bytes, new threshold 15 (max threshold 15)
[2462.448s][info ][gc,heap        ] GC(172) PSYoungGen: 2071184K(2082304K)->4704K(2081280K) Eden: 2066432K(2066432K)->0K(2066432K) From: 4752K(15872K)->4704K(14848K)
[2462.448s][info ][gc,heap        ] GC(172) ParOldGen: 377185K(493056K)->377225K(493056K)
[2462.448s][info ][gc,metaspace   ] GC(172) Metaspace: 81835K(82496K)->81835K(82496K) NonClass: 70809K(71168K)->70809K(71168K) Class: 11025K(11328K)->11025K(11328K)
[2462.448s][info ][gc             ] GC(172) Pause Young (Allocation Failure) 2390M->372M(2514M) 3.081ms
[2462.448s][info ][gc,cpu         ] GC(172) User=0.01s Sys=0.00s Real=0.01s
[2462.448s][info ][safepoint      ] Safepoint "ParallelGCFailedAllocation", Time since last: 6131177272 ns, Reaching safepoint: 47401 ns, At safepoint: 3168096 ns, Total: 3215497 ns
[2464.207s][info ][safepoint      ] Safepoint "Cleanup", Time since last: 1758374680 ns, Reaching safepoint: 278608 ns, At safepoint: 11300 ns, Total: 289908 ns
[2465.207s][info ][safepoint      ] Safepoint "Cleanup", Time since last: 1000098685 ns, Reaching safepoint: 131104 ns, At safepoint: 10100 ns, Total: 141204 ns
[2466.207s][info ][safepoint      ] Safepoint "Cleanup", Time since last: 1000119959 ns, Reaching safepoint: 134504 ns, At safepoint: 9200 ns, Total: 143704 ns
[2468.208s][info ][safepoint      ] Safepoint "Cleanup", Time since last: 2000142438 ns, Reaching safepoint: 123704 ns, At safepoint: 6800 ns, Total: 130504 ns
[2469.208s][info ][safepoint      ] Safepoint "Cleanup", Time since last: 1000108982 ns, Reaching safepoint: 125603 ns, At safepoint: 14401 ns, Total: 140004 ns
[2470.208s][info ][safepoint      ] Safepoint "Cleanup", Time since last: 1000119556 ns, Reaching safepoint: 127804 ns, At safepoint: 11700 ns, Total: 139504 ns
[2471.208s][info ][safepoint      ] Safepoint "Cleanup", Time since last: 1000088630 ns, Reaching safepoint: 125004 ns, At safepoint: 10500 ns, Total: 135504 ns
[2472.209s][info ][safepoint      ] Safepoint "Cleanup", Time since last: 1000122405 ns, Reaching safepoint: 63402 ns, At safepoint: 7800 ns, Total: 71202 ns
[2473.209s][info ][safepoint      ] Safepoint "Cleanup", Time since last: 1000117480 ns, Reaching safepoint: 68202 ns, At safepoint: 14200 ns, Total: 82402 ns
[2475.209s][info ][safepoint      ] Safepoint "Cleanup", Time since last: 2000189382 ns, Reaching safepoint: 64402 ns, At safepoint: 7000 ns, Total: 71402 ns
[2476.209s][info ][safepoint      ] Safepoint "Cleanup", Time since last: 1000120903 ns, Reaching safepoint: 110003 ns, At safepoint: 15401 ns, Total: 125404 ns
[2482.210s][info ][safepoint      ] Safepoint "Cleanup", Time since last: 6000463183 ns, Reaching safepoint: 60802 ns, At safepoint: 6500 ns, Total: 67302 ns
[2487.210s][info ][safepoint      ] Safepoint "Cleanup", Time since last: 5000384582 ns, Reaching safepoint: 73102 ns, At safepoint: 11700 ns, Total: 84802 ns
[2490.211s][info ][safepoint      ] Safepoint "Cleanup", Time since last: 3000222431 ns, Reaching safepoint: 78903 ns, At safepoint: 12600 ns, Total: 91503 ns
[2493.957s][info ][gc,start       ] GC(173) Pause Young (Allocation Failure)
[2493.960s][debug][gc,phases      ] GC(173) Scavenge 2.818ms
[2493.960s][debug][gc,ref         ] GC(173) Skipped phase 1 of Reference Processing: no references
[2493.960s][debug][gc,ref         ] GC(173) Skipped phase 3 of Reference Processing: no references
[2493.960s][debug][gc,phases      ] GC(173) Reference Processing 0.059ms
[2493.961s][debug][gc,phases      ] GC(173) Weak Processing 0.733ms
[2493.961s][debug][gc,age         ] GC(173) Desired survivor size 14155776 bytes, new threshold 15 (max threshold 15)
[2493.961s][info ][gc,heap        ] GC(173) PSYoungGen: 2071136K(2081280K)->7136K(2083328K) Eden: 2066432K(2066432K)->0K(2069504K) From: 4704K(14848K)->7136K(13824K)
[2493.961s][info ][gc,heap        ] GC(173) ParOldGen: 377225K(493056K)->377573K(493056K)
[2493.961s][info ][gc,metaspace   ] GC(173) Metaspace: 81914K(82560K)->81914K(82560K) NonClass: 70879K(71232K)->70879K(71232K) Class: 11034K(11328K)->11034K(11328K)
[2493.961s][info ][gc             ] GC(173) Pause Young (Allocation Failure) 2390M->375M(2516M) 3.775ms
[2493.961s][info ][gc,cpu         ] GC(173) User=0.01s Sys=0.00s Real=0.00s
[2493.961s][info ][safepoint      ] Safepoint "ParallelGCFailedAllocation", Time since last: 3746681048 ns, Reaching safepoint: 42201 ns, At safepoint: 3876413 ns, Total: 3918614 ns
[2498.962s][info ][safepoint      ] Safepoint "Cleanup", Time since last: 5000364136 ns, Reaching safepoint: 57402 ns, At safepoint: 9300 ns, Total: 66702 ns
[2506.962s][info ][safepoint      ] Safepoint "Cleanup", Time since last: 8000559042 ns, Reaching safepoint: 119203 ns, At safepoint: 7300 ns, Total: 126503 ns
[2516.963s][info ][safepoint      ] Safepoint "Cleanup", Time since last: 10000712361 ns, Reaching safepoint: 50602 ns, At safepoint: 28301 ns, Total: 78903 ns
[2520.963s][info ][safepoint      ] Safepoint "Cleanup", Time since last: 4000272907 ns, Reaching safepoint: 48902 ns, At safepoint: 6800 ns, Total: 55702 ns
[2525.353s][info ][gc,start       ] GC(174) Pause Young (Allocation Failure)
[2525.355s][debug][gc,phases      ] GC(174) Scavenge 2.653ms
[2525.356s][debug][gc,ref         ] GC(174) Skipped phase 1 of Reference Processing: no references
[2525.356s][debug][gc,ref         ] GC(174) Skipped phase 3 of Reference Processing: no references
[2525.356s][debug][gc,phases      ] GC(174) Reference Processing 0.032ms
[2525.356s][debug][gc,phases      ] GC(174) Weak Processing 0.543ms
[2525.356s][debug][gc,age         ] GC(174) Desired survivor size 14155776 bytes, new threshold 15 (max threshold 15)
[2525.356s][info ][gc,heap        ] GC(174) PSYoungGen: 2076640K(2083328K)->7360K(2083328K) Eden: 2069504K(2069504K)->0K(2069504K) From: 7136K(13824K)->7360K(13824K)
[2525.356s][info ][gc,heap        ] GC(174) ParOldGen: 377573K(493056K)->377669K(493056K)
[2525.356s][info ][gc,metaspace   ] GC(174) Metaspace: 81924K(82560K)->81924K(82560K) NonClass: 70890K(71232K)->70890K(71232K) Class: 11034K(11328K)->11034K(11328K)
[2525.356s][info ][gc             ] GC(174) Pause Young (Allocation Failure) 2396M->376M(2516M) 3.362ms
[2525.356s][info ][gc,cpu         ] GC(174) User=0.01s Sys=0.00s Real=0.01s
[2525.356s][info ][safepoint      ] Safepoint "ParallelGCFailedAllocation", Time since last: 4389220025 ns, Reaching safepoint: 107403 ns, At safepoint: 3450798 ns, Total: 3558201 ns
[2528.357s][info ][safepoint      ] Safepoint "Cleanup", Time since last: 3000230710 ns, Reaching safepoint: 124403 ns, At safepoint: 11501 ns, Total: 135904 ns
[2555.965s][info ][gc,start       ] GC(175) Pause Young (Allocation Failure)
[2555.968s][debug][gc,phases      ] GC(175) Scavenge 2.876ms
[2555.968s][debug][gc,ref         ] GC(175) Skipped phase 1 of Reference Processing: no references
[2555.968s][debug][gc,ref         ] GC(175) Skipped phase 3 of Reference Processing: no references
[2555.968s][debug][gc,phases      ] GC(175) Reference Processing 0.044ms
[2555.968s][debug][gc,phases      ] GC(175) Weak Processing 0.703ms
[2555.969s][debug][gc,age         ] GC(175) Desired survivor size 13631488 bytes, new threshold 15 (max threshold 15)
[2555.969s][info ][gc,heap        ] GC(175) PSYoungGen: 2076864K(2083328K)->7264K(2083840K) Eden: 2069504K(2069504K)->0K(2070016K) From: 7360K(13824K)->7264K(13824K)
[2555.969s][info ][gc,heap        ] GC(175) ParOldGen: 377669K(493056K)->377701K(493056K)
[2555.969s][info ][gc,metaspace   ] GC(175) Metaspace: 81932K(82560K)->81932K(82560K) NonClass: 70897K(71232K)->70897K(71232K) Class: 11034K(11328K)->11034K(11328K)
[2555.969s][info ][gc             ] GC(175) Pause Young (Allocation Failure) 2397M->375M(2516M) 3.800ms
[2555.969s][info ][gc,cpu         ] GC(175) User=0.01s Sys=0.00s Real=0.01s
[2555.969s][info ][safepoint      ] Safepoint "ParallelGCFailedAllocation", Time since last: 27608048040 ns, Reaching safepoint: 108303 ns, At safepoint: 3946310 ns, Total: 4054613 ns
[2564.969s][info ][safepoint      ] Safepoint "Cleanup", Time since last: 9000623821 ns, Reaching safepoint: 55601 ns, At safepoint: 5400 ns, Total: 61001 ns
[2572.970s][info ][safepoint      ] Safepoint "Cleanup", Time since last: 8000564950 ns, Reaching safepoint: 51201 ns, At safepoint: 30101 ns, Total: 81302 ns
[2577.970s][info ][safepoint      ] Safepoint "Cleanup", Time since last: 5000384338 ns, Reaching safepoint: 65702 ns, At safepoint: 8500 ns, Total: 74202 ns
[2578.971s][info ][safepoint      ] Safepoint "Cleanup", Time since last: 1000121546 ns, Reaching safepoint: 43601 ns, At safepoint: 4501 ns, Total: 48102 ns
[2579.971s][info ][safepoint      ] Safepoint "Cleanup", Time since last: 1000128825 ns, Reaching safepoint: 50202 ns, At safepoint: 4100 ns, Total: 54302 ns
[2581.971s][info ][safepoint      ] Safepoint "Cleanup", Time since last: 2000177188 ns, Reaching safepoint: 49501 ns, At safepoint: 4200 ns, Total: 53701 ns
[2582.971s][info ][safepoint      ] Safepoint "Cleanup", Time since last: 1000086163 ns, Reaching safepoint: 56902 ns, At safepoint: 4000 ns, Total: 60902 ns
[2584.555s][info ][gc,start       ] GC(176) Pause Young (Allocation Failure)
[2584.557s][debug][gc,phases      ] GC(176) Scavenge 2.635ms
[2584.557s][debug][gc,ref         ] GC(176) Skipped phase 1 of Reference Processing: no references
[2584.557s][debug][gc,ref         ] GC(176) Skipped phase 3 of Reference Processing: no references
[2584.557s][debug][gc,phases      ] GC(176) Reference Processing 0.031ms
[2584.558s][debug][gc,phases      ] GC(176) Weak Processing 0.541ms
[2584.558s][debug][gc,age         ] GC(176) Desired survivor size 13631488 bytes, new threshold 15 (max threshold 15)
[2584.558s][info ][gc,heap        ] GC(176) PSYoungGen: 2077280K(2083840K)->7200K(2083328K) Eden: 2070016K(2070016K)->0K(2070016K) From: 7264K(13824K)->7200K(13312K)
[2584.558s][info ][gc,heap        ] GC(176) ParOldGen: 377701K(493056K)->377753K(493056K)
[2584.558s][info ][gc,metaspace   ] GC(176) Metaspace: 81935K(82624K)->81935K(82624K) NonClass: 70901K(71296K)->70901K(71296K) Class: 11034K(11328K)->11034K(11328K)
[2584.558s][info ][gc             ] GC(176) Pause Young (Allocation Failure) 2397M->375M(2516M) 3.358ms
[2584.558s][info ][gc,cpu         ] GC(176) User=0.01s Sys=0.00s Real=0.00s
[2584.558s][info ][safepoint      ] Safepoint "ParallelGCFailedAllocation", Time since last: 1583277021 ns, Reaching safepoint: 72301 ns, At safepoint: 3451694 ns, Total: 3523995 ns
[2588.558s][info ][safepoint      ] Safepoint "Cleanup", Time since last: 4000327017 ns, Reaching safepoint: 118503 ns, At safepoint: 10001 ns, Total: 128504 ns
[2595.559s][info ][safepoint      ] Safepoint "Cleanup", Time since last: 7000515572 ns, Reaching safepoint: 134404 ns, At safepoint: 11000 ns, Total: 145404 ns
[2602.560s][info ][safepoint      ] Safepoint "Cleanup", Time since last: 7000559493 ns, Reaching safepoint: 124903 ns, At safepoint: 15901 ns, Total: 140804 ns
[2610.561s][info ][safepoint      ] Safepoint "Cleanup", Time since last: 8000588534 ns, Reaching safepoint: 130503 ns, At safepoint: 15301 ns, Total: 145804 ns
[2614.672s][info ][gc,start       ] GC(177) Pause Young (Allocation Failure)
[2614.675s][debug][gc,phases      ] GC(177) Scavenge 2.635ms
[2614.675s][debug][gc,ref         ] GC(177) Skipped phase 1 of Reference Processing: no references
[2614.675s][debug][gc,ref         ] GC(177) Skipped phase 3 of Reference Processing: no references
[2614.675s][debug][gc,phases      ] GC(177) Reference Processing 0.031ms
[2614.675s][debug][gc,phases      ] GC(177) Weak Processing 0.583ms
[2614.675s][debug][gc,age         ] GC(177) Desired survivor size 13107200 bytes, new threshold 15 (max threshold 15)
[2614.675s][info ][gc,heap        ] GC(177) PSYoungGen: 2077216K(2083328K)->7024K(2084352K) Eden: 2070016K(2070016K)->0K(2071040K) From: 7200K(13312K)->7024K(13312K)
[2614.675s][info ][gc,heap        ] GC(177) ParOldGen: 377753K(493056K)->377793K(493056K)
[2614.675s][info ][gc,metaspace   ] GC(177) Metaspace: 81935K(82624K)->81935K(82624K) NonClass: 70901K(71296K)->70901K(71296K) Class: 11034K(11328K)->11034K(11328K)
[2614.675s][info ][gc             ] GC(177) Pause Young (Allocation Failure) 2397M->375M(2517M) 3.395ms
[2614.675s][info ][gc,cpu         ] GC(177) User=0.01s Sys=0.00s Real=0.01s
[2614.675s][info ][safepoint      ] Safepoint "ParallelGCFailedAllocation", Time since last: 4111434807 ns, Reaching safepoint: 32601 ns, At safepoint: 3485493 ns, Total: 3518094 ns
[2632.677s][info ][safepoint      ] Safepoint "Cleanup", Time since last: 18001224391 ns, Reaching safepoint: 58102 ns, At safepoint: 7900 ns, Total: 66002 ns
[2633.677s][info ][safepoint      ] Safepoint "Cleanup", Time since last: 1000124872 ns, Reaching safepoint: 55902 ns, At safepoint: 5000 ns, Total: 60902 ns
[2634.677s][info ][safepoint      ] Safepoint "Cleanup", Time since last: 1000103153 ns, Reaching safepoint: 59701 ns, At safepoint: 9001 ns, Total: 68702 ns
[2645.005s][info ][gc,start       ] GC(178) Pause Young (Allocation Failure)
[2645.008s][debug][gc,phases      ] GC(178) Scavenge 2.578ms
[2645.008s][debug][gc,ref         ] GC(178) Skipped phase 1 of Reference Processing: no references
[2645.008s][debug][gc,ref         ] GC(178) Skipped phase 3 of Reference Processing: no references
[2645.008s][debug][gc,phases      ] GC(178) Reference Processing 0.037ms
[2645.008s][debug][gc,phases      ] GC(178) Weak Processing 0.578ms
[2645.008s][debug][gc,age         ] GC(178) Desired survivor size 13107200 bytes, new threshold 15 (max threshold 15)
[2645.008s][info ][gc,heap        ] GC(178) PSYoungGen: 2078064K(2084352K)->6832K(2083840K) Eden: 2071040K(2071040K)->0K(2071040K) From: 7024K(13312K)->6832K(12800K)
[2645.008s][info ][gc,heap        ] GC(178) ParOldGen: 377793K(493056K)->377873K(493056K)
[2645.008s][info ][gc,metaspace   ] GC(178) Metaspace: 81943K(82624K)->81943K(82624K) NonClass: 70908K(71296K)->70908K(71296K) Class: 11034K(11328K)->11034K(11328K)
[2645.008s][info ][gc             ] GC(178) Pause Young (Allocation Failure) 2398M->375M(2516M) 3.347ms
[2645.008s][info ][gc,cpu         ] GC(178) User=0.01s Sys=0.00s Real=0.01s
[2645.008s][info ][safepoint      ] Safepoint "ParallelGCFailedAllocation", Time since last: 10327650522 ns, Reaching safepoint: 59002 ns, At safepoint: 3439490 ns, Total: 3498492 ns
[2652.009s][info ][safepoint      ] Safepoint "Cleanup", Time since last: 7000499928 ns, Reaching safepoint: 63001 ns, At safepoint: 8800 ns, Total: 71801 ns
[2653.009s][info ][safepoint      ] Safepoint "Cleanup", Time since last: 1000139520 ns, Reaching safepoint: 116903 ns, At safepoint: 9900 ns, Total: 126803 ns
[2664.010s][info ][safepoint      ] Safepoint "Cleanup", Time since last: 11000785321 ns, Reaching safepoint: 158104 ns, At safepoint: 12200 ns, Total: 170304 ns
[2668.010s][info ][safepoint      ] Safepoint "Cleanup", Time since last: 4000319017 ns, Reaching safepoint: 37401 ns, At safepoint: 10900 ns, Total: 48301 ns
[2676.226s][info ][gc,start       ] GC(179) Pause Young (Allocation Failure)
[2676.229s][debug][gc,phases      ] GC(179) Scavenge 2.744ms
[2676.229s][debug][gc,ref         ] GC(179) Skipped phase 1 of Reference Processing: no references
[2676.229s][debug][gc,ref         ] GC(179) Skipped phase 3 of Reference Processing: no references
[2676.229s][debug][gc,phases      ] GC(179) Reference Processing 0.029ms
[2676.230s][debug][gc,phases      ] GC(179) Weak Processing 0.559ms
[2676.230s][debug][gc,age         ] GC(179) Desired survivor size 12582912 bytes, new threshold 15 (max threshold 15)
[2676.230s][info ][gc,heap        ] GC(179) PSYoungGen: 2077872K(2083840K)->6960K(2084864K) Eden: 2071040K(2071040K)->0K(2072064K) From: 6832K(12800K)->6960K(12800K)
[2676.230s][info ][gc,heap        ] GC(179) ParOldGen: 377873K(493056K)->377921K(493056K)
[2676.230s][info ][gc,metaspace   ] GC(179) Metaspace: 81943K(82624K)->81943K(82624K) NonClass: 70908K(71296K)->70908K(71296K) Class: 11034K(11328K)->11034K(11328K)
[2676.230s][info ][gc             ] GC(179) Pause Young (Allocation Failure) 2398M->375M(2517M) 3.466ms
[2676.230s][info ][gc,cpu         ] GC(179) User=0.01s Sys=0.00s Real=0.00s
[2676.230s][info ][safepoint      ] Safepoint "ParallelGCFailedAllocation", Time since last: 8215704386 ns, Reaching safepoint: 53901 ns, At safepoint: 3563391 ns, Total: 3617292 ns
[2686.231s][info ][safepoint      ] Safepoint "Cleanup", Time since last: 10000722074 ns, Reaching safepoint: 54401 ns, At safepoint: 9400 ns, Total: 63801 ns
[2687.231s][info ][safepoint      ] Safepoint "Cleanup", Time since last: 1000122626 ns, Reaching safepoint: 59402 ns, At safepoint: 5700 ns, Total: 65102 ns
[2695.231s][info ][safepoint      ] Safepoint "Cleanup", Time since last: 8000573296 ns, Reaching safepoint: 60102 ns, At safepoint: 9100 ns, Total: 69202 ns
[2702.232s][info ][safepoint      ] Safepoint "Cleanup", Time since last: 7000552282 ns, Reaching safepoint: 53602 ns, At safepoint: 3800 ns, Total: 57402 ns
[2703.232s][info ][safepoint      ] Safepoint "Cleanup", Time since last: 1000070760 ns, Reaching safepoint: 38001 ns, At safepoint: 4600 ns, Total: 42601 ns
[2707.232s][info ][safepoint      ] Safepoint "Cleanup", Time since last: 4000318881 ns, Reaching safepoint: 57702 ns, At safepoint: 8900 ns, Total: 66602 ns
[2707.852s][info ][gc,start       ] GC(180) Pause Young (Allocation Failure)
[2707.857s][debug][gc,phases      ] GC(180) Scavenge 4.525ms
[2707.857s][debug][gc,ref         ] GC(180) Skipped phase 1 of Reference Processing: no references
[2707.857s][debug][gc,ref         ] GC(180) Skipped phase 3 of Reference Processing: no references
[2707.857s][debug][gc,phases      ] GC(180) Reference Processing 0.029ms
[2707.857s][debug][gc,phases      ] GC(180) Weak Processing 0.583ms
[2707.857s][debug][gc,age         ] GC(180) Desired survivor size 12058624 bytes, new threshold 15 (max threshold 15)
[2707.857s][info ][gc,heap        ] GC(180) PSYoungGen: 2079024K(2084864K)->6944K(2084352K) Eden: 2072064K(2072064K)->0K(2072064K) From: 6960K(12800K)->6944K(12288K)
[2707.857s][info ][gc,heap        ] GC(180) ParOldGen: 377921K(493056K)->377993K(493056K)
[2707.857s][info ][gc,metaspace   ] GC(180) Metaspace: 81945K(82624K)->81945K(82624K) NonClass: 70910K(71296K)->70910K(71296K) Class: 11034K(11328K)->11034K(11328K)
[2707.857s][info ][gc             ] GC(180) Pause Young (Allocation Failure) 2399M->375M(2517M) 5.297ms
[2707.857s][info ][gc,cpu         ] GC(180) User=0.01s Sys=0.00s Real=0.01s
[2707.857s][info ][safepoint      ] Safepoint "ParallelGCFailedAllocation", Time since last: 619436274 ns, Reaching safepoint: 71102 ns, At safepoint: 5388535 ns, Total: 5459637 ns
[2722.859s][info ][safepoint      ] Safepoint "Cleanup", Time since last: 15001057373 ns, Reaching safepoint: 64501 ns, At safepoint: 3600 ns, Total: 68101 ns
[2727.859s][info ][safepoint      ] Safepoint "Cleanup", Time since last: 5000404707 ns, Reaching safepoint: 129503 ns, At safepoint: 12100 ns, Total: 141603 ns
[2729.859s][info ][safepoint      ] Safepoint "Cleanup", Time since last: 2000184495 ns, Reaching safepoint: 46401 ns, At safepoint: 3700 ns, Total: 50101 ns
[2730.859s][info ][safepoint      ] Safepoint "Cleanup", Time since last: 1000110224 ns, Reaching safepoint: 56302 ns, At safepoint: 6200 ns, Total: 62502 ns
[2737.276s][info ][gc,start       ] GC(181) Pause Young (Allocation Failure)
[2737.279s][debug][gc,phases      ] GC(181) Scavenge 2.665ms
[2737.279s][debug][gc,ref         ] GC(181) Skipped phase 1 of Reference Processing: no references
[2737.279s][debug][gc,ref         ] GC(181) Skipped phase 3 of Reference Processing: no references
[2737.279s][debug][gc,phases      ] GC(181) Reference Processing 0.035ms
[2737.279s][debug][gc,phases      ] GC(181) Weak Processing 0.550ms
[2737.279s][debug][gc,age         ] GC(181) Desired survivor size 12058624 bytes, new threshold 15 (max threshold 15)
[2737.279s][info ][gc,heap        ] GC(181) PSYoungGen: 2079008K(2084352K)->6768K(2085376K) Eden: 2072064K(2072064K)->0K(2073600K) From: 6944K(12288K)->6768K(11776K)
[2737.279s][info ][gc,heap        ] GC(181) ParOldGen: 377993K(493056K)->378109K(493056K)
[2737.279s][info ][gc,metaspace   ] GC(181) Metaspace: 81955K(82624K)->81955K(82624K) NonClass: 70920K(71296K)->70920K(71296K) Class: 11034K(11328K)->11034K(11328K)
[2737.279s][info ][gc             ] GC(181) Pause Young (Allocation Failure) 2399M->375M(2518M) 3.407ms
[2737.279s][info ][gc,cpu         ] GC(181) User=0.01s Sys=0.00s Real=0.00s
[2737.279s][info ][safepoint      ] Safepoint "ParallelGCFailedAllocation", Time since last: 6416422220 ns, Reaching safepoint: 75102 ns, At safepoint: 3512686 ns, Total: 3587788 ns
[2745.280s][info ][safepoint      ] Safepoint "Cleanup", Time since last: 8000543559 ns, Reaching safepoint: 58101 ns, At safepoint: 12501 ns, Total: 70602 ns
[2749.280s][info ][safepoint      ] Safepoint "Cleanup", Time since last: 4000337071 ns, Reaching safepoint: 59202 ns, At safepoint: 4600 ns, Total: 63802 ns
[2757.281s][info ][safepoint      ] Safepoint "Cleanup", Time since last: 8000563331 ns, Reaching safepoint: 57001 ns, At safepoint: 8700 ns, Total: 65701 ns
[2759.281s][info ][safepoint      ] Safepoint "Cleanup", Time since last: 2000185612 ns, Reaching safepoint: 51902 ns, At safepoint: 4400 ns, Total: 56302 ns
[2763.282s][info ][safepoint      ] Safepoint "Cleanup", Time since last: 4000315348 ns, Reaching safepoint: 59202 ns, At safepoint: 6600 ns, Total: 65802 ns
[2767.153s][info ][gc,start       ] GC(182) Pause Young (Allocation Failure)
[2767.156s][debug][gc,phases      ] GC(182) Scavenge 3.035ms
[2767.157s][debug][gc,ref         ] GC(182) Skipped phase 1 of Reference Processing: no references
[2767.157s][debug][gc,ref         ] GC(182) Skipped phase 3 of Reference Processing: no references
[2767.157s][debug][gc,phases      ] GC(182) Reference Processing 0.036ms
[2767.157s][debug][gc,phases      ] GC(182) Weak Processing 0.565ms
[2767.157s][debug][gc,age         ] GC(182) Desired survivor size 11534336 bytes, new threshold 15 (max threshold 15)
[2767.157s][info ][gc,heap        ] GC(182) PSYoungGen: 2080368K(2085376K)->7280K(2085376K) Eden: 2073600K(2073600K)->0K(2073600K) From: 6768K(11776K)->7280K(11776K)
[2767.157s][info ][gc,heap        ] GC(182) ParOldGen: 378109K(493056K)->378286K(493056K)
[2767.157s][info ][gc,metaspace   ] GC(182) Metaspace: 81968K(82624K)->81968K(82624K) NonClass: 70933K(71296K)->70933K(71296K) Class: 11034K(11328K)->11034K(11328K)
[2767.157s][info ][gc             ] GC(182) Pause Young (Allocation Failure) 2400M->376M(2518M) 3.793ms
[2767.157s][info ][gc,cpu         ] GC(182) User=0.02s Sys=0.00s Real=0.01s
[2767.157s][info ][safepoint      ] Safepoint "ParallelGCFailedAllocation", Time since last: 3871511117 ns, Reaching safepoint: 86702 ns, At safepoint: 3903294 ns, Total: 3989996 ns
[2778.158s][info ][safepoint      ] Safepoint "Cleanup", Time since last: 11000807391 ns, Reaching safepoint: 112403 ns, At safepoint: 10700 ns, Total: 123103 ns
[2780.159s][info ][safepoint      ] Safepoint "Cleanup", Time since last: 2000206816 ns, Reaching safepoint: 127604 ns, At safepoint: 8500 ns, Total: 136104 ns
[2794.953s][info ][gc,start       ] GC(183) Pause Young (Allocation Failure)
[2794.957s][debug][gc,phases      ] GC(183) Scavenge 3.215ms
[2794.957s][debug][gc,ref         ] GC(183) Skipped phase 1 of Reference Processing: no references
[2794.957s][debug][gc,ref         ] GC(183) Skipped phase 3 of Reference Processing: no references
[2794.957s][debug][gc,phases      ] GC(183) Reference Processing 0.043ms
[2794.957s][debug][gc,phases      ] GC(183) Weak Processing 0.607ms
[2794.957s][debug][gc,age         ] GC(183) Desired survivor size 11534336 bytes, new threshold 15 (max threshold 15)
[2794.957s][info ][gc,heap        ] GC(183) PSYoungGen: 2080880K(2085376K)->7472K(2085888K) Eden: 2073600K(2073600K)->0K(2074624K) From: 7280K(11776K)->7472K(11264K)
[2794.957s][info ][gc,heap        ] GC(183) ParOldGen: 378286K(493056K)->378426K(493056K)
[2794.957s][info ][gc,metaspace   ] GC(183) Metaspace: 81968K(82624K)->81968K(82624K) NonClass: 70934K(71296K)->70934K(71296K) Class: 11034K(11328K)->11034K(11328K)
[2794.957s][info ][gc             ] GC(183) Pause Young (Allocation Failure) 2401M->376M(2518M) 4.022ms
[2794.957s][info ][gc,cpu         ] GC(183) User=0.01s Sys=0.00s Real=0.01s
[2794.957s][info ][safepoint      ] Safepoint "ParallelGCFailedAllocation", Time since last: 14794683659 ns, Reaching safepoint: 129303 ns, At safepoint: 4122997 ns, Total: 4252300 ns
[2797.958s][info ][safepoint      ] Safepoint "Cleanup", Time since last: 3000237110 ns, Reaching safepoint: 128203 ns, At safepoint: 11000 ns, Total: 139203 ns
[2813.959s][info ][safepoint      ] Safepoint "Cleanup", Time since last: 16001302384 ns, Reaching safepoint: 125303 ns, At safepoint: 10901 ns, Total: 136204 ns
[2814.960s][info ][safepoint      ] Safepoint "Cleanup", Time since last: 1000116531 ns, Reaching safepoint: 131003 ns, At safepoint: 9600 ns, Total: 140603 ns
[2823.341s][info ][gc,start       ] GC(184) Pause Young (Allocation Failure)
[2823.344s][debug][gc,phases      ] GC(184) Scavenge 2.657ms
[2823.344s][debug][gc,ref         ] GC(184) Skipped phase 1 of Reference Processing: no references
[2823.344s][debug][gc,ref         ] GC(184) Skipped phase 3 of Reference Processing: no references
[2823.344s][debug][gc,phases      ] GC(184) Reference Processing 0.028ms
[2823.345s][debug][gc,phases      ] GC(184) Weak Processing 0.555ms
[2823.345s][debug][gc,age         ] GC(184) Desired survivor size 11534336 bytes, new threshold 15 (max threshold 15)
[2823.345s][info ][gc,heap        ] GC(184) PSYoungGen: 2082096K(2085888K)->7552K(2085888K) Eden: 2074624K(2074624K)->0K(2074624K) From: 7472K(11264K)->7552K(11264K)
[2823.345s][info ][gc,heap        ] GC(184) ParOldGen: 378426K(493056K)->378490K(493056K)
[2823.345s][info ][gc,metaspace   ] GC(184) Metaspace: 81972K(82624K)->81972K(82624K) NonClass: 70937K(71296K)->70937K(71296K) Class: 11034K(11328K)->11034K(11328K)
[2823.345s][info ][gc             ] GC(184) Pause Young (Allocation Failure) 2402M->376M(2518M) 3.386ms
[2823.345s][info ][gc,cpu         ] GC(184) User=0.01s Sys=0.00s Real=0.00s
[2823.345s][info ][safepoint      ] Safepoint "ParallelGCFailedAllocation", Time since last: 8381740263 ns, Reaching safepoint: 35801 ns, At safepoint: 3483281 ns, Total: 3519082 ns
[2853.703s][info ][gc,start       ] GC(185) Pause Young (Allocation Failure)
[2853.706s][debug][gc,phases      ] GC(185) Scavenge 2.418ms
[2853.706s][debug][gc,ref         ] GC(185) Skipped phase 1 of Reference Processing: no references
[2853.706s][debug][gc,ref         ] GC(185) Skipped phase 3 of Reference Processing: no references
[2853.706s][debug][gc,phases      ] GC(185) Reference Processing 0.031ms
[2853.706s][debug][gc,phases      ] GC(185) Weak Processing 0.596ms
[2853.706s][debug][gc,age         ] GC(185) Desired survivor size 11534336 bytes, new threshold 15 (max threshold 15)
[2853.706s][info ][gc,heap        ] GC(185) PSYoungGen: 2082176K(2085888K)->7296K(2085888K) Eden: 2074624K(2074624K)->0K(2074624K) From: 7552K(11264K)->7296K(11264K)
[2853.706s][info ][gc,heap        ] GC(185) ParOldGen: 378490K(493056K)->378522K(493056K)
[2853.706s][info ][gc,metaspace   ] GC(185) Metaspace: 81974K(82624K)->81974K(82624K) NonClass: 70939K(71296K)->70939K(71296K) Class: 11034K(11328K)->11034K(11328K)
[2853.706s][info ][gc             ] GC(185) Pause Young (Allocation Failure) 2402M->376M(2518M) 3.195ms
[2853.706s][info ][gc,cpu         ] GC(185) User=0.00s Sys=0.00s Real=0.01s
[2853.706s][info ][safepoint      ] Safepoint "ParallelGCFailedAllocation", Time since last: 30358208567 ns, Reaching safepoint: 55801 ns, At safepoint: 3292375 ns, Total: 3348176 ns
[2864.707s][info ][safepoint      ] Safepoint "Cleanup", Time since last: 11000775482 ns, Reaching safepoint: 121703 ns, At safepoint: 8900 ns, Total: 130603 ns
[2870.708s][info ][safepoint      ] Safepoint "Cleanup", Time since last: 6000464422 ns, Reaching safepoint: 116003 ns, At safepoint: 9500 ns, Total: 125503 ns
[2881.886s][info ][gc,start       ] GC(186) Pause Young (Allocation Failure)
[2881.889s][debug][gc,phases      ] GC(186) Scavenge 3.397ms
[2881.889s][debug][gc,ref         ] GC(186) Skipped phase 1 of Reference Processing: no references
[2881.889s][debug][gc,ref         ] GC(186) Skipped phase 3 of Reference Processing: no references
[2881.889s][debug][gc,phases      ] GC(186) Reference Processing 0.034ms
[2881.890s][debug][gc,phases      ] GC(186) Weak Processing 0.589ms
[2881.890s][debug][gc,age         ] GC(186) Desired survivor size 11010048 bytes, new threshold 15 (max threshold 15)
[2881.890s][info ][gc,heap        ] GC(186) PSYoungGen: 2081920K(2085888K)->7600K(2085888K) Eden: 2074624K(2074624K)->0K(2074624K) From: 7296K(11264K)->7600K(11264K)
[2881.890s][info ][gc,heap        ] GC(186) ParOldGen: 378522K(493056K)->378554K(493056K)
[2881.890s][info ][gc,metaspace   ] GC(186) Metaspace: 81974K(82624K)->81974K(82624K) NonClass: 70939K(71296K)->70939K(71296K) Class: 11034K(11328K)->11034K(11328K)
[2881.890s][info ][gc             ] GC(186) Pause Young (Allocation Failure) 2402M->377M(2518M) 4.184ms
[2881.890s][info ][gc,cpu         ] GC(186) User=0.01s Sys=0.00s Real=0.01s
[2881.890s][info ][safepoint      ] Safepoint "ParallelGCFailedAllocation", Time since last: 11177645479 ns, Reaching safepoint: 66601 ns, At safepoint: 4272997 ns, Total: 4339598 ns
[2882.890s][info ][safepoint      ] Safepoint "Cleanup", Time since last: 1000089600 ns, Reaching safepoint: 56402 ns, At safepoint: 6000 ns, Total: 62402 ns
[2886.890s][info ][safepoint      ] Safepoint "Cleanup", Time since last: 4000319286 ns, Reaching safepoint: 66401 ns, At safepoint: 6700 ns, Total: 73101 ns
[2890.891s][info ][safepoint      ] Safepoint "Cleanup", Time since last: 4000318505 ns, Reaching safepoint: 54201 ns, At safepoint: 3600 ns, Total: 57801 ns
[2906.892s][info ][safepoint      ] Safepoint "Cleanup", Time since last: 16001085730 ns, Reaching safepoint: 56002 ns, At safepoint: 11300 ns, Total: 67302 ns
[2912.912s][info ][gc,start       ] GC(187) Pause Young (Allocation Failure)
[2912.915s][debug][gc,phases      ] GC(187) Scavenge 2.744ms
[2912.915s][debug][gc,ref         ] GC(187) Skipped phase 1 of Reference Processing: no references
[2912.915s][debug][gc,ref         ] GC(187) Skipped phase 3 of Reference Processing: no references
[2912.915s][debug][gc,phases      ] GC(187) Reference Processing 0.033ms
[2912.916s][debug][gc,phases      ] GC(187) Weak Processing 0.565ms
[2912.916s][debug][gc,age         ] GC(187) Desired survivor size 11010048 bytes, new threshold 15 (max threshold 15)
[2912.916s][info ][gc,heap        ] GC(187) PSYoungGen: 2082224K(2085888K)->7664K(2086400K) Eden: 2074624K(2074624K)->0K(2075648K) From: 7600K(11264K)->7664K(10752K)
[2912.916s][info ][gc,heap        ] GC(187) ParOldGen: 378554K(493056K)->378594K(493056K)
[2912.916s][info ][gc,metaspace   ] GC(187) Metaspace: 81985K(82624K)->81985K(82624K) NonClass: 70951K(71296K)->70951K(71296K) Class: 11034K(11328K)->11034K(11328K)
[2912.916s][info ][gc             ] GC(187) Pause Young (Allocation Failure) 2403M->377M(2519M) 3.495ms
[2912.916s][info ][gc,cpu         ] GC(187) User=0.02s Sys=0.00s Real=0.01s
[2912.916s][info ][safepoint      ] Safepoint "ParallelGCFailedAllocation", Time since last: 6020307805 ns, Reaching safepoint: 36801 ns, At safepoint: 3587080 ns, Total: 3623881 ns
[2944.809s][info ][gc,start       ] GC(188) Pause Young (Allocation Failure)
[2944.811s][debug][gc,phases      ] GC(188) Scavenge 2.649ms
[2944.811s][debug][gc,ref         ] GC(188) Skipped phase 1 of Reference Processing: no references
[2944.811s][debug][gc,ref         ] GC(188) Skipped phase 3 of Reference Processing: no references
[2944.812s][debug][gc,phases      ] GC(188) Reference Processing 0.035ms
[2944.812s][debug][gc,phases      ] GC(188) Weak Processing 0.555ms
[2944.812s][debug][gc,age         ] GC(188) Desired survivor size 11010048 bytes, new threshold 15 (max threshold 15)
[2944.812s][info ][gc,heap        ] GC(188) PSYoungGen: 2083312K(2086400K)->4320K(2086400K) Eden: 2075648K(2075648K)->0K(2075648K) From: 7664K(10752K)->4320K(10752K)
[2944.812s][info ][gc,heap        ] GC(188) ParOldGen: 378594K(493056K)->381890K(493056K)
[2944.812s][info ][gc,metaspace   ] GC(188) Metaspace: 81985K(82624K)->81985K(82624K) NonClass: 70951K(71296K)->70951K(71296K) Class: 11034K(11328K)->11034K(11328K)
[2944.812s][info ][gc             ] GC(188) Pause Young (Allocation Failure) 2404M->377M(2519M) 3.374ms
[2944.812s][info ][gc,cpu         ] GC(188) User=0.01s Sys=0.00s Real=0.00s
[2944.812s][info ][safepoint      ] Safepoint "ParallelGCFailedAllocation", Time since last: 31892817555 ns, Reaching safepoint: 45901 ns, At safepoint: 3487176 ns, Total: 3533077 ns
[2959.813s][info ][safepoint      ] Safepoint "Cleanup", Time since last: 15000985693 ns, Reaching safepoint: 53501 ns, At safepoint: 7500 ns, Total: 61001 ns
[2968.814s][info ][safepoint      ] Safepoint "Cleanup", Time since last: 9000668412 ns, Reaching safepoint: 85101 ns, At safepoint: 11101 ns, Total: 96202 ns
[2973.960s][info ][gc,start       ] GC(189) Pause Young (Allocation Failure)
[2973.962s][debug][gc,phases      ] GC(189) Scavenge 2.264ms
[2973.962s][debug][gc,ref         ] GC(189) Skipped phase 1 of Reference Processing: no references
[2973.962s][debug][gc,ref         ] GC(189) Skipped phase 3 of Reference Processing: no references
[2973.962s][debug][gc,phases      ] GC(189) Reference Processing 0.024ms
[2973.963s][debug][gc,phases      ] GC(189) Weak Processing 0.592ms
[2973.963s][debug][gc,age         ] GC(189) Desired survivor size 11010048 bytes, new threshold 15 (max threshold 15)
[2973.963s][info ][gc,heap        ] GC(189) PSYoungGen: 2079968K(2086400K)->4400K(2086400K) Eden: 2075648K(2075648K)->0K(2075648K) From: 4320K(10752K)->4400K(10752K)
[2973.963s][info ][gc,heap        ] GC(189) ParOldGen: 381890K(493056K)->381922K(493056K)
[2973.963s][info ][gc,metaspace   ] GC(189) Metaspace: 81993K(82624K)->81993K(82624K) NonClass: 70958K(71296K)->70958K(71296K) Class: 11034K(11328K)->11034K(11328K)
[2973.963s][info ][gc             ] GC(189) Pause Young (Allocation Failure) 2404M->377M(2519M) 3.015ms
[2973.963s][info ][gc,cpu         ] GC(189) User=0.01s Sys=0.00s Real=0.00s
[2973.963s][info ][safepoint      ] Safepoint "ParallelGCFailedAllocation", Time since last: 5145491874 ns, Reaching safepoint: 114703 ns, At safepoint: 3110967 ns, Total: 3225670 ns
[2993.964s][info ][safepoint      ] Safepoint "Cleanup", Time since last: 20001288538 ns, Reaching safepoint: 52801 ns, At safepoint: 4100 ns, Total: 56901 ns
[2996.964s][info ][safepoint      ] Safepoint "Cleanup", Time since last: 3000234621 ns, Reaching safepoint: 53302 ns, At safepoint: 3900 ns, Total: 57202 ns
[2999.965s][info ][safepoint      ] Safepoint "Cleanup", Time since last: 3000222138 ns, Reaching safepoint: 61401 ns, At safepoint: 32201 ns, Total: 93602 ns
[3004.756s][info ][gc,start       ] GC(190) Pause Young (Allocation Failure)
[3004.758s][debug][gc,phases      ] GC(190) Scavenge 2.129ms
[3004.758s][debug][gc,ref         ] GC(190) Skipped phase 1 of Reference Processing: no references
[3004.758s][debug][gc,ref         ] GC(190) Skipped phase 3 of Reference Processing: no references
[3004.759s][debug][gc,phases      ] GC(190) Reference Processing 0.023ms
[3004.759s][debug][gc,phases      ] GC(190) Weak Processing 0.563ms
[3004.759s][debug][gc,age         ] GC(190) Desired survivor size 11010048 bytes, new threshold 15 (max threshold 15)
[3004.759s][info ][gc,heap        ] GC(190) PSYoungGen: 2080048K(2086400K)->4752K(2086400K) Eden: 2075648K(2075648K)->0K(2075648K) From: 4400K(10752K)->4752K(10752K)
[3004.759s][info ][gc,heap        ] GC(190) ParOldGen: 381922K(493056K)->381954K(493056K)
[3004.759s][info ][gc,metaspace   ] GC(190) Metaspace: 82010K(82688K)->82010K(82688K) NonClass: 70976K(71360K)->70976K(71360K) Class: 11034K(11328K)->11034K(11328K)
[3004.759s][info ][gc             ] GC(190) Pause Young (Allocation Failure) 2404M->377M(2519M) 2.854ms
[3004.759s][info ][gc,cpu         ] GC(190) User=0.01s Sys=0.00s Real=0.00s
[3004.759s][info ][safepoint      ] Safepoint "ParallelGCFailedAllocation", Time since last: 4791509923 ns, Reaching safepoint: 64702 ns, At safepoint: 2941862 ns, Total: 3006564 ns
[3013.760s][info ][safepoint      ] Safepoint "Cleanup", Time since last: 9000639740 ns, Reaching safepoint: 67501 ns, At safepoint: 4400 ns, Total: 71901 ns
[3014.760s][info ][safepoint      ] Safepoint "Cleanup", Time since last: 1000113572 ns, Reaching safepoint: 53201 ns, At safepoint: 6401 ns, Total: 59602 ns
[3018.761s][info ][safepoint      ] Safepoint "Cleanup", Time since last: 4000406498 ns, Reaching safepoint: 59401 ns, At safepoint: 5601 ns, Total: 65002 ns
[3020.761s][info ][safepoint      ] Safepoint "Cleanup", Time since last: 2000188746 ns, Reaching safepoint: 112502 ns, At safepoint: 8400 ns, Total: 120902 ns
[3022.761s][info ][safepoint      ] Safepoint "Cleanup", Time since last: 2000136211 ns, Reaching safepoint: 59901 ns, At safepoint: 8400 ns, Total: 68301 ns
[3029.762s][info ][safepoint      ] Safepoint "Cleanup", Time since last: 7000518265 ns, Reaching safepoint: 51901 ns, At safepoint: 4000 ns, Total: 55901 ns
[3034.855s][info ][gc,start       ] GC(191) Pause Young (Allocation Failure)
[3034.857s][debug][gc,phases      ] GC(191) Scavenge 1.945ms
[3034.857s][debug][gc,ref         ] GC(191) Skipped phase 1 of Reference Processing: no references
[3034.857s][debug][gc,ref         ] GC(191) Skipped phase 3 of Reference Processing: no references
[3034.857s][debug][gc,phases      ] GC(191) Reference Processing 0.022ms
[3034.858s][debug][gc,phases      ] GC(191) Weak Processing 0.576ms
[3034.858s][debug][gc,age         ] GC(191) Desired survivor size 11010048 bytes, new threshold 15 (max threshold 15)
[3034.858s][info ][gc,heap        ] GC(191) PSYoungGen: 2080400K(2086400K)->4464K(2086400K) Eden: 2075648K(2075648K)->0K(2075648K) From: 4752K(10752K)->4464K(10752K)
[3034.858s][info ][gc,heap        ] GC(191) ParOldGen: 381954K(493056K)->382066K(493056K)
[3034.858s][info ][gc,metaspace   ] GC(191) Metaspace: 82024K(82752K)->82024K(82752K) NonClass: 70990K(71424K)->70990K(71424K) Class: 11034K(11328K)->11034K(11328K)
[3034.858s][info ][gc             ] GC(191) Pause Young (Allocation Failure) 2404M->377M(2519M) 2.671ms
[3034.858s][info ][gc,cpu         ] GC(191) User=0.01s Sys=0.00s Real=0.00s
[3034.858s][info ][safepoint      ] Safepoint "ParallelGCFailedAllocation", Time since last: 5093644141 ns, Reaching safepoint: 62202 ns, At safepoint: 2762758 ns, Total: 2824960 ns
[3065.953s][info ][gc,start       ] GC(192) Pause Young (Allocation Failure)
[3065.955s][debug][gc,phases      ] GC(192) Scavenge 2.110ms
[3065.955s][debug][gc,ref         ] GC(192) Skipped phase 1 of Reference Processing: no references
[3065.955s][debug][gc,ref         ] GC(192) Skipped phase 3 of Reference Processing: no references
[3065.955s][debug][gc,phases      ] GC(192) Reference Processing 0.025ms
[3065.955s][debug][gc,phases      ] GC(192) Weak Processing 0.590ms
[3065.955s][debug][gc,age         ] GC(192) Desired survivor size 11010048 bytes, new threshold 15 (max threshold 15)
[3065.955s][info ][gc,heap        ] GC(192) PSYoungGen: 2080112K(2086400K)->4448K(2086400K) Eden: 2075648K(2075648K)->0K(2075648K) From: 4464K(10752K)->4448K(10752K)
[3065.956s][info ][gc,heap        ] GC(192) ParOldGen: 382066K(493056K)->382202K(493056K)
[3065.956s][info ][gc,metaspace   ] GC(192) Metaspace: 82035K(82752K)->82035K(82752K) NonClass: 71001K(71424K)->71001K(71424K) Class: 11034K(11328K)->11034K(11328K)
[3065.956s][info ][gc             ] GC(192) Pause Young (Allocation Failure) 2404M->377M(2519M) 2.847ms
[3065.956s][info ][gc,cpu         ] GC(192) User=0.01s Sys=0.00s Real=0.01s
[3065.956s][info ][safepoint      ] Safepoint "ParallelGCFailedAllocation", Time since last: 31094391497 ns, Reaching safepoint: 132203 ns, At safepoint: 2962962 ns, Total: 3095165 ns
[3067.956s][info ][safepoint      ] Safepoint "Cleanup", Time since last: 2000144757 ns, Reaching safepoint: 125203 ns, At safepoint: 11700 ns, Total: 136903 ns
[3073.956s][info ][safepoint      ] Safepoint "Cleanup", Time since last: 6000444082 ns, Reaching safepoint: 124503 ns, At safepoint: 8800 ns, Total: 133303 ns
[3082.957s][info ][safepoint      ] Safepoint "Cleanup", Time since last: 9000672443 ns, Reaching safepoint: 116903 ns, At safepoint: 7000 ns, Total: 123903 ns
[3093.958s][info ][safepoint      ] Safepoint "Cleanup", Time since last: 11000745770 ns, Reaching safepoint: 106302 ns, At safepoint: 13100 ns, Total: 119402 ns
[3094.958s][info ][safepoint      ] Safepoint "Cleanup", Time since last: 1000135917 ns, Reaching safepoint: 125502 ns, At safepoint: 6801 ns, Total: 132303 ns
[3097.049s][info ][gc,start       ] GC(193) Pause Young (Allocation Failure)
[3097.052s][debug][gc,phases      ] GC(193) Scavenge 2.483ms
[3097.052s][debug][gc,ref         ] GC(193) Skipped phase 1 of Reference Processing: no references
[3097.052s][debug][gc,ref         ] GC(193) Skipped phase 3 of Reference Processing: no references
[3097.052s][debug][gc,phases      ] GC(193) Reference Processing 0.045ms
[3097.053s][debug][gc,phases      ] GC(193) Weak Processing 0.575ms
[3097.053s][debug][gc,age         ] GC(193) Desired survivor size 10485760 bytes, new threshold 15 (max threshold 15)
[3097.053s][info ][gc,heap        ] GC(193) PSYoungGen: 2080096K(2086400K)->4496K(2086912K) Eden: 2075648K(2075648K)->0K(2076160K) From: 4448K(10752K)->4496K(10752K)
[3097.053s][info ][gc,heap        ] GC(193) ParOldGen: 382202K(493056K)->382234K(493056K)
[3097.053s][info ][gc,metaspace   ] GC(193) Metaspace: 82040K(82752K)->82040K(82752K) NonClass: 71005K(71424K)->71005K(71424K) Class: 11034K(11328K)->11034K(11328K)
[3097.053s][info ][gc             ] GC(193) Pause Young (Allocation Failure) 2404M->377M(2519M) 3.265ms
[3097.053s][info ][gc,cpu         ] GC(193) User=0.01s Sys=0.00s Real=0.00s
[3097.053s][info ][safepoint      ] Safepoint "ParallelGCFailedAllocation", Time since last: 2090906577 ns, Reaching safepoint: 56201 ns, At safepoint: 3365969 ns, Total: 3422170 ns
[3103.053s][info ][safepoint      ] Safepoint "Cleanup", Time since last: 6000474741 ns, Reaching safepoint: 125603 ns, At safepoint: 9500 ns, Total: 135103 ns
[3124.055s][info ][safepoint      ] Safepoint "Cleanup", Time since last: 21001533456 ns, Reaching safepoint: 126402 ns, At safepoint: 11500 ns, Total: 137902 ns
[3127.074s][info ][gc,start       ] GC(194) Pause Young (Allocation Failure)
[3127.076s][debug][gc,phases      ] GC(194) Scavenge 2.108ms
[3127.076s][debug][gc,ref         ] GC(194) Skipped phase 1 of Reference Processing: no references
[3127.076s][debug][gc,ref         ] GC(194) Skipped phase 3 of Reference Processing: no references
[3127.076s][debug][gc,phases      ] GC(194) Reference Processing 0.021ms
[3127.077s][debug][gc,phases      ] GC(194) Weak Processing 0.560ms
[3127.077s][debug][gc,age         ] GC(194) Desired survivor size 10485760 bytes, new threshold 15 (max threshold 15)
[3127.077s][info ][gc,heap        ] GC(194) PSYoungGen: 2080656K(2086912K)->4368K(2086400K) Eden: 2076160K(2076160K)->0K(2076160K) From: 4496K(10752K)->4368K(10240K)
[3127.077s][info ][gc,heap        ] GC(194) ParOldGen: 382234K(493056K)->382274K(493056K)
[3127.077s][info ][gc,metaspace   ] GC(194) Metaspace: 82046K(82752K)->82046K(82752K) NonClass: 71011K(71424K)->71011K(71424K) Class: 11034K(11328K)->11034K(11328K)
[3127.077s][info ][gc             ] GC(194) Pause Young (Allocation Failure) 2405M->377M(2519M) 2.840ms
[3127.077s][info ][gc,cpu         ] GC(194) User=0.00s Sys=0.00s Real=0.01s
[3127.077s][info ][safepoint      ] Safepoint "ParallelGCFailedAllocation", Time since last: 3019123348 ns, Reaching safepoint: 42301 ns, At safepoint: 2931260 ns, Total: 2973561 ns
[3139.078s][info ][safepoint      ] Safepoint "Cleanup", Time since last: 12000788013 ns, Reaching safepoint: 60901 ns, At safepoint: 4900 ns, Total: 65801 ns
[3142.078s][info ][safepoint      ] Safepoint "Cleanup", Time since last: 3000243347 ns, Reaching safepoint: 76102 ns, At safepoint: 10600 ns, Total: 86702 ns
[3157.079s][info ][safepoint      ] Safepoint "Cleanup", Time since last: 15000955010 ns, Reaching safepoint: 60202 ns, At safepoint: 9200 ns, Total: 69402 ns
[3158.079s][info ][safepoint      ] Safepoint "Cleanup", Time since last: 1000108268 ns, Reaching safepoint: 53401 ns, At safepoint: 4100 ns, Total: 57501 ns
[3158.100s][info ][gc,start       ] GC(195) Pause Young (Allocation Failure)
[3158.103s][debug][gc,phases      ] GC(195) Scavenge 2.587ms
[3158.103s][debug][gc,ref         ] GC(195) Skipped phase 1 of Reference Processing: no references
[3158.103s][debug][gc,ref         ] GC(195) Skipped phase 3 of Reference Processing: no references
[3158.103s][debug][gc,phases      ] GC(195) Reference Processing 0.023ms
[3158.103s][debug][gc,phases      ] GC(195) Weak Processing 0.578ms
[3158.103s][debug][gc,age         ] GC(195) Desired survivor size 9961472 bytes, new threshold 15 (max threshold 15)
[3158.103s][info ][gc,heap        ] GC(195) PSYoungGen: 2080528K(2086400K)->4576K(2087424K) Eden: 2076160K(2076160K)->0K(2077184K) From: 4368K(10240K)->4576K(10240K)
[3158.103s][info ][gc,heap        ] GC(195) ParOldGen: 382274K(493056K)->382306K(493056K)
[3158.103s][info ][gc,metaspace   ] GC(195) Metaspace: 82049K(82752K)->82049K(82752K) NonClass: 71014K(71424K)->71014K(71424K) Class: 11034K(11328K)->11034K(11328K)
[3158.103s][info ][gc             ] GC(195) Pause Young (Allocation Failure) 2405M->377M(2520M) 3.352ms
[3158.103s][info ][gc,cpu         ] GC(195) User=0.01s Sys=0.00s Real=0.00s
[3158.103s][info ][safepoint      ] Safepoint "ParallelGCFailedAllocation", Time since last: 20342110 ns, Reaching safepoint: 124702 ns, At safepoint: 3446570 ns, Total: 3571272 ns
[3159.104s][info ][safepoint      ] Safepoint "Cleanup", Time since last: 1000095060 ns, Reaching safepoint: 136303 ns, At safepoint: 12400 ns, Total: 148703 ns
[3173.105s][info ][safepoint      ] Safepoint "Cleanup", Time since last: 14001040349 ns, Reaching safepoint: 125603 ns, At safepoint: 8000 ns, Total: 133603 ns
[3179.105s][info ][safepoint      ] Safepoint "Cleanup", Time since last: 6000462673 ns, Reaching safepoint: 147603 ns, At safepoint: 10801 ns, Total: 158404 ns
[3182.106s][info ][safepoint      ] Safepoint "Cleanup", Time since last: 3000256850 ns, Reaching safepoint: 118503 ns, At safepoint: 6600 ns, Total: 125103 ns
[3190.252s][info ][gc,start       ] GC(196) Pause Young (Allocation Failure)
[3190.255s][debug][gc,phases      ] GC(196) Scavenge 2.062ms
[3190.255s][debug][gc,ref         ] GC(196) Skipped phase 1 of Reference Processing: no references
[3190.255s][debug][gc,ref         ] GC(196) Skipped phase 3 of Reference Processing: no references
[3190.255s][debug][gc,ref         ] GC(196) Skipped phase 4 of Reference Processing: no references
[3190.255s][debug][gc,phases      ] GC(196) Reference Processing 0.025ms
[3190.255s][debug][gc,phases      ] GC(196) Weak Processing 0.599ms
[3190.255s][debug][gc,age         ] GC(196) Desired survivor size 9961472 bytes, new threshold 15 (max threshold 15)
[3190.255s][info ][gc,heap        ] GC(196) PSYoungGen: 2081760K(2087424K)->4160K(2086912K) Eden: 2077184K(2077184K)->0K(2077184K) From: 4576K(10240K)->4160K(9728K)
[3190.255s][info ][gc,heap        ] GC(196) ParOldGen: 382306K(493056K)->382578K(493056K)
[3190.255s][info ][gc,metaspace   ] GC(196) Metaspace: 82050K(82752K)->82050K(82752K) NonClass: 71015K(71424K)->71015K(71424K) Class: 11034K(11328K)->11034K(11328K)
[3190.255s][info ][gc             ] GC(196) Pause Young (Allocation Failure) 2406M->377M(2519M) 2.810ms
[3190.255s][info ][gc,cpu         ] GC(196) User=0.01s Sys=0.00s Real=0.01s
[3190.255s][info ][safepoint      ] Safepoint "ParallelGCFailedAllocation", Time since last: 8146576267 ns, Reaching safepoint: 35401 ns, At safepoint: 2923558 ns, Total: 2958959 ns
[3193.256s][info ][safepoint      ] Safepoint "Cleanup", Time since last: 3000234239 ns, Reaching safepoint: 128503 ns, At safepoint: 9600 ns, Total: 138103 ns
[3195.256s][info ][safepoint      ] Safepoint "Cleanup", Time since last: 2000176062 ns, Reaching safepoint: 123402 ns, At safepoint: 11601 ns, Total: 135003 ns
[3201.257s][info ][safepoint      ] Safepoint "Cleanup", Time since last: 6000455336 ns, Reaching safepoint: 129402 ns, At safepoint: 186104 ns, Total: 315506 ns
[3322.265s][info ][safepoint      ] Safepoint "Cleanup", Time since last: 121007882335 ns, Reaching safepoint: 71102 ns, At safepoint: 18400 ns, Total: 89502 ns
[3422.271s][info ][safepoint      ] Safepoint "Cleanup", Time since last: 100006610205 ns, Reaching safepoint: 55001 ns, At safepoint: 5900 ns, Total: 60901 ns
[3441.273s][info ][safepoint      ] Safepoint "Cleanup", Time since last: 19001314254 ns, Reaching safepoint: 54401 ns, At safepoint: 37500 ns, Total: 91901 ns
[3500.905s][info ][gc,heap,exit   ] Heap
[3500.905s][info ][gc,heap,exit   ]  PSYoungGen      total 2086912K, used 1757327K [0x0000000780000000, 0x0000000800000000, 0x0000000800000000)
[3500.905s][info ][gc,heap,exit   ]   eden space 2077184K, 84% used [0x0000000780000000,0x00000007eb013d28,0x00000007fec80000)
[3500.905s][info ][gc,heap,exit   ]   from space 9728K, 42% used [0x00000007fec80000,0x00000007ff0901c8,0x00000007ff600000)
[3500.905s][info ][gc,heap,exit   ]   to   space 9728K, 0% used [0x00000007ff680000,0x00000007ff680000,0x0000000800000000)
[3500.905s][info ][gc,heap,exit   ]  ParOldGen       total 493056K, used 382578K [0x0000000740000000, 0x000000075e180000, 0x0000000780000000)
[3500.905s][info ][gc,heap,exit   ]   object space 493056K, 77% used [0x0000000740000000,0x000000075759cac8,0x000000075e180000)
[3500.905s][info ][gc,heap,exit   ]  Metaspace       used 82105K, committed 82880K, reserved 1122304K
[3500.905s][info ][gc,heap,exit   ]   class space    used 11039K, committed 11392K, reserved 1048576K
