[0.003s][info][gc] Using Parallel
[0.014s][info][gc,init] Version: 17.0.3+7-LTS (release)
[0.015s][info][gc,init] CPUs: 8 total, 8 available
[0.015s][info][gc,init] Memory: 32112M
[0.015s][info][gc,init] Large Page Support: Disabled
[0.015s][info][gc,init] NUMA Support: Disabled
[0.015s][info][gc,init] Compressed Oops: Enabled (Zero based)
[0.015s][info][gc,init] Alignments: Space 512K, Generation 512K, Heap 2M
[0.015s][info][gc,init] Heap Min Capacity: 2054M
[0.015s][info][gc,init] Heap Initial Capacity: 2054M
[0.015s][info][gc,init] Heap Max Capacity: 3G
[0.015s][info][gc,init] Pre-touch: Disabled
[0.015s][info][gc,init] Parallel Workers: 4
[0.015s][info][gc,metaspace] CDS archive(s) not mapped
[0.015s][info][gc,metaspace] Compressed class space mapped at: 0x0000000800000000-0x0000000840000000, reserved size: 1073741824
[0.015s][info][gc,metaspace] Narrow klass base: 0x0000000800000000, Narrow klass shift: 0, Narrow klass range: 0x40000000
[0.770s][info][safepoint   ] Safepoint "ICBufferFull", Time since last: 733499480 ns, Reaching safepoint: 329706 ns, At safepoint: 9900 ns, Total: 339606 ns
[1.024s][info][safepoint   ] Safepoint "ICBufferFull", Time since last: 253636661 ns, Reaching safepoint: 246705 ns, At safepoint: 18100 ns, Total: 264805 ns
[1.225s][info][gc,start    ] GC(0) Pause Young (Metadata GC Threshold)
[1.235s][debug][gc,phases   ] GC(0) Scavenge 9.629ms
[1.235s][debug][gc,ref      ] GC(0) Skipped phase 1 of Reference Processing: no references
[1.236s][debug][gc,ref      ] GC(0) ReferenceProcessor::execute queues: 1, RefProcThreadModel::Single, marks_oops_alive: false
[1.236s][debug][gc,ref      ] GC(0) Skipped phase 3 of Reference Processing: no references
[1.236s][debug][gc,ref      ] GC(0) ReferenceProcessor::execute queues: 1, RefProcThreadModel::Single, marks_oops_alive: false
[1.236s][debug][gc,phases   ] GC(0) Reference Processing 0.251ms
[1.236s][debug][gc,phases   ] GC(0)   VM Weak                        Min:  0.0, Avg:  0.0, Max:  0.0, Diff:  0.0, Sum:  0.0, Workers: 4
[1.236s][debug][gc,phases   ] GC(0)     Dead                           Min: 0, Avg:  0.0, Max: 0, Diff: 0, Sum: 0, Workers: 4
[1.236s][debug][gc,phases   ] GC(0)     Total                          Min: 0, Avg: 31.8, Max: 127, Diff: 127, Sum: 127, Workers: 4
[1.236s][debug][gc,phases   ] GC(0)   ObjectSynchronizer Weak        Min:  0.0, Avg:  0.0, Max:  0.0, Diff:  0.0, Sum:  0.0, Workers: 4
[1.236s][debug][gc,phases   ] GC(0)     Dead                           Min: 0, Avg:  0.2, Max: 1, Diff: 1, Sum: 1, Workers: 4
[1.236s][debug][gc,phases   ] GC(0)     Total                          Min: 0, Avg:  2.2, Max: 9, Diff: 9, Sum: 9, Workers: 4
[1.236s][debug][gc,phases   ] GC(0)   JVMTI Tag Weak OopStorage      Min:  0.0, Avg:  0.0, Max:  0.0, Diff:  0.0, Sum:  0.0, Workers: 4
[1.236s][debug][gc,phases   ] GC(0)     Dead                           Min: 0, Avg:  0.0, Max: 0, Diff: 0, Sum: 0, Workers: 4
[1.236s][debug][gc,phases   ] GC(0)     Total                          Min: 0, Avg:  0.0, Max: 0, Diff: 0, Sum: 0, Workers: 4
[1.236s][debug][gc,phases   ] GC(0)   StringTable Weak               Min:  0.1, Avg:  0.1, Max:  0.1, Diff:  0.0, Sum:  0.4, Workers: 4
[1.236s][debug][gc,phases   ] GC(0)     Dead                           Min: 4, Avg:  7.5, Max: 15, Diff: 11, Sum: 30, Workers: 4
[1.236s][debug][gc,phases   ] GC(0)     Total                          Min: 2086, Avg: 2873.5, Max: 4224, Diff: 2138, Sum: 11494, Workers: 4
[1.236s][debug][gc,phases   ] GC(0)   ResolvedMethodTable Weak       Min:  0.0, Avg:  0.0, Max:  0.0, Diff:  0.0, Sum:  0.0, Workers: 4
[1.236s][debug][gc,phases   ] GC(0)     Dead                           Min: 1, Avg:  6.8, Max: 13, Diff: 12, Sum: 27, Workers: 4
[1.236s][debug][gc,phases   ] GC(0)     Total                          Min: 117, Avg: 157.2, Max: 256, Diff: 139, Sum: 629, Workers: 4
[1.236s][debug][gc,phases   ] GC(0)   JNI Weak                       Min:  0.0, Avg:  0.0, Max:  0.0, Diff:  0.0, Sum:  0.0, Workers: 4
[1.236s][debug][gc,phases   ] GC(0)     Dead                           Min: 0, Avg:  0.0, Max: 0, Diff: 0, Sum: 0, Workers: 4
[1.236s][debug][gc,phases   ] GC(0)     Total                          Min: 0, Avg:  0.0, Max: 0, Diff: 0, Sum: 0, Workers: 4
[1.236s][debug][gc,phases   ] GC(0)   StringDedup Table Weak         Min:  0.0, Avg:  0.0, Max:  0.0, Diff:  0.0, Sum:  0.0, Workers: 4
[1.236s][debug][gc,phases   ] GC(0)     Dead                           Min: 0, Avg:  0.0, Max: 0, Diff: 0, Sum: 0, Workers: 4
[1.236s][debug][gc,phases   ] GC(0)     Total                          Min: 0, Avg:  0.0, Max: 0, Diff: 0, Sum: 0, Workers: 4
[1.236s][debug][gc,phases   ] GC(0)   StringDedup Requests0 Weak     Min:  0.0, Avg:  0.0, Max:  0.0, Diff:  0.0, Sum:  0.0, Workers: 4
[1.236s][debug][gc,phases   ] GC(0)     Dead                           Min: 0, Avg:  0.0, Max: 0, Diff: 0, Sum: 0, Workers: 4
[1.236s][debug][gc,phases   ] GC(0)     Total                          Min: 0, Avg:  0.0, Max: 0, Diff: 0, Sum: 0, Workers: 4
[1.236s][debug][gc,phases   ] GC(0)   StringDedup Requests1 Weak     Min:  0.0, Avg:  0.0, Max:  0.0, Diff:  0.0, Sum:  0.0, Workers: 4
[1.236s][debug][gc,phases   ] GC(0)     Dead                           Min: 0, Avg:  0.0, Max: 0, Diff: 0, Sum: 0, Workers: 4
[1.236s][debug][gc,phases   ] GC(0)     Total                          Min: 0, Avg:  0.0, Max: 0, Diff: 0, Sum: 0, Workers: 4
[1.236s][debug][gc,phases   ] GC(0)   Weak JFR Old Object Samples    Min:  0.0, Avg:  0.0, Max:  0.0, Diff:  0.0, Sum:  0.0, Workers: 4
[1.236s][debug][gc,phases   ] GC(0)     Dead                           Min: 0, Avg:  0.0, Max: 0, Diff: 0, Sum: 0, Workers: 4
[1.236s][debug][gc,phases   ] GC(0)     Total                          Min: 0, Avg:  0.0, Max: 0, Diff: 0, Sum: 0, Workers: 4
[1.236s][debug][gc,phases   ] GC(0) Weak Processing 0.320ms
[1.236s][debug][gc,age      ] GC(0) Desired survivor size 536870912 bytes, new threshold 7 (max threshold 15)
[1.236s][info ][gc,heap     ] GC(0) PSYoungGen: 316470K(1572864K)->16970K(1572864K) Eden: 316470K(1048576K)->0K(1048576K) From: 0K(524288K)->16970K(524288K)
[1.236s][info ][gc,heap     ] GC(0) ParOldGen: 0K(6144K)->88K(6144K)
[1.236s][info ][gc,metaspace] GC(0) Metaspace: 21303K(21504K)->21303K(21504K) NonClass: 18810K(18880K)->18810K(18880K) Class: 2493K(2624K)->2493K(2624K)
[1.236s][info ][gc          ] GC(0) Pause Young (Metadata GC Threshold) 309M->16M(1542M) 11.285ms
[1.236s][info ][gc,cpu      ] GC(0) User=0.04s Sys=0.00s Real=0.01s
[1.236s][debug][gc,phases   ] GC(1) Pre Compact 0.012ms
[1.236s][info ][gc,start    ] GC(1) Pause Full (Metadata GC Threshold)
[1.236s][info ][gc,phases,start] GC(1) Marking Phase
[1.242s][debug][gc,phases      ] GC(1) Par Mark 5.524ms
[1.242s][debug][gc,ref         ] GC(1) Skipped phase 1 of Reference Processing: no references
[1.242s][debug][gc,ref         ] GC(1) ReferenceProcessor::execute queues: 1, RefProcThreadModel::Single, marks_oops_alive: false
[1.242s][debug][gc,ref         ] GC(1) Skipped phase 3 of Reference Processing: no references
[1.242s][debug][gc,ref         ] GC(1) ReferenceProcessor::execute queues: 1, RefProcThreadModel::Single, marks_oops_alive: false
[1.242s][debug][gc,phases      ] GC(1) Reference Processing 0.069ms
[1.242s][debug][gc,phases      ] GC(1)   VM Weak                        Min:  0.0, Avg:  0.0, Max:  0.0, Diff:  0.0, Sum:  0.0, Workers: 4
[1.242s][debug][gc,phases      ] GC(1)     Dead                           Min: 0, Avg:  0.0, Max: 0, Diff: 0, Sum: 0, Workers: 4
[1.242s][debug][gc,phases      ] GC(1)     Total                          Min: 0, Avg: 31.8, Max: 64, Diff: 64, Sum: 127, Workers: 4
[1.242s][debug][gc,phases      ] GC(1)   ObjectSynchronizer Weak        Min:  0.0, Avg:  0.0, Max:  0.0, Diff:  0.0, Sum:  0.0, Workers: 4
[1.242s][debug][gc,phases      ] GC(1)     Dead                           Min: 0, Avg:  0.0, Max: 0, Diff: 0, Sum: 0, Workers: 4
[1.242s][debug][gc,phases      ] GC(1)     Total                          Min: 0, Avg:  2.2, Max: 9, Diff: 9, Sum: 9, Workers: 4
[1.242s][debug][gc,phases      ] GC(1)   JVMTI Tag Weak OopStorage      Min:  0.0, Avg:  0.0, Max:  0.0, Diff:  0.0, Sum:  0.0, Workers: 4
[1.242s][debug][gc,phases      ] GC(1)     Dead                           Min: 0, Avg:  0.0, Max: 0, Diff: 0, Sum: 0, Workers: 4
[1.242s][debug][gc,phases      ] GC(1)     Total                          Min: 0, Avg:  0.0, Max: 0, Diff: 0, Sum: 0, Workers: 4
[1.242s][debug][gc,phases      ] GC(1)   StringTable Weak               Min:  0.0, Avg:  0.0, Max:  0.0, Diff:  0.0, Sum:  0.2, Workers: 4
[1.242s][debug][gc,phases      ] GC(1)     Dead                           Min: 0, Avg:  0.0, Max: 0, Diff: 0, Sum: 0, Workers: 4
[1.242s][debug][gc,phases      ] GC(1)     Total                          Min: 2598, Avg: 2873.5, Max: 3264, Diff: 666, Sum: 11494, Workers: 4
[1.242s][debug][gc,phases      ] GC(1)   ResolvedMethodTable Weak       Min:  0.0, Avg:  0.0, Max:  0.0, Diff:  0.0, Sum:  0.0, Workers: 4
[1.242s][debug][gc,phases      ] GC(1)     Dead                           Min: 0, Avg:  0.0, Max: 0, Diff: 0, Sum: 0, Workers: 4
[1.242s][debug][gc,phases      ] GC(1)     Total                          Min: 128, Avg: 157.2, Max: 192, Diff: 64, Sum: 629, Workers: 4
[1.242s][debug][gc,phases      ] GC(1)   JNI Weak                       Min:  0.0, Avg:  0.0, Max:  0.0, Diff:  0.0, Sum:  0.0, Workers: 4
[1.242s][debug][gc,phases      ] GC(1)     Dead                           Min: 0, Avg:  0.0, Max: 0, Diff: 0, Sum: 0, Workers: 4
[1.242s][debug][gc,phases      ] GC(1)     Total                          Min: 0, Avg:  0.0, Max: 0, Diff: 0, Sum: 0, Workers: 4
[1.242s][debug][gc,phases      ] GC(1)   StringDedup Table Weak         Min:  0.0, Avg:  0.0, Max:  0.0, Diff:  0.0, Sum:  0.0, Workers: 4
[1.242s][debug][gc,phases      ] GC(1)     Dead                           Min: 0, Avg:  0.0, Max: 0, Diff: 0, Sum: 0, Workers: 4
[1.242s][debug][gc,phases      ] GC(1)     Total                          Min: 0, Avg:  0.0, Max: 0, Diff: 0, Sum: 0, Workers: 4
[1.242s][debug][gc,phases      ] GC(1)   StringDedup Requests0 Weak     Min:  0.0, Avg:  0.0, Max:  0.0, Diff:  0.0, Sum:  0.0, Workers: 4
[1.242s][debug][gc,phases      ] GC(1)     Dead                           Min: 0, Avg:  0.0, Max: 0, Diff: 0, Sum: 0, Workers: 4
[1.242s][debug][gc,phases      ] GC(1)     Total                          Min: 0, Avg:  0.0, Max: 0, Diff: 0, Sum: 0, Workers: 4
[1.242s][debug][gc,phases      ] GC(1)   StringDedup Requests1 Weak     Min:  0.0, Avg:  0.0, Max:  0.0, Diff:  0.0, Sum:  0.0, Workers: 4
[1.242s][debug][gc,phases      ] GC(1)     Dead                           Min: 0, Avg:  0.0, Max: 0, Diff: 0, Sum: 0, Workers: 4
[1.242s][debug][gc,phases      ] GC(1)     Total                          Min: 0, Avg:  0.0, Max: 0, Diff: 0, Sum: 0, Workers: 4
[1.242s][debug][gc,phases      ] GC(1)   Weak JFR Old Object Samples    Min:  0.0, Avg:  0.0, Max:  0.0, Diff:  0.0, Sum:  0.0, Workers: 4
[1.242s][debug][gc,phases      ] GC(1)     Dead                           Min: 0, Avg:  0.0, Max: 0, Diff: 0, Sum: 0, Workers: 4
[1.242s][debug][gc,phases      ] GC(1)     Total                          Min: 0, Avg:  0.0, Max: 0, Diff: 0, Sum: 0, Workers: 4
[1.242s][debug][gc,phases      ] GC(1) Weak Processing 0.222ms
[1.242s][debug][gc,phases      ] GC(1) ClassLoaderData 0.015ms
[1.242s][debug][gc,phases      ] GC(1) Trigger cleanups 0.000ms
[1.244s][debug][gc,phases      ] GC(1) Class Unloading 1.957ms
[1.244s][info ][gc,phases      ] GC(1) Marking Phase 7.856ms
[1.244s][info ][gc,phases,start] GC(1) Summary Phase
[1.244s][info ][gc,phases      ] GC(1) Summary Phase 0.005ms
[1.244s][info ][gc,phases,start] GC(1) Adjust Roots
[1.247s][info ][gc,phases      ] GC(1) Adjust Roots 2.649ms
[1.247s][info ][gc,phases,start] GC(1) Compaction Phase
[1.257s][info ][gc,phases      ] GC(1) Compaction Phase 10.316ms
[1.257s][info ][gc,phases,start] GC(1) Post Compact
[1.258s][info ][gc,phases      ] GC(1) Post Compact 0.605ms
[1.258s][info ][gc,heap        ] GC(1) PSYoungGen: 16970K(1572864K)->11230K(1572864K) Eden: 0K(1048576K)->0K(1048576K) From: 16970K(524288K)->11230K(524288K)
[1.258s][info ][gc,heap        ] GC(1) ParOldGen: 88K(6144K)->5680K(6144K)
[1.258s][info ][gc,metaspace   ] GC(1) Metaspace: 21303K(21504K)->21303K(21504K) NonClass: 18810K(18880K)->18810K(18880K) Class: 2493K(2624K)->2493K(2624K)
[1.258s][info ][gc             ] GC(1) Pause Full (Metadata GC Threshold) 16M->16M(1542M) 21.582ms
[1.258s][info ][gc,cpu         ] GC(1) User=0.07s Sys=0.00s Real=0.03s
[1.258s][info ][safepoint      ] Safepoint "CollectForMetadataAllocation", Time since last: 200480584 ns, Reaching safepoint: 113903 ns, At safepoint: 32993106 ns, Total: 33107009 ns
[1.652s][info ][safepoint      ] Safepoint "ICBufferFull", Time since last: 394185344 ns, Reaching safepoint: 101702 ns, At safepoint: 8200 ns, Total: 109902 ns
[1.670s][info ][safepoint      ] Safepoint "ICBufferFull", Time since last: 18097833 ns, Reaching safepoint: 43201 ns, At safepoint: 11100 ns, Total: 54301 ns
[1.675s][info ][safepoint      ] Safepoint "ICBufferFull", Time since last: 5125594 ns, Reaching safepoint: 47001 ns, At safepoint: 5100 ns, Total: 52101 ns
[1.686s][info ][safepoint      ] Safepoint "ICBufferFull", Time since last: 10169187 ns, Reaching safepoint: 76201 ns, At safepoint: 3000 ns, Total: 79201 ns
[1.690s][info ][safepoint      ] Safepoint "ICBufferFull", Time since last: 4090676 ns, Reaching safepoint: 45400 ns, At safepoint: 6301 ns, Total: 51701 ns
[1.693s][info ][safepoint      ] Safepoint "ICBufferFull", Time since last: 3672167 ns, Reaching safepoint: 37301 ns, At safepoint: 2200 ns, Total: 39501 ns
[1.697s][info ][safepoint      ] Safepoint "ICBufferFull", Time since last: 3597966 ns, Reaching safepoint: 49001 ns, At safepoint: 3300 ns, Total: 52301 ns
[1.701s][info ][safepoint      ] Safepoint "ICBufferFull", Time since last: 4132176 ns, Reaching safepoint: 38200 ns, At safepoint: 2100 ns, Total: 40300 ns
[1.704s][info ][safepoint      ] Safepoint "ICBufferFull", Time since last: 2635349 ns, Reaching safepoint: 31801 ns, At safepoint: 2100 ns, Total: 33901 ns
[1.711s][info ][safepoint      ] Safepoint "ICBufferFull", Time since last: 6683622 ns, Reaching safepoint: 46001 ns, At safepoint: 2300 ns, Total: 48301 ns
[1.712s][info ][safepoint      ] Safepoint "ICBufferFull", Time since last: 1626830 ns, Reaching safepoint: 34401 ns, At safepoint: 2300 ns, Total: 36701 ns
[1.713s][info ][safepoint      ] Safepoint "ICBufferFull", Time since last: 530910 ns, Reaching safepoint: 27900 ns, At safepoint: 1400 ns, Total: 29300 ns
[1.760s][info ][safepoint      ] Safepoint "ICBufferFull", Time since last: 46855561 ns, Reaching safepoint: 108802 ns, At safepoint: 7400 ns, Total: 116202 ns
[1.787s][info ][safepoint      ] Safepoint "ICBufferFull", Time since last: 26748892 ns, Reaching safepoint: 68701 ns, At safepoint: 4900 ns, Total: 73601 ns
[1.788s][info ][safepoint      ] Safepoint "ICBufferFull", Time since last: 1183222 ns, Reaching safepoint: 40801 ns, At safepoint: 3300 ns, Total: 44101 ns
[1.789s][info ][safepoint      ] Safepoint "ICBufferFull", Time since last: 1187022 ns, Reaching safepoint: 29900 ns, At safepoint: 4300 ns, Total: 34200 ns
[1.790s][info ][safepoint      ] Safepoint "ICBufferFull", Time since last: 898917 ns, Reaching safepoint: 27900 ns, At safepoint: 4200 ns, Total: 32100 ns
[1.791s][info ][safepoint      ] Safepoint "ICBufferFull", Time since last: 1152322 ns, Reaching safepoint: 20900 ns, At safepoint: 4300 ns, Total: 25200 ns
[1.792s][info ][safepoint      ] Safepoint "ICBufferFull", Time since last: 807415 ns, Reaching safepoint: 23300 ns, At safepoint: 2100 ns, Total: 25400 ns
[1.793s][info ][safepoint      ] Safepoint "ICBufferFull", Time since last: 1136221 ns, Reaching safepoint: 19001 ns, At safepoint: 1700 ns, Total: 20701 ns
[1.794s][info ][safepoint      ] Safepoint "ICBufferFull", Time since last: 825715 ns, Reaching safepoint: 22500 ns, At safepoint: 1500 ns, Total: 24000 ns
[1.795s][info ][safepoint      ] Safepoint "ICBufferFull", Time since last: 1077120 ns, Reaching safepoint: 32001 ns, At safepoint: 2400 ns, Total: 34401 ns
[1.796s][info ][safepoint      ] Safepoint "ICBufferFull", Time since last: 826015 ns, Reaching safepoint: 31400 ns, At safepoint: 4601 ns, Total: 36001 ns
[1.798s][info ][safepoint      ] Safepoint "ICBufferFull", Time since last: 1485527 ns, Reaching safepoint: 22300 ns, At safepoint: 1600 ns, Total: 23900 ns
[1.798s][info ][safepoint      ] Safepoint "ICBufferFull", Time since last: 520510 ns, Reaching safepoint: 22900 ns, At safepoint: 1200 ns, Total: 24100 ns
[1.799s][info ][safepoint      ] Safepoint "ICBufferFull", Time since last: 1276624 ns, Reaching safepoint: 27500 ns, At safepoint: 1300 ns, Total: 28800 ns
[1.802s][info ][safepoint      ] Safepoint "ICBufferFull", Time since last: 2167840 ns, Reaching safepoint: 26501 ns, At safepoint: 1500 ns, Total: 28001 ns
[1.803s][info ][safepoint      ] Safepoint "ICBufferFull", Time since last: 1777232 ns, Reaching safepoint: 41201 ns, At safepoint: 1400 ns, Total: 42601 ns
[1.812s][info ][safepoint      ] Safepoint "ICBufferFull", Time since last: 8836963 ns, Reaching safepoint: 51700 ns, At safepoint: 6701 ns, Total: 58401 ns
[1.824s][info ][safepoint      ] Safepoint "ICBufferFull", Time since last: 12092122 ns, Reaching safepoint: 51501 ns, At safepoint: 2300 ns, Total: 53801 ns
[1.841s][info ][safepoint      ] Safepoint "ICBufferFull", Time since last: 16271499 ns, Reaching safepoint: 36501 ns, At safepoint: 6200 ns, Total: 42701 ns
[1.893s][info ][safepoint      ] Safepoint "ICBufferFull", Time since last: 52347362 ns, Reaching safepoint: 74401 ns, At safepoint: 5400 ns, Total: 79801 ns
[1.894s][info ][safepoint      ] Safepoint "ICBufferFull", Time since last: 743014 ns, Reaching safepoint: 98102 ns, At safepoint: 6300 ns, Total: 104402 ns
[1.897s][info ][safepoint      ] Safepoint "ICBufferFull", Time since last: 3326961 ns, Reaching safepoint: 39601 ns, At safepoint: 2500 ns, Total: 42101 ns
[1.900s][info ][safepoint      ] Safepoint "ICBufferFull", Time since last: 2349443 ns, Reaching safepoint: 28600 ns, At safepoint: 2100 ns, Total: 30700 ns
[1.942s][info ][safepoint      ] Safepoint "ICBufferFull", Time since last: 41904671 ns, Reaching safepoint: 65301 ns, At safepoint: 13200 ns, Total: 78501 ns
[1.945s][info ][safepoint      ] Safepoint "ICBufferFull", Time since last: 3107657 ns, Reaching safepoint: 49401 ns, At safepoint: 7900 ns, Total: 57301 ns
[1.946s][info ][safepoint      ] Safepoint "ICBufferFull", Time since last: 1254823 ns, Reaching safepoint: 20901 ns, At safepoint: 6200 ns, Total: 27101 ns
[1.948s][info ][safepoint      ] Safepoint "ICBufferFull", Time since last: 1762532 ns, Reaching safepoint: 90602 ns, At safepoint: 6800 ns, Total: 97402 ns
[1.950s][info ][safepoint      ] Safepoint "ICBufferFull", Time since last: 1779733 ns, Reaching safepoint: 21900 ns, At safepoint: 2300 ns, Total: 24200 ns
[1.951s][info ][safepoint      ] Safepoint "ICBufferFull", Time since last: 1555129 ns, Reaching safepoint: 30800 ns, At safepoint: 2300 ns, Total: 33100 ns
[1.952s][info ][safepoint      ] Safepoint "ICBufferFull", Time since last: 797115 ns, Reaching safepoint: 33901 ns, At safepoint: 6800 ns, Total: 40701 ns
[1.953s][info ][safepoint      ] Safepoint "ICBufferFull", Time since last: 513009 ns, Reaching safepoint: 22200 ns, At safepoint: 4501 ns, Total: 26701 ns
[1.954s][info ][safepoint      ] Safepoint "ICBufferFull", Time since last: 923317 ns, Reaching safepoint: 57901 ns, At safepoint: 3500 ns, Total: 61401 ns
[1.956s][info ][safepoint      ] Safepoint "ICBufferFull", Time since last: 2091338 ns, Reaching safepoint: 54301 ns, At safepoint: 3300 ns, Total: 57601 ns
[1.957s][info ][safepoint      ] Safepoint "ICBufferFull", Time since last: 845816 ns, Reaching safepoint: 35600 ns, At safepoint: 2000 ns, Total: 37600 ns
[1.958s][info ][safepoint      ] Safepoint "ICBufferFull", Time since last: 842416 ns, Reaching safepoint: 54101 ns, At safepoint: 1700 ns, Total: 55801 ns
[1.958s][info ][safepoint      ] Safepoint "ICBufferFull", Time since last: 669012 ns, Reaching safepoint: 31901 ns, At safepoint: 2100 ns, Total: 34001 ns
[1.961s][info ][safepoint      ] Safepoint "ICBufferFull", Time since last: 2301842 ns, Reaching safepoint: 58801 ns, At safepoint: 3100 ns, Total: 61901 ns
[1.961s][info ][safepoint      ] Safepoint "ICBufferFull", Time since last: 591011 ns, Reaching safepoint: 31801 ns, At safepoint: 29400 ns, Total: 61201 ns
[1.963s][info ][safepoint      ] Safepoint "ICBufferFull", Time since last: 1721432 ns, Reaching safepoint: 40601 ns, At safepoint: 5500 ns, Total: 46101 ns
[1.965s][info ][safepoint      ] Safepoint "ICBufferFull", Time since last: 1233622 ns, Reaching safepoint: 109902 ns, At safepoint: 5301 ns, Total: 115203 ns
[1.966s][info ][safepoint      ] Safepoint "ICBufferFull", Time since last: 1730231 ns, Reaching safepoint: 48101 ns, At safepoint: 3000 ns, Total: 51101 ns
[1.969s][info ][safepoint      ] Safepoint "ICBufferFull", Time since last: 2832752 ns, Reaching safepoint: 40701 ns, At safepoint: 2100 ns, Total: 42801 ns
[1.973s][info ][safepoint      ] Safepoint "ICBufferFull", Time since last: 3906772 ns, Reaching safepoint: 57901 ns, At safepoint: 2600 ns, Total: 60501 ns
[1.979s][info ][safepoint      ] Safepoint "ICBufferFull", Time since last: 5324698 ns, Reaching safepoint: 37701 ns, At safepoint: 9900 ns, Total: 47601 ns
[1.980s][info ][safepoint      ] Safepoint "ICBufferFull", Time since last: 1162821 ns, Reaching safepoint: 27901 ns, At safepoint: 2400 ns, Total: 30301 ns
[1.983s][info ][safepoint      ] Safepoint "ICBufferFull", Time since last: 2744050 ns, Reaching safepoint: 43201 ns, At safepoint: 2900 ns, Total: 46101 ns
[1.984s][info ][safepoint      ] Safepoint "ICBufferFull", Time since last: 1578829 ns, Reaching safepoint: 23000 ns, At safepoint: 2500 ns, Total: 25500 ns
[1.986s][info ][safepoint      ] Safepoint "ICBufferFull", Time since last: 1457527 ns, Reaching safepoint: 19301 ns, At safepoint: 2500 ns, Total: 21801 ns
[1.987s][info ][safepoint      ] Safepoint "ICBufferFull", Time since last: 1452226 ns, Reaching safepoint: 35701 ns, At safepoint: 2600 ns, Total: 38301 ns
[1.989s][info ][safepoint      ] Safepoint "ICBufferFull", Time since last: 1588029 ns, Reaching safepoint: 45501 ns, At safepoint: 1900 ns, Total: 47401 ns
[1.990s][info ][safepoint      ] Safepoint "ICBufferFull", Time since last: 1459427 ns, Reaching safepoint: 21600 ns, At safepoint: 6500 ns, Total: 28100 ns
[1.993s][info ][safepoint      ] Safepoint "ICBufferFull", Time since last: 2488246 ns, Reaching safepoint: 30101 ns, At safepoint: 1900 ns, Total: 32001 ns
[1.994s][info ][safepoint      ] Safepoint "ICBufferFull", Time since last: 1634630 ns, Reaching safepoint: 28300 ns, At safepoint: 5100 ns, Total: 33400 ns
[1.996s][info ][safepoint      ] Safepoint "ICBufferFull", Time since last: 1421727 ns, Reaching safepoint: 35700 ns, At safepoint: 1800 ns, Total: 37500 ns
[1.997s][info ][safepoint      ] Safepoint "ICBufferFull", Time since last: 1478927 ns, Reaching safepoint: 32301 ns, At safepoint: 1600 ns, Total: 33901 ns
[1.999s][info ][safepoint      ] Safepoint "ICBufferFull", Time since last: 1632030 ns, Reaching safepoint: 152003 ns, At safepoint: 4300 ns, Total: 156303 ns
[2.001s][info ][safepoint      ] Safepoint "ICBufferFull", Time since last: 1848034 ns, Reaching safepoint: 34000 ns, At safepoint: 1600 ns, Total: 35600 ns
[2.003s][info ][safepoint      ] Safepoint "ICBufferFull", Time since last: 1947936 ns, Reaching safepoint: 111702 ns, At safepoint: 9201 ns, Total: 120903 ns
[2.006s][info ][safepoint      ] Safepoint "ICBufferFull", Time since last: 2427444 ns, Reaching safepoint: 41301 ns, At safepoint: 5700 ns, Total: 47001 ns
[2.015s][info ][safepoint      ] Safepoint "ICBufferFull", Time since last: 9599376 ns, Reaching safepoint: 53901 ns, At safepoint: 6701 ns, Total: 60602 ns
[2.016s][info ][safepoint      ] Safepoint "ICBufferFull", Time since last: 1025418 ns, Reaching safepoint: 32401 ns, At safepoint: 4500 ns, Total: 36901 ns
[2.017s][info ][safepoint      ] Safepoint "ICBufferFull", Time since last: 496009 ns, Reaching safepoint: 27301 ns, At safepoint: 6100 ns, Total: 33401 ns
[2.018s][info ][safepoint      ] Safepoint "ICBufferFull", Time since last: 1450126 ns, Reaching safepoint: 28801 ns, At safepoint: 4200 ns, Total: 33001 ns
[2.020s][info ][safepoint      ] Safepoint "ICBufferFull", Time since last: 1633830 ns, Reaching safepoint: 29301 ns, At safepoint: 2400 ns, Total: 31701 ns
[2.023s][info ][safepoint      ] Safepoint "ICBufferFull", Time since last: 2919153 ns, Reaching safepoint: 27701 ns, At safepoint: 3100 ns, Total: 30801 ns
[2.025s][info ][safepoint      ] Safepoint "ICBufferFull", Time since last: 1778333 ns, Reaching safepoint: 34900 ns, At safepoint: 2400 ns, Total: 37300 ns
[2.033s][info ][safepoint      ] Safepoint "ICBufferFull", Time since last: 8354054 ns, Reaching safepoint: 50801 ns, At safepoint: 2100 ns, Total: 52901 ns
[2.035s][info ][safepoint      ] Safepoint "ICBufferFull", Time since last: 1982036 ns, Reaching safepoint: 23801 ns, At safepoint: 2500 ns, Total: 26301 ns
[2.036s][info ][safepoint      ] Safepoint "ICBufferFull", Time since last: 668512 ns, Reaching safepoint: 20200 ns, At safepoint: 2000 ns, Total: 22200 ns
[2.039s][info ][safepoint      ] Safepoint "ICBufferFull", Time since last: 2904254 ns, Reaching safepoint: 38200 ns, At safepoint: 3500 ns, Total: 41700 ns
[2.040s][info ][safepoint      ] Safepoint "ICBufferFull", Time since last: 1434227 ns, Reaching safepoint: 35100 ns, At safepoint: 2101 ns, Total: 37201 ns
[2.041s][info ][safepoint      ] Safepoint "ICBufferFull", Time since last: 527309 ns, Reaching safepoint: 16301 ns, At safepoint: 6300 ns, Total: 22601 ns
[2.044s][info ][safepoint      ] Safepoint "ICBufferFull", Time since last: 3370362 ns, Reaching safepoint: 24000 ns, At safepoint: 2600 ns, Total: 26600 ns
[2.046s][info ][safepoint      ] Safepoint "ICBufferFull", Time since last: 1513028 ns, Reaching safepoint: 43501 ns, At safepoint: 2000 ns, Total: 45501 ns
[2.047s][info ][safepoint      ] Safepoint "ICBufferFull", Time since last: 1624130 ns, Reaching safepoint: 19500 ns, At safepoint: 6400 ns, Total: 25900 ns
[2.048s][info ][safepoint      ] Safepoint "ICBufferFull", Time since last: 507109 ns, Reaching safepoint: 21201 ns, At safepoint: 2300 ns, Total: 23501 ns
[2.052s][info ][safepoint      ] Safepoint "ICBufferFull", Time since last: 3541765 ns, Reaching safepoint: 23000 ns, At safepoint: 2400 ns, Total: 25400 ns
[2.052s][info ][safepoint      ] Safepoint "ICBufferFull", Time since last: 522210 ns, Reaching safepoint: 17400 ns, At safepoint: 3000 ns, Total: 20400 ns
[2.068s][info ][safepoint      ] Safepoint "ICBufferFull", Time since last: 16042495 ns, Reaching safepoint: 47301 ns, At safepoint: 3000 ns, Total: 50301 ns
[2.085s][info ][safepoint      ] Safepoint "ICBufferFull", Time since last: 17029813 ns, Reaching safepoint: 60201 ns, At safepoint: 2600 ns, Total: 62801 ns
[2.086s][info ][safepoint      ] Safepoint "ICBufferFull", Time since last: 1051920 ns, Reaching safepoint: 19000 ns, At safepoint: 2000 ns, Total: 21000 ns
[2.088s][info ][safepoint      ] Safepoint "ICBufferFull", Time since last: 1089520 ns, Reaching safepoint: 24900 ns, At safepoint: 2600 ns, Total: 27500 ns
[2.088s][info ][safepoint      ] Safepoint "ICBufferFull", Time since last: 898317 ns, Reaching safepoint: 15600 ns, At safepoint: 1900 ns, Total: 17500 ns
[2.089s][info ][safepoint      ] Safepoint "ICBufferFull", Time since last: 946718 ns, Reaching safepoint: 27100 ns, At safepoint: 2300 ns, Total: 29400 ns
[2.092s][info ][safepoint      ] Safepoint "ICBufferFull", Time since last: 2901754 ns, Reaching safepoint: 36600 ns, At safepoint: 2200 ns, Total: 38800 ns
[2.093s][info ][safepoint      ] Safepoint "ICBufferFull", Time since last: 1134921 ns, Reaching safepoint: 16500 ns, At safepoint: 1900 ns, Total: 18400 ns
[2.095s][info ][safepoint      ] Safepoint "ICBufferFull", Time since last: 1141421 ns, Reaching safepoint: 23901 ns, At safepoint: 1200 ns, Total: 25101 ns
[2.096s][info ][safepoint      ] Safepoint "ICBufferFull", Time since last: 995018 ns, Reaching safepoint: 30901 ns, At safepoint: 2400 ns, Total: 33301 ns
[2.098s][info ][safepoint      ] Safepoint "ICBufferFull", Time since last: 2627148 ns, Reaching safepoint: 20400 ns, At safepoint: 2100 ns, Total: 22500 ns
[2.100s][info ][safepoint      ] Safepoint "ICBufferFull", Time since last: 1419527 ns, Reaching safepoint: 17000 ns, At safepoint: 1600 ns, Total: 18600 ns
[2.101s][info ][safepoint      ] Safepoint "ICBufferFull", Time since last: 1203522 ns, Reaching safepoint: 19400 ns, At safepoint: 2100 ns, Total: 21500 ns
[2.105s][info ][safepoint      ] Safepoint "ICBufferFull", Time since last: 4204578 ns, Reaching safepoint: 34900 ns, At safepoint: 2300 ns, Total: 37200 ns
[2.106s][info ][safepoint      ] Safepoint "ICBufferFull", Time since last: 900517 ns, Reaching safepoint: 30901 ns, At safepoint: 2400 ns, Total: 33301 ns
[2.108s][info ][safepoint      ] Safepoint "ICBufferFull", Time since last: 1450126 ns, Reaching safepoint: 34901 ns, At safepoint: 3100 ns, Total: 38001 ns
[2.108s][info ][safepoint      ] Safepoint "ICBufferFull", Time since last: 500409 ns, Reaching safepoint: 16800 ns, At safepoint: 1900 ns, Total: 18700 ns
[2.110s][info ][safepoint      ] Safepoint "ICBufferFull", Time since last: 1721632 ns, Reaching safepoint: 37401 ns, At safepoint: 3000 ns, Total: 40401 ns
[2.111s][info ][safepoint      ] Safepoint "ICBufferFull", Time since last: 1432826 ns, Reaching safepoint: 36901 ns, At safepoint: 2500 ns, Total: 39401 ns
[2.113s][info ][safepoint      ] Safepoint "ICBufferFull", Time since last: 1519528 ns, Reaching safepoint: 19900 ns, At safepoint: 2200 ns, Total: 22100 ns
[2.114s][info ][safepoint      ] Safepoint "ICBufferFull", Time since last: 1346125 ns, Reaching safepoint: 17300 ns, At safepoint: 1600 ns, Total: 18900 ns
[2.116s][info ][safepoint      ] Safepoint "ICBufferFull", Time since last: 1343525 ns, Reaching safepoint: 38701 ns, At safepoint: 6600 ns, Total: 45301 ns
[2.117s][info ][safepoint      ] Safepoint "ICBufferFull", Time since last: 1313224 ns, Reaching safepoint: 34301 ns, At safepoint: 1800 ns, Total: 36101 ns
[2.118s][info ][safepoint      ] Safepoint "ICBufferFull", Time since last: 1312824 ns, Reaching safepoint: 24600 ns, At safepoint: 2100 ns, Total: 26700 ns
[2.120s][info ][safepoint      ] Safepoint "ICBufferFull", Time since last: 1316224 ns, Reaching safepoint: 94502 ns, At safepoint: 5200 ns, Total: 99702 ns
[2.121s][info ][safepoint      ] Safepoint "ICBufferFull", Time since last: 1573329 ns, Reaching safepoint: 22301 ns, At safepoint: 2300 ns, Total: 24601 ns
[2.123s][info ][safepoint      ] Safepoint "ICBufferFull", Time since last: 1297123 ns, Reaching safepoint: 99502 ns, At safepoint: 3000 ns, Total: 102502 ns
[2.124s][info ][safepoint      ] Safepoint "ICBufferFull", Time since last: 1233223 ns, Reaching safepoint: 29301 ns, At safepoint: 1500 ns, Total: 30801 ns
[2.125s][info ][safepoint      ] Safepoint "ICBufferFull", Time since last: 1243822 ns, Reaching safepoint: 39701 ns, At safepoint: 2500 ns, Total: 42201 ns
[2.128s][info ][safepoint      ] Safepoint "ICBufferFull", Time since last: 2233441 ns, Reaching safepoint: 39001 ns, At safepoint: 5400 ns, Total: 44401 ns
[2.129s][info ][safepoint      ] Safepoint "ICBufferFull", Time since last: 1474627 ns, Reaching safepoint: 31001 ns, At safepoint: 1400 ns, Total: 32401 ns
[2.130s][info ][safepoint      ] Safepoint "ICBufferFull", Time since last: 1278223 ns, Reaching safepoint: 28701 ns, At safepoint: 1500 ns, Total: 30201 ns
[2.132s][info ][safepoint      ] Safepoint "ICBufferFull", Time since last: 1223522 ns, Reaching safepoint: 29701 ns, At safepoint: 1300 ns, Total: 31001 ns
[2.132s][info ][safepoint      ] Safepoint "ICBufferFull", Time since last: 499109 ns, Reaching safepoint: 20200 ns, At safepoint: 4501 ns, Total: 24701 ns
[2.134s][info ][safepoint      ] Safepoint "ICBufferFull", Time since last: 1467226 ns, Reaching safepoint: 37001 ns, At safepoint: 1700 ns, Total: 38701 ns
[2.136s][info ][safepoint      ] Safepoint "ICBufferFull", Time since last: 2507246 ns, Reaching safepoint: 28401 ns, At safepoint: 1500 ns, Total: 29901 ns
[2.137s][info ][safepoint      ] Safepoint "ICBufferFull", Time since last: 1068119 ns, Reaching safepoint: 29301 ns, At safepoint: 1300 ns, Total: 30601 ns
[2.139s][info ][safepoint      ] Safepoint "ICBufferFull", Time since last: 1192022 ns, Reaching safepoint: 22300 ns, At safepoint: 1500 ns, Total: 23800 ns
[2.140s][info ][safepoint      ] Safepoint "ICBufferFull", Time since last: 1462927 ns, Reaching safepoint: 20201 ns, At safepoint: 1300 ns, Total: 21501 ns
[2.141s][info ][safepoint      ] Safepoint "ICBufferFull", Time since last: 498309 ns, Reaching safepoint: 19400 ns, At safepoint: 1300 ns, Total: 20700 ns
[2.142s][info ][safepoint      ] Safepoint "ICBufferFull", Time since last: 1264023 ns, Reaching safepoint: 92502 ns, At safepoint: 4600 ns, Total: 97102 ns
[2.143s][info ][safepoint      ] Safepoint "ICBufferFull", Time since last: 1345825 ns, Reaching safepoint: 17000 ns, At safepoint: 1800 ns, Total: 18800 ns
[2.144s][info ][safepoint      ] Safepoint "ICBufferFull", Time since last: 821415 ns, Reaching safepoint: 32201 ns, At safepoint: 1400 ns, Total: 33601 ns
[2.145s][info ][safepoint      ] Safepoint "ICBufferFull", Time since last: 1125621 ns, Reaching safepoint: 32900 ns, At safepoint: 1600 ns, Total: 34500 ns
[2.147s][info ][safepoint      ] Safepoint "ICBufferFull", Time since last: 1546029 ns, Reaching safepoint: 32100 ns, At safepoint: 7000 ns, Total: 39100 ns
[2.148s][info ][safepoint      ] Safepoint "ICBufferFull", Time since last: 809815 ns, Reaching safepoint: 20201 ns, At safepoint: 1300 ns, Total: 21501 ns
[2.149s][info ][safepoint      ] Safepoint "ICBufferFull", Time since last: 917617 ns, Reaching safepoint: 25700 ns, At safepoint: 1300 ns, Total: 27000 ns
[2.150s][info ][safepoint      ] Safepoint "ICBufferFull", Time since last: 1012219 ns, Reaching safepoint: 29400 ns, At safepoint: 1400 ns, Total: 30800 ns
[2.151s][info ][safepoint      ] Safepoint "ICBufferFull", Time since last: 799615 ns, Reaching safepoint: 88602 ns, At safepoint: 4200 ns, Total: 92802 ns
[2.152s][info ][safepoint      ] Safepoint "ICBufferFull", Time since last: 1129820 ns, Reaching safepoint: 13901 ns, At safepoint: 1300 ns, Total: 15201 ns
[2.153s][info ][safepoint      ] Safepoint "ICBufferFull", Time since last: 964617 ns, Reaching safepoint: 40401 ns, At safepoint: 10500 ns, Total: 50901 ns
[2.154s][info ][safepoint      ] Safepoint "ICBufferFull", Time since last: 902717 ns, Reaching safepoint: 97002 ns, At safepoint: 7300 ns, Total: 104302 ns
[2.154s][info ][safepoint      ] Safepoint "ICBufferFull", Time since last: 651912 ns, Reaching safepoint: 25200 ns, At safepoint: 2400 ns, Total: 27600 ns
[2.155s][info ][safepoint      ] Safepoint "ICBufferFull", Time since last: 722314 ns, Reaching safepoint: 35500 ns, At safepoint: 5000 ns, Total: 40500 ns
[2.156s][info ][safepoint      ] Safepoint "ICBufferFull", Time since last: 793515 ns, Reaching safepoint: 26300 ns, At safepoint: 1300 ns, Total: 27600 ns
[2.157s][info ][safepoint      ] Safepoint "ICBufferFull", Time since last: 511910 ns, Reaching safepoint: 97202 ns, At safepoint: 4100 ns, Total: 101302 ns
[2.158s][info ][safepoint      ] Safepoint "ICBufferFull", Time since last: 1431526 ns, Reaching safepoint: 105602 ns, At safepoint: 4500 ns, Total: 110102 ns
[2.159s][info ][safepoint      ] Safepoint "ICBufferFull", Time since last: 623812 ns, Reaching safepoint: 18600 ns, At safepoint: 2000 ns, Total: 20600 ns
[2.160s][info ][safepoint      ] Safepoint "ICBufferFull", Time since last: 629211 ns, Reaching safepoint: 16601 ns, At safepoint: 1700 ns, Total: 18301 ns
[2.160s][info ][safepoint      ] Safepoint "ICBufferFull", Time since last: 680312 ns, Reaching safepoint: 25101 ns, At safepoint: 2500 ns, Total: 27601 ns
[2.161s][info ][safepoint      ] Safepoint "ICBufferFull", Time since last: 701513 ns, Reaching safepoint: 39100 ns, At safepoint: 5101 ns, Total: 44201 ns
[2.162s][info ][safepoint      ] Safepoint "ICBufferFull", Time since last: 654712 ns, Reaching safepoint: 34600 ns, At safepoint: 2400 ns, Total: 37000 ns
[2.162s][info ][safepoint      ] Safepoint "ICBufferFull", Time since last: 643412 ns, Reaching safepoint: 14900 ns, At safepoint: 2000 ns, Total: 16900 ns
[2.163s][info ][safepoint      ] Safepoint "ICBufferFull", Time since last: 630012 ns, Reaching safepoint: 21100 ns, At safepoint: 2300 ns, Total: 23400 ns
[2.164s][info ][safepoint      ] Safepoint "ICBufferFull", Time since last: 693313 ns, Reaching safepoint: 25301 ns, At safepoint: 2400 ns, Total: 27701 ns
[2.164s][info ][safepoint      ] Safepoint "ICBufferFull", Time since last: 728013 ns, Reaching safepoint: 29501 ns, At safepoint: 8200 ns, Total: 37701 ns
[2.165s][info ][safepoint      ] Safepoint "ICBufferFull", Time since last: 813315 ns, Reaching safepoint: 31400 ns, At safepoint: 1700 ns, Total: 33100 ns
[2.166s][info ][safepoint      ] Safepoint "ICBufferFull", Time since last: 822715 ns, Reaching safepoint: 16501 ns, At safepoint: 1700 ns, Total: 18201 ns
[2.167s][info ][safepoint      ] Safepoint "ICBufferFull", Time since last: 800214 ns, Reaching safepoint: 18701 ns, At safepoint: 2200 ns, Total: 20901 ns
[2.168s][info ][safepoint      ] Safepoint "ICBufferFull", Time since last: 780414 ns, Reaching safepoint: 29401 ns, At safepoint: 1300 ns, Total: 30701 ns
[2.171s][info ][safepoint      ] Safepoint "ICBufferFull", Time since last: 3534365 ns, Reaching safepoint: 36400 ns, At safepoint: 2700 ns, Total: 39100 ns
[2.211s][info ][safepoint      ] Safepoint "ICBufferFull", Time since last: 39312223 ns, Reaching safepoint: 55801 ns, At safepoint: 2400 ns, Total: 58201 ns
[2.349s][info ][safepoint      ] Safepoint "ICBufferFull", Time since last: 137909835 ns, Reaching safepoint: 161202 ns, At safepoint: 2901 ns, Total: 164103 ns
[2.546s][info ][gc,start       ] GC(2) Pause Young (Metadata GC Threshold)
[2.576s][debug][gc,phases      ] GC(2) Scavenge 30.673ms
[2.576s][debug][gc,ref         ] GC(2) Skipped phase 1 of Reference Processing: no references
[2.576s][debug][gc,ref         ] GC(2) ReferenceProcessor::execute queues: 2, RefProcThreadModel::Multi, marks_oops_alive: false
[2.577s][debug][gc,ref         ] GC(2) Skipped phase 3 of Reference Processing: no references
[2.577s][debug][gc,ref         ] GC(2) ReferenceProcessor::execute queues: 1, RefProcThreadModel::Single, marks_oops_alive: false
[2.577s][debug][gc,phases      ] GC(2) Reference Processing 0.290ms
[2.577s][debug][gc,phases      ] GC(2)   VM Weak                        Min:  0.0, Avg:  0.0, Max:  0.0, Diff:  0.0, Sum:  0.0, Workers: 4
[2.577s][debug][gc,phases      ] GC(2)     Dead                           Min: 0, Avg:  0.0, Max: 0, Diff: 0, Sum: 0, Workers: 4
[2.577s][debug][gc,phases      ] GC(2)     Total                          Min: 0, Avg: 68.2, Max: 273, Diff: 273, Sum: 273, Workers: 4
[2.577s][debug][gc,phases      ] GC(2)   ObjectSynchronizer Weak        Min:  0.0, Avg:  0.0, Max:  0.0, Diff:  0.0, Sum:  0.0, Workers: 4
[2.577s][debug][gc,phases      ] GC(2)     Dead                           Min: 0, Avg:  0.2, Max: 1, Diff: 1, Sum: 1, Workers: 4
[2.577s][debug][gc,phases      ] GC(2)     Total                          Min: 0, Avg:  2.8, Max: 11, Diff: 11, Sum: 11, Workers: 4
[2.577s][debug][gc,phases      ] GC(2)   JVMTI Tag Weak OopStorage      Min:  0.0, Avg:  0.0, Max:  0.0, Diff:  0.0, Sum:  0.0, Workers: 4
[2.577s][debug][gc,phases      ] GC(2)     Dead                           Min: 0, Avg:  0.0, Max: 0, Diff: 0, Sum: 0, Workers: 4
[2.577s][debug][gc,phases      ] GC(2)     Total                          Min: 0, Avg:  0.0, Max: 0, Diff: 0, Sum: 0, Workers: 4
[2.577s][debug][gc,phases      ] GC(2)   StringTable Weak               Min:  0.2, Avg:  0.2, Max:  0.2, Diff:  0.0, Sum:  0.6, Workers: 4
[2.577s][debug][gc,phases      ] GC(2)     Dead                           Min: 3, Avg:  6.0, Max: 15, Diff: 12, Sum: 24, Workers: 4
[2.577s][debug][gc,phases      ] GC(2)     Total                          Min: 3648, Avg: 4938.2, Max: 6208, Diff: 2560, Sum: 19753, Workers: 4
[2.577s][debug][gc,phases      ] GC(2)   ResolvedMethodTable Weak       Min:  0.0, Avg:  0.0, Max:  0.0, Diff:  0.0, Sum:  0.1, Workers: 4
[2.577s][debug][gc,phases      ] GC(2)     Dead                           Min: 6, Avg: 18.2, Max: 41, Diff: 35, Sum: 73, Workers: 4
[2.577s][debug][gc,phases      ] GC(2)     Total                          Min: 320, Avg: 472.8, Max: 704, Diff: 384, Sum: 1891, Workers: 4
[2.577s][debug][gc,phases      ] GC(2)   JNI Weak                       Min:  0.0, Avg:  0.0, Max:  0.0, Diff:  0.0, Sum:  0.0, Workers: 4
[2.577s][debug][gc,phases      ] GC(2)     Dead                           Min: 0, Avg:  0.0, Max: 0, Diff: 0, Sum: 0, Workers: 4
[2.577s][debug][gc,phases      ] GC(2)     Total                          Min: 0, Avg:  0.0, Max: 0, Diff: 0, Sum: 0, Workers: 4
[2.577s][debug][gc,phases      ] GC(2)   StringDedup Table Weak         Min:  0.0, Avg:  0.0, Max:  0.0, Diff:  0.0, Sum:  0.0, Workers: 4
[2.577s][debug][gc,phases      ] GC(2)     Dead                           Min: 0, Avg:  0.0, Max: 0, Diff: 0, Sum: 0, Workers: 4
[2.577s][debug][gc,phases      ] GC(2)     Total                          Min: 0, Avg:  0.0, Max: 0, Diff: 0, Sum: 0, Workers: 4
[2.577s][debug][gc,phases      ] GC(2)   StringDedup Requests0 Weak     Min:  0.0, Avg:  0.0, Max:  0.0, Diff:  0.0, Sum:  0.0, Workers: 4
[2.577s][debug][gc,phases      ] GC(2)     Dead                           Min: 0, Avg:  0.0, Max: 0, Diff: 0, Sum: 0, Workers: 4
[2.577s][debug][gc,phases      ] GC(2)     Total                          Min: 0, Avg:  0.0, Max: 0, Diff: 0, Sum: 0, Workers: 4
[2.577s][debug][gc,phases      ] GC(2)   StringDedup Requests1 Weak     Min:  0.0, Avg:  0.0, Max:  0.0, Diff:  0.0, Sum:  0.0, Workers: 4
[2.577s][debug][gc,phases      ] GC(2)     Dead                           Min: 0, Avg:  0.0, Max: 0, Diff: 0, Sum: 0, Workers: 4
[2.577s][debug][gc,phases      ] GC(2)     Total                          Min: 0, Avg:  0.0, Max: 0, Diff: 0, Sum: 0, Workers: 4
[2.577s][debug][gc,phases      ] GC(2)   Weak JFR Old Object Samples    Min:  0.0, Avg:  0.0, Max:  0.0, Diff:  0.0, Sum:  0.0, Workers: 4
[2.577s][debug][gc,phases      ] GC(2)     Dead                           Min: 0, Avg:  0.0, Max: 0, Diff: 0, Sum: 0, Workers: 4
[2.577s][debug][gc,phases      ] GC(2)     Total                          Min: 0, Avg:  0.0, Max: 0, Diff: 0, Sum: 0, Workers: 4
[2.577s][debug][gc,phases      ] GC(2) Weak Processing 0.367ms
[2.577s][debug][gc,age         ] GC(2) Desired survivor size 536870912 bytes, new threshold 7 (max threshold 15)
[2.577s][info ][gc,heap        ] GC(2) PSYoungGen: 455129K(1572864K)->56566K(1572864K) Eden: 443899K(1048576K)->0K(1048576K) From: 11230K(524288K)->56566K(524288K)
[2.577s][info ][gc,heap        ] GC(2) ParOldGen: 5680K(6144K)->5688K(6144K)
[2.577s][info ][gc,metaspace   ] GC(2) Metaspace: 35470K(35840K)->35470K(35840K) NonClass: 30998K(31168K)->30998K(31168K) Class: 4472K(4672K)->4472K(4672K)
[2.577s][info ][gc             ] GC(2) Pause Young (Metadata GC Threshold) 450M->60M(1542M) 31.467ms
[2.577s][info ][gc,cpu         ] GC(2) User=0.11s Sys=0.01s Real=0.03s
[2.577s][debug][gc,phases      ] GC(3) Pre Compact 0.010ms
[2.577s][info ][gc,start       ] GC(3) Pause Full (Metadata GC Threshold)
[2.577s][info ][gc,phases,start] GC(3) Marking Phase
[2.595s][debug][gc,phases      ] GC(3) Par Mark 18.033ms
[2.595s][debug][gc,ref         ] GC(3) Skipped phase 1 of Reference Processing: no references
[2.595s][debug][gc,ref         ] GC(3) ReferenceProcessor::execute queues: 2, RefProcThreadModel::Multi, marks_oops_alive: false
[2.595s][debug][gc,ref         ] GC(3) Skipped phase 3 of Reference Processing: no references
[2.595s][debug][gc,ref         ] GC(3) ReferenceProcessor::execute queues: 1, RefProcThreadModel::Single, marks_oops_alive: false
[2.595s][debug][gc,phases      ] GC(3) Reference Processing 0.121ms
[2.595s][debug][gc,phases      ] GC(3)   VM Weak                        Min:  0.0, Avg:  0.0, Max:  0.0, Diff:  0.0, Sum:  0.0, Workers: 4
[2.595s][debug][gc,phases      ] GC(3)     Dead                           Min: 0, Avg:  0.0, Max: 0, Diff: 0, Sum: 0, Workers: 4
[2.595s][debug][gc,phases      ] GC(3)     Total                          Min: 0, Avg: 68.2, Max: 145, Diff: 145, Sum: 273, Workers: 4
[2.595s][debug][gc,phases      ] GC(3)   ObjectSynchronizer Weak        Min:  0.0, Avg:  0.0, Max:  0.0, Diff:  0.0, Sum:  0.0, Workers: 4
[2.596s][debug][gc,phases      ] GC(3)     Dead                           Min: 0, Avg:  0.0, Max: 0, Diff: 0, Sum: 0, Workers: 4
[2.596s][debug][gc,phases      ] GC(3)     Total                          Min: 0, Avg:  2.8, Max: 11, Diff: 11, Sum: 11, Workers: 4
[2.596s][debug][gc,phases      ] GC(3)   JVMTI Tag Weak OopStorage      Min:  0.0, Avg:  0.0, Max:  0.0, Diff:  0.0, Sum:  0.0, Workers: 4
[2.596s][debug][gc,phases      ] GC(3)     Dead                           Min: 0, Avg:  0.0, Max: 0, Diff: 0, Sum: 0, Workers: 4
[2.596s][debug][gc,phases      ] GC(3)     Total                          Min: 0, Avg:  0.0, Max: 0, Diff: 0, Sum: 0, Workers: 4
[2.596s][debug][gc,phases      ] GC(3)   StringTable Weak               Min:  0.1, Avg:  0.1, Max:  0.1, Diff:  0.0, Sum:  0.2, Workers: 4
[2.596s][debug][gc,phases      ] GC(3)     Dead                           Min: 0, Avg:  0.0, Max: 0, Diff: 0, Sum: 0, Workers: 4
[2.596s][debug][gc,phases      ] GC(3)     Total                          Min: 4160, Avg: 4938.2, Max: 6144, Diff: 1984, Sum: 19753, Workers: 4
[2.596s][debug][gc,phases      ] GC(3)   ResolvedMethodTable Weak       Min:  0.0, Avg:  0.0, Max:  0.0, Diff:  0.0, Sum:  0.0, Workers: 4
[2.596s][debug][gc,phases      ] GC(3)     Dead                           Min: 0, Avg:  0.0, Max: 0, Diff: 0, Sum: 0, Workers: 4
[2.596s][debug][gc,phases      ] GC(3)     Total                          Min: 384, Avg: 472.8, Max: 576, Diff: 192, Sum: 1891, Workers: 4
[2.596s][debug][gc,phases      ] GC(3)   JNI Weak                       Min:  0.0, Avg:  0.0, Max:  0.0, Diff:  0.0, Sum:  0.0, Workers: 4
[2.596s][debug][gc,phases      ] GC(3)     Dead                           Min: 0, Avg:  0.0, Max: 0, Diff: 0, Sum: 0, Workers: 4
[2.596s][debug][gc,phases      ] GC(3)     Total                          Min: 0, Avg:  0.0, Max: 0, Diff: 0, Sum: 0, Workers: 4
[2.596s][debug][gc,phases      ] GC(3)   StringDedup Table Weak         Min:  0.0, Avg:  0.0, Max:  0.0, Diff:  0.0, Sum:  0.0, Workers: 4
[2.596s][debug][gc,phases      ] GC(3)     Dead                           Min: 0, Avg:  0.0, Max: 0, Diff: 0, Sum: 0, Workers: 4
[2.596s][debug][gc,phases      ] GC(3)     Total                          Min: 0, Avg:  0.0, Max: 0, Diff: 0, Sum: 0, Workers: 4
[2.596s][debug][gc,phases      ] GC(3)   StringDedup Requests0 Weak     Min:  0.0, Avg:  0.0, Max:  0.0, Diff:  0.0, Sum:  0.0, Workers: 4
[2.596s][debug][gc,phases      ] GC(3)     Dead                           Min: 0, Avg:  0.0, Max: 0, Diff: 0, Sum: 0, Workers: 4
[2.596s][debug][gc,phases      ] GC(3)     Total                          Min: 0, Avg:  0.0, Max: 0, Diff: 0, Sum: 0, Workers: 4
[2.596s][debug][gc,phases      ] GC(3)   StringDedup Requests1 Weak     Min:  0.0, Avg:  0.0, Max:  0.0, Diff:  0.0, Sum:  0.0, Workers: 4
[2.596s][debug][gc,phases      ] GC(3)     Dead                           Min: 0, Avg:  0.0, Max: 0, Diff: 0, Sum: 0, Workers: 4
[2.596s][debug][gc,phases      ] GC(3)     Total                          Min: 0, Avg:  0.0, Max: 0, Diff: 0, Sum: 0, Workers: 4
[2.596s][debug][gc,phases      ] GC(3)   Weak JFR Old Object Samples    Min:  0.0, Avg:  0.0, Max:  0.0, Diff:  0.0, Sum:  0.0, Workers: 4
[2.596s][debug][gc,phases      ] GC(3)     Dead                           Min: 0, Avg:  0.0, Max: 0, Diff: 0, Sum: 0, Workers: 4
[2.596s][debug][gc,phases      ] GC(3)     Total                          Min: 0, Avg:  0.0, Max: 0, Diff: 0, Sum: 0, Workers: 4
[2.596s][debug][gc,phases      ] GC(3) Weak Processing 0.257ms
[2.596s][debug][gc,phases      ] GC(3) ClassLoaderData 0.033ms
[2.596s][debug][gc,phases      ] GC(3) Trigger cleanups 0.000ms
[2.599s][debug][gc,phases      ] GC(3) Class Unloading 3.697ms
[2.599s][info ][gc,phases      ] GC(3) Marking Phase 22.233ms
[2.599s][info ][gc,phases,start] GC(3) Summary Phase
[2.599s][info ][gc,phases      ] GC(3) Summary Phase 0.006ms
[2.599s][info ][gc,phases,start] GC(3) Adjust Roots
[2.603s][info ][gc,phases      ] GC(3) Adjust Roots 3.835ms
[2.603s][info ][gc,phases,start] GC(3) Compaction Phase
[2.885s][info ][gc,phases      ] GC(3) Compaction Phase 281.527ms
[2.885s][info ][gc,phases,start] GC(3) Post Compact
[2.885s][info ][gc,phases      ] GC(3) Post Compact 0.621ms
[2.885s][info ][gc,heap        ] GC(3) PSYoungGen: 56566K(1572864K)->56402K(1572864K) Eden: 0K(1048576K)->0K(1048576K) From: 56566K(524288K)->56402K(524288K)
[2.885s][info ][gc,heap        ] GC(3) ParOldGen: 5688K(6144K)->5636K(6144K)
[2.885s][info ][gc,metaspace   ] GC(3) Metaspace: 35470K(35840K)->35470K(35840K) NonClass: 30998K(31168K)->30998K(31168K) Class: 4472K(4672K)->4472K(4672K)
[2.885s][info ][gc             ] GC(3) Pause Full (Metadata GC Threshold) 60M->60M(1542M) 308.360ms
[2.885s][info ][gc,cpu         ] GC(3) User=0.65s Sys=0.01s Real=0.31s
[2.885s][info ][safepoint      ] Safepoint "CollectForMetadataAllocation", Time since last: 196609613 ns, Reaching safepoint: 125202 ns, At safepoint: 339948948 ns, Total: 340074150 ns
[3.141s][info ][safepoint      ] Safepoint "ICBufferFull", Time since last: 255082788 ns, Reaching safepoint: 195704 ns, At safepoint: 7800 ns, Total: 203504 ns
[3.250s][info ][safepoint      ] Safepoint "ICBufferFull", Time since last: 108976303 ns, Reaching safepoint: 219004 ns, At safepoint: 5100 ns, Total: 224104 ns
[3.407s][info ][safepoint      ] Safepoint "ICBufferFull", Time since last: 154264335 ns, Reaching safepoint: 2287742 ns, At safepoint: 17901 ns, Total: 2305643 ns
[3.407s][info ][safepoint      ] Safepoint "ICBufferFull", Time since last: 219804 ns, Reaching safepoint: 100601 ns, At safepoint: 20201 ns, Total: 120802 ns
[3.410s][info ][safepoint      ] Safepoint "ICBufferFull", Time since last: 919617 ns, Reaching safepoint: 2137939 ns, At safepoint: 22000 ns, Total: 2159939 ns
[3.492s][info ][safepoint      ] Safepoint "ICBufferFull", Time since last: 81432397 ns, Reaching safepoint: 213604 ns, At safepoint: 33101 ns, Total: 246705 ns
[3.492s][info ][safepoint      ] Safepoint "ICBufferFull", Time since last: 98801 ns, Reaching safepoint: 89902 ns, At safepoint: 20700 ns, Total: 110602 ns
[3.502s][info ][safepoint      ] Safepoint "ICBufferFull", Time since last: 9574776 ns, Reaching safepoint: 135003 ns, At safepoint: 23600 ns, Total: 158603 ns
[3.502s][info ][safepoint      ] Safepoint "ICBufferFull", Time since last: 82402 ns, Reaching safepoint: 90402 ns, At safepoint: 26300 ns, Total: 116702 ns
[3.509s][info ][safepoint      ] Safepoint "ICBufferFull", Time since last: 7582939 ns, Reaching safepoint: 101902 ns, At safepoint: 17901 ns, Total: 119803 ns
[3.510s][info ][safepoint      ] Safepoint "ICBufferFull", Time since last: 56001 ns, Reaching safepoint: 93701 ns, At safepoint: 15601 ns, Total: 109302 ns
[3.723s][info ][safepoint      ] Safepoint "ICBufferFull", Time since last: 213257819 ns, Reaching safepoint: 314306 ns, At safepoint: 23500 ns, Total: 337806 ns
[3.757s][info ][safepoint      ] Safepoint "ICBufferFull", Time since last: 31775084 ns, Reaching safepoint: 1566029 ns, At safepoint: 59501 ns, Total: 1625530 ns
[3.757s][info ][safepoint      ] Safepoint "ICBufferFull", Time since last: 126003 ns, Reaching safepoint: 118002 ns, At safepoint: 25000 ns, Total: 143002 ns
[3.762s][info ][safepoint      ] Safepoint "ICBufferFull", Time since last: 352507 ns, Reaching safepoint: 4331779 ns, At safepoint: 37501 ns, Total: 4369280 ns
[3.939s][info ][safepoint      ] Safepoint "ICBufferFull", Time since last: 177260858 ns, Reaching safepoint: 180103 ns, At safepoint: 20201 ns, Total: 200304 ns
[3.941s][info ][safepoint      ] Safepoint "ICBufferFull", Time since last: 2257741 ns, Reaching safepoint: 105602 ns, At safepoint: 17100 ns, Total: 122702 ns
[3.942s][info ][safepoint      ] Safepoint "ICBufferFull", Time since last: 68902 ns, Reaching safepoint: 84301 ns, At safepoint: 15500 ns, Total: 99801 ns
[3.942s][info ][safepoint      ] Safepoint "ICBufferFull", Time since last: 388608 ns, Reaching safepoint: 98101 ns, At safepoint: 19901 ns, Total: 118002 ns
[3.942s][info ][safepoint      ] Safepoint "ICBufferFull", Time since last: 33200 ns, Reaching safepoint: 84702 ns, At safepoint: 16800 ns, Total: 101502 ns
[4.235s][info ][safepoint      ] Safepoint "ICBufferFull", Time since last: 292391474 ns, Reaching safepoint: 232205 ns, At safepoint: 29000 ns, Total: 261205 ns
[4.346s][info ][safepoint      ] Safepoint "ICBufferFull", Time since last: 110893638 ns, Reaching safepoint: 487809 ns, At safepoint: 36001 ns, Total: 523810 ns
[4.365s][info ][gc,start       ] GC(4) Pause Young (Allocation Failure)
[4.480s][debug][gc,phases      ] GC(4) Scavenge 114.675ms
[4.480s][debug][gc,ref         ] GC(4) Skipped phase 1 of Reference Processing: no references
[4.480s][debug][gc,ref         ] GC(4) ReferenceProcessor::execute queues: 4, RefProcThreadModel::Multi, marks_oops_alive: false
[4.480s][debug][gc,ref         ] GC(4) Skipped phase 3 of Reference Processing: no references
[4.480s][debug][gc,ref         ] GC(4) ReferenceProcessor::execute queues: 3, RefProcThreadModel::Multi, marks_oops_alive: false
[4.480s][debug][gc,phases      ] GC(4) Reference Processing 0.397ms
[4.481s][debug][gc,phases      ] GC(4)   VM Weak                        Min:  0.0, Avg:  0.0, Max:  0.0, Diff:  0.0, Sum:  0.0, Workers: 4
[4.481s][debug][gc,phases      ] GC(4)     Dead                           Min: 0, Avg:  0.0, Max: 0, Diff: 0, Sum: 0, Workers: 4
[4.481s][debug][gc,phases      ] GC(4)     Total                          Min: 0, Avg: 105.0, Max: 228, Diff: 228, Sum: 420, Workers: 4
[4.481s][debug][gc,phases      ] GC(4)   ObjectSynchronizer Weak        Min:  0.0, Avg:  0.0, Max:  0.0, Diff:  0.0, Sum:  0.0, Workers: 4
[4.481s][debug][gc,phases      ] GC(4)     Dead                           Min: 0, Avg: 71.5, Max: 121, Diff: 121, Sum: 286, Workers: 4
[4.481s][debug][gc,phases      ] GC(4)     Total                          Min: 0, Avg: 84.8, Max: 147, Diff: 147, Sum: 339, Workers: 4
[4.481s][debug][gc,phases      ] GC(4)   JVMTI Tag Weak OopStorage      Min:  0.0, Avg:  0.0, Max:  0.0, Diff:  0.0, Sum:  0.0, Workers: 4
[4.481s][debug][gc,phases      ] GC(4)     Dead                           Min: 0, Avg:  0.0, Max: 0, Diff: 0, Sum: 0, Workers: 4
[4.481s][debug][gc,phases      ] GC(4)     Total                          Min: 0, Avg:  0.0, Max: 0, Diff: 0, Sum: 0, Workers: 4
[4.481s][debug][gc,phases      ] GC(4)   StringTable Weak               Min:  0.3, Avg:  0.3, Max:  0.3, Diff:  0.0, Sum:  1.2, Workers: 4
[4.481s][debug][gc,phases      ] GC(4)     Dead                           Min: 3, Avg:  6.5, Max: 15, Diff: 12, Sum: 26, Workers: 4
[4.481s][debug][gc,phases      ] GC(4)     Total                          Min: 8384, Avg: 9531.0, Max: 10668, Diff: 2284, Sum: 38124, Workers: 4
[4.481s][debug][gc,phases      ] GC(4)   ResolvedMethodTable Weak       Min:  0.0, Avg:  0.0, Max:  0.0, Diff:  0.0, Sum:  0.1, Workers: 4
[4.481s][debug][gc,phases      ] GC(4)     Dead                           Min: 31, Avg: 44.8, Max: 69, Diff: 38, Sum: 179, Workers: 4
[4.481s][debug][gc,phases      ] GC(4)     Total                          Min: 1088, Avg: 1218.5, Max: 1408, Diff: 320, Sum: 4874, Workers: 4
[4.481s][debug][gc,phases      ] GC(4)   JNI Weak                       Min:  0.0, Avg:  0.0, Max:  0.0, Diff:  0.0, Sum:  0.0, Workers: 4
[4.481s][debug][gc,phases      ] GC(4)     Dead                           Min: 0, Avg:  0.0, Max: 0, Diff: 0, Sum: 0, Workers: 4
[4.481s][debug][gc,phases      ] GC(4)     Total                          Min: 0, Avg:  1.8, Max: 7, Diff: 7, Sum: 7, Workers: 4
[4.481s][debug][gc,phases      ] GC(4)   StringDedup Table Weak         Min:  0.0, Avg:  0.0, Max:  0.0, Diff:  0.0, Sum:  0.0, Workers: 4
[4.481s][debug][gc,phases      ] GC(4)     Dead                           Min: 0, Avg:  0.0, Max: 0, Diff: 0, Sum: 0, Workers: 4
[4.481s][debug][gc,phases      ] GC(4)     Total                          Min: 0, Avg:  0.0, Max: 0, Diff: 0, Sum: 0, Workers: 4
[4.481s][debug][gc,phases      ] GC(4)   StringDedup Requests0 Weak     Min:  0.0, Avg:  0.0, Max:  0.0, Diff:  0.0, Sum:  0.0, Workers: 4
[4.481s][debug][gc,phases      ] GC(4)     Dead                           Min: 0, Avg:  0.0, Max: 0, Diff: 0, Sum: 0, Workers: 4
[4.481s][debug][gc,phases      ] GC(4)     Total                          Min: 0, Avg:  0.0, Max: 0, Diff: 0, Sum: 0, Workers: 4
[4.481s][debug][gc,phases      ] GC(4)   StringDedup Requests1 Weak     Min:  0.0, Avg:  0.0, Max:  0.0, Diff:  0.0, Sum:  0.0, Workers: 4
[4.481s][debug][gc,phases      ] GC(4)     Dead                           Min: 0, Avg:  0.0, Max: 0, Diff: 0, Sum: 0, Workers: 4
[4.481s][debug][gc,phases      ] GC(4)     Total                          Min: 0, Avg:  0.0, Max: 0, Diff: 0, Sum: 0, Workers: 4
[4.481s][debug][gc,phases      ] GC(4)   Weak JFR Old Object Samples    Min:  0.0, Avg:  0.0, Max:  0.0, Diff:  0.0, Sum:  0.0, Workers: 4
[4.481s][debug][gc,phases      ] GC(4)     Dead                           Min: 0, Avg:  0.0, Max: 0, Diff: 0, Sum: 0, Workers: 4
[4.481s][debug][gc,phases      ] GC(4)     Total                          Min: 0, Avg:  0.0, Max: 0, Diff: 0, Sum: 0, Workers: 4
[4.481s][debug][gc,phases      ] GC(4) Weak Processing 0.525ms
[4.481s][debug][gc,age         ] GC(4) Desired survivor size 536870912 bytes, new threshold 7 (max threshold 15)
[4.481s][info ][gc,heap        ] GC(4) PSYoungGen: 1104978K(1572864K)->170922K(1572864K) Eden: 1048576K(1048576K)->0K(1048576K) From: 56402K(524288K)->170922K(524288K)
[4.481s][info ][gc,heap        ] GC(4) ParOldGen: 5636K(6144K)->5652K(6144K)
[4.481s][info ][gc,metaspace   ] GC(4) Metaspace: 53298K(53888K)->53298K(53888K) NonClass: 45406K(45760K)->45406K(45760K) Class: 7891K(8128K)->7891K(8128K)
[4.481s][info ][gc             ] GC(4) Pause Young (Allocation Failure) 1084M->172M(1542M) 115.739ms
[4.481s][info ][gc,cpu         ] GC(4) User=0.44s Sys=0.01s Real=0.12s
[4.481s][info ][safepoint      ] Safepoint "ParallelGCFailedAllocation", Time since last: 16548704 ns, Reaching safepoint: 2235241 ns, At safepoint: 115872630 ns, Total: 118107871 ns
[4.528s][info ][safepoint      ] Safepoint "ICBufferFull", Time since last: 46689558 ns, Reaching safepoint: 174003 ns, At safepoint: 27301 ns, Total: 201304 ns
[4.533s][info ][safepoint      ] Safepoint "ICBufferFull", Time since last: 5425599 ns, Reaching safepoint: 107702 ns, At safepoint: 22901 ns, Total: 130603 ns
[4.540s][info ][safepoint      ] Safepoint "ICBufferFull", Time since last: 6105412 ns, Reaching safepoint: 95802 ns, At safepoint: 22800 ns, Total: 118602 ns
[4.542s][info ][safepoint      ] Safepoint "ICBufferFull", Time since last: 2216641 ns, Reaching safepoint: 109002 ns, At safepoint: 26500 ns, Total: 135502 ns
[4.550s][info ][safepoint      ] Safepoint "ICBufferFull", Time since last: 7388436 ns, Reaching safepoint: 105302 ns, At safepoint: 32801 ns, Total: 138103 ns
[4.552s][info ][safepoint      ] Safepoint "ICBufferFull", Time since last: 2312942 ns, Reaching safepoint: 103202 ns, At safepoint: 30201 ns, Total: 133403 ns
[4.571s][info ][safepoint      ] Safepoint "ICBufferFull", Time since last: 18895747 ns, Reaching safepoint: 125602 ns, At safepoint: 26401 ns, Total: 152003 ns
[4.571s][info ][safepoint      ] Safepoint "ICBufferFull", Time since last: 81101 ns, Reaching safepoint: 92602 ns, At safepoint: 26700 ns, Total: 119302 ns
[4.574s][info ][safepoint      ] Safepoint "ICBufferFull", Time since last: 2271542 ns, Reaching safepoint: 97502 ns, At safepoint: 25200 ns, Total: 122702 ns
[4.576s][info ][safepoint      ] Safepoint "ICBufferFull", Time since last: 2595448 ns, Reaching safepoint: 69501 ns, At safepoint: 32601 ns, Total: 102102 ns
[4.579s][info ][safepoint      ] Safepoint "ICBufferFull", Time since last: 2588248 ns, Reaching safepoint: 88401 ns, At safepoint: 29501 ns, Total: 117902 ns
[4.582s][info ][safepoint      ] Safepoint "ICBufferFull", Time since last: 3107557 ns, Reaching safepoint: 106202 ns, At safepoint: 26500 ns, Total: 132702 ns
[4.586s][info ][safepoint      ] Safepoint "ICBufferFull", Time since last: 3263560 ns, Reaching safepoint: 98102 ns, At safepoint: 24001 ns, Total: 122103 ns
[4.589s][info ][safepoint      ] Safepoint "ICBufferFull", Time since last: 3039455 ns, Reaching safepoint: 109102 ns, At safepoint: 25601 ns, Total: 134703 ns
[4.594s][info ][safepoint      ] Safepoint "ICBufferFull", Time since last: 4595584 ns, Reaching safepoint: 111502 ns, At safepoint: 27701 ns, Total: 139203 ns
[4.607s][info ][safepoint      ] Safepoint "ICBufferFull", Time since last: 13148242 ns, Reaching safepoint: 112402 ns, At safepoint: 26300 ns, Total: 138702 ns
[4.614s][info ][safepoint      ] Safepoint "ICBufferFull", Time since last: 2612248 ns, Reaching safepoint: 4250278 ns, At safepoint: 31801 ns, Total: 4282079 ns
[4.714s][info ][gc,start       ] GC(5) Pause Young (Allocation Failure)
[4.799s][debug][gc,phases      ] GC(5) Scavenge 85.472ms
[4.799s][debug][gc,ref         ] GC(5) Skipped phase 1 of Reference Processing: no references
[4.799s][debug][gc,ref         ] GC(5) ReferenceProcessor::execute queues: 4, RefProcThreadModel::Multi, marks_oops_alive: false
[4.800s][debug][gc,ref         ] GC(5) Skipped phase 3 of Reference Processing: no references
[4.800s][debug][gc,ref         ] GC(5) ReferenceProcessor::execute queues: 1, RefProcThreadModel::Single, marks_oops_alive: false
[4.800s][debug][gc,phases      ] GC(5) Reference Processing 0.323ms
[4.800s][debug][gc,phases      ] GC(5)   VM Weak                        Min:  0.0, Avg:  0.0, Max:  0.0, Diff:  0.0, Sum:  0.0, Workers: 4
[4.800s][debug][gc,phases      ] GC(5)     Dead                           Min: 0, Avg:  0.0, Max: 0, Diff: 0, Sum: 0, Workers: 4
[4.800s][debug][gc,phases      ] GC(5)     Total                          Min: 0, Avg: 107.2, Max: 237, Diff: 237, Sum: 429, Workers: 4
[4.800s][debug][gc,phases      ] GC(5)   ObjectSynchronizer Weak        Min:  0.0, Avg:  0.0, Max:  0.0, Diff:  0.0, Sum:  0.0, Workers: 4
[4.800s][debug][gc,phases      ] GC(5)     Dead                           Min: 0, Avg:  3.5, Max: 14, Diff: 14, Sum: 14, Workers: 4
[4.800s][debug][gc,phases      ] GC(5)     Total                          Min: 0, Avg: 89.5, Max: 128, Diff: 128, Sum: 358, Workers: 4
[4.800s][debug][gc,phases      ] GC(5)   JVMTI Tag Weak OopStorage      Min:  0.0, Avg:  0.0, Max:  0.0, Diff:  0.0, Sum:  0.0, Workers: 4
[4.800s][debug][gc,phases      ] GC(5)     Dead                           Min: 0, Avg:  0.0, Max: 0, Diff: 0, Sum: 0, Workers: 4
[4.800s][debug][gc,phases      ] GC(5)     Total                          Min: 0, Avg:  0.0, Max: 0, Diff: 0, Sum: 0, Workers: 4
[4.800s][debug][gc,phases      ] GC(5)   StringTable Weak               Min:  0.3, Avg:  0.3, Max:  0.3, Diff:  0.0, Sum:  1.3, Workers: 4
[4.800s][debug][gc,phases      ] GC(5)     Dead                           Min: 0, Avg:  3.5, Max: 13, Diff: 13, Sum: 14, Workers: 4
[4.800s][debug][gc,phases      ] GC(5)     Total                          Min: 7346, Avg: 9548.2, Max: 12224, Diff: 4878, Sum: 38193, Workers: 4
[4.800s][debug][gc,phases      ] GC(5)   ResolvedMethodTable Weak       Min:  0.0, Avg:  0.0, Max:  0.0, Diff:  0.0, Sum:  0.2, Workers: 4
[4.800s][debug][gc,phases      ] GC(5)     Dead                           Min: 0, Avg:  0.0, Max: 0, Diff: 0, Sum: 0, Workers: 4
[4.800s][debug][gc,phases      ] GC(5)     Total                          Min: 687, Avg: 1189.8, Max: 1698, Diff: 1011, Sum: 4759, Workers: 4
[4.800s][debug][gc,phases      ] GC(5)   JNI Weak                       Min:  0.0, Avg:  0.0, Max:  0.0, Diff:  0.0, Sum:  0.0, Workers: 4
[4.800s][debug][gc,phases      ] GC(5)     Dead                           Min: 0, Avg:  0.0, Max: 0, Diff: 0, Sum: 0, Workers: 4
[4.800s][debug][gc,phases      ] GC(5)     Total                          Min: 0, Avg:  4.0, Max: 16, Diff: 16, Sum: 16, Workers: 4
[4.800s][debug][gc,phases      ] GC(5)   StringDedup Table Weak         Min:  0.0, Avg:  0.0, Max:  0.0, Diff:  0.0, Sum:  0.0, Workers: 4
[4.800s][debug][gc,phases      ] GC(5)     Dead                           Min: 0, Avg:  0.0, Max: 0, Diff: 0, Sum: 0, Workers: 4
[4.800s][debug][gc,phases      ] GC(5)     Total                          Min: 0, Avg:  0.0, Max: 0, Diff: 0, Sum: 0, Workers: 4
[4.800s][debug][gc,phases      ] GC(5)   StringDedup Requests0 Weak     Min:  0.0, Avg:  0.0, Max:  0.0, Diff:  0.0, Sum:  0.0, Workers: 4
[4.800s][debug][gc,phases      ] GC(5)     Dead                           Min: 0, Avg:  0.0, Max: 0, Diff: 0, Sum: 0, Workers: 4
[4.800s][debug][gc,phases      ] GC(5)     Total                          Min: 0, Avg:  0.0, Max: 0, Diff: 0, Sum: 0, Workers: 4
[4.800s][debug][gc,phases      ] GC(5)   StringDedup Requests1 Weak     Min:  0.0, Avg:  0.0, Max:  0.0, Diff:  0.0, Sum:  0.0, Workers: 4
[4.800s][debug][gc,phases      ] GC(5)     Dead                           Min: 0, Avg:  0.0, Max: 0, Diff: 0, Sum: 0, Workers: 4
[4.800s][debug][gc,phases      ] GC(5)     Total                          Min: 0, Avg:  0.0, Max: 0, Diff: 0, Sum: 0, Workers: 4
[4.800s][debug][gc,phases      ] GC(5)   Weak JFR Old Object Samples    Min:  0.0, Avg:  0.0, Max:  0.0, Diff:  0.0, Sum:  0.0, Workers: 4
[4.800s][debug][gc,phases      ] GC(5)     Dead                           Min: 0, Avg:  0.0, Max: 0, Diff: 0, Sum: 0, Workers: 4
[4.800s][debug][gc,phases      ] GC(5)     Total                          Min: 0, Avg:  0.0, Max: 0, Diff: 0, Sum: 0, Workers: 4
[4.800s][debug][gc,phases      ] GC(5) Weak Processing 0.581ms
[4.800s][debug][gc,age         ] GC(5) Desired survivor size 536870912 bytes, new threshold 7 (max threshold 15)
[4.800s][info ][gc,heap        ] GC(5) PSYoungGen: 1219498K(1572864K)->178778K(1572864K) Eden: 1048576K(1048576K)->0K(1048576K) From: 170922K(524288K)->178778K(524288K)
[4.800s][info ][gc,heap        ] GC(5) ParOldGen: 5652K(6144K)->5660K(6144K)
[4.800s][info ][gc,metaspace   ] GC(5) Metaspace: 53575K(54208K)->53575K(54208K) NonClass: 45658K(46016K)->45658K(46016K) Class: 7917K(8192K)->7917K(8192K)
[4.800s][info ][gc             ] GC(5) Pause Young (Allocation Failure) 1196M->180M(1542M) 86.521ms
[4.800s][info ][gc,cpu         ] GC(5) User=0.28s Sys=0.07s Real=0.09s
[4.800s][info ][safepoint      ] Safepoint "ParallelGCFailedAllocation", Time since last: 99600730 ns, Reaching safepoint: 350107 ns, At safepoint: 86637492 ns, Total: 86987599 ns
[4.975s][info ][gc,start       ] GC(6) Pause Young (Allocation Failure)
[5.048s][debug][gc,phases      ] GC(6) Scavenge 72.966ms
[5.048s][debug][gc,ref         ] GC(6) Skipped phase 1 of Reference Processing: no references
[5.048s][debug][gc,ref         ] GC(6) ReferenceProcessor::execute queues: 4, RefProcThreadModel::Multi, marks_oops_alive: false
[5.048s][debug][gc,ref         ] GC(6) Skipped phase 3 of Reference Processing: no references
[5.048s][debug][gc,ref         ] GC(6) ReferenceProcessor::execute queues: 1, RefProcThreadModel::Single, marks_oops_alive: false
[5.048s][debug][gc,phases      ] GC(6) Reference Processing 0.336ms
[5.049s][debug][gc,phases      ] GC(6)   VM Weak                        Min:  0.0, Avg:  0.0, Max:  0.0, Diff:  0.0, Sum:  0.0, Workers: 4
[5.049s][debug][gc,phases      ] GC(6)     Dead                           Min: 0, Avg:  0.0, Max: 0, Diff: 0, Sum: 0, Workers: 4
[5.049s][debug][gc,phases      ] GC(6)     Total                          Min: 0, Avg: 110.5, Max: 256, Diff: 256, Sum: 442, Workers: 4
[5.049s][debug][gc,phases      ] GC(6)   ObjectSynchronizer Weak        Min:  0.0, Avg:  0.0, Max:  0.0, Diff:  0.0, Sum:  0.0, Workers: 4
[5.049s][debug][gc,phases      ] GC(6)     Dead                           Min: 0, Avg:  0.0, Max: 0, Diff: 0, Sum: 0, Workers: 4
[5.049s][debug][gc,phases      ] GC(6)     Total                          Min: 38, Avg: 89.5, Max: 128, Diff: 90, Sum: 358, Workers: 4
[5.049s][debug][gc,phases      ] GC(6)   JVMTI Tag Weak OopStorage      Min:  0.0, Avg:  0.0, Max:  0.0, Diff:  0.0, Sum:  0.0, Workers: 4
[5.049s][debug][gc,phases      ] GC(6)     Dead                           Min: 0, Avg:  0.0, Max: 0, Diff: 0, Sum: 0, Workers: 4
[5.049s][debug][gc,phases      ] GC(6)     Total                          Min: 0, Avg:  0.0, Max: 0, Diff: 0, Sum: 0, Workers: 4
[5.049s][debug][gc,phases      ] GC(6)   StringTable Weak               Min:  0.3, Avg:  0.3, Max:  0.3, Diff:  0.0, Sum:  1.4, Workers: 4
[5.049s][debug][gc,phases      ] GC(6)     Dead                           Min: 0, Avg:  0.2, Max: 1, Diff: 1, Sum: 1, Workers: 4
[5.049s][debug][gc,phases      ] GC(6)     Total                          Min: 7744, Avg: 9578.2, Max: 12009, Diff: 4265, Sum: 38313, Workers: 4
[5.049s][debug][gc,phases      ] GC(6)   ResolvedMethodTable Weak       Min:  0.0, Avg:  0.0, Max:  0.1, Diff:  0.0, Sum:  0.2, Workers: 4
[5.049s][debug][gc,phases      ] GC(6)     Dead                           Min: 0, Avg:  0.0, Max: 0, Diff: 0, Sum: 0, Workers: 4
[5.049s][debug][gc,phases      ] GC(6)     Total                          Min: 821, Avg: 1224.0, Max: 1715, Diff: 894, Sum: 4896, Workers: 4
[5.049s][debug][gc,phases      ] GC(6)   JNI Weak                       Min:  0.0, Avg:  0.0, Max:  0.0, Diff:  0.0, Sum:  0.0, Workers: 4
[5.049s][debug][gc,phases      ] GC(6)     Dead                           Min: 0, Avg:  0.0, Max: 0, Diff: 0, Sum: 0, Workers: 4
[5.049s][debug][gc,phases      ] GC(6)     Total                          Min: 0, Avg:  3.0, Max: 12, Diff: 12, Sum: 12, Workers: 4
[5.049s][debug][gc,phases      ] GC(6)   StringDedup Table Weak         Min:  0.0, Avg:  0.0, Max:  0.0, Diff:  0.0, Sum:  0.0, Workers: 4
[5.049s][debug][gc,phases      ] GC(6)     Dead                           Min: 0, Avg:  0.0, Max: 0, Diff: 0, Sum: 0, Workers: 4
[5.049s][debug][gc,phases      ] GC(6)     Total                          Min: 0, Avg:  0.0, Max: 0, Diff: 0, Sum: 0, Workers: 4
[5.049s][debug][gc,phases      ] GC(6)   StringDedup Requests0 Weak     Min:  0.0, Avg:  0.0, Max:  0.0, Diff:  0.0, Sum:  0.0, Workers: 4
[5.049s][debug][gc,phases      ] GC(6)     Dead                           Min: 0, Avg:  0.0, Max: 0, Diff: 0, Sum: 0, Workers: 4
[5.049s][debug][gc,phases      ] GC(6)     Total                          Min: 0, Avg:  0.0, Max: 0, Diff: 0, Sum: 0, Workers: 4
[5.049s][debug][gc,phases      ] GC(6)   StringDedup Requests1 Weak     Min:  0.0, Avg:  0.0, Max:  0.0, Diff:  0.0, Sum:  0.0, Workers: 4
[5.049s][debug][gc,phases      ] GC(6)     Dead                           Min: 0, Avg:  0.0, Max: 0, Diff: 0, Sum: 0, Workers: 4
[5.049s][debug][gc,phases      ] GC(6)     Total                          Min: 0, Avg:  0.0, Max: 0, Diff: 0, Sum: 0, Workers: 4
[5.049s][debug][gc,phases      ] GC(6)   Weak JFR Old Object Samples    Min:  0.0, Avg:  0.0, Max:  0.0, Diff:  0.0, Sum:  0.0, Workers: 4
[5.049s][debug][gc,phases      ] GC(6)     Dead                           Min: 0, Avg:  0.0, Max: 0, Diff: 0, Sum: 0, Workers: 4
[5.049s][debug][gc,phases      ] GC(6)     Total                          Min: 0, Avg:  0.0, Max: 0, Diff: 0, Sum: 0, Workers: 4
[5.049s][debug][gc,phases      ] GC(6) Weak Processing 0.604ms
[5.049s][debug][gc,age         ] GC(6) Desired survivor size 272629760 bytes, new threshold 6 (max threshold 15)
[5.049s][info ][gc,heap        ] GC(6) PSYoungGen: 1227354K(1572864K)->180594K(1572864K) Eden: 1048576K(1048576K)->0K(1048576K) From: 178778K(524288K)->180594K(524288K)
[5.049s][info ][gc,heap        ] GC(6) ParOldGen: 5660K(6144K)->5668K(6144K)
[5.049s][info ][gc,metaspace   ] GC(6) Metaspace: 53890K(54528K)->53890K(54528K) NonClass: 45903K(46272K)->45903K(46272K) Class: 7986K(8256K)->7986K(8256K)
[5.049s][info ][gc             ] GC(6) Pause Young (Allocation Failure) 1204M->181M(1542M) 74.050ms
[5.049s][info ][gc,cpu         ] GC(6) User=0.29s Sys=0.01s Real=0.07s
[5.049s][info ][safepoint      ] Safepoint "ParallelGCFailedAllocation", Time since last: 174178602 ns, Reaching safepoint: 333606 ns, At safepoint: 74156263 ns, Total: 74489869 ns
[5.097s][info ][safepoint      ] Safepoint "ICBufferFull", Time since last: 47743477 ns, Reaching safepoint: 153203 ns, At safepoint: 29401 ns, Total: 182604 ns
[5.109s][info ][safepoint      ] Safepoint "ICBufferFull", Time since last: 11914419 ns, Reaching safepoint: 544910 ns, At safepoint: 21700 ns, Total: 566610 ns
[5.127s][info ][safepoint      ] Safepoint "ICBufferFull", Time since last: 17212516 ns, Reaching safepoint: 216104 ns, At safepoint: 36301 ns, Total: 252405 ns
[5.145s][info ][safepoint      ] Safepoint "ICBufferFull", Time since last: 17558423 ns, Reaching safepoint: 124102 ns, At safepoint: 35201 ns, Total: 159303 ns
[5.165s][info ][safepoint      ] Safepoint "ICBufferFull", Time since last: 20734981 ns, Reaching safepoint: 123702 ns, At safepoint: 8700 ns, Total: 132402 ns
[5.166s][info ][safepoint      ] Safepoint "ICBufferFull", Time since last: 653212 ns, Reaching safepoint: 106502 ns, At safepoint: 27201 ns, Total: 133703 ns
[5.166s][info ][safepoint      ] Safepoint "ICBufferFull", Time since last: 60801 ns, Reaching safepoint: 97002 ns, At safepoint: 19400 ns, Total: 116402 ns
[5.174s][info ][safepoint      ] Safepoint "ICBufferFull", Time since last: 6897427 ns, Reaching safepoint: 127202 ns, At safepoint: 37701 ns, Total: 164903 ns
[5.189s][info ][safepoint      ] Safepoint "ICBufferFull", Time since last: 15826891 ns, Reaching safepoint: 130302 ns, At safepoint: 19500 ns, Total: 149802 ns
[5.193s][info ][safepoint      ] Safepoint "ICBufferFull", Time since last: 3300561 ns, Reaching safepoint: 95302 ns, At safepoint: 30300 ns, Total: 125602 ns
[5.205s][info ][safepoint      ] Safepoint "ICBufferFull", Time since last: 11623814 ns, Reaching safepoint: 856416 ns, At safepoint: 31000 ns, Total: 887416 ns
[5.224s][info ][safepoint      ] Safepoint "ICBufferFull", Time since last: 18002331 ns, Reaching safepoint: 141903 ns, At safepoint: 26000 ns, Total: 167903 ns
[5.245s][info ][safepoint      ] Safepoint "ICBufferFull", Time since last: 21728200 ns, Reaching safepoint: 134102 ns, At safepoint: 26401 ns, Total: 160503 ns
[5.274s][info ][safepoint      ] Safepoint "ICBufferFull", Time since last: 24268446 ns, Reaching safepoint: 4282178 ns, At safepoint: 31401 ns, Total: 4313579 ns
[5.281s][info ][safepoint      ] Safepoint "ICBufferFull", Time since last: 7147631 ns, Reaching safepoint: 129703 ns, At safepoint: 35100 ns, Total: 164803 ns
[5.339s][info ][safepoint      ] Safepoint "ICBufferFull", Time since last: 57400055 ns, Reaching safepoint: 343907 ns, At safepoint: 32100 ns, Total: 376007 ns
[5.344s][info ][safepoint      ] Safepoint "ICBufferFull", Time since last: 4805989 ns, Reaching safepoint: 117602 ns, At safepoint: 25000 ns, Total: 142602 ns
[5.349s][info ][safepoint      ] Safepoint "ICBufferFull", Time since last: 4608985 ns, Reaching safepoint: 113702 ns, At safepoint: 25901 ns, Total: 139603 ns
[5.357s][info ][safepoint      ] Safepoint "ICBufferFull", Time since last: 5396099 ns, Reaching safepoint: 3178458 ns, At safepoint: 31601 ns, Total: 3210059 ns
[5.374s][info ][safepoint      ] Safepoint "ICBufferFull", Time since last: 15898792 ns, Reaching safepoint: 139303 ns, At safepoint: 28800 ns, Total: 168103 ns
[5.379s][info ][safepoint      ] Safepoint "ICBufferFull", Time since last: 5041693 ns, Reaching safepoint: 386607 ns, At safepoint: 34900 ns, Total: 421507 ns
[5.389s][info ][safepoint      ] Safepoint "ICBufferFull", Time since last: 10337690 ns, Reaching safepoint: 119303 ns, At safepoint: 34400 ns, Total: 153703 ns
[5.414s][info ][safepoint      ] Safepoint "ICBufferFull", Time since last: 20461976 ns, Reaching safepoint: 4245278 ns, At safepoint: 29201 ns, Total: 4274479 ns
[5.420s][info ][safepoint      ] Safepoint "ICBufferFull", Time since last: 5401199 ns, Reaching safepoint: 113502 ns, At safepoint: 28101 ns, Total: 141603 ns
[5.424s][info ][safepoint      ] Safepoint "ICBufferFull", Time since last: 4365180 ns, Reaching safepoint: 121002 ns, At safepoint: 22201 ns, Total: 143203 ns
[5.427s][info ][safepoint      ] Safepoint "ICBufferFull", Time since last: 2375543 ns, Reaching safepoint: 69102 ns, At safepoint: 25400 ns, Total: 94502 ns
[5.429s][info ][safepoint      ] Safepoint "ICBufferFull", Time since last: 1991737 ns, Reaching safepoint: 94101 ns, At safepoint: 23801 ns, Total: 117902 ns
[5.432s][info ][safepoint      ] Safepoint "ICBufferFull", Time since last: 2920654 ns, Reaching safepoint: 98501 ns, At safepoint: 22501 ns, Total: 121002 ns
[5.435s][info ][safepoint      ] Safepoint "ICBufferFull", Time since last: 2533346 ns, Reaching safepoint: 94302 ns, At safepoint: 24200 ns, Total: 118502 ns
[5.437s][info ][safepoint      ] Safepoint "ICBufferFull", Time since last: 2012537 ns, Reaching safepoint: 92802 ns, At safepoint: 25201 ns, Total: 118003 ns
[5.444s][info ][safepoint      ] Safepoint "ICBufferFull", Time since last: 6955828 ns, Reaching safepoint: 113302 ns, At safepoint: 26500 ns, Total: 139802 ns
[5.446s][info ][safepoint      ] Safepoint "ICBufferFull", Time since last: 2175640 ns, Reaching safepoint: 93302 ns, At safepoint: 23600 ns, Total: 116902 ns
[5.458s][info ][safepoint      ] Safepoint "ICBufferFull", Time since last: 8502456 ns, Reaching safepoint: 3201459 ns, At safepoint: 24001 ns, Total: 3225460 ns
[5.461s][info ][safepoint      ] Safepoint "ICBufferFull", Time since last: 2237341 ns, Reaching safepoint: 678312 ns, At safepoint: 25601 ns, Total: 703913 ns
[5.463s][info ][safepoint      ] Safepoint "ICBufferFull", Time since last: 2116439 ns, Reaching safepoint: 109002 ns, At safepoint: 24400 ns, Total: 133402 ns
[5.491s][info ][gc,start       ] GC(7) Pause Young (Allocation Failure)
[5.579s][debug][gc,phases      ] GC(7) Scavenge 87.836ms
[5.579s][debug][gc,ref         ] GC(7) Skipped phase 1 of Reference Processing: no references
[5.579s][debug][gc,ref         ] GC(7) ReferenceProcessor::execute queues: 4, RefProcThreadModel::Multi, marks_oops_alive: false
[5.579s][debug][gc,ref         ] GC(7) Skipped phase 3 of Reference Processing: no references
[5.579s][debug][gc,ref         ] GC(7) ReferenceProcessor::execute queues: 1, RefProcThreadModel::Single, marks_oops_alive: false
[5.579s][debug][gc,phases      ] GC(7) Reference Processing 0.281ms
[5.579s][debug][gc,phases      ] GC(7)   VM Weak                        Min:  0.0, Avg:  0.0, Max:  0.0, Diff:  0.0, Sum:  0.0, Workers: 4
[5.579s][debug][gc,phases      ] GC(7)     Dead                           Min: 0, Avg:  0.0, Max: 0, Diff: 0, Sum: 0, Workers: 4
[5.579s][debug][gc,phases      ] GC(7)     Total                          Min: 0, Avg: 111.0, Max: 256, Diff: 256, Sum: 444, Workers: 4
[5.579s][debug][gc,phases      ] GC(7)   ObjectSynchronizer Weak        Min:  0.0, Avg:  0.0, Max:  0.0, Diff:  0.0, Sum:  0.0, Workers: 4
[5.579s][debug][gc,phases      ] GC(7)     Dead                           Min: 0, Avg:  0.2, Max: 1, Diff: 1, Sum: 1, Workers: 4
[5.579s][debug][gc,phases      ] GC(7)     Total                          Min: 0, Avg: 89.5, Max: 166, Diff: 166, Sum: 358, Workers: 4
[5.579s][debug][gc,phases      ] GC(7)   JVMTI Tag Weak OopStorage      Min:  0.0, Avg:  0.0, Max:  0.0, Diff:  0.0, Sum:  0.0, Workers: 4
[5.579s][debug][gc,phases      ] GC(7)     Dead                           Min: 0, Avg:  0.0, Max: 0, Diff: 0, Sum: 0, Workers: 4
[5.579s][debug][gc,phases      ] GC(7)     Total                          Min: 0, Avg:  0.0, Max: 0, Diff: 0, Sum: 0, Workers: 4
[5.579s][debug][gc,phases      ] GC(7)   StringTable Weak               Min:  0.3, Avg:  0.3, Max:  0.3, Diff:  0.0, Sum:  1.3, Workers: 4
[5.579s][debug][gc,phases      ] GC(7)     Dead                           Min: 0, Avg:  3.2, Max: 13, Diff: 13, Sum: 13, Workers: 4
[5.579s][debug][gc,phases      ] GC(7)     Total                          Min: 8296, Avg: 9594.0, Max: 10624, Diff: 2328, Sum: 38376, Workers: 4
[5.579s][debug][gc,phases      ] GC(7)   ResolvedMethodTable Weak       Min:  0.0, Avg:  0.0, Max:  0.0, Diff:  0.0, Sum:  0.2, Workers: 4
[5.579s][debug][gc,phases      ] GC(7)     Dead                           Min: 0, Avg:  0.0, Max: 0, Diff: 0, Sum: 0, Workers: 4
[5.579s][debug][gc,phases      ] GC(7)     Total                          Min: 1024, Avg: 1230.5, Max: 1535, Diff: 511, Sum: 4922, Workers: 4
[5.579s][debug][gc,phases      ] GC(7)   JNI Weak                       Min:  0.0, Avg:  0.0, Max:  0.0, Diff:  0.0, Sum:  0.0, Workers: 4
[5.579s][debug][gc,phases      ] GC(7)     Dead                           Min: 0, Avg:  0.0, Max: 0, Diff: 0, Sum: 0, Workers: 4
[5.579s][debug][gc,phases      ] GC(7)     Total                          Min: 0, Avg:  0.5, Max: 2, Diff: 2, Sum: 2, Workers: 4
[5.579s][debug][gc,phases      ] GC(7)   StringDedup Table Weak         Min:  0.0, Avg:  0.0, Max:  0.0, Diff:  0.0, Sum:  0.0, Workers: 4
[5.579s][debug][gc,phases      ] GC(7)     Dead                           Min: 0, Avg:  0.0, Max: 0, Diff: 0, Sum: 0, Workers: 4
[5.579s][debug][gc,phases      ] GC(7)     Total                          Min: 0, Avg:  0.0, Max: 0, Diff: 0, Sum: 0, Workers: 4
[5.579s][debug][gc,phases      ] GC(7)   StringDedup Requests0 Weak     Min:  0.0, Avg:  0.0, Max:  0.0, Diff:  0.0, Sum:  0.0, Workers: 4
[5.579s][debug][gc,phases      ] GC(7)     Dead                           Min: 0, Avg:  0.0, Max: 0, Diff: 0, Sum: 0, Workers: 4
[5.579s][debug][gc,phases      ] GC(7)     Total                          Min: 0, Avg:  0.0, Max: 0, Diff: 0, Sum: 0, Workers: 4
[5.579s][debug][gc,phases      ] GC(7)   StringDedup Requests1 Weak     Min:  0.0, Avg:  0.0, Max:  0.0, Diff:  0.0, Sum:  0.0, Workers: 4
[5.579s][debug][gc,phases      ] GC(7)     Dead                           Min: 0, Avg:  0.0, Max: 0, Diff: 0, Sum: 0, Workers: 4
[5.579s][debug][gc,phases      ] GC(7)     Total                          Min: 0, Avg:  0.0, Max: 0, Diff: 0, Sum: 0, Workers: 4
[5.579s][debug][gc,phases      ] GC(7)   Weak JFR Old Object Samples    Min:  0.0, Avg:  0.0, Max:  0.0, Diff:  0.0, Sum:  0.0, Workers: 4
[5.579s][debug][gc,phases      ] GC(7)     Dead                           Min: 0, Avg:  0.0, Max: 0, Diff: 0, Sum: 0, Workers: 4
[5.579s][debug][gc,phases      ] GC(7)     Total                          Min: 0, Avg:  0.0, Max: 0, Diff: 0, Sum: 0, Workers: 4
[5.579s][debug][gc,phases      ] GC(7) Weak Processing 0.558ms
[5.579s][debug][gc,age         ] GC(7) Desired survivor size 284688384 bytes, new threshold 5 (max threshold 15)
[5.579s][info ][gc,heap        ] GC(7) PSYoungGen: 1229170K(1572864K)->183226K(1807360K) Eden: 1048576K(1048576K)->0K(1541120K) From: 180594K(524288K)->183226K(266240K)
[5.579s][info ][gc,heap        ] GC(7) ParOldGen: 5668K(6144K)->5676K(6144K)
[5.579s][info ][gc,metaspace   ] GC(7) Metaspace: 54172K(54784K)->54172K(54784K) NonClass: 46168K(46528K)->46168K(46528K) Class: 8004K(8256K)->8004K(8256K)
[5.580s][info ][gc             ] GC(7) Pause Young (Allocation Failure) 1205M->184M(1771M) 88.821ms
[5.580s][info ][gc,cpu         ] GC(7) User=0.28s Sys=0.08s Real=0.09s
[5.580s][info ][safepoint      ] Safepoint "ParallelGCFailedAllocation", Time since last: 27540706 ns, Reaching safepoint: 131103 ns, At safepoint: 88933034 ns, Total: 89064137 ns
[5.626s][info ][safepoint      ] Safepoint "ICBufferFull", Time since last: 46670158 ns, Reaching safepoint: 144303 ns, At safepoint: 27000 ns, Total: 171303 ns
[5.643s][info ][safepoint      ] Safepoint "ICBufferFull", Time since last: 16610906 ns, Reaching safepoint: 110202 ns, At safepoint: 25800 ns, Total: 136002 ns
[5.664s][info ][safepoint      ] Safepoint "ICBufferFull", Time since last: 15171979 ns, Reaching safepoint: 5335298 ns, At safepoint: 36801 ns, Total: 5372099 ns
[5.700s][info ][safepoint      ] Safepoint "ICBufferFull", Time since last: 36364968 ns, Reaching safepoint: 133803 ns, At safepoint: 34700 ns, Total: 168503 ns
[5.826s][info ][safepoint      ] Safepoint "ICBufferFull", Time since last: 122402950 ns, Reaching safepoint: 3210659 ns, At safepoint: 26401 ns, Total: 3237060 ns
[5.827s][info ][safepoint      ] Safepoint "ICBufferFull", Time since last: 1413626 ns, Reaching safepoint: 106802 ns, At safepoint: 20200 ns, Total: 127002 ns
[5.828s][info ][safepoint      ] Safepoint "ICBufferFull", Time since last: 732413 ns, Reaching safepoint: 155503 ns, At safepoint: 22201 ns, Total: 177704 ns
[5.829s][info ][safepoint      ] Safepoint "ICBufferFull", Time since last: 784714 ns, Reaching safepoint: 95402 ns, At safepoint: 27200 ns, Total: 122602 ns
[5.830s][info ][safepoint      ] Safepoint "ICBufferFull", Time since last: 704313 ns, Reaching safepoint: 98202 ns, At safepoint: 24401 ns, Total: 122603 ns
[5.841s][info ][safepoint      ] Safepoint "ICBufferFull", Time since last: 10528493 ns, Reaching safepoint: 133603 ns, At safepoint: 24100 ns, Total: 157703 ns
[5.842s][info ][safepoint      ] Safepoint "ICBufferFull", Time since last: 734713 ns, Reaching safepoint: 101202 ns, At safepoint: 22601 ns, Total: 123803 ns
[5.842s][info ][safepoint      ] Safepoint "ICBufferFull", Time since last: 680012 ns, Reaching safepoint: 88902 ns, At safepoint: 20900 ns, Total: 109802 ns
[5.843s][info ][safepoint      ] Safepoint "ICBufferFull", Time since last: 753714 ns, Reaching safepoint: 90602 ns, At safepoint: 21100 ns, Total: 111702 ns
[5.845s][info ][safepoint      ] Safepoint "ICBufferFull", Time since last: 1810733 ns, Reaching safepoint: 92802 ns, At safepoint: 19701 ns, Total: 112503 ns
[5.847s][info ][safepoint      ] Safepoint "ICBufferFull", Time since last: 1655330 ns, Reaching safepoint: 91902 ns, At safepoint: 15700 ns, Total: 107602 ns
[5.848s][info ][safepoint      ] Safepoint "ICBufferFull", Time since last: 632512 ns, Reaching safepoint: 97201 ns, At safepoint: 23301 ns, Total: 120502 ns
[5.849s][info ][safepoint      ] Safepoint "ICBufferFull", Time since last: 816215 ns, Reaching safepoint: 97602 ns, At safepoint: 19100 ns, Total: 116702 ns
[5.850s][info ][safepoint      ] Safepoint "ICBufferFull", Time since last: 815115 ns, Reaching safepoint: 97502 ns, At safepoint: 20700 ns, Total: 118202 ns
[5.850s][info ][safepoint      ] Safepoint "ICBufferFull", Time since last: 792715 ns, Reaching safepoint: 98301 ns, At safepoint: 19201 ns, Total: 117502 ns
[5.851s][info ][safepoint      ] Safepoint "ICBufferFull", Time since last: 677412 ns, Reaching safepoint: 102102 ns, At safepoint: 18300 ns, Total: 120402 ns
[5.852s][info ][safepoint      ] Safepoint "ICBufferFull", Time since last: 763715 ns, Reaching safepoint: 52100 ns, At safepoint: 19901 ns, Total: 72001 ns
[5.874s][info ][safepoint      ] Safepoint "ICBufferFull", Time since last: 18368437 ns, Reaching safepoint: 3188959 ns, At safepoint: 36001 ns, Total: 3224960 ns
[5.885s][info ][safepoint      ] Safepoint "ICBufferFull", Time since last: 11230106 ns, Reaching safepoint: 125602 ns, At safepoint: 21101 ns, Total: 146703 ns
[5.886s][info ][safepoint      ] Safepoint "ICBufferFull", Time since last: 807615 ns, Reaching safepoint: 92301 ns, At safepoint: 22701 ns, Total: 115002 ns
[5.887s][info ][safepoint      ] Safepoint "ICBufferFull", Time since last: 729313 ns, Reaching safepoint: 93302 ns, At safepoint: 23500 ns, Total: 116802 ns
[5.888s][info ][safepoint      ] Safepoint "ICBufferFull", Time since last: 687113 ns, Reaching safepoint: 91702 ns, At safepoint: 22800 ns, Total: 114502 ns
[5.888s][info ][safepoint      ] Safepoint "ICBufferFull", Time since last: 679213 ns, Reaching safepoint: 91301 ns, At safepoint: 23601 ns, Total: 114902 ns
[5.889s][info ][safepoint      ] Safepoint "ICBufferFull", Time since last: 677612 ns, Reaching safepoint: 91002 ns, At safepoint: 23000 ns, Total: 114002 ns
[5.890s][info ][safepoint      ] Safepoint "ICBufferFull", Time since last: 701213 ns, Reaching safepoint: 89702 ns, At safepoint: 24600 ns, Total: 114302 ns
[5.891s][info ][safepoint      ] Safepoint "ICBufferFull", Time since last: 670713 ns, Reaching safepoint: 90001 ns, At safepoint: 23101 ns, Total: 113102 ns
[5.892s][info ][safepoint      ] Safepoint "ICBufferFull", Time since last: 768114 ns, Reaching safepoint: 75201 ns, At safepoint: 24501 ns, Total: 99702 ns
[5.893s][info ][safepoint      ] Safepoint "ICBufferFull", Time since last: 1652230 ns, Reaching safepoint: 89102 ns, At safepoint: 21600 ns, Total: 110702 ns
[5.895s][info ][safepoint      ] Safepoint "ICBufferFull", Time since last: 1531728 ns, Reaching safepoint: 90102 ns, At safepoint: 23100 ns, Total: 113202 ns
[5.896s][info ][safepoint      ] Safepoint "ICBufferFull", Time since last: 709213 ns, Reaching safepoint: 90202 ns, At safepoint: 21800 ns, Total: 112002 ns
[5.897s][info ][safepoint      ] Safepoint "ICBufferFull", Time since last: 672113 ns, Reaching safepoint: 97801 ns, At safepoint: 17501 ns, Total: 115302 ns
[5.898s][info ][safepoint      ] Safepoint "ICBufferFull", Time since last: 707013 ns, Reaching safepoint: 111002 ns, At safepoint: 26800 ns, Total: 137802 ns
[5.898s][info ][safepoint      ] Safepoint "ICBufferFull", Time since last: 696213 ns, Reaching safepoint: 103102 ns, At safepoint: 19500 ns, Total: 122602 ns
[5.899s][info ][safepoint      ] Safepoint "ICBufferFull", Time since last: 693113 ns, Reaching safepoint: 96802 ns, At safepoint: 20100 ns, Total: 116902 ns
[5.900s][info ][safepoint      ] Safepoint "ICBufferFull", Time since last: 667713 ns, Reaching safepoint: 88101 ns, At safepoint: 18400 ns, Total: 106501 ns
[5.910s][info ][safepoint      ] Safepoint "ICBufferFull", Time since last: 6065912 ns, Reaching safepoint: 4258378 ns, At safepoint: 26801 ns, Total: 4285179 ns
[5.911s][info ][safepoint      ] Safepoint "ICBufferFull", Time since last: 743813 ns, Reaching safepoint: 92702 ns, At safepoint: 16800 ns, Total: 109502 ns
[5.912s][info ][safepoint      ] Safepoint "ICBufferFull", Time since last: 682213 ns, Reaching safepoint: 91402 ns, At safepoint: 20100 ns, Total: 111502 ns
[5.913s][info ][safepoint      ] Safepoint "ICBufferFull", Time since last: 693713 ns, Reaching safepoint: 92301 ns, At safepoint: 18201 ns, Total: 110502 ns
[5.914s][info ][safepoint      ] Safepoint "ICBufferFull", Time since last: 701713 ns, Reaching safepoint: 91001 ns, At safepoint: 19601 ns, Total: 110602 ns
[5.914s][info ][safepoint      ] Safepoint "ICBufferFull", Time since last: 669312 ns, Reaching safepoint: 91102 ns, At safepoint: 18200 ns, Total: 109302 ns
[5.915s][info ][safepoint      ] Safepoint "ICBufferFull", Time since last: 655712 ns, Reaching safepoint: 90802 ns, At safepoint: 19800 ns, Total: 110602 ns
[5.929s][info ][safepoint      ] Safepoint "ICBufferFull", Time since last: 14175361 ns, Reaching safepoint: 112002 ns, At safepoint: 20400 ns, Total: 132402 ns
[5.930s][info ][safepoint      ] Safepoint "ICBufferFull", Time since last: 751314 ns, Reaching safepoint: 111302 ns, At safepoint: 20200 ns, Total: 131502 ns
[5.931s][info ][safepoint      ] Safepoint "ICBufferFull", Time since last: 682513 ns, Reaching safepoint: 94902 ns, At safepoint: 21500 ns, Total: 116402 ns
[5.932s][info ][safepoint      ] Safepoint "ICBufferFull", Time since last: 684513 ns, Reaching safepoint: 93501 ns, At safepoint: 23201 ns, Total: 116702 ns
[5.933s][info ][safepoint      ] Safepoint "ICBufferFull", Time since last: 691512 ns, Reaching safepoint: 89602 ns, At safepoint: 20500 ns, Total: 110102 ns
[5.934s][info ][safepoint      ] Safepoint "ICBufferFull", Time since last: 761714 ns, Reaching safepoint: 87802 ns, At safepoint: 25201 ns, Total: 113003 ns
[5.934s][info ][safepoint      ] Safepoint "ICBufferFull", Time since last: 748113 ns, Reaching safepoint: 98802 ns, At safepoint: 22601 ns, Total: 121403 ns
[5.935s][info ][safepoint      ] Safepoint "ICBufferFull", Time since last: 695512 ns, Reaching safepoint: 133603 ns, At safepoint: 21700 ns, Total: 155303 ns
[5.936s][info ][safepoint      ] Safepoint "ICBufferFull", Time since last: 755414 ns, Reaching safepoint: 96302 ns, At safepoint: 24300 ns, Total: 120602 ns
[5.937s][info ][safepoint      ] Safepoint "ICBufferFull", Time since last: 761014 ns, Reaching safepoint: 49901 ns, At safepoint: 18201 ns, Total: 68102 ns
[5.938s][info ][safepoint      ] Safepoint "ICBufferFull", Time since last: 692112 ns, Reaching safepoint: 91702 ns, At safepoint: 19700 ns, Total: 111402 ns
[5.939s][info ][safepoint      ] Safepoint "ICBufferFull", Time since last: 679813 ns, Reaching safepoint: 91301 ns, At safepoint: 21801 ns, Total: 113102 ns
[5.940s][info ][safepoint      ] Safepoint "ICBufferFull", Time since last: 843615 ns, Reaching safepoint: 90602 ns, At safepoint: 26801 ns, Total: 117403 ns
[5.940s][info ][safepoint      ] Safepoint "ICBufferFull", Time since last: 672412 ns, Reaching safepoint: 89402 ns, At safepoint: 26800 ns, Total: 116202 ns
[5.950s][info ][safepoint      ] Safepoint "ICBufferFull", Time since last: 9673078 ns, Reaching safepoint: 107902 ns, At safepoint: 23800 ns, Total: 131702 ns
[5.951s][info ][safepoint      ] Safepoint "ICBufferFull", Time since last: 734614 ns, Reaching safepoint: 91501 ns, At safepoint: 25701 ns, Total: 117202 ns
[5.952s][info ][safepoint      ] Safepoint "ICBufferFull", Time since last: 740113 ns, Reaching safepoint: 234405 ns, At safepoint: 22400 ns, Total: 256805 ns
[5.958s][info ][safepoint      ] Safepoint "ICBufferFull", Time since last: 829615 ns, Reaching safepoint: 5344899 ns, At safepoint: 31100 ns, Total: 5375999 ns
[5.959s][info ][safepoint      ] Safepoint "ICBufferFull", Time since last: 730714 ns, Reaching safepoint: 105702 ns, At safepoint: 23500 ns, Total: 129202 ns
[5.960s][info ][safepoint      ] Safepoint "ICBufferFull", Time since last: 653012 ns, Reaching safepoint: 92902 ns, At safepoint: 19900 ns, Total: 112802 ns
[5.961s][info ][safepoint      ] Safepoint "ICBufferFull", Time since last: 1221923 ns, Reaching safepoint: 94001 ns, At safepoint: 19301 ns, Total: 113302 ns
[5.962s][info ][safepoint      ] Safepoint "ICBufferFull", Time since last: 672412 ns, Reaching safepoint: 88802 ns, At safepoint: 18100 ns, Total: 106902 ns
[5.963s][info ][safepoint      ] Safepoint "ICBufferFull", Time since last: 649912 ns, Reaching safepoint: 99102 ns, At safepoint: 25800 ns, Total: 124902 ns
[5.964s][info ][safepoint      ] Safepoint "ICBufferFull", Time since last: 683213 ns, Reaching safepoint: 107902 ns, At safepoint: 20300 ns, Total: 128202 ns
[5.964s][info ][safepoint      ] Safepoint "ICBufferFull", Time since last: 672813 ns, Reaching safepoint: 97801 ns, At safepoint: 17501 ns, Total: 115302 ns
[5.965s][info ][safepoint      ] Safepoint "ICBufferFull", Time since last: 712713 ns, Reaching safepoint: 95802 ns, At safepoint: 20400 ns, Total: 116202 ns
[5.967s][info ][safepoint      ] Safepoint "ICBufferFull", Time since last: 1386225 ns, Reaching safepoint: 116102 ns, At safepoint: 22301 ns, Total: 138403 ns
[5.968s][info ][safepoint      ] Safepoint "ICBufferFull", Time since last: 694813 ns, Reaching safepoint: 180703 ns, At safepoint: 18000 ns, Total: 198703 ns
[5.968s][info ][safepoint      ] Safepoint "ICBufferFull", Time since last: 697313 ns, Reaching safepoint: 90302 ns, At safepoint: 15500 ns, Total: 105802 ns
[5.969s][info ][safepoint      ] Safepoint "ICBufferFull", Time since last: 676813 ns, Reaching safepoint: 94101 ns, At safepoint: 23601 ns, Total: 117702 ns
[5.970s][info ][safepoint      ] Safepoint "ICBufferFull", Time since last: 704713 ns, Reaching safepoint: 103702 ns, At safepoint: 23200 ns, Total: 126902 ns
[5.971s][info ][safepoint      ] Safepoint "ICBufferFull", Time since last: 690013 ns, Reaching safepoint: 90501 ns, At safepoint: 20801 ns, Total: 111302 ns
[5.972s][info ][safepoint      ] Safepoint "ICBufferFull", Time since last: 677412 ns, Reaching safepoint: 172203 ns, At safepoint: 18801 ns, Total: 191004 ns
[5.972s][info ][safepoint      ] Safepoint "ICBufferFull", Time since last: 667312 ns, Reaching safepoint: 90302 ns, At safepoint: 22400 ns, Total: 112702 ns
[5.973s][info ][safepoint      ] Safepoint "ICBufferFull", Time since last: 675812 ns, Reaching safepoint: 166103 ns, At safepoint: 20701 ns, Total: 186804 ns
[5.974s][info ][safepoint      ] Safepoint "ICBufferFull", Time since last: 704713 ns, Reaching safepoint: 167703 ns, At safepoint: 20300 ns, Total: 188003 ns
[5.975s][info ][safepoint      ] Safepoint "ICBufferFull", Time since last: 713013 ns, Reaching safepoint: 101902 ns, At safepoint: 22601 ns, Total: 124503 ns
[6.076s][info ][gc,start       ] GC(8) Pause Young (Allocation Failure)
[6.156s][debug][gc,phases      ] GC(8) Scavenge 79.197ms
[6.156s][debug][gc,ref         ] GC(8) Skipped phase 1 of Reference Processing: no references
[6.156s][debug][gc,ref         ] GC(8) ReferenceProcessor::execute queues: 3, RefProcThreadModel::Multi, marks_oops_alive: false
[6.156s][debug][gc,ref         ] GC(8) Skipped phase 3 of Reference Processing: no references
[6.156s][debug][gc,ref         ] GC(8) ReferenceProcessor::execute queues: 1, RefProcThreadModel::Single, marks_oops_alive: false
[6.156s][debug][gc,phases      ] GC(8) Reference Processing 0.243ms
[6.156s][debug][gc,phases      ] GC(8)   VM Weak                        Min:  0.0, Avg:  0.0, Max:  0.0, Diff:  0.0, Sum:  0.0, Workers: 4
[6.156s][debug][gc,phases      ] GC(8)     Dead                           Min: 0, Avg:  0.0, Max: 0, Diff: 0, Sum: 0, Workers: 4
[6.156s][debug][gc,phases      ] GC(8)     Total                          Min: 0, Avg: 111.8, Max: 192, Diff: 192, Sum: 447, Workers: 4
[6.156s][debug][gc,phases      ] GC(8)   ObjectSynchronizer Weak        Min:  0.0, Avg:  0.0, Max:  0.0, Diff:  0.0, Sum:  0.0, Workers: 4
[6.156s][debug][gc,phases      ] GC(8)     Dead                           Min: 0, Avg:  0.0, Max: 0, Diff: 0, Sum: 0, Workers: 4
[6.156s][debug][gc,phases      ] GC(8)     Total                          Min: 0, Avg: 89.5, Max: 166, Diff: 166, Sum: 358, Workers: 4
[6.156s][debug][gc,phases      ] GC(8)   JVMTI Tag Weak OopStorage      Min:  0.0, Avg:  0.0, Max:  0.0, Diff:  0.0, Sum:  0.0, Workers: 4
[6.156s][debug][gc,phases      ] GC(8)     Dead                           Min: 0, Avg:  0.0, Max: 0, Diff: 0, Sum: 0, Workers: 4
[6.156s][debug][gc,phases      ] GC(8)     Total                          Min: 0, Avg:  0.0, Max: 0, Diff: 0, Sum: 0, Workers: 4
[6.156s][debug][gc,phases      ] GC(8)   StringTable Weak               Min:  0.3, Avg:  0.3, Max:  0.3, Diff:  0.0, Sum:  1.3, Workers: 4
[6.156s][debug][gc,phases      ] GC(8)     Dead                           Min: 0, Avg:  3.8, Max: 13, Diff: 13, Sum: 15, Workers: 4
[6.156s][debug][gc,phases      ] GC(8)     Total                          Min: 7680, Avg: 9608.2, Max: 12288, Diff: 4608, Sum: 38433, Workers: 4
[6.156s][debug][gc,phases      ] GC(8)   ResolvedMethodTable Weak       Min:  0.0, Avg:  0.0, Max:  0.0, Diff:  0.0, Sum:  0.2, Workers: 4
[6.156s][debug][gc,phases      ] GC(8)     Dead                           Min: 0, Avg:  3.5, Max: 14, Diff: 14, Sum: 14, Workers: 4
[6.157s][debug][gc,phases      ] GC(8)     Total                          Min: 640, Avg: 1247.8, Max: 1600, Diff: 960, Sum: 4991, Workers: 4
[6.157s][debug][gc,phases      ] GC(8)   JNI Weak                       Min:  0.0, Avg:  0.0, Max:  0.0, Diff:  0.0, Sum:  0.0, Workers: 4
[6.157s][debug][gc,phases      ] GC(8)     Dead                           Min: 0, Avg:  0.0, Max: 0, Diff: 0, Sum: 0, Workers: 4
[6.157s][debug][gc,phases      ] GC(8)     Total                          Min: 0, Avg:  0.0, Max: 0, Diff: 0, Sum: 0, Workers: 4
[6.157s][debug][gc,phases      ] GC(8)   StringDedup Table Weak         Min:  0.0, Avg:  0.0, Max:  0.0, Diff:  0.0, Sum:  0.0, Workers: 4
[6.157s][debug][gc,phases      ] GC(8)     Dead                           Min: 0, Avg:  0.0, Max: 0, Diff: 0, Sum: 0, Workers: 4
[6.157s][debug][gc,phases      ] GC(8)     Total                          Min: 0, Avg:  0.0, Max: 0, Diff: 0, Sum: 0, Workers: 4
[6.157s][debug][gc,phases      ] GC(8)   StringDedup Requests0 Weak     Min:  0.0, Avg:  0.0, Max:  0.0, Diff:  0.0, Sum:  0.0, Workers: 4
[6.157s][debug][gc,phases      ] GC(8)     Dead                           Min: 0, Avg:  0.0, Max: 0, Diff: 0, Sum: 0, Workers: 4
[6.157s][debug][gc,phases      ] GC(8)     Total                          Min: 0, Avg:  0.0, Max: 0, Diff: 0, Sum: 0, Workers: 4
[6.157s][debug][gc,phases      ] GC(8)   StringDedup Requests1 Weak     Min:  0.0, Avg:  0.0, Max:  0.0, Diff:  0.0, Sum:  0.0, Workers: 4
[6.157s][debug][gc,phases      ] GC(8)     Dead                           Min: 0, Avg:  0.0, Max: 0, Diff: 0, Sum: 0, Workers: 4
[6.157s][debug][gc,phases      ] GC(8)     Total                          Min: 0, Avg:  0.0, Max: 0, Diff: 0, Sum: 0, Workers: 4
[6.157s][debug][gc,phases      ] GC(8)   Weak JFR Old Object Samples    Min:  0.0, Avg:  0.0, Max:  0.0, Diff:  0.0, Sum:  0.0, Workers: 4
[6.157s][debug][gc,phases      ] GC(8)     Dead                           Min: 0, Avg:  0.0, Max: 0, Diff: 0, Sum: 0, Workers: 4
[6.157s][debug][gc,phases      ] GC(8)     Total                          Min: 0, Avg:  0.0, Max: 0, Diff: 0, Sum: 0, Workers: 4
[6.157s][debug][gc,phases      ] GC(8) Weak Processing 0.554ms
[6.157s][debug][gc,age         ] GC(8) Desired survivor size 264241152 bytes, new threshold 4 (max threshold 15)
[6.157s][info ][gc,heap        ] GC(8) PSYoungGen: 1724346K(1807360K)->127190K(1819136K) Eden: 1541120K(1541120K)->0K(1541120K) From: 183226K(266240K)->127190K(278016K)
[6.157s][info ][gc,heap        ] GC(8) ParOldGen: 5676K(6144K)->61910K(61952K)
[6.157s][info ][gc,metaspace   ] GC(8) Metaspace: 54484K(55104K)->54484K(55104K) NonClass: 46438K(46784K)->46438K(46784K) Class: 8045K(8320K)->8045K(8320K)
[6.157s][info ][gc             ] GC(8) Pause Young (Allocation Failure) 1689M->184M(1837M) 80.146ms
[6.157s][info ][gc,cpu         ] GC(8) User=0.30s Sys=0.02s Real=0.08s
[6.157s][debug][gc,phases      ] GC(9) Pre Compact 0.011ms
[6.157s][info ][gc,start       ] GC(9) Pause Full (Ergonomics)
[6.157s][info ][gc,phases,start] GC(9) Marking Phase
[6.232s][debug][gc,phases      ] GC(9) Par Mark 74.984ms
[6.232s][debug][gc,ref         ] GC(9) Skipped phase 1 of Reference Processing: no references
[6.232s][debug][gc,ref         ] GC(9) ReferenceProcessor::execute queues: 4, RefProcThreadModel::Multi, marks_oops_alive: false
[6.232s][debug][gc,ref         ] GC(9) Skipped phase 3 of Reference Processing: no references
[6.232s][debug][gc,ref         ] GC(9) ReferenceProcessor::execute queues: 1, RefProcThreadModel::Single, marks_oops_alive: false
[6.232s][debug][gc,phases      ] GC(9) Reference Processing 0.307ms
[6.232s][debug][gc,phases      ] GC(9)   VM Weak                        Min:  0.0, Avg:  0.0, Max:  0.0, Diff:  0.0, Sum:  0.0, Workers: 4
[6.232s][debug][gc,phases      ] GC(9)     Dead                           Min: 0, Avg:  1.8, Max: 5, Diff: 5, Sum: 7, Workers: 4
[6.232s][debug][gc,phases      ] GC(9)     Total                          Min: 0, Avg: 111.8, Max: 192, Diff: 192, Sum: 447, Workers: 4
[6.232s][debug][gc,phases      ] GC(9)   ObjectSynchronizer Weak        Min:  0.0, Avg:  0.0, Max:  0.0, Diff:  0.0, Sum:  0.0, Workers: 4
[6.232s][debug][gc,phases      ] GC(9)     Dead                           Min: 0, Avg:  0.0, Max: 0, Diff: 0, Sum: 0, Workers: 4
[6.232s][debug][gc,phases      ] GC(9)     Total                          Min: 0, Avg: 89.5, Max: 128, Diff: 128, Sum: 358, Workers: 4
[6.232s][debug][gc,phases      ] GC(9)   JVMTI Tag Weak OopStorage      Min:  0.0, Avg:  0.0, Max:  0.0, Diff:  0.0, Sum:  0.0, Workers: 4
[6.232s][debug][gc,phases      ] GC(9)     Dead                           Min: 0, Avg:  0.0, Max: 0, Diff: 0, Sum: 0, Workers: 4
[6.232s][debug][gc,phases      ] GC(9)     Total                          Min: 0, Avg:  0.0, Max: 0, Diff: 0, Sum: 0, Workers: 4
[6.232s][debug][gc,phases      ] GC(9)   StringTable Weak               Min:  0.1, Avg:  0.1, Max:  0.1, Diff:  0.0, Sum:  0.5, Workers: 4
[6.232s][debug][gc,phases      ] GC(9)     Dead                           Min: 0, Avg:  0.0, Max: 0, Diff: 0, Sum: 0, Workers: 4
[6.232s][debug][gc,phases      ] GC(9)     Total                          Min: 9088, Avg: 9608.2, Max: 9984, Diff: 896, Sum: 38433, Workers: 4
[6.232s][debug][gc,phases      ] GC(9)   ResolvedMethodTable Weak       Min:  0.0, Avg:  0.0, Max:  0.0, Diff:  0.0, Sum:  0.1, Workers: 4
[6.232s][debug][gc,phases      ] GC(9)     Dead                           Min: 0, Avg:  1.8, Max: 7, Diff: 7, Sum: 7, Workers: 4
[6.232s][debug][gc,phases      ] GC(9)     Total                          Min: 1152, Avg: 1247.8, Max: 1344, Diff: 192, Sum: 4991, Workers: 4
[6.232s][debug][gc,phases      ] GC(9)   JNI Weak                       Min:  0.0, Avg:  0.0, Max:  0.0, Diff:  0.0, Sum:  0.0, Workers: 4
[6.232s][debug][gc,phases      ] GC(9)     Dead                           Min: 0, Avg:  0.0, Max: 0, Diff: 0, Sum: 0, Workers: 4
[6.232s][debug][gc,phases      ] GC(9)     Total                          Min: 0, Avg:  0.0, Max: 0, Diff: 0, Sum: 0, Workers: 4
[6.232s][debug][gc,phases      ] GC(9)   StringDedup Table Weak         Min:  0.0, Avg:  0.0, Max:  0.0, Diff:  0.0, Sum:  0.0, Workers: 4
[6.232s][debug][gc,phases      ] GC(9)     Dead                           Min: 0, Avg:  0.0, Max: 0, Diff: 0, Sum: 0, Workers: 4
[6.232s][debug][gc,phases      ] GC(9)     Total                          Min: 0, Avg:  0.0, Max: 0, Diff: 0, Sum: 0, Workers: 4
[6.232s][debug][gc,phases      ] GC(9)   StringDedup Requests0 Weak     Min:  0.0, Avg:  0.0, Max:  0.0, Diff:  0.0, Sum:  0.0, Workers: 4
[6.232s][debug][gc,phases      ] GC(9)     Dead                           Min: 0, Avg:  0.0, Max: 0, Diff: 0, Sum: 0, Workers: 4
[6.232s][debug][gc,phases      ] GC(9)     Total                          Min: 0, Avg:  0.0, Max: 0, Diff: 0, Sum: 0, Workers: 4
[6.232s][debug][gc,phases      ] GC(9)   StringDedup Requests1 Weak     Min:  0.0, Avg:  0.0, Max:  0.0, Diff:  0.0, Sum:  0.0, Workers: 4
[6.232s][debug][gc,phases      ] GC(9)     Dead                           Min: 0, Avg:  0.0, Max: 0, Diff: 0, Sum: 0, Workers: 4
[6.232s][debug][gc,phases      ] GC(9)     Total                          Min: 0, Avg:  0.0, Max: 0, Diff: 0, Sum: 0, Workers: 4
[6.232s][debug][gc,phases      ] GC(9)   Weak JFR Old Object Samples    Min:  0.0, Avg:  0.0, Max:  0.0, Diff:  0.0, Sum:  0.0, Workers: 4
[6.232s][debug][gc,phases      ] GC(9)     Dead                           Min: 0, Avg:  0.0, Max: 0, Diff: 0, Sum: 0, Workers: 4
[6.232s][debug][gc,phases      ] GC(9)     Total                          Min: 0, Avg:  0.0, Max: 0, Diff: 0, Sum: 0, Workers: 4
[6.232s][debug][gc,phases      ] GC(9) Weak Processing 0.332ms
[6.233s][debug][gc,phases      ] GC(9) ClassLoaderData 0.179ms
[6.233s][debug][gc,phases      ] GC(9) Trigger cleanups 0.009ms
[6.242s][debug][gc,phases      ] GC(9) Class Unloading 9.711ms
[6.242s][info ][gc,phases      ] GC(9) Marking Phase 85.506ms
[6.242s][info ][gc,phases,start] GC(9) Summary Phase
[6.242s][info ][gc,phases      ] GC(9) Summary Phase 0.009ms
[6.242s][info ][gc,phases,start] GC(9) Adjust Roots
[6.250s][info ][gc,phases      ] GC(9) Adjust Roots 8.180ms
[6.250s][info ][gc,phases,start] GC(9) Compaction Phase
[6.953s][info ][gc,phases      ] GC(9) Compaction Phase 702.338ms
[6.953s][info ][gc,phases,start] GC(9) Post Compact
[6.954s][info ][gc,phases      ] GC(9) Post Compact 0.876ms
[6.954s][info ][gc,heap        ] GC(9) PSYoungGen: 127190K(1819136K)->126953K(1819136K) Eden: 0K(1541120K)->0K(1541120K) From: 127190K(278016K)->126953K(278016K)
[6.954s][info ][gc,heap        ] GC(9) ParOldGen: 61910K(61952K)->61632K(99840K)
[6.954s][info ][gc,metaspace   ] GC(9) Metaspace: 54484K(55104K)->54471K(55104K) NonClass: 46438K(46784K)->46429K(46784K) Class: 8045K(8320K)->8041K(8320K)
[6.954s][info ][gc             ] GC(9) Pause Full (Ergonomics) 184M->184M(1874M) 797.117ms
[6.954s][info ][gc,cpu         ] GC(9) User=1.87s Sys=0.03s Real=0.80s
[6.964s][info ][safepoint      ] Safepoint "ParallelGCFailedAllocation", Time since last: 99241824 ns, Reaching safepoint: 2118739 ns, At safepoint: 887933321 ns, Total: 890052060 ns
[7.299s][info ][gc,start       ] GC(10) Pause Young (Allocation Failure)
[7.405s][debug][gc,phases      ] GC(10) Scavenge 106.491ms
[7.405s][debug][gc,ref         ] GC(10) Skipped phase 1 of Reference Processing: no references
[7.405s][debug][gc,ref         ] GC(10) ReferenceProcessor::execute queues: 1, RefProcThreadModel::Single, marks_oops_alive: false
[7.405s][debug][gc,ref         ] GC(10) Skipped phase 3 of Reference Processing: no references
[7.405s][debug][gc,ref         ] GC(10) ReferenceProcessor::execute queues: 1, RefProcThreadModel::Single, marks_oops_alive: false
[7.405s][debug][gc,phases      ] GC(10) Reference Processing 0.195ms
[7.406s][debug][gc,phases      ] GC(10)   VM Weak                        Min:  0.0, Avg:  0.0, Max:  0.0, Diff:  0.0, Sum:  0.0, Workers: 4
[7.406s][debug][gc,phases      ] GC(10)     Dead                           Min: 0, Avg:  0.0, Max: 0, Diff: 0, Sum: 0, Workers: 4
[7.406s][debug][gc,phases      ] GC(10)     Total                          Min: 0, Avg: 123.2, Max: 384, Diff: 384, Sum: 493, Workers: 4
[7.406s][debug][gc,phases      ] GC(10)   ObjectSynchronizer Weak        Min:  0.0, Avg:  0.0, Max:  0.0, Diff:  0.0, Sum:  0.0, Workers: 4
[7.406s][debug][gc,phases      ] GC(10)     Dead                           Min: 0, Avg:  0.2, Max: 1, Diff: 1, Sum: 1, Workers: 4
[7.406s][debug][gc,phases      ] GC(10)     Total                          Min: 0, Avg: 89.5, Max: 128, Diff: 128, Sum: 358, Workers: 4
[7.406s][debug][gc,phases      ] GC(10)   JVMTI Tag Weak OopStorage      Min:  0.0, Avg:  0.0, Max:  0.0, Diff:  0.0, Sum:  0.0, Workers: 4
[7.406s][debug][gc,phases      ] GC(10)     Dead                           Min: 0, Avg:  0.0, Max: 0, Diff: 0, Sum: 0, Workers: 4
[7.406s][debug][gc,phases      ] GC(10)     Total                          Min: 0, Avg:  0.0, Max: 0, Diff: 0, Sum: 0, Workers: 4
[7.406s][debug][gc,phases      ] GC(10)   StringTable Weak               Min:  0.2, Avg:  0.2, Max:  0.2, Diff:  0.0, Sum:  0.9, Workers: 4
[7.406s][debug][gc,phases      ] GC(10)     Dead                           Min: 0, Avg:  3.5, Max: 14, Diff: 14, Sum: 14, Workers: 4
[7.406s][debug][gc,phases      ] GC(10)     Total                          Min: 8896, Avg: 9626.0, Max: 10984, Diff: 2088, Sum: 38504, Workers: 4
[7.406s][debug][gc,phases      ] GC(10)   ResolvedMethodTable Weak       Min:  0.0, Avg:  0.0, Max:  0.0, Diff:  0.0, Sum:  0.2, Workers: 4
[7.406s][debug][gc,phases      ] GC(10)     Dead                           Min: 0, Avg:  0.2, Max: 1, Diff: 1, Sum: 1, Workers: 4
[7.406s][debug][gc,phases      ] GC(10)     Total                          Min: 768, Avg: 1272.5, Max: 1792, Diff: 1024, Sum: 5090, Workers: 4
[7.406s][debug][gc,phases      ] GC(10)   JNI Weak                       Min:  0.0, Avg:  0.0, Max:  0.0, Diff:  0.0, Sum:  0.0, Workers: 4
[7.406s][debug][gc,phases      ] GC(10)     Dead                           Min: 0, Avg:  0.0, Max: 0, Diff: 0, Sum: 0, Workers: 4
[7.406s][debug][gc,phases      ] GC(10)     Total                          Min: 0, Avg:  0.0, Max: 0, Diff: 0, Sum: 0, Workers: 4
[7.406s][debug][gc,phases      ] GC(10)   StringDedup Table Weak         Min:  0.0, Avg:  0.0, Max:  0.0, Diff:  0.0, Sum:  0.0, Workers: 4
[7.406s][debug][gc,phases      ] GC(10)     Dead                           Min: 0, Avg:  0.0, Max: 0, Diff: 0, Sum: 0, Workers: 4
[7.406s][debug][gc,phases      ] GC(10)     Total                          Min: 0, Avg:  0.0, Max: 0, Diff: 0, Sum: 0, Workers: 4
[7.406s][debug][gc,phases      ] GC(10)   StringDedup Requests0 Weak     Min:  0.0, Avg:  0.0, Max:  0.0, Diff:  0.0, Sum:  0.0, Workers: 4
[7.406s][debug][gc,phases      ] GC(10)     Dead                           Min: 0, Avg:  0.0, Max: 0, Diff: 0, Sum: 0, Workers: 4
[7.406s][debug][gc,phases      ] GC(10)     Total                          Min: 0, Avg:  0.0, Max: 0, Diff: 0, Sum: 0, Workers: 4
[7.406s][debug][gc,phases      ] GC(10)   StringDedup Requests1 Weak     Min:  0.0, Avg:  0.0, Max:  0.0, Diff:  0.0, Sum:  0.0, Workers: 4
[7.406s][debug][gc,phases      ] GC(10)     Dead                           Min: 0, Avg:  0.0, Max: 0, Diff: 0, Sum: 0, Workers: 4
[7.406s][debug][gc,phases      ] GC(10)     Total                          Min: 0, Avg:  0.0, Max: 0, Diff: 0, Sum: 0, Workers: 4
[7.406s][debug][gc,phases      ] GC(10)   Weak JFR Old Object Samples    Min:  0.0, Avg:  0.0, Max:  0.0, Diff:  0.0, Sum:  0.0, Workers: 4
[7.406s][debug][gc,phases      ] GC(10)     Dead                           Min: 0, Avg:  0.0, Max: 0, Diff: 0, Sum: 0, Workers: 4
[7.406s][debug][gc,phases      ] GC(10)     Total                          Min: 0, Avg:  0.0, Max: 0, Diff: 0, Sum: 0, Workers: 4
[7.406s][debug][gc,phases      ] GC(10) Weak Processing 0.481ms
[7.406s][debug][gc,age         ] GC(10) Desired survivor size 273154048 bytes, new threshold 5 (max threshold 15)
[7.406s][info ][gc,heap        ] GC(10) PSYoungGen: 1668073K(1819136K)->9600K(1821696K) Eden: 1541120K(1541120K)->0K(1563648K) From: 126953K(278016K)->9600K(258048K)
[7.406s][info ][gc,heap        ] GC(10) ParOldGen: 61632K(99840K)->181321K(181760K)
[7.406s][info ][gc,metaspace   ] GC(10) Metaspace: 54742K(55424K)->54742K(55424K) NonClass: 46646K(47040K)->46646K(47040K) Class: 8095K(8384K)->8095K(8384K)
[7.406s][info ][gc             ] GC(10) Pause Young (Allocation Failure) 1689M->186M(1956M) 107.310ms
[7.406s][info ][gc,cpu         ] GC(10) User=0.40s Sys=0.02s Real=0.10s
[7.406s][debug][gc,phases      ] GC(11) Pre Compact 0.010ms
[7.406s][info ][gc,start       ] GC(11) Pause Full (Ergonomics)
[7.406s][info ][gc,phases,start] GC(11) Marking Phase
[7.487s][debug][gc,phases      ] GC(11) Par Mark 80.842ms
[7.487s][debug][gc,ref         ] GC(11) Skipped phase 1 of Reference Processing: no references
[7.487s][debug][gc,ref         ] GC(11) ReferenceProcessor::execute queues: 4, RefProcThreadModel::Multi, marks_oops_alive: false
[7.488s][debug][gc,ref         ] GC(11) Skipped phase 3 of Reference Processing: no references
[7.488s][debug][gc,ref         ] GC(11) ReferenceProcessor::execute queues: 1, RefProcThreadModel::Single, marks_oops_alive: false
[7.488s][debug][gc,phases      ] GC(11) Reference Processing 0.551ms
[7.488s][debug][gc,phases      ] GC(11)   VM Weak                        Min:  0.0, Avg:  0.0, Max:  0.0, Diff:  0.0, Sum:  0.0, Workers: 4
[7.488s][debug][gc,phases      ] GC(11)     Dead                           Min: 0, Avg:  0.0, Max: 0, Diff: 0, Sum: 0, Workers: 4
[7.488s][debug][gc,phases      ] GC(11)     Total                          Min: 0, Avg: 123.2, Max: 237, Diff: 237, Sum: 493, Workers: 4
[7.488s][debug][gc,phases      ] GC(11)   ObjectSynchronizer Weak        Min:  0.0, Avg:  0.0, Max:  0.0, Diff:  0.0, Sum:  0.0, Workers: 4
[7.488s][debug][gc,phases      ] GC(11)     Dead                           Min: 0, Avg:  0.0, Max: 0, Diff: 0, Sum: 0, Workers: 4
[7.488s][debug][gc,phases      ] GC(11)     Total                          Min: 0, Avg: 89.5, Max: 128, Diff: 128, Sum: 358, Workers: 4
[7.488s][debug][gc,phases      ] GC(11)   JVMTI Tag Weak OopStorage      Min:  0.0, Avg:  0.0, Max:  0.0, Diff:  0.0, Sum:  0.0, Workers: 4
[7.488s][debug][gc,phases      ] GC(11)     Dead                           Min: 0, Avg:  0.0, Max: 0, Diff: 0, Sum: 0, Workers: 4
[7.488s][debug][gc,phases      ] GC(11)     Total                          Min: 0, Avg:  0.0, Max: 0, Diff: 0, Sum: 0, Workers: 4
[7.488s][debug][gc,phases      ] GC(11)   StringTable Weak               Min:  0.1, Avg:  0.1, Max:  0.1, Diff:  0.0, Sum:  0.6, Workers: 4
[7.488s][debug][gc,phases      ] GC(11)     Dead                           Min: 0, Avg:  0.0, Max: 0, Diff: 0, Sum: 0, Workers: 4
[7.488s][debug][gc,phases      ] GC(11)     Total                          Min: 8552, Avg: 9626.0, Max: 11008, Diff: 2456, Sum: 38504, Workers: 4
[7.488s][debug][gc,phases      ] GC(11)   ResolvedMethodTable Weak       Min:  0.0, Avg:  0.0, Max:  0.0, Diff:  0.0, Sum:  0.1, Workers: 4
[7.488s][debug][gc,phases      ] GC(11)     Dead                           Min: 0, Avg:  0.0, Max: 0, Diff: 0, Sum: 0, Workers: 4
[7.488s][debug][gc,phases      ] GC(11)     Total                          Min: 1186, Avg: 1272.5, Max: 1408, Diff: 222, Sum: 5090, Workers: 4
[7.488s][debug][gc,phases      ] GC(11)   JNI Weak                       Min:  0.0, Avg:  0.0, Max:  0.0, Diff:  0.0, Sum:  0.0, Workers: 4
[7.488s][debug][gc,phases      ] GC(11)     Dead                           Min: 0, Avg:  0.0, Max: 0, Diff: 0, Sum: 0, Workers: 4
[7.488s][debug][gc,phases      ] GC(11)     Total                          Min: 0, Avg:  0.0, Max: 0, Diff: 0, Sum: 0, Workers: 4
[7.488s][debug][gc,phases      ] GC(11)   StringDedup Table Weak         Min:  0.0, Avg:  0.0, Max:  0.0, Diff:  0.0, Sum:  0.0, Workers: 4
[7.488s][debug][gc,phases      ] GC(11)     Dead                           Min: 0, Avg:  0.0, Max: 0, Diff: 0, Sum: 0, Workers: 4
[7.488s][debug][gc,phases      ] GC(11)     Total                          Min: 0, Avg:  0.0, Max: 0, Diff: 0, Sum: 0, Workers: 4
[7.488s][debug][gc,phases      ] GC(11)   StringDedup Requests0 Weak     Min:  0.0, Avg:  0.0, Max:  0.0, Diff:  0.0, Sum:  0.0, Workers: 4
[7.488s][debug][gc,phases      ] GC(11)     Dead                           Min: 0, Avg:  0.0, Max: 0, Diff: 0, Sum: 0, Workers: 4
[7.488s][debug][gc,phases      ] GC(11)     Total                          Min: 0, Avg:  0.0, Max: 0, Diff: 0, Sum: 0, Workers: 4
[7.488s][debug][gc,phases      ] GC(11)   StringDedup Requests1 Weak     Min:  0.0, Avg:  0.0, Max:  0.0, Diff:  0.0, Sum:  0.0, Workers: 4
[7.488s][debug][gc,phases      ] GC(11)     Dead                           Min: 0, Avg:  0.0, Max: 0, Diff: 0, Sum: 0, Workers: 4
[7.488s][debug][gc,phases      ] GC(11)     Total                          Min: 0, Avg:  0.0, Max: 0, Diff: 0, Sum: 0, Workers: 4
[7.488s][debug][gc,phases      ] GC(11)   Weak JFR Old Object Samples    Min:  0.0, Avg:  0.0, Max:  0.0, Diff:  0.0, Sum:  0.0, Workers: 4
[7.488s][debug][gc,phases      ] GC(11)     Dead                           Min: 0, Avg:  0.0, Max: 0, Diff: 0, Sum: 0, Workers: 4
[7.488s][debug][gc,phases      ] GC(11)     Total                          Min: 0, Avg:  0.0, Max: 0, Diff: 0, Sum: 0, Workers: 4
[7.488s][debug][gc,phases      ] GC(11) Weak Processing 0.356ms
[7.488s][debug][gc,phases      ] GC(11) ClassLoaderData 0.069ms
[7.488s][debug][gc,phases      ] GC(11) Trigger cleanups 0.000ms
[7.494s][debug][gc,phases      ] GC(11) Class Unloading 5.744ms
[7.494s][info ][gc,phases      ] GC(11) Marking Phase 87.653ms
[7.494s][info ][gc,phases,start] GC(11) Summary Phase
[7.494s][info ][gc,phases      ] GC(11) Summary Phase 0.008ms
[7.494s][info ][gc,phases,start] GC(11) Adjust Roots
[7.500s][info ][gc,phases      ] GC(11) Adjust Roots 6.242ms
[7.500s][info ][gc,phases,start] GC(11) Compaction Phase
[7.775s][info ][gc,phases      ] GC(11) Compaction Phase 274.704ms
[7.775s][info ][gc,phases,start] GC(11) Post Compact
[7.775s][info ][gc,phases      ] GC(11) Post Compact 0.545ms
[7.775s][info ][gc,heap        ] GC(11) PSYoungGen: 9600K(1821696K)->9001K(1821696K) Eden: 0K(1563648K)->0K(1563648K) From: 9600K(258048K)->9001K(258048K)
[7.775s][info ][gc,heap        ] GC(11) ParOldGen: 181321K(181760K)->181415K(273408K)
[7.775s][info ][gc,metaspace   ] GC(11) Metaspace: 54742K(55424K)->54742K(55424K) NonClass: 46646K(47040K)->46646K(47040K) Class: 8095K(8384K)->8095K(8384K)
[7.775s][info ][gc             ] GC(11) Pause Full (Ergonomics) 186M->185M(2046M) 369.408ms
[7.775s][info ][gc,cpu         ] GC(11) User=1.27s Sys=0.01s Real=0.37s
[7.775s][info ][safepoint      ] Safepoint "ParallelGCFailedAllocation", Time since last: 334050540 ns, Reaching safepoint: 191003 ns, At safepoint: 476876166 ns, Total: 477067169 ns
[8.132s][info ][gc,start       ] GC(12) Pause Young (Allocation Failure)
[8.165s][debug][gc,phases      ] GC(12) Scavenge 32.889ms
[8.165s][debug][gc,ref         ] GC(12) Skipped phase 1 of Reference Processing: no references
[8.165s][debug][gc,ref         ] GC(12) ReferenceProcessor::execute queues: 1, RefProcThreadModel::Single, marks_oops_alive: false
[8.165s][debug][gc,ref         ] GC(12) Skipped phase 3 of Reference Processing: no references
[8.165s][debug][gc,ref         ] GC(12) ReferenceProcessor::execute queues: 1, RefProcThreadModel::Single, marks_oops_alive: false
[8.165s][debug][gc,phases      ] GC(12) Reference Processing 0.184ms
[8.165s][debug][gc,phases      ] GC(12)   VM Weak                        Min:  0.0, Avg:  0.0, Max:  0.0, Diff:  0.0, Sum:  0.0, Workers: 4
[8.165s][debug][gc,phases      ] GC(12)     Dead                           Min: 0, Avg:  0.0, Max: 0, Diff: 0, Sum: 0, Workers: 4
[8.165s][debug][gc,phases      ] GC(12)     Total                          Min: 0, Avg: 127.8, Max: 319, Diff: 319, Sum: 511, Workers: 4
[8.165s][debug][gc,phases      ] GC(12)   ObjectSynchronizer Weak        Min:  0.0, Avg:  0.0, Max:  0.0, Diff:  0.0, Sum:  0.0, Workers: 4
[8.165s][debug][gc,phases      ] GC(12)     Dead                           Min: 0, Avg:  0.0, Max: 0, Diff: 0, Sum: 0, Workers: 4
[8.165s][debug][gc,phases      ] GC(12)     Total                          Min: 0, Avg: 89.5, Max: 256, Diff: 256, Sum: 358, Workers: 4
[8.165s][debug][gc,phases      ] GC(12)   JVMTI Tag Weak OopStorage      Min:  0.0, Avg:  0.0, Max:  0.0, Diff:  0.0, Sum:  0.0, Workers: 4
[8.165s][debug][gc,phases      ] GC(12)     Dead                           Min: 0, Avg:  0.0, Max: 0, Diff: 0, Sum: 0, Workers: 4
[8.165s][debug][gc,phases      ] GC(12)     Total                          Min: 0, Avg:  0.0, Max: 0, Diff: 0, Sum: 0, Workers: 4
[8.165s][debug][gc,phases      ] GC(12)   StringTable Weak               Min:  0.1, Avg:  0.1, Max:  0.1, Diff:  0.0, Sum:  0.4, Workers: 4
[8.165s][debug][gc,phases      ] GC(12)     Dead                           Min: 0, Avg:  4.2, Max: 15, Diff: 15, Sum: 17, Workers: 4
[8.165s][debug][gc,phases      ] GC(12)     Total                          Min: 9152, Avg: 9794.0, Max: 10624, Diff: 1472, Sum: 39176, Workers: 4
[8.165s][debug][gc,phases      ] GC(12)   ResolvedMethodTable Weak       Min:  0.0, Avg:  0.0, Max:  0.0, Diff:  0.0, Sum:  0.1, Workers: 4
[8.165s][debug][gc,phases      ] GC(12)     Dead                           Min: 0, Avg:  8.5, Max: 27, Diff: 27, Sum: 34, Workers: 4
[8.165s][debug][gc,phases      ] GC(12)     Total                          Min: 1216, Avg: 1445.5, Max: 1792, Diff: 576, Sum: 5782, Workers: 4
[8.165s][debug][gc,phases      ] GC(12)   JNI Weak                       Min:  0.0, Avg:  0.0, Max:  0.0, Diff:  0.0, Sum:  0.0, Workers: 4
[8.165s][debug][gc,phases      ] GC(12)     Dead                           Min: 0, Avg:  0.0, Max: 0, Diff: 0, Sum: 0, Workers: 4
[8.165s][debug][gc,phases      ] GC(12)     Total                          Min: 0, Avg:  0.0, Max: 0, Diff: 0, Sum: 0, Workers: 4
[8.165s][debug][gc,phases      ] GC(12)   StringDedup Table Weak         Min:  0.0, Avg:  0.0, Max:  0.0, Diff:  0.0, Sum:  0.0, Workers: 4
[8.165s][debug][gc,phases      ] GC(12)     Dead                           Min: 0, Avg:  0.0, Max: 0, Diff: 0, Sum: 0, Workers: 4
[8.165s][debug][gc,phases      ] GC(12)     Total                          Min: 0, Avg:  0.0, Max: 0, Diff: 0, Sum: 0, Workers: 4
[8.165s][debug][gc,phases      ] GC(12)   StringDedup Requests0 Weak     Min:  0.0, Avg:  0.0, Max:  0.0, Diff:  0.0, Sum:  0.0, Workers: 4
[8.165s][debug][gc,phases      ] GC(12)     Dead                           Min: 0, Avg:  0.0, Max: 0, Diff: 0, Sum: 0, Workers: 4
[8.165s][debug][gc,phases      ] GC(12)     Total                          Min: 0, Avg:  0.0, Max: 0, Diff: 0, Sum: 0, Workers: 4
[8.165s][debug][gc,phases      ] GC(12)   StringDedup Requests1 Weak     Min:  0.0, Avg:  0.0, Max:  0.0, Diff:  0.0, Sum:  0.0, Workers: 4
[8.165s][debug][gc,phases      ] GC(12)     Dead                           Min: 0, Avg:  0.0, Max: 0, Diff: 0, Sum: 0, Workers: 4
[8.165s][debug][gc,phases      ] GC(12)     Total                          Min: 0, Avg:  0.0, Max: 0, Diff: 0, Sum: 0, Workers: 4
[8.165s][debug][gc,phases      ] GC(12)   Weak JFR Old Object Samples    Min:  0.0, Avg:  0.0, Max:  0.0, Diff:  0.0, Sum:  0.0, Workers: 4
[8.165s][debug][gc,phases      ] GC(12)     Dead                           Min: 0, Avg:  0.0, Max: 0, Diff: 0, Sum: 0, Workers: 4
[8.165s][debug][gc,phases      ] GC(12)     Total                          Min: 0, Avg:  0.0, Max: 0, Diff: 0, Sum: 0, Workers: 4
[8.165s][debug][gc,phases      ] GC(12) Weak Processing 0.351ms
[8.165s][debug][gc,age         ] GC(12) Desired survivor size 275775488 bytes, new threshold 6 (max threshold 15)
[8.165s][info ][gc,heap        ] GC(12) PSYoungGen: 1572649K(1821696K)->10461K(1574400K) Eden: 1563648K(1563648K)->0K(1563648K) From: 9001K(258048K)->10461K(10752K)
[8.165s][info ][gc,heap        ] GC(12) ParOldGen: 181415K(273408K)->181423K(273408K)
[8.165s][info ][gc,metaspace   ] GC(12) Metaspace: 56770K(57408K)->56770K(57408K) NonClass: 48259K(48576K)->48259K(48576K) Class: 8511K(8832K)->8511K(8832K)
[8.165s][info ][gc             ] GC(12) Pause Young (Allocation Failure) 1712M->187M(1804M) 33.559ms
[8.165s][info ][gc,cpu         ] GC(12) User=0.12s Sys=0.01s Real=0.03s
[8.166s][info ][safepoint      ] Safepoint "ParallelGCFailedAllocation", Time since last: 356226048 ns, Reaching safepoint: 182103 ns, At safepoint: 33665619 ns, Total: 33847722 ns
[8.457s][info ][gc,start       ] GC(13) Pause Young (Allocation Failure)
[8.467s][debug][gc,phases      ] GC(13) Scavenge 9.831ms
[8.467s][debug][gc,ref         ] GC(13) Skipped phase 1 of Reference Processing: no references
[8.467s][debug][gc,ref         ] GC(13) ReferenceProcessor::execute queues: 1, RefProcThreadModel::Single, marks_oops_alive: false
[8.468s][debug][gc,ref         ] GC(13) Skipped phase 3 of Reference Processing: no references
[8.468s][debug][gc,ref         ] GC(13) ReferenceProcessor::execute queues: 1, RefProcThreadModel::Single, marks_oops_alive: false
[8.468s][debug][gc,phases      ] GC(13) Reference Processing 0.166ms
[8.468s][debug][gc,phases      ] GC(13)   VM Weak                        Min:  0.0, Avg:  0.0, Max:  0.0, Diff:  0.0, Sum:  0.0, Workers: 4
[8.468s][debug][gc,phases      ] GC(13)     Dead                           Min: 0, Avg:  0.0, Max: 0, Diff: 0, Sum: 0, Workers: 4
[8.468s][debug][gc,phases      ] GC(13)     Total                          Min: 0, Avg: 130.8, Max: 267, Diff: 267, Sum: 523, Workers: 4
[8.468s][debug][gc,phases      ] GC(13)   ObjectSynchronizer Weak        Min:  0.0, Avg:  0.0, Max:  0.0, Diff:  0.0, Sum:  0.0, Workers: 4
[8.468s][debug][gc,phases      ] GC(13)     Dead                           Min: 0, Avg:  0.0, Max: 0, Diff: 0, Sum: 0, Workers: 4
[8.468s][debug][gc,phases      ] GC(13)     Total                          Min: 0, Avg: 90.0, Max: 128, Diff: 128, Sum: 360, Workers: 4
[8.468s][debug][gc,phases      ] GC(13)   JVMTI Tag Weak OopStorage      Min:  0.0, Avg:  0.0, Max:  0.0, Diff:  0.0, Sum:  0.0, Workers: 4
[8.468s][debug][gc,phases      ] GC(13)     Dead                           Min: 0, Avg:  0.0, Max: 0, Diff: 0, Sum: 0, Workers: 4
[8.468s][debug][gc,phases      ] GC(13)     Total                          Min: 0, Avg:  0.0, Max: 0, Diff: 0, Sum: 0, Workers: 4
[8.468s][debug][gc,phases      ] GC(13)   StringTable Weak               Min:  0.1, Avg:  0.1, Max:  0.1, Diff:  0.0, Sum:  0.4, Workers: 4
[8.468s][debug][gc,phases      ] GC(13)     Dead                           Min: 0, Avg:  3.8, Max: 13, Diff: 13, Sum: 15, Workers: 4
[8.468s][debug][gc,phases      ] GC(13)     Total                          Min: 9728, Avg: 9874.2, Max: 9993, Diff: 265, Sum: 39497, Workers: 4
[8.468s][debug][gc,phases      ] GC(13)   ResolvedMethodTable Weak       Min:  0.0, Avg:  0.0, Max:  0.0, Diff:  0.0, Sum:  0.1, Workers: 4
[8.468s][debug][gc,phases      ] GC(13)     Dead                           Min: 0, Avg:  6.5, Max: 15, Diff: 15, Sum: 26, Workers: 4
[8.468s][debug][gc,phases      ] GC(13)     Total                          Min: 1344, Avg: 1472.5, Max: 1538, Diff: 194, Sum: 5890, Workers: 4
[8.468s][debug][gc,phases      ] GC(13)   JNI Weak                       Min:  0.0, Avg:  0.0, Max:  0.0, Diff:  0.0, Sum:  0.0, Workers: 4
[8.468s][debug][gc,phases      ] GC(13)     Dead                           Min: 0, Avg:  0.0, Max: 0, Diff: 0, Sum: 0, Workers: 4
[8.468s][debug][gc,phases      ] GC(13)     Total                          Min: 0, Avg:  1.5, Max: 6, Diff: 6, Sum: 6, Workers: 4
[8.468s][debug][gc,phases      ] GC(13)   StringDedup Table Weak         Min:  0.0, Avg:  0.0, Max:  0.0, Diff:  0.0, Sum:  0.0, Workers: 4
[8.468s][debug][gc,phases      ] GC(13)     Dead                           Min: 0, Avg:  0.0, Max: 0, Diff: 0, Sum: 0, Workers: 4
[8.468s][debug][gc,phases      ] GC(13)     Total                          Min: 0, Avg:  0.0, Max: 0, Diff: 0, Sum: 0, Workers: 4
[8.468s][debug][gc,phases      ] GC(13)   StringDedup Requests0 Weak     Min:  0.0, Avg:  0.0, Max:  0.0, Diff:  0.0, Sum:  0.0, Workers: 4
[8.468s][debug][gc,phases      ] GC(13)     Dead                           Min: 0, Avg:  0.0, Max: 0, Diff: 0, Sum: 0, Workers: 4
[8.468s][debug][gc,phases      ] GC(13)     Total                          Min: 0, Avg:  0.0, Max: 0, Diff: 0, Sum: 0, Workers: 4
[8.468s][debug][gc,phases      ] GC(13)   StringDedup Requests1 Weak     Min:  0.0, Avg:  0.0, Max:  0.0, Diff:  0.0, Sum:  0.0, Workers: 4
[8.468s][debug][gc,phases      ] GC(13)     Dead                           Min: 0, Avg:  0.0, Max: 0, Diff: 0, Sum: 0, Workers: 4
[8.468s][debug][gc,phases      ] GC(13)     Total                          Min: 0, Avg:  0.0, Max: 0, Diff: 0, Sum: 0, Workers: 4
[8.468s][debug][gc,phases      ] GC(13)   Weak JFR Old Object Samples    Min:  0.0, Avg:  0.0, Max:  0.0, Diff:  0.0, Sum:  0.0, Workers: 4
[8.468s][debug][gc,phases      ] GC(13)     Dead                           Min: 0, Avg:  0.0, Max: 0, Diff: 0, Sum: 0, Workers: 4
[8.468s][debug][gc,phases      ] GC(13)     Total                          Min: 0, Avg:  0.0, Max: 0, Diff: 0, Sum: 0, Workers: 4
[8.468s][debug][gc,phases      ] GC(13) Weak Processing 0.328ms
[8.468s][debug][gc,age         ] GC(13) Desired survivor size 274726912 bytes, new threshold 7 (max threshold 15)
[8.468s][info ][gc,heap        ] GC(13) PSYoungGen: 1574109K(1574400K)->12253K(1828864K) Eden: 1563648K(1563648K)->0K(1559552K) From: 10461K(10752K)->12253K(269312K)
[8.468s][info ][gc,heap        ] GC(13) ParOldGen: 181423K(273408K)->181431K(273408K)
[8.468s][info ][gc,metaspace   ] GC(13) Metaspace: 57778K(58560K)->57778K(58560K) NonClass: 49128K(49536K)->49128K(49536K) Class: 8650K(9024K)->8650K(9024K)
[8.468s][info ][gc             ] GC(13) Pause Young (Allocation Failure) 1714M->189M(2053M) 10.468ms
[8.468s][info ][gc,cpu         ] GC(13) User=0.03s Sys=0.00s Real=0.00s
[8.468s][info ][safepoint      ] Safepoint "ParallelGCFailedAllocation", Time since last: 291674961 ns, Reaching safepoint: 179404 ns, At safepoint: 10583594 ns, Total: 10762998 ns
[8.875s][info ][gc,start       ] GC(14) Pause Young (Allocation Failure)
[8.883s][debug][gc,phases      ] GC(14) Scavenge 8.754ms
[8.883s][debug][gc,ref         ] GC(14) Skipped phase 1 of Reference Processing: no references
[8.884s][debug][gc,ref         ] GC(14) ReferenceProcessor::execute queues: 1, RefProcThreadModel::Single, marks_oops_alive: false
[8.884s][debug][gc,ref         ] GC(14) Skipped phase 3 of Reference Processing: no references
[8.884s][debug][gc,ref         ] GC(14) ReferenceProcessor::execute queues: 1, RefProcThreadModel::Single, marks_oops_alive: false
[8.884s][debug][gc,phases      ] GC(14) Reference Processing 0.183ms
[8.884s][debug][gc,phases      ] GC(14)   VM Weak                        Min:  0.0, Avg:  0.0, Max:  0.0, Diff:  0.0, Sum:  0.0, Workers: 4
[8.884s][debug][gc,phases      ] GC(14)     Dead                           Min: 0, Avg:  0.0, Max: 0, Diff: 0, Sum: 0, Workers: 4
[8.884s][debug][gc,phases      ] GC(14)     Total                          Min: 0, Avg: 131.0, Max: 384, Diff: 384, Sum: 524, Workers: 4
[8.884s][debug][gc,phases      ] GC(14)   ObjectSynchronizer Weak        Min:  0.0, Avg:  0.0, Max:  0.0, Diff:  0.0, Sum:  0.0, Workers: 4
[8.884s][debug][gc,phases      ] GC(14)     Dead                           Min: 0, Avg:  0.0, Max: 0, Diff: 0, Sum: 0, Workers: 4
[8.884s][debug][gc,phases      ] GC(14)     Total                          Min: 49, Avg: 92.2, Max: 128, Diff: 79, Sum: 369, Workers: 4
[8.884s][debug][gc,phases      ] GC(14)   JVMTI Tag Weak OopStorage      Min:  0.0, Avg:  0.0, Max:  0.0, Diff:  0.0, Sum:  0.0, Workers: 4
[8.884s][debug][gc,phases      ] GC(14)     Dead                           Min: 0, Avg:  0.0, Max: 0, Diff: 0, Sum: 0, Workers: 4
[8.884s][debug][gc,phases      ] GC(14)     Total                          Min: 0, Avg:  0.0, Max: 0, Diff: 0, Sum: 0, Workers: 4
[8.884s][debug][gc,phases      ] GC(14)   StringTable Weak               Min:  0.1, Avg:  0.1, Max:  0.1, Diff:  0.0, Sum:  0.4, Workers: 4
[8.884s][debug][gc,phases      ] GC(14)     Dead                           Min: 0, Avg:  3.5, Max: 14, Diff: 14, Sum: 14, Workers: 4
[8.884s][debug][gc,phases      ] GC(14)     Total                          Min: 8640, Avg: 9936.8, Max: 11279, Diff: 2639, Sum: 39747, Workers: 4
[8.884s][debug][gc,phases      ] GC(14)   ResolvedMethodTable Weak       Min:  0.0, Avg:  0.0, Max:  0.0, Diff:  0.0, Sum:  0.1, Workers: 4
[8.884s][debug][gc,phases      ] GC(14)     Dead                           Min: 0, Avg:  3.8, Max: 15, Diff: 15, Sum: 15, Workers: 4
[8.884s][debug][gc,phases      ] GC(14)     Total                          Min: 1344, Avg: 1506.5, Max: 1728, Diff: 384, Sum: 6026, Workers: 4
[8.884s][debug][gc,phases      ] GC(14)   JNI Weak                       Min:  0.0, Avg:  0.0, Max:  0.0, Diff:  0.0, Sum:  0.0, Workers: 4
[8.884s][debug][gc,phases      ] GC(14)     Dead                           Min: 0, Avg:  0.0, Max: 0, Diff: 0, Sum: 0, Workers: 4
[8.884s][debug][gc,phases      ] GC(14)     Total                          Min: 0, Avg:  0.2, Max: 1, Diff: 1, Sum: 1, Workers: 4
[8.884s][debug][gc,phases      ] GC(14)   StringDedup Table Weak         Min:  0.0, Avg:  0.0, Max:  0.0, Diff:  0.0, Sum:  0.0, Workers: 4
[8.884s][debug][gc,phases      ] GC(14)     Dead                           Min: 0, Avg:  0.0, Max: 0, Diff: 0, Sum: 0, Workers: 4
[8.884s][debug][gc,phases      ] GC(14)     Total                          Min: 0, Avg:  0.0, Max: 0, Diff: 0, Sum: 0, Workers: 4
[8.884s][debug][gc,phases      ] GC(14)   StringDedup Requests0 Weak     Min:  0.0, Avg:  0.0, Max:  0.0, Diff:  0.0, Sum:  0.0, Workers: 4
[8.884s][debug][gc,phases      ] GC(14)     Dead                           Min: 0, Avg:  0.0, Max: 0, Diff: 0, Sum: 0, Workers: 4
[8.884s][debug][gc,phases      ] GC(14)     Total                          Min: 0, Avg:  0.0, Max: 0, Diff: 0, Sum: 0, Workers: 4
[8.884s][debug][gc,phases      ] GC(14)   StringDedup Requests1 Weak     Min:  0.0, Avg:  0.0, Max:  0.0, Diff:  0.0, Sum:  0.0, Workers: 4
[8.884s][debug][gc,phases      ] GC(14)     Dead                           Min: 0, Avg:  0.0, Max: 0, Diff: 0, Sum: 0, Workers: 4
[8.884s][debug][gc,phases      ] GC(14)     Total                          Min: 0, Avg:  0.0, Max: 0, Diff: 0, Sum: 0, Workers: 4
[8.884s][debug][gc,phases      ] GC(14)   Weak JFR Old Object Samples    Min:  0.0, Avg:  0.0, Max:  0.0, Diff:  0.0, Sum:  0.0, Workers: 4
[8.884s][debug][gc,phases      ] GC(14)     Dead                           Min: 0, Avg:  0.0, Max: 0, Diff: 0, Sum: 0, Workers: 4
[8.884s][debug][gc,phases      ] GC(14)     Total                          Min: 0, Avg:  0.0, Max: 0, Diff: 0, Sum: 0, Workers: 4
[8.884s][debug][gc,phases      ] GC(14) Weak Processing 0.357ms
[8.884s][debug][gc,age         ] GC(14) Desired survivor size 271056896 bytes, new threshold 8 (max threshold 15)
[8.884s][info ][gc,heap        ] GC(14) PSYoungGen: 1571805K(1828864K)->16477K(1827840K) Eden: 1559552K(1559552K)->0K(1559552K) From: 12253K(269312K)->16477K(268288K)
[8.884s][info ][gc,heap        ] GC(14) ParOldGen: 181431K(273408K)->181439K(273408K)
[8.884s][info ][gc,metaspace   ] GC(14) Metaspace: 58536K(59264K)->58536K(59264K) NonClass: 49794K(50176K)->49794K(50176K) Class: 8742K(9088K)->8742K(9088K)
[8.884s][info ][gc             ] GC(14) Pause Young (Allocation Failure) 1712M->193M(2052M) 9.432ms
[8.884s][info ][gc,cpu         ] GC(14) User=0.04s Sys=0.00s Real=0.01s
[8.884s][info ][safepoint      ] Safepoint "ParallelGCFailedAllocation", Time since last: 406346370 ns, Reaching safepoint: 211703 ns, At safepoint: 9557176 ns, Total: 9768879 ns
[9.205s][info ][gc,start       ] GC(15) Pause Young (Allocation Failure)
[9.218s][debug][gc,phases      ] GC(15) Scavenge 12.888ms
[9.218s][debug][gc,ref         ] GC(15) Skipped phase 1 of Reference Processing: no references
[9.218s][debug][gc,ref         ] GC(15) ReferenceProcessor::execute queues: 1, RefProcThreadModel::Single, marks_oops_alive: false
[9.218s][debug][gc,ref         ] GC(15) Skipped phase 3 of Reference Processing: no references
[9.218s][debug][gc,ref         ] GC(15) ReferenceProcessor::execute queues: 1, RefProcThreadModel::Single, marks_oops_alive: false
[9.218s][debug][gc,phases      ] GC(15) Reference Processing 0.179ms
[9.218s][debug][gc,phases      ] GC(15)   VM Weak                        Min:  0.0, Avg:  0.0, Max:  0.0, Diff:  0.0, Sum:  0.0, Workers: 4
[9.218s][debug][gc,phases      ] GC(15)     Dead                           Min: 0, Avg:  0.0, Max: 0, Diff: 0, Sum: 0, Workers: 4
[9.218s][debug][gc,phases      ] GC(15)     Total                          Min: 0, Avg: 131.0, Max: 332, Diff: 332, Sum: 524, Workers: 4
[9.218s][debug][gc,phases      ] GC(15)   ObjectSynchronizer Weak        Min:  0.0, Avg:  0.0, Max:  0.0, Diff:  0.0, Sum:  0.0, Workers: 4
[9.218s][debug][gc,phases      ] GC(15)     Dead                           Min: 0, Avg:  0.0, Max: 0, Diff: 0, Sum: 0, Workers: 4
[9.218s][debug][gc,phases      ] GC(15)     Total                          Min: 0, Avg: 95.0, Max: 192, Diff: 192, Sum: 380, Workers: 4
[9.218s][debug][gc,phases      ] GC(15)   JVMTI Tag Weak OopStorage      Min:  0.0, Avg:  0.0, Max:  0.0, Diff:  0.0, Sum:  0.0, Workers: 4
[9.218s][debug][gc,phases      ] GC(15)     Dead                           Min: 0, Avg:  0.0, Max: 0, Diff: 0, Sum: 0, Workers: 4
[9.218s][debug][gc,phases      ] GC(15)     Total                          Min: 0, Avg:  0.0, Max: 0, Diff: 0, Sum: 0, Workers: 4
[9.218s][debug][gc,phases      ] GC(15)   StringTable Weak               Min:  0.1, Avg:  0.1, Max:  0.1, Diff:  0.0, Sum:  0.5, Workers: 4
[9.218s][debug][gc,phases      ] GC(15)     Dead                           Min: 0, Avg:  0.5, Max: 2, Diff: 2, Sum: 2, Workers: 4
[9.218s][debug][gc,phases      ] GC(15)     Total                          Min: 9774, Avg: 9979.5, Max: 10304, Diff: 530, Sum: 39918, Workers: 4
[9.218s][debug][gc,phases      ] GC(15)   ResolvedMethodTable Weak       Min:  0.0, Avg:  0.0, Max:  0.0, Diff:  0.0, Sum:  0.1, Workers: 4
[9.218s][debug][gc,phases      ] GC(15)     Dead                           Min: 0, Avg:  6.2, Max: 17, Diff: 17, Sum: 25, Workers: 4
[9.218s][debug][gc,phases      ] GC(15)     Total                          Min: 1280, Avg: 1527.2, Max: 1792, Diff: 512, Sum: 6109, Workers: 4
[9.218s][debug][gc,phases      ] GC(15)   JNI Weak                       Min:  0.0, Avg:  0.0, Max:  0.0, Diff:  0.0, Sum:  0.0, Workers: 4
[9.218s][debug][gc,phases      ] GC(15)     Dead                           Min: 0, Avg:  0.0, Max: 0, Diff: 0, Sum: 0, Workers: 4
[9.218s][debug][gc,phases      ] GC(15)     Total                          Min: 0, Avg:  1.8, Max: 7, Diff: 7, Sum: 7, Workers: 4
[9.218s][debug][gc,phases      ] GC(15)   StringDedup Table Weak         Min:  0.0, Avg:  0.0, Max:  0.0, Diff:  0.0, Sum:  0.0, Workers: 4
[9.218s][debug][gc,phases      ] GC(15)     Dead                           Min: 0, Avg:  0.0, Max: 0, Diff: 0, Sum: 0, Workers: 4
[9.218s][debug][gc,phases      ] GC(15)     Total                          Min: 0, Avg:  0.0, Max: 0, Diff: 0, Sum: 0, Workers: 4
[9.218s][debug][gc,phases      ] GC(15)   StringDedup Requests0 Weak     Min:  0.0, Avg:  0.0, Max:  0.0, Diff:  0.0, Sum:  0.0, Workers: 4
[9.218s][debug][gc,phases      ] GC(15)     Dead                           Min: 0, Avg:  0.0, Max: 0, Diff: 0, Sum: 0, Workers: 4
[9.218s][debug][gc,phases      ] GC(15)     Total                          Min: 0, Avg:  0.0, Max: 0, Diff: 0, Sum: 0, Workers: 4
[9.218s][debug][gc,phases      ] GC(15)   StringDedup Requests1 Weak     Min:  0.0, Avg:  0.0, Max:  0.0, Diff:  0.0, Sum:  0.0, Workers: 4
[9.218s][debug][gc,phases      ] GC(15)     Dead                           Min: 0, Avg:  0.0, Max: 0, Diff: 0, Sum: 0, Workers: 4
[9.218s][debug][gc,phases      ] GC(15)     Total                          Min: 0, Avg:  0.0, Max: 0, Diff: 0, Sum: 0, Workers: 4
[9.218s][debug][gc,phases      ] GC(15)   Weak JFR Old Object Samples    Min:  0.0, Avg:  0.0, Max:  0.0, Diff:  0.0, Sum:  0.0, Workers: 4
[9.218s][debug][gc,phases      ] GC(15)     Dead                           Min: 0, Avg:  0.0, Max: 0, Diff: 0, Sum: 0, Workers: 4
[9.218s][debug][gc,phases      ] GC(15)     Total                          Min: 0, Avg:  0.0, Max: 0, Diff: 0, Sum: 0, Workers: 4
[9.218s][debug][gc,phases      ] GC(15) Weak Processing 0.348ms
[9.218s][debug][gc,age         ] GC(15) Desired survivor size 263192576 bytes, new threshold 9 (max threshold 15)
[9.218s][info ][gc,heap        ] GC(15) PSYoungGen: 1576029K(1827840K)->25549K(1840128K) Eden: 1559552K(1559552K)->0K(1575424K) From: 16477K(268288K)->25549K(264704K)
[9.218s][info ][gc,heap        ] GC(15) ParOldGen: 181439K(273408K)->181447K(273408K)
[9.218s][info ][gc,metaspace   ] GC(15) Metaspace: 58889K(59584K)->58889K(59584K) NonClass: 50082K(50432K)->50082K(50432K) Class: 8806K(9152K)->8806K(9152K)
[9.218s][info ][gc             ] GC(15) Pause Young (Allocation Failure) 1716M->202M(2064M) 13.585ms
[9.218s][info ][gc,cpu         ] GC(15) User=0.07s Sys=0.00s Real=0.02s
[9.218s][info ][safepoint      ] Safepoint "ParallelGCFailedAllocation", Time since last: 320368489 ns, Reaching safepoint: 234104 ns, At safepoint: 13696152 ns, Total: 13930256 ns
[9.652s][info ][gc,start       ] GC(16) Pause Young (Allocation Failure)
[9.663s][debug][gc,phases      ] GC(16) Scavenge 10.622ms
[9.663s][debug][gc,ref         ] GC(16) Skipped phase 1 of Reference Processing: no references
[9.663s][debug][gc,ref         ] GC(16) ReferenceProcessor::execute queues: 1, RefProcThreadModel::Single, marks_oops_alive: false
[9.663s][debug][gc,ref         ] GC(16) Skipped phase 3 of Reference Processing: no references
[9.663s][debug][gc,ref         ] GC(16) ReferenceProcessor::execute queues: 1, RefProcThreadModel::Single, marks_oops_alive: false
[9.663s][debug][gc,phases      ] GC(16) Reference Processing 0.178ms
[9.663s][debug][gc,phases      ] GC(16)   VM Weak                        Min:  0.0, Avg:  0.0, Max:  0.0, Diff:  0.0, Sum:  0.0, Workers: 4
[9.663s][debug][gc,phases      ] GC(16)     Dead                           Min: 0, Avg:  0.0, Max: 0, Diff: 0, Sum: 0, Workers: 4
[9.663s][debug][gc,phases      ] GC(16)     Total                          Min: 0, Avg: 131.8, Max: 527, Diff: 527, Sum: 527, Workers: 4
[9.663s][debug][gc,phases      ] GC(16)   ObjectSynchronizer Weak        Min:  0.0, Avg:  0.0, Max:  0.0, Diff:  0.0, Sum:  0.0, Workers: 4
[9.663s][debug][gc,phases      ] GC(16)     Dead                           Min: 0, Avg:  0.0, Max: 0, Diff: 0, Sum: 0, Workers: 4
[9.663s][debug][gc,phases      ] GC(16)     Total                          Min: 0, Avg: 95.0, Max: 192, Diff: 192, Sum: 380, Workers: 4
[9.663s][debug][gc,phases      ] GC(16)   JVMTI Tag Weak OopStorage      Min:  0.0, Avg:  0.0, Max:  0.0, Diff:  0.0, Sum:  0.0, Workers: 4
[9.663s][debug][gc,phases      ] GC(16)     Dead                           Min: 0, Avg:  0.0, Max: 0, Diff: 0, Sum: 0, Workers: 4
[9.663s][debug][gc,phases      ] GC(16)     Total                          Min: 0, Avg:  0.0, Max: 0, Diff: 0, Sum: 0, Workers: 4
[9.663s][debug][gc,phases      ] GC(16)   StringTable Weak               Min:  0.1, Avg:  0.1, Max:  0.1, Diff:  0.0, Sum:  0.5, Workers: 4
[9.663s][debug][gc,phases      ] GC(16)     Dead                           Min: 0, Avg:  3.8, Max: 10, Diff: 10, Sum: 15, Workers: 4
[9.663s][debug][gc,phases      ] GC(16)     Total                          Min: 9344, Avg: 10087.8, Max: 11295, Diff: 1951, Sum: 40351, Workers: 4
[9.663s][debug][gc,phases      ] GC(16)   ResolvedMethodTable Weak       Min:  0.0, Avg:  0.0, Max:  0.0, Diff:  0.0, Sum:  0.1, Workers: 4
[9.663s][debug][gc,phases      ] GC(16)     Dead                           Min: 0, Avg: 10.8, Max: 27, Diff: 27, Sum: 43, Workers: 4
[9.663s][debug][gc,phases      ] GC(16)     Total                          Min: 1280, Avg: 1559.5, Max: 1758, Diff: 478, Sum: 6238, Workers: 4
[9.663s][debug][gc,phases      ] GC(16)   JNI Weak                       Min:  0.0, Avg:  0.0, Max:  0.0, Diff:  0.0, Sum:  0.0, Workers: 4
[9.663s][debug][gc,phases      ] GC(16)     Dead                           Min: 0, Avg:  0.0, Max: 0, Diff: 0, Sum: 0, Workers: 4
[9.663s][debug][gc,phases      ] GC(16)     Total                          Min: 0, Avg:  0.0, Max: 0, Diff: 0, Sum: 0, Workers: 4
[9.663s][debug][gc,phases      ] GC(16)   StringDedup Table Weak         Min:  0.0, Avg:  0.0, Max:  0.0, Diff:  0.0, Sum:  0.0, Workers: 4
[9.663s][debug][gc,phases      ] GC(16)     Dead                           Min: 0, Avg:  0.0, Max: 0, Diff: 0, Sum: 0, Workers: 4
[9.663s][debug][gc,phases      ] GC(16)     Total                          Min: 0, Avg:  0.0, Max: 0, Diff: 0, Sum: 0, Workers: 4
[9.663s][debug][gc,phases      ] GC(16)   StringDedup Requests0 Weak     Min:  0.0, Avg:  0.0, Max:  0.0, Diff:  0.0, Sum:  0.0, Workers: 4
[9.663s][debug][gc,phases      ] GC(16)     Dead                           Min: 0, Avg:  0.0, Max: 0, Diff: 0, Sum: 0, Workers: 4
[9.663s][debug][gc,phases      ] GC(16)     Total                          Min: 0, Avg:  0.0, Max: 0, Diff: 0, Sum: 0, Workers: 4
[9.663s][debug][gc,phases      ] GC(16)   StringDedup Requests1 Weak     Min:  0.0, Avg:  0.0, Max:  0.0, Diff:  0.0, Sum:  0.0, Workers: 4
[9.663s][debug][gc,phases      ] GC(16)     Dead                           Min: 0, Avg:  0.0, Max: 0, Diff: 0, Sum: 0, Workers: 4
[9.663s][debug][gc,phases      ] GC(16)     Total                          Min: 0, Avg:  0.0, Max: 0, Diff: 0, Sum: 0, Workers: 4
[9.663s][debug][gc,phases      ] GC(16)   Weak JFR Old Object Samples    Min:  0.0, Avg:  0.0, Max:  0.0, Diff:  0.0, Sum:  0.0, Workers: 4
[9.663s][debug][gc,phases      ] GC(16)     Dead                           Min: 0, Avg:  0.0, Max: 0, Diff: 0, Sum: 0, Workers: 4
[9.663s][debug][gc,phases      ] GC(16)     Total                          Min: 0, Avg:  0.0, Max: 0, Diff: 0, Sum: 0, Workers: 4
[9.663s][debug][gc,phases      ] GC(16) Weak Processing 0.350ms
[9.664s][debug][gc,age         ] GC(16) Desired survivor size 255328256 bytes, new threshold 10 (max threshold 15)
[9.664s][info ][gc,heap        ] GC(16) PSYoungGen: 1600973K(1840128K)->22625K(1832448K) Eden: 1575424K(1575424K)->0K(1575424K) From: 25549K(264704K)->22625K(257024K)
[9.664s][info ][gc,heap        ] GC(16) ParOldGen: 181447K(273408K)->181455K(273408K)
[9.664s][info ][gc,metaspace   ] GC(16) Metaspace: 60030K(60736K)->60030K(60736K) NonClass: 51083K(51456K)->51083K(51456K) Class: 8947K(9280K)->8947K(9280K)
[9.664s][info ][gc             ] GC(16) Pause Young (Allocation Failure) 1740M->199M(2056M) 11.282ms
[9.664s][info ][gc,cpu         ] GC(16) User=0.04s Sys=0.00s Real=0.01s
[9.664s][info ][safepoint      ] Safepoint "ParallelGCFailedAllocation", Time since last: 433604171 ns, Reaching safepoint: 212604 ns, At safepoint: 11389709 ns, Total: 11602313 ns
[9.848s][info ][safepoint      ] Safepoint "ICBufferFull", Time since last: 183640076 ns, Reaching safepoint: 255804 ns, At safepoint: 32601 ns, Total: 288405 ns
[9.953s][info ][gc,start       ] GC(17) Pause Young (Allocation Failure)
[9.964s][debug][gc,phases      ] GC(17) Scavenge 10.541ms
[9.964s][debug][gc,ref         ] GC(17) Skipped phase 1 of Reference Processing: no references
[9.964s][debug][gc,ref         ] GC(17) ReferenceProcessor::execute queues: 1, RefProcThreadModel::Single, marks_oops_alive: false
[9.964s][debug][gc,ref         ] GC(17) Skipped phase 3 of Reference Processing: no references
[9.964s][debug][gc,ref         ] GC(17) ReferenceProcessor::execute queues: 1, RefProcThreadModel::Single, marks_oops_alive: false
[9.964s][debug][gc,phases      ] GC(17) Reference Processing 0.197ms
[9.964s][debug][gc,phases      ] GC(17)   VM Weak                        Min:  0.0, Avg:  0.0, Max:  0.0, Diff:  0.0, Sum:  0.0, Workers: 4
[9.964s][debug][gc,phases      ] GC(17)     Dead                           Min: 0, Avg:  0.0, Max: 0, Diff: 0, Sum: 0, Workers: 4
[9.964s][debug][gc,phases      ] GC(17)     Total                          Min: 0, Avg: 135.2, Max: 384, Diff: 384, Sum: 541, Workers: 4
[9.964s][debug][gc,phases      ] GC(17)   ObjectSynchronizer Weak        Min:  0.0, Avg:  0.0, Max:  0.0, Diff:  0.0, Sum:  0.0, Workers: 4
[9.964s][debug][gc,phases      ] GC(17)     Dead                           Min: 0, Avg:  0.0, Max: 0, Diff: 0, Sum: 0, Workers: 4
[9.964s][debug][gc,phases      ] GC(17)     Total                          Min: 0, Avg: 95.0, Max: 192, Diff: 192, Sum: 380, Workers: 4
[9.964s][debug][gc,phases      ] GC(17)   JVMTI Tag Weak OopStorage      Min:  0.0, Avg:  0.0, Max:  0.0, Diff:  0.0, Sum:  0.0, Workers: 4
[9.964s][debug][gc,phases      ] GC(17)     Dead                           Min: 0, Avg:  0.0, Max: 0, Diff: 0, Sum: 0, Workers: 4
[9.964s][debug][gc,phases      ] GC(17)     Total                          Min: 0, Avg:  0.0, Max: 0, Diff: 0, Sum: 0, Workers: 4
[9.964s][debug][gc,phases      ] GC(17)   StringTable Weak               Min:  0.1, Avg:  0.1, Max:  0.1, Diff:  0.0, Sum:  0.5, Workers: 4
[9.964s][debug][gc,phases      ] GC(17)     Dead                           Min: 0, Avg:  3.0, Max: 12, Diff: 12, Sum: 12, Workers: 4
[9.964s][debug][gc,phases      ] GC(17)     Total                          Min: 9471, Avg: 10108.8, Max: 11380, Diff: 1909, Sum: 40435, Workers: 4
[9.964s][debug][gc,phases      ] GC(17)   ResolvedMethodTable Weak       Min:  0.0, Avg:  0.0, Max:  0.0, Diff:  0.0, Sum:  0.1, Workers: 4
[9.964s][debug][gc,phases      ] GC(17)     Dead                           Min: 0, Avg:  0.5, Max: 2, Diff: 2, Sum: 2, Workers: 4
[9.964s][debug][gc,phases      ] GC(17)     Total                          Min: 1366, Avg: 1573.5, Max: 1856, Diff: 490, Sum: 6294, Workers: 4
[9.964s][debug][gc,phases      ] GC(17)   JNI Weak                       Min:  0.0, Avg:  0.0, Max:  0.0, Diff:  0.0, Sum:  0.0, Workers: 4
[9.964s][debug][gc,phases      ] GC(17)     Dead                           Min: 0, Avg:  0.0, Max: 0, Diff: 0, Sum: 0, Workers: 4
[9.964s][debug][gc,phases      ] GC(17)     Total                          Min: 0, Avg:  6.2, Max: 25, Diff: 25, Sum: 25, Workers: 4
[9.964s][debug][gc,phases      ] GC(17)   StringDedup Table Weak         Min:  0.0, Avg:  0.0, Max:  0.0, Diff:  0.0, Sum:  0.0, Workers: 4
[9.964s][debug][gc,phases      ] GC(17)     Dead                           Min: 0, Avg:  0.0, Max: 0, Diff: 0, Sum: 0, Workers: 4
[9.964s][debug][gc,phases      ] GC(17)     Total                          Min: 0, Avg:  0.0, Max: 0, Diff: 0, Sum: 0, Workers: 4
[9.964s][debug][gc,phases      ] GC(17)   StringDedup Requests0 Weak     Min:  0.0, Avg:  0.0, Max:  0.0, Diff:  0.0, Sum:  0.0, Workers: 4
[9.964s][debug][gc,phases      ] GC(17)     Dead                           Min: 0, Avg:  0.0, Max: 0, Diff: 0, Sum: 0, Workers: 4
[9.964s][debug][gc,phases      ] GC(17)     Total                          Min: 0, Avg:  0.0, Max: 0, Diff: 0, Sum: 0, Workers: 4
[9.964s][debug][gc,phases      ] GC(17)   StringDedup Requests1 Weak     Min:  0.0, Avg:  0.0, Max:  0.0, Diff:  0.0, Sum:  0.0, Workers: 4
[9.964s][debug][gc,phases      ] GC(17)     Dead                           Min: 0, Avg:  0.0, Max: 0, Diff: 0, Sum: 0, Workers: 4
[9.964s][debug][gc,phases      ] GC(17)     Total                          Min: 0, Avg:  0.0, Max: 0, Diff: 0, Sum: 0, Workers: 4
[9.964s][debug][gc,phases      ] GC(17)   Weak JFR Old Object Samples    Min:  0.0, Avg:  0.0, Max:  0.0, Diff:  0.0, Sum:  0.0, Workers: 4
[9.964s][debug][gc,phases      ] GC(17)     Dead                           Min: 0, Avg:  0.0, Max: 0, Diff: 0, Sum: 0, Workers: 4
[9.964s][debug][gc,phases      ] GC(17)     Total                          Min: 0, Avg:  0.0, Max: 0, Diff: 0, Sum: 0, Workers: 4
[9.964s][debug][gc,phases      ] GC(17) Weak Processing 0.370ms
[9.964s][debug][gc,age         ] GC(17) Desired survivor size 247463936 bytes, new threshold 11 (max threshold 15)
[9.964s][info ][gc,heap        ] GC(17) PSYoungGen: 1598049K(1832448K)->18505K(1855488K) Eden: 1575424K(1575424K)->0K(1606144K) From: 22625K(257024K)->18505K(249344K)
[9.964s][info ][gc,heap        ] GC(17) ParOldGen: 181455K(273408K)->181463K(273408K)
[9.964s][info ][gc,metaspace   ] GC(17) Metaspace: 60425K(61184K)->60425K(61184K) NonClass: 51430K(51840K)->51430K(51840K) Class: 8995K(9344K)->8995K(9344K)
[9.964s][info ][gc             ] GC(17) Pause Young (Allocation Failure) 1737M->195M(2079M) 11.257ms
[9.964s][info ][gc,cpu         ] GC(17) User=0.05s Sys=0.00s Real=0.01s
[9.964s][info ][safepoint      ] Safepoint "ParallelGCFailedAllocation", Time since last: 105200334 ns, Reaching safepoint: 353506 ns, At safepoint: 11360809 ns, Total: 11714315 ns
[10.348s][info ][safepoint      ] Safepoint "ICBufferFull", Time since last: 383279446 ns, Reaching safepoint: 255204 ns, At safepoint: 35201 ns, Total: 290405 ns
[10.413s][info ][gc,start       ] GC(18) Pause Young (Allocation Failure)
[10.425s][debug][gc,phases      ] GC(18) Scavenge 11.130ms
[10.425s][debug][gc,ref         ] GC(18) Skipped phase 1 of Reference Processing: no references
[10.425s][debug][gc,ref         ] GC(18) ReferenceProcessor::execute queues: 2, RefProcThreadModel::Multi, marks_oops_alive: false
[10.425s][debug][gc,ref         ] GC(18) Skipped phase 3 of Reference Processing: no references
[10.425s][debug][gc,ref         ] GC(18) ReferenceProcessor::execute queues: 1, RefProcThreadModel::Single, marks_oops_alive: false
[10.425s][debug][gc,phases      ] GC(18) Reference Processing 0.218ms
[10.425s][debug][gc,phases      ] GC(18)   VM Weak                        Min:  0.0, Avg:  0.0, Max:  0.0, Diff:  0.0, Sum:  0.0, Workers: 4
[10.425s][debug][gc,phases      ] GC(18)     Dead                           Min: 0, Avg:  0.0, Max: 0, Diff: 0, Sum: 0, Workers: 4
[10.425s][debug][gc,phases      ] GC(18)     Total                          Min: 0, Avg: 136.0, Max: 448, Diff: 448, Sum: 544, Workers: 4
[10.425s][debug][gc,phases      ] GC(18)   ObjectSynchronizer Weak        Min:  0.0, Avg:  0.0, Max:  0.0, Diff:  0.0, Sum:  0.0, Workers: 4
[10.425s][debug][gc,phases      ] GC(18)     Dead                           Min: 0, Avg:  0.0, Max: 0, Diff: 0, Sum: 0, Workers: 4
[10.425s][debug][gc,phases      ] GC(18)     Total                          Min: 0, Avg: 95.0, Max: 188, Diff: 188, Sum: 380, Workers: 4
[10.425s][debug][gc,phases      ] GC(18)   JVMTI Tag Weak OopStorage      Min:  0.0, Avg:  0.0, Max:  0.0, Diff:  0.0, Sum:  0.0, Workers: 4
[10.425s][debug][gc,phases      ] GC(18)     Dead                           Min: 0, Avg:  0.0, Max: 0, Diff: 0, Sum: 0, Workers: 4
[10.425s][debug][gc,phases      ] GC(18)     Total                          Min: 0, Avg:  0.0, Max: 0, Diff: 0, Sum: 0, Workers: 4
[10.425s][debug][gc,phases      ] GC(18)   StringTable Weak               Min:  0.1, Avg:  0.1, Max:  0.1, Diff:  0.0, Sum:  0.4, Workers: 4
[10.425s][debug][gc,phases      ] GC(18)     Dead                           Min: 0, Avg:  3.0, Max: 12, Diff: 12, Sum: 12, Workers: 4
[10.425s][debug][gc,phases      ] GC(18)     Total                          Min: 9408, Avg: 10146.0, Max: 11008, Diff: 1600, Sum: 40584, Workers: 4
[10.425s][debug][gc,phases      ] GC(18)   ResolvedMethodTable Weak       Min:  0.0, Avg:  0.0, Max:  0.0, Diff:  0.0, Sum:  0.1, Workers: 4
[10.425s][debug][gc,phases      ] GC(18)     Dead                           Min: 0, Avg:  0.0, Max: 0, Diff: 0, Sum: 0, Workers: 4
[10.425s][debug][gc,phases      ] GC(18)     Total                          Min: 1344, Avg: 1576.0, Max: 1760, Diff: 416, Sum: 6304, Workers: 4
[10.425s][debug][gc,phases      ] GC(18)   JNI Weak                       Min:  0.0, Avg:  0.0, Max:  0.0, Diff:  0.0, Sum:  0.0, Workers: 4
[10.425s][debug][gc,phases      ] GC(18)     Dead                           Min: 0, Avg:  0.0, Max: 0, Diff: 0, Sum: 0, Workers: 4
[10.425s][debug][gc,phases      ] GC(18)     Total                          Min: 0, Avg:  1.8, Max: 7, Diff: 7, Sum: 7, Workers: 4
[10.425s][debug][gc,phases      ] GC(18)   StringDedup Table Weak         Min:  0.0, Avg:  0.0, Max:  0.0, Diff:  0.0, Sum:  0.0, Workers: 4
[10.425s][debug][gc,phases      ] GC(18)     Dead                           Min: 0, Avg:  0.0, Max: 0, Diff: 0, Sum: 0, Workers: 4
[10.425s][debug][gc,phases      ] GC(18)     Total                          Min: 0, Avg:  0.0, Max: 0, Diff: 0, Sum: 0, Workers: 4
[10.425s][debug][gc,phases      ] GC(18)   StringDedup Requests0 Weak     Min:  0.0, Avg:  0.0, Max:  0.0, Diff:  0.0, Sum:  0.0, Workers: 4
[10.425s][debug][gc,phases      ] GC(18)     Dead                           Min: 0, Avg:  0.0, Max: 0, Diff: 0, Sum: 0, Workers: 4
[10.425s][debug][gc,phases      ] GC(18)     Total                          Min: 0, Avg:  0.0, Max: 0, Diff: 0, Sum: 0, Workers: 4
[10.425s][debug][gc,phases      ] GC(18)   StringDedup Requests1 Weak     Min:  0.0, Avg:  0.0, Max:  0.0, Diff:  0.0, Sum:  0.0, Workers: 4
[10.425s][debug][gc,phases      ] GC(18)     Dead                           Min: 0, Avg:  0.0, Max: 0, Diff: 0, Sum: 0, Workers: 4
[10.425s][debug][gc,phases      ] GC(18)     Total                          Min: 0, Avg:  0.0, Max: 0, Diff: 0, Sum: 0, Workers: 4
[10.425s][debug][gc,phases      ] GC(18)   Weak JFR Old Object Samples    Min:  0.0, Avg:  0.0, Max:  0.0, Diff:  0.0, Sum:  0.0, Workers: 4
[10.425s][debug][gc,phases      ] GC(18)     Dead                           Min: 0, Avg:  0.0, Max: 0, Diff: 0, Sum: 0, Workers: 4
[10.425s][debug][gc,phases      ] GC(18)     Total                          Min: 0, Avg:  0.0, Max: 0, Diff: 0, Sum: 0, Workers: 4
[10.425s][debug][gc,phases      ] GC(18) Weak Processing 0.322ms
[10.425s][debug][gc,age         ] GC(18) Desired survivor size 238551040 bytes, new threshold 12 (max threshold 15)
[10.425s][info ][gc,heap        ] GC(18) PSYoungGen: 1624649K(1855488K)->20253K(1847808K) Eden: 1606144K(1606144K)->0K(1606144K) From: 18505K(249344K)->20253K(241664K)
[10.425s][info ][gc,heap        ] GC(18) ParOldGen: 181463K(273408K)->181471K(273408K)
[10.425s][info ][gc,metaspace   ] GC(18) Metaspace: 60718K(61440K)->60718K(61440K) NonClass: 51688K(52096K)->51688K(52096K) Class: 9030K(9344K)->9030K(9344K)
[10.425s][info ][gc             ] GC(18) Pause Young (Allocation Failure) 1763M->196M(2071M) 11.841ms
[10.425s][info ][gc,cpu         ] GC(18) User=0.04s Sys=0.00s Real=0.01s
[10.425s][info ][safepoint      ] Safepoint "ParallelGCFailedAllocation", Time since last: 63237463 ns, Reaching safepoint: 2185740 ns, At safepoint: 11953819 ns, Total: 14139559 ns
[10.755s][info ][safepoint      ] Safepoint "ICBufferFull", Time since last: 329033549 ns, Reaching safepoint: 258805 ns, At safepoint: 30700 ns, Total: 289505 ns
[10.798s][info ][gc,start       ] GC(19) Pause Young (Allocation Failure)
[10.809s][debug][gc,phases      ] GC(19) Scavenge 11.040ms
[10.809s][debug][gc,ref         ] GC(19) Skipped phase 1 of Reference Processing: no references
[10.809s][debug][gc,ref         ] GC(19) ReferenceProcessor::execute queues: 1, RefProcThreadModel::Single, marks_oops_alive: false
[10.809s][debug][gc,ref         ] GC(19) Skipped phase 3 of Reference Processing: no references
[10.809s][debug][gc,ref         ] GC(19) ReferenceProcessor::execute queues: 1, RefProcThreadModel::Single, marks_oops_alive: false
[10.809s][debug][gc,phases      ] GC(19) Reference Processing 0.190ms
[10.809s][debug][gc,phases      ] GC(19)   VM Weak                        Min:  0.0, Avg:  0.0, Max:  0.0, Diff:  0.0, Sum:  0.0, Workers: 4
[10.809s][debug][gc,phases      ] GC(19)     Dead                           Min: 0, Avg:  0.0, Max: 0, Diff: 0, Sum: 0, Workers: 4
[10.809s][debug][gc,phases      ] GC(19)     Total                          Min: 0, Avg: 136.0, Max: 544, Diff: 544, Sum: 544, Workers: 4
[10.809s][debug][gc,phases      ] GC(19)   ObjectSynchronizer Weak        Min:  0.0, Avg:  0.0, Max:  0.0, Diff:  0.0, Sum:  0.0, Workers: 4
[10.809s][debug][gc,phases      ] GC(19)     Dead                           Min: 0, Avg:  0.0, Max: 0, Diff: 0, Sum: 0, Workers: 4
[10.809s][debug][gc,phases      ] GC(19)     Total                          Min: 0, Avg: 95.0, Max: 192, Diff: 192, Sum: 380, Workers: 4
[10.809s][debug][gc,phases      ] GC(19)   JVMTI Tag Weak OopStorage      Min:  0.0, Avg:  0.0, Max:  0.0, Diff:  0.0, Sum:  0.0, Workers: 4
[10.809s][debug][gc,phases      ] GC(19)     Dead                           Min: 0, Avg:  0.0, Max: 0, Diff: 0, Sum: 0, Workers: 4
[10.809s][debug][gc,phases      ] GC(19)     Total                          Min: 0, Avg:  0.0, Max: 0, Diff: 0, Sum: 0, Workers: 4
[10.809s][debug][gc,phases      ] GC(19)   StringTable Weak               Min:  0.1, Avg:  0.1, Max:  0.1, Diff:  0.0, Sum:  0.5, Workers: 4
[10.809s][debug][gc,phases      ] GC(19)     Dead                           Min: 0, Avg:  2.8, Max: 11, Diff: 11, Sum: 11, Workers: 4
[10.809s][debug][gc,phases      ] GC(19)     Total                          Min: 9536, Avg: 10150.2, Max: 10713, Diff: 1177, Sum: 40601, Workers: 4
[10.809s][debug][gc,phases      ] GC(19)   ResolvedMethodTable Weak       Min:  0.0, Avg:  0.0, Max:  0.0, Diff:  0.0, Sum:  0.1, Workers: 4
[10.809s][debug][gc,phases      ] GC(19)     Dead                           Min: 0, Avg:  0.0, Max: 0, Diff: 0, Sum: 0, Workers: 4
[10.809s][debug][gc,phases      ] GC(19)     Total                          Min: 1472, Avg: 1576.0, Max: 1664, Diff: 192, Sum: 6304, Workers: 4
[10.809s][debug][gc,phases      ] GC(19)   JNI Weak                       Min:  0.0, Avg:  0.0, Max:  0.0, Diff:  0.0, Sum:  0.0, Workers: 4
[10.809s][debug][gc,phases      ] GC(19)     Dead                           Min: 0, Avg:  0.0, Max: 0, Diff: 0, Sum: 0, Workers: 4
[10.809s][debug][gc,phases      ] GC(19)     Total                          Min: 0, Avg:  0.2, Max: 1, Diff: 1, Sum: 1, Workers: 4
[10.809s][debug][gc,phases      ] GC(19)   StringDedup Table Weak         Min:  0.0, Avg:  0.0, Max:  0.0, Diff:  0.0, Sum:  0.0, Workers: 4
[10.809s][debug][gc,phases      ] GC(19)     Dead                           Min: 0, Avg:  0.0, Max: 0, Diff: 0, Sum: 0, Workers: 4
[10.809s][debug][gc,phases      ] GC(19)     Total                          Min: 0, Avg:  0.0, Max: 0, Diff: 0, Sum: 0, Workers: 4
[10.809s][debug][gc,phases      ] GC(19)   StringDedup Requests0 Weak     Min:  0.0, Avg:  0.0, Max:  0.0, Diff:  0.0, Sum:  0.0, Workers: 4
[10.809s][debug][gc,phases      ] GC(19)     Dead                           Min: 0, Avg:  0.0, Max: 0, Diff: 0, Sum: 0, Workers: 4
[10.809s][debug][gc,phases      ] GC(19)     Total                          Min: 0, Avg:  0.0, Max: 0, Diff: 0, Sum: 0, Workers: 4
[10.809s][debug][gc,phases      ] GC(19)   StringDedup Requests1 Weak     Min:  0.0, Avg:  0.0, Max:  0.0, Diff:  0.0, Sum:  0.0, Workers: 4
[10.809s][debug][gc,phases      ] GC(19)     Dead                           Min: 0, Avg:  0.0, Max: 0, Diff: 0, Sum: 0, Workers: 4
[10.809s][debug][gc,phases      ] GC(19)     Total                          Min: 0, Avg:  0.0, Max: 0, Diff: 0, Sum: 0, Workers: 4
[10.809s][debug][gc,phases      ] GC(19)   Weak JFR Old Object Samples    Min:  0.0, Avg:  0.0, Max:  0.0, Diff:  0.0, Sum:  0.0, Workers: 4
[10.809s][debug][gc,phases      ] GC(19)     Dead                           Min: 0, Avg:  0.0, Max: 0, Diff: 0, Sum: 0, Workers: 4
[10.809s][debug][gc,phases      ] GC(19)     Total                          Min: 0, Avg:  0.0, Max: 0, Diff: 0, Sum: 0, Workers: 4
[10.809s][debug][gc,phases      ] GC(19) Weak Processing 0.381ms
[10.809s][debug][gc,age         ] GC(19) Desired survivor size 228589568 bytes, new threshold 13 (max threshold 15)
[10.809s][info ][gc,heap        ] GC(19) PSYoungGen: 1626397K(1847808K)->23545K(1873920K) Eden: 1606144K(1606144K)->0K(1640960K) From: 20253K(241664K)->23545K(232960K)
[10.809s][info ][gc,heap        ] GC(19) ParOldGen: 181471K(273408K)->181479K(273408K)
[10.809s][info ][gc,metaspace   ] GC(19) Metaspace: 60733K(61440K)->60733K(61440K) NonClass: 51702K(52096K)->51702K(52096K) Class: 9031K(9344K)->9031K(9344K)
[10.809s][info ][gc             ] GC(19) Pause Young (Allocation Failure) 1765M->200M(2097M) 11.754ms
[10.809s][info ][gc,cpu         ] GC(19) User=0.05s Sys=0.00s Real=0.01s
[10.809s][info ][safepoint      ] Safepoint "ParallelGCFailedAllocation", Time since last: 42717686 ns, Reaching safepoint: 131902 ns, At safepoint: 11851118 ns, Total: 11983020 ns
[11.138s][info ][gc,start       ] GC(20) Pause Young (Allocation Failure)
[11.154s][debug][gc,phases      ] GC(20) Scavenge 15.817ms
[11.154s][debug][gc,ref         ] GC(20) Skipped phase 1 of Reference Processing: no references
[11.154s][debug][gc,ref         ] GC(20) ReferenceProcessor::execute queues: 1, RefProcThreadModel::Single, marks_oops_alive: false
[11.154s][debug][gc,ref         ] GC(20) Skipped phase 3 of Reference Processing: no references
[11.154s][debug][gc,ref         ] GC(20) ReferenceProcessor::execute queues: 1, RefProcThreadModel::Single, marks_oops_alive: false
[11.154s][debug][gc,phases      ] GC(20) Reference Processing 0.221ms
[11.154s][debug][gc,phases      ] GC(20)   VM Weak                        Min:  0.0, Avg:  0.0, Max:  0.0, Diff:  0.0, Sum:  0.0, Workers: 4
[11.154s][debug][gc,phases      ] GC(20)     Dead                           Min: 0, Avg:  0.0, Max: 0, Diff: 0, Sum: 0, Workers: 4
[11.154s][debug][gc,phases      ] GC(20)     Total                          Min: 0, Avg: 136.0, Max: 480, Diff: 480, Sum: 544, Workers: 4
[11.154s][debug][gc,phases      ] GC(20)   ObjectSynchronizer Weak        Min:  0.0, Avg:  0.0, Max:  0.0, Diff:  0.0, Sum:  0.0, Workers: 4
[11.154s][debug][gc,phases      ] GC(20)     Dead                           Min: 0, Avg:  0.0, Max: 0, Diff: 0, Sum: 0, Workers: 4
[11.154s][debug][gc,phases      ] GC(20)     Total                          Min: 0, Avg: 95.0, Max: 252, Diff: 252, Sum: 380, Workers: 4
[11.154s][debug][gc,phases      ] GC(20)   JVMTI Tag Weak OopStorage      Min:  0.0, Avg:  0.0, Max:  0.0, Diff:  0.0, Sum:  0.0, Workers: 4
[11.154s][debug][gc,phases      ] GC(20)     Dead                           Min: 0, Avg:  0.0, Max: 0, Diff: 0, Sum: 0, Workers: 4
[11.154s][debug][gc,phases      ] GC(20)     Total                          Min: 0, Avg:  0.0, Max: 0, Diff: 0, Sum: 0, Workers: 4
[11.154s][debug][gc,phases      ] GC(20)   StringTable Weak               Min:  0.1, Avg:  0.1, Max:  0.1, Diff:  0.0, Sum:  0.5, Workers: 4
[11.154s][debug][gc,phases      ] GC(20)     Dead                           Min: 0, Avg:  0.0, Max: 0, Diff: 0, Sum: 0, Workers: 4
[11.154s][debug][gc,phases      ] GC(20)     Total                          Min: 9600, Avg: 10160.2, Max: 10625, Diff: 1025, Sum: 40641, Workers: 4
[11.154s][debug][gc,phases      ] GC(20)   ResolvedMethodTable Weak       Min:  0.0, Avg:  0.0, Max:  0.0, Diff:  0.0, Sum:  0.1, Workers: 4
[11.154s][debug][gc,phases      ] GC(20)     Dead                           Min: 0, Avg:  0.0, Max: 0, Diff: 0, Sum: 0, Workers: 4
[11.154s][debug][gc,phases      ] GC(20)     Total                          Min: 1408, Avg: 1576.0, Max: 1696, Diff: 288, Sum: 6304, Workers: 4
[11.154s][debug][gc,phases      ] GC(20)   JNI Weak                       Min:  0.0, Avg:  0.0, Max:  0.0, Diff:  0.0, Sum:  0.0, Workers: 4
[11.154s][debug][gc,phases      ] GC(20)     Dead                           Min: 0, Avg:  0.0, Max: 0, Diff: 0, Sum: 0, Workers: 4
[11.154s][debug][gc,phases      ] GC(20)     Total                          Min: 0, Avg:  1.2, Max: 5, Diff: 5, Sum: 5, Workers: 4
[11.154s][debug][gc,phases      ] GC(20)   StringDedup Table Weak         Min:  0.0, Avg:  0.0, Max:  0.0, Diff:  0.0, Sum:  0.0, Workers: 4
[11.154s][debug][gc,phases      ] GC(20)     Dead                           Min: 0, Avg:  0.0, Max: 0, Diff: 0, Sum: 0, Workers: 4
[11.154s][debug][gc,phases      ] GC(20)     Total                          Min: 0, Avg:  0.0, Max: 0, Diff: 0, Sum: 0, Workers: 4
[11.154s][debug][gc,phases      ] GC(20)   StringDedup Requests0 Weak     Min:  0.0, Avg:  0.0, Max:  0.0, Diff:  0.0, Sum:  0.0, Workers: 4
[11.154s][debug][gc,phases      ] GC(20)     Dead                           Min: 0, Avg:  0.0, Max: 0, Diff: 0, Sum: 0, Workers: 4
[11.154s][debug][gc,phases      ] GC(20)     Total                          Min: 0, Avg:  0.0, Max: 0, Diff: 0, Sum: 0, Workers: 4
[11.154s][debug][gc,phases      ] GC(20)   StringDedup Requests1 Weak     Min:  0.0, Avg:  0.0, Max:  0.0, Diff:  0.0, Sum:  0.0, Workers: 4
[11.154s][debug][gc,phases      ] GC(20)     Dead                           Min: 0, Avg:  0.0, Max: 0, Diff: 0, Sum: 0, Workers: 4
[11.154s][debug][gc,phases      ] GC(20)     Total                          Min: 0, Avg:  0.0, Max: 0, Diff: 0, Sum: 0, Workers: 4
[11.154s][debug][gc,phases      ] GC(20)   Weak JFR Old Object Samples    Min:  0.0, Avg:  0.0, Max:  0.0, Diff:  0.0, Sum:  0.0, Workers: 4
[11.154s][debug][gc,phases      ] GC(20)     Dead                           Min: 0, Avg:  0.0, Max: 0, Diff: 0, Sum: 0, Workers: 4
[11.154s][debug][gc,phases      ] GC(20)     Total                          Min: 0, Avg:  0.0, Max: 0, Diff: 0, Sum: 0, Workers: 4
[11.154s][debug][gc,phases      ] GC(20) Weak Processing 0.411ms
[11.154s][debug][gc,age         ] GC(20) Desired survivor size 217579520 bytes, new threshold 14 (max threshold 15)
[11.154s][info ][gc,heap        ] GC(20) PSYoungGen: 1664505K(1873920K)->27221K(1864192K) Eden: 1640960K(1640960K)->0K(1640960K) From: 23545K(232960K)->27221K(223232K)
[11.154s][info ][gc,heap        ] GC(20) ParOldGen: 181479K(273408K)->181487K(273408K)
[11.154s][info ][gc,metaspace   ] GC(20) Metaspace: 60752K(61440K)->60752K(61440K) NonClass: 51719K(52096K)->51719K(52096K) Class: 9033K(9344K)->9033K(9344K)
[11.154s][info ][gc             ] GC(20) Pause Young (Allocation Failure) 1802M->203M(2087M) 16.609ms
[11.154s][info ][gc,cpu         ] GC(20) User=0.07s Sys=0.00s Real=0.01s
[11.154s][info ][safepoint      ] Safepoint "ParallelGCFailedAllocation", Time since last: 327955129 ns, Reaching safepoint: 201603 ns, At safepoint: 16734908 ns, Total: 16936511 ns
[11.578s][info ][gc,start       ] GC(21) Pause Young (Allocation Failure)
[11.594s][debug][gc,phases      ] GC(21) Scavenge 15.161ms
[11.594s][debug][gc,ref         ] GC(21) Skipped phase 1 of Reference Processing: no references
[11.594s][debug][gc,ref         ] GC(21) ReferenceProcessor::execute queues: 1, RefProcThreadModel::Single, marks_oops_alive: false
[11.594s][debug][gc,ref         ] GC(21) Skipped phase 3 of Reference Processing: no references
[11.594s][debug][gc,ref         ] GC(21) ReferenceProcessor::execute queues: 1, RefProcThreadModel::Single, marks_oops_alive: false
[11.594s][debug][gc,phases      ] GC(21) Reference Processing 0.179ms
[11.594s][debug][gc,phases      ] GC(21)   VM Weak                        Min:  0.0, Avg:  0.0, Max:  0.0, Diff:  0.0, Sum:  0.0, Workers: 4
[11.594s][debug][gc,phases      ] GC(21)     Dead                           Min: 0, Avg:  0.0, Max: 0, Diff: 0, Sum: 0, Workers: 4
[11.594s][debug][gc,phases      ] GC(21)     Total                          Min: 0, Avg: 137.2, Max: 512, Diff: 512, Sum: 549, Workers: 4
[11.594s][debug][gc,phases      ] GC(21)   ObjectSynchronizer Weak        Min:  0.0, Avg:  0.0, Max:  0.0, Diff:  0.0, Sum:  0.0, Workers: 4
[11.594s][debug][gc,phases      ] GC(21)     Dead                           Min: 0, Avg:  0.0, Max: 0, Diff: 0, Sum: 0, Workers: 4
[11.594s][debug][gc,phases      ] GC(21)     Total                          Min: 0, Avg: 95.0, Max: 188, Diff: 188, Sum: 380, Workers: 4
[11.594s][debug][gc,phases      ] GC(21)   JVMTI Tag Weak OopStorage      Min:  0.0, Avg:  0.0, Max:  0.0, Diff:  0.0, Sum:  0.0, Workers: 4
[11.594s][debug][gc,phases      ] GC(21)     Dead                           Min: 0, Avg:  0.0, Max: 0, Diff: 0, Sum: 0, Workers: 4
[11.594s][debug][gc,phases      ] GC(21)     Total                          Min: 0, Avg:  0.0, Max: 0, Diff: 0, Sum: 0, Workers: 4
[11.594s][debug][gc,phases      ] GC(21)   StringTable Weak               Min:  0.1, Avg:  0.1, Max:  0.1, Diff:  0.0, Sum:  0.5, Workers: 4
[11.594s][debug][gc,phases      ] GC(21)     Dead                           Min: 0, Avg:  4.2, Max: 15, Diff: 15, Sum: 17, Workers: 4
[11.594s][debug][gc,phases      ] GC(21)     Total                          Min: 9472, Avg: 10188.8, Max: 10816, Diff: 1344, Sum: 40755, Workers: 4
[11.594s][debug][gc,phases      ] GC(21)   ResolvedMethodTable Weak       Min:  0.0, Avg:  0.0, Max:  0.0, Diff:  0.0, Sum:  0.1, Workers: 4
[11.594s][debug][gc,phases      ] GC(21)     Dead                           Min: 0, Avg:  6.2, Max: 25, Diff: 25, Sum: 25, Workers: 4
[11.594s][debug][gc,phases      ] GC(21)     Total                          Min: 1343, Avg: 1593.5, Max: 1728, Diff: 385, Sum: 6374, Workers: 4
[11.594s][debug][gc,phases      ] GC(21)   JNI Weak                       Min:  0.0, Avg:  0.0, Max:  0.0, Diff:  0.0, Sum:  0.0, Workers: 4
[11.594s][debug][gc,phases      ] GC(21)     Dead                           Min: 0, Avg:  0.0, Max: 0, Diff: 0, Sum: 0, Workers: 4
[11.594s][debug][gc,phases      ] GC(21)     Total                          Min: 0, Avg:  0.0, Max: 0, Diff: 0, Sum: 0, Workers: 4
[11.594s][debug][gc,phases      ] GC(21)   StringDedup Table Weak         Min:  0.0, Avg:  0.0, Max:  0.0, Diff:  0.0, Sum:  0.0, Workers: 4
[11.594s][debug][gc,phases      ] GC(21)     Dead                           Min: 0, Avg:  0.0, Max: 0, Diff: 0, Sum: 0, Workers: 4
[11.594s][debug][gc,phases      ] GC(21)     Total                          Min: 0, Avg:  0.0, Max: 0, Diff: 0, Sum: 0, Workers: 4
[11.594s][debug][gc,phases      ] GC(21)   StringDedup Requests0 Weak     Min:  0.0, Avg:  0.0, Max:  0.0, Diff:  0.0, Sum:  0.0, Workers: 4
[11.594s][debug][gc,phases      ] GC(21)     Dead                           Min: 0, Avg:  0.0, Max: 0, Diff: 0, Sum: 0, Workers: 4
[11.594s][debug][gc,phases      ] GC(21)     Total                          Min: 0, Avg:  0.0, Max: 0, Diff: 0, Sum: 0, Workers: 4
[11.594s][debug][gc,phases      ] GC(21)   StringDedup Requests1 Weak     Min:  0.0, Avg:  0.0, Max:  0.0, Diff:  0.0, Sum:  0.0, Workers: 4
[11.594s][debug][gc,phases      ] GC(21)     Dead                           Min: 0, Avg:  0.0, Max: 0, Diff: 0, Sum: 0, Workers: 4
[11.594s][debug][gc,phases      ] GC(21)     Total                          Min: 0, Avg:  0.0, Max: 0, Diff: 0, Sum: 0, Workers: 4
[11.594s][debug][gc,phases      ] GC(21)   Weak JFR Old Object Samples    Min:  0.0, Avg:  0.0, Max:  0.0, Diff:  0.0, Sum:  0.0, Workers: 4
[11.594s][debug][gc,phases      ] GC(21)     Dead                           Min: 0, Avg:  0.0, Max: 0, Diff: 0, Sum: 0, Workers: 4
[11.594s][debug][gc,phases      ] GC(21)     Total                          Min: 0, Avg:  0.0, Max: 0, Diff: 0, Sum: 0, Workers: 4
[11.594s][debug][gc,phases      ] GC(21) Weak Processing 0.344ms
[11.594s][debug][gc,age         ] GC(21) Desired survivor size 206045184 bytes, new threshold 15 (max threshold 15)
[11.594s][info ][gc,heap        ] GC(21) PSYoungGen: 1668181K(1864192K)->30309K(1895936K) Eden: 1640960K(1640960K)->0K(1683456K) From: 27221K(223232K)->30309K(212480K)
[11.594s][info ][gc,heap        ] GC(21) ParOldGen: 181487K(273408K)->181495K(273408K)
[11.594s][info ][gc,metaspace   ] GC(21) Metaspace: 61345K(62080K)->61345K(62080K) NonClass: 52245K(52672K)->52245K(52672K) Class: 9099K(9408K)->9099K(9408K)
[11.594s][info ][gc             ] GC(21) Pause Young (Allocation Failure) 1806M->206M(2118M) 15.827ms
[11.594s][info ][gc,cpu         ] GC(21) User=0.06s Sys=0.00s Real=0.01s
[11.594s][info ][safepoint      ] Safepoint "ParallelGCFailedAllocation", Time since last: 423710989 ns, Reaching safepoint: 222204 ns, At safepoint: 15934893 ns, Total: 16157097 ns
[11.855s][info ][gc,start       ] GC(22) Pause Young (Allocation Failure)
[11.871s][debug][gc,phases      ] GC(22) Scavenge 15.794ms
[11.871s][debug][gc,ref         ] GC(22) Skipped phase 1 of Reference Processing: no references
[11.871s][debug][gc,ref         ] GC(22) ReferenceProcessor::execute queues: 1, RefProcThreadModel::Single, marks_oops_alive: false
[11.871s][debug][gc,ref         ] GC(22) Skipped phase 3 of Reference Processing: no references
[11.871s][debug][gc,ref         ] GC(22) ReferenceProcessor::execute queues: 1, RefProcThreadModel::Single, marks_oops_alive: false
[11.871s][debug][gc,phases      ] GC(22) Reference Processing 0.188ms
[11.871s][debug][gc,phases      ] GC(22)   VM Weak                        Min:  0.0, Avg:  0.0, Max:  0.0, Diff:  0.0, Sum:  0.0, Workers: 4
[11.871s][debug][gc,phases      ] GC(22)     Dead                           Min: 0, Avg:  0.0, Max: 0, Diff: 0, Sum: 0, Workers: 4
[11.871s][debug][gc,phases      ] GC(22)     Total                          Min: 0, Avg: 137.2, Max: 549, Diff: 549, Sum: 549, Workers: 4
[11.871s][debug][gc,phases      ] GC(22)   ObjectSynchronizer Weak        Min:  0.0, Avg:  0.0, Max:  0.0, Diff:  0.0, Sum:  0.0, Workers: 4
[11.871s][debug][gc,phases      ] GC(22)     Dead                           Min: 0, Avg:  0.0, Max: 0, Diff: 0, Sum: 0, Workers: 4
[11.871s][debug][gc,phases      ] GC(22)     Total                          Min: 0, Avg: 95.0, Max: 256, Diff: 256, Sum: 380, Workers: 4
[11.871s][debug][gc,phases      ] GC(22)   JVMTI Tag Weak OopStorage      Min:  0.0, Avg:  0.0, Max:  0.0, Diff:  0.0, Sum:  0.0, Workers: 4
[11.871s][debug][gc,phases      ] GC(22)     Dead                           Min: 0, Avg:  0.0, Max: 0, Diff: 0, Sum: 0, Workers: 4
[11.871s][debug][gc,phases      ] GC(22)     Total                          Min: 0, Avg:  0.0, Max: 0, Diff: 0, Sum: 0, Workers: 4
[11.871s][debug][gc,phases      ] GC(22)   StringTable Weak               Min:  0.1, Avg:  0.1, Max:  0.1, Diff:  0.0, Sum:  0.5, Workers: 4
[11.871s][debug][gc,phases      ] GC(22)     Dead                           Min: 0, Avg:  2.8, Max: 10, Diff: 10, Sum: 11, Workers: 4
[11.871s][debug][gc,phases      ] GC(22)     Total                          Min: 10048, Avg: 10387.0, Max: 10816, Diff: 768, Sum: 41548, Workers: 4
[11.871s][debug][gc,phases      ] GC(22)   ResolvedMethodTable Weak       Min:  0.0, Avg:  0.0, Max:  0.0, Diff:  0.0, Sum:  0.1, Workers: 4
[11.871s][debug][gc,phases      ] GC(22)     Dead                           Min: 0, Avg: 13.5, Max: 31, Diff: 31, Sum: 54, Workers: 4
[11.871s][debug][gc,phases      ] GC(22)     Total                          Min: 1408, Avg: 1605.2, Max: 1855, Diff: 447, Sum: 6421, Workers: 4
[11.871s][debug][gc,phases      ] GC(22)   JNI Weak                       Min:  0.0, Avg:  0.0, Max:  0.0, Diff:  0.0, Sum:  0.0, Workers: 4
[11.871s][debug][gc,phases      ] GC(22)     Dead                           Min: 0, Avg:  0.0, Max: 0, Diff: 0, Sum: 0, Workers: 4
[11.871s][debug][gc,phases      ] GC(22)     Total                          Min: 0, Avg:  0.0, Max: 0, Diff: 0, Sum: 0, Workers: 4
[11.871s][debug][gc,phases      ] GC(22)   StringDedup Table Weak         Min:  0.0, Avg:  0.0, Max:  0.0, Diff:  0.0, Sum:  0.0, Workers: 4
[11.871s][debug][gc,phases      ] GC(22)     Dead                           Min: 0, Avg:  0.0, Max: 0, Diff: 0, Sum: 0, Workers: 4
[11.871s][debug][gc,phases      ] GC(22)     Total                          Min: 0, Avg:  0.0, Max: 0, Diff: 0, Sum: 0, Workers: 4
[11.871s][debug][gc,phases      ] GC(22)   StringDedup Requests0 Weak     Min:  0.0, Avg:  0.0, Max:  0.0, Diff:  0.0, Sum:  0.0, Workers: 4
[11.871s][debug][gc,phases      ] GC(22)     Dead                           Min: 0, Avg:  0.0, Max: 0, Diff: 0, Sum: 0, Workers: 4
[11.871s][debug][gc,phases      ] GC(22)     Total                          Min: 0, Avg:  0.0, Max: 0, Diff: 0, Sum: 0, Workers: 4
[11.871s][debug][gc,phases      ] GC(22)   StringDedup Requests1 Weak     Min:  0.0, Avg:  0.0, Max:  0.0, Diff:  0.0, Sum:  0.0, Workers: 4
[11.871s][debug][gc,phases      ] GC(22)     Dead                           Min: 0, Avg:  0.0, Max: 0, Diff: 0, Sum: 0, Workers: 4
[11.871s][debug][gc,phases      ] GC(22)     Total                          Min: 0, Avg:  0.0, Max: 0, Diff: 0, Sum: 0, Workers: 4
[11.871s][debug][gc,phases      ] GC(22)   Weak JFR Old Object Samples    Min:  0.0, Avg:  0.0, Max:  0.0, Diff:  0.0, Sum:  0.0, Workers: 4
[11.871s][debug][gc,phases      ] GC(22)     Dead                           Min: 0, Avg:  0.0, Max: 0, Diff: 0, Sum: 0, Workers: 4
[11.871s][debug][gc,phases      ] GC(22)     Total                          Min: 0, Avg:  0.0, Max: 0, Diff: 0, Sum: 0, Workers: 4
[11.871s][debug][gc,phases      ] GC(22) Weak Processing 0.372ms
[11.872s][debug][gc,age         ] GC(22) Desired survivor size 195035136 bytes, new threshold 15 (max threshold 15)
[11.872s][info ][gc,heap        ] GC(22) PSYoungGen: 1713765K(1895936K)->31411K(1884672K) Eden: 1683456K(1683456K)->0K(1683456K) From: 30309K(212480K)->31411K(201216K)
[11.872s][info ][gc,heap        ] GC(22) ParOldGen: 181495K(273408K)->181503K(273408K)
[11.872s][info ][gc,metaspace   ] GC(22) Metaspace: 63022K(63808K)->63022K(63808K) NonClass: 53700K(54144K)->53700K(54144K) Class: 9321K(9664K)->9321K(9664K)
[11.872s][info ][gc             ] GC(22) Pause Young (Allocation Failure) 1850M->207M(2107M) 16.493ms
[11.872s][info ][gc,cpu         ] GC(22) User=0.06s Sys=0.00s Real=0.02s
[11.872s][info ][safepoint      ] Safepoint "ParallelGCFailedAllocation", Time since last: 260676992 ns, Reaching safepoint: 150903 ns, At safepoint: 16602905 ns, Total: 16753808 ns
[12.361s][info ][gc,start       ] GC(23) Pause Young (Allocation Failure)
[12.394s][debug][gc,phases      ] GC(23) Scavenge 33.360ms
[12.394s][debug][gc,ref         ] GC(23) Skipped phase 1 of Reference Processing: no references
[12.394s][debug][gc,ref         ] GC(23) ReferenceProcessor::execute queues: 2, RefProcThreadModel::Multi, marks_oops_alive: false
[12.394s][debug][gc,ref         ] GC(23) Skipped phase 3 of Reference Processing: no references
[12.394s][debug][gc,ref         ] GC(23) ReferenceProcessor::execute queues: 1, RefProcThreadModel::Single, marks_oops_alive: false
[12.394s][debug][gc,phases      ] GC(23) Reference Processing 0.211ms
[12.395s][debug][gc,phases      ] GC(23)   VM Weak                        Min:  0.0, Avg:  0.0, Max:  0.0, Diff:  0.0, Sum:  0.0, Workers: 4
[12.395s][debug][gc,phases      ] GC(23)     Dead                           Min: 0, Avg:  0.0, Max: 0, Diff: 0, Sum: 0, Workers: 4
[12.395s][debug][gc,phases      ] GC(23)     Total                          Min: 0, Avg: 142.8, Max: 507, Diff: 507, Sum: 571, Workers: 4
[12.395s][debug][gc,phases      ] GC(23)   ObjectSynchronizer Weak        Min:  0.0, Avg:  0.0, Max:  0.0, Diff:  0.0, Sum:  0.0, Workers: 4
[12.395s][debug][gc,phases      ] GC(23)     Dead                           Min: 0, Avg:  0.0, Max: 0, Diff: 0, Sum: 0, Workers: 4
[12.395s][debug][gc,phases      ] GC(23)     Total                          Min: 0, Avg: 95.2, Max: 192, Diff: 192, Sum: 381, Workers: 4
[12.395s][debug][gc,phases      ] GC(23)   JVMTI Tag Weak OopStorage      Min:  0.0, Avg:  0.0, Max:  0.0, Diff:  0.0, Sum:  0.0, Workers: 4
[12.395s][debug][gc,phases      ] GC(23)     Dead                           Min: 0, Avg:  0.0, Max: 0, Diff: 0, Sum: 0, Workers: 4
[12.395s][debug][gc,phases      ] GC(23)     Total                          Min: 0, Avg:  0.0, Max: 0, Diff: 0, Sum: 0, Workers: 4
[12.395s][debug][gc,phases      ] GC(23)   StringTable Weak               Min:  0.1, Avg:  0.1, Max:  0.1, Diff:  0.0, Sum:  0.5, Workers: 4
[12.395s][debug][gc,phases      ] GC(23)     Dead                           Min: 0, Avg:  3.8, Max: 9, Diff: 9, Sum: 15, Workers: 4
[12.395s][debug][gc,phases      ] GC(23)     Total                          Min: 9152, Avg: 10544.2, Max: 12032, Diff: 2880, Sum: 42177, Workers: 4
[12.395s][debug][gc,phases      ] GC(23)   ResolvedMethodTable Weak       Min:  0.0, Avg:  0.0, Max:  0.0, Diff:  0.0, Sum:  0.1, Workers: 4
[12.395s][debug][gc,phases      ] GC(23)     Dead                           Min: 0, Avg: 22.8, Max: 63, Diff: 63, Sum: 91, Workers: 4
[12.395s][debug][gc,phases      ] GC(23)     Total                          Min: 1472, Avg: 1664.0, Max: 1856, Diff: 384, Sum: 6656, Workers: 4
[12.395s][debug][gc,phases      ] GC(23)   JNI Weak                       Min:  0.0, Avg:  0.0, Max:  0.0, Diff:  0.0, Sum:  0.0, Workers: 4
[12.395s][debug][gc,phases      ] GC(23)     Dead                           Min: 0, Avg:  0.0, Max: 0, Diff: 0, Sum: 0, Workers: 4
[12.395s][debug][gc,phases      ] GC(23)     Total                          Min: 0, Avg:  6.5, Max: 26, Diff: 26, Sum: 26, Workers: 4
[12.395s][debug][gc,phases      ] GC(23)   StringDedup Table Weak         Min:  0.0, Avg:  0.0, Max:  0.0, Diff:  0.0, Sum:  0.0, Workers: 4
[12.395s][debug][gc,phases      ] GC(23)     Dead                           Min: 0, Avg:  0.0, Max: 0, Diff: 0, Sum: 0, Workers: 4
[12.395s][debug][gc,phases      ] GC(23)     Total                          Min: 0, Avg:  0.0, Max: 0, Diff: 0, Sum: 0, Workers: 4
[12.395s][debug][gc,phases      ] GC(23)   StringDedup Requests0 Weak     Min:  0.0, Avg:  0.0, Max:  0.0, Diff:  0.0, Sum:  0.0, Workers: 4
[12.395s][debug][gc,phases      ] GC(23)     Dead                           Min: 0, Avg:  0.0, Max: 0, Diff: 0, Sum: 0, Workers: 4
[12.395s][debug][gc,phases      ] GC(23)     Total                          Min: 0, Avg:  0.0, Max: 0, Diff: 0, Sum: 0, Workers: 4
[12.395s][debug][gc,phases      ] GC(23)   StringDedup Requests1 Weak     Min:  0.0, Avg:  0.0, Max:  0.0, Diff:  0.0, Sum:  0.0, Workers: 4
[12.395s][debug][gc,phases      ] GC(23)     Dead                           Min: 0, Avg:  0.0, Max: 0, Diff: 0, Sum: 0, Workers: 4
[12.395s][debug][gc,phases      ] GC(23)     Total                          Min: 0, Avg:  0.0, Max: 0, Diff: 0, Sum: 0, Workers: 4
[12.395s][debug][gc,phases      ] GC(23)   Weak JFR Old Object Samples    Min:  0.0, Avg:  0.0, Max:  0.0, Diff:  0.0, Sum:  0.0, Workers: 4
[12.395s][debug][gc,phases      ] GC(23)     Dead                           Min: 0, Avg:  0.0, Max: 0, Diff: 0, Sum: 0, Workers: 4
[12.395s][debug][gc,phases      ] GC(23)     Total                          Min: 0, Avg:  0.0, Max: 0, Diff: 0, Sum: 0, Workers: 4
[12.395s][debug][gc,phases      ] GC(23) Weak Processing 0.349ms
[12.395s][debug][gc,age         ] GC(23) Desired survivor size 180879360 bytes, new threshold 15 (max threshold 15)
[12.395s][info ][gc,heap        ] GC(23) PSYoungGen: 1714867K(1884672K)->51992K(1920512K) Eden: 1683456K(1683456K)->0K(1730048K) From: 31411K(201216K)->51992K(190464K)
[12.395s][info ][gc,heap        ] GC(23) ParOldGen: 181503K(273408K)->181967K(273408K)
[12.395s][info ][gc,metaspace   ] GC(23) Metaspace: 66119K(66880K)->66119K(66880K) NonClass: 56430K(56832K)->56430K(56832K) Class: 9689K(10048K)->9689K(10048K)
[12.395s][info ][gc             ] GC(23) Pause Young (Allocation Failure) 1851M->228M(2142M) 34.076ms
[12.395s][info ][gc,cpu         ] GC(23) User=0.13s Sys=0.00s Real=0.03s
[12.395s][info ][safepoint      ] Safepoint "ParallelGCFailedAllocation", Time since last: 488725885 ns, Reaching safepoint: 247004 ns, At safepoint: 34199329 ns, Total: 34446333 ns
[12.801s][info ][gc,start       ] GC(24) Pause Young (Allocation Failure)
[12.897s][debug][gc,phases      ] GC(24) Scavenge 96.430ms
[12.898s][debug][gc,ref         ] GC(24) Skipped phase 1 of Reference Processing: no references
[12.898s][debug][gc,ref         ] GC(24) ReferenceProcessor::execute queues: 1, RefProcThreadModel::Single, marks_oops_alive: false
[12.898s][debug][gc,ref         ] GC(24) Skipped phase 3 of Reference Processing: no references
[12.898s][debug][gc,ref         ] GC(24) ReferenceProcessor::execute queues: 1, RefProcThreadModel::Single, marks_oops_alive: false
[12.898s][debug][gc,phases      ] GC(24) Reference Processing 0.209ms
[12.898s][debug][gc,phases      ] GC(24)   VM Weak                        Min:  0.0, Avg:  0.0, Max:  0.0, Diff:  0.0, Sum:  0.0, Workers: 4
[12.898s][debug][gc,phases      ] GC(24)     Dead                           Min: 0, Avg:  0.0, Max: 0, Diff: 0, Sum: 0, Workers: 4
[12.898s][debug][gc,phases      ] GC(24)     Total                          Min: 0, Avg: 142.8, Max: 512, Diff: 512, Sum: 571, Workers: 4
[12.898s][debug][gc,phases      ] GC(24)   ObjectSynchronizer Weak        Min:  0.0, Avg:  0.0, Max:  0.0, Diff:  0.0, Sum:  0.0, Workers: 4
[12.898s][debug][gc,phases      ] GC(24)     Dead                           Min: 0, Avg:  0.0, Max: 0, Diff: 0, Sum: 0, Workers: 4
[12.898s][debug][gc,phases      ] GC(24)     Total                          Min: 0, Avg: 95.2, Max: 253, Diff: 253, Sum: 381, Workers: 4
[12.898s][debug][gc,phases      ] GC(24)   JVMTI Tag Weak OopStorage      Min:  0.0, Avg:  0.0, Max:  0.0, Diff:  0.0, Sum:  0.0, Workers: 4
[12.898s][debug][gc,phases      ] GC(24)     Dead                           Min: 0, Avg:  0.0, Max: 0, Diff: 0, Sum: 0, Workers: 4
[12.898s][debug][gc,phases      ] GC(24)     Total                          Min: 0, Avg:  0.0, Max: 0, Diff: 0, Sum: 0, Workers: 4
[12.898s][debug][gc,phases      ] GC(24)   StringTable Weak               Min:  0.1, Avg:  0.1, Max:  0.1, Diff:  0.0, Sum:  0.5, Workers: 4
[12.898s][debug][gc,phases      ] GC(24)     Dead                           Min: 0, Avg:  0.0, Max: 0, Diff: 0, Sum: 0, Workers: 4
[12.898s][debug][gc,phases      ] GC(24)     Total                          Min: 9280, Avg: 10558.0, Max: 11192, Diff: 1912, Sum: 42232, Workers: 4
[12.898s][debug][gc,phases      ] GC(24)   ResolvedMethodTable Weak       Min:  0.0, Avg:  0.0, Max:  0.0, Diff:  0.0, Sum:  0.1, Workers: 4
[12.898s][debug][gc,phases      ] GC(24)     Dead                           Min: 0, Avg:  0.0, Max: 0, Diff: 0, Sum: 0, Workers: 4
[12.898s][debug][gc,phases      ] GC(24)     Total                          Min: 1599, Avg: 1666.5, Max: 1728, Diff: 129, Sum: 6666, Workers: 4
[12.898s][debug][gc,phases      ] GC(24)   JNI Weak                       Min:  0.0, Avg:  0.0, Max:  0.0, Diff:  0.0, Sum:  0.0, Workers: 4
[12.898s][debug][gc,phases      ] GC(24)     Dead                           Min: 0, Avg:  0.0, Max: 0, Diff: 0, Sum: 0, Workers: 4
[12.898s][debug][gc,phases      ] GC(24)     Total                          Min: 0, Avg:  5.5, Max: 22, Diff: 22, Sum: 22, Workers: 4
[12.898s][debug][gc,phases      ] GC(24)   StringDedup Table Weak         Min:  0.0, Avg:  0.0, Max:  0.0, Diff:  0.0, Sum:  0.0, Workers: 4
[12.898s][debug][gc,phases      ] GC(24)     Dead                           Min: 0, Avg:  0.0, Max: 0, Diff: 0, Sum: 0, Workers: 4
[12.898s][debug][gc,phases      ] GC(24)     Total                          Min: 0, Avg:  0.0, Max: 0, Diff: 0, Sum: 0, Workers: 4
[12.898s][debug][gc,phases      ] GC(24)   StringDedup Requests0 Weak     Min:  0.0, Avg:  0.0, Max:  0.0, Diff:  0.0, Sum:  0.0, Workers: 4
[12.898s][debug][gc,phases      ] GC(24)     Dead                           Min: 0, Avg:  0.0, Max: 0, Diff: 0, Sum: 0, Workers: 4
[12.898s][debug][gc,phases      ] GC(24)     Total                          Min: 0, Avg:  0.0, Max: 0, Diff: 0, Sum: 0, Workers: 4
[12.898s][debug][gc,phases      ] GC(24)   StringDedup Requests1 Weak     Min:  0.0, Avg:  0.0, Max:  0.0, Diff:  0.0, Sum:  0.0, Workers: 4
[12.898s][debug][gc,phases      ] GC(24)     Dead                           Min: 0, Avg:  0.0, Max: 0, Diff: 0, Sum: 0, Workers: 4
[12.898s][debug][gc,phases      ] GC(24)     Total                          Min: 0, Avg:  0.0, Max: 0, Diff: 0, Sum: 0, Workers: 4
[12.898s][debug][gc,phases      ] GC(24)   Weak JFR Old Object Samples    Min:  0.0, Avg:  0.0, Max:  0.0, Diff:  0.0, Sum:  0.0, Workers: 4
[12.898s][debug][gc,phases      ] GC(24)     Dead                           Min: 0, Avg:  0.0, Max: 0, Diff: 0, Sum: 0, Workers: 4
[12.898s][debug][gc,phases      ] GC(24)     Total                          Min: 0, Avg:  0.0, Max: 0, Diff: 0, Sum: 0, Workers: 4
[12.898s][debug][gc,phases      ] GC(24) Weak Processing 0.352ms
[12.898s][debug][gc,age         ] GC(24) Desired survivor size 201850880 bytes, new threshold 15 (max threshold 15)
[12.898s][info ][gc,heap        ] GC(24) PSYoungGen: 1782040K(1920512K)->141176K(1871360K) Eden: 1730048K(1730048K)->0K(1730048K) From: 51992K(190464K)->141176K(141312K)
[12.898s][info ][gc,heap        ] GC(24) ParOldGen: 181967K(273408K)->184407K(273408K)
[12.898s][info ][gc,metaspace   ] GC(24) Metaspace: 66132K(66880K)->66132K(66880K) NonClass: 56439K(56832K)->56439K(56832K) Class: 9693K(10048K)->9693K(10048K)
[12.898s][info ][gc             ] GC(24) Pause Young (Allocation Failure) 1917M->317M(2094M) 97.150ms
[12.898s][info ][gc,cpu         ] GC(24) User=0.35s Sys=0.04s Real=0.10s
[12.898s][info ][safepoint      ] Safepoint "ParallelGCFailedAllocation", Time since last: 406019064 ns, Reaching safepoint: 127002 ns, At safepoint: 97262888 ns, Total: 97389890 ns
[13.388s][info ][gc,start       ] GC(25) Pause Young (Allocation Failure)
[13.548s][debug][gc,phases      ] GC(25) Scavenge 160.111ms
[13.548s][debug][gc,ref         ] GC(25) Skipped phase 1 of Reference Processing: no references
[13.548s][debug][gc,ref         ] GC(25) ReferenceProcessor::execute queues: 1, RefProcThreadModel::Single, marks_oops_alive: false
[13.548s][debug][gc,ref         ] GC(25) Skipped phase 3 of Reference Processing: no references
[13.548s][debug][gc,ref         ] GC(25) ReferenceProcessor::execute queues: 1, RefProcThreadModel::Single, marks_oops_alive: false
[13.548s][debug][gc,phases      ] GC(25) Reference Processing 0.186ms
[13.548s][debug][gc,phases      ] GC(25)   VM Weak                        Min:  0.0, Avg:  0.0, Max:  0.0, Diff:  0.0, Sum:  0.0, Workers: 4
[13.548s][debug][gc,phases      ] GC(25)     Dead                           Min: 0, Avg:  0.0, Max: 0, Diff: 0, Sum: 0, Workers: 4
[13.548s][debug][gc,phases      ] GC(25)     Total                          Min: 0, Avg: 142.8, Max: 384, Diff: 384, Sum: 571, Workers: 4
[13.548s][debug][gc,phases      ] GC(25)   ObjectSynchronizer Weak        Min:  0.0, Avg:  0.0, Max:  0.0, Diff:  0.0, Sum:  0.0, Workers: 4
[13.548s][debug][gc,phases      ] GC(25)     Dead                           Min: 0, Avg:  0.0, Max: 0, Diff: 0, Sum: 0, Workers: 4
[13.548s][debug][gc,phases      ] GC(25)     Total                          Min: 0, Avg: 95.2, Max: 253, Diff: 253, Sum: 381, Workers: 4
[13.548s][debug][gc,phases      ] GC(25)   JVMTI Tag Weak OopStorage      Min:  0.0, Avg:  0.0, Max:  0.0, Diff:  0.0, Sum:  0.0, Workers: 4
[13.548s][debug][gc,phases      ] GC(25)     Dead                           Min: 0, Avg:  0.0, Max: 0, Diff: 0, Sum: 0, Workers: 4
[13.548s][debug][gc,phases      ] GC(25)     Total                          Min: 0, Avg:  0.0, Max: 0, Diff: 0, Sum: 0, Workers: 4
[13.548s][debug][gc,phases      ] GC(25)   StringTable Weak               Min:  0.1, Avg:  0.1, Max:  0.2, Diff:  0.2, Sum:  0.6, Workers: 4
[13.548s][debug][gc,phases      ] GC(25)     Dead                           Min: 0, Avg:  2.8, Max: 8, Diff: 8, Sum: 11, Workers: 4
[13.548s][debug][gc,phases      ] GC(25)     Total                          Min: 3258, Avg: 10558.0, Max: 17920, Diff: 14662, Sum: 42232, Workers: 4
[13.548s][debug][gc,phases      ] GC(25)   ResolvedMethodTable Weak       Min:  0.0, Avg:  0.0, Max:  0.0, Diff:  0.0, Sum:  0.1, Workers: 4
[13.548s][debug][gc,phases      ] GC(25)     Dead                           Min: 0, Avg:  0.0, Max: 0, Diff: 0, Sum: 0, Workers: 4
[13.548s][debug][gc,phases      ] GC(25)     Total                          Min: 1408, Avg: 1666.5, Max: 1919, Diff: 511, Sum: 6666, Workers: 4
[13.548s][debug][gc,phases      ] GC(25)   JNI Weak                       Min:  0.0, Avg:  0.0, Max:  0.0, Diff:  0.0, Sum:  0.0, Workers: 4
[13.548s][debug][gc,phases      ] GC(25)     Dead                           Min: 0, Avg:  0.0, Max: 0, Diff: 0, Sum: 0, Workers: 4
[13.548s][debug][gc,phases      ] GC(25)     Total                          Min: 0, Avg:  3.5, Max: 14, Diff: 14, Sum: 14, Workers: 4
[13.548s][debug][gc,phases      ] GC(25)   StringDedup Table Weak         Min:  0.0, Avg:  0.0, Max:  0.0, Diff:  0.0, Sum:  0.0, Workers: 4
[13.548s][debug][gc,phases      ] GC(25)     Dead                           Min: 0, Avg:  0.0, Max: 0, Diff: 0, Sum: 0, Workers: 4
[13.548s][debug][gc,phases      ] GC(25)     Total                          Min: 0, Avg:  0.0, Max: 0, Diff: 0, Sum: 0, Workers: 4
[13.548s][debug][gc,phases      ] GC(25)   StringDedup Requests0 Weak     Min:  0.0, Avg:  0.0, Max:  0.0, Diff:  0.0, Sum:  0.0, Workers: 4
[13.548s][debug][gc,phases      ] GC(25)     Dead                           Min: 0, Avg:  0.0, Max: 0, Diff: 0, Sum: 0, Workers: 4
[13.548s][debug][gc,phases      ] GC(25)     Total                          Min: 0, Avg:  0.0, Max: 0, Diff: 0, Sum: 0, Workers: 4
[13.548s][debug][gc,phases      ] GC(25)   StringDedup Requests1 Weak     Min:  0.0, Avg:  0.0, Max:  0.0, Diff:  0.0, Sum:  0.0, Workers: 4
[13.548s][debug][gc,phases      ] GC(25)     Dead                           Min: 0, Avg:  0.0, Max: 0, Diff: 0, Sum: 0, Workers: 4
[13.548s][debug][gc,phases      ] GC(25)     Total                          Min: 0, Avg:  0.0, Max: 0, Diff: 0, Sum: 0, Workers: 4
[13.548s][debug][gc,phases      ] GC(25)   Weak JFR Old Object Samples    Min:  0.0, Avg:  0.0, Max:  0.0, Diff:  0.0, Sum:  0.0, Workers: 4
[13.548s][debug][gc,phases      ] GC(25)     Dead                           Min: 0, Avg:  0.0, Max: 0, Diff: 0, Sum: 0, Workers: 4
[13.548s][debug][gc,phases      ] GC(25)     Total                          Min: 0, Avg:  0.0, Max: 0, Diff: 0, Sum: 0, Workers: 4
[13.548s][debug][gc,phases      ] GC(25) Weak Processing 0.469ms
[13.548s][debug][gc,age         ] GC(25) Desired survivor size 256376832 bytes, new threshold 14 (max threshold 15)
[13.548s][info ][gc,heap        ] GC(25) PSYoungGen: 1871224K(1871360K)->197114K(1793536K) Eden: 1730048K(1730048K)->0K(1596416K) From: 141176K(141312K)->197114K(197120K)
[13.548s][info ][gc,heap        ] GC(25) ParOldGen: 184407K(273408K)->228418K(273408K)
[13.548s][info ][gc,metaspace   ] GC(25) Metaspace: 66134K(66880K)->66134K(66880K) NonClass: 56441K(56832K)->56441K(56832K) Class: 9693K(10048K)->9693K(10048K)
[13.548s][info ][gc             ] GC(25) Pause Young (Allocation Failure) 2007M->415M(2018M) 160.914ms
[13.548s][info ][gc,cpu         ] GC(25) User=0.57s Sys=0.09s Real=0.16s
[13.548s][debug][gc,phases      ] GC(26) Pre Compact 0.011ms
[13.548s][info ][gc,start       ] GC(26) Pause Full (Ergonomics)
[13.548s][info ][gc,phases,start] GC(26) Marking Phase
[13.713s][debug][gc,phases      ] GC(26) Par Mark 164.204ms
[13.713s][debug][gc,ref         ] GC(26) Skipped phase 1 of Reference Processing: no references
[13.713s][debug][gc,ref         ] GC(26) ReferenceProcessor::execute queues: 4, RefProcThreadModel::Multi, marks_oops_alive: false
[13.713s][debug][gc,ref         ] GC(26) Skipped phase 3 of Reference Processing: no references
[13.713s][debug][gc,ref         ] GC(26) ReferenceProcessor::execute queues: 1, RefProcThreadModel::Single, marks_oops_alive: false
[13.713s][debug][gc,phases      ] GC(26) Reference Processing 0.540ms
[13.714s][debug][gc,phases      ] GC(26)   VM Weak                        Min:  0.0, Avg:  0.0, Max:  0.0, Diff:  0.0, Sum:  0.0, Workers: 4
[13.714s][debug][gc,phases      ] GC(26)     Dead                           Min: 0, Avg:  0.0, Max: 0, Diff: 0, Sum: 0, Workers: 4
[13.714s][debug][gc,phases      ] GC(26)     Total                          Min: 0, Avg: 142.8, Max: 320, Diff: 320, Sum: 571, Workers: 4
[13.714s][debug][gc,phases      ] GC(26)   ObjectSynchronizer Weak        Min:  0.0, Avg:  0.0, Max:  0.0, Diff:  0.0, Sum:  0.0, Workers: 4
[13.714s][debug][gc,phases      ] GC(26)     Dead                           Min: 0, Avg:  0.0, Max: 0, Diff: 0, Sum: 0, Workers: 4
[13.714s][debug][gc,phases      ] GC(26)     Total                          Min: 0, Avg: 95.2, Max: 128, Diff: 128, Sum: 381, Workers: 4
[13.714s][debug][gc,phases      ] GC(26)   JVMTI Tag Weak OopStorage      Min:  0.0, Avg:  0.0, Max:  0.0, Diff:  0.0, Sum:  0.0, Workers: 4
[13.714s][debug][gc,phases      ] GC(26)     Dead                           Min: 0, Avg:  0.0, Max: 0, Diff: 0, Sum: 0, Workers: 4
[13.714s][debug][gc,phases      ] GC(26)     Total                          Min: 0, Avg:  0.0, Max: 0, Diff: 0, Sum: 0, Workers: 4
[13.714s][debug][gc,phases      ] GC(26)   StringTable Weak               Min:  0.2, Avg:  0.2, Max:  0.2, Diff:  0.0, Sum:  0.6, Workers: 4
[13.714s][debug][gc,phases      ] GC(26)     Dead                           Min: 0, Avg:  0.0, Max: 0, Diff: 0, Sum: 0, Workers: 4
[13.714s][debug][gc,phases      ] GC(26)     Total                          Min: 9151, Avg: 10558.0, Max: 12736, Diff: 3585, Sum: 42232, Workers: 4
[13.714s][debug][gc,phases      ] GC(26)   ResolvedMethodTable Weak       Min:  0.0, Avg:  0.0, Max:  0.0, Diff:  0.0, Sum:  0.1, Workers: 4
[13.714s][debug][gc,phases      ] GC(26)     Dead                           Min: 0, Avg:  0.2, Max: 1, Diff: 1, Sum: 1, Workers: 4
[13.714s][debug][gc,phases      ] GC(26)     Total                          Min: 1472, Avg: 1666.5, Max: 1866, Diff: 394, Sum: 6666, Workers: 4
[13.714s][debug][gc,phases      ] GC(26)   JNI Weak                       Min:  0.0, Avg:  0.0, Max:  0.0, Diff:  0.0, Sum:  0.0, Workers: 4
[13.714s][debug][gc,phases      ] GC(26)     Dead                           Min: 0, Avg:  0.0, Max: 0, Diff: 0, Sum: 0, Workers: 4
[13.714s][debug][gc,phases      ] GC(26)     Total                          Min: 0, Avg:  3.5, Max: 14, Diff: 14, Sum: 14, Workers: 4
[13.714s][debug][gc,phases      ] GC(26)   StringDedup Table Weak         Min:  0.0, Avg:  0.0, Max:  0.0, Diff:  0.0, Sum:  0.0, Workers: 4
[13.714s][debug][gc,phases      ] GC(26)     Dead                           Min: 0, Avg:  0.0, Max: 0, Diff: 0, Sum: 0, Workers: 4
[13.714s][debug][gc,phases      ] GC(26)     Total                          Min: 0, Avg:  0.0, Max: 0, Diff: 0, Sum: 0, Workers: 4
[13.714s][debug][gc,phases      ] GC(26)   StringDedup Requests0 Weak     Min:  0.0, Avg:  0.0, Max:  0.0, Diff:  0.0, Sum:  0.0, Workers: 4
[13.714s][debug][gc,phases      ] GC(26)     Dead                           Min: 0, Avg:  0.0, Max: 0, Diff: 0, Sum: 0, Workers: 4
[13.714s][debug][gc,phases      ] GC(26)     Total                          Min: 0, Avg:  0.0, Max: 0, Diff: 0, Sum: 0, Workers: 4
[13.714s][debug][gc,phases      ] GC(26)   StringDedup Requests1 Weak     Min:  0.0, Avg:  0.0, Max:  0.0, Diff:  0.0, Sum:  0.0, Workers: 4
[13.714s][debug][gc,phases      ] GC(26)     Dead                           Min: 0, Avg:  0.0, Max: 0, Diff: 0, Sum: 0, Workers: 4
[13.714s][debug][gc,phases      ] GC(26)     Total                          Min: 0, Avg:  0.0, Max: 0, Diff: 0, Sum: 0, Workers: 4
[13.714s][debug][gc,phases      ] GC(26)   Weak JFR Old Object Samples    Min:  0.0, Avg:  0.0, Max:  0.0, Diff:  0.0, Sum:  0.0, Workers: 4
[13.714s][debug][gc,phases      ] GC(26)     Dead                           Min: 0, Avg:  0.0, Max: 0, Diff: 0, Sum: 0, Workers: 4
[13.714s][debug][gc,phases      ] GC(26)     Total                          Min: 0, Avg:  0.0, Max: 0, Diff: 0, Sum: 0, Workers: 4
[13.714s][debug][gc,phases      ] GC(26) Weak Processing 0.378ms
[13.714s][debug][gc,phases      ] GC(26) ClassLoaderData 0.079ms
[13.714s][debug][gc,phases      ] GC(26) Trigger cleanups 0.000ms
[13.722s][debug][gc,phases      ] GC(26) Class Unloading 8.535ms
[13.722s][info ][gc,phases      ] GC(26) Marking Phase 173.834ms
[13.722s][info ][gc,phases,start] GC(26) Summary Phase
[13.722s][info ][gc,phases      ] GC(26) Summary Phase 0.025ms
[13.722s][info ][gc,phases,start] GC(26) Adjust Roots
[13.732s][info ][gc,phases      ] GC(26) Adjust Roots 9.626ms
[13.732s][info ][gc,phases,start] GC(26) Compaction Phase
[14.190s][info ][gc,phases      ] GC(26) Compaction Phase 457.889ms
[14.190s][info ][gc,phases,start] GC(26) Post Compact
[14.192s][info ][gc,phases      ] GC(26) Post Compact 1.718ms
[14.192s][info ][gc,heap        ] GC(26) PSYoungGen: 197114K(1793536K)->150808K(1793536K) Eden: 0K(1596416K)->0K(1596416K) From: 197114K(197120K)->150808K(197120K)
[14.192s][info ][gc,heap        ] GC(26) ParOldGen: 228418K(273408K)->273188K(347648K)
[14.192s][info ][gc,metaspace   ] GC(26) Metaspace: 66134K(66880K)->66134K(66880K) NonClass: 56441K(56832K)->56441K(56832K) Class: 9693K(10048K)->9693K(10048K)
[14.192s][info ][gc             ] GC(26) Pause Full (Ergonomics) 415M->414M(2091M) 643.371ms
[14.192s][info ][gc,cpu         ] GC(26) User=2.49s Sys=0.01s Real=0.65s
[14.211s][info ][safepoint      ] Safepoint "ParallelGCFailedAllocation", Time since last: 489129293 ns, Reaching safepoint: 136902 ns, At safepoint: 823203334 ns, Total: 823340236 ns
[14.483s][info ][gc,start       ] GC(27) Pause Young (Allocation Failure)
[14.637s][debug][gc,phases      ] GC(27) Scavenge 153.814ms
[14.637s][debug][gc,ref         ] GC(27) Skipped phase 1 of Reference Processing: no references
[14.637s][debug][gc,ref         ] GC(27) Skipped phase 2 of Reference Processing: no references
[14.637s][debug][gc,ref         ] GC(27) Skipped phase 3 of Reference Processing: no references
[14.637s][debug][gc,ref         ] GC(27) Skipped phase 4 of Reference Processing: no references
[14.637s][debug][gc,phases      ] GC(27) Reference Processing 0.029ms
[14.637s][debug][gc,phases      ] GC(27)   VM Weak                        Min:  0.0, Avg:  0.0, Max:  0.0, Diff:  0.0, Sum:  0.0, Workers: 4
[14.637s][debug][gc,phases      ] GC(27)     Dead                           Min: 0, Avg:  0.0, Max: 0, Diff: 0, Sum: 0, Workers: 4
[14.637s][debug][gc,phases      ] GC(27)     Total                          Min: 0, Avg: 142.8, Max: 571, Diff: 571, Sum: 571, Workers: 4
[14.637s][debug][gc,phases      ] GC(27)   ObjectSynchronizer Weak        Min:  0.0, Avg:  0.0, Max:  0.0, Diff:  0.0, Sum:  0.0, Workers: 4
[14.637s][debug][gc,phases      ] GC(27)     Dead                           Min: 0, Avg:  0.0, Max: 0, Diff: 0, Sum: 0, Workers: 4
[14.637s][debug][gc,phases      ] GC(27)     Total                          Min: 0, Avg: 95.2, Max: 381, Diff: 381, Sum: 381, Workers: 4
[14.637s][debug][gc,phases      ] GC(27)   JVMTI Tag Weak OopStorage      Min:  0.0, Avg:  0.0, Max:  0.0, Diff:  0.0, Sum:  0.0, Workers: 4
[14.637s][debug][gc,phases      ] GC(27)     Dead                           Min: 0, Avg:  0.0, Max: 0, Diff: 0, Sum: 0, Workers: 4
[14.637s][debug][gc,phases      ] GC(27)     Total                          Min: 0, Avg:  0.0, Max: 0, Diff: 0, Sum: 0, Workers: 4
[14.638s][debug][gc,phases      ] GC(27)   StringTable Weak               Min:  0.1, Avg:  0.1, Max:  0.1, Diff:  0.0, Sum:  0.4, Workers: 4
[14.638s][debug][gc,phases      ] GC(27)     Dead                           Min: 0, Avg:  2.8, Max: 11, Diff: 11, Sum: 11, Workers: 4
[14.638s][debug][gc,phases      ] GC(27)     Total                          Min: 9152, Avg: 10559.8, Max: 12928, Diff: 3776, Sum: 42239, Workers: 4
[14.638s][debug][gc,phases      ] GC(27)   ResolvedMethodTable Weak       Min:  0.0, Avg:  0.0, Max:  0.0, Diff:  0.0, Sum:  0.1, Workers: 4
[14.638s][debug][gc,phases      ] GC(27)     Dead                           Min: 0, Avg:  0.0, Max: 0, Diff: 0, Sum: 0, Workers: 4
[14.638s][debug][gc,phases      ] GC(27)     Total                          Min: 1611, Avg: 1666.5, Max: 1728, Diff: 117, Sum: 6666, Workers: 4
[14.638s][debug][gc,phases      ] GC(27)   JNI Weak                       Min:  0.0, Avg:  0.0, Max:  0.0, Diff:  0.0, Sum:  0.0, Workers: 4
[14.638s][debug][gc,phases      ] GC(27)     Dead                           Min: 0, Avg:  0.0, Max: 0, Diff: 0, Sum: 0, Workers: 4
[14.638s][debug][gc,phases      ] GC(27)     Total                          Min: 0, Avg:  0.8, Max: 3, Diff: 3, Sum: 3, Workers: 4
[14.638s][debug][gc,phases      ] GC(27)   StringDedup Table Weak         Min:  0.0, Avg:  0.0, Max:  0.0, Diff:  0.0, Sum:  0.0, Workers: 4
[14.638s][debug][gc,phases      ] GC(27)     Dead                           Min: 0, Avg:  0.0, Max: 0, Diff: 0, Sum: 0, Workers: 4
[14.638s][debug][gc,phases      ] GC(27)     Total                          Min: 0, Avg:  0.0, Max: 0, Diff: 0, Sum: 0, Workers: 4
[14.638s][debug][gc,phases      ] GC(27)   StringDedup Requests0 Weak     Min:  0.0, Avg:  0.0, Max:  0.0, Diff:  0.0, Sum:  0.0, Workers: 4
[14.638s][debug][gc,phases      ] GC(27)     Dead                           Min: 0, Avg:  0.0, Max: 0, Diff: 0, Sum: 0, Workers: 4
[14.638s][debug][gc,phases      ] GC(27)     Total                          Min: 0, Avg:  0.0, Max: 0, Diff: 0, Sum: 0, Workers: 4
[14.638s][debug][gc,phases      ] GC(27)   StringDedup Requests1 Weak     Min:  0.0, Avg:  0.0, Max:  0.0, Diff:  0.0, Sum:  0.0, Workers: 4
[14.638s][debug][gc,phases      ] GC(27)     Dead                           Min: 0, Avg:  0.0, Max: 0, Diff: 0, Sum: 0, Workers: 4
[14.638s][debug][gc,phases      ] GC(27)     Total                          Min: 0, Avg:  0.0, Max: 0, Diff: 0, Sum: 0, Workers: 4
[14.638s][debug][gc,phases      ] GC(27)   Weak JFR Old Object Samples    Min:  0.0, Avg:  0.0, Max:  0.0, Diff:  0.0, Sum:  0.0, Workers: 4
[14.638s][debug][gc,phases      ] GC(27)     Dead                           Min: 0, Avg:  0.0, Max: 0, Diff: 0, Sum: 0, Workers: 4
[14.638s][debug][gc,phases      ] GC(27)     Total                          Min: 0, Avg:  0.0, Max: 0, Diff: 0, Sum: 0, Workers: 4
[14.638s][debug][gc,phases      ] GC(27) Weak Processing 0.337ms
[14.638s][debug][gc,age         ] GC(27) Desired survivor size 299892736 bytes, new threshold 15 (max threshold 15)
[14.638s][info ][gc,heap        ] GC(27) PSYoungGen: 1747224K(1793536K)->240384K(1837056K) Eden: 1596416K(1596416K)->0K(1596416K) From: 150808K(197120K)->240384K(240640K)
[14.638s][info ][gc,heap        ] GC(27) ParOldGen: 273188K(347648K)->273188K(347648K)
[14.638s][info ][gc,metaspace   ] GC(27) Metaspace: 66154K(66880K)->66154K(66880K) NonClass: 56461K(56832K)->56461K(56832K) Class: 9693K(10048K)->9693K(10048K)
[14.638s][info ][gc             ] GC(27) Pause Young (Allocation Failure) 1973M->501M(2133M) 154.339ms
[14.638s][info ][gc,cpu         ] GC(27) User=0.60s Sys=0.01s Real=0.16s
[14.638s][info ][safepoint      ] Safepoint "ParallelGCFailedAllocation", Time since last: 272405708 ns, Reaching safepoint: 212904 ns, At safepoint: 154454340 ns, Total: 154667244 ns
[14.962s][info ][safepoint      ] Safepoint "ICBufferFull", Time since last: 324263961 ns, Reaching safepoint: 220704 ns, At safepoint: 26501 ns, Total: 247205 ns
[14.991s][info ][gc,start       ] GC(28) Pause Young (Allocation Failure)
[15.097s][debug][gc,phases      ] GC(28) Scavenge 105.149ms
[15.097s][debug][gc,ref         ] GC(28) Skipped phase 1 of Reference Processing: no references
[15.097s][debug][gc,ref         ] GC(28) ReferenceProcessor::execute queues: 1, RefProcThreadModel::Single, marks_oops_alive: false
[15.097s][debug][gc,ref         ] GC(28) Skipped phase 3 of Reference Processing: no references
[15.097s][debug][gc,ref         ] GC(28) ReferenceProcessor::execute queues: 1, RefProcThreadModel::Single, marks_oops_alive: false
[15.097s][debug][gc,phases      ] GC(28) Reference Processing 0.150ms
[15.097s][debug][gc,phases      ] GC(28)   VM Weak                        Min:  0.0, Avg:  0.0, Max:  0.0, Diff:  0.0, Sum:  0.0, Workers: 4
[15.097s][debug][gc,phases      ] GC(28)     Dead                           Min: 0, Avg:  0.0, Max: 0, Diff: 0, Sum: 0, Workers: 4
[15.097s][debug][gc,phases      ] GC(28)     Total                          Min: 0, Avg: 145.0, Max: 448, Diff: 448, Sum: 580, Workers: 4
[15.097s][debug][gc,phases      ] GC(28)   ObjectSynchronizer Weak        Min:  0.0, Avg:  0.0, Max:  0.0, Diff:  0.0, Sum:  0.0, Workers: 4
[15.097s][debug][gc,phases      ] GC(28)     Dead                           Min: 0, Avg:  0.0, Max: 0, Diff: 0, Sum: 0, Workers: 4
[15.097s][debug][gc,phases      ] GC(28)     Total                          Min: 0, Avg: 95.2, Max: 189, Diff: 189, Sum: 381, Workers: 4
[15.097s][debug][gc,phases      ] GC(28)   JVMTI Tag Weak OopStorage      Min:  0.0, Avg:  0.0, Max:  0.0, Diff:  0.0, Sum:  0.0, Workers: 4
[15.097s][debug][gc,phases      ] GC(28)     Dead                           Min: 0, Avg:  0.0, Max: 0, Diff: 0, Sum: 0, Workers: 4
[15.097s][debug][gc,phases      ] GC(28)     Total                          Min: 0, Avg:  0.0, Max: 0, Diff: 0, Sum: 0, Workers: 4
[15.097s][debug][gc,phases      ] GC(28)   StringTable Weak               Min:  0.1, Avg:  0.1, Max:  0.1, Diff:  0.0, Sum:  0.4, Workers: 4
[15.097s][debug][gc,phases      ] GC(28)     Dead                           Min: 0, Avg:  4.0, Max: 14, Diff: 14, Sum: 16, Workers: 4
[15.097s][debug][gc,phases      ] GC(28)     Total                          Min: 9872, Avg: 10596.0, Max: 10944, Diff: 1072, Sum: 42384, Workers: 4
[15.097s][debug][gc,phases      ] GC(28)   ResolvedMethodTable Weak       Min:  0.0, Avg:  0.0, Max:  0.0, Diff:  0.0, Sum:  0.1, Workers: 4
[15.097s][debug][gc,phases      ] GC(28)     Dead                           Min: 0, Avg:  9.0, Max: 16, Diff: 16, Sum: 36, Workers: 4
[15.097s][debug][gc,phases      ] GC(28)     Total                          Min: 1535, Avg: 1702.5, Max: 1792, Diff: 257, Sum: 6810, Workers: 4
[15.097s][debug][gc,phases      ] GC(28)   JNI Weak                       Min:  0.0, Avg:  0.0, Max:  0.0, Diff:  0.0, Sum:  0.0, Workers: 4
[15.097s][debug][gc,phases      ] GC(28)     Dead                           Min: 0, Avg:  0.0, Max: 0, Diff: 0, Sum: 0, Workers: 4
[15.097s][debug][gc,phases      ] GC(28)     Total                          Min: 0, Avg:  2.2, Max: 9, Diff: 9, Sum: 9, Workers: 4
[15.097s][debug][gc,phases      ] GC(28)   StringDedup Table Weak         Min:  0.0, Avg:  0.0, Max:  0.0, Diff:  0.0, Sum:  0.0, Workers: 4
[15.097s][debug][gc,phases      ] GC(28)     Dead                           Min: 0, Avg:  0.0, Max: 0, Diff: 0, Sum: 0, Workers: 4
[15.097s][debug][gc,phases      ] GC(28)     Total                          Min: 0, Avg:  0.0, Max: 0, Diff: 0, Sum: 0, Workers: 4
[15.097s][debug][gc,phases      ] GC(28)   StringDedup Requests0 Weak     Min:  0.0, Avg:  0.0, Max:  0.0, Diff:  0.0, Sum:  0.0, Workers: 4
[15.097s][debug][gc,phases      ] GC(28)     Dead                           Min: 0, Avg:  0.0, Max: 0, Diff: 0, Sum: 0, Workers: 4
[15.097s][debug][gc,phases      ] GC(28)     Total                          Min: 0, Avg:  0.0, Max: 0, Diff: 0, Sum: 0, Workers: 4
[15.097s][debug][gc,phases      ] GC(28)   StringDedup Requests1 Weak     Min:  0.0, Avg:  0.0, Max:  0.0, Diff:  0.0, Sum:  0.0, Workers: 4
[15.097s][debug][gc,phases      ] GC(28)     Dead                           Min: 0, Avg:  0.0, Max: 0, Diff: 0, Sum: 0, Workers: 4
[15.097s][debug][gc,phases      ] GC(28)     Total                          Min: 0, Avg:  0.0, Max: 0, Diff: 0, Sum: 0, Workers: 4
[15.097s][debug][gc,phases      ] GC(28)   Weak JFR Old Object Samples    Min:  0.0, Avg:  0.0, Max:  0.0, Diff:  0.0, Sum:  0.0, Workers: 4
[15.097s][debug][gc,phases      ] GC(28)     Dead                           Min: 0, Avg:  0.0, Max: 0, Diff: 0, Sum: 0, Workers: 4
[15.097s][debug][gc,phases      ] GC(28)     Total                          Min: 0, Avg:  0.0, Max: 0, Diff: 0, Sum: 0, Workers: 4
[15.097s][debug][gc,phases      ] GC(28) Weak Processing 0.297ms
[15.097s][debug][gc,age         ] GC(28) Desired survivor size 340787200 bytes, new threshold 15 (max threshold 15)
[15.097s][info ][gc,heap        ] GC(28) PSYoungGen: 1836800K(1837056K)->256000K(1691648K) Eden: 1596416K(1596416K)->0K(1431552K) From: 240384K(240640K)->256000K(260096K)
[15.097s][info ][gc,heap        ] GC(28) ParOldGen: 273188K(347648K)->273196K(347648K)
[15.097s][info ][gc,metaspace   ] GC(28) Metaspace: 66670K(67456K)->66670K(67456K) NonClass: 56890K(57344K)->56890K(57344K) Class: 9780K(10112K)->9780K(10112K)
[15.097s][info ][gc             ] GC(28) Pause Young (Allocation Failure) 2060M->516M(1991M) 105.732ms
[15.097s][info ][gc,cpu         ] GC(28) User=0.42s Sys=0.00s Real=0.10s
[15.097s][info ][safepoint      ] Safepoint "ParallelGCFailedAllocation", Time since last: 29078734 ns, Reaching safepoint: 108702 ns, At safepoint: 105841246 ns, Total: 105949948 ns
[15.145s][info ][safepoint      ] Safepoint "ICBufferFull", Time since last: 48028183 ns, Reaching safepoint: 138103 ns, At safepoint: 35200 ns, Total: 173303 ns
[15.161s][info ][safepoint      ] Safepoint "ICBufferFull", Time since last: 15288982 ns, Reaching safepoint: 146102 ns, At safepoint: 25501 ns, Total: 171603 ns
[15.194s][info ][safepoint      ] Safepoint "ICBufferFull", Time since last: 32648800 ns, Reaching safepoint: 143203 ns, At safepoint: 32700 ns, Total: 175903 ns
[15.212s][info ][safepoint      ] Safepoint "ICBufferFull", Time since last: 18304337 ns, Reaching safepoint: 126402 ns, At safepoint: 32001 ns, Total: 158403 ns
[15.247s][info ][safepoint      ] Safepoint "ICBufferFull", Time since last: 34151927 ns, Reaching safepoint: 122803 ns, At safepoint: 30400 ns, Total: 153203 ns
[15.281s][info ][safepoint      ] Safepoint "ICBufferFull", Time since last: 34716539 ns, Reaching safepoint: 87101 ns, At safepoint: 29201 ns, Total: 116302 ns
[15.305s][info ][safepoint      ] Safepoint "ICBufferFull", Time since last: 23576233 ns, Reaching safepoint: 460009 ns, At safepoint: 31100 ns, Total: 491109 ns
[15.324s][info ][safepoint      ] Safepoint "ICBufferFull", Time since last: 18745945 ns, Reaching safepoint: 134202 ns, At safepoint: 27901 ns, Total: 162103 ns
[15.336s][info ][safepoint      ] Safepoint "ICBufferFull", Time since last: 7981947 ns, Reaching safepoint: 3196458 ns, At safepoint: 29901 ns, Total: 3226359 ns
[15.351s][info ][safepoint      ] Safepoint "ICBufferFull", Time since last: 15705489 ns, Reaching safepoint: 126302 ns, At safepoint: 28000 ns, Total: 154302 ns
[15.396s][info ][safepoint      ] Safepoint "ICBufferFull", Time since last: 44361016 ns, Reaching safepoint: 129302 ns, At safepoint: 29501 ns, Total: 158803 ns
[15.405s][info ][safepoint      ] Safepoint "ICBufferFull", Time since last: 9036366 ns, Reaching safepoint: 133202 ns, At safepoint: 325506 ns, Total: 458708 ns
[15.429s][info ][safepoint      ] Safepoint "ICBufferFull", Time since last: 22746419 ns, Reaching safepoint: 608111 ns, At safepoint: 35900 ns, Total: 644011 ns
[15.444s][info ][safepoint      ] Safepoint "ICBufferFull", Time since last: 15409184 ns, Reaching safepoint: 136902 ns, At safepoint: 30601 ns, Total: 167503 ns
[15.474s][info ][safepoint      ] Safepoint "ICBufferFull", Time since last: 27568907 ns, Reaching safepoint: 2141039 ns, At safepoint: 36001 ns, Total: 2177040 ns
[15.482s][info ][safepoint      ] Safepoint "ICBufferFull", Time since last: 7299034 ns, Reaching safepoint: 129002 ns, At safepoint: 31801 ns, Total: 160803 ns
[15.526s][info ][gc,start       ] GC(29) Pause Young (Allocation Failure)
[15.637s][debug][gc,phases      ] GC(29) Scavenge 111.588ms
[15.637s][debug][gc,ref         ] GC(29) Skipped phase 1 of Reference Processing: no references
[15.638s][debug][gc,ref         ] GC(29) ReferenceProcessor::execute queues: 1, RefProcThreadModel::Single, marks_oops_alive: false
[15.638s][debug][gc,ref         ] GC(29) Skipped phase 3 of Reference Processing: no references
[15.638s][debug][gc,ref         ] GC(29) ReferenceProcessor::execute queues: 1, RefProcThreadModel::Single, marks_oops_alive: false
[15.638s][debug][gc,phases      ] GC(29) Reference Processing 0.143ms
[15.638s][debug][gc,phases      ] GC(29)   VM Weak                        Min:  0.0, Avg:  0.0, Max:  0.0, Diff:  0.0, Sum:  0.0, Workers: 4
[15.638s][debug][gc,phases      ] GC(29)     Dead                           Min: 0, Avg:  0.0, Max: 0, Diff: 0, Sum: 0, Workers: 4
[15.638s][debug][gc,phases      ] GC(29)     Total                          Min: 0, Avg: 145.2, Max: 512, Diff: 512, Sum: 581, Workers: 4
[15.638s][debug][gc,phases      ] GC(29)   ObjectSynchronizer Weak        Min:  0.0, Avg:  0.0, Max:  0.0, Diff:  0.0, Sum:  0.0, Workers: 4
[15.638s][debug][gc,phases      ] GC(29)     Dead                           Min: 0, Avg:  0.0, Max: 0, Diff: 0, Sum: 0, Workers: 4
[15.638s][debug][gc,phases      ] GC(29)     Total                          Min: 0, Avg: 95.2, Max: 189, Diff: 189, Sum: 381, Workers: 4
[15.638s][debug][gc,phases      ] GC(29)   JVMTI Tag Weak OopStorage      Min:  0.0, Avg:  0.0, Max:  0.0, Diff:  0.0, Sum:  0.0, Workers: 4
[15.638s][debug][gc,phases      ] GC(29)     Dead                           Min: 0, Avg:  0.0, Max: 0, Diff: 0, Sum: 0, Workers: 4
[15.638s][debug][gc,phases      ] GC(29)     Total                          Min: 0, Avg:  0.0, Max: 0, Diff: 0, Sum: 0, Workers: 4
[15.638s][debug][gc,phases      ] GC(29)   StringTable Weak               Min:  0.1, Avg:  0.1, Max:  0.1, Diff:  0.0, Sum:  0.4, Workers: 4
[15.638s][debug][gc,phases      ] GC(29)     Dead                           Min: 0, Avg:  3.2, Max: 11, Diff: 11, Sum: 13, Workers: 4
[15.638s][debug][gc,phases      ] GC(29)     Total                          Min: 10176, Avg: 10619.5, Max: 11200, Diff: 1024, Sum: 42478, Workers: 4
[15.638s][debug][gc,phases      ] GC(29)   ResolvedMethodTable Weak       Min:  0.0, Avg:  0.0, Max:  0.0, Diff:  0.0, Sum:  0.1, Workers: 4
[15.638s][debug][gc,phases      ] GC(29)     Dead                           Min: 0, Avg:  6.0, Max: 22, Diff: 22, Sum: 24, Workers: 4
[15.638s][debug][gc,phases      ] GC(29)     Total                          Min: 1600, Avg: 1711.2, Max: 1792, Diff: 192, Sum: 6845, Workers: 4
[15.638s][debug][gc,phases      ] GC(29)   JNI Weak                       Min:  0.0, Avg:  0.0, Max:  0.0, Diff:  0.0, Sum:  0.0, Workers: 4
[15.638s][debug][gc,phases      ] GC(29)     Dead                           Min: 0, Avg:  0.0, Max: 0, Diff: 0, Sum: 0, Workers: 4
[15.638s][debug][gc,phases      ] GC(29)     Total                          Min: 0, Avg:  0.0, Max: 0, Diff: 0, Sum: 0, Workers: 4
[15.638s][debug][gc,phases      ] GC(29)   StringDedup Table Weak         Min:  0.0, Avg:  0.0, Max:  0.0, Diff:  0.0, Sum:  0.0, Workers: 4
[15.638s][debug][gc,phases      ] GC(29)     Dead                           Min: 0, Avg:  0.0, Max: 0, Diff: 0, Sum: 0, Workers: 4
[15.638s][debug][gc,phases      ] GC(29)     Total                          Min: 0, Avg:  0.0, Max: 0, Diff: 0, Sum: 0, Workers: 4
[15.638s][debug][gc,phases      ] GC(29)   StringDedup Requests0 Weak     Min:  0.0, Avg:  0.0, Max:  0.0, Diff:  0.0, Sum:  0.0, Workers: 4
[15.638s][debug][gc,phases      ] GC(29)     Dead                           Min: 0, Avg:  0.0, Max: 0, Diff: 0, Sum: 0, Workers: 4
[15.638s][debug][gc,phases      ] GC(29)     Total                          Min: 0, Avg:  0.0, Max: 0, Diff: 0, Sum: 0, Workers: 4
[15.638s][debug][gc,phases      ] GC(29)   StringDedup Requests1 Weak     Min:  0.0, Avg:  0.0, Max:  0.0, Diff:  0.0, Sum:  0.0, Workers: 4
[15.638s][debug][gc,phases      ] GC(29)     Dead                           Min: 0, Avg:  0.0, Max: 0, Diff: 0, Sum: 0, Workers: 4
[15.638s][debug][gc,phases      ] GC(29)     Total                          Min: 0, Avg:  0.0, Max: 0, Diff: 0, Sum: 0, Workers: 4
[15.638s][debug][gc,phases      ] GC(29)   Weak JFR Old Object Samples    Min:  0.0, Avg:  0.0, Max:  0.0, Diff:  0.0, Sum:  0.0, Workers: 4
[15.638s][debug][gc,phases      ] GC(29)     Dead                           Min: 0, Avg:  0.0, Max: 0, Diff: 0, Sum: 0, Workers: 4
[15.638s][debug][gc,phases      ] GC(29)     Total                          Min: 0, Avg:  0.0, Max: 0, Diff: 0, Sum: 0, Workers: 4
[15.638s][debug][gc,phases      ] GC(29) Weak Processing 0.305ms
[15.638s][debug][gc,age         ] GC(29) Desired survivor size 372768768 bytes, new threshold 15 (max threshold 15)
[15.638s][info ][gc,heap        ] GC(29) PSYoungGen: 1687552K(1691648K)->255760K(1687552K) Eden: 1431552K(1431552K)->0K(1431552K) From: 256000K(260096K)->255760K(256000K)
[15.638s][info ][gc,heap        ] GC(29) ParOldGen: 273196K(347648K)->273204K(347648K)
[15.638s][info ][gc,metaspace   ] GC(29) Metaspace: 67072K(67840K)->67072K(67840K) NonClass: 57255K(57664K)->57255K(57664K) Class: 9817K(10176K)->9817K(10176K)
[15.638s][info ][gc             ] GC(29) Pause Young (Allocation Failure) 1914M->516M(1987M) 112.193ms
[15.638s][info ][gc,cpu         ] GC(29) User=0.44s Sys=0.00s Real=0.12s
[15.638s][info ][safepoint      ] Safepoint "ParallelGCFailedAllocation", Time since last: 39806132 ns, Reaching safepoint: 4327579 ns, At safepoint: 112311965 ns, Total: 116639544 ns
[15.661s][info ][safepoint      ] Safepoint "ICBufferFull", Time since last: 23024924 ns, Reaching safepoint: 127102 ns, At safepoint: 25900 ns, Total: 153002 ns
[15.677s][info ][safepoint      ] Safepoint "ICBufferFull", Time since last: 15120778 ns, Reaching safepoint: 127403 ns, At safepoint: 27600 ns, Total: 155003 ns
[15.698s][info ][safepoint      ] Safepoint "ICBufferFull", Time since last: 21017687 ns, Reaching safepoint: 186303 ns, At safepoint: 33701 ns, Total: 220004 ns
[15.744s][info ][safepoint      ] Safepoint "ICBufferFull", Time since last: 45192831 ns, Reaching safepoint: 892016 ns, At safepoint: 33601 ns, Total: 925617 ns
[15.777s][info ][safepoint      ] Safepoint "ICBufferFull", Time since last: 29470141 ns, Reaching safepoint: 3376062 ns, At safepoint: 34401 ns, Total: 3410463 ns
[15.783s][info ][safepoint      ] Safepoint "ICBufferFull", Time since last: 6103212 ns, Reaching safepoint: 115702 ns, At safepoint: 36101 ns, Total: 151803 ns
[15.807s][info ][safepoint      ] Safepoint "ICBufferFull", Time since last: 23447331 ns, Reaching safepoint: 134903 ns, At safepoint: 27800 ns, Total: 162703 ns
[15.826s][info ][safepoint      ] Safepoint "ICBufferFull", Time since last: 15802491 ns, Reaching safepoint: 3196058 ns, At safepoint: 32901 ns, Total: 3228959 ns
[15.831s][info ][safepoint      ] Safepoint "ICBufferFull", Time since last: 4951891 ns, Reaching safepoint: 106302 ns, At safepoint: 28101 ns, Total: 134403 ns
[15.838s][info ][safepoint      ] Safepoint "ICBufferFull", Time since last: 6738423 ns, Reaching safepoint: 122803 ns, At safepoint: 27700 ns, Total: 150503 ns
[15.858s][info ][safepoint      ] Safepoint "ICBufferFull", Time since last: 20702781 ns, Reaching safepoint: 142202 ns, At safepoint: 25101 ns, Total: 167303 ns
[15.868s][info ][safepoint      ] Safepoint "ICBufferFull", Time since last: 9347172 ns, Reaching safepoint: 126502 ns, At safepoint: 27301 ns, Total: 153803 ns
[15.879s][info ][safepoint      ] Safepoint "ICBufferFull", Time since last: 10366190 ns, Reaching safepoint: 130303 ns, At safepoint: 33100 ns, Total: 163403 ns
[15.886s][info ][safepoint      ] Safepoint "ICBufferFull", Time since last: 7802044 ns, Reaching safepoint: 118902 ns, At safepoint: 26600 ns, Total: 145502 ns
[15.893s][info ][safepoint      ] Safepoint "ICBufferFull", Time since last: 5945310 ns, Reaching safepoint: 111302 ns, At safepoint: 25100 ns, Total: 136402 ns
[15.898s][info ][safepoint      ] Safepoint "ICBufferFull", Time since last: 5749906 ns, Reaching safepoint: 145103 ns, At safepoint: 23700 ns, Total: 168803 ns
[15.953s][info ][safepoint      ] Safepoint "ICBufferFull", Time since last: 53680087 ns, Reaching safepoint: 345806 ns, At safepoint: 25901 ns, Total: 371707 ns
[15.972s][info ][gc,start       ] GC(30) Pause Young (Allocation Failure)
[16.096s][debug][gc,phases      ] GC(30) Scavenge 123.126ms
[16.096s][debug][gc,ref         ] GC(30) Skipped phase 1 of Reference Processing: no references
[16.096s][debug][gc,ref         ] GC(30) ReferenceProcessor::execute queues: 1, RefProcThreadModel::Single, marks_oops_alive: false
[16.096s][debug][gc,ref         ] GC(30) Skipped phase 3 of Reference Processing: no references
[16.096s][debug][gc,ref         ] GC(30) ReferenceProcessor::execute queues: 1, RefProcThreadModel::Single, marks_oops_alive: false
[16.096s][debug][gc,phases      ] GC(30) Reference Processing 0.131ms
[16.096s][debug][gc,phases      ] GC(30)   VM Weak                        Min:  0.0, Avg:  0.0, Max:  0.0, Diff:  0.0, Sum:  0.0, Workers: 4
[16.096s][debug][gc,phases      ] GC(30)     Dead                           Min: 0, Avg:  0.0, Max: 0, Diff: 0, Sum: 0, Workers: 4
[16.096s][debug][gc,phases      ] GC(30)     Total                          Min: 0, Avg: 145.2, Max: 453, Diff: 453, Sum: 581, Workers: 4
[16.096s][debug][gc,phases      ] GC(30)   ObjectSynchronizer Weak        Min:  0.0, Avg:  0.0, Max:  0.0, Diff:  0.0, Sum:  0.0, Workers: 4
[16.096s][debug][gc,phases      ] GC(30)     Dead                           Min: 0, Avg:  0.0, Max: 0, Diff: 0, Sum: 0, Workers: 4
[16.096s][debug][gc,phases      ] GC(30)     Total                          Min: 0, Avg: 95.2, Max: 192, Diff: 192, Sum: 381, Workers: 4
[16.096s][debug][gc,phases      ] GC(30)   JVMTI Tag Weak OopStorage      Min:  0.0, Avg:  0.0, Max:  0.0, Diff:  0.0, Sum:  0.0, Workers: 4
[16.096s][debug][gc,phases      ] GC(30)     Dead                           Min: 0, Avg:  0.0, Max: 0, Diff: 0, Sum: 0, Workers: 4
[16.096s][debug][gc,phases      ] GC(30)     Total                          Min: 0, Avg:  0.0, Max: 0, Diff: 0, Sum: 0, Workers: 4
[16.096s][debug][gc,phases      ] GC(30)   StringTable Weak               Min:  0.1, Avg:  0.1, Max:  0.1, Diff:  0.0, Sum:  0.4, Workers: 4
[16.096s][debug][gc,phases      ] GC(30)     Dead                           Min: 0, Avg:  2.8, Max: 8, Diff: 8, Sum: 11, Workers: 4
[16.096s][debug][gc,phases      ] GC(30)     Total                          Min: 9984, Avg: 10623.0, Max: 10880, Diff: 896, Sum: 42492, Workers: 4
[16.096s][debug][gc,phases      ] GC(30)   ResolvedMethodTable Weak       Min:  0.0, Avg:  0.0, Max:  0.0, Diff:  0.0, Sum:  0.1, Workers: 4
[16.096s][debug][gc,phases      ] GC(30)     Dead                           Min: 0, Avg:  0.0, Max: 0, Diff: 0, Sum: 0, Workers: 4
[16.096s][debug][gc,phases      ] GC(30)     Total                          Min: 1597, Avg: 1711.2, Max: 1856, Diff: 259, Sum: 6845, Workers: 4
[16.096s][debug][gc,phases      ] GC(30)   JNI Weak                       Min:  0.0, Avg:  0.0, Max:  0.0, Diff:  0.0, Sum:  0.0, Workers: 4
[16.096s][debug][gc,phases      ] GC(30)     Dead                           Min: 0, Avg:  0.0, Max: 0, Diff: 0, Sum: 0, Workers: 4
[16.096s][debug][gc,phases      ] GC(30)     Total                          Min: 0, Avg:  0.0, Max: 0, Diff: 0, Sum: 0, Workers: 4
[16.096s][debug][gc,phases      ] GC(30)   StringDedup Table Weak         Min:  0.0, Avg:  0.0, Max:  0.0, Diff:  0.0, Sum:  0.0, Workers: 4
[16.096s][debug][gc,phases      ] GC(30)     Dead                           Min: 0, Avg:  0.0, Max: 0, Diff: 0, Sum: 0, Workers: 4
[16.096s][debug][gc,phases      ] GC(30)     Total                          Min: 0, Avg:  0.0, Max: 0, Diff: 0, Sum: 0, Workers: 4
[16.096s][debug][gc,phases      ] GC(30)   StringDedup Requests0 Weak     Min:  0.0, Avg:  0.0, Max:  0.0, Diff:  0.0, Sum:  0.0, Workers: 4
[16.096s][debug][gc,phases      ] GC(30)     Dead                           Min: 0, Avg:  0.0, Max: 0, Diff: 0, Sum: 0, Workers: 4
[16.096s][debug][gc,phases      ] GC(30)     Total                          Min: 0, Avg:  0.0, Max: 0, Diff: 0, Sum: 0, Workers: 4
[16.096s][debug][gc,phases      ] GC(30)   StringDedup Requests1 Weak     Min:  0.0, Avg:  0.0, Max:  0.0, Diff:  0.0, Sum:  0.0, Workers: 4
[16.096s][debug][gc,phases      ] GC(30)     Dead                           Min: 0, Avg:  0.0, Max: 0, Diff: 0, Sum: 0, Workers: 4
[16.096s][debug][gc,phases      ] GC(30)     Total                          Min: 0, Avg:  0.0, Max: 0, Diff: 0, Sum: 0, Workers: 4
[16.096s][debug][gc,phases      ] GC(30)   Weak JFR Old Object Samples    Min:  0.0, Avg:  0.0, Max:  0.0, Diff:  0.0, Sum:  0.0, Workers: 4
[16.096s][debug][gc,phases      ] GC(30)     Dead                           Min: 0, Avg:  0.0, Max: 0, Diff: 0, Sum: 0, Workers: 4
[16.096s][debug][gc,phases      ] GC(30)     Total                          Min: 0, Avg:  0.0, Max: 0, Diff: 0, Sum: 0, Workers: 4
[16.096s][debug][gc,phases      ] GC(30) Weak Processing 0.300ms
[16.096s][debug][gc,age         ] GC(30) Desired survivor size 397410304 bytes, new threshold 15 (max threshold 15)
[16.096s][info ][gc,heap        ] GC(30) PSYoungGen: 1687312K(1687552K)->254992K(1684992K) Eden: 1431552K(1431552K)->0K(1320960K) From: 255760K(256000K)->254992K(364032K)
[16.096s][info ][gc,heap        ] GC(30) ParOldGen: 273204K(347648K)->273212K(347648K)
[16.096s][info ][gc,metaspace   ] GC(30) Metaspace: 67138K(67904K)->67138K(67904K) NonClass: 57321K(57728K)->57321K(57728K) Class: 9817K(10176K)->9817K(10176K)
[16.096s][info ][gc             ] GC(30) Pause Young (Allocation Failure) 1914M->515M(1985M) 123.714ms
[16.096s][info ][gc,cpu         ] GC(30) User=0.49s Sys=0.00s Real=0.12s
[16.096s][info ][safepoint      ] Safepoint "ParallelGCFailedAllocation", Time since last: 19714962 ns, Reaching safepoint: 144103 ns, At safepoint: 123861577 ns, Total: 124005680 ns
[16.117s][info ][safepoint      ] Safepoint "ICBufferFull", Time since last: 21087388 ns, Reaching safepoint: 135102 ns, At safepoint: 28601 ns, Total: 163703 ns
[16.125s][info ][safepoint      ] Safepoint "ICBufferFull", Time since last: 7589939 ns, Reaching safepoint: 117302 ns, At safepoint: 28101 ns, Total: 145403 ns
[16.136s][info ][safepoint      ] Safepoint "ICBufferFull", Time since last: 4878590 ns, Reaching safepoint: 5557602 ns, At safepoint: 39301 ns, Total: 5596903 ns
[16.178s][info ][safepoint      ] Safepoint "ICBufferFull", Time since last: 42275477 ns, Reaching safepoint: 153703 ns, At safepoint: 32300 ns, Total: 186003 ns
[16.194s][info ][safepoint      ] Safepoint "ICBufferFull", Time since last: 15895793 ns, Reaching safepoint: 132602 ns, At safepoint: 27400 ns, Total: 160002 ns
[16.204s][info ][safepoint      ] Safepoint "ICBufferFull", Time since last: 9453074 ns, Reaching safepoint: 117502 ns, At safepoint: 31601 ns, Total: 149103 ns
[16.205s][info ][safepoint      ] Safepoint "ICBufferFull", Time since last: 754214 ns, Reaching safepoint: 102502 ns, At safepoint: 28100 ns, Total: 130602 ns
[16.206s][info ][safepoint      ] Safepoint "ICBufferFull", Time since last: 1053520 ns, Reaching safepoint: 109602 ns, At safepoint: 28100 ns, Total: 137702 ns
[16.207s][info ][safepoint      ] Safepoint "ICBufferFull", Time since last: 1119021 ns, Reaching safepoint: 437808 ns, At safepoint: 28900 ns, Total: 466708 ns
[16.222s][info ][safepoint      ] Safepoint "ICBufferFull", Time since last: 14216762 ns, Reaching safepoint: 142402 ns, At safepoint: 28101 ns, Total: 170503 ns
[16.245s][info ][safepoint      ] Safepoint "ICBufferFull", Time since last: 22744418 ns, Reaching safepoint: 129702 ns, At safepoint: 28301 ns, Total: 158003 ns
[16.251s][info ][safepoint      ] Safepoint "ICBufferFull", Time since last: 6312916 ns, Reaching safepoint: 118802 ns, At safepoint: 26901 ns, Total: 145703 ns
[16.270s][info ][safepoint      ] Safepoint "ICBufferFull", Time since last: 14437565 ns, Reaching safepoint: 4272679 ns, At safepoint: 37700 ns, Total: 4310379 ns
[16.286s][info ][safepoint      ] Safepoint "ICBufferFull", Time since last: 16327901 ns, Reaching safepoint: 86301 ns, At safepoint: 27501 ns, Total: 113802 ns
[16.291s][info ][safepoint      ] Safepoint "ICBufferFull", Time since last: 4245778 ns, Reaching safepoint: 105402 ns, At safepoint: 28500 ns, Total: 133902 ns
[16.298s][info ][safepoint      ] Safepoint "ICBufferFull", Time since last: 7381636 ns, Reaching safepoint: 115302 ns, At safepoint: 26400 ns, Total: 141702 ns
[16.305s][info ][safepoint      ] Safepoint "ICBufferFull", Time since last: 6266716 ns, Reaching safepoint: 820115 ns, At safepoint: 27000 ns, Total: 847115 ns
[16.321s][info ][safepoint      ] Safepoint "ICBufferFull", Time since last: 10160687 ns, Reaching safepoint: 5305998 ns, At safepoint: 33700 ns, Total: 5339698 ns
[16.339s][info ][safepoint      ] Safepoint "ICBufferFull", Time since last: 17974031 ns, Reaching safepoint: 85401 ns, At safepoint: 35901 ns, Total: 121302 ns
[16.345s][info ][safepoint      ] Safepoint "ICBufferFull", Time since last: 5524201 ns, Reaching safepoint: 121503 ns, At safepoint: 28100 ns, Total: 149603 ns
[16.350s][info ][safepoint      ] Safepoint "ICBufferFull", Time since last: 5387099 ns, Reaching safepoint: 112502 ns, At safepoint: 24501 ns, Total: 137003 ns
[16.356s][info ][safepoint      ] Safepoint "ICBufferFull", Time since last: 5379199 ns, Reaching safepoint: 127902 ns, At safepoint: 29801 ns, Total: 157703 ns
[16.375s][info ][safepoint      ] Safepoint "ICBufferFull", Time since last: 18863546 ns, Reaching safepoint: 133803 ns, At safepoint: 26500 ns, Total: 160303 ns
[16.385s][info ][safepoint      ] Safepoint "ICBufferFull", Time since last: 10051585 ns, Reaching safepoint: 132803 ns, At safepoint: 26800 ns, Total: 159603 ns
[16.392s][info ][safepoint      ] Safepoint "ICBufferFull", Time since last: 4382381 ns, Reaching safepoint: 2107138 ns, At safepoint: 32001 ns, Total: 2139139 ns
[16.396s][info ][safepoint      ] Safepoint "ICBufferFull", Time since last: 4616585 ns, Reaching safepoint: 110202 ns, At safepoint: 31100 ns, Total: 141302 ns
[16.410s][info ][safepoint      ] Safepoint "ICBufferFull", Time since last: 13611051 ns, Reaching safepoint: 203503 ns, At safepoint: 23901 ns, Total: 227404 ns
[16.415s][info ][safepoint      ] Safepoint "ICBufferFull", Time since last: 5033192 ns, Reaching safepoint: 140003 ns, At safepoint: 25600 ns, Total: 165603 ns
[16.422s][info ][safepoint      ] Safepoint "ICBufferFull", Time since last: 6115113 ns, Reaching safepoint: 122502 ns, At safepoint: 25701 ns, Total: 148203 ns
[16.433s][info ][safepoint      ] Safepoint "ICBufferFull", Time since last: 10800798 ns, Reaching safepoint: 124502 ns, At safepoint: 31601 ns, Total: 156103 ns
[16.453s][info ][safepoint      ] Safepoint "ICBufferFull", Time since last: 19891766 ns, Reaching safepoint: 962517 ns, At safepoint: 26201 ns, Total: 988718 ns
[16.462s][info ][safepoint      ] Safepoint "ICBufferFull", Time since last: 4932691 ns, Reaching safepoint: 3218759 ns, At safepoint: 36500 ns, Total: 3255259 ns
[16.467s][info ][safepoint      ] Safepoint "ICBufferFull", Time since last: 5685105 ns, Reaching safepoint: 126102 ns, At safepoint: 38401 ns, Total: 164503 ns
[16.487s][info ][safepoint      ] Safepoint "ICBufferFull", Time since last: 19333256 ns, Reaching safepoint: 97901 ns, At safepoint: 25201 ns, Total: 123102 ns
[16.490s][info ][safepoint      ] Safepoint "ICBufferFull", Time since last: 3390262 ns, Reaching safepoint: 114302 ns, At safepoint: 61001 ns, Total: 175303 ns
[16.494s][info ][gc,start       ] GC(31) Pause Young (Allocation Failure)
[16.606s][debug][gc,phases      ] GC(31) Scavenge 112.492ms
[16.606s][debug][gc,ref         ] GC(31) Skipped phase 1 of Reference Processing: no references
[16.606s][debug][gc,ref         ] GC(31) ReferenceProcessor::execute queues: 1, RefProcThreadModel::Single, marks_oops_alive: false
[16.606s][debug][gc,ref         ] GC(31) Skipped phase 3 of Reference Processing: no references
[16.606s][debug][gc,ref         ] GC(31) ReferenceProcessor::execute queues: 1, RefProcThreadModel::Single, marks_oops_alive: false
[16.606s][debug][gc,phases      ] GC(31) Reference Processing 0.137ms
[16.606s][debug][gc,phases      ] GC(31)   VM Weak                        Min:  0.0, Avg:  0.0, Max:  0.0, Diff:  0.0, Sum:  0.0, Workers: 4
[16.606s][debug][gc,phases      ] GC(31)     Dead                           Min: 0, Avg:  0.0, Max: 0, Diff: 0, Sum: 0, Workers: 4
[16.606s][debug][gc,phases      ] GC(31)     Total                          Min: 0, Avg: 146.5, Max: 586, Diff: 586, Sum: 586, Workers: 4
[16.606s][debug][gc,phases      ] GC(31)   ObjectSynchronizer Weak        Min:  0.0, Avg:  0.0, Max:  0.0, Diff:  0.0, Sum:  0.0, Workers: 4
[16.606s][debug][gc,phases      ] GC(31)     Dead                           Min: 0, Avg:  0.0, Max: 0, Diff: 0, Sum: 0, Workers: 4
[16.606s][debug][gc,phases      ] GC(31)     Total                          Min: 0, Avg: 95.2, Max: 192, Diff: 192, Sum: 381, Workers: 4
[16.606s][debug][gc,phases      ] GC(31)   JVMTI Tag Weak OopStorage      Min:  0.0, Avg:  0.0, Max:  0.0, Diff:  0.0, Sum:  0.0, Workers: 4
[16.606s][debug][gc,phases      ] GC(31)     Dead                           Min: 0, Avg:  0.0, Max: 0, Diff: 0, Sum: 0, Workers: 4
[16.607s][debug][gc,phases      ] GC(31)     Total                          Min: 0, Avg:  0.0, Max: 0, Diff: 0, Sum: 0, Workers: 4
[16.607s][debug][gc,phases      ] GC(31)   StringTable Weak               Min:  0.1, Avg:  0.1, Max:  0.1, Diff:  0.0, Sum:  0.4, Workers: 4
[16.607s][debug][gc,phases      ] GC(31)     Dead                           Min: 0, Avg:  2.8, Max: 11, Diff: 11, Sum: 11, Workers: 4
[16.607s][debug][gc,phases      ] GC(31)     Total                          Min: 9152, Avg: 10635.0, Max: 12279, Diff: 3127, Sum: 42540, Workers: 4
[16.607s][debug][gc,phases      ] GC(31)   ResolvedMethodTable Weak       Min:  0.0, Avg:  0.0, Max:  0.0, Diff:  0.0, Sum:  0.1, Workers: 4
[16.607s][debug][gc,phases      ] GC(31)     Dead                           Min: 0, Avg:  4.0, Max: 16, Diff: 16, Sum: 16, Workers: 4
[16.607s][debug][gc,phases      ] GC(31)     Total                          Min: 1462, Avg: 1723.0, Max: 1856, Diff: 394, Sum: 6892, Workers: 4
[16.607s][debug][gc,phases      ] GC(31)   JNI Weak                       Min:  0.0, Avg:  0.0, Max:  0.0, Diff:  0.0, Sum:  0.0, Workers: 4
[16.607s][debug][gc,phases      ] GC(31)     Dead                           Min: 0, Avg:  0.0, Max: 0, Diff: 0, Sum: 0, Workers: 4
[16.607s][debug][gc,phases      ] GC(31)     Total                          Min: 0, Avg:  1.5, Max: 6, Diff: 6, Sum: 6, Workers: 4
[16.607s][debug][gc,phases      ] GC(31)   StringDedup Table Weak         Min:  0.0, Avg:  0.0, Max:  0.0, Diff:  0.0, Sum:  0.0, Workers: 4
[16.607s][debug][gc,phases      ] GC(31)     Dead                           Min: 0, Avg:  0.0, Max: 0, Diff: 0, Sum: 0, Workers: 4
[16.607s][debug][gc,phases      ] GC(31)     Total                          Min: 0, Avg:  0.0, Max: 0, Diff: 0, Sum: 0, Workers: 4
[16.607s][debug][gc,phases      ] GC(31)   StringDedup Requests0 Weak     Min:  0.0, Avg:  0.0, Max:  0.0, Diff:  0.0, Sum:  0.0, Workers: 4
[16.607s][debug][gc,phases      ] GC(31)     Dead                           Min: 0, Avg:  0.0, Max: 0, Diff: 0, Sum: 0, Workers: 4
[16.607s][debug][gc,phases      ] GC(31)     Total                          Min: 0, Avg:  0.0, Max: 0, Diff: 0, Sum: 0, Workers: 4
[16.607s][debug][gc,phases      ] GC(31)   StringDedup Requests1 Weak     Min:  0.0, Avg:  0.0, Max:  0.0, Diff:  0.0, Sum:  0.0, Workers: 4
[16.607s][debug][gc,phases      ] GC(31)     Dead                           Min: 0, Avg:  0.0, Max: 0, Diff: 0, Sum: 0, Workers: 4
[16.607s][debug][gc,phases      ] GC(31)     Total                          Min: 0, Avg:  0.0, Max: 0, Diff: 0, Sum: 0, Workers: 4
[16.607s][debug][gc,phases      ] GC(31)   Weak JFR Old Object Samples    Min:  0.0, Avg:  0.0, Max:  0.0, Diff:  0.0, Sum:  0.0, Workers: 4
[16.607s][debug][gc,phases      ] GC(31)     Dead                           Min: 0, Avg:  0.0, Max: 0, Diff: 0, Sum: 0, Workers: 4
[16.607s][debug][gc,phases      ] GC(31)     Total                          Min: 0, Avg:  0.0, Max: 0, Diff: 0, Sum: 0, Workers: 4
[16.607s][debug][gc,phases      ] GC(31) Weak Processing 0.325ms
[16.607s][debug][gc,age         ] GC(31) Desired survivor size 415760384 bytes, new threshold 15 (max threshold 15)
[16.607s][info ][gc,heap        ] GC(31) PSYoungGen: 1575952K(1684992K)->253712K(1574912K) Eden: 1320960K(1320960K)->0K(1320960K) From: 254992K(364032K)->253712K(253952K)
[16.607s][info ][gc,heap        ] GC(31) ParOldGen: 273212K(347648K)->273220K(347648K)
[16.607s][info ][gc,metaspace   ] GC(31) Metaspace: 67308K(68032K)->67308K(68032K) NonClass: 57466K(57856K)->57466K(57856K) Class: 9842K(10176K)->9842K(10176K)
[16.607s][info ][gc             ] GC(31) Pause Young (Allocation Failure) 1805M->514M(1877M) 113.081ms
[16.607s][info ][gc,cpu         ] GC(31) User=0.45s Sys=0.00s Real=0.11s
[16.607s][info ][safepoint      ] Safepoint "ParallelGCFailedAllocation", Time since last: 2956455 ns, Reaching safepoint: 103702 ns, At safepoint: 113190081 ns, Total: 113293783 ns
[16.618s][info ][safepoint      ] Safepoint "ICBufferFull", Time since last: 10601595 ns, Reaching safepoint: 261104 ns, At safepoint: 25901 ns, Total: 287005 ns
[16.623s][info ][safepoint      ] Safepoint "ICBufferFull", Time since last: 4796088 ns, Reaching safepoint: 122202 ns, At safepoint: 29801 ns, Total: 152003 ns
[16.630s][info ][safepoint      ] Safepoint "ICBufferFull", Time since last: 6867926 ns, Reaching safepoint: 109602 ns, At safepoint: 34401 ns, Total: 144003 ns
[16.642s][info ][safepoint      ] Safepoint "ICBufferFull", Time since last: 12357327 ns, Reaching safepoint: 124102 ns, At safepoint: 26901 ns, Total: 151003 ns
[16.895s][info ][gc,start       ] GC(32) Pause Young (Allocation Failure)
[17.011s][debug][gc,phases      ] GC(32) Scavenge 115.562ms
[17.011s][debug][gc,ref         ] GC(32) Skipped phase 1 of Reference Processing: no references
[17.011s][debug][gc,ref         ] GC(32) ReferenceProcessor::execute queues: 1, RefProcThreadModel::Single, marks_oops_alive: false
[17.011s][debug][gc,ref         ] GC(32) Skipped phase 3 of Reference Processing: no references
[17.011s][debug][gc,ref         ] GC(32) ReferenceProcessor::execute queues: 1, RefProcThreadModel::Single, marks_oops_alive: false
[17.011s][debug][gc,phases      ] GC(32) Reference Processing 0.162ms
[17.011s][debug][gc,phases      ] GC(32)   VM Weak                        Min:  0.0, Avg:  0.0, Max:  0.0, Diff:  0.0, Sum:  0.0, Workers: 4
[17.011s][debug][gc,phases      ] GC(32)     Dead                           Min: 0, Avg:  0.0, Max: 0, Diff: 0, Sum: 0, Workers: 4
[17.011s][debug][gc,phases      ] GC(32)     Total                          Min: 0, Avg: 146.5, Max: 384, Diff: 384, Sum: 586, Workers: 4
[17.011s][debug][gc,phases      ] GC(32)   ObjectSynchronizer Weak        Min:  0.0, Avg:  0.0, Max:  0.0, Diff:  0.0, Sum:  0.0, Workers: 4
[17.011s][debug][gc,phases      ] GC(32)     Dead                           Min: 0, Avg:  0.0, Max: 0, Diff: 0, Sum: 0, Workers: 4
[17.011s][debug][gc,phases      ] GC(32)     Total                          Min: 0, Avg: 95.2, Max: 128, Diff: 128, Sum: 381, Workers: 4
[17.011s][debug][gc,phases      ] GC(32)   JVMTI Tag Weak OopStorage      Min:  0.0, Avg:  0.0, Max:  0.0, Diff:  0.0, Sum:  0.0, Workers: 4
[17.011s][debug][gc,phases      ] GC(32)     Dead                           Min: 0, Avg:  0.0, Max: 0, Diff: 0, Sum: 0, Workers: 4
[17.011s][debug][gc,phases      ] GC(32)     Total                          Min: 0, Avg:  0.0, Max: 0, Diff: 0, Sum: 0, Workers: 4
[17.011s][debug][gc,phases      ] GC(32)   StringTable Weak               Min:  0.0, Avg:  0.1, Max:  0.1, Diff:  0.1, Sum:  0.4, Workers: 4
[17.011s][debug][gc,phases      ] GC(32)     Dead                           Min: 0, Avg:  2.8, Max: 11, Diff: 11, Sum: 11, Workers: 4
[17.011s][debug][gc,phases      ] GC(32)     Total                          Min: 0, Avg: 10638.5, Max: 14400, Diff: 14400, Sum: 42554, Workers: 4
[17.011s][debug][gc,phases      ] GC(32)   ResolvedMethodTable Weak       Min:  0.0, Avg:  0.0, Max:  0.0, Diff:  0.0, Sum:  0.1, Workers: 4
[17.011s][debug][gc,phases      ] GC(32)     Dead                           Min: 0, Avg:  0.0, Max: 0, Diff: 0, Sum: 0, Workers: 4
[17.011s][debug][gc,phases      ] GC(32)     Total                          Min: 0, Avg: 1723.0, Max: 2496, Diff: 2496, Sum: 6892, Workers: 4
[17.011s][debug][gc,phases      ] GC(32)   JNI Weak                       Min:  0.0, Avg:  0.0, Max:  0.0, Diff:  0.0, Sum:  0.0, Workers: 4
[17.011s][debug][gc,phases      ] GC(32)     Dead                           Min: 0, Avg:  0.0, Max: 0, Diff: 0, Sum: 0, Workers: 4
[17.011s][debug][gc,phases      ] GC(32)     Total                          Min: 0, Avg:  2.0, Max: 8, Diff: 8, Sum: 8, Workers: 4
[17.011s][debug][gc,phases      ] GC(32)   StringDedup Table Weak         Min:  0.0, Avg:  0.0, Max:  0.0, Diff:  0.0, Sum:  0.0, Workers: 4
[17.011s][debug][gc,phases      ] GC(32)     Dead                           Min: 0, Avg:  0.0, Max: 0, Diff: 0, Sum: 0, Workers: 4
[17.011s][debug][gc,phases      ] GC(32)     Total                          Min: 0, Avg:  0.0, Max: 0, Diff: 0, Sum: 0, Workers: 4
[17.011s][debug][gc,phases      ] GC(32)   StringDedup Requests0 Weak     Min:  0.0, Avg:  0.0, Max:  0.0, Diff:  0.0, Sum:  0.0, Workers: 4
[17.011s][debug][gc,phases      ] GC(32)     Dead                           Min: 0, Avg:  0.0, Max: 0, Diff: 0, Sum: 0, Workers: 4
[17.011s][debug][gc,phases      ] GC(32)     Total                          Min: 0, Avg:  0.0, Max: 0, Diff: 0, Sum: 0, Workers: 4
[17.011s][debug][gc,phases      ] GC(32)   StringDedup Requests1 Weak     Min:  0.0, Avg:  0.0, Max:  0.0, Diff:  0.0, Sum:  0.0, Workers: 4
[17.011s][debug][gc,phases      ] GC(32)     Dead                           Min: 0, Avg:  0.0, Max: 0, Diff: 0, Sum: 0, Workers: 4
[17.011s][debug][gc,phases      ] GC(32)     Total                          Min: 0, Avg:  0.0, Max: 0, Diff: 0, Sum: 0, Workers: 4
[17.011s][debug][gc,phases      ] GC(32)   Weak JFR Old Object Samples    Min:  0.0, Avg:  0.0, Max:  0.0, Diff:  0.0, Sum:  0.0, Workers: 4
[17.011s][debug][gc,phases      ] GC(32)     Dead                           Min: 0, Avg:  0.0, Max: 0, Diff: 0, Sum: 0, Workers: 4
[17.011s][debug][gc,phases      ] GC(32)     Total                          Min: 0, Avg:  0.0, Max: 0, Diff: 0, Sum: 0, Workers: 4
[17.011s][debug][gc,phases      ] GC(32) Weak Processing 0.418ms
[17.011s][debug][gc,age         ] GC(32) Desired survivor size 427819008 bytes, new threshold 15 (max threshold 15)
[17.011s][info ][gc,heap        ] GC(32) PSYoungGen: 1574672K(1574912K)->251424K(1667584K) Eden: 1320960K(1320960K)->0K(1261568K) From: 253712K(253952K)->251424K(406016K)
[17.011s][info ][gc,heap        ] GC(32) ParOldGen: 273220K(347648K)->273228K(347648K)
[17.011s][info ][gc,metaspace   ] GC(32) Metaspace: 67415K(68160K)->67415K(68160K) NonClass: 57572K(57984K)->57572K(57984K) Class: 9842K(10176K)->9842K(10176K)
[17.011s][info ][gc             ] GC(32) Pause Young (Allocation Failure) 1804M->512M(1968M) 116.295ms
[17.011s][info ][gc,cpu         ] GC(32) User=0.46s Sys=0.01s Real=0.12s
[17.012s][info ][safepoint      ] Safepoint "ParallelGCFailedAllocation", Time since last: 252478842 ns, Reaching safepoint: 501709 ns, At safepoint: 116450441 ns, Total: 116952150 ns
[17.299s][info ][gc,start       ] GC(33) Pause Young (Allocation Failure)
[17.413s][debug][gc,phases      ] GC(33) Scavenge 113.892ms
[17.413s][debug][gc,ref         ] GC(33) Skipped phase 1 of Reference Processing: no references
[17.413s][debug][gc,ref         ] GC(33) ReferenceProcessor::execute queues: 1, RefProcThreadModel::Single, marks_oops_alive: false
[17.413s][debug][gc,ref         ] GC(33) Skipped phase 3 of Reference Processing: no references
[17.413s][debug][gc,ref         ] GC(33) ReferenceProcessor::execute queues: 1, RefProcThreadModel::Single, marks_oops_alive: false
[17.413s][debug][gc,phases      ] GC(33) Reference Processing 0.140ms
[17.413s][debug][gc,phases      ] GC(33)   VM Weak                        Min:  0.0, Avg:  0.0, Max:  0.0, Diff:  0.0, Sum:  0.0, Workers: 4
[17.413s][debug][gc,phases      ] GC(33)     Dead                           Min: 0, Avg:  0.0, Max: 0, Diff: 0, Sum: 0, Workers: 4
[17.413s][debug][gc,phases      ] GC(33)     Total                          Min: 0, Avg: 147.2, Max: 589, Diff: 589, Sum: 589, Workers: 4
[17.413s][debug][gc,phases      ] GC(33)   ObjectSynchronizer Weak        Min:  0.0, Avg:  0.0, Max:  0.0, Diff:  0.0, Sum:  0.0, Workers: 4
[17.413s][debug][gc,phases      ] GC(33)     Dead                           Min: 0, Avg:  0.0, Max: 0, Diff: 0, Sum: 0, Workers: 4
[17.413s][debug][gc,phases      ] GC(33)     Total                          Min: 0, Avg: 95.2, Max: 253, Diff: 253, Sum: 381, Workers: 4
[17.413s][debug][gc,phases      ] GC(33)   JVMTI Tag Weak OopStorage      Min:  0.0, Avg:  0.0, Max:  0.0, Diff:  0.0, Sum:  0.0, Workers: 4
[17.413s][debug][gc,phases      ] GC(33)     Dead                           Min: 0, Avg:  0.0, Max: 0, Diff: 0, Sum: 0, Workers: 4
[17.413s][debug][gc,phases      ] GC(33)     Total                          Min: 0, Avg:  0.0, Max: 0, Diff: 0, Sum: 0, Workers: 4
[17.413s][debug][gc,phases      ] GC(33)   StringTable Weak               Min:  0.1, Avg:  0.1, Max:  0.1, Diff:  0.0, Sum:  0.4, Workers: 4
[17.413s][debug][gc,phases      ] GC(33)     Dead                           Min: 0, Avg:  3.2, Max: 13, Diff: 13, Sum: 13, Workers: 4
[17.413s][debug][gc,phases      ] GC(33)     Total                          Min: 10235, Avg: 10651.5, Max: 11519, Diff: 1284, Sum: 42606, Workers: 4
[17.413s][debug][gc,phases      ] GC(33)   ResolvedMethodTable Weak       Min:  0.0, Avg:  0.0, Max:  0.0, Diff:  0.0, Sum:  0.1, Workers: 4
[17.413s][debug][gc,phases      ] GC(33)     Dead                           Min: 0, Avg:  4.2, Max: 16, Diff: 16, Sum: 17, Workers: 4
[17.413s][debug][gc,phases      ] GC(33)     Total                          Min: 1535, Avg: 1727.5, Max: 1920, Diff: 385, Sum: 6910, Workers: 4
[17.413s][debug][gc,phases      ] GC(33)   JNI Weak                       Min:  0.0, Avg:  0.0, Max:  0.0, Diff:  0.0, Sum:  0.0, Workers: 4
[17.413s][debug][gc,phases      ] GC(33)     Dead                           Min: 0, Avg:  0.0, Max: 0, Diff: 0, Sum: 0, Workers: 4
[17.413s][debug][gc,phases      ] GC(33)     Total                          Min: 0, Avg:  2.0, Max: 8, Diff: 8, Sum: 8, Workers: 4
[17.413s][debug][gc,phases      ] GC(33)   StringDedup Table Weak         Min:  0.0, Avg:  0.0, Max:  0.0, Diff:  0.0, Sum:  0.0, Workers: 4
[17.413s][debug][gc,phases      ] GC(33)     Dead                           Min: 0, Avg:  0.0, Max: 0, Diff: 0, Sum: 0, Workers: 4
[17.413s][debug][gc,phases      ] GC(33)     Total                          Min: 0, Avg:  0.0, Max: 0, Diff: 0, Sum: 0, Workers: 4
[17.413s][debug][gc,phases      ] GC(33)   StringDedup Requests0 Weak     Min:  0.0, Avg:  0.0, Max:  0.0, Diff:  0.0, Sum:  0.0, Workers: 4
[17.413s][debug][gc,phases      ] GC(33)     Dead                           Min: 0, Avg:  0.0, Max: 0, Diff: 0, Sum: 0, Workers: 4
[17.413s][debug][gc,phases      ] GC(33)     Total                          Min: 0, Avg:  0.0, Max: 0, Diff: 0, Sum: 0, Workers: 4
[17.413s][debug][gc,phases      ] GC(33)   StringDedup Requests1 Weak     Min:  0.0, Avg:  0.0, Max:  0.0, Diff:  0.0, Sum:  0.0, Workers: 4
[17.413s][debug][gc,phases      ] GC(33)     Dead                           Min: 0, Avg:  0.0, Max: 0, Diff: 0, Sum: 0, Workers: 4
[17.413s][debug][gc,phases      ] GC(33)     Total                          Min: 0, Avg:  0.0, Max: 0, Diff: 0, Sum: 0, Workers: 4
[17.413s][debug][gc,phases      ] GC(33)   Weak JFR Old Object Samples    Min:  0.0, Avg:  0.0, Max:  0.0, Diff:  0.0, Sum:  0.0, Workers: 4
[17.413s][debug][gc,phases      ] GC(33)     Dead                           Min: 0, Avg:  0.0, Max: 0, Diff: 0, Sum: 0, Workers: 4
[17.413s][debug][gc,phases      ] GC(33)     Total                          Min: 0, Avg:  0.0, Max: 0, Diff: 0, Sum: 0, Workers: 4
[17.413s][debug][gc,phases      ] GC(33) Weak Processing 0.346ms
[17.413s][debug][gc,age         ] GC(33) Desired survivor size 435683328 bytes, new threshold 15 (max threshold 15)
[17.413s][info ][gc,heap        ] GC(33) PSYoungGen: 1512992K(1667584K)->250688K(1512448K) Eden: 1261568K(1261568K)->0K(1261568K) From: 251424K(406016K)->250688K(250880K)
[17.413s][info ][gc,heap        ] GC(33) ParOldGen: 273228K(347648K)->273236K(347648K)
[17.413s][info ][gc,metaspace   ] GC(33) Metaspace: 67554K(68288K)->67554K(68288K) NonClass: 57702K(58112K)->57702K(58112K) Class: 9852K(10176K)->9852K(10176K)
[17.413s][info ][gc             ] GC(33) Pause Young (Allocation Failure) 1744M->511M(1816M) 114.567ms
[17.413s][info ][gc,cpu         ] GC(33) User=0.45s Sys=0.00s Real=0.11s
[17.413s][info ][safepoint      ] Safepoint "ParallelGCFailedAllocation", Time since last: 286597269 ns, Reaching safepoint: 688213 ns, At safepoint: 114675008 ns, Total: 115363221 ns
[17.693s][info ][gc,start       ] GC(34) Pause Young (Allocation Failure)
[17.801s][debug][gc,phases      ] GC(34) Scavenge 107.643ms
[17.801s][debug][gc,ref         ] GC(34) Skipped phase 1 of Reference Processing: no references
[17.801s][debug][gc,ref         ] GC(34) ReferenceProcessor::execute queues: 1, RefProcThreadModel::Single, marks_oops_alive: false
[17.801s][debug][gc,ref         ] GC(34) Skipped phase 3 of Reference Processing: no references
[17.801s][debug][gc,ref         ] GC(34) ReferenceProcessor::execute queues: 1, RefProcThreadModel::Single, marks_oops_alive: false
[17.801s][debug][gc,phases      ] GC(34) Reference Processing 0.136ms
[17.801s][debug][gc,phases      ] GC(34)   VM Weak                        Min:  0.0, Avg:  0.0, Max:  0.0, Diff:  0.0, Sum:  0.0, Workers: 4
[17.801s][debug][gc,phases      ] GC(34)     Dead                           Min: 0, Avg:  0.0, Max: 0, Diff: 0, Sum: 0, Workers: 4
[17.801s][debug][gc,phases      ] GC(34)     Total                          Min: 0, Avg: 147.2, Max: 320, Diff: 320, Sum: 589, Workers: 4
[17.801s][debug][gc,phases      ] GC(34)   ObjectSynchronizer Weak        Min:  0.0, Avg:  0.0, Max:  0.0, Diff:  0.0, Sum:  0.0, Workers: 4
[17.801s][debug][gc,phases      ] GC(34)     Dead                           Min: 0, Avg:  0.0, Max: 0, Diff: 0, Sum: 0, Workers: 4
[17.801s][debug][gc,phases      ] GC(34)     Total                          Min: 0, Avg: 95.2, Max: 128, Diff: 128, Sum: 381, Workers: 4
[17.801s][debug][gc,phases      ] GC(34)   JVMTI Tag Weak OopStorage      Min:  0.0, Avg:  0.0, Max:  0.0, Diff:  0.0, Sum:  0.0, Workers: 4
[17.801s][debug][gc,phases      ] GC(34)     Dead                           Min: 0, Avg:  0.0, Max: 0, Diff: 0, Sum: 0, Workers: 4
[17.801s][debug][gc,phases      ] GC(34)     Total                          Min: 0, Avg:  0.0, Max: 0, Diff: 0, Sum: 0, Workers: 4
[17.801s][debug][gc,phases      ] GC(34)   StringTable Weak               Min:  0.1, Avg:  0.1, Max:  0.1, Diff:  0.0, Sum:  0.4, Workers: 4
[17.801s][debug][gc,phases      ] GC(34)     Dead                           Min: 0, Avg:  0.0, Max: 0, Diff: 0, Sum: 0, Workers: 4
[17.801s][debug][gc,phases      ] GC(34)     Total                          Min: 10047, Avg: 10652.8, Max: 11712, Diff: 1665, Sum: 42611, Workers: 4
[17.801s][debug][gc,phases      ] GC(34)   ResolvedMethodTable Weak       Min:  0.0, Avg:  0.0, Max:  0.0, Diff:  0.0, Sum:  0.1, Workers: 4
[17.801s][debug][gc,phases      ] GC(34)     Dead                           Min: 0, Avg:  0.0, Max: 0, Diff: 0, Sum: 0, Workers: 4
[17.801s][debug][gc,phases      ] GC(34)     Total                          Min: 1599, Avg: 1727.5, Max: 1920, Diff: 321, Sum: 6910, Workers: 4
[17.801s][debug][gc,phases      ] GC(34)   JNI Weak                       Min:  0.0, Avg:  0.0, Max:  0.0, Diff:  0.0, Sum:  0.0, Workers: 4
[17.801s][debug][gc,phases      ] GC(34)     Dead                           Min: 0, Avg:  0.0, Max: 0, Diff: 0, Sum: 0, Workers: 4
[17.801s][debug][gc,phases      ] GC(34)     Total                          Min: 0, Avg:  4.8, Max: 19, Diff: 19, Sum: 19, Workers: 4
[17.801s][debug][gc,phases      ] GC(34)   StringDedup Table Weak         Min:  0.0, Avg:  0.0, Max:  0.0, Diff:  0.0, Sum:  0.0, Workers: 4
[17.801s][debug][gc,phases      ] GC(34)     Dead                           Min: 0, Avg:  0.0, Max: 0, Diff: 0, Sum: 0, Workers: 4
[17.801s][debug][gc,phases      ] GC(34)     Total                          Min: 0, Avg:  0.0, Max: 0, Diff: 0, Sum: 0, Workers: 4
[17.801s][debug][gc,phases      ] GC(34)   StringDedup Requests0 Weak     Min:  0.0, Avg:  0.0, Max:  0.0, Diff:  0.0, Sum:  0.0, Workers: 4
[17.801s][debug][gc,phases      ] GC(34)     Dead                           Min: 0, Avg:  0.0, Max: 0, Diff: 0, Sum: 0, Workers: 4
[17.801s][debug][gc,phases      ] GC(34)     Total                          Min: 0, Avg:  0.0, Max: 0, Diff: 0, Sum: 0, Workers: 4
[17.801s][debug][gc,phases      ] GC(34)   StringDedup Requests1 Weak     Min:  0.0, Avg:  0.0, Max:  0.0, Diff:  0.0, Sum:  0.0, Workers: 4
[17.801s][debug][gc,phases      ] GC(34)     Dead                           Min: 0, Avg:  0.0, Max: 0, Diff: 0, Sum: 0, Workers: 4
[17.801s][debug][gc,phases      ] GC(34)     Total                          Min: 0, Avg:  0.0, Max: 0, Diff: 0, Sum: 0, Workers: 4
[17.801s][debug][gc,phases      ] GC(34)   Weak JFR Old Object Samples    Min:  0.0, Avg:  0.0, Max:  0.0, Diff:  0.0, Sum:  0.0, Workers: 4
[17.801s][debug][gc,phases      ] GC(34)     Dead                           Min: 0, Avg:  0.0, Max: 0, Diff: 0, Sum: 0, Workers: 4
[17.801s][debug][gc,phases      ] GC(34)     Total                          Min: 0, Avg:  0.0, Max: 0, Diff: 0, Sum: 0, Workers: 4
[17.801s][debug][gc,phases      ] GC(34) Weak Processing 0.309ms
[17.801s][debug][gc,age         ] GC(34) Desired survivor size 439877632 bytes, new threshold 15 (max threshold 15)
[17.801s][info ][gc,heap        ] GC(34) PSYoungGen: 1512256K(1512448K)->249744K(1663488K) Eden: 1261568K(1261568K)->0K(1238016K) From: 250688K(250880K)->249744K(425472K)
[17.801s][info ][gc,heap        ] GC(34) ParOldGen: 273236K(347648K)->273244K(347648K)
[17.801s][info ][gc,metaspace   ] GC(34) Metaspace: 67585K(68288K)->67585K(68288K) NonClass: 57732K(58112K)->57732K(58112K) Class: 9852K(10176K)->9852K(10176K)
[17.801s][info ][gc             ] GC(34) Pause Young (Allocation Failure) 1743M->510M(1964M) 108.246ms
[17.801s][info ][gc,cpu         ] GC(34) User=0.44s Sys=0.00s Real=0.11s
[17.801s][info ][safepoint      ] Safepoint "ParallelGCFailedAllocation", Time since last: 279155933 ns, Reaching safepoint: 169403 ns, At safepoint: 108377693 ns, Total: 108547096 ns
[18.094s][info ][gc,start       ] GC(35) Pause Young (Allocation Failure)
[18.191s][debug][gc,phases      ] GC(35) Scavenge 96.804ms
[18.191s][debug][gc,ref         ] GC(35) Skipped phase 1 of Reference Processing: no references
[18.191s][debug][gc,ref         ] GC(35) ReferenceProcessor::execute queues: 1, RefProcThreadModel::Single, marks_oops_alive: false
[18.191s][debug][gc,ref         ] GC(35) Skipped phase 3 of Reference Processing: no references
[18.191s][debug][gc,ref         ] GC(35) ReferenceProcessor::execute queues: 1, RefProcThreadModel::Single, marks_oops_alive: false
[18.191s][debug][gc,phases      ] GC(35) Reference Processing 0.157ms
[18.191s][debug][gc,phases      ] GC(35)   VM Weak                        Min:  0.0, Avg:  0.0, Max:  0.0, Diff:  0.0, Sum:  0.0, Workers: 4
[18.191s][debug][gc,phases      ] GC(35)     Dead                           Min: 0, Avg:  0.0, Max: 0, Diff: 0, Sum: 0, Workers: 4
[18.191s][debug][gc,phases      ] GC(35)     Total                          Min: 0, Avg: 147.5, Max: 320, Diff: 320, Sum: 590, Workers: 4
[18.191s][debug][gc,phases      ] GC(35)   ObjectSynchronizer Weak        Min:  0.0, Avg:  0.0, Max:  0.0, Diff:  0.0, Sum:  0.0, Workers: 4
[18.191s][debug][gc,phases      ] GC(35)     Dead                           Min: 0, Avg:  0.0, Max: 0, Diff: 0, Sum: 0, Workers: 4
[18.191s][debug][gc,phases      ] GC(35)     Total                          Min: 0, Avg: 95.5, Max: 192, Diff: 192, Sum: 382, Workers: 4
[18.191s][debug][gc,phases      ] GC(35)   JVMTI Tag Weak OopStorage      Min:  0.0, Avg:  0.0, Max:  0.0, Diff:  0.0, Sum:  0.0, Workers: 4
[18.192s][debug][gc,phases      ] GC(35)     Dead                           Min: 0, Avg:  0.0, Max: 0, Diff: 0, Sum: 0, Workers: 4
[18.192s][debug][gc,phases      ] GC(35)     Total                          Min: 0, Avg:  0.0, Max: 0, Diff: 0, Sum: 0, Workers: 4
[18.192s][debug][gc,phases      ] GC(35)   StringTable Weak               Min:  0.1, Avg:  0.1, Max:  0.1, Diff:  0.0, Sum:  0.4, Workers: 4
[18.192s][debug][gc,phases      ] GC(35)     Dead                           Min: 0, Avg:  2.8, Max: 9, Diff: 9, Sum: 11, Workers: 4
[18.192s][debug][gc,phases      ] GC(35)     Total                          Min: 9472, Avg: 10660.5, Max: 11648, Diff: 2176, Sum: 42642, Workers: 4
[18.192s][debug][gc,phases      ] GC(35)   ResolvedMethodTable Weak       Min:  0.0, Avg:  0.0, Max:  0.0, Diff:  0.0, Sum:  0.1, Workers: 4
[18.192s][debug][gc,phases      ] GC(35)     Dead                           Min: 0, Avg:  4.2, Max: 14, Diff: 14, Sum: 17, Workers: 4
[18.192s][debug][gc,phases      ] GC(35)     Total                          Min: 1088, Avg: 1731.5, Max: 2048, Diff: 960, Sum: 6926, Workers: 4
[18.192s][debug][gc,phases      ] GC(35)   JNI Weak                       Min:  0.0, Avg:  0.0, Max:  0.0, Diff:  0.0, Sum:  0.0, Workers: 4
[18.192s][debug][gc,phases      ] GC(35)     Dead                           Min: 0, Avg:  0.0, Max: 0, Diff: 0, Sum: 0, Workers: 4
[18.192s][debug][gc,phases      ] GC(35)     Total                          Min: 0, Avg:  3.0, Max: 12, Diff: 12, Sum: 12, Workers: 4
[18.192s][debug][gc,phases      ] GC(35)   StringDedup Table Weak         Min:  0.0, Avg:  0.0, Max:  0.0, Diff:  0.0, Sum:  0.0, Workers: 4
[18.192s][debug][gc,phases      ] GC(35)     Dead                           Min: 0, Avg:  0.0, Max: 0, Diff: 0, Sum: 0, Workers: 4
[18.192s][debug][gc,phases      ] GC(35)     Total                          Min: 0, Avg:  0.0, Max: 0, Diff: 0, Sum: 0, Workers: 4
[18.192s][debug][gc,phases      ] GC(35)   StringDedup Requests0 Weak     Min:  0.0, Avg:  0.0, Max:  0.0, Diff:  0.0, Sum:  0.0, Workers: 4
[18.192s][debug][gc,phases      ] GC(35)     Dead                           Min: 0, Avg:  0.0, Max: 0, Diff: 0, Sum: 0, Workers: 4
[18.192s][debug][gc,phases      ] GC(35)     Total                          Min: 0, Avg:  0.0, Max: 0, Diff: 0, Sum: 0, Workers: 4
[18.192s][debug][gc,phases      ] GC(35)   StringDedup Requests1 Weak     Min:  0.0, Avg:  0.0, Max:  0.0, Diff:  0.0, Sum:  0.0, Workers: 4
[18.192s][debug][gc,phases      ] GC(35)     Dead                           Min: 0, Avg:  0.0, Max: 0, Diff: 0, Sum: 0, Workers: 4
[18.192s][debug][gc,phases      ] GC(35)     Total                          Min: 0, Avg:  0.0, Max: 0, Diff: 0, Sum: 0, Workers: 4
[18.192s][debug][gc,phases      ] GC(35)   Weak JFR Old Object Samples    Min:  0.0, Avg:  0.0, Max:  0.0, Diff:  0.0, Sum:  0.0, Workers: 4
[18.192s][debug][gc,phases      ] GC(35)     Dead                           Min: 0, Avg:  0.0, Max: 0, Diff: 0, Sum: 0, Workers: 4
[18.192s][debug][gc,phases      ] GC(35)     Total                          Min: 0, Avg:  0.0, Max: 0, Diff: 0, Sum: 0, Workers: 4
[18.192s][debug][gc,phases      ] GC(35) Weak Processing 0.352ms
[18.192s][debug][gc,age         ] GC(35) Desired survivor size 440926208 bytes, new threshold 15 (max threshold 15)
[18.192s][info ][gc,heap        ] GC(35) PSYoungGen: 1487760K(1663488K)->247472K(1485824K) Eden: 1238016K(1238016K)->0K(1238016K) From: 249744K(425472K)->247472K(247808K)
[18.192s][info ][gc,heap        ] GC(35) ParOldGen: 273244K(347648K)->273244K(347648K)
[18.192s][info ][gc,metaspace   ] GC(35) Metaspace: 67662K(68352K)->67662K(68352K) NonClass: 57799K(58176K)->57799K(58176K) Class: 9862K(10176K)->9862K(10176K)
[18.192s][info ][gc             ] GC(35) Pause Young (Allocation Failure) 1719M->508M(1790M) 97.465ms
[18.192s][info ][gc,cpu         ] GC(35) User=0.39s Sys=0.00s Real=0.10s
[18.192s][info ][safepoint      ] Safepoint "ParallelGCFailedAllocation", Time since last: 292794683 ns, Reaching safepoint: 187104 ns, At safepoint: 97582494 ns, Total: 97769598 ns
[18.557s][info ][gc,start       ] GC(36) Pause Young (Allocation Failure)
[18.659s][debug][gc,phases      ] GC(36) Scavenge 101.702ms
[18.659s][debug][gc,ref         ] GC(36) Skipped phase 1 of Reference Processing: no references
[18.659s][debug][gc,ref         ] GC(36) ReferenceProcessor::execute queues: 1, RefProcThreadModel::Single, marks_oops_alive: false
[18.659s][debug][gc,ref         ] GC(36) Skipped phase 3 of Reference Processing: no references
[18.659s][debug][gc,ref         ] GC(36) ReferenceProcessor::execute queues: 1, RefProcThreadModel::Single, marks_oops_alive: false
[18.659s][debug][gc,phases      ] GC(36) Reference Processing 0.167ms
[18.660s][debug][gc,phases      ] GC(36)   VM Weak                        Min:  0.0, Avg:  0.0, Max:  0.0, Diff:  0.0, Sum:  0.0, Workers: 4
[18.660s][debug][gc,phases      ] GC(36)     Dead                           Min: 0, Avg:  0.0, Max: 0, Diff: 0, Sum: 0, Workers: 4
[18.660s][debug][gc,phases      ] GC(36)     Total                          Min: 0, Avg: 147.5, Max: 590, Diff: 590, Sum: 590, Workers: 4
[18.660s][debug][gc,phases      ] GC(36)   ObjectSynchronizer Weak        Min:  0.0, Avg:  0.0, Max:  0.0, Diff:  0.0, Sum:  0.0, Workers: 4
[18.660s][debug][gc,phases      ] GC(36)     Dead                           Min: 0, Avg:  0.0, Max: 0, Diff: 0, Sum: 0, Workers: 4
[18.660s][debug][gc,phases      ] GC(36)     Total                          Min: 0, Avg: 95.5, Max: 318, Diff: 318, Sum: 382, Workers: 4
[18.660s][debug][gc,phases      ] GC(36)   JVMTI Tag Weak OopStorage      Min:  0.0, Avg:  0.0, Max:  0.0, Diff:  0.0, Sum:  0.0, Workers: 4
[18.660s][debug][gc,phases      ] GC(36)     Dead                           Min: 0, Avg:  0.0, Max: 0, Diff: 0, Sum: 0, Workers: 4
[18.660s][debug][gc,phases      ] GC(36)     Total                          Min: 0, Avg:  0.0, Max: 0, Diff: 0, Sum: 0, Workers: 4
[18.660s][debug][gc,phases      ] GC(36)   StringTable Weak               Min:  0.1, Avg:  0.1, Max:  0.1, Diff:  0.0, Sum:  0.5, Workers: 4
[18.660s][debug][gc,phases      ] GC(36)     Dead                           Min: 0, Avg:  2.8, Max: 11, Diff: 11, Sum: 11, Workers: 4
[18.660s][debug][gc,phases      ] GC(36)     Total                          Min: 10112, Avg: 10663.0, Max: 11230, Diff: 1118, Sum: 42652, Workers: 4
[18.660s][debug][gc,phases      ] GC(36)   ResolvedMethodTable Weak       Min:  0.0, Avg:  0.0, Max:  0.0, Diff:  0.0, Sum:  0.1, Workers: 4
[18.660s][debug][gc,phases      ] GC(36)     Dead                           Min: 0, Avg:  0.0, Max: 0, Diff: 0, Sum: 0, Workers: 4
[18.660s][debug][gc,phases      ] GC(36)     Total                          Min: 1536, Avg: 1731.5, Max: 1856, Diff: 320, Sum: 6926, Workers: 4
[18.660s][debug][gc,phases      ] GC(36)   JNI Weak                       Min:  0.0, Avg:  0.0, Max:  0.0, Diff:  0.0, Sum:  0.0, Workers: 4
[18.660s][debug][gc,phases      ] GC(36)     Dead                           Min: 0, Avg:  0.0, Max: 0, Diff: 0, Sum: 0, Workers: 4
[18.660s][debug][gc,phases      ] GC(36)     Total                          Min: 0, Avg:  0.2, Max: 1, Diff: 1, Sum: 1, Workers: 4
[18.660s][debug][gc,phases      ] GC(36)   StringDedup Table Weak         Min:  0.0, Avg:  0.0, Max:  0.0, Diff:  0.0, Sum:  0.0, Workers: 4
[18.660s][debug][gc,phases      ] GC(36)     Dead                           Min: 0, Avg:  0.0, Max: 0, Diff: 0, Sum: 0, Workers: 4
[18.660s][debug][gc,phases      ] GC(36)     Total                          Min: 0, Avg:  0.0, Max: 0, Diff: 0, Sum: 0, Workers: 4
[18.660s][debug][gc,phases      ] GC(36)   StringDedup Requests0 Weak     Min:  0.0, Avg:  0.0, Max:  0.0, Diff:  0.0, Sum:  0.0, Workers: 4
[18.660s][debug][gc,phases      ] GC(36)     Dead                           Min: 0, Avg:  0.0, Max: 0, Diff: 0, Sum: 0, Workers: 4
[18.660s][debug][gc,phases      ] GC(36)     Total                          Min: 0, Avg:  0.0, Max: 0, Diff: 0, Sum: 0, Workers: 4
[18.660s][debug][gc,phases      ] GC(36)   StringDedup Requests1 Weak     Min:  0.0, Avg:  0.0, Max:  0.0, Diff:  0.0, Sum:  0.0, Workers: 4
[18.660s][debug][gc,phases      ] GC(36)     Dead                           Min: 0, Avg:  0.0, Max: 0, Diff: 0, Sum: 0, Workers: 4
[18.660s][debug][gc,phases      ] GC(36)     Total                          Min: 0, Avg:  0.0, Max: 0, Diff: 0, Sum: 0, Workers: 4
[18.660s][debug][gc,phases      ] GC(36)   Weak JFR Old Object Samples    Min:  0.0, Avg:  0.0, Max:  0.0, Diff:  0.0, Sum:  0.0, Workers: 4
[18.660s][debug][gc,phases      ] GC(36)     Dead                           Min: 0, Avg:  0.0, Max: 0, Diff: 0, Sum: 0, Workers: 4
[18.660s][debug][gc,phases      ] GC(36)     Total                          Min: 0, Avg:  0.0, Max: 0, Diff: 0, Sum: 0, Workers: 4
[18.660s][debug][gc,phases      ] GC(36) Weak Processing 0.348ms
[18.660s][debug][gc,age         ] GC(36) Desired survivor size 438304768 bytes, new threshold 15 (max threshold 15)
[18.660s][info ][gc,heap        ] GC(36) PSYoungGen: 1485488K(1485824K)->243808K(1669120K) Eden: 1238016K(1238016K)->0K(1238528K) From: 247472K(247808K)->243808K(430592K)
[18.660s][info ][gc,heap        ] GC(36) ParOldGen: 273244K(347648K)->273252K(347648K)
[18.660s][info ][gc,metaspace   ] GC(36) Metaspace: 67682K(68416K)->67682K(68416K) NonClass: 57819K(58240K)->57819K(58240K) Class: 9862K(10176K)->9862K(10176K)
[18.660s][info ][gc             ] GC(36) Pause Young (Allocation Failure) 1717M->504M(1969M) 102.367ms
[18.660s][info ][gc,cpu         ] GC(36) User=0.41s Sys=0.00s Real=0.10s
[18.660s][info ][safepoint      ] Safepoint "ParallelGCFailedAllocation", Time since last: 365458819 ns, Reaching safepoint: 174004 ns, At safepoint: 102485784 ns, Total: 102659788 ns
[18.939s][info ][gc,start       ] GC(37) Pause Young (Allocation Failure)
[19.045s][debug][gc,phases      ] GC(37) Scavenge 106.444ms
[19.045s][debug][gc,ref         ] GC(37) Skipped phase 1 of Reference Processing: no references
[19.045s][debug][gc,ref         ] GC(37) ReferenceProcessor::execute queues: 1, RefProcThreadModel::Single, marks_oops_alive: false
[19.045s][debug][gc,ref         ] GC(37) Skipped phase 3 of Reference Processing: no references
[19.045s][debug][gc,ref         ] GC(37) ReferenceProcessor::execute queues: 1, RefProcThreadModel::Single, marks_oops_alive: false
[19.045s][debug][gc,phases      ] GC(37) Reference Processing 0.143ms
[19.046s][debug][gc,phases      ] GC(37)   VM Weak                        Min:  0.0, Avg:  0.0, Max:  0.0, Diff:  0.0, Sum:  0.0, Workers: 4
[19.046s][debug][gc,phases      ] GC(37)     Dead                           Min: 0, Avg:  0.0, Max: 0, Diff: 0, Sum: 0, Workers: 4
[19.046s][debug][gc,phases      ] GC(37)     Total                          Min: 0, Avg: 147.5, Max: 320, Diff: 320, Sum: 590, Workers: 4
[19.046s][debug][gc,phases      ] GC(37)   ObjectSynchronizer Weak        Min:  0.0, Avg:  0.0, Max:  0.0, Diff:  0.0, Sum:  0.0, Workers: 4
[19.046s][debug][gc,phases      ] GC(37)     Dead                           Min: 0, Avg:  0.0, Max: 0, Diff: 0, Sum: 0, Workers: 4
[19.046s][debug][gc,phases      ] GC(37)     Total                          Min: 0, Avg: 95.5, Max: 256, Diff: 256, Sum: 382, Workers: 4
[19.046s][debug][gc,phases      ] GC(37)   JVMTI Tag Weak OopStorage      Min:  0.0, Avg:  0.0, Max:  0.0, Diff:  0.0, Sum:  0.0, Workers: 4
[19.046s][debug][gc,phases      ] GC(37)     Dead                           Min: 0, Avg:  0.0, Max: 0, Diff: 0, Sum: 0, Workers: 4
[19.046s][debug][gc,phases      ] GC(37)     Total                          Min: 0, Avg:  0.0, Max: 0, Diff: 0, Sum: 0, Workers: 4
[19.046s][debug][gc,phases      ] GC(37)   StringTable Weak               Min:  0.1, Avg:  0.1, Max:  0.1, Diff:  0.0, Sum:  0.4, Workers: 4
[19.046s][debug][gc,phases      ] GC(37)     Dead                           Min: 0, Avg:  3.0, Max: 9, Diff: 9, Sum: 12, Workers: 4
[19.046s][debug][gc,phases      ] GC(37)     Total                          Min: 9920, Avg: 10666.2, Max: 12224, Diff: 2304, Sum: 42665, Workers: 4
[19.046s][debug][gc,phases      ] GC(37)   ResolvedMethodTable Weak       Min:  0.0, Avg:  0.0, Max:  0.0, Diff:  0.0, Sum:  0.1, Workers: 4
[19.046s][debug][gc,phases      ] GC(37)     Dead                           Min: 0, Avg:  0.0, Max: 0, Diff: 0, Sum: 0, Workers: 4
[19.046s][debug][gc,phases      ] GC(37)     Total                          Min: 1496, Avg: 1733.8, Max: 2048, Diff: 552, Sum: 6935, Workers: 4
[19.046s][debug][gc,phases      ] GC(37)   JNI Weak                       Min:  0.0, Avg:  0.0, Max:  0.0, Diff:  0.0, Sum:  0.0, Workers: 4
[19.046s][debug][gc,phases      ] GC(37)     Dead                           Min: 0, Avg:  0.0, Max: 0, Diff: 0, Sum: 0, Workers: 4
[19.046s][debug][gc,phases      ] GC(37)     Total                          Min: 0, Avg:  1.2, Max: 5, Diff: 5, Sum: 5, Workers: 4
[19.046s][debug][gc,phases      ] GC(37)   StringDedup Table Weak         Min:  0.0, Avg:  0.0, Max:  0.0, Diff:  0.0, Sum:  0.0, Workers: 4
[19.046s][debug][gc,phases      ] GC(37)     Dead                           Min: 0, Avg:  0.0, Max: 0, Diff: 0, Sum: 0, Workers: 4
[19.046s][debug][gc,phases      ] GC(37)     Total                          Min: 0, Avg:  0.0, Max: 0, Diff: 0, Sum: 0, Workers: 4
[19.046s][debug][gc,phases      ] GC(37)   StringDedup Requests0 Weak     Min:  0.0, Avg:  0.0, Max:  0.0, Diff:  0.0, Sum:  0.0, Workers: 4
[19.046s][debug][gc,phases      ] GC(37)     Dead                           Min: 0, Avg:  0.0, Max: 0, Diff: 0, Sum: 0, Workers: 4
[19.046s][debug][gc,phases      ] GC(37)     Total                          Min: 0, Avg:  0.0, Max: 0, Diff: 0, Sum: 0, Workers: 4
[19.046s][debug][gc,phases      ] GC(37)   StringDedup Requests1 Weak     Min:  0.0, Avg:  0.0, Max:  0.0, Diff:  0.0, Sum:  0.0, Workers: 4
[19.046s][debug][gc,phases      ] GC(37)     Dead                           Min: 0, Avg:  0.0, Max: 0, Diff: 0, Sum: 0, Workers: 4
[19.046s][debug][gc,phases      ] GC(37)     Total                          Min: 0, Avg:  0.0, Max: 0, Diff: 0, Sum: 0, Workers: 4
[19.046s][debug][gc,phases      ] GC(37)   Weak JFR Old Object Samples    Min:  0.0, Avg:  0.0, Max:  0.0, Diff:  0.0, Sum:  0.0, Workers: 4
[19.046s][debug][gc,phases      ] GC(37)     Dead                           Min: 0, Avg:  0.0, Max: 0, Diff: 0, Sum: 0, Workers: 4
[19.046s][debug][gc,phases      ] GC(37)     Total                          Min: 0, Avg:  0.0, Max: 0, Diff: 0, Sum: 0, Workers: 4
[19.046s][debug][gc,phases      ] GC(37) Weak Processing 0.326ms
[19.046s][debug][gc,age         ] GC(37) Desired survivor size 433586176 bytes, new threshold 15 (max threshold 15)
[19.046s][info ][gc,heap        ] GC(37) PSYoungGen: 1482336K(1669120K)->243168K(1666560K) Eden: 1238528K(1238528K)->0K(1238528K) From: 243808K(430592K)->243168K(428032K)
[19.046s][info ][gc,heap        ] GC(37) ParOldGen: 273252K(347648K)->273260K(347648K)
[19.046s][info ][gc,metaspace   ] GC(37) Metaspace: 67731K(68416K)->67731K(68416K) NonClass: 57864K(58240K)->57864K(58240K) Class: 9866K(10176K)->9866K(10176K)
[19.046s][info ][gc             ] GC(37) Pause Young (Allocation Failure) 1714M->504M(1967M) 107.057ms
[19.046s][info ][gc,cpu         ] GC(37) User=0.42s Sys=0.00s Real=0.10s
[19.046s][info ][safepoint      ] Safepoint "ParallelGCFailedAllocation", Time since last: 278704424 ns, Reaching safepoint: 179004 ns, At safepoint: 107169270 ns, Total: 107348274 ns
[19.343s][info ][gc,start       ] GC(38) Pause Young (Allocation Failure)
[19.448s][debug][gc,phases      ] GC(38) Scavenge 104.664ms
[19.448s][debug][gc,ref         ] GC(38) Skipped phase 1 of Reference Processing: no references
[19.448s][debug][gc,ref         ] GC(38) ReferenceProcessor::execute queues: 1, RefProcThreadModel::Single, marks_oops_alive: false
[19.448s][debug][gc,ref         ] GC(38) Skipped phase 3 of Reference Processing: no references
[19.448s][debug][gc,ref         ] GC(38) ReferenceProcessor::execute queues: 1, RefProcThreadModel::Single, marks_oops_alive: false
[19.448s][debug][gc,phases      ] GC(38) Reference Processing 0.129ms
[19.448s][debug][gc,phases      ] GC(38)   VM Weak                        Min:  0.0, Avg:  0.0, Max:  0.0, Diff:  0.0, Sum:  0.0, Workers: 4
[19.448s][debug][gc,phases      ] GC(38)     Dead                           Min: 0, Avg:  0.0, Max: 0, Diff: 0, Sum: 0, Workers: 4
[19.448s][debug][gc,phases      ] GC(38)     Total                          Min: 0, Avg: 147.5, Max: 590, Diff: 590, Sum: 590, Workers: 4
[19.448s][debug][gc,phases      ] GC(38)   ObjectSynchronizer Weak        Min:  0.0, Avg:  0.0, Max:  0.0, Diff:  0.0, Sum:  0.0, Workers: 4
[19.448s][debug][gc,phases      ] GC(38)     Dead                           Min: 0, Avg:  0.0, Max: 0, Diff: 0, Sum: 0, Workers: 4
[19.448s][debug][gc,phases      ] GC(38)     Total                          Min: 0, Avg: 95.5, Max: 382, Diff: 382, Sum: 382, Workers: 4
[19.448s][debug][gc,phases      ] GC(38)   JVMTI Tag Weak OopStorage      Min:  0.0, Avg:  0.0, Max:  0.0, Diff:  0.0, Sum:  0.0, Workers: 4
[19.448s][debug][gc,phases      ] GC(38)     Dead                           Min: 0, Avg:  0.0, Max: 0, Diff: 0, Sum: 0, Workers: 4
[19.448s][debug][gc,phases      ] GC(38)     Total                          Min: 0, Avg:  0.0, Max: 0, Diff: 0, Sum: 0, Workers: 4
[19.448s][debug][gc,phases      ] GC(38)   StringTable Weak               Min:  0.1, Avg:  0.1, Max:  0.1, Diff:  0.0, Sum:  0.4, Workers: 4
[19.448s][debug][gc,phases      ] GC(38)     Dead                           Min: 0, Avg:  3.0, Max: 11, Diff: 11, Sum: 12, Workers: 4
[19.448s][debug][gc,phases      ] GC(38)     Total                          Min: 9280, Avg: 10669.8, Max: 12031, Diff: 2751, Sum: 42679, Workers: 4
[19.448s][debug][gc,phases      ] GC(38)   ResolvedMethodTable Weak       Min:  0.0, Avg:  0.0, Max:  0.0, Diff:  0.0, Sum:  0.1, Workers: 4
[19.448s][debug][gc,phases      ] GC(38)     Dead                           Min: 0, Avg:  0.0, Max: 0, Diff: 0, Sum: 0, Workers: 4
[19.449s][debug][gc,phases      ] GC(38)     Total                          Min: 1535, Avg: 1736.2, Max: 1856, Diff: 321, Sum: 6945, Workers: 4
[19.449s][debug][gc,phases      ] GC(38)   JNI Weak                       Min:  0.0, Avg:  0.0, Max:  0.0, Diff:  0.0, Sum:  0.0, Workers: 4
[19.449s][debug][gc,phases      ] GC(38)     Dead                           Min: 0, Avg:  0.0, Max: 0, Diff: 0, Sum: 0, Workers: 4
[19.449s][debug][gc,phases      ] GC(38)     Total                          Min: 0, Avg:  1.0, Max: 4, Diff: 4, Sum: 4, Workers: 4
[19.449s][debug][gc,phases      ] GC(38)   StringDedup Table Weak         Min:  0.0, Avg:  0.0, Max:  0.0, Diff:  0.0, Sum:  0.0, Workers: 4
[19.449s][debug][gc,phases      ] GC(38)     Dead                           Min: 0, Avg:  0.0, Max: 0, Diff: 0, Sum: 0, Workers: 4
[19.449s][debug][gc,phases      ] GC(38)     Total                          Min: 0, Avg:  0.0, Max: 0, Diff: 0, Sum: 0, Workers: 4
[19.449s][debug][gc,phases      ] GC(38)   StringDedup Requests0 Weak     Min:  0.0, Avg:  0.0, Max:  0.0, Diff:  0.0, Sum:  0.0, Workers: 4
[19.449s][debug][gc,phases      ] GC(38)     Dead                           Min: 0, Avg:  0.0, Max: 0, Diff: 0, Sum: 0, Workers: 4
[19.449s][debug][gc,phases      ] GC(38)     Total                          Min: 0, Avg:  0.0, Max: 0, Diff: 0, Sum: 0, Workers: 4
[19.449s][debug][gc,phases      ] GC(38)   StringDedup Requests1 Weak     Min:  0.0, Avg:  0.0, Max:  0.0, Diff:  0.0, Sum:  0.0, Workers: 4
[19.449s][debug][gc,phases      ] GC(38)     Dead                           Min: 0, Avg:  0.0, Max: 0, Diff: 0, Sum: 0, Workers: 4
[19.449s][debug][gc,phases      ] GC(38)     Total                          Min: 0, Avg:  0.0, Max: 0, Diff: 0, Sum: 0, Workers: 4
[19.449s][debug][gc,phases      ] GC(38)   Weak JFR Old Object Samples    Min:  0.0, Avg:  0.0, Max:  0.0, Diff:  0.0, Sum:  0.0, Workers: 4
[19.449s][debug][gc,phases      ] GC(38)     Dead                           Min: 0, Avg:  0.0, Max: 0, Diff: 0, Sum: 0, Workers: 4
[19.449s][debug][gc,phases      ] GC(38)     Total                          Min: 0, Avg:  0.0, Max: 0, Diff: 0, Sum: 0, Workers: 4
[19.449s][debug][gc,phases      ] GC(38) Weak Processing 0.327ms
[19.449s][debug][gc,age         ] GC(38) Desired survivor size 426770432 bytes, new threshold 15 (max threshold 15)
[19.449s][info ][gc,heap        ] GC(38) PSYoungGen: 1481696K(1666560K)->238256K(1680384K) Eden: 1238528K(1238528K)->0K(1256960K) From: 243168K(428032K)->238256K(423424K)
[19.449s][info ][gc,heap        ] GC(38) ParOldGen: 273260K(347648K)->273268K(347648K)
[19.449s][info ][gc,metaspace   ] GC(38) Metaspace: 67780K(68544K)->67780K(68544K) NonClass: 57909K(58304K)->57909K(58304K) Class: 9870K(10240K)->9870K(10240K)
[19.449s][info ][gc             ] GC(38) Pause Young (Allocation Failure) 1713M->499M(1980M) 105.265ms
[19.449s][info ][gc,cpu         ] GC(38) User=0.42s Sys=0.00s Real=0.10s
[19.449s][info ][safepoint      ] Safepoint "ParallelGCFailedAllocation", Time since last: 297232065 ns, Reaching safepoint: 171004 ns, At safepoint: 105375837 ns, Total: 105546841 ns
[19.766s][info ][gc,start       ] GC(39) Pause Young (Allocation Failure)
[19.863s][debug][gc,phases      ] GC(39) Scavenge 97.456ms
[19.863s][debug][gc,ref         ] GC(39) Skipped phase 1 of Reference Processing: no references
[19.864s][debug][gc,ref         ] GC(39) ReferenceProcessor::execute queues: 1, RefProcThreadModel::Single, marks_oops_alive: false
[19.864s][debug][gc,ref         ] GC(39) Skipped phase 3 of Reference Processing: no references
[19.864s][debug][gc,ref         ] GC(39) ReferenceProcessor::execute queues: 1, RefProcThreadModel::Single, marks_oops_alive: false
[19.864s][debug][gc,phases      ] GC(39) Reference Processing 0.142ms
[19.864s][debug][gc,phases      ] GC(39)   VM Weak                        Min:  0.0, Avg:  0.0, Max:  0.0, Diff:  0.0, Sum:  0.0, Workers: 4
[19.864s][debug][gc,phases      ] GC(39)     Dead                           Min: 0, Avg:  0.0, Max: 0, Diff: 0, Sum: 0, Workers: 4
[19.864s][debug][gc,phases      ] GC(39)     Total                          Min: 0, Avg: 147.5, Max: 462, Diff: 462, Sum: 590, Workers: 4
[19.864s][debug][gc,phases      ] GC(39)   ObjectSynchronizer Weak        Min:  0.0, Avg:  0.0, Max:  0.0, Diff:  0.0, Sum:  0.0, Workers: 4
[19.864s][debug][gc,phases      ] GC(39)     Dead                           Min: 0, Avg:  0.0, Max: 0, Diff: 0, Sum: 0, Workers: 4
[19.864s][debug][gc,phases      ] GC(39)     Total                          Min: 0, Avg: 95.5, Max: 190, Diff: 190, Sum: 382, Workers: 4
[19.864s][debug][gc,phases      ] GC(39)   JVMTI Tag Weak OopStorage      Min:  0.0, Avg:  0.0, Max:  0.0, Diff:  0.0, Sum:  0.0, Workers: 4
[19.864s][debug][gc,phases      ] GC(39)     Dead                           Min: 0, Avg:  0.0, Max: 0, Diff: 0, Sum: 0, Workers: 4
[19.864s][debug][gc,phases      ] GC(39)     Total                          Min: 0, Avg:  0.0, Max: 0, Diff: 0, Sum: 0, Workers: 4
[19.864s][debug][gc,phases      ] GC(39)   StringTable Weak               Min:  0.1, Avg:  0.1, Max:  0.1, Diff:  0.0, Sum:  0.4, Workers: 4
[19.864s][debug][gc,phases      ] GC(39)     Dead                           Min: 0, Avg:  0.0, Max: 0, Diff: 0, Sum: 0, Workers: 4
[19.864s][debug][gc,phases      ] GC(39)     Total                          Min: 10363, Avg: 10670.8, Max: 10944, Diff: 581, Sum: 42683, Workers: 4
[19.864s][debug][gc,phases      ] GC(39)   ResolvedMethodTable Weak       Min:  0.0, Avg:  0.0, Max:  0.0, Diff:  0.0, Sum:  0.1, Workers: 4
[19.864s][debug][gc,phases      ] GC(39)     Dead                           Min: 0, Avg:  0.0, Max: 0, Diff: 0, Sum: 0, Workers: 4
[19.864s][debug][gc,phases      ] GC(39)     Total                          Min: 1408, Avg: 1736.2, Max: 2047, Diff: 639, Sum: 6945, Workers: 4
[19.864s][debug][gc,phases      ] GC(39)   JNI Weak                       Min:  0.0, Avg:  0.0, Max:  0.0, Diff:  0.0, Sum:  0.0, Workers: 4
[19.864s][debug][gc,phases      ] GC(39)     Dead                           Min: 0, Avg:  0.0, Max: 0, Diff: 0, Sum: 0, Workers: 4
[19.864s][debug][gc,phases      ] GC(39)     Total                          Min: 0, Avg:  0.8, Max: 3, Diff: 3, Sum: 3, Workers: 4
[19.864s][debug][gc,phases      ] GC(39)   StringDedup Table Weak         Min:  0.0, Avg:  0.0, Max:  0.0, Diff:  0.0, Sum:  0.0, Workers: 4
[19.864s][debug][gc,phases      ] GC(39)     Dead                           Min: 0, Avg:  0.0, Max: 0, Diff: 0, Sum: 0, Workers: 4
[19.864s][debug][gc,phases      ] GC(39)     Total                          Min: 0, Avg:  0.0, Max: 0, Diff: 0, Sum: 0, Workers: 4
[19.864s][debug][gc,phases      ] GC(39)   StringDedup Requests0 Weak     Min:  0.0, Avg:  0.0, Max:  0.0, Diff:  0.0, Sum:  0.0, Workers: 4
[19.864s][debug][gc,phases      ] GC(39)     Dead                           Min: 0, Avg:  0.0, Max: 0, Diff: 0, Sum: 0, Workers: 4
[19.864s][debug][gc,phases      ] GC(39)     Total                          Min: 0, Avg:  0.0, Max: 0, Diff: 0, Sum: 0, Workers: 4
[19.864s][debug][gc,phases      ] GC(39)   StringDedup Requests1 Weak     Min:  0.0, Avg:  0.0, Max:  0.0, Diff:  0.0, Sum:  0.0, Workers: 4
[19.864s][debug][gc,phases      ] GC(39)     Dead                           Min: 0, Avg:  0.0, Max: 0, Diff: 0, Sum: 0, Workers: 4
[19.864s][debug][gc,phases      ] GC(39)     Total                          Min: 0, Avg:  0.0, Max: 0, Diff: 0, Sum: 0, Workers: 4
[19.864s][debug][gc,phases      ] GC(39)   Weak JFR Old Object Samples    Min:  0.0, Avg:  0.0, Max:  0.0, Diff:  0.0, Sum:  0.0, Workers: 4
[19.864s][debug][gc,phases      ] GC(39)     Dead                           Min: 0, Avg:  0.0, Max: 0, Diff: 0, Sum: 0, Workers: 4
[19.864s][debug][gc,phases      ] GC(39)     Total                          Min: 0, Avg:  0.0, Max: 0, Diff: 0, Sum: 0, Workers: 4
[19.864s][debug][gc,phases      ] GC(39) Weak Processing 0.343ms
[19.864s][debug][gc,age         ] GC(39) Desired survivor size 416808960 bytes, new threshold 15 (max threshold 15)
[19.864s][info ][gc,heap        ] GC(39) PSYoungGen: 1495216K(1680384K)->231808K(1673728K) Eden: 1256960K(1256960K)->0K(1256960K) From: 238256K(423424K)->231808K(416768K)
[19.864s][info ][gc,heap        ] GC(39) ParOldGen: 273268K(347648K)->274396K(347648K)
[19.864s][info ][gc,metaspace   ] GC(39) Metaspace: 67793K(68544K)->67793K(68544K) NonClass: 57922K(58304K)->57922K(58304K) Class: 9870K(10240K)->9870K(10240K)
[19.864s][info ][gc             ] GC(39) Pause Young (Allocation Failure) 1727M->494M(1974M) 98.077ms
[19.864s][info ][gc,cpu         ] GC(39) User=0.38s Sys=0.00s Real=0.10s
[19.864s][info ][safepoint      ] Safepoint "ParallelGCFailedAllocation", Time since last: 316799625 ns, Reaching safepoint: 415708 ns, At safepoint: 98184005 ns, Total: 98599713 ns
[20.190s][info ][gc,start       ] GC(40) Pause Young (Allocation Failure)
[20.293s][debug][gc,phases      ] GC(40) Scavenge 102.862ms
[20.293s][debug][gc,ref         ] GC(40) Skipped phase 1 of Reference Processing: no references
[20.293s][debug][gc,ref         ] GC(40) ReferenceProcessor::execute queues: 1, RefProcThreadModel::Single, marks_oops_alive: false
[20.293s][debug][gc,ref         ] GC(40) Skipped phase 3 of Reference Processing: no references
[20.293s][debug][gc,ref         ] GC(40) ReferenceProcessor::execute queues: 1, RefProcThreadModel::Single, marks_oops_alive: false
[20.293s][debug][gc,phases      ] GC(40) Reference Processing 0.177ms
[20.294s][debug][gc,phases      ] GC(40)   VM Weak                        Min:  0.0, Avg:  0.0, Max:  0.0, Diff:  0.0, Sum:  0.0, Workers: 4
[20.294s][debug][gc,phases      ] GC(40)     Dead                           Min: 0, Avg:  0.0, Max: 0, Diff: 0, Sum: 0, Workers: 4
[20.294s][debug][gc,phases      ] GC(40)     Total                          Min: 0, Avg: 147.5, Max: 590, Diff: 590, Sum: 590, Workers: 4
[20.294s][debug][gc,phases      ] GC(40)   ObjectSynchronizer Weak        Min:  0.0, Avg:  0.0, Max:  0.0, Diff:  0.0, Sum:  0.0, Workers: 4
[20.294s][debug][gc,phases      ] GC(40)     Dead                           Min: 0, Avg:  0.0, Max: 0, Diff: 0, Sum: 0, Workers: 4
[20.294s][debug][gc,phases      ] GC(40)     Total                          Min: 0, Avg: 95.5, Max: 128, Diff: 128, Sum: 382, Workers: 4
[20.294s][debug][gc,phases      ] GC(40)   JVMTI Tag Weak OopStorage      Min:  0.0, Avg:  0.0, Max:  0.0, Diff:  0.0, Sum:  0.0, Workers: 4
[20.294s][debug][gc,phases      ] GC(40)     Dead                           Min: 0, Avg:  0.0, Max: 0, Diff: 0, Sum: 0, Workers: 4
[20.294s][debug][gc,phases      ] GC(40)     Total                          Min: 0, Avg:  0.0, Max: 0, Diff: 0, Sum: 0, Workers: 4
[20.294s][debug][gc,phases      ] GC(40)   StringTable Weak               Min:  0.1, Avg:  0.1, Max:  0.1, Diff:  0.0, Sum:  0.4, Workers: 4
[20.294s][debug][gc,phases      ] GC(40)     Dead                           Min: 0, Avg:  2.8, Max: 11, Diff: 11, Sum: 11, Workers: 4
[20.294s][debug][gc,phases      ] GC(40)     Total                          Min: 9728, Avg: 10671.8, Max: 11903, Diff: 2175, Sum: 42687, Workers: 4
[20.294s][debug][gc,phases      ] GC(40)   ResolvedMethodTable Weak       Min:  0.0, Avg:  0.0, Max:  0.0, Diff:  0.0, Sum:  0.1, Workers: 4
[20.294s][debug][gc,phases      ] GC(40)     Dead                           Min: 0, Avg:  0.0, Max: 0, Diff: 0, Sum: 0, Workers: 4
[20.294s][debug][gc,phases      ] GC(40)     Total                          Min: 1535, Avg: 1736.2, Max: 1891, Diff: 356, Sum: 6945, Workers: 4
[20.294s][debug][gc,phases      ] GC(40)   JNI Weak                       Min:  0.0, Avg:  0.0, Max:  0.0, Diff:  0.0, Sum:  0.0, Workers: 4
[20.294s][debug][gc,phases      ] GC(40)     Dead                           Min: 0, Avg:  0.0, Max: 0, Diff: 0, Sum: 0, Workers: 4
[20.294s][debug][gc,phases      ] GC(40)     Total                          Min: 0, Avg:  0.0, Max: 0, Diff: 0, Sum: 0, Workers: 4
[20.294s][debug][gc,phases      ] GC(40)   StringDedup Table Weak         Min:  0.0, Avg:  0.0, Max:  0.0, Diff:  0.0, Sum:  0.0, Workers: 4
[20.294s][debug][gc,phases      ] GC(40)     Dead                           Min: 0, Avg:  0.0, Max: 0, Diff: 0, Sum: 0, Workers: 4
[20.294s][debug][gc,phases      ] GC(40)     Total                          Min: 0, Avg:  0.0, Max: 0, Diff: 0, Sum: 0, Workers: 4
[20.294s][debug][gc,phases      ] GC(40)   StringDedup Requests0 Weak     Min:  0.0, Avg:  0.0, Max:  0.0, Diff:  0.0, Sum:  0.0, Workers: 4
[20.294s][debug][gc,phases      ] GC(40)     Dead                           Min: 0, Avg:  0.0, Max: 0, Diff: 0, Sum: 0, Workers: 4
[20.294s][debug][gc,phases      ] GC(40)     Total                          Min: 0, Avg:  0.0, Max: 0, Diff: 0, Sum: 0, Workers: 4
[20.294s][debug][gc,phases      ] GC(40)   StringDedup Requests1 Weak     Min:  0.0, Avg:  0.0, Max:  0.0, Diff:  0.0, Sum:  0.0, Workers: 4
[20.294s][debug][gc,phases      ] GC(40)     Dead                           Min: 0, Avg:  0.0, Max: 0, Diff: 0, Sum: 0, Workers: 4
[20.294s][debug][gc,phases      ] GC(40)     Total                          Min: 0, Avg:  0.0, Max: 0, Diff: 0, Sum: 0, Workers: 4
[20.294s][debug][gc,phases      ] GC(40)   Weak JFR Old Object Samples    Min:  0.0, Avg:  0.0, Max:  0.0, Diff:  0.0, Sum:  0.0, Workers: 4
[20.294s][debug][gc,phases      ] GC(40)     Dead                           Min: 0, Avg:  0.0, Max: 0, Diff: 0, Sum: 0, Workers: 4
[20.294s][debug][gc,phases      ] GC(40)     Total                          Min: 0, Avg:  0.0, Max: 0, Diff: 0, Sum: 0, Workers: 4
[20.294s][debug][gc,phases      ] GC(40) Weak Processing 0.326ms
[20.294s][debug][gc,age         ] GC(40) Desired survivor size 397934592 bytes, new threshold 15 (max threshold 15)
[20.294s][info ][gc,heap        ] GC(40) PSYoungGen: 1488768K(1673728K)->189456K(1708544K) Eden: 1256960K(1256960K)->0K(1301504K) From: 231808K(416768K)->189456K(407040K)
[20.294s][info ][gc,heap        ] GC(40) ParOldGen: 274396K(347648K)->315460K(347648K)
[20.294s][info ][gc,metaspace   ] GC(40) Metaspace: 67804K(68544K)->67804K(68544K) NonClass: 57932K(58304K)->57932K(58304K) Class: 9872K(10240K)->9872K(10240K)
[20.294s][info ][gc             ] GC(40) Pause Young (Allocation Failure) 1721M->493M(2008M) 103.508ms
[20.294s][info ][gc,cpu         ] GC(40) User=0.40s Sys=0.01s Real=0.10s
[20.294s][debug][gc,phases      ] GC(41) Pre Compact 0.011ms
[20.294s][info ][gc,start       ] GC(41) Pause Full (Ergonomics)
[20.294s][info ][gc,phases,start] GC(41) Marking Phase
[20.474s][debug][gc,phases      ] GC(41) Par Mark 180.330ms
[20.474s][debug][gc,ref         ] GC(41) Skipped phase 1 of Reference Processing: no references
[20.475s][debug][gc,ref         ] GC(41) ReferenceProcessor::execute queues: 4, RefProcThreadModel::Multi, marks_oops_alive: false
[20.475s][debug][gc,ref         ] GC(41) Skipped phase 3 of Reference Processing: no references
[20.475s][debug][gc,ref         ] GC(41) ReferenceProcessor::execute queues: 1, RefProcThreadModel::Single, marks_oops_alive: false
[20.475s][debug][gc,phases      ] GC(41) Reference Processing 0.487ms
[20.475s][debug][gc,phases      ] GC(41)   VM Weak                        Min:  0.0, Avg:  0.0, Max:  0.0, Diff:  0.0, Sum:  0.0, Workers: 4
[20.475s][debug][gc,phases      ] GC(41)     Dead                           Min: 0, Avg:  0.0, Max: 0, Diff: 0, Sum: 0, Workers: 4
[20.475s][debug][gc,phases      ] GC(41)     Total                          Min: 0, Avg: 147.5, Max: 334, Diff: 334, Sum: 590, Workers: 4
[20.475s][debug][gc,phases      ] GC(41)   ObjectSynchronizer Weak        Min:  0.0, Avg:  0.0, Max:  0.0, Diff:  0.0, Sum:  0.0, Workers: 4
[20.475s][debug][gc,phases      ] GC(41)     Dead                           Min: 0, Avg:  0.0, Max: 0, Diff: 0, Sum: 0, Workers: 4
[20.475s][debug][gc,phases      ] GC(41)     Total                          Min: 0, Avg: 95.5, Max: 128, Diff: 128, Sum: 382, Workers: 4
[20.475s][debug][gc,phases      ] GC(41)   JVMTI Tag Weak OopStorage      Min:  0.0, Avg:  0.0, Max:  0.0, Diff:  0.0, Sum:  0.0, Workers: 4
[20.475s][debug][gc,phases      ] GC(41)     Dead                           Min: 0, Avg:  0.0, Max: 0, Diff: 0, Sum: 0, Workers: 4
[20.475s][debug][gc,phases      ] GC(41)     Total                          Min: 0, Avg:  0.0, Max: 0, Diff: 0, Sum: 0, Workers: 4
[20.475s][debug][gc,phases      ] GC(41)   StringTable Weak               Min:  0.1, Avg:  0.1, Max:  0.1, Diff:  0.0, Sum:  0.6, Workers: 4
[20.475s][debug][gc,phases      ] GC(41)     Dead                           Min: 0, Avg:  0.0, Max: 0, Diff: 0, Sum: 0, Workers: 4
[20.475s][debug][gc,phases      ] GC(41)     Total                          Min: 10560, Avg: 10671.8, Max: 10816, Diff: 256, Sum: 42687, Workers: 4
[20.475s][debug][gc,phases      ] GC(41)   ResolvedMethodTable Weak       Min:  0.0, Avg:  0.0, Max:  0.0, Diff:  0.0, Sum:  0.1, Workers: 4
[20.475s][debug][gc,phases      ] GC(41)     Dead                           Min: 0, Avg:  0.0, Max: 0, Diff: 0, Sum: 0, Workers: 4
[20.475s][debug][gc,phases      ] GC(41)     Total                          Min: 1599, Avg: 1736.2, Max: 1828, Diff: 229, Sum: 6945, Workers: 4
[20.475s][debug][gc,phases      ] GC(41)   JNI Weak                       Min:  0.0, Avg:  0.0, Max:  0.0, Diff:  0.0, Sum:  0.0, Workers: 4
[20.475s][debug][gc,phases      ] GC(41)     Dead                           Min: 0, Avg:  0.0, Max: 0, Diff: 0, Sum: 0, Workers: 4
[20.475s][debug][gc,phases      ] GC(41)     Total                          Min: 0, Avg:  0.0, Max: 0, Diff: 0, Sum: 0, Workers: 4
[20.475s][debug][gc,phases      ] GC(41)   StringDedup Table Weak         Min:  0.0, Avg:  0.0, Max:  0.0, Diff:  0.0, Sum:  0.0, Workers: 4
[20.475s][debug][gc,phases      ] GC(41)     Dead                           Min: 0, Avg:  0.0, Max: 0, Diff: 0, Sum: 0, Workers: 4
[20.475s][debug][gc,phases      ] GC(41)     Total                          Min: 0, Avg:  0.0, Max: 0, Diff: 0, Sum: 0, Workers: 4
[20.475s][debug][gc,phases      ] GC(41)   StringDedup Requests0 Weak     Min:  0.0, Avg:  0.0, Max:  0.0, Diff:  0.0, Sum:  0.0, Workers: 4
[20.475s][debug][gc,phases      ] GC(41)     Dead                           Min: 0, Avg:  0.0, Max: 0, Diff: 0, Sum: 0, Workers: 4
[20.475s][debug][gc,phases      ] GC(41)     Total                          Min: 0, Avg:  0.0, Max: 0, Diff: 0, Sum: 0, Workers: 4
[20.475s][debug][gc,phases      ] GC(41)   StringDedup Requests1 Weak     Min:  0.0, Avg:  0.0, Max:  0.0, Diff:  0.0, Sum:  0.0, Workers: 4
[20.475s][debug][gc,phases      ] GC(41)     Dead                           Min: 0, Avg:  0.0, Max: 0, Diff: 0, Sum: 0, Workers: 4
[20.475s][debug][gc,phases      ] GC(41)     Total                          Min: 0, Avg:  0.0, Max: 0, Diff: 0, Sum: 0, Workers: 4
[20.475s][debug][gc,phases      ] GC(41)   Weak JFR Old Object Samples    Min:  0.0, Avg:  0.0, Max:  0.0, Diff:  0.0, Sum:  0.0, Workers: 4
[20.475s][debug][gc,phases      ] GC(41)     Dead                           Min: 0, Avg:  0.0, Max: 0, Diff: 0, Sum: 0, Workers: 4
[20.475s][debug][gc,phases      ] GC(41)     Total                          Min: 0, Avg:  0.0, Max: 0, Diff: 0, Sum: 0, Workers: 4
[20.475s][debug][gc,phases      ] GC(41) Weak Processing 0.351ms
[20.475s][debug][gc,phases      ] GC(41) ClassLoaderData 0.081ms
[20.475s][debug][gc,phases      ] GC(41) Trigger cleanups 0.000ms
[20.484s][debug][gc,phases      ] GC(41) Class Unloading 8.798ms
[20.484s][info ][gc,phases      ] GC(41) Marking Phase 190.151ms
[20.484s][info ][gc,phases,start] GC(41) Summary Phase
[20.484s][info ][gc,phases      ] GC(41) Summary Phase 0.012ms
[20.484s][info ][gc,phases,start] GC(41) Adjust Roots
[20.492s][info ][gc,phases      ] GC(41) Adjust Roots 8.341ms
[20.492s][info ][gc,phases,start] GC(41) Compaction Phase
[20.960s][info ][gc,phases      ] GC(41) Compaction Phase 467.608ms
[20.960s][info ][gc,phases,start] GC(41) Post Compact
[20.962s][info ][gc,phases      ] GC(41) Post Compact 1.636ms
[20.962s][info ][gc,heap        ] GC(41) PSYoungGen: 189456K(1708544K)->146076K(1708544K) Eden: 0K(1301504K)->0K(1301504K) From: 189456K(407040K)->146076K(407040K)
[20.962s][info ][gc,heap        ] GC(41) ParOldGen: 315460K(347648K)->347177K(414208K)
[20.962s][info ][gc,metaspace   ] GC(41) Metaspace: 67804K(68544K)->67804K(68544K) NonClass: 57932K(58304K)->57932K(58304K) Class: 9872K(10240K)->9872K(10240K)
[20.962s][info ][gc             ] GC(41) Pause Full (Ergonomics) 493M->481M(2073M) 668.026ms
[20.962s][info ][gc,cpu         ] GC(41) User=2.59s Sys=0.01s Real=0.67s
[20.978s][info ][safepoint      ] Safepoint "ParallelGCFailedAllocation", Time since last: 326040895 ns, Reaching safepoint: 97702 ns, At safepoint: 787886587 ns, Total: 787984289 ns
[21.244s][info ][gc,start       ] GC(42) Pause Young (Allocation Failure)
[21.344s][debug][gc,phases      ] GC(42) Scavenge 100.468ms
[21.344s][debug][gc,ref         ] GC(42) Skipped phase 1 of Reference Processing: no references
[21.345s][debug][gc,ref         ] GC(42) ReferenceProcessor::execute queues: 1, RefProcThreadModel::Single, marks_oops_alive: false
[21.345s][debug][gc,ref         ] GC(42) Skipped phase 3 of Reference Processing: no references
[21.345s][debug][gc,ref         ] GC(42) ReferenceProcessor::execute queues: 1, RefProcThreadModel::Single, marks_oops_alive: false
[21.345s][debug][gc,phases      ] GC(42) Reference Processing 0.135ms
[21.345s][debug][gc,phases      ] GC(42)   VM Weak                        Min:  0.0, Avg:  0.0, Max:  0.0, Diff:  0.0, Sum:  0.0, Workers: 4
[21.345s][debug][gc,phases      ] GC(42)     Dead                           Min: 0, Avg:  0.0, Max: 0, Diff: 0, Sum: 0, Workers: 4
[21.345s][debug][gc,phases      ] GC(42)     Total                          Min: 0, Avg: 147.5, Max: 334, Diff: 334, Sum: 590, Workers: 4
[21.345s][debug][gc,phases      ] GC(42)   ObjectSynchronizer Weak        Min:  0.0, Avg:  0.0, Max:  0.0, Diff:  0.0, Sum:  0.0, Workers: 4
[21.345s][debug][gc,phases      ] GC(42)     Dead                           Min: 0, Avg:  0.0, Max: 0, Diff: 0, Sum: 0, Workers: 4
[21.345s][debug][gc,phases      ] GC(42)     Total                          Min: 0, Avg: 95.5, Max: 192, Diff: 192, Sum: 382, Workers: 4
[21.345s][debug][gc,phases      ] GC(42)   JVMTI Tag Weak OopStorage      Min:  0.0, Avg:  0.0, Max:  0.0, Diff:  0.0, Sum:  0.0, Workers: 4
[21.345s][debug][gc,phases      ] GC(42)     Dead                           Min: 0, Avg:  0.0, Max: 0, Diff: 0, Sum: 0, Workers: 4
[21.345s][debug][gc,phases      ] GC(42)     Total                          Min: 0, Avg:  0.0, Max: 0, Diff: 0, Sum: 0, Workers: 4
[21.345s][debug][gc,phases      ] GC(42)   StringTable Weak               Min:  0.1, Avg:  0.1, Max:  0.1, Diff:  0.0, Sum:  0.5, Workers: 4
[21.345s][debug][gc,phases      ] GC(42)     Dead                           Min: 0, Avg:  2.8, Max: 6, Diff: 6, Sum: 11, Workers: 4
[21.345s][debug][gc,phases      ] GC(42)     Total                          Min: 8704, Avg: 10673.5, Max: 11718, Diff: 3014, Sum: 42694, Workers: 4
[21.345s][debug][gc,phases      ] GC(42)   ResolvedMethodTable Weak       Min:  0.0, Avg:  0.0, Max:  0.0, Diff:  0.0, Sum:  0.1, Workers: 4
[21.345s][debug][gc,phases      ] GC(42)     Dead                           Min: 0, Avg:  0.0, Max: 0, Diff: 0, Sum: 0, Workers: 4
[21.345s][debug][gc,phases      ] GC(42)     Total                          Min: 1571, Avg: 1736.8, Max: 1984, Diff: 413, Sum: 6947, Workers: 4
[21.345s][debug][gc,phases      ] GC(42)   JNI Weak                       Min:  0.0, Avg:  0.0, Max:  0.0, Diff:  0.0, Sum:  0.0, Workers: 4
[21.345s][debug][gc,phases      ] GC(42)     Dead                           Min: 0, Avg:  0.0, Max: 0, Diff: 0, Sum: 0, Workers: 4
[21.345s][debug][gc,phases      ] GC(42)     Total                          Min: 0, Avg:  0.8, Max: 3, Diff: 3, Sum: 3, Workers: 4
[21.345s][debug][gc,phases      ] GC(42)   StringDedup Table Weak         Min:  0.0, Avg:  0.0, Max:  0.0, Diff:  0.0, Sum:  0.0, Workers: 4
[21.345s][debug][gc,phases      ] GC(42)     Dead                           Min: 0, Avg:  0.0, Max: 0, Diff: 0, Sum: 0, Workers: 4
[21.345s][debug][gc,phases      ] GC(42)     Total                          Min: 0, Avg:  0.0, Max: 0, Diff: 0, Sum: 0, Workers: 4
[21.345s][debug][gc,phases      ] GC(42)   StringDedup Requests0 Weak     Min:  0.0, Avg:  0.0, Max:  0.0, Diff:  0.0, Sum:  0.0, Workers: 4
[21.345s][debug][gc,phases      ] GC(42)     Dead                           Min: 0, Avg:  0.0, Max: 0, Diff: 0, Sum: 0, Workers: 4
[21.345s][debug][gc,phases      ] GC(42)     Total                          Min: 0, Avg:  0.0, Max: 0, Diff: 0, Sum: 0, Workers: 4
[21.345s][debug][gc,phases      ] GC(42)   StringDedup Requests1 Weak     Min:  0.0, Avg:  0.0, Max:  0.0, Diff:  0.0, Sum:  0.0, Workers: 4
[21.345s][debug][gc,phases      ] GC(42)     Dead                           Min: 0, Avg:  0.0, Max: 0, Diff: 0, Sum: 0, Workers: 4
[21.345s][debug][gc,phases      ] GC(42)     Total                          Min: 0, Avg:  0.0, Max: 0, Diff: 0, Sum: 0, Workers: 4
[21.345s][debug][gc,phases      ] GC(42)   Weak JFR Old Object Samples    Min:  0.0, Avg:  0.0, Max:  0.0, Diff:  0.0, Sum:  0.0, Workers: 4
[21.345s][debug][gc,phases      ] GC(42)     Dead                           Min: 0, Avg:  0.0, Max: 0, Diff: 0, Sum: 0, Workers: 4
[21.345s][debug][gc,phases      ] GC(42)     Total                          Min: 0, Avg:  0.0, Max: 0, Diff: 0, Sum: 0, Workers: 4
[21.345s][debug][gc,phases      ] GC(42) Weak Processing 0.332ms
[21.345s][debug][gc,age         ] GC(42) Desired survivor size 394264576 bytes, new threshold 15 (max threshold 15)
[21.345s][info ][gc,heap        ] GC(42) PSYoungGen: 1447580K(1708544K)->113104K(1690112K) Eden: 1301504K(1301504K)->0K(1301504K) From: 146076K(407040K)->113104K(388608K)
[21.345s][info ][gc,heap        ] GC(42) ParOldGen: 347177K(414208K)->384745K(414208K)
[21.345s][info ][gc,metaspace   ] GC(42) Metaspace: 67806K(68544K)->67806K(68544K) NonClass: 57933K(58304K)->57933K(58304K) Class: 9873K(10240K)->9873K(10240K)
[21.345s][info ][gc             ] GC(42) Pause Young (Allocation Failure) 1752M->486M(2055M) 101.092ms
[21.345s][info ][gc,cpu         ] GC(42) User=0.37s Sys=0.04s Real=0.10s
[21.345s][debug][gc,phases      ] GC(43) Pre Compact 0.011ms
[21.345s][info ][gc,start       ] GC(43) Pause Full (Ergonomics)
[21.345s][info ][gc,phases,start] GC(43) Marking Phase
[21.507s][debug][gc,phases      ] GC(43) Par Mark 161.453ms
[21.507s][debug][gc,ref         ] GC(43) Skipped phase 1 of Reference Processing: no references
[21.507s][debug][gc,ref         ] GC(43) ReferenceProcessor::execute queues: 4, RefProcThreadModel::Multi, marks_oops_alive: false
[21.507s][debug][gc,ref         ] GC(43) Skipped phase 3 of Reference Processing: no references
[21.507s][debug][gc,ref         ] GC(43) ReferenceProcessor::execute queues: 1, RefProcThreadModel::Single, marks_oops_alive: false
[21.507s][debug][gc,phases      ] GC(43) Reference Processing 0.510ms
[21.507s][debug][gc,phases      ] GC(43)   VM Weak                        Min:  0.0, Avg:  0.0, Max:  0.0, Diff:  0.0, Sum:  0.0, Workers: 4
[21.507s][debug][gc,phases      ] GC(43)     Dead                           Min: 0, Avg:  0.0, Max: 0, Diff: 0, Sum: 0, Workers: 4
[21.507s][debug][gc,phases      ] GC(43)     Total                          Min: 0, Avg: 147.5, Max: 320, Diff: 320, Sum: 590, Workers: 4
[21.507s][debug][gc,phases      ] GC(43)   ObjectSynchronizer Weak        Min:  0.0, Avg:  0.0, Max:  0.0, Diff:  0.0, Sum:  0.0, Workers: 4
[21.507s][debug][gc,phases      ] GC(43)     Dead                           Min: 0, Avg:  0.0, Max: 0, Diff: 0, Sum: 0, Workers: 4
[21.507s][debug][gc,phases      ] GC(43)     Total                          Min: 0, Avg: 95.5, Max: 128, Diff: 128, Sum: 382, Workers: 4
[21.507s][debug][gc,phases      ] GC(43)   JVMTI Tag Weak OopStorage      Min:  0.0, Avg:  0.0, Max:  0.0, Diff:  0.0, Sum:  0.0, Workers: 4
[21.507s][debug][gc,phases      ] GC(43)     Dead                           Min: 0, Avg:  0.0, Max: 0, Diff: 0, Sum: 0, Workers: 4
[21.507s][debug][gc,phases      ] GC(43)     Total                          Min: 0, Avg:  0.0, Max: 0, Diff: 0, Sum: 0, Workers: 4
[21.507s][debug][gc,phases      ] GC(43)   StringTable Weak               Min:  0.2, Avg:  0.2, Max:  0.2, Diff:  0.0, Sum:  0.6, Workers: 4
[21.507s][debug][gc,phases      ] GC(43)     Dead                           Min: 0, Avg:  0.0, Max: 0, Diff: 0, Sum: 0, Workers: 4
[21.507s][debug][gc,phases      ] GC(43)     Total                          Min: 9798, Avg: 10673.5, Max: 11200, Diff: 1402, Sum: 42694, Workers: 4
[21.507s][debug][gc,phases      ] GC(43)   ResolvedMethodTable Weak       Min:  0.0, Avg:  0.0, Max:  0.0, Diff:  0.0, Sum:  0.1, Workers: 4
[21.507s][debug][gc,phases      ] GC(43)     Dead                           Min: 0, Avg:  0.0, Max: 0, Diff: 0, Sum: 0, Workers: 4
[21.507s][debug][gc,phases      ] GC(43)     Total                          Min: 1472, Avg: 1736.8, Max: 1892, Diff: 420, Sum: 6947, Workers: 4
[21.507s][debug][gc,phases      ] GC(43)   JNI Weak                       Min:  0.0, Avg:  0.0, Max:  0.0, Diff:  0.0, Sum:  0.0, Workers: 4
[21.507s][debug][gc,phases      ] GC(43)     Dead                           Min: 0, Avg:  0.0, Max: 0, Diff: 0, Sum: 0, Workers: 4
[21.507s][debug][gc,phases      ] GC(43)     Total                          Min: 0, Avg:  0.8, Max: 3, Diff: 3, Sum: 3, Workers: 4
[21.507s][debug][gc,phases      ] GC(43)   StringDedup Table Weak         Min:  0.0, Avg:  0.0, Max:  0.0, Diff:  0.0, Sum:  0.0, Workers: 4
[21.507s][debug][gc,phases      ] GC(43)     Dead                           Min: 0, Avg:  0.0, Max: 0, Diff: 0, Sum: 0, Workers: 4
[21.507s][debug][gc,phases      ] GC(43)     Total                          Min: 0, Avg:  0.0, Max: 0, Diff: 0, Sum: 0, Workers: 4
[21.507s][debug][gc,phases      ] GC(43)   StringDedup Requests0 Weak     Min:  0.0, Avg:  0.0, Max:  0.0, Diff:  0.0, Sum:  0.0, Workers: 4
[21.507s][debug][gc,phases      ] GC(43)     Dead                           Min: 0, Avg:  0.0, Max: 0, Diff: 0, Sum: 0, Workers: 4
[21.507s][debug][gc,phases      ] GC(43)     Total                          Min: 0, Avg:  0.0, Max: 0, Diff: 0, Sum: 0, Workers: 4
[21.507s][debug][gc,phases      ] GC(43)   StringDedup Requests1 Weak     Min:  0.0, Avg:  0.0, Max:  0.0, Diff:  0.0, Sum:  0.0, Workers: 4
[21.507s][debug][gc,phases      ] GC(43)     Dead                           Min: 0, Avg:  0.0, Max: 0, Diff: 0, Sum: 0, Workers: 4
[21.508s][debug][gc,phases      ] GC(43)     Total                          Min: 0, Avg:  0.0, Max: 0, Diff: 0, Sum: 0, Workers: 4
[21.508s][debug][gc,phases      ] GC(43)   Weak JFR Old Object Samples    Min:  0.0, Avg:  0.0, Max:  0.0, Diff:  0.0, Sum:  0.0, Workers: 4
[21.508s][debug][gc,phases      ] GC(43)     Dead                           Min: 0, Avg:  0.0, Max: 0, Diff: 0, Sum: 0, Workers: 4
[21.508s][debug][gc,phases      ] GC(43)     Total                          Min: 0, Avg:  0.0, Max: 0, Diff: 0, Sum: 0, Workers: 4
[21.508s][debug][gc,phases      ] GC(43) Weak Processing 0.375ms
[21.508s][debug][gc,phases      ] GC(43) ClassLoaderData 0.086ms
[21.508s][debug][gc,phases      ] GC(43) Trigger cleanups 0.000ms
[21.518s][debug][gc,phases      ] GC(43) Class Unloading 10.294ms
[21.518s][info ][gc,phases      ] GC(43) Marking Phase 172.813ms
[21.518s][info ][gc,phases,start] GC(43) Summary Phase
[21.518s][info ][gc,phases      ] GC(43) Summary Phase 0.029ms
[21.518s][info ][gc,phases,start] GC(43) Adjust Roots
[21.526s][info ][gc,phases      ] GC(43) Adjust Roots 7.617ms
[21.526s][info ][gc,phases,start] GC(43) Compaction Phase
[21.889s][info ][gc,phases      ] GC(43) Compaction Phase 363.330ms
[21.889s][info ][gc,phases,start] GC(43) Post Compact
[21.890s][info ][gc,phases      ] GC(43) Post Compact 1.331ms
[21.890s][info ][gc,heap        ] GC(43) PSYoungGen: 113104K(1690112K)->75915K(1690112K) Eden: 0K(1301504K)->0K(1301504K) From: 113104K(388608K)->75915K(388608K)
[21.890s][info ][gc,heap        ] GC(43) ParOldGen: 384745K(414208K)->413722K(497152K)
[21.890s][info ][gc,metaspace   ] GC(43) Metaspace: 67806K(68544K)->67806K(68544K) NonClass: 57933K(58304K)->57933K(58304K) Class: 9873K(10240K)->9873K(10240K)
[21.890s][info ][gc             ] GC(43) Pause Full (Ergonomics) 486M->478M(2136M) 545.414ms
[21.890s][info ][gc,cpu         ] GC(43) User=2.09s Sys=0.02s Real=0.55s
[21.891s][info ][safepoint      ] Safepoint "ParallelGCFailedAllocation", Time since last: 265604484 ns, Reaching safepoint: 143103 ns, At safepoint: 646702791 ns, Total: 646845894 ns
[22.288s][info ][gc,start       ] GC(44) Pause Young (Allocation Failure)
[22.362s][debug][gc,phases      ] GC(44) Scavenge 74.391ms
[22.362s][debug][gc,ref         ] GC(44) Skipped phase 1 of Reference Processing: no references
[22.363s][debug][gc,ref         ] GC(44) ReferenceProcessor::execute queues: 1, RefProcThreadModel::Single, marks_oops_alive: false
[22.363s][debug][gc,ref         ] GC(44) Skipped phase 3 of Reference Processing: no references
[22.363s][debug][gc,ref         ] GC(44) ReferenceProcessor::execute queues: 1, RefProcThreadModel::Single, marks_oops_alive: false
[22.363s][debug][gc,phases      ] GC(44) Reference Processing 0.123ms
[22.363s][debug][gc,phases      ] GC(44)   VM Weak                        Min:  0.0, Avg:  0.0, Max:  0.0, Diff:  0.0, Sum:  0.0, Workers: 4
[22.363s][debug][gc,phases      ] GC(44)     Dead                           Min: 0, Avg:  0.0, Max: 0, Diff: 0, Sum: 0, Workers: 4
[22.363s][debug][gc,phases      ] GC(44)     Total                          Min: 0, Avg: 147.5, Max: 590, Diff: 590, Sum: 590, Workers: 4
[22.363s][debug][gc,phases      ] GC(44)   ObjectSynchronizer Weak        Min:  0.0, Avg:  0.0, Max:  0.0, Diff:  0.0, Sum:  0.0, Workers: 4
[22.363s][debug][gc,phases      ] GC(44)     Dead                           Min: 0, Avg:  0.0, Max: 0, Diff: 0, Sum: 0, Workers: 4
[22.363s][debug][gc,phases      ] GC(44)     Total                          Min: 0, Avg: 95.5, Max: 318, Diff: 318, Sum: 382, Workers: 4
[22.363s][debug][gc,phases      ] GC(44)   JVMTI Tag Weak OopStorage      Min:  0.0, Avg:  0.0, Max:  0.0, Diff:  0.0, Sum:  0.0, Workers: 4
[22.363s][debug][gc,phases      ] GC(44)     Dead                           Min: 0, Avg:  0.0, Max: 0, Diff: 0, Sum: 0, Workers: 4
[22.363s][debug][gc,phases      ] GC(44)     Total                          Min: 0, Avg:  0.0, Max: 0, Diff: 0, Sum: 0, Workers: 4
[22.363s][debug][gc,phases      ] GC(44)   StringTable Weak               Min:  0.1, Avg:  0.1, Max:  0.1, Diff:  0.0, Sum:  0.4, Workers: 4
[22.363s][debug][gc,phases      ] GC(44)     Dead                           Min: 0, Avg:  2.8, Max: 11, Diff: 11, Sum: 11, Workers: 4
[22.363s][debug][gc,phases      ] GC(44)     Total                          Min: 10363, Avg: 10677.2, Max: 11034, Diff: 671, Sum: 42709, Workers: 4
[22.363s][debug][gc,phases      ] GC(44)   ResolvedMethodTable Weak       Min:  0.0, Avg:  0.0, Max:  0.0, Diff:  0.0, Sum:  0.1, Workers: 4
[22.363s][debug][gc,phases      ] GC(44)     Dead                           Min: 0, Avg:  0.0, Max: 0, Diff: 0, Sum: 0, Workers: 4
[22.363s][debug][gc,phases      ] GC(44)     Total                          Min: 1508, Avg: 1736.8, Max: 1856, Diff: 348, Sum: 6947, Workers: 4
[22.363s][debug][gc,phases      ] GC(44)   JNI Weak                       Min:  0.0, Avg:  0.0, Max:  0.0, Diff:  0.0, Sum:  0.0, Workers: 4
[22.363s][debug][gc,phases      ] GC(44)     Dead                           Min: 0, Avg:  0.0, Max: 0, Diff: 0, Sum: 0, Workers: 4
[22.363s][debug][gc,phases      ] GC(44)     Total                          Min: 0, Avg:  0.0, Max: 0, Diff: 0, Sum: 0, Workers: 4
[22.363s][debug][gc,phases      ] GC(44)   StringDedup Table Weak         Min:  0.0, Avg:  0.0, Max:  0.0, Diff:  0.0, Sum:  0.0, Workers: 4
[22.363s][debug][gc,phases      ] GC(44)     Dead                           Min: 0, Avg:  0.0, Max: 0, Diff: 0, Sum: 0, Workers: 4
[22.363s][debug][gc,phases      ] GC(44)     Total                          Min: 0, Avg:  0.0, Max: 0, Diff: 0, Sum: 0, Workers: 4
[22.363s][debug][gc,phases      ] GC(44)   StringDedup Requests0 Weak     Min:  0.0, Avg:  0.0, Max:  0.0, Diff:  0.0, Sum:  0.0, Workers: 4
[22.363s][debug][gc,phases      ] GC(44)     Dead                           Min: 0, Avg:  0.0, Max: 0, Diff: 0, Sum: 0, Workers: 4
[22.363s][debug][gc,phases      ] GC(44)     Total                          Min: 0, Avg:  0.0, Max: 0, Diff: 0, Sum: 0, Workers: 4
[22.363s][debug][gc,phases      ] GC(44)   StringDedup Requests1 Weak     Min:  0.0, Avg:  0.0, Max:  0.0, Diff:  0.0, Sum:  0.0, Workers: 4
[22.363s][debug][gc,phases      ] GC(44)     Dead                           Min: 0, Avg:  0.0, Max: 0, Diff: 0, Sum: 0, Workers: 4
[22.363s][debug][gc,phases      ] GC(44)     Total                          Min: 0, Avg:  0.0, Max: 0, Diff: 0, Sum: 0, Workers: 4
[22.363s][debug][gc,phases      ] GC(44)   Weak JFR Old Object Samples    Min:  0.0, Avg:  0.0, Max:  0.0, Diff:  0.0, Sum:  0.0, Workers: 4
[22.363s][debug][gc,phases      ] GC(44)     Dead                           Min: 0, Avg:  0.0, Max: 0, Diff: 0, Sum: 0, Workers: 4
[22.363s][debug][gc,phases      ] GC(44)     Total                          Min: 0, Avg:  0.0, Max: 0, Diff: 0, Sum: 0, Workers: 4
[22.363s][debug][gc,phases      ] GC(44) Weak Processing 0.344ms
[22.363s][debug][gc,age         ] GC(44) Desired survivor size 395837440 bytes, new threshold 15 (max threshold 15)
[22.363s][info ][gc,heap        ] GC(44) PSYoungGen: 1377419K(1690112K)->72400K(1709056K) Eden: 1301504K(1301504K)->0K(1324032K) From: 75915K(388608K)->72400K(385024K)
[22.363s][info ][gc,heap        ] GC(44) ParOldGen: 413722K(497152K)->428790K(497152K)
[22.363s][info ][gc,metaspace   ] GC(44) Metaspace: 67820K(68544K)->67820K(68544K) NonClass: 57947K(58304K)->57947K(58304K) Class: 9873K(10240K)->9873K(10240K)
[22.363s][info ][gc             ] GC(44) Pause Young (Allocation Failure) 1749M->489M(2154M) 74.997ms
[22.363s][info ][gc,cpu         ] GC(44) User=0.28s Sys=0.01s Real=0.08s
[22.363s][info ][safepoint      ] Safepoint "ParallelGCFailedAllocation", Time since last: 397219605 ns, Reaching safepoint: 150902 ns, At safepoint: 75111482 ns, Total: 75262384 ns
[22.579s][info ][gc,start       ] GC(45) Pause Young (Allocation Failure)
[22.606s][debug][gc,phases      ] GC(45) Scavenge 26.471ms
[22.606s][debug][gc,ref         ] GC(45) Skipped phase 1 of Reference Processing: no references
[22.606s][debug][gc,ref         ] GC(45) ReferenceProcessor::execute queues: 1, RefProcThreadModel::Single, marks_oops_alive: false
[22.606s][debug][gc,ref         ] GC(45) Skipped phase 3 of Reference Processing: no references
[22.606s][debug][gc,ref         ] GC(45) ReferenceProcessor::execute queues: 1, RefProcThreadModel::Single, marks_oops_alive: false
[22.606s][debug][gc,phases      ] GC(45) Reference Processing 0.126ms
[22.606s][debug][gc,phases      ] GC(45)   VM Weak                        Min:  0.0, Avg:  0.0, Max:  0.0, Diff:  0.0, Sum:  0.0, Workers: 4
[22.606s][debug][gc,phases      ] GC(45)     Dead                           Min: 0, Avg:  0.0, Max: 0, Diff: 0, Sum: 0, Workers: 4
[22.606s][debug][gc,phases      ] GC(45)     Total                          Min: 0, Avg: 147.5, Max: 256, Diff: 256, Sum: 590, Workers: 4
[22.606s][debug][gc,phases      ] GC(45)   ObjectSynchronizer Weak        Min:  0.0, Avg:  0.0, Max:  0.0, Diff:  0.0, Sum:  0.0, Workers: 4
[22.606s][debug][gc,phases      ] GC(45)     Dead                           Min: 0, Avg:  0.0, Max: 0, Diff: 0, Sum: 0, Workers: 4
[22.606s][debug][gc,phases      ] GC(45)     Total                          Min: 62, Avg: 95.5, Max: 128, Diff: 66, Sum: 382, Workers: 4
[22.606s][debug][gc,phases      ] GC(45)   JVMTI Tag Weak OopStorage      Min:  0.0, Avg:  0.0, Max:  0.0, Diff:  0.0, Sum:  0.0, Workers: 4
[22.606s][debug][gc,phases      ] GC(45)     Dead                           Min: 0, Avg:  0.0, Max: 0, Diff: 0, Sum: 0, Workers: 4
[22.606s][debug][gc,phases      ] GC(45)     Total                          Min: 0, Avg:  0.0, Max: 0, Diff: 0, Sum: 0, Workers: 4
[22.606s][debug][gc,phases      ] GC(45)   StringTable Weak               Min:  0.1, Avg:  0.1, Max:  0.1, Diff:  0.0, Sum:  0.4, Workers: 4
[22.606s][debug][gc,phases      ] GC(45)     Dead                           Min: 0, Avg:  2.8, Max: 6, Diff: 6, Sum: 11, Workers: 4
[22.606s][debug][gc,phases      ] GC(45)     Total                          Min: 9728, Avg: 10677.5, Max: 11392, Diff: 1664, Sum: 42710, Workers: 4
[22.606s][debug][gc,phases      ] GC(45)   ResolvedMethodTable Weak       Min:  0.0, Avg:  0.0, Max:  0.0, Diff:  0.0, Sum:  0.1, Workers: 4
[22.606s][debug][gc,phases      ] GC(45)     Dead                           Min: 0, Avg:  0.2, Max: 1, Diff: 1, Sum: 1, Workers: 4
[22.606s][debug][gc,phases      ] GC(45)     Total                          Min: 1508, Avg: 1736.8, Max: 2048, Diff: 540, Sum: 6947, Workers: 4
[22.606s][debug][gc,phases      ] GC(45)   JNI Weak                       Min:  0.0, Avg:  0.0, Max:  0.0, Diff:  0.0, Sum:  0.0, Workers: 4
[22.606s][debug][gc,phases      ] GC(45)     Dead                           Min: 0, Avg:  0.0, Max: 0, Diff: 0, Sum: 0, Workers: 4
[22.606s][debug][gc,phases      ] GC(45)     Total                          Min: 0, Avg:  0.8, Max: 3, Diff: 3, Sum: 3, Workers: 4
[22.606s][debug][gc,phases      ] GC(45)   StringDedup Table Weak         Min:  0.0, Avg:  0.0, Max:  0.0, Diff:  0.0, Sum:  0.0, Workers: 4
[22.606s][debug][gc,phases      ] GC(45)     Dead                           Min: 0, Avg:  0.0, Max: 0, Diff: 0, Sum: 0, Workers: 4
[22.606s][debug][gc,phases      ] GC(45)     Total                          Min: 0, Avg:  0.0, Max: 0, Diff: 0, Sum: 0, Workers: 4
[22.606s][debug][gc,phases      ] GC(45)   StringDedup Requests0 Weak     Min:  0.0, Avg:  0.0, Max:  0.0, Diff:  0.0, Sum:  0.0, Workers: 4
[22.606s][debug][gc,phases      ] GC(45)     Dead                           Min: 0, Avg:  0.0, Max: 0, Diff: 0, Sum: 0, Workers: 4
[22.606s][debug][gc,phases      ] GC(45)     Total                          Min: 0, Avg:  0.0, Max: 0, Diff: 0, Sum: 0, Workers: 4
[22.606s][debug][gc,phases      ] GC(45)   StringDedup Requests1 Weak     Min:  0.0, Avg:  0.0, Max:  0.0, Diff:  0.0, Sum:  0.0, Workers: 4
[22.606s][debug][gc,phases      ] GC(45)     Dead                           Min: 0, Avg:  0.0, Max: 0, Diff: 0, Sum: 0, Workers: 4
[22.606s][debug][gc,phases      ] GC(45)     Total                          Min: 0, Avg:  0.0, Max: 0, Diff: 0, Sum: 0, Workers: 4
[22.606s][debug][gc,phases      ] GC(45)   Weak JFR Old Object Samples    Min:  0.0, Avg:  0.0, Max:  0.0, Diff:  0.0, Sum:  0.0, Workers: 4
[22.606s][debug][gc,phases      ] GC(45)     Dead                           Min: 0, Avg:  0.0, Max: 0, Diff: 0, Sum: 0, Workers: 4
[22.606s][debug][gc,phases      ] GC(45)     Total                          Min: 0, Avg:  0.0, Max: 0, Diff: 0, Sum: 0, Workers: 4
[22.606s][debug][gc,phases      ] GC(45) Weak Processing 0.328ms
[22.606s][debug][gc,age         ] GC(45) Desired survivor size 393216000 bytes, new threshold 15 (max threshold 15)
[22.606s][info ][gc,heap        ] GC(45) PSYoungGen: 1396432K(1709056K)->73520K(1710592K) Eden: 1324032K(1324032K)->0K(1324032K) From: 72400K(385024K)->73520K(386560K)
[22.606s][info ][gc,heap        ] GC(45) ParOldGen: 428790K(497152K)->431870K(497152K)
[22.606s][info ][gc,metaspace   ] GC(45) Metaspace: 67824K(68608K)->67824K(68608K) NonClass: 57951K(58368K)->57951K(58368K) Class: 9873K(10240K)->9873K(10240K)
[22.606s][info ][gc             ] GC(45) Pause Young (Allocation Failure) 1782M->493M(2156M) 27.066ms
[22.606s][info ][gc,cpu         ] GC(45) User=0.09s Sys=0.01s Real=0.02s
[22.606s][info ][safepoint      ] Safepoint "ParallelGCFailedAllocation", Time since last: 215678366 ns, Reaching safepoint: 234804 ns, At safepoint: 27197700 ns, Total: 27432504 ns
[22.952s][info ][gc,start       ] GC(46) Pause Young (Allocation Failure)
[22.982s][debug][gc,phases      ] GC(46) Scavenge 30.198ms
[22.982s][debug][gc,ref         ] GC(46) Skipped phase 1 of Reference Processing: no references
[22.982s][debug][gc,ref         ] GC(46) ReferenceProcessor::execute queues: 1, RefProcThreadModel::Single, marks_oops_alive: false
[22.982s][debug][gc,ref         ] GC(46) Skipped phase 3 of Reference Processing: no references
[22.982s][debug][gc,ref         ] GC(46) ReferenceProcessor::execute queues: 1, RefProcThreadModel::Single, marks_oops_alive: false
[22.982s][debug][gc,phases      ] GC(46) Reference Processing 0.120ms
[22.982s][debug][gc,phases      ] GC(46)   VM Weak                        Min:  0.0, Avg:  0.0, Max:  0.0, Diff:  0.0, Sum:  0.0, Workers: 4
[22.982s][debug][gc,phases      ] GC(46)     Dead                           Min: 0, Avg:  0.0, Max: 0, Diff: 0, Sum: 0, Workers: 4
[22.982s][debug][gc,phases      ] GC(46)     Total                          Min: 0, Avg: 147.5, Max: 398, Diff: 398, Sum: 590, Workers: 4
[22.982s][debug][gc,phases      ] GC(46)   ObjectSynchronizer Weak        Min:  0.0, Avg:  0.0, Max:  0.0, Diff:  0.0, Sum:  0.0, Workers: 4
[22.982s][debug][gc,phases      ] GC(46)     Dead                           Min: 0, Avg:  0.0, Max: 0, Diff: 0, Sum: 0, Workers: 4
[22.982s][debug][gc,phases      ] GC(46)     Total                          Min: 0, Avg: 95.5, Max: 318, Diff: 318, Sum: 382, Workers: 4
[22.982s][debug][gc,phases      ] GC(46)   JVMTI Tag Weak OopStorage      Min:  0.0, Avg:  0.0, Max:  0.0, Diff:  0.0, Sum:  0.0, Workers: 4
[22.982s][debug][gc,phases      ] GC(46)     Dead                           Min: 0, Avg:  0.0, Max: 0, Diff: 0, Sum: 0, Workers: 4
[22.982s][debug][gc,phases      ] GC(46)     Total                          Min: 0, Avg:  0.0, Max: 0, Diff: 0, Sum: 0, Workers: 4
[22.982s][debug][gc,phases      ] GC(46)   StringTable Weak               Min:  0.1, Avg:  0.1, Max:  0.1, Diff:  0.0, Sum:  0.4, Workers: 4
[22.982s][debug][gc,phases      ] GC(46)     Dead                           Min: 0, Avg:  2.8, Max: 11, Diff: 11, Sum: 11, Workers: 4
[22.982s][debug][gc,phases      ] GC(46)     Total                          Min: 10112, Avg: 10681.2, Max: 11440, Diff: 1328, Sum: 42725, Workers: 4
[22.982s][debug][gc,phases      ] GC(46)   ResolvedMethodTable Weak       Min:  0.0, Avg:  0.0, Max:  0.0, Diff:  0.0, Sum:  0.1, Workers: 4
[22.982s][debug][gc,phases      ] GC(46)     Dead                           Min: 0, Avg:  0.0, Max: 0, Diff: 0, Sum: 0, Workers: 4
[22.982s][debug][gc,phases      ] GC(46)     Total                          Min: 1536, Avg: 1736.8, Max: 1956, Diff: 420, Sum: 6947, Workers: 4
[22.982s][debug][gc,phases      ] GC(46)   JNI Weak                       Min:  0.0, Avg:  0.0, Max:  0.0, Diff:  0.0, Sum:  0.0, Workers: 4
[22.982s][debug][gc,phases      ] GC(46)     Dead                           Min: 0, Avg:  0.0, Max: 0, Diff: 0, Sum: 0, Workers: 4
[22.982s][debug][gc,phases      ] GC(46)     Total                          Min: 0, Avg:  0.8, Max: 3, Diff: 3, Sum: 3, Workers: 4
[22.982s][debug][gc,phases      ] GC(46)   StringDedup Table Weak         Min:  0.0, Avg:  0.0, Max:  0.0, Diff:  0.0, Sum:  0.0, Workers: 4
[22.982s][debug][gc,phases      ] GC(46)     Dead                           Min: 0, Avg:  0.0, Max: 0, Diff: 0, Sum: 0, Workers: 4
[22.983s][debug][gc,phases      ] GC(46)     Total                          Min: 0, Avg:  0.0, Max: 0, Diff: 0, Sum: 0, Workers: 4
[22.983s][debug][gc,phases      ] GC(46)   StringDedup Requests0 Weak     Min:  0.0, Avg:  0.0, Max:  0.0, Diff:  0.0, Sum:  0.0, Workers: 4
[22.983s][debug][gc,phases      ] GC(46)     Dead                           Min: 0, Avg:  0.0, Max: 0, Diff: 0, Sum: 0, Workers: 4
[22.983s][debug][gc,phases      ] GC(46)     Total                          Min: 0, Avg:  0.0, Max: 0, Diff: 0, Sum: 0, Workers: 4
[22.983s][debug][gc,phases      ] GC(46)   StringDedup Requests1 Weak     Min:  0.0, Avg:  0.0, Max:  0.0, Diff:  0.0, Sum:  0.0, Workers: 4
[22.983s][debug][gc,phases      ] GC(46)     Dead                           Min: 0, Avg:  0.0, Max: 0, Diff: 0, Sum: 0, Workers: 4
[22.983s][debug][gc,phases      ] GC(46)     Total                          Min: 0, Avg:  0.0, Max: 0, Diff: 0, Sum: 0, Workers: 4
[22.983s][debug][gc,phases      ] GC(46)   Weak JFR Old Object Samples    Min:  0.0, Avg:  0.0, Max:  0.0, Diff:  0.0, Sum:  0.0, Workers: 4
[22.983s][debug][gc,phases      ] GC(46)     Dead                           Min: 0, Avg:  0.0, Max: 0, Diff: 0, Sum: 0, Workers: 4
[22.983s][debug][gc,phases      ] GC(46)     Total                          Min: 0, Avg:  0.0, Max: 0, Diff: 0, Sum: 0, Workers: 4
[22.983s][debug][gc,phases      ] GC(46) Weak Processing 0.328ms
[22.983s][debug][gc,age         ] GC(46) Desired survivor size 387448832 bytes, new threshold 15 (max threshold 15)
[22.983s][info ][gc,heap        ] GC(46) PSYoungGen: 1397552K(1710592K)->78896K(1718784K) Eden: 1324032K(1324032K)->0K(1334784K) From: 73520K(386560K)->78896K(384000K)
[22.983s][info ][gc,heap        ] GC(46) ParOldGen: 431870K(497152K)->433614K(497152K)
[22.983s][info ][gc,metaspace   ] GC(46) Metaspace: 67978K(68736K)->67978K(68736K) NonClass: 58091K(58496K)->58091K(58496K) Class: 9887K(10240K)->9887K(10240K)
[22.983s][info ][gc             ] GC(46) Pause Young (Allocation Failure) 1786M->500M(2164M) 30.790ms
[22.983s][info ][gc,cpu         ] GC(46) User=0.12s Sys=0.00s Real=0.03s
[22.983s][info ][safepoint      ] Safepoint "ParallelGCFailedAllocation", Time since last: 344940843 ns, Reaching safepoint: 679612 ns, At safepoint: 30914869 ns, Total: 31594481 ns
[23.202s][info ][gc,start       ] GC(47) Pause Young (Allocation Failure)
[23.233s][debug][gc,phases      ] GC(47) Scavenge 30.267ms
[23.233s][debug][gc,ref         ] GC(47) Skipped phase 1 of Reference Processing: no references
[23.233s][debug][gc,ref         ] GC(47) ReferenceProcessor::execute queues: 1, RefProcThreadModel::Single, marks_oops_alive: false
[23.233s][debug][gc,ref         ] GC(47) Skipped phase 3 of Reference Processing: no references
[23.233s][debug][gc,ref         ] GC(47) ReferenceProcessor::execute queues: 1, RefProcThreadModel::Single, marks_oops_alive: false
[23.233s][debug][gc,phases      ] GC(47) Reference Processing 0.110ms
[23.233s][debug][gc,phases      ] GC(47)   VM Weak                        Min:  0.0, Avg:  0.0, Max:  0.0, Diff:  0.0, Sum:  0.0, Workers: 4
[23.233s][debug][gc,phases      ] GC(47)     Dead                           Min: 0, Avg:  0.0, Max: 0, Diff: 0, Sum: 0, Workers: 4
[23.233s][debug][gc,phases      ] GC(47)     Total                          Min: 0, Avg: 147.5, Max: 320, Diff: 320, Sum: 590, Workers: 4
[23.233s][debug][gc,phases      ] GC(47)   ObjectSynchronizer Weak        Min:  0.0, Avg:  0.0, Max:  0.0, Diff:  0.0, Sum:  0.0, Workers: 4
[23.233s][debug][gc,phases      ] GC(47)     Dead                           Min: 0, Avg:  0.0, Max: 0, Diff: 0, Sum: 0, Workers: 4
[23.233s][debug][gc,phases      ] GC(47)     Total                          Min: 0, Avg: 95.5, Max: 190, Diff: 190, Sum: 382, Workers: 4
[23.233s][debug][gc,phases      ] GC(47)   JVMTI Tag Weak OopStorage      Min:  0.0, Avg:  0.0, Max:  0.0, Diff:  0.0, Sum:  0.0, Workers: 4
[23.233s][debug][gc,phases      ] GC(47)     Dead                           Min: 0, Avg:  0.0, Max: 0, Diff: 0, Sum: 0, Workers: 4
[23.233s][debug][gc,phases      ] GC(47)     Total                          Min: 0, Avg:  0.0, Max: 0, Diff: 0, Sum: 0, Workers: 4
[23.233s][debug][gc,phases      ] GC(47)   StringTable Weak               Min:  0.1, Avg:  0.1, Max:  0.1, Diff:  0.0, Sum:  0.4, Workers: 4
[23.233s][debug][gc,phases      ] GC(47)     Dead                           Min: 0, Avg:  0.0, Max: 0, Diff: 0, Sum: 0, Workers: 4
[23.233s][debug][gc,phases      ] GC(47)     Total                          Min: 9343, Avg: 10682.5, Max: 11904, Diff: 2561, Sum: 42730, Workers: 4
[23.233s][debug][gc,phases      ] GC(47)   ResolvedMethodTable Weak       Min:  0.0, Avg:  0.0, Max:  0.0, Diff:  0.0, Sum:  0.1, Workers: 4
[23.233s][debug][gc,phases      ] GC(47)     Dead                           Min: 0, Avg:  0.0, Max: 0, Diff: 0, Sum: 0, Workers: 4
[23.233s][debug][gc,phases      ] GC(47)     Total                          Min: 1600, Avg: 1736.8, Max: 1856, Diff: 256, Sum: 6947, Workers: 4
[23.233s][debug][gc,phases      ] GC(47)   JNI Weak                       Min:  0.0, Avg:  0.0, Max:  0.0, Diff:  0.0, Sum:  0.0, Workers: 4
[23.233s][debug][gc,phases      ] GC(47)     Dead                           Min: 0, Avg:  0.0, Max: 0, Diff: 0, Sum: 0, Workers: 4
[23.233s][debug][gc,phases      ] GC(47)     Total                          Min: 0, Avg:  0.8, Max: 3, Diff: 3, Sum: 3, Workers: 4
[23.233s][debug][gc,phases      ] GC(47)   StringDedup Table Weak         Min:  0.0, Avg:  0.0, Max:  0.0, Diff:  0.0, Sum:  0.0, Workers: 4
[23.233s][debug][gc,phases      ] GC(47)     Dead                           Min: 0, Avg:  0.0, Max: 0, Diff: 0, Sum: 0, Workers: 4
[23.233s][debug][gc,phases      ] GC(47)     Total                          Min: 0, Avg:  0.0, Max: 0, Diff: 0, Sum: 0, Workers: 4
[23.233s][debug][gc,phases      ] GC(47)   StringDedup Requests0 Weak     Min:  0.0, Avg:  0.0, Max:  0.0, Diff:  0.0, Sum:  0.0, Workers: 4
[23.233s][debug][gc,phases      ] GC(47)     Dead                           Min: 0, Avg:  0.0, Max: 0, Diff: 0, Sum: 0, Workers: 4
[23.233s][debug][gc,phases      ] GC(47)     Total                          Min: 0, Avg:  0.0, Max: 0, Diff: 0, Sum: 0, Workers: 4
[23.233s][debug][gc,phases      ] GC(47)   StringDedup Requests1 Weak     Min:  0.0, Avg:  0.0, Max:  0.0, Diff:  0.0, Sum:  0.0, Workers: 4
[23.233s][debug][gc,phases      ] GC(47)     Dead                           Min: 0, Avg:  0.0, Max: 0, Diff: 0, Sum: 0, Workers: 4
[23.233s][debug][gc,phases      ] GC(47)     Total                          Min: 0, Avg:  0.0, Max: 0, Diff: 0, Sum: 0, Workers: 4
[23.233s][debug][gc,phases      ] GC(47)   Weak JFR Old Object Samples    Min:  0.0, Avg:  0.0, Max:  0.0, Diff:  0.0, Sum:  0.0, Workers: 4
[23.233s][debug][gc,phases      ] GC(47)     Dead                           Min: 0, Avg:  0.0, Max: 0, Diff: 0, Sum: 0, Workers: 4
[23.233s][debug][gc,phases      ] GC(47)     Total                          Min: 0, Avg:  0.0, Max: 0, Diff: 0, Sum: 0, Workers: 4
[23.233s][debug][gc,phases      ] GC(47) Weak Processing 0.311ms
[23.233s][debug][gc,age         ] GC(47) Desired survivor size 378535936 bytes, new threshold 15 (max threshold 15)
[23.233s][info ][gc,heap        ] GC(47) PSYoungGen: 1413680K(1718784K)->82224K(1713152K) Eden: 1334784K(1334784K)->0K(1334784K) From: 78896K(384000K)->82224K(378368K)
[23.233s][info ][gc,heap        ] GC(47) ParOldGen: 433614K(497152K)->435458K(497152K)
[23.233s][info ][gc,metaspace   ] GC(47) Metaspace: 67983K(68736K)->67983K(68736K) NonClass: 58095K(58496K)->58095K(58496K) Class: 9887K(10240K)->9887K(10240K)
[23.233s][info ][gc             ] GC(47) Pause Young (Allocation Failure) 1803M->505M(2158M) 30.827ms
[23.233s][info ][gc,cpu         ] GC(47) User=0.14s Sys=0.00s Real=0.03s
[23.233s][info ][safepoint      ] Safepoint "ParallelGCFailedAllocation", Time since last: 219459536 ns, Reaching safepoint: 133602 ns, At safepoint: 30943169 ns, Total: 31076771 ns
[23.599s][info ][gc,start       ] GC(48) Pause Young (Allocation Failure)
[23.632s][debug][gc,phases      ] GC(48) Scavenge 33.370ms
[23.632s][debug][gc,ref         ] GC(48) Skipped phase 1 of Reference Processing: no references
[23.632s][debug][gc,ref         ] GC(48) ReferenceProcessor::execute queues: 1, RefProcThreadModel::Single, marks_oops_alive: false
[23.632s][debug][gc,ref         ] GC(48) Skipped phase 3 of Reference Processing: no references
[23.632s][debug][gc,ref         ] GC(48) Skipped phase 4 of Reference Processing: no references
[23.632s][debug][gc,phases      ] GC(48) Reference Processing 0.132ms
[23.632s][debug][gc,phases      ] GC(48)   VM Weak                        Min:  0.0, Avg:  0.0, Max:  0.0, Diff:  0.0, Sum:  0.0, Workers: 4
[23.632s][debug][gc,phases      ] GC(48)     Dead                           Min: 0, Avg:  0.0, Max: 0, Diff: 0, Sum: 0, Workers: 4
[23.632s][debug][gc,phases      ] GC(48)     Total                          Min: 0, Avg: 147.5, Max: 590, Diff: 590, Sum: 590, Workers: 4
[23.632s][debug][gc,phases      ] GC(48)   ObjectSynchronizer Weak        Min:  0.0, Avg:  0.0, Max:  0.0, Diff:  0.0, Sum:  0.0, Workers: 4
[23.632s][debug][gc,phases      ] GC(48)     Dead                           Min: 0, Avg:  0.2, Max: 1, Diff: 1, Sum: 1, Workers: 4
[23.632s][debug][gc,phases      ] GC(48)     Total                          Min: 0, Avg: 95.5, Max: 190, Diff: 190, Sum: 382, Workers: 4
[23.632s][debug][gc,phases      ] GC(48)   JVMTI Tag Weak OopStorage      Min:  0.0, Avg:  0.0, Max:  0.0, Diff:  0.0, Sum:  0.0, Workers: 4
[23.632s][debug][gc,phases      ] GC(48)     Dead                           Min: 0, Avg:  0.0, Max: 0, Diff: 0, Sum: 0, Workers: 4
[23.632s][debug][gc,phases      ] GC(48)     Total                          Min: 0, Avg:  0.0, Max: 0, Diff: 0, Sum: 0, Workers: 4
[23.632s][debug][gc,phases      ] GC(48)   StringTable Weak               Min:  0.1, Avg:  0.1, Max:  0.1, Diff:  0.0, Sum:  0.4, Workers: 4
[23.632s][debug][gc,phases      ] GC(48)     Dead                           Min: 0, Avg:  2.8, Max: 5, Diff: 5, Sum: 11, Workers: 4
[23.632s][debug][gc,phases      ] GC(48)     Total                          Min: 9834, Avg: 10682.5, Max: 11264, Diff: 1430, Sum: 42730, Workers: 4
[23.632s][debug][gc,phases      ] GC(48)   ResolvedMethodTable Weak       Min:  0.0, Avg:  0.0, Max:  0.0, Diff:  0.0, Sum:  0.1, Workers: 4
[23.632s][debug][gc,phases      ] GC(48)     Dead                           Min: 0, Avg:  0.0, Max: 0, Diff: 0, Sum: 0, Workers: 4
[23.632s][debug][gc,phases      ] GC(48)     Total                          Min: 1508, Avg: 1736.8, Max: 2176, Diff: 668, Sum: 6947, Workers: 4
[23.632s][debug][gc,phases      ] GC(48)   JNI Weak                       Min:  0.0, Avg:  0.0, Max:  0.0, Diff:  0.0, Sum:  0.0, Workers: 4
[23.632s][debug][gc,phases      ] GC(48)     Dead                           Min: 0, Avg:  0.0, Max: 0, Diff: 0, Sum: 0, Workers: 4
[23.632s][debug][gc,phases      ] GC(48)     Total                          Min: 0, Avg:  0.8, Max: 3, Diff: 3, Sum: 3, Workers: 4
[23.632s][debug][gc,phases      ] GC(48)   StringDedup Table Weak         Min:  0.0, Avg:  0.0, Max:  0.0, Diff:  0.0, Sum:  0.0, Workers: 4
[23.632s][debug][gc,phases      ] GC(48)     Dead                           Min: 0, Avg:  0.0, Max: 0, Diff: 0, Sum: 0, Workers: 4
[23.632s][debug][gc,phases      ] GC(48)     Total                          Min: 0, Avg:  0.0, Max: 0, Diff: 0, Sum: 0, Workers: 4
[23.632s][debug][gc,phases      ] GC(48)   StringDedup Requests0 Weak     Min:  0.0, Avg:  0.0, Max:  0.0, Diff:  0.0, Sum:  0.0, Workers: 4
[23.632s][debug][gc,phases      ] GC(48)     Dead                           Min: 0, Avg:  0.0, Max: 0, Diff: 0, Sum: 0, Workers: 4
[23.632s][debug][gc,phases      ] GC(48)     Total                          Min: 0, Avg:  0.0, Max: 0, Diff: 0, Sum: 0, Workers: 4
[23.632s][debug][gc,phases      ] GC(48)   StringDedup Requests1 Weak     Min:  0.0, Avg:  0.0, Max:  0.0, Diff:  0.0, Sum:  0.0, Workers: 4
[23.632s][debug][gc,phases      ] GC(48)     Dead                           Min: 0, Avg:  0.0, Max: 0, Diff: 0, Sum: 0, Workers: 4
[23.632s][debug][gc,phases      ] GC(48)     Total                          Min: 0, Avg:  0.0, Max: 0, Diff: 0, Sum: 0, Workers: 4
[23.632s][debug][gc,phases      ] GC(48)   Weak JFR Old Object Samples    Min:  0.0, Avg:  0.0, Max:  0.0, Diff:  0.0, Sum:  0.0, Workers: 4
[23.632s][debug][gc,phases      ] GC(48)     Dead                           Min: 0, Avg:  0.0, Max: 0, Diff: 0, Sum: 0, Workers: 4
[23.632s][debug][gc,phases      ] GC(48)     Total                          Min: 0, Avg:  0.0, Max: 0, Diff: 0, Sum: 0, Workers: 4
[23.632s][debug][gc,phases      ] GC(48) Weak Processing 0.331ms
[23.632s][debug][gc,age         ] GC(48) Desired survivor size 368574464 bytes, new threshold 15 (max threshold 15)
[23.633s][info ][gc,heap        ] GC(48) PSYoungGen: 1417008K(1713152K)->85640K(1737216K) Eden: 1334784K(1334784K)->0K(1367552K) From: 82224K(378368K)->85640K(369664K)
[23.633s][info ][gc,heap        ] GC(48) ParOldGen: 435458K(497152K)->438583K(497152K)
[23.633s][info ][gc,metaspace   ] GC(48) Metaspace: 67985K(68736K)->67985K(68736K) NonClass: 58098K(58496K)->58098K(58496K) Class: 9887K(10240K)->9887K(10240K)
[23.633s][info ][gc             ] GC(48) Pause Young (Allocation Failure) 1809M->511M(2182M) 33.966ms
[23.633s][info ][gc,cpu         ] GC(48) User=0.15s Sys=0.01s Real=0.03s
[23.633s][info ][safepoint      ] Safepoint "ParallelGCFailedAllocation", Time since last: 365161315 ns, Reaching safepoint: 144403 ns, At safepoint: 34080826 ns, Total: 34225229 ns
[23.981s][info ][gc,start       ] GC(49) Pause Young (Allocation Failure)
[24.012s][debug][gc,phases      ] GC(49) Scavenge 30.648ms
[24.012s][debug][gc,ref         ] GC(49) Skipped phase 1 of Reference Processing: no references
[24.012s][debug][gc,ref         ] GC(49) ReferenceProcessor::execute queues: 1, RefProcThreadModel::Single, marks_oops_alive: false
[24.012s][debug][gc,ref         ] GC(49) Skipped phase 3 of Reference Processing: no references
[24.012s][debug][gc,ref         ] GC(49) Skipped phase 4 of Reference Processing: no references
[24.012s][debug][gc,phases      ] GC(49) Reference Processing 0.108ms
[24.012s][debug][gc,phases      ] GC(49)   VM Weak                        Min:  0.0, Avg:  0.0, Max:  0.0, Diff:  0.0, Sum:  0.0, Workers: 4
[24.012s][debug][gc,phases      ] GC(49)     Dead                           Min: 0, Avg:  0.0, Max: 0, Diff: 0, Sum: 0, Workers: 4
[24.012s][debug][gc,phases      ] GC(49)     Total                          Min: 0, Avg: 147.5, Max: 512, Diff: 512, Sum: 590, Workers: 4
[24.012s][debug][gc,phases      ] GC(49)   ObjectSynchronizer Weak        Min:  0.0, Avg:  0.0, Max:  0.0, Diff:  0.0, Sum:  0.0, Workers: 4
[24.012s][debug][gc,phases      ] GC(49)     Dead                           Min: 0, Avg:  0.0, Max: 0, Diff: 0, Sum: 0, Workers: 4
[24.012s][debug][gc,phases      ] GC(49)     Total                          Min: 0, Avg: 95.5, Max: 190, Diff: 190, Sum: 382, Workers: 4
[24.012s][debug][gc,phases      ] GC(49)   JVMTI Tag Weak OopStorage      Min:  0.0, Avg:  0.0, Max:  0.0, Diff:  0.0, Sum:  0.0, Workers: 4
[24.012s][debug][gc,phases      ] GC(49)     Dead                           Min: 0, Avg:  0.0, Max: 0, Diff: 0, Sum: 0, Workers: 4
[24.012s][debug][gc,phases      ] GC(49)     Total                          Min: 0, Avg:  0.0, Max: 0, Diff: 0, Sum: 0, Workers: 4
[24.012s][debug][gc,phases      ] GC(49)   StringTable Weak               Min:  0.1, Avg:  0.1, Max:  0.1, Diff:  0.0, Sum:  0.4, Workers: 4
[24.012s][debug][gc,phases      ] GC(49)     Dead                           Min: 0, Avg:  2.8, Max: 11, Diff: 11, Sum: 11, Workers: 4
[24.012s][debug][gc,phases      ] GC(49)     Total                          Min: 10416, Avg: 10682.5, Max: 11003, Diff: 587, Sum: 42730, Workers: 4
[24.012s][debug][gc,phases      ] GC(49)   ResolvedMethodTable Weak       Min:  0.0, Avg:  0.0, Max:  0.0, Diff:  0.0, Sum:  0.1, Workers: 4
[24.012s][debug][gc,phases      ] GC(49)     Dead                           Min: 0, Avg:  0.0, Max: 0, Diff: 0, Sum: 0, Workers: 4
[24.012s][debug][gc,phases      ] GC(49)     Total                          Min: 1636, Avg: 1736.8, Max: 1856, Diff: 220, Sum: 6947, Workers: 4
[24.012s][debug][gc,phases      ] GC(49)   JNI Weak                       Min:  0.0, Avg:  0.0, Max:  0.0, Diff:  0.0, Sum:  0.0, Workers: 4
[24.012s][debug][gc,phases      ] GC(49)     Dead                           Min: 0, Avg:  0.0, Max: 0, Diff: 0, Sum: 0, Workers: 4
[24.012s][debug][gc,phases      ] GC(49)     Total                          Min: 0, Avg:  2.0, Max: 8, Diff: 8, Sum: 8, Workers: 4
[24.012s][debug][gc,phases      ] GC(49)   StringDedup Table Weak         Min:  0.0, Avg:  0.0, Max:  0.0, Diff:  0.0, Sum:  0.0, Workers: 4
[24.012s][debug][gc,phases      ] GC(49)     Dead                           Min: 0, Avg:  0.0, Max: 0, Diff: 0, Sum: 0, Workers: 4
[24.012s][debug][gc,phases      ] GC(49)     Total                          Min: 0, Avg:  0.0, Max: 0, Diff: 0, Sum: 0, Workers: 4
[24.012s][debug][gc,phases      ] GC(49)   StringDedup Requests0 Weak     Min:  0.0, Avg:  0.0, Max:  0.0, Diff:  0.0, Sum:  0.0, Workers: 4
[24.012s][debug][gc,phases      ] GC(49)     Dead                           Min: 0, Avg:  0.0, Max: 0, Diff: 0, Sum: 0, Workers: 4
[24.012s][debug][gc,phases      ] GC(49)     Total                          Min: 0, Avg:  0.0, Max: 0, Diff: 0, Sum: 0, Workers: 4
[24.012s][debug][gc,phases      ] GC(49)   StringDedup Requests1 Weak     Min:  0.0, Avg:  0.0, Max:  0.0, Diff:  0.0, Sum:  0.0, Workers: 4
[24.012s][debug][gc,phases      ] GC(49)     Dead                           Min: 0, Avg:  0.0, Max: 0, Diff: 0, Sum: 0, Workers: 4
[24.012s][debug][gc,phases      ] GC(49)     Total                          Min: 0, Avg:  0.0, Max: 0, Diff: 0, Sum: 0, Workers: 4
[24.012s][debug][gc,phases      ] GC(49)   Weak JFR Old Object Samples    Min:  0.0, Avg:  0.0, Max:  0.0, Diff:  0.0, Sum:  0.0, Workers: 4
[24.012s][debug][gc,phases      ] GC(49)     Dead                           Min: 0, Avg:  0.0, Max: 0, Diff: 0, Sum: 0, Workers: 4
[24.012s][debug][gc,phases      ] GC(49)     Total                          Min: 0, Avg:  0.0, Max: 0, Diff: 0, Sum: 0, Workers: 4
[24.012s][debug][gc,phases      ] GC(49) Weak Processing 0.316ms
[24.012s][debug][gc,age         ] GC(49) Desired survivor size 357040128 bytes, new threshold 15 (max threshold 15)
[24.012s][info ][gc,heap        ] GC(49) PSYoungGen: 1453192K(1737216K)->86976K(1727488K) Eden: 1367552K(1367552K)->0K(1367552K) From: 85640K(369664K)->86976K(359936K)
[24.012s][info ][gc,heap        ] GC(49) ParOldGen: 438583K(497152K)->444255K(497152K)
[24.012s][info ][gc,metaspace   ] GC(49) Metaspace: 67987K(68736K)->67987K(68736K) NonClass: 58100K(58496K)->58100K(58496K) Class: 9887K(10240K)->9887K(10240K)
[24.012s][info ][gc             ] GC(49) Pause Young (Allocation Failure) 1847M->518M(2172M) 31.208ms
[24.012s][info ][gc,cpu         ] GC(49) User=0.15s Sys=0.01s Real=0.03s
[24.012s][info ][safepoint      ] Safepoint "ParallelGCFailedAllocation", Time since last: 348082601 ns, Reaching safepoint: 124903 ns, At safepoint: 31316575 ns, Total: 31441478 ns
[24.333s][info ][gc,start       ] GC(50) Pause Young (Allocation Failure)
[24.372s][debug][gc,phases      ] GC(50) Scavenge 38.170ms
[24.372s][debug][gc,ref         ] GC(50) Skipped phase 1 of Reference Processing: no references
[24.372s][debug][gc,ref         ] GC(50) ReferenceProcessor::execute queues: 1, RefProcThreadModel::Single, marks_oops_alive: false
[24.372s][debug][gc,ref         ] GC(50) Skipped phase 3 of Reference Processing: no references
[24.372s][debug][gc,ref         ] GC(50) Skipped phase 4 of Reference Processing: no references
[24.372s][debug][gc,phases      ] GC(50) Reference Processing 0.123ms
[24.372s][debug][gc,phases      ] GC(50)   VM Weak                        Min:  0.0, Avg:  0.0, Max:  0.0, Diff:  0.0, Sum:  0.0, Workers: 4
[24.372s][debug][gc,phases      ] GC(50)     Dead                           Min: 0, Avg:  0.0, Max: 0, Diff: 0, Sum: 0, Workers: 4
[24.372s][debug][gc,phases      ] GC(50)     Total                          Min: 0, Avg: 147.5, Max: 398, Diff: 398, Sum: 590, Workers: 4
[24.372s][debug][gc,phases      ] GC(50)   ObjectSynchronizer Weak        Min:  0.0, Avg:  0.0, Max:  0.0, Diff:  0.0, Sum:  0.0, Workers: 4
[24.372s][debug][gc,phases      ] GC(50)     Dead                           Min: 0, Avg:  0.0, Max: 0, Diff: 0, Sum: 0, Workers: 4
[24.372s][debug][gc,phases      ] GC(50)     Total                          Min: 0, Avg: 95.5, Max: 192, Diff: 192, Sum: 382, Workers: 4
[24.372s][debug][gc,phases      ] GC(50)   JVMTI Tag Weak OopStorage      Min:  0.0, Avg:  0.0, Max:  0.0, Diff:  0.0, Sum:  0.0, Workers: 4
[24.372s][debug][gc,phases      ] GC(50)     Dead                           Min: 0, Avg:  0.0, Max: 0, Diff: 0, Sum: 0, Workers: 4
[24.372s][debug][gc,phases      ] GC(50)     Total                          Min: 0, Avg:  0.0, Max: 0, Diff: 0, Sum: 0, Workers: 4
[24.372s][debug][gc,phases      ] GC(50)   StringTable Weak               Min:  0.1, Avg:  0.1, Max:  0.1, Diff:  0.0, Sum:  0.4, Workers: 4
[24.372s][debug][gc,phases      ] GC(50)     Dead                           Min: 0, Avg:  0.0, Max: 0, Diff: 0, Sum: 0, Workers: 4
[24.372s][debug][gc,phases      ] GC(50)     Total                          Min: 9787, Avg: 10682.5, Max: 11391, Diff: 1604, Sum: 42730, Workers: 4
[24.372s][debug][gc,phases      ] GC(50)   ResolvedMethodTable Weak       Min:  0.0, Avg:  0.0, Max:  0.0, Diff:  0.0, Sum:  0.1, Workers: 4
[24.372s][debug][gc,phases      ] GC(50)     Dead                           Min: 0, Avg:  0.0, Max: 0, Diff: 0, Sum: 0, Workers: 4
[24.372s][debug][gc,phases      ] GC(50)     Total                          Min: 1636, Avg: 1736.8, Max: 1856, Diff: 220, Sum: 6947, Workers: 4
[24.372s][debug][gc,phases      ] GC(50)   JNI Weak                       Min:  0.0, Avg:  0.0, Max:  0.0, Diff:  0.0, Sum:  0.0, Workers: 4
[24.372s][debug][gc,phases      ] GC(50)     Dead                           Min: 0, Avg:  0.0, Max: 0, Diff: 0, Sum: 0, Workers: 4
[24.372s][debug][gc,phases      ] GC(50)     Total                          Min: 0, Avg:  0.0, Max: 0, Diff: 0, Sum: 0, Workers: 4
[24.372s][debug][gc,phases      ] GC(50)   StringDedup Table Weak         Min:  0.0, Avg:  0.0, Max:  0.0, Diff:  0.0, Sum:  0.0, Workers: 4
[24.372s][debug][gc,phases      ] GC(50)     Dead                           Min: 0, Avg:  0.0, Max: 0, Diff: 0, Sum: 0, Workers: 4
[24.372s][debug][gc,phases      ] GC(50)     Total                          Min: 0, Avg:  0.0, Max: 0, Diff: 0, Sum: 0, Workers: 4
[24.372s][debug][gc,phases      ] GC(50)   StringDedup Requests0 Weak     Min:  0.0, Avg:  0.0, Max:  0.0, Diff:  0.0, Sum:  0.0, Workers: 4
[24.372s][debug][gc,phases      ] GC(50)     Dead                           Min: 0, Avg:  0.0, Max: 0, Diff: 0, Sum: 0, Workers: 4
[24.372s][debug][gc,phases      ] GC(50)     Total                          Min: 0, Avg:  0.0, Max: 0, Diff: 0, Sum: 0, Workers: 4
[24.372s][debug][gc,phases      ] GC(50)   StringDedup Requests1 Weak     Min:  0.0, Avg:  0.0, Max:  0.0, Diff:  0.0, Sum:  0.0, Workers: 4
[24.372s][debug][gc,phases      ] GC(50)     Dead                           Min: 0, Avg:  0.0, Max: 0, Diff: 0, Sum: 0, Workers: 4
[24.372s][debug][gc,phases      ] GC(50)     Total                          Min: 0, Avg:  0.0, Max: 0, Diff: 0, Sum: 0, Workers: 4
[24.372s][debug][gc,phases      ] GC(50)   Weak JFR Old Object Samples    Min:  0.0, Avg:  0.0, Max:  0.0, Diff:  0.0, Sum:  0.0, Workers: 4
[24.372s][debug][gc,phases      ] GC(50)     Dead                           Min: 0, Avg:  0.0, Max: 0, Diff: 0, Sum: 0, Workers: 4
[24.372s][debug][gc,phases      ] GC(50)     Total                          Min: 0, Avg:  0.0, Max: 0, Diff: 0, Sum: 0, Workers: 4
[24.372s][debug][gc,phases      ] GC(50) Weak Processing 0.326ms
[24.372s][debug][gc,age         ] GC(50) Desired survivor size 344981504 bytes, new threshold 15 (max threshold 15)
[24.372s][info ][gc,heap        ] GC(50) PSYoungGen: 1454528K(1727488K)->87792K(1760256K) Eden: 1367552K(1367552K)->0K(1411584K) From: 86976K(359936K)->87792K(348672K)
[24.372s][info ][gc,heap        ] GC(50) ParOldGen: 444255K(497152K)->449655K(497152K)
[24.372s][info ][gc,metaspace   ] GC(50) Metaspace: 67997K(68800K)->67997K(68800K) NonClass: 58110K(58560K)->58110K(58560K) Class: 9887K(10240K)->9887K(10240K)
[24.372s][info ][gc             ] GC(50) Pause Young (Allocation Failure) 1854M->524M(2204M) 38.779ms
[24.372s][info ][gc,cpu         ] GC(50) User=0.13s Sys=0.01s Real=0.04s
[24.372s][info ][safepoint      ] Safepoint "ParallelGCFailedAllocation", Time since last: 320956403 ns, Reaching safepoint: 136002 ns, At safepoint: 38877715 ns, Total: 39013717 ns
[24.622s][info ][gc,start       ] GC(51) Pause Young (Allocation Failure)
[24.655s][debug][gc,phases      ] GC(51) Scavenge 32.635ms
[24.655s][debug][gc,ref         ] GC(51) Skipped phase 1 of Reference Processing: no references
[24.655s][debug][gc,ref         ] GC(51) ReferenceProcessor::execute queues: 1, RefProcThreadModel::Single, marks_oops_alive: false
[24.655s][debug][gc,ref         ] GC(51) Skipped phase 3 of Reference Processing: no references
[24.655s][debug][gc,ref         ] GC(51) Skipped phase 4 of Reference Processing: no references
[24.655s][debug][gc,phases      ] GC(51) Reference Processing 0.117ms
[24.655s][debug][gc,phases      ] GC(51)   VM Weak                        Min:  0.0, Avg:  0.0, Max:  0.0, Diff:  0.0, Sum:  0.0, Workers: 4
[24.655s][debug][gc,phases      ] GC(51)     Dead                           Min: 0, Avg:  0.0, Max: 0, Diff: 0, Sum: 0, Workers: 4
[24.655s][debug][gc,phases      ] GC(51)     Total                          Min: 0, Avg: 147.5, Max: 256, Diff: 256, Sum: 590, Workers: 4
[24.655s][debug][gc,phases      ] GC(51)   ObjectSynchronizer Weak        Min:  0.0, Avg:  0.0, Max:  0.0, Diff:  0.0, Sum:  0.0, Workers: 4
[24.655s][debug][gc,phases      ] GC(51)     Dead                           Min: 0, Avg:  0.0, Max: 0, Diff: 0, Sum: 0, Workers: 4
[24.655s][debug][gc,phases      ] GC(51)     Total                          Min: 0, Avg: 95.5, Max: 128, Diff: 128, Sum: 382, Workers: 4
[24.655s][debug][gc,phases      ] GC(51)   JVMTI Tag Weak OopStorage      Min:  0.0, Avg:  0.0, Max:  0.0, Diff:  0.0, Sum:  0.0, Workers: 4
[24.655s][debug][gc,phases      ] GC(51)     Dead                           Min: 0, Avg:  0.0, Max: 0, Diff: 0, Sum: 0, Workers: 4
[24.655s][debug][gc,phases      ] GC(51)     Total                          Min: 0, Avg:  0.0, Max: 0, Diff: 0, Sum: 0, Workers: 4
[24.655s][debug][gc,phases      ] GC(51)   StringTable Weak               Min:  0.1, Avg:  0.1, Max:  0.1, Diff:  0.0, Sum:  0.4, Workers: 4
[24.655s][debug][gc,phases      ] GC(51)     Dead                           Min: 0, Avg:  2.8, Max: 5, Diff: 5, Sum: 11, Workers: 4
[24.655s][debug][gc,phases      ] GC(51)     Total                          Min: 10048, Avg: 10688.2, Max: 11008, Diff: 960, Sum: 42753, Workers: 4
[24.655s][debug][gc,phases      ] GC(51)   ResolvedMethodTable Weak       Min:  0.0, Avg:  0.0, Max:  0.0, Diff:  0.0, Sum:  0.1, Workers: 4
[24.655s][debug][gc,phases      ] GC(51)     Dead                           Min: 0, Avg:  0.0, Max: 0, Diff: 0, Sum: 0, Workers: 4
[24.655s][debug][gc,phases      ] GC(51)     Total                          Min: 1664, Avg: 1736.8, Max: 1792, Diff: 128, Sum: 6947, Workers: 4
[24.655s][debug][gc,phases      ] GC(51)   JNI Weak                       Min:  0.0, Avg:  0.0, Max:  0.0, Diff:  0.0, Sum:  0.0, Workers: 4
[24.655s][debug][gc,phases      ] GC(51)     Dead                           Min: 0, Avg:  0.0, Max: 0, Diff: 0, Sum: 0, Workers: 4
[24.655s][debug][gc,phases      ] GC(51)     Total                          Min: 0, Avg:  0.8, Max: 3, Diff: 3, Sum: 3, Workers: 4
[24.655s][debug][gc,phases      ] GC(51)   StringDedup Table Weak         Min:  0.0, Avg:  0.0, Max:  0.0, Diff:  0.0, Sum:  0.0, Workers: 4
[24.655s][debug][gc,phases      ] GC(51)     Dead                           Min: 0, Avg:  0.0, Max: 0, Diff: 0, Sum: 0, Workers: 4
[24.655s][debug][gc,phases      ] GC(51)     Total                          Min: 0, Avg:  0.0, Max: 0, Diff: 0, Sum: 0, Workers: 4
[24.655s][debug][gc,phases      ] GC(51)   StringDedup Requests0 Weak     Min:  0.0, Avg:  0.0, Max:  0.0, Diff:  0.0, Sum:  0.0, Workers: 4
[24.655s][debug][gc,phases      ] GC(51)     Dead                           Min: 0, Avg:  0.0, Max: 0, Diff: 0, Sum: 0, Workers: 4
[24.655s][debug][gc,phases      ] GC(51)     Total                          Min: 0, Avg:  0.0, Max: 0, Diff: 0, Sum: 0, Workers: 4
[24.655s][debug][gc,phases      ] GC(51)   StringDedup Requests1 Weak     Min:  0.0, Avg:  0.0, Max:  0.0, Diff:  0.0, Sum:  0.0, Workers: 4
[24.655s][debug][gc,phases      ] GC(51)     Dead                           Min: 0, Avg:  0.0, Max: 0, Diff: 0, Sum: 0, Workers: 4
[24.655s][debug][gc,phases      ] GC(51)     Total                          Min: 0, Avg:  0.0, Max: 0, Diff: 0, Sum: 0, Workers: 4
[24.655s][debug][gc,phases      ] GC(51)   Weak JFR Old Object Samples    Min:  0.0, Avg:  0.0, Max:  0.0, Diff:  0.0, Sum:  0.0, Workers: 4
[24.655s][debug][gc,phases      ] GC(51)     Dead                           Min: 0, Avg:  0.0, Max: 0, Diff: 0, Sum: 0, Workers: 4
[24.655s][debug][gc,phases      ] GC(51)     Total                          Min: 0, Avg:  0.0, Max: 0, Diff: 0, Sum: 0, Workers: 4
[24.655s][debug][gc,phases      ] GC(51) Weak Processing 0.313ms
[24.655s][debug][gc,age         ] GC(51) Desired survivor size 332398592 bytes, new threshold 15 (max threshold 15)
[24.655s][info ][gc,heap        ] GC(51) PSYoungGen: 1499376K(1760256K)->89072K(1748480K) Eden: 1411584K(1411584K)->0K(1411584K) From: 87792K(348672K)->89072K(336896K)
[24.655s][info ][gc,heap        ] GC(51) ParOldGen: 449655K(497152K)->454519K(497152K)
[24.655s][info ][gc,metaspace   ] GC(51) Metaspace: 68015K(68800K)->68015K(68800K) NonClass: 58127K(58560K)->58127K(58560K) Class: 9887K(10240K)->9887K(10240K)
[24.655s][info ][gc             ] GC(51) Pause Young (Allocation Failure) 1903M->530M(2193M) 33.219ms
[24.655s][info ][gc,cpu         ] GC(51) User=0.13s Sys=0.01s Real=0.03s
[24.655s][info ][safepoint      ] Safepoint "ParallelGCFailedAllocation", Time since last: 249255784 ns, Reaching safepoint: 569110 ns, At safepoint: 33335913 ns, Total: 33905023 ns
[24.982s][info ][gc,start       ] GC(52) Pause Young (Allocation Failure)
[25.025s][debug][gc,phases      ] GC(52) Scavenge 42.372ms
[25.025s][debug][gc,ref         ] GC(52) Skipped phase 1 of Reference Processing: no references
[25.025s][debug][gc,ref         ] GC(52) ReferenceProcessor::execute queues: 1, RefProcThreadModel::Single, marks_oops_alive: false
[25.025s][debug][gc,ref         ] GC(52) Skipped phase 3 of Reference Processing: no references
[25.025s][debug][gc,ref         ] GC(52) Skipped phase 4 of Reference Processing: no references
[25.025s][debug][gc,phases      ] GC(52) Reference Processing 0.116ms
[25.025s][debug][gc,phases      ] GC(52)   VM Weak                        Min:  0.0, Avg:  0.0, Max:  0.0, Diff:  0.0, Sum:  0.0, Workers: 4
[25.025s][debug][gc,phases      ] GC(52)     Dead                           Min: 0, Avg:  0.0, Max: 0, Diff: 0, Sum: 0, Workers: 4
[25.025s][debug][gc,phases      ] GC(52)     Total                          Min: 0, Avg: 147.5, Max: 590, Diff: 590, Sum: 590, Workers: 4
[25.025s][debug][gc,phases      ] GC(52)   ObjectSynchronizer Weak        Min:  0.0, Avg:  0.0, Max:  0.0, Diff:  0.0, Sum:  0.0, Workers: 4
[25.025s][debug][gc,phases      ] GC(52)     Dead                           Min: 0, Avg:  0.0, Max: 0, Diff: 0, Sum: 0, Workers: 4
[25.025s][debug][gc,phases      ] GC(52)     Total                          Min: 0, Avg: 95.5, Max: 382, Diff: 382, Sum: 382, Workers: 4
[25.025s][debug][gc,phases      ] GC(52)   JVMTI Tag Weak OopStorage      Min:  0.0, Avg:  0.0, Max:  0.0, Diff:  0.0, Sum:  0.0, Workers: 4
[25.025s][debug][gc,phases      ] GC(52)     Dead                           Min: 0, Avg:  0.0, Max: 0, Diff: 0, Sum: 0, Workers: 4
[25.025s][debug][gc,phases      ] GC(52)     Total                          Min: 0, Avg:  0.0, Max: 0, Diff: 0, Sum: 0, Workers: 4
[25.025s][debug][gc,phases      ] GC(52)   StringTable Weak               Min:  0.1, Avg:  0.1, Max:  0.1, Diff:  0.0, Sum:  0.4, Workers: 4
[25.025s][debug][gc,phases      ] GC(52)     Dead                           Min: 0, Avg:  2.8, Max: 11, Diff: 11, Sum: 11, Workers: 4
[25.025s][debug][gc,phases      ] GC(52)     Total                          Min: 9019, Avg: 10688.2, Max: 11584, Diff: 2565, Sum: 42753, Workers: 4
[25.025s][debug][gc,phases      ] GC(52)   ResolvedMethodTable Weak       Min:  0.0, Avg:  0.0, Max:  0.0, Diff:  0.0, Sum:  0.1, Workers: 4
[25.025s][debug][gc,phases      ] GC(52)     Dead                           Min: 0, Avg:  0.0, Max: 0, Diff: 0, Sum: 0, Workers: 4
[25.025s][debug][gc,phases      ] GC(52)     Total                          Min: 1536, Avg: 1736.8, Max: 1856, Diff: 320, Sum: 6947, Workers: 4
[25.025s][debug][gc,phases      ] GC(52)   JNI Weak                       Min:  0.0, Avg:  0.0, Max:  0.0, Diff:  0.0, Sum:  0.0, Workers: 4
[25.025s][debug][gc,phases      ] GC(52)     Dead                           Min: 0, Avg:  0.0, Max: 0, Diff: 0, Sum: 0, Workers: 4
[25.025s][debug][gc,phases      ] GC(52)     Total                          Min: 0, Avg:  1.2, Max: 5, Diff: 5, Sum: 5, Workers: 4
[25.025s][debug][gc,phases      ] GC(52)   StringDedup Table Weak         Min:  0.0, Avg:  0.0, Max:  0.0, Diff:  0.0, Sum:  0.0, Workers: 4
[25.025s][debug][gc,phases      ] GC(52)     Dead                           Min: 0, Avg:  0.0, Max: 0, Diff: 0, Sum: 0, Workers: 4
[25.025s][debug][gc,phases      ] GC(52)     Total                          Min: 0, Avg:  0.0, Max: 0, Diff: 0, Sum: 0, Workers: 4
[25.025s][debug][gc,phases      ] GC(52)   StringDedup Requests0 Weak     Min:  0.0, Avg:  0.0, Max:  0.0, Diff:  0.0, Sum:  0.0, Workers: 4
[25.025s][debug][gc,phases      ] GC(52)     Dead                           Min: 0, Avg:  0.0, Max: 0, Diff: 0, Sum: 0, Workers: 4
[25.025s][debug][gc,phases      ] GC(52)     Total                          Min: 0, Avg:  0.0, Max: 0, Diff: 0, Sum: 0, Workers: 4
[25.025s][debug][gc,phases      ] GC(52)   StringDedup Requests1 Weak     Min:  0.0, Avg:  0.0, Max:  0.0, Diff:  0.0, Sum:  0.0, Workers: 4
[25.025s][debug][gc,phases      ] GC(52)     Dead                           Min: 0, Avg:  0.0, Max: 0, Diff: 0, Sum: 0, Workers: 4
[25.025s][debug][gc,phases      ] GC(52)     Total                          Min: 0, Avg:  0.0, Max: 0, Diff: 0, Sum: 0, Workers: 4
[25.025s][debug][gc,phases      ] GC(52)   Weak JFR Old Object Samples    Min:  0.0, Avg:  0.0, Max:  0.0, Diff:  0.0, Sum:  0.0, Workers: 4
[25.025s][debug][gc,phases      ] GC(52)     Dead                           Min: 0, Avg:  0.0, Max: 0, Diff: 0, Sum: 0, Workers: 4
[25.025s][debug][gc,phases      ] GC(52)     Total                          Min: 0, Avg:  0.0, Max: 0, Diff: 0, Sum: 0, Workers: 4
[25.025s][debug][gc,phases      ] GC(52) Weak Processing 0.327ms
[25.025s][debug][gc,age         ] GC(52) Desired survivor size 319291392 bytes, new threshold 15 (max threshold 15)
[25.025s][info ][gc,heap        ] GC(52) PSYoungGen: 1500656K(1748480K)->91408K(1785344K) Eden: 1411584K(1411584K)->0K(1460736K) From: 89072K(336896K)->91408K(324608K)
[25.025s][info ][gc,heap        ] GC(52) ParOldGen: 454519K(497152K)->459719K(497152K)
[25.025s][info ][gc,metaspace   ] GC(52) Metaspace: 68023K(68800K)->68023K(68800K) NonClass: 58136K(58560K)->58136K(58560K) Class: 9887K(10240K)->9887K(10240K)
[25.025s][info ][gc             ] GC(52) Pause Young (Allocation Failure) 1909M->538M(2229M) 42.959ms
[25.025s][info ][gc,cpu         ] GC(52) User=0.19s Sys=0.00s Real=0.04s
[25.025s][info ][safepoint      ] Safepoint "ParallelGCFailedAllocation", Time since last: 326697408 ns, Reaching safepoint: 136303 ns, At safepoint: 43079092 ns, Total: 43215395 ns
[25.450s][info ][gc,start       ] GC(53) Pause Young (Allocation Failure)
[25.488s][debug][gc,phases      ] GC(53) Scavenge 37.996ms
[25.488s][debug][gc,ref         ] GC(53) Skipped phase 1 of Reference Processing: no references
[25.489s][debug][gc,ref         ] GC(53) ReferenceProcessor::execute queues: 1, RefProcThreadModel::Single, marks_oops_alive: false
[25.489s][debug][gc,ref         ] GC(53) Skipped phase 3 of Reference Processing: no references
[25.489s][debug][gc,ref         ] GC(53) Skipped phase 4 of Reference Processing: no references
[25.489s][debug][gc,phases      ] GC(53) Reference Processing 0.120ms
[25.489s][debug][gc,phases      ] GC(53)   VM Weak                        Min:  0.0, Avg:  0.0, Max:  0.0, Diff:  0.0, Sum:  0.0, Workers: 4
[25.489s][debug][gc,phases      ] GC(53)     Dead                           Min: 0, Avg:  0.0, Max: 0, Diff: 0, Sum: 0, Workers: 4
[25.489s][debug][gc,phases      ] GC(53)     Total                          Min: 0, Avg: 147.5, Max: 320, Diff: 320, Sum: 590, Workers: 4
[25.489s][debug][gc,phases      ] GC(53)   ObjectSynchronizer Weak        Min:  0.0, Avg:  0.0, Max:  0.0, Diff:  0.0, Sum:  0.0, Workers: 4
[25.489s][debug][gc,phases      ] GC(53)     Dead                           Min: 0, Avg:  0.0, Max: 0, Diff: 0, Sum: 0, Workers: 4
[25.489s][debug][gc,phases      ] GC(53)     Total                          Min: 62, Avg: 95.5, Max: 128, Diff: 66, Sum: 382, Workers: 4
[25.489s][debug][gc,phases      ] GC(53)   JVMTI Tag Weak OopStorage      Min:  0.0, Avg:  0.0, Max:  0.0, Diff:  0.0, Sum:  0.0, Workers: 4
[25.489s][debug][gc,phases      ] GC(53)     Dead                           Min: 0, Avg:  0.0, Max: 0, Diff: 0, Sum: 0, Workers: 4
[25.489s][debug][gc,phases      ] GC(53)     Total                          Min: 0, Avg:  0.0, Max: 0, Diff: 0, Sum: 0, Workers: 4
[25.489s][debug][gc,phases      ] GC(53)   StringTable Weak               Min:  0.1, Avg:  0.1, Max:  0.1, Diff:  0.0, Sum:  0.4, Workers: 4
[25.489s][debug][gc,phases      ] GC(53)     Dead                           Min: 0, Avg:  2.8, Max: 5, Diff: 5, Sum: 11, Workers: 4
[25.489s][debug][gc,phases      ] GC(53)     Total                          Min: 9857, Avg: 10688.2, Max: 11648, Diff: 1791, Sum: 42753, Workers: 4
[25.489s][debug][gc,phases      ] GC(53)   ResolvedMethodTable Weak       Min:  0.0, Avg:  0.0, Max:  0.0, Diff:  0.0, Sum:  0.1, Workers: 4
[25.489s][debug][gc,phases      ] GC(53)     Dead                           Min: 0, Avg:  0.0, Max: 0, Diff: 0, Sum: 0, Workers: 4
[25.489s][debug][gc,phases      ] GC(53)     Total                          Min: 1536, Avg: 1736.8, Max: 1920, Diff: 384, Sum: 6947, Workers: 4
[25.489s][debug][gc,phases      ] GC(53)   JNI Weak                       Min:  0.0, Avg:  0.0, Max:  0.0, Diff:  0.0, Sum:  0.0, Workers: 4
[25.489s][debug][gc,phases      ] GC(53)     Dead                           Min: 0, Avg:  0.0, Max: 0, Diff: 0, Sum: 0, Workers: 4
[25.489s][debug][gc,phases      ] GC(53)     Total                          Min: 0, Avg:  0.5, Max: 2, Diff: 2, Sum: 2, Workers: 4
[25.489s][debug][gc,phases      ] GC(53)   StringDedup Table Weak         Min:  0.0, Avg:  0.0, Max:  0.0, Diff:  0.0, Sum:  0.0, Workers: 4
[25.489s][debug][gc,phases      ] GC(53)     Dead                           Min: 0, Avg:  0.0, Max: 0, Diff: 0, Sum: 0, Workers: 4
[25.489s][debug][gc,phases      ] GC(53)     Total                          Min: 0, Avg:  0.0, Max: 0, Diff: 0, Sum: 0, Workers: 4
[25.489s][debug][gc,phases      ] GC(53)   StringDedup Requests0 Weak     Min:  0.0, Avg:  0.0, Max:  0.0, Diff:  0.0, Sum:  0.0, Workers: 4
[25.489s][debug][gc,phases      ] GC(53)     Dead                           Min: 0, Avg:  0.0, Max: 0, Diff: 0, Sum: 0, Workers: 4
[25.489s][debug][gc,phases      ] GC(53)     Total                          Min: 0, Avg:  0.0, Max: 0, Diff: 0, Sum: 0, Workers: 4
[25.489s][debug][gc,phases      ] GC(53)   StringDedup Requests1 Weak     Min:  0.0, Avg:  0.0, Max:  0.0, Diff:  0.0, Sum:  0.0, Workers: 4
[25.489s][debug][gc,phases      ] GC(53)     Dead                           Min: 0, Avg:  0.0, Max: 0, Diff: 0, Sum: 0, Workers: 4
[25.489s][debug][gc,phases      ] GC(53)     Total                          Min: 0, Avg:  0.0, Max: 0, Diff: 0, Sum: 0, Workers: 4
[25.489s][debug][gc,phases      ] GC(53)   Weak JFR Old Object Samples    Min:  0.0, Avg:  0.0, Max:  0.0, Diff:  0.0, Sum:  0.0, Workers: 4
[25.489s][debug][gc,phases      ] GC(53)     Dead                           Min: 0, Avg:  0.0, Max: 0, Diff: 0, Sum: 0, Workers: 4
[25.489s][debug][gc,phases      ] GC(53)     Total                          Min: 0, Avg:  0.0, Max: 0, Diff: 0, Sum: 0, Workers: 4
[25.489s][debug][gc,phases      ] GC(53) Weak Processing 0.321ms
[25.489s][debug][gc,age         ] GC(53) Desired survivor size 305659904 bytes, new threshold 15 (max threshold 15)
[25.489s][info ][gc,heap        ] GC(53) PSYoungGen: 1552144K(1785344K)->94752K(1772544K) Eden: 1460736K(1460736K)->0K(1460736K) From: 91408K(324608K)->94752K(311808K)
[25.489s][info ][gc,heap        ] GC(53) ParOldGen: 459719K(497152K)->465847K(497152K)
[25.489s][info ][gc,metaspace   ] GC(53) Metaspace: 68035K(68800K)->68035K(68800K) NonClass: 58148K(58560K)->58148K(58560K) Class: 9887K(10240K)->9887K(10240K)
[25.489s][info ][gc             ] GC(53) Pause Young (Allocation Failure) 1964M->547M(2216M) 38.604ms
[25.489s][info ][gc,cpu         ] GC(53) User=0.18s Sys=0.00s Real=0.03s
[25.489s][info ][safepoint      ] Safepoint "ParallelGCFailedAllocation", Time since last: 424991815 ns, Reaching safepoint: 123703 ns, At safepoint: 38737712 ns, Total: 38861415 ns
[25.829s][info ][gc,start       ] GC(54) Pause Young (Allocation Failure)
[25.878s][debug][gc,phases      ] GC(54) Scavenge 48.551ms
[25.878s][debug][gc,ref         ] GC(54) Skipped phase 1 of Reference Processing: no references
[25.878s][debug][gc,ref         ] GC(54) ReferenceProcessor::execute queues: 1, RefProcThreadModel::Single, marks_oops_alive: false
[25.878s][debug][gc,ref         ] GC(54) Skipped phase 3 of Reference Processing: no references
[25.878s][debug][gc,ref         ] GC(54) Skipped phase 4 of Reference Processing: no references
[25.878s][debug][gc,phases      ] GC(54) Reference Processing 0.121ms
[25.878s][debug][gc,phases      ] GC(54)   VM Weak                        Min:  0.0, Avg:  0.0, Max:  0.0, Diff:  0.0, Sum:  0.0, Workers: 4
[25.878s][debug][gc,phases      ] GC(54)     Dead                           Min: 0, Avg:  0.0, Max: 0, Diff: 0, Sum: 0, Workers: 4
[25.878s][debug][gc,phases      ] GC(54)     Total                          Min: 0, Avg: 147.5, Max: 334, Diff: 334, Sum: 590, Workers: 4
[25.878s][debug][gc,phases      ] GC(54)   ObjectSynchronizer Weak        Min:  0.0, Avg:  0.0, Max:  0.0, Diff:  0.0, Sum:  0.0, Workers: 4
[25.878s][debug][gc,phases      ] GC(54)     Dead                           Min: 0, Avg:  0.0, Max: 0, Diff: 0, Sum: 0, Workers: 4
[25.878s][debug][gc,phases      ] GC(54)     Total                          Min: 0, Avg: 95.5, Max: 192, Diff: 192, Sum: 382, Workers: 4
[25.878s][debug][gc,phases      ] GC(54)   JVMTI Tag Weak OopStorage      Min:  0.0, Avg:  0.0, Max:  0.0, Diff:  0.0, Sum:  0.0, Workers: 4
[25.878s][debug][gc,phases      ] GC(54)     Dead                           Min: 0, Avg:  0.0, Max: 0, Diff: 0, Sum: 0, Workers: 4
[25.878s][debug][gc,phases      ] GC(54)     Total                          Min: 0, Avg:  0.0, Max: 0, Diff: 0, Sum: 0, Workers: 4
[25.878s][debug][gc,phases      ] GC(54)   StringTable Weak               Min:  0.1, Avg:  0.1, Max:  0.1, Diff:  0.0, Sum:  0.4, Workers: 4
[25.878s][debug][gc,phases      ] GC(54)     Dead                           Min: 0, Avg:  0.0, Max: 0, Diff: 0, Sum: 0, Workers: 4
[25.878s][debug][gc,phases      ] GC(54)     Total                          Min: 10306, Avg: 10688.5, Max: 11200, Diff: 894, Sum: 42754, Workers: 4
[25.878s][debug][gc,phases      ] GC(54)   ResolvedMethodTable Weak       Min:  0.0, Avg:  0.0, Max:  0.0, Diff:  0.0, Sum:  0.1, Workers: 4
[25.878s][debug][gc,phases      ] GC(54)     Dead                           Min: 0, Avg:  0.0, Max: 0, Diff: 0, Sum: 0, Workers: 4
[25.878s][debug][gc,phases      ] GC(54)     Total                          Min: 1536, Avg: 1736.8, Max: 1892, Diff: 356, Sum: 6947, Workers: 4
[25.879s][debug][gc,phases      ] GC(54)   JNI Weak                       Min:  0.0, Avg:  0.0, Max:  0.0, Diff:  0.0, Sum:  0.0, Workers: 4
[25.879s][debug][gc,phases      ] GC(54)     Dead                           Min: 0, Avg:  0.0, Max: 0, Diff: 0, Sum: 0, Workers: 4
[25.879s][debug][gc,phases      ] GC(54)     Total                          Min: 0, Avg:  3.2, Max: 13, Diff: 13, Sum: 13, Workers: 4
[25.879s][debug][gc,phases      ] GC(54)   StringDedup Table Weak         Min:  0.0, Avg:  0.0, Max:  0.0, Diff:  0.0, Sum:  0.0, Workers: 4
[25.879s][debug][gc,phases      ] GC(54)     Dead                           Min: 0, Avg:  0.0, Max: 0, Diff: 0, Sum: 0, Workers: 4
[25.879s][debug][gc,phases      ] GC(54)     Total                          Min: 0, Avg:  0.0, Max: 0, Diff: 0, Sum: 0, Workers: 4
[25.879s][debug][gc,phases      ] GC(54)   StringDedup Requests0 Weak     Min:  0.0, Avg:  0.0, Max:  0.0, Diff:  0.0, Sum:  0.0, Workers: 4
[25.879s][debug][gc,phases      ] GC(54)     Dead                           Min: 0, Avg:  0.0, Max: 0, Diff: 0, Sum: 0, Workers: 4
[25.879s][debug][gc,phases      ] GC(54)     Total                          Min: 0, Avg:  0.0, Max: 0, Diff: 0, Sum: 0, Workers: 4
[25.879s][debug][gc,phases      ] GC(54)   StringDedup Requests1 Weak     Min:  0.0, Avg:  0.0, Max:  0.0, Diff:  0.0, Sum:  0.0, Workers: 4
[25.879s][debug][gc,phases      ] GC(54)     Dead                           Min: 0, Avg:  0.0, Max: 0, Diff: 0, Sum: 0, Workers: 4
[25.879s][debug][gc,phases      ] GC(54)     Total                          Min: 0, Avg:  0.0, Max: 0, Diff: 0, Sum: 0, Workers: 4
[25.879s][debug][gc,phases      ] GC(54)   Weak JFR Old Object Samples    Min:  0.0, Avg:  0.0, Max:  0.0, Diff:  0.0, Sum:  0.0, Workers: 4
[25.879s][debug][gc,phases      ] GC(54)     Dead                           Min: 0, Avg:  0.0, Max: 0, Diff: 0, Sum: 0, Workers: 4
[25.879s][debug][gc,phases      ] GC(54)     Total                          Min: 0, Avg:  0.0, Max: 0, Diff: 0, Sum: 0, Workers: 4
[25.879s][debug][gc,phases      ] GC(54) Weak Processing 0.331ms
[25.879s][debug][gc,age         ] GC(54) Desired survivor size 291504128 bytes, new threshold 15 (max threshold 15)
[25.879s][info ][gc,heap        ] GC(54) PSYoungGen: 1555488K(1772544K)->102528K(1812480K) Eden: 1460736K(1460736K)->0K(1513984K) From: 94752K(311808K)->102528K(298496K)
[25.879s][info ][gc,heap        ] GC(54) ParOldGen: 465847K(497152K)->470167K(497152K)
[25.879s][info ][gc,metaspace   ] GC(54) Metaspace: 68036K(68800K)->68036K(68800K) NonClass: 58149K(58560K)->58149K(58560K) Class: 9887K(10240K)->9887K(10240K)
[25.879s][info ][gc             ] GC(54) Pause Young (Allocation Failure) 1973M->559M(2255M) 49.154ms
[25.879s][info ][gc,cpu         ] GC(54) User=0.22s Sys=0.00s Real=0.05s
[25.879s][info ][safepoint      ] Safepoint "ParallelGCFailedAllocation", Time since last: 339861750 ns, Reaching safepoint: 541910 ns, At safepoint: 49274606 ns, Total: 49816516 ns
[26.234s][info ][gc,start       ] GC(55) Pause Young (Allocation Failure)
[26.284s][debug][gc,phases      ] GC(55) Scavenge 49.574ms
[26.284s][debug][gc,ref         ] GC(55) Skipped phase 1 of Reference Processing: no references
[26.284s][debug][gc,ref         ] GC(55) ReferenceProcessor::execute queues: 1, RefProcThreadModel::Single, marks_oops_alive: false
[26.284s][debug][gc,ref         ] GC(55) Skipped phase 3 of Reference Processing: no references
[26.284s][debug][gc,ref         ] GC(55) Skipped phase 4 of Reference Processing: no references
[26.284s][debug][gc,phases      ] GC(55) Reference Processing 0.129ms
[26.284s][debug][gc,phases      ] GC(55)   VM Weak                        Min:  0.0, Avg:  0.0, Max:  0.0, Diff:  0.0, Sum:  0.0, Workers: 4
[26.284s][debug][gc,phases      ] GC(55)     Dead                           Min: 0, Avg:  0.0, Max: 0, Diff: 0, Sum: 0, Workers: 4
[26.284s][debug][gc,phases      ] GC(55)     Total                          Min: 0, Avg: 147.5, Max: 526, Diff: 526, Sum: 590, Workers: 4
[26.284s][debug][gc,phases      ] GC(55)   ObjectSynchronizer Weak        Min:  0.0, Avg:  0.0, Max:  0.0, Diff:  0.0, Sum:  0.0, Workers: 4
[26.284s][debug][gc,phases      ] GC(55)     Dead                           Min: 0, Avg:  0.0, Max: 0, Diff: 0, Sum: 0, Workers: 4
[26.284s][debug][gc,phases      ] GC(55)     Total                          Min: 0, Avg: 95.5, Max: 192, Diff: 192, Sum: 382, Workers: 4
[26.284s][debug][gc,phases      ] GC(55)   JVMTI Tag Weak OopStorage      Min:  0.0, Avg:  0.0, Max:  0.0, Diff:  0.0, Sum:  0.0, Workers: 4
[26.284s][debug][gc,phases      ] GC(55)     Dead                           Min: 0, Avg:  0.0, Max: 0, Diff: 0, Sum: 0, Workers: 4
[26.284s][debug][gc,phases      ] GC(55)     Total                          Min: 0, Avg:  0.0, Max: 0, Diff: 0, Sum: 0, Workers: 4
[26.284s][debug][gc,phases      ] GC(55)   StringTable Weak               Min:  0.1, Avg:  0.1, Max:  0.1, Diff:  0.0, Sum:  0.4, Workers: 4
[26.284s][debug][gc,phases      ] GC(55)     Dead                           Min: 0, Avg:  2.8, Max: 11, Diff: 11, Sum: 11, Workers: 4
[26.284s][debug][gc,phases      ] GC(55)     Total                          Min: 9792, Avg: 10689.0, Max: 11643, Diff: 1851, Sum: 42756, Workers: 4
[26.284s][debug][gc,phases      ] GC(55)   ResolvedMethodTable Weak       Min:  0.0, Avg:  0.0, Max:  0.0, Diff:  0.0, Sum:  0.1, Workers: 4
[26.284s][debug][gc,phases      ] GC(55)     Dead                           Min: 0, Avg:  0.0, Max: 0, Diff: 0, Sum: 0, Workers: 4
[26.284s][debug][gc,phases      ] GC(55)     Total                          Min: 1663, Avg: 1736.8, Max: 1828, Diff: 165, Sum: 6947, Workers: 4
[26.284s][debug][gc,phases      ] GC(55)   JNI Weak                       Min:  0.0, Avg:  0.0, Max:  0.0, Diff:  0.0, Sum:  0.0, Workers: 4
[26.284s][debug][gc,phases      ] GC(55)     Dead                           Min: 0, Avg:  0.0, Max: 0, Diff: 0, Sum: 0, Workers: 4
[26.284s][debug][gc,phases      ] GC(55)     Total                          Min: 0, Avg:  3.0, Max: 12, Diff: 12, Sum: 12, Workers: 4
[26.284s][debug][gc,phases      ] GC(55)   StringDedup Table Weak         Min:  0.0, Avg:  0.0, Max:  0.0, Diff:  0.0, Sum:  0.0, Workers: 4
[26.284s][debug][gc,phases      ] GC(55)     Dead                           Min: 0, Avg:  0.0, Max: 0, Diff: 0, Sum: 0, Workers: 4
[26.284s][debug][gc,phases      ] GC(55)     Total                          Min: 0, Avg:  0.0, Max: 0, Diff: 0, Sum: 0, Workers: 4
[26.284s][debug][gc,phases      ] GC(55)   StringDedup Requests0 Weak     Min:  0.0, Avg:  0.0, Max:  0.0, Diff:  0.0, Sum:  0.0, Workers: 4
[26.284s][debug][gc,phases      ] GC(55)     Dead                           Min: 0, Avg:  0.0, Max: 0, Diff: 0, Sum: 0, Workers: 4
[26.284s][debug][gc,phases      ] GC(55)     Total                          Min: 0, Avg:  0.0, Max: 0, Diff: 0, Sum: 0, Workers: 4
[26.284s][debug][gc,phases      ] GC(55)   StringDedup Requests1 Weak     Min:  0.0, Avg:  0.0, Max:  0.0, Diff:  0.0, Sum:  0.0, Workers: 4
[26.284s][debug][gc,phases      ] GC(55)     Dead                           Min: 0, Avg:  0.0, Max: 0, Diff: 0, Sum: 0, Workers: 4
[26.284s][debug][gc,phases      ] GC(55)     Total                          Min: 0, Avg:  0.0, Max: 0, Diff: 0, Sum: 0, Workers: 4
[26.284s][debug][gc,phases      ] GC(55)   Weak JFR Old Object Samples    Min:  0.0, Avg:  0.0, Max:  0.0, Diff:  0.0, Sum:  0.0, Workers: 4
[26.284s][debug][gc,phases      ] GC(55)     Dead                           Min: 0, Avg:  0.0, Max: 0, Diff: 0, Sum: 0, Workers: 4
[26.284s][debug][gc,phases      ] GC(55)     Total                          Min: 0, Avg:  0.0, Max: 0, Diff: 0, Sum: 0, Workers: 4
[26.284s][debug][gc,phases      ] GC(55) Weak Processing 0.344ms
[26.284s][debug][gc,age         ] GC(55) Desired survivor size 277348352 bytes, new threshold 15 (max threshold 15)
[26.284s][info ][gc,heap        ] GC(55) PSYoungGen: 1616512K(1812480K)->105152K(1798656K) Eden: 1513984K(1513984K)->0K(1513984K) From: 102528K(298496K)->105152K(284672K)
[26.284s][info ][gc,heap        ] GC(55) ParOldGen: 470167K(497152K)->475983K(497152K)
[26.284s][info ][gc,metaspace   ] GC(55) Metaspace: 68047K(68800K)->68047K(68800K) NonClass: 58159K(58560K)->58159K(58560K) Class: 9887K(10240K)->9887K(10240K)
[26.284s][info ][gc             ] GC(55) Pause Young (Allocation Failure) 2037M->567M(2242M) 50.201ms
[26.284s][info ][gc,cpu         ] GC(55) User=0.18s Sys=0.00s Real=0.05s
[26.284s][debug][gc,phases      ] GC(56) Pre Compact 0.011ms
[26.284s][info ][gc,start       ] GC(56) Pause Full (Ergonomics)
[26.284s][info ][gc,phases,start] GC(56) Marking Phase
[26.414s][debug][gc,phases      ] GC(56) Par Mark 129.426ms
[26.414s][debug][gc,ref         ] GC(56) Skipped phase 1 of Reference Processing: no references
[26.414s][debug][gc,ref         ] GC(56) ReferenceProcessor::execute queues: 4, RefProcThreadModel::Multi, marks_oops_alive: false
[26.414s][debug][gc,ref         ] GC(56) Skipped phase 3 of Reference Processing: no references
[26.414s][debug][gc,ref         ] GC(56) ReferenceProcessor::execute queues: 1, RefProcThreadModel::Single, marks_oops_alive: false
[26.414s][debug][gc,phases      ] GC(56) Reference Processing 0.463ms
[26.415s][debug][gc,phases      ] GC(56)   VM Weak                        Min:  0.0, Avg:  0.0, Max:  0.0, Diff:  0.0, Sum:  0.0, Workers: 4
[26.415s][debug][gc,phases      ] GC(56)     Dead                           Min: 0, Avg:  0.0, Max: 0, Diff: 0, Sum: 0, Workers: 4
[26.415s][debug][gc,phases      ] GC(56)     Total                          Min: 0, Avg: 147.5, Max: 512, Diff: 512, Sum: 590, Workers: 4
[26.415s][debug][gc,phases      ] GC(56)   ObjectSynchronizer Weak        Min:  0.0, Avg:  0.0, Max:  0.0, Diff:  0.0, Sum:  0.0, Workers: 4
[26.415s][debug][gc,phases      ] GC(56)     Dead                           Min: 0, Avg:  0.0, Max: 0, Diff: 0, Sum: 0, Workers: 4
[26.415s][debug][gc,phases      ] GC(56)     Total                          Min: 0, Avg: 95.5, Max: 192, Diff: 192, Sum: 382, Workers: 4
[26.415s][debug][gc,phases      ] GC(56)   JVMTI Tag Weak OopStorage      Min:  0.0, Avg:  0.0, Max:  0.0, Diff:  0.0, Sum:  0.0, Workers: 4
[26.415s][debug][gc,phases      ] GC(56)     Dead                           Min: 0, Avg:  0.0, Max: 0, Diff: 0, Sum: 0, Workers: 4
[26.415s][debug][gc,phases      ] GC(56)     Total                          Min: 0, Avg:  0.0, Max: 0, Diff: 0, Sum: 0, Workers: 4
[26.415s][debug][gc,phases      ] GC(56)   StringTable Weak               Min:  0.1, Avg:  0.1, Max:  0.1, Diff:  0.0, Sum:  0.6, Workers: 4
[26.415s][debug][gc,phases      ] GC(56)     Dead                           Min: 0, Avg:  0.0, Max: 0, Diff: 0, Sum: 0, Workers: 4
[26.415s][debug][gc,phases      ] GC(56)     Total                          Min: 9359, Avg: 10689.0, Max: 12218, Diff: 2859, Sum: 42756, Workers: 4
[26.415s][debug][gc,phases      ] GC(56)   ResolvedMethodTable Weak       Min:  0.0, Avg:  0.0, Max:  0.0, Diff:  0.0, Sum:  0.1, Workers: 4
[26.415s][debug][gc,phases      ] GC(56)     Dead                           Min: 0, Avg:  0.0, Max: 0, Diff: 0, Sum: 0, Workers: 4
[26.415s][debug][gc,phases      ] GC(56)     Total                          Min: 1508, Avg: 1736.8, Max: 1984, Diff: 476, Sum: 6947, Workers: 4
[26.415s][debug][gc,phases      ] GC(56)   JNI Weak                       Min:  0.0, Avg:  0.0, Max:  0.0, Diff:  0.0, Sum:  0.0, Workers: 4
[26.415s][debug][gc,phases      ] GC(56)     Dead                           Min: 0, Avg:  0.0, Max: 0, Diff: 0, Sum: 0, Workers: 4
[26.415s][debug][gc,phases      ] GC(56)     Total                          Min: 0, Avg:  3.0, Max: 12, Diff: 12, Sum: 12, Workers: 4
[26.415s][debug][gc,phases      ] GC(56)   StringDedup Table Weak         Min:  0.0, Avg:  0.0, Max:  0.0, Diff:  0.0, Sum:  0.0, Workers: 4
[26.415s][debug][gc,phases      ] GC(56)     Dead                           Min: 0, Avg:  0.0, Max: 0, Diff: 0, Sum: 0, Workers: 4
[26.415s][debug][gc,phases      ] GC(56)     Total                          Min: 0, Avg:  0.0, Max: 0, Diff: 0, Sum: 0, Workers: 4
[26.415s][debug][gc,phases      ] GC(56)   StringDedup Requests0 Weak     Min:  0.0, Avg:  0.0, Max:  0.0, Diff:  0.0, Sum:  0.0, Workers: 4
[26.415s][debug][gc,phases      ] GC(56)     Dead                           Min: 0, Avg:  0.0, Max: 0, Diff: 0, Sum: 0, Workers: 4
[26.415s][debug][gc,phases      ] GC(56)     Total                          Min: 0, Avg:  0.0, Max: 0, Diff: 0, Sum: 0, Workers: 4
[26.415s][debug][gc,phases      ] GC(56)   StringDedup Requests1 Weak     Min:  0.0, Avg:  0.0, Max:  0.0, Diff:  0.0, Sum:  0.0, Workers: 4
[26.415s][debug][gc,phases      ] GC(56)     Dead                           Min: 0, Avg:  0.0, Max: 0, Diff: 0, Sum: 0, Workers: 4
[26.415s][debug][gc,phases      ] GC(56)     Total                          Min: 0, Avg:  0.0, Max: 0, Diff: 0, Sum: 0, Workers: 4
[26.415s][debug][gc,phases      ] GC(56)   Weak JFR Old Object Samples    Min:  0.0, Avg:  0.0, Max:  0.0, Diff:  0.0, Sum:  0.0, Workers: 4
[26.415s][debug][gc,phases      ] GC(56)     Dead                           Min: 0, Avg:  0.0, Max: 0, Diff: 0, Sum: 0, Workers: 4
[26.415s][debug][gc,phases      ] GC(56)     Total                          Min: 0, Avg:  0.0, Max: 0, Diff: 0, Sum: 0, Workers: 4
[26.415s][debug][gc,phases      ] GC(56) Weak Processing 0.351ms
[26.415s][debug][gc,phases      ] GC(56) ClassLoaderData 0.080ms
[26.415s][debug][gc,phases      ] GC(56) Trigger cleanups 0.001ms
[26.424s][debug][gc,phases      ] GC(56) Class Unloading 9.787ms
[26.425s][info ][gc,phases      ] GC(56) Marking Phase 140.208ms
[26.425s][info ][gc,phases,start] GC(56) Summary Phase
[26.425s][info ][gc,phases      ] GC(56) Summary Phase 0.020ms
[26.425s][info ][gc,phases,start] GC(56) Adjust Roots
[26.432s][info ][gc,phases      ] GC(56) Adjust Roots 7.767ms
[26.432s][info ][gc,phases,start] GC(56) Compaction Phase
[26.639s][info ][gc,phases      ] GC(56) Compaction Phase 206.517ms
[26.639s][info ][gc,phases,start] GC(56) Post Compact
[26.640s][info ][gc,phases      ] GC(56) Post Compact 1.566ms
[26.641s][info ][gc,heap        ] GC(56) PSYoungGen: 105152K(1798656K)->0K(1826304K) Eden: 0K(1513984K)->0K(1555456K) From: 105152K(284672K)->0K(270848K)
[26.641s][info ][gc,heap        ] GC(56) ParOldGen: 475983K(497152K)->401239K(473088K)
[26.641s][info ][gc,metaspace   ] GC(56) Metaspace: 68047K(68800K)->68047K(68800K) NonClass: 58159K(58560K)->58159K(58560K) Class: 9887K(10240K)->9887K(10240K)
[26.641s][info ][gc             ] GC(56) Pause Full (Ergonomics) 567M->391M(2245M) 356.353ms
[26.641s][info ][gc,cpu         ] GC(56) User=1.36s Sys=0.01s Real=0.36s
[26.641s][info ][safepoint      ] Safepoint "ParallelGCFailedAllocation", Time since last: 352081875 ns, Reaching safepoint: 3197159 ns, At safepoint: 406768581 ns, Total: 409965740 ns
[27.002s][info ][gc,start       ] GC(57) Pause Young (Allocation Failure)
[27.011s][debug][gc,phases      ] GC(57) Scavenge 8.717ms
[27.011s][debug][gc,ref         ] GC(57) Skipped phase 1 of Reference Processing: no references
[27.011s][debug][gc,ref         ] GC(57) ReferenceProcessor::execute queues: 1, RefProcThreadModel::Single, marks_oops_alive: false
[27.011s][debug][gc,ref         ] GC(57) Skipped phase 3 of Reference Processing: no references
[27.011s][debug][gc,ref         ] GC(57) ReferenceProcessor::execute queues: 1, RefProcThreadModel::Single, marks_oops_alive: false
[27.011s][debug][gc,phases      ] GC(57) Reference Processing 0.112ms
[27.011s][debug][gc,phases      ] GC(57)   VM Weak                        Min:  0.0, Avg:  0.0, Max:  0.0, Diff:  0.0, Sum:  0.0, Workers: 4
[27.011s][debug][gc,phases      ] GC(57)     Dead                           Min: 0, Avg:  0.0, Max: 0, Diff: 0, Sum: 0, Workers: 4
[27.011s][debug][gc,phases      ] GC(57)     Total                          Min: 0, Avg: 147.5, Max: 590, Diff: 590, Sum: 590, Workers: 4
[27.011s][debug][gc,phases      ] GC(57)   ObjectSynchronizer Weak        Min:  0.0, Avg:  0.0, Max:  0.0, Diff:  0.0, Sum:  0.0, Workers: 4
[27.011s][debug][gc,phases      ] GC(57)     Dead                           Min: 0, Avg:  0.0, Max: 0, Diff: 0, Sum: 0, Workers: 4
[27.011s][debug][gc,phases      ] GC(57)     Total                          Min: 0, Avg: 95.5, Max: 382, Diff: 382, Sum: 382, Workers: 4
[27.011s][debug][gc,phases      ] GC(57)   JVMTI Tag Weak OopStorage      Min:  0.0, Avg:  0.0, Max:  0.0, Diff:  0.0, Sum:  0.0, Workers: 4
[27.011s][debug][gc,phases      ] GC(57)     Dead                           Min: 0, Avg:  0.0, Max: 0, Diff: 0, Sum: 0, Workers: 4
[27.011s][debug][gc,phases      ] GC(57)     Total                          Min: 0, Avg:  0.0, Max: 0, Diff: 0, Sum: 0, Workers: 4
[27.011s][debug][gc,phases      ] GC(57)   StringTable Weak               Min:  0.0, Avg:  0.1, Max:  0.1, Diff:  0.1, Sum:  0.4, Workers: 4
[27.011s][debug][gc,phases      ] GC(57)     Dead                           Min: 0, Avg:  2.8, Max: 11, Diff: 11, Sum: 11, Workers: 4
[27.011s][debug][gc,phases      ] GC(57)     Total                          Min: 0, Avg: 10717.5, Max: 15094, Diff: 15094, Sum: 42870, Workers: 4
[27.011s][debug][gc,phases      ] GC(57)   ResolvedMethodTable Weak       Min:  0.0, Avg:  0.0, Max:  0.0, Diff:  0.0, Sum:  0.1, Workers: 4
[27.011s][debug][gc,phases      ] GC(57)     Dead                           Min: 0, Avg:  4.2, Max: 16, Diff: 16, Sum: 17, Workers: 4
[27.011s][debug][gc,phases      ] GC(57)     Total                          Min: 0, Avg: 1740.0, Max: 2619, Diff: 2619, Sum: 6960, Workers: 4
[27.011s][debug][gc,phases      ] GC(57)   JNI Weak                       Min:  0.0, Avg:  0.0, Max:  0.0, Diff:  0.0, Sum:  0.0, Workers: 4
[27.011s][debug][gc,phases      ] GC(57)     Dead                           Min: 0, Avg:  0.0, Max: 0, Diff: 0, Sum: 0, Workers: 4
[27.011s][debug][gc,phases      ] GC(57)     Total                          Min: 0, Avg:  6.0, Max: 24, Diff: 24, Sum: 24, Workers: 4
[27.011s][debug][gc,phases      ] GC(57)   StringDedup Table Weak         Min:  0.0, Avg:  0.0, Max:  0.0, Diff:  0.0, Sum:  0.0, Workers: 4
[27.011s][debug][gc,phases      ] GC(57)     Dead                           Min: 0, Avg:  0.0, Max: 0, Diff: 0, Sum: 0, Workers: 4
[27.011s][debug][gc,phases      ] GC(57)     Total                          Min: 0, Avg:  0.0, Max: 0, Diff: 0, Sum: 0, Workers: 4
[27.011s][debug][gc,phases      ] GC(57)   StringDedup Requests0 Weak     Min:  0.0, Avg:  0.0, Max:  0.0, Diff:  0.0, Sum:  0.0, Workers: 4
[27.011s][debug][gc,phases      ] GC(57)     Dead                           Min: 0, Avg:  0.0, Max: 0, Diff: 0, Sum: 0, Workers: 4
[27.011s][debug][gc,phases      ] GC(57)     Total                          Min: 0, Avg:  0.0, Max: 0, Diff: 0, Sum: 0, Workers: 4
[27.011s][debug][gc,phases      ] GC(57)   StringDedup Requests1 Weak     Min:  0.0, Avg:  0.0, Max:  0.0, Diff:  0.0, Sum:  0.0, Workers: 4
[27.011s][debug][gc,phases      ] GC(57)     Dead                           Min: 0, Avg:  0.0, Max: 0, Diff: 0, Sum: 0, Workers: 4
[27.011s][debug][gc,phases      ] GC(57)     Total                          Min: 0, Avg:  0.0, Max: 0, Diff: 0, Sum: 0, Workers: 4
[27.011s][debug][gc,phases      ] GC(57)   Weak JFR Old Object Samples    Min:  0.0, Avg:  0.0, Max:  0.0, Diff:  0.0, Sum:  0.0, Workers: 4
[27.011s][debug][gc,phases      ] GC(57)     Dead                           Min: 0, Avg:  0.0, Max: 0, Diff: 0, Sum: 0, Workers: 4
[27.011s][debug][gc,phases      ] GC(57)     Total                          Min: 0, Avg:  0.0, Max: 0, Diff: 0, Sum: 0, Workers: 4
[27.011s][debug][gc,phases      ] GC(57) Weak Processing 0.362ms
[27.011s][debug][gc,age         ] GC(57) Desired survivor size 281018368 bytes, new threshold 15 (max threshold 15)
[27.011s][info ][gc,heap        ] GC(57) PSYoungGen: 1555456K(1826304K)->10688K(1566208K) Eden: 1555456K(1555456K)->0K(1555456K) From: 0K(270848K)->10688K(10752K)
[27.011s][info ][gc,heap        ] GC(57) ParOldGen: 401239K(473088K)->401239K(473088K)
[27.011s][info ][gc,metaspace   ] GC(57) Metaspace: 68077K(68864K)->68077K(68864K) NonClass: 58184K(58624K)->58184K(58624K) Class: 9893K(10240K)->9893K(10240K)
[27.012s][info ][gc             ] GC(57) Pause Young (Allocation Failure) 1910M->402M(1991M) 9.336ms
[27.012s][info ][gc,cpu         ] GC(57) User=0.03s Sys=0.00s Real=0.01s
[27.012s][info ][safepoint      ] Safepoint "ParallelGCFailedAllocation", Time since last: 361201942 ns, Reaching safepoint: 153503 ns, At safepoint: 9456474 ns, Total: 9609977 ns
[27.330s][info ][gc,start       ] GC(58) Pause Young (Allocation Failure)
[27.334s][debug][gc,phases      ] GC(58) Scavenge 4.159ms
[27.334s][debug][gc,ref         ] GC(58) Skipped phase 1 of Reference Processing: no references
[27.334s][debug][gc,ref         ] GC(58) ReferenceProcessor::execute queues: 1, RefProcThreadModel::Single, marks_oops_alive: false
[27.334s][debug][gc,ref         ] GC(58) Skipped phase 3 of Reference Processing: no references
[27.334s][debug][gc,ref         ] GC(58) ReferenceProcessor::execute queues: 1, RefProcThreadModel::Single, marks_oops_alive: false
[27.334s][debug][gc,phases      ] GC(58) Reference Processing 0.049ms
[27.334s][debug][gc,phases      ] GC(58)   VM Weak                        Min:  0.0, Avg:  0.0, Max:  0.0, Diff:  0.0, Sum:  0.0, Workers: 4
[27.334s][debug][gc,phases      ] GC(58)     Dead                           Min: 0, Avg:  0.0, Max: 0, Diff: 0, Sum: 0, Workers: 4
[27.334s][debug][gc,phases      ] GC(58)     Total                          Min: 0, Avg: 147.8, Max: 591, Diff: 591, Sum: 591, Workers: 4
[27.334s][debug][gc,phases      ] GC(58)   ObjectSynchronizer Weak        Min:  0.0, Avg:  0.0, Max:  0.0, Diff:  0.0, Sum:  0.0, Workers: 4
[27.334s][debug][gc,phases      ] GC(58)     Dead                           Min: 0, Avg:  0.0, Max: 0, Diff: 0, Sum: 0, Workers: 4
[27.334s][debug][gc,phases      ] GC(58)     Total                          Min: 0, Avg: 95.5, Max: 382, Diff: 382, Sum: 382, Workers: 4
[27.334s][debug][gc,phases      ] GC(58)   JVMTI Tag Weak OopStorage      Min:  0.0, Avg:  0.0, Max:  0.0, Diff:  0.0, Sum:  0.0, Workers: 4
[27.334s][debug][gc,phases      ] GC(58)     Dead                           Min: 0, Avg:  0.0, Max: 0, Diff: 0, Sum: 0, Workers: 4
[27.334s][debug][gc,phases      ] GC(58)     Total                          Min: 0, Avg:  0.0, Max: 0, Diff: 0, Sum: 0, Workers: 4
[27.334s][debug][gc,phases      ] GC(58)   StringTable Weak               Min:  0.1, Avg:  0.1, Max:  0.1, Diff:  0.0, Sum:  0.4, Workers: 4
[27.334s][debug][gc,phases      ] GC(58)     Dead                           Min: 0, Avg:  2.8, Max: 11, Diff: 11, Sum: 11, Workers: 4
[27.334s][debug][gc,phases      ] GC(58)     Total                          Min: 9920, Avg: 10733.5, Max: 11456, Diff: 1536, Sum: 42934, Workers: 4
[27.334s][debug][gc,phases      ] GC(58)   ResolvedMethodTable Weak       Min:  0.0, Avg:  0.0, Max:  0.0, Diff:  0.0, Sum:  0.1, Workers: 4
[27.334s][debug][gc,phases      ] GC(58)     Dead                           Min: 0, Avg:  0.0, Max: 0, Diff: 0, Sum: 0, Workers: 4
[27.334s][debug][gc,phases      ] GC(58)     Total                          Min: 1600, Avg: 1748.8, Max: 2048, Diff: 448, Sum: 6995, Workers: 4
[27.334s][debug][gc,phases      ] GC(58)   JNI Weak                       Min:  0.0, Avg:  0.0, Max:  0.0, Diff:  0.0, Sum:  0.0, Workers: 4
[27.334s][debug][gc,phases      ] GC(58)     Dead                           Min: 0, Avg:  0.0, Max: 0, Diff: 0, Sum: 0, Workers: 4
[27.334s][debug][gc,phases      ] GC(58)     Total                          Min: 0, Avg:  0.2, Max: 1, Diff: 1, Sum: 1, Workers: 4
[27.334s][debug][gc,phases      ] GC(58)   StringDedup Table Weak         Min:  0.0, Avg:  0.0, Max:  0.0, Diff:  0.0, Sum:  0.0, Workers: 4
[27.334s][debug][gc,phases      ] GC(58)     Dead                           Min: 0, Avg:  0.0, Max: 0, Diff: 0, Sum: 0, Workers: 4
[27.334s][debug][gc,phases      ] GC(58)     Total                          Min: 0, Avg:  0.0, Max: 0, Diff: 0, Sum: 0, Workers: 4
[27.334s][debug][gc,phases      ] GC(58)   StringDedup Requests0 Weak     Min:  0.0, Avg:  0.0, Max:  0.0, Diff:  0.0, Sum:  0.0, Workers: 4
[27.334s][debug][gc,phases      ] GC(58)     Dead                           Min: 0, Avg:  0.0, Max: 0, Diff: 0, Sum: 0, Workers: 4
[27.334s][debug][gc,phases      ] GC(58)     Total                          Min: 0, Avg:  0.0, Max: 0, Diff: 0, Sum: 0, Workers: 4
[27.334s][debug][gc,phases      ] GC(58)   StringDedup Requests1 Weak     Min:  0.0, Avg:  0.0, Max:  0.0, Diff:  0.0, Sum:  0.0, Workers: 4
[27.334s][debug][gc,phases      ] GC(58)     Dead                           Min: 0, Avg:  0.0, Max: 0, Diff: 0, Sum: 0, Workers: 4
[27.334s][debug][gc,phases      ] GC(58)     Total                          Min: 0, Avg:  0.0, Max: 0, Diff: 0, Sum: 0, Workers: 4
[27.334s][debug][gc,phases      ] GC(58)   Weak JFR Old Object Samples    Min:  0.0, Avg:  0.0, Max:  0.0, Diff:  0.0, Sum:  0.0, Workers: 4
[27.334s][debug][gc,phases      ] GC(58)     Dead                           Min: 0, Avg:  0.0, Max: 0, Diff: 0, Sum: 0, Workers: 4
[27.334s][debug][gc,phases      ] GC(58)     Total                          Min: 0, Avg:  0.0, Max: 0, Diff: 0, Sum: 0, Workers: 4
[27.334s][debug][gc,phases      ] GC(58) Weak Processing 0.309ms
[27.334s][debug][gc,age         ] GC(58) Desired survivor size 281542656 bytes, new threshold 15 (max threshold 15)
[27.334s][info ][gc,heap        ] GC(58) PSYoungGen: 1566144K(1566208K)->9728K(1821696K) Eden: 1555456K(1555456K)->0K(1547264K) From: 10688K(10752K)->9728K(274432K)
[27.334s][info ][gc,heap        ] GC(58) ParOldGen: 401239K(473088K)->401239K(473088K)
[27.334s][info ][gc,metaspace   ] GC(58) Metaspace: 68211K(68992K)->68211K(68992K) NonClass: 58288K(58688K)->58288K(58688K) Class: 9923K(10304K)->9923K(10304K)
[27.334s][info ][gc             ] GC(58) Pause Young (Allocation Failure) 1921M->401M(2241M) 4.666ms
[27.334s][info ][gc,cpu         ] GC(58) User=0.01s Sys=0.00s Real=0.00s
[27.335s][info ][safepoint      ] Safepoint "ParallelGCFailedAllocation", Time since last: 318050949 ns, Reaching safepoint: 144503 ns, At safepoint: 4783888 ns, Total: 4928391 ns
[27.667s][info ][gc,start       ] GC(59) Pause Young (Allocation Failure)
[27.674s][debug][gc,phases      ] GC(59) Scavenge 7.070ms
[27.674s][debug][gc,ref         ] GC(59) Skipped phase 1 of Reference Processing: no references
[27.674s][debug][gc,ref         ] GC(59) ReferenceProcessor::execute queues: 1, RefProcThreadModel::Single, marks_oops_alive: false
[27.674s][debug][gc,ref         ] GC(59) Skipped phase 3 of Reference Processing: no references
[27.674s][debug][gc,ref         ] GC(59) ReferenceProcessor::execute queues: 1, RefProcThreadModel::Single, marks_oops_alive: false
[27.674s][debug][gc,phases      ] GC(59) Reference Processing 0.132ms
[27.675s][debug][gc,phases      ] GC(59)   VM Weak                        Min:  0.0, Avg:  0.0, Max:  0.0, Diff:  0.0, Sum:  0.0, Workers: 4
[27.675s][debug][gc,phases      ] GC(59)     Dead                           Min: 0, Avg:  0.0, Max: 0, Diff: 0, Sum: 0, Workers: 4
[27.675s][debug][gc,phases      ] GC(59)     Total                          Min: 0, Avg: 147.8, Max: 463, Diff: 463, Sum: 591, Workers: 4
[27.675s][debug][gc,phases      ] GC(59)   ObjectSynchronizer Weak        Min:  0.0, Avg:  0.0, Max:  0.0, Diff:  0.0, Sum:  0.0, Workers: 4
[27.675s][debug][gc,phases      ] GC(59)     Dead                           Min: 0, Avg:  0.0, Max: 0, Diff: 0, Sum: 0, Workers: 4
[27.675s][debug][gc,phases      ] GC(59)     Total                          Min: 0, Avg: 95.5, Max: 254, Diff: 254, Sum: 382, Workers: 4
[27.675s][debug][gc,phases      ] GC(59)   JVMTI Tag Weak OopStorage      Min:  0.0, Avg:  0.0, Max:  0.0, Diff:  0.0, Sum:  0.0, Workers: 4
[27.675s][debug][gc,phases      ] GC(59)     Dead                           Min: 0, Avg:  0.0, Max: 0, Diff: 0, Sum: 0, Workers: 4
[27.675s][debug][gc,phases      ] GC(59)     Total                          Min: 0, Avg:  0.0, Max: 0, Diff: 0, Sum: 0, Workers: 4
[27.675s][debug][gc,phases      ] GC(59)   StringTable Weak               Min:  0.1, Avg:  0.1, Max:  0.1, Diff:  0.0, Sum:  0.4, Workers: 4
[27.675s][debug][gc,phases      ] GC(59)     Dead                           Min: 0, Avg:  2.8, Max: 9, Diff: 9, Sum: 11, Workers: 4
[27.675s][debug][gc,phases      ] GC(59)     Total                          Min: 10176, Avg: 10784.2, Max: 11777, Diff: 1601, Sum: 43137, Workers: 4
[27.675s][debug][gc,phases      ] GC(59)   ResolvedMethodTable Weak       Min:  0.0, Avg:  0.0, Max:  0.0, Diff:  0.0, Sum:  0.1, Workers: 4
[27.675s][debug][gc,phases      ] GC(59)     Dead                           Min: 0, Avg:  6.2, Max: 21, Diff: 21, Sum: 25, Workers: 4
[27.675s][debug][gc,phases      ] GC(59)     Total                          Min: 1568, Avg: 1768.0, Max: 1920, Diff: 352, Sum: 7072, Workers: 4
[27.675s][debug][gc,phases      ] GC(59)   JNI Weak                       Min:  0.0, Avg:  0.0, Max:  0.0, Diff:  0.0, Sum:  0.0, Workers: 4
[27.675s][debug][gc,phases      ] GC(59)     Dead                           Min: 0, Avg:  0.0, Max: 0, Diff: 0, Sum: 0, Workers: 4
[27.675s][debug][gc,phases      ] GC(59)     Total                          Min: 0, Avg:  0.2, Max: 1, Diff: 1, Sum: 1, Workers: 4
[27.675s][debug][gc,phases      ] GC(59)   StringDedup Table Weak         Min:  0.0, Avg:  0.0, Max:  0.0, Diff:  0.0, Sum:  0.0, Workers: 4
[27.675s][debug][gc,phases      ] GC(59)     Dead                           Min: 0, Avg:  0.0, Max: 0, Diff: 0, Sum: 0, Workers: 4
[27.675s][debug][gc,phases      ] GC(59)     Total                          Min: 0, Avg:  0.0, Max: 0, Diff: 0, Sum: 0, Workers: 4
[27.675s][debug][gc,phases      ] GC(59)   StringDedup Requests0 Weak     Min:  0.0, Avg:  0.0, Max:  0.0, Diff:  0.0, Sum:  0.0, Workers: 4
[27.675s][debug][gc,phases      ] GC(59)     Dead                           Min: 0, Avg:  0.0, Max: 0, Diff: 0, Sum: 0, Workers: 4
[27.675s][debug][gc,phases      ] GC(59)     Total                          Min: 0, Avg:  0.0, Max: 0, Diff: 0, Sum: 0, Workers: 4
[27.675s][debug][gc,phases      ] GC(59)   StringDedup Requests1 Weak     Min:  0.0, Avg:  0.0, Max:  0.0, Diff:  0.0, Sum:  0.0, Workers: 4
[27.675s][debug][gc,phases      ] GC(59)     Dead                           Min: 0, Avg:  0.0, Max: 0, Diff: 0, Sum: 0, Workers: 4
[27.675s][debug][gc,phases      ] GC(59)     Total                          Min: 0, Avg:  0.0, Max: 0, Diff: 0, Sum: 0, Workers: 4
[27.675s][debug][gc,phases      ] GC(59)   Weak JFR Old Object Samples    Min:  0.0, Avg:  0.0, Max:  0.0, Diff:  0.0, Sum:  0.0, Workers: 4
[27.675s][debug][gc,phases      ] GC(59)     Dead                           Min: 0, Avg:  0.0, Max: 0, Diff: 0, Sum: 0, Workers: 4
[27.675s][debug][gc,phases      ] GC(59)     Total                          Min: 0, Avg:  0.0, Max: 0, Diff: 0, Sum: 0, Workers: 4
[27.675s][debug][gc,phases      ] GC(59) Weak Processing 0.311ms
[27.675s][debug][gc,age         ] GC(59) Desired survivor size 278921216 bytes, new threshold 15 (max threshold 15)
[27.675s][info ][gc,heap        ] GC(59) PSYoungGen: 1556992K(1821696K)->11040K(1822208K) Eden: 1547264K(1547264K)->0K(1547264K) From: 9728K(274432K)->11040K(274944K)
[27.675s][info ][gc,heap        ] GC(59) ParOldGen: 401239K(473088K)->401247K(473088K)
[27.675s][info ][gc,metaspace   ] GC(59) Metaspace: 68739K(69440K)->68739K(69440K) NonClass: 58748K(59136K)->58748K(59136K) Class: 9991K(10304K)->9991K(10304K)
[27.675s][info ][gc             ] GC(59) Pause Young (Allocation Failure) 1912M->402M(2241M) 7.662ms
[27.675s][info ][gc,cpu         ] GC(59) User=0.03s Sys=0.00s Real=0.01s
[27.675s][info ][safepoint      ] Safepoint "ParallelGCFailedAllocation", Time since last: 332352412 ns, Reaching safepoint: 195004 ns, At safepoint: 7770743 ns, Total: 7965747 ns
[28.007s][info ][safepoint      ] Safepoint "ICBufferFull", Time since last: 331429095 ns, Reaching safepoint: 262905 ns, At safepoint: 32400 ns, Total: 295305 ns
[28.091s][info ][gc,start       ] GC(60) Pause Young (Allocation Failure)
[28.097s][debug][gc,phases      ] GC(60) Scavenge 5.117ms
[28.097s][debug][gc,ref         ] GC(60) Skipped phase 1 of Reference Processing: no references
[28.097s][debug][gc,ref         ] GC(60) ReferenceProcessor::execute queues: 1, RefProcThreadModel::Single, marks_oops_alive: false
[28.097s][debug][gc,ref         ] GC(60) Skipped phase 3 of Reference Processing: no references
[28.097s][debug][gc,ref         ] GC(60) ReferenceProcessor::execute queues: 1, RefProcThreadModel::Single, marks_oops_alive: false
[28.097s][debug][gc,phases      ] GC(60) Reference Processing 0.145ms
[28.097s][debug][gc,phases      ] GC(60)   VM Weak                        Min:  0.0, Avg:  0.0, Max:  0.0, Diff:  0.0, Sum:  0.0, Workers: 4
[28.097s][debug][gc,phases      ] GC(60)     Dead                           Min: 0, Avg:  0.0, Max: 0, Diff: 0, Sum: 0, Workers: 4
[28.097s][debug][gc,phases      ] GC(60)     Total                          Min: 0, Avg: 150.0, Max: 448, Diff: 448, Sum: 600, Workers: 4
[28.097s][debug][gc,phases      ] GC(60)   ObjectSynchronizer Weak        Min:  0.0, Avg:  0.0, Max:  0.0, Diff:  0.0, Sum:  0.0, Workers: 4
[28.097s][debug][gc,phases      ] GC(60)     Dead                           Min: 0, Avg:  0.0, Max: 0, Diff: 0, Sum: 0, Workers: 4
[28.097s][debug][gc,phases      ] GC(60)     Total                          Min: 0, Avg: 95.5, Max: 192, Diff: 192, Sum: 382, Workers: 4
[28.097s][debug][gc,phases      ] GC(60)   JVMTI Tag Weak OopStorage      Min:  0.0, Avg:  0.0, Max:  0.0, Diff:  0.0, Sum:  0.0, Workers: 4
[28.097s][debug][gc,phases      ] GC(60)     Dead                           Min: 0, Avg:  0.0, Max: 0, Diff: 0, Sum: 0, Workers: 4
[28.097s][debug][gc,phases      ] GC(60)     Total                          Min: 0, Avg:  0.0, Max: 0, Diff: 0, Sum: 0, Workers: 4
[28.097s][debug][gc,phases      ] GC(60)   StringTable Weak               Min:  0.1, Avg:  0.1, Max:  0.1, Diff:  0.0, Sum:  0.4, Workers: 4
[28.097s][debug][gc,phases      ] GC(60)     Dead                           Min: 0, Avg:  1.0, Max: 2, Diff: 2, Sum: 4, Workers: 4
[28.097s][debug][gc,phases      ] GC(60)     Total                          Min: 10316, Avg: 10850.8, Max: 11711, Diff: 1395, Sum: 43403, Workers: 4
[28.097s][debug][gc,phases      ] GC(60)   ResolvedMethodTable Weak       Min:  0.0, Avg:  0.0, Max:  0.0, Diff:  0.0, Sum:  0.1, Workers: 4
[28.097s][debug][gc,phases      ] GC(60)     Dead                           Min: 0, Avg: 11.8, Max: 42, Diff: 42, Sum: 47, Workers: 4
[28.097s][debug][gc,phases      ] GC(60)     Total                          Min: 1664, Avg: 1809.0, Max: 1924, Diff: 260, Sum: 7236, Workers: 4
[28.097s][debug][gc,phases      ] GC(60)   JNI Weak                       Min:  0.0, Avg:  0.0, Max:  0.0, Diff:  0.0, Sum:  0.0, Workers: 4
[28.097s][debug][gc,phases      ] GC(60)     Dead                           Min: 0, Avg:  0.0, Max: 0, Diff: 0, Sum: 0, Workers: 4
[28.097s][debug][gc,phases      ] GC(60)     Total                          Min: 0, Avg:  1.2, Max: 5, Diff: 5, Sum: 5, Workers: 4
[28.097s][debug][gc,phases      ] GC(60)   StringDedup Table Weak         Min:  0.0, Avg:  0.0, Max:  0.0, Diff:  0.0, Sum:  0.0, Workers: 4
[28.097s][debug][gc,phases      ] GC(60)     Dead                           Min: 0, Avg:  0.0, Max: 0, Diff: 0, Sum: 0, Workers: 4
[28.097s][debug][gc,phases      ] GC(60)     Total                          Min: 0, Avg:  0.0, Max: 0, Diff: 0, Sum: 0, Workers: 4
[28.097s][debug][gc,phases      ] GC(60)   StringDedup Requests0 Weak     Min:  0.0, Avg:  0.0, Max:  0.0, Diff:  0.0, Sum:  0.0, Workers: 4
[28.097s][debug][gc,phases      ] GC(60)     Dead                           Min: 0, Avg:  0.0, Max: 0, Diff: 0, Sum: 0, Workers: 4
[28.097s][debug][gc,phases      ] GC(60)     Total                          Min: 0, Avg:  0.0, Max: 0, Diff: 0, Sum: 0, Workers: 4
[28.097s][debug][gc,phases      ] GC(60)   StringDedup Requests1 Weak     Min:  0.0, Avg:  0.0, Max:  0.0, Diff:  0.0, Sum:  0.0, Workers: 4
[28.097s][debug][gc,phases      ] GC(60)     Dead                           Min: 0, Avg:  0.0, Max: 0, Diff: 0, Sum: 0, Workers: 4
[28.097s][debug][gc,phases      ] GC(60)     Total                          Min: 0, Avg:  0.0, Max: 0, Diff: 0, Sum: 0, Workers: 4
[28.097s][debug][gc,phases      ] GC(60)   Weak JFR Old Object Samples    Min:  0.0, Avg:  0.0, Max:  0.0, Diff:  0.0, Sum:  0.0, Workers: 4
[28.097s][debug][gc,phases      ] GC(60)     Dead                           Min: 0, Avg:  0.0, Max: 0, Diff: 0, Sum: 0, Workers: 4
[28.097s][debug][gc,phases      ] GC(60)     Total                          Min: 0, Avg:  0.0, Max: 0, Diff: 0, Sum: 0, Workers: 4
[28.097s][debug][gc,phases      ] GC(60) Weak Processing 0.301ms
[28.097s][debug][gc,age         ] GC(60) Desired survivor size 273678336 bytes, new threshold 15 (max threshold 15)
[28.097s][info ][gc,heap        ] GC(60) PSYoungGen: 1558304K(1822208K)->11648K(1829888K) Eden: 1547264K(1547264K)->0K(1557504K) From: 11040K(274944K)->11648K(272384K)
[28.097s][info ][gc,heap        ] GC(60) ParOldGen: 401247K(473088K)->401255K(473088K)
[28.097s][info ][gc,metaspace   ] GC(60) Metaspace: 69538K(70272K)->69538K(70272K) NonClass: 59420K(59840K)->59420K(59840K) Class: 10118K(10432K)->10118K(10432K)
[28.097s][info ][gc             ] GC(60) Pause Young (Allocation Failure) 1913M->403M(2249M) 5.690ms
[28.097s][info ][gc,cpu         ] GC(60) User=0.02s Sys=0.00s Real=0.00s
[28.097s][info ][safepoint      ] Safepoint "ParallelGCFailedAllocation", Time since last: 84531655 ns, Reaching safepoint: 179403 ns, At safepoint: 5793807 ns, Total: 5973210 ns
[28.358s][info ][safepoint      ] Safepoint "ICBufferFull", Time since last: 260092583 ns, Reaching safepoint: 299806 ns, At safepoint: 25700 ns, Total: 325506 ns
[28.474s][info ][gc,start       ] GC(61) Pause Young (Allocation Failure)
[28.501s][debug][gc,phases      ] GC(61) Scavenge 7.656ms
[28.501s][debug][gc,ref         ] GC(61) Skipped phase 1 of Reference Processing: no references
[28.501s][debug][gc,ref         ] GC(61) ReferenceProcessor::execute queues: 1, RefProcThreadModel::Single, marks_oops_alive: false
[28.501s][debug][gc,ref         ] GC(61) Skipped phase 3 of Reference Processing: no references
[28.501s][debug][gc,ref         ] GC(61) ReferenceProcessor::execute queues: 1, RefProcThreadModel::Single, marks_oops_alive: false
[28.501s][debug][gc,phases      ] GC(61) Reference Processing 0.512ms
[28.502s][debug][gc,phases      ] GC(61)   VM Weak                        Min:  0.0, Avg:  0.0, Max:  0.0, Diff:  0.0, Sum:  0.0, Workers: 4
[28.502s][debug][gc,phases      ] GC(61)     Dead                           Min: 0, Avg:  0.0, Max: 0, Diff: 0, Sum: 0, Workers: 4
[28.502s][debug][gc,phases      ] GC(61)     Total                          Min: 0, Avg: 150.8, Max: 603, Diff: 603, Sum: 603, Workers: 4
[28.502s][debug][gc,phases      ] GC(61)   ObjectSynchronizer Weak        Min:  0.0, Avg:  0.0, Max:  0.0, Diff:  0.0, Sum:  0.0, Workers: 4
[28.502s][debug][gc,phases      ] GC(61)     Dead                           Min: 0, Avg:  0.0, Max: 0, Diff: 0, Sum: 0, Workers: 4
[28.502s][debug][gc,phases      ] GC(61)     Total                          Min: 0, Avg: 95.5, Max: 254, Diff: 254, Sum: 382, Workers: 4
[28.502s][debug][gc,phases      ] GC(61)   JVMTI Tag Weak OopStorage      Min:  0.0, Avg:  0.0, Max:  0.0, Diff:  0.0, Sum:  0.0, Workers: 4
[28.502s][debug][gc,phases      ] GC(61)     Dead                           Min: 0, Avg:  0.0, Max: 0, Diff: 0, Sum: 0, Workers: 4
[28.502s][debug][gc,phases      ] GC(61)     Total                          Min: 0, Avg:  0.0, Max: 0, Diff: 0, Sum: 0, Workers: 4
[28.502s][debug][gc,phases      ] GC(61)   StringTable Weak               Min:  0.0, Avg:  0.1, Max:  0.2, Diff:  0.2, Sum:  0.5, Workers: 4
[28.502s][debug][gc,phases      ] GC(61)     Dead                           Min: 0, Avg:  0.2, Max: 1, Diff: 1, Sum: 1, Workers: 4
[28.502s][debug][gc,phases      ] GC(61)     Total                          Min: 0, Avg: 10873.5, Max: 23078, Diff: 23078, Sum: 43494, Workers: 4
[28.502s][debug][gc,phases      ] GC(61)   ResolvedMethodTable Weak       Min:  0.0, Avg:  0.0, Max:  0.0, Diff:  0.0, Sum:  0.1, Workers: 4
[28.502s][debug][gc,phases      ] GC(61)     Dead                           Min: 0, Avg:  0.0, Max: 0, Diff: 0, Sum: 0, Workers: 4
[28.502s][debug][gc,phases      ] GC(61)     Total                          Min: 0, Avg: 1814.5, Max: 3738, Diff: 3738, Sum: 7258, Workers: 4
[28.502s][debug][gc,phases      ] GC(61)   JNI Weak                       Min:  0.0, Avg:  0.0, Max:  0.0, Diff:  0.0, Sum:  0.0, Workers: 4
[28.502s][debug][gc,phases      ] GC(61)     Dead                           Min: 0, Avg:  0.0, Max: 0, Diff: 0, Sum: 0, Workers: 4
[28.502s][debug][gc,phases      ] GC(61)     Total                          Min: 0, Avg:  3.0, Max: 12, Diff: 12, Sum: 12, Workers: 4
[28.502s][debug][gc,phases      ] GC(61)   StringDedup Table Weak         Min:  0.0, Avg:  0.0, Max:  0.0, Diff:  0.0, Sum:  0.0, Workers: 4
[28.502s][debug][gc,phases      ] GC(61)     Dead                           Min: 0, Avg:  0.0, Max: 0, Diff: 0, Sum: 0, Workers: 4
[28.502s][debug][gc,phases      ] GC(61)     Total                          Min: 0, Avg:  0.0, Max: 0, Diff: 0, Sum: 0, Workers: 4
[28.502s][debug][gc,phases      ] GC(61)   StringDedup Requests0 Weak     Min:  0.0, Avg:  0.0, Max:  0.0, Diff:  0.0, Sum:  0.0, Workers: 4
[28.502s][debug][gc,phases      ] GC(61)     Dead                           Min: 0, Avg:  0.0, Max: 0, Diff: 0, Sum: 0, Workers: 4
[28.502s][debug][gc,phases      ] GC(61)     Total                          Min: 0, Avg:  0.0, Max: 0, Diff: 0, Sum: 0, Workers: 4
[28.502s][debug][gc,phases      ] GC(61)   StringDedup Requests1 Weak     Min:  0.0, Avg:  0.0, Max:  0.0, Diff:  0.0, Sum:  0.0, Workers: 4
[28.502s][debug][gc,phases      ] GC(61)     Dead                           Min: 0, Avg:  0.0, Max: 0, Diff: 0, Sum: 0, Workers: 4
[28.502s][debug][gc,phases      ] GC(61)     Total                          Min: 0, Avg:  0.0, Max: 0, Diff: 0, Sum: 0, Workers: 4
[28.502s][debug][gc,phases      ] GC(61)   Weak JFR Old Object Samples    Min:  0.0, Avg:  0.0, Max:  0.0, Diff:  0.0, Sum:  0.0, Workers: 4
[28.502s][debug][gc,phases      ] GC(61)     Dead                           Min: 0, Avg:  0.0, Max: 0, Diff: 0, Sum: 0, Workers: 4
[28.502s][debug][gc,phases      ] GC(61)     Total                          Min: 0, Avg:  0.0, Max: 0, Diff: 0, Sum: 0, Workers: 4
[28.502s][debug][gc,phases      ] GC(61) Weak Processing 0.489ms
[28.502s][debug][gc,age         ] GC(61) Desired survivor size 266338304 bytes, new threshold 15 (max threshold 15)
[28.502s][info ][gc,heap        ] GC(61) PSYoungGen: 1569152K(1829888K)->15552K(1824768K) Eden: 1557504K(1557504K)->0K(1557504K) From: 11648K(272384K)->15552K(267264K)
[28.502s][info ][gc,heap        ] GC(61) ParOldGen: 401255K(473088K)->401263K(473088K)
[28.502s][info ][gc,metaspace   ] GC(61) Metaspace: 69967K(70720K)->69967K(70720K) NonClass: 59824K(60224K)->59824K(60224K) Class: 10142K(10496K)->10142K(10496K)
[28.502s][info ][gc             ] GC(61) Pause Young (Allocation Failure) 1924M->407M(2244M) 27.765ms
[28.502s][info ][gc,cpu         ] GC(61) User=0.03s Sys=0.00s Real=0.03s
[28.502s][info ][safepoint      ] Safepoint "ParallelGCFailedAllocation", Time since last: 116188437 ns, Reaching safepoint: 202704 ns, At safepoint: 27875012 ns, Total: 28077716 ns
[28.734s][info ][safepoint      ] Safepoint "ICBufferFull", Time since last: 231439757 ns, Reaching safepoint: 254905 ns, At safepoint: 32500 ns, Total: 287405 ns
[28.847s][info ][gc,start       ] GC(62) Pause Young (Allocation Failure)
[28.856s][debug][gc,phases      ] GC(62) Scavenge 8.851ms
[28.856s][debug][gc,ref         ] GC(62) Skipped phase 1 of Reference Processing: no references
[28.856s][debug][gc,ref         ] GC(62) ReferenceProcessor::execute queues: 1, RefProcThreadModel::Single, marks_oops_alive: false
[28.856s][debug][gc,ref         ] GC(62) Skipped phase 3 of Reference Processing: no references
[28.856s][debug][gc,ref         ] GC(62) ReferenceProcessor::execute queues: 1, RefProcThreadModel::Single, marks_oops_alive: false
[28.856s][debug][gc,phases      ] GC(62) Reference Processing 0.216ms
[28.856s][debug][gc,phases      ] GC(62)   VM Weak                        Min:  0.0, Avg:  0.0, Max:  0.0, Diff:  0.0, Sum:  0.0, Workers: 4
[28.856s][debug][gc,phases      ] GC(62)     Dead                           Min: 0, Avg:  0.0, Max: 0, Diff: 0, Sum: 0, Workers: 4
[28.856s][debug][gc,phases      ] GC(62)     Total                          Min: 0, Avg: 150.8, Max: 603, Diff: 603, Sum: 603, Workers: 4
[28.856s][debug][gc,phases      ] GC(62)   ObjectSynchronizer Weak        Min:  0.0, Avg:  0.0, Max:  0.0, Diff:  0.0, Sum:  0.0, Workers: 4
[28.856s][debug][gc,phases      ] GC(62)     Dead                           Min: 0, Avg:  0.0, Max: 0, Diff: 0, Sum: 0, Workers: 4
[28.856s][debug][gc,phases      ] GC(62)     Total                          Min: 0, Avg: 95.5, Max: 318, Diff: 318, Sum: 382, Workers: 4
[28.856s][debug][gc,phases      ] GC(62)   JVMTI Tag Weak OopStorage      Min:  0.0, Avg:  0.0, Max:  0.0, Diff:  0.0, Sum:  0.0, Workers: 4
[28.856s][debug][gc,phases      ] GC(62)     Dead                           Min: 0, Avg:  0.0, Max: 0, Diff: 0, Sum: 0, Workers: 4
[28.856s][debug][gc,phases      ] GC(62)     Total                          Min: 0, Avg:  0.0, Max: 0, Diff: 0, Sum: 0, Workers: 4
[28.856s][debug][gc,phases      ] GC(62)   StringTable Weak               Min:  0.1, Avg:  0.1, Max:  0.1, Diff:  0.0, Sum:  0.5, Workers: 4
[28.856s][debug][gc,phases      ] GC(62)     Dead                           Min: 0, Avg:  0.5, Max: 2, Diff: 2, Sum: 2, Workers: 4
[28.856s][debug][gc,phases      ] GC(62)     Total                          Min: 10424, Avg: 10878.0, Max: 11328, Diff: 904, Sum: 43512, Workers: 4
[28.856s][debug][gc,phases      ] GC(62)   ResolvedMethodTable Weak       Min:  0.0, Avg:  0.0, Max:  0.0, Diff:  0.0, Sum:  0.1, Workers: 4
[28.856s][debug][gc,phases      ] GC(62)     Dead                           Min: 0, Avg:  0.0, Max: 0, Diff: 0, Sum: 0, Workers: 4
[28.856s][debug][gc,phases      ] GC(62)     Total                          Min: 1600, Avg: 1816.8, Max: 2175, Diff: 575, Sum: 7267, Workers: 4
[28.856s][debug][gc,phases      ] GC(62)   JNI Weak                       Min:  0.0, Avg:  0.0, Max:  0.0, Diff:  0.0, Sum:  0.0, Workers: 4
[28.856s][debug][gc,phases      ] GC(62)     Dead                           Min: 0, Avg:  0.0, Max: 0, Diff: 0, Sum: 0, Workers: 4
[28.856s][debug][gc,phases      ] GC(62)     Total                          Min: 0, Avg:  0.8, Max: 3, Diff: 3, Sum: 3, Workers: 4
[28.856s][debug][gc,phases      ] GC(62)   StringDedup Table Weak         Min:  0.0, Avg:  0.0, Max:  0.0, Diff:  0.0, Sum:  0.0, Workers: 4
[28.856s][debug][gc,phases      ] GC(62)     Dead                           Min: 0, Avg:  0.0, Max: 0, Diff: 0, Sum: 0, Workers: 4
[28.856s][debug][gc,phases      ] GC(62)     Total                          Min: 0, Avg:  0.0, Max: 0, Diff: 0, Sum: 0, Workers: 4
[28.856s][debug][gc,phases      ] GC(62)   StringDedup Requests0 Weak     Min:  0.0, Avg:  0.0, Max:  0.0, Diff:  0.0, Sum:  0.0, Workers: 4
[28.856s][debug][gc,phases      ] GC(62)     Dead                           Min: 0, Avg:  0.0, Max: 0, Diff: 0, Sum: 0, Workers: 4
[28.856s][debug][gc,phases      ] GC(62)     Total                          Min: 0, Avg:  0.0, Max: 0, Diff: 0, Sum: 0, Workers: 4
[28.856s][debug][gc,phases      ] GC(62)   StringDedup Requests1 Weak     Min:  0.0, Avg:  0.0, Max:  0.0, Diff:  0.0, Sum:  0.0, Workers: 4
[28.856s][debug][gc,phases      ] GC(62)     Dead                           Min: 0, Avg:  0.0, Max: 0, Diff: 0, Sum: 0, Workers: 4
[28.856s][debug][gc,phases      ] GC(62)     Total                          Min: 0, Avg:  0.0, Max: 0, Diff: 0, Sum: 0, Workers: 4
[28.856s][debug][gc,phases      ] GC(62)   Weak JFR Old Object Samples    Min:  0.0, Avg:  0.0, Max:  0.0, Diff:  0.0, Sum:  0.0, Workers: 4
[28.856s][debug][gc,phases      ] GC(62)     Dead                           Min: 0, Avg:  0.0, Max: 0, Diff: 0, Sum: 0, Workers: 4
[28.856s][debug][gc,phases      ] GC(62)     Total                          Min: 0, Avg:  0.0, Max: 0, Diff: 0, Sum: 0, Workers: 4
[28.856s][debug][gc,phases      ] GC(62) Weak Processing 0.369ms
[28.856s][debug][gc,age         ] GC(62) Desired survivor size 257425408 bytes, new threshold 15 (max threshold 15)
[28.856s][info ][gc,heap        ] GC(62) PSYoungGen: 1573056K(1824768K)->18720K(1845760K) Eden: 1557504K(1557504K)->0K(1585664K) From: 15552K(267264K)->18720K(260096K)
[28.856s][info ][gc,heap        ] GC(62) ParOldGen: 401263K(473088K)->401271K(473088K)
[28.856s][info ][gc,metaspace   ] GC(62) Metaspace: 70112K(70848K)->70112K(70848K) NonClass: 59964K(60352K)->59964K(60352K) Class: 10147K(10496K)->10147K(10496K)
[28.856s][info ][gc             ] GC(62) Pause Young (Allocation Failure) 1928M->410M(2264M) 9.564ms
[28.856s][info ][gc,cpu         ] GC(62) User=0.04s Sys=0.00s Real=0.01s
[28.856s][info ][safepoint      ] Safepoint "ParallelGCFailedAllocation", Time since last: 113082180 ns, Reaching safepoint: 193404 ns, At safepoint: 9678778 ns, Total: 9872182 ns
[29.205s][info ][gc,start       ] GC(63) Pause Young (Allocation Failure)
[29.217s][debug][gc,phases      ] GC(63) Scavenge 11.411ms
[29.217s][debug][gc,ref         ] GC(63) Skipped phase 1 of Reference Processing: no references
[29.217s][debug][gc,ref         ] GC(63) ReferenceProcessor::execute queues: 1, RefProcThreadModel::Single, marks_oops_alive: false
[29.217s][debug][gc,ref         ] GC(63) Skipped phase 3 of Reference Processing: no references
[29.217s][debug][gc,ref         ] GC(63) ReferenceProcessor::execute queues: 1, RefProcThreadModel::Single, marks_oops_alive: false
[29.217s][debug][gc,phases      ] GC(63) Reference Processing 0.220ms
[29.217s][debug][gc,phases      ] GC(63)   VM Weak                        Min:  0.0, Avg:  0.0, Max:  0.0, Diff:  0.0, Sum:  0.0, Workers: 4
[29.217s][debug][gc,phases      ] GC(63)     Dead                           Min: 0, Avg:  0.0, Max: 0, Diff: 0, Sum: 0, Workers: 4
[29.217s][debug][gc,phases      ] GC(63)     Total                          Min: 0, Avg: 150.8, Max: 448, Diff: 448, Sum: 603, Workers: 4
[29.217s][debug][gc,phases      ] GC(63)   ObjectSynchronizer Weak        Min:  0.0, Avg:  0.0, Max:  0.0, Diff:  0.0, Sum:  0.0, Workers: 4
[29.217s][debug][gc,phases      ] GC(63)     Dead                           Min: 0, Avg:  0.0, Max: 0, Diff: 0, Sum: 0, Workers: 4
[29.217s][debug][gc,phases      ] GC(63)     Total                          Min: 0, Avg: 95.5, Max: 192, Diff: 192, Sum: 382, Workers: 4
[29.217s][debug][gc,phases      ] GC(63)   JVMTI Tag Weak OopStorage      Min:  0.0, Avg:  0.0, Max:  0.0, Diff:  0.0, Sum:  0.0, Workers: 4
[29.217s][debug][gc,phases      ] GC(63)     Dead                           Min: 0, Avg:  0.0, Max: 0, Diff: 0, Sum: 0, Workers: 4
[29.217s][debug][gc,phases      ] GC(63)     Total                          Min: 0, Avg:  0.0, Max: 0, Diff: 0, Sum: 0, Workers: 4
[29.217s][debug][gc,phases      ] GC(63)   StringTable Weak               Min:  0.1, Avg:  0.1, Max:  0.1, Diff:  0.0, Sum:  0.5, Workers: 4
[29.217s][debug][gc,phases      ] GC(63)     Dead                           Min: 0, Avg:  0.0, Max: 0, Diff: 0, Sum: 0, Workers: 4
[29.217s][debug][gc,phases      ] GC(63)     Total                          Min: 10684, Avg: 10879.0, Max: 11072, Diff: 388, Sum: 43516, Workers: 4
[29.217s][debug][gc,phases      ] GC(63)   ResolvedMethodTable Weak       Min:  0.0, Avg:  0.0, Max:  0.0, Diff:  0.0, Sum:  0.1, Workers: 4
[29.217s][debug][gc,phases      ] GC(63)     Dead                           Min: 0, Avg:  0.0, Max: 0, Diff: 0, Sum: 0, Workers: 4
[29.217s][debug][gc,phases      ] GC(63)     Total                          Min: 1600, Avg: 1817.0, Max: 1984, Diff: 384, Sum: 7268, Workers: 4
[29.217s][debug][gc,phases      ] GC(63)   JNI Weak                       Min:  0.0, Avg:  0.0, Max:  0.0, Diff:  0.0, Sum:  0.0, Workers: 4
[29.217s][debug][gc,phases      ] GC(63)     Dead                           Min: 0, Avg:  0.0, Max: 0, Diff: 0, Sum: 0, Workers: 4
[29.217s][debug][gc,phases      ] GC(63)     Total                          Min: 0, Avg:  0.0, Max: 0, Diff: 0, Sum: 0, Workers: 4
[29.217s][debug][gc,phases      ] GC(63)   StringDedup Table Weak         Min:  0.0, Avg:  0.0, Max:  0.0, Diff:  0.0, Sum:  0.0, Workers: 4
[29.217s][debug][gc,phases      ] GC(63)     Dead                           Min: 0, Avg:  0.0, Max: 0, Diff: 0, Sum: 0, Workers: 4
[29.217s][debug][gc,phases      ] GC(63)     Total                          Min: 0, Avg:  0.0, Max: 0, Diff: 0, Sum: 0, Workers: 4
[29.217s][debug][gc,phases      ] GC(63)   StringDedup Requests0 Weak     Min:  0.0, Avg:  0.0, Max:  0.0, Diff:  0.0, Sum:  0.0, Workers: 4
[29.217s][debug][gc,phases      ] GC(63)     Dead                           Min: 0, Avg:  0.0, Max: 0, Diff: 0, Sum: 0, Workers: 4
[29.217s][debug][gc,phases      ] GC(63)     Total                          Min: 0, Avg:  0.0, Max: 0, Diff: 0, Sum: 0, Workers: 4
[29.217s][debug][gc,phases      ] GC(63)   StringDedup Requests1 Weak     Min:  0.0, Avg:  0.0, Max:  0.0, Diff:  0.0, Sum:  0.0, Workers: 4
[29.217s][debug][gc,phases      ] GC(63)     Dead                           Min: 0, Avg:  0.0, Max: 0, Diff: 0, Sum: 0, Workers: 4
[29.217s][debug][gc,phases      ] GC(63)     Total                          Min: 0, Avg:  0.0, Max: 0, Diff: 0, Sum: 0, Workers: 4
[29.217s][debug][gc,phases      ] GC(63)   Weak JFR Old Object Samples    Min:  0.0, Avg:  0.0, Max:  0.0, Diff:  0.0, Sum:  0.0, Workers: 4
[29.217s][debug][gc,phases      ] GC(63)     Dead                           Min: 0, Avg:  0.0, Max: 0, Diff: 0, Sum: 0, Workers: 4
[29.217s][debug][gc,phases      ] GC(63)     Total                          Min: 0, Avg:  0.0, Max: 0, Diff: 0, Sum: 0, Workers: 4
[29.217s][debug][gc,phases      ] GC(63) Weak Processing 0.393ms
[29.217s][debug][gc,age         ] GC(63) Desired survivor size 247463936 bytes, new threshold 15 (max threshold 15)
[29.217s][info ][gc,heap        ] GC(63) PSYoungGen: 1604384K(1845760K)->21376K(1837056K) Eden: 1585664K(1585664K)->0K(1585664K) From: 18720K(260096K)->21376K(251392K)
[29.217s][info ][gc,heap        ] GC(63) ParOldGen: 401271K(473088K)->401279K(473088K)
[29.217s][info ][gc,metaspace   ] GC(63) Metaspace: 70274K(71040K)->70274K(71040K) NonClass: 60124K(60544K)->60124K(60544K) Class: 10149K(10496K)->10149K(10496K)
[29.217s][info ][gc             ] GC(63) Pause Young (Allocation Failure) 1958M->412M(2256M) 12.271ms
[29.217s][info ][gc,cpu         ] GC(63) User=0.05s Sys=0.00s Real=0.02s
[29.217s][info ][safepoint      ] Safepoint "ParallelGCFailedAllocation", Time since last: 348327406 ns, Reaching safepoint: 257105 ns, At safepoint: 12400828 ns, Total: 12657933 ns
[29.583s][info ][gc,start       ] GC(64) Pause Young (Allocation Failure)
[29.594s][debug][gc,phases      ] GC(64) Scavenge 11.402ms
[29.595s][debug][gc,ref         ] GC(64) Skipped phase 1 of Reference Processing: no references
[29.595s][debug][gc,ref         ] GC(64) ReferenceProcessor::execute queues: 1, RefProcThreadModel::Single, marks_oops_alive: false
[29.595s][debug][gc,ref         ] GC(64) Skipped phase 3 of Reference Processing: no references
[29.595s][debug][gc,ref         ] GC(64) ReferenceProcessor::execute queues: 1, RefProcThreadModel::Single, marks_oops_alive: false
[29.595s][debug][gc,phases      ] GC(64) Reference Processing 0.168ms
[29.595s][debug][gc,phases      ] GC(64)   VM Weak                        Min:  0.0, Avg:  0.0, Max:  0.0, Diff:  0.0, Sum:  0.0, Workers: 4
[29.595s][debug][gc,phases      ] GC(64)     Dead                           Min: 0, Avg:  0.0, Max: 0, Diff: 0, Sum: 0, Workers: 4
[29.595s][debug][gc,phases      ] GC(64)     Total                          Min: 0, Avg: 150.8, Max: 475, Diff: 475, Sum: 603, Workers: 4
[29.595s][debug][gc,phases      ] GC(64)   ObjectSynchronizer Weak        Min:  0.0, Avg:  0.0, Max:  0.0, Diff:  0.0, Sum:  0.0, Workers: 4
[29.595s][debug][gc,phases      ] GC(64)     Dead                           Min: 0, Avg:  0.0, Max: 0, Diff: 0, Sum: 0, Workers: 4
[29.595s][debug][gc,phases      ] GC(64)     Total                          Min: 0, Avg: 95.5, Max: 128, Diff: 128, Sum: 382, Workers: 4
[29.595s][debug][gc,phases      ] GC(64)   JVMTI Tag Weak OopStorage      Min:  0.0, Avg:  0.0, Max:  0.0, Diff:  0.0, Sum:  0.0, Workers: 4
[29.595s][debug][gc,phases      ] GC(64)     Dead                           Min: 0, Avg:  0.0, Max: 0, Diff: 0, Sum: 0, Workers: 4
[29.595s][debug][gc,phases      ] GC(64)     Total                          Min: 0, Avg:  0.0, Max: 0, Diff: 0, Sum: 0, Workers: 4
[29.595s][debug][gc,phases      ] GC(64)   StringTable Weak               Min:  0.1, Avg:  0.1, Max:  0.1, Diff:  0.0, Sum:  0.4, Workers: 4
[29.595s][debug][gc,phases      ] GC(64)     Dead                           Min: 0, Avg:  0.0, Max: 0, Diff: 0, Sum: 0, Workers: 4
[29.595s][debug][gc,phases      ] GC(64)     Total                          Min: 10176, Avg: 10887.0, Max: 11584, Diff: 1408, Sum: 43548, Workers: 4
[29.595s][debug][gc,phases      ] GC(64)   ResolvedMethodTable Weak       Min:  0.0, Avg:  0.0, Max:  0.0, Diff:  0.0, Sum:  0.1, Workers: 4
[29.595s][debug][gc,phases      ] GC(64)     Dead                           Min: 0, Avg:  0.0, Max: 0, Diff: 0, Sum: 0, Workers: 4
[29.595s][debug][gc,phases      ] GC(64)     Total                          Min: 1727, Avg: 1817.0, Max: 1920, Diff: 193, Sum: 7268, Workers: 4
[29.595s][debug][gc,phases      ] GC(64)   JNI Weak                       Min:  0.0, Avg:  0.0, Max:  0.0, Diff:  0.0, Sum:  0.0, Workers: 4
[29.595s][debug][gc,phases      ] GC(64)     Dead                           Min: 0, Avg:  0.0, Max: 0, Diff: 0, Sum: 0, Workers: 4
[29.595s][debug][gc,phases      ] GC(64)     Total                          Min: 0, Avg:  1.5, Max: 6, Diff: 6, Sum: 6, Workers: 4
[29.595s][debug][gc,phases      ] GC(64)   StringDedup Table Weak         Min:  0.0, Avg:  0.0, Max:  0.0, Diff:  0.0, Sum:  0.0, Workers: 4
[29.595s][debug][gc,phases      ] GC(64)     Dead                           Min: 0, Avg:  0.0, Max: 0, Diff: 0, Sum: 0, Workers: 4
[29.595s][debug][gc,phases      ] GC(64)     Total                          Min: 0, Avg:  0.0, Max: 0, Diff: 0, Sum: 0, Workers: 4
[29.595s][debug][gc,phases      ] GC(64)   StringDedup Requests0 Weak     Min:  0.0, Avg:  0.0, Max:  0.0, Diff:  0.0, Sum:  0.0, Workers: 4
[29.595s][debug][gc,phases      ] GC(64)     Dead                           Min: 0, Avg:  0.0, Max: 0, Diff: 0, Sum: 0, Workers: 4
[29.595s][debug][gc,phases      ] GC(64)     Total                          Min: 0, Avg:  0.0, Max: 0, Diff: 0, Sum: 0, Workers: 4
[29.595s][debug][gc,phases      ] GC(64)   StringDedup Requests1 Weak     Min:  0.0, Avg:  0.0, Max:  0.0, Diff:  0.0, Sum:  0.0, Workers: 4
[29.595s][debug][gc,phases      ] GC(64)     Dead                           Min: 0, Avg:  0.0, Max: 0, Diff: 0, Sum: 0, Workers: 4
[29.595s][debug][gc,phases      ] GC(64)     Total                          Min: 0, Avg:  0.0, Max: 0, Diff: 0, Sum: 0, Workers: 4
[29.595s][debug][gc,phases      ] GC(64)   Weak JFR Old Object Samples    Min:  0.0, Avg:  0.0, Max:  0.0, Diff:  0.0, Sum:  0.0, Workers: 4
[29.595s][debug][gc,phases      ] GC(64)     Dead                           Min: 0, Avg:  0.0, Max: 0, Diff: 0, Sum: 0, Workers: 4
[29.595s][debug][gc,phases      ] GC(64)     Total                          Min: 0, Avg:  0.0, Max: 0, Diff: 0, Sum: 0, Workers: 4
[29.595s][debug][gc,phases      ] GC(64) Weak Processing 0.337ms
[29.595s][debug][gc,age         ] GC(64) Desired survivor size 236978176 bytes, new threshold 15 (max threshold 15)
[29.595s][info ][gc,heap        ] GC(64) PSYoungGen: 1607040K(1837056K)->22224K(1865728K) Eden: 1585664K(1585664K)->0K(1624064K) From: 21376K(251392K)->22224K(241664K)
[29.595s][info ][gc,heap        ] GC(64) ParOldGen: 401279K(473088K)->401287K(473088K)
[29.595s][info ][gc,metaspace   ] GC(64) Metaspace: 70373K(71168K)->70373K(71168K) NonClass: 60223K(60672K)->60223K(60672K) Class: 10149K(10496K)->10149K(10496K)
[29.595s][info ][gc             ] GC(64) Pause Young (Allocation Failure) 1961M->413M(2284M) 12.060ms
[29.595s][info ][gc,cpu         ] GC(64) User=0.04s Sys=0.00s Real=0.01s
[29.595s][info ][safepoint      ] Safepoint "ParallelGCFailedAllocation", Time since last: 365308618 ns, Reaching safepoint: 218204 ns, At safepoint: 12178224 ns, Total: 12396428 ns
[29.959s][info ][safepoint      ] Safepoint "ParallelGCFailedAllocation", Time since last: 363011177 ns, Reaching safepoint: 330106 ns, At safepoint: 39101 ns, Total: 369207 ns
[29.961s][info ][gc,start       ] GC(65) Pause Young (Allocation Failure)
[29.972s][debug][gc,phases      ] GC(65) Scavenge 11.348ms
[29.973s][debug][gc,ref         ] GC(65) Skipped phase 1 of Reference Processing: no references
[29.973s][debug][gc,ref         ] GC(65) ReferenceProcessor::execute queues: 1, RefProcThreadModel::Single, marks_oops_alive: false
[29.973s][debug][gc,ref         ] GC(65) Skipped phase 3 of Reference Processing: no references
[29.973s][debug][gc,ref         ] GC(65) ReferenceProcessor::execute queues: 1, RefProcThreadModel::Single, marks_oops_alive: false
[29.973s][debug][gc,phases      ] GC(65) Reference Processing 0.154ms
[29.973s][debug][gc,phases      ] GC(65)   VM Weak                        Min:  0.0, Avg:  0.0, Max:  0.0, Diff:  0.0, Sum:  0.0, Workers: 4
[29.973s][debug][gc,phases      ] GC(65)     Dead                           Min: 0, Avg:  0.0, Max: 0, Diff: 0, Sum: 0, Workers: 4
[29.973s][debug][gc,phases      ] GC(65)     Total                          Min: 0, Avg: 150.8, Max: 256, Diff: 256, Sum: 603, Workers: 4
[29.973s][debug][gc,phases      ] GC(65)   ObjectSynchronizer Weak        Min:  0.0, Avg:  0.0, Max:  0.0, Diff:  0.0, Sum:  0.0, Workers: 4
[29.973s][debug][gc,phases      ] GC(65)     Dead                           Min: 0, Avg:  0.0, Max: 0, Diff: 0, Sum: 0, Workers: 4
[29.973s][debug][gc,phases      ] GC(65)     Total                          Min: 62, Avg: 95.5, Max: 128, Diff: 66, Sum: 382, Workers: 4
[29.973s][debug][gc,phases      ] GC(65)   JVMTI Tag Weak OopStorage      Min:  0.0, Avg:  0.0, Max:  0.0, Diff:  0.0, Sum:  0.0, Workers: 4
[29.973s][debug][gc,phases      ] GC(65)     Dead                           Min: 0, Avg:  0.0, Max: 0, Diff: 0, Sum: 0, Workers: 4
[29.973s][debug][gc,phases      ] GC(65)     Total                          Min: 0, Avg:  0.0, Max: 0, Diff: 0, Sum: 0, Workers: 4
[29.973s][debug][gc,phases      ] GC(65)   StringTable Weak               Min:  0.1, Avg:  0.1, Max:  0.1, Diff:  0.0, Sum:  0.4, Workers: 4
[29.973s][debug][gc,phases      ] GC(65)     Dead                           Min: 0, Avg:  0.0, Max: 0, Diff: 0, Sum: 0, Workers: 4
[29.973s][debug][gc,phases      ] GC(65)     Total                          Min: 10624, Avg: 10888.0, Max: 11072, Diff: 448, Sum: 43552, Workers: 4
[29.973s][debug][gc,phases      ] GC(65)   ResolvedMethodTable Weak       Min:  0.0, Avg:  0.0, Max:  0.0, Diff:  0.0, Sum:  0.1, Workers: 4
[29.973s][debug][gc,phases      ] GC(65)     Dead                           Min: 0, Avg:  0.0, Max: 0, Diff: 0, Sum: 0, Workers: 4
[29.973s][debug][gc,phases      ] GC(65)     Total                          Min: 1664, Avg: 1818.2, Max: 2089, Diff: 425, Sum: 7273, Workers: 4
[29.973s][debug][gc,phases      ] GC(65)   JNI Weak                       Min:  0.0, Avg:  0.0, Max:  0.0, Diff:  0.0, Sum:  0.0, Workers: 4
[29.973s][debug][gc,phases      ] GC(65)     Dead                           Min: 0, Avg:  0.0, Max: 0, Diff: 0, Sum: 0, Workers: 4
[29.973s][debug][gc,phases      ] GC(65)     Total                          Min: 0, Avg:  1.8, Max: 7, Diff: 7, Sum: 7, Workers: 4
[29.973s][debug][gc,phases      ] GC(65)   StringDedup Table Weak         Min:  0.0, Avg:  0.0, Max:  0.0, Diff:  0.0, Sum:  0.0, Workers: 4
[29.973s][debug][gc,phases      ] GC(65)     Dead                           Min: 0, Avg:  0.0, Max: 0, Diff: 0, Sum: 0, Workers: 4
[29.973s][debug][gc,phases      ] GC(65)     Total                          Min: 0, Avg:  0.0, Max: 0, Diff: 0, Sum: 0, Workers: 4
[29.973s][debug][gc,phases      ] GC(65)   StringDedup Requests0 Weak     Min:  0.0, Avg:  0.0, Max:  0.0, Diff:  0.0, Sum:  0.0, Workers: 4
[29.973s][debug][gc,phases      ] GC(65)     Dead                           Min: 0, Avg:  0.0, Max: 0, Diff: 0, Sum: 0, Workers: 4
[29.973s][debug][gc,phases      ] GC(65)     Total                          Min: 0, Avg:  0.0, Max: 0, Diff: 0, Sum: 0, Workers: 4
[29.973s][debug][gc,phases      ] GC(65)   StringDedup Requests1 Weak     Min:  0.0, Avg:  0.0, Max:  0.0, Diff:  0.0, Sum:  0.0, Workers: 4
[29.973s][debug][gc,phases      ] GC(65)     Dead                           Min: 0, Avg:  0.0, Max: 0, Diff: 0, Sum: 0, Workers: 4
[29.973s][debug][gc,phases      ] GC(65)     Total                          Min: 0, Avg:  0.0, Max: 0, Diff: 0, Sum: 0, Workers: 4
[29.973s][debug][gc,phases      ] GC(65)   Weak JFR Old Object Samples    Min:  0.0, Avg:  0.0, Max:  0.0, Diff:  0.0, Sum:  0.0, Workers: 4
[29.973s][debug][gc,phases      ] GC(65)     Dead                           Min: 0, Avg:  0.0, Max: 0, Diff: 0, Sum: 0, Workers: 4
[29.973s][debug][gc,phases      ] GC(65)     Total                          Min: 0, Avg:  0.0, Max: 0, Diff: 0, Sum: 0, Workers: 4
[29.973s][debug][gc,phases      ] GC(65) Weak Processing 0.339ms
[29.973s][debug][gc,age         ] GC(65) Desired survivor size 225968128 bytes, new threshold 15 (max threshold 15)
[29.973s][info ][gc,heap        ] GC(65) PSYoungGen: 1646288K(1865728K)->22016K(1855488K) Eden: 1624064K(1624064K)->0K(1624064K) From: 22224K(241664K)->22016K(231424K)
[29.973s][info ][gc,heap        ] GC(65) ParOldGen: 401288K(473088K)->401296K(473088K)
[29.973s][info ][gc,metaspace   ] GC(65) Metaspace: 70453K(71232K)->70453K(71232K) NonClass: 60302K(60736K)->60302K(60736K) Class: 10151K(10496K)->10151K(10496K)
[29.973s][info ][gc             ] GC(65) Pause Young (Allocation Failure) 1999M->413M(2274M) 11.983ms
[29.973s][info ][gc,cpu         ] GC(65) User=0.05s Sys=0.00s Real=0.01s
[29.973s][info ][safepoint      ] Safepoint "ParallelGCFailedAllocation", Time since last: 2368343 ns, Reaching safepoint: 111202 ns, At safepoint: 12107023 ns, Total: 12218225 ns
[30.291s][info ][safepoint      ] Safepoint "ParallelGCFailedAllocation", Time since last: 317778145 ns, Reaching safepoint: 155502 ns, At safepoint: 41001 ns, Total: 196503 ns
[30.298s][info ][gc,start       ] GC(66) Pause Young (GCLocker Initiated GC)
[30.307s][debug][gc,phases      ] GC(66) Scavenge 9.096ms
[30.307s][debug][gc,ref         ] GC(66) Skipped phase 1 of Reference Processing: no references
[30.307s][debug][gc,ref         ] GC(66) ReferenceProcessor::execute queues: 1, RefProcThreadModel::Single, marks_oops_alive: false
[30.307s][debug][gc,ref         ] GC(66) Skipped phase 3 of Reference Processing: no references
[30.307s][debug][gc,ref         ] GC(66) ReferenceProcessor::execute queues: 1, RefProcThreadModel::Single, marks_oops_alive: false
[30.307s][debug][gc,phases      ] GC(66) Reference Processing 0.144ms
[30.307s][debug][gc,phases      ] GC(66)   VM Weak                        Min:  0.0, Avg:  0.0, Max:  0.0, Diff:  0.0, Sum:  0.0, Workers: 4
[30.307s][debug][gc,phases      ] GC(66)     Dead                           Min: 0, Avg:  0.0, Max: 0, Diff: 0, Sum: 0, Workers: 4
[30.307s][debug][gc,phases      ] GC(66)     Total                          Min: 0, Avg: 150.8, Max: 603, Diff: 603, Sum: 603, Workers: 4
[30.307s][debug][gc,phases      ] GC(66)   ObjectSynchronizer Weak        Min:  0.0, Avg:  0.0, Max:  0.0, Diff:  0.0, Sum:  0.0, Workers: 4
[30.307s][debug][gc,phases      ] GC(66)     Dead                           Min: 0, Avg:  0.0, Max: 0, Diff: 0, Sum: 0, Workers: 4
[30.307s][debug][gc,phases      ] GC(66)     Total                          Min: 0, Avg: 95.5, Max: 318, Diff: 318, Sum: 382, Workers: 4
[30.307s][debug][gc,phases      ] GC(66)   JVMTI Tag Weak OopStorage      Min:  0.0, Avg:  0.0, Max:  0.0, Diff:  0.0, Sum:  0.0, Workers: 4
[30.307s][debug][gc,phases      ] GC(66)     Dead                           Min: 0, Avg:  0.0, Max: 0, Diff: 0, Sum: 0, Workers: 4
[30.307s][debug][gc,phases      ] GC(66)     Total                          Min: 0, Avg:  0.0, Max: 0, Diff: 0, Sum: 0, Workers: 4
[30.307s][debug][gc,phases      ] GC(66)   StringTable Weak               Min:  0.1, Avg:  0.1, Max:  0.1, Diff:  0.0, Sum:  0.4, Workers: 4
[30.307s][debug][gc,phases      ] GC(66)     Dead                           Min: 0, Avg:  0.0, Max: 0, Diff: 0, Sum: 0, Workers: 4
[30.307s][debug][gc,phases      ] GC(66)     Total                          Min: 9792, Avg: 10888.0, Max: 11808, Diff: 2016, Sum: 43552, Workers: 4
[30.307s][debug][gc,phases      ] GC(66)   ResolvedMethodTable Weak       Min:  0.0, Avg:  0.0, Max:  0.0, Diff:  0.0, Sum:  0.1, Workers: 4
[30.307s][debug][gc,phases      ] GC(66)     Dead                           Min: 0, Avg:  0.0, Max: 0, Diff: 0, Sum: 0, Workers: 4
[30.307s][debug][gc,phases      ] GC(66)     Total                          Min: 1600, Avg: 1818.2, Max: 2089, Diff: 489, Sum: 7273, Workers: 4
[30.307s][debug][gc,phases      ] GC(66)   JNI Weak                       Min:  0.0, Avg:  0.0, Max:  0.0, Diff:  0.0, Sum:  0.0, Workers: 4
[30.307s][debug][gc,phases      ] GC(66)     Dead                           Min: 0, Avg:  0.0, Max: 0, Diff: 0, Sum: 0, Workers: 4
[30.307s][debug][gc,phases      ] GC(66)     Total                          Min: 0, Avg:  1.0, Max: 4, Diff: 4, Sum: 4, Workers: 4
[30.307s][debug][gc,phases      ] GC(66)   StringDedup Table Weak         Min:  0.0, Avg:  0.0, Max:  0.0, Diff:  0.0, Sum:  0.0, Workers: 4
[30.307s][debug][gc,phases      ] GC(66)     Dead                           Min: 0, Avg:  0.0, Max: 0, Diff: 0, Sum: 0, Workers: 4
[30.307s][debug][gc,phases      ] GC(66)     Total                          Min: 0, Avg:  0.0, Max: 0, Diff: 0, Sum: 0, Workers: 4
[30.307s][debug][gc,phases      ] GC(66)   StringDedup Requests0 Weak     Min:  0.0, Avg:  0.0, Max:  0.0, Diff:  0.0, Sum:  0.0, Workers: 4
[30.307s][debug][gc,phases      ] GC(66)     Dead                           Min: 0, Avg:  0.0, Max: 0, Diff: 0, Sum: 0, Workers: 4
[30.307s][debug][gc,phases      ] GC(66)     Total                          Min: 0, Avg:  0.0, Max: 0, Diff: 0, Sum: 0, Workers: 4
[30.307s][debug][gc,phases      ] GC(66)   StringDedup Requests1 Weak     Min:  0.0, Avg:  0.0, Max:  0.0, Diff:  0.0, Sum:  0.0, Workers: 4
[30.307s][debug][gc,phases      ] GC(66)     Dead                           Min: 0, Avg:  0.0, Max: 0, Diff: 0, Sum: 0, Workers: 4
[30.308s][debug][gc,phases      ] GC(66)     Total                          Min: 0, Avg:  0.0, Max: 0, Diff: 0, Sum: 0, Workers: 4
[30.308s][debug][gc,phases      ] GC(66)   Weak JFR Old Object Samples    Min:  0.0, Avg:  0.0, Max:  0.0, Diff:  0.0, Sum:  0.0, Workers: 4
[30.308s][debug][gc,phases      ] GC(66)     Dead                           Min: 0, Avg:  0.0, Max: 0, Diff: 0, Sum: 0, Workers: 4
[30.308s][debug][gc,phases      ] GC(66)     Total                          Min: 0, Avg:  0.0, Max: 0, Diff: 0, Sum: 0, Workers: 4
[30.308s][debug][gc,phases      ] GC(66) Weak Processing 0.365ms
[30.308s][debug][gc,age         ] GC(66) Desired survivor size 216530944 bytes, new threshold 15 (max threshold 15)
[30.308s][info ][gc,heap        ] GC(66) PSYoungGen: 1646080K(1855488K)->16512K(1885696K) Eden: 1624064K(1624064K)->0K(1665024K) From: 22016K(231424K)->16512K(220672K)
[30.308s][info ][gc,heap        ] GC(66) ParOldGen: 401647K(473088K)->401655K(473088K)
[30.308s][info ][gc,metaspace   ] GC(66) Metaspace: 70458K(71232K)->70458K(71232K) NonClass: 60306K(60736K)->60306K(60736K) Class: 10151K(10496K)->10151K(10496K)
[30.308s][info ][gc             ] GC(66) Pause Young (GCLocker Initiated GC) 1999M->408M(2303M) 9.754ms
[30.308s][info ][gc,cpu         ] GC(66) User=0.05s Sys=0.00s Real=0.00s
[30.308s][info ][safepoint      ] Safepoint "ParallelGCSystemGC", Time since last: 6572121 ns, Reaching safepoint: 111802 ns, At safepoint: 9875182 ns, Total: 9986984 ns
[30.690s][info ][gc,start       ] GC(67) Pause Young (Allocation Failure)
[30.698s][debug][gc,phases      ] GC(67) Scavenge 8.092ms
[30.698s][debug][gc,ref         ] GC(67) Skipped phase 1 of Reference Processing: no references
[30.698s][debug][gc,ref         ] GC(67) ReferenceProcessor::execute queues: 1, RefProcThreadModel::Single, marks_oops_alive: false
[30.698s][debug][gc,ref         ] GC(67) Skipped phase 3 of Reference Processing: no references
[30.698s][debug][gc,ref         ] GC(67) ReferenceProcessor::execute queues: 1, RefProcThreadModel::Single, marks_oops_alive: false
[30.698s][debug][gc,phases      ] GC(67) Reference Processing 0.146ms
[30.698s][debug][gc,phases      ] GC(67)   VM Weak                        Min:  0.0, Avg:  0.0, Max:  0.0, Diff:  0.0, Sum:  0.0, Workers: 4
[30.698s][debug][gc,phases      ] GC(67)     Dead                           Min: 0, Avg:  0.0, Max: 0, Diff: 0, Sum: 0, Workers: 4
[30.698s][debug][gc,phases      ] GC(67)     Total                          Min: 0, Avg: 150.8, Max: 512, Diff: 512, Sum: 603, Workers: 4
[30.698s][debug][gc,phases      ] GC(67)   ObjectSynchronizer Weak        Min:  0.0, Avg:  0.0, Max:  0.0, Diff:  0.0, Sum:  0.0, Workers: 4
[30.698s][debug][gc,phases      ] GC(67)     Dead                           Min: 0, Avg:  0.0, Max: 0, Diff: 0, Sum: 0, Workers: 4
[30.698s][debug][gc,phases      ] GC(67)     Total                          Min: 0, Avg: 95.5, Max: 190, Diff: 190, Sum: 382, Workers: 4
[30.698s][debug][gc,phases      ] GC(67)   JVMTI Tag Weak OopStorage      Min:  0.0, Avg:  0.0, Max:  0.0, Diff:  0.0, Sum:  0.0, Workers: 4
[30.698s][debug][gc,phases      ] GC(67)     Dead                           Min: 0, Avg:  0.0, Max: 0, Diff: 0, Sum: 0, Workers: 4
[30.698s][debug][gc,phases      ] GC(67)     Total                          Min: 0, Avg:  0.0, Max: 0, Diff: 0, Sum: 0, Workers: 4
[30.698s][debug][gc,phases      ] GC(67)   StringTable Weak               Min:  0.1, Avg:  0.1, Max:  0.1, Diff:  0.0, Sum:  0.4, Workers: 4
[30.698s][debug][gc,phases      ] GC(67)     Dead                           Min: 0, Avg:  0.0, Max: 0, Diff: 0, Sum: 0, Workers: 4
[30.698s][debug][gc,phases      ] GC(67)     Total                          Min: 9984, Avg: 10890.5, Max: 11498, Diff: 1514, Sum: 43562, Workers: 4
[30.698s][debug][gc,phases      ] GC(67)   ResolvedMethodTable Weak       Min:  0.0, Avg:  0.0, Max:  0.0, Diff:  0.0, Sum:  0.1, Workers: 4
[30.698s][debug][gc,phases      ] GC(67)     Dead                           Min: 0, Avg:  0.0, Max: 0, Diff: 0, Sum: 0, Workers: 4
[30.698s][debug][gc,phases      ] GC(67)     Total                          Min: 1664, Avg: 1818.5, Max: 1984, Diff: 320, Sum: 7274, Workers: 4
[30.698s][debug][gc,phases      ] GC(67)   JNI Weak                       Min:  0.0, Avg:  0.0, Max:  0.0, Diff:  0.0, Sum:  0.0, Workers: 4
[30.698s][debug][gc,phases      ] GC(67)     Dead                           Min: 0, Avg:  0.0, Max: 0, Diff: 0, Sum: 0, Workers: 4
[30.698s][debug][gc,phases      ] GC(67)     Total                          Min: 0, Avg:  0.2, Max: 1, Diff: 1, Sum: 1, Workers: 4
[30.698s][debug][gc,phases      ] GC(67)   StringDedup Table Weak         Min:  0.0, Avg:  0.0, Max:  0.0, Diff:  0.0, Sum:  0.0, Workers: 4
[30.698s][debug][gc,phases      ] GC(67)     Dead                           Min: 0, Avg:  0.0, Max: 0, Diff: 0, Sum: 0, Workers: 4
[30.698s][debug][gc,phases      ] GC(67)     Total                          Min: 0, Avg:  0.0, Max: 0, Diff: 0, Sum: 0, Workers: 4
[30.698s][debug][gc,phases      ] GC(67)   StringDedup Requests0 Weak     Min:  0.0, Avg:  0.0, Max:  0.0, Diff:  0.0, Sum:  0.0, Workers: 4
[30.698s][debug][gc,phases      ] GC(67)     Dead                           Min: 0, Avg:  0.0, Max: 0, Diff: 0, Sum: 0, Workers: 4
[30.698s][debug][gc,phases      ] GC(67)     Total                          Min: 0, Avg:  0.0, Max: 0, Diff: 0, Sum: 0, Workers: 4
[30.698s][debug][gc,phases      ] GC(67)   StringDedup Requests1 Weak     Min:  0.0, Avg:  0.0, Max:  0.0, Diff:  0.0, Sum:  0.0, Workers: 4
[30.698s][debug][gc,phases      ] GC(67)     Dead                           Min: 0, Avg:  0.0, Max: 0, Diff: 0, Sum: 0, Workers: 4
[30.698s][debug][gc,phases      ] GC(67)     Total                          Min: 0, Avg:  0.0, Max: 0, Diff: 0, Sum: 0, Workers: 4
[30.698s][debug][gc,phases      ] GC(67)   Weak JFR Old Object Samples    Min:  0.0, Avg:  0.0, Max:  0.0, Diff:  0.0, Sum:  0.0, Workers: 4
[30.698s][debug][gc,phases      ] GC(67)     Dead                           Min: 0, Avg:  0.0, Max: 0, Diff: 0, Sum: 0, Workers: 4
[30.698s][debug][gc,phases      ] GC(67)     Total                          Min: 0, Avg:  0.0, Max: 0, Diff: 0, Sum: 0, Workers: 4
[30.698s][debug][gc,phases      ] GC(67) Weak Processing 0.328ms
[30.698s][debug][gc,age         ] GC(67) Desired survivor size 206569472 bytes, new threshold 15 (max threshold 15)
[30.698s][info ][gc,heap        ] GC(67) PSYoungGen: 1681536K(1885696K)->14688K(1876480K) Eden: 1665024K(1665024K)->0K(1665024K) From: 16512K(220672K)->14688K(211456K)
[30.698s][info ][gc,heap        ] GC(67) ParOldGen: 401656K(473088K)->401664K(473088K)
[30.698s][info ][gc,metaspace   ] GC(67) Metaspace: 70499K(71232K)->70499K(71232K) NonClass: 60340K(60736K)->60340K(60736K) Class: 10158K(10496K)->10158K(10496K)
[30.698s][info ][gc             ] GC(67) Pause Young (Allocation Failure) 2034M->406M(2294M) 8.708ms
[30.698s][info ][gc,cpu         ] GC(67) User=0.03s Sys=0.00s Real=0.01s
[30.698s][info ][safepoint      ] Safepoint "ParallelGCFailedAllocation", Time since last: 381210711 ns, Reaching safepoint: 596011 ns, At safepoint: 8809162 ns, Total: 9405173 ns
[31.018s][info ][gc,start       ] GC(68) Pause Young (Allocation Failure)
[31.025s][debug][gc,phases      ] GC(68) Scavenge 7.018ms
[31.025s][debug][gc,ref         ] GC(68) Skipped phase 1 of Reference Processing: no references
[31.025s][debug][gc,ref         ] GC(68) ReferenceProcessor::execute queues: 1, RefProcThreadModel::Single, marks_oops_alive: false
[31.025s][debug][gc,ref         ] GC(68) Skipped phase 3 of Reference Processing: no references
[31.025s][debug][gc,ref         ] GC(68) ReferenceProcessor::execute queues: 1, RefProcThreadModel::Single, marks_oops_alive: false
[31.025s][debug][gc,phases      ] GC(68) Reference Processing 0.164ms
[31.025s][debug][gc,phases      ] GC(68)   VM Weak                        Min:  0.0, Avg:  0.0, Max:  0.0, Diff:  0.0, Sum:  0.0, Workers: 4
[31.025s][debug][gc,phases      ] GC(68)     Dead                           Min: 0, Avg:  0.0, Max: 0, Diff: 0, Sum: 0, Workers: 4
[31.025s][debug][gc,phases      ] GC(68)     Total                          Min: 0, Avg: 150.8, Max: 347, Diff: 347, Sum: 603, Workers: 4
[31.025s][debug][gc,phases      ] GC(68)   ObjectSynchronizer Weak        Min:  0.0, Avg:  0.0, Max:  0.0, Diff:  0.0, Sum:  0.0, Workers: 4
[31.025s][debug][gc,phases      ] GC(68)     Dead                           Min: 0, Avg:  0.0, Max: 0, Diff: 0, Sum: 0, Workers: 4
[31.025s][debug][gc,phases      ] GC(68)     Total                          Min: 0, Avg: 95.5, Max: 192, Diff: 192, Sum: 382, Workers: 4
[31.025s][debug][gc,phases      ] GC(68)   JVMTI Tag Weak OopStorage      Min:  0.0, Avg:  0.0, Max:  0.0, Diff:  0.0, Sum:  0.0, Workers: 4
[31.025s][debug][gc,phases      ] GC(68)     Dead                           Min: 0, Avg:  0.0, Max: 0, Diff: 0, Sum: 0, Workers: 4
[31.025s][debug][gc,phases      ] GC(68)     Total                          Min: 0, Avg:  0.0, Max: 0, Diff: 0, Sum: 0, Workers: 4
[31.025s][debug][gc,phases      ] GC(68)   StringTable Weak               Min:  0.1, Avg:  0.1, Max:  0.1, Diff:  0.0, Sum:  0.4, Workers: 4
[31.025s][debug][gc,phases      ] GC(68)     Dead                           Min: 0, Avg:  0.0, Max: 0, Diff: 0, Sum: 0, Workers: 4
[31.025s][debug][gc,phases      ] GC(68)     Total                          Min: 10410, Avg: 10890.5, Max: 11328, Diff: 918, Sum: 43562, Workers: 4
[31.025s][debug][gc,phases      ] GC(68)   ResolvedMethodTable Weak       Min:  0.0, Avg:  0.0, Max:  0.0, Diff:  0.0, Sum:  0.1, Workers: 4
[31.025s][debug][gc,phases      ] GC(68)     Dead                           Min: 0, Avg:  0.0, Max: 0, Diff: 0, Sum: 0, Workers: 4
[31.025s][debug][gc,phases      ] GC(68)     Total                          Min: 1600, Avg: 1818.5, Max: 2112, Diff: 512, Sum: 7274, Workers: 4
[31.025s][debug][gc,phases      ] GC(68)   JNI Weak                       Min:  0.0, Avg:  0.0, Max:  0.0, Diff:  0.0, Sum:  0.0, Workers: 4
[31.025s][debug][gc,phases      ] GC(68)     Dead                           Min: 0, Avg:  0.0, Max: 0, Diff: 0, Sum: 0, Workers: 4
[31.025s][debug][gc,phases      ] GC(68)     Total                          Min: 0, Avg:  0.0, Max: 0, Diff: 0, Sum: 0, Workers: 4
[31.025s][debug][gc,phases      ] GC(68)   StringDedup Table Weak         Min:  0.0, Avg:  0.0, Max:  0.0, Diff:  0.0, Sum:  0.0, Workers: 4
[31.025s][debug][gc,phases      ] GC(68)     Dead                           Min: 0, Avg:  0.0, Max: 0, Diff: 0, Sum: 0, Workers: 4
[31.025s][debug][gc,phases      ] GC(68)     Total                          Min: 0, Avg:  0.0, Max: 0, Diff: 0, Sum: 0, Workers: 4
[31.025s][debug][gc,phases      ] GC(68)   StringDedup Requests0 Weak     Min:  0.0, Avg:  0.0, Max:  0.0, Diff:  0.0, Sum:  0.0, Workers: 4
[31.025s][debug][gc,phases      ] GC(68)     Dead                           Min: 0, Avg:  0.0, Max: 0, Diff: 0, Sum: 0, Workers: 4
[31.025s][debug][gc,phases      ] GC(68)     Total                          Min: 0, Avg:  0.0, Max: 0, Diff: 0, Sum: 0, Workers: 4
[31.025s][debug][gc,phases      ] GC(68)   StringDedup Requests1 Weak     Min:  0.0, Avg:  0.0, Max:  0.0, Diff:  0.0, Sum:  0.0, Workers: 4
[31.025s][debug][gc,phases      ] GC(68)     Dead                           Min: 0, Avg:  0.0, Max: 0, Diff: 0, Sum: 0, Workers: 4
[31.025s][debug][gc,phases      ] GC(68)     Total                          Min: 0, Avg:  0.0, Max: 0, Diff: 0, Sum: 0, Workers: 4
[31.025s][debug][gc,phases      ] GC(68)   Weak JFR Old Object Samples    Min:  0.0, Avg:  0.0, Max:  0.0, Diff:  0.0, Sum:  0.0, Workers: 4
[31.025s][debug][gc,phases      ] GC(68)     Dead                           Min: 0, Avg:  0.0, Max: 0, Diff: 0, Sum: 0, Workers: 4
[31.025s][debug][gc,phases      ] GC(68)     Total                          Min: 0, Avg:  0.0, Max: 0, Diff: 0, Sum: 0, Workers: 4
[31.025s][debug][gc,phases      ] GC(68) Weak Processing 0.300ms
[31.025s][debug][gc,age         ] GC(68) Desired survivor size 197132288 bytes, new threshold 15 (max threshold 15)
[31.025s][info ][gc,heap        ] GC(68) PSYoungGen: 1679712K(1876480K)->14912K(1904640K) Eden: 1665024K(1665024K)->0K(1702912K) From: 14688K(211456K)->14912K(201728K)
[31.025s][info ][gc,heap        ] GC(68) ParOldGen: 401664K(473088K)->401664K(473088K)
[31.025s][info ][gc,metaspace   ] GC(68) Metaspace: 70511K(71232K)->70511K(71232K) NonClass: 60353K(60736K)->60353K(60736K) Class: 10158K(10496K)->10158K(10496K)
[31.025s][info ][gc             ] GC(68) Pause Young (Allocation Failure) 2032M->406M(2322M) 7.622ms
[31.025s][info ][gc,cpu         ] GC(68) User=0.02s Sys=0.01s Real=0.00s
[31.025s][info ][safepoint      ] Safepoint "ParallelGCFailedAllocation", Time since last: 318993567 ns, Reaching safepoint: 191304 ns, At safepoint: 7740542 ns, Total: 7931846 ns
[31.356s][info ][gc,start       ] GC(69) Pause Young (Allocation Failure)
[31.364s][debug][gc,phases      ] GC(69) Scavenge 7.560ms
[31.364s][debug][gc,ref         ] GC(69) Skipped phase 1 of Reference Processing: no references
[31.364s][debug][gc,ref         ] GC(69) ReferenceProcessor::execute queues: 1, RefProcThreadModel::Single, marks_oops_alive: false
[31.364s][debug][gc,ref         ] GC(69) Skipped phase 3 of Reference Processing: no references
[31.364s][debug][gc,ref         ] GC(69) ReferenceProcessor::execute queues: 1, RefProcThreadModel::Single, marks_oops_alive: false
[31.364s][debug][gc,phases      ] GC(69) Reference Processing 0.146ms
[31.364s][debug][gc,phases      ] GC(69)   VM Weak                        Min:  0.0, Avg:  0.0, Max:  0.0, Diff:  0.0, Sum:  0.0, Workers: 4
[31.364s][debug][gc,phases      ] GC(69)     Dead                           Min: 0, Avg:  0.0, Max: 0, Diff: 0, Sum: 0, Workers: 4
[31.364s][debug][gc,phases      ] GC(69)     Total                          Min: 0, Avg: 150.8, Max: 512, Diff: 512, Sum: 603, Workers: 4
[31.364s][debug][gc,phases      ] GC(69)   ObjectSynchronizer Weak        Min:  0.0, Avg:  0.0, Max:  0.0, Diff:  0.0, Sum:  0.0, Workers: 4
[31.364s][debug][gc,phases      ] GC(69)     Dead                           Min: 0, Avg:  0.0, Max: 0, Diff: 0, Sum: 0, Workers: 4
[31.364s][debug][gc,phases      ] GC(69)     Total                          Min: 0, Avg: 95.5, Max: 128, Diff: 128, Sum: 382, Workers: 4
[31.364s][debug][gc,phases      ] GC(69)   JVMTI Tag Weak OopStorage      Min:  0.0, Avg:  0.0, Max:  0.0, Diff:  0.0, Sum:  0.0, Workers: 4
[31.364s][debug][gc,phases      ] GC(69)     Dead                           Min: 0, Avg:  0.0, Max: 0, Diff: 0, Sum: 0, Workers: 4
[31.364s][debug][gc,phases      ] GC(69)     Total                          Min: 0, Avg:  0.0, Max: 0, Diff: 0, Sum: 0, Workers: 4
[31.364s][debug][gc,phases      ] GC(69)   StringTable Weak               Min:  0.1, Avg:  0.1, Max:  0.1, Diff:  0.0, Sum:  0.5, Workers: 4
[31.364s][debug][gc,phases      ] GC(69)     Dead                           Min: 0, Avg:  0.0, Max: 0, Diff: 0, Sum: 0, Workers: 4
[31.364s][debug][gc,phases      ] GC(69)     Total                          Min: 10176, Avg: 10891.0, Max: 11328, Diff: 1152, Sum: 43564, Workers: 4
[31.364s][debug][gc,phases      ] GC(69)   ResolvedMethodTable Weak       Min:  0.0, Avg:  0.0, Max:  0.0, Diff:  0.0, Sum:  0.1, Workers: 4
[31.364s][debug][gc,phases      ] GC(69)     Dead                           Min: 0, Avg:  0.0, Max: 0, Diff: 0, Sum: 0, Workers: 4
[31.364s][debug][gc,phases      ] GC(69)     Total                          Min: 1664, Avg: 1818.5, Max: 2090, Diff: 426, Sum: 7274, Workers: 4
[31.364s][debug][gc,phases      ] GC(69)   JNI Weak                       Min:  0.0, Avg:  0.0, Max:  0.0, Diff:  0.0, Sum:  0.0, Workers: 4
[31.364s][debug][gc,phases      ] GC(69)     Dead                           Min: 0, Avg:  0.0, Max: 0, Diff: 0, Sum: 0, Workers: 4
[31.364s][debug][gc,phases      ] GC(69)     Total                          Min: 0, Avg:  1.0, Max: 4, Diff: 4, Sum: 4, Workers: 4
[31.364s][debug][gc,phases      ] GC(69)   StringDedup Table Weak         Min:  0.0, Avg:  0.0, Max:  0.0, Diff:  0.0, Sum:  0.0, Workers: 4
[31.364s][debug][gc,phases      ] GC(69)     Dead                           Min: 0, Avg:  0.0, Max: 0, Diff: 0, Sum: 0, Workers: 4
[31.364s][debug][gc,phases      ] GC(69)     Total                          Min: 0, Avg:  0.0, Max: 0, Diff: 0, Sum: 0, Workers: 4
[31.364s][debug][gc,phases      ] GC(69)   StringDedup Requests0 Weak     Min:  0.0, Avg:  0.0, Max:  0.0, Diff:  0.0, Sum:  0.0, Workers: 4
[31.364s][debug][gc,phases      ] GC(69)     Dead                           Min: 0, Avg:  0.0, Max: 0, Diff: 0, Sum: 0, Workers: 4
[31.364s][debug][gc,phases      ] GC(69)     Total                          Min: 0, Avg:  0.0, Max: 0, Diff: 0, Sum: 0, Workers: 4
[31.364s][debug][gc,phases      ] GC(69)   StringDedup Requests1 Weak     Min:  0.0, Avg:  0.0, Max:  0.0, Diff:  0.0, Sum:  0.0, Workers: 4
[31.364s][debug][gc,phases      ] GC(69)     Dead                           Min: 0, Avg:  0.0, Max: 0, Diff: 0, Sum: 0, Workers: 4
[31.364s][debug][gc,phases      ] GC(69)     Total                          Min: 0, Avg:  0.0, Max: 0, Diff: 0, Sum: 0, Workers: 4
[31.364s][debug][gc,phases      ] GC(69)   Weak JFR Old Object Samples    Min:  0.0, Avg:  0.0, Max:  0.0, Diff:  0.0, Sum:  0.0, Workers: 4
[31.364s][debug][gc,phases      ] GC(69)     Dead                           Min: 0, Avg:  0.0, Max: 0, Diff: 0, Sum: 0, Workers: 4
[31.364s][debug][gc,phases      ] GC(69)     Total                          Min: 0, Avg:  0.0, Max: 0, Diff: 0, Sum: 0, Workers: 4
[31.364s][debug][gc,phases      ] GC(69) Weak Processing 0.407ms
[31.364s][debug][gc,age         ] GC(69) Desired survivor size 187695104 bytes, new threshold 15 (max threshold 15)
[31.364s][info ][gc,heap        ] GC(69) PSYoungGen: 1717824K(1904640K)->15040K(1895424K) Eden: 1702912K(1702912K)->0K(1702912K) From: 14912K(201728K)->15040K(192512K)
[31.364s][info ][gc,heap        ] GC(69) ParOldGen: 401664K(473088K)->401672K(473088K)
[31.364s][info ][gc,metaspace   ] GC(69) Metaspace: 70537K(71296K)->70537K(71296K) NonClass: 60378K(60800K)->60378K(60800K) Class: 10159K(10496K)->10159K(10496K)
[31.364s][info ][gc             ] GC(69) Pause Young (Allocation Failure) 2069M->406M(2313M) 8.266ms
[31.364s][info ][gc,cpu         ] GC(69) User=0.03s Sys=0.00s Real=0.01s
[31.365s][info ][safepoint      ] Safepoint "ParallelGCFailedAllocation", Time since last: 330751484 ns, Reaching safepoint: 154402 ns, At safepoint: 8395555 ns, Total: 8549957 ns
[31.690s][info ][gc,start       ] GC(70) Pause Young (Allocation Failure)
[31.698s][debug][gc,phases      ] GC(70) Scavenge 7.174ms
[31.698s][debug][gc,ref         ] GC(70) Skipped phase 1 of Reference Processing: no references
[31.698s][debug][gc,ref         ] GC(70) ReferenceProcessor::execute queues: 1, RefProcThreadModel::Single, marks_oops_alive: false
[31.698s][debug][gc,ref         ] GC(70) Skipped phase 3 of Reference Processing: no references
[31.698s][debug][gc,ref         ] GC(70) ReferenceProcessor::execute queues: 1, RefProcThreadModel::Single, marks_oops_alive: false
[31.698s][debug][gc,phases      ] GC(70) Reference Processing 0.137ms
[31.698s][debug][gc,phases      ] GC(70)   VM Weak                        Min:  0.0, Avg:  0.0, Max:  0.0, Diff:  0.0, Sum:  0.0, Workers: 4
[31.698s][debug][gc,phases      ] GC(70)     Dead                           Min: 0, Avg:  0.0, Max: 0, Diff: 0, Sum: 0, Workers: 4
[31.698s][debug][gc,phases      ] GC(70)     Total                          Min: 0, Avg: 150.8, Max: 320, Diff: 320, Sum: 603, Workers: 4
[31.698s][debug][gc,phases      ] GC(70)   ObjectSynchronizer Weak        Min:  0.0, Avg:  0.0, Max:  0.0, Diff:  0.0, Sum:  0.0, Workers: 4
[31.698s][debug][gc,phases      ] GC(70)     Dead                           Min: 0, Avg:  0.0, Max: 0, Diff: 0, Sum: 0, Workers: 4
[31.698s][debug][gc,phases      ] GC(70)     Total                          Min: 0, Avg: 95.5, Max: 254, Diff: 254, Sum: 382, Workers: 4
[31.698s][debug][gc,phases      ] GC(70)   JVMTI Tag Weak OopStorage      Min:  0.0, Avg:  0.0, Max:  0.0, Diff:  0.0, Sum:  0.0, Workers: 4
[31.698s][debug][gc,phases      ] GC(70)     Dead                           Min: 0, Avg:  0.0, Max: 0, Diff: 0, Sum: 0, Workers: 4
[31.698s][debug][gc,phases      ] GC(70)     Total                          Min: 0, Avg:  0.0, Max: 0, Diff: 0, Sum: 0, Workers: 4
[31.698s][debug][gc,phases      ] GC(70)   StringTable Weak               Min:  0.1, Avg:  0.1, Max:  0.1, Diff:  0.0, Sum:  0.4, Workers: 4
[31.698s][debug][gc,phases      ] GC(70)     Dead                           Min: 0, Avg:  0.0, Max: 0, Diff: 0, Sum: 0, Workers: 4
[31.698s][debug][gc,phases      ] GC(70)     Total                          Min: 9984, Avg: 10898.8, Max: 12480, Diff: 2496, Sum: 43595, Workers: 4
[31.698s][debug][gc,phases      ] GC(70)   ResolvedMethodTable Weak       Min:  0.0, Avg:  0.0, Max:  0.0, Diff:  0.0, Sum:  0.1, Workers: 4
[31.698s][debug][gc,phases      ] GC(70)     Dead                           Min: 0, Avg:  0.0, Max: 0, Diff: 0, Sum: 0, Workers: 4
[31.698s][debug][gc,phases      ] GC(70)     Total                          Min: 1600, Avg: 1818.5, Max: 2026, Diff: 426, Sum: 7274, Workers: 4
[31.698s][debug][gc,phases      ] GC(70)   JNI Weak                       Min:  0.0, Avg:  0.0, Max:  0.0, Diff:  0.0, Sum:  0.0, Workers: 4
[31.698s][debug][gc,phases      ] GC(70)     Dead                           Min: 0, Avg:  0.0, Max: 0, Diff: 0, Sum: 0, Workers: 4
[31.698s][debug][gc,phases      ] GC(70)     Total                          Min: 0, Avg:  0.0, Max: 0, Diff: 0, Sum: 0, Workers: 4
[31.698s][debug][gc,phases      ] GC(70)   StringDedup Table Weak         Min:  0.0, Avg:  0.0, Max:  0.0, Diff:  0.0, Sum:  0.0, Workers: 4
[31.698s][debug][gc,phases      ] GC(70)     Dead                           Min: 0, Avg:  0.0, Max: 0, Diff: 0, Sum: 0, Workers: 4
[31.698s][debug][gc,phases      ] GC(70)     Total                          Min: 0, Avg:  0.0, Max: 0, Diff: 0, Sum: 0, Workers: 4
[31.698s][debug][gc,phases      ] GC(70)   StringDedup Requests0 Weak     Min:  0.0, Avg:  0.0, Max:  0.0, Diff:  0.0, Sum:  0.0, Workers: 4
[31.698s][debug][gc,phases      ] GC(70)     Dead                           Min: 0, Avg:  0.0, Max: 0, Diff: 0, Sum: 0, Workers: 4
[31.698s][debug][gc,phases      ] GC(70)     Total                          Min: 0, Avg:  0.0, Max: 0, Diff: 0, Sum: 0, Workers: 4
[31.698s][debug][gc,phases      ] GC(70)   StringDedup Requests1 Weak     Min:  0.0, Avg:  0.0, Max:  0.0, Diff:  0.0, Sum:  0.0, Workers: 4
[31.698s][debug][gc,phases      ] GC(70)     Dead                           Min: 0, Avg:  0.0, Max: 0, Diff: 0, Sum: 0, Workers: 4
[31.698s][debug][gc,phases      ] GC(70)     Total                          Min: 0, Avg:  0.0, Max: 0, Diff: 0, Sum: 0, Workers: 4
[31.698s][debug][gc,phases      ] GC(70)   Weak JFR Old Object Samples    Min:  0.0, Avg:  0.0, Max:  0.0, Diff:  0.0, Sum:  0.0, Workers: 4
[31.698s][debug][gc,phases      ] GC(70)     Dead                           Min: 0, Avg:  0.0, Max: 0, Diff: 0, Sum: 0, Workers: 4
[31.698s][debug][gc,phases      ] GC(70)     Total                          Min: 0, Avg:  0.0, Max: 0, Diff: 0, Sum: 0, Workers: 4
[31.698s][debug][gc,phases      ] GC(70) Weak Processing 0.307ms
[31.698s][debug][gc,age         ] GC(70) Desired survivor size 177733632 bytes, new threshold 15 (max threshold 15)
[31.698s][info ][gc,heap        ] GC(70) PSYoungGen: 1717952K(1895424K)->15200K(1923584K) Eden: 1702912K(1702912K)->0K(1740288K) From: 15040K(192512K)->15200K(183296K)
[31.698s][info ][gc,heap        ] GC(70) ParOldGen: 401672K(473088K)->401672K(473088K)
[31.698s][info ][gc,metaspace   ] GC(70) Metaspace: 70575K(71296K)->70575K(71296K) NonClass: 60413K(60800K)->60413K(60800K) Class: 10162K(10496K)->10162K(10496K)
[31.698s][info ][gc             ] GC(70) Pause Young (Allocation Failure) 2069M->407M(2340M) 7.752ms
[31.698s][info ][gc,cpu         ] GC(70) User=0.02s Sys=0.00s Real=0.01s
[31.698s][info ][safepoint      ] Safepoint "ParallelGCFailedAllocation", Time since last: 325594888 ns, Reaching safepoint: 150503 ns, At safepoint: 7864745 ns, Total: 8015248 ns
[32.046s][info ][gc,start       ] GC(71) Pause Young (Allocation Failure)
[32.053s][debug][gc,phases      ] GC(71) Scavenge 7.610ms
[32.053s][debug][gc,ref         ] GC(71) Skipped phase 1 of Reference Processing: no references
[32.054s][debug][gc,ref         ] GC(71) ReferenceProcessor::execute queues: 1, RefProcThreadModel::Single, marks_oops_alive: false
[32.054s][debug][gc,ref         ] GC(71) Skipped phase 3 of Reference Processing: no references
[32.054s][debug][gc,ref         ] GC(71) ReferenceProcessor::execute queues: 1, RefProcThreadModel::Single, marks_oops_alive: false
[32.054s][debug][gc,phases      ] GC(71) Reference Processing 0.141ms
[32.054s][debug][gc,phases      ] GC(71)   VM Weak                        Min:  0.0, Avg:  0.0, Max:  0.0, Diff:  0.0, Sum:  0.0, Workers: 4
[32.054s][debug][gc,phases      ] GC(71)     Dead                           Min: 0, Avg:  0.0, Max: 0, Diff: 0, Sum: 0, Workers: 4
[32.054s][debug][gc,phases      ] GC(71)     Total                          Min: 0, Avg: 150.8, Max: 448, Diff: 448, Sum: 603, Workers: 4
[32.054s][debug][gc,phases      ] GC(71)   ObjectSynchronizer Weak        Min:  0.0, Avg:  0.0, Max:  0.0, Diff:  0.0, Sum:  0.0, Workers: 4
[32.054s][debug][gc,phases      ] GC(71)     Dead                           Min: 0, Avg:  0.0, Max: 0, Diff: 0, Sum: 0, Workers: 4
[32.054s][debug][gc,phases      ] GC(71)     Total                          Min: 0, Avg: 95.5, Max: 192, Diff: 192, Sum: 382, Workers: 4
[32.054s][debug][gc,phases      ] GC(71)   JVMTI Tag Weak OopStorage      Min:  0.0, Avg:  0.0, Max:  0.0, Diff:  0.0, Sum:  0.0, Workers: 4
[32.054s][debug][gc,phases      ] GC(71)     Dead                           Min: 0, Avg:  0.0, Max: 0, Diff: 0, Sum: 0, Workers: 4
[32.054s][debug][gc,phases      ] GC(71)     Total                          Min: 0, Avg:  0.0, Max: 0, Diff: 0, Sum: 0, Workers: 4
[32.054s][debug][gc,phases      ] GC(71)   StringTable Weak               Min:  0.1, Avg:  0.1, Max:  0.1, Diff:  0.0, Sum:  0.4, Workers: 4
[32.054s][debug][gc,phases      ] GC(71)     Dead                           Min: 0, Avg:  0.0, Max: 0, Diff: 0, Sum: 0, Workers: 4
[32.054s][debug][gc,phases      ] GC(71)     Total                          Min: 9792, Avg: 10899.2, Max: 12032, Diff: 2240, Sum: 43597, Workers: 4
[32.054s][debug][gc,phases      ] GC(71)   ResolvedMethodTable Weak       Min:  0.0, Avg:  0.0, Max:  0.0, Diff:  0.0, Sum:  0.1, Workers: 4
[32.054s][debug][gc,phases      ] GC(71)     Dead                           Min: 0, Avg:  0.0, Max: 0, Diff: 0, Sum: 0, Workers: 4
[32.054s][debug][gc,phases      ] GC(71)     Total                          Min: 1536, Avg: 1818.5, Max: 2240, Diff: 704, Sum: 7274, Workers: 4
[32.054s][debug][gc,phases      ] GC(71)   JNI Weak                       Min:  0.0, Avg:  0.0, Max:  0.0, Diff:  0.0, Sum:  0.0, Workers: 4
[32.054s][debug][gc,phases      ] GC(71)     Dead                           Min: 0, Avg:  0.0, Max: 0, Diff: 0, Sum: 0, Workers: 4
[32.054s][debug][gc,phases      ] GC(71)     Total                          Min: 0, Avg:  0.0, Max: 0, Diff: 0, Sum: 0, Workers: 4
[32.054s][debug][gc,phases      ] GC(71)   StringDedup Table Weak         Min:  0.0, Avg:  0.0, Max:  0.0, Diff:  0.0, Sum:  0.0, Workers: 4
[32.054s][debug][gc,phases      ] GC(71)     Dead                           Min: 0, Avg:  0.0, Max: 0, Diff: 0, Sum: 0, Workers: 4
[32.054s][debug][gc,phases      ] GC(71)     Total                          Min: 0, Avg:  0.0, Max: 0, Diff: 0, Sum: 0, Workers: 4
[32.054s][debug][gc,phases      ] GC(71)   StringDedup Requests0 Weak     Min:  0.0, Avg:  0.0, Max:  0.0, Diff:  0.0, Sum:  0.0, Workers: 4
[32.054s][debug][gc,phases      ] GC(71)     Dead                           Min: 0, Avg:  0.0, Max: 0, Diff: 0, Sum: 0, Workers: 4
[32.054s][debug][gc,phases      ] GC(71)     Total                          Min: 0, Avg:  0.0, Max: 0, Diff: 0, Sum: 0, Workers: 4
[32.054s][debug][gc,phases      ] GC(71)   StringDedup Requests1 Weak     Min:  0.0, Avg:  0.0, Max:  0.0, Diff:  0.0, Sum:  0.0, Workers: 4
[32.054s][debug][gc,phases      ] GC(71)     Dead                           Min: 0, Avg:  0.0, Max: 0, Diff: 0, Sum: 0, Workers: 4
[32.054s][debug][gc,phases      ] GC(71)     Total                          Min: 0, Avg:  0.0, Max: 0, Diff: 0, Sum: 0, Workers: 4
[32.054s][debug][gc,phases      ] GC(71)   Weak JFR Old Object Samples    Min:  0.0, Avg:  0.0, Max:  0.0, Diff:  0.0, Sum:  0.0, Workers: 4
[32.054s][debug][gc,phases      ] GC(71)     Dead                           Min: 0, Avg:  0.0, Max: 0, Diff: 0, Sum: 0, Workers: 4
[32.054s][debug][gc,phases      ] GC(71)     Total                          Min: 0, Avg:  0.0, Max: 0, Diff: 0, Sum: 0, Workers: 4
[32.054s][debug][gc,phases      ] GC(71) Weak Processing 0.366ms
[32.054s][debug][gc,age         ] GC(71) Desired survivor size 168296448 bytes, new threshold 15 (max threshold 15)
[32.054s][info ][gc,heap        ] GC(71) PSYoungGen: 1755488K(1923584K)->15424K(1913856K) Eden: 1740288K(1740288K)->0K(1740288K) From: 15200K(183296K)->15424K(173568K)
[32.054s][info ][gc,heap        ] GC(71) ParOldGen: 401672K(473088K)->401672K(473088K)
[32.054s][info ][gc,metaspace   ] GC(71) Metaspace: 70621K(71360K)->70621K(71360K) NonClass: 60459K(60864K)->60459K(60864K) Class: 10162K(10496K)->10162K(10496K)
[32.054s][info ][gc             ] GC(71) Pause Young (Allocation Failure) 2106M->407M(2331M) 8.251ms
[32.054s][info ][gc,cpu         ] GC(71) User=0.03s Sys=0.00s Real=0.01s
[32.054s][info ][safepoint      ] Safepoint "ParallelGCFailedAllocation", Time since last: 344334733 ns, Reaching safepoint: 3272160 ns, At safepoint: 8366254 ns, Total: 11638414 ns
[32.538s][info ][gc,start       ] GC(72) Pause Young (Allocation Failure)
[32.545s][debug][gc,phases      ] GC(72) Scavenge 7.766ms
[32.546s][debug][gc,ref         ] GC(72) Skipped phase 1 of Reference Processing: no references
[32.546s][debug][gc,ref         ] GC(72) ReferenceProcessor::execute queues: 1, RefProcThreadModel::Single, marks_oops_alive: false
[32.546s][debug][gc,ref         ] GC(72) Skipped phase 3 of Reference Processing: no references
[32.546s][debug][gc,ref         ] GC(72) ReferenceProcessor::execute queues: 1, RefProcThreadModel::Single, marks_oops_alive: false
[32.546s][debug][gc,phases      ] GC(72) Reference Processing 0.146ms
[32.546s][debug][gc,phases      ] GC(72)   VM Weak                        Min:  0.0, Avg:  0.0, Max:  0.0, Diff:  0.0, Sum:  0.0, Workers: 4
[32.546s][debug][gc,phases      ] GC(72)     Dead                           Min: 0, Avg:  0.0, Max: 0, Diff: 0, Sum: 0, Workers: 4
[32.546s][debug][gc,phases      ] GC(72)     Total                          Min: 0, Avg: 151.0, Max: 384, Diff: 384, Sum: 604, Workers: 4
[32.546s][debug][gc,phases      ] GC(72)   ObjectSynchronizer Weak        Min:  0.0, Avg:  0.0, Max:  0.0, Diff:  0.0, Sum:  0.0, Workers: 4
[32.546s][debug][gc,phases      ] GC(72)     Dead                           Min: 0, Avg:  0.0, Max: 0, Diff: 0, Sum: 0, Workers: 4
[32.546s][debug][gc,phases      ] GC(72)     Total                          Min: 0, Avg: 95.8, Max: 128, Diff: 128, Sum: 383, Workers: 4
[32.546s][debug][gc,phases      ] GC(72)   JVMTI Tag Weak OopStorage      Min:  0.0, Avg:  0.0, Max:  0.0, Diff:  0.0, Sum:  0.0, Workers: 4
[32.546s][debug][gc,phases      ] GC(72)     Dead                           Min: 0, Avg:  0.0, Max: 0, Diff: 0, Sum: 0, Workers: 4
[32.546s][debug][gc,phases      ] GC(72)     Total                          Min: 0, Avg:  0.0, Max: 0, Diff: 0, Sum: 0, Workers: 4
[32.546s][debug][gc,phases      ] GC(72)   StringTable Weak               Min:  0.0, Avg:  0.2, Max:  0.6, Diff:  0.6, Sum:  0.9, Workers: 4
[32.546s][debug][gc,phases      ] GC(72)     Dead                           Min: 0, Avg:  0.0, Max: 0, Diff: 0, Sum: 0, Workers: 4
[32.546s][debug][gc,phases      ] GC(72)     Total                          Min: 0, Avg: 10984.0, Max: 15200, Diff: 15200, Sum: 43936, Workers: 4
[32.546s][debug][gc,phases      ] GC(72)   ResolvedMethodTable Weak       Min:  0.0, Avg:  0.0, Max:  0.0, Diff:  0.0, Sum:  0.1, Workers: 4
[32.546s][debug][gc,phases      ] GC(72)     Dead                           Min: 0, Avg: 18.2, Max: 46, Diff: 46, Sum: 73, Workers: 4
[32.546s][debug][gc,phases      ] GC(72)     Total                          Min: 0, Avg: 1875.0, Max: 3008, Diff: 3008, Sum: 7500, Workers: 4
[32.546s][debug][gc,phases      ] GC(72)   JNI Weak                       Min:  0.0, Avg:  0.0, Max:  0.0, Diff:  0.0, Sum:  0.0, Workers: 4
[32.546s][debug][gc,phases      ] GC(72)     Dead                           Min: 0, Avg:  0.0, Max: 0, Diff: 0, Sum: 0, Workers: 4
[32.546s][debug][gc,phases      ] GC(72)     Total                          Min: 0, Avg:  0.0, Max: 0, Diff: 0, Sum: 0, Workers: 4
[32.546s][debug][gc,phases      ] GC(72)   StringDedup Table Weak         Min:  0.0, Avg:  0.0, Max:  0.0, Diff:  0.0, Sum:  0.0, Workers: 4
[32.546s][debug][gc,phases      ] GC(72)     Dead                           Min: 0, Avg:  0.0, Max: 0, Diff: 0, Sum: 0, Workers: 4
[32.546s][debug][gc,phases      ] GC(72)     Total                          Min: 0, Avg:  0.0, Max: 0, Diff: 0, Sum: 0, Workers: 4
[32.546s][debug][gc,phases      ] GC(72)   StringDedup Requests0 Weak     Min:  0.0, Avg:  0.0, Max:  0.0, Diff:  0.0, Sum:  0.0, Workers: 4
[32.546s][debug][gc,phases      ] GC(72)     Dead                           Min: 0, Avg:  0.0, Max: 0, Diff: 0, Sum: 0, Workers: 4
[32.546s][debug][gc,phases      ] GC(72)     Total                          Min: 0, Avg:  0.0, Max: 0, Diff: 0, Sum: 0, Workers: 4
[32.546s][debug][gc,phases      ] GC(72)   StringDedup Requests1 Weak     Min:  0.0, Avg:  0.0, Max:  0.0, Diff:  0.0, Sum:  0.0, Workers: 4
[32.546s][debug][gc,phases      ] GC(72)     Dead                           Min: 0, Avg:  0.0, Max: 0, Diff: 0, Sum: 0, Workers: 4
[32.546s][debug][gc,phases      ] GC(72)     Total                          Min: 0, Avg:  0.0, Max: 0, Diff: 0, Sum: 0, Workers: 4
[32.546s][debug][gc,phases      ] GC(72)   Weak JFR Old Object Samples    Min:  0.0, Avg:  0.0, Max:  0.0, Diff:  0.0, Sum:  0.0, Workers: 4
[32.546s][debug][gc,phases      ] GC(72)     Dead                           Min: 0, Avg:  0.0, Max: 0, Diff: 0, Sum: 0, Workers: 4
[32.546s][debug][gc,phases      ] GC(72)     Total                          Min: 0, Avg:  0.0, Max: 0, Diff: 0, Sum: 0, Workers: 4
[32.546s][debug][gc,phases      ] GC(72) Weak Processing 0.816ms
[32.546s][debug][gc,age         ] GC(72) Desired survivor size 160956416 bytes, new threshold 15 (max threshold 15)
[32.547s][info ][gc,heap        ] GC(72) PSYoungGen: 1755712K(1913856K)->6880K(1939968K) Eden: 1740288K(1740288K)->0K(1775616K) From: 15424K(173568K)->6880K(164352K)
[32.547s][info ][gc,heap        ] GC(72) ParOldGen: 401672K(473088K)->411620K(473088K)
[32.547s][info ][gc,metaspace   ] GC(72) Metaspace: 72530K(73280K)->72530K(73280K) NonClass: 62028K(62464K)->62028K(62464K) Class: 10502K(10816K)->10502K(10816K)
[32.547s][info ][gc             ] GC(72) Pause Young (Allocation Failure) 2106M->408M(2356M) 8.873ms
[32.547s][info ][gc,cpu         ] GC(72) User=0.03s Sys=0.00s Real=0.00s
[32.547s][info ][safepoint      ] Safepoint "ParallelGCFailedAllocation", Time since last: 483417092 ns, Reaching safepoint: 113202 ns, At safepoint: 8982265 ns, Total: 9095467 ns
[32.830s][info ][gc,start       ] GC(73) Pause Young (Allocation Failure)
[32.836s][debug][gc,phases      ] GC(73) Scavenge 6.768ms
[32.837s][debug][gc,ref         ] GC(73) Skipped phase 1 of Reference Processing: no references
[32.837s][debug][gc,ref         ] GC(73) ReferenceProcessor::execute queues: 1, RefProcThreadModel::Single, marks_oops_alive: false
[32.837s][debug][gc,ref         ] GC(73) Skipped phase 3 of Reference Processing: no references
[32.837s][debug][gc,ref         ] GC(73) ReferenceProcessor::execute queues: 1, RefProcThreadModel::Single, marks_oops_alive: false
[32.837s][debug][gc,phases      ] GC(73) Reference Processing 0.144ms
[32.837s][debug][gc,phases      ] GC(73)   VM Weak                        Min:  0.0, Avg:  0.0, Max:  0.0, Diff:  0.0, Sum:  0.0, Workers: 4
[32.837s][debug][gc,phases      ] GC(73)     Dead                           Min: 0, Avg:  0.0, Max: 0, Diff: 0, Sum: 0, Workers: 4
[32.837s][debug][gc,phases      ] GC(73)     Total                          Min: 0, Avg: 151.5, Max: 606, Diff: 606, Sum: 606, Workers: 4
[32.837s][debug][gc,phases      ] GC(73)   ObjectSynchronizer Weak        Min:  0.0, Avg:  0.0, Max:  0.0, Diff:  0.0, Sum:  0.0, Workers: 4
[32.837s][debug][gc,phases      ] GC(73)     Dead                           Min: 0, Avg:  0.0, Max: 0, Diff: 0, Sum: 0, Workers: 4
[32.837s][debug][gc,phases      ] GC(73)     Total                          Min: 0, Avg: 95.8, Max: 320, Diff: 320, Sum: 383, Workers: 4
[32.837s][debug][gc,phases      ] GC(73)   JVMTI Tag Weak OopStorage      Min:  0.0, Avg:  0.0, Max:  0.0, Diff:  0.0, Sum:  0.0, Workers: 4
[32.837s][debug][gc,phases      ] GC(73)     Dead                           Min: 0, Avg:  0.0, Max: 0, Diff: 0, Sum: 0, Workers: 4
[32.837s][debug][gc,phases      ] GC(73)     Total                          Min: 0, Avg:  0.0, Max: 0, Diff: 0, Sum: 0, Workers: 4
[32.837s][debug][gc,phases      ] GC(73)   StringTable Weak               Min:  0.1, Avg:  0.1, Max:  0.1, Diff:  0.0, Sum:  0.4, Workers: 4
[32.837s][debug][gc,phases      ] GC(73)     Dead                           Min: 0, Avg:  0.2, Max: 1, Diff: 1, Sum: 1, Workers: 4
[32.837s][debug][gc,phases      ] GC(73)     Total                          Min: 10624, Avg: 11315.2, Max: 12736, Diff: 2112, Sum: 45261, Workers: 4
[32.837s][debug][gc,phases      ] GC(73)   ResolvedMethodTable Weak       Min:  0.0, Avg:  0.0, Max:  0.0, Diff:  0.0, Sum:  0.1, Workers: 4
[32.837s][debug][gc,phases      ] GC(73)     Dead                           Min: 0, Avg:  0.0, Max: 0, Diff: 0, Sum: 0, Workers: 4
[32.837s][debug][gc,phases      ] GC(73)     Total                          Min: 1664, Avg: 1878.5, Max: 2138, Diff: 474, Sum: 7514, Workers: 4
[32.837s][debug][gc,phases      ] GC(73)   JNI Weak                       Min:  0.0, Avg:  0.0, Max:  0.0, Diff:  0.0, Sum:  0.0, Workers: 4
[32.837s][debug][gc,phases      ] GC(73)     Dead                           Min: 0, Avg:  0.0, Max: 0, Diff: 0, Sum: 0, Workers: 4
[32.837s][debug][gc,phases      ] GC(73)     Total                          Min: 0, Avg:  0.5, Max: 2, Diff: 2, Sum: 2, Workers: 4
[32.837s][debug][gc,phases      ] GC(73)   StringDedup Table Weak         Min:  0.0, Avg:  0.0, Max:  0.0, Diff:  0.0, Sum:  0.0, Workers: 4
[32.837s][debug][gc,phases      ] GC(73)     Dead                           Min: 0, Avg:  0.0, Max: 0, Diff: 0, Sum: 0, Workers: 4
[32.837s][debug][gc,phases      ] GC(73)     Total                          Min: 0, Avg:  0.0, Max: 0, Diff: 0, Sum: 0, Workers: 4
[32.837s][debug][gc,phases      ] GC(73)   StringDedup Requests0 Weak     Min:  0.0, Avg:  0.0, Max:  0.0, Diff:  0.0, Sum:  0.0, Workers: 4
[32.837s][debug][gc,phases      ] GC(73)     Dead                           Min: 0, Avg:  0.0, Max: 0, Diff: 0, Sum: 0, Workers: 4
[32.837s][debug][gc,phases      ] GC(73)     Total                          Min: 0, Avg:  0.0, Max: 0, Diff: 0, Sum: 0, Workers: 4
[32.837s][debug][gc,phases      ] GC(73)   StringDedup Requests1 Weak     Min:  0.0, Avg:  0.0, Max:  0.0, Diff:  0.0, Sum:  0.0, Workers: 4
[32.837s][debug][gc,phases      ] GC(73)     Dead                           Min: 0, Avg:  0.0, Max: 0, Diff: 0, Sum: 0, Workers: 4
[32.837s][debug][gc,phases      ] GC(73)     Total                          Min: 0, Avg:  0.0, Max: 0, Diff: 0, Sum: 0, Workers: 4
[32.837s][debug][gc,phases      ] GC(73)   Weak JFR Old Object Samples    Min:  0.0, Avg:  0.0, Max:  0.0, Diff:  0.0, Sum:  0.0, Workers: 4
[32.837s][debug][gc,phases      ] GC(73)     Dead                           Min: 0, Avg:  0.0, Max: 0, Diff: 0, Sum: 0, Workers: 4
[32.837s][debug][gc,phases      ] GC(73)     Total                          Min: 0, Avg:  0.0, Max: 0, Diff: 0, Sum: 0, Workers: 4
[32.837s][debug][gc,phases      ] GC(73) Weak Processing 0.331ms
[32.837s][debug][gc,age         ] GC(73) Desired survivor size 153092096 bytes, new threshold 15 (max threshold 15)
[32.837s][info ][gc,heap        ] GC(73) PSYoungGen: 1782496K(1939968K)->7584K(1932800K) Eden: 1775616K(1775616K)->0K(1775616K) From: 6880K(164352K)->7584K(157184K)
[32.837s][info ][gc,heap        ] GC(73) ParOldGen: 411620K(473088K)->411804K(473088K)
[32.837s][info ][gc,metaspace   ] GC(73) Metaspace: 73355K(74176K)->73355K(74176K) NonClass: 62743K(63168K)->62743K(63168K) Class: 10612K(11008K)->10612K(11008K)
[32.837s][info ][gc             ] GC(73) Pause Young (Allocation Failure) 2142M->409M(2349M) 7.380ms
[32.837s][info ][gc,cpu         ] GC(73) User=0.03s Sys=0.01s Real=0.00s
[32.837s][info ][safepoint      ] Safepoint "ParallelGCFailedAllocation", Time since last: 281898885 ns, Reaching safepoint: 1117721 ns, At safepoint: 7494338 ns, Total: 8612059 ns
[33.265s][info ][gc,start       ] GC(74) Pause Young (Allocation Failure)
[33.272s][debug][gc,phases      ] GC(74) Scavenge 7.682ms
[33.272s][debug][gc,ref         ] GC(74) Skipped phase 1 of Reference Processing: no references
[33.273s][debug][gc,ref         ] GC(74) ReferenceProcessor::execute queues: 1, RefProcThreadModel::Single, marks_oops_alive: false
[33.273s][debug][gc,ref         ] GC(74) Skipped phase 3 of Reference Processing: no references
[33.273s][debug][gc,ref         ] GC(74) ReferenceProcessor::execute queues: 1, RefProcThreadModel::Single, marks_oops_alive: false
[33.273s][debug][gc,phases      ] GC(74) Reference Processing 0.150ms
[33.273s][debug][gc,phases      ] GC(74)   VM Weak                        Min:  0.0, Avg:  0.0, Max:  0.0, Diff:  0.0, Sum:  0.0, Workers: 4
[33.273s][debug][gc,phases      ] GC(74)     Dead                           Min: 0, Avg:  0.0, Max: 0, Diff: 0, Sum: 0, Workers: 4
[33.273s][debug][gc,phases      ] GC(74)     Total                          Min: 0, Avg: 153.8, Max: 320, Diff: 320, Sum: 615, Workers: 4
[33.273s][debug][gc,phases      ] GC(74)   ObjectSynchronizer Weak        Min:  0.0, Avg:  0.0, Max:  0.0, Diff:  0.0, Sum:  0.0, Workers: 4
[33.273s][debug][gc,phases      ] GC(74)     Dead                           Min: 0, Avg:  0.0, Max: 0, Diff: 0, Sum: 0, Workers: 4
[33.273s][debug][gc,phases      ] GC(74)     Total                          Min: 0, Avg: 95.8, Max: 255, Diff: 255, Sum: 383, Workers: 4
[33.273s][debug][gc,phases      ] GC(74)   JVMTI Tag Weak OopStorage      Min:  0.0, Avg:  0.0, Max:  0.0, Diff:  0.0, Sum:  0.0, Workers: 4
[33.273s][debug][gc,phases      ] GC(74)     Dead                           Min: 0, Avg:  0.0, Max: 0, Diff: 0, Sum: 0, Workers: 4
[33.273s][debug][gc,phases      ] GC(74)     Total                          Min: 0, Avg:  0.0, Max: 0, Diff: 0, Sum: 0, Workers: 4
[33.273s][debug][gc,phases      ] GC(74)   StringTable Weak               Min:  0.1, Avg:  0.1, Max:  0.1, Diff:  0.0, Sum:  0.5, Workers: 4
[33.273s][debug][gc,phases      ] GC(74)     Dead                           Min: 0, Avg:  0.2, Max: 1, Diff: 1, Sum: 1, Workers: 4
[33.273s][debug][gc,phases      ] GC(74)     Total                          Min: 10752, Avg: 11481.2, Max: 12389, Diff: 1637, Sum: 45925, Workers: 4
[33.273s][debug][gc,phases      ] GC(74)   ResolvedMethodTable Weak       Min:  0.0, Avg:  0.0, Max:  0.0, Diff:  0.0, Sum:  0.1, Workers: 4
[33.273s][debug][gc,phases      ] GC(74)     Dead                           Min: 0, Avg:  0.2, Max: 1, Diff: 1, Sum: 1, Workers: 4
[33.273s][debug][gc,phases      ] GC(74)     Total                          Min: 1280, Avg: 1882.0, Max: 2345, Diff: 1065, Sum: 7528, Workers: 4
[33.273s][debug][gc,phases      ] GC(74)   JNI Weak                       Min:  0.0, Avg:  0.0, Max:  0.0, Diff:  0.0, Sum:  0.0, Workers: 4
[33.273s][debug][gc,phases      ] GC(74)     Dead                           Min: 0, Avg:  0.0, Max: 0, Diff: 0, Sum: 0, Workers: 4
[33.273s][debug][gc,phases      ] GC(74)     Total                          Min: 0, Avg:  0.0, Max: 0, Diff: 0, Sum: 0, Workers: 4
[33.273s][debug][gc,phases      ] GC(74)   StringDedup Table Weak         Min:  0.0, Avg:  0.0, Max:  0.0, Diff:  0.0, Sum:  0.0, Workers: 4
[33.273s][debug][gc,phases      ] GC(74)     Dead                           Min: 0, Avg:  0.0, Max: 0, Diff: 0, Sum: 0, Workers: 4
[33.273s][debug][gc,phases      ] GC(74)     Total                          Min: 0, Avg:  0.0, Max: 0, Diff: 0, Sum: 0, Workers: 4
[33.273s][debug][gc,phases      ] GC(74)   StringDedup Requests0 Weak     Min:  0.0, Avg:  0.0, Max:  0.0, Diff:  0.0, Sum:  0.0, Workers: 4
[33.273s][debug][gc,phases      ] GC(74)     Dead                           Min: 0, Avg:  0.0, Max: 0, Diff: 0, Sum: 0, Workers: 4
[33.273s][debug][gc,phases      ] GC(74)     Total                          Min: 0, Avg:  0.0, Max: 0, Diff: 0, Sum: 0, Workers: 4
[33.273s][debug][gc,phases      ] GC(74)   StringDedup Requests1 Weak     Min:  0.0, Avg:  0.0, Max:  0.0, Diff:  0.0, Sum:  0.0, Workers: 4
[33.273s][debug][gc,phases      ] GC(74)     Dead                           Min: 0, Avg:  0.0, Max: 0, Diff: 0, Sum: 0, Workers: 4
[33.273s][debug][gc,phases      ] GC(74)     Total                          Min: 0, Avg:  0.0, Max: 0, Diff: 0, Sum: 0, Workers: 4
[33.273s][debug][gc,phases      ] GC(74)   Weak JFR Old Object Samples    Min:  0.0, Avg:  0.0, Max:  0.0, Diff:  0.0, Sum:  0.0, Workers: 4
[33.273s][debug][gc,phases      ] GC(74)     Dead                           Min: 0, Avg:  0.0, Max: 0, Diff: 0, Sum: 0, Workers: 4
[33.273s][debug][gc,phases      ] GC(74)     Total                          Min: 0, Avg:  0.0, Max: 0, Diff: 0, Sum: 0, Workers: 4
[33.273s][debug][gc,phases      ] GC(74) Weak Processing 0.346ms
[33.273s][debug][gc,age         ] GC(74) Desired survivor size 144703488 bytes, new threshold 15 (max threshold 15)
[33.273s][info ][gc,heap        ] GC(74) PSYoungGen: 1783200K(1932800K)->8565K(1955840K) Eden: 1775616K(1775616K)->0K(1806336K) From: 7584K(157184K)->8565K(149504K)
[33.273s][info ][gc,heap        ] GC(74) ParOldGen: 411804K(473088K)->412996K(473088K)
[33.273s][info ][gc,metaspace   ] GC(74) Metaspace: 75925K(76608K)->75925K(76608K) NonClass: 64967K(65344K)->64967K(65344K) Class: 10958K(11264K)->10958K(11264K)
[33.273s][info ][gc             ] GC(74) Pause Young (Allocation Failure) 2143M->411M(2372M) 8.314ms
[33.273s][info ][gc,cpu         ] GC(74) User=0.03s Sys=0.00s Real=0.01s
[33.273s][info ][safepoint      ] Safepoint "ParallelGCFailedAllocation", Time since last: 427329360 ns, Reaching safepoint: 202303 ns, At safepoint: 8430256 ns, Total: 8632559 ns
[33.641s][info ][gc,start       ] GC(75) Pause Young (Allocation Failure)
[33.649s][debug][gc,phases      ] GC(75) Scavenge 8.111ms
[33.649s][debug][gc,ref         ] GC(75) Skipped phase 1 of Reference Processing: no references
[33.649s][debug][gc,ref         ] GC(75) ReferenceProcessor::execute queues: 1, RefProcThreadModel::Single, marks_oops_alive: false
[33.649s][debug][gc,ref         ] GC(75) Skipped phase 3 of Reference Processing: no references
[33.649s][debug][gc,ref         ] GC(75) ReferenceProcessor::execute queues: 1, RefProcThreadModel::Single, marks_oops_alive: false
[33.649s][debug][gc,phases      ] GC(75) Reference Processing 0.158ms
[33.649s][debug][gc,phases      ] GC(75)   VM Weak                        Min:  0.0, Avg:  0.0, Max:  0.0, Diff:  0.0, Sum:  0.0, Workers: 4
[33.649s][debug][gc,phases      ] GC(75)     Dead                           Min: 0, Avg:  0.0, Max: 0, Diff: 0, Sum: 0, Workers: 4
[33.649s][debug][gc,phases      ] GC(75)     Total                          Min: 0, Avg: 154.8, Max: 555, Diff: 555, Sum: 619, Workers: 4
[33.649s][debug][gc,phases      ] GC(75)   ObjectSynchronizer Weak        Min:  0.0, Avg:  0.0, Max:  0.0, Diff:  0.0, Sum:  0.0, Workers: 4
[33.649s][debug][gc,phases      ] GC(75)     Dead                           Min: 0, Avg:  0.0, Max: 0, Diff: 0, Sum: 0, Workers: 4
[33.649s][debug][gc,phases      ] GC(75)     Total                          Min: 0, Avg: 95.8, Max: 256, Diff: 256, Sum: 383, Workers: 4
[33.649s][debug][gc,phases      ] GC(75)   JVMTI Tag Weak OopStorage      Min:  0.0, Avg:  0.0, Max:  0.0, Diff:  0.0, Sum:  0.0, Workers: 4
[33.649s][debug][gc,phases      ] GC(75)     Dead                           Min: 0, Avg:  0.0, Max: 0, Diff: 0, Sum: 0, Workers: 4
[33.649s][debug][gc,phases      ] GC(75)     Total                          Min: 0, Avg:  0.0, Max: 0, Diff: 0, Sum: 0, Workers: 4
[33.649s][debug][gc,phases      ] GC(75)   StringTable Weak               Min:  0.1, Avg:  0.1, Max:  0.1, Diff:  0.0, Sum:  0.5, Workers: 4
[33.649s][debug][gc,phases      ] GC(75)     Dead                           Min: 0, Avg:  0.5, Max: 2, Diff: 2, Sum: 2, Workers: 4
[33.649s][debug][gc,phases      ] GC(75)     Total                          Min: 11194, Avg: 11518.5, Max: 11712, Diff: 518, Sum: 46074, Workers: 4
[33.649s][debug][gc,phases      ] GC(75)   ResolvedMethodTable Weak       Min:  0.0, Avg:  0.0, Max:  0.0, Diff:  0.0, Sum:  0.1, Workers: 4
[33.649s][debug][gc,phases      ] GC(75)     Dead                           Min: 0, Avg:  0.8, Max: 1, Diff: 1, Sum: 3, Workers: 4
[33.649s][debug][gc,phases      ] GC(75)     Total                          Min: 1536, Avg: 1884.8, Max: 2304, Diff: 768, Sum: 7539, Workers: 4
[33.649s][debug][gc,phases      ] GC(75)   JNI Weak                       Min:  0.0, Avg:  0.0, Max:  0.0, Diff:  0.0, Sum:  0.0, Workers: 4
[33.649s][debug][gc,phases      ] GC(75)     Dead                           Min: 0, Avg:  0.0, Max: 0, Diff: 0, Sum: 0, Workers: 4
[33.649s][debug][gc,phases      ] GC(75)     Total                          Min: 0, Avg:  0.0, Max: 0, Diff: 0, Sum: 0, Workers: 4
[33.649s][debug][gc,phases      ] GC(75)   StringDedup Table Weak         Min:  0.0, Avg:  0.0, Max:  0.0, Diff:  0.0, Sum:  0.0, Workers: 4
[33.649s][debug][gc,phases      ] GC(75)     Dead                           Min: 0, Avg:  0.0, Max: 0, Diff: 0, Sum: 0, Workers: 4
[33.649s][debug][gc,phases      ] GC(75)     Total                          Min: 0, Avg:  0.0, Max: 0, Diff: 0, Sum: 0, Workers: 4
[33.649s][debug][gc,phases      ] GC(75)   StringDedup Requests0 Weak     Min:  0.0, Avg:  0.0, Max:  0.0, Diff:  0.0, Sum:  0.0, Workers: 4
[33.649s][debug][gc,phases      ] GC(75)     Dead                           Min: 0, Avg:  0.0, Max: 0, Diff: 0, Sum: 0, Workers: 4
[33.649s][debug][gc,phases      ] GC(75)     Total                          Min: 0, Avg:  0.0, Max: 0, Diff: 0, Sum: 0, Workers: 4
[33.649s][debug][gc,phases      ] GC(75)   StringDedup Requests1 Weak     Min:  0.0, Avg:  0.0, Max:  0.0, Diff:  0.0, Sum:  0.0, Workers: 4
[33.649s][debug][gc,phases      ] GC(75)     Dead                           Min: 0, Avg:  0.0, Max: 0, Diff: 0, Sum: 0, Workers: 4
[33.649s][debug][gc,phases      ] GC(75)     Total                          Min: 0, Avg:  0.0, Max: 0, Diff: 0, Sum: 0, Workers: 4
[33.649s][debug][gc,phases      ] GC(75)   Weak JFR Old Object Samples    Min:  0.0, Avg:  0.0, Max:  0.0, Diff:  0.0, Sum:  0.0, Workers: 4
[33.649s][debug][gc,phases      ] GC(75)     Dead                           Min: 0, Avg:  0.0, Max: 0, Diff: 0, Sum: 0, Workers: 4
[33.649s][debug][gc,phases      ] GC(75)     Total                          Min: 0, Avg:  0.0, Max: 0, Diff: 0, Sum: 0, Workers: 4
[33.649s][debug][gc,phases      ] GC(75) Weak Processing 0.390ms
[33.649s][debug][gc,age         ] GC(75) Desired survivor size 136839168 bytes, new threshold 15 (max threshold 15)
[33.649s][info ][gc,heap        ] GC(75) PSYoungGen: 1814901K(1955840K)->8851K(1947648K) Eden: 1806336K(1806336K)->0K(1806336K) From: 8565K(149504K)->8851K(141312K)
[33.649s][info ][gc,heap        ] GC(75) ParOldGen: 412996K(473088K)->413797K(473088K)
[33.649s][info ][gc,metaspace   ] GC(75) Metaspace: 76600K(77440K)->76600K(77440K) NonClass: 65556K(65984K)->65556K(65984K) Class: 11043K(11456K)->11043K(11456K)
[33.649s][info ][gc             ] GC(75) Pause Young (Allocation Failure) 2175M->412M(2364M) 8.817ms
[33.649s][info ][gc,cpu         ] GC(75) User=0.03s Sys=0.00s Real=0.01s
[33.650s][info ][safepoint      ] Safepoint "ParallelGCFailedAllocation", Time since last: 367310856 ns, Reaching safepoint: 200003 ns, At safepoint: 8929165 ns, Total: 9129168 ns
[33.969s][info ][safepoint      ] Safepoint "ICBufferFull", Time since last: 317361137 ns, Reaching safepoint: 2294242 ns, At safepoint: 26001 ns, Total: 2320243 ns
[34.274s][info ][gc,start       ] GC(76) Pause Young (Allocation Failure)
[34.291s][debug][gc,phases      ] GC(76) Scavenge 16.753ms
[34.291s][debug][gc,ref         ] GC(76) Skipped phase 1 of Reference Processing: no references
[34.291s][debug][gc,ref         ] GC(76) ReferenceProcessor::execute queues: 1, RefProcThreadModel::Single, marks_oops_alive: false
[34.291s][debug][gc,ref         ] GC(76) Skipped phase 3 of Reference Processing: no references
[34.291s][debug][gc,ref         ] GC(76) ReferenceProcessor::execute queues: 1, RefProcThreadModel::Single, marks_oops_alive: false
[34.291s][debug][gc,phases      ] GC(76) Reference Processing 0.159ms
[34.291s][debug][gc,phases      ] GC(76)   VM Weak                        Min:  0.0, Avg:  0.0, Max:  0.0, Diff:  0.0, Sum:  0.0, Workers: 4
[34.291s][debug][gc,phases      ] GC(76)     Dead                           Min: 0, Avg:  0.0, Max: 0, Diff: 0, Sum: 0, Workers: 4
[34.291s][debug][gc,phases      ] GC(76)     Total                          Min: 0, Avg: 157.0, Max: 320, Diff: 320, Sum: 628, Workers: 4
[34.291s][debug][gc,phases      ] GC(76)   ObjectSynchronizer Weak        Min:  0.0, Avg:  0.0, Max:  0.0, Diff:  0.0, Sum:  0.0, Workers: 4
[34.291s][debug][gc,phases      ] GC(76)     Dead                           Min: 0, Avg:  0.2, Max: 1, Diff: 1, Sum: 1, Workers: 4
[34.291s][debug][gc,phases      ] GC(76)     Total                          Min: 0, Avg: 96.2, Max: 256, Diff: 256, Sum: 385, Workers: 4
[34.291s][debug][gc,phases      ] GC(76)   JVMTI Tag Weak OopStorage      Min:  0.0, Avg:  0.0, Max:  0.0, Diff:  0.0, Sum:  0.0, Workers: 4
[34.291s][debug][gc,phases      ] GC(76)     Dead                           Min: 0, Avg:  0.0, Max: 0, Diff: 0, Sum: 0, Workers: 4
[34.291s][debug][gc,phases      ] GC(76)     Total                          Min: 0, Avg:  0.0, Max: 0, Diff: 0, Sum: 0, Workers: 4
[34.291s][debug][gc,phases      ] GC(76)   StringTable Weak               Min:  0.1, Avg:  0.1, Max:  0.1, Diff:  0.0, Sum:  0.5, Workers: 4
[34.291s][debug][gc,phases      ] GC(76)     Dead                           Min: 0, Avg:  0.8, Max: 2, Diff: 2, Sum: 3, Workers: 4
[34.291s][debug][gc,phases      ] GC(76)     Total                          Min: 10188, Avg: 11587.0, Max: 12160, Diff: 1972, Sum: 46348, Workers: 4
[34.291s][debug][gc,phases      ] GC(76)   ResolvedMethodTable Weak       Min:  0.0, Avg:  0.0, Max:  0.0, Diff:  0.0, Sum:  0.1, Workers: 4
[34.291s][debug][gc,phases      ] GC(76)     Dead                           Min: 9, Avg: 10.8, Max: 14, Diff: 5, Sum: 43, Workers: 4
[34.291s][debug][gc,phases      ] GC(76)     Total                          Min: 1728, Avg: 1920.2, Max: 2112, Diff: 384, Sum: 7681, Workers: 4
[34.291s][debug][gc,phases      ] GC(76)   JNI Weak                       Min:  0.0, Avg:  0.0, Max:  0.0, Diff:  0.0, Sum:  0.0, Workers: 4
[34.291s][debug][gc,phases      ] GC(76)     Dead                           Min: 0, Avg:  0.0, Max: 0, Diff: 0, Sum: 0, Workers: 4
[34.291s][debug][gc,phases      ] GC(76)     Total                          Min: 0, Avg:  3.8, Max: 15, Diff: 15, Sum: 15, Workers: 4
[34.291s][debug][gc,phases      ] GC(76)   StringDedup Table Weak         Min:  0.0, Avg:  0.0, Max:  0.0, Diff:  0.0, Sum:  0.0, Workers: 4
[34.291s][debug][gc,phases      ] GC(76)     Dead                           Min: 0, Avg:  0.0, Max: 0, Diff: 0, Sum: 0, Workers: 4
[34.291s][debug][gc,phases      ] GC(76)     Total                          Min: 0, Avg:  0.0, Max: 0, Diff: 0, Sum: 0, Workers: 4
[34.291s][debug][gc,phases      ] GC(76)   StringDedup Requests0 Weak     Min:  0.0, Avg:  0.0, Max:  0.0, Diff:  0.0, Sum:  0.0, Workers: 4
[34.291s][debug][gc,phases      ] GC(76)     Dead                           Min: 0, Avg:  0.0, Max: 0, Diff: 0, Sum: 0, Workers: 4
[34.291s][debug][gc,phases      ] GC(76)     Total                          Min: 0, Avg:  0.0, Max: 0, Diff: 0, Sum: 0, Workers: 4
[34.291s][debug][gc,phases      ] GC(76)   StringDedup Requests1 Weak     Min:  0.0, Avg:  0.0, Max:  0.0, Diff:  0.0, Sum:  0.0, Workers: 4
[34.291s][debug][gc,phases      ] GC(76)     Dead                           Min: 0, Avg:  0.0, Max: 0, Diff: 0, Sum: 0, Workers: 4
[34.291s][debug][gc,phases      ] GC(76)     Total                          Min: 0, Avg:  0.0, Max: 0, Diff: 0, Sum: 0, Workers: 4
[34.291s][debug][gc,phases      ] GC(76)   Weak JFR Old Object Samples    Min:  0.0, Avg:  0.0, Max:  0.0, Diff:  0.0, Sum:  0.0, Workers: 4
[34.291s][debug][gc,phases      ] GC(76)     Dead                           Min: 0, Avg:  0.0, Max: 0, Diff: 0, Sum: 0, Workers: 4
[34.291s][debug][gc,phases      ] GC(76)     Total                          Min: 0, Avg:  0.0, Max: 0, Diff: 0, Sum: 0, Workers: 4
[34.291s][debug][gc,phases      ] GC(76) Weak Processing 0.388ms
[34.291s][debug][gc,age         ] GC(76) Desired survivor size 133693440 bytes, new threshold 15 (max threshold 15)
[34.292s][info ][gc,heap        ] GC(76) PSYoungGen: 1815187K(1947648K)->47115K(1966592K) Eden: 1806336K(1806336K)->0K(1832960K) From: 8851K(141312K)->47115K(133632K)
[34.292s][info ][gc,heap        ] GC(76) ParOldGen: 413797K(473088K)->413989K(473088K)
[34.292s][info ][gc,metaspace   ] GC(76) Metaspace: 77699K(78464K)->77699K(78464K) NonClass: 66516K(66944K)->66516K(66944K) Class: 11182K(11520K)->11182K(11520K)
[34.292s][info ][gc             ] GC(76) Pause Young (Allocation Failure) 2176M->450M(2382M) 17.459ms
[34.292s][info ][gc,cpu         ] GC(76) User=0.07s Sys=0.00s Real=0.02s
[34.292s][info ][safepoint      ] Safepoint "ParallelGCFailedAllocation", Time since last: 304551702 ns, Reaching safepoint: 285005 ns, At safepoint: 17580923 ns, Total: 17865928 ns
[34.649s][info ][gc,start       ] GC(77) Pause Young (Allocation Failure)
[34.665s][debug][gc,phases      ] GC(77) Scavenge 15.677ms
[34.665s][debug][gc,ref         ] GC(77) Skipped phase 1 of Reference Processing: no references
[34.665s][debug][gc,ref         ] GC(77) ReferenceProcessor::execute queues: 1, RefProcThreadModel::Single, marks_oops_alive: false
[34.665s][debug][gc,ref         ] GC(77) Skipped phase 3 of Reference Processing: no references
[34.665s][debug][gc,ref         ] GC(77) ReferenceProcessor::execute queues: 1, RefProcThreadModel::Single, marks_oops_alive: false
[34.665s][debug][gc,phases      ] GC(77) Reference Processing 0.154ms
[34.665s][debug][gc,phases      ] GC(77)   VM Weak                        Min:  0.0, Avg:  0.0, Max:  0.0, Diff:  0.0, Sum:  0.0, Workers: 4
[34.665s][debug][gc,phases      ] GC(77)     Dead                           Min: 0, Avg:  0.0, Max: 0, Diff: 0, Sum: 0, Workers: 4
[34.665s][debug][gc,phases      ] GC(77)     Total                          Min: 0, Avg: 157.0, Max: 628, Diff: 628, Sum: 628, Workers: 4
[34.665s][debug][gc,phases      ] GC(77)   ObjectSynchronizer Weak        Min:  0.0, Avg:  0.0, Max:  0.0, Diff:  0.0, Sum:  0.0, Workers: 4
[34.665s][debug][gc,phases      ] GC(77)     Dead                           Min: 0, Avg:  0.0, Max: 0, Diff: 0, Sum: 0, Workers: 4
[34.665s][debug][gc,phases      ] GC(77)     Total                          Min: 0, Avg: 96.2, Max: 321, Diff: 321, Sum: 385, Workers: 4
[34.665s][debug][gc,phases      ] GC(77)   JVMTI Tag Weak OopStorage      Min:  0.0, Avg:  0.0, Max:  0.0, Diff:  0.0, Sum:  0.0, Workers: 4
[34.665s][debug][gc,phases      ] GC(77)     Dead                           Min: 0, Avg:  0.0, Max: 0, Diff: 0, Sum: 0, Workers: 4
[34.665s][debug][gc,phases      ] GC(77)     Total                          Min: 0, Avg:  0.0, Max: 0, Diff: 0, Sum: 0, Workers: 4
[34.665s][debug][gc,phases      ] GC(77)   StringTable Weak               Min:  0.1, Avg:  0.1, Max:  0.1, Diff:  0.0, Sum:  0.5, Workers: 4
[34.665s][debug][gc,phases      ] GC(77)     Dead                           Min: 0, Avg:  0.0, Max: 0, Diff: 0, Sum: 0, Workers: 4
[34.665s][debug][gc,phases      ] GC(77)     Total                          Min: 10944, Avg: 11589.2, Max: 12992, Diff: 2048, Sum: 46357, Workers: 4
[34.665s][debug][gc,phases      ] GC(77)   ResolvedMethodTable Weak       Min:  0.0, Avg:  0.0, Max:  0.0, Diff:  0.0, Sum:  0.1, Workers: 4
[34.665s][debug][gc,phases      ] GC(77)     Dead                           Min: 0, Avg:  0.0, Max: 0, Diff: 0, Sum: 0, Workers: 4
[34.665s][debug][gc,phases      ] GC(77)     Total                          Min: 1727, Avg: 1920.2, Max: 2112, Diff: 385, Sum: 7681, Workers: 4
[34.665s][debug][gc,phases      ] GC(77)   JNI Weak                       Min:  0.0, Avg:  0.0, Max:  0.0, Diff:  0.0, Sum:  0.0, Workers: 4
[34.665s][debug][gc,phases      ] GC(77)     Dead                           Min: 0, Avg:  0.0, Max: 0, Diff: 0, Sum: 0, Workers: 4
[34.665s][debug][gc,phases      ] GC(77)     Total                          Min: 0, Avg:  2.2, Max: 9, Diff: 9, Sum: 9, Workers: 4
[34.665s][debug][gc,phases      ] GC(77)   StringDedup Table Weak         Min:  0.0, Avg:  0.0, Max:  0.0, Diff:  0.0, Sum:  0.0, Workers: 4
[34.665s][debug][gc,phases      ] GC(77)     Dead                           Min: 0, Avg:  0.0, Max: 0, Diff: 0, Sum: 0, Workers: 4
[34.665s][debug][gc,phases      ] GC(77)     Total                          Min: 0, Avg:  0.0, Max: 0, Diff: 0, Sum: 0, Workers: 4
[34.665s][debug][gc,phases      ] GC(77)   StringDedup Requests0 Weak     Min:  0.0, Avg:  0.0, Max:  0.0, Diff:  0.0, Sum:  0.0, Workers: 4
[34.665s][debug][gc,phases      ] GC(77)     Dead                           Min: 0, Avg:  0.0, Max: 0, Diff: 0, Sum: 0, Workers: 4
[34.665s][debug][gc,phases      ] GC(77)     Total                          Min: 0, Avg:  0.0, Max: 0, Diff: 0, Sum: 0, Workers: 4
[34.665s][debug][gc,phases      ] GC(77)   StringDedup Requests1 Weak     Min:  0.0, Avg:  0.0, Max:  0.0, Diff:  0.0, Sum:  0.0, Workers: 4
[34.665s][debug][gc,phases      ] GC(77)     Dead                           Min: 0, Avg:  0.0, Max: 0, Diff: 0, Sum: 0, Workers: 4
[34.665s][debug][gc,phases      ] GC(77)     Total                          Min: 0, Avg:  0.0, Max: 0, Diff: 0, Sum: 0, Workers: 4
[34.665s][debug][gc,phases      ] GC(77)   Weak JFR Old Object Samples    Min:  0.0, Avg:  0.0, Max:  0.0, Diff:  0.0, Sum:  0.0, Workers: 4
[34.665s][debug][gc,phases      ] GC(77)     Dead                           Min: 0, Avg:  0.0, Max: 0, Diff: 0, Sum: 0, Workers: 4
[34.665s][debug][gc,phases      ] GC(77)     Total                          Min: 0, Avg:  0.0, Max: 0, Diff: 0, Sum: 0, Workers: 4
[34.665s][debug][gc,phases      ] GC(77) Weak Processing 0.350ms
[34.665s][debug][gc,age         ] GC(77) Desired survivor size 131596288 bytes, new threshold 15 (max threshold 15)
[34.665s][info ][gc,heap        ] GC(77) PSYoungGen: 1880075K(1966592K)->51830K(1963520K) Eden: 1832960K(1832960K)->0K(1832960K) From: 47115K(133632K)->51830K(130560K)
[34.665s][info ][gc,heap        ] GC(77) ParOldGen: 413989K(473088K)->414173K(473088K)
[34.665s][info ][gc,metaspace   ] GC(77) Metaspace: 77699K(78464K)->77699K(78464K) NonClass: 66517K(66944K)->66517K(66944K) Class: 11182K(11520K)->11182K(11520K)
[34.665s][info ][gc             ] GC(77) Pause Young (Allocation Failure) 2240M->455M(2379M) 16.324ms
[34.665s][info ][gc,cpu         ] GC(77) User=0.06s Sys=0.00s Real=0.02s
[34.665s][info ][safepoint      ] Safepoint "ParallelGCFailedAllocation", Time since last: 357042068 ns, Reaching safepoint: 129202 ns, At safepoint: 16436803 ns, Total: 16566005 ns
[35.065s][info ][gc,start       ] GC(78) Pause Young (Allocation Failure)
[35.084s][debug][gc,phases      ] GC(78) Scavenge 19.468ms
[35.084s][debug][gc,ref         ] GC(78) Skipped phase 1 of Reference Processing: no references
[35.085s][debug][gc,ref         ] GC(78) ReferenceProcessor::execute queues: 1, RefProcThreadModel::Single, marks_oops_alive: false
[35.085s][debug][gc,ref         ] GC(78) Skipped phase 3 of Reference Processing: no references
[35.085s][debug][gc,ref         ] GC(78) ReferenceProcessor::execute queues: 1, RefProcThreadModel::Single, marks_oops_alive: false
[35.085s][debug][gc,phases      ] GC(78) Reference Processing 0.154ms
[35.085s][debug][gc,phases      ] GC(78)   VM Weak                        Min:  0.0, Avg:  0.0, Max:  0.0, Diff:  0.0, Sum:  0.0, Workers: 4
[35.085s][debug][gc,phases      ] GC(78)     Dead                           Min: 0, Avg:  0.0, Max: 0, Diff: 0, Sum: 0, Workers: 4
[35.085s][debug][gc,phases      ] GC(78)     Total                          Min: 0, Avg: 157.0, Max: 448, Diff: 448, Sum: 628, Workers: 4
[35.085s][debug][gc,phases      ] GC(78)   ObjectSynchronizer Weak        Min:  0.0, Avg:  0.0, Max:  0.0, Diff:  0.0, Sum:  0.0, Workers: 4
[35.085s][debug][gc,phases      ] GC(78)     Dead                           Min: 0, Avg:  0.0, Max: 0, Diff: 0, Sum: 0, Workers: 4
[35.085s][debug][gc,phases      ] GC(78)     Total                          Min: 0, Avg: 96.2, Max: 193, Diff: 193, Sum: 385, Workers: 4
[35.085s][debug][gc,phases      ] GC(78)   JVMTI Tag Weak OopStorage      Min:  0.0, Avg:  0.0, Max:  0.0, Diff:  0.0, Sum:  0.0, Workers: 4
[35.085s][debug][gc,phases      ] GC(78)     Dead                           Min: 0, Avg:  0.0, Max: 0, Diff: 0, Sum: 0, Workers: 4
[35.085s][debug][gc,phases      ] GC(78)     Total                          Min: 0, Avg:  0.0, Max: 0, Diff: 0, Sum: 0, Workers: 4
[35.085s][debug][gc,phases      ] GC(78)   StringTable Weak               Min:  0.1, Avg:  0.1, Max:  0.1, Diff:  0.0, Sum:  0.5, Workers: 4
[35.085s][debug][gc,phases      ] GC(78)     Dead                           Min: 0, Avg:  0.0, Max: 0, Diff: 0, Sum: 0, Workers: 4
[35.085s][debug][gc,phases      ] GC(78)     Total                          Min: 10816, Avg: 11591.2, Max: 12864, Diff: 2048, Sum: 46365, Workers: 4
[35.085s][debug][gc,phases      ] GC(78)   ResolvedMethodTable Weak       Min:  0.0, Avg:  0.0, Max:  0.0, Diff:  0.0, Sum:  0.1, Workers: 4
[35.085s][debug][gc,phases      ] GC(78)     Dead                           Min: 0, Avg:  0.0, Max: 0, Diff: 0, Sum: 0, Workers: 4
[35.085s][debug][gc,phases      ] GC(78)     Total                          Min: 1863, Avg: 1920.2, Max: 1984, Diff: 121, Sum: 7681, Workers: 4
[35.085s][debug][gc,phases      ] GC(78)   JNI Weak                       Min:  0.0, Avg:  0.0, Max:  0.0, Diff:  0.0, Sum:  0.0, Workers: 4
[35.085s][debug][gc,phases      ] GC(78)     Dead                           Min: 0, Avg:  0.0, Max: 0, Diff: 0, Sum: 0, Workers: 4
[35.085s][debug][gc,phases      ] GC(78)     Total                          Min: 0, Avg:  0.5, Max: 2, Diff: 2, Sum: 2, Workers: 4
[35.085s][debug][gc,phases      ] GC(78)   StringDedup Table Weak         Min:  0.0, Avg:  0.0, Max:  0.0, Diff:  0.0, Sum:  0.0, Workers: 4
[35.085s][debug][gc,phases      ] GC(78)     Dead                           Min: 0, Avg:  0.0, Max: 0, Diff: 0, Sum: 0, Workers: 4
[35.085s][debug][gc,phases      ] GC(78)     Total                          Min: 0, Avg:  0.0, Max: 0, Diff: 0, Sum: 0, Workers: 4
[35.085s][debug][gc,phases      ] GC(78)   StringDedup Requests0 Weak     Min:  0.0, Avg:  0.0, Max:  0.0, Diff:  0.0, Sum:  0.0, Workers: 4
[35.085s][debug][gc,phases      ] GC(78)     Dead                           Min: 0, Avg:  0.0, Max: 0, Diff: 0, Sum: 0, Workers: 4
[35.085s][debug][gc,phases      ] GC(78)     Total                          Min: 0, Avg:  0.0, Max: 0, Diff: 0, Sum: 0, Workers: 4
[35.085s][debug][gc,phases      ] GC(78)   StringDedup Requests1 Weak     Min:  0.0, Avg:  0.0, Max:  0.0, Diff:  0.0, Sum:  0.0, Workers: 4
[35.085s][debug][gc,phases      ] GC(78)     Dead                           Min: 0, Avg:  0.0, Max: 0, Diff: 0, Sum: 0, Workers: 4
[35.085s][debug][gc,phases      ] GC(78)     Total                          Min: 0, Avg:  0.0, Max: 0, Diff: 0, Sum: 0, Workers: 4
[35.085s][debug][gc,phases      ] GC(78)   Weak JFR Old Object Samples    Min:  0.0, Avg:  0.0, Max:  0.0, Diff:  0.0, Sum:  0.0, Workers: 4
[35.085s][debug][gc,phases      ] GC(78)     Dead                           Min: 0, Avg:  0.0, Max: 0, Diff: 0, Sum: 0, Workers: 4
[35.085s][debug][gc,phases      ] GC(78)     Total                          Min: 0, Avg:  0.0, Max: 0, Diff: 0, Sum: 0, Workers: 4
[35.085s][debug][gc,phases      ] GC(78) Weak Processing 0.354ms
[35.085s][debug][gc,age         ] GC(78) Desired survivor size 133169152 bytes, new threshold 15 (max threshold 15)
[35.085s][info ][gc,heap        ] GC(78) PSYoungGen: 1884790K(1963520K)->61439K(1965568K) Eden: 1832960K(1832960K)->0K(1837056K) From: 51830K(130560K)->61439K(128512K)
[35.085s][info ][gc,heap        ] GC(78) ParOldGen: 414173K(473088K)->414317K(473088K)
[35.085s][info ][gc,metaspace   ] GC(78) Metaspace: 77708K(78464K)->77708K(78464K) NonClass: 66524K(66944K)->66524K(66944K) Class: 11183K(11520K)->11183K(11520K)
[35.085s][info ][gc             ] GC(78) Pause Young (Allocation Failure) 2245M->464M(2381M) 20.130ms
[35.085s][info ][gc,cpu         ] GC(78) User=0.08s Sys=0.00s Real=0.02s
[35.085s][info ][safepoint      ] Safepoint "ParallelGCFailedAllocation", Time since last: 399488848 ns, Reaching safepoint: 154703 ns, At safepoint: 20272373 ns, Total: 20427076 ns
[35.572s][info ][gc,start       ] GC(79) Pause Young (Allocation Failure)
[35.598s][debug][gc,phases      ] GC(79) Scavenge 25.693ms
[35.598s][debug][gc,ref         ] GC(79) Skipped phase 1 of Reference Processing: no references
[35.598s][debug][gc,ref         ] GC(79) ReferenceProcessor::execute queues: 1, RefProcThreadModel::Single, marks_oops_alive: false
[35.598s][debug][gc,ref         ] GC(79) Skipped phase 3 of Reference Processing: no references
[35.598s][debug][gc,ref         ] GC(79) ReferenceProcessor::execute queues: 1, RefProcThreadModel::Single, marks_oops_alive: false
[35.598s][debug][gc,phases      ] GC(79) Reference Processing 0.148ms
[35.598s][debug][gc,phases      ] GC(79)   VM Weak                        Min:  0.0, Avg:  0.0, Max:  0.0, Diff:  0.0, Sum:  0.0, Workers: 4
[35.598s][debug][gc,phases      ] GC(79)     Dead                           Min: 0, Avg:  0.0, Max: 0, Diff: 0, Sum: 0, Workers: 4
[35.598s][debug][gc,phases      ] GC(79)     Total                          Min: 0, Avg: 157.0, Max: 448, Diff: 448, Sum: 628, Workers: 4
[35.598s][debug][gc,phases      ] GC(79)   ObjectSynchronizer Weak        Min:  0.0, Avg:  0.0, Max:  0.0, Diff:  0.0, Sum:  0.0, Workers: 4
[35.598s][debug][gc,phases      ] GC(79)     Dead                           Min: 0, Avg:  0.0, Max: 0, Diff: 0, Sum: 0, Workers: 4
[35.598s][debug][gc,phases      ] GC(79)     Total                          Min: 0, Avg: 96.2, Max: 192, Diff: 192, Sum: 385, Workers: 4
[35.598s][debug][gc,phases      ] GC(79)   JVMTI Tag Weak OopStorage      Min:  0.0, Avg:  0.0, Max:  0.0, Diff:  0.0, Sum:  0.0, Workers: 4
[35.598s][debug][gc,phases      ] GC(79)     Dead                           Min: 0, Avg:  0.0, Max: 0, Diff: 0, Sum: 0, Workers: 4
[35.598s][debug][gc,phases      ] GC(79)     Total                          Min: 0, Avg:  0.0, Max: 0, Diff: 0, Sum: 0, Workers: 4
[35.598s][debug][gc,phases      ] GC(79)   StringTable Weak               Min:  0.1, Avg:  0.1, Max:  0.1, Diff:  0.0, Sum:  0.5, Workers: 4
[35.598s][debug][gc,phases      ] GC(79)     Dead                           Min: 0, Avg:  0.0, Max: 0, Diff: 0, Sum: 0, Workers: 4
[35.598s][debug][gc,phases      ] GC(79)     Total                          Min: 10880, Avg: 11592.0, Max: 12160, Diff: 1280, Sum: 46368, Workers: 4
[35.598s][debug][gc,phases      ] GC(79)   ResolvedMethodTable Weak       Min:  0.0, Avg:  0.0, Max:  0.0, Diff:  0.0, Sum:  0.1, Workers: 4
[35.598s][debug][gc,phases      ] GC(79)     Dead                           Min: 0, Avg:  0.0, Max: 0, Diff: 0, Sum: 0, Workers: 4
[35.598s][debug][gc,phases      ] GC(79)     Total                          Min: 1735, Avg: 1920.8, Max: 2112, Diff: 377, Sum: 7683, Workers: 4
[35.598s][debug][gc,phases      ] GC(79)   JNI Weak                       Min:  0.0, Avg:  0.0, Max:  0.0, Diff:  0.0, Sum:  0.0, Workers: 4
[35.598s][debug][gc,phases      ] GC(79)     Dead                           Min: 0, Avg:  0.0, Max: 0, Diff: 0, Sum: 0, Workers: 4
[35.598s][debug][gc,phases      ] GC(79)     Total                          Min: 0, Avg:  1.5, Max: 6, Diff: 6, Sum: 6, Workers: 4
[35.598s][debug][gc,phases      ] GC(79)   StringDedup Table Weak         Min:  0.0, Avg:  0.0, Max:  0.0, Diff:  0.0, Sum:  0.0, Workers: 4
[35.598s][debug][gc,phases      ] GC(79)     Dead                           Min: 0, Avg:  0.0, Max: 0, Diff: 0, Sum: 0, Workers: 4
[35.598s][debug][gc,phases      ] GC(79)     Total                          Min: 0, Avg:  0.0, Max: 0, Diff: 0, Sum: 0, Workers: 4
[35.598s][debug][gc,phases      ] GC(79)   StringDedup Requests0 Weak     Min:  0.0, Avg:  0.0, Max:  0.0, Diff:  0.0, Sum:  0.0, Workers: 4
[35.598s][debug][gc,phases      ] GC(79)     Dead                           Min: 0, Avg:  0.0, Max: 0, Diff: 0, Sum: 0, Workers: 4
[35.598s][debug][gc,phases      ] GC(79)     Total                          Min: 0, Avg:  0.0, Max: 0, Diff: 0, Sum: 0, Workers: 4
[35.598s][debug][gc,phases      ] GC(79)   StringDedup Requests1 Weak     Min:  0.0, Avg:  0.0, Max:  0.0, Diff:  0.0, Sum:  0.0, Workers: 4
[35.598s][debug][gc,phases      ] GC(79)     Dead                           Min: 0, Avg:  0.0, Max: 0, Diff: 0, Sum: 0, Workers: 4
[35.598s][debug][gc,phases      ] GC(79)     Total                          Min: 0, Avg:  0.0, Max: 0, Diff: 0, Sum: 0, Workers: 4
[35.598s][debug][gc,phases      ] GC(79)   Weak JFR Old Object Samples    Min:  0.0, Avg:  0.0, Max:  0.0, Diff:  0.0, Sum:  0.0, Workers: 4
[35.598s][debug][gc,phases      ] GC(79)     Dead                           Min: 0, Avg:  0.0, Max: 0, Diff: 0, Sum: 0, Workers: 4
[35.598s][debug][gc,phases      ] GC(79)     Total                          Min: 0, Avg:  0.0, Max: 0, Diff: 0, Sum: 0, Workers: 4
[35.598s][debug][gc,phases      ] GC(79) Weak Processing 0.360ms
[35.598s][debug][gc,age         ] GC(79) Desired survivor size 138936320 bytes, new threshold 15 (max threshold 15)
[35.598s][info ][gc,heap        ] GC(79) PSYoungGen: 1898495K(1965568K)->75017K(1912320K) Eden: 1837056K(1837056K)->0K(1837056K) From: 61439K(128512K)->75017K(75264K)
[35.598s][info ][gc,heap        ] GC(79) ParOldGen: 414317K(473088K)->414509K(473088K)
[35.598s][info ][gc,metaspace   ] GC(79) Metaspace: 77719K(78464K)->77719K(78464K) NonClass: 66535K(66944K)->66535K(66944K) Class: 11184K(11520K)->11184K(11520K)
[35.598s][info ][gc             ] GC(79) Pause Young (Allocation Failure) 2258M->478M(2329M) 26.349ms
[35.598s][info ][gc,cpu         ] GC(79) User=0.10s Sys=0.00s Real=0.03s
[35.598s][info ][safepoint      ] Safepoint "ParallelGCFailedAllocation", Time since last: 486560450 ns, Reaching safepoint: 230904 ns, At safepoint: 26474287 ns, Total: 26705191 ns
[35.987s][info ][gc,start       ] GC(80) Pause Young (Allocation Failure)
[36.010s][debug][gc,phases      ] GC(80) Scavenge 22.957ms
[36.010s][debug][gc,ref         ] GC(80) Skipped phase 1 of Reference Processing: no references
[36.010s][debug][gc,ref         ] GC(80) ReferenceProcessor::execute queues: 1, RefProcThreadModel::Single, marks_oops_alive: false
[36.010s][debug][gc,ref         ] GC(80) Skipped phase 3 of Reference Processing: no references
[36.010s][debug][gc,ref         ] GC(80) ReferenceProcessor::execute queues: 1, RefProcThreadModel::Single, marks_oops_alive: false
[36.010s][debug][gc,phases      ] GC(80) Reference Processing 0.159ms
[36.010s][debug][gc,phases      ] GC(80)   VM Weak                        Min:  0.0, Avg:  0.0, Max:  0.0, Diff:  0.0, Sum:  0.0, Workers: 4
[36.010s][debug][gc,phases      ] GC(80)     Dead                           Min: 0, Avg:  0.0, Max: 0, Diff: 0, Sum: 0, Workers: 4
[36.010s][debug][gc,phases      ] GC(80)     Total                          Min: 0, Avg: 157.2, Max: 565, Diff: 565, Sum: 629, Workers: 4
[36.010s][debug][gc,phases      ] GC(80)   ObjectSynchronizer Weak        Min:  0.0, Avg:  0.0, Max:  0.0, Diff:  0.0, Sum:  0.0, Workers: 4
[36.010s][debug][gc,phases      ] GC(80)     Dead                           Min: 0, Avg:  0.0, Max: 0, Diff: 0, Sum: 0, Workers: 4
[36.010s][debug][gc,phases      ] GC(80)     Total                          Min: 0, Avg: 96.2, Max: 256, Diff: 256, Sum: 385, Workers: 4
[36.010s][debug][gc,phases      ] GC(80)   JVMTI Tag Weak OopStorage      Min:  0.0, Avg:  0.0, Max:  0.0, Diff:  0.0, Sum:  0.0, Workers: 4
[36.010s][debug][gc,phases      ] GC(80)     Dead                           Min: 0, Avg:  0.0, Max: 0, Diff: 0, Sum: 0, Workers: 4
[36.010s][debug][gc,phases      ] GC(80)     Total                          Min: 0, Avg:  0.0, Max: 0, Diff: 0, Sum: 0, Workers: 4
[36.010s][debug][gc,phases      ] GC(80)   StringTable Weak               Min:  0.1, Avg:  0.1, Max:  0.1, Diff:  0.0, Sum:  0.6, Workers: 4
[36.010s][debug][gc,phases      ] GC(80)     Dead                           Min: 0, Avg:  0.0, Max: 0, Diff: 0, Sum: 0, Workers: 4
[36.010s][debug][gc,phases      ] GC(80)     Total                          Min: 10880, Avg: 11596.8, Max: 12288, Diff: 1408, Sum: 46387, Workers: 4
[36.010s][debug][gc,phases      ] GC(80)   ResolvedMethodTable Weak       Min:  0.0, Avg:  0.0, Max:  0.0, Diff:  0.0, Sum:  0.1, Workers: 4
[36.010s][debug][gc,phases      ] GC(80)     Dead                           Min: 0, Avg:  0.0, Max: 0, Diff: 0, Sum: 0, Workers: 4
[36.010s][debug][gc,phases      ] GC(80)     Total                          Min: 1792, Avg: 1926.5, Max: 2012, Diff: 220, Sum: 7706, Workers: 4
[36.010s][debug][gc,phases      ] GC(80)   JNI Weak                       Min:  0.0, Avg:  0.0, Max:  0.0, Diff:  0.0, Sum:  0.0, Workers: 4
[36.010s][debug][gc,phases      ] GC(80)     Dead                           Min: 0, Avg:  0.0, Max: 0, Diff: 0, Sum: 0, Workers: 4
[36.010s][debug][gc,phases      ] GC(80)     Total                          Min: 0, Avg:  3.2, Max: 13, Diff: 13, Sum: 13, Workers: 4
[36.010s][debug][gc,phases      ] GC(80)   StringDedup Table Weak         Min:  0.0, Avg:  0.0, Max:  0.0, Diff:  0.0, Sum:  0.0, Workers: 4
[36.010s][debug][gc,phases      ] GC(80)     Dead                           Min: 0, Avg:  0.0, Max: 0, Diff: 0, Sum: 0, Workers: 4
[36.010s][debug][gc,phases      ] GC(80)     Total                          Min: 0, Avg:  0.0, Max: 0, Diff: 0, Sum: 0, Workers: 4
[36.010s][debug][gc,phases      ] GC(80)   StringDedup Requests0 Weak     Min:  0.0, Avg:  0.0, Max:  0.0, Diff:  0.0, Sum:  0.0, Workers: 4
[36.010s][debug][gc,phases      ] GC(80)     Dead                           Min: 0, Avg:  0.0, Max: 0, Diff: 0, Sum: 0, Workers: 4
[36.010s][debug][gc,phases      ] GC(80)     Total                          Min: 0, Avg:  0.0, Max: 0, Diff: 0, Sum: 0, Workers: 4
[36.010s][debug][gc,phases      ] GC(80)   StringDedup Requests1 Weak     Min:  0.0, Avg:  0.0, Max:  0.0, Diff:  0.0, Sum:  0.0, Workers: 4
[36.010s][debug][gc,phases      ] GC(80)     Dead                           Min: 0, Avg:  0.0, Max: 0, Diff: 0, Sum: 0, Workers: 4
[36.010s][debug][gc,phases      ] GC(80)     Total                          Min: 0, Avg:  0.0, Max: 0, Diff: 0, Sum: 0, Workers: 4
[36.010s][debug][gc,phases      ] GC(80)   Weak JFR Old Object Samples    Min:  0.0, Avg:  0.0, Max:  0.0, Diff:  0.0, Sum:  0.0, Workers: 4
[36.010s][debug][gc,phases      ] GC(80)     Dead                           Min: 0, Avg:  0.0, Max: 0, Diff: 0, Sum: 0, Workers: 4
[36.010s][debug][gc,phases      ] GC(80)     Total                          Min: 0, Avg:  0.0, Max: 0, Diff: 0, Sum: 0, Workers: 4
[36.010s][debug][gc,phases      ] GC(80) Weak Processing 0.370ms
[36.010s][debug][gc,age         ] GC(80) Desired survivor size 144179200 bytes, new threshold 15 (max threshold 15)
[36.010s][info ][gc,heap        ] GC(80) PSYoungGen: 1912073K(1912320K)->79035K(1951232K) Eden: 1837056K(1837056K)->0K(1815552K) From: 75017K(75264K)->79035K(135680K)
[36.010s][info ][gc,heap        ] GC(80) ParOldGen: 414509K(473088K)->415085K(473088K)
[36.010s][info ][gc,metaspace   ] GC(80) Metaspace: 77798K(78592K)->77798K(78592K) NonClass: 66601K(67008K)->66601K(67008K) Class: 11197K(11584K)->11197K(11584K)
[36.010s][info ][gc             ] GC(80) Pause Young (Allocation Failure) 2272M->482M(2367M) 23.627ms
[36.010s][info ][gc,cpu         ] GC(80) User=0.09s Sys=0.00s Real=0.03s
[36.010s][info ][safepoint      ] Safepoint "ParallelGCFailedAllocation", Time since last: 387957137 ns, Reaching safepoint: 170503 ns, At safepoint: 23740336 ns, Total: 23910839 ns
[36.193s][info ][safepoint      ] Safepoint "ICBufferFull", Time since last: 182439156 ns, Reaching safepoint: 304206 ns, At safepoint: 32701 ns, Total: 336907 ns
[36.395s][info ][safepoint      ] Safepoint "ICBufferFull", Time since last: 201726310 ns, Reaching safepoint: 263205 ns, At safepoint: 29001 ns, Total: 292206 ns
[36.502s][info ][gc,start       ] GC(81) Pause Young (Allocation Failure)
[36.525s][debug][gc,phases      ] GC(81) Scavenge 22.878ms
[36.525s][debug][gc,ref         ] GC(81) Skipped phase 1 of Reference Processing: no references
[36.525s][debug][gc,ref         ] GC(81) ReferenceProcessor::execute queues: 1, RefProcThreadModel::Single, marks_oops_alive: false
[36.525s][debug][gc,ref         ] GC(81) Skipped phase 3 of Reference Processing: no references
[36.525s][debug][gc,ref         ] GC(81) ReferenceProcessor::execute queues: 1, RefProcThreadModel::Single, marks_oops_alive: false
[36.525s][debug][gc,phases      ] GC(81) Reference Processing 0.165ms
[36.526s][debug][gc,phases      ] GC(81)   VM Weak                        Min:  0.0, Avg:  0.0, Max:  0.0, Diff:  0.0, Sum:  0.0, Workers: 4
[36.526s][debug][gc,phases      ] GC(81)     Dead                           Min: 0, Avg:  0.0, Max: 0, Diff: 0, Sum: 0, Workers: 4
[36.526s][debug][gc,phases      ] GC(81)     Total                          Min: 0, Avg: 159.5, Max: 638, Diff: 638, Sum: 638, Workers: 4
[36.526s][debug][gc,phases      ] GC(81)   ObjectSynchronizer Weak        Min:  0.0, Avg:  0.0, Max:  0.0, Diff:  0.0, Sum:  0.0, Workers: 4
[36.526s][debug][gc,phases      ] GC(81)     Dead                           Min: 0, Avg:  0.0, Max: 0, Diff: 0, Sum: 0, Workers: 4
[36.526s][debug][gc,phases      ] GC(81)     Total                          Min: 0, Avg: 96.2, Max: 384, Diff: 384, Sum: 385, Workers: 4
[36.526s][debug][gc,phases      ] GC(81)   JVMTI Tag Weak OopStorage      Min:  0.0, Avg:  0.0, Max:  0.0, Diff:  0.0, Sum:  0.0, Workers: 4
[36.526s][debug][gc,phases      ] GC(81)     Dead                           Min: 0, Avg:  0.0, Max: 0, Diff: 0, Sum: 0, Workers: 4
[36.526s][debug][gc,phases      ] GC(81)     Total                          Min: 0, Avg:  0.0, Max: 0, Diff: 0, Sum: 0, Workers: 4
[36.526s][debug][gc,phases      ] GC(81)   StringTable Weak               Min:  0.1, Avg:  0.1, Max:  0.1, Diff:  0.0, Sum:  0.5, Workers: 4
[36.526s][debug][gc,phases      ] GC(81)     Dead                           Min: 0, Avg:  0.2, Max: 1, Diff: 1, Sum: 1, Workers: 4
[36.526s][debug][gc,phases      ] GC(81)     Total                          Min: 10240, Avg: 11627.0, Max: 13056, Diff: 2816, Sum: 46508, Workers: 4
[36.526s][debug][gc,phases      ] GC(81)   ResolvedMethodTable Weak       Min:  0.0, Avg:  0.0, Max:  0.0, Diff:  0.0, Sum:  0.1, Workers: 4
[36.526s][debug][gc,phases      ] GC(81)     Dead                           Min: 0, Avg:  0.0, Max: 0, Diff: 0, Sum: 0, Workers: 4
[36.526s][debug][gc,phases      ] GC(81)     Total                          Min: 1598, Avg: 1948.5, Max: 2358, Diff: 760, Sum: 7794, Workers: 4
[36.526s][debug][gc,phases      ] GC(81)   JNI Weak                       Min:  0.0, Avg:  0.0, Max:  0.0, Diff:  0.0, Sum:  0.0, Workers: 4
[36.526s][debug][gc,phases      ] GC(81)     Dead                           Min: 0, Avg:  0.0, Max: 0, Diff: 0, Sum: 0, Workers: 4
[36.526s][debug][gc,phases      ] GC(81)     Total                          Min: 0, Avg:  9.8, Max: 39, Diff: 39, Sum: 39, Workers: 4
[36.526s][debug][gc,phases      ] GC(81)   StringDedup Table Weak         Min:  0.0, Avg:  0.0, Max:  0.0, Diff:  0.0, Sum:  0.0, Workers: 4
[36.526s][debug][gc,phases      ] GC(81)     Dead                           Min: 0, Avg:  0.0, Max: 0, Diff: 0, Sum: 0, Workers: 4
[36.526s][debug][gc,phases      ] GC(81)     Total                          Min: 0, Avg:  0.0, Max: 0, Diff: 0, Sum: 0, Workers: 4
[36.526s][debug][gc,phases      ] GC(81)   StringDedup Requests0 Weak     Min:  0.0, Avg:  0.0, Max:  0.0, Diff:  0.0, Sum:  0.0, Workers: 4
[36.526s][debug][gc,phases      ] GC(81)     Dead                           Min: 0, Avg:  0.0, Max: 0, Diff: 0, Sum: 0, Workers: 4
[36.526s][debug][gc,phases      ] GC(81)     Total                          Min: 0, Avg:  0.0, Max: 0, Diff: 0, Sum: 0, Workers: 4
[36.526s][debug][gc,phases      ] GC(81)   StringDedup Requests1 Weak     Min:  0.0, Avg:  0.0, Max:  0.0, Diff:  0.0, Sum:  0.0, Workers: 4
[36.526s][debug][gc,phases      ] GC(81)     Dead                           Min: 0, Avg:  0.0, Max: 0, Diff: 0, Sum: 0, Workers: 4
[36.526s][debug][gc,phases      ] GC(81)     Total                          Min: 0, Avg:  0.0, Max: 0, Diff: 0, Sum: 0, Workers: 4
[36.526s][debug][gc,phases      ] GC(81)   Weak JFR Old Object Samples    Min:  0.0, Avg:  0.0, Max:  0.0, Diff:  0.0, Sum:  0.0, Workers: 4
[36.526s][debug][gc,phases      ] GC(81)     Dead                           Min: 0, Avg:  0.0, Max: 0, Diff: 0, Sum: 0, Workers: 4
[36.526s][debug][gc,phases      ] GC(81)     Total                          Min: 0, Avg:  0.0, Max: 0, Diff: 0, Sum: 0, Workers: 4
[36.526s][debug][gc,phases      ] GC(81) Weak Processing 0.360ms
[36.526s][debug][gc,age         ] GC(81) Desired survivor size 147849216 bytes, new threshold 15 (max threshold 15)
[36.526s][info ][gc,heap        ] GC(81) PSYoungGen: 1894587K(1951232K)->78644K(1894400K) Eden: 1815552K(1815552K)->0K(1815552K) From: 79035K(135680K)->78644K(78848K)
[36.526s][info ][gc,heap        ] GC(81) ParOldGen: 415085K(473088K)->416770K(473088K)
[36.526s][info ][gc,metaspace   ] GC(81) Metaspace: 78313K(79168K)->78313K(79168K) NonClass: 67037K(67520K)->67037K(67520K) Class: 11276K(11648K)->11276K(11648K)
[36.526s][info ][gc             ] GC(81) Pause Young (Allocation Failure) 2255M->483M(2312M) 23.558ms
[36.526s][info ][gc,cpu         ] GC(81) User=0.10s Sys=0.00s Real=0.02s
[36.526s][info ][safepoint      ] Safepoint "ParallelGCFailedAllocation", Time since last: 107070969 ns, Reaching safepoint: 175403 ns, At safepoint: 23672036 ns, Total: 23847439 ns
[36.829s][info ][safepoint      ] Safepoint "ICBufferFull", Time since last: 302572866 ns, Reaching safepoint: 277205 ns, At safepoint: 33201 ns, Total: 310406 ns
[36.963s][info ][safepoint      ] Safepoint "ParallelGCFailedAllocation", Time since last: 133476955 ns, Reaching safepoint: 216004 ns, At safepoint: 30300 ns, Total: 246304 ns
[36.964s][info ][gc,start       ] GC(82) Pause Young (GCLocker Initiated GC)
[36.986s][debug][gc,phases      ] GC(82) Scavenge 22.509ms
[36.986s][debug][gc,ref         ] GC(82) Skipped phase 1 of Reference Processing: no references
[36.986s][debug][gc,ref         ] GC(82) ReferenceProcessor::execute queues: 1, RefProcThreadModel::Single, marks_oops_alive: false
[36.986s][debug][gc,ref         ] GC(82) Skipped phase 3 of Reference Processing: no references
[36.986s][debug][gc,ref         ] GC(82) ReferenceProcessor::execute queues: 1, RefProcThreadModel::Single, marks_oops_alive: false
[36.986s][debug][gc,phases      ] GC(82) Reference Processing 0.161ms
[36.987s][debug][gc,phases      ] GC(82)   VM Weak                        Min:  0.0, Avg:  0.0, Max:  0.0, Diff:  0.0, Sum:  0.0, Workers: 4
[36.987s][debug][gc,phases      ] GC(82)     Dead                           Min: 0, Avg:  0.0, Max: 0, Diff: 0, Sum: 0, Workers: 4
[36.987s][debug][gc,phases      ] GC(82)     Total                          Min: 0, Avg: 160.2, Max: 640, Diff: 640, Sum: 641, Workers: 4
[36.987s][debug][gc,phases      ] GC(82)   ObjectSynchronizer Weak        Min:  0.0, Avg:  0.0, Max:  0.0, Diff:  0.0, Sum:  0.0, Workers: 4
[36.987s][debug][gc,phases      ] GC(82)     Dead                           Min: 0, Avg:  0.0, Max: 0, Diff: 0, Sum: 0, Workers: 4
[36.987s][debug][gc,phases      ] GC(82)     Total                          Min: 0, Avg: 96.2, Max: 193, Diff: 193, Sum: 385, Workers: 4
[36.987s][debug][gc,phases      ] GC(82)   JVMTI Tag Weak OopStorage      Min:  0.0, Avg:  0.0, Max:  0.0, Diff:  0.0, Sum:  0.0, Workers: 4
[36.987s][debug][gc,phases      ] GC(82)     Dead                           Min: 0, Avg:  0.0, Max: 0, Diff: 0, Sum: 0, Workers: 4
[36.987s][debug][gc,phases      ] GC(82)     Total                          Min: 0, Avg:  0.0, Max: 0, Diff: 0, Sum: 0, Workers: 4
[36.987s][debug][gc,phases      ] GC(82)   StringTable Weak               Min:  0.1, Avg:  0.1, Max:  0.1, Diff:  0.0, Sum:  0.6, Workers: 4
[36.987s][debug][gc,phases      ] GC(82)     Dead                           Min: 0, Avg:  0.2, Max: 1, Diff: 1, Sum: 1, Workers: 4
[36.987s][debug][gc,phases      ] GC(82)     Total                          Min: 11136, Avg: 11641.2, Max: 12160, Diff: 1024, Sum: 46565, Workers: 4
[36.987s][debug][gc,phases      ] GC(82)   ResolvedMethodTable Weak       Min:  0.0, Avg:  0.0, Max:  0.0, Diff:  0.0, Sum:  0.1, Workers: 4
[36.987s][debug][gc,phases      ] GC(82)     Dead                           Min: 0, Avg:  4.5, Max: 18, Diff: 18, Sum: 18, Workers: 4
[36.987s][debug][gc,phases      ] GC(82)     Total                          Min: 1786, Avg: 1959.2, Max: 2212, Diff: 426, Sum: 7837, Workers: 4
[36.987s][debug][gc,phases      ] GC(82)   JNI Weak                       Min:  0.0, Avg:  0.0, Max:  0.0, Diff:  0.0, Sum:  0.0, Workers: 4
[36.987s][debug][gc,phases      ] GC(82)     Dead                           Min: 0, Avg:  0.0, Max: 0, Diff: 0, Sum: 0, Workers: 4
[36.987s][debug][gc,phases      ] GC(82)     Total                          Min: 0, Avg:  9.8, Max: 39, Diff: 39, Sum: 39, Workers: 4
[36.987s][debug][gc,phases      ] GC(82)   StringDedup Table Weak         Min:  0.0, Avg:  0.0, Max:  0.0, Diff:  0.0, Sum:  0.0, Workers: 4
[36.987s][debug][gc,phases      ] GC(82)     Dead                           Min: 0, Avg:  0.0, Max: 0, Diff: 0, Sum: 0, Workers: 4
[36.987s][debug][gc,phases      ] GC(82)     Total                          Min: 0, Avg:  0.0, Max: 0, Diff: 0, Sum: 0, Workers: 4
[36.987s][debug][gc,phases      ] GC(82)   StringDedup Requests0 Weak     Min:  0.0, Avg:  0.0, Max:  0.0, Diff:  0.0, Sum:  0.0, Workers: 4
[36.987s][debug][gc,phases      ] GC(82)     Dead                           Min: 0, Avg:  0.0, Max: 0, Diff: 0, Sum: 0, Workers: 4
[36.987s][debug][gc,phases      ] GC(82)     Total                          Min: 0, Avg:  0.0, Max: 0, Diff: 0, Sum: 0, Workers: 4
[36.987s][debug][gc,phases      ] GC(82)   StringDedup Requests1 Weak     Min:  0.0, Avg:  0.0, Max:  0.0, Diff:  0.0, Sum:  0.0, Workers: 4
[36.987s][debug][gc,phases      ] GC(82)     Dead                           Min: 0, Avg:  0.0, Max: 0, Diff: 0, Sum: 0, Workers: 4
[36.987s][debug][gc,phases      ] GC(82)     Total                          Min: 0, Avg:  0.0, Max: 0, Diff: 0, Sum: 0, Workers: 4
[36.987s][debug][gc,phases      ] GC(82)   Weak JFR Old Object Samples    Min:  0.0, Avg:  0.0, Max:  0.0, Diff:  0.0, Sum:  0.0, Workers: 4
[36.987s][debug][gc,phases      ] GC(82)     Dead                           Min: 0, Avg:  0.0, Max: 0, Diff: 0, Sum: 0, Workers: 4
[36.987s][debug][gc,phases      ] GC(82)     Total                          Min: 0, Avg:  0.0, Max: 0, Diff: 0, Sum: 0, Workers: 4
[36.987s][debug][gc,phases      ] GC(82) Weak Processing 0.368ms
[36.987s][debug][gc,age         ] GC(82) Desired survivor size 150470656 bytes, new threshold 15 (max threshold 15)
[36.987s][info ][gc,heap        ] GC(82) PSYoungGen: 1894196K(1894400K)->79527K(1947648K) Eden: 1815552K(1815552K)->0K(1803264K) From: 78644K(78848K)->79527K(144384K)
[36.987s][info ][gc,heap        ] GC(82) ParOldGen: 416770K(473088K)->416986K(473088K)
[36.987s][info ][gc,metaspace   ] GC(82) Metaspace: 78763K(79552K)->78763K(79552K) NonClass: 67455K(67904K)->67455K(67904K) Class: 11308K(11648K)->11308K(11648K)
[36.987s][info ][gc             ] GC(82) Pause Young (GCLocker Initiated GC) 2256M->484M(2364M) 23.189ms
[36.987s][info ][gc,cpu         ] GC(82) User=0.09s Sys=0.00s Real=0.02s
[36.987s][info ][safepoint      ] Safepoint "ParallelGCSystemGC", Time since last: 574811 ns, Reaching safepoint: 315106 ns, At safepoint: 23307029 ns, Total: 23622135 ns
[37.435s][info ][gc,start       ] GC(83) Pause Young (Allocation Failure)
[37.456s][debug][gc,phases      ] GC(83) Scavenge 21.935ms
[37.457s][debug][gc,ref         ] GC(83) Skipped phase 1 of Reference Processing: no references
[37.457s][debug][gc,ref         ] GC(83) ReferenceProcessor::execute queues: 1, RefProcThreadModel::Single, marks_oops_alive: false
[37.457s][debug][gc,ref         ] GC(83) Skipped phase 3 of Reference Processing: no references
[37.457s][debug][gc,ref         ] GC(83) ReferenceProcessor::execute queues: 1, RefProcThreadModel::Single, marks_oops_alive: false
[37.457s][debug][gc,phases      ] GC(83) Reference Processing 0.170ms
[37.457s][debug][gc,phases      ] GC(83)   VM Weak                        Min:  0.0, Avg:  0.0, Max:  0.0, Diff:  0.0, Sum:  0.0, Workers: 4
[37.457s][debug][gc,phases      ] GC(83)     Dead                           Min: 0, Avg:  0.0, Max: 0, Diff: 0, Sum: 0, Workers: 4
[37.457s][debug][gc,phases      ] GC(83)     Total                          Min: 0, Avg: 160.2, Max: 448, Diff: 448, Sum: 641, Workers: 4
[37.457s][debug][gc,phases      ] GC(83)   ObjectSynchronizer Weak        Min:  0.0, Avg:  0.0, Max:  0.0, Diff:  0.0, Sum:  0.0, Workers: 4
[37.457s][debug][gc,phases      ] GC(83)     Dead                           Min: 0, Avg:  0.0, Max: 0, Diff: 0, Sum: 0, Workers: 4
[37.457s][debug][gc,phases      ] GC(83)     Total                          Min: 0, Avg: 96.2, Max: 193, Diff: 193, Sum: 385, Workers: 4
[37.457s][debug][gc,phases      ] GC(83)   JVMTI Tag Weak OopStorage      Min:  0.0, Avg:  0.0, Max:  0.0, Diff:  0.0, Sum:  0.0, Workers: 4
[37.457s][debug][gc,phases      ] GC(83)     Dead                           Min: 0, Avg:  0.0, Max: 0, Diff: 0, Sum: 0, Workers: 4
[37.457s][debug][gc,phases      ] GC(83)     Total                          Min: 0, Avg:  0.0, Max: 0, Diff: 0, Sum: 0, Workers: 4
[37.457s][debug][gc,phases      ] GC(83)   StringTable Weak               Min:  0.1, Avg:  0.1, Max:  0.1, Diff:  0.0, Sum:  0.5, Workers: 4
[37.457s][debug][gc,phases      ] GC(83)     Dead                           Min: 0, Avg:  0.0, Max: 0, Diff: 0, Sum: 0, Workers: 4
[37.457s][debug][gc,phases      ] GC(83)     Total                          Min: 10304, Avg: 11643.0, Max: 12588, Diff: 2284, Sum: 46572, Workers: 4
[37.457s][debug][gc,phases      ] GC(83)   ResolvedMethodTable Weak       Min:  0.0, Avg:  0.0, Max:  0.0, Diff:  0.0, Sum:  0.1, Workers: 4
[37.457s][debug][gc,phases      ] GC(83)     Dead                           Min: 0, Avg:  0.0, Max: 0, Diff: 0, Sum: 0, Workers: 4
[37.457s][debug][gc,phases      ] GC(83)     Total                          Min: 1856, Avg: 1959.8, Max: 2083, Diff: 227, Sum: 7839, Workers: 4
[37.457s][debug][gc,phases      ] GC(83)   JNI Weak                       Min:  0.0, Avg:  0.0, Max:  0.0, Diff:  0.0, Sum:  0.0, Workers: 4
[37.457s][debug][gc,phases      ] GC(83)     Dead                           Min: 0, Avg:  0.0, Max: 0, Diff: 0, Sum: 0, Workers: 4
[37.457s][debug][gc,phases      ] GC(83)     Total                          Min: 0, Avg:  4.5, Max: 18, Diff: 18, Sum: 18, Workers: 4
[37.457s][debug][gc,phases      ] GC(83)   StringDedup Table Weak         Min:  0.0, Avg:  0.0, Max:  0.0, Diff:  0.0, Sum:  0.0, Workers: 4
[37.457s][debug][gc,phases      ] GC(83)     Dead                           Min: 0, Avg:  0.0, Max: 0, Diff: 0, Sum: 0, Workers: 4
[37.457s][debug][gc,phases      ] GC(83)     Total                          Min: 0, Avg:  0.0, Max: 0, Diff: 0, Sum: 0, Workers: 4
[37.457s][debug][gc,phases      ] GC(83)   StringDedup Requests0 Weak     Min:  0.0, Avg:  0.0, Max:  0.0, Diff:  0.0, Sum:  0.0, Workers: 4
[37.457s][debug][gc,phases      ] GC(83)     Dead                           Min: 0, Avg:  0.0, Max: 0, Diff: 0, Sum: 0, Workers: 4
[37.457s][debug][gc,phases      ] GC(83)     Total                          Min: 0, Avg:  0.0, Max: 0, Diff: 0, Sum: 0, Workers: 4
[37.457s][debug][gc,phases      ] GC(83)   StringDedup Requests1 Weak     Min:  0.0, Avg:  0.0, Max:  0.0, Diff:  0.0, Sum:  0.0, Workers: 4
[37.457s][debug][gc,phases      ] GC(83)     Dead                           Min: 0, Avg:  0.0, Max: 0, Diff: 0, Sum: 0, Workers: 4
[37.457s][debug][gc,phases      ] GC(83)     Total                          Min: 0, Avg:  0.0, Max: 0, Diff: 0, Sum: 0, Workers: 4
[37.457s][debug][gc,phases      ] GC(83)   Weak JFR Old Object Samples    Min:  0.0, Avg:  0.0, Max:  0.0, Diff:  0.0, Sum:  0.0, Workers: 4
[37.457s][debug][gc,phases      ] GC(83)     Dead                           Min: 0, Avg:  0.0, Max: 0, Diff: 0, Sum: 0, Workers: 4
[37.457s][debug][gc,phases      ] GC(83)     Total                          Min: 0, Avg:  0.0, Max: 0, Diff: 0, Sum: 0, Workers: 4
[37.457s][debug][gc,phases      ] GC(83) Weak Processing 0.352ms
[37.457s][debug][gc,age         ] GC(83) Desired survivor size 152043520 bytes, new threshold 15 (max threshold 15)
[37.457s][info ][gc,heap        ] GC(83) PSYoungGen: 1882791K(1947648K)->79968K(1883648K) Eden: 1803264K(1803264K)->0K(1803264K) From: 79527K(144384K)->79968K(80384K)
[37.457s][info ][gc,heap        ] GC(83) ParOldGen: 416988K(473088K)->417180K(473088K)
[37.457s][info ][gc,metaspace   ] GC(83) Metaspace: 78873K(79680K)->78873K(79680K) NonClass: 67563K(67968K)->67563K(67968K) Class: 11310K(11712K)->11310K(11712K)
[37.457s][info ][gc             ] GC(83) Pause Young (Allocation Failure) 2245M->485M(2301M) 22.612ms
[37.457s][info ][gc,cpu         ] GC(83) User=0.09s Sys=0.00s Real=0.02s
[37.457s][info ][safepoint      ] Safepoint "ParallelGCFailedAllocation", Time since last: 445363892 ns, Reaching safepoint: 2297443 ns, At safepoint: 22739318 ns, Total: 25036761 ns
[37.879s][info ][gc,start       ] GC(84) Pause Young (Allocation Failure)
[37.903s][debug][gc,phases      ] GC(84) Scavenge 24.633ms
[37.903s][debug][gc,ref         ] GC(84) Skipped phase 1 of Reference Processing: no references
[37.903s][debug][gc,ref         ] GC(84) ReferenceProcessor::execute queues: 1, RefProcThreadModel::Single, marks_oops_alive: false
[37.903s][debug][gc,ref         ] GC(84) Skipped phase 3 of Reference Processing: no references
[37.903s][debug][gc,ref         ] GC(84) ReferenceProcessor::execute queues: 1, RefProcThreadModel::Single, marks_oops_alive: false
[37.903s][debug][gc,phases      ] GC(84) Reference Processing 0.183ms
[37.904s][debug][gc,phases      ] GC(84)   VM Weak                        Min:  0.0, Avg:  0.0, Max:  0.0, Diff:  0.0, Sum:  0.0, Workers: 4
[37.904s][debug][gc,phases      ] GC(84)     Dead                           Min: 0, Avg:  0.0, Max: 0, Diff: 0, Sum: 0, Workers: 4
[37.904s][debug][gc,phases      ] GC(84)     Total                          Min: 0, Avg: 160.2, Max: 512, Diff: 512, Sum: 641, Workers: 4
[37.904s][debug][gc,phases      ] GC(84)   ObjectSynchronizer Weak        Min:  0.0, Avg:  0.0, Max:  0.0, Diff:  0.0, Sum:  0.0, Workers: 4
[37.904s][debug][gc,phases      ] GC(84)     Dead                           Min: 0, Avg:  0.0, Max: 0, Diff: 0, Sum: 0, Workers: 4
[37.904s][debug][gc,phases      ] GC(84)     Total                          Min: 0, Avg: 96.5, Max: 256, Diff: 256, Sum: 386, Workers: 4
[37.904s][debug][gc,phases      ] GC(84)   JVMTI Tag Weak OopStorage      Min:  0.0, Avg:  0.0, Max:  0.0, Diff:  0.0, Sum:  0.0, Workers: 4
[37.904s][debug][gc,phases      ] GC(84)     Dead                           Min: 0, Avg:  0.0, Max: 0, Diff: 0, Sum: 0, Workers: 4
[37.904s][debug][gc,phases      ] GC(84)     Total                          Min: 0, Avg:  0.0, Max: 0, Diff: 0, Sum: 0, Workers: 4
[37.904s][debug][gc,phases      ] GC(84)   StringTable Weak               Min:  0.1, Avg:  0.1, Max:  0.1, Diff:  0.0, Sum:  0.6, Workers: 4
[37.904s][debug][gc,phases      ] GC(84)     Dead                           Min: 0, Avg:  0.0, Max: 0, Diff: 0, Sum: 0, Workers: 4
[37.904s][debug][gc,phases      ] GC(84)     Total                          Min: 11069, Avg: 11647.2, Max: 12928, Diff: 1859, Sum: 46589, Workers: 4
[37.904s][debug][gc,phases      ] GC(84)   ResolvedMethodTable Weak       Min:  0.0, Avg:  0.0, Max:  0.0, Diff:  0.0, Sum:  0.1, Workers: 4
[37.904s][debug][gc,phases      ] GC(84)     Dead                           Min: 0, Avg:  0.0, Max: 0, Diff: 0, Sum: 0, Workers: 4
[37.904s][debug][gc,phases      ] GC(84)     Total                          Min: 1600, Avg: 1960.2, Max: 2216, Diff: 616, Sum: 7841, Workers: 4
[37.904s][debug][gc,phases      ] GC(84)   JNI Weak                       Min:  0.0, Avg:  0.0, Max:  0.0, Diff:  0.0, Sum:  0.0, Workers: 4
[37.904s][debug][gc,phases      ] GC(84)     Dead                           Min: 0, Avg:  0.0, Max: 0, Diff: 0, Sum: 0, Workers: 4
[37.904s][debug][gc,phases      ] GC(84)     Total                          Min: 0, Avg:  4.8, Max: 19, Diff: 19, Sum: 19, Workers: 4
[37.904s][debug][gc,phases      ] GC(84)   StringDedup Table Weak         Min:  0.0, Avg:  0.0, Max:  0.0, Diff:  0.0, Sum:  0.0, Workers: 4
[37.904s][debug][gc,phases      ] GC(84)     Dead                           Min: 0, Avg:  0.0, Max: 0, Diff: 0, Sum: 0, Workers: 4
[37.904s][debug][gc,phases      ] GC(84)     Total                          Min: 0, Avg:  0.0, Max: 0, Diff: 0, Sum: 0, Workers: 4
[37.904s][debug][gc,phases      ] GC(84)   StringDedup Requests0 Weak     Min:  0.0, Avg:  0.0, Max:  0.0, Diff:  0.0, Sum:  0.0, Workers: 4
[37.904s][debug][gc,phases      ] GC(84)     Dead                           Min: 0, Avg:  0.0, Max: 0, Diff: 0, Sum: 0, Workers: 4
[37.904s][debug][gc,phases      ] GC(84)     Total                          Min: 0, Avg:  0.0, Max: 0, Diff: 0, Sum: 0, Workers: 4
[37.904s][debug][gc,phases      ] GC(84)   StringDedup Requests1 Weak     Min:  0.0, Avg:  0.0, Max:  0.0, Diff:  0.0, Sum:  0.0, Workers: 4
[37.904s][debug][gc,phases      ] GC(84)     Dead                           Min: 0, Avg:  0.0, Max: 0, Diff: 0, Sum: 0, Workers: 4
[37.904s][debug][gc,phases      ] GC(84)     Total                          Min: 0, Avg:  0.0, Max: 0, Diff: 0, Sum: 0, Workers: 4
[37.904s][debug][gc,phases      ] GC(84)   Weak JFR Old Object Samples    Min:  0.0, Avg:  0.0, Max:  0.0, Diff:  0.0, Sum:  0.0, Workers: 4
[37.904s][debug][gc,phases      ] GC(84)     Dead                           Min: 0, Avg:  0.0, Max: 0, Diff: 0, Sum: 0, Workers: 4
[37.904s][debug][gc,phases      ] GC(84)     Total                          Min: 0, Avg:  0.0, Max: 0, Diff: 0, Sum: 0, Workers: 4
[37.904s][debug][gc,phases      ] GC(84) Weak Processing 0.396ms
[37.904s][debug][gc,age         ] GC(84) Desired survivor size 152567808 bytes, new threshold 15 (max threshold 15)
[37.904s][info ][gc,heap        ] GC(84) PSYoungGen: 1883232K(1883648K)->80231K(1947648K) Eden: 1803264K(1803264K)->0K(1799168K) From: 79968K(80384K)->80231K(148480K)
[37.904s][info ][gc,heap        ] GC(84) ParOldGen: 417180K(473088K)->417364K(473088K)
[37.904s][info ][gc,metaspace   ] GC(84) Metaspace: 79028K(79872K)->79028K(79872K) NonClass: 67707K(68160K)->67707K(68160K) Class: 11320K(11712K)->11320K(11712K)
[37.904s][info ][gc             ] GC(84) Pause Young (Allocation Failure) 2246M->485M(2364M) 25.370ms
[37.904s][info ][gc,cpu         ] GC(84) User=0.12s Sys=0.00s Real=0.02s
[37.904s][info ][safepoint      ] Safepoint "ParallelGCFailedAllocation", Time since last: 421077046 ns, Reaching safepoint: 196504 ns, At safepoint: 25496769 ns, Total: 25693273 ns
[38.347s][info ][gc,start       ] GC(85) Pause Young (Allocation Failure)
[38.368s][debug][gc,phases      ] GC(85) Scavenge 20.266ms
[38.368s][debug][gc,ref         ] GC(85) Skipped phase 1 of Reference Processing: no references
[38.368s][debug][gc,ref         ] GC(85) ReferenceProcessor::execute queues: 1, RefProcThreadModel::Single, marks_oops_alive: false
[38.368s][debug][gc,ref         ] GC(85) Skipped phase 3 of Reference Processing: no references
[38.368s][debug][gc,ref         ] GC(85) ReferenceProcessor::execute queues: 1, RefProcThreadModel::Single, marks_oops_alive: false
[38.368s][debug][gc,phases      ] GC(85) Reference Processing 0.158ms
[38.368s][debug][gc,phases      ] GC(85)   VM Weak                        Min:  0.0, Avg:  0.0, Max:  0.0, Diff:  0.0, Sum:  0.0, Workers: 4
[38.368s][debug][gc,phases      ] GC(85)     Dead                           Min: 0, Avg:  0.0, Max: 0, Diff: 0, Sum: 0, Workers: 4
[38.368s][debug][gc,phases      ] GC(85)     Total                          Min: 0, Avg: 160.2, Max: 449, Diff: 449, Sum: 641, Workers: 4
[38.368s][debug][gc,phases      ] GC(85)   ObjectSynchronizer Weak        Min:  0.0, Avg:  0.0, Max:  0.0, Diff:  0.0, Sum:  0.0, Workers: 4
[38.368s][debug][gc,phases      ] GC(85)     Dead                           Min: 0, Avg:  0.0, Max: 0, Diff: 0, Sum: 0, Workers: 4
[38.368s][debug][gc,phases      ] GC(85)     Total                          Min: 0, Avg: 96.5, Max: 258, Diff: 258, Sum: 386, Workers: 4
[38.368s][debug][gc,phases      ] GC(85)   JVMTI Tag Weak OopStorage      Min:  0.0, Avg:  0.0, Max:  0.0, Diff:  0.0, Sum:  0.0, Workers: 4
[38.368s][debug][gc,phases      ] GC(85)     Dead                           Min: 0, Avg:  0.0, Max: 0, Diff: 0, Sum: 0, Workers: 4
[38.368s][debug][gc,phases      ] GC(85)     Total                          Min: 0, Avg:  0.0, Max: 0, Diff: 0, Sum: 0, Workers: 4
[38.368s][debug][gc,phases      ] GC(85)   StringTable Weak               Min:  0.1, Avg:  0.1, Max:  0.1, Diff:  0.0, Sum:  0.5, Workers: 4
[38.368s][debug][gc,phases      ] GC(85)     Dead                           Min: 0, Avg:  0.0, Max: 0, Diff: 0, Sum: 0, Workers: 4
[38.368s][debug][gc,phases      ] GC(85)     Total                          Min: 10752, Avg: 11648.0, Max: 13056, Diff: 2304, Sum: 46592, Workers: 4
[38.368s][debug][gc,phases      ] GC(85)   ResolvedMethodTable Weak       Min:  0.0, Avg:  0.0, Max:  0.0, Diff:  0.0, Sum:  0.1, Workers: 4
[38.368s][debug][gc,phases      ] GC(85)     Dead                           Min: 0, Avg:  0.0, Max: 0, Diff: 0, Sum: 0, Workers: 4
[38.368s][debug][gc,phases      ] GC(85)     Total                          Min: 1401, Avg: 1960.5, Max: 2414, Diff: 1013, Sum: 7842, Workers: 4
[38.368s][debug][gc,phases      ] GC(85)   JNI Weak                       Min:  0.0, Avg:  0.0, Max:  0.0, Diff:  0.0, Sum:  0.0, Workers: 4
[38.368s][debug][gc,phases      ] GC(85)     Dead                           Min: 0, Avg:  0.0, Max: 0, Diff: 0, Sum: 0, Workers: 4
[38.368s][debug][gc,phases      ] GC(85)     Total                          Min: 0, Avg:  5.0, Max: 20, Diff: 20, Sum: 20, Workers: 4
[38.368s][debug][gc,phases      ] GC(85)   StringDedup Table Weak         Min:  0.0, Avg:  0.0, Max:  0.0, Diff:  0.0, Sum:  0.0, Workers: 4
[38.368s][debug][gc,phases      ] GC(85)     Dead                           Min: 0, Avg:  0.0, Max: 0, Diff: 0, Sum: 0, Workers: 4
[38.368s][debug][gc,phases      ] GC(85)     Total                          Min: 0, Avg:  0.0, Max: 0, Diff: 0, Sum: 0, Workers: 4
[38.368s][debug][gc,phases      ] GC(85)   StringDedup Requests0 Weak     Min:  0.0, Avg:  0.0, Max:  0.0, Diff:  0.0, Sum:  0.0, Workers: 4
[38.368s][debug][gc,phases      ] GC(85)     Dead                           Min: 0, Avg:  0.0, Max: 0, Diff: 0, Sum: 0, Workers: 4
[38.368s][debug][gc,phases      ] GC(85)     Total                          Min: 0, Avg:  0.0, Max: 0, Diff: 0, Sum: 0, Workers: 4
[38.368s][debug][gc,phases      ] GC(85)   StringDedup Requests1 Weak     Min:  0.0, Avg:  0.0, Max:  0.0, Diff:  0.0, Sum:  0.0, Workers: 4
[38.368s][debug][gc,phases      ] GC(85)     Dead                           Min: 0, Avg:  0.0, Max: 0, Diff: 0, Sum: 0, Workers: 4
[38.368s][debug][gc,phases      ] GC(85)     Total                          Min: 0, Avg:  0.0, Max: 0, Diff: 0, Sum: 0, Workers: 4
[38.368s][debug][gc,phases      ] GC(85)   Weak JFR Old Object Samples    Min:  0.0, Avg:  0.0, Max:  0.0, Diff:  0.0, Sum:  0.0, Workers: 4
[38.368s][debug][gc,phases      ] GC(85)     Dead                           Min: 0, Avg:  0.0, Max: 0, Diff: 0, Sum: 0, Workers: 4
[38.368s][debug][gc,phases      ] GC(85)     Total                          Min: 0, Avg:  0.0, Max: 0, Diff: 0, Sum: 0, Workers: 4
[38.368s][debug][gc,phases      ] GC(85) Weak Processing 0.362ms
[38.368s][debug][gc,age         ] GC(85) Desired survivor size 152567808 bytes, new threshold 15 (max threshold 15)
[38.368s][info ][gc,heap        ] GC(85) PSYoungGen: 1879399K(1947648K)->80777K(1948160K) Eden: 1799168K(1799168K)->0K(1799168K) From: 80231K(148480K)->80777K(148992K)
[38.368s][info ][gc,heap        ] GC(85) ParOldGen: 417364K(473088K)->417580K(473088K)
[38.368s][info ][gc,metaspace   ] GC(85) Metaspace: 79105K(79936K)->79105K(79936K) NonClass: 67784K(68224K)->67784K(68224K) Class: 11321K(11712K)->11321K(11712K)
[38.368s][info ][gc             ] GC(85) Pause Young (Allocation Failure) 2242M->486M(2364M) 20.926ms
[38.368s][info ][gc,cpu         ] GC(85) User=0.08s Sys=0.01s Real=0.02s
[38.368s][info ][safepoint      ] Safepoint "ParallelGCFailedAllocation", Time since last: 443250954 ns, Reaching safepoint: 224604 ns, At safepoint: 21045287 ns, Total: 21269891 ns
[38.821s][info ][gc,start       ] GC(86) Pause Young (Allocation Failure)
[38.842s][debug][gc,phases      ] GC(86) Scavenge 21.349ms
[38.842s][debug][gc,ref         ] GC(86) Skipped phase 1 of Reference Processing: no references
[38.842s][debug][gc,ref         ] GC(86) ReferenceProcessor::execute queues: 1, RefProcThreadModel::Single, marks_oops_alive: false
[38.842s][debug][gc,ref         ] GC(86) Skipped phase 3 of Reference Processing: no references
[38.842s][debug][gc,ref         ] GC(86) ReferenceProcessor::execute queues: 1, RefProcThreadModel::Single, marks_oops_alive: false
[38.842s][debug][gc,phases      ] GC(86) Reference Processing 0.143ms
[38.842s][debug][gc,phases      ] GC(86)   VM Weak                        Min:  0.0, Avg:  0.0, Max:  0.0, Diff:  0.0, Sum:  0.0, Workers: 4
[38.842s][debug][gc,phases      ] GC(86)     Dead                           Min: 0, Avg:  0.0, Max: 0, Diff: 0, Sum: 0, Workers: 4
[38.842s][debug][gc,phases      ] GC(86)     Total                          Min: 0, Avg: 160.2, Max: 513, Diff: 513, Sum: 641, Workers: 4
[38.842s][debug][gc,phases      ] GC(86)   ObjectSynchronizer Weak        Min:  0.0, Avg:  0.0, Max:  0.0, Diff:  0.0, Sum:  0.0, Workers: 4
[38.842s][debug][gc,phases      ] GC(86)     Dead                           Min: 0, Avg:  0.0, Max: 0, Diff: 0, Sum: 0, Workers: 4
[38.843s][debug][gc,phases      ] GC(86)     Total                          Min: 0, Avg: 96.5, Max: 194, Diff: 194, Sum: 386, Workers: 4
[38.843s][debug][gc,phases      ] GC(86)   JVMTI Tag Weak OopStorage      Min:  0.0, Avg:  0.0, Max:  0.0, Diff:  0.0, Sum:  0.0, Workers: 4
[38.843s][debug][gc,phases      ] GC(86)     Dead                           Min: 0, Avg:  0.0, Max: 0, Diff: 0, Sum: 0, Workers: 4
[38.843s][debug][gc,phases      ] GC(86)     Total                          Min: 0, Avg:  0.0, Max: 0, Diff: 0, Sum: 0, Workers: 4
[38.843s][debug][gc,phases      ] GC(86)   StringTable Weak               Min:  0.1, Avg:  0.1, Max:  0.1, Diff:  0.0, Sum:  0.5, Workers: 4
[38.843s][debug][gc,phases      ] GC(86)     Dead                           Min: 0, Avg:  0.0, Max: 0, Diff: 0, Sum: 0, Workers: 4
[38.843s][debug][gc,phases      ] GC(86)     Total                          Min: 10240, Avg: 11651.5, Max: 13248, Diff: 3008, Sum: 46606, Workers: 4
[38.843s][debug][gc,phases      ] GC(86)   ResolvedMethodTable Weak       Min:  0.0, Avg:  0.0, Max:  0.0, Diff:  0.0, Sum:  0.1, Workers: 4
[38.843s][debug][gc,phases      ] GC(86)     Dead                           Min: 0, Avg:  0.0, Max: 0, Diff: 0, Sum: 0, Workers: 4
[38.843s][debug][gc,phases      ] GC(86)     Total                          Min: 1791, Avg: 1960.8, Max: 2106, Diff: 315, Sum: 7843, Workers: 4
[38.843s][debug][gc,phases      ] GC(86)   JNI Weak                       Min:  0.0, Avg:  0.0, Max:  0.0, Diff:  0.0, Sum:  0.0, Workers: 4
[38.843s][debug][gc,phases      ] GC(86)     Dead                           Min: 0, Avg:  0.0, Max: 0, Diff: 0, Sum: 0, Workers: 4
[38.843s][debug][gc,phases      ] GC(86)     Total                          Min: 0, Avg:  2.2, Max: 9, Diff: 9, Sum: 9, Workers: 4
[38.843s][debug][gc,phases      ] GC(86)   StringDedup Table Weak         Min:  0.0, Avg:  0.0, Max:  0.0, Diff:  0.0, Sum:  0.0, Workers: 4
[38.843s][debug][gc,phases      ] GC(86)     Dead                           Min: 0, Avg:  0.0, Max: 0, Diff: 0, Sum: 0, Workers: 4
[38.843s][debug][gc,phases      ] GC(86)     Total                          Min: 0, Avg:  0.0, Max: 0, Diff: 0, Sum: 0, Workers: 4
[38.843s][debug][gc,phases      ] GC(86)   StringDedup Requests0 Weak     Min:  0.0, Avg:  0.0, Max:  0.0, Diff:  0.0, Sum:  0.0, Workers: 4
[38.843s][debug][gc,phases      ] GC(86)     Dead                           Min: 0, Avg:  0.0, Max: 0, Diff: 0, Sum: 0, Workers: 4
[38.843s][debug][gc,phases      ] GC(86)     Total                          Min: 0, Avg:  0.0, Max: 0, Diff: 0, Sum: 0, Workers: 4
[38.843s][debug][gc,phases      ] GC(86)   StringDedup Requests1 Weak     Min:  0.0, Avg:  0.0, Max:  0.0, Diff:  0.0, Sum:  0.0, Workers: 4
[38.843s][debug][gc,phases      ] GC(86)     Dead                           Min: 0, Avg:  0.0, Max: 0, Diff: 0, Sum: 0, Workers: 4
[38.843s][debug][gc,phases      ] GC(86)     Total                          Min: 0, Avg:  0.0, Max: 0, Diff: 0, Sum: 0, Workers: 4
[38.843s][debug][gc,phases      ] GC(86)   Weak JFR Old Object Samples    Min:  0.0, Avg:  0.0, Max:  0.0, Diff:  0.0, Sum:  0.0, Workers: 4
[38.843s][debug][gc,phases      ] GC(86)     Dead                           Min: 0, Avg:  0.0, Max: 0, Diff: 0, Sum: 0, Workers: 4
[38.843s][debug][gc,phases      ] GC(86)     Total                          Min: 0, Avg:  0.0, Max: 0, Diff: 0, Sum: 0, Workers: 4
[38.843s][debug][gc,phases      ] GC(86) Weak Processing 0.352ms
[38.843s][debug][gc,age         ] GC(86) Desired survivor size 152043520 bytes, new threshold 15 (max threshold 15)
[38.843s][info ][gc,heap        ] GC(86) PSYoungGen: 1879945K(1948160K)->81102K(1948672K) Eden: 1799168K(1799168K)->0K(1799680K) From: 80777K(148992K)->81102K(148992K)
[38.843s][info ][gc,heap        ] GC(86) ParOldGen: 417580K(473088K)->417756K(473088K)
[38.843s][info ][gc,metaspace   ] GC(86) Metaspace: 79134K(79936K)->79134K(79936K) NonClass: 67812K(68224K)->67812K(68224K) Class: 11321K(11712K)->11321K(11712K)
[38.843s][info ][gc             ] GC(86) Pause Young (Allocation Failure) 2243M->487M(2365M) 21.979ms
[38.843s][info ][gc,cpu         ] GC(86) User=0.08s Sys=0.00s Real=0.02s
[38.843s][info ][safepoint      ] Safepoint "ParallelGCFailedAllocation", Time since last: 449955077 ns, Reaching safepoint: 2220841 ns, At safepoint: 22115307 ns, Total: 24336148 ns
[39.269s][info ][gc,start       ] GC(87) Pause Young (Allocation Failure)
[39.289s][debug][gc,phases      ] GC(87) Scavenge 19.859ms
[39.289s][debug][gc,ref         ] GC(87) Skipped phase 1 of Reference Processing: no references
[39.289s][debug][gc,ref         ] GC(87) ReferenceProcessor::execute queues: 1, RefProcThreadModel::Single, marks_oops_alive: false
[39.289s][debug][gc,ref         ] GC(87) Skipped phase 3 of Reference Processing: no references
[39.289s][debug][gc,ref         ] GC(87) ReferenceProcessor::execute queues: 1, RefProcThreadModel::Single, marks_oops_alive: false
[39.289s][debug][gc,phases      ] GC(87) Reference Processing 0.151ms
[39.289s][debug][gc,phases      ] GC(87)   VM Weak                        Min:  0.0, Avg:  0.0, Max:  0.0, Diff:  0.0, Sum:  0.0, Workers: 4
[39.289s][debug][gc,phases      ] GC(87)     Dead                           Min: 0, Avg:  0.0, Max: 0, Diff: 0, Sum: 0, Workers: 4
[39.289s][debug][gc,phases      ] GC(87)     Total                          Min: 0, Avg: 162.2, Max: 640, Diff: 640, Sum: 649, Workers: 4
[39.289s][debug][gc,phases      ] GC(87)   ObjectSynchronizer Weak        Min:  0.0, Avg:  0.0, Max:  0.0, Diff:  0.0, Sum:  0.0, Workers: 4
[39.289s][debug][gc,phases      ] GC(87)     Dead                           Min: 0, Avg:  0.0, Max: 0, Diff: 0, Sum: 0, Workers: 4
[39.289s][debug][gc,phases      ] GC(87)     Total                          Min: 0, Avg: 96.5, Max: 192, Diff: 192, Sum: 386, Workers: 4
[39.289s][debug][gc,phases      ] GC(87)   JVMTI Tag Weak OopStorage      Min:  0.0, Avg:  0.0, Max:  0.0, Diff:  0.0, Sum:  0.0, Workers: 4
[39.289s][debug][gc,phases      ] GC(87)     Dead                           Min: 0, Avg:  0.0, Max: 0, Diff: 0, Sum: 0, Workers: 4
[39.289s][debug][gc,phases      ] GC(87)     Total                          Min: 0, Avg:  0.0, Max: 0, Diff: 0, Sum: 0, Workers: 4
[39.289s][debug][gc,phases      ] GC(87)   StringTable Weak               Min:  0.1, Avg:  0.1, Max:  0.1, Diff:  0.0, Sum:  0.6, Workers: 4
[39.289s][debug][gc,phases      ] GC(87)     Dead                           Min: 0, Avg:  0.0, Max: 0, Diff: 0, Sum: 0, Workers: 4
[39.289s][debug][gc,phases      ] GC(87)     Total                          Min: 11133, Avg: 11663.2, Max: 12224, Diff: 1091, Sum: 46653, Workers: 4
[39.290s][debug][gc,phases      ] GC(87)   ResolvedMethodTable Weak       Min:  0.0, Avg:  0.0, Max:  0.0, Diff:  0.0, Sum:  0.1, Workers: 4
[39.290s][debug][gc,phases      ] GC(87)     Dead                           Min: 0, Avg:  0.0, Max: 0, Diff: 0, Sum: 0, Workers: 4
[39.290s][debug][gc,phases      ] GC(87)     Total                          Min: 1790, Avg: 1966.2, Max: 2240, Diff: 450, Sum: 7865, Workers: 4
[39.290s][debug][gc,phases      ] GC(87)   JNI Weak                       Min:  0.0, Avg:  0.0, Max:  0.0, Diff:  0.0, Sum:  0.0, Workers: 4
[39.290s][debug][gc,phases      ] GC(87)     Dead                           Min: 0, Avg:  0.0, Max: 0, Diff: 0, Sum: 0, Workers: 4
[39.290s][debug][gc,phases      ] GC(87)     Total                          Min: 0, Avg:  3.5, Max: 14, Diff: 14, Sum: 14, Workers: 4
[39.290s][debug][gc,phases      ] GC(87)   StringDedup Table Weak         Min:  0.0, Avg:  0.0, Max:  0.0, Diff:  0.0, Sum:  0.0, Workers: 4
[39.290s][debug][gc,phases      ] GC(87)     Dead                           Min: 0, Avg:  0.0, Max: 0, Diff: 0, Sum: 0, Workers: 4
[39.290s][debug][gc,phases      ] GC(87)     Total                          Min: 0, Avg:  0.0, Max: 0, Diff: 0, Sum: 0, Workers: 4
[39.290s][debug][gc,phases      ] GC(87)   StringDedup Requests0 Weak     Min:  0.0, Avg:  0.0, Max:  0.0, Diff:  0.0, Sum:  0.0, Workers: 4
[39.290s][debug][gc,phases      ] GC(87)     Dead                           Min: 0, Avg:  0.0, Max: 0, Diff: 0, Sum: 0, Workers: 4
[39.290s][debug][gc,phases      ] GC(87)     Total                          Min: 0, Avg:  0.0, Max: 0, Diff: 0, Sum: 0, Workers: 4
[39.290s][debug][gc,phases      ] GC(87)   StringDedup Requests1 Weak     Min:  0.0, Avg:  0.0, Max:  0.0, Diff:  0.0, Sum:  0.0, Workers: 4
[39.290s][debug][gc,phases      ] GC(87)     Dead                           Min: 0, Avg:  0.0, Max: 0, Diff: 0, Sum: 0, Workers: 4
[39.290s][debug][gc,phases      ] GC(87)     Total                          Min: 0, Avg:  0.0, Max: 0, Diff: 0, Sum: 0, Workers: 4
[39.290s][debug][gc,phases      ] GC(87)   Weak JFR Old Object Samples    Min:  0.0, Avg:  0.0, Max:  0.0, Diff:  0.0, Sum:  0.0, Workers: 4
[39.290s][debug][gc,phases      ] GC(87)     Dead                           Min: 0, Avg:  0.0, Max: 0, Diff: 0, Sum: 0, Workers: 4
[39.290s][debug][gc,phases      ] GC(87)     Total                          Min: 0, Avg:  0.0, Max: 0, Diff: 0, Sum: 0, Workers: 4
[39.290s][debug][gc,phases      ] GC(87) Weak Processing 0.360ms
[39.290s][debug][gc,age         ] GC(87) Desired survivor size 151519232 bytes, new threshold 15 (max threshold 15)
[39.290s][info ][gc,heap        ] GC(87) PSYoungGen: 1880782K(1948672K)->82289K(1948160K) Eden: 1799680K(1799680K)->0K(1799680K) From: 81102K(148992K)->82289K(148480K)
[39.290s][info ][gc,heap        ] GC(87) ParOldGen: 417756K(473088K)->418620K(473088K)
[39.290s][info ][gc,metaspace   ] GC(87) Metaspace: 79223K(80000K)->79223K(80000K) NonClass: 67892K(68288K)->67892K(68288K) Class: 11330K(11712K)->11330K(11712K)
[39.290s][info ][gc             ] GC(87) Pause Young (Allocation Failure) 2244M->489M(2364M) 20.512ms
[39.290s][info ][gc,cpu         ] GC(87) User=0.08s Sys=0.00s Real=0.03s
[39.290s][info ][safepoint      ] Safepoint "ParallelGCFailedAllocation", Time since last: 426095339 ns, Reaching safepoint: 216804 ns, At safepoint: 20632179 ns, Total: 20848983 ns
[39.753s][info ][safepoint      ] Safepoint "ParallelGCFailedAllocation", Time since last: 463025418 ns, Reaching safepoint: 212204 ns, At safepoint: 33801 ns, Total: 246005 ns
[39.753s][info ][gc,start       ] GC(88) Pause Young (Allocation Failure)
[39.779s][debug][gc,phases      ] GC(88) Scavenge 25.250ms
[39.779s][debug][gc,ref         ] GC(88) Skipped phase 1 of Reference Processing: no references
[39.779s][debug][gc,ref         ] GC(88) ReferenceProcessor::execute queues: 1, RefProcThreadModel::Single, marks_oops_alive: false
[39.779s][debug][gc,ref         ] GC(88) Skipped phase 3 of Reference Processing: no references
[39.779s][debug][gc,ref         ] GC(88) ReferenceProcessor::execute queues: 1, RefProcThreadModel::Single, marks_oops_alive: false
[39.779s][debug][gc,phases      ] GC(88) Reference Processing 0.170ms
[39.779s][debug][gc,phases      ] GC(88)   VM Weak                        Min:  0.0, Avg:  0.0, Max:  0.0, Diff:  0.0, Sum:  0.0, Workers: 4
[39.779s][debug][gc,phases      ] GC(88)     Dead                           Min: 0, Avg:  0.0, Max: 0, Diff: 0, Sum: 0, Workers: 4
[39.779s][debug][gc,phases      ] GC(88)     Total                          Min: 0, Avg: 162.2, Max: 649, Diff: 649, Sum: 649, Workers: 4
[39.779s][debug][gc,phases      ] GC(88)   ObjectSynchronizer Weak        Min:  0.0, Avg:  0.0, Max:  0.0, Diff:  0.0, Sum:  0.0, Workers: 4
[39.779s][debug][gc,phases      ] GC(88)     Dead                           Min: 0, Avg:  0.0, Max: 0, Diff: 0, Sum: 0, Workers: 4
[39.779s][debug][gc,phases      ] GC(88)     Total                          Min: 0, Avg: 96.8, Max: 256, Diff: 256, Sum: 387, Workers: 4
[39.779s][debug][gc,phases      ] GC(88)   JVMTI Tag Weak OopStorage      Min:  0.0, Avg:  0.0, Max:  0.0, Diff:  0.0, Sum:  0.0, Workers: 4
[39.779s][debug][gc,phases      ] GC(88)     Dead                           Min: 0, Avg:  0.0, Max: 0, Diff: 0, Sum: 0, Workers: 4
[39.779s][debug][gc,phases      ] GC(88)     Total                          Min: 0, Avg:  0.0, Max: 0, Diff: 0, Sum: 0, Workers: 4
[39.779s][debug][gc,phases      ] GC(88)   StringTable Weak               Min:  0.1, Avg:  0.1, Max:  0.1, Diff:  0.0, Sum:  0.5, Workers: 4
[39.779s][debug][gc,phases      ] GC(88)     Dead                           Min: 0, Avg:  0.0, Max: 0, Diff: 0, Sum: 0, Workers: 4
[39.779s][debug][gc,phases      ] GC(88)     Total                          Min: 11455, Avg: 11663.8, Max: 11904, Diff: 449, Sum: 46655, Workers: 4
[39.779s][debug][gc,phases      ] GC(88)   ResolvedMethodTable Weak       Min:  0.0, Avg:  0.0, Max:  0.0, Diff:  0.0, Sum:  0.1, Workers: 4
[39.779s][debug][gc,phases      ] GC(88)     Dead                           Min: 0, Avg:  0.0, Max: 0, Diff: 0, Sum: 0, Workers: 4
[39.779s][debug][gc,phases      ] GC(88)     Total                          Min: 1727, Avg: 1966.8, Max: 2240, Diff: 513, Sum: 7867, Workers: 4
[39.779s][debug][gc,phases      ] GC(88)   JNI Weak                       Min:  0.0, Avg:  0.0, Max:  0.0, Diff:  0.0, Sum:  0.0, Workers: 4
[39.779s][debug][gc,phases      ] GC(88)     Dead                           Min: 0, Avg:  0.0, Max: 0, Diff: 0, Sum: 0, Workers: 4
[39.779s][debug][gc,phases      ] GC(88)     Total                          Min: 0, Avg:  6.0, Max: 24, Diff: 24, Sum: 24, Workers: 4
[39.779s][debug][gc,phases      ] GC(88)   StringDedup Table Weak         Min:  0.0, Avg:  0.0, Max:  0.0, Diff:  0.0, Sum:  0.0, Workers: 4
[39.779s][debug][gc,phases      ] GC(88)     Dead                           Min: 0, Avg:  0.0, Max: 0, Diff: 0, Sum: 0, Workers: 4
[39.779s][debug][gc,phases      ] GC(88)     Total                          Min: 0, Avg:  0.0, Max: 0, Diff: 0, Sum: 0, Workers: 4
[39.779s][debug][gc,phases      ] GC(88)   StringDedup Requests0 Weak     Min:  0.0, Avg:  0.0, Max:  0.0, Diff:  0.0, Sum:  0.0, Workers: 4
[39.779s][debug][gc,phases      ] GC(88)     Dead                           Min: 0, Avg:  0.0, Max: 0, Diff: 0, Sum: 0, Workers: 4
[39.779s][debug][gc,phases      ] GC(88)     Total                          Min: 0, Avg:  0.0, Max: 0, Diff: 0, Sum: 0, Workers: 4
[39.779s][debug][gc,phases      ] GC(88)   StringDedup Requests1 Weak     Min:  0.0, Avg:  0.0, Max:  0.0, Diff:  0.0, Sum:  0.0, Workers: 4
[39.779s][debug][gc,phases      ] GC(88)     Dead                           Min: 0, Avg:  0.0, Max: 0, Diff: 0, Sum: 0, Workers: 4
[39.779s][debug][gc,phases      ] GC(88)     Total                          Min: 0, Avg:  0.0, Max: 0, Diff: 0, Sum: 0, Workers: 4
[39.779s][debug][gc,phases      ] GC(88)   Weak JFR Old Object Samples    Min:  0.0, Avg:  0.0, Max:  0.0, Diff:  0.0, Sum:  0.0, Workers: 4
[39.779s][debug][gc,phases      ] GC(88)     Dead                           Min: 0, Avg:  0.0, Max: 0, Diff: 0, Sum: 0, Workers: 4
[39.779s][debug][gc,phases      ] GC(88)     Total                          Min: 0, Avg:  0.0, Max: 0, Diff: 0, Sum: 0, Workers: 4
[39.779s][debug][gc,phases      ] GC(88) Weak Processing 0.363ms
[39.779s][debug][gc,age         ] GC(88) Desired survivor size 150470656 bytes, new threshold 15 (max threshold 15)
[39.779s][info ][gc,heap        ] GC(88) PSYoungGen: 1881969K(1948160K)->82619K(1950208K) Eden: 1799680K(1799680K)->0K(1802240K) From: 82289K(148480K)->82619K(147968K)
[39.779s][info ][gc,heap        ] GC(88) ParOldGen: 418621K(473088K)->419466K(473088K)
[39.779s][info ][gc,metaspace   ] GC(88) Metaspace: 79298K(80128K)->79298K(80128K) NonClass: 67968K(68416K)->67968K(68416K) Class: 11330K(11712K)->11330K(11712K)
[39.779s][info ][gc             ] GC(88) Pause Young (Allocation Failure) 2246M->490M(2366M) 25.911ms
[39.779s][info ][gc,cpu         ] GC(88) User=0.12s Sys=0.00s Real=0.03s
[39.779s][info ][safepoint      ] Safepoint "ParallelGCFailedAllocation", Time since last: 233904 ns, Reaching safepoint: 169603 ns, At safepoint: 26012979 ns, Total: 26182582 ns
[40.244s][info ][gc,start       ] GC(89) Pause Young (Allocation Failure)
[40.270s][debug][gc,phases      ] GC(89) Scavenge 26.121ms
[40.270s][debug][gc,ref         ] GC(89) Skipped phase 1 of Reference Processing: no references
[40.270s][debug][gc,ref         ] GC(89) ReferenceProcessor::execute queues: 1, RefProcThreadModel::Single, marks_oops_alive: false
[40.270s][debug][gc,ref         ] GC(89) Skipped phase 3 of Reference Processing: no references
[40.270s][debug][gc,ref         ] GC(89) ReferenceProcessor::execute queues: 1, RefProcThreadModel::Single, marks_oops_alive: false
[40.270s][debug][gc,phases      ] GC(89) Reference Processing 0.145ms
[40.271s][debug][gc,phases      ] GC(89)   VM Weak                        Min:  0.0, Avg:  0.0, Max:  0.0, Diff:  0.0, Sum:  0.0, Workers: 4
[40.271s][debug][gc,phases      ] GC(89)     Dead                           Min: 0, Avg:  0.0, Max: 0, Diff: 0, Sum: 0, Workers: 4
[40.271s][debug][gc,phases      ] GC(89)     Total                          Min: 0, Avg: 162.2, Max: 512, Diff: 512, Sum: 649, Workers: 4
[40.271s][debug][gc,phases      ] GC(89)   ObjectSynchronizer Weak        Min:  0.0, Avg:  0.0, Max:  0.0, Diff:  0.0, Sum:  0.0, Workers: 4
[40.271s][debug][gc,phases      ] GC(89)     Dead                           Min: 0, Avg:  0.0, Max: 0, Diff: 0, Sum: 0, Workers: 4
[40.271s][debug][gc,phases      ] GC(89)     Total                          Min: 0, Avg: 96.8, Max: 192, Diff: 192, Sum: 387, Workers: 4
[40.271s][debug][gc,phases      ] GC(89)   JVMTI Tag Weak OopStorage      Min:  0.0, Avg:  0.0, Max:  0.0, Diff:  0.0, Sum:  0.0, Workers: 4
[40.271s][debug][gc,phases      ] GC(89)     Dead                           Min: 0, Avg:  0.0, Max: 0, Diff: 0, Sum: 0, Workers: 4
[40.271s][debug][gc,phases      ] GC(89)     Total                          Min: 0, Avg:  0.0, Max: 0, Diff: 0, Sum: 0, Workers: 4
[40.271s][debug][gc,phases      ] GC(89)   StringTable Weak               Min:  0.1, Avg:  0.1, Max:  0.1, Diff:  0.0, Sum:  0.5, Workers: 4
[40.271s][debug][gc,phases      ] GC(89)     Dead                           Min: 0, Avg:  0.0, Max: 0, Diff: 0, Sum: 0, Workers: 4
[40.271s][debug][gc,phases      ] GC(89)     Total                          Min: 11264, Avg: 11663.8, Max: 11904, Diff: 640, Sum: 46655, Workers: 4
[40.271s][debug][gc,phases      ] GC(89)   ResolvedMethodTable Weak       Min:  0.0, Avg:  0.0, Max:  0.0, Diff:  0.0, Sum:  0.1, Workers: 4
[40.271s][debug][gc,phases      ] GC(89)     Dead                           Min: 0, Avg:  0.0, Max: 0, Diff: 0, Sum: 0, Workers: 4
[40.271s][debug][gc,phases      ] GC(89)     Total                          Min: 1792, Avg: 1966.8, Max: 2172, Diff: 380, Sum: 7867, Workers: 4
[40.271s][debug][gc,phases      ] GC(89)   JNI Weak                       Min:  0.0, Avg:  0.0, Max:  0.0, Diff:  0.0, Sum:  0.0, Workers: 4
[40.271s][debug][gc,phases      ] GC(89)     Dead                           Min: 0, Avg:  0.0, Max: 0, Diff: 0, Sum: 0, Workers: 4
[40.271s][debug][gc,phases      ] GC(89)     Total                          Min: 0, Avg:  2.5, Max: 10, Diff: 10, Sum: 10, Workers: 4
[40.271s][debug][gc,phases      ] GC(89)   StringDedup Table Weak         Min:  0.0, Avg:  0.0, Max:  0.0, Diff:  0.0, Sum:  0.0, Workers: 4
[40.271s][debug][gc,phases      ] GC(89)     Dead                           Min: 0, Avg:  0.0, Max: 0, Diff: 0, Sum: 0, Workers: 4
[40.271s][debug][gc,phases      ] GC(89)     Total                          Min: 0, Avg:  0.0, Max: 0, Diff: 0, Sum: 0, Workers: 4
[40.271s][debug][gc,phases      ] GC(89)   StringDedup Requests0 Weak     Min:  0.0, Avg:  0.0, Max:  0.0, Diff:  0.0, Sum:  0.0, Workers: 4
[40.271s][debug][gc,phases      ] GC(89)     Dead                           Min: 0, Avg:  0.0, Max: 0, Diff: 0, Sum: 0, Workers: 4
[40.271s][debug][gc,phases      ] GC(89)     Total                          Min: 0, Avg:  0.0, Max: 0, Diff: 0, Sum: 0, Workers: 4
[40.271s][debug][gc,phases      ] GC(89)   StringDedup Requests1 Weak     Min:  0.0, Avg:  0.0, Max:  0.0, Diff:  0.0, Sum:  0.0, Workers: 4
[40.271s][debug][gc,phases      ] GC(89)     Dead                           Min: 0, Avg:  0.0, Max: 0, Diff: 0, Sum: 0, Workers: 4
[40.271s][debug][gc,phases      ] GC(89)     Total                          Min: 0, Avg:  0.0, Max: 0, Diff: 0, Sum: 0, Workers: 4
[40.271s][debug][gc,phases      ] GC(89)   Weak JFR Old Object Samples    Min:  0.0, Avg:  0.0, Max:  0.0, Diff:  0.0, Sum:  0.0, Workers: 4
[40.271s][debug][gc,phases      ] GC(89)     Dead                           Min: 0, Avg:  0.0, Max: 0, Diff: 0, Sum: 0, Workers: 4
[40.271s][debug][gc,phases      ] GC(89)     Total                          Min: 0, Avg:  0.0, Max: 0, Diff: 0, Sum: 0, Workers: 4
[40.271s][debug][gc,phases      ] GC(89) Weak Processing 0.359ms
[40.271s][debug][gc,age         ] GC(89) Desired survivor size 152043520 bytes, new threshold 15 (max threshold 15)
[40.271s][info ][gc,heap        ] GC(89) PSYoungGen: 1884859K(1950208K)->90938K(1893376K) Eden: 1802240K(1802240K)->0K(1802240K) From: 82619K(147968K)->90938K(91136K)
[40.271s][info ][gc,heap        ] GC(89) ParOldGen: 419466K(473088K)->421568K(473088K)
[40.271s][info ][gc,metaspace   ] GC(89) Metaspace: 79341K(80128K)->79341K(80128K) NonClass: 68011K(68416K)->68011K(68416K) Class: 11330K(11712K)->11330K(11712K)
[40.271s][info ][gc             ] GC(89) Pause Young (Allocation Failure) 2250M->500M(2311M) 26.772ms
[40.271s][info ][gc,cpu         ] GC(89) User=0.12s Sys=0.01s Real=0.03s
[40.271s][info ][safepoint      ] Safepoint "ParallelGCFailedAllocation", Time since last: 464339642 ns, Reaching safepoint: 148403 ns, At safepoint: 26888495 ns, Total: 27036898 ns
[40.692s][info ][gc,start       ] GC(90) Pause Young (Allocation Failure)
[40.718s][debug][gc,phases      ] GC(90) Scavenge 25.913ms
[40.718s][debug][gc,ref         ] GC(90) Skipped phase 1 of Reference Processing: no references
[40.718s][debug][gc,ref         ] GC(90) ReferenceProcessor::execute queues: 1, RefProcThreadModel::Single, marks_oops_alive: false
[40.718s][debug][gc,ref         ] GC(90) Skipped phase 3 of Reference Processing: no references
[40.718s][debug][gc,ref         ] GC(90) ReferenceProcessor::execute queues: 1, RefProcThreadModel::Single, marks_oops_alive: false
[40.719s][debug][gc,phases      ] GC(90) Reference Processing 0.147ms
[40.719s][debug][gc,phases      ] GC(90)   VM Weak                        Min:  0.0, Avg:  0.0, Max:  0.0, Diff:  0.0, Sum:  0.0, Workers: 4
[40.719s][debug][gc,phases      ] GC(90)     Dead                           Min: 0, Avg:  0.0, Max: 0, Diff: 0, Sum: 0, Workers: 4
[40.719s][debug][gc,phases      ] GC(90)     Total                          Min: 0, Avg: 162.2, Max: 512, Diff: 512, Sum: 649, Workers: 4
[40.719s][debug][gc,phases      ] GC(90)   ObjectSynchronizer Weak        Min:  0.0, Avg:  0.0, Max:  0.0, Diff:  0.0, Sum:  0.0, Workers: 4
[40.719s][debug][gc,phases      ] GC(90)     Dead                           Min: 0, Avg:  0.0, Max: 0, Diff: 0, Sum: 0, Workers: 4
[40.719s][debug][gc,phases      ] GC(90)     Total                          Min: 0, Avg: 96.8, Max: 131, Diff: 131, Sum: 387, Workers: 4
[40.719s][debug][gc,phases      ] GC(90)   JVMTI Tag Weak OopStorage      Min:  0.0, Avg:  0.0, Max:  0.0, Diff:  0.0, Sum:  0.0, Workers: 4
[40.719s][debug][gc,phases      ] GC(90)     Dead                           Min: 0, Avg:  0.0, Max: 0, Diff: 0, Sum: 0, Workers: 4
[40.719s][debug][gc,phases      ] GC(90)     Total                          Min: 0, Avg:  0.0, Max: 0, Diff: 0, Sum: 0, Workers: 4
[40.719s][debug][gc,phases      ] GC(90)   StringTable Weak               Min:  0.1, Avg:  0.1, Max:  0.1, Diff:  0.0, Sum:  0.5, Workers: 4
[40.719s][debug][gc,phases      ] GC(90)     Dead                           Min: 0, Avg:  0.0, Max: 0, Diff: 0, Sum: 0, Workers: 4
[40.719s][debug][gc,phases      ] GC(90)     Total                          Min: 11072, Avg: 11665.8, Max: 12615, Diff: 1543, Sum: 46663, Workers: 4
[40.719s][debug][gc,phases      ] GC(90)   ResolvedMethodTable Weak       Min:  0.0, Avg:  0.0, Max:  0.0, Diff:  0.0, Sum:  0.1, Workers: 4
[40.719s][debug][gc,phases      ] GC(90)     Dead                           Min: 0, Avg:  0.0, Max: 0, Diff: 0, Sum: 0, Workers: 4
[40.719s][debug][gc,phases      ] GC(90)     Total                          Min: 1792, Avg: 1966.8, Max: 2172, Diff: 380, Sum: 7867, Workers: 4
[40.719s][debug][gc,phases      ] GC(90)   JNI Weak                       Min:  0.0, Avg:  0.0, Max:  0.0, Diff:  0.0, Sum:  0.0, Workers: 4
[40.719s][debug][gc,phases      ] GC(90)     Dead                           Min: 0, Avg:  0.0, Max: 0, Diff: 0, Sum: 0, Workers: 4
[40.719s][debug][gc,phases      ] GC(90)     Total                          Min: 0, Avg:  2.2, Max: 9, Diff: 9, Sum: 9, Workers: 4
[40.719s][debug][gc,phases      ] GC(90)   StringDedup Table Weak         Min:  0.0, Avg:  0.0, Max:  0.0, Diff:  0.0, Sum:  0.0, Workers: 4
[40.719s][debug][gc,phases      ] GC(90)     Dead                           Min: 0, Avg:  0.0, Max: 0, Diff: 0, Sum: 0, Workers: 4
[40.719s][debug][gc,phases      ] GC(90)     Total                          Min: 0, Avg:  0.0, Max: 0, Diff: 0, Sum: 0, Workers: 4
[40.719s][debug][gc,phases      ] GC(90)   StringDedup Requests0 Weak     Min:  0.0, Avg:  0.0, Max:  0.0, Diff:  0.0, Sum:  0.0, Workers: 4
[40.719s][debug][gc,phases      ] GC(90)     Dead                           Min: 0, Avg:  0.0, Max: 0, Diff: 0, Sum: 0, Workers: 4
[40.719s][debug][gc,phases      ] GC(90)     Total                          Min: 0, Avg:  0.0, Max: 0, Diff: 0, Sum: 0, Workers: 4
[40.719s][debug][gc,phases      ] GC(90)   StringDedup Requests1 Weak     Min:  0.0, Avg:  0.0, Max:  0.0, Diff:  0.0, Sum:  0.0, Workers: 4
[40.719s][debug][gc,phases      ] GC(90)     Dead                           Min: 0, Avg:  0.0, Max: 0, Diff: 0, Sum: 0, Workers: 4
[40.719s][debug][gc,phases      ] GC(90)     Total                          Min: 0, Avg:  0.0, Max: 0, Diff: 0, Sum: 0, Workers: 4
[40.719s][debug][gc,phases      ] GC(90)   Weak JFR Old Object Samples    Min:  0.0, Avg:  0.0, Max:  0.0, Diff:  0.0, Sum:  0.0, Workers: 4
[40.719s][debug][gc,phases      ] GC(90)     Dead                           Min: 0, Avg:  0.0, Max: 0, Diff: 0, Sum: 0, Workers: 4
[40.719s][debug][gc,phases      ] GC(90)     Total                          Min: 0, Avg:  0.0, Max: 0, Diff: 0, Sum: 0, Workers: 4
[40.719s][debug][gc,phases      ] GC(90) Weak Processing 0.360ms
[40.719s][debug][gc,age         ] GC(90) Desired survivor size 153616384 bytes, new threshold 15 (max threshold 15)
[40.719s][info ][gc,heap        ] GC(90) PSYoungGen: 1893178K(1893376K)->93579K(1945600K) Eden: 1802240K(1802240K)->0K(1797120K) From: 90938K(91136K)->93579K(148480K)
[40.719s][info ][gc,heap        ] GC(90) ParOldGen: 421568K(473088K)->422760K(473088K)
[40.719s][info ][gc,metaspace   ] GC(90) Metaspace: 79348K(80128K)->79348K(80128K) NonClass: 68017K(68416K)->68017K(68416K) Class: 11330K(11712K)->11330K(11712K)
[40.719s][info ][gc             ] GC(90) Pause Young (Allocation Failure) 2260M->504M(2362M) 26.565ms
[40.719s][info ][gc,cpu         ] GC(90) User=0.13s Sys=0.00s Real=0.03s
[40.719s][info ][safepoint      ] Safepoint "ParallelGCFailedAllocation", Time since last: 421376352 ns, Reaching safepoint: 158603 ns, At safepoint: 26689591 ns, Total: 26848194 ns
[41.109s][info ][gc,start       ] GC(91) Pause Young (Allocation Failure)
[41.135s][debug][gc,phases      ] GC(91) Scavenge 26.265ms
[41.135s][debug][gc,ref         ] GC(91) Skipped phase 1 of Reference Processing: no references
[41.136s][debug][gc,ref         ] GC(91) ReferenceProcessor::execute queues: 1, RefProcThreadModel::Single, marks_oops_alive: false
[41.136s][debug][gc,ref         ] GC(91) Skipped phase 3 of Reference Processing: no references
[41.136s][debug][gc,ref         ] GC(91) ReferenceProcessor::execute queues: 1, RefProcThreadModel::Single, marks_oops_alive: false
[41.136s][debug][gc,phases      ] GC(91) Reference Processing 0.153ms
[41.136s][debug][gc,phases      ] GC(91)   VM Weak                        Min:  0.0, Avg:  0.0, Max:  0.0, Diff:  0.0, Sum:  0.0, Workers: 4
[41.136s][debug][gc,phases      ] GC(91)     Dead                           Min: 0, Avg:  0.0, Max: 0, Diff: 0, Sum: 0, Workers: 4
[41.136s][debug][gc,phases      ] GC(91)     Total                          Min: 0, Avg: 162.2, Max: 384, Diff: 384, Sum: 649, Workers: 4
[41.136s][debug][gc,phases      ] GC(91)   ObjectSynchronizer Weak        Min:  0.0, Avg:  0.0, Max:  0.0, Diff:  0.0, Sum:  0.0, Workers: 4
[41.136s][debug][gc,phases      ] GC(91)     Dead                           Min: 0, Avg:  0.0, Max: 0, Diff: 0, Sum: 0, Workers: 4
[41.136s][debug][gc,phases      ] GC(91)     Total                          Min: 0, Avg: 96.8, Max: 192, Diff: 192, Sum: 387, Workers: 4
[41.136s][debug][gc,phases      ] GC(91)   JVMTI Tag Weak OopStorage      Min:  0.0, Avg:  0.0, Max:  0.0, Diff:  0.0, Sum:  0.0, Workers: 4
[41.136s][debug][gc,phases      ] GC(91)     Dead                           Min: 0, Avg:  0.0, Max: 0, Diff: 0, Sum: 0, Workers: 4
[41.136s][debug][gc,phases      ] GC(91)     Total                          Min: 0, Avg:  0.0, Max: 0, Diff: 0, Sum: 0, Workers: 4
[41.136s][debug][gc,phases      ] GC(91)   StringTable Weak               Min:  0.1, Avg:  0.1, Max:  0.1, Diff:  0.0, Sum:  0.5, Workers: 4
[41.136s][debug][gc,phases      ] GC(91)     Dead                           Min: 0, Avg:  0.0, Max: 0, Diff: 0, Sum: 0, Workers: 4
[41.136s][debug][gc,phases      ] GC(91)     Total                          Min: 11136, Avg: 11666.0, Max: 12552, Diff: 1416, Sum: 46664, Workers: 4
[41.136s][debug][gc,phases      ] GC(91)   ResolvedMethodTable Weak       Min:  0.0, Avg:  0.0, Max:  0.0, Diff:  0.0, Sum:  0.1, Workers: 4
[41.136s][debug][gc,phases      ] GC(91)     Dead                           Min: 0, Avg:  0.0, Max: 0, Diff: 0, Sum: 0, Workers: 4
[41.136s][debug][gc,phases      ] GC(91)     Total                          Min: 1663, Avg: 1966.8, Max: 2240, Diff: 577, Sum: 7867, Workers: 4
[41.136s][debug][gc,phases      ] GC(91)   JNI Weak                       Min:  0.0, Avg:  0.0, Max:  0.0, Diff:  0.0, Sum:  0.0, Workers: 4
[41.136s][debug][gc,phases      ] GC(91)     Dead                           Min: 0, Avg:  0.0, Max: 0, Diff: 0, Sum: 0, Workers: 4
[41.136s][debug][gc,phases      ] GC(91)     Total                          Min: 0, Avg:  1.5, Max: 6, Diff: 6, Sum: 6, Workers: 4
[41.136s][debug][gc,phases      ] GC(91)   StringDedup Table Weak         Min:  0.0, Avg:  0.0, Max:  0.0, Diff:  0.0, Sum:  0.0, Workers: 4
[41.136s][debug][gc,phases      ] GC(91)     Dead                           Min: 0, Avg:  0.0, Max: 0, Diff: 0, Sum: 0, Workers: 4
[41.136s][debug][gc,phases      ] GC(91)     Total                          Min: 0, Avg:  0.0, Max: 0, Diff: 0, Sum: 0, Workers: 4
[41.136s][debug][gc,phases      ] GC(91)   StringDedup Requests0 Weak     Min:  0.0, Avg:  0.0, Max:  0.0, Diff:  0.0, Sum:  0.0, Workers: 4
[41.136s][debug][gc,phases      ] GC(91)     Dead                           Min: 0, Avg:  0.0, Max: 0, Diff: 0, Sum: 0, Workers: 4
[41.136s][debug][gc,phases      ] GC(91)     Total                          Min: 0, Avg:  0.0, Max: 0, Diff: 0, Sum: 0, Workers: 4
[41.136s][debug][gc,phases      ] GC(91)   StringDedup Requests1 Weak     Min:  0.0, Avg:  0.0, Max:  0.0, Diff:  0.0, Sum:  0.0, Workers: 4
[41.136s][debug][gc,phases      ] GC(91)     Dead                           Min: 0, Avg:  0.0, Max: 0, Diff: 0, Sum: 0, Workers: 4
[41.136s][debug][gc,phases      ] GC(91)     Total                          Min: 0, Avg:  0.0, Max: 0, Diff: 0, Sum: 0, Workers: 4
[41.136s][debug][gc,phases      ] GC(91)   Weak JFR Old Object Samples    Min:  0.0, Avg:  0.0, Max:  0.0, Diff:  0.0, Sum:  0.0, Workers: 4
[41.136s][debug][gc,phases      ] GC(91)     Dead                           Min: 0, Avg:  0.0, Max: 0, Diff: 0, Sum: 0, Workers: 4
[41.136s][debug][gc,phases      ] GC(91)     Total                          Min: 0, Avg:  0.0, Max: 0, Diff: 0, Sum: 0, Workers: 4
[41.136s][debug][gc,phases      ] GC(91) Weak Processing 0.346ms
[41.136s][debug][gc,age         ] GC(91) Desired survivor size 145752064 bytes, new threshold 15 (max threshold 15)
[41.136s][info ][gc,heap        ] GC(91) PSYoungGen: 1890699K(1945600K)->69413K(1947136K) Eden: 1797120K(1797120K)->0K(1797120K) From: 93579K(148480K)->69413K(150016K)
[41.136s][info ][gc,heap        ] GC(91) ParOldGen: 422760K(473088K)->449534K(473088K)
[41.136s][info ][gc,metaspace   ] GC(91) Metaspace: 79358K(80128K)->79358K(80128K) NonClass: 68027K(68416K)->68027K(68416K) Class: 11330K(11712K)->11330K(11712K)
[41.136s][info ][gc             ] GC(91) Pause Young (Allocation Failure) 2259M->506M(2363M) 26.917ms
[41.136s][info ][gc,cpu         ] GC(91) User=0.11s Sys=0.00s Real=0.03s
[41.136s][info ][safepoint      ] Safepoint "ParallelGCFailedAllocation", Time since last: 389807571 ns, Reaching safepoint: 186103 ns, At safepoint: 27059598 ns, Total: 27245701 ns
[41.569s][info ][gc,start       ] GC(92) Pause Young (Allocation Failure)
[41.592s][debug][gc,phases      ] GC(92) Scavenge 23.008ms
[41.592s][debug][gc,ref         ] GC(92) Skipped phase 1 of Reference Processing: no references
[41.592s][debug][gc,ref         ] GC(92) ReferenceProcessor::execute queues: 1, RefProcThreadModel::Single, marks_oops_alive: false
[41.592s][debug][gc,ref         ] GC(92) Skipped phase 3 of Reference Processing: no references
[41.592s][debug][gc,ref         ] GC(92) ReferenceProcessor::execute queues: 1, RefProcThreadModel::Single, marks_oops_alive: false
[41.592s][debug][gc,phases      ] GC(92) Reference Processing 0.137ms
[41.592s][debug][gc,phases      ] GC(92)   VM Weak                        Min:  0.0, Avg:  0.0, Max:  0.0, Diff:  0.0, Sum:  0.0, Workers: 4
[41.592s][debug][gc,phases      ] GC(92)     Dead                           Min: 0, Avg:  0.0, Max: 0, Diff: 0, Sum: 0, Workers: 4
[41.592s][debug][gc,phases      ] GC(92)     Total                          Min: 0, Avg: 162.2, Max: 329, Diff: 329, Sum: 649, Workers: 4
[41.592s][debug][gc,phases      ] GC(92)   ObjectSynchronizer Weak        Min:  0.0, Avg:  0.0, Max:  0.0, Diff:  0.0, Sum:  0.0, Workers: 4
[41.592s][debug][gc,phases      ] GC(92)     Dead                           Min: 0, Avg:  0.0, Max: 0, Diff: 0, Sum: 0, Workers: 4
[41.592s][debug][gc,phases      ] GC(92)     Total                          Min: 0, Avg: 96.8, Max: 192, Diff: 192, Sum: 387, Workers: 4
[41.592s][debug][gc,phases      ] GC(92)   JVMTI Tag Weak OopStorage      Min:  0.0, Avg:  0.0, Max:  0.0, Diff:  0.0, Sum:  0.0, Workers: 4
[41.592s][debug][gc,phases      ] GC(92)     Dead                           Min: 0, Avg:  0.0, Max: 0, Diff: 0, Sum: 0, Workers: 4
[41.592s][debug][gc,phases      ] GC(92)     Total                          Min: 0, Avg:  0.0, Max: 0, Diff: 0, Sum: 0, Workers: 4
[41.592s][debug][gc,phases      ] GC(92)   StringTable Weak               Min:  0.1, Avg:  0.1, Max:  0.1, Diff:  0.1, Sum:  0.5, Workers: 4
[41.592s][debug][gc,phases      ] GC(92)     Dead                           Min: 0, Avg:  0.0, Max: 0, Diff: 0, Sum: 0, Workers: 4
[41.592s][debug][gc,phases      ] GC(92)     Total                          Min: 6420, Avg: 11669.0, Max: 14720, Diff: 8300, Sum: 46676, Workers: 4
[41.592s][debug][gc,phases      ] GC(92)   ResolvedMethodTable Weak       Min:  0.0, Avg:  0.0, Max:  0.0, Diff:  0.0, Sum:  0.1, Workers: 4
[41.592s][debug][gc,phases      ] GC(92)     Dead                           Min: 0, Avg:  0.0, Max: 0, Diff: 0, Sum: 0, Workers: 4
[41.592s][debug][gc,phases      ] GC(92)     Total                          Min: 1471, Avg: 1966.8, Max: 2556, Diff: 1085, Sum: 7867, Workers: 4
[41.592s][debug][gc,phases      ] GC(92)   JNI Weak                       Min:  0.0, Avg:  0.0, Max:  0.0, Diff:  0.0, Sum:  0.0, Workers: 4
[41.592s][debug][gc,phases      ] GC(92)     Dead                           Min: 0, Avg:  0.0, Max: 0, Diff: 0, Sum: 0, Workers: 4
[41.592s][debug][gc,phases      ] GC(92)     Total                          Min: 0, Avg:  1.5, Max: 6, Diff: 6, Sum: 6, Workers: 4
[41.592s][debug][gc,phases      ] GC(92)   StringDedup Table Weak         Min:  0.0, Avg:  0.0, Max:  0.0, Diff:  0.0, Sum:  0.0, Workers: 4
[41.592s][debug][gc,phases      ] GC(92)     Dead                           Min: 0, Avg:  0.0, Max: 0, Diff: 0, Sum: 0, Workers: 4
[41.592s][debug][gc,phases      ] GC(92)     Total                          Min: 0, Avg:  0.0, Max: 0, Diff: 0, Sum: 0, Workers: 4
[41.592s][debug][gc,phases      ] GC(92)   StringDedup Requests0 Weak     Min:  0.0, Avg:  0.0, Max:  0.0, Diff:  0.0, Sum:  0.0, Workers: 4
[41.592s][debug][gc,phases      ] GC(92)     Dead                           Min: 0, Avg:  0.0, Max: 0, Diff: 0, Sum: 0, Workers: 4
[41.592s][debug][gc,phases      ] GC(92)     Total                          Min: 0, Avg:  0.0, Max: 0, Diff: 0, Sum: 0, Workers: 4
[41.592s][debug][gc,phases      ] GC(92)   StringDedup Requests1 Weak     Min:  0.0, Avg:  0.0, Max:  0.0, Diff:  0.0, Sum:  0.0, Workers: 4
[41.592s][debug][gc,phases      ] GC(92)     Dead                           Min: 0, Avg:  0.0, Max: 0, Diff: 0, Sum: 0, Workers: 4
[41.592s][debug][gc,phases      ] GC(92)     Total                          Min: 0, Avg:  0.0, Max: 0, Diff: 0, Sum: 0, Workers: 4
[41.592s][debug][gc,phases      ] GC(92)   Weak JFR Old Object Samples    Min:  0.0, Avg:  0.0, Max:  0.0, Diff:  0.0, Sum:  0.0, Workers: 4
[41.592s][debug][gc,phases      ] GC(92)     Dead                           Min: 0, Avg:  0.0, Max: 0, Diff: 0, Sum: 0, Workers: 4
[41.592s][debug][gc,phases      ] GC(92)     Total                          Min: 0, Avg:  0.0, Max: 0, Diff: 0, Sum: 0, Workers: 4
[41.592s][debug][gc,phases      ] GC(92) Weak Processing 0.378ms
[41.592s][debug][gc,age         ] GC(92) Desired survivor size 138936320 bytes, new threshold 15 (max threshold 15)
[41.592s][info ][gc,heap        ] GC(92) PSYoungGen: 1866533K(1947136K)->66293K(1961472K) Eden: 1797120K(1797120K)->0K(1819136K) From: 69413K(150016K)->66293K(142336K)
[41.592s][info ][gc,heap        ] GC(92) ParOldGen: 449534K(473088K)->455830K(473088K)
[41.592s][info ][gc,metaspace   ] GC(92) Metaspace: 79388K(80256K)->79388K(80256K) NonClass: 68057K(68544K)->68057K(68544K) Class: 11330K(11712K)->11330K(11712K)
[41.593s][info ][gc             ] GC(92) Pause Young (Allocation Failure) 2261M->509M(2377M) 23.668ms
[41.593s][info ][gc,cpu         ] GC(92) User=0.09s Sys=0.00s Real=0.03s
[41.593s][info ][safepoint      ] Safepoint "ParallelGCFailedAllocation", Time since last: 432542658 ns, Reaching safepoint: 200504 ns, At safepoint: 23788037 ns, Total: 23988541 ns
[42.030s][info ][gc,start       ] GC(93) Pause Young (Allocation Failure)
[42.050s][debug][gc,phases      ] GC(93) Scavenge 19.649ms
[42.050s][debug][gc,ref         ] GC(93) Skipped phase 1 of Reference Processing: no references
[42.050s][debug][gc,ref         ] GC(93) ReferenceProcessor::execute queues: 1, RefProcThreadModel::Single, marks_oops_alive: false
[42.050s][debug][gc,ref         ] GC(93) Skipped phase 3 of Reference Processing: no references
[42.050s][debug][gc,ref         ] GC(93) ReferenceProcessor::execute queues: 1, RefProcThreadModel::Single, marks_oops_alive: false
[42.050s][debug][gc,phases      ] GC(93) Reference Processing 0.131ms
[42.050s][debug][gc,phases      ] GC(93)   VM Weak                        Min:  0.0, Avg:  0.0, Max:  0.0, Diff:  0.0, Sum:  0.0, Workers: 4
[42.050s][debug][gc,phases      ] GC(93)     Dead                           Min: 0, Avg:  0.0, Max: 0, Diff: 0, Sum: 0, Workers: 4
[42.050s][debug][gc,phases      ] GC(93)     Total                          Min: 0, Avg: 162.2, Max: 256, Diff: 256, Sum: 649, Workers: 4
[42.050s][debug][gc,phases      ] GC(93)   ObjectSynchronizer Weak        Min:  0.0, Avg:  0.0, Max:  0.0, Diff:  0.0, Sum:  0.0, Workers: 4
[42.050s][debug][gc,phases      ] GC(93)     Dead                           Min: 0, Avg:  0.0, Max: 0, Diff: 0, Sum: 0, Workers: 4
[42.050s][debug][gc,phases      ] GC(93)     Total                          Min: 0, Avg: 96.8, Max: 192, Diff: 192, Sum: 387, Workers: 4
[42.050s][debug][gc,phases      ] GC(93)   JVMTI Tag Weak OopStorage      Min:  0.0, Avg:  0.0, Max:  0.0, Diff:  0.0, Sum:  0.0, Workers: 4
[42.050s][debug][gc,phases      ] GC(93)     Dead                           Min: 0, Avg:  0.0, Max: 0, Diff: 0, Sum: 0, Workers: 4
[42.050s][debug][gc,phases      ] GC(93)     Total                          Min: 0, Avg:  0.0, Max: 0, Diff: 0, Sum: 0, Workers: 4
[42.050s][debug][gc,phases      ] GC(93)   StringTable Weak               Min:  0.1, Avg:  0.1, Max:  0.1, Diff:  0.0, Sum:  0.4, Workers: 4
[42.050s][debug][gc,phases      ] GC(93)     Dead                           Min: 0, Avg:  0.0, Max: 0, Diff: 0, Sum: 0, Workers: 4
[42.050s][debug][gc,phases      ] GC(93)     Total                          Min: 11008, Avg: 11669.0, Max: 12436, Diff: 1428, Sum: 46676, Workers: 4
[42.050s][debug][gc,phases      ] GC(93)   ResolvedMethodTable Weak       Min:  0.0, Avg:  0.0, Max:  0.0, Diff:  0.0, Sum:  0.1, Workers: 4
[42.050s][debug][gc,phases      ] GC(93)     Dead                           Min: 0, Avg:  0.0, Max: 0, Diff: 0, Sum: 0, Workers: 4
[42.050s][debug][gc,phases      ] GC(93)     Total                          Min: 1789, Avg: 1966.8, Max: 2176, Diff: 387, Sum: 7867, Workers: 4
[42.050s][debug][gc,phases      ] GC(93)   JNI Weak                       Min:  0.0, Avg:  0.0, Max:  0.0, Diff:  0.0, Sum:  0.0, Workers: 4
[42.050s][debug][gc,phases      ] GC(93)     Dead                           Min: 0, Avg:  0.0, Max: 0, Diff: 0, Sum: 0, Workers: 4
[42.050s][debug][gc,phases      ] GC(93)     Total                          Min: 0, Avg:  0.8, Max: 3, Diff: 3, Sum: 3, Workers: 4
[42.050s][debug][gc,phases      ] GC(93)   StringDedup Table Weak         Min:  0.0, Avg:  0.0, Max:  0.0, Diff:  0.0, Sum:  0.0, Workers: 4
[42.050s][debug][gc,phases      ] GC(93)     Dead                           Min: 0, Avg:  0.0, Max: 0, Diff: 0, Sum: 0, Workers: 4
[42.050s][debug][gc,phases      ] GC(93)     Total                          Min: 0, Avg:  0.0, Max: 0, Diff: 0, Sum: 0, Workers: 4
[42.050s][debug][gc,phases      ] GC(93)   StringDedup Requests0 Weak     Min:  0.0, Avg:  0.0, Max:  0.0, Diff:  0.0, Sum:  0.0, Workers: 4
[42.050s][debug][gc,phases      ] GC(93)     Dead                           Min: 0, Avg:  0.0, Max: 0, Diff: 0, Sum: 0, Workers: 4
[42.050s][debug][gc,phases      ] GC(93)     Total                          Min: 0, Avg:  0.0, Max: 0, Diff: 0, Sum: 0, Workers: 4
[42.051s][debug][gc,phases      ] GC(93)   StringDedup Requests1 Weak     Min:  0.0, Avg:  0.0, Max:  0.0, Diff:  0.0, Sum:  0.0, Workers: 4
[42.051s][debug][gc,phases      ] GC(93)     Dead                           Min: 0, Avg:  0.0, Max: 0, Diff: 0, Sum: 0, Workers: 4
[42.051s][debug][gc,phases      ] GC(93)     Total                          Min: 0, Avg:  0.0, Max: 0, Diff: 0, Sum: 0, Workers: 4
[42.051s][debug][gc,phases      ] GC(93)   Weak JFR Old Object Samples    Min:  0.0, Avg:  0.0, Max:  0.0, Diff:  0.0, Sum:  0.0, Workers: 4
[42.051s][debug][gc,phases      ] GC(93)     Dead                           Min: 0, Avg:  0.0, Max: 0, Diff: 0, Sum: 0, Workers: 4
[42.051s][debug][gc,phases      ] GC(93)     Total                          Min: 0, Avg:  0.0, Max: 0, Diff: 0, Sum: 0, Workers: 4
[42.051s][debug][gc,phases      ] GC(93) Weak Processing 0.331ms
[42.051s][debug][gc,age         ] GC(93) Desired survivor size 134217728 bytes, new threshold 15 (max threshold 15)
[42.051s][info ][gc,heap        ] GC(93) PSYoungGen: 1885429K(1961472K)->55973K(1954816K) Eden: 1819136K(1819136K)->0K(1819136K) From: 66293K(142336K)->55973K(135680K)
[42.051s][info ][gc,heap        ] GC(93) ParOldGen: 455830K(473088K)->468982K(473088K)
[42.051s][info ][gc,metaspace   ] GC(93) Metaspace: 79408K(80256K)->79408K(80256K) NonClass: 68078K(68544K)->68078K(68544K) Class: 11330K(11712K)->11330K(11712K)
[42.051s][info ][gc             ] GC(93) Pause Young (Allocation Failure) 2286M->512M(2371M) 20.254ms
[42.051s][info ][gc,cpu         ] GC(93) User=0.09s Sys=0.00s Real=0.02s
[42.051s][debug][gc,phases      ] GC(94) Pre Compact 0.011ms
[42.051s][info ][gc,start       ] GC(94) Pause Full (Ergonomics)
[42.051s][info ][gc,phases,start] GC(94) Marking Phase
[42.195s][debug][gc,phases      ] GC(94) Par Mark 144.550ms
[42.195s][debug][gc,ref         ] GC(94) Skipped phase 1 of Reference Processing: no references
[42.196s][debug][gc,ref         ] GC(94) ReferenceProcessor::execute queues: 4, RefProcThreadModel::Multi, marks_oops_alive: false
[42.196s][debug][gc,ref         ] GC(94) Skipped phase 3 of Reference Processing: no references
[42.196s][debug][gc,ref         ] GC(94) ReferenceProcessor::execute queues: 1, RefProcThreadModel::Single, marks_oops_alive: false
[42.196s][debug][gc,phases      ] GC(94) Reference Processing 0.640ms
[42.196s][debug][gc,phases      ] GC(94)   VM Weak                        Min:  0.0, Avg:  0.0, Max:  0.0, Diff:  0.0, Sum:  0.0, Workers: 4
[42.196s][debug][gc,phases      ] GC(94)     Dead                           Min: 0, Avg:  0.0, Max: 0, Diff: 0, Sum: 0, Workers: 4
[42.196s][debug][gc,phases      ] GC(94)     Total                          Min: 0, Avg: 162.2, Max: 384, Diff: 384, Sum: 649, Workers: 4
[42.196s][debug][gc,phases      ] GC(94)   ObjectSynchronizer Weak        Min:  0.0, Avg:  0.0, Max:  0.0, Diff:  0.0, Sum:  0.0, Workers: 4
[42.196s][debug][gc,phases      ] GC(94)     Dead                           Min: 0, Avg:  0.0, Max: 0, Diff: 0, Sum: 0, Workers: 4
[42.196s][debug][gc,phases      ] GC(94)     Total                          Min: 0, Avg: 96.8, Max: 131, Diff: 131, Sum: 387, Workers: 4
[42.196s][debug][gc,phases      ] GC(94)   JVMTI Tag Weak OopStorage      Min:  0.0, Avg:  0.0, Max:  0.0, Diff:  0.0, Sum:  0.0, Workers: 4
[42.196s][debug][gc,phases      ] GC(94)     Dead                           Min: 0, Avg:  0.0, Max: 0, Diff: 0, Sum: 0, Workers: 4
[42.196s][debug][gc,phases      ] GC(94)     Total                          Min: 0, Avg:  0.0, Max: 0, Diff: 0, Sum: 0, Workers: 4
[42.196s][debug][gc,phases      ] GC(94)   StringTable Weak               Min:  0.2, Avg:  0.2, Max:  0.2, Diff:  0.0, Sum:  0.7, Workers: 4
[42.196s][debug][gc,phases      ] GC(94)     Dead                           Min: 0, Avg:  0.0, Max: 0, Diff: 0, Sum: 0, Workers: 4
[42.196s][debug][gc,phases      ] GC(94)     Total                          Min: 10304, Avg: 11669.0, Max: 13248, Diff: 2944, Sum: 46676, Workers: 4
[42.196s][debug][gc,phases      ] GC(94)   ResolvedMethodTable Weak       Min:  0.0, Avg:  0.0, Max:  0.0, Diff:  0.0, Sum:  0.1, Workers: 4
[42.196s][debug][gc,phases      ] GC(94)     Dead                           Min: 0, Avg:  0.0, Max: 0, Diff: 0, Sum: 0, Workers: 4
[42.196s][debug][gc,phases      ] GC(94)     Total                          Min: 1790, Avg: 1966.8, Max: 2240, Diff: 450, Sum: 7867, Workers: 4
[42.196s][debug][gc,phases      ] GC(94)   JNI Weak                       Min:  0.0, Avg:  0.0, Max:  0.0, Diff:  0.0, Sum:  0.0, Workers: 4
[42.196s][debug][gc,phases      ] GC(94)     Dead                           Min: 0, Avg:  0.0, Max: 0, Diff: 0, Sum: 0, Workers: 4
[42.196s][debug][gc,phases      ] GC(94)     Total                          Min: 0, Avg:  0.8, Max: 3, Diff: 3, Sum: 3, Workers: 4
[42.196s][debug][gc,phases      ] GC(94)   StringDedup Table Weak         Min:  0.0, Avg:  0.0, Max:  0.0, Diff:  0.0, Sum:  0.0, Workers: 4
[42.196s][debug][gc,phases      ] GC(94)     Dead                           Min: 0, Avg:  0.0, Max: 0, Diff: 0, Sum: 0, Workers: 4
[42.196s][debug][gc,phases      ] GC(94)     Total                          Min: 0, Avg:  0.0, Max: 0, Diff: 0, Sum: 0, Workers: 4
[42.196s][debug][gc,phases      ] GC(94)   StringDedup Requests0 Weak     Min:  0.0, Avg:  0.0, Max:  0.0, Diff:  0.0, Sum:  0.0, Workers: 4
[42.196s][debug][gc,phases      ] GC(94)     Dead                           Min: 0, Avg:  0.0, Max: 0, Diff: 0, Sum: 0, Workers: 4
[42.196s][debug][gc,phases      ] GC(94)     Total                          Min: 0, Avg:  0.0, Max: 0, Diff: 0, Sum: 0, Workers: 4
[42.196s][debug][gc,phases      ] GC(94)   StringDedup Requests1 Weak     Min:  0.0, Avg:  0.0, Max:  0.0, Diff:  0.0, Sum:  0.0, Workers: 4
[42.196s][debug][gc,phases      ] GC(94)     Dead                           Min: 0, Avg:  0.0, Max: 0, Diff: 0, Sum: 0, Workers: 4
[42.196s][debug][gc,phases      ] GC(94)     Total                          Min: 0, Avg:  0.0, Max: 0, Diff: 0, Sum: 0, Workers: 4
[42.196s][debug][gc,phases      ] GC(94)   Weak JFR Old Object Samples    Min:  0.0, Avg:  0.0, Max:  0.0, Diff:  0.0, Sum:  0.0, Workers: 4
[42.196s][debug][gc,phases      ] GC(94)     Dead                           Min: 0, Avg:  0.0, Max: 0, Diff: 0, Sum: 0, Workers: 4
[42.196s][debug][gc,phases      ] GC(94)     Total                          Min: 0, Avg:  0.0, Max: 0, Diff: 0, Sum: 0, Workers: 4
[42.196s][debug][gc,phases      ] GC(94) Weak Processing 0.401ms
[42.196s][debug][gc,phases      ] GC(94) ClassLoaderData 0.086ms
[42.196s][debug][gc,phases      ] GC(94) Trigger cleanups 0.001ms
[42.209s][debug][gc,phases      ] GC(94) Class Unloading 12.835ms
[42.209s][info ][gc,phases      ] GC(94) Marking Phase 158.615ms
[42.209s][info ][gc,phases,start] GC(94) Summary Phase
[42.209s][info ][gc,phases      ] GC(94) Summary Phase 0.019ms
[42.209s][info ][gc,phases,start] GC(94) Adjust Roots
[42.221s][info ][gc,phases      ] GC(94) Adjust Roots 11.555ms
[42.221s][info ][gc,phases,start] GC(94) Compaction Phase
[42.414s][info ][gc,phases      ] GC(94) Compaction Phase 192.644ms
[42.414s][info ][gc,phases,start] GC(94) Post Compact
[42.415s][info ][gc,phases      ] GC(94) Post Compact 1.647ms
[42.415s][info ][gc,heap        ] GC(94) PSYoungGen: 55973K(1954816K)->0K(1966080K) Eden: 0K(1819136K)->0K(1835008K) From: 55973K(135680K)->0K(131072K)
[42.415s][info ][gc,heap        ] GC(94) ParOldGen: 468982K(473088K)->460372K(539136K)
[42.415s][info ][gc,metaspace   ] GC(94) Metaspace: 79408K(80256K)->79408K(80256K) NonClass: 68078K(68544K)->68078K(68544K) Class: 11330K(11712K)->11330K(11712K)
[42.415s][info ][gc             ] GC(94) Pause Full (Ergonomics) 512M->449M(2446M) 364.783ms
[42.415s][info ][gc,cpu         ] GC(94) User=1.37s Sys=0.00s Real=0.36s
[42.437s][info ][safepoint      ] Safepoint "ParallelGCFailedAllocation", Time since last: 437366347 ns, Reaching safepoint: 329106 ns, At safepoint: 407051189 ns, Total: 407380295 ns
[42.851s][info ][gc,start       ] GC(95) Pause Young (Allocation Failure)
[42.853s][debug][gc,phases      ] GC(95) Scavenge 1.821ms
[42.853s][debug][gc,ref         ] GC(95) Skipped phase 1 of Reference Processing: no references
[42.853s][debug][gc,ref         ] GC(95) ReferenceProcessor::execute queues: 1, RefProcThreadModel::Single, marks_oops_alive: false
[42.853s][debug][gc,ref         ] GC(95) Skipped phase 3 of Reference Processing: no references
[42.853s][debug][gc,ref         ] GC(95) ReferenceProcessor::execute queues: 1, RefProcThreadModel::Single, marks_oops_alive: false
[42.853s][debug][gc,phases      ] GC(95) Reference Processing 0.130ms
[42.853s][debug][gc,phases      ] GC(95)   VM Weak                        Min:  0.0, Avg:  0.0, Max:  0.0, Diff:  0.0, Sum:  0.0, Workers: 4
[42.853s][debug][gc,phases      ] GC(95)     Dead                           Min: 0, Avg:  0.0, Max: 0, Diff: 0, Sum: 0, Workers: 4
[42.853s][debug][gc,phases      ] GC(95)     Total                          Min: 0, Avg: 162.2, Max: 448, Diff: 448, Sum: 649, Workers: 4
[42.853s][debug][gc,phases      ] GC(95)   ObjectSynchronizer Weak        Min:  0.0, Avg:  0.0, Max:  0.0, Diff:  0.0, Sum:  0.0, Workers: 4
[42.853s][debug][gc,phases      ] GC(95)     Dead                           Min: 0, Avg:  0.0, Max: 0, Diff: 0, Sum: 0, Workers: 4
[42.853s][debug][gc,phases      ] GC(95)     Total                          Min: 0, Avg: 96.8, Max: 192, Diff: 192, Sum: 387, Workers: 4
[42.853s][debug][gc,phases      ] GC(95)   JVMTI Tag Weak OopStorage      Min:  0.0, Avg:  0.0, Max:  0.0, Diff:  0.0, Sum:  0.0, Workers: 4
[42.853s][debug][gc,phases      ] GC(95)     Dead                           Min: 0, Avg:  0.0, Max: 0, Diff: 0, Sum: 0, Workers: 4
[42.853s][debug][gc,phases      ] GC(95)     Total                          Min: 0, Avg:  0.0, Max: 0, Diff: 0, Sum: 0, Workers: 4
[42.853s][debug][gc,phases      ] GC(95)   StringTable Weak               Min:  0.1, Avg:  0.1, Max:  0.1, Diff:  0.0, Sum:  0.5, Workers: 4
[42.853s][debug][gc,phases      ] GC(95)     Dead                           Min: 0, Avg:  0.0, Max: 0, Diff: 0, Sum: 0, Workers: 4
[42.853s][debug][gc,phases      ] GC(95)     Total                          Min: 10496, Avg: 11672.2, Max: 13632, Diff: 3136, Sum: 46689, Workers: 4
[42.853s][debug][gc,phases      ] GC(95)   ResolvedMethodTable Weak       Min:  0.0, Avg:  0.0, Max:  0.0, Diff:  0.0, Sum:  0.1, Workers: 4
[42.853s][debug][gc,phases      ] GC(95)     Dead                           Min: 0, Avg:  0.0, Max: 0, Diff: 0, Sum: 0, Workers: 4
[42.854s][debug][gc,phases      ] GC(95)     Total                          Min: 1792, Avg: 1969.0, Max: 2176, Diff: 384, Sum: 7876, Workers: 4
[42.854s][debug][gc,phases      ] GC(95)   JNI Weak                       Min:  0.0, Avg:  0.0, Max:  0.0, Diff:  0.0, Sum:  0.0, Workers: 4
[42.854s][debug][gc,phases      ] GC(95)     Dead                           Min: 0, Avg:  0.0, Max: 0, Diff: 0, Sum: 0, Workers: 4
[42.854s][debug][gc,phases      ] GC(95)     Total                          Min: 0, Avg:  4.5, Max: 18, Diff: 18, Sum: 18, Workers: 4
[42.854s][debug][gc,phases      ] GC(95)   StringDedup Table Weak         Min:  0.0, Avg:  0.0, Max:  0.0, Diff:  0.0, Sum:  0.0, Workers: 4
[42.854s][debug][gc,phases      ] GC(95)     Dead                           Min: 0, Avg:  0.0, Max: 0, Diff: 0, Sum: 0, Workers: 4
[42.854s][debug][gc,phases      ] GC(95)     Total                          Min: 0, Avg:  0.0, Max: 0, Diff: 0, Sum: 0, Workers: 4
[42.854s][debug][gc,phases      ] GC(95)   StringDedup Requests0 Weak     Min:  0.0, Avg:  0.0, Max:  0.0, Diff:  0.0, Sum:  0.0, Workers: 4
[42.854s][debug][gc,phases      ] GC(95)     Dead                           Min: 0, Avg:  0.0, Max: 0, Diff: 0, Sum: 0, Workers: 4
[42.854s][debug][gc,phases      ] GC(95)     Total                          Min: 0, Avg:  0.0, Max: 0, Diff: 0, Sum: 0, Workers: 4
[42.854s][debug][gc,phases      ] GC(95)   StringDedup Requests1 Weak     Min:  0.0, Avg:  0.0, Max:  0.0, Diff:  0.0, Sum:  0.0, Workers: 4
[42.854s][debug][gc,phases      ] GC(95)     Dead                           Min: 0, Avg:  0.0, Max: 0, Diff: 0, Sum: 0, Workers: 4
[42.854s][debug][gc,phases      ] GC(95)     Total                          Min: 0, Avg:  0.0, Max: 0, Diff: 0, Sum: 0, Workers: 4
[42.854s][debug][gc,phases      ] GC(95)   Weak JFR Old Object Samples    Min:  0.0, Avg:  0.0, Max:  0.0, Diff:  0.0, Sum:  0.0, Workers: 4
[42.854s][debug][gc,phases      ] GC(95)     Dead                           Min: 0, Avg:  0.0, Max: 0, Diff: 0, Sum: 0, Workers: 4
[42.854s][debug][gc,phases      ] GC(95)     Total                          Min: 0, Avg:  0.0, Max: 0, Diff: 0, Sum: 0, Workers: 4
[42.854s][debug][gc,phases      ] GC(95) Weak Processing 0.350ms
[42.854s][debug][gc,age         ] GC(95) Desired survivor size 139460608 bytes, new threshold 15 (max threshold 15)
[42.854s][info ][gc,heap        ] GC(95) PSYoungGen: 1835008K(1966080K)->1376K(1836544K) Eden: 1835008K(1835008K)->0K(1835008K) From: 0K(131072K)->1376K(1536K)
[42.854s][info ][gc,heap        ] GC(95) ParOldGen: 460372K(539136K)->460372K(539136K)
[42.854s][info ][gc,metaspace   ] GC(95) Metaspace: 79452K(80256K)->79452K(80256K) NonClass: 68117K(68544K)->68117K(68544K) Class: 11334K(11712K)->11334K(11712K)
[42.854s][info ][gc             ] GC(95) Pause Young (Allocation Failure) 2241M->450M(2320M) 2.439ms
[42.854s][info ][gc,cpu         ] GC(95) User=0.01s Sys=0.00s Real=0.00s
[42.854s][info ][safepoint      ] Safepoint "ParallelGCFailedAllocation", Time since last: 413601309 ns, Reaching safepoint: 198304 ns, At safepoint: 2558247 ns, Total: 2756551 ns
[43.285s][info ][gc,start       ] GC(96) Pause Young (Allocation Failure)
[43.288s][debug][gc,phases      ] GC(96) Scavenge 3.326ms
[43.288s][debug][gc,ref         ] GC(96) Skipped phase 1 of Reference Processing: no references
[43.288s][debug][gc,ref         ] GC(96) ReferenceProcessor::execute queues: 1, RefProcThreadModel::Single, marks_oops_alive: false
[43.288s][debug][gc,ref         ] GC(96) Skipped phase 3 of Reference Processing: no references
[43.288s][debug][gc,ref         ] GC(96) ReferenceProcessor::execute queues: 1, RefProcThreadModel::Single, marks_oops_alive: false
[43.288s][debug][gc,phases      ] GC(96) Reference Processing 0.118ms
[43.289s][debug][gc,phases      ] GC(96)   VM Weak                        Min:  0.0, Avg:  0.0, Max:  0.0, Diff:  0.0, Sum:  0.0, Workers: 4
[43.289s][debug][gc,phases      ] GC(96)     Dead                           Min: 0, Avg:  0.0, Max: 0, Diff: 0, Sum: 0, Workers: 4
[43.289s][debug][gc,phases      ] GC(96)     Total                          Min: 0, Avg: 162.2, Max: 576, Diff: 576, Sum: 649, Workers: 4
[43.289s][debug][gc,phases      ] GC(96)   ObjectSynchronizer Weak        Min:  0.0, Avg:  0.0, Max:  0.0, Diff:  0.0, Sum:  0.0, Workers: 4
[43.289s][debug][gc,phases      ] GC(96)     Dead                           Min: 0, Avg:  0.0, Max: 0, Diff: 0, Sum: 0, Workers: 4
[43.289s][debug][gc,phases      ] GC(96)     Total                          Min: 0, Avg: 96.8, Max: 131, Diff: 131, Sum: 387, Workers: 4
[43.289s][debug][gc,phases      ] GC(96)   JVMTI Tag Weak OopStorage      Min:  0.0, Avg:  0.0, Max:  0.0, Diff:  0.0, Sum:  0.0, Workers: 4
[43.289s][debug][gc,phases      ] GC(96)     Dead                           Min: 0, Avg:  0.0, Max: 0, Diff: 0, Sum: 0, Workers: 4
[43.289s][debug][gc,phases      ] GC(96)     Total                          Min: 0, Avg:  0.0, Max: 0, Diff: 0, Sum: 0, Workers: 4
[43.289s][debug][gc,phases      ] GC(96)   StringTable Weak               Min:  0.1, Avg:  0.1, Max:  0.1, Diff:  0.0, Sum:  0.4, Workers: 4
[43.289s][debug][gc,phases      ] GC(96)     Dead                           Min: 0, Avg:  0.0, Max: 0, Diff: 0, Sum: 0, Workers: 4
[43.289s][debug][gc,phases      ] GC(96)     Total                          Min: 10880, Avg: 11681.0, Max: 13060, Diff: 2180, Sum: 46724, Workers: 4
[43.289s][debug][gc,phases      ] GC(96)   ResolvedMethodTable Weak       Min:  0.0, Avg:  0.0, Max:  0.0, Diff:  0.0, Sum:  0.1, Workers: 4
[43.289s][debug][gc,phases      ] GC(96)     Dead                           Min: 0, Avg:  0.0, Max: 0, Diff: 0, Sum: 0, Workers: 4
[43.289s][debug][gc,phases      ] GC(96)     Total                          Min: 1792, Avg: 1969.0, Max: 2176, Diff: 384, Sum: 7876, Workers: 4
[43.289s][debug][gc,phases      ] GC(96)   JNI Weak                       Min:  0.0, Avg:  0.0, Max:  0.0, Diff:  0.0, Sum:  0.0, Workers: 4
[43.289s][debug][gc,phases      ] GC(96)     Dead                           Min: 0, Avg:  0.0, Max: 0, Diff: 0, Sum: 0, Workers: 4
[43.289s][debug][gc,phases      ] GC(96)     Total                          Min: 0, Avg:  1.5, Max: 6, Diff: 6, Sum: 6, Workers: 4
[43.289s][debug][gc,phases      ] GC(96)   StringDedup Table Weak         Min:  0.0, Avg:  0.0, Max:  0.0, Diff:  0.0, Sum:  0.0, Workers: 4
[43.289s][debug][gc,phases      ] GC(96)     Dead                           Min: 0, Avg:  0.0, Max: 0, Diff: 0, Sum: 0, Workers: 4
[43.289s][debug][gc,phases      ] GC(96)     Total                          Min: 0, Avg:  0.0, Max: 0, Diff: 0, Sum: 0, Workers: 4
[43.289s][debug][gc,phases      ] GC(96)   StringDedup Requests0 Weak     Min:  0.0, Avg:  0.0, Max:  0.0, Diff:  0.0, Sum:  0.0, Workers: 4
[43.289s][debug][gc,phases      ] GC(96)     Dead                           Min: 0, Avg:  0.0, Max: 0, Diff: 0, Sum: 0, Workers: 4
[43.289s][debug][gc,phases      ] GC(96)     Total                          Min: 0, Avg:  0.0, Max: 0, Diff: 0, Sum: 0, Workers: 4
[43.289s][debug][gc,phases      ] GC(96)   StringDedup Requests1 Weak     Min:  0.0, Avg:  0.0, Max:  0.0, Diff:  0.0, Sum:  0.0, Workers: 4
[43.289s][debug][gc,phases      ] GC(96)     Dead                           Min: 0, Avg:  0.0, Max: 0, Diff: 0, Sum: 0, Workers: 4
[43.289s][debug][gc,phases      ] GC(96)     Total                          Min: 0, Avg:  0.0, Max: 0, Diff: 0, Sum: 0, Workers: 4
[43.289s][debug][gc,phases      ] GC(96)   Weak JFR Old Object Samples    Min:  0.0, Avg:  0.0, Max:  0.0, Diff:  0.0, Sum:  0.0, Workers: 4
[43.289s][debug][gc,phases      ] GC(96)     Dead                           Min: 0, Avg:  0.0, Max: 0, Diff: 0, Sum: 0, Workers: 4
[43.289s][debug][gc,phases      ] GC(96)     Total                          Min: 0, Avg:  0.0, Max: 0, Diff: 0, Sum: 0, Workers: 4
[43.289s][debug][gc,phases      ] GC(96) Weak Processing 0.326ms
[43.289s][debug][gc,age         ] GC(96) Desired survivor size 141557760 bytes, new threshold 15 (max threshold 15)
[43.289s][info ][gc,heap        ] GC(96) PSYoungGen: 1836384K(1836544K)->6112K(1956864K) Eden: 1835008K(1835008K)->0K(1820672K) From: 1376K(1536K)->6112K(136192K)
[43.289s][info ][gc,heap        ] GC(96) ParOldGen: 460372K(539136K)->460372K(539136K)
[43.289s][info ][gc,metaspace   ] GC(96) Metaspace: 79460K(80320K)->79460K(80320K) NonClass: 68125K(68608K)->68125K(68608K) Class: 11334K(11712K)->11334K(11712K)
[43.289s][info ][gc             ] GC(96) Pause Young (Allocation Failure) 2242M->455M(2437M) 3.915ms
[43.289s][info ][gc,cpu         ] GC(96) User=0.02s Sys=0.00s Real=0.00s
[43.289s][info ][safepoint      ] Safepoint "ParallelGCFailedAllocation", Time since last: 430959829 ns, Reaching safepoint: 182103 ns, At safepoint: 4059375 ns, Total: 4241478 ns
[43.742s][info ][gc,start       ] GC(97) Pause Young (Allocation Failure)
[43.751s][debug][gc,phases      ] GC(97) Scavenge 8.518ms
[43.751s][debug][gc,ref         ] GC(97) Skipped phase 1 of Reference Processing: no references
[43.751s][debug][gc,ref         ] GC(97) ReferenceProcessor::execute queues: 1, RefProcThreadModel::Single, marks_oops_alive: false
[43.751s][debug][gc,ref         ] GC(97) Skipped phase 3 of Reference Processing: no references
[43.751s][debug][gc,ref         ] GC(97) ReferenceProcessor::execute queues: 1, RefProcThreadModel::Single, marks_oops_alive: false
[43.751s][debug][gc,phases      ] GC(97) Reference Processing 0.124ms
[43.751s][debug][gc,phases      ] GC(97)   VM Weak                        Min:  0.0, Avg:  0.0, Max:  0.0, Diff:  0.0, Sum:  0.0, Workers: 4
[43.751s][debug][gc,phases      ] GC(97)     Dead                           Min: 0, Avg:  0.0, Max: 0, Diff: 0, Sum: 0, Workers: 4
[43.751s][debug][gc,phases      ] GC(97)     Total                          Min: 0, Avg: 162.2, Max: 640, Diff: 640, Sum: 649, Workers: 4
[43.751s][debug][gc,phases      ] GC(97)   ObjectSynchronizer Weak        Min:  0.0, Avg:  0.0, Max:  0.0, Diff:  0.0, Sum:  0.0, Workers: 4
[43.751s][debug][gc,phases      ] GC(97)     Dead                           Min: 0, Avg:  0.0, Max: 0, Diff: 0, Sum: 0, Workers: 4
[43.751s][debug][gc,phases      ] GC(97)     Total                          Min: 0, Avg: 96.8, Max: 192, Diff: 192, Sum: 387, Workers: 4
[43.751s][debug][gc,phases      ] GC(97)   JVMTI Tag Weak OopStorage      Min:  0.0, Avg:  0.0, Max:  0.0, Diff:  0.0, Sum:  0.0, Workers: 4
[43.751s][debug][gc,phases      ] GC(97)     Dead                           Min: 0, Avg:  0.0, Max: 0, Diff: 0, Sum: 0, Workers: 4
[43.751s][debug][gc,phases      ] GC(97)     Total                          Min: 0, Avg:  0.0, Max: 0, Diff: 0, Sum: 0, Workers: 4
[43.751s][debug][gc,phases      ] GC(97)   StringTable Weak               Min:  0.1, Avg:  0.1, Max:  0.1, Diff:  0.0, Sum:  0.4, Workers: 4
[43.751s][debug][gc,phases      ] GC(97)     Dead                           Min: 0, Avg:  0.0, Max: 0, Diff: 0, Sum: 0, Workers: 4
[43.751s][debug][gc,phases      ] GC(97)     Total                          Min: 10880, Avg: 11699.0, Max: 12556, Diff: 1676, Sum: 46796, Workers: 4
[43.751s][debug][gc,phases      ] GC(97)   ResolvedMethodTable Weak       Min:  0.0, Avg:  0.0, Max:  0.0, Diff:  0.0, Sum:  0.1, Workers: 4
[43.751s][debug][gc,phases      ] GC(97)     Dead                           Min: 0, Avg:  0.0, Max: 0, Diff: 0, Sum: 0, Workers: 4
[43.751s][debug][gc,phases      ] GC(97)     Total                          Min: 1920, Avg: 1969.0, Max: 2053, Diff: 133, Sum: 7876, Workers: 4
[43.751s][debug][gc,phases      ] GC(97)   JNI Weak                       Min:  0.0, Avg:  0.0, Max:  0.0, Diff:  0.0, Sum:  0.0, Workers: 4
[43.751s][debug][gc,phases      ] GC(97)     Dead                           Min: 0, Avg:  0.0, Max: 0, Diff: 0, Sum: 0, Workers: 4
[43.751s][debug][gc,phases      ] GC(97)     Total                          Min: 0, Avg:  1.2, Max: 5, Diff: 5, Sum: 5, Workers: 4
[43.751s][debug][gc,phases      ] GC(97)   StringDedup Table Weak         Min:  0.0, Avg:  0.0, Max:  0.0, Diff:  0.0, Sum:  0.0, Workers: 4
[43.751s][debug][gc,phases      ] GC(97)     Dead                           Min: 0, Avg:  0.0, Max: 0, Diff: 0, Sum: 0, Workers: 4
[43.751s][debug][gc,phases      ] GC(97)     Total                          Min: 0, Avg:  0.0, Max: 0, Diff: 0, Sum: 0, Workers: 4
[43.751s][debug][gc,phases      ] GC(97)   StringDedup Requests0 Weak     Min:  0.0, Avg:  0.0, Max:  0.0, Diff:  0.0, Sum:  0.0, Workers: 4
[43.751s][debug][gc,phases      ] GC(97)     Dead                           Min: 0, Avg:  0.0, Max: 0, Diff: 0, Sum: 0, Workers: 4
[43.751s][debug][gc,phases      ] GC(97)     Total                          Min: 0, Avg:  0.0, Max: 0, Diff: 0, Sum: 0, Workers: 4
[43.751s][debug][gc,phases      ] GC(97)   StringDedup Requests1 Weak     Min:  0.0, Avg:  0.0, Max:  0.0, Diff:  0.0, Sum:  0.0, Workers: 4
[43.751s][debug][gc,phases      ] GC(97)     Dead                           Min: 0, Avg:  0.0, Max: 0, Diff: 0, Sum: 0, Workers: 4
[43.751s][debug][gc,phases      ] GC(97)     Total                          Min: 0, Avg:  0.0, Max: 0, Diff: 0, Sum: 0, Workers: 4
[43.751s][debug][gc,phases      ] GC(97)   Weak JFR Old Object Samples    Min:  0.0, Avg:  0.0, Max:  0.0, Diff:  0.0, Sum:  0.0, Workers: 4
[43.751s][debug][gc,phases      ] GC(97)     Dead                           Min: 0, Avg:  0.0, Max: 0, Diff: 0, Sum: 0, Workers: 4
[43.751s][debug][gc,phases      ] GC(97)     Total                          Min: 0, Avg:  0.0, Max: 0, Diff: 0, Sum: 0, Workers: 4
[43.751s][debug][gc,phases      ] GC(97) Weak Processing 0.382ms
[43.751s][debug][gc,age         ] GC(97) Desired survivor size 138936320 bytes, new threshold 15 (max threshold 15)
[43.751s][info ][gc,heap        ] GC(97) PSYoungGen: 1826784K(1956864K)->21152K(1958912K) Eden: 1820672K(1820672K)->0K(1820672K) From: 6112K(136192K)->21152K(138240K)
[43.751s][info ][gc,heap        ] GC(97) ParOldGen: 460372K(539136K)->460380K(539136K)
[43.751s][info ][gc,metaspace   ] GC(97) Metaspace: 79510K(80320K)->79510K(80320K) NonClass: 68172K(68608K)->68172K(68608K) Class: 11337K(11712K)->11337K(11712K)
[43.751s][info ][gc             ] GC(97) Pause Young (Allocation Failure) 2233M->470M(2439M) 9.167ms
[43.751s][info ][gc,cpu         ] GC(97) User=0.03s Sys=0.00s Real=0.01s
[43.751s][info ][safepoint      ] Safepoint "ParallelGCFailedAllocation", Time since last: 452944033 ns, Reaching safepoint: 203504 ns, At safepoint: 9275471 ns, Total: 9478975 ns
[44.172s][info ][gc,start       ] GC(98) Pause Young (Allocation Failure)
[44.181s][debug][gc,phases      ] GC(98) Scavenge 8.626ms
[44.181s][debug][gc,ref         ] GC(98) Skipped phase 1 of Reference Processing: no references
[44.181s][debug][gc,ref         ] GC(98) ReferenceProcessor::execute queues: 1, RefProcThreadModel::Single, marks_oops_alive: false
[44.181s][debug][gc,ref         ] GC(98) Skipped phase 3 of Reference Processing: no references
[44.181s][debug][gc,ref         ] GC(98) ReferenceProcessor::execute queues: 1, RefProcThreadModel::Single, marks_oops_alive: false
[44.181s][debug][gc,phases      ] GC(98) Reference Processing 0.165ms
[44.182s][debug][gc,phases      ] GC(98)   VM Weak                        Min:  0.0, Avg:  0.0, Max:  0.0, Diff:  0.0, Sum:  0.0, Workers: 4
[44.182s][debug][gc,phases      ] GC(98)     Dead                           Min: 0, Avg:  0.0, Max: 0, Diff: 0, Sum: 0, Workers: 4
[44.182s][debug][gc,phases      ] GC(98)     Total                          Min: 0, Avg: 162.2, Max: 384, Diff: 384, Sum: 649, Workers: 4
[44.182s][debug][gc,phases      ] GC(98)   ObjectSynchronizer Weak        Min:  0.0, Avg:  0.0, Max:  0.0, Diff:  0.0, Sum:  0.0, Workers: 4
[44.182s][debug][gc,phases      ] GC(98)     Dead                           Min: 0, Avg:  0.0, Max: 0, Diff: 0, Sum: 0, Workers: 4
[44.182s][debug][gc,phases      ] GC(98)     Total                          Min: 0, Avg: 96.8, Max: 195, Diff: 195, Sum: 387, Workers: 4
[44.182s][debug][gc,phases      ] GC(98)   JVMTI Tag Weak OopStorage      Min:  0.0, Avg:  0.0, Max:  0.0, Diff:  0.0, Sum:  0.0, Workers: 4
[44.182s][debug][gc,phases      ] GC(98)     Dead                           Min: 0, Avg:  0.0, Max: 0, Diff: 0, Sum: 0, Workers: 4
[44.182s][debug][gc,phases      ] GC(98)     Total                          Min: 0, Avg:  0.0, Max: 0, Diff: 0, Sum: 0, Workers: 4
[44.182s][debug][gc,phases      ] GC(98)   StringTable Weak               Min:  0.1, Avg:  0.1, Max:  0.2, Diff:  0.1, Sum:  0.5, Workers: 4
[44.182s][debug][gc,phases      ] GC(98)     Dead                           Min: 0, Avg:  0.0, Max: 0, Diff: 0, Sum: 0, Workers: 4
[44.182s][debug][gc,phases      ] GC(98)     Total                          Min: 7296, Avg: 11701.2, Max: 16192, Diff: 8896, Sum: 46805, Workers: 4
[44.182s][debug][gc,phases      ] GC(98)   ResolvedMethodTable Weak       Min:  0.0, Avg:  0.0, Max:  0.0, Diff:  0.0, Sum:  0.1, Workers: 4
[44.182s][debug][gc,phases      ] GC(98)     Dead                           Min: 0, Avg:  0.0, Max: 0, Diff: 0, Sum: 0, Workers: 4
[44.182s][debug][gc,phases      ] GC(98)     Total                          Min: 1792, Avg: 1969.0, Max: 2176, Diff: 384, Sum: 7876, Workers: 4
[44.182s][debug][gc,phases      ] GC(98)   JNI Weak                       Min:  0.0, Avg:  0.0, Max:  0.0, Diff:  0.0, Sum:  0.0, Workers: 4
[44.182s][debug][gc,phases      ] GC(98)     Dead                           Min: 0, Avg:  0.0, Max: 0, Diff: 0, Sum: 0, Workers: 4
[44.182s][debug][gc,phases      ] GC(98)     Total                          Min: 0, Avg:  1.8, Max: 7, Diff: 7, Sum: 7, Workers: 4
[44.182s][debug][gc,phases      ] GC(98)   StringDedup Table Weak         Min:  0.0, Avg:  0.0, Max:  0.0, Diff:  0.0, Sum:  0.0, Workers: 4
[44.182s][debug][gc,phases      ] GC(98)     Dead                           Min: 0, Avg:  0.0, Max: 0, Diff: 0, Sum: 0, Workers: 4
[44.182s][debug][gc,phases      ] GC(98)     Total                          Min: 0, Avg:  0.0, Max: 0, Diff: 0, Sum: 0, Workers: 4
[44.182s][debug][gc,phases      ] GC(98)   StringDedup Requests0 Weak     Min:  0.0, Avg:  0.0, Max:  0.0, Diff:  0.0, Sum:  0.0, Workers: 4
[44.182s][debug][gc,phases      ] GC(98)     Dead                           Min: 0, Avg:  0.0, Max: 0, Diff: 0, Sum: 0, Workers: 4
[44.182s][debug][gc,phases      ] GC(98)     Total                          Min: 0, Avg:  0.0, Max: 0, Diff: 0, Sum: 0, Workers: 4
[44.182s][debug][gc,phases      ] GC(98)   StringDedup Requests1 Weak     Min:  0.0, Avg:  0.0, Max:  0.0, Diff:  0.0, Sum:  0.0, Workers: 4
[44.182s][debug][gc,phases      ] GC(98)     Dead                           Min: 0, Avg:  0.0, Max: 0, Diff: 0, Sum: 0, Workers: 4
[44.182s][debug][gc,phases      ] GC(98)     Total                          Min: 0, Avg:  0.0, Max: 0, Diff: 0, Sum: 0, Workers: 4
[44.182s][debug][gc,phases      ] GC(98)   Weak JFR Old Object Samples    Min:  0.0, Avg:  0.0, Max:  0.0, Diff:  0.0, Sum:  0.0, Workers: 4
[44.182s][debug][gc,phases      ] GC(98)     Dead                           Min: 0, Avg:  0.0, Max: 0, Diff: 0, Sum: 0, Workers: 4
[44.182s][debug][gc,phases      ] GC(98)     Total                          Min: 0, Avg:  0.0, Max: 0, Diff: 0, Sum: 0, Workers: 4
[44.182s][debug][gc,phases      ] GC(98) Weak Processing 0.380ms
[44.182s][debug][gc,age         ] GC(98) Desired survivor size 135266304 bytes, new threshold 15 (max threshold 15)
[44.182s][info ][gc,heap        ] GC(98) PSYoungGen: 1841824K(1958912K)->25072K(1965056K) Eden: 1820672K(1820672K)->0K(1829376K) From: 21152K(138240K)->25072K(135680K)
[44.182s][info ][gc,heap        ] GC(98) ParOldGen: 460380K(539136K)->460380K(539136K)
[44.182s][info ][gc,metaspace   ] GC(98) Metaspace: 79521K(80320K)->79521K(80320K) NonClass: 68184K(68608K)->68184K(68608K) Class: 11337K(11712K)->11337K(11712K)
[44.182s][info ][gc             ] GC(98) Pause Young (Allocation Failure) 2248M->474M(2445M) 9.334ms
[44.182s][info ][gc,cpu         ] GC(98) User=0.04s Sys=0.00s Real=0.01s
[44.182s][info ][safepoint      ] Safepoint "ParallelGCFailedAllocation", Time since last: 420651839 ns, Reaching safepoint: 442208 ns, At safepoint: 9463374 ns, Total: 9905582 ns
[44.690s][info ][gc,start       ] GC(99) Pause Young (Allocation Failure)
[44.701s][debug][gc,phases      ] GC(99) Scavenge 10.262ms
[44.701s][debug][gc,ref         ] GC(99) Skipped phase 1 of Reference Processing: no references
[44.701s][debug][gc,ref         ] GC(99) ReferenceProcessor::execute queues: 1, RefProcThreadModel::Single, marks_oops_alive: false
[44.701s][debug][gc,ref         ] GC(99) Skipped phase 3 of Reference Processing: no references
[44.701s][debug][gc,ref         ] GC(99) ReferenceProcessor::execute queues: 1, RefProcThreadModel::Single, marks_oops_alive: false
[44.701s][debug][gc,phases      ] GC(99) Reference Processing 0.125ms
[44.701s][debug][gc,phases      ] GC(99)   VM Weak                        Min:  0.0, Avg:  0.0, Max:  0.0, Diff:  0.0, Sum:  0.0, Workers: 4
[44.701s][debug][gc,phases      ] GC(99)     Dead                           Min: 0, Avg:  0.0, Max: 0, Diff: 0, Sum: 0, Workers: 4
[44.701s][debug][gc,phases      ] GC(99)     Total                          Min: 0, Avg: 162.2, Max: 512, Diff: 512, Sum: 649, Workers: 4
[44.701s][debug][gc,phases      ] GC(99)   ObjectSynchronizer Weak        Min:  0.0, Avg:  0.0, Max:  0.0, Diff:  0.0, Sum:  0.0, Workers: 4
[44.701s][debug][gc,phases      ] GC(99)     Dead                           Min: 0, Avg:  0.0, Max: 0, Diff: 0, Sum: 0, Workers: 4
[44.701s][debug][gc,phases      ] GC(99)     Total                          Min: 0, Avg: 96.8, Max: 192, Diff: 192, Sum: 387, Workers: 4
[44.701s][debug][gc,phases      ] GC(99)   JVMTI Tag Weak OopStorage      Min:  0.0, Avg:  0.0, Max:  0.0, Diff:  0.0, Sum:  0.0, Workers: 4
[44.701s][debug][gc,phases      ] GC(99)     Dead                           Min: 0, Avg:  0.0, Max: 0, Diff: 0, Sum: 0, Workers: 4
[44.701s][debug][gc,phases      ] GC(99)     Total                          Min: 0, Avg:  0.0, Max: 0, Diff: 0, Sum: 0, Workers: 4
[44.701s][debug][gc,phases      ] GC(99)   StringTable Weak               Min:  0.1, Avg:  0.1, Max:  0.1, Diff:  0.0, Sum:  0.4, Workers: 4
[44.701s][debug][gc,phases      ] GC(99)     Dead                           Min: 0, Avg:  0.2, Max: 1, Diff: 1, Sum: 1, Workers: 4
[44.701s][debug][gc,phases      ] GC(99)     Total                          Min: 11199, Avg: 11704.0, Max: 13089, Diff: 1890, Sum: 46816, Workers: 4
[44.701s][debug][gc,phases      ] GC(99)   ResolvedMethodTable Weak       Min:  0.0, Avg:  0.0, Max:  0.0, Diff:  0.0, Sum:  0.1, Workers: 4
[44.701s][debug][gc,phases      ] GC(99)     Dead                           Min: 0, Avg:  0.0, Max: 0, Diff: 0, Sum: 0, Workers: 4
[44.701s][debug][gc,phases      ] GC(99)     Total                          Min: 1804, Avg: 1970.5, Max: 2240, Diff: 436, Sum: 7882, Workers: 4
[44.701s][debug][gc,phases      ] GC(99)   JNI Weak                       Min:  0.0, Avg:  0.0, Max:  0.0, Diff:  0.0, Sum:  0.0, Workers: 4
[44.701s][debug][gc,phases      ] GC(99)     Dead                           Min: 0, Avg:  0.0, Max: 0, Diff: 0, Sum: 0, Workers: 4
[44.701s][debug][gc,phases      ] GC(99)     Total                          Min: 0, Avg:  1.0, Max: 4, Diff: 4, Sum: 4, Workers: 4
[44.701s][debug][gc,phases      ] GC(99)   StringDedup Table Weak         Min:  0.0, Avg:  0.0, Max:  0.0, Diff:  0.0, Sum:  0.0, Workers: 4
[44.701s][debug][gc,phases      ] GC(99)     Dead                           Min: 0, Avg:  0.0, Max: 0, Diff: 0, Sum: 0, Workers: 4
[44.701s][debug][gc,phases      ] GC(99)     Total                          Min: 0, Avg:  0.0, Max: 0, Diff: 0, Sum: 0, Workers: 4
[44.701s][debug][gc,phases      ] GC(99)   StringDedup Requests0 Weak     Min:  0.0, Avg:  0.0, Max:  0.0, Diff:  0.0, Sum:  0.0, Workers: 4
[44.701s][debug][gc,phases      ] GC(99)     Dead                           Min: 0, Avg:  0.0, Max: 0, Diff: 0, Sum: 0, Workers: 4
[44.701s][debug][gc,phases      ] GC(99)     Total                          Min: 0, Avg:  0.0, Max: 0, Diff: 0, Sum: 0, Workers: 4
[44.701s][debug][gc,phases      ] GC(99)   StringDedup Requests1 Weak     Min:  0.0, Avg:  0.0, Max:  0.0, Diff:  0.0, Sum:  0.0, Workers: 4
[44.701s][debug][gc,phases      ] GC(99)     Dead                           Min: 0, Avg:  0.0, Max: 0, Diff: 0, Sum: 0, Workers: 4
[44.701s][debug][gc,phases      ] GC(99)     Total                          Min: 0, Avg:  0.0, Max: 0, Diff: 0, Sum: 0, Workers: 4
[44.701s][debug][gc,phases      ] GC(99)   Weak JFR Old Object Samples    Min:  0.0, Avg:  0.0, Max:  0.0, Diff:  0.0, Sum:  0.0, Workers: 4
[44.701s][debug][gc,phases      ] GC(99)     Dead                           Min: 0, Avg:  0.0, Max: 0, Diff: 0, Sum: 0, Workers: 4
[44.701s][debug][gc,phases      ] GC(99)     Total                          Min: 0, Avg:  0.0, Max: 0, Diff: 0, Sum: 0, Workers: 4
[44.701s][debug][gc,phases      ] GC(99) Weak Processing 0.370ms
[44.701s][debug][gc,age         ] GC(99) Desired survivor size 130547712 bytes, new threshold 15 (max threshold 15)
[44.701s][info ][gc,heap        ] GC(99) PSYoungGen: 1854448K(1965056K)->29536K(1961472K) Eden: 1829376K(1829376K)->0K(1829376K) From: 25072K(135680K)->29536K(132096K)
[44.701s][info ][gc,heap        ] GC(99) ParOldGen: 460380K(539136K)->460380K(539136K)
[44.701s][info ][gc,metaspace   ] GC(99) Metaspace: 79548K(80384K)->79548K(80384K) NonClass: 68207K(68672K)->68207K(68672K) Class: 11340K(11712K)->11340K(11712K)
[44.701s][info ][gc             ] GC(99) Pause Young (Allocation Failure) 2260M->478M(2442M) 10.902ms
[44.701s][info ][gc,cpu         ] GC(99) User=0.04s Sys=0.00s Real=0.01s
[44.701s][info ][safepoint      ] Safepoint "ParallelGCFailedAllocation", Time since last: 503268560 ns, Reaching safepoint: 5297897 ns, At safepoint: 11020103 ns, Total: 16318000 ns
[45.133s][info ][gc,start       ] GC(100) Pause Young (Allocation Failure)
[45.144s][debug][gc,phases      ] GC(100) Scavenge 11.022ms
[45.144s][debug][gc,ref         ] GC(100) Skipped phase 1 of Reference Processing: no references
[45.144s][debug][gc,ref         ] GC(100) ReferenceProcessor::execute queues: 1, RefProcThreadModel::Single, marks_oops_alive: false
[45.145s][debug][gc,ref         ] GC(100) Skipped phase 3 of Reference Processing: no references
[45.145s][debug][gc,ref         ] GC(100) ReferenceProcessor::execute queues: 1, RefProcThreadModel::Single, marks_oops_alive: false
[45.145s][debug][gc,phases      ] GC(100) Reference Processing 0.165ms
[45.145s][debug][gc,phases      ] GC(100)   VM Weak                        Min:  0.0, Avg:  0.0, Max:  0.0, Diff:  0.0, Sum:  0.0, Workers: 4
[45.145s][debug][gc,phases      ] GC(100)     Dead                           Min: 0, Avg:  0.0, Max: 0, Diff: 0, Sum: 0, Workers: 4
[45.145s][debug][gc,phases      ] GC(100)     Total                          Min: 0, Avg: 162.5, Max: 512, Diff: 512, Sum: 650, Workers: 4
[45.145s][debug][gc,phases      ] GC(100)   ObjectSynchronizer Weak        Min:  0.0, Avg:  0.0, Max:  0.0, Diff:  0.0, Sum:  0.0, Workers: 4
[45.145s][debug][gc,phases      ] GC(100)     Dead                           Min: 0, Avg:  0.0, Max: 0, Diff: 0, Sum: 0, Workers: 4
[45.145s][debug][gc,phases      ] GC(100)     Total                          Min: 0, Avg: 96.8, Max: 387, Diff: 387, Sum: 387, Workers: 4
[45.145s][debug][gc,phases      ] GC(100)   JVMTI Tag Weak OopStorage      Min:  0.0, Avg:  0.0, Max:  0.0, Diff:  0.0, Sum:  0.0, Workers: 4
[45.145s][debug][gc,phases      ] GC(100)     Dead                           Min: 0, Avg:  0.0, Max: 0, Diff: 0, Sum: 0, Workers: 4
[45.145s][debug][gc,phases      ] GC(100)     Total                          Min: 0, Avg:  0.0, Max: 0, Diff: 0, Sum: 0, Workers: 4
[45.145s][debug][gc,phases      ] GC(100)   StringTable Weak               Min:  0.1, Avg:  0.1, Max:  0.1, Diff:  0.0, Sum:  0.5, Workers: 4
[45.145s][debug][gc,phases      ] GC(100)     Dead                           Min: 0, Avg:  0.0, Max: 0, Diff: 0, Sum: 0, Workers: 4
[45.145s][debug][gc,phases      ] GC(100)     Total                          Min: 11008, Avg: 11707.8, Max: 12143, Diff: 1135, Sum: 46831, Workers: 4
[45.145s][debug][gc,phases      ] GC(100)   ResolvedMethodTable Weak       Min:  0.0, Avg:  0.0, Max:  0.0, Diff:  0.0, Sum:  0.1, Workers: 4
[45.145s][debug][gc,phases      ] GC(100)     Dead                           Min: 0, Avg:  0.0, Max: 0, Diff: 0, Sum: 0, Workers: 4
[45.145s][debug][gc,phases      ] GC(100)     Total                          Min: 1855, Avg: 1972.2, Max: 2112, Diff: 257, Sum: 7889, Workers: 4
[45.145s][debug][gc,phases      ] GC(100)   JNI Weak                       Min:  0.0, Avg:  0.0, Max:  0.0, Diff:  0.0, Sum:  0.0, Workers: 4
[45.145s][debug][gc,phases      ] GC(100)     Dead                           Min: 0, Avg:  0.0, Max: 0, Diff: 0, Sum: 0, Workers: 4
[45.145s][debug][gc,phases      ] GC(100)     Total                          Min: 0, Avg:  1.8, Max: 7, Diff: 7, Sum: 7, Workers: 4
[45.145s][debug][gc,phases      ] GC(100)   StringDedup Table Weak         Min:  0.0, Avg:  0.0, Max:  0.0, Diff:  0.0, Sum:  0.0, Workers: 4
[45.145s][debug][gc,phases      ] GC(100)     Dead                           Min: 0, Avg:  0.0, Max: 0, Diff: 0, Sum: 0, Workers: 4
[45.145s][debug][gc,phases      ] GC(100)     Total                          Min: 0, Avg:  0.0, Max: 0, Diff: 0, Sum: 0, Workers: 4
[45.145s][debug][gc,phases      ] GC(100)   StringDedup Requests0 Weak     Min:  0.0, Avg:  0.0, Max:  0.0, Diff:  0.0, Sum:  0.0, Workers: 4
[45.145s][debug][gc,phases      ] GC(100)     Dead                           Min: 0, Avg:  0.0, Max: 0, Diff: 0, Sum: 0, Workers: 4
[45.145s][debug][gc,phases      ] GC(100)     Total                          Min: 0, Avg:  0.0, Max: 0, Diff: 0, Sum: 0, Workers: 4
[45.145s][debug][gc,phases      ] GC(100)   StringDedup Requests1 Weak     Min:  0.0, Avg:  0.0, Max:  0.0, Diff:  0.0, Sum:  0.0, Workers: 4
[45.145s][debug][gc,phases      ] GC(100)     Dead                           Min: 0, Avg:  0.0, Max: 0, Diff: 0, Sum: 0, Workers: 4
[45.145s][debug][gc,phases      ] GC(100)     Total                          Min: 0, Avg:  0.0, Max: 0, Diff: 0, Sum: 0, Workers: 4
[45.145s][debug][gc,phases      ] GC(100)   Weak JFR Old Object Samples    Min:  0.0, Avg:  0.0, Max:  0.0, Diff:  0.0, Sum:  0.0, Workers: 4
[45.145s][debug][gc,phases      ] GC(100)     Dead                           Min: 0, Avg:  0.0, Max: 0, Diff: 0, Sum: 0, Workers: 4
[45.145s][debug][gc,phases      ] GC(100)     Total                          Min: 0, Avg:  0.0, Max: 0, Diff: 0, Sum: 0, Workers: 4
[45.145s][debug][gc,phases      ] GC(100) Weak Processing 0.399ms
[45.145s][debug][gc,age         ] GC(100) Desired survivor size 124780544 bytes, new threshold 15 (max threshold 15)
[45.145s][info ][gc,heap        ] GC(100) PSYoungGen: 1858912K(1961472K)->32832K(1975296K) Eden: 1829376K(1829376K)->0K(1847808K) From: 29536K(132096K)->32832K(127488K)
[45.145s][info ][gc,heap        ] GC(100) ParOldGen: 460380K(539136K)->460380K(539136K)
[45.145s][info ][gc,metaspace   ] GC(100) Metaspace: 79600K(80384K)->79600K(80384K) NonClass: 68257K(68672K)->68257K(68672K) Class: 11343K(11712K)->11343K(11712K)
[45.145s][info ][gc             ] GC(100) Pause Young (Allocation Failure) 2264M->481M(2455M) 11.747ms
[45.145s][info ][gc,cpu         ] GC(100) User=0.06s Sys=0.00s Real=0.01s
[45.145s][info ][safepoint      ] Safepoint "ParallelGCFailedAllocation", Time since last: 431564141 ns, Reaching safepoint: 167203 ns, At safepoint: 11894518 ns, Total: 12061721 ns
[45.604s][info ][gc,start       ] GC(101) Pause Young (Allocation Failure)
[45.614s][debug][gc,phases      ] GC(101) Scavenge 9.999ms
[45.614s][debug][gc,ref         ] GC(101) Skipped phase 1 of Reference Processing: no references
[45.614s][debug][gc,ref         ] GC(101) ReferenceProcessor::execute queues: 1, RefProcThreadModel::Single, marks_oops_alive: false
[45.614s][debug][gc,ref         ] GC(101) Skipped phase 3 of Reference Processing: no references
[45.614s][debug][gc,ref         ] GC(101) ReferenceProcessor::execute queues: 1, RefProcThreadModel::Single, marks_oops_alive: false
[45.614s][debug][gc,phases      ] GC(101) Reference Processing 0.125ms
[45.614s][debug][gc,phases      ] GC(101)   VM Weak                        Min:  0.0, Avg:  0.0, Max:  0.0, Diff:  0.0, Sum:  0.0, Workers: 4
[45.614s][debug][gc,phases      ] GC(101)     Dead                           Min: 0, Avg:  0.0, Max: 0, Diff: 0, Sum: 0, Workers: 4
[45.614s][debug][gc,phases      ] GC(101)     Total                          Min: 0, Avg: 162.5, Max: 522, Diff: 522, Sum: 650, Workers: 4
[45.614s][debug][gc,phases      ] GC(101)   ObjectSynchronizer Weak        Min:  0.0, Avg:  0.0, Max:  0.0, Diff:  0.0, Sum:  0.0, Workers: 4
[45.614s][debug][gc,phases      ] GC(101)     Dead                           Min: 0, Avg:  0.0, Max: 0, Diff: 0, Sum: 0, Workers: 4
[45.614s][debug][gc,phases      ] GC(101)     Total                          Min: 0, Avg: 96.8, Max: 195, Diff: 195, Sum: 387, Workers: 4
[45.614s][debug][gc,phases      ] GC(101)   JVMTI Tag Weak OopStorage      Min:  0.0, Avg:  0.0, Max:  0.0, Diff:  0.0, Sum:  0.0, Workers: 4
[45.614s][debug][gc,phases      ] GC(101)     Dead                           Min: 0, Avg:  0.0, Max: 0, Diff: 0, Sum: 0, Workers: 4
[45.614s][debug][gc,phases      ] GC(101)     Total                          Min: 0, Avg:  0.0, Max: 0, Diff: 0, Sum: 0, Workers: 4
[45.614s][debug][gc,phases      ] GC(101)   StringTable Weak               Min:  0.1, Avg:  0.1, Max:  0.1, Diff:  0.0, Sum:  0.5, Workers: 4
[45.614s][debug][gc,phases      ] GC(101)     Dead                           Min: 0, Avg:  0.0, Max: 0, Diff: 0, Sum: 0, Workers: 4
[45.614s][debug][gc,phases      ] GC(101)     Total                          Min: 11584, Avg: 11709.2, Max: 11840, Diff: 256, Sum: 46837, Workers: 4
[45.614s][debug][gc,phases      ] GC(101)   ResolvedMethodTable Weak       Min:  0.0, Avg:  0.0, Max:  0.0, Diff:  0.0, Sum:  0.1, Workers: 4
[45.614s][debug][gc,phases      ] GC(101)     Dead                           Min: 0, Avg:  0.0, Max: 0, Diff: 0, Sum: 0, Workers: 4
[45.614s][debug][gc,phases      ] GC(101)     Total                          Min: 1856, Avg: 1972.2, Max: 2112, Diff: 256, Sum: 7889, Workers: 4
[45.614s][debug][gc,phases      ] GC(101)   JNI Weak                       Min:  0.0, Avg:  0.0, Max:  0.0, Diff:  0.0, Sum:  0.0, Workers: 4
[45.614s][debug][gc,phases      ] GC(101)     Dead                           Min: 0, Avg:  0.0, Max: 0, Diff: 0, Sum: 0, Workers: 4
[45.614s][debug][gc,phases      ] GC(101)     Total                          Min: 0, Avg:  1.0, Max: 4, Diff: 4, Sum: 4, Workers: 4
[45.614s][debug][gc,phases      ] GC(101)   StringDedup Table Weak         Min:  0.0, Avg:  0.0, Max:  0.0, Diff:  0.0, Sum:  0.0, Workers: 4
[45.614s][debug][gc,phases      ] GC(101)     Dead                           Min: 0, Avg:  0.0, Max: 0, Diff: 0, Sum: 0, Workers: 4
[45.614s][debug][gc,phases      ] GC(101)     Total                          Min: 0, Avg:  0.0, Max: 0, Diff: 0, Sum: 0, Workers: 4
[45.614s][debug][gc,phases      ] GC(101)   StringDedup Requests0 Weak     Min:  0.0, Avg:  0.0, Max:  0.0, Diff:  0.0, Sum:  0.0, Workers: 4
[45.614s][debug][gc,phases      ] GC(101)     Dead                           Min: 0, Avg:  0.0, Max: 0, Diff: 0, Sum: 0, Workers: 4
[45.614s][debug][gc,phases      ] GC(101)     Total                          Min: 0, Avg:  0.0, Max: 0, Diff: 0, Sum: 0, Workers: 4
[45.614s][debug][gc,phases      ] GC(101)   StringDedup Requests1 Weak     Min:  0.0, Avg:  0.0, Max:  0.0, Diff:  0.0, Sum:  0.0, Workers: 4
[45.614s][debug][gc,phases      ] GC(101)     Dead                           Min: 0, Avg:  0.0, Max: 0, Diff: 0, Sum: 0, Workers: 4
[45.614s][debug][gc,phases      ] GC(101)     Total                          Min: 0, Avg:  0.0, Max: 0, Diff: 0, Sum: 0, Workers: 4
[45.614s][debug][gc,phases      ] GC(101)   Weak JFR Old Object Samples    Min:  0.0, Avg:  0.0, Max:  0.0, Diff:  0.0, Sum:  0.0, Workers: 4
[45.614s][debug][gc,phases      ] GC(101)     Dead                           Min: 0, Avg:  0.0, Max: 0, Diff: 0, Sum: 0, Workers: 4
[45.614s][debug][gc,phases      ] GC(101)     Total                          Min: 0, Avg:  0.0, Max: 0, Diff: 0, Sum: 0, Workers: 4
[45.614s][debug][gc,phases      ] GC(101) Weak Processing 0.331ms
[45.614s][debug][gc,age         ] GC(101) Desired survivor size 118489088 bytes, new threshold 15 (max threshold 15)
[45.614s][info ][gc,heap        ] GC(101) PSYoungGen: 1880640K(1975296K)->37408K(1969664K) Eden: 1847808K(1847808K)->0K(1847808K) From: 32832K(127488K)->37408K(121856K)
[45.614s][info ][gc,heap        ] GC(101) ParOldGen: 460380K(539136K)->460380K(539136K)
[45.614s][info ][gc,metaspace   ] GC(101) Metaspace: 79625K(80448K)->79625K(80448K) NonClass: 68282K(68736K)->68282K(68736K) Class: 11343K(11712K)->11343K(11712K)
[45.614s][info ][gc             ] GC(101) Pause Young (Allocation Failure) 2286M->486M(2450M) 10.604ms
[45.614s][info ][gc,cpu         ] GC(101) User=0.05s Sys=0.00s Real=0.01s
[45.614s][info ][safepoint      ] Safepoint "ParallelGCFailedAllocation", Time since last: 458362934 ns, Reaching safepoint: 180503 ns, At safepoint: 10729798 ns, Total: 10910301 ns
[46.052s][info ][gc,start       ] GC(102) Pause Young (Allocation Failure)
[46.068s][debug][gc,phases      ] GC(102) Scavenge 15.621ms
[46.068s][debug][gc,ref         ] GC(102) Skipped phase 1 of Reference Processing: no references
[46.068s][debug][gc,ref         ] GC(102) ReferenceProcessor::execute queues: 1, RefProcThreadModel::Single, marks_oops_alive: false
[46.068s][debug][gc,ref         ] GC(102) Skipped phase 3 of Reference Processing: no references
[46.068s][debug][gc,ref         ] GC(102) ReferenceProcessor::execute queues: 1, RefProcThreadModel::Single, marks_oops_alive: false
[46.068s][debug][gc,phases      ] GC(102) Reference Processing 0.157ms
[46.068s][debug][gc,phases      ] GC(102)   VM Weak                        Min:  0.0, Avg:  0.0, Max:  0.0, Diff:  0.0, Sum:  0.0, Workers: 4
[46.068s][debug][gc,phases      ] GC(102)     Dead                           Min: 0, Avg:  0.0, Max: 0, Diff: 0, Sum: 0, Workers: 4
[46.068s][debug][gc,phases      ] GC(102)     Total                          Min: 0, Avg: 162.5, Max: 650, Diff: 650, Sum: 650, Workers: 4
[46.068s][debug][gc,phases      ] GC(102)   ObjectSynchronizer Weak        Min:  0.0, Avg:  0.0, Max:  0.0, Diff:  0.0, Sum:  0.0, Workers: 4
[46.068s][debug][gc,phases      ] GC(102)     Dead                           Min: 0, Avg:  0.0, Max: 0, Diff: 0, Sum: 0, Workers: 4
[46.068s][debug][gc,phases      ] GC(102)     Total                          Min: 0, Avg: 96.8, Max: 387, Diff: 387, Sum: 387, Workers: 4
[46.068s][debug][gc,phases      ] GC(102)   JVMTI Tag Weak OopStorage      Min:  0.0, Avg:  0.0, Max:  0.0, Diff:  0.0, Sum:  0.0, Workers: 4
[46.068s][debug][gc,phases      ] GC(102)     Dead                           Min: 0, Avg:  0.0, Max: 0, Diff: 0, Sum: 0, Workers: 4
[46.068s][debug][gc,phases      ] GC(102)     Total                          Min: 0, Avg:  0.0, Max: 0, Diff: 0, Sum: 0, Workers: 4
[46.068s][debug][gc,phases      ] GC(102)   StringTable Weak               Min:  0.1, Avg:  0.1, Max:  0.1, Diff:  0.0, Sum:  0.5, Workers: 4
[46.068s][debug][gc,phases      ] GC(102)     Dead                           Min: 0, Avg:  0.0, Max: 0, Diff: 0, Sum: 0, Workers: 4
[46.068s][debug][gc,phases      ] GC(102)     Total                          Min: 10432, Avg: 11713.0, Max: 12356, Diff: 1924, Sum: 46852, Workers: 4
[46.068s][debug][gc,phases      ] GC(102)   ResolvedMethodTable Weak       Min:  0.0, Avg:  0.0, Max:  0.0, Diff:  0.0, Sum:  0.1, Workers: 4
[46.068s][debug][gc,phases      ] GC(102)     Dead                           Min: 0, Avg:  0.0, Max: 0, Diff: 0, Sum: 0, Workers: 4
[46.068s][debug][gc,phases      ] GC(102)     Total                          Min: 1856, Avg: 1973.2, Max: 2176, Diff: 320, Sum: 7893, Workers: 4
[46.068s][debug][gc,phases      ] GC(102)   JNI Weak                       Min:  0.0, Avg:  0.0, Max:  0.0, Diff:  0.0, Sum:  0.0, Workers: 4
[46.068s][debug][gc,phases      ] GC(102)     Dead                           Min: 0, Avg:  0.0, Max: 0, Diff: 0, Sum: 0, Workers: 4
[46.068s][debug][gc,phases      ] GC(102)     Total                          Min: 0, Avg:  5.2, Max: 21, Diff: 21, Sum: 21, Workers: 4
[46.069s][debug][gc,phases      ] GC(102)   StringDedup Table Weak         Min:  0.0, Avg:  0.0, Max:  0.0, Diff:  0.0, Sum:  0.0, Workers: 4
[46.069s][debug][gc,phases      ] GC(102)     Dead                           Min: 0, Avg:  0.0, Max: 0, Diff: 0, Sum: 0, Workers: 4
[46.069s][debug][gc,phases      ] GC(102)     Total                          Min: 0, Avg:  0.0, Max: 0, Diff: 0, Sum: 0, Workers: 4
[46.069s][debug][gc,phases      ] GC(102)   StringDedup Requests0 Weak     Min:  0.0, Avg:  0.0, Max:  0.0, Diff:  0.0, Sum:  0.0, Workers: 4
[46.069s][debug][gc,phases      ] GC(102)     Dead                           Min: 0, Avg:  0.0, Max: 0, Diff: 0, Sum: 0, Workers: 4
[46.069s][debug][gc,phases      ] GC(102)     Total                          Min: 0, Avg:  0.0, Max: 0, Diff: 0, Sum: 0, Workers: 4
[46.069s][debug][gc,phases      ] GC(102)   StringDedup Requests1 Weak     Min:  0.0, Avg:  0.0, Max:  0.0, Diff:  0.0, Sum:  0.0, Workers: 4
[46.069s][debug][gc,phases      ] GC(102)     Dead                           Min: 0, Avg:  0.0, Max: 0, Diff: 0, Sum: 0, Workers: 4
[46.069s][debug][gc,phases      ] GC(102)     Total                          Min: 0, Avg:  0.0, Max: 0, Diff: 0, Sum: 0, Workers: 4
[46.069s][debug][gc,phases      ] GC(102)   Weak JFR Old Object Samples    Min:  0.0, Avg:  0.0, Max:  0.0, Diff:  0.0, Sum:  0.0, Workers: 4
[46.069s][debug][gc,phases      ] GC(102)     Dead                           Min: 0, Avg:  0.0, Max: 0, Diff: 0, Sum: 0, Workers: 4
[46.069s][debug][gc,phases      ] GC(102)     Total                          Min: 0, Avg:  0.0, Max: 0, Diff: 0, Sum: 0, Workers: 4
[46.069s][debug][gc,phases      ] GC(102) Weak Processing 0.403ms
[46.069s][debug][gc,age         ] GC(102) Desired survivor size 113246208 bytes, new threshold 15 (max threshold 15)
[46.069s][info ][gc,heap        ] GC(102) PSYoungGen: 1885216K(1969664K)->49328K(1986560K) Eden: 1847808K(1847808K)->0K(1870848K) From: 37408K(121856K)->49328K(115712K)
[46.069s][info ][gc,heap        ] GC(102) ParOldGen: 460380K(539136K)->460380K(539136K)
[46.069s][info ][gc,metaspace   ] GC(102) Metaspace: 79666K(80448K)->79666K(80448K) NonClass: 68322K(68736K)->68322K(68736K) Class: 11344K(11712K)->11344K(11712K)
[46.069s][info ][gc             ] GC(102) Pause Young (Allocation Failure) 2290M->497M(2466M) 16.352ms
[46.069s][info ][gc,cpu         ] GC(102) User=0.06s Sys=0.00s Real=0.01s
[46.069s][info ][safepoint      ] Safepoint "ParallelGCFailedAllocation", Time since last: 437668153 ns, Reaching safepoint: 228904 ns, At safepoint: 16477703 ns, Total: 16706607 ns
[46.295s][info ][safepoint      ] Safepoint "ICBufferFull", Time since last: 225684653 ns, Reaching safepoint: 294705 ns, At safepoint: 32901 ns, Total: 327606 ns
[46.517s][info ][gc,start       ] GC(103) Pause Young (Allocation Failure)
[46.533s][debug][gc,phases      ] GC(103) Scavenge 15.205ms
[46.533s][debug][gc,ref         ] GC(103) Skipped phase 1 of Reference Processing: no references
[46.533s][debug][gc,ref         ] GC(103) ReferenceProcessor::execute queues: 1, RefProcThreadModel::Single, marks_oops_alive: false
[46.533s][debug][gc,ref         ] GC(103) Skipped phase 3 of Reference Processing: no references
[46.533s][debug][gc,ref         ] GC(103) ReferenceProcessor::execute queues: 1, RefProcThreadModel::Single, marks_oops_alive: false
[46.533s][debug][gc,phases      ] GC(103) Reference Processing 0.147ms
[46.533s][debug][gc,phases      ] GC(103)   VM Weak                        Min:  0.0, Avg:  0.0, Max:  0.0, Diff:  0.0, Sum:  0.0, Workers: 4
[46.533s][debug][gc,phases      ] GC(103)     Dead                           Min: 0, Avg:  0.0, Max: 0, Diff: 0, Sum: 0, Workers: 4
[46.533s][debug][gc,phases      ] GC(103)     Total                          Min: 0, Avg: 162.5, Max: 448, Diff: 448, Sum: 650, Workers: 4
[46.533s][debug][gc,phases      ] GC(103)   ObjectSynchronizer Weak        Min:  0.0, Avg:  0.0, Max:  0.0, Diff:  0.0, Sum:  0.0, Workers: 4
[46.533s][debug][gc,phases      ] GC(103)     Dead                           Min: 0, Avg:  0.0, Max: 0, Diff: 0, Sum: 0, Workers: 4
[46.533s][debug][gc,phases      ] GC(103)     Total                          Min: 0, Avg: 96.8, Max: 259, Diff: 259, Sum: 387, Workers: 4
[46.533s][debug][gc,phases      ] GC(103)   JVMTI Tag Weak OopStorage      Min:  0.0, Avg:  0.0, Max:  0.0, Diff:  0.0, Sum:  0.0, Workers: 4
[46.533s][debug][gc,phases      ] GC(103)     Dead                           Min: 0, Avg:  0.0, Max: 0, Diff: 0, Sum: 0, Workers: 4
[46.533s][debug][gc,phases      ] GC(103)     Total                          Min: 0, Avg:  0.0, Max: 0, Diff: 0, Sum: 0, Workers: 4
[46.533s][debug][gc,phases      ] GC(103)   StringTable Weak               Min:  0.1, Avg:  0.1, Max:  0.1, Diff:  0.0, Sum:  0.5, Workers: 4
[46.533s][debug][gc,phases      ] GC(103)     Dead                           Min: 0, Avg:  0.0, Max: 0, Diff: 0, Sum: 0, Workers: 4
[46.533s][debug][gc,phases      ] GC(103)     Total                          Min: 10560, Avg: 11715.0, Max: 12992, Diff: 2432, Sum: 46860, Workers: 4
[46.533s][debug][gc,phases      ] GC(103)   ResolvedMethodTable Weak       Min:  0.0, Avg:  0.0, Max:  0.0, Diff:  0.0, Sum:  0.1, Workers: 4
[46.533s][debug][gc,phases      ] GC(103)     Dead                           Min: 0, Avg:  0.0, Max: 0, Diff: 0, Sum: 0, Workers: 4
[46.533s][debug][gc,phases      ] GC(103)     Total                          Min: 1877, Avg: 1973.2, Max: 2112, Diff: 235, Sum: 7893, Workers: 4
[46.533s][debug][gc,phases      ] GC(103)   JNI Weak                       Min:  0.0, Avg:  0.0, Max:  0.0, Diff:  0.0, Sum:  0.0, Workers: 4
[46.533s][debug][gc,phases      ] GC(103)     Dead                           Min: 0, Avg:  0.0, Max: 0, Diff: 0, Sum: 0, Workers: 4
[46.533s][debug][gc,phases      ] GC(103)     Total                          Min: 0, Avg:  0.0, Max: 0, Diff: 0, Sum: 0, Workers: 4
[46.533s][debug][gc,phases      ] GC(103)   StringDedup Table Weak         Min:  0.0, Avg:  0.0, Max:  0.0, Diff:  0.0, Sum:  0.0, Workers: 4
[46.533s][debug][gc,phases      ] GC(103)     Dead                           Min: 0, Avg:  0.0, Max: 0, Diff: 0, Sum: 0, Workers: 4
[46.533s][debug][gc,phases      ] GC(103)     Total                          Min: 0, Avg:  0.0, Max: 0, Diff: 0, Sum: 0, Workers: 4
[46.533s][debug][gc,phases      ] GC(103)   StringDedup Requests0 Weak     Min:  0.0, Avg:  0.0, Max:  0.0, Diff:  0.0, Sum:  0.0, Workers: 4
[46.533s][debug][gc,phases      ] GC(103)     Dead                           Min: 0, Avg:  0.0, Max: 0, Diff: 0, Sum: 0, Workers: 4
[46.533s][debug][gc,phases      ] GC(103)     Total                          Min: 0, Avg:  0.0, Max: 0, Diff: 0, Sum: 0, Workers: 4
[46.533s][debug][gc,phases      ] GC(103)   StringDedup Requests1 Weak     Min:  0.0, Avg:  0.0, Max:  0.0, Diff:  0.0, Sum:  0.0, Workers: 4
[46.533s][debug][gc,phases      ] GC(103)     Dead                           Min: 0, Avg:  0.0, Max: 0, Diff: 0, Sum: 0, Workers: 4
[46.533s][debug][gc,phases      ] GC(103)     Total                          Min: 0, Avg:  0.0, Max: 0, Diff: 0, Sum: 0, Workers: 4
[46.533s][debug][gc,phases      ] GC(103)   Weak JFR Old Object Samples    Min:  0.0, Avg:  0.0, Max:  0.0, Diff:  0.0, Sum:  0.0, Workers: 4
[46.533s][debug][gc,phases      ] GC(103)     Dead                           Min: 0, Avg:  0.0, Max: 0, Diff: 0, Sum: 0, Workers: 4
[46.533s][debug][gc,phases      ] GC(103)     Total                          Min: 0, Avg:  0.0, Max: 0, Diff: 0, Sum: 0, Workers: 4
[46.533s][debug][gc,phases      ] GC(103) Weak Processing 0.338ms
[46.533s][debug][gc,age         ] GC(103) Desired survivor size 109576192 bytes, new threshold 15 (max threshold 15)
[46.533s][info ][gc,heap        ] GC(103) PSYoungGen: 1920176K(1986560K)->53472K(1981440K) Eden: 1870848K(1870848K)->0K(1870848K) From: 49328K(115712K)->53472K(110592K)
[46.533s][info ][gc,heap        ] GC(103) ParOldGen: 460380K(539136K)->460388K(539136K)
[46.533s][info ][gc,metaspace   ] GC(103) Metaspace: 79677K(80448K)->79677K(80448K) NonClass: 68333K(68736K)->68333K(68736K) Class: 11344K(11712K)->11344K(11712K)
[46.533s][info ][gc             ] GC(103) Pause Young (Allocation Failure) 2324M->501M(2461M) 15.843ms
[46.533s][info ][gc,cpu         ] GC(103) User=0.06s Sys=0.00s Real=0.01s
[46.533s][info ][safepoint      ] Safepoint "ParallelGCFailedAllocation", Time since last: 222426992 ns, Reaching safepoint: 205904 ns, At safepoint: 15993994 ns, Total: 16199898 ns
[46.994s][info ][gc,start       ] GC(104) Pause Young (Allocation Failure)
[47.010s][debug][gc,phases      ] GC(104) Scavenge 16.017ms
[47.010s][debug][gc,ref         ] GC(104) Skipped phase 1 of Reference Processing: no references
[47.010s][debug][gc,ref         ] GC(104) ReferenceProcessor::execute queues: 1, RefProcThreadModel::Single, marks_oops_alive: false
[47.010s][debug][gc,ref         ] GC(104) Skipped phase 3 of Reference Processing: no references
[47.010s][debug][gc,ref         ] GC(104) ReferenceProcessor::execute queues: 1, RefProcThreadModel::Single, marks_oops_alive: false
[47.010s][debug][gc,phases      ] GC(104) Reference Processing 0.127ms
[47.010s][debug][gc,phases      ] GC(104)   VM Weak                        Min:  0.0, Avg:  0.0, Max:  0.0, Diff:  0.0, Sum:  0.0, Workers: 4
[47.010s][debug][gc,phases      ] GC(104)     Dead                           Min: 0, Avg:  0.0, Max: 0, Diff: 0, Sum: 0, Workers: 4
[47.010s][debug][gc,phases      ] GC(104)     Total                          Min: 0, Avg: 162.5, Max: 650, Diff: 650, Sum: 650, Workers: 4
[47.010s][debug][gc,phases      ] GC(104)   ObjectSynchronizer Weak        Min:  0.0, Avg:  0.0, Max:  0.0, Diff:  0.0, Sum:  0.0, Workers: 4
[47.010s][debug][gc,phases      ] GC(104)     Dead                           Min: 0, Avg:  0.0, Max: 0, Diff: 0, Sum: 0, Workers: 4
[47.010s][debug][gc,phases      ] GC(104)     Total                          Min: 0, Avg: 96.8, Max: 195, Diff: 195, Sum: 387, Workers: 4
[47.010s][debug][gc,phases      ] GC(104)   JVMTI Tag Weak OopStorage      Min:  0.0, Avg:  0.0, Max:  0.0, Diff:  0.0, Sum:  0.0, Workers: 4
[47.010s][debug][gc,phases      ] GC(104)     Dead                           Min: 0, Avg:  0.0, Max: 0, Diff: 0, Sum: 0, Workers: 4
[47.010s][debug][gc,phases      ] GC(104)     Total                          Min: 0, Avg:  0.0, Max: 0, Diff: 0, Sum: 0, Workers: 4
[47.010s][debug][gc,phases      ] GC(104)   StringTable Weak               Min:  0.1, Avg:  0.1, Max:  0.1, Diff:  0.0, Sum:  0.5, Workers: 4
[47.010s][debug][gc,phases      ] GC(104)     Dead                           Min: 0, Avg:  0.0, Max: 0, Diff: 0, Sum: 0, Workers: 4
[47.010s][debug][gc,phases      ] GC(104)     Total                          Min: 10496, Avg: 11715.5, Max: 12480, Diff: 1984, Sum: 46862, Workers: 4
[47.010s][debug][gc,phases      ] GC(104)   ResolvedMethodTable Weak       Min:  0.0, Avg:  0.0, Max:  0.0, Diff:  0.0, Sum:  0.1, Workers: 4
[47.010s][debug][gc,phases      ] GC(104)     Dead                           Min: 0, Avg:  0.0, Max: 0, Diff: 0, Sum: 0, Workers: 4
[47.010s][debug][gc,phases      ] GC(104)     Total                          Min: 1792, Avg: 1973.2, Max: 2069, Diff: 277, Sum: 7893, Workers: 4
[47.010s][debug][gc,phases      ] GC(104)   JNI Weak                       Min:  0.0, Avg:  0.0, Max:  0.0, Diff:  0.0, Sum:  0.0, Workers: 4
[47.010s][debug][gc,phases      ] GC(104)     Dead                           Min: 0, Avg:  0.0, Max: 0, Diff: 0, Sum: 0, Workers: 4
[47.010s][debug][gc,phases      ] GC(104)     Total                          Min: 0, Avg:  0.2, Max: 1, Diff: 1, Sum: 1, Workers: 4
[47.010s][debug][gc,phases      ] GC(104)   StringDedup Table Weak         Min:  0.0, Avg:  0.0, Max:  0.0, Diff:  0.0, Sum:  0.0, Workers: 4
[47.010s][debug][gc,phases      ] GC(104)     Dead                           Min: 0, Avg:  0.0, Max: 0, Diff: 0, Sum: 0, Workers: 4
[47.010s][debug][gc,phases      ] GC(104)     Total                          Min: 0, Avg:  0.0, Max: 0, Diff: 0, Sum: 0, Workers: 4
[47.010s][debug][gc,phases      ] GC(104)   StringDedup Requests0 Weak     Min:  0.0, Avg:  0.0, Max:  0.0, Diff:  0.0, Sum:  0.0, Workers: 4
[47.010s][debug][gc,phases      ] GC(104)     Dead                           Min: 0, Avg:  0.0, Max: 0, Diff: 0, Sum: 0, Workers: 4
[47.010s][debug][gc,phases      ] GC(104)     Total                          Min: 0, Avg:  0.0, Max: 0, Diff: 0, Sum: 0, Workers: 4
[47.010s][debug][gc,phases      ] GC(104)   StringDedup Requests1 Weak     Min:  0.0, Avg:  0.0, Max:  0.0, Diff:  0.0, Sum:  0.0, Workers: 4
[47.010s][debug][gc,phases      ] GC(104)     Dead                           Min: 0, Avg:  0.0, Max: 0, Diff: 0, Sum: 0, Workers: 4
[47.010s][debug][gc,phases      ] GC(104)     Total                          Min: 0, Avg:  0.0, Max: 0, Diff: 0, Sum: 0, Workers: 4
[47.010s][debug][gc,phases      ] GC(104)   Weak JFR Old Object Samples    Min:  0.0, Avg:  0.0, Max:  0.0, Diff:  0.0, Sum:  0.0, Workers: 4
[47.010s][debug][gc,phases      ] GC(104)     Dead                           Min: 0, Avg:  0.0, Max: 0, Diff: 0, Sum: 0, Workers: 4
[47.010s][debug][gc,phases      ] GC(104)     Total                          Min: 0, Avg:  0.0, Max: 0, Diff: 0, Sum: 0, Workers: 4
[47.010s][debug][gc,phases      ] GC(104) Weak Processing 0.350ms
[47.010s][debug][gc,age         ] GC(104) Desired survivor size 107479040 bytes, new threshold 15 (max threshold 15)
[47.010s][info ][gc,heap        ] GC(104) PSYoungGen: 1924320K(1981440K)->58208K(1992192K) Eden: 1870848K(1870848K)->0K(1885184K) From: 53472K(110592K)->58208K(107008K)
[47.010s][info ][gc,heap        ] GC(104) ParOldGen: 460388K(539136K)->460388K(539136K)
[47.010s][info ][gc,metaspace   ] GC(104) Metaspace: 79684K(80448K)->79684K(80448K) NonClass: 68340K(68736K)->68340K(68736K) Class: 11344K(11712K)->11344K(11712K)
[47.010s][info ][gc             ] GC(104) Pause Young (Allocation Failure) 2328M->506M(2472M) 16.624ms
[47.010s][info ][gc,cpu         ] GC(104) User=0.07s Sys=0.00s Real=0.02s
[47.010s][info ][safepoint      ] Safepoint "ParallelGCFailedAllocation", Time since last: 459958164 ns, Reaching safepoint: 179603 ns, At safepoint: 16738308 ns, Total: 16917911 ns
[47.494s][info ][gc,start       ] GC(105) Pause Young (Allocation Failure)
[47.509s][debug][gc,phases      ] GC(105) Scavenge 15.316ms
[47.509s][debug][gc,ref         ] GC(105) Skipped phase 1 of Reference Processing: no references
[47.509s][debug][gc,ref         ] GC(105) ReferenceProcessor::execute queues: 1, RefProcThreadModel::Single, marks_oops_alive: false
[47.509s][debug][gc,ref         ] GC(105) Skipped phase 3 of Reference Processing: no references
[47.509s][debug][gc,ref         ] GC(105) ReferenceProcessor::execute queues: 1, RefProcThreadModel::Single, marks_oops_alive: false
[47.510s][debug][gc,phases      ] GC(105) Reference Processing 0.129ms
[47.510s][debug][gc,phases      ] GC(105)   VM Weak                        Min:  0.0, Avg:  0.0, Max:  0.0, Diff:  0.0, Sum:  0.0, Workers: 4
[47.510s][debug][gc,phases      ] GC(105)     Dead                           Min: 0, Avg:  0.0, Max: 0, Diff: 0, Sum: 0, Workers: 4
[47.510s][debug][gc,phases      ] GC(105)     Total                          Min: 0, Avg: 162.5, Max: 394, Diff: 394, Sum: 650, Workers: 4
[47.510s][debug][gc,phases      ] GC(105)   ObjectSynchronizer Weak        Min:  0.0, Avg:  0.0, Max:  0.0, Diff:  0.0, Sum:  0.0, Workers: 4
[47.510s][debug][gc,phases      ] GC(105)     Dead                           Min: 0, Avg:  0.0, Max: 0, Diff: 0, Sum: 0, Workers: 4
[47.510s][debug][gc,phases      ] GC(105)     Total                          Min: 0, Avg: 97.0, Max: 196, Diff: 196, Sum: 388, Workers: 4
[47.510s][debug][gc,phases      ] GC(105)   JVMTI Tag Weak OopStorage      Min:  0.0, Avg:  0.0, Max:  0.0, Diff:  0.0, Sum:  0.0, Workers: 4
[47.510s][debug][gc,phases      ] GC(105)     Dead                           Min: 0, Avg:  0.0, Max: 0, Diff: 0, Sum: 0, Workers: 4
[47.510s][debug][gc,phases      ] GC(105)     Total                          Min: 0, Avg:  0.0, Max: 0, Diff: 0, Sum: 0, Workers: 4
[47.510s][debug][gc,phases      ] GC(105)   StringTable Weak               Min:  0.1, Avg:  0.1, Max:  0.1, Diff:  0.0, Sum:  0.5, Workers: 4
[47.510s][debug][gc,phases      ] GC(105)     Dead                           Min: 0, Avg:  0.0, Max: 0, Diff: 0, Sum: 0, Workers: 4
[47.510s][debug][gc,phases      ] GC(105)     Total                          Min: 11392, Avg: 11717.5, Max: 12160, Diff: 768, Sum: 46870, Workers: 4
[47.510s][debug][gc,phases      ] GC(105)   ResolvedMethodTable Weak       Min:  0.0, Avg:  0.0, Max:  0.0, Diff:  0.0, Sum:  0.1, Workers: 4
[47.510s][debug][gc,phases      ] GC(105)     Dead                           Min: 0, Avg:  0.0, Max: 0, Diff: 0, Sum: 0, Workers: 4
[47.510s][debug][gc,phases      ] GC(105)     Total                          Min: 1855, Avg: 1975.5, Max: 2079, Diff: 224, Sum: 7902, Workers: 4
[47.510s][debug][gc,phases      ] GC(105)   JNI Weak                       Min:  0.0, Avg:  0.0, Max:  0.0, Diff:  0.0, Sum:  0.0, Workers: 4
[47.510s][debug][gc,phases      ] GC(105)     Dead                           Min: 0, Avg:  0.0, Max: 0, Diff: 0, Sum: 0, Workers: 4
[47.510s][debug][gc,phases      ] GC(105)     Total                          Min: 0, Avg:  1.0, Max: 4, Diff: 4, Sum: 4, Workers: 4
[47.510s][debug][gc,phases      ] GC(105)   StringDedup Table Weak         Min:  0.0, Avg:  0.0, Max:  0.0, Diff:  0.0, Sum:  0.0, Workers: 4
[47.510s][debug][gc,phases      ] GC(105)     Dead                           Min: 0, Avg:  0.0, Max: 0, Diff: 0, Sum: 0, Workers: 4
[47.510s][debug][gc,phases      ] GC(105)     Total                          Min: 0, Avg:  0.0, Max: 0, Diff: 0, Sum: 0, Workers: 4
[47.510s][debug][gc,phases      ] GC(105)   StringDedup Requests0 Weak     Min:  0.0, Avg:  0.0, Max:  0.0, Diff:  0.0, Sum:  0.0, Workers: 4
[47.510s][debug][gc,phases      ] GC(105)     Dead                           Min: 0, Avg:  0.0, Max: 0, Diff: 0, Sum: 0, Workers: 4
[47.510s][debug][gc,phases      ] GC(105)     Total                          Min: 0, Avg:  0.0, Max: 0, Diff: 0, Sum: 0, Workers: 4
[47.510s][debug][gc,phases      ] GC(105)   StringDedup Requests1 Weak     Min:  0.0, Avg:  0.0, Max:  0.0, Diff:  0.0, Sum:  0.0, Workers: 4
[47.510s][debug][gc,phases      ] GC(105)     Dead                           Min: 0, Avg:  0.0, Max: 0, Diff: 0, Sum: 0, Workers: 4
[47.510s][debug][gc,phases      ] GC(105)     Total                          Min: 0, Avg:  0.0, Max: 0, Diff: 0, Sum: 0, Workers: 4
[47.510s][debug][gc,phases      ] GC(105)   Weak JFR Old Object Samples    Min:  0.0, Avg:  0.0, Max:  0.0, Diff:  0.0, Sum:  0.0, Workers: 4
[47.510s][debug][gc,phases      ] GC(105)     Dead                           Min: 0, Avg:  0.0, Max: 0, Diff: 0, Sum: 0, Workers: 4
[47.510s][debug][gc,phases      ] GC(105)     Total                          Min: 0, Avg:  0.0, Max: 0, Diff: 0, Sum: 0, Workers: 4
[47.510s][debug][gc,phases      ] GC(105) Weak Processing 0.362ms
[47.510s][debug][gc,age         ] GC(105) Desired survivor size 107479040 bytes, new threshold 15 (max threshold 15)
[47.510s][info ][gc,heap        ] GC(105) PSYoungGen: 1943392K(1992192K)->62528K(1990144K) Eden: 1885184K(1885184K)->0K(1885184K) From: 58208K(107008K)->62528K(104960K)
[47.510s][info ][gc,heap        ] GC(105) ParOldGen: 460388K(539136K)->460396K(539136K)
[47.510s][info ][gc,metaspace   ] GC(105) Metaspace: 79738K(80512K)->79738K(80512K) NonClass: 68389K(68800K)->68389K(68800K) Class: 11349K(11712K)->11349K(11712K)
[47.510s][info ][gc             ] GC(105) Pause Young (Allocation Failure) 2347M->510M(2470M) 15.955ms
[47.510s][info ][gc,cpu         ] GC(105) User=0.06s Sys=0.00s Real=0.02s
[47.510s][info ][safepoint      ] Safepoint "ParallelGCFailedAllocation", Time since last: 483436695 ns, Reaching safepoint: 249505 ns, At safepoint: 16070395 ns, Total: 16319900 ns
[48.058s][info ][gc,start       ] GC(106) Pause Young (Allocation Failure)
[48.077s][debug][gc,phases      ] GC(106) Scavenge 19.303ms
[48.077s][debug][gc,ref         ] GC(106) Skipped phase 1 of Reference Processing: no references
[48.077s][debug][gc,ref         ] GC(106) ReferenceProcessor::execute queues: 1, RefProcThreadModel::Single, marks_oops_alive: false
[48.077s][debug][gc,ref         ] GC(106) Skipped phase 3 of Reference Processing: no references
[48.077s][debug][gc,ref         ] GC(106) ReferenceProcessor::execute queues: 1, RefProcThreadModel::Single, marks_oops_alive: false
[48.077s][debug][gc,phases      ] GC(106) Reference Processing 0.125ms
[48.077s][debug][gc,phases      ] GC(106)   VM Weak                        Min:  0.0, Avg:  0.0, Max:  0.0, Diff:  0.0, Sum:  0.0, Workers: 4
[48.077s][debug][gc,phases      ] GC(106)     Dead                           Min: 0, Avg:  0.0, Max: 0, Diff: 0, Sum: 0, Workers: 4
[48.077s][debug][gc,phases      ] GC(106)     Total                          Min: 0, Avg: 162.5, Max: 320, Diff: 320, Sum: 650, Workers: 4
[48.077s][debug][gc,phases      ] GC(106)   ObjectSynchronizer Weak        Min:  0.0, Avg:  0.0, Max:  0.0, Diff:  0.0, Sum:  0.0, Workers: 4
[48.078s][debug][gc,phases      ] GC(106)     Dead                           Min: 0, Avg:  0.0, Max: 0, Diff: 0, Sum: 0, Workers: 4
[48.078s][debug][gc,phases      ] GC(106)     Total                          Min: 0, Avg: 97.2, Max: 133, Diff: 133, Sum: 389, Workers: 4
[48.078s][debug][gc,phases      ] GC(106)   JVMTI Tag Weak OopStorage      Min:  0.0, Avg:  0.0, Max:  0.0, Diff:  0.0, Sum:  0.0, Workers: 4
[48.078s][debug][gc,phases      ] GC(106)     Dead                           Min: 0, Avg:  0.0, Max: 0, Diff: 0, Sum: 0, Workers: 4
[48.078s][debug][gc,phases      ] GC(106)     Total                          Min: 0, Avg:  0.0, Max: 0, Diff: 0, Sum: 0, Workers: 4
[48.078s][debug][gc,phases      ] GC(106)   StringTable Weak               Min:  0.1, Avg:  0.1, Max:  0.1, Diff:  0.0, Sum:  0.5, Workers: 4
[48.078s][debug][gc,phases      ] GC(106)     Dead                           Min: 0, Avg:  0.0, Max: 0, Diff: 0, Sum: 0, Workers: 4
[48.078s][debug][gc,phases      ] GC(106)     Total                          Min: 11328, Avg: 11727.2, Max: 12160, Diff: 832, Sum: 46909, Workers: 4
[48.078s][debug][gc,phases      ] GC(106)   ResolvedMethodTable Weak       Min:  0.0, Avg:  0.0, Max:  0.0, Diff:  0.0, Sum:  0.1, Workers: 4
[48.078s][debug][gc,phases      ] GC(106)     Dead                           Min: 0, Avg:  0.0, Max: 0, Diff: 0, Sum: 0, Workers: 4
[48.078s][debug][gc,phases      ] GC(106)     Total                          Min: 1825, Avg: 1976.0, Max: 2304, Diff: 479, Sum: 7904, Workers: 4
[48.078s][debug][gc,phases      ] GC(106)   JNI Weak                       Min:  0.0, Avg:  0.0, Max:  0.0, Diff:  0.0, Sum:  0.0, Workers: 4
[48.078s][debug][gc,phases      ] GC(106)     Dead                           Min: 0, Avg:  0.0, Max: 0, Diff: 0, Sum: 0, Workers: 4
[48.078s][debug][gc,phases      ] GC(106)     Total                          Min: 0, Avg:  2.8, Max: 11, Diff: 11, Sum: 11, Workers: 4
[48.078s][debug][gc,phases      ] GC(106)   StringDedup Table Weak         Min:  0.0, Avg:  0.0, Max:  0.0, Diff:  0.0, Sum:  0.0, Workers: 4
[48.078s][debug][gc,phases      ] GC(106)     Dead                           Min: 0, Avg:  0.0, Max: 0, Diff: 0, Sum: 0, Workers: 4
[48.078s][debug][gc,phases      ] GC(106)     Total                          Min: 0, Avg:  0.0, Max: 0, Diff: 0, Sum: 0, Workers: 4
[48.078s][debug][gc,phases      ] GC(106)   StringDedup Requests0 Weak     Min:  0.0, Avg:  0.0, Max:  0.0, Diff:  0.0, Sum:  0.0, Workers: 4
[48.078s][debug][gc,phases      ] GC(106)     Dead                           Min: 0, Avg:  0.0, Max: 0, Diff: 0, Sum: 0, Workers: 4
[48.078s][debug][gc,phases      ] GC(106)     Total                          Min: 0, Avg:  0.0, Max: 0, Diff: 0, Sum: 0, Workers: 4
[48.078s][debug][gc,phases      ] GC(106)   StringDedup Requests1 Weak     Min:  0.0, Avg:  0.0, Max:  0.0, Diff:  0.0, Sum:  0.0, Workers: 4
[48.078s][debug][gc,phases      ] GC(106)     Dead                           Min: 0, Avg:  0.0, Max: 0, Diff: 0, Sum: 0, Workers: 4
[48.078s][debug][gc,phases      ] GC(106)     Total                          Min: 0, Avg:  0.0, Max: 0, Diff: 0, Sum: 0, Workers: 4
[48.078s][debug][gc,phases      ] GC(106)   Weak JFR Old Object Samples    Min:  0.0, Avg:  0.0, Max:  0.0, Diff:  0.0, Sum:  0.0, Workers: 4
[48.078s][debug][gc,phases      ] GC(106)     Dead                           Min: 0, Avg:  0.0, Max: 0, Diff: 0, Sum: 0, Workers: 4
[48.078s][debug][gc,phases      ] GC(106)     Total                          Min: 0, Avg:  0.0, Max: 0, Diff: 0, Sum: 0, Workers: 4
[48.078s][debug][gc,phases      ] GC(106) Weak Processing 0.362ms
[48.078s][debug][gc,age         ] GC(106) Desired survivor size 107479040 bytes, new threshold 15 (max threshold 15)
[48.078s][info ][gc,heap        ] GC(106) PSYoungGen: 1947712K(1990144K)->64048K(1992192K) Eden: 1885184K(1885184K)->0K(1887232K) From: 62528K(104960K)->64048K(104960K)
[48.078s][info ][gc,heap        ] GC(106) ParOldGen: 460396K(539136K)->460404K(539136K)
[48.078s][info ][gc,metaspace   ] GC(106) Metaspace: 79784K(80576K)->79784K(80576K) NonClass: 68433K(68864K)->68433K(68864K) Class: 11350K(11712K)->11350K(11712K)
[48.078s][info ][gc             ] GC(106) Pause Young (Allocation Failure) 2351M->512M(2472M) 19.961ms
[48.078s][info ][gc,cpu         ] GC(106) User=0.09s Sys=0.01s Real=0.02s
[48.078s][info ][safepoint      ] Safepoint "ParallelGCFailedAllocation", Time since last: 547438274 ns, Reaching safepoint: 247804 ns, At safepoint: 20093770 ns, Total: 20341574 ns
[48.552s][info ][safepoint      ] Safepoint "ICBufferFull", Time since last: 474297427 ns, Reaching safepoint: 237305 ns, At safepoint: 12200 ns, Total: 249505 ns
[49.185s][info ][safepoint      ] Safepoint "ICBufferFull", Time since last: 632405137 ns, Reaching safepoint: 159203 ns, At safepoint: 18000 ns, Total: 177203 ns
[49.847s][info ][safepoint      ] Safepoint "ICBufferFull", Time since last: 662170085 ns, Reaching safepoint: 180603 ns, At safepoint: 19900 ns, Total: 200503 ns
[50.829s][info ][safepoint      ] Safepoint "ICBufferFull", Time since last: 981247357 ns, Reaching safepoint: 173003 ns, At safepoint: 7800 ns, Total: 180803 ns
[51.037s][info ][safepoint      ] Safepoint "ParallelGCFailedAllocation", Time since last: 207857825 ns, Reaching safepoint: 76202 ns, At safepoint: 14000 ns, Total: 90202 ns
[51.037s][info ][gc,start       ] GC(107) Pause Young (GCLocker Initiated GC)
[51.058s][debug][gc,phases      ] GC(107) Scavenge 21.550ms
[51.058s][debug][gc,ref         ] GC(107) Skipped phase 1 of Reference Processing: no references
[51.058s][debug][gc,ref         ] GC(107) ReferenceProcessor::execute queues: 1, RefProcThreadModel::Single, marks_oops_alive: false
[51.059s][debug][gc,ref         ] GC(107) Skipped phase 3 of Reference Processing: no references
[51.059s][debug][gc,ref         ] GC(107) ReferenceProcessor::execute queues: 1, RefProcThreadModel::Single, marks_oops_alive: false
[51.059s][debug][gc,phases      ] GC(107) Reference Processing 0.130ms
[51.059s][debug][gc,phases      ] GC(107)   VM Weak                        Min:  0.0, Avg:  0.0, Max:  0.0, Diff:  0.0, Sum:  0.0, Workers: 4
[51.059s][debug][gc,phases      ] GC(107)     Dead                           Min: 0, Avg:  0.0, Max: 0, Diff: 0, Sum: 0, Workers: 4
[51.059s][debug][gc,phases      ] GC(107)     Total                          Min: 0, Avg: 163.5, Max: 654, Diff: 654, Sum: 654, Workers: 4
[51.059s][debug][gc,phases      ] GC(107)   ObjectSynchronizer Weak        Min:  0.0, Avg:  0.0, Max:  0.0, Diff:  0.0, Sum:  0.0, Workers: 4
[51.059s][debug][gc,phases      ] GC(107)     Dead                           Min: 0, Avg:  0.0, Max: 0, Diff: 0, Sum: 0, Workers: 4
[51.059s][debug][gc,phases      ] GC(107)     Total                          Min: 0, Avg: 98.2, Max: 256, Diff: 256, Sum: 393, Workers: 4
[51.059s][debug][gc,phases      ] GC(107)   JVMTI Tag Weak OopStorage      Min:  0.0, Avg:  0.0, Max:  0.0, Diff:  0.0, Sum:  0.0, Workers: 4
[51.059s][debug][gc,phases      ] GC(107)     Dead                           Min: 0, Avg:  0.0, Max: 0, Diff: 0, Sum: 0, Workers: 4
[51.059s][debug][gc,phases      ] GC(107)     Total                          Min: 0, Avg:  0.0, Max: 0, Diff: 0, Sum: 0, Workers: 4
[51.059s][debug][gc,phases      ] GC(107)   StringTable Weak               Min:  0.1, Avg:  0.1, Max:  0.1, Diff:  0.0, Sum:  0.5, Workers: 4
[51.059s][debug][gc,phases      ] GC(107)     Dead                           Min: 0, Avg:  0.0, Max: 0, Diff: 0, Sum: 0, Workers: 4
[51.059s][debug][gc,phases      ] GC(107)     Total                          Min: 11456, Avg: 11763.5, Max: 12032, Diff: 576, Sum: 47054, Workers: 4
[51.059s][debug][gc,phases      ] GC(107)   ResolvedMethodTable Weak       Min:  0.0, Avg:  0.0, Max:  0.0, Diff:  0.0, Sum:  0.1, Workers: 4
[51.059s][debug][gc,phases      ] GC(107)     Dead                           Min: 0, Avg:  0.0, Max: 0, Diff: 0, Sum: 0, Workers: 4
[51.059s][debug][gc,phases      ] GC(107)     Total                          Min: 1920, Avg: 1989.0, Max: 2069, Diff: 149, Sum: 7956, Workers: 4
[51.059s][debug][gc,phases      ] GC(107)   JNI Weak                       Min:  0.0, Avg:  0.0, Max:  0.0, Diff:  0.0, Sum:  0.0, Workers: 4
[51.059s][debug][gc,phases      ] GC(107)     Dead                           Min: 0, Avg:  0.0, Max: 0, Diff: 0, Sum: 0, Workers: 4
[51.059s][debug][gc,phases      ] GC(107)     Total                          Min: 0, Avg:  0.2, Max: 1, Diff: 1, Sum: 1, Workers: 4
[51.059s][debug][gc,phases      ] GC(107)   StringDedup Table Weak         Min:  0.0, Avg:  0.0, Max:  0.0, Diff:  0.0, Sum:  0.0, Workers: 4
[51.059s][debug][gc,phases      ] GC(107)     Dead                           Min: 0, Avg:  0.0, Max: 0, Diff: 0, Sum: 0, Workers: 4
[51.059s][debug][gc,phases      ] GC(107)     Total                          Min: 0, Avg:  0.0, Max: 0, Diff: 0, Sum: 0, Workers: 4
[51.059s][debug][gc,phases      ] GC(107)   StringDedup Requests0 Weak     Min:  0.0, Avg:  0.0, Max:  0.0, Diff:  0.0, Sum:  0.0, Workers: 4
[51.059s][debug][gc,phases      ] GC(107)     Dead                           Min: 0, Avg:  0.0, Max: 0, Diff: 0, Sum: 0, Workers: 4
[51.059s][debug][gc,phases      ] GC(107)     Total                          Min: 0, Avg:  0.0, Max: 0, Diff: 0, Sum: 0, Workers: 4
[51.059s][debug][gc,phases      ] GC(107)   StringDedup Requests1 Weak     Min:  0.0, Avg:  0.0, Max:  0.0, Diff:  0.0, Sum:  0.0, Workers: 4
[51.059s][debug][gc,phases      ] GC(107)     Dead                           Min: 0, Avg:  0.0, Max: 0, Diff: 0, Sum: 0, Workers: 4
[51.059s][debug][gc,phases      ] GC(107)     Total                          Min: 0, Avg:  0.0, Max: 0, Diff: 0, Sum: 0, Workers: 4
[51.059s][debug][gc,phases      ] GC(107)   Weak JFR Old Object Samples    Min:  0.0, Avg:  0.0, Max:  0.0, Diff:  0.0, Sum:  0.0, Workers: 4
[51.059s][debug][gc,phases      ] GC(107)     Dead                           Min: 0, Avg:  0.0, Max: 0, Diff: 0, Sum: 0, Workers: 4
[51.059s][debug][gc,phases      ] GC(107)     Total                          Min: 0, Avg:  0.0, Max: 0, Diff: 0, Sum: 0, Workers: 4
[51.059s][debug][gc,phases      ] GC(107) Weak Processing 0.344ms
[51.059s][debug][gc,age         ] GC(107) Desired survivor size 115343360 bytes, new threshold 15 (max threshold 15)
[51.059s][info ][gc,heap        ] GC(107) PSYoungGen: 1951280K(1992192K)->86400K(1973760K) Eden: 1887232K(1887232K)->0K(1887232K) From: 64048K(104960K)->86400K(86528K)
[51.059s][info ][gc,heap        ] GC(107) ParOldGen: 460420K(539136K)->460428K(539136K)
[51.059s][info ][gc,metaspace   ] GC(107) Metaspace: 80141K(81024K)->80141K(81024K) NonClass: 68762K(69248K)->68762K(69248K) Class: 11378K(11776K)->11378K(11776K)
[51.059s][info ][gc             ] GC(107) Pause Young (GCLocker Initiated GC) 2355M->534M(2454M) 22.144ms
[51.059s][info ][gc,cpu         ] GC(107) User=0.10s Sys=0.00s Real=0.03s
[51.059s][info ][safepoint      ] Safepoint "ParallelGCSystemGC", Time since last: 77401 ns, Reaching safepoint: 19701 ns, At safepoint: 22225309 ns, Total: 22245010 ns
[52.059s][info ][safepoint      ] Safepoint "Cleanup", Time since last: 1000104004 ns, Reaching safepoint: 172403 ns, At safepoint: 12500 ns, Total: 184903 ns
[53.060s][info ][safepoint      ] Safepoint "Cleanup", Time since last: 1000125405 ns, Reaching safepoint: 138703 ns, At safepoint: 13400 ns, Total: 152103 ns
[54.529s][info ][safepoint      ] Safepoint "ICBufferFull", Time since last: 1469258239 ns, Reaching safepoint: 194603 ns, At safepoint: 6401 ns, Total: 201004 ns
[55.534s][info ][safepoint      ] Safepoint "Cleanup", Time since last: 1004667989 ns, Reaching safepoint: 91102 ns, At safepoint: 14200 ns, Total: 105302 ns
[56.534s][info ][safepoint      ] Safepoint "Cleanup", Time since last: 1000102706 ns, Reaching safepoint: 92002 ns, At safepoint: 11000 ns, Total: 103002 ns
[57.534s][info ][safepoint      ] Safepoint "Cleanup", Time since last: 1000104507 ns, Reaching safepoint: 151302 ns, At safepoint: 8701 ns, Total: 160003 ns
[58.534s][info ][safepoint      ] Safepoint "Cleanup", Time since last: 1000078606 ns, Reaching safepoint: 98402 ns, At safepoint: 10000 ns, Total: 108402 ns
[59.535s][info ][safepoint      ] Safepoint "Cleanup", Time since last: 1000114008 ns, Reaching safepoint: 73001 ns, At safepoint: 6200 ns, Total: 79201 ns
[60.535s][info ][safepoint      ] Safepoint "Cleanup", Time since last: 1000104108 ns, Reaching safepoint: 83902 ns, At safepoint: 6600 ns, Total: 90502 ns
[61.535s][info ][safepoint      ] Safepoint "Cleanup", Time since last: 1000118408 ns, Reaching safepoint: 74702 ns, At safepoint: 6300 ns, Total: 81002 ns
[62.535s][info ][safepoint      ] Safepoint "Cleanup", Time since last: 1000103309 ns, Reaching safepoint: 113102 ns, At safepoint: 10600 ns, Total: 123702 ns
[63.535s][info ][safepoint      ] Safepoint "Cleanup", Time since last: 1000111309 ns, Reaching safepoint: 86502 ns, At safepoint: 11600 ns, Total: 98102 ns
[64.536s][info ][safepoint      ] Safepoint "Cleanup", Time since last: 1000105910 ns, Reaching safepoint: 95302 ns, At safepoint: 12200 ns, Total: 107502 ns
[65.536s][info ][safepoint      ] Safepoint "Cleanup", Time since last: 1000115710 ns, Reaching safepoint: 60501 ns, At safepoint: 9101 ns, Total: 69602 ns
[66.536s][info ][safepoint      ] Safepoint "Cleanup", Time since last: 1000108610 ns, Reaching safepoint: 67502 ns, At safepoint: 8800 ns, Total: 76302 ns
[68.483s][info ][safepoint      ] Safepoint "Cleanup", Time since last: 1946569835 ns, Reaching safepoint: 129602 ns, At safepoint: 10300 ns, Total: 139902 ns
[69.483s][info ][safepoint      ] Safepoint "Cleanup", Time since last: 1000108012 ns, Reaching safepoint: 75902 ns, At safepoint: 15300 ns, Total: 91202 ns
[70.483s][info ][safepoint      ] Safepoint "Cleanup", Time since last: 1000107712 ns, Reaching safepoint: 59301 ns, At safepoint: 9701 ns, Total: 69002 ns
[71.483s][info ][safepoint      ] Safepoint "Cleanup", Time since last: 1000110813 ns, Reaching safepoint: 59801 ns, At safepoint: 9200 ns, Total: 69001 ns
[72.483s][info ][safepoint      ] Safepoint "Cleanup", Time since last: 1000112813 ns, Reaching safepoint: 54401 ns, At safepoint: 7900 ns, Total: 62301 ns
[73.484s][info ][safepoint      ] Safepoint "Cleanup", Time since last: 1000108114 ns, Reaching safepoint: 65701 ns, At safepoint: 6100 ns, Total: 71801 ns
[74.484s][info ][safepoint      ] Safepoint "Cleanup", Time since last: 1000104114 ns, Reaching safepoint: 59502 ns, At safepoint: 6200 ns, Total: 65702 ns
[75.484s][info ][safepoint      ] Safepoint "Cleanup", Time since last: 1000110314 ns, Reaching safepoint: 89802 ns, At safepoint: 9800 ns, Total: 99602 ns
[76.484s][info ][safepoint      ] Safepoint "Cleanup", Time since last: 1000122915 ns, Reaching safepoint: 101202 ns, At safepoint: 5900 ns, Total: 107102 ns
[77.484s][info ][safepoint      ] Safepoint "Cleanup", Time since last: 1000113916 ns, Reaching safepoint: 55901 ns, At safepoint: 10300 ns, Total: 66201 ns
[78.485s][info ][safepoint      ] Safepoint "Cleanup", Time since last: 1000109516 ns, Reaching safepoint: 62701 ns, At safepoint: 7901 ns, Total: 70602 ns
[79.485s][info ][safepoint      ] Safepoint "Cleanup", Time since last: 1000108116 ns, Reaching safepoint: 49501 ns, At safepoint: 6300 ns, Total: 55801 ns
[80.485s][info ][safepoint      ] Safepoint "Cleanup", Time since last: 1000103017 ns, Reaching safepoint: 54801 ns, At safepoint: 7900 ns, Total: 62701 ns
[81.485s][info ][safepoint      ] Safepoint "Cleanup", Time since last: 1000104417 ns, Reaching safepoint: 74501 ns, At safepoint: 3500 ns, Total: 78001 ns
[82.485s][info ][safepoint      ] Safepoint "Cleanup", Time since last: 1000111718 ns, Reaching safepoint: 51701 ns, At safepoint: 3900 ns, Total: 55601 ns
[83.485s][info ][safepoint      ] Safepoint "Cleanup", Time since last: 1000109718 ns, Reaching safepoint: 60401 ns, At safepoint: 9200 ns, Total: 69601 ns
[84.679s][info ][safepoint      ] Safepoint "Cleanup", Time since last: 1193637583 ns, Reaching safepoint: 177203 ns, At safepoint: 12101 ns, Total: 189304 ns
[85.680s][info ][safepoint      ] Safepoint "Cleanup", Time since last: 1000127819 ns, Reaching safepoint: 131002 ns, At safepoint: 13301 ns, Total: 144303 ns
[86.680s][info ][safepoint      ] Safepoint "Cleanup", Time since last: 1000113919 ns, Reaching safepoint: 126402 ns, At safepoint: 6101 ns, Total: 132503 ns
[87.680s][info ][safepoint      ] Safepoint "Cleanup", Time since last: 1000124320 ns, Reaching safepoint: 136202 ns, At safepoint: 11000 ns, Total: 147202 ns
[89.122s][info ][safepoint      ] Safepoint "Cleanup", Time since last: 1441478650 ns, Reaching safepoint: 160003 ns, At safepoint: 13000 ns, Total: 173003 ns
[90.122s][info ][safepoint      ] Safepoint "Cleanup", Time since last: 1000114321 ns, Reaching safepoint: 69302 ns, At safepoint: 8000 ns, Total: 77302 ns
[91.122s][info ][safepoint      ] Safepoint "Cleanup", Time since last: 1000110421 ns, Reaching safepoint: 67201 ns, At safepoint: 7301 ns, Total: 74502 ns
[92.122s][info ][safepoint      ] Safepoint "Cleanup", Time since last: 1000094421 ns, Reaching safepoint: 147203 ns, At safepoint: 8600 ns, Total: 155803 ns
[93.123s][info ][safepoint      ] Safepoint "Cleanup", Time since last: 1000094522 ns, Reaching safepoint: 56401 ns, At safepoint: 7500 ns, Total: 63901 ns
[94.832s][info ][safepoint      ] Safepoint "Cleanup", Time since last: 1709360688 ns, Reaching safepoint: 67801 ns, At safepoint: 8300 ns, Total: 76101 ns
[95.832s][info ][safepoint      ] Safepoint "Cleanup", Time since last: 1000116224 ns, Reaching safepoint: 130702 ns, At safepoint: 9200 ns, Total: 139902 ns
[96.832s][info ][safepoint      ] Safepoint "Cleanup", Time since last: 1000083923 ns, Reaching safepoint: 84102 ns, At safepoint: 9100 ns, Total: 93202 ns
[97.833s][info ][safepoint      ] Safepoint "Cleanup", Time since last: 1000119924 ns, Reaching safepoint: 89502 ns, At safepoint: 3800 ns, Total: 93302 ns
[98.833s][info ][safepoint      ] Safepoint "Cleanup", Time since last: 1000132125 ns, Reaching safepoint: 149003 ns, At safepoint: 11000 ns, Total: 160003 ns
[99.833s][info ][safepoint      ] Safepoint "Cleanup", Time since last: 1000113425 ns, Reaching safepoint: 71302 ns, At safepoint: 3500 ns, Total: 74802 ns
[100.833s][info ][safepoint      ] Safepoint "Cleanup", Time since last: 1000114025 ns, Reaching safepoint: 57401 ns, At safepoint: 19601 ns, Total: 77002 ns
[101.833s][info ][safepoint      ] Safepoint "Cleanup", Time since last: 1000107325 ns, Reaching safepoint: 64201 ns, At safepoint: 9201 ns, Total: 73402 ns
[102.834s][info ][safepoint      ] Safepoint "Cleanup", Time since last: 1000111826 ns, Reaching safepoint: 48301 ns, At safepoint: 4700 ns, Total: 53001 ns
[103.834s][info ][safepoint      ] Safepoint "Cleanup", Time since last: 1000106427 ns, Reaching safepoint: 50500 ns, At safepoint: 4001 ns, Total: 54501 ns
[104.834s][info ][safepoint      ] Safepoint "Cleanup", Time since last: 1000096626 ns, Reaching safepoint: 77302 ns, At safepoint: 6600 ns, Total: 83902 ns
[105.834s][info ][safepoint      ] Safepoint "Cleanup", Time since last: 1000109327 ns, Reaching safepoint: 53001 ns, At safepoint: 12001 ns, Total: 65002 ns
[106.834s][info ][safepoint      ] Safepoint "Cleanup", Time since last: 1000112027 ns, Reaching safepoint: 54802 ns, At safepoint: 10900 ns, Total: 65702 ns
[107.835s][info ][safepoint      ] Safepoint "Cleanup", Time since last: 1000100628 ns, Reaching safepoint: 75401 ns, At safepoint: 10700 ns, Total: 86101 ns
[108.835s][info ][safepoint      ] Safepoint "Cleanup", Time since last: 1000099729 ns, Reaching safepoint: 61101 ns, At safepoint: 9400 ns, Total: 70501 ns
[109.835s][info ][safepoint      ] Safepoint "Cleanup", Time since last: 1000118530 ns, Reaching safepoint: 47300 ns, At safepoint: 5701 ns, Total: 53001 ns
[110.835s][info ][safepoint      ] Safepoint "Cleanup", Time since last: 1000114029 ns, Reaching safepoint: 53601 ns, At safepoint: 12500 ns, Total: 66101 ns
[111.835s][info ][safepoint      ] Safepoint "Cleanup", Time since last: 1000107030 ns, Reaching safepoint: 52401 ns, At safepoint: 5700 ns, Total: 58101 ns
[112.835s][info ][safepoint      ] Safepoint "Cleanup", Time since last: 1000108131 ns, Reaching safepoint: 45900 ns, At safepoint: 2800 ns, Total: 48700 ns
[113.836s][info ][safepoint      ] Safepoint "Cleanup", Time since last: 1000100531 ns, Reaching safepoint: 49801 ns, At safepoint: 2700 ns, Total: 52501 ns
[114.836s][info ][safepoint      ] Safepoint "Cleanup", Time since last: 1000107931 ns, Reaching safepoint: 56201 ns, At safepoint: 5600 ns, Total: 61801 ns
[115.836s][info ][safepoint      ] Safepoint "Cleanup", Time since last: 1000113532 ns, Reaching safepoint: 54301 ns, At safepoint: 8100 ns, Total: 62401 ns
[116.836s][info ][safepoint      ] Safepoint "Cleanup", Time since last: 1000109932 ns, Reaching safepoint: 44701 ns, At safepoint: 3100 ns, Total: 47801 ns
[117.836s][info ][safepoint      ] Safepoint "Cleanup", Time since last: 1000114532 ns, Reaching safepoint: 52601 ns, At safepoint: 9300 ns, Total: 61901 ns
[119.581s][info ][safepoint      ] Safepoint "Cleanup", Time since last: 1744930561 ns, Reaching safepoint: 270405 ns, At safepoint: 9500 ns, Total: 279905 ns
[120.582s][info ][safepoint      ] Safepoint "Cleanup", Time since last: 1000105134 ns, Reaching safepoint: 174503 ns, At safepoint: 8900 ns, Total: 183403 ns
[121.582s][info ][safepoint      ] Safepoint "Cleanup", Time since last: 1000111034 ns, Reaching safepoint: 85801 ns, At safepoint: 11201 ns, Total: 97002 ns
[121.731s][info ][gc,start       ] GC(108) Pause Young (Allocation Failure)
[121.751s][debug][gc,phases      ] GC(108) Scavenge 19.582ms
[121.751s][debug][gc,ref         ] GC(108) Skipped phase 1 of Reference Processing: no references
[121.751s][debug][gc,ref         ] GC(108) ReferenceProcessor::execute queues: 1, RefProcThreadModel::Single, marks_oops_alive: false
[121.751s][debug][gc,ref         ] GC(108) Skipped phase 3 of Reference Processing: no references
[121.751s][debug][gc,ref         ] GC(108) ReferenceProcessor::execute queues: 1, RefProcThreadModel::Single, marks_oops_alive: false
[121.751s][debug][gc,phases      ] GC(108) Reference Processing 0.185ms
[121.751s][debug][gc,phases      ] GC(108)   VM Weak                        Min:  0.0, Avg:  0.0, Max:  0.0, Diff:  0.0, Sum:  0.0, Workers: 4
[121.751s][debug][gc,phases      ] GC(108)     Dead                           Min: 0, Avg:  0.0, Max: 0, Diff: 0, Sum: 0, Workers: 4
[121.751s][debug][gc,phases      ] GC(108)     Total                          Min: 0, Avg: 169.8, Max: 448, Diff: 448, Sum: 679, Workers: 4
[121.751s][debug][gc,phases      ] GC(108)   ObjectSynchronizer Weak        Min:  0.0, Avg:  0.0, Max:  0.0, Diff:  0.0, Sum:  0.0, Workers: 4
[121.751s][debug][gc,phases      ] GC(108)     Dead                           Min: 0, Avg:  0.0, Max: 0, Diff: 0, Sum: 0, Workers: 4
[121.751s][debug][gc,phases      ] GC(108)     Total                          Min: 0, Avg: 98.2, Max: 201, Diff: 201, Sum: 393, Workers: 4
[121.751s][debug][gc,phases      ] GC(108)   JVMTI Tag Weak OopStorage      Min:  0.0, Avg:  0.0, Max:  0.0, Diff:  0.0, Sum:  0.0, Workers: 4
[121.751s][debug][gc,phases      ] GC(108)     Dead                           Min: 0, Avg:  0.0, Max: 0, Diff: 0, Sum: 0, Workers: 4
[121.751s][debug][gc,phases      ] GC(108)     Total                          Min: 0, Avg:  0.0, Max: 0, Diff: 0, Sum: 0, Workers: 4
[121.751s][debug][gc,phases      ] GC(108)   StringTable Weak               Min:  0.1, Avg:  0.1, Max:  0.1, Diff:  0.0, Sum:  0.4, Workers: 4
[121.751s][debug][gc,phases      ] GC(108)     Dead                           Min: 0, Avg:  0.8, Max: 2, Diff: 2, Sum: 3, Workers: 4
[121.751s][debug][gc,phases      ] GC(108)     Total                          Min: 10549, Avg: 11885.2, Max: 13184, Diff: 2635, Sum: 47541, Workers: 4
[121.751s][debug][gc,phases      ] GC(108)   ResolvedMethodTable Weak       Min:  0.0, Avg:  0.0, Max:  0.0, Diff:  0.0, Sum:  0.1, Workers: 4
[121.751s][debug][gc,phases      ] GC(108)     Dead                           Min: 0, Avg:  4.2, Max: 17, Diff: 17, Sum: 17, Workers: 4
[121.751s][debug][gc,phases      ] GC(108)     Total                          Min: 1919, Avg: 2029.5, Max: 2232, Diff: 313, Sum: 8118, Workers: 4
[121.751s][debug][gc,phases      ] GC(108)   JNI Weak                       Min:  0.0, Avg:  0.0, Max:  0.0, Diff:  0.0, Sum:  0.0, Workers: 4
[121.751s][debug][gc,phases      ] GC(108)     Dead                           Min: 0, Avg:  0.0, Max: 0, Diff: 0, Sum: 0, Workers: 4
[121.751s][debug][gc,phases      ] GC(108)     Total                          Min: 0, Avg:  0.0, Max: 0, Diff: 0, Sum: 0, Workers: 4
[121.751s][debug][gc,phases      ] GC(108)   StringDedup Table Weak         Min:  0.0, Avg:  0.0, Max:  0.0, Diff:  0.0, Sum:  0.0, Workers: 4
[121.751s][debug][gc,phases      ] GC(108)     Dead                           Min: 0, Avg:  0.0, Max: 0, Diff: 0, Sum: 0, Workers: 4
[121.751s][debug][gc,phases      ] GC(108)     Total                          Min: 0, Avg:  0.0, Max: 0, Diff: 0, Sum: 0, Workers: 4
[121.751s][debug][gc,phases      ] GC(108)   StringDedup Requests0 Weak     Min:  0.0, Avg:  0.0, Max:  0.0, Diff:  0.0, Sum:  0.0, Workers: 4
[121.751s][debug][gc,phases      ] GC(108)     Dead                           Min: 0, Avg:  0.0, Max: 0, Diff: 0, Sum: 0, Workers: 4
[121.751s][debug][gc,phases      ] GC(108)     Total                          Min: 0, Avg:  0.0, Max: 0, Diff: 0, Sum: 0, Workers: 4
[121.751s][debug][gc,phases      ] GC(108)   StringDedup Requests1 Weak     Min:  0.0, Avg:  0.0, Max:  0.0, Diff:  0.0, Sum:  0.0, Workers: 4
[121.751s][debug][gc,phases      ] GC(108)     Dead                           Min: 0, Avg:  0.0, Max: 0, Diff: 0, Sum: 0, Workers: 4
[121.751s][debug][gc,phases      ] GC(108)     Total                          Min: 0, Avg:  0.0, Max: 0, Diff: 0, Sum: 0, Workers: 4
[121.751s][debug][gc,phases      ] GC(108)   Weak JFR Old Object Samples    Min:  0.0, Avg:  0.0, Max:  0.0, Diff:  0.0, Sum:  0.0, Workers: 4
[121.751s][debug][gc,phases      ] GC(108)     Dead                           Min: 0, Avg:  0.0, Max: 0, Diff: 0, Sum: 0, Workers: 4
[121.751s][debug][gc,phases      ] GC(108)     Total                          Min: 0, Avg:  0.0, Max: 0, Diff: 0, Sum: 0, Workers: 4
[121.751s][debug][gc,phases      ] GC(108) Weak Processing 0.331ms
[121.751s][debug][gc,age         ] GC(108) Desired survivor size 122159104 bytes, new threshold 15 (max threshold 15)
[121.751s][info ][gc,heap        ] GC(108) PSYoungGen: 1973632K(1973760K)->87504K(1971200K) Eden: 1887232K(1887232K)->0K(1858560K) From: 86400K(86528K)->87504K(112640K)
[121.751s][info ][gc,heap        ] GC(108) ParOldGen: 460430K(539136K)->460438K(539136K)
[121.751s][info ][gc,metaspace   ] GC(108) Metaspace: 81130K(81920K)->81130K(81920K) NonClass: 69660K(70080K)->69660K(70080K) Class: 11469K(11840K)->11469K(11840K)
[121.751s][info ][gc             ] GC(108) Pause Young (Allocation Failure) 2377M->535M(2451M) 20.239ms
[121.751s][info ][gc,cpu         ] GC(108) User=0.08s Sys=0.00s Real=0.02s
[121.751s][info ][safepoint      ] Safepoint "ParallelGCFailedAllocation", Time since last: 149025847 ns, Reaching safepoint: 37400 ns, At safepoint: 20320175 ns, Total: 20357575 ns
[122.751s][info ][safepoint      ] Safepoint "Cleanup", Time since last: 1000090034 ns, Reaching safepoint: 70601 ns, At safepoint: 5700 ns, Total: 76301 ns
[123.752s][info ][safepoint      ] Safepoint "Cleanup", Time since last: 1000116335 ns, Reaching safepoint: 51301 ns, At safepoint: 5800 ns, Total: 57101 ns
[124.753s][info ][safepoint      ] Safepoint "Cleanup", Time since last: 1000980151 ns, Reaching safepoint: 87802 ns, At safepoint: 11700 ns, Total: 99502 ns
[125.759s][info ][safepoint      ] Safepoint "Cleanup", Time since last: 1005710039 ns, Reaching safepoint: 86701 ns, At safepoint: 11701 ns, Total: 98402 ns
[126.759s][info ][safepoint      ] Safepoint "Cleanup", Time since last: 1000117136 ns, Reaching safepoint: 54101 ns, At safepoint: 3600 ns, Total: 57701 ns
[127.759s][info ][safepoint      ] Safepoint "Cleanup", Time since last: 1000123636 ns, Reaching safepoint: 57401 ns, At safepoint: 4600 ns, Total: 62001 ns
[128.759s][info ][safepoint      ] Safepoint "Cleanup", Time since last: 1000129637 ns, Reaching safepoint: 66802 ns, At safepoint: 7600 ns, Total: 74402 ns
[129.759s][info ][safepoint      ] Safepoint "Cleanup", Time since last: 1000137337 ns, Reaching safepoint: 91902 ns, At safepoint: 8000 ns, Total: 99902 ns
[130.760s][info ][safepoint      ] Safepoint "Cleanup", Time since last: 1000122638 ns, Reaching safepoint: 104702 ns, At safepoint: 14400 ns, Total: 119102 ns
[131.760s][info ][safepoint      ] Safepoint "Cleanup", Time since last: 1000130638 ns, Reaching safepoint: 80602 ns, At safepoint: 7500 ns, Total: 88102 ns
[132.760s][info ][safepoint      ] Safepoint "Cleanup", Time since last: 1000129939 ns, Reaching safepoint: 90101 ns, At safepoint: 6900 ns, Total: 97001 ns
[133.760s][info ][safepoint      ] Safepoint "Cleanup", Time since last: 1000222641 ns, Reaching safepoint: 70401 ns, At safepoint: 7601 ns, Total: 78002 ns
[134.761s][info ][safepoint      ] Safepoint "Cleanup", Time since last: 1000131439 ns, Reaching safepoint: 76701 ns, At safepoint: 6201 ns, Total: 82902 ns
[135.761s][info ][safepoint      ] Safepoint "Cleanup", Time since last: 1000118839 ns, Reaching safepoint: 62201 ns, At safepoint: 8701 ns, Total: 70902 ns
[136.761s][info ][safepoint      ] Safepoint "Cleanup", Time since last: 1000122940 ns, Reaching safepoint: 74801 ns, At safepoint: 6300 ns, Total: 81101 ns
[137.761s][info ][safepoint      ] Safepoint "Cleanup", Time since last: 1000111940 ns, Reaching safepoint: 63101 ns, At safepoint: 5701 ns, Total: 68802 ns
[138.761s][info ][safepoint      ] Safepoint "Cleanup", Time since last: 1000103340 ns, Reaching safepoint: 65401 ns, At safepoint: 3500 ns, Total: 68901 ns
[140.681s][info ][safepoint      ] Safepoint "Cleanup", Time since last: 1919531795 ns, Reaching safepoint: 156703 ns, At safepoint: 9500 ns, Total: 166203 ns
[141.681s][info ][safepoint      ] Safepoint "Cleanup", Time since last: 1000118342 ns, Reaching safepoint: 126802 ns, At safepoint: 11300 ns, Total: 138102 ns
[142.681s][info ][safepoint      ] Safepoint "Cleanup", Time since last: 1000116042 ns, Reaching safepoint: 123903 ns, At safepoint: 9100 ns, Total: 133003 ns
[144.682s][info ][safepoint      ] Safepoint "Cleanup", Time since last: 2000153884 ns, Reaching safepoint: 51601 ns, At safepoint: 9700 ns, Total: 61301 ns
[145.682s][info ][safepoint      ] Safepoint "Cleanup", Time since last: 1000105543 ns, Reaching safepoint: 120303 ns, At safepoint: 6200 ns, Total: 126503 ns
[146.682s][info ][safepoint      ] Safepoint "Cleanup", Time since last: 1000103843 ns, Reaching safepoint: 49901 ns, At safepoint: 6300 ns, Total: 56201 ns
[147.682s][info ][safepoint      ] Safepoint "Cleanup", Time since last: 1000164045 ns, Reaching safepoint: 51801 ns, At safepoint: 4200 ns, Total: 56001 ns
[149.590s][info ][safepoint      ] Safepoint "Cleanup", Time since last: 1907312776 ns, Reaching safepoint: 43401 ns, At safepoint: 11000 ns, Total: 54401 ns
[150.590s][info ][safepoint      ] Safepoint "Cleanup", Time since last: 1000113245 ns, Reaching safepoint: 56601 ns, At safepoint: 6100 ns, Total: 62701 ns
[151.590s][info ][safepoint      ] Safepoint "Cleanup", Time since last: 1000111746 ns, Reaching safepoint: 51701 ns, At safepoint: 4800 ns, Total: 56501 ns
[153.475s][info ][safepoint      ] Safepoint "Cleanup", Time since last: 1885293372 ns, Reaching safepoint: 154303 ns, At safepoint: 9400 ns, Total: 163703 ns
[154.476s][info ][safepoint      ] Safepoint "Cleanup", Time since last: 1000116947 ns, Reaching safepoint: 119402 ns, At safepoint: 10800 ns, Total: 130202 ns
[155.476s][info ][safepoint      ] Safepoint "Cleanup", Time since last: 1000112647 ns, Reaching safepoint: 125102 ns, At safepoint: 11301 ns, Total: 136403 ns
[156.476s][info ][safepoint      ] Safepoint "Cleanup", Time since last: 1000109347 ns, Reaching safepoint: 119002 ns, At safepoint: 11700 ns, Total: 130702 ns
[157.477s][info ][safepoint      ] Safepoint "Cleanup", Time since last: 1000114848 ns, Reaching safepoint: 178403 ns, At safepoint: 10901 ns, Total: 189304 ns
[158.477s][info ][safepoint      ] Safepoint "Cleanup", Time since last: 1000113348 ns, Reaching safepoint: 121002 ns, At safepoint: 8700 ns, Total: 129702 ns
[160.434s][info ][safepoint      ] Safepoint "Cleanup", Time since last: 1957522810 ns, Reaching safepoint: 67001 ns, At safepoint: 8500 ns, Total: 75501 ns
[162.435s][info ][safepoint      ] Safepoint "Cleanup", Time since last: 2000174698 ns, Reaching safepoint: 62301 ns, At safepoint: 23500 ns, Total: 85801 ns
[163.435s][info ][safepoint      ] Safepoint "Cleanup", Time since last: 1000122751 ns, Reaching safepoint: 52301 ns, At safepoint: 8000 ns, Total: 60301 ns
[164.435s][info ][safepoint      ] Safepoint "Cleanup", Time since last: 1000124950 ns, Reaching safepoint: 53101 ns, At safepoint: 6600 ns, Total: 59701 ns
[165.435s][info ][safepoint      ] Safepoint "Cleanup", Time since last: 1000107451 ns, Reaching safepoint: 43801 ns, At safepoint: 3700 ns, Total: 47501 ns
[166.435s][info ][safepoint      ] Safepoint "Cleanup", Time since last: 1000108551 ns, Reaching safepoint: 51401 ns, At safepoint: 4400 ns, Total: 55801 ns
[167.435s][info ][safepoint      ] Safepoint "Cleanup", Time since last: 1000100851 ns, Reaching safepoint: 54701 ns, At safepoint: 10900 ns, Total: 65601 ns
[168.436s][info ][safepoint      ] Safepoint "Cleanup", Time since last: 1000115252 ns, Reaching safepoint: 55601 ns, At safepoint: 3500 ns, Total: 59101 ns
[169.436s][info ][safepoint      ] Safepoint "Cleanup", Time since last: 1000114052 ns, Reaching safepoint: 65801 ns, At safepoint: 4600 ns, Total: 70401 ns
[170.436s][info ][safepoint      ] Safepoint "Cleanup", Time since last: 1000119953 ns, Reaching safepoint: 57601 ns, At safepoint: 6400 ns, Total: 64001 ns
[171.436s][info ][safepoint      ] Safepoint "Cleanup", Time since last: 1000114553 ns, Reaching safepoint: 50101 ns, At safepoint: 8200 ns, Total: 58301 ns
[172.436s][info ][safepoint      ] Safepoint "Cleanup", Time since last: 1000110653 ns, Reaching safepoint: 63101 ns, At safepoint: 12201 ns, Total: 75302 ns
[174.437s][info ][safepoint      ] Safepoint "Cleanup", Time since last: 2000171706 ns, Reaching safepoint: 92802 ns, At safepoint: 8900 ns, Total: 101702 ns
[175.437s][info ][safepoint      ] Safepoint "Cleanup", Time since last: 1000119354 ns, Reaching safepoint: 103202 ns, At safepoint: 5900 ns, Total: 109102 ns
[176.437s][info ][safepoint      ] Safepoint "Cleanup", Time since last: 1000110455 ns, Reaching safepoint: 57301 ns, At safepoint: 5800 ns, Total: 63101 ns
[177.431s][info ][gc,start       ] GC(109) Pause Young (Allocation Failure)
[177.455s][debug][gc,phases      ] GC(109) Scavenge 23.469ms
[177.455s][debug][gc,ref         ] GC(109) Skipped phase 1 of Reference Processing: no references
[177.455s][debug][gc,ref         ] GC(109) ReferenceProcessor::execute queues: 1, RefProcThreadModel::Single, marks_oops_alive: false
[177.455s][debug][gc,ref         ] GC(109) Skipped phase 3 of Reference Processing: no references
[177.455s][debug][gc,ref         ] GC(109) ReferenceProcessor::execute queues: 1, RefProcThreadModel::Single, marks_oops_alive: false
[177.455s][debug][gc,phases      ] GC(109) Reference Processing 0.242ms
[177.456s][debug][gc,phases      ] GC(109)   VM Weak                        Min:  0.0, Avg:  0.0, Max:  0.0, Diff:  0.0, Sum:  0.0, Workers: 4
[177.456s][debug][gc,phases      ] GC(109)     Dead                           Min: 0, Avg:  0.0, Max: 0, Diff: 0, Sum: 0, Workers: 4
[177.456s][debug][gc,phases      ] GC(109)     Total                          Min: 0, Avg: 171.8, Max: 623, Diff: 623, Sum: 687, Workers: 4
[177.456s][debug][gc,phases      ] GC(109)   ObjectSynchronizer Weak        Min:  0.0, Avg:  0.0, Max:  0.0, Diff:  0.0, Sum:  0.0, Workers: 4
[177.456s][debug][gc,phases      ] GC(109)     Dead                           Min: 0, Avg:  0.0, Max: 0, Diff: 0, Sum: 0, Workers: 4
[177.456s][debug][gc,phases      ] GC(109)     Total                          Min: 0, Avg: 98.2, Max: 320, Diff: 320, Sum: 393, Workers: 4
[177.456s][debug][gc,phases      ] GC(109)   JVMTI Tag Weak OopStorage      Min:  0.0, Avg:  0.0, Max:  0.0, Diff:  0.0, Sum:  0.0, Workers: 4
[177.456s][debug][gc,phases      ] GC(109)     Dead                           Min: 0, Avg:  0.0, Max: 0, Diff: 0, Sum: 0, Workers: 4
[177.456s][debug][gc,phases      ] GC(109)     Total                          Min: 0, Avg:  0.0, Max: 0, Diff: 0, Sum: 0, Workers: 4
[177.456s][debug][gc,phases      ] GC(109)   StringTable Weak               Min:  0.1, Avg:  0.1, Max:  0.1, Diff:  0.0, Sum:  0.5, Workers: 4
[177.456s][debug][gc,phases      ] GC(109)     Dead                           Min: 0, Avg:  0.5, Max: 2, Diff: 2, Sum: 2, Workers: 4
[177.456s][debug][gc,phases      ] GC(109)     Total                          Min: 11154, Avg: 11940.5, Max: 13056, Diff: 1902, Sum: 47762, Workers: 4
[177.456s][debug][gc,phases      ] GC(109)   ResolvedMethodTable Weak       Min:  0.0, Avg:  0.0, Max:  0.0, Diff:  0.0, Sum:  0.1, Workers: 4
[177.456s][debug][gc,phases      ] GC(109)     Dead                           Min: 0, Avg:  0.2, Max: 1, Diff: 1, Sum: 1, Workers: 4
[177.456s][debug][gc,phases      ] GC(109)     Total                          Min: 1920, Avg: 2051.5, Max: 2382, Diff: 462, Sum: 8206, Workers: 4
[177.456s][debug][gc,phases      ] GC(109)   JNI Weak                       Min:  0.0, Avg:  0.0, Max:  0.0, Diff:  0.0, Sum:  0.0, Workers: 4
[177.456s][debug][gc,phases      ] GC(109)     Dead                           Min: 0, Avg:  0.0, Max: 0, Diff: 0, Sum: 0, Workers: 4
[177.456s][debug][gc,phases      ] GC(109)     Total                          Min: 0, Avg:  0.0, Max: 0, Diff: 0, Sum: 0, Workers: 4
[177.456s][debug][gc,phases      ] GC(109)   StringDedup Table Weak         Min:  0.0, Avg:  0.0, Max:  0.0, Diff:  0.0, Sum:  0.0, Workers: 4
[177.456s][debug][gc,phases      ] GC(109)     Dead                           Min: 0, Avg:  0.0, Max: 0, Diff: 0, Sum: 0, Workers: 4
[177.456s][debug][gc,phases      ] GC(109)     Total                          Min: 0, Avg:  0.0, Max: 0, Diff: 0, Sum: 0, Workers: 4
[177.456s][debug][gc,phases      ] GC(109)   StringDedup Requests0 Weak     Min:  0.0, Avg:  0.0, Max:  0.0, Diff:  0.0, Sum:  0.0, Workers: 4
[177.456s][debug][gc,phases      ] GC(109)     Dead                           Min: 0, Avg:  0.0, Max: 0, Diff: 0, Sum: 0, Workers: 4
[177.456s][debug][gc,phases      ] GC(109)     Total                          Min: 0, Avg:  0.0, Max: 0, Diff: 0, Sum: 0, Workers: 4
[177.456s][debug][gc,phases      ] GC(109)   StringDedup Requests1 Weak     Min:  0.0, Avg:  0.0, Max:  0.0, Diff:  0.0, Sum:  0.0, Workers: 4
[177.456s][debug][gc,phases      ] GC(109)     Dead                           Min: 0, Avg:  0.0, Max: 0, Diff: 0, Sum: 0, Workers: 4
[177.456s][debug][gc,phases      ] GC(109)     Total                          Min: 0, Avg:  0.0, Max: 0, Diff: 0, Sum: 0, Workers: 4
[177.456s][debug][gc,phases      ] GC(109)   Weak JFR Old Object Samples    Min:  0.0, Avg:  0.0, Max:  0.0, Diff:  0.0, Sum:  0.0, Workers: 4
[177.456s][debug][gc,phases      ] GC(109)     Dead                           Min: 0, Avg:  0.0, Max: 0, Diff: 0, Sum: 0, Workers: 4
[177.456s][debug][gc,phases      ] GC(109)     Total                          Min: 0, Avg:  0.0, Max: 0, Diff: 0, Sum: 0, Workers: 4
[177.456s][debug][gc,phases      ] GC(109) Weak Processing 0.410ms
[177.456s][debug][gc,age         ] GC(109) Desired survivor size 131596288 bytes, new threshold 15 (max threshold 15)
[177.456s][info ][gc,heap        ] GC(109) PSYoungGen: 1946064K(1971200K)->98624K(1957376K) Eden: 1858560K(1858560K)->0K(1858560K) From: 87504K(112640K)->98624K(98816K)
[177.456s][info ][gc,heap        ] GC(109) ParOldGen: 460438K(539136K)->460446K(539136K)
[177.456s][info ][gc,metaspace   ] GC(109) Metaspace: 81987K(82880K)->81987K(82880K) NonClass: 70425K(70912K)->70425K(70912K) Class: 11561K(11968K)->11561K(11968K)
[177.456s][info ][gc             ] GC(109) Pause Young (Allocation Failure) 2350M->545M(2438M) 24.286ms
[177.456s][info ][gc,cpu         ] GC(109) User=0.09s Sys=0.00s Real=0.02s
[177.456s][info ][safepoint      ] Safepoint "ParallelGCFailedAllocation", Time since last: 994341249 ns, Reaching safepoint: 41000 ns, At safepoint: 24379150 ns, Total: 24420150 ns
[179.456s][info ][safepoint      ] Safepoint "Cleanup", Time since last: 2000163110 ns, Reaching safepoint: 73402 ns, At safepoint: 11500 ns, Total: 84902 ns
[180.456s][info ][safepoint      ] Safepoint "Cleanup", Time since last: 1000110956 ns, Reaching safepoint: 55801 ns, At safepoint: 9800 ns, Total: 65601 ns
[181.457s][info ][safepoint      ] Safepoint "Cleanup", Time since last: 1000266959 ns, Reaching safepoint: 58901 ns, At safepoint: 9501 ns, Total: 68402 ns
[182.457s][info ][safepoint      ] Safepoint "Cleanup", Time since last: 1000125757 ns, Reaching safepoint: 61901 ns, At safepoint: 4200 ns, Total: 66101 ns
[183.457s][info ][safepoint      ] Safepoint "Cleanup", Time since last: 1000123057 ns, Reaching safepoint: 52501 ns, At safepoint: 2900 ns, Total: 55401 ns
[184.457s][info ][safepoint      ] Safepoint "Cleanup", Time since last: 1000119958 ns, Reaching safepoint: 65401 ns, At safepoint: 8300 ns, Total: 73701 ns
[185.457s][info ][safepoint      ] Safepoint "Cleanup", Time since last: 1000104958 ns, Reaching safepoint: 68201 ns, At safepoint: 5400 ns, Total: 73601 ns
[186.458s][info ][safepoint      ] Safepoint "Cleanup", Time since last: 1000118758 ns, Reaching safepoint: 71002 ns, At safepoint: 4300 ns, Total: 75302 ns
[187.458s][info ][safepoint      ] Safepoint "Cleanup", Time since last: 1000111558 ns, Reaching safepoint: 81302 ns, At safepoint: 32000 ns, Total: 113302 ns
[188.468s][info ][safepoint      ] Safepoint "Cleanup", Time since last: 1010034643 ns, Reaching safepoint: 65501 ns, At safepoint: 15500 ns, Total: 81001 ns
[189.468s][info ][safepoint      ] Safepoint "Cleanup", Time since last: 1000129060 ns, Reaching safepoint: 54301 ns, At safepoint: 3200 ns, Total: 57501 ns
[190.468s][info ][safepoint      ] Safepoint "Cleanup", Time since last: 1000128759 ns, Reaching safepoint: 72102 ns, At safepoint: 4800 ns, Total: 76902 ns
[192.469s][info ][safepoint      ] Safepoint "Cleanup", Time since last: 2000197920 ns, Reaching safepoint: 68501 ns, At safepoint: 12600 ns, Total: 81101 ns
[194.469s][info ][safepoint      ] Safepoint "Cleanup", Time since last: 2000182221 ns, Reaching safepoint: 79301 ns, At safepoint: 9501 ns, Total: 88802 ns
[195.469s][info ][safepoint      ] Safepoint "Cleanup", Time since last: 1000119061 ns, Reaching safepoint: 75901 ns, At safepoint: 6101 ns, Total: 82002 ns
[196.469s][info ][safepoint      ] Safepoint "Cleanup", Time since last: 1000114961 ns, Reaching safepoint: 74902 ns, At safepoint: 6800 ns, Total: 81702 ns
[197.469s][info ][safepoint      ] Safepoint "Cleanup", Time since last: 1000140062 ns, Reaching safepoint: 65901 ns, At safepoint: 8201 ns, Total: 74102 ns
[198.872s][info ][safepoint      ] Safepoint "Cleanup", Time since last: 1402871097 ns, Reaching safepoint: 95502 ns, At safepoint: 11900 ns, Total: 107402 ns
[200.873s][info ][safepoint      ] Safepoint "Cleanup", Time since last: 2000193526 ns, Reaching safepoint: 63301 ns, At safepoint: 8400 ns, Total: 71701 ns
[201.873s][info ][safepoint      ] Safepoint "Cleanup", Time since last: 1000107063 ns, Reaching safepoint: 49901 ns, At safepoint: 6700 ns, Total: 56601 ns
[203.101s][info ][safepoint      ] Safepoint "Cleanup", Time since last: 1227921570 ns, Reaching safepoint: 86102 ns, At safepoint: 6800 ns, Total: 92902 ns
[204.101s][info ][safepoint      ] Safepoint "Cleanup", Time since last: 1000110764 ns, Reaching safepoint: 52901 ns, At safepoint: 8000 ns, Total: 60901 ns
[205.101s][info ][safepoint      ] Safepoint "Cleanup", Time since last: 1000099064 ns, Reaching safepoint: 54401 ns, At safepoint: 3200 ns, Total: 57601 ns
[206.101s][info ][safepoint      ] Safepoint "Cleanup", Time since last: 1000105965 ns, Reaching safepoint: 67302 ns, At safepoint: 15000 ns, Total: 82302 ns
[207.102s][info ][safepoint      ] Safepoint "Cleanup", Time since last: 1000105565 ns, Reaching safepoint: 52901 ns, At safepoint: 4600 ns, Total: 57501 ns
[208.102s][info ][safepoint      ] Safepoint "Cleanup", Time since last: 1000113066 ns, Reaching safepoint: 59901 ns, At safepoint: 13400 ns, Total: 73301 ns
[209.102s][info ][safepoint      ] Safepoint "Cleanup", Time since last: 1000104866 ns, Reaching safepoint: 62701 ns, At safepoint: 9700 ns, Total: 72401 ns
[210.102s][info ][safepoint      ] Safepoint "Cleanup", Time since last: 1000093566 ns, Reaching safepoint: 56401 ns, At safepoint: 7800 ns, Total: 64201 ns
[211.102s][info ][safepoint      ] Safepoint "Cleanup", Time since last: 1000100567 ns, Reaching safepoint: 49101 ns, At safepoint: 4400 ns, Total: 53501 ns
[212.102s][info ][safepoint      ] Safepoint "Cleanup", Time since last: 1000110067 ns, Reaching safepoint: 52901 ns, At safepoint: 6600 ns, Total: 59501 ns
[213.103s][info ][safepoint      ] Safepoint "Cleanup", Time since last: 1000101667 ns, Reaching safepoint: 53101 ns, At safepoint: 10400 ns, Total: 63501 ns
[214.103s][info ][safepoint      ] Safepoint "Cleanup", Time since last: 1000101967 ns, Reaching safepoint: 57801 ns, At safepoint: 6401 ns, Total: 64202 ns
[215.103s][info ][safepoint      ] Safepoint "Cleanup", Time since last: 1000104667 ns, Reaching safepoint: 50201 ns, At safepoint: 3400 ns, Total: 53601 ns
[219.103s][info ][safepoint      ] Safepoint "Cleanup", Time since last: 4000303173 ns, Reaching safepoint: 55401 ns, At safepoint: 11200 ns, Total: 66601 ns
[221.103s][info ][safepoint      ] Safepoint "Cleanup", Time since last: 2000187439 ns, Reaching safepoint: 50901 ns, At safepoint: 6500 ns, Total: 57401 ns
[222.104s][info ][safepoint      ] Safepoint "Cleanup", Time since last: 1000105970 ns, Reaching safepoint: 57701 ns, At safepoint: 11200 ns, Total: 68901 ns
[223.104s][info ][safepoint      ] Safepoint "Cleanup", Time since last: 1000109071 ns, Reaching safepoint: 64001 ns, At safepoint: 10700 ns, Total: 74701 ns
[227.104s][info ][safepoint      ] Safepoint "Cleanup", Time since last: 4000493887 ns, Reaching safepoint: 61401 ns, At safepoint: 6900 ns, Total: 68301 ns
[228.105s][info ][safepoint      ] Safepoint "Cleanup", Time since last: 1000114172 ns, Reaching safepoint: 61101 ns, At safepoint: 13701 ns, Total: 74802 ns
[229.105s][info ][safepoint      ] Safepoint "Cleanup", Time since last: 1000121272 ns, Reaching safepoint: 64002 ns, At safepoint: 9900 ns, Total: 73902 ns
[230.105s][info ][safepoint      ] Safepoint "Cleanup", Time since last: 1000108673 ns, Reaching safepoint: 54701 ns, At safepoint: 11500 ns, Total: 66201 ns
[231.105s][info ][safepoint      ] Safepoint "Cleanup", Time since last: 1000111473 ns, Reaching safepoint: 57301 ns, At safepoint: 8900 ns, Total: 66201 ns
[233.105s][info ][safepoint      ] Safepoint "Cleanup", Time since last: 2000201547 ns, Reaching safepoint: 57301 ns, At safepoint: 3200 ns, Total: 60501 ns
[234.106s][info ][safepoint      ] Safepoint "Cleanup", Time since last: 1000112174 ns, Reaching safepoint: 53301 ns, At safepoint: 8900 ns, Total: 62201 ns
[235.106s][info ][safepoint      ] Safepoint "Cleanup", Time since last: 1000125775 ns, Reaching safepoint: 54201 ns, At safepoint: 6300 ns, Total: 60501 ns
[238.106s][info ][safepoint      ] Safepoint "Cleanup", Time since last: 3000250524 ns, Reaching safepoint: 52501 ns, At safepoint: 14300 ns, Total: 66801 ns
[239.106s][info ][safepoint      ] Safepoint "Cleanup", Time since last: 1000114576 ns, Reaching safepoint: 55301 ns, At safepoint: 7000 ns, Total: 62301 ns
[240.106s][info ][safepoint      ] Safepoint "Cleanup", Time since last: 1000126576 ns, Reaching safepoint: 61502 ns, At safepoint: 3600 ns, Total: 65102 ns
[241.107s][info ][safepoint      ] Safepoint "Cleanup", Time since last: 1000122076 ns, Reaching safepoint: 51901 ns, At safepoint: 3300 ns, Total: 55201 ns
[243.107s][info ][safepoint      ] Safepoint "Cleanup", Time since last: 2000194253 ns, Reaching safepoint: 55001 ns, At safepoint: 34201 ns, Total: 89202 ns
[245.107s][info ][safepoint      ] Safepoint "Cleanup", Time since last: 2000184854 ns, Reaching safepoint: 55601 ns, At safepoint: 3700 ns, Total: 59301 ns
[247.107s][info ][safepoint      ] Safepoint "Cleanup", Time since last: 2000244257 ns, Reaching safepoint: 61801 ns, At safepoint: 15300 ns, Total: 77101 ns
[250.108s][info ][safepoint      ] Safepoint "Cleanup", Time since last: 3000247335 ns, Reaching safepoint: 56701 ns, At safepoint: 9400 ns, Total: 66101 ns
[251.108s][info ][safepoint      ] Safepoint "Cleanup", Time since last: 1000126380 ns, Reaching safepoint: 50001 ns, At safepoint: 3400 ns, Total: 53401 ns
[256.778s][info ][gc,start       ] GC(110) Pause Young (Allocation Failure)
[256.802s][debug][gc,phases      ] GC(110) Scavenge 23.625ms
[256.802s][debug][gc,ref         ] GC(110) Skipped phase 1 of Reference Processing: no references
[256.802s][debug][gc,ref         ] GC(110) ReferenceProcessor::execute queues: 1, RefProcThreadModel::Single, marks_oops_alive: false
[256.802s][debug][gc,ref         ] GC(110) Skipped phase 3 of Reference Processing: no references
[256.802s][debug][gc,ref         ] GC(110) ReferenceProcessor::execute queues: 1, RefProcThreadModel::Single, marks_oops_alive: false
[256.802s][debug][gc,phases      ] GC(110) Reference Processing 0.162ms
[256.802s][debug][gc,phases      ] GC(110)   VM Weak                        Min:  0.0, Avg:  0.0, Max:  0.0, Diff:  0.0, Sum:  0.0, Workers: 4
[256.802s][debug][gc,phases      ] GC(110)     Dead                           Min: 0, Avg:  0.0, Max: 0, Diff: 0, Sum: 0, Workers: 4
[256.802s][debug][gc,phases      ] GC(110)     Total                          Min: 0, Avg: 172.0, Max: 688, Diff: 688, Sum: 688, Workers: 4
[256.802s][debug][gc,phases      ] GC(110)   ObjectSynchronizer Weak        Min:  0.0, Avg:  0.0, Max:  0.0, Diff:  0.0, Sum:  0.0, Workers: 4
[256.802s][debug][gc,phases      ] GC(110)     Dead                           Min: 0, Avg:  0.0, Max: 0, Diff: 0, Sum: 0, Workers: 4
[256.802s][debug][gc,phases      ] GC(110)     Total                          Min: 0, Avg: 98.2, Max: 384, Diff: 384, Sum: 393, Workers: 4
[256.802s][debug][gc,phases      ] GC(110)   JVMTI Tag Weak OopStorage      Min:  0.0, Avg:  0.0, Max:  0.0, Diff:  0.0, Sum:  0.0, Workers: 4
[256.802s][debug][gc,phases      ] GC(110)     Dead                           Min: 0, Avg:  0.0, Max: 0, Diff: 0, Sum: 0, Workers: 4
[256.802s][debug][gc,phases      ] GC(110)     Total                          Min: 0, Avg:  0.0, Max: 0, Diff: 0, Sum: 0, Workers: 4
[256.802s][debug][gc,phases      ] GC(110)   StringTable Weak               Min:  0.1, Avg:  0.1, Max:  0.1, Diff:  0.0, Sum:  0.5, Workers: 4
[256.802s][debug][gc,phases      ] GC(110)     Dead                           Min: 0, Avg:  0.2, Max: 1, Diff: 1, Sum: 1, Workers: 4
[256.802s][debug][gc,phases      ] GC(110)     Total                          Min: 11163, Avg: 11958.8, Max: 12928, Diff: 1765, Sum: 47835, Workers: 4
[256.802s][debug][gc,phases      ] GC(110)   ResolvedMethodTable Weak       Min:  0.0, Avg:  0.0, Max:  0.0, Diff:  0.0, Sum:  0.1, Workers: 4
[256.802s][debug][gc,phases      ] GC(110)     Dead                           Min: 0, Avg:  0.0, Max: 0, Diff: 0, Sum: 0, Workers: 4
[256.802s][debug][gc,phases      ] GC(110)     Total                          Min: 1774, Avg: 1980.5, Max: 2243, Diff: 469, Sum: 7922, Workers: 4
[256.802s][debug][gc,phases      ] GC(110)   JNI Weak                       Min:  0.0, Avg:  0.0, Max:  0.0, Diff:  0.0, Sum:  0.0, Workers: 4
[256.802s][debug][gc,phases      ] GC(110)     Dead                           Min: 0, Avg:  0.0, Max: 0, Diff: 0, Sum: 0, Workers: 4
[256.802s][debug][gc,phases      ] GC(110)     Total                          Min: 0, Avg:  0.0, Max: 0, Diff: 0, Sum: 0, Workers: 4
[256.802s][debug][gc,phases      ] GC(110)   StringDedup Table Weak         Min:  0.0, Avg:  0.0, Max:  0.0, Diff:  0.0, Sum:  0.0, Workers: 4
[256.802s][debug][gc,phases      ] GC(110)     Dead                           Min: 0, Avg:  0.0, Max: 0, Diff: 0, Sum: 0, Workers: 4
[256.802s][debug][gc,phases      ] GC(110)     Total                          Min: 0, Avg:  0.0, Max: 0, Diff: 0, Sum: 0, Workers: 4
[256.802s][debug][gc,phases      ] GC(110)   StringDedup Requests0 Weak     Min:  0.0, Avg:  0.0, Max:  0.0, Diff:  0.0, Sum:  0.0, Workers: 4
[256.802s][debug][gc,phases      ] GC(110)     Dead                           Min: 0, Avg:  0.0, Max: 0, Diff: 0, Sum: 0, Workers: 4
[256.802s][debug][gc,phases      ] GC(110)     Total                          Min: 0, Avg:  0.0, Max: 0, Diff: 0, Sum: 0, Workers: 4
[256.802s][debug][gc,phases      ] GC(110)   StringDedup Requests1 Weak     Min:  0.0, Avg:  0.0, Max:  0.0, Diff:  0.0, Sum:  0.0, Workers: 4
[256.802s][debug][gc,phases      ] GC(110)     Dead                           Min: 0, Avg:  0.0, Max: 0, Diff: 0, Sum: 0, Workers: 4
[256.802s][debug][gc,phases      ] GC(110)     Total                          Min: 0, Avg:  0.0, Max: 0, Diff: 0, Sum: 0, Workers: 4
[256.802s][debug][gc,phases      ] GC(110)   Weak JFR Old Object Samples    Min:  0.0, Avg:  0.0, Max:  0.0, Diff:  0.0, Sum:  0.0, Workers: 4
[256.802s][debug][gc,phases      ] GC(110)     Dead                           Min: 0, Avg:  0.0, Max: 0, Diff: 0, Sum: 0, Workers: 4
[256.802s][debug][gc,phases      ] GC(110)     Total                          Min: 0, Avg:  0.0, Max: 0, Diff: 0, Sum: 0, Workers: 4
[256.802s][debug][gc,phases      ] GC(110) Weak Processing 0.360ms
[256.802s][debug][gc,age         ] GC(110) Desired survivor size 137363456 bytes, new threshold 15 (max threshold 15)
[256.802s][info ][gc,heap        ] GC(110) PSYoungGen: 1957184K(1957376K)->95328K(1957376K) Eden: 1858560K(1858560K)->0K(1828864K) From: 98624K(98816K)->95328K(128512K)
[256.802s][info ][gc,heap        ] GC(110) ParOldGen: 460446K(539136K)->461734K(539136K)
[256.802s][info ][gc,metaspace   ] GC(110) Metaspace: 82275K(83136K)->82275K(83136K) NonClass: 70699K(71168K)->70699K(71168K) Class: 11576K(11968K)->11576K(11968K)
[256.802s][info ][gc             ] GC(110) Pause Young (Allocation Failure) 2360M->544M(2438M) 24.299ms
[256.802s][info ][gc,cpu         ] GC(110) User=0.10s Sys=0.00s Real=0.02s
[256.803s][info ][safepoint      ] Safepoint "ParallelGCFailedAllocation", Time since last: 5670127075 ns, Reaching safepoint: 52001 ns, At safepoint: 24405551 ns, Total: 24457552 ns
[258.803s][info ][safepoint      ] Safepoint "Cleanup", Time since last: 2000158062 ns, Reaching safepoint: 126703 ns, At safepoint: 11800 ns, Total: 138503 ns
[259.803s][info ][safepoint      ] Safepoint "Cleanup", Time since last: 1000108882 ns, Reaching safepoint: 51601 ns, At safepoint: 13600 ns, Total: 65201 ns
[260.803s][info ][safepoint      ] Safepoint "Cleanup", Time since last: 1000107983 ns, Reaching safepoint: 61501 ns, At safepoint: 11100 ns, Total: 72601 ns
[263.803s][info ][safepoint      ] Safepoint "Cleanup", Time since last: 3000244048 ns, Reaching safepoint: 55901 ns, At safepoint: 4200 ns, Total: 60101 ns
[266.804s][info ][safepoint      ] Safepoint "Cleanup", Time since last: 3000252850 ns, Reaching safepoint: 54701 ns, At safepoint: 3300 ns, Total: 58001 ns
[267.804s][info ][safepoint      ] Safepoint "Cleanup", Time since last: 1000130385 ns, Reaching safepoint: 49701 ns, At safepoint: 7600 ns, Total: 57301 ns
[268.804s][info ][safepoint      ] Safepoint "Cleanup", Time since last: 1000105685 ns, Reaching safepoint: 55201 ns, At safepoint: 4900 ns, Total: 60101 ns
[278.805s][info ][safepoint      ] Safepoint "Cleanup", Time since last: 10000730358 ns, Reaching safepoint: 63901 ns, At safepoint: 13900 ns, Total: 77801 ns
[281.805s][info ][safepoint      ] Safepoint "Cleanup", Time since last: 3000273764 ns, Reaching safepoint: 50701 ns, At safepoint: 3300 ns, Total: 54001 ns
[283.806s][info ][safepoint      ] Safepoint "Cleanup", Time since last: 2000190278 ns, Reaching safepoint: 51701 ns, At safepoint: 3500 ns, Total: 55201 ns
[285.806s][info ][safepoint      ] Safepoint "Cleanup", Time since last: 2000189979 ns, Reaching safepoint: 57801 ns, At safepoint: 8100 ns, Total: 65901 ns
[286.806s][info ][safepoint      ] Safepoint "Cleanup", Time since last: 1000119190 ns, Reaching safepoint: 55101 ns, At safepoint: 7400 ns, Total: 62501 ns
[287.806s][info ][safepoint      ] Safepoint "Cleanup", Time since last: 1000107091 ns, Reaching safepoint: 48101 ns, At safepoint: 3500 ns, Total: 51601 ns
[289.806s][info ][safepoint      ] Safepoint "Cleanup", Time since last: 2000180681 ns, Reaching safepoint: 46801 ns, At safepoint: 3000 ns, Total: 49801 ns
[301.807s][info ][safepoint      ] Safepoint "Cleanup", Time since last: 12000754103 ns, Reaching safepoint: 60601 ns, At safepoint: 6300 ns, Total: 66901 ns
[302.807s][info ][safepoint      ] Safepoint "Cleanup", Time since last: 1000108195 ns, Reaching safepoint: 55201 ns, At safepoint: 8700 ns, Total: 63901 ns
[303.808s][info ][safepoint      ] Safepoint "Cleanup", Time since last: 1000122095 ns, Reaching safepoint: 54301 ns, At safepoint: 8000 ns, Total: 62301 ns
[304.808s][info ][safepoint      ] Safepoint "Cleanup", Time since last: 1000116296 ns, Reaching safepoint: 49301 ns, At safepoint: 3400 ns, Total: 52701 ns
[305.808s][info ][safepoint      ] Safepoint "Cleanup", Time since last: 1000115195 ns, Reaching safepoint: 58801 ns, At safepoint: 5400 ns, Total: 64201 ns
[311.808s][info ][safepoint      ] Safepoint "Cleanup", Time since last: 6000491976 ns, Reaching safepoint: 60501 ns, At safepoint: 8900 ns, Total: 69401 ns
[318.809s][info ][safepoint      ] Safepoint "Cleanup", Time since last: 7000505383 ns, Reaching safepoint: 66602 ns, At safepoint: 16200 ns, Total: 82802 ns
[319.809s][info ][safepoint      ] Safepoint "Cleanup", Time since last: 1000135900 ns, Reaching safepoint: 58901 ns, At safepoint: 3700 ns, Total: 62601 ns
[322.810s][info ][safepoint      ] Safepoint "Cleanup", Time since last: 3000228198 ns, Reaching safepoint: 64101 ns, At safepoint: 3400 ns, Total: 67501 ns
[323.810s][info ][safepoint      ] Safepoint "Cleanup", Time since last: 1000124300 ns, Reaching safepoint: 76502 ns, At safepoint: 6300 ns, Total: 82802 ns
[324.810s][info ][safepoint      ] Safepoint "Cleanup", Time since last: 1000125701 ns, Reaching safepoint: 58301 ns, At safepoint: 14900 ns, Total: 73201 ns
[326.810s][info ][safepoint      ] Safepoint "Cleanup", Time since last: 2000193302 ns, Reaching safepoint: 62501 ns, At safepoint: 17700 ns, Total: 80201 ns
[328.811s][info ][safepoint      ] Safepoint "Cleanup", Time since last: 2000252104 ns, Reaching safepoint: 72002 ns, At safepoint: 12600 ns, Total: 84602 ns
[329.811s][info ][safepoint      ] Safepoint "Cleanup", Time since last: 1000124602 ns, Reaching safepoint: 58601 ns, At safepoint: 7100 ns, Total: 65701 ns
[330.811s][info ][safepoint      ] Safepoint "Cleanup", Time since last: 1000123303 ns, Reaching safepoint: 92502 ns, At safepoint: 11100 ns, Total: 103602 ns
[331.811s][info ][safepoint      ] Safepoint "Cleanup", Time since last: 1000134403 ns, Reaching safepoint: 63201 ns, At safepoint: 4400 ns, Total: 67601 ns
[332.811s][info ][safepoint      ] Safepoint "Cleanup", Time since last: 1000138003 ns, Reaching safepoint: 98802 ns, At safepoint: 11700 ns, Total: 110502 ns
[333.812s][info ][safepoint      ] Safepoint "Cleanup", Time since last: 1000140304 ns, Reaching safepoint: 56101 ns, At safepoint: 3100 ns, Total: 59201 ns
[334.814s][info ][safepoint      ] Safepoint "Cleanup", Time since last: 1000131704 ns, Reaching safepoint: 2195240 ns, At safepoint: 14301 ns, Total: 2209541 ns
[335.814s][info ][safepoint      ] Safepoint "Cleanup", Time since last: 1000121904 ns, Reaching safepoint: 61901 ns, At safepoint: 13800 ns, Total: 75701 ns
[336.814s][info ][safepoint      ] Safepoint "Cleanup", Time since last: 1000123404 ns, Reaching safepoint: 66301 ns, At safepoint: 8700 ns, Total: 75001 ns
[337.815s][info ][safepoint      ] Safepoint "Cleanup", Time since last: 1000127005 ns, Reaching safepoint: 62301 ns, At safepoint: 10100 ns, Total: 72401 ns
[339.815s][info ][safepoint      ] Safepoint "Cleanup", Time since last: 2000195309 ns, Reaching safepoint: 57801 ns, At safepoint: 6800 ns, Total: 64601 ns
[340.815s][info ][safepoint      ] Safepoint "Cleanup", Time since last: 1000121905 ns, Reaching safepoint: 58201 ns, At safepoint: 8400 ns, Total: 66601 ns
[341.815s][info ][safepoint      ] Safepoint "Cleanup", Time since last: 1000120806 ns, Reaching safepoint: 48301 ns, At safepoint: 3800 ns, Total: 52101 ns
[342.815s][info ][safepoint      ] Safepoint "Cleanup", Time since last: 1000107205 ns, Reaching safepoint: 47601 ns, At safepoint: 4300 ns, Total: 51901 ns
[343.179s][info ][gc,start       ] GC(111) Pause Young (Allocation Failure)
[343.223s][debug][gc,phases      ] GC(111) Scavenge 43.773ms
[343.223s][debug][gc,ref         ] GC(111) Skipped phase 1 of Reference Processing: no references
[343.223s][debug][gc,ref         ] GC(111) ReferenceProcessor::execute queues: 1, RefProcThreadModel::Single, marks_oops_alive: false
[343.223s][debug][gc,ref         ] GC(111) Skipped phase 3 of Reference Processing: no references
[343.223s][debug][gc,ref         ] GC(111) ReferenceProcessor::execute queues: 1, RefProcThreadModel::Single, marks_oops_alive: false
[343.223s][debug][gc,phases      ] GC(111) Reference Processing 0.208ms
[343.227s][debug][gc,phases      ] GC(111)   VM Weak                        Min:  0.0, Avg:  0.0, Max:  0.0, Diff:  0.0, Sum:  0.0, Workers: 4
[343.227s][debug][gc,phases      ] GC(111)     Dead                           Min: 0, Avg:  0.0, Max: 0, Diff: 0, Sum: 0, Workers: 4
[343.227s][debug][gc,phases      ] GC(111)     Total                          Min: 0, Avg: 172.0, Max: 688, Diff: 688, Sum: 688, Workers: 4
[343.227s][debug][gc,phases      ] GC(111)   ObjectSynchronizer Weak        Min:  0.0, Avg:  0.0, Max:  0.0, Diff:  0.0, Sum:  0.0, Workers: 4
[343.227s][debug][gc,phases      ] GC(111)     Dead                           Min: 0, Avg:  0.0, Max: 0, Diff: 0, Sum: 0, Workers: 4
[343.227s][debug][gc,phases      ] GC(111)     Total                          Min: 0, Avg: 98.2, Max: 201, Diff: 201, Sum: 393, Workers: 4
[343.227s][debug][gc,phases      ] GC(111)   JVMTI Tag Weak OopStorage      Min:  0.0, Avg:  0.0, Max:  0.0, Diff:  0.0, Sum:  0.0, Workers: 4
[343.227s][debug][gc,phases      ] GC(111)     Dead                           Min: 0, Avg:  0.0, Max: 0, Diff: 0, Sum: 0, Workers: 4
[343.227s][debug][gc,phases      ] GC(111)     Total                          Min: 0, Avg:  0.0, Max: 0, Diff: 0, Sum: 0, Workers: 4
[343.227s][debug][gc,phases      ] GC(111)   StringTable Weak               Min:  0.0, Avg:  0.1, Max:  0.2, Diff:  0.2, Sum:  0.5, Workers: 4
[343.227s][debug][gc,phases      ] GC(111)     Dead                           Min: 0, Avg:  0.0, Max: 0, Diff: 0, Sum: 0, Workers: 4
[343.227s][debug][gc,phases      ] GC(111)     Total                          Min: 0, Avg: 11975.5, Max: 16832, Diff: 16832, Sum: 47902, Workers: 4
[343.227s][debug][gc,phases      ] GC(111)   ResolvedMethodTable Weak       Min:  0.0, Avg:  0.0, Max:  0.0, Diff:  0.0, Sum:  0.1, Workers: 4
[343.227s][debug][gc,phases      ] GC(111)     Dead                           Min: 0, Avg:  4.8, Max: 16, Diff: 16, Sum: 19, Workers: 4
[343.227s][debug][gc,phases      ] GC(111)     Total                          Min: 0, Avg: 1989.0, Max: 2754, Diff: 2754, Sum: 7956, Workers: 4
[343.227s][debug][gc,phases      ] GC(111)   JNI Weak                       Min:  0.0, Avg:  0.0, Max:  0.0, Diff:  0.0, Sum:  0.0, Workers: 4
[343.227s][debug][gc,phases      ] GC(111)     Dead                           Min: 0, Avg:  0.0, Max: 0, Diff: 0, Sum: 0, Workers: 4
[343.227s][debug][gc,phases      ] GC(111)     Total                          Min: 0, Avg:  0.0, Max: 0, Diff: 0, Sum: 0, Workers: 4
[343.227s][debug][gc,phases      ] GC(111)   StringDedup Table Weak         Min:  0.0, Avg:  0.0, Max:  0.0, Diff:  0.0, Sum:  0.0, Workers: 4
[343.227s][debug][gc,phases      ] GC(111)     Dead                           Min: 0, Avg:  0.0, Max: 0, Diff: 0, Sum: 0, Workers: 4
[343.227s][debug][gc,phases      ] GC(111)     Total                          Min: 0, Avg:  0.0, Max: 0, Diff: 0, Sum: 0, Workers: 4
[343.227s][debug][gc,phases      ] GC(111)   StringDedup Requests0 Weak     Min:  0.0, Avg:  0.0, Max:  0.0, Diff:  0.0, Sum:  0.0, Workers: 4
[343.227s][debug][gc,phases      ] GC(111)     Dead                           Min: 0, Avg:  0.0, Max: 0, Diff: 0, Sum: 0, Workers: 4
[343.227s][debug][gc,phases      ] GC(111)     Total                          Min: 0, Avg:  0.0, Max: 0, Diff: 0, Sum: 0, Workers: 4
[343.227s][debug][gc,phases      ] GC(111)   StringDedup Requests1 Weak     Min:  0.0, Avg:  0.0, Max:  0.0, Diff:  0.0, Sum:  0.0, Workers: 4
[343.227s][debug][gc,phases      ] GC(111)     Dead                           Min: 0, Avg:  0.0, Max: 0, Diff: 0, Sum: 0, Workers: 4
[343.227s][debug][gc,phases      ] GC(111)     Total                          Min: 0, Avg:  0.0, Max: 0, Diff: 0, Sum: 0, Workers: 4
[343.227s][debug][gc,phases      ] GC(111)   Weak JFR Old Object Samples    Min:  0.0, Avg:  0.0, Max:  0.0, Diff:  0.0, Sum:  0.0, Workers: 4
[343.227s][debug][gc,phases      ] GC(111)     Dead                           Min: 0, Avg:  0.0, Max: 0, Diff: 0, Sum: 0, Workers: 4
[343.227s][debug][gc,phases      ] GC(111)     Total                          Min: 0, Avg:  0.0, Max: 0, Diff: 0, Sum: 0, Workers: 4
[343.227s][debug][gc,phases      ] GC(111) Weak Processing 4.165ms
[343.227s][debug][gc,age         ] GC(111) Desired survivor size 139984896 bytes, new threshold 15 (max threshold 15)
[343.227s][info ][gc,heap        ] GC(111) PSYoungGen: 1924192K(1957376K)->90928K(1920000K) Eden: 1828864K(1828864K)->0K(1828864K) From: 95328K(128512K)->90928K(91136K)
[343.227s][info ][gc,heap        ] GC(111) ParOldGen: 461734K(539136K)->466754K(539136K)
[343.227s][info ][gc,metaspace   ] GC(111) Metaspace: 82370K(83200K)->82370K(83200K) NonClass: 70787K(71232K)->70787K(71232K) Class: 11583K(11968K)->11583K(11968K)
[343.227s][info ][gc             ] GC(111) Pause Young (Allocation Failure) 2330M->544M(2401M) 48.302ms
[343.227s][info ][gc,cpu         ] GC(111) User=0.10s Sys=0.00s Real=0.04s
[343.227s][info ][safepoint      ] Safepoint "ParallelGCFailedAllocation", Time since last: 363568627 ns, Reaching safepoint: 31801 ns, At safepoint: 48394495 ns, Total: 48426296 ns
[344.228s][info ][safepoint      ] Safepoint "Cleanup", Time since last: 1000103606 ns, Reaching safepoint: 126802 ns, At safepoint: 15001 ns, Total: 141803 ns
[345.228s][info ][safepoint      ] Safepoint "Cleanup", Time since last: 1000106006 ns, Reaching safepoint: 130002 ns, At safepoint: 11600 ns, Total: 141602 ns
[346.228s][info ][safepoint      ] Safepoint "Cleanup", Time since last: 1000109207 ns, Reaching safepoint: 119202 ns, At safepoint: 6200 ns, Total: 125402 ns
[347.228s][info ][safepoint      ] Safepoint "Cleanup", Time since last: 1000125507 ns, Reaching safepoint: 121302 ns, At safepoint: 13800 ns, Total: 135102 ns
[348.229s][info ][safepoint      ] Safepoint "Cleanup", Time since last: 1000135807 ns, Reaching safepoint: 121503 ns, At safepoint: 6600 ns, Total: 128103 ns
[349.229s][info ][safepoint      ] Safepoint "Cleanup", Time since last: 1000111107 ns, Reaching safepoint: 121702 ns, At safepoint: 12000 ns, Total: 133702 ns
[351.229s][info ][safepoint      ] Safepoint "Cleanup", Time since last: 2000194415 ns, Reaching safepoint: 123002 ns, At safepoint: 9800 ns, Total: 132802 ns
[352.229s][info ][safepoint      ] Safepoint "Cleanup", Time since last: 1000109608 ns, Reaching safepoint: 123302 ns, At safepoint: 11101 ns, Total: 134403 ns
[355.980s][info ][safepoint      ] Safepoint "Cleanup", Time since last: 3750559809 ns, Reaching safepoint: 111602 ns, At safepoint: 7500 ns, Total: 119102 ns
[356.980s][info ][safepoint      ] Safepoint "Cleanup", Time since last: 1000109109 ns, Reaching safepoint: 155603 ns, At safepoint: 8800 ns, Total: 164403 ns
[357.981s][info ][safepoint      ] Safepoint "Cleanup", Time since last: 1000101009 ns, Reaching safepoint: 121403 ns, At safepoint: 6000 ns, Total: 127403 ns
[360.981s][info ][safepoint      ] Safepoint "Cleanup", Time since last: 3000246927 ns, Reaching safepoint: 123903 ns, At safepoint: 5700 ns, Total: 129603 ns
[370.982s][info ][safepoint      ] Safepoint "Cleanup", Time since last: 10000714707 ns, Reaching safepoint: 49201 ns, At safepoint: 3200 ns, Total: 52401 ns
[376.982s][info ][safepoint      ] Safepoint "Cleanup", Time since last: 6000446076 ns, Reaching safepoint: 55301 ns, At safepoint: 5700 ns, Total: 61001 ns
[377.982s][info ][safepoint      ] Safepoint "Cleanup", Time since last: 1000107114 ns, Reaching safepoint: 49301 ns, At safepoint: 4200 ns, Total: 53501 ns
[381.983s][info ][safepoint      ] Safepoint "Cleanup", Time since last: 4000260856 ns, Reaching safepoint: 56101 ns, At safepoint: 7500 ns, Total: 63601 ns
[383.983s][info ][safepoint      ] Safepoint "Cleanup", Time since last: 2000179631 ns, Reaching safepoint: 44500 ns, At safepoint: 2700 ns, Total: 47200 ns
[387.983s][info ][safepoint      ] Safepoint "Cleanup", Time since last: 4000309663 ns, Reaching safepoint: 43101 ns, At safepoint: 3000 ns, Total: 46101 ns
[389.984s][info ][safepoint      ] Safepoint "Cleanup", Time since last: 2000155533 ns, Reaching safepoint: 47500 ns, At safepoint: 37401 ns, Total: 84901 ns
[391.984s][info ][safepoint      ] Safepoint "Cleanup", Time since last: 2000170034 ns, Reaching safepoint: 52301 ns, At safepoint: 6200 ns, Total: 58501 ns
[394.984s][info ][safepoint      ] Safepoint "Cleanup", Time since last: 3000263553 ns, Reaching safepoint: 45001 ns, At safepoint: 3000 ns, Total: 48001 ns
[395.984s][info ][safepoint      ] Safepoint "Cleanup", Time since last: 1000110718 ns, Reaching safepoint: 59501 ns, At safepoint: 5300 ns, Total: 64801 ns
[397.468s][info ][safepoint      ] Safepoint "Cleanup", Time since last: 1483494970 ns, Reaching safepoint: 65501 ns, At safepoint: 6100 ns, Total: 71601 ns
[401.468s][info ][safepoint      ] Safepoint "Cleanup", Time since last: 4000324276 ns, Reaching safepoint: 57501 ns, At safepoint: 4000 ns, Total: 61501 ns
[403.468s][info ][safepoint      ] Safepoint "Cleanup", Time since last: 2000194840 ns, Reaching safepoint: 64501 ns, At safepoint: 11700 ns, Total: 76201 ns
[404.469s][info ][safepoint      ] Safepoint "Cleanup", Time since last: 1000113820 ns, Reaching safepoint: 65002 ns, At safepoint: 9100 ns, Total: 74102 ns
[405.469s][info ][safepoint      ] Safepoint "Cleanup", Time since last: 1000123521 ns, Reaching safepoint: 58101 ns, At safepoint: 9600 ns, Total: 67701 ns
[406.469s][info ][safepoint      ] Safepoint "Cleanup", Time since last: 1000111421 ns, Reaching safepoint: 45301 ns, At safepoint: 4300 ns, Total: 49601 ns
[407.469s][info ][safepoint      ] Safepoint "Cleanup", Time since last: 1000127021 ns, Reaching safepoint: 126503 ns, At safepoint: 8300 ns, Total: 134803 ns
[408.470s][info ][safepoint      ] Safepoint "Cleanup", Time since last: 1000292024 ns, Reaching safepoint: 45901 ns, At safepoint: 3200 ns, Total: 49101 ns
[411.470s][info ][safepoint      ] Safepoint "Cleanup", Time since last: 3000287865 ns, Reaching safepoint: 49701 ns, At safepoint: 5900 ns, Total: 55601 ns
[412.933s][info ][safepoint      ] Safepoint "Cleanup", Time since last: 1462499786 ns, Reaching safepoint: 71601 ns, At safepoint: 48501 ns, Total: 120102 ns
[413.933s][info ][safepoint      ] Safepoint "Cleanup", Time since last: 1000128523 ns, Reaching safepoint: 43401 ns, At safepoint: 5100 ns, Total: 48501 ns
[416.933s][info ][safepoint      ] Safepoint "Cleanup", Time since last: 3000259068 ns, Reaching safepoint: 52401 ns, At safepoint: 2900 ns, Total: 55301 ns
[418.933s][info ][safepoint      ] Safepoint "Cleanup", Time since last: 2000192446 ns, Reaching safepoint: 75902 ns, At safepoint: 11000 ns, Total: 86902 ns
[424.934s][info ][safepoint      ] Safepoint "Cleanup", Time since last: 6000409642 ns, Reaching safepoint: 58301 ns, At safepoint: 9301 ns, Total: 67602 ns
[427.501s][info ][gc,start       ] GC(112) Pause Young (Allocation Failure)
[427.526s][debug][gc,phases      ] GC(112) Scavenge 24.798ms
[427.526s][debug][gc,ref         ] GC(112) Skipped phase 1 of Reference Processing: no references
[427.526s][debug][gc,ref         ] GC(112) ReferenceProcessor::execute queues: 1, RefProcThreadModel::Single, marks_oops_alive: false
[427.526s][debug][gc,ref         ] GC(112) Skipped phase 3 of Reference Processing: no references
[427.526s][debug][gc,ref         ] GC(112) ReferenceProcessor::execute queues: 1, RefProcThreadModel::Single, marks_oops_alive: false
[427.526s][debug][gc,phases      ] GC(112) Reference Processing 0.162ms
[427.526s][debug][gc,phases      ] GC(112)   VM Weak                        Min:  0.0, Avg:  0.0, Max:  0.0, Diff:  0.0, Sum:  0.0, Workers: 4
[427.526s][debug][gc,phases      ] GC(112)     Dead                           Min: 0, Avg:  0.0, Max: 0, Diff: 0, Sum: 0, Workers: 4
[427.526s][debug][gc,phases      ] GC(112)     Total                          Min: 0, Avg: 172.0, Max: 624, Diff: 624, Sum: 688, Workers: 4
[427.526s][debug][gc,phases      ] GC(112)   ObjectSynchronizer Weak        Min:  0.0, Avg:  0.0, Max:  0.0, Diff:  0.0, Sum:  0.0, Workers: 4
[427.526s][debug][gc,phases      ] GC(112)     Dead                           Min: 0, Avg:  0.0, Max: 0, Diff: 0, Sum: 0, Workers: 4
[427.526s][debug][gc,phases      ] GC(112)     Total                          Min: 0, Avg: 98.2, Max: 192, Diff: 192, Sum: 393, Workers: 4
[427.526s][debug][gc,phases      ] GC(112)   JVMTI Tag Weak OopStorage      Min:  0.0, Avg:  0.0, Max:  0.0, Diff:  0.0, Sum:  0.0, Workers: 4
[427.526s][debug][gc,phases      ] GC(112)     Dead                           Min: 0, Avg:  0.0, Max: 0, Diff: 0, Sum: 0, Workers: 4
[427.526s][debug][gc,phases      ] GC(112)     Total                          Min: 0, Avg:  0.0, Max: 0, Diff: 0, Sum: 0, Workers: 4
[427.526s][debug][gc,phases      ] GC(112)   StringTable Weak               Min:  0.1, Avg:  0.1, Max:  0.1, Diff:  0.0, Sum:  0.5, Workers: 4
[427.526s][debug][gc,phases      ] GC(112)     Dead                           Min: 0, Avg:  0.0, Max: 0, Diff: 0, Sum: 0, Workers: 4
[427.526s][debug][gc,phases      ] GC(112)     Total                          Min: 11072, Avg: 11986.0, Max: 13376, Diff: 2304, Sum: 47944, Workers: 4
[427.526s][debug][gc,phases      ] GC(112)   ResolvedMethodTable Weak       Min:  0.0, Avg:  0.0, Max:  0.0, Diff:  0.0, Sum:  0.1, Workers: 4
[427.526s][debug][gc,phases      ] GC(112)     Dead                           Min: 0, Avg:  0.0, Max: 0, Diff: 0, Sum: 0, Workers: 4
[427.526s][debug][gc,phases      ] GC(112)     Total                          Min: 1793, Avg: 1989.5, Max: 2209, Diff: 416, Sum: 7958, Workers: 4
[427.526s][debug][gc,phases      ] GC(112)   JNI Weak                       Min:  0.0, Avg:  0.0, Max:  0.0, Diff:  0.0, Sum:  0.0, Workers: 4
[427.526s][debug][gc,phases      ] GC(112)     Dead                           Min: 0, Avg:  0.0, Max: 0, Diff: 0, Sum: 0, Workers: 4
[427.526s][debug][gc,phases      ] GC(112)     Total                          Min: 0, Avg:  0.0, Max: 0, Diff: 0, Sum: 0, Workers: 4
[427.526s][debug][gc,phases      ] GC(112)   StringDedup Table Weak         Min:  0.0, Avg:  0.0, Max:  0.0, Diff:  0.0, Sum:  0.0, Workers: 4
[427.526s][debug][gc,phases      ] GC(112)     Dead                           Min: 0, Avg:  0.0, Max: 0, Diff: 0, Sum: 0, Workers: 4
[427.526s][debug][gc,phases      ] GC(112)     Total                          Min: 0, Avg:  0.0, Max: 0, Diff: 0, Sum: 0, Workers: 4
[427.526s][debug][gc,phases      ] GC(112)   StringDedup Requests0 Weak     Min:  0.0, Avg:  0.0, Max:  0.0, Diff:  0.0, Sum:  0.0, Workers: 4
[427.526s][debug][gc,phases      ] GC(112)     Dead                           Min: 0, Avg:  0.0, Max: 0, Diff: 0, Sum: 0, Workers: 4
[427.526s][debug][gc,phases      ] GC(112)     Total                          Min: 0, Avg:  0.0, Max: 0, Diff: 0, Sum: 0, Workers: 4
[427.526s][debug][gc,phases      ] GC(112)   StringDedup Requests1 Weak     Min:  0.0, Avg:  0.0, Max:  0.0, Diff:  0.0, Sum:  0.0, Workers: 4
[427.526s][debug][gc,phases      ] GC(112)     Dead                           Min: 0, Avg:  0.0, Max: 0, Diff: 0, Sum: 0, Workers: 4
[427.526s][debug][gc,phases      ] GC(112)     Total                          Min: 0, Avg:  0.0, Max: 0, Diff: 0, Sum: 0, Workers: 4
[427.526s][debug][gc,phases      ] GC(112)   Weak JFR Old Object Samples    Min:  0.0, Avg:  0.0, Max:  0.0, Diff:  0.0, Sum:  0.0, Workers: 4
[427.526s][debug][gc,phases      ] GC(112)     Dead                           Min: 0, Avg:  0.0, Max: 0, Diff: 0, Sum: 0, Workers: 4
[427.526s][debug][gc,phases      ] GC(112)     Total                          Min: 0, Avg:  0.0, Max: 0, Diff: 0, Sum: 0, Workers: 4
[427.526s][debug][gc,phases      ] GC(112) Weak Processing 0.375ms
[427.526s][debug][gc,age         ] GC(112) Desired survivor size 139460608 bytes, new threshold 15 (max threshold 15)
[427.526s][info ][gc,heap        ] GC(112) PSYoungGen: 1919792K(1920000K)->83952K(1960960K) Eden: 1828864K(1828864K)->0K(1824256K) From: 90928K(91136K)->83952K(136704K)
[427.526s][info ][gc,heap        ] GC(112) ParOldGen: 466754K(539136K)->473862K(539136K)
[427.526s][info ][gc,metaspace   ] GC(112) Metaspace: 82427K(83264K)->82427K(83264K) NonClass: 70841K(71296K)->70841K(71296K) Class: 11586K(11968K)->11586K(11968K)
[427.526s][info ][gc             ] GC(112) Pause Young (Allocation Failure) 2330M->544M(2441M) 25.486ms
[427.526s][info ][gc,cpu         ] GC(112) User=0.10s Sys=0.00s Real=0.02s
[427.526s][info ][safepoint      ] Safepoint "ParallelGCFailedAllocation", Time since last: 2566850346 ns, Reaching safepoint: 48101 ns, At safepoint: 25574874 ns, Total: 25622975 ns
[430.527s][info ][safepoint      ] Safepoint "Cleanup", Time since last: 3000240776 ns, Reaching safepoint: 123903 ns, At safepoint: 11100 ns, Total: 135003 ns
[431.527s][info ][safepoint      ] Safepoint "Cleanup", Time since last: 1000112526 ns, Reaching safepoint: 121503 ns, At safepoint: 9100 ns, Total: 130603 ns
[434.527s][info ][safepoint      ] Safepoint "Cleanup", Time since last: 3000243379 ns, Reaching safepoint: 125102 ns, At safepoint: 10600 ns, Total: 135702 ns
[435.528s][info ][safepoint      ] Safepoint "Cleanup", Time since last: 1000125928 ns, Reaching safepoint: 135003 ns, At safepoint: 7200 ns, Total: 142203 ns
[437.528s][info ][safepoint      ] Safepoint "Cleanup", Time since last: 2000198755 ns, Reaching safepoint: 129302 ns, At safepoint: 10100 ns, Total: 139402 ns
[439.528s][info ][safepoint      ] Safepoint "Cleanup", Time since last: 2000182056 ns, Reaching safepoint: 126402 ns, At safepoint: 8400 ns, Total: 134802 ns
[440.528s][info ][safepoint      ] Safepoint "Cleanup", Time since last: 1000112829 ns, Reaching safepoint: 117202 ns, At safepoint: 5600 ns, Total: 122802 ns
[441.529s][info ][safepoint      ] Safepoint "Cleanup", Time since last: 1000117729 ns, Reaching safepoint: 114502 ns, At safepoint: 8700 ns, Total: 123202 ns
[442.529s][info ][safepoint      ] Safepoint "Cleanup", Time since last: 1000109229 ns, Reaching safepoint: 119802 ns, At safepoint: 6800 ns, Total: 126602 ns
[443.529s][info ][safepoint      ] Safepoint "Cleanup", Time since last: 1000113229 ns, Reaching safepoint: 133603 ns, At safepoint: 8500 ns, Total: 142103 ns
[444.529s][info ][safepoint      ] Safepoint "Cleanup", Time since last: 1000130830 ns, Reaching safepoint: 122602 ns, At safepoint: 8900 ns, Total: 131502 ns
[445.530s][info ][safepoint      ] Safepoint "Cleanup", Time since last: 1000122830 ns, Reaching safepoint: 112202 ns, At safepoint: 8200 ns, Total: 120402 ns
[446.530s][info ][safepoint      ] Safepoint "Cleanup", Time since last: 1000105730 ns, Reaching safepoint: 118602 ns, At safepoint: 8600 ns, Total: 127202 ns
[448.530s][info ][safepoint      ] Safepoint "Cleanup", Time since last: 2000171859 ns, Reaching safepoint: 113602 ns, At safepoint: 9100 ns, Total: 122702 ns
[449.530s][info ][safepoint      ] Safepoint "Cleanup", Time since last: 1000113931 ns, Reaching safepoint: 129002 ns, At safepoint: 10700 ns, Total: 139702 ns
[450.531s][info ][safepoint      ] Safepoint "Cleanup", Time since last: 1000125431 ns, Reaching safepoint: 126902 ns, At safepoint: 7101 ns, Total: 134003 ns
[451.531s][info ][safepoint      ] Safepoint "Cleanup", Time since last: 1000113730 ns, Reaching safepoint: 117703 ns, At safepoint: 6800 ns, Total: 124503 ns
[452.531s][info ][safepoint      ] Safepoint "Cleanup", Time since last: 1000110131 ns, Reaching safepoint: 70901 ns, At safepoint: 9900 ns, Total: 80801 ns
[455.532s][info ][safepoint      ] Safepoint "Cleanup", Time since last: 3000264293 ns, Reaching safepoint: 122502 ns, At safepoint: 9500 ns, Total: 132002 ns
[456.532s][info ][safepoint      ] Safepoint "Cleanup", Time since last: 1000118532 ns, Reaching safepoint: 54301 ns, At safepoint: 7901 ns, Total: 62202 ns
[457.532s][info ][safepoint      ] Safepoint "Cleanup", Time since last: 1000115032 ns, Reaching safepoint: 59201 ns, At safepoint: 9400 ns, Total: 68601 ns
[458.532s][info ][safepoint      ] Safepoint "Cleanup", Time since last: 1000070031 ns, Reaching safepoint: 59501 ns, At safepoint: 4901 ns, Total: 64402 ns
[460.532s][info ][safepoint      ] Safepoint "Cleanup", Time since last: 2000181364 ns, Reaching safepoint: 122802 ns, At safepoint: 6800 ns, Total: 129602 ns
[461.533s][info ][safepoint      ] Safepoint "Cleanup", Time since last: 1000093533 ns, Reaching safepoint: 54101 ns, At safepoint: 7600 ns, Total: 61701 ns
[462.533s][info ][safepoint      ] Safepoint "Cleanup", Time since last: 1000103333 ns, Reaching safepoint: 53301 ns, At safepoint: 9300 ns, Total: 62601 ns
[463.533s][info ][safepoint      ] Safepoint "Cleanup", Time since last: 1000086933 ns, Reaching safepoint: 48501 ns, At safepoint: 10800 ns, Total: 59301 ns
[464.533s][info ][safepoint      ] Safepoint "Cleanup", Time since last: 1000108933 ns, Reaching safepoint: 65101 ns, At safepoint: 12501 ns, Total: 77602 ns
[466.533s][info ][safepoint      ] Safepoint "Cleanup", Time since last: 2000190967 ns, Reaching safepoint: 53801 ns, At safepoint: 3300 ns, Total: 57101 ns
[467.533s][info ][safepoint      ] Safepoint "Cleanup", Time since last: 1000104134 ns, Reaching safepoint: 50201 ns, At safepoint: 2800 ns, Total: 53001 ns
[474.534s][info ][safepoint      ] Safepoint "Cleanup", Time since last: 7000522939 ns, Reaching safepoint: 51801 ns, At safepoint: 8300 ns, Total: 60101 ns
[477.534s][info ][safepoint      ] Safepoint "Cleanup", Time since last: 3000254006 ns, Reaching safepoint: 50001 ns, At safepoint: 10300 ns, Total: 60301 ns
[484.535s][info ][safepoint      ] Safepoint "Cleanup", Time since last: 7000528254 ns, Reaching safepoint: 51000 ns, At safepoint: 9801 ns, Total: 60801 ns
[485.535s][info ][safepoint      ] Safepoint "Cleanup", Time since last: 1000114237 ns, Reaching safepoint: 47301 ns, At safepoint: 2700 ns, Total: 50001 ns
[486.535s][info ][safepoint      ] Safepoint "Cleanup", Time since last: 1000110338 ns, Reaching safepoint: 31101 ns, At safepoint: 3800 ns, Total: 34901 ns
[487.535s][info ][safepoint      ] Safepoint "Cleanup", Time since last: 1000116238 ns, Reaching safepoint: 45701 ns, At safepoint: 6900 ns, Total: 52601 ns
[488.536s][info ][safepoint      ] Safepoint "Cleanup", Time since last: 1000110638 ns, Reaching safepoint: 30801 ns, At safepoint: 3000 ns, Total: 33801 ns
[489.536s][info ][safepoint      ] Safepoint "Cleanup", Time since last: 1000105638 ns, Reaching safepoint: 67001 ns, At safepoint: 11300 ns, Total: 78301 ns
[493.536s][info ][safepoint      ] Safepoint "Cleanup", Time since last: 4000312554 ns, Reaching safepoint: 54201 ns, At safepoint: 11900 ns, Total: 66101 ns
[494.536s][info ][safepoint      ] Safepoint "Cleanup", Time since last: 1000112039 ns, Reaching safepoint: 46301 ns, At safepoint: 5300 ns, Total: 51601 ns
[498.537s][info ][safepoint      ] Safepoint "Cleanup", Time since last: 4000297257 ns, Reaching safepoint: 44201 ns, At safepoint: 3800 ns, Total: 48001 ns
[500.537s][info ][safepoint      ] Safepoint "Cleanup", Time since last: 2000175680 ns, Reaching safepoint: 56701 ns, At safepoint: 4300 ns, Total: 61001 ns
[501.537s][info ][safepoint      ] Safepoint "Cleanup", Time since last: 1000110241 ns, Reaching safepoint: 74401 ns, At safepoint: 11700 ns, Total: 86101 ns
[502.537s][info ][safepoint      ] Safepoint "Cleanup", Time since last: 1000108141 ns, Reaching safepoint: 74301 ns, At safepoint: 18301 ns, Total: 92602 ns
[504.537s][info ][safepoint      ] Safepoint "Cleanup", Time since last: 2000181081 ns, Reaching safepoint: 50101 ns, At safepoint: 6100 ns, Total: 56201 ns
[506.538s][info ][safepoint      ] Safepoint "Cleanup", Time since last: 2000177583 ns, Reaching safepoint: 50201 ns, At safepoint: 4200 ns, Total: 54401 ns
[507.538s][info ][safepoint      ] Safepoint "Cleanup", Time since last: 1000112942 ns, Reaching safepoint: 54201 ns, At safepoint: 7800 ns, Total: 62001 ns
[508.538s][info ][safepoint      ] Safepoint "Cleanup", Time since last: 1000109742 ns, Reaching safepoint: 40101 ns, At safepoint: 4000 ns, Total: 44101 ns
[510.538s][info ][safepoint      ] Safepoint "Cleanup", Time since last: 2000172983 ns, Reaching safepoint: 44401 ns, At safepoint: 3500 ns, Total: 47901 ns
[510.618s][info ][gc,start       ] GC(113) Pause Young (Allocation Failure)
[510.638s][debug][gc,phases      ] GC(113) Scavenge 20.591ms
[510.638s][debug][gc,ref         ] GC(113) Skipped phase 1 of Reference Processing: no references
[510.639s][debug][gc,ref         ] GC(113) ReferenceProcessor::execute queues: 1, RefProcThreadModel::Single, marks_oops_alive: false
[510.639s][debug][gc,ref         ] GC(113) Skipped phase 3 of Reference Processing: no references
[510.639s][debug][gc,ref         ] GC(113) ReferenceProcessor::execute queues: 1, RefProcThreadModel::Single, marks_oops_alive: false
[510.639s][debug][gc,phases      ] GC(113) Reference Processing 0.212ms
[510.639s][debug][gc,phases      ] GC(113)   VM Weak                        Min:  0.0, Avg:  0.0, Max:  0.0, Diff:  0.0, Sum:  0.0, Workers: 4
[510.639s][debug][gc,phases      ] GC(113)     Dead                           Min: 0, Avg:  0.0, Max: 0, Diff: 0, Sum: 0, Workers: 4
[510.639s][debug][gc,phases      ] GC(113)     Total                          Min: 0, Avg: 173.0, Max: 384, Diff: 384, Sum: 692, Workers: 4
[510.639s][debug][gc,phases      ] GC(113)   ObjectSynchronizer Weak        Min:  0.0, Avg:  0.0, Max:  0.0, Diff:  0.0, Sum:  0.0, Workers: 4
[510.639s][debug][gc,phases      ] GC(113)     Dead                           Min: 0, Avg:  0.0, Max: 0, Diff: 0, Sum: 0, Workers: 4
[510.639s][debug][gc,phases      ] GC(113)     Total                          Min: 0, Avg: 98.2, Max: 201, Diff: 201, Sum: 393, Workers: 4
[510.639s][debug][gc,phases      ] GC(113)   JVMTI Tag Weak OopStorage      Min:  0.0, Avg:  0.0, Max:  0.0, Diff:  0.0, Sum:  0.0, Workers: 4
[510.639s][debug][gc,phases      ] GC(113)     Dead                           Min: 0, Avg:  0.0, Max: 0, Diff: 0, Sum: 0, Workers: 4
[510.639s][debug][gc,phases      ] GC(113)     Total                          Min: 0, Avg:  0.0, Max: 0, Diff: 0, Sum: 0, Workers: 4
[510.639s][debug][gc,phases      ] GC(113)   StringTable Weak               Min:  0.1, Avg:  0.1, Max:  0.1, Diff:  0.0, Sum:  0.6, Workers: 4
[510.639s][debug][gc,phases      ] GC(113)     Dead                           Min: 0, Avg:  0.0, Max: 0, Diff: 0, Sum: 0, Workers: 4
[510.639s][debug][gc,phases      ] GC(113)     Total                          Min: 11584, Avg: 11988.5, Max: 12498, Diff: 914, Sum: 47954, Workers: 4
[510.639s][debug][gc,phases      ] GC(113)   ResolvedMethodTable Weak       Min:  0.0, Avg:  0.0, Max:  0.0, Diff:  0.0, Sum:  0.1, Workers: 4
[510.639s][debug][gc,phases      ] GC(113)     Dead                           Min: 0, Avg:  0.0, Max: 0, Diff: 0, Sum: 0, Workers: 4
[510.639s][debug][gc,phases      ] GC(113)     Total                          Min: 1804, Avg: 1992.5, Max: 2211, Diff: 407, Sum: 7970, Workers: 4
[510.639s][debug][gc,phases      ] GC(113)   JNI Weak                       Min:  0.0, Avg:  0.0, Max:  0.0, Diff:  0.0, Sum:  0.0, Workers: 4
[510.639s][debug][gc,phases      ] GC(113)     Dead                           Min: 0, Avg:  0.0, Max: 0, Diff: 0, Sum: 0, Workers: 4
[510.639s][debug][gc,phases      ] GC(113)     Total                          Min: 0, Avg:  0.0, Max: 0, Diff: 0, Sum: 0, Workers: 4
[510.639s][debug][gc,phases      ] GC(113)   StringDedup Table Weak         Min:  0.0, Avg:  0.0, Max:  0.0, Diff:  0.0, Sum:  0.0, Workers: 4
[510.639s][debug][gc,phases      ] GC(113)     Dead                           Min: 0, Avg:  0.0, Max: 0, Diff: 0, Sum: 0, Workers: 4
[510.639s][debug][gc,phases      ] GC(113)     Total                          Min: 0, Avg:  0.0, Max: 0, Diff: 0, Sum: 0, Workers: 4
[510.639s][debug][gc,phases      ] GC(113)   StringDedup Requests0 Weak     Min:  0.0, Avg:  0.0, Max:  0.0, Diff:  0.0, Sum:  0.0, Workers: 4
[510.639s][debug][gc,phases      ] GC(113)     Dead                           Min: 0, Avg:  0.0, Max: 0, Diff: 0, Sum: 0, Workers: 4
[510.639s][debug][gc,phases      ] GC(113)     Total                          Min: 0, Avg:  0.0, Max: 0, Diff: 0, Sum: 0, Workers: 4
[510.639s][debug][gc,phases      ] GC(113)   StringDedup Requests1 Weak     Min:  0.0, Avg:  0.0, Max:  0.0, Diff:  0.0, Sum:  0.0, Workers: 4
[510.639s][debug][gc,phases      ] GC(113)     Dead                           Min: 0, Avg:  0.0, Max: 0, Diff: 0, Sum: 0, Workers: 4
[510.639s][debug][gc,phases      ] GC(113)     Total                          Min: 0, Avg:  0.0, Max: 0, Diff: 0, Sum: 0, Workers: 4
[510.639s][debug][gc,phases      ] GC(113)   Weak JFR Old Object Samples    Min:  0.0, Avg:  0.0, Max:  0.0, Diff:  0.0, Sum:  0.0, Workers: 4
[510.639s][debug][gc,phases      ] GC(113)     Dead                           Min: 0, Avg:  0.0, Max: 0, Diff: 0, Sum: 0, Workers: 4
[510.639s][debug][gc,phases      ] GC(113)     Total                          Min: 0, Avg:  0.0, Max: 0, Diff: 0, Sum: 0, Workers: 4
[510.639s][debug][gc,phases      ] GC(113) Weak Processing 0.379ms
[510.639s][debug][gc,age         ] GC(113) Desired survivor size 136314880 bytes, new threshold 15 (max threshold 15)
[510.639s][info ][gc,heap        ] GC(113) PSYoungGen: 1908208K(1960960K)->80128K(1960448K) Eden: 1824256K(1824256K)->0K(1824256K) From: 83952K(136704K)->80128K(136192K)
[510.639s][info ][gc,heap        ] GC(113) ParOldGen: 473862K(539136K)->478934K(539136K)
[510.639s][info ][gc,metaspace   ] GC(113) Metaspace: 82512K(83328K)->82512K(83328K) NonClass: 70922K(71360K)->70922K(71360K) Class: 11589K(11968K)->11589K(11968K)
[510.639s][info ][gc             ] GC(113) Pause Young (Allocation Failure) 2326M->545M(2441M) 21.340ms
[510.639s][info ][gc,cpu         ] GC(113) User=0.08s Sys=0.00s Real=0.02s
[510.639s][info ][safepoint      ] Safepoint "ParallelGCFailedAllocation", Time since last: 79398472 ns, Reaching safepoint: 33901 ns, At safepoint: 21435197 ns, Total: 21469098 ns
[517.640s][info ][safepoint      ] Safepoint "Cleanup", Time since last: 7000489697 ns, Reaching safepoint: 47901 ns, At safepoint: 3200 ns, Total: 51101 ns
[520.640s][info ][safepoint      ] Safepoint "Cleanup", Time since last: 3000260431 ns, Reaching safepoint: 66201 ns, At safepoint: 10600 ns, Total: 76801 ns
[521.640s][info ][safepoint      ] Safepoint "Cleanup", Time since last: 1000115145 ns, Reaching safepoint: 36401 ns, At safepoint: 7900 ns, Total: 44301 ns
[522.640s][info ][safepoint      ] Safepoint "Cleanup", Time since last: 1000110844 ns, Reaching safepoint: 50901 ns, At safepoint: 6100 ns, Total: 57001 ns
[542.642s][info ][safepoint      ] Safepoint "Cleanup", Time since last: 20001391716 ns, Reaching safepoint: 51100 ns, At safepoint: 4001 ns, Total: 55101 ns
[543.642s][info ][safepoint      ] Safepoint "Cleanup", Time since last: 1000123548 ns, Reaching safepoint: 57001 ns, At safepoint: 7200 ns, Total: 64201 ns
[548.642s][info ][safepoint      ] Safepoint "Cleanup", Time since last: 5000368241 ns, Reaching safepoint: 51501 ns, At safepoint: 8700 ns, Total: 60201 ns
[549.643s][info ][safepoint      ] Safepoint "Cleanup", Time since last: 1000116350 ns, Reaching safepoint: 53501 ns, At safepoint: 2500 ns, Total: 56001 ns
[550.643s][info ][safepoint      ] Safepoint "Cleanup", Time since last: 1000108950 ns, Reaching safepoint: 84701 ns, At safepoint: 9900 ns, Total: 94601 ns
[551.643s][info ][safepoint      ] Safepoint "Cleanup", Time since last: 1000115250 ns, Reaching safepoint: 43401 ns, At safepoint: 3000 ns, Total: 46401 ns
[553.643s][info ][safepoint      ] Safepoint "Cleanup", Time since last: 2000177399 ns, Reaching safepoint: 50601 ns, At safepoint: 6700 ns, Total: 57301 ns
[554.643s][info ][safepoint      ] Safepoint "Cleanup", Time since last: 1000111351 ns, Reaching safepoint: 47000 ns, At safepoint: 5801 ns, Total: 52801 ns
[556.644s][info ][safepoint      ] Safepoint "Cleanup", Time since last: 2000179500 ns, Reaching safepoint: 50301 ns, At safepoint: 3100 ns, Total: 53401 ns
[562.644s][info ][safepoint      ] Safepoint "Cleanup", Time since last: 6000458803 ns, Reaching safepoint: 44901 ns, At safepoint: 3500 ns, Total: 48401 ns
[565.644s][info ][safepoint      ] Safepoint "Cleanup", Time since last: 3000250655 ns, Reaching safepoint: 66901 ns, At safepoint: 7700 ns, Total: 74601 ns
[566.647s][info ][safepoint      ] Safepoint "Cleanup", Time since last: 1002436395 ns, Reaching safepoint: 476609 ns, At safepoint: 8200 ns, Total: 484809 ns
[570.648s][info ][safepoint      ] Safepoint "Cleanup", Time since last: 4000289308 ns, Reaching safepoint: 62002 ns, At safepoint: 10200 ns, Total: 72202 ns
[571.648s][info ][safepoint      ] Safepoint "Cleanup", Time since last: 1000114953 ns, Reaching safepoint: 44501 ns, At safepoint: 10300 ns, Total: 54801 ns
[572.648s][info ][safepoint      ] Safepoint "Cleanup", Time since last: 1000113953 ns, Reaching safepoint: 50901 ns, At safepoint: 6700 ns, Total: 57601 ns
[573.648s][info ][safepoint      ] Safepoint "Cleanup", Time since last: 1000106854 ns, Reaching safepoint: 50301 ns, At safepoint: 25500 ns, Total: 75801 ns
[583.649s][info ][safepoint      ] Safepoint "Cleanup", Time since last: 10000715136 ns, Reaching safepoint: 51601 ns, At safepoint: 7801 ns, Total: 59402 ns
[585.649s][info ][safepoint      ] Safepoint "Cleanup", Time since last: 2000178909 ns, Reaching safepoint: 46401 ns, At safepoint: 4300 ns, Total: 50701 ns
[586.649s][info ][safepoint      ] Safepoint "Cleanup", Time since last: 1000106256 ns, Reaching safepoint: 48201 ns, At safepoint: 6000 ns, Total: 54201 ns
[588.650s][info ][safepoint      ] Safepoint "Cleanup", Time since last: 2000171711 ns, Reaching safepoint: 52301 ns, At safepoint: 6100 ns, Total: 58401 ns
[589.650s][info ][safepoint      ] Safepoint "Cleanup", Time since last: 1000094755 ns, Reaching safepoint: 61502 ns, At safepoint: 5700 ns, Total: 67202 ns
[590.650s][info ][safepoint      ] Safepoint "Cleanup", Time since last: 1000074455 ns, Reaching safepoint: 44601 ns, At safepoint: 6300 ns, Total: 50901 ns
[591.650s][info ][safepoint      ] Safepoint "Cleanup", Time since last: 1000107856 ns, Reaching safepoint: 51701 ns, At safepoint: 6401 ns, Total: 58102 ns
[592.650s][info ][safepoint      ] Safepoint "Cleanup", Time since last: 1000102556 ns, Reaching safepoint: 41301 ns, At safepoint: 2800 ns, Total: 44101 ns
[593.650s][info ][safepoint      ] Safepoint "Cleanup", Time since last: 1000086656 ns, Reaching safepoint: 46201 ns, At safepoint: 4100 ns, Total: 50301 ns
[594.650s][info ][safepoint      ] Safepoint "Cleanup", Time since last: 1000114557 ns, Reaching safepoint: 43001 ns, At safepoint: 8600 ns, Total: 51601 ns
[595.651s][info ][safepoint      ] Safepoint "Cleanup", Time since last: 1000113257 ns, Reaching safepoint: 46001 ns, At safepoint: 3200 ns, Total: 49201 ns
[598.651s][info ][safepoint      ] Safepoint "Cleanup", Time since last: 3000260470 ns, Reaching safepoint: 48001 ns, At safepoint: 8000 ns, Total: 56001 ns
[600.651s][info ][safepoint      ] Safepoint "Cleanup", Time since last: 2000183615 ns, Reaching safepoint: 46301 ns, At safepoint: 6300 ns, Total: 52601 ns
[601.478s][info ][gc,start       ] GC(114) Pause Young (Allocation Failure)
[601.497s][debug][gc,phases      ] GC(114) Scavenge 18.646ms
[601.497s][debug][gc,ref         ] GC(114) Skipped phase 1 of Reference Processing: no references
[601.497s][debug][gc,ref         ] GC(114) ReferenceProcessor::execute queues: 1, RefProcThreadModel::Single, marks_oops_alive: false
[601.497s][debug][gc,ref         ] GC(114) Skipped phase 3 of Reference Processing: no references
[601.497s][debug][gc,ref         ] GC(114) ReferenceProcessor::execute queues: 1, RefProcThreadModel::Single, marks_oops_alive: false
[601.497s][debug][gc,phases      ] GC(114) Reference Processing 0.158ms
[601.497s][debug][gc,phases      ] GC(114)   VM Weak                        Min:  0.0, Avg:  0.0, Max:  0.0, Diff:  0.0, Sum:  0.0, Workers: 4
[601.497s][debug][gc,phases      ] GC(114)     Dead                           Min: 0, Avg:  0.0, Max: 0, Diff: 0, Sum: 0, Workers: 4
[601.497s][debug][gc,phases      ] GC(114)     Total                          Min: 0, Avg: 173.0, Max: 692, Diff: 692, Sum: 692, Workers: 4
[601.497s][debug][gc,phases      ] GC(114)   ObjectSynchronizer Weak        Min:  0.0, Avg:  0.0, Max:  0.0, Diff:  0.0, Sum:  0.0, Workers: 4
[601.497s][debug][gc,phases      ] GC(114)     Dead                           Min: 0, Avg:  0.0, Max: 0, Diff: 0, Sum: 0, Workers: 4
[601.497s][debug][gc,phases      ] GC(114)     Total                          Min: 0, Avg: 98.2, Max: 393, Diff: 393, Sum: 393, Workers: 4
[601.497s][debug][gc,phases      ] GC(114)   JVMTI Tag Weak OopStorage      Min:  0.0, Avg:  0.0, Max:  0.0, Diff:  0.0, Sum:  0.0, Workers: 4
[601.497s][debug][gc,phases      ] GC(114)     Dead                           Min: 0, Avg:  0.0, Max: 0, Diff: 0, Sum: 0, Workers: 4
[601.497s][debug][gc,phases      ] GC(114)     Total                          Min: 0, Avg:  0.0, Max: 0, Diff: 0, Sum: 0, Workers: 4
[601.497s][debug][gc,phases      ] GC(114)   StringTable Weak               Min:  0.1, Avg:  0.1, Max:  0.1, Diff:  0.0, Sum:  0.5, Workers: 4
[601.497s][debug][gc,phases      ] GC(114)     Dead                           Min: 0, Avg:  0.0, Max: 0, Diff: 0, Sum: 0, Workers: 4
[601.497s][debug][gc,phases      ] GC(114)     Total                          Min: 11392, Avg: 11999.8, Max: 13119, Diff: 1727, Sum: 47999, Workers: 4
[601.497s][debug][gc,phases      ] GC(114)   ResolvedMethodTable Weak       Min:  0.0, Avg:  0.0, Max:  0.0, Diff:  0.0, Sum:  0.1, Workers: 4
[601.497s][debug][gc,phases      ] GC(114)     Dead                           Min: 0, Avg:  4.0, Max: 16, Diff: 16, Sum: 16, Workers: 4
[601.497s][debug][gc,phases      ] GC(114)     Total                          Min: 1869, Avg: 1995.2, Max: 2272, Diff: 403, Sum: 7981, Workers: 4
[601.497s][debug][gc,phases      ] GC(114)   JNI Weak                       Min:  0.0, Avg:  0.0, Max:  0.0, Diff:  0.0, Sum:  0.0, Workers: 4
[601.497s][debug][gc,phases      ] GC(114)     Dead                           Min: 0, Avg:  0.0, Max: 0, Diff: 0, Sum: 0, Workers: 4
[601.497s][debug][gc,phases      ] GC(114)     Total                          Min: 0, Avg:  0.0, Max: 0, Diff: 0, Sum: 0, Workers: 4
[601.497s][debug][gc,phases      ] GC(114)   StringDedup Table Weak         Min:  0.0, Avg:  0.0, Max:  0.0, Diff:  0.0, Sum:  0.0, Workers: 4
[601.497s][debug][gc,phases      ] GC(114)     Dead                           Min: 0, Avg:  0.0, Max: 0, Diff: 0, Sum: 0, Workers: 4
[601.497s][debug][gc,phases      ] GC(114)     Total                          Min: 0, Avg:  0.0, Max: 0, Diff: 0, Sum: 0, Workers: 4
[601.497s][debug][gc,phases      ] GC(114)   StringDedup Requests0 Weak     Min:  0.0, Avg:  0.0, Max:  0.0, Diff:  0.0, Sum:  0.0, Workers: 4
[601.497s][debug][gc,phases      ] GC(114)     Dead                           Min: 0, Avg:  0.0, Max: 0, Diff: 0, Sum: 0, Workers: 4
[601.497s][debug][gc,phases      ] GC(114)     Total                          Min: 0, Avg:  0.0, Max: 0, Diff: 0, Sum: 0, Workers: 4
[601.497s][debug][gc,phases      ] GC(114)   StringDedup Requests1 Weak     Min:  0.0, Avg:  0.0, Max:  0.0, Diff:  0.0, Sum:  0.0, Workers: 4
[601.497s][debug][gc,phases      ] GC(114)     Dead                           Min: 0, Avg:  0.0, Max: 0, Diff: 0, Sum: 0, Workers: 4
[601.497s][debug][gc,phases      ] GC(114)     Total                          Min: 0, Avg:  0.0, Max: 0, Diff: 0, Sum: 0, Workers: 4
[601.497s][debug][gc,phases      ] GC(114)   Weak JFR Old Object Samples    Min:  0.0, Avg:  0.0, Max:  0.0, Diff:  0.0, Sum:  0.0, Workers: 4
[601.497s][debug][gc,phases      ] GC(114)     Dead                           Min: 0, Avg:  0.0, Max: 0, Diff: 0, Sum: 0, Workers: 4
[601.497s][debug][gc,phases      ] GC(114)     Total                          Min: 0, Avg:  0.0, Max: 0, Diff: 0, Sum: 0, Workers: 4
[601.497s][debug][gc,phases      ] GC(114) Weak Processing 0.395ms
[601.497s][debug][gc,age         ] GC(114) Desired survivor size 131596288 bytes, new threshold 15 (max threshold 15)
[601.497s][info ][gc,heap        ] GC(114) PSYoungGen: 1904384K(1960448K)->74080K(1968640K) Eden: 1824256K(1824256K)->0K(1835520K) From: 80128K(136192K)->74080K(133120K)
[601.497s][info ][gc,heap        ] GC(114) ParOldGen: 478934K(539136K)->485406K(539136K)
[601.497s][info ][gc,metaspace   ] GC(114) Metaspace: 82558K(83392K)->82558K(83392K) NonClass: 70966K(71424K)->70966K(71424K) Class: 11592K(11968K)->11592K(11968K)
[601.497s][info ][gc             ] GC(114) Pause Young (Allocation Failure) 2327M->546M(2449M) 19.347ms
[601.497s][info ][gc,cpu         ] GC(114) User=0.08s Sys=0.00s Real=0.02s
[601.497s][info ][safepoint      ] Safepoint "ParallelGCFailedAllocation", Time since last: 826691240 ns, Reaching safepoint: 115002 ns, At safepoint: 19433861 ns, Total: 19548863 ns
[602.498s][info ][safepoint      ] Safepoint "Cleanup", Time since last: 1000090058 ns, Reaching safepoint: 44200 ns, At safepoint: 9401 ns, Total: 53601 ns
[603.498s][info ][safepoint      ] Safepoint "Cleanup", Time since last: 1000107958 ns, Reaching safepoint: 48701 ns, At safepoint: 8300 ns, Total: 57001 ns
[606.498s][info ][safepoint      ] Safepoint "Cleanup", Time since last: 3000241574 ns, Reaching safepoint: 50801 ns, At safepoint: 3400 ns, Total: 54201 ns
[607.498s][info ][safepoint      ] Safepoint "Cleanup", Time since last: 1000085558 ns, Reaching safepoint: 47001 ns, At safepoint: 3400 ns, Total: 50401 ns
[610.499s][info ][safepoint      ] Safepoint "Cleanup", Time since last: 3000245076 ns, Reaching safepoint: 56401 ns, At safepoint: 12400 ns, Total: 68801 ns
[611.499s][info ][safepoint      ] Safepoint "Cleanup", Time since last: 1000129060 ns, Reaching safepoint: 282105 ns, At safepoint: 9300 ns, Total: 291405 ns
[612.499s][info ][safepoint      ] Safepoint "Cleanup", Time since last: 1000118660 ns, Reaching safepoint: 64501 ns, At safepoint: 11801 ns, Total: 76302 ns
[615.499s][info ][safepoint      ] Safepoint "Cleanup", Time since last: 3000255378 ns, Reaching safepoint: 44201 ns, At safepoint: 3400 ns, Total: 47601 ns
[619.500s][info ][safepoint      ] Safepoint "Cleanup", Time since last: 4000288039 ns, Reaching safepoint: 46401 ns, At safepoint: 9400 ns, Total: 55801 ns
[620.500s][info ][safepoint      ] Safepoint "Cleanup", Time since last: 1000108361 ns, Reaching safepoint: 48400 ns, At safepoint: 3201 ns, Total: 51601 ns
[622.500s][info ][safepoint      ] Safepoint "Cleanup", Time since last: 2000194721 ns, Reaching safepoint: 33401 ns, At safepoint: 3200 ns, Total: 36601 ns
[623.500s][info ][safepoint      ] Safepoint "Cleanup", Time since last: 1000112261 ns, Reaching safepoint: 49701 ns, At safepoint: 5500 ns, Total: 55201 ns
[624.551s][info ][safepoint      ] Safepoint "Cleanup", Time since last: 1050140090 ns, Reaching safepoint: 99302 ns, At safepoint: 7500 ns, Total: 106802 ns
[630.551s][info ][safepoint      ] Safepoint "Cleanup", Time since last: 6000409767 ns, Reaching safepoint: 82202 ns, At safepoint: 9500 ns, Total: 91702 ns
[631.551s][info ][safepoint      ] Safepoint "Cleanup", Time since last: 1000113562 ns, Reaching safepoint: 74302 ns, At safepoint: 7000 ns, Total: 81302 ns
[632.551s][info ][safepoint      ] Safepoint "Cleanup", Time since last: 1000117263 ns, Reaching safepoint: 43800 ns, At safepoint: 2800 ns, Total: 46600 ns
[633.552s][info ][safepoint      ] Safepoint "Cleanup", Time since last: 1000127564 ns, Reaching safepoint: 58301 ns, At safepoint: 3300 ns, Total: 61601 ns
[636.552s][info ][safepoint      ] Safepoint "Cleanup", Time since last: 3000248487 ns, Reaching safepoint: 44301 ns, At safepoint: 7900 ns, Total: 52201 ns
[641.552s][info ][safepoint      ] Safepoint "Cleanup", Time since last: 5000359215 ns, Reaching safepoint: 48601 ns, At safepoint: 10400 ns, Total: 59001 ns
[642.552s][info ][safepoint      ] Safepoint "Cleanup", Time since last: 1000061063 ns, Reaching safepoint: 54301 ns, At safepoint: 7200 ns, Total: 61501 ns
[644.553s][info ][safepoint      ] Safepoint "Cleanup", Time since last: 2000173828 ns, Reaching safepoint: 56001 ns, At safepoint: 3500 ns, Total: 59501 ns
[647.553s][info ][safepoint      ] Safepoint "Cleanup", Time since last: 3000229992 ns, Reaching safepoint: 49301 ns, At safepoint: 3000 ns, Total: 52301 ns
[650.553s][info ][safepoint      ] Safepoint "Cleanup", Time since last: 3000253094 ns, Reaching safepoint: 61901 ns, At safepoint: 4600 ns, Total: 66501 ns
[658.554s][info ][safepoint      ] Safepoint "Cleanup", Time since last: 8000588721 ns, Reaching safepoint: 48301 ns, At safepoint: 3400 ns, Total: 51701 ns
[661.554s][info ][safepoint      ] Safepoint "Cleanup", Time since last: 3000251999 ns, Reaching safepoint: 53301 ns, At safepoint: 3200 ns, Total: 56501 ns
[662.554s][info ][safepoint      ] Safepoint "Cleanup", Time since last: 1000127267 ns, Reaching safepoint: 49601 ns, At safepoint: 3200 ns, Total: 52801 ns
[664.555s][info ][safepoint      ] Safepoint "Cleanup", Time since last: 2000185333 ns, Reaching safepoint: 50901 ns, At safepoint: 3000 ns, Total: 53901 ns
[665.555s][info ][safepoint      ] Safepoint "Cleanup", Time since last: 1000108368 ns, Reaching safepoint: 49501 ns, At safepoint: 2600 ns, Total: 52101 ns
[669.555s][info ][safepoint      ] Safepoint "Cleanup", Time since last: 4000269167 ns, Reaching safepoint: 58901 ns, At safepoint: 6200 ns, Total: 65101 ns
[670.555s][info ][safepoint      ] Safepoint "Cleanup", Time since last: 1000115568 ns, Reaching safepoint: 37901 ns, At safepoint: 3300 ns, Total: 41201 ns
[671.555s][info ][safepoint      ] Safepoint "Cleanup", Time since last: 1000113368 ns, Reaching safepoint: 42701 ns, At safepoint: 9000 ns, Total: 51701 ns
[678.556s][info ][safepoint      ] Safepoint "Cleanup", Time since last: 7000507476 ns, Reaching safepoint: 63401 ns, At safepoint: 11900 ns, Total: 75301 ns
[682.556s][info ][safepoint      ] Safepoint "Cleanup", Time since last: 4000328676 ns, Reaching safepoint: 59701 ns, At safepoint: 8300 ns, Total: 68001 ns
[684.557s][info ][safepoint      ] Safepoint "Cleanup", Time since last: 2000197239 ns, Reaching safepoint: 61201 ns, At safepoint: 8901 ns, Total: 70102 ns
[688.557s][info ][safepoint      ] Safepoint "Cleanup", Time since last: 4000274677 ns, Reaching safepoint: 69002 ns, At safepoint: 8400 ns, Total: 77402 ns
[690.337s][info ][gc,start       ] GC(115) Pause Young (Allocation Failure)
[690.369s][debug][gc,phases      ] GC(115) Scavenge 31.941ms
[690.369s][debug][gc,ref         ] GC(115) Skipped phase 1 of Reference Processing: no references
[690.370s][debug][gc,ref         ] GC(115) ReferenceProcessor::execute queues: 1, RefProcThreadModel::Single, marks_oops_alive: false
[690.370s][debug][gc,ref         ] GC(115) Skipped phase 3 of Reference Processing: no references
[690.370s][debug][gc,ref         ] GC(115) ReferenceProcessor::execute queues: 1, RefProcThreadModel::Single, marks_oops_alive: false
[690.370s][debug][gc,phases      ] GC(115) Reference Processing 0.216ms
[690.370s][debug][gc,phases      ] GC(115)   VM Weak                        Min:  0.0, Avg:  0.0, Max:  0.0, Diff:  0.0, Sum:  0.0, Workers: 4
[690.370s][debug][gc,phases      ] GC(115)     Dead                           Min: 0, Avg:  0.0, Max: 0, Diff: 0, Sum: 0, Workers: 4
[690.370s][debug][gc,phases      ] GC(115)     Total                          Min: 0, Avg: 173.2, Max: 384, Diff: 384, Sum: 693, Workers: 4
[690.370s][debug][gc,phases      ] GC(115)   ObjectSynchronizer Weak        Min:  0.0, Avg:  0.0, Max:  0.0, Diff:  0.0, Sum:  0.0, Workers: 4
[690.370s][debug][gc,phases      ] GC(115)     Dead                           Min: 0, Avg:  0.0, Max: 0, Diff: 0, Sum: 0, Workers: 4
[690.370s][debug][gc,phases      ] GC(115)     Total                          Min: 0, Avg: 98.2, Max: 192, Diff: 192, Sum: 393, Workers: 4
[690.370s][debug][gc,phases      ] GC(115)   JVMTI Tag Weak OopStorage      Min:  0.0, Avg:  0.0, Max:  0.0, Diff:  0.0, Sum:  0.0, Workers: 4
[690.370s][debug][gc,phases      ] GC(115)     Dead                           Min: 0, Avg:  0.0, Max: 0, Diff: 0, Sum: 0, Workers: 4
[690.370s][debug][gc,phases      ] GC(115)     Total                          Min: 0, Avg:  0.0, Max: 0, Diff: 0, Sum: 0, Workers: 4
[690.370s][debug][gc,phases      ] GC(115)   StringTable Weak               Min:  0.1, Avg:  0.1, Max:  0.1, Diff:  0.0, Sum:  0.5, Workers: 4
[690.370s][debug][gc,phases      ] GC(115)     Dead                           Min: 0, Avg:  0.2, Max: 1, Diff: 1, Sum: 1, Workers: 4
[690.370s][debug][gc,phases      ] GC(115)     Total                          Min: 11392, Avg: 12010.0, Max: 13184, Diff: 1792, Sum: 48040, Workers: 4
[690.370s][debug][gc,phases      ] GC(115)   ResolvedMethodTable Weak       Min:  0.0, Avg:  0.0, Max:  0.0, Diff:  0.0, Sum:  0.1, Workers: 4
[690.370s][debug][gc,phases      ] GC(115)     Dead                           Min: 0, Avg:  0.0, Max: 0, Diff: 0, Sum: 0, Workers: 4
[690.370s][debug][gc,phases      ] GC(115)     Total                          Min: 1755, Avg: 1999.5, Max: 2218, Diff: 463, Sum: 7998, Workers: 4
[690.370s][debug][gc,phases      ] GC(115)   JNI Weak                       Min:  0.0, Avg:  0.0, Max:  0.0, Diff:  0.0, Sum:  0.0, Workers: 4
[690.370s][debug][gc,phases      ] GC(115)     Dead                           Min: 0, Avg:  0.0, Max: 0, Diff: 0, Sum: 0, Workers: 4
[690.370s][debug][gc,phases      ] GC(115)     Total                          Min: 0, Avg:  0.0, Max: 0, Diff: 0, Sum: 0, Workers: 4
[690.370s][debug][gc,phases      ] GC(115)   StringDedup Table Weak         Min:  0.0, Avg:  0.0, Max:  0.0, Diff:  0.0, Sum:  0.0, Workers: 4
[690.370s][debug][gc,phases      ] GC(115)     Dead                           Min: 0, Avg:  0.0, Max: 0, Diff: 0, Sum: 0, Workers: 4
[690.370s][debug][gc,phases      ] GC(115)     Total                          Min: 0, Avg:  0.0, Max: 0, Diff: 0, Sum: 0, Workers: 4
[690.370s][debug][gc,phases      ] GC(115)   StringDedup Requests0 Weak     Min:  0.0, Avg:  0.0, Max:  0.0, Diff:  0.0, Sum:  0.0, Workers: 4
[690.370s][debug][gc,phases      ] GC(115)     Dead                           Min: 0, Avg:  0.0, Max: 0, Diff: 0, Sum: 0, Workers: 4
[690.370s][debug][gc,phases      ] GC(115)     Total                          Min: 0, Avg:  0.0, Max: 0, Diff: 0, Sum: 0, Workers: 4
[690.370s][debug][gc,phases      ] GC(115)   StringDedup Requests1 Weak     Min:  0.0, Avg:  0.0, Max:  0.0, Diff:  0.0, Sum:  0.0, Workers: 4
[690.370s][debug][gc,phases      ] GC(115)     Dead                           Min: 0, Avg:  0.0, Max: 0, Diff: 0, Sum: 0, Workers: 4
[690.370s][debug][gc,phases      ] GC(115)     Total                          Min: 0, Avg:  0.0, Max: 0, Diff: 0, Sum: 0, Workers: 4
[690.370s][debug][gc,phases      ] GC(115)   Weak JFR Old Object Samples    Min:  0.0, Avg:  0.0, Max:  0.0, Diff:  0.0, Sum:  0.0, Workers: 4
[690.370s][debug][gc,phases      ] GC(115)     Dead                           Min: 0, Avg:  0.0, Max: 0, Diff: 0, Sum: 0, Workers: 4
[690.370s][debug][gc,phases      ] GC(115)     Total                          Min: 0, Avg:  0.0, Max: 0, Diff: 0, Sum: 0, Workers: 4
[690.370s][debug][gc,phases      ] GC(115) Weak Processing 0.395ms
[690.370s][debug][gc,age         ] GC(115) Desired survivor size 125829120 bytes, new threshold 15 (max threshold 15)
[690.370s][info ][gc,heap        ] GC(115) PSYoungGen: 1909600K(1968640K)->69008K(1964032K) Eden: 1835520K(1835520K)->0K(1835520K) From: 74080K(133120K)->69008K(128512K)
[690.370s][info ][gc,heap        ] GC(115) ParOldGen: 485406K(539136K)->490630K(539136K)
[690.370s][info ][gc,metaspace   ] GC(115) Metaspace: 82628K(83456K)->82628K(83456K) NonClass: 71028K(71488K)->71028K(71488K) Class: 11599K(11968K)->11599K(11968K)
[690.370s][info ][gc             ] GC(115) Pause Young (Allocation Failure) 2338M->546M(2444M) 32.703ms
[690.370s][info ][gc,cpu         ] GC(115) User=0.09s Sys=0.00s Real=0.03s
[690.370s][info ][safepoint      ] Safepoint "ParallelGCFailedAllocation", Time since last: 1780238856 ns, Reaching safepoint: 52601 ns, At safepoint: 32806909 ns, Total: 32859510 ns
[693.370s][info ][safepoint      ] Safepoint "Cleanup", Time since last: 3000229611 ns, Reaching safepoint: 49501 ns, At safepoint: 3200 ns, Total: 52701 ns
[695.371s][info ][safepoint      ] Safepoint "Cleanup", Time since last: 2000132841 ns, Reaching safepoint: 54101 ns, At safepoint: 8100 ns, Total: 62201 ns
[696.371s][info ][safepoint      ] Safepoint "Cleanup", Time since last: 1000107971 ns, Reaching safepoint: 50601 ns, At safepoint: 7500 ns, Total: 58101 ns
[697.371s][info ][safepoint      ] Safepoint "Cleanup", Time since last: 1000086872 ns, Reaching safepoint: 44300 ns, At safepoint: 28001 ns, Total: 72301 ns
[698.371s][info ][safepoint      ] Safepoint "Cleanup", Time since last: 1000096571 ns, Reaching safepoint: 67302 ns, At safepoint: 8500 ns, Total: 75802 ns
[699.371s][info ][safepoint      ] Safepoint "Cleanup", Time since last: 1000130872 ns, Reaching safepoint: 55701 ns, At safepoint: 8800 ns, Total: 64501 ns
[702.372s][info ][safepoint      ] Safepoint "Cleanup", Time since last: 3000314816 ns, Reaching safepoint: 52101 ns, At safepoint: 6700 ns, Total: 58801 ns
[704.372s][info ][safepoint      ] Safepoint "Cleanup", Time since last: 2000142143 ns, Reaching safepoint: 48701 ns, At safepoint: 3100 ns, Total: 51801 ns
[705.372s][info ][safepoint      ] Safepoint "Cleanup", Time since last: 1000109873 ns, Reaching safepoint: 55301 ns, At safepoint: 7900 ns, Total: 63201 ns
[709.372s][info ][safepoint      ] Safepoint "Cleanup", Time since last: 4000317189 ns, Reaching safepoint: 54501 ns, At safepoint: 6400 ns, Total: 60901 ns
[710.373s][info ][safepoint      ] Safepoint "Cleanup", Time since last: 1000118474 ns, Reaching safepoint: 50001 ns, At safepoint: 4100 ns, Total: 54101 ns
[712.373s][info ][safepoint      ] Safepoint "Cleanup", Time since last: 2000189846 ns, Reaching safepoint: 48501 ns, At safepoint: 6300 ns, Total: 54801 ns
[713.373s][info ][safepoint      ] Safepoint "Cleanup", Time since last: 1000103974 ns, Reaching safepoint: 46000 ns, At safepoint: 5500 ns, Total: 51500 ns
[716.373s][info ][safepoint      ] Safepoint "Cleanup", Time since last: 3000162319 ns, Reaching safepoint: 50101 ns, At safepoint: 12600 ns, Total: 62701 ns
[718.373s][info ][safepoint      ] Safepoint "Cleanup", Time since last: 2000182748 ns, Reaching safepoint: 41800 ns, At safepoint: 3400 ns, Total: 45200 ns
[719.374s][info ][safepoint      ] Safepoint "Cleanup", Time since last: 1000106675 ns, Reaching safepoint: 54301 ns, At safepoint: 6200 ns, Total: 60501 ns
[720.374s][info ][safepoint      ] Safepoint "Cleanup", Time since last: 1000085374 ns, Reaching safepoint: 48001 ns, At safepoint: 8800 ns, Total: 56801 ns
[721.374s][info ][safepoint      ] Safepoint "Cleanup", Time since last: 1000057373 ns, Reaching safepoint: 52401 ns, At safepoint: 9101 ns, Total: 61502 ns
[723.374s][info ][safepoint      ] Safepoint "Cleanup", Time since last: 2000120547 ns, Reaching safepoint: 49101 ns, At safepoint: 7600 ns, Total: 56701 ns
[725.374s][info ][safepoint      ] Safepoint "Cleanup", Time since last: 2000161449 ns, Reaching safepoint: 52701 ns, At safepoint: 6500 ns, Total: 59201 ns
[730.375s][info ][safepoint      ] Safepoint "Cleanup", Time since last: 5000397875 ns, Reaching safepoint: 113802 ns, At safepoint: 7000 ns, Total: 120802 ns
[733.375s][info ][safepoint      ] Safepoint "Cleanup", Time since last: 3000245326 ns, Reaching safepoint: 122402 ns, At safepoint: 8900 ns, Total: 131302 ns
[736.376s][info ][safepoint      ] Safepoint "Cleanup", Time since last: 3000237128 ns, Reaching safepoint: 94901 ns, At safepoint: 10501 ns, Total: 105402 ns
[743.376s][info ][safepoint      ] Safepoint "Cleanup", Time since last: 7000520333 ns, Reaching safepoint: 118702 ns, At safepoint: 8600 ns, Total: 127302 ns
[744.376s][info ][safepoint      ] Safepoint "Cleanup", Time since last: 1000114878 ns, Reaching safepoint: 110702 ns, At safepoint: 8600 ns, Total: 119302 ns
[747.377s][info ][safepoint      ] Safepoint "Cleanup", Time since last: 3000252931 ns, Reaching safepoint: 129903 ns, At safepoint: 10000 ns, Total: 139903 ns
[749.377s][info ][safepoint      ] Safepoint "Cleanup", Time since last: 2000186055 ns, Reaching safepoint: 127602 ns, At safepoint: 13101 ns, Total: 140703 ns
[753.378s][info ][safepoint      ] Safepoint "Cleanup", Time since last: 4000363811 ns, Reaching safepoint: 119602 ns, At safepoint: 11101 ns, Total: 130703 ns
[755.378s][info ][safepoint      ] Safepoint "Cleanup", Time since last: 2000182756 ns, Reaching safepoint: 112502 ns, At safepoint: 13100 ns, Total: 125602 ns
[757.378s][info ][safepoint      ] Safepoint "Cleanup", Time since last: 2000208658 ns, Reaching safepoint: 130502 ns, At safepoint: 11100 ns, Total: 141602 ns
[762.379s][info ][safepoint      ] Safepoint "Cleanup", Time since last: 5000377793 ns, Reaching safepoint: 113202 ns, At safepoint: 7900 ns, Total: 121102 ns
[771.380s][info ][safepoint      ] Safepoint "Cleanup", Time since last: 9000647414 ns, Reaching safepoint: 119602 ns, At safepoint: 12300 ns, Total: 131902 ns
[773.380s][info ][safepoint      ] Safepoint "Cleanup", Time since last: 2000197861 ns, Reaching safepoint: 120902 ns, At safepoint: 14201 ns, Total: 135103 ns
[774.380s][info ][safepoint      ] Safepoint "Cleanup", Time since last: 1000113581 ns, Reaching safepoint: 112802 ns, At safepoint: 8600 ns, Total: 121402 ns
[777.381s][info ][safepoint      ] Safepoint "Cleanup", Time since last: 3000242541 ns, Reaching safepoint: 120602 ns, At safepoint: 10801 ns, Total: 131403 ns
[778.463s][info ][gc,start       ] GC(116) Pause Young (Allocation Failure)
[778.482s][debug][gc,phases      ] GC(116) Scavenge 19.171ms
[778.482s][debug][gc,ref         ] GC(116) Skipped phase 1 of Reference Processing: no references
[778.482s][debug][gc,ref         ] GC(116) ReferenceProcessor::execute queues: 1, RefProcThreadModel::Single, marks_oops_alive: false
[778.483s][debug][gc,ref         ] GC(116) Skipped phase 3 of Reference Processing: no references
[778.483s][debug][gc,ref         ] GC(116) ReferenceProcessor::execute queues: 1, RefProcThreadModel::Single, marks_oops_alive: false
[778.483s][debug][gc,phases      ] GC(116) Reference Processing 0.176ms
[778.483s][debug][gc,phases      ] GC(116)   VM Weak                        Min:  0.0, Avg:  0.0, Max:  0.0, Diff:  0.0, Sum:  0.0, Workers: 4
[778.483s][debug][gc,phases      ] GC(116)     Dead                           Min: 0, Avg:  0.0, Max: 0, Diff: 0, Sum: 0, Workers: 4
[778.483s][debug][gc,phases      ] GC(116)     Total                          Min: 0, Avg: 173.2, Max: 640, Diff: 640, Sum: 693, Workers: 4
[778.483s][debug][gc,phases      ] GC(116)   ObjectSynchronizer Weak        Min:  0.0, Avg:  0.0, Max:  0.0, Diff:  0.0, Sum:  0.0, Workers: 4
[778.483s][debug][gc,phases      ] GC(116)     Dead                           Min: 0, Avg:  0.0, Max: 0, Diff: 0, Sum: 0, Workers: 4
[778.483s][debug][gc,phases      ] GC(116)     Total                          Min: 0, Avg: 98.2, Max: 192, Diff: 192, Sum: 393, Workers: 4
[778.483s][debug][gc,phases      ] GC(116)   JVMTI Tag Weak OopStorage      Min:  0.0, Avg:  0.0, Max:  0.0, Diff:  0.0, Sum:  0.0, Workers: 4
[778.483s][debug][gc,phases      ] GC(116)     Dead                           Min: 0, Avg:  0.0, Max: 0, Diff: 0, Sum: 0, Workers: 4
[778.483s][debug][gc,phases      ] GC(116)     Total                          Min: 0, Avg:  0.0, Max: 0, Diff: 0, Sum: 0, Workers: 4
[778.483s][debug][gc,phases      ] GC(116)   StringTable Weak               Min:  0.1, Avg:  0.1, Max:  0.1, Diff:  0.0, Sum:  0.5, Workers: 4
[778.483s][debug][gc,phases      ] GC(116)     Dead                           Min: 0, Avg:  0.0, Max: 0, Diff: 0, Sum: 0, Workers: 4
[778.483s][debug][gc,phases      ] GC(116)     Total                          Min: 11200, Avg: 12016.8, Max: 12416, Diff: 1216, Sum: 48067, Workers: 4
[778.483s][debug][gc,phases      ] GC(116)   ResolvedMethodTable Weak       Min:  0.0, Avg:  0.0, Max:  0.0, Diff:  0.0, Sum:  0.1, Workers: 4
[778.483s][debug][gc,phases      ] GC(116)     Dead                           Min: 0, Avg:  0.0, Max: 0, Diff: 0, Sum: 0, Workers: 4
[778.483s][debug][gc,phases      ] GC(116)     Total                          Min: 1692, Avg: 2002.0, Max: 2231, Diff: 539, Sum: 8008, Workers: 4
[778.483s][debug][gc,phases      ] GC(116)   JNI Weak                       Min:  0.0, Avg:  0.0, Max:  0.0, Diff:  0.0, Sum:  0.0, Workers: 4
[778.483s][debug][gc,phases      ] GC(116)     Dead                           Min: 0, Avg:  0.0, Max: 0, Diff: 0, Sum: 0, Workers: 4
[778.483s][debug][gc,phases      ] GC(116)     Total                          Min: 0, Avg:  0.0, Max: 0, Diff: 0, Sum: 0, Workers: 4
[778.483s][debug][gc,phases      ] GC(116)   StringDedup Table Weak         Min:  0.0, Avg:  0.0, Max:  0.0, Diff:  0.0, Sum:  0.0, Workers: 4
[778.483s][debug][gc,phases      ] GC(116)     Dead                           Min: 0, Avg:  0.0, Max: 0, Diff: 0, Sum: 0, Workers: 4
[778.483s][debug][gc,phases      ] GC(116)     Total                          Min: 0, Avg:  0.0, Max: 0, Diff: 0, Sum: 0, Workers: 4
[778.483s][debug][gc,phases      ] GC(116)   StringDedup Requests0 Weak     Min:  0.0, Avg:  0.0, Max:  0.0, Diff:  0.0, Sum:  0.0, Workers: 4
[778.483s][debug][gc,phases      ] GC(116)     Dead                           Min: 0, Avg:  0.0, Max: 0, Diff: 0, Sum: 0, Workers: 4
[778.483s][debug][gc,phases      ] GC(116)     Total                          Min: 0, Avg:  0.0, Max: 0, Diff: 0, Sum: 0, Workers: 4
[778.483s][debug][gc,phases      ] GC(116)   StringDedup Requests1 Weak     Min:  0.0, Avg:  0.0, Max:  0.0, Diff:  0.0, Sum:  0.0, Workers: 4
[778.483s][debug][gc,phases      ] GC(116)     Dead                           Min: 0, Avg:  0.0, Max: 0, Diff: 0, Sum: 0, Workers: 4
[778.483s][debug][gc,phases      ] GC(116)     Total                          Min: 0, Avg:  0.0, Max: 0, Diff: 0, Sum: 0, Workers: 4
[778.483s][debug][gc,phases      ] GC(116)   Weak JFR Old Object Samples    Min:  0.0, Avg:  0.0, Max:  0.0, Diff:  0.0, Sum:  0.0, Workers: 4
[778.483s][debug][gc,phases      ] GC(116)     Dead                           Min: 0, Avg:  0.0, Max: 0, Diff: 0, Sum: 0, Workers: 4
[778.483s][debug][gc,phases      ] GC(116)     Total                          Min: 0, Avg:  0.0, Max: 0, Diff: 0, Sum: 0, Workers: 4
[778.483s][debug][gc,phases      ] GC(116) Weak Processing 0.349ms
[778.483s][debug][gc,age         ] GC(116) Desired survivor size 122159104 bytes, new threshold 15 (max threshold 15)
[778.483s][info ][gc,heap        ] GC(116) PSYoungGen: 1904528K(1964032K)->61920K(1977856K) Eden: 1835520K(1835520K)->0K(1854976K) From: 69008K(128512K)->61920K(122880K)
[778.483s][info ][gc,heap        ] GC(116) ParOldGen: 490630K(539136K)->498598K(539136K)
[778.483s][info ][gc,metaspace   ] GC(116) Metaspace: 82688K(83520K)->82688K(83520K) NonClass: 71085K(71552K)->71085K(71552K) Class: 11603K(11968K)->11603K(11968K)
[778.483s][info ][gc             ] GC(116) Pause Young (Allocation Failure) 2339M->547M(2458M) 19.856ms
[778.483s][info ][gc,cpu         ] GC(116) User=0.07s Sys=0.00s Real=0.02s
[778.483s][info ][safepoint      ] Safepoint "ParallelGCFailedAllocation", Time since last: 1082521612 ns, Reaching safepoint: 32901 ns, At safepoint: 19940770 ns, Total: 19973671 ns
[779.483s][info ][safepoint      ] Safepoint "Cleanup", Time since last: 1000095081 ns, Reaching safepoint: 51401 ns, At safepoint: 8600 ns, Total: 60001 ns
[780.483s][info ][safepoint      ] Safepoint "Cleanup", Time since last: 1000110382 ns, Reaching safepoint: 57901 ns, At safepoint: 4700 ns, Total: 62601 ns
[782.484s][info ][safepoint      ] Safepoint "Cleanup", Time since last: 2000108961 ns, Reaching safepoint: 47901 ns, At safepoint: 3200 ns, Total: 51101 ns
[784.484s][info ][safepoint      ] Safepoint "Cleanup", Time since last: 2000179163 ns, Reaching safepoint: 52501 ns, At safepoint: 9500 ns, Total: 62001 ns
[786.484s][info ][safepoint      ] Safepoint "Cleanup", Time since last: 2000139063 ns, Reaching safepoint: 57101 ns, At safepoint: 5900 ns, Total: 63001 ns
[788.484s][info ][safepoint      ] Safepoint "Cleanup", Time since last: 2000176564 ns, Reaching safepoint: 52801 ns, At safepoint: 2800 ns, Total: 55601 ns
[790.484s][info ][safepoint      ] Safepoint "Cleanup", Time since last: 2000188964 ns, Reaching safepoint: 66901 ns, At safepoint: 10101 ns, Total: 77002 ns
[791.485s][info ][safepoint      ] Safepoint "Cleanup", Time since last: 1000109982 ns, Reaching safepoint: 48801 ns, At safepoint: 7100 ns, Total: 55901 ns
[795.485s][info ][safepoint      ] Safepoint "Cleanup", Time since last: 4000302129 ns, Reaching safepoint: 56401 ns, At safepoint: 12001 ns, Total: 68402 ns
[800.485s][info ][safepoint      ] Safepoint "Cleanup", Time since last: 5000407314 ns, Reaching safepoint: 49901 ns, At safepoint: 4900 ns, Total: 54801 ns
[801.486s][info ][safepoint      ] Safepoint "Cleanup", Time since last: 1000114384 ns, Reaching safepoint: 56401 ns, At safepoint: 4700 ns, Total: 61101 ns
[812.486s][info ][safepoint      ] Safepoint "Cleanup", Time since last: 11000687918 ns, Reaching safepoint: 45801 ns, At safepoint: 2900 ns, Total: 48701 ns
[816.487s][info ][safepoint      ] Safepoint "Cleanup", Time since last: 4000316538 ns, Reaching safepoint: 59801 ns, At safepoint: 3200 ns, Total: 63001 ns
[818.487s][info ][safepoint      ] Safepoint "Cleanup", Time since last: 2000181770 ns, Reaching safepoint: 46901 ns, At safepoint: 4500 ns, Total: 51401 ns
[821.487s][info ][safepoint      ] Safepoint "Cleanup", Time since last: 3000239556 ns, Reaching safepoint: 41900 ns, At safepoint: 8701 ns, Total: 50601 ns
[826.488s][info ][safepoint      ] Safepoint "Cleanup", Time since last: 5000365727 ns, Reaching safepoint: 64801 ns, At safepoint: 6600 ns, Total: 71401 ns
[829.488s][info ][safepoint      ] Safepoint "Cleanup", Time since last: 3000160956 ns, Reaching safepoint: 56301 ns, At safepoint: 7100 ns, Total: 63401 ns
[832.488s][info ][safepoint      ] Safepoint "Cleanup", Time since last: 3000214759 ns, Reaching safepoint: 59701 ns, At safepoint: 7500 ns, Total: 67201 ns
[835.489s][info ][safepoint      ] Safepoint "Cleanup", Time since last: 3000233959 ns, Reaching safepoint: 77202 ns, At safepoint: 8900 ns, Total: 86102 ns
[840.489s][info ][safepoint      ] Safepoint "Cleanup", Time since last: 5000401535 ns, Reaching safepoint: 250804 ns, At safepoint: 13001 ns, Total: 263805 ns
[843.490s][info ][safepoint      ] Safepoint "Cleanup", Time since last: 3000259762 ns, Reaching safepoint: 66301 ns, At safepoint: 11600 ns, Total: 77901 ns
[844.490s][info ][safepoint      ] Safepoint "Cleanup", Time since last: 1000122189 ns, Reaching safepoint: 60101 ns, At safepoint: 8300 ns, Total: 68401 ns
[845.490s][info ][safepoint      ] Safepoint "Cleanup", Time since last: 1000124088 ns, Reaching safepoint: 50301 ns, At safepoint: 7300 ns, Total: 57601 ns
[847.490s][info ][safepoint      ] Safepoint "Cleanup", Time since last: 2000174876 ns, Reaching safepoint: 60801 ns, At safepoint: 8900 ns, Total: 69701 ns
[849.491s][info ][safepoint      ] Safepoint "Cleanup", Time since last: 2000531883 ns, Reaching safepoint: 57101 ns, At safepoint: 6400 ns, Total: 63501 ns
[850.491s][info ][safepoint      ] Safepoint "Cleanup", Time since last: 1000105089 ns, Reaching safepoint: 43401 ns, At safepoint: 41001 ns, Total: 84402 ns
[851.491s][info ][safepoint      ] Safepoint "Cleanup", Time since last: 1000122689 ns, Reaching safepoint: 48800 ns, At safepoint: 2700 ns, Total: 51500 ns
[853.491s][info ][safepoint      ] Safepoint "Cleanup", Time since last: 2000182478 ns, Reaching safepoint: 49100 ns, At safepoint: 7201 ns, Total: 56301 ns
[855.120s][info ][safepoint      ] Safepoint "Cleanup", Time since last: 1628210263 ns, Reaching safepoint: 128503 ns, At safepoint: 14600 ns, Total: 143103 ns
[857.120s][info ][safepoint      ] Safepoint "Cleanup", Time since last: 2000179678 ns, Reaching safepoint: 49800 ns, At safepoint: 3501 ns, Total: 53301 ns
[858.120s][info ][safepoint      ] Safepoint "Cleanup", Time since last: 1000101189 ns, Reaching safepoint: 49501 ns, At safepoint: 3400 ns, Total: 52901 ns
[860.120s][info ][safepoint      ] Safepoint "Cleanup", Time since last: 2000187478 ns, Reaching safepoint: 52001 ns, At safepoint: 3100 ns, Total: 55101 ns
[861.121s][info ][safepoint      ] Safepoint "Cleanup", Time since last: 1000120390 ns, Reaching safepoint: 55301 ns, At safepoint: 6100 ns, Total: 61401 ns
[863.121s][info ][safepoint      ] Safepoint "Cleanup", Time since last: 2000178979 ns, Reaching safepoint: 54101 ns, At safepoint: 8500 ns, Total: 62601 ns
[864.121s][info ][safepoint      ] Safepoint "Cleanup", Time since last: 1000108790 ns, Reaching safepoint: 51501 ns, At safepoint: 6400 ns, Total: 57901 ns
[865.121s][info ][safepoint      ] Safepoint "Cleanup", Time since last: 1000118890 ns, Reaching safepoint: 61501 ns, At safepoint: 9301 ns, Total: 70802 ns
[866.121s][info ][safepoint      ] Safepoint "Cleanup", Time since last: 1000115590 ns, Reaching safepoint: 63901 ns, At safepoint: 8200 ns, Total: 72101 ns
[866.280s][info ][gc,start       ] GC(117) Pause Young (Allocation Failure)
[866.294s][debug][gc,phases      ] GC(117) Scavenge 14.558ms
[866.294s][debug][gc,ref         ] GC(117) Skipped phase 1 of Reference Processing: no references
[866.294s][debug][gc,ref         ] GC(117) ReferenceProcessor::execute queues: 1, RefProcThreadModel::Single, marks_oops_alive: false
[866.294s][debug][gc,ref         ] GC(117) Skipped phase 3 of Reference Processing: no references
[866.294s][debug][gc,ref         ] GC(117) ReferenceProcessor::execute queues: 1, RefProcThreadModel::Single, marks_oops_alive: false
[866.294s][debug][gc,phases      ] GC(117) Reference Processing 0.141ms
[866.295s][debug][gc,phases      ] GC(117)   VM Weak                        Min:  0.0, Avg:  0.0, Max:  0.0, Diff:  0.0, Sum:  0.0, Workers: 4
[866.295s][debug][gc,phases      ] GC(117)     Dead                           Min: 0, Avg:  0.0, Max: 0, Diff: 0, Sum: 0, Workers: 4
[866.295s][debug][gc,phases      ] GC(117)     Total                          Min: 0, Avg: 173.2, Max: 693, Diff: 693, Sum: 693, Workers: 4
[866.295s][debug][gc,phases      ] GC(117)   ObjectSynchronizer Weak        Min:  0.0, Avg:  0.0, Max:  0.0, Diff:  0.0, Sum:  0.0, Workers: 4
[866.295s][debug][gc,phases      ] GC(117)     Dead                           Min: 0, Avg:  0.0, Max: 0, Diff: 0, Sum: 0, Workers: 4
[866.295s][debug][gc,phases      ] GC(117)     Total                          Min: 0, Avg: 98.2, Max: 192, Diff: 192, Sum: 393, Workers: 4
[866.295s][debug][gc,phases      ] GC(117)   JVMTI Tag Weak OopStorage      Min:  0.0, Avg:  0.0, Max:  0.0, Diff:  0.0, Sum:  0.0, Workers: 4
[866.295s][debug][gc,phases      ] GC(117)     Dead                           Min: 0, Avg:  0.0, Max: 0, Diff: 0, Sum: 0, Workers: 4
[866.295s][debug][gc,phases      ] GC(117)     Total                          Min: 0, Avg:  0.0, Max: 0, Diff: 0, Sum: 0, Workers: 4
[866.295s][debug][gc,phases      ] GC(117)   StringTable Weak               Min:  0.1, Avg:  0.1, Max:  0.1, Diff:  0.0, Sum:  0.4, Workers: 4
[866.295s][debug][gc,phases      ] GC(117)     Dead                           Min: 0, Avg:  0.0, Max: 0, Diff: 0, Sum: 0, Workers: 4
[866.295s][debug][gc,phases      ] GC(117)     Total                          Min: 11008, Avg: 12017.2, Max: 12677, Diff: 1669, Sum: 48069, Workers: 4
[866.295s][debug][gc,phases      ] GC(117)   ResolvedMethodTable Weak       Min:  0.0, Avg:  0.0, Max:  0.0, Diff:  0.0, Sum:  0.1, Workers: 4
[866.295s][debug][gc,phases      ] GC(117)     Dead                           Min: 0, Avg:  0.0, Max: 0, Diff: 0, Sum: 0, Workers: 4
[866.295s][debug][gc,phases      ] GC(117)     Total                          Min: 1879, Avg: 2002.8, Max: 2218, Diff: 339, Sum: 8011, Workers: 4
[866.295s][debug][gc,phases      ] GC(117)   JNI Weak                       Min:  0.0, Avg:  0.0, Max:  0.0, Diff:  0.0, Sum:  0.0, Workers: 4
[866.295s][debug][gc,phases      ] GC(117)     Dead                           Min: 0, Avg:  0.0, Max: 0, Diff: 0, Sum: 0, Workers: 4
[866.295s][debug][gc,phases      ] GC(117)     Total                          Min: 0, Avg:  0.0, Max: 0, Diff: 0, Sum: 0, Workers: 4
[866.295s][debug][gc,phases      ] GC(117)   StringDedup Table Weak         Min:  0.0, Avg:  0.0, Max:  0.0, Diff:  0.0, Sum:  0.0, Workers: 4
[866.295s][debug][gc,phases      ] GC(117)     Dead                           Min: 0, Avg:  0.0, Max: 0, Diff: 0, Sum: 0, Workers: 4
[866.295s][debug][gc,phases      ] GC(117)     Total                          Min: 0, Avg:  0.0, Max: 0, Diff: 0, Sum: 0, Workers: 4
[866.295s][debug][gc,phases      ] GC(117)   StringDedup Requests0 Weak     Min:  0.0, Avg:  0.0, Max:  0.0, Diff:  0.0, Sum:  0.0, Workers: 4
[866.295s][debug][gc,phases      ] GC(117)     Dead                           Min: 0, Avg:  0.0, Max: 0, Diff: 0, Sum: 0, Workers: 4
[866.295s][debug][gc,phases      ] GC(117)     Total                          Min: 0, Avg:  0.0, Max: 0, Diff: 0, Sum: 0, Workers: 4
[866.295s][debug][gc,phases      ] GC(117)   StringDedup Requests1 Weak     Min:  0.0, Avg:  0.0, Max:  0.0, Diff:  0.0, Sum:  0.0, Workers: 4
[866.295s][debug][gc,phases      ] GC(117)     Dead                           Min: 0, Avg:  0.0, Max: 0, Diff: 0, Sum: 0, Workers: 4
[866.295s][debug][gc,phases      ] GC(117)     Total                          Min: 0, Avg:  0.0, Max: 0, Diff: 0, Sum: 0, Workers: 4
[866.295s][debug][gc,phases      ] GC(117)   Weak JFR Old Object Samples    Min:  0.0, Avg:  0.0, Max:  0.0, Diff:  0.0, Sum:  0.0, Workers: 4
[866.295s][debug][gc,phases      ] GC(117)     Dead                           Min: 0, Avg:  0.0, Max: 0, Diff: 0, Sum: 0, Workers: 4
[866.295s][debug][gc,phases      ] GC(117)     Total                          Min: 0, Avg:  0.0, Max: 0, Diff: 0, Sum: 0, Workers: 4
[866.295s][debug][gc,phases      ] GC(117) Weak Processing 0.345ms
[866.295s][debug][gc,age         ] GC(117) Desired survivor size 119537664 bytes, new threshold 15 (max threshold 15)
[866.295s][info ][gc,heap        ] GC(117) PSYoungGen: 1916896K(1977856K)->54256K(1974272K) Eden: 1854976K(1854976K)->0K(1854976K) From: 61920K(122880K)->54256K(119296K)
[866.295s][info ][gc,heap        ] GC(117) ParOldGen: 498598K(539136K)->504742K(539136K)
[866.295s][info ][gc,metaspace   ] GC(117) Metaspace: 82797K(83584K)->82797K(83584K) NonClass: 71191K(71616K)->71191K(71616K) Class: 11606K(11968K)->11606K(11968K)
[866.295s][info ][gc             ] GC(117) Pause Young (Allocation Failure) 2358M->545M(2454M) 15.180ms
[866.295s][info ][gc,cpu         ] GC(117) User=0.06s Sys=0.00s Real=0.01s
[866.295s][info ][safepoint      ] Safepoint "ParallelGCFailedAllocation", Time since last: 158227241 ns, Reaching safepoint: 34401 ns, At safepoint: 15264484 ns, Total: 15298885 ns
[867.295s][info ][safepoint      ] Safepoint "Cleanup", Time since last: 1000090290 ns, Reaching safepoint: 58601 ns, At safepoint: 7600 ns, Total: 66201 ns
[868.295s][info ][safepoint      ] Safepoint "Cleanup", Time since last: 1000109690 ns, Reaching safepoint: 49901 ns, At safepoint: 8800 ns, Total: 58701 ns
[869.295s][info ][safepoint      ] Safepoint "Cleanup", Time since last: 1000119491 ns, Reaching safepoint: 54301 ns, At safepoint: 8200 ns, Total: 62501 ns
[870.295s][info ][safepoint      ] Safepoint "Cleanup", Time since last: 1000091990 ns, Reaching safepoint: 37701 ns, At safepoint: 2900 ns, Total: 40601 ns
[871.296s][info ][safepoint      ] Safepoint "Cleanup", Time since last: 1000118391 ns, Reaching safepoint: 52301 ns, At safepoint: 3500 ns, Total: 55801 ns
[874.296s][info ][safepoint      ] Safepoint "Cleanup", Time since last: 3000215670 ns, Reaching safepoint: 50501 ns, At safepoint: 5900 ns, Total: 56401 ns
[875.296s][info ][safepoint      ] Safepoint "Cleanup", Time since last: 1000117691 ns, Reaching safepoint: 47701 ns, At safepoint: 2800 ns, Total: 50501 ns
[878.296s][info ][safepoint      ] Safepoint "Cleanup", Time since last: 3000251172 ns, Reaching safepoint: 53701 ns, At safepoint: 10000 ns, Total: 63701 ns
[879.851s][info ][safepoint      ] Safepoint "Cleanup", Time since last: 1554120390 ns, Reaching safepoint: 56701 ns, At safepoint: 6800 ns, Total: 63501 ns
[889.851s][info ][safepoint      ] Safepoint "Cleanup", Time since last: 10000668311 ns, Reaching safepoint: 49001 ns, At safepoint: 2800 ns, Total: 51801 ns
[890.851s][info ][safepoint      ] Safepoint "Cleanup", Time since last: 1000109992 ns, Reaching safepoint: 37401 ns, At safepoint: 4100 ns, Total: 41501 ns
[894.852s][info ][safepoint      ] Safepoint "Cleanup", Time since last: 4000315268 ns, Reaching safepoint: 56101 ns, At safepoint: 7600 ns, Total: 63701 ns
[895.852s][info ][safepoint      ] Safepoint "Cleanup", Time since last: 1000113793 ns, Reaching safepoint: 50901 ns, At safepoint: 2500 ns, Total: 53401 ns
[896.852s][info ][safepoint      ] Safepoint "Cleanup", Time since last: 1000110893 ns, Reaching safepoint: 51901 ns, At safepoint: 2900 ns, Total: 54801 ns
[898.686s][info ][safepoint      ] Safepoint "Cleanup", Time since last: 1833885094 ns, Reaching safepoint: 59101 ns, At safepoint: 3100 ns, Total: 62201 ns
[902.131s][info ][safepoint      ] Safepoint "Cleanup", Time since last: 3444545038 ns, Reaching safepoint: 41101 ns, At safepoint: 10500 ns, Total: 51601 ns
[903.131s][info ][safepoint      ] Safepoint "Cleanup", Time since last: 1000103393 ns, Reaching safepoint: 61902 ns, At safepoint: 7800 ns, Total: 69702 ns
[904.131s][info ][safepoint      ] Safepoint "Cleanup", Time since last: 1000116493 ns, Reaching safepoint: 41501 ns, At safepoint: 9800 ns, Total: 51301 ns
[906.131s][info ][safepoint      ] Safepoint "Cleanup", Time since last: 2000193687 ns, Reaching safepoint: 124903 ns, At safepoint: 8900 ns, Total: 133803 ns
[912.132s][info ][safepoint      ] Safepoint "Cleanup", Time since last: 6000410559 ns, Reaching safepoint: 51001 ns, At safepoint: 7900 ns, Total: 58901 ns
[913.132s][info ][safepoint      ] Safepoint "Cleanup", Time since last: 1000125295 ns, Reaching safepoint: 62901 ns, At safepoint: 3800 ns, Total: 66701 ns
[914.132s][info ][safepoint      ] Safepoint "Cleanup", Time since last: 1000120194 ns, Reaching safepoint: 49801 ns, At safepoint: 7701 ns, Total: 57502 ns
[917.133s][info ][safepoint      ] Safepoint "Cleanup", Time since last: 3000245382 ns, Reaching safepoint: 55101 ns, At safepoint: 6600 ns, Total: 61701 ns
[918.133s][info ][safepoint      ] Safepoint "Cleanup", Time since last: 1000111895 ns, Reaching safepoint: 48900 ns, At safepoint: 4801 ns, Total: 53701 ns
[919.133s][info ][safepoint      ] Safepoint "Cleanup", Time since last: 1000066694 ns, Reaching safepoint: 51300 ns, At safepoint: 6901 ns, Total: 58201 ns
[922.133s][info ][safepoint      ] Safepoint "Cleanup", Time since last: 3000175382 ns, Reaching safepoint: 53401 ns, At safepoint: 7100 ns, Total: 60501 ns
[923.133s][info ][safepoint      ] Safepoint "Cleanup", Time since last: 1000113395 ns, Reaching safepoint: 53801 ns, At safepoint: 3100 ns, Total: 56901 ns
[924.133s][info ][safepoint      ] Safepoint "Cleanup", Time since last: 1000114395 ns, Reaching safepoint: 50801 ns, At safepoint: 3000 ns, Total: 53801 ns
[925.134s][info ][safepoint      ] Safepoint "Cleanup", Time since last: 1000106196 ns, Reaching safepoint: 59501 ns, At safepoint: 6200 ns, Total: 65701 ns
[926.134s][info ][safepoint      ] Safepoint "Cleanup", Time since last: 1000109195 ns, Reaching safepoint: 52701 ns, At safepoint: 3000 ns, Total: 55701 ns
[930.134s][info ][safepoint      ] Safepoint "Cleanup", Time since last: 4000328080 ns, Reaching safepoint: 51901 ns, At safepoint: 6900 ns, Total: 58801 ns
[931.080s][info ][gc,start       ] GC(118) Pause Young (Allocation Failure)
[931.097s][debug][gc,phases      ] GC(118) Scavenge 17.050ms
[931.097s][debug][gc,ref         ] GC(118) Skipped phase 1 of Reference Processing: no references
[931.097s][debug][gc,ref         ] GC(118) ReferenceProcessor::execute queues: 1, RefProcThreadModel::Single, marks_oops_alive: false
[931.097s][debug][gc,ref         ] GC(118) Skipped phase 3 of Reference Processing: no references
[931.097s][debug][gc,ref         ] GC(118) ReferenceProcessor::execute queues: 1, RefProcThreadModel::Single, marks_oops_alive: false
[931.097s][debug][gc,phases      ] GC(118) Reference Processing 0.158ms
[931.097s][debug][gc,phases      ] GC(118)   VM Weak                        Min:  0.0, Avg:  0.0, Max:  0.0, Diff:  0.0, Sum:  0.0, Workers: 4
[931.097s][debug][gc,phases      ] GC(118)     Dead                           Min: 0, Avg:  0.0, Max: 0, Diff: 0, Sum: 0, Workers: 4
[931.097s][debug][gc,phases      ] GC(118)     Total                          Min: 0, Avg: 173.2, Max: 309, Diff: 309, Sum: 693, Workers: 4
[931.097s][debug][gc,phases      ] GC(118)   ObjectSynchronizer Weak        Min:  0.0, Avg:  0.0, Max:  0.0, Diff:  0.0, Sum:  0.0, Workers: 4
[931.097s][debug][gc,phases      ] GC(118)     Dead                           Min: 0, Avg:  0.2, Max: 1, Diff: 1, Sum: 1, Workers: 4
[931.097s][debug][gc,phases      ] GC(118)     Total                          Min: 0, Avg: 98.5, Max: 202, Diff: 202, Sum: 394, Workers: 4
[931.097s][debug][gc,phases      ] GC(118)   JVMTI Tag Weak OopStorage      Min:  0.0, Avg:  0.0, Max:  0.0, Diff:  0.0, Sum:  0.0, Workers: 4
[931.097s][debug][gc,phases      ] GC(118)     Dead                           Min: 0, Avg:  0.0, Max: 0, Diff: 0, Sum: 0, Workers: 4
[931.097s][debug][gc,phases      ] GC(118)     Total                          Min: 0, Avg:  0.0, Max: 0, Diff: 0, Sum: 0, Workers: 4
[931.097s][debug][gc,phases      ] GC(118)   StringTable Weak               Min:  0.1, Avg:  0.1, Max:  0.1, Diff:  0.0, Sum:  0.5, Workers: 4
[931.097s][debug][gc,phases      ] GC(118)     Dead                           Min: 0, Avg:  0.0, Max: 0, Diff: 0, Sum: 0, Workers: 4
[931.097s][debug][gc,phases      ] GC(118)     Total                          Min: 10432, Avg: 12023.0, Max: 13376, Diff: 2944, Sum: 48092, Workers: 4
[931.097s][debug][gc,phases      ] GC(118)   ResolvedMethodTable Weak       Min:  0.0, Avg:  0.0, Max:  0.0, Diff:  0.0, Sum:  0.1, Workers: 4
[931.097s][debug][gc,phases      ] GC(118)     Dead                           Min: 0, Avg:  0.0, Max: 0, Diff: 0, Sum: 0, Workers: 4
[931.097s][debug][gc,phases      ] GC(118)     Total                          Min: 1849, Avg: 2002.8, Max: 2349, Diff: 500, Sum: 8011, Workers: 4
[931.097s][debug][gc,phases      ] GC(118)   JNI Weak                       Min:  0.0, Avg:  0.0, Max:  0.0, Diff:  0.0, Sum:  0.0, Workers: 4
[931.097s][debug][gc,phases      ] GC(118)     Dead                           Min: 0, Avg:  0.0, Max: 0, Diff: 0, Sum: 0, Workers: 4
[931.097s][debug][gc,phases      ] GC(118)     Total                          Min: 0, Avg:  0.0, Max: 0, Diff: 0, Sum: 0, Workers: 4
[931.097s][debug][gc,phases      ] GC(118)   StringDedup Table Weak         Min:  0.0, Avg:  0.0, Max:  0.0, Diff:  0.0, Sum:  0.0, Workers: 4
[931.097s][debug][gc,phases      ] GC(118)     Dead                           Min: 0, Avg:  0.0, Max: 0, Diff: 0, Sum: 0, Workers: 4
[931.097s][debug][gc,phases      ] GC(118)     Total                          Min: 0, Avg:  0.0, Max: 0, Diff: 0, Sum: 0, Workers: 4
[931.097s][debug][gc,phases      ] GC(118)   StringDedup Requests0 Weak     Min:  0.0, Avg:  0.0, Max:  0.0, Diff:  0.0, Sum:  0.0, Workers: 4
[931.097s][debug][gc,phases      ] GC(118)     Dead                           Min: 0, Avg:  0.0, Max: 0, Diff: 0, Sum: 0, Workers: 4
[931.097s][debug][gc,phases      ] GC(118)     Total                          Min: 0, Avg:  0.0, Max: 0, Diff: 0, Sum: 0, Workers: 4
[931.097s][debug][gc,phases      ] GC(118)   StringDedup Requests1 Weak     Min:  0.0, Avg:  0.0, Max:  0.0, Diff:  0.0, Sum:  0.0, Workers: 4
[931.097s][debug][gc,phases      ] GC(118)     Dead                           Min: 0, Avg:  0.0, Max: 0, Diff: 0, Sum: 0, Workers: 4
[931.097s][debug][gc,phases      ] GC(118)     Total                          Min: 0, Avg:  0.0, Max: 0, Diff: 0, Sum: 0, Workers: 4
[931.097s][debug][gc,phases      ] GC(118)   Weak JFR Old Object Samples    Min:  0.0, Avg:  0.0, Max:  0.0, Diff:  0.0, Sum:  0.0, Workers: 4
[931.097s][debug][gc,phases      ] GC(118)     Dead                           Min: 0, Avg:  0.0, Max: 0, Diff: 0, Sum: 0, Workers: 4
[931.097s][debug][gc,phases      ] GC(118)     Total                          Min: 0, Avg:  0.0, Max: 0, Diff: 0, Sum: 0, Workers: 4
[931.097s][debug][gc,phases      ] GC(118) Weak Processing 0.356ms
[931.097s][debug][gc,age         ] GC(118) Desired survivor size 117964800 bytes, new threshold 15 (max threshold 15)
[931.097s][info ][gc,heap        ] GC(118) PSYoungGen: 1909232K(1974272K)->49200K(1981952K) Eden: 1854976K(1854976K)->0K(1865216K) From: 54256K(119296K)->49200K(116736K)
[931.097s][info ][gc,heap        ] GC(118) ParOldGen: 504742K(539136K)->509642K(539136K)
[931.097s][info ][gc,metaspace   ] GC(118) Metaspace: 82838K(83648K)->82838K(83648K) NonClass: 71230K(71680K)->71230K(71680K) Class: 11607K(11968K)->11607K(11968K)
[931.097s][info ][gc             ] GC(118) Pause Young (Allocation Failure) 2357M->545M(2462M) 17.732ms
[931.097s][info ][gc,cpu         ] GC(118) User=0.07s Sys=0.00s Real=0.02s
[931.097s][info ][safepoint      ] Safepoint "ParallelGCFailedAllocation", Time since last: 945369278 ns, Reaching safepoint: 57002 ns, At safepoint: 17822631 ns, Total: 17879633 ns
[932.098s][info ][safepoint      ] Safepoint "Cleanup", Time since last: 1000087695 ns, Reaching safepoint: 49801 ns, At safepoint: 3900 ns, Total: 53701 ns
[933.098s][info ][safepoint      ] Safepoint "Cleanup", Time since last: 1000124397 ns, Reaching safepoint: 70401 ns, At safepoint: 3700 ns, Total: 74101 ns
[937.098s][info ][safepoint      ] Safepoint "Cleanup", Time since last: 4000313782 ns, Reaching safepoint: 46601 ns, At safepoint: 3000 ns, Total: 49601 ns
[949.099s][info ][safepoint      ] Safepoint "Cleanup", Time since last: 12000797552 ns, Reaching safepoint: 44001 ns, At safepoint: 7300 ns, Total: 51301 ns
[952.099s][info ][safepoint      ] Safepoint "Cleanup", Time since last: 3000184389 ns, Reaching safepoint: 91702 ns, At safepoint: 6900 ns, Total: 98602 ns
[953.099s][info ][safepoint      ] Safepoint "Cleanup", Time since last: 1000114198 ns, Reaching safepoint: 121902 ns, At safepoint: 17301 ns, Total: 139203 ns
[954.100s][info ][safepoint      ] Safepoint "Cleanup", Time since last: 1000111297 ns, Reaching safepoint: 50301 ns, At safepoint: 4000 ns, Total: 54301 ns
[956.100s][info ][safepoint      ] Safepoint "Cleanup", Time since last: 2000189095 ns, Reaching safepoint: 121702 ns, At safepoint: 13601 ns, Total: 135303 ns
[957.100s][info ][safepoint      ] Safepoint "Cleanup", Time since last: 1000110497 ns, Reaching safepoint: 52001 ns, At safepoint: 6901 ns, Total: 58902 ns
[959.100s][info ][safepoint      ] Safepoint "Cleanup", Time since last: 2000174195 ns, Reaching safepoint: 52401 ns, At safepoint: 13500 ns, Total: 65901 ns
[961.101s][info ][safepoint      ] Safepoint "Cleanup", Time since last: 2000166595 ns, Reaching safepoint: 58001 ns, At safepoint: 8700 ns, Total: 66701 ns
[962.101s][info ][safepoint      ] Safepoint "Cleanup", Time since last: 1000108699 ns, Reaching safepoint: 44300 ns, At safepoint: 2701 ns, Total: 47001 ns
[963.101s][info ][safepoint      ] Safepoint "Cleanup", Time since last: 1000070897 ns, Reaching safepoint: 54001 ns, At safepoint: 8800 ns, Total: 62801 ns
[964.101s][info ][safepoint      ] Safepoint "Cleanup", Time since last: 1000102399 ns, Reaching safepoint: 46700 ns, At safepoint: 6101 ns, Total: 52801 ns
[965.101s][info ][safepoint      ] Safepoint "Cleanup", Time since last: 1000110398 ns, Reaching safepoint: 46201 ns, At safepoint: 4300 ns, Total: 50501 ns
[966.101s][info ][safepoint      ] Safepoint "Cleanup", Time since last: 1000121199 ns, Reaching safepoint: 65901 ns, At safepoint: 12200 ns, Total: 78101 ns
[967.102s][info ][safepoint      ] Safepoint "Cleanup", Time since last: 1000101699 ns, Reaching safepoint: 57601 ns, At safepoint: 5100 ns, Total: 62701 ns
[968.102s][info ][safepoint      ] Safepoint "Cleanup", Time since last: 1000599308 ns, Reaching safepoint: 57101 ns, At safepoint: 4500 ns, Total: 61601 ns
[969.102s][info ][safepoint      ] Safepoint "Cleanup", Time since last: 1000110799 ns, Reaching safepoint: 89101 ns, At safepoint: 7200 ns, Total: 96301 ns
[970.103s][info ][safepoint      ] Safepoint "Cleanup", Time since last: 1000092599 ns, Reaching safepoint: 66201 ns, At safepoint: 6200 ns, Total: 72401 ns
[971.103s][info ][safepoint      ] Safepoint "Cleanup", Time since last: 1000102699 ns, Reaching safepoint: 75502 ns, At safepoint: 7200 ns, Total: 82702 ns
[972.103s][info ][safepoint      ] Safepoint "Cleanup", Time since last: 1000113499 ns, Reaching safepoint: 61801 ns, At safepoint: 8700 ns, Total: 70501 ns
[973.103s][info ][safepoint      ] Safepoint "Cleanup", Time since last: 1000111199 ns, Reaching safepoint: 70001 ns, At safepoint: 34201 ns, Total: 104202 ns
[974.103s][info ][safepoint      ] Safepoint "Cleanup", Time since last: 1000105299 ns, Reaching safepoint: 48301 ns, At safepoint: 7100 ns, Total: 55401 ns
[976.104s][info ][safepoint      ] Safepoint "Cleanup", Time since last: 2000186098 ns, Reaching safepoint: 61801 ns, At safepoint: 11700 ns, Total: 73501 ns
[979.104s][info ][safepoint      ] Safepoint "Cleanup", Time since last: 3000175396 ns, Reaching safepoint: 57101 ns, At safepoint: 3400 ns, Total: 60501 ns
[980.577s][info ][gc,start       ] GC(119) Pause Young (Allocation Failure)
[980.595s][debug][gc,phases      ] GC(119) Scavenge 17.902ms
[980.595s][debug][gc,ref         ] GC(119) Skipped phase 1 of Reference Processing: no references
[980.595s][debug][gc,ref         ] GC(119) ReferenceProcessor::execute queues: 1, RefProcThreadModel::Single, marks_oops_alive: false
[980.595s][debug][gc,ref         ] GC(119) Skipped phase 3 of Reference Processing: no references
[980.595s][debug][gc,ref         ] GC(119) ReferenceProcessor::execute queues: 1, RefProcThreadModel::Single, marks_oops_alive: false
[980.595s][debug][gc,phases      ] GC(119) Reference Processing 0.160ms
[980.595s][debug][gc,phases      ] GC(119)   VM Weak                        Min:  0.0, Avg:  0.0, Max:  0.0, Diff:  0.0, Sum:  0.0, Workers: 4
[980.595s][debug][gc,phases      ] GC(119)     Dead                           Min: 0, Avg:  0.0, Max: 0, Diff: 0, Sum: 0, Workers: 4
[980.595s][debug][gc,phases      ] GC(119)     Total                          Min: 0, Avg: 173.5, Max: 374, Diff: 374, Sum: 694, Workers: 4
[980.595s][debug][gc,phases      ] GC(119)   ObjectSynchronizer Weak        Min:  0.0, Avg:  0.0, Max:  0.0, Diff:  0.0, Sum:  0.0, Workers: 4
[980.595s][debug][gc,phases      ] GC(119)     Dead                           Min: 0, Avg:  0.0, Max: 0, Diff: 0, Sum: 0, Workers: 4
[980.595s][debug][gc,phases      ] GC(119)     Total                          Min: 0, Avg: 98.5, Max: 202, Diff: 202, Sum: 394, Workers: 4
[980.595s][debug][gc,phases      ] GC(119)   JVMTI Tag Weak OopStorage      Min:  0.0, Avg:  0.0, Max:  0.0, Diff:  0.0, Sum:  0.0, Workers: 4
[980.595s][debug][gc,phases      ] GC(119)     Dead                           Min: 0, Avg:  0.0, Max: 0, Diff: 0, Sum: 0, Workers: 4
[980.595s][debug][gc,phases      ] GC(119)     Total                          Min: 0, Avg:  0.0, Max: 0, Diff: 0, Sum: 0, Workers: 4
[980.595s][debug][gc,phases      ] GC(119)   StringTable Weak               Min:  0.1, Avg:  0.1, Max:  0.2, Diff:  0.1, Sum:  0.5, Workers: 4
[980.595s][debug][gc,phases      ] GC(119)     Dead                           Min: 0, Avg:  0.0, Max: 0, Diff: 0, Sum: 0, Workers: 4
[980.595s][debug][gc,phases      ] GC(119)     Total                          Min: 10880, Avg: 12023.2, Max: 13248, Diff: 2368, Sum: 48093, Workers: 4
[980.595s][debug][gc,phases      ] GC(119)   ResolvedMethodTable Weak       Min:  0.0, Avg:  0.0, Max:  0.0, Diff:  0.0, Sum:  0.1, Workers: 4
[980.595s][debug][gc,phases      ] GC(119)     Dead                           Min: 0, Avg:  0.0, Max: 0, Diff: 0, Sum: 0, Workers: 4
[980.595s][debug][gc,phases      ] GC(119)     Total                          Min: 0, Avg: 2003.0, Max: 2986, Diff: 2986, Sum: 8012, Workers: 4
[980.595s][debug][gc,phases      ] GC(119)   JNI Weak                       Min:  0.0, Avg:  0.0, Max:  0.0, Diff:  0.0, Sum:  0.0, Workers: 4
[980.595s][debug][gc,phases      ] GC(119)     Dead                           Min: 0, Avg:  0.0, Max: 0, Diff: 0, Sum: 0, Workers: 4
[980.595s][debug][gc,phases      ] GC(119)     Total                          Min: 0, Avg:  0.0, Max: 0, Diff: 0, Sum: 0, Workers: 4
[980.595s][debug][gc,phases      ] GC(119)   StringDedup Table Weak         Min:  0.0, Avg:  0.0, Max:  0.0, Diff:  0.0, Sum:  0.0, Workers: 4
[980.595s][debug][gc,phases      ] GC(119)     Dead                           Min: 0, Avg:  0.0, Max: 0, Diff: 0, Sum: 0, Workers: 4
[980.595s][debug][gc,phases      ] GC(119)     Total                          Min: 0, Avg:  0.0, Max: 0, Diff: 0, Sum: 0, Workers: 4
[980.595s][debug][gc,phases      ] GC(119)   StringDedup Requests0 Weak     Min:  0.0, Avg:  0.0, Max:  0.0, Diff:  0.0, Sum:  0.0, Workers: 4
[980.595s][debug][gc,phases      ] GC(119)     Dead                           Min: 0, Avg:  0.0, Max: 0, Diff: 0, Sum: 0, Workers: 4
[980.595s][debug][gc,phases      ] GC(119)     Total                          Min: 0, Avg:  0.0, Max: 0, Diff: 0, Sum: 0, Workers: 4
[980.595s][debug][gc,phases      ] GC(119)   StringDedup Requests1 Weak     Min:  0.0, Avg:  0.0, Max:  0.0, Diff:  0.0, Sum:  0.0, Workers: 4
[980.595s][debug][gc,phases      ] GC(119)     Dead                           Min: 0, Avg:  0.0, Max: 0, Diff: 0, Sum: 0, Workers: 4
[980.595s][debug][gc,phases      ] GC(119)     Total                          Min: 0, Avg:  0.0, Max: 0, Diff: 0, Sum: 0, Workers: 4
[980.595s][debug][gc,phases      ] GC(119)   Weak JFR Old Object Samples    Min:  0.0, Avg:  0.0, Max:  0.0, Diff:  0.0, Sum:  0.0, Workers: 4
[980.595s][debug][gc,phases      ] GC(119)     Dead                           Min: 0, Avg:  0.0, Max: 0, Diff: 0, Sum: 0, Workers: 4
[980.595s][debug][gc,phases      ] GC(119)     Total                          Min: 0, Avg:  0.0, Max: 0, Diff: 0, Sum: 0, Workers: 4
[980.595s][debug][gc,phases      ] GC(119) Weak Processing 0.384ms
[980.595s][debug][gc,age         ] GC(119) Desired survivor size 114819072 bytes, new threshold 15 (max threshold 15)
[980.595s][info ][gc,heap        ] GC(119) PSYoungGen: 1914416K(1981952K)->57072K(1980416K) Eden: 1865216K(1865216K)->0K(1865216K) From: 49200K(116736K)->57072K(115200K)
[980.595s][info ][gc,heap        ] GC(119) ParOldGen: 509642K(539136K)->515210K(539136K)
[980.595s][info ][gc,metaspace   ] GC(119) Metaspace: 82888K(83776K)->82888K(83776K) NonClass: 71279K(71744K)->71279K(71744K) Class: 11608K(12032K)->11608K(12032K)
[980.595s][info ][gc             ] GC(119) Pause Young (Allocation Failure) 2367M->558M(2460M) 18.605ms
[980.595s][info ][gc,cpu         ] GC(119) User=0.07s Sys=0.00s Real=0.02s
[980.595s][info ][safepoint      ] Safepoint "ParallelGCFailedAllocation", Time since last: 1472695089 ns, Reaching safepoint: 50401 ns, At safepoint: 18694647 ns, Total: 18745048 ns
[981.595s][info ][safepoint      ] Safepoint "Cleanup", Time since last: 1000083600 ns, Reaching safepoint: 59201 ns, At safepoint: 8000 ns, Total: 67201 ns
[983.596s][info ][safepoint      ] Safepoint "Cleanup", Time since last: 2000191399 ns, Reaching safepoint: 52201 ns, At safepoint: 7000 ns, Total: 59201 ns
[986.596s][info ][safepoint      ] Safepoint "Cleanup", Time since last: 3000279799 ns, Reaching safepoint: 51201 ns, At safepoint: 7700 ns, Total: 58901 ns
[988.172s][info ][safepoint      ] Safepoint "Cleanup", Time since last: 1575954810 ns, Reaching safepoint: 136903 ns, At safepoint: 11400 ns, Total: 148303 ns
[989.172s][info ][safepoint      ] Safepoint "Cleanup", Time since last: 1000140901 ns, Reaching safepoint: 61201 ns, At safepoint: 3000 ns, Total: 64201 ns
[992.173s][info ][safepoint      ] Safepoint "Cleanup", Time since last: 3000263700 ns, Reaching safepoint: 86402 ns, At safepoint: 10600 ns, Total: 97002 ns
[993.173s][info ][safepoint      ] Safepoint "Cleanup", Time since last: 1000118300 ns, Reaching safepoint: 64002 ns, At safepoint: 6900 ns, Total: 70902 ns
[995.173s][info ][safepoint      ] Safepoint "Cleanup", Time since last: 2000207201 ns, Reaching safepoint: 63201 ns, At safepoint: 8700 ns, Total: 71901 ns
[996.173s][info ][safepoint      ] Safepoint "Cleanup", Time since last: 1000124801 ns, Reaching safepoint: 97502 ns, At safepoint: 8400 ns, Total: 105902 ns
[997.174s][info ][safepoint      ] Safepoint "Cleanup", Time since last: 1000119601 ns, Reaching safepoint: 89202 ns, At safepoint: 8800 ns, Total: 98002 ns
[998.174s][info ][safepoint      ] Safepoint "Cleanup", Time since last: 1000118201 ns, Reaching safepoint: 68102 ns, At safepoint: 6300 ns, Total: 74402 ns
[999.174s][info ][safepoint      ] Safepoint "Cleanup", Time since last: 1000116201 ns, Reaching safepoint: 115102 ns, At safepoint: 33601 ns, Total: 148703 ns
[999.376s][info ][safepoint      ] Safepoint "ICBufferFull", Time since last: 201642550 ns, Reaching safepoint: 281305 ns, At safepoint: 22801 ns, Total: 304106 ns
[999.435s][info ][safepoint      ] Safepoint "ICBufferFull", Time since last: 58557289 ns, Reaching safepoint: 256404 ns, At safepoint: 32501 ns, Total: 288905 ns
[999.435s][info ][safepoint      ] Safepoint "ICBufferFull", Time since last: 66401 ns, Reaching safepoint: 96102 ns, At safepoint: 34601 ns, Total: 130703 ns
[999.628s][info ][safepoint      ] Safepoint "ICBufferFull", Time since last: 192534781 ns, Reaching safepoint: 459908 ns, At safepoint: 30501 ns, Total: 490409 ns
[1000.194s][info ][safepoint      ] Safepoint "ICBufferFull", Time since last: 565387915 ns, Reaching safepoint: 210404 ns, At safepoint: 10401 ns, Total: 220805 ns
[1000.323s][info ][safepoint      ] Safepoint "ICBufferFull", Time since last: 129362906 ns, Reaching safepoint: 177003 ns, At safepoint: 9600 ns, Total: 186603 ns
[1000.634s][info ][safepoint      ] Safepoint "ICBufferFull", Time since last: 310227870 ns, Reaching safepoint: 260105 ns, At safepoint: 8200 ns, Total: 268305 ns
[1001.634s][info ][safepoint      ] Safepoint "Cleanup", Time since last: 1000101301 ns, Reaching safepoint: 224604 ns, At safepoint: 13500 ns, Total: 238104 ns
[1002.634s][info ][safepoint      ] Safepoint "Cleanup", Time since last: 1000114402 ns, Reaching safepoint: 94402 ns, At safepoint: 9900 ns, Total: 104302 ns
[1003.634s][info ][safepoint      ] Safepoint "Cleanup", Time since last: 1000115401 ns, Reaching safepoint: 63601 ns, At safepoint: 6400 ns, Total: 70001 ns
[1004.635s][info ][safepoint      ] Safepoint "Cleanup", Time since last: 1000114902 ns, Reaching safepoint: 62401 ns, At safepoint: 7000 ns, Total: 69401 ns
[1005.635s][info ][safepoint      ] Safepoint "Cleanup", Time since last: 1000112702 ns, Reaching safepoint: 46101 ns, At safepoint: 4100 ns, Total: 50201 ns
[1005.834s][info ][gc,start       ] GC(120) Pause Young (Allocation Failure)
[1005.859s][debug][gc,phases      ] GC(120) Scavenge 24.763ms
[1005.859s][debug][gc,ref         ] GC(120) Skipped phase 1 of Reference Processing: no references
[1005.859s][debug][gc,ref         ] GC(120) ReferenceProcessor::execute queues: 2, RefProcThreadModel::Multi, marks_oops_alive: false
[1005.860s][debug][gc,ref         ] GC(120) Skipped phase 3 of Reference Processing: no references
[1005.860s][debug][gc,ref         ] GC(120) ReferenceProcessor::execute queues: 1, RefProcThreadModel::Single, marks_oops_alive: false
[1005.860s][debug][gc,phases      ] GC(120) Reference Processing 0.256ms
[1005.860s][debug][gc,phases      ] GC(120)   VM Weak                        Min:  0.0, Avg:  0.0, Max:  0.0, Diff:  0.0, Sum:  0.0, Workers: 4
[1005.860s][debug][gc,phases      ] GC(120)     Dead                           Min: 0, Avg:  0.0, Max: 0, Diff: 0, Sum: 0, Workers: 4
[1005.860s][debug][gc,phases      ] GC(120)     Total                          Min: 0, Avg: 182.8, Max: 320, Diff: 320, Sum: 731, Workers: 4
[1005.860s][debug][gc,phases      ] GC(120)   ObjectSynchronizer Weak        Min:  0.0, Avg:  0.0, Max:  0.0, Diff:  0.0, Sum:  0.0, Workers: 4
[1005.860s][debug][gc,phases      ] GC(120)     Dead                           Min: 0, Avg:  0.5, Max: 2, Diff: 2, Sum: 2, Workers: 4
[1005.860s][debug][gc,phases      ] GC(120)     Total                          Min: 0, Avg: 99.5, Max: 270, Diff: 270, Sum: 398, Workers: 4
[1005.860s][debug][gc,phases      ] GC(120)   JVMTI Tag Weak OopStorage      Min:  0.0, Avg:  0.0, Max:  0.0, Diff:  0.0, Sum:  0.0, Workers: 4
[1005.860s][debug][gc,phases      ] GC(120)     Dead                           Min: 0, Avg:  0.0, Max: 0, Diff: 0, Sum: 0, Workers: 4
[1005.860s][debug][gc,phases      ] GC(120)     Total                          Min: 0, Avg:  0.0, Max: 0, Diff: 0, Sum: 0, Workers: 4
[1005.860s][debug][gc,phases      ] GC(120)   StringTable Weak               Min:  0.1, Avg:  0.1, Max:  0.1, Diff:  0.0, Sum:  0.6, Workers: 4
[1005.860s][debug][gc,phases      ] GC(120)     Dead                           Min: 0, Avg:  1.8, Max: 4, Diff: 4, Sum: 7, Workers: 4
[1005.860s][debug][gc,phases      ] GC(120)     Total                          Min: 11392, Avg: 12081.0, Max: 12672, Diff: 1280, Sum: 48324, Workers: 4
[1005.860s][debug][gc,phases      ] GC(120)   ResolvedMethodTable Weak       Min:  0.0, Avg:  0.0, Max:  0.0, Diff:  0.0, Sum:  0.1, Workers: 4
[1005.860s][debug][gc,phases      ] GC(120)     Dead                           Min: 2, Avg:  5.0, Max: 8, Diff: 6, Sum: 20, Workers: 4
[1005.860s][debug][gc,phases      ] GC(120)     Total                          Min: 1856, Avg: 2077.5, Max: 2358, Diff: 502, Sum: 8310, Workers: 4
[1005.860s][debug][gc,phases      ] GC(120)   JNI Weak                       Min:  0.0, Avg:  0.0, Max:  0.0, Diff:  0.0, Sum:  0.0, Workers: 4
[1005.860s][debug][gc,phases      ] GC(120)     Dead                           Min: 0, Avg:  0.0, Max: 0, Diff: 0, Sum: 0, Workers: 4
[1005.860s][debug][gc,phases      ] GC(120)     Total                          Min: 0, Avg:  0.0, Max: 0, Diff: 0, Sum: 0, Workers: 4
[1005.860s][debug][gc,phases      ] GC(120)   StringDedup Table Weak         Min:  0.0, Avg:  0.0, Max:  0.0, Diff:  0.0, Sum:  0.0, Workers: 4
[1005.860s][debug][gc,phases      ] GC(120)     Dead                           Min: 0, Avg:  0.0, Max: 0, Diff: 0, Sum: 0, Workers: 4
[1005.860s][debug][gc,phases      ] GC(120)     Total                          Min: 0, Avg:  0.0, Max: 0, Diff: 0, Sum: 0, Workers: 4
[1005.860s][debug][gc,phases      ] GC(120)   StringDedup Requests0 Weak     Min:  0.0, Avg:  0.0, Max:  0.0, Diff:  0.0, Sum:  0.0, Workers: 4
[1005.860s][debug][gc,phases      ] GC(120)     Dead                           Min: 0, Avg:  0.0, Max: 0, Diff: 0, Sum: 0, Workers: 4
[1005.860s][debug][gc,phases      ] GC(120)     Total                          Min: 0, Avg:  0.0, Max: 0, Diff: 0, Sum: 0, Workers: 4
[1005.860s][debug][gc,phases      ] GC(120)   StringDedup Requests1 Weak     Min:  0.0, Avg:  0.0, Max:  0.0, Diff:  0.0, Sum:  0.0, Workers: 4
[1005.860s][debug][gc,phases      ] GC(120)     Dead                           Min: 0, Avg:  0.0, Max: 0, Diff: 0, Sum: 0, Workers: 4
[1005.860s][debug][gc,phases      ] GC(120)     Total                          Min: 0, Avg:  0.0, Max: 0, Diff: 0, Sum: 0, Workers: 4
[1005.860s][debug][gc,phases      ] GC(120)   Weak JFR Old Object Samples    Min:  0.0, Avg:  0.0, Max:  0.0, Diff:  0.0, Sum:  0.0, Workers: 4
[1005.860s][debug][gc,phases      ] GC(120)     Dead                           Min: 0, Avg:  0.0, Max: 0, Diff: 0, Sum: 0, Workers: 4
[1005.860s][debug][gc,phases      ] GC(120)     Total                          Min: 0, Avg:  0.0, Max: 0, Diff: 0, Sum: 0, Workers: 4
[1005.860s][debug][gc,phases      ] GC(120) Weak Processing 0.386ms
[1005.860s][debug][gc,age         ] GC(120) Desired survivor size 112197632 bytes, new threshold 15 (max threshold 15)
[1005.860s][info ][gc,heap        ] GC(120) PSYoungGen: 1922288K(1980416K)->71543K(1987584K) Eden: 1865216K(1865216K)->0K(1875456K) From: 57072K(115200K)->71543K(112128K)
[1005.860s][info ][gc,heap        ] GC(120) ParOldGen: 515210K(539136K)->523304K(539136K)
[1005.860s][info ][gc,metaspace   ] GC(120) Metaspace: 84079K(84992K)->84079K(84992K) NonClass: 72304K(72832K)->72304K(72832K) Class: 11774K(12160K)->11774K(12160K)
[1005.860s][info ][gc             ] GC(120) Pause Young (Allocation Failure) 2380M->580M(2467M) 25.556ms
[1005.860s][info ][gc,cpu         ] GC(120) User=0.08s Sys=0.02s Real=0.03s
[1005.860s][info ][safepoint      ] Safepoint "ParallelGCFailedAllocation", Time since last: 199559311 ns, Reaching safepoint: 44301 ns, At safepoint: 25647177 ns, Total: 25691478 ns
[1006.860s][info ][safepoint      ] Safepoint "Cleanup", Time since last: 1000093201 ns, Reaching safepoint: 71802 ns, At safepoint: 6200 ns, Total: 78002 ns
[1007.860s][info ][safepoint      ] Safepoint "Cleanup", Time since last: 1000147102 ns, Reaching safepoint: 69402 ns, At safepoint: 8200 ns, Total: 77602 ns
[1008.861s][info ][safepoint      ] Safepoint "Cleanup", Time since last: 1000119402 ns, Reaching safepoint: 83601 ns, At safepoint: 10100 ns, Total: 93701 ns
[1009.861s][info ][safepoint      ] Safepoint "Cleanup", Time since last: 1000111602 ns, Reaching safepoint: 86002 ns, At safepoint: 11700 ns, Total: 97702 ns
[1010.861s][info ][safepoint      ] Safepoint "Cleanup", Time since last: 1000106702 ns, Reaching safepoint: 67901 ns, At safepoint: 5000 ns, Total: 72901 ns
[1011.861s][info ][safepoint      ] Safepoint "Cleanup", Time since last: 1000125802 ns, Reaching safepoint: 70402 ns, At safepoint: 4400 ns, Total: 74802 ns
[1012.861s][info ][safepoint      ] Safepoint "Cleanup", Time since last: 1000139602 ns, Reaching safepoint: 67801 ns, At safepoint: 21001 ns, Total: 88802 ns
[1013.862s][info ][safepoint      ] Safepoint "Cleanup", Time since last: 1000118702 ns, Reaching safepoint: 76501 ns, At safepoint: 17001 ns, Total: 93502 ns
[1014.862s][info ][safepoint      ] Safepoint "Cleanup", Time since last: 1000135102 ns, Reaching safepoint: 69002 ns, At safepoint: 8000 ns, Total: 77002 ns
[1015.862s][info ][safepoint      ] Safepoint "Cleanup", Time since last: 1000134402 ns, Reaching safepoint: 57201 ns, At safepoint: 3901 ns, Total: 61102 ns
[1019.863s][info ][safepoint      ] Safepoint "Cleanup", Time since last: 4000336107 ns, Reaching safepoint: 55601 ns, At safepoint: 7500 ns, Total: 63101 ns
[1021.863s][info ][safepoint      ] Safepoint "Cleanup", Time since last: 2000213605 ns, Reaching safepoint: 70902 ns, At safepoint: 4100 ns, Total: 75002 ns
[1022.863s][info ][safepoint      ] Safepoint "Cleanup", Time since last: 1000126103 ns, Reaching safepoint: 63001 ns, At safepoint: 5700 ns, Total: 68701 ns
[1025.863s][info ][safepoint      ] Safepoint "Cleanup", Time since last: 3000224306 ns, Reaching safepoint: 57701 ns, At safepoint: 11701 ns, Total: 69402 ns
[1026.863s][info ][safepoint      ] Safepoint "Cleanup", Time since last: 1000140603 ns, Reaching safepoint: 62901 ns, At safepoint: 4300 ns, Total: 67201 ns
[1029.864s][info ][safepoint      ] Safepoint "Cleanup", Time since last: 3000272908 ns, Reaching safepoint: 52501 ns, At safepoint: 3101 ns, Total: 55602 ns
[1030.864s][info ][safepoint      ] Safepoint "Cleanup", Time since last: 1000127903 ns, Reaching safepoint: 70601 ns, At safepoint: 9101 ns, Total: 79702 ns
[1032.864s][info ][safepoint      ] Safepoint "Cleanup", Time since last: 2000197306 ns, Reaching safepoint: 59701 ns, At safepoint: 9500 ns, Total: 69201 ns
[1033.864s][info ][safepoint      ] Safepoint "Cleanup", Time since last: 1000121604 ns, Reaching safepoint: 55801 ns, At safepoint: 6500 ns, Total: 62301 ns
[1034.865s][info ][safepoint      ] Safepoint "Cleanup", Time since last: 1000124604 ns, Reaching safepoint: 63401 ns, At safepoint: 9300 ns, Total: 72701 ns
[1035.865s][info ][safepoint      ] Safepoint "Cleanup", Time since last: 1000139204 ns, Reaching safepoint: 66701 ns, At safepoint: 11200 ns, Total: 77901 ns
[1036.865s][info ][safepoint      ] Safepoint "Cleanup", Time since last: 1000123204 ns, Reaching safepoint: 50701 ns, At safepoint: 5000 ns, Total: 55701 ns
[1038.865s][info ][safepoint      ] Safepoint "Cleanup", Time since last: 2000196107 ns, Reaching safepoint: 48801 ns, At safepoint: 4200 ns, Total: 53001 ns
[1046.349s][info ][safepoint      ] Safepoint "Cleanup", Time since last: 7483787514 ns, Reaching safepoint: 38400 ns, At safepoint: 6900 ns, Total: 45300 ns
[1047.349s][info ][safepoint      ] Safepoint "Cleanup", Time since last: 1000107505 ns, Reaching safepoint: 156703 ns, At safepoint: 13200 ns, Total: 169903 ns
[1048.350s][info ][safepoint      ] Safepoint "Cleanup", Time since last: 1000108204 ns, Reaching safepoint: 56801 ns, At safepoint: 8000 ns, Total: 64801 ns
[1051.350s][info ][safepoint      ] Safepoint "Cleanup", Time since last: 3000243512 ns, Reaching safepoint: 57901 ns, At safepoint: 11000 ns, Total: 68901 ns
[1052.350s][info ][safepoint      ] Safepoint "Cleanup", Time since last: 1000107105 ns, Reaching safepoint: 30701 ns, At safepoint: 2900 ns, Total: 33601 ns
[1055.350s][info ][safepoint      ] Safepoint "Cleanup", Time since last: 3000224212 ns, Reaching safepoint: 48001 ns, At safepoint: 6200 ns, Total: 54201 ns
[1064.351s][info ][safepoint      ] Safepoint "Cleanup", Time since last: 9000782542 ns, Reaching safepoint: 54601 ns, At safepoint: 5100 ns, Total: 59701 ns
[1069.352s][info ][safepoint      ] Safepoint "Cleanup", Time since last: 5000357025 ns, Reaching safepoint: 47601 ns, At safepoint: 7200 ns, Total: 54801 ns
[1070.352s][info ][safepoint      ] Safepoint "Cleanup", Time since last: 1000110806 ns, Reaching safepoint: 51501 ns, At safepoint: 8300 ns, Total: 59801 ns
[1072.971s][info ][safepoint      ] Safepoint "ICBufferFull", Time since last: 2619348330 ns, Reaching safepoint: 229104 ns, At safepoint: 14300 ns, Total: 243404 ns
[1073.150s][info ][gc,start       ] GC(121) Pause Young (Allocation Failure)
[1073.173s][debug][gc,phases      ] GC(121) Scavenge 23.842ms
[1073.173s][debug][gc,ref         ] GC(121) Skipped phase 1 of Reference Processing: no references
[1073.174s][debug][gc,ref         ] GC(121) ReferenceProcessor::execute queues: 1, RefProcThreadModel::Single, marks_oops_alive: false
[1073.174s][debug][gc,ref         ] GC(121) Skipped phase 3 of Reference Processing: no references
[1073.174s][debug][gc,ref         ] GC(121) ReferenceProcessor::execute queues: 1, RefProcThreadModel::Single, marks_oops_alive: false
[1073.174s][debug][gc,phases      ] GC(121) Reference Processing 0.197ms
[1073.174s][debug][gc,phases      ] GC(121)   VM Weak                        Min:  0.0, Avg:  0.0, Max:  0.0, Diff:  0.0, Sum:  0.0, Workers: 4
[1073.174s][debug][gc,phases      ] GC(121)     Dead                           Min: 0, Avg:  0.0, Max: 0, Diff: 0, Sum: 0, Workers: 4
[1073.174s][debug][gc,phases      ] GC(121)     Total                          Min: 0, Avg: 182.8, Max: 384, Diff: 384, Sum: 731, Workers: 4
[1073.174s][debug][gc,phases      ] GC(121)   ObjectSynchronizer Weak        Min:  0.0, Avg:  0.0, Max:  0.0, Diff:  0.0, Sum:  0.0, Workers: 4
[1073.174s][debug][gc,phases      ] GC(121)     Dead                           Min: 0, Avg:  0.0, Max: 0, Diff: 0, Sum: 0, Workers: 4
[1073.174s][debug][gc,phases      ] GC(121)     Total                          Min: 64, Avg: 99.5, Max: 128, Diff: 64, Sum: 398, Workers: 4
[1073.174s][debug][gc,phases      ] GC(121)   JVMTI Tag Weak OopStorage      Min:  0.0, Avg:  0.0, Max:  0.0, Diff:  0.0, Sum:  0.0, Workers: 4
[1073.174s][debug][gc,phases      ] GC(121)     Dead                           Min: 0, Avg:  0.0, Max: 0, Diff: 0, Sum: 0, Workers: 4
[1073.174s][debug][gc,phases      ] GC(121)     Total                          Min: 0, Avg:  0.0, Max: 0, Diff: 0, Sum: 0, Workers: 4
[1073.174s][debug][gc,phases      ] GC(121)   StringTable Weak               Min:  0.1, Avg:  0.1, Max:  0.1, Diff:  0.0, Sum:  0.5, Workers: 4
[1073.174s][debug][gc,phases      ] GC(121)     Dead                           Min: 0, Avg:  0.0, Max: 0, Diff: 0, Sum: 0, Workers: 4
[1073.174s][debug][gc,phases      ] GC(121)     Total                          Min: 11904, Avg: 12085.5, Max: 12480, Diff: 576, Sum: 48342, Workers: 4
[1073.174s][debug][gc,phases      ] GC(121)   ResolvedMethodTable Weak       Min:  0.0, Avg:  0.0, Max:  0.0, Diff:  0.0, Sum:  0.1, Workers: 4
[1073.174s][debug][gc,phases      ] GC(121)     Dead                           Min: 0, Avg:  4.2, Max: 10, Diff: 10, Sum: 17, Workers: 4
[1073.174s][debug][gc,phases      ] GC(121)     Total                          Min: 1919, Avg: 2079.2, Max: 2304, Diff: 385, Sum: 8317, Workers: 4
[1073.174s][debug][gc,phases      ] GC(121)   JNI Weak                       Min:  0.0, Avg:  0.0, Max:  0.0, Diff:  0.0, Sum:  0.0, Workers: 4
[1073.174s][debug][gc,phases      ] GC(121)     Dead                           Min: 0, Avg:  0.0, Max: 0, Diff: 0, Sum: 0, Workers: 4
[1073.174s][debug][gc,phases      ] GC(121)     Total                          Min: 0, Avg:  1.0, Max: 4, Diff: 4, Sum: 4, Workers: 4
[1073.174s][debug][gc,phases      ] GC(121)   StringDedup Table Weak         Min:  0.0, Avg:  0.0, Max:  0.0, Diff:  0.0, Sum:  0.0, Workers: 4
[1073.174s][debug][gc,phases      ] GC(121)     Dead                           Min: 0, Avg:  0.0, Max: 0, Diff: 0, Sum: 0, Workers: 4
[1073.174s][debug][gc,phases      ] GC(121)     Total                          Min: 0, Avg:  0.0, Max: 0, Diff: 0, Sum: 0, Workers: 4
[1073.174s][debug][gc,phases      ] GC(121)   StringDedup Requests0 Weak     Min:  0.0, Avg:  0.0, Max:  0.0, Diff:  0.0, Sum:  0.0, Workers: 4
[1073.174s][debug][gc,phases      ] GC(121)     Dead                           Min: 0, Avg:  0.0, Max: 0, Diff: 0, Sum: 0, Workers: 4
[1073.174s][debug][gc,phases      ] GC(121)     Total                          Min: 0, Avg:  0.0, Max: 0, Diff: 0, Sum: 0, Workers: 4
[1073.174s][debug][gc,phases      ] GC(121)   StringDedup Requests1 Weak     Min:  0.0, Avg:  0.0, Max:  0.0, Diff:  0.0, Sum:  0.0, Workers: 4
[1073.174s][debug][gc,phases      ] GC(121)     Dead                           Min: 0, Avg:  0.0, Max: 0, Diff: 0, Sum: 0, Workers: 4
[1073.174s][debug][gc,phases      ] GC(121)     Total                          Min: 0, Avg:  0.0, Max: 0, Diff: 0, Sum: 0, Workers: 4
[1073.174s][debug][gc,phases      ] GC(121)   Weak JFR Old Object Samples    Min:  0.0, Avg:  0.0, Max:  0.0, Diff:  0.0, Sum:  0.0, Workers: 4
[1073.174s][debug][gc,phases      ] GC(121)     Dead                           Min: 0, Avg:  0.0, Max: 0, Diff: 0, Sum: 0, Workers: 4
[1073.174s][debug][gc,phases      ] GC(121)     Total                          Min: 0, Avg:  0.0, Max: 0, Diff: 0, Sum: 0, Workers: 4
[1073.174s][debug][gc,phases      ] GC(121) Weak Processing 0.365ms
[1073.174s][debug][gc,age         ] GC(121) Desired survivor size 110100480 bytes, new threshold 15 (max threshold 15)
[1073.174s][info ][gc,heap        ] GC(121) PSYoungGen: 1946999K(1987584K)->72168K(1985024K) Eden: 1875456K(1875456K)->0K(1875456K) From: 71543K(112128K)->72168K(109568K)
[1073.174s][info ][gc,heap        ] GC(121) ParOldGen: 523304K(539136K)->527118K(539136K)
[1073.174s][info ][gc,metaspace   ] GC(121) Metaspace: 84152K(85056K)->84152K(85056K) NonClass: 72377K(72896K)->72377K(72896K) Class: 11774K(12160K)->11774K(12160K)
[1073.174s][info ][gc             ] GC(121) Pause Young (Allocation Failure) 2412M->585M(2465M) 24.548ms
[1073.174s][info ][gc,cpu         ] GC(121) User=0.09s Sys=0.01s Real=0.02s
[1073.174s][info ][safepoint      ] Safepoint "ParallelGCFailedAllocation", Time since last: 177913710 ns, Reaching safepoint: 205304 ns, At safepoint: 24639358 ns, Total: 24844662 ns
[1073.313s][info ][safepoint      ] Safepoint "ICBufferFull", Time since last: 138554778 ns, Reaching safepoint: 231504 ns, At safepoint: 20701 ns, Total: 252205 ns
[1073.313s][info ][safepoint      ] Safepoint "ICBufferFull", Time since last: 79301 ns, Reaching safepoint: 86602 ns, At safepoint: 20800 ns, Total: 107402 ns
[1073.317s][info ][safepoint      ] Safepoint "ICBufferFull", Time since last: 4066676 ns, Reaching safepoint: 125602 ns, At safepoint: 20800 ns, Total: 146402 ns
[1074.318s][info ][safepoint      ] Safepoint "Cleanup", Time since last: 1000126707 ns, Reaching safepoint: 102102 ns, At safepoint: 6400 ns, Total: 108502 ns
[1075.318s][info ][safepoint      ] Safepoint "Cleanup", Time since last: 1000118506 ns, Reaching safepoint: 64801 ns, At safepoint: 5800 ns, Total: 70601 ns
[1076.318s][info ][safepoint      ] Safepoint "Cleanup", Time since last: 1000102106 ns, Reaching safepoint: 56001 ns, At safepoint: 4500 ns, Total: 60501 ns
[1077.318s][info ][safepoint      ] Safepoint "Cleanup", Time since last: 1000113907 ns, Reaching safepoint: 60001 ns, At safepoint: 3300 ns, Total: 63301 ns
[1078.318s][info ][safepoint      ] Safepoint "Cleanup", Time since last: 1000108106 ns, Reaching safepoint: 44001 ns, At safepoint: 4500 ns, Total: 48501 ns
[1079.318s][info ][safepoint      ] Safepoint "Cleanup", Time since last: 1000114706 ns, Reaching safepoint: 53801 ns, At safepoint: 7901 ns, Total: 61702 ns
[1080.319s][info ][safepoint      ] Safepoint "Cleanup", Time since last: 1000127706 ns, Reaching safepoint: 121403 ns, At safepoint: 10200 ns, Total: 131603 ns
[1081.319s][info ][safepoint      ] Safepoint "Cleanup", Time since last: 1000089306 ns, Reaching safepoint: 51701 ns, At safepoint: 6500 ns, Total: 58201 ns
[1082.319s][info ][safepoint      ] Safepoint "Cleanup", Time since last: 1000120207 ns, Reaching safepoint: 51701 ns, At safepoint: 9200 ns, Total: 60901 ns
[1083.319s][info ][safepoint      ] Safepoint "Cleanup", Time since last: 1000107806 ns, Reaching safepoint: 53401 ns, At safepoint: 9500 ns, Total: 62901 ns
[1084.319s][info ][safepoint      ] Safepoint "Cleanup", Time since last: 1000088607 ns, Reaching safepoint: 46701 ns, At safepoint: 3600 ns, Total: 50301 ns
[1085.319s][info ][safepoint      ] Safepoint "Cleanup", Time since last: 1000114606 ns, Reaching safepoint: 63302 ns, At safepoint: 7900 ns, Total: 71202 ns
[1085.562s][info ][safepoint      ] Safepoint "ICBufferFull", Time since last: 241962701 ns, Reaching safepoint: 155003 ns, At safepoint: 16901 ns, Total: 171904 ns
[1085.999s][info ][safepoint      ] Safepoint "ICBufferFull", Time since last: 436946429 ns, Reaching safepoint: 209004 ns, At safepoint: 13700 ns, Total: 222704 ns
[1086.056s][info ][safepoint      ] Safepoint "ICBufferFull", Time since last: 57254865 ns, Reaching safepoint: 217104 ns, At safepoint: 6300 ns, Total: 223404 ns
[1087.832s][info ][safepoint      ] Safepoint "Cleanup", Time since last: 1775587435 ns, Reaching safepoint: 114802 ns, At safepoint: 9700 ns, Total: 124502 ns
[1088.832s][info ][safepoint      ] Safepoint "Cleanup", Time since last: 1000116607 ns, Reaching safepoint: 51001 ns, At safepoint: 3700 ns, Total: 54701 ns
[1089.832s][info ][safepoint      ] Safepoint "Cleanup", Time since last: 1000109707 ns, Reaching safepoint: 44001 ns, At safepoint: 3700 ns, Total: 47701 ns
[1090.833s][info ][safepoint      ] Safepoint "Cleanup", Time since last: 1000121407 ns, Reaching safepoint: 53701 ns, At safepoint: 8700 ns, Total: 62401 ns
[1091.833s][info ][safepoint      ] Safepoint "Cleanup", Time since last: 1000113207 ns, Reaching safepoint: 51001 ns, At safepoint: 4600 ns, Total: 55601 ns
[1092.833s][info ][safepoint      ] Safepoint "Cleanup", Time since last: 1000112308 ns, Reaching safepoint: 45300 ns, At safepoint: 3401 ns, Total: 48701 ns
[1093.833s][info ][safepoint      ] Safepoint "Cleanup", Time since last: 1000121707 ns, Reaching safepoint: 71701 ns, At safepoint: 7000 ns, Total: 78701 ns
[1098.833s][info ][safepoint      ] Safepoint "Cleanup", Time since last: 5000351534 ns, Reaching safepoint: 44600 ns, At safepoint: 10301 ns, Total: 54901 ns
[1099.834s][info ][safepoint      ] Safepoint "Cleanup", Time since last: 1000128608 ns, Reaching safepoint: 55201 ns, At safepoint: 7600 ns, Total: 62801 ns
[1100.834s][info ][safepoint      ] Safepoint "Cleanup", Time since last: 1000114207 ns, Reaching safepoint: 60102 ns, At safepoint: 4400 ns, Total: 64502 ns
[1101.834s][info ][safepoint      ] Safepoint "Cleanup", Time since last: 1000126208 ns, Reaching safepoint: 54501 ns, At safepoint: 7600 ns, Total: 62101 ns
[1102.430s][info ][gc,start       ] GC(122) Pause Young (Allocation Failure)
[1102.451s][debug][gc,phases      ] GC(122) Scavenge 21.514ms
[1102.451s][debug][gc,ref         ] GC(122) Skipped phase 1 of Reference Processing: no references
[1102.452s][debug][gc,ref         ] GC(122) ReferenceProcessor::execute queues: 1, RefProcThreadModel::Single, marks_oops_alive: false
[1102.452s][debug][gc,ref         ] GC(122) Skipped phase 3 of Reference Processing: no references
[1102.452s][debug][gc,ref         ] GC(122) ReferenceProcessor::execute queues: 1, RefProcThreadModel::Single, marks_oops_alive: false
[1102.452s][debug][gc,phases      ] GC(122) Reference Processing 0.239ms
[1102.452s][debug][gc,phases      ] GC(122)   VM Weak                        Min:  0.0, Avg:  0.0, Max:  0.0, Diff:  0.0, Sum:  0.0, Workers: 4
[1102.452s][debug][gc,phases      ] GC(122)     Dead                           Min: 0, Avg:  0.0, Max: 0, Diff: 0, Sum: 0, Workers: 4
[1102.452s][debug][gc,phases      ] GC(122)     Total                          Min: 0, Avg: 182.8, Max: 384, Diff: 384, Sum: 731, Workers: 4
[1102.452s][debug][gc,phases      ] GC(122)   ObjectSynchronizer Weak        Min:  0.0, Avg:  0.0, Max:  0.0, Diff:  0.0, Sum:  0.0, Workers: 4
[1102.452s][debug][gc,phases      ] GC(122)     Dead                           Min: 0, Avg:  0.0, Max: 0, Diff: 0, Sum: 0, Workers: 4
[1102.452s][debug][gc,phases      ] GC(122)     Total                          Min: 0, Avg: 99.5, Max: 206, Diff: 206, Sum: 398, Workers: 4
[1102.452s][debug][gc,phases      ] GC(122)   JVMTI Tag Weak OopStorage      Min:  0.0, Avg:  0.0, Max:  0.0, Diff:  0.0, Sum:  0.0, Workers: 4
[1102.452s][debug][gc,phases      ] GC(122)     Dead                           Min: 0, Avg:  0.0, Max: 0, Diff: 0, Sum: 0, Workers: 4
[1102.452s][debug][gc,phases      ] GC(122)     Total                          Min: 0, Avg:  0.0, Max: 0, Diff: 0, Sum: 0, Workers: 4
[1102.452s][debug][gc,phases      ] GC(122)   StringTable Weak               Min:  0.1, Avg:  0.1, Max:  0.1, Diff:  0.0, Sum:  0.5, Workers: 4
[1102.452s][debug][gc,phases      ] GC(122)     Dead                           Min: 0, Avg:  0.0, Max: 0, Diff: 0, Sum: 0, Workers: 4
[1102.452s][debug][gc,phases      ] GC(122)     Total                          Min: 10624, Avg: 12091.2, Max: 13120, Diff: 2496, Sum: 48365, Workers: 4
[1102.452s][debug][gc,phases      ] GC(122)   ResolvedMethodTable Weak       Min:  0.0, Avg:  0.0, Max:  0.0, Diff:  0.0, Sum:  0.1, Workers: 4
[1102.452s][debug][gc,phases      ] GC(122)     Dead                           Min: 0, Avg:  0.0, Max: 0, Diff: 0, Sum: 0, Workers: 4
[1102.452s][debug][gc,phases      ] GC(122)     Total                          Min: 1983, Avg: 2079.8, Max: 2304, Diff: 321, Sum: 8319, Workers: 4
[1102.452s][debug][gc,phases      ] GC(122)   JNI Weak                       Min:  0.0, Avg:  0.0, Max:  0.0, Diff:  0.0, Sum:  0.0, Workers: 4
[1102.452s][debug][gc,phases      ] GC(122)     Dead                           Min: 0, Avg:  0.0, Max: 0, Diff: 0, Sum: 0, Workers: 4
[1102.452s][debug][gc,phases      ] GC(122)     Total                          Min: 0, Avg:  0.0, Max: 0, Diff: 0, Sum: 0, Workers: 4
[1102.452s][debug][gc,phases      ] GC(122)   StringDedup Table Weak         Min:  0.0, Avg:  0.0, Max:  0.0, Diff:  0.0, Sum:  0.0, Workers: 4
[1102.452s][debug][gc,phases      ] GC(122)     Dead                           Min: 0, Avg:  0.0, Max: 0, Diff: 0, Sum: 0, Workers: 4
[1102.452s][debug][gc,phases      ] GC(122)     Total                          Min: 0, Avg:  0.0, Max: 0, Diff: 0, Sum: 0, Workers: 4
[1102.452s][debug][gc,phases      ] GC(122)   StringDedup Requests0 Weak     Min:  0.0, Avg:  0.0, Max:  0.0, Diff:  0.0, Sum:  0.0, Workers: 4
[1102.452s][debug][gc,phases      ] GC(122)     Dead                           Min: 0, Avg:  0.0, Max: 0, Diff: 0, Sum: 0, Workers: 4
[1102.452s][debug][gc,phases      ] GC(122)     Total                          Min: 0, Avg:  0.0, Max: 0, Diff: 0, Sum: 0, Workers: 4
[1102.452s][debug][gc,phases      ] GC(122)   StringDedup Requests1 Weak     Min:  0.0, Avg:  0.0, Max:  0.0, Diff:  0.0, Sum:  0.0, Workers: 4
[1102.452s][debug][gc,phases      ] GC(122)     Dead                           Min: 0, Avg:  0.0, Max: 0, Diff: 0, Sum: 0, Workers: 4
[1102.452s][debug][gc,phases      ] GC(122)     Total                          Min: 0, Avg:  0.0, Max: 0, Diff: 0, Sum: 0, Workers: 4
[1102.452s][debug][gc,phases      ] GC(122)   Weak JFR Old Object Samples    Min:  0.0, Avg:  0.0, Max:  0.0, Diff:  0.0, Sum:  0.0, Workers: 4
[1102.452s][debug][gc,phases      ] GC(122)     Dead                           Min: 0, Avg:  0.0, Max: 0, Diff: 0, Sum: 0, Workers: 4
[1102.452s][debug][gc,phases      ] GC(122)     Total                          Min: 0, Avg:  0.0, Max: 0, Diff: 0, Sum: 0, Workers: 4
[1102.452s][debug][gc,phases      ] GC(122) Weak Processing 0.371ms
[1102.452s][debug][gc,age         ] GC(122) Desired survivor size 106954752 bytes, new threshold 15 (max threshold 15)
[1102.452s][info ][gc,heap        ] GC(122) PSYoungGen: 1947624K(1985024K)->60041K(1992704K) Eden: 1875456K(1875456K)->0K(1885184K) From: 72168K(109568K)->60041K(107520K)
[1102.452s][info ][gc,heap        ] GC(122) ParOldGen: 527118K(539136K)->545454K(545792K)
[1102.452s][info ][gc,metaspace   ] GC(122) Metaspace: 84278K(85120K)->84278K(85120K) NonClass: 72503K(72960K)->72503K(72960K) Class: 11775K(12160K)->11775K(12160K)
[1102.452s][info ][gc             ] GC(122) Pause Young (Allocation Failure) 2416M->591M(2479M) 22.274ms
[1102.452s][info ][gc,cpu         ] GC(122) User=0.08s Sys=0.02s Real=0.02s
[1102.452s][debug][gc,phases      ] GC(123) Pre Compact 0.011ms
[1102.452s][info ][gc,start       ] GC(123) Pause Full (Ergonomics)
[1102.452s][info ][gc,phases,start] GC(123) Marking Phase
[1102.604s][debug][gc,phases      ] GC(123) Par Mark 152.132ms
[1102.604s][debug][gc,ref         ] GC(123) Skipped phase 1 of Reference Processing: no references
[1102.605s][debug][gc,ref         ] GC(123) ReferenceProcessor::execute queues: 4, RefProcThreadModel::Multi, marks_oops_alive: false
[1102.605s][debug][gc,ref         ] GC(123) ReferenceProcessor::execute queues: 4, RefProcThreadModel::Multi, marks_oops_alive: true
[1102.605s][debug][gc,ref         ] GC(123) ReferenceProcessor::execute queues: 1, RefProcThreadModel::Single, marks_oops_alive: false
[1102.605s][debug][gc,phases      ] GC(123) Reference Processing 0.894ms
[1102.606s][debug][gc,phases      ] GC(123)   VM Weak                        Min:  0.0, Avg:  0.0, Max:  0.0, Diff:  0.0, Sum:  0.0, Workers: 4
[1102.606s][debug][gc,phases      ] GC(123)     Dead                           Min: 0, Avg:  0.8, Max: 2, Diff: 2, Sum: 3, Workers: 4
[1102.606s][debug][gc,phases      ] GC(123)     Total                          Min: 64, Avg: 182.8, Max: 411, Diff: 347, Sum: 731, Workers: 4
[1102.606s][debug][gc,phases      ] GC(123)   ObjectSynchronizer Weak        Min:  0.0, Avg:  0.0, Max:  0.0, Diff:  0.0, Sum:  0.0, Workers: 4
[1102.606s][debug][gc,phases      ] GC(123)     Dead                           Min: 0, Avg:  0.0, Max: 0, Diff: 0, Sum: 0, Workers: 4
[1102.606s][debug][gc,phases      ] GC(123)     Total                          Min: 64, Avg: 99.5, Max: 128, Diff: 64, Sum: 398, Workers: 4
[1102.606s][debug][gc,phases      ] GC(123)   JVMTI Tag Weak OopStorage      Min:  0.0, Avg:  0.0, Max:  0.0, Diff:  0.0, Sum:  0.0, Workers: 4
[1102.606s][debug][gc,phases      ] GC(123)     Dead                           Min: 0, Avg:  0.0, Max: 0, Diff: 0, Sum: 0, Workers: 4
[1102.606s][debug][gc,phases      ] GC(123)     Total                          Min: 0, Avg:  0.0, Max: 0, Diff: 0, Sum: 0, Workers: 4
[1102.606s][debug][gc,phases      ] GC(123)   StringTable Weak               Min:  0.2, Avg:  0.2, Max:  0.2, Diff:  0.0, Sum:  0.7, Workers: 4
[1102.606s][debug][gc,phases      ] GC(123)     Dead                           Min: 0, Avg:  0.0, Max: 0, Diff: 0, Sum: 0, Workers: 4
[1102.606s][debug][gc,phases      ] GC(123)     Total                          Min: 9536, Avg: 12091.2, Max: 13229, Diff: 3693, Sum: 48365, Workers: 4
[1102.606s][debug][gc,phases      ] GC(123)   ResolvedMethodTable Weak       Min:  0.0, Avg:  0.0, Max:  0.0, Diff:  0.0, Sum:  0.1, Workers: 4
[1102.606s][debug][gc,phases      ] GC(123)     Dead                           Min: 0, Avg:  0.8, Max: 2, Diff: 2, Sum: 3, Workers: 4
[1102.606s][debug][gc,phases      ] GC(123)     Total                          Min: 1856, Avg: 2079.8, Max: 2176, Diff: 320, Sum: 8319, Workers: 4
[1102.606s][debug][gc,phases      ] GC(123)   JNI Weak                       Min:  0.0, Avg:  0.0, Max:  0.0, Diff:  0.0, Sum:  0.0, Workers: 4
[1102.606s][debug][gc,phases      ] GC(123)     Dead                           Min: 0, Avg:  0.0, Max: 0, Diff: 0, Sum: 0, Workers: 4
[1102.606s][debug][gc,phases      ] GC(123)     Total                          Min: 0, Avg:  0.0, Max: 0, Diff: 0, Sum: 0, Workers: 4
[1102.606s][debug][gc,phases      ] GC(123)   StringDedup Table Weak         Min:  0.0, Avg:  0.0, Max:  0.0, Diff:  0.0, Sum:  0.0, Workers: 4
[1102.606s][debug][gc,phases      ] GC(123)     Dead                           Min: 0, Avg:  0.0, Max: 0, Diff: 0, Sum: 0, Workers: 4
[1102.606s][debug][gc,phases      ] GC(123)     Total                          Min: 0, Avg:  0.0, Max: 0, Diff: 0, Sum: 0, Workers: 4
[1102.606s][debug][gc,phases      ] GC(123)   StringDedup Requests0 Weak     Min:  0.0, Avg:  0.0, Max:  0.0, Diff:  0.0, Sum:  0.0, Workers: 4
[1102.606s][debug][gc,phases      ] GC(123)     Dead                           Min: 0, Avg:  0.0, Max: 0, Diff: 0, Sum: 0, Workers: 4
[1102.606s][debug][gc,phases      ] GC(123)     Total                          Min: 0, Avg:  0.0, Max: 0, Diff: 0, Sum: 0, Workers: 4
[1102.606s][debug][gc,phases      ] GC(123)   StringDedup Requests1 Weak     Min:  0.0, Avg:  0.0, Max:  0.0, Diff:  0.0, Sum:  0.0, Workers: 4
[1102.606s][debug][gc,phases      ] GC(123)     Dead                           Min: 0, Avg:  0.0, Max: 0, Diff: 0, Sum: 0, Workers: 4
[1102.606s][debug][gc,phases      ] GC(123)     Total                          Min: 0, Avg:  0.0, Max: 0, Diff: 0, Sum: 0, Workers: 4
[1102.606s][debug][gc,phases      ] GC(123)   Weak JFR Old Object Samples    Min:  0.0, Avg:  0.0, Max:  0.0, Diff:  0.0, Sum:  0.0, Workers: 4
[1102.606s][debug][gc,phases      ] GC(123)     Dead                           Min: 0, Avg:  0.0, Max: 0, Diff: 0, Sum: 0, Workers: 4
[1102.606s][debug][gc,phases      ] GC(123)     Total                          Min: 0, Avg:  0.0, Max: 0, Diff: 0, Sum: 0, Workers: 4
[1102.606s][debug][gc,phases      ] GC(123) Weak Processing 0.411ms
[1102.606s][debug][gc,phases      ] GC(123) ClassLoaderData 0.209ms
[1102.606s][debug][gc,phases      ] GC(123) Trigger cleanups 0.001ms
[1102.636s][debug][gc,phases      ] GC(123) Class Unloading 29.858ms
[1102.636s][info ][gc,phases      ] GC(123) Marking Phase 183.521ms
[1102.636s][info ][gc,phases,start] GC(123) Summary Phase
[1102.636s][info ][gc,phases      ] GC(123) Summary Phase 0.021ms
[1102.636s][info ][gc,phases,start] GC(123) Adjust Roots
[1102.649s][info ][gc,phases      ] GC(123) Adjust Roots 13.458ms
[1102.649s][info ][gc,phases,start] GC(123) Compaction Phase
[1102.783s][info ][gc,phases      ] GC(123) Compaction Phase 133.811ms
[1102.783s][info ][gc,phases,start] GC(123) Post Compact
[1102.785s][info ][gc,phases      ] GC(123) Post Compact 2.056ms
[1102.785s][info ][gc,heap        ] GC(123) PSYoungGen: 60041K(1992704K)->0K(1989632K) Eden: 0K(1885184K)->0K(1885184K) From: 60041K(107520K)->0K(104448K)
[1102.785s][info ][gc,heap        ] GC(123) ParOldGen: 545454K(545792K)->545376K(643072K)
[1102.785s][info ][gc,metaspace   ] GC(123) Metaspace: 84278K(85120K)->84273K(85120K) NonClass: 72503K(72960K)->72499K(72960K) Class: 11775K(12160K)->11774K(12160K)
[1102.785s][info ][gc             ] GC(123) Pause Full (Ergonomics) 591M->532M(2571M) 333.217ms
[1102.785s][info ][gc,cpu         ] GC(123) User=1.18s Sys=0.00s Real=0.33s
[1102.785s][info ][safepoint      ] Safepoint "ParallelGCFailedAllocation", Time since last: 595749184 ns, Reaching safepoint: 42501 ns, At safepoint: 355657117 ns, Total: 355699618 ns
[1103.786s][info ][safepoint      ] Safepoint "Cleanup", Time since last: 1000112508 ns, Reaching safepoint: 44801 ns, At safepoint: 8900 ns, Total: 53701 ns
[1105.786s][info ][safepoint      ] Safepoint "Cleanup", Time since last: 2000166115 ns, Reaching safepoint: 44300 ns, At safepoint: 6001 ns, Total: 50301 ns
[1106.786s][info ][safepoint      ] Safepoint "Cleanup", Time since last: 1000067507 ns, Reaching safepoint: 51001 ns, At safepoint: 2800 ns, Total: 53801 ns
[1114.787s][info ][safepoint      ] Safepoint "Cleanup", Time since last: 8000543259 ns, Reaching safepoint: 55301 ns, At safepoint: 6600 ns, Total: 61901 ns
[1122.787s][info ][safepoint      ] Safepoint "Cleanup", Time since last: 8000554464 ns, Reaching safepoint: 48401 ns, At safepoint: 4500 ns, Total: 52901 ns
[1123.787s][info ][safepoint      ] Safepoint "Cleanup", Time since last: 1000112909 ns, Reaching safepoint: 45601 ns, At safepoint: 4000 ns, Total: 49601 ns
[1124.787s][info ][safepoint      ] Safepoint "Cleanup", Time since last: 1000106009 ns, Reaching safepoint: 46600 ns, At safepoint: 3600 ns, Total: 50200 ns
[1126.788s][info ][safepoint      ] Safepoint "Cleanup", Time since last: 2000183118 ns, Reaching safepoint: 42901 ns, At safepoint: 26500 ns, Total: 69401 ns
[1127.788s][info ][safepoint      ] Safepoint "Cleanup", Time since last: 1000101409 ns, Reaching safepoint: 49901 ns, At safepoint: 3100 ns, Total: 53001 ns
[1129.788s][info ][safepoint      ] Safepoint "Cleanup", Time since last: 2000180718 ns, Reaching safepoint: 50001 ns, At safepoint: 11500 ns, Total: 61501 ns
[1137.789s][info ][safepoint      ] Safepoint "Cleanup", Time since last: 8000555070 ns, Reaching safepoint: 129303 ns, At safepoint: 22900 ns, Total: 152203 ns
[1138.789s][info ][safepoint      ] Safepoint "Cleanup", Time since last: 1000110510 ns, Reaching safepoint: 59001 ns, At safepoint: 12600 ns, Total: 71601 ns
[1140.789s][info ][safepoint      ] Safepoint "Cleanup", Time since last: 2000178419 ns, Reaching safepoint: 136903 ns, At safepoint: 19800 ns, Total: 156703 ns
[1141.790s][info ][safepoint      ] Safepoint "Cleanup", Time since last: 1000113810 ns, Reaching safepoint: 46501 ns, At safepoint: 6500 ns, Total: 53001 ns
[1143.790s][info ][safepoint      ] Safepoint "Cleanup", Time since last: 2000178119 ns, Reaching safepoint: 96302 ns, At safepoint: 14000 ns, Total: 110302 ns
[1144.790s][info ][safepoint      ] Safepoint "Cleanup", Time since last: 1000107410 ns, Reaching safepoint: 234405 ns, At safepoint: 21100 ns, Total: 255505 ns
[1145.598s][info ][gc,start       ] GC(124) Pause Young (Allocation Failure)
[1145.605s][debug][gc,phases      ] GC(124) Scavenge 6.801ms
[1145.605s][debug][gc,ref         ] GC(124) Skipped phase 1 of Reference Processing: no references
[1145.605s][debug][gc,ref         ] GC(124) ReferenceProcessor::execute queues: 1, RefProcThreadModel::Single, marks_oops_alive: false
[1145.605s][debug][gc,ref         ] GC(124) Skipped phase 3 of Reference Processing: no references
[1145.605s][debug][gc,ref         ] GC(124) ReferenceProcessor::execute queues: 1, RefProcThreadModel::Single, marks_oops_alive: false
[1145.605s][debug][gc,phases      ] GC(124) Reference Processing 0.188ms
[1145.606s][debug][gc,phases      ] GC(124)   VM Weak                        Min:  0.0, Avg:  0.0, Max:  0.0, Diff:  0.0, Sum:  0.0, Workers: 4
[1145.606s][debug][gc,phases      ] GC(124)     Dead                           Min: 0, Avg:  0.0, Max: 0, Diff: 0, Sum: 0, Workers: 4
[1145.606s][debug][gc,phases      ] GC(124)     Total                          Min: 0, Avg: 183.2, Max: 669, Diff: 669, Sum: 733, Workers: 4
[1145.606s][debug][gc,phases      ] GC(124)   ObjectSynchronizer Weak        Min:  0.0, Avg:  0.0, Max:  0.0, Diff:  0.0, Sum:  0.0, Workers: 4
[1145.606s][debug][gc,phases      ] GC(124)     Dead                           Min: 0, Avg:  0.0, Max: 0, Diff: 0, Sum: 0, Workers: 4
[1145.606s][debug][gc,phases      ] GC(124)     Total                          Min: 0, Avg: 99.5, Max: 206, Diff: 206, Sum: 398, Workers: 4
[1145.606s][debug][gc,phases      ] GC(124)   JVMTI Tag Weak OopStorage      Min:  0.0, Avg:  0.0, Max:  0.0, Diff:  0.0, Sum:  0.0, Workers: 4
[1145.606s][debug][gc,phases      ] GC(124)     Dead                           Min: 0, Avg:  0.0, Max: 0, Diff: 0, Sum: 0, Workers: 4
[1145.606s][debug][gc,phases      ] GC(124)     Total                          Min: 0, Avg:  0.0, Max: 0, Diff: 0, Sum: 0, Workers: 4
[1145.606s][debug][gc,phases      ] GC(124)   StringTable Weak               Min:  0.1, Avg:  0.1, Max:  0.1, Diff:  0.0, Sum:  0.5, Workers: 4
[1145.606s][debug][gc,phases      ] GC(124)     Dead                           Min: 0, Avg:  0.5, Max: 2, Diff: 2, Sum: 2, Workers: 4
[1145.606s][debug][gc,phases      ] GC(124)     Total                          Min: 11328, Avg: 12102.0, Max: 13120, Diff: 1792, Sum: 48408, Workers: 4
[1145.606s][debug][gc,phases      ] GC(124)   ResolvedMethodTable Weak       Min:  0.0, Avg:  0.0, Max:  0.0, Diff:  0.0, Sum:  0.1, Workers: 4
[1145.606s][debug][gc,phases      ] GC(124)     Dead                           Min: 0, Avg:  4.0, Max: 16, Diff: 16, Sum: 16, Workers: 4
[1145.606s][debug][gc,phases      ] GC(124)     Total                          Min: 1978, Avg: 2090.2, Max: 2223, Diff: 245, Sum: 8361, Workers: 4
[1145.606s][debug][gc,phases      ] GC(124)   JNI Weak                       Min:  0.0, Avg:  0.0, Max:  0.0, Diff:  0.0, Sum:  0.0, Workers: 4
[1145.606s][debug][gc,phases      ] GC(124)     Dead                           Min: 0, Avg:  0.0, Max: 0, Diff: 0, Sum: 0, Workers: 4
[1145.606s][debug][gc,phases      ] GC(124)     Total                          Min: 0, Avg:  2.2, Max: 9, Diff: 9, Sum: 9, Workers: 4
[1145.606s][debug][gc,phases      ] GC(124)   StringDedup Table Weak         Min:  0.0, Avg:  0.0, Max:  0.0, Diff:  0.0, Sum:  0.0, Workers: 4
[1145.606s][debug][gc,phases      ] GC(124)     Dead                           Min: 0, Avg:  0.0, Max: 0, Diff: 0, Sum: 0, Workers: 4
[1145.606s][debug][gc,phases      ] GC(124)     Total                          Min: 0, Avg:  0.0, Max: 0, Diff: 0, Sum: 0, Workers: 4
[1145.606s][debug][gc,phases      ] GC(124)   StringDedup Requests0 Weak     Min:  0.0, Avg:  0.0, Max:  0.0, Diff:  0.0, Sum:  0.0, Workers: 4
[1145.606s][debug][gc,phases      ] GC(124)     Dead                           Min: 0, Avg:  0.0, Max: 0, Diff: 0, Sum: 0, Workers: 4
[1145.606s][debug][gc,phases      ] GC(124)     Total                          Min: 0, Avg:  0.0, Max: 0, Diff: 0, Sum: 0, Workers: 4
[1145.606s][debug][gc,phases      ] GC(124)   StringDedup Requests1 Weak     Min:  0.0, Avg:  0.0, Max:  0.0, Diff:  0.0, Sum:  0.0, Workers: 4
[1145.606s][debug][gc,phases      ] GC(124)     Dead                           Min: 0, Avg:  0.0, Max: 0, Diff: 0, Sum: 0, Workers: 4
[1145.606s][debug][gc,phases      ] GC(124)     Total                          Min: 0, Avg:  0.0, Max: 0, Diff: 0, Sum: 0, Workers: 4
[1145.606s][debug][gc,phases      ] GC(124)   Weak JFR Old Object Samples    Min:  0.0, Avg:  0.0, Max:  0.0, Diff:  0.0, Sum:  0.0, Workers: 4
[1145.606s][debug][gc,phases      ] GC(124)     Dead                           Min: 0, Avg:  0.0, Max: 0, Diff: 0, Sum: 0, Workers: 4
[1145.606s][debug][gc,phases      ] GC(124)     Total                          Min: 0, Avg:  0.0, Max: 0, Diff: 0, Sum: 0, Workers: 4
[1145.606s][debug][gc,phases      ] GC(124) Weak Processing 0.339ms
[1145.606s][debug][gc,age         ] GC(124) Desired survivor size 112721920 bytes, new threshold 15 (max threshold 15)
[1145.606s][info ][gc,heap        ] GC(124) PSYoungGen: 1885184K(1989632K)->11936K(1981440K) Eden: 1885184K(1885184K)->0K(1876992K) From: 0K(104448K)->11936K(104448K)
[1145.606s][info ][gc,heap        ] GC(124) ParOldGen: 545376K(643072K)->545384K(643072K)
[1145.606s][info ][gc,metaspace   ] GC(124) Metaspace: 84449K(85376K)->84449K(85376K) NonClass: 72662K(73152K)->72662K(73152K) Class: 11787K(12224K)->11787K(12224K)
[1145.606s][info ][gc             ] GC(124) Pause Young (Allocation Failure) 2373M->544M(2563M) 7.480ms
[1145.606s][info ][gc,cpu         ] GC(124) User=0.03s Sys=0.01s Real=0.00s
[1145.606s][info ][safepoint      ] Safepoint "ParallelGCFailedAllocation", Time since last: 807825232 ns, Reaching safepoint: 238405 ns, At safepoint: 7594041 ns, Total: 7832446 ns
[1146.606s][info ][safepoint      ] Safepoint "Cleanup", Time since last: 1000092410 ns, Reaching safepoint: 95301 ns, At safepoint: 20801 ns, Total: 116102 ns
[1147.606s][info ][safepoint      ] Safepoint "Cleanup", Time since last: 1000127710 ns, Reaching safepoint: 167404 ns, At safepoint: 20500 ns, Total: 187904 ns
[1148.954s][info ][safepoint      ] Safepoint "Cleanup", Time since last: 1347065366 ns, Reaching safepoint: 129003 ns, At safepoint: 12600 ns, Total: 141603 ns
[1149.954s][info ][safepoint      ] Safepoint "Cleanup", Time since last: 1000123211 ns, Reaching safepoint: 47801 ns, At safepoint: 4100 ns, Total: 51901 ns
[1151.954s][info ][safepoint      ] Safepoint "Cleanup", Time since last: 2000128419 ns, Reaching safepoint: 106102 ns, At safepoint: 6800 ns, Total: 112902 ns
[1152.954s][info ][safepoint      ] Safepoint "Cleanup", Time since last: 1000122711 ns, Reaching safepoint: 53601 ns, At safepoint: 11200 ns, Total: 64801 ns
[1154.954s][info ][safepoint      ] Safepoint "Cleanup", Time since last: 2000201821 ns, Reaching safepoint: 112502 ns, At safepoint: 17900 ns, Total: 130402 ns
[1155.167s][info ][gc,start       ] GC(125) Pause Young (Allocation Failure)
[1155.180s][debug][gc,phases      ] GC(125) Scavenge 12.771ms
[1155.180s][debug][gc,ref         ] GC(125) Skipped phase 1 of Reference Processing: no references
[1155.180s][debug][gc,ref         ] GC(125) ReferenceProcessor::execute queues: 1, RefProcThreadModel::Single, marks_oops_alive: false
[1155.180s][debug][gc,ref         ] GC(125) Skipped phase 3 of Reference Processing: no references
[1155.180s][debug][gc,ref         ] GC(125) ReferenceProcessor::execute queues: 1, RefProcThreadModel::Single, marks_oops_alive: false
[1155.180s][debug][gc,phases      ] GC(125) Reference Processing 0.185ms
[1155.180s][debug][gc,phases      ] GC(125)   VM Weak                        Min:  0.0, Avg:  0.0, Max:  0.0, Diff:  0.0, Sum:  0.0, Workers: 4
[1155.180s][debug][gc,phases      ] GC(125)     Dead                           Min: 0, Avg:  0.0, Max: 0, Diff: 0, Sum: 0, Workers: 4
[1155.180s][debug][gc,phases      ] GC(125)     Total                          Min: 64, Avg: 183.2, Max: 320, Diff: 256, Sum: 733, Workers: 4
[1155.180s][debug][gc,phases      ] GC(125)   ObjectSynchronizer Weak        Min:  0.0, Avg:  0.0, Max:  0.0, Diff:  0.0, Sum:  0.0, Workers: 4
[1155.180s][debug][gc,phases      ] GC(125)     Dead                           Min: 0, Avg:  0.0, Max: 0, Diff: 0, Sum: 0, Workers: 4
[1155.180s][debug][gc,phases      ] GC(125)     Total                          Min: 64, Avg: 99.5, Max: 128, Diff: 64, Sum: 398, Workers: 4
[1155.180s][debug][gc,phases      ] GC(125)   JVMTI Tag Weak OopStorage      Min:  0.0, Avg:  0.0, Max:  0.0, Diff:  0.0, Sum:  0.0, Workers: 4
[1155.180s][debug][gc,phases      ] GC(125)     Dead                           Min: 0, Avg:  0.0, Max: 0, Diff: 0, Sum: 0, Workers: 4
[1155.180s][debug][gc,phases      ] GC(125)     Total                          Min: 0, Avg:  0.0, Max: 0, Diff: 0, Sum: 0, Workers: 4
[1155.180s][debug][gc,phases      ] GC(125)   StringTable Weak               Min:  0.1, Avg:  0.1, Max:  0.1, Diff:  0.0, Sum:  0.5, Workers: 4
[1155.180s][debug][gc,phases      ] GC(125)     Dead                           Min: 0, Avg:  0.0, Max: 0, Diff: 0, Sum: 0, Workers: 4
[1155.180s][debug][gc,phases      ] GC(125)     Total                          Min: 11840, Avg: 12105.2, Max: 12325, Diff: 485, Sum: 48421, Workers: 4
[1155.180s][debug][gc,phases      ] GC(125)   ResolvedMethodTable Weak       Min:  0.0, Avg:  0.0, Max:  0.0, Diff:  0.0, Sum:  0.1, Workers: 4
[1155.180s][debug][gc,phases      ] GC(125)     Dead                           Min: 0, Avg:  0.0, Max: 0, Diff: 0, Sum: 0, Workers: 4
[1155.180s][debug][gc,phases      ] GC(125)     Total                          Min: 1984, Avg: 2090.8, Max: 2223, Diff: 239, Sum: 8363, Workers: 4
[1155.180s][debug][gc,phases      ] GC(125)   JNI Weak                       Min:  0.0, Avg:  0.0, Max:  0.0, Diff:  0.0, Sum:  0.0, Workers: 4
[1155.180s][debug][gc,phases      ] GC(125)     Dead                           Min: 0, Avg:  0.0, Max: 0, Diff: 0, Sum: 0, Workers: 4
[1155.180s][debug][gc,phases      ] GC(125)     Total                          Min: 0, Avg:  1.8, Max: 7, Diff: 7, Sum: 7, Workers: 4
[1155.180s][debug][gc,phases      ] GC(125)   StringDedup Table Weak         Min:  0.0, Avg:  0.0, Max:  0.0, Diff:  0.0, Sum:  0.0, Workers: 4
[1155.180s][debug][gc,phases      ] GC(125)     Dead                           Min: 0, Avg:  0.0, Max: 0, Diff: 0, Sum: 0, Workers: 4
[1155.180s][debug][gc,phases      ] GC(125)     Total                          Min: 0, Avg:  0.0, Max: 0, Diff: 0, Sum: 0, Workers: 4
[1155.180s][debug][gc,phases      ] GC(125)   StringDedup Requests0 Weak     Min:  0.0, Avg:  0.0, Max:  0.0, Diff:  0.0, Sum:  0.0, Workers: 4
[1155.180s][debug][gc,phases      ] GC(125)     Dead                           Min: 0, Avg:  0.0, Max: 0, Diff: 0, Sum: 0, Workers: 4
[1155.180s][debug][gc,phases      ] GC(125)     Total                          Min: 0, Avg:  0.0, Max: 0, Diff: 0, Sum: 0, Workers: 4
[1155.180s][debug][gc,phases      ] GC(125)   StringDedup Requests1 Weak     Min:  0.0, Avg:  0.0, Max:  0.0, Diff:  0.0, Sum:  0.0, Workers: 4
[1155.180s][debug][gc,phases      ] GC(125)     Dead                           Min: 0, Avg:  0.0, Max: 0, Diff: 0, Sum: 0, Workers: 4
[1155.180s][debug][gc,phases      ] GC(125)     Total                          Min: 0, Avg:  0.0, Max: 0, Diff: 0, Sum: 0, Workers: 4
[1155.180s][debug][gc,phases      ] GC(125)   Weak JFR Old Object Samples    Min:  0.0, Avg:  0.0, Max:  0.0, Diff:  0.0, Sum:  0.0, Workers: 4
[1155.180s][debug][gc,phases      ] GC(125)     Dead                           Min: 0, Avg:  0.0, Max: 0, Diff: 0, Sum: 0, Workers: 4
[1155.180s][debug][gc,phases      ] GC(125)     Total                          Min: 0, Avg:  0.0, Max: 0, Diff: 0, Sum: 0, Workers: 4
[1155.180s][debug][gc,phases      ] GC(125) Weak Processing 0.348ms
[1155.180s][debug][gc,age         ] GC(125) Desired survivor size 113246208 bytes, new threshold 15 (max threshold 15)
[1155.180s][info ][gc,heap        ] GC(125) PSYoungGen: 1888928K(1981440K)->29312K(1906688K) Eden: 1876992K(1876992K)->0K(1876992K) From: 11936K(104448K)->29312K(29696K)
[1155.180s][info ][gc,heap        ] GC(125) ParOldGen: 545384K(643072K)->545384K(643072K)
[1155.180s][info ][gc,metaspace   ] GC(125) Metaspace: 84507K(85440K)->84507K(85440K) NonClass: 72718K(73216K)->72718K(73216K) Class: 11788K(12224K)->11788K(12224K)
[1155.180s][info ][gc             ] GC(125) Pause Young (Allocation Failure) 2377M->561M(2490M) 13.453ms
[1155.180s][info ][gc,cpu         ] GC(125) User=0.06s Sys=0.00s Real=0.02s
[1155.181s][info ][safepoint      ] Safepoint "ParallelGCFailedAllocation", Time since last: 212397353 ns, Reaching safepoint: 76401 ns, At safepoint: 13567953 ns, Total: 13644354 ns
[1156.181s][info ][safepoint      ] Safepoint "Cleanup", Time since last: 1000090210 ns, Reaching safepoint: 192003 ns, At safepoint: 8301 ns, Total: 200304 ns
[1157.181s][info ][safepoint      ] Safepoint "Cleanup", Time since last: 1000121711 ns, Reaching safepoint: 128002 ns, At safepoint: 9800 ns, Total: 137802 ns
[1159.181s][info ][safepoint      ] Safepoint "Cleanup", Time since last: 2000171621 ns, Reaching safepoint: 164703 ns, At safepoint: 10300 ns, Total: 175003 ns
[1160.182s][info ][safepoint      ] Safepoint "Cleanup", Time since last: 1000080910 ns, Reaching safepoint: 121803 ns, At safepoint: 10700 ns, Total: 132503 ns
[1162.182s][info ][safepoint      ] Safepoint "Cleanup", Time since last: 2000183721 ns, Reaching safepoint: 114302 ns, At safepoint: 20801 ns, Total: 135103 ns
[1162.674s][info ][gc,start       ] GC(126) Pause Young (Allocation Failure)
[1162.687s][debug][gc,phases      ] GC(126) Scavenge 12.494ms
[1162.687s][debug][gc,ref         ] GC(126) Skipped phase 1 of Reference Processing: no references
[1162.687s][debug][gc,ref         ] GC(126) ReferenceProcessor::execute queues: 1, RefProcThreadModel::Single, marks_oops_alive: false
[1162.687s][debug][gc,ref         ] GC(126) Skipped phase 3 of Reference Processing: no references
[1162.687s][debug][gc,ref         ] GC(126) ReferenceProcessor::execute queues: 1, RefProcThreadModel::Single, marks_oops_alive: false
[1162.687s][debug][gc,phases      ] GC(126) Reference Processing 0.166ms
[1162.687s][debug][gc,phases      ] GC(126)   VM Weak                        Min:  0.0, Avg:  0.0, Max:  0.0, Diff:  0.0, Sum:  0.0, Workers: 4
[1162.687s][debug][gc,phases      ] GC(126)     Dead                           Min: 0, Avg:  0.0, Max: 0, Diff: 0, Sum: 0, Workers: 4
[1162.687s][debug][gc,phases      ] GC(126)     Total                          Min: 0, Avg: 183.2, Max: 733, Diff: 733, Sum: 733, Workers: 4
[1162.687s][debug][gc,phases      ] GC(126)   ObjectSynchronizer Weak        Min:  0.0, Avg:  0.0, Max:  0.0, Diff:  0.0, Sum:  0.0, Workers: 4
[1162.687s][debug][gc,phases      ] GC(126)     Dead                           Min: 0, Avg:  0.0, Max: 0, Diff: 0, Sum: 0, Workers: 4
[1162.687s][debug][gc,phases      ] GC(126)     Total                          Min: 0, Avg: 99.5, Max: 334, Diff: 334, Sum: 398, Workers: 4
[1162.687s][debug][gc,phases      ] GC(126)   JVMTI Tag Weak OopStorage      Min:  0.0, Avg:  0.0, Max:  0.0, Diff:  0.0, Sum:  0.0, Workers: 4
[1162.687s][debug][gc,phases      ] GC(126)     Dead                           Min: 0, Avg:  0.0, Max: 0, Diff: 0, Sum: 0, Workers: 4
[1162.687s][debug][gc,phases      ] GC(126)     Total                          Min: 0, Avg:  0.0, Max: 0, Diff: 0, Sum: 0, Workers: 4
[1162.687s][debug][gc,phases      ] GC(126)   StringTable Weak               Min:  0.1, Avg:  0.1, Max:  0.1, Diff:  0.0, Sum:  0.4, Workers: 4
[1162.687s][debug][gc,phases      ] GC(126)     Dead                           Min: 0, Avg:  0.0, Max: 0, Diff: 0, Sum: 0, Workers: 4
[1162.687s][debug][gc,phases      ] GC(126)     Total                          Min: 11712, Avg: 12113.8, Max: 12608, Diff: 896, Sum: 48455, Workers: 4
[1162.687s][debug][gc,phases      ] GC(126)   ResolvedMethodTable Weak       Min:  0.0, Avg:  0.0, Max:  0.0, Diff:  0.0, Sum:  0.1, Workers: 4
[1162.687s][debug][gc,phases      ] GC(126)     Dead                           Min: 0, Avg:  0.0, Max: 0, Diff: 0, Sum: 0, Workers: 4
[1162.687s][debug][gc,phases      ] GC(126)     Total                          Min: 1984, Avg: 2094.5, Max: 2234, Diff: 250, Sum: 8378, Workers: 4
[1162.687s][debug][gc,phases      ] GC(126)   JNI Weak                       Min:  0.0, Avg:  0.0, Max:  0.0, Diff:  0.0, Sum:  0.0, Workers: 4
[1162.687s][debug][gc,phases      ] GC(126)     Dead                           Min: 0, Avg:  0.0, Max: 0, Diff: 0, Sum: 0, Workers: 4
[1162.687s][debug][gc,phases      ] GC(126)     Total                          Min: 0, Avg:  0.0, Max: 0, Diff: 0, Sum: 0, Workers: 4
[1162.687s][debug][gc,phases      ] GC(126)   StringDedup Table Weak         Min:  0.0, Avg:  0.0, Max:  0.0, Diff:  0.0, Sum:  0.0, Workers: 4
[1162.687s][debug][gc,phases      ] GC(126)     Dead                           Min: 0, Avg:  0.0, Max: 0, Diff: 0, Sum: 0, Workers: 4
[1162.687s][debug][gc,phases      ] GC(126)     Total                          Min: 0, Avg:  0.0, Max: 0, Diff: 0, Sum: 0, Workers: 4
[1162.687s][debug][gc,phases      ] GC(126)   StringDedup Requests0 Weak     Min:  0.0, Avg:  0.0, Max:  0.0, Diff:  0.0, Sum:  0.0, Workers: 4
[1162.687s][debug][gc,phases      ] GC(126)     Dead                           Min: 0, Avg:  0.0, Max: 0, Diff: 0, Sum: 0, Workers: 4
[1162.687s][debug][gc,phases      ] GC(126)     Total                          Min: 0, Avg:  0.0, Max: 0, Diff: 0, Sum: 0, Workers: 4
[1162.687s][debug][gc,phases      ] GC(126)   StringDedup Requests1 Weak     Min:  0.0, Avg:  0.0, Max:  0.0, Diff:  0.0, Sum:  0.0, Workers: 4
[1162.687s][debug][gc,phases      ] GC(126)     Dead                           Min: 0, Avg:  0.0, Max: 0, Diff: 0, Sum: 0, Workers: 4
[1162.687s][debug][gc,phases      ] GC(126)     Total                          Min: 0, Avg:  0.0, Max: 0, Diff: 0, Sum: 0, Workers: 4
[1162.687s][debug][gc,phases      ] GC(126)   Weak JFR Old Object Samples    Min:  0.0, Avg:  0.0, Max:  0.0, Diff:  0.0, Sum:  0.0, Workers: 4
[1162.687s][debug][gc,phases      ] GC(126)     Dead                           Min: 0, Avg:  0.0, Max: 0, Diff: 0, Sum: 0, Workers: 4
[1162.687s][debug][gc,phases      ] GC(126)     Total                          Min: 0, Avg:  0.0, Max: 0, Diff: 0, Sum: 0, Workers: 4
[1162.687s][debug][gc,phases      ] GC(126) Weak Processing 0.319ms
[1162.688s][debug][gc,age         ] GC(126) Desired survivor size 110100480 bytes, new threshold 15 (max threshold 15)
[1162.688s][info ][gc,heap        ] GC(126) PSYoungGen: 1906304K(1906688K)->41623K(1989632K) Eden: 1876992K(1876992K)->0K(1879040K) From: 29312K(29696K)->41623K(110592K)
[1162.688s][info ][gc,heap        ] GC(126) ParOldGen: 545384K(643072K)->545392K(643072K)
[1162.688s][info ][gc,metaspace   ] GC(126) Metaspace: 84615K(85504K)->84615K(85504K) NonClass: 72817K(73280K)->72817K(73280K) Class: 11797K(12224K)->11797K(12224K)
[1162.688s][info ][gc             ] GC(126) Pause Young (Allocation Failure) 2394M->573M(2571M) 13.140ms
[1162.688s][info ][gc,cpu         ] GC(126) User=0.06s Sys=0.00s Real=0.01s
[1162.688s][info ][safepoint      ] Safepoint "ParallelGCFailedAllocation", Time since last: 492207259 ns, Reaching safepoint: 200104 ns, At safepoint: 13248146 ns, Total: 13448250 ns
[1163.688s][info ][safepoint      ] Safepoint "Cleanup", Time since last: 1000091311 ns, Reaching safepoint: 71802 ns, At safepoint: 10000 ns, Total: 81802 ns
[1164.688s][info ][safepoint      ] Safepoint "Cleanup", Time since last: 1000087710 ns, Reaching safepoint: 30601 ns, At safepoint: 4000 ns, Total: 34601 ns
[1165.688s][info ][safepoint      ] Safepoint "Cleanup", Time since last: 1000137212 ns, Reaching safepoint: 45501 ns, At safepoint: 10200 ns, Total: 55701 ns
[1167.688s][info ][safepoint      ] Safepoint "Cleanup", Time since last: 2000196622 ns, Reaching safepoint: 52201 ns, At safepoint: 3800 ns, Total: 56001 ns
[1168.689s][info ][safepoint      ] Safepoint "Cleanup", Time since last: 1000122712 ns, Reaching safepoint: 51701 ns, At safepoint: 9000 ns, Total: 60701 ns
[1169.689s][info ][safepoint      ] Safepoint "Cleanup", Time since last: 1000076010 ns, Reaching safepoint: 66802 ns, At safepoint: 3300 ns, Total: 70102 ns
[1175.689s][info ][safepoint      ] Safepoint "Cleanup", Time since last: 6000393564 ns, Reaching safepoint: 58901 ns, At safepoint: 11401 ns, Total: 70302 ns
[1179.689s][info ][safepoint      ] Safepoint "Cleanup", Time since last: 4000256143 ns, Reaching safepoint: 47101 ns, At safepoint: 3800 ns, Total: 50901 ns
[1185.690s][info ][safepoint      ] Safepoint "Cleanup", Time since last: 6000504670 ns, Reaching safepoint: 47901 ns, At safepoint: 4500 ns, Total: 52401 ns
[1193.691s][info ][safepoint      ] Safepoint "Cleanup", Time since last: 8000579694 ns, Reaching safepoint: 70501 ns, At safepoint: 11300 ns, Total: 81801 ns
[1197.691s][info ][safepoint      ] Safepoint "Cleanup", Time since last: 4000301249 ns, Reaching safepoint: 49401 ns, At safepoint: 6300 ns, Total: 55701 ns
[1201.691s][info ][safepoint      ] Safepoint "Cleanup", Time since last: 4000309749 ns, Reaching safepoint: 39801 ns, At safepoint: 3600 ns, Total: 43401 ns
[1203.692s][info ][safepoint      ] Safepoint "Cleanup", Time since last: 2000173425 ns, Reaching safepoint: 67001 ns, At safepoint: 8500 ns, Total: 75501 ns
[1205.692s][info ][safepoint      ] Safepoint "Cleanup", Time since last: 2000179626 ns, Reaching safepoint: 42301 ns, At safepoint: 3800 ns, Total: 46101 ns
[1206.692s][info ][safepoint      ] Safepoint "Cleanup", Time since last: 1000104813 ns, Reaching safepoint: 51501 ns, At safepoint: 5400 ns, Total: 56901 ns
[1207.692s][info ][safepoint      ] Safepoint "Cleanup", Time since last: 1000110813 ns, Reaching safepoint: 55001 ns, At safepoint: 10601 ns, Total: 65602 ns
[1209.692s][info ][safepoint      ] Safepoint "Cleanup", Time since last: 2000191026 ns, Reaching safepoint: 48601 ns, At safepoint: 4100 ns, Total: 52701 ns
[1210.693s][info ][safepoint      ] Safepoint "Cleanup", Time since last: 1000115013 ns, Reaching safepoint: 47601 ns, At safepoint: 3300 ns, Total: 50901 ns
[1214.693s][info ][safepoint      ] Safepoint "Cleanup", Time since last: 4000309952 ns, Reaching safepoint: 51701 ns, At safepoint: 4800 ns, Total: 56501 ns
[1215.693s][info ][safepoint      ] Safepoint "Cleanup", Time since last: 1000109714 ns, Reaching safepoint: 50500 ns, At safepoint: 4901 ns, Total: 55401 ns
[1217.376s][info ][gc,start       ] GC(127) Pause Young (Allocation Failure)
[1217.386s][debug][gc,phases      ] GC(127) Scavenge 9.776ms
[1217.386s][debug][gc,ref         ] GC(127) Skipped phase 1 of Reference Processing: no references
[1217.386s][debug][gc,ref         ] GC(127) ReferenceProcessor::execute queues: 1, RefProcThreadModel::Single, marks_oops_alive: false
[1217.386s][debug][gc,ref         ] GC(127) Skipped phase 3 of Reference Processing: no references
[1217.386s][debug][gc,ref         ] GC(127) ReferenceProcessor::execute queues: 1, RefProcThreadModel::Single, marks_oops_alive: false
[1217.386s][debug][gc,phases      ] GC(127) Reference Processing 0.165ms
[1217.386s][debug][gc,phases      ] GC(127)   VM Weak                        Min:  0.0, Avg:  0.0, Max:  0.0, Diff:  0.0, Sum:  0.0, Workers: 4
[1217.386s][debug][gc,phases      ] GC(127)     Dead                           Min: 0, Avg:  0.0, Max: 0, Diff: 0, Sum: 0, Workers: 4
[1217.386s][debug][gc,phases      ] GC(127)     Total                          Min: 0, Avg: 183.2, Max: 576, Diff: 576, Sum: 733, Workers: 4
[1217.386s][debug][gc,phases      ] GC(127)   ObjectSynchronizer Weak        Min:  0.0, Avg:  0.0, Max:  0.0, Diff:  0.0, Sum:  0.0, Workers: 4
[1217.386s][debug][gc,phases      ] GC(127)     Dead                           Min: 0, Avg:  0.0, Max: 0, Diff: 0, Sum: 0, Workers: 4
[1217.386s][debug][gc,phases      ] GC(127)     Total                          Min: 0, Avg: 99.5, Max: 192, Diff: 192, Sum: 398, Workers: 4
[1217.386s][debug][gc,phases      ] GC(127)   JVMTI Tag Weak OopStorage      Min:  0.0, Avg:  0.0, Max:  0.0, Diff:  0.0, Sum:  0.0, Workers: 4
[1217.386s][debug][gc,phases      ] GC(127)     Dead                           Min: 0, Avg:  0.0, Max: 0, Diff: 0, Sum: 0, Workers: 4
[1217.386s][debug][gc,phases      ] GC(127)     Total                          Min: 0, Avg:  0.0, Max: 0, Diff: 0, Sum: 0, Workers: 4
[1217.386s][debug][gc,phases      ] GC(127)   StringTable Weak               Min:  0.1, Avg:  0.1, Max:  0.1, Diff:  0.0, Sum:  0.5, Workers: 4
[1217.386s][debug][gc,phases      ] GC(127)     Dead                           Min: 0, Avg:  0.0, Max: 0, Diff: 0, Sum: 0, Workers: 4
[1217.386s][debug][gc,phases      ] GC(127)     Total                          Min: 10496, Avg: 12116.5, Max: 13248, Diff: 2752, Sum: 48466, Workers: 4
[1217.386s][debug][gc,phases      ] GC(127)   ResolvedMethodTable Weak       Min:  0.0, Avg:  0.0, Max:  0.0, Diff:  0.0, Sum:  0.1, Workers: 4
[1217.386s][debug][gc,phases      ] GC(127)     Dead                           Min: 0, Avg:  0.0, Max: 0, Diff: 0, Sum: 0, Workers: 4
[1217.386s][debug][gc,phases      ] GC(127)     Total                          Min: 1854, Avg: 2095.5, Max: 2240, Diff: 386, Sum: 8382, Workers: 4
[1217.386s][debug][gc,phases      ] GC(127)   JNI Weak                       Min:  0.0, Avg:  0.0, Max:  0.0, Diff:  0.0, Sum:  0.0, Workers: 4
[1217.386s][debug][gc,phases      ] GC(127)     Dead                           Min: 0, Avg:  0.0, Max: 0, Diff: 0, Sum: 0, Workers: 4
[1217.386s][debug][gc,phases      ] GC(127)     Total                          Min: 0, Avg:  0.0, Max: 0, Diff: 0, Sum: 0, Workers: 4
[1217.386s][debug][gc,phases      ] GC(127)   StringDedup Table Weak         Min:  0.0, Avg:  0.0, Max:  0.0, Diff:  0.0, Sum:  0.0, Workers: 4
[1217.386s][debug][gc,phases      ] GC(127)     Dead                           Min: 0, Avg:  0.0, Max: 0, Diff: 0, Sum: 0, Workers: 4
[1217.386s][debug][gc,phases      ] GC(127)     Total                          Min: 0, Avg:  0.0, Max: 0, Diff: 0, Sum: 0, Workers: 4
[1217.386s][debug][gc,phases      ] GC(127)   StringDedup Requests0 Weak     Min:  0.0, Avg:  0.0, Max:  0.0, Diff:  0.0, Sum:  0.0, Workers: 4
[1217.386s][debug][gc,phases      ] GC(127)     Dead                           Min: 0, Avg:  0.0, Max: 0, Diff: 0, Sum: 0, Workers: 4
[1217.386s][debug][gc,phases      ] GC(127)     Total                          Min: 0, Avg:  0.0, Max: 0, Diff: 0, Sum: 0, Workers: 4
[1217.386s][debug][gc,phases      ] GC(127)   StringDedup Requests1 Weak     Min:  0.0, Avg:  0.0, Max:  0.0, Diff:  0.0, Sum:  0.0, Workers: 4
[1217.386s][debug][gc,phases      ] GC(127)     Dead                           Min: 0, Avg:  0.0, Max: 0, Diff: 0, Sum: 0, Workers: 4
[1217.386s][debug][gc,phases      ] GC(127)     Total                          Min: 0, Avg:  0.0, Max: 0, Diff: 0, Sum: 0, Workers: 4
[1217.386s][debug][gc,phases      ] GC(127)   Weak JFR Old Object Samples    Min:  0.0, Avg:  0.0, Max:  0.0, Diff:  0.0, Sum:  0.0, Workers: 4
[1217.386s][debug][gc,phases      ] GC(127)     Dead                           Min: 0, Avg:  0.0, Max: 0, Diff: 0, Sum: 0, Workers: 4
[1217.386s][debug][gc,phases      ] GC(127)     Total                          Min: 0, Avg:  0.0, Max: 0, Diff: 0, Sum: 0, Workers: 4
[1217.386s][debug][gc,phases      ] GC(127) Weak Processing 0.358ms
[1217.386s][debug][gc,age         ] GC(127) Desired survivor size 107479040 bytes, new threshold 15 (max threshold 15)
[1217.386s][info ][gc,heap        ] GC(127) PSYoungGen: 1920663K(1989632K)->41793K(1986560K) Eden: 1879040K(1879040K)->0K(1879040K) From: 41623K(110592K)->41793K(107520K)
[1217.386s][info ][gc,heap        ] GC(127) ParOldGen: 545392K(643072K)->545392K(643072K)
[1217.386s][info ][gc,metaspace   ] GC(127) Metaspace: 84632K(85504K)->84632K(85504K) NonClass: 72833K(73280K)->72833K(73280K) Class: 11799K(12224K)->11799K(12224K)
[1217.386s][info ][gc             ] GC(127) Pause Young (Allocation Failure) 2408M->573M(2568M) 10.443ms
[1217.386s][info ][gc,cpu         ] GC(127) User=0.04s Sys=0.00s Real=0.01s
[1217.386s][info ][safepoint      ] Safepoint "ParallelGCFailedAllocation", Time since last: 1682763619 ns, Reaching safepoint: 43300 ns, At safepoint: 10521896 ns, Total: 10565196 ns
[1221.387s][info ][safepoint      ] Safepoint "Cleanup", Time since last: 4000265652 ns, Reaching safepoint: 46001 ns, At safepoint: 3500 ns, Total: 49501 ns
[1223.387s][info ][safepoint      ] Safepoint "Cleanup", Time since last: 2000181028 ns, Reaching safepoint: 42400 ns, At safepoint: 2900 ns, Total: 45300 ns
[1225.449s][info ][safepoint      ] Safepoint "Cleanup", Time since last: 2061549570 ns, Reaching safepoint: 129702 ns, At safepoint: 7001 ns, Total: 136703 ns
[1230.598s][info ][safepoint      ] Safepoint "Cleanup", Time since last: 5148778530 ns, Reaching safepoint: 63401 ns, At safepoint: 6200 ns, Total: 69601 ns
[1235.598s][info ][safepoint      ] Safepoint "Cleanup", Time since last: 5000343169 ns, Reaching safepoint: 49400 ns, At safepoint: 3901 ns, Total: 53301 ns
[1237.623s][info ][safepoint      ] Safepoint "Cleanup", Time since last: 2025223294 ns, Reaching safepoint: 56601 ns, At safepoint: 18401 ns, Total: 75002 ns
[1238.623s][info ][safepoint      ] Safepoint "Cleanup", Time since last: 1000096614 ns, Reaching safepoint: 69101 ns, At safepoint: 4300 ns, Total: 73401 ns
[1243.624s][info ][safepoint      ] Safepoint "Cleanup", Time since last: 5000379571 ns, Reaching safepoint: 51601 ns, At safepoint: 6801 ns, Total: 58402 ns
[1244.624s][info ][safepoint      ] Safepoint "Cleanup", Time since last: 1000117315 ns, Reaching safepoint: 51001 ns, At safepoint: 4100 ns, Total: 55101 ns
[1245.624s][info ][safepoint      ] Safepoint "Cleanup", Time since last: 1000124715 ns, Reaching safepoint: 47401 ns, At safepoint: 3100 ns, Total: 50501 ns
[1250.625s][info ][safepoint      ] Safepoint "Cleanup", Time since last: 5000389973 ns, Reaching safepoint: 124002 ns, At safepoint: 7500 ns, Total: 131502 ns
[1252.625s][info ][safepoint      ] Safepoint "Cleanup", Time since last: 2000204130 ns, Reaching safepoint: 115803 ns, At safepoint: 7700 ns, Total: 123503 ns
[1254.625s][info ][safepoint      ] Safepoint "Cleanup", Time since last: 2000187930 ns, Reaching safepoint: 122502 ns, At safepoint: 12600 ns, Total: 135102 ns
[1266.626s][info ][safepoint      ] Safepoint "Cleanup", Time since last: 12000805179 ns, Reaching safepoint: 122103 ns, At safepoint: 10200 ns, Total: 132303 ns
[1278.627s][info ][safepoint      ] Safepoint "Cleanup", Time since last: 12000917587 ns, Reaching safepoint: 121102 ns, At safepoint: 8300 ns, Total: 129402 ns
[1285.628s][info ][safepoint      ] Safepoint "Cleanup", Time since last: 7000446610 ns, Reaching safepoint: 125203 ns, At safepoint: 9100 ns, Total: 134303 ns
[1287.628s][info ][safepoint      ] Safepoint "Cleanup", Time since last: 2000165032 ns, Reaching safepoint: 115302 ns, At safepoint: 7501 ns, Total: 122803 ns
[1290.983s][info ][gc,start       ] GC(128) Pause Young (Allocation Failure)
[1290.993s][debug][gc,phases      ] GC(128) Scavenge 9.978ms
[1290.993s][debug][gc,ref         ] GC(128) Skipped phase 1 of Reference Processing: no references
[1290.993s][debug][gc,ref         ] GC(128) ReferenceProcessor::execute queues: 1, RefProcThreadModel::Single, marks_oops_alive: false
[1290.993s][debug][gc,ref         ] GC(128) Skipped phase 3 of Reference Processing: no references
[1290.993s][debug][gc,ref         ] GC(128) ReferenceProcessor::execute queues: 1, RefProcThreadModel::Single, marks_oops_alive: false
[1290.993s][debug][gc,phases      ] GC(128) Reference Processing 0.147ms
[1290.993s][debug][gc,phases      ] GC(128)   VM Weak                        Min:  0.0, Avg:  0.0, Max:  0.0, Diff:  0.0, Sum:  0.0, Workers: 4
[1290.993s][debug][gc,phases      ] GC(128)     Dead                           Min: 0, Avg:  0.0, Max: 0, Diff: 0, Sum: 0, Workers: 4
[1290.993s][debug][gc,phases      ] GC(128)     Total                          Min: 0, Avg: 183.2, Max: 477, Diff: 477, Sum: 733, Workers: 4
[1290.993s][debug][gc,phases      ] GC(128)   ObjectSynchronizer Weak        Min:  0.0, Avg:  0.0, Max:  0.0, Diff:  0.0, Sum:  0.0, Workers: 4
[1290.993s][debug][gc,phases      ] GC(128)     Dead                           Min: 0, Avg:  0.0, Max: 0, Diff: 0, Sum: 0, Workers: 4
[1290.993s][debug][gc,phases      ] GC(128)     Total                          Min: 0, Avg: 99.5, Max: 192, Diff: 192, Sum: 398, Workers: 4
[1290.994s][debug][gc,phases      ] GC(128)   JVMTI Tag Weak OopStorage      Min:  0.0, Avg:  0.0, Max:  0.0, Diff:  0.0, Sum:  0.0, Workers: 4
[1290.994s][debug][gc,phases      ] GC(128)     Dead                           Min: 0, Avg:  0.0, Max: 0, Diff: 0, Sum: 0, Workers: 4
[1290.994s][debug][gc,phases      ] GC(128)     Total                          Min: 0, Avg:  0.0, Max: 0, Diff: 0, Sum: 0, Workers: 4
[1290.994s][debug][gc,phases      ] GC(128)   StringTable Weak               Min:  0.1, Avg:  0.1, Max:  0.1, Diff:  0.0, Sum:  0.5, Workers: 4
[1290.994s][debug][gc,phases      ] GC(128)     Dead                           Min: 0, Avg:  0.0, Max: 0, Diff: 0, Sum: 0, Workers: 4
[1290.994s][debug][gc,phases      ] GC(128)     Total                          Min: 11520, Avg: 12117.5, Max: 12800, Diff: 1280, Sum: 48470, Workers: 4
[1290.994s][debug][gc,phases      ] GC(128)   ResolvedMethodTable Weak       Min:  0.0, Avg:  0.0, Max:  0.0, Diff:  0.0, Sum:  0.1, Workers: 4
[1290.994s][debug][gc,phases      ] GC(128)     Dead                           Min: 0, Avg:  0.0, Max: 0, Diff: 0, Sum: 0, Workers: 4
[1290.994s][debug][gc,phases      ] GC(128)     Total                          Min: 1920, Avg: 2095.5, Max: 2176, Diff: 256, Sum: 8382, Workers: 4
[1290.994s][debug][gc,phases      ] GC(128)   JNI Weak                       Min:  0.0, Avg:  0.0, Max:  0.0, Diff:  0.0, Sum:  0.0, Workers: 4
[1290.994s][debug][gc,phases      ] GC(128)     Dead                           Min: 0, Avg:  0.0, Max: 0, Diff: 0, Sum: 0, Workers: 4
[1290.994s][debug][gc,phases      ] GC(128)     Total                          Min: 0, Avg:  0.0, Max: 0, Diff: 0, Sum: 0, Workers: 4
[1290.994s][debug][gc,phases      ] GC(128)   StringDedup Table Weak         Min:  0.0, Avg:  0.0, Max:  0.0, Diff:  0.0, Sum:  0.0, Workers: 4
[1290.994s][debug][gc,phases      ] GC(128)     Dead                           Min: 0, Avg:  0.0, Max: 0, Diff: 0, Sum: 0, Workers: 4
[1290.994s][debug][gc,phases      ] GC(128)     Total                          Min: 0, Avg:  0.0, Max: 0, Diff: 0, Sum: 0, Workers: 4
[1290.994s][debug][gc,phases      ] GC(128)   StringDedup Requests0 Weak     Min:  0.0, Avg:  0.0, Max:  0.0, Diff:  0.0, Sum:  0.0, Workers: 4
[1290.994s][debug][gc,phases      ] GC(128)     Dead                           Min: 0, Avg:  0.0, Max: 0, Diff: 0, Sum: 0, Workers: 4
[1290.994s][debug][gc,phases      ] GC(128)     Total                          Min: 0, Avg:  0.0, Max: 0, Diff: 0, Sum: 0, Workers: 4
[1290.994s][debug][gc,phases      ] GC(128)   StringDedup Requests1 Weak     Min:  0.0, Avg:  0.0, Max:  0.0, Diff:  0.0, Sum:  0.0, Workers: 4
[1290.994s][debug][gc,phases      ] GC(128)     Dead                           Min: 0, Avg:  0.0, Max: 0, Diff: 0, Sum: 0, Workers: 4
[1290.994s][debug][gc,phases      ] GC(128)     Total                          Min: 0, Avg:  0.0, Max: 0, Diff: 0, Sum: 0, Workers: 4
[1290.994s][debug][gc,phases      ] GC(128)   Weak JFR Old Object Samples    Min:  0.0, Avg:  0.0, Max:  0.0, Diff:  0.0, Sum:  0.0, Workers: 4
[1290.994s][debug][gc,phases      ] GC(128)     Dead                           Min: 0, Avg:  0.0, Max: 0, Diff: 0, Sum: 0, Workers: 4
[1290.994s][debug][gc,phases      ] GC(128)     Total                          Min: 0, Avg:  0.0, Max: 0, Diff: 0, Sum: 0, Workers: 4
[1290.994s][debug][gc,phases      ] GC(128) Weak Processing 0.364ms
[1290.994s][debug][gc,age         ] GC(128) Desired survivor size 104857600 bytes, new threshold 15 (max threshold 15)
[1290.994s][info ][gc,heap        ] GC(128) PSYoungGen: 1920833K(1986560K)->41377K(1994752K) Eden: 1879040K(1879040K)->0K(1889792K) From: 41793K(107520K)->41377K(104960K)
[1290.994s][info ][gc,heap        ] GC(128) ParOldGen: 545392K(643072K)->545400K(643072K)
[1290.994s][info ][gc,metaspace   ] GC(128) Metaspace: 84653K(85568K)->84653K(85568K) NonClass: 72853K(73344K)->72853K(73344K) Class: 11799K(12224K)->11799K(12224K)
[1290.994s][info ][gc             ] GC(128) Pause Young (Allocation Failure) 2408M->573M(2576M) 10.624ms
[1290.994s][info ][gc,cpu         ] GC(128) User=0.04s Sys=0.01s Real=0.01s
[1290.994s][info ][safepoint      ] Safepoint "ParallelGCFailedAllocation", Time since last: 3354733747 ns, Reaching safepoint: 30801 ns, At safepoint: 10724400 ns, Total: 10755201 ns
[1291.994s][info ][safepoint      ] Safepoint "Cleanup", Time since last: 1000088416 ns, Reaching safepoint: 54901 ns, At safepoint: 6300 ns, Total: 61201 ns
[1296.994s][info ][safepoint      ] Safepoint "Cleanup", Time since last: 5000366682 ns, Reaching safepoint: 51901 ns, At safepoint: 9401 ns, Total: 61302 ns
[1298.994s][info ][safepoint      ] Safepoint "Cleanup", Time since last: 2000131632 ns, Reaching safepoint: 45501 ns, At safepoint: 2900 ns, Total: 48401 ns
[1299.995s][info ][safepoint      ] Safepoint "Cleanup", Time since last: 1000106718 ns, Reaching safepoint: 47400 ns, At safepoint: 3201 ns, Total: 50601 ns
[1317.996s][info ][safepoint      ] Safepoint "Cleanup", Time since last: 18001131002 ns, Reaching safepoint: 59501 ns, At safepoint: 9400 ns, Total: 68901 ns
[1318.996s][info ][safepoint      ] Safepoint "Cleanup", Time since last: 1000120018 ns, Reaching safepoint: 189704 ns, At safepoint: 25200 ns, Total: 214904 ns
[1320.188s][info ][safepoint      ] Safepoint "Cleanup", Time since last: 1192039591 ns, Reaching safepoint: 65902 ns, At safepoint: 12800 ns, Total: 78702 ns
[1321.188s][info ][safepoint      ] Safepoint "Cleanup", Time since last: 1000115118 ns, Reaching safepoint: 45501 ns, At safepoint: 3400 ns, Total: 48901 ns
[1325.189s][info ][safepoint      ] Safepoint "Cleanup", Time since last: 4000252269 ns, Reaching safepoint: 49701 ns, At safepoint: 6300 ns, Total: 56001 ns
[1327.189s][info ][safepoint      ] Safepoint "Cleanup", Time since last: 2000161836 ns, Reaching safepoint: 46101 ns, At safepoint: 2800 ns, Total: 48901 ns
[1330.189s][info ][safepoint      ] Safepoint "Cleanup", Time since last: 3000243954 ns, Reaching safepoint: 47801 ns, At safepoint: 3100 ns, Total: 50901 ns
[1331.190s][info ][safepoint      ] Safepoint "Cleanup", Time since last: 1000116918 ns, Reaching safepoint: 123803 ns, At safepoint: 17600 ns, Total: 141403 ns
[1332.190s][info ][safepoint      ] Safepoint "Cleanup", Time since last: 1000119619 ns, Reaching safepoint: 61501 ns, At safepoint: 6700 ns, Total: 68201 ns
[1338.077s][info ][gc,start       ] GC(129) Pause Young (Allocation Failure)
[1338.090s][debug][gc,phases      ] GC(129) Scavenge 13.373ms
[1338.090s][debug][gc,ref         ] GC(129) Skipped phase 1 of Reference Processing: no references
[1338.090s][debug][gc,ref         ] GC(129) ReferenceProcessor::execute queues: 1, RefProcThreadModel::Single, marks_oops_alive: false
[1338.090s][debug][gc,ref         ] GC(129) Skipped phase 3 of Reference Processing: no references
[1338.090s][debug][gc,ref         ] GC(129) ReferenceProcessor::execute queues: 1, RefProcThreadModel::Single, marks_oops_alive: false
[1338.090s][debug][gc,phases      ] GC(129) Reference Processing 0.174ms
[1338.090s][debug][gc,phases      ] GC(129)   VM Weak                        Min:  0.0, Avg:  0.0, Max:  0.0, Diff:  0.0, Sum:  0.0, Workers: 4
[1338.090s][debug][gc,phases      ] GC(129)     Dead                           Min: 0, Avg:  0.0, Max: 0, Diff: 0, Sum: 0, Workers: 4
[1338.090s][debug][gc,phases      ] GC(129)     Total                          Min: 0, Avg: 183.2, Max: 669, Diff: 669, Sum: 733, Workers: 4
[1338.090s][debug][gc,phases      ] GC(129)   ObjectSynchronizer Weak        Min:  0.0, Avg:  0.0, Max:  0.0, Diff:  0.0, Sum:  0.0, Workers: 4
[1338.091s][debug][gc,phases      ] GC(129)     Dead                           Min: 0, Avg:  0.0, Max: 0, Diff: 0, Sum: 0, Workers: 4
[1338.091s][debug][gc,phases      ] GC(129)     Total                          Min: 0, Avg: 99.5, Max: 192, Diff: 192, Sum: 398, Workers: 4
[1338.091s][debug][gc,phases      ] GC(129)   JVMTI Tag Weak OopStorage      Min:  0.0, Avg:  0.0, Max:  0.0, Diff:  0.0, Sum:  0.0, Workers: 4
[1338.091s][debug][gc,phases      ] GC(129)     Dead                           Min: 0, Avg:  0.0, Max: 0, Diff: 0, Sum: 0, Workers: 4
[1338.091s][debug][gc,phases      ] GC(129)     Total                          Min: 0, Avg:  0.0, Max: 0, Diff: 0, Sum: 0, Workers: 4
[1338.091s][debug][gc,phases      ] GC(129)   StringTable Weak               Min:  0.1, Avg:  0.1, Max:  0.1, Diff:  0.0, Sum:  0.5, Workers: 4
[1338.091s][debug][gc,phases      ] GC(129)     Dead                           Min: 0, Avg:  0.0, Max: 0, Diff: 0, Sum: 0, Workers: 4
[1338.091s][debug][gc,phases      ] GC(129)     Total                          Min: 11456, Avg: 12128.8, Max: 12803, Diff: 1347, Sum: 48515, Workers: 4
[1338.091s][debug][gc,phases      ] GC(129)   ResolvedMethodTable Weak       Min:  0.0, Avg:  0.0, Max:  0.0, Diff:  0.0, Sum:  0.1, Workers: 4
[1338.091s][debug][gc,phases      ] GC(129)     Dead                           Min: 0, Avg:  0.0, Max: 0, Diff: 0, Sum: 0, Workers: 4
[1338.091s][debug][gc,phases      ] GC(129)     Total                          Min: 1984, Avg: 2096.8, Max: 2304, Diff: 320, Sum: 8387, Workers: 4
[1338.091s][debug][gc,phases      ] GC(129)   JNI Weak                       Min:  0.0, Avg:  0.0, Max:  0.0, Diff:  0.0, Sum:  0.0, Workers: 4
[1338.091s][debug][gc,phases      ] GC(129)     Dead                           Min: 0, Avg:  0.0, Max: 0, Diff: 0, Sum: 0, Workers: 4
[1338.091s][debug][gc,phases      ] GC(129)     Total                          Min: 0, Avg:  0.0, Max: 0, Diff: 0, Sum: 0, Workers: 4
[1338.091s][debug][gc,phases      ] GC(129)   StringDedup Table Weak         Min:  0.0, Avg:  0.0, Max:  0.0, Diff:  0.0, Sum:  0.0, Workers: 4
[1338.091s][debug][gc,phases      ] GC(129)     Dead                           Min: 0, Avg:  0.0, Max: 0, Diff: 0, Sum: 0, Workers: 4
[1338.091s][debug][gc,phases      ] GC(129)     Total                          Min: 0, Avg:  0.0, Max: 0, Diff: 0, Sum: 0, Workers: 4
[1338.091s][debug][gc,phases      ] GC(129)   StringDedup Requests0 Weak     Min:  0.0, Avg:  0.0, Max:  0.0, Diff:  0.0, Sum:  0.0, Workers: 4
[1338.091s][debug][gc,phases      ] GC(129)     Dead                           Min: 0, Avg:  0.0, Max: 0, Diff: 0, Sum: 0, Workers: 4
[1338.091s][debug][gc,phases      ] GC(129)     Total                          Min: 0, Avg:  0.0, Max: 0, Diff: 0, Sum: 0, Workers: 4
[1338.091s][debug][gc,phases      ] GC(129)   StringDedup Requests1 Weak     Min:  0.0, Avg:  0.0, Max:  0.0, Diff:  0.0, Sum:  0.0, Workers: 4
[1338.091s][debug][gc,phases      ] GC(129)     Dead                           Min: 0, Avg:  0.0, Max: 0, Diff: 0, Sum: 0, Workers: 4
[1338.091s][debug][gc,phases      ] GC(129)     Total                          Min: 0, Avg:  0.0, Max: 0, Diff: 0, Sum: 0, Workers: 4
[1338.091s][debug][gc,phases      ] GC(129)   Weak JFR Old Object Samples    Min:  0.0, Avg:  0.0, Max:  0.0, Diff:  0.0, Sum:  0.0, Workers: 4
[1338.091s][debug][gc,phases      ] GC(129)     Dead                           Min: 0, Avg:  0.0, Max: 0, Diff: 0, Sum: 0, Workers: 4
[1338.091s][debug][gc,phases      ] GC(129)     Total                          Min: 0, Avg:  0.0, Max: 0, Diff: 0, Sum: 0, Workers: 4
[1338.091s][debug][gc,phases      ] GC(129) Weak Processing 0.352ms
[1338.091s][debug][gc,age         ] GC(129) Desired survivor size 100139008 bytes, new threshold 15 (max threshold 15)
[1338.091s][info ][gc,heap        ] GC(129) PSYoungGen: 1931169K(1994752K)->50369K(1992192K) Eden: 1889792K(1889792K)->0K(1889792K) From: 41377K(104960K)->50369K(102400K)
[1338.091s][info ][gc,heap        ] GC(129) ParOldGen: 545400K(643072K)->545408K(643072K)
[1338.091s][info ][gc,metaspace   ] GC(129) Metaspace: 84704K(85632K)->84704K(85632K) NonClass: 72901K(73408K)->72901K(73408K) Class: 11802K(12224K)->11802K(12224K)
[1338.091s][info ][gc             ] GC(129) Pause Young (Allocation Failure) 2418M->581M(2573M) 14.045ms
[1338.091s][info ][gc,cpu         ] GC(129) User=0.05s Sys=0.00s Real=0.02s
[1338.091s][info ][safepoint      ] Safepoint "ParallelGCFailedAllocation", Time since last: 5886768392 ns, Reaching safepoint: 114202 ns, At safepoint: 14140963 ns, Total: 14255165 ns
[1348.091s][info ][safepoint      ] Safepoint "Cleanup", Time since last: 10000560680 ns, Reaching safepoint: 49901 ns, At safepoint: 3300 ns, Total: 53201 ns
[1357.092s][info ][safepoint      ] Safepoint "Cleanup", Time since last: 9000552765 ns, Reaching safepoint: 56401 ns, At safepoint: 4100 ns, Total: 60501 ns
[1366.093s][info ][safepoint      ] Safepoint "Cleanup", Time since last: 9000664771 ns, Reaching safepoint: 47701 ns, At safepoint: 3400 ns, Total: 51101 ns
[1367.093s][info ][safepoint      ] Safepoint "Cleanup", Time since last: 1000114420 ns, Reaching safepoint: 47201 ns, At safepoint: 3100 ns, Total: 50301 ns
[1368.093s][info ][safepoint      ] Safepoint "Cleanup", Time since last: 1000108320 ns, Reaching safepoint: 46000 ns, At safepoint: 2800 ns, Total: 48800 ns
[1387.094s][info ][safepoint      ] Safepoint "Cleanup", Time since last: 19001248068 ns, Reaching safepoint: 65001 ns, At safepoint: 6801 ns, Total: 71802 ns
[1392.095s][info ][safepoint      ] Safepoint "Cleanup", Time since last: 5000309798 ns, Reaching safepoint: 55401 ns, At safepoint: 7500 ns, Total: 62901 ns
[1396.095s][info ][safepoint      ] Safepoint "Cleanup", Time since last: 4000305681 ns, Reaching safepoint: 52001 ns, At safepoint: 17000 ns, Total: 69001 ns
[1403.096s][info ][safepoint      ] Safepoint "Cleanup", Time since last: 7000469941 ns, Reaching safepoint: 54601 ns, At safepoint: 32400 ns, Total: 87001 ns
[1404.096s][info ][safepoint      ] Safepoint "Cleanup", Time since last: 1000112022 ns, Reaching safepoint: 44800 ns, At safepoint: 3800 ns, Total: 48600 ns
[1405.096s][info ][safepoint      ] Safepoint "Cleanup", Time since last: 1000108822 ns, Reaching safepoint: 47600 ns, At safepoint: 7101 ns, Total: 54701 ns
[1406.096s][info ][safepoint      ] Safepoint "Cleanup", Time since last: 1000123321 ns, Reaching safepoint: 49601 ns, At safepoint: 3400 ns, Total: 53001 ns
[1406.378s][info ][gc,start       ] GC(130) Pause Young (Allocation Failure)
[1406.391s][debug][gc,phases      ] GC(130) Scavenge 12.778ms
[1406.391s][debug][gc,ref         ] GC(130) Skipped phase 1 of Reference Processing: no references
[1406.391s][debug][gc,ref         ] GC(130) ReferenceProcessor::execute queues: 1, RefProcThreadModel::Single, marks_oops_alive: false
[1406.391s][debug][gc,ref         ] GC(130) Skipped phase 3 of Reference Processing: no references
[1406.391s][debug][gc,ref         ] GC(130) ReferenceProcessor::execute queues: 1, RefProcThreadModel::Single, marks_oops_alive: false
[1406.391s][debug][gc,phases      ] GC(130) Reference Processing 0.165ms
[1406.391s][debug][gc,phases      ] GC(130)   VM Weak                        Min:  0.0, Avg:  0.0, Max:  0.0, Diff:  0.0, Sum:  0.0, Workers: 4
[1406.391s][debug][gc,phases      ] GC(130)     Dead                           Min: 0, Avg:  0.0, Max: 0, Diff: 0, Sum: 0, Workers: 4
[1406.391s][debug][gc,phases      ] GC(130)     Total                          Min: 0, Avg: 183.2, Max: 448, Diff: 448, Sum: 733, Workers: 4
[1406.391s][debug][gc,phases      ] GC(130)   ObjectSynchronizer Weak        Min:  0.0, Avg:  0.0, Max:  0.0, Diff:  0.0, Sum:  0.0, Workers: 4
[1406.391s][debug][gc,phases      ] GC(130)     Dead                           Min: 0, Avg:  0.0, Max: 0, Diff: 0, Sum: 0, Workers: 4
[1406.391s][debug][gc,phases      ] GC(130)     Total                          Min: 0, Avg: 99.5, Max: 192, Diff: 192, Sum: 398, Workers: 4
[1406.391s][debug][gc,phases      ] GC(130)   JVMTI Tag Weak OopStorage      Min:  0.0, Avg:  0.0, Max:  0.0, Diff:  0.0, Sum:  0.0, Workers: 4
[1406.391s][debug][gc,phases      ] GC(130)     Dead                           Min: 0, Avg:  0.0, Max: 0, Diff: 0, Sum: 0, Workers: 4
[1406.391s][debug][gc,phases      ] GC(130)     Total                          Min: 0, Avg:  0.0, Max: 0, Diff: 0, Sum: 0, Workers: 4
[1406.391s][debug][gc,phases      ] GC(130)   StringTable Weak               Min:  0.1, Avg:  0.1, Max:  0.1, Diff:  0.0, Sum:  0.5, Workers: 4
[1406.391s][debug][gc,phases      ] GC(130)     Dead                           Min: 0, Avg:  0.0, Max: 0, Diff: 0, Sum: 0, Workers: 4
[1406.391s][debug][gc,phases      ] GC(130)     Total                          Min: 11840, Avg: 12129.5, Max: 12608, Diff: 768, Sum: 48518, Workers: 4
[1406.391s][debug][gc,phases      ] GC(130)   ResolvedMethodTable Weak       Min:  0.0, Avg:  0.0, Max:  0.0, Diff:  0.0, Sum:  0.1, Workers: 4
[1406.391s][debug][gc,phases      ] GC(130)     Dead                           Min: 0, Avg:  0.0, Max: 0, Diff: 0, Sum: 0, Workers: 4
[1406.391s][debug][gc,phases      ] GC(130)     Total                          Min: 1797, Avg: 2097.2, Max: 2240, Diff: 443, Sum: 8389, Workers: 4
[1406.391s][debug][gc,phases      ] GC(130)   JNI Weak                       Min:  0.0, Avg:  0.0, Max:  0.0, Diff:  0.0, Sum:  0.0, Workers: 4
[1406.391s][debug][gc,phases      ] GC(130)     Dead                           Min: 0, Avg:  0.0, Max: 0, Diff: 0, Sum: 0, Workers: 4
[1406.391s][debug][gc,phases      ] GC(130)     Total                          Min: 0, Avg:  0.0, Max: 0, Diff: 0, Sum: 0, Workers: 4
[1406.391s][debug][gc,phases      ] GC(130)   StringDedup Table Weak         Min:  0.0, Avg:  0.0, Max:  0.0, Diff:  0.0, Sum:  0.0, Workers: 4
[1406.391s][debug][gc,phases      ] GC(130)     Dead                           Min: 0, Avg:  0.0, Max: 0, Diff: 0, Sum: 0, Workers: 4
[1406.391s][debug][gc,phases      ] GC(130)     Total                          Min: 0, Avg:  0.0, Max: 0, Diff: 0, Sum: 0, Workers: 4
[1406.391s][debug][gc,phases      ] GC(130)   StringDedup Requests0 Weak     Min:  0.0, Avg:  0.0, Max:  0.0, Diff:  0.0, Sum:  0.0, Workers: 4
[1406.391s][debug][gc,phases      ] GC(130)     Dead                           Min: 0, Avg:  0.0, Max: 0, Diff: 0, Sum: 0, Workers: 4
[1406.391s][debug][gc,phases      ] GC(130)     Total                          Min: 0, Avg:  0.0, Max: 0, Diff: 0, Sum: 0, Workers: 4
[1406.391s][debug][gc,phases      ] GC(130)   StringDedup Requests1 Weak     Min:  0.0, Avg:  0.0, Max:  0.0, Diff:  0.0, Sum:  0.0, Workers: 4
[1406.391s][debug][gc,phases      ] GC(130)     Dead                           Min: 0, Avg:  0.0, Max: 0, Diff: 0, Sum: 0, Workers: 4
[1406.391s][debug][gc,phases      ] GC(130)     Total                          Min: 0, Avg:  0.0, Max: 0, Diff: 0, Sum: 0, Workers: 4
[1406.391s][debug][gc,phases      ] GC(130)   Weak JFR Old Object Samples    Min:  0.0, Avg:  0.0, Max:  0.0, Diff:  0.0, Sum:  0.0, Workers: 4
[1406.391s][debug][gc,phases      ] GC(130)     Dead                           Min: 0, Avg:  0.0, Max: 0, Diff: 0, Sum: 0, Workers: 4
[1406.391s][debug][gc,phases      ] GC(130)     Total                          Min: 0, Avg:  0.0, Max: 0, Diff: 0, Sum: 0, Workers: 4
[1406.391s][debug][gc,phases      ] GC(130) Weak Processing 0.339ms
[1406.391s][debug][gc,age         ] GC(130) Desired survivor size 95420416 bytes, new threshold 15 (max threshold 15)
[1406.391s][info ][gc,heap        ] GC(130) PSYoungGen: 1940161K(1992192K)->52321K(2003968K) Eden: 1889792K(1889792K)->0K(1906176K) From: 50369K(102400K)->52321K(97792K)
[1406.391s][info ][gc,heap        ] GC(130) ParOldGen: 545408K(643072K)->545416K(643072K)
[1406.391s][info ][gc,metaspace   ] GC(130) Metaspace: 84724K(85632K)->84724K(85632K) NonClass: 72920K(73408K)->72920K(73408K) Class: 11803K(12224K)->11803K(12224K)
[1406.391s][info ][gc             ] GC(130) Pause Young (Allocation Failure) 2427M->583M(2585M) 13.444ms
[1406.392s][info ][gc,cpu         ] GC(130) User=0.05s Sys=0.00s Real=0.01s
[1406.392s][info ][safepoint      ] Safepoint "ParallelGCFailedAllocation", Time since last: 281850248 ns, Reaching safepoint: 31800 ns, At safepoint: 13523952 ns, Total: 13555752 ns
[1412.392s][info ][safepoint      ] Safepoint "Cleanup", Time since last: 6000520325 ns, Reaching safepoint: 50801 ns, At safepoint: 3900 ns, Total: 54701 ns
[1414.392s][info ][safepoint      ] Safepoint "Cleanup", Time since last: 2000182442 ns, Reaching safepoint: 49601 ns, At safepoint: 10700 ns, Total: 60301 ns
[1416.393s][info ][safepoint      ] Safepoint "Cleanup", Time since last: 2000171942 ns, Reaching safepoint: 42801 ns, At safepoint: 3000 ns, Total: 45801 ns
[1418.393s][info ][safepoint      ] Safepoint "Cleanup", Time since last: 2000161742 ns, Reaching safepoint: 54301 ns, At safepoint: 9400 ns, Total: 63701 ns
[1419.393s][info ][safepoint      ] Safepoint "Cleanup", Time since last: 1000102221 ns, Reaching safepoint: 50201 ns, At safepoint: 4200 ns, Total: 54401 ns
[1420.394s][info ][safepoint      ] Safepoint "Cleanup", Time since last: 1000082721 ns, Reaching safepoint: 545111 ns, At safepoint: 13900 ns, Total: 559011 ns
[1421.394s][info ][safepoint      ] Safepoint "Cleanup", Time since last: 1000112521 ns, Reaching safepoint: 118203 ns, At safepoint: 13100 ns, Total: 131303 ns
[1423.394s][info ][safepoint      ] Safepoint "Cleanup", Time since last: 2000178342 ns, Reaching safepoint: 50701 ns, At safepoint: 3300 ns, Total: 54001 ns
[1426.394s][info ][safepoint      ] Safepoint "Cleanup", Time since last: 3000240864 ns, Reaching safepoint: 47601 ns, At safepoint: 7800 ns, Total: 55401 ns
[1430.395s][info ][safepoint      ] Safepoint "Cleanup", Time since last: 4000311885 ns, Reaching safepoint: 57601 ns, At safepoint: 6300 ns, Total: 63901 ns
[1432.395s][info ][safepoint      ] Safepoint "Cleanup", Time since last: 2000181143 ns, Reaching safepoint: 58001 ns, At safepoint: 9601 ns, Total: 67602 ns
[1436.395s][info ][safepoint      ] Safepoint "Cleanup", Time since last: 4000317385 ns, Reaching safepoint: 44601 ns, At safepoint: 4200 ns, Total: 48801 ns
[1443.396s][info ][safepoint      ] Safepoint "Cleanup", Time since last: 7000540551 ns, Reaching safepoint: 60501 ns, At safepoint: 7601 ns, Total: 68102 ns
[1444.396s][info ][safepoint      ] Safepoint "Cleanup", Time since last: 1000116722 ns, Reaching safepoint: 46801 ns, At safepoint: 2600 ns, Total: 49401 ns
[1455.397s][info ][safepoint      ] Safepoint "Cleanup", Time since last: 11000803640 ns, Reaching safepoint: 54901 ns, At safepoint: 13700 ns, Total: 68601 ns
[1460.397s][info ][safepoint      ] Safepoint "Cleanup", Time since last: 5000358410 ns, Reaching safepoint: 54801 ns, At safepoint: 8000 ns, Total: 62801 ns
[1466.398s][info ][safepoint      ] Safepoint "Cleanup", Time since last: 6000400933 ns, Reaching safepoint: 54401 ns, At safepoint: 6400 ns, Total: 60801 ns
[1469.398s][info ][safepoint      ] Safepoint "Cleanup", Time since last: 3000252067 ns, Reaching safepoint: 51701 ns, At safepoint: 8501 ns, Total: 60202 ns
[1470.398s][info ][safepoint      ] Safepoint "Cleanup", Time since last: 1000084122 ns, Reaching safepoint: 46701 ns, At safepoint: 3700 ns, Total: 50401 ns
[1473.614s][info ][safepoint      ] Safepoint "Cleanup", Time since last: 3215134769 ns, Reaching safepoint: 54901 ns, At safepoint: 6300 ns, Total: 61201 ns
[1474.614s][info ][safepoint      ] Safepoint "Cleanup", Time since last: 1000120124 ns, Reaching safepoint: 57801 ns, At safepoint: 3400 ns, Total: 61201 ns
[1479.125s][info ][gc,start       ] GC(131) Pause Young (Allocation Failure)
[1479.138s][debug][gc,phases      ] GC(131) Scavenge 12.392ms
[1479.138s][debug][gc,ref         ] GC(131) Skipped phase 1 of Reference Processing: no references
[1479.138s][debug][gc,ref         ] GC(131) ReferenceProcessor::execute queues: 1, RefProcThreadModel::Single, marks_oops_alive: false
[1479.138s][debug][gc,ref         ] GC(131) Skipped phase 3 of Reference Processing: no references
[1479.138s][debug][gc,ref         ] GC(131) ReferenceProcessor::execute queues: 1, RefProcThreadModel::Single, marks_oops_alive: false
[1479.138s][debug][gc,phases      ] GC(131) Reference Processing 0.155ms
[1479.138s][debug][gc,phases      ] GC(131)   VM Weak                        Min:  0.0, Avg:  0.0, Max:  0.0, Diff:  0.0, Sum:  0.0, Workers: 4
[1479.138s][debug][gc,phases      ] GC(131)     Dead                           Min: 0, Avg:  0.0, Max: 0, Diff: 0, Sum: 0, Workers: 4
[1479.138s][debug][gc,phases      ] GC(131)     Total                          Min: 0, Avg: 183.2, Max: 384, Diff: 384, Sum: 733, Workers: 4
[1479.138s][debug][gc,phases      ] GC(131)   ObjectSynchronizer Weak        Min:  0.0, Avg:  0.0, Max:  0.0, Diff:  0.0, Sum:  0.0, Workers: 4
[1479.138s][debug][gc,phases      ] GC(131)     Dead                           Min: 0, Avg:  0.0, Max: 0, Diff: 0, Sum: 0, Workers: 4
[1479.138s][debug][gc,phases      ] GC(131)     Total                          Min: 14, Avg: 99.5, Max: 192, Diff: 178, Sum: 398, Workers: 4
[1479.138s][debug][gc,phases      ] GC(131)   JVMTI Tag Weak OopStorage      Min:  0.0, Avg:  0.0, Max:  0.0, Diff:  0.0, Sum:  0.0, Workers: 4
[1479.138s][debug][gc,phases      ] GC(131)     Dead                           Min: 0, Avg:  0.0, Max: 0, Diff: 0, Sum: 0, Workers: 4
[1479.138s][debug][gc,phases      ] GC(131)     Total                          Min: 0, Avg:  0.0, Max: 0, Diff: 0, Sum: 0, Workers: 4
[1479.138s][debug][gc,phases      ] GC(131)   StringTable Weak               Min:  0.1, Avg:  0.1, Max:  0.1, Diff:  0.0, Sum:  0.5, Workers: 4
[1479.138s][debug][gc,phases      ] GC(131)     Dead                           Min: 0, Avg:  0.0, Max: 0, Diff: 0, Sum: 0, Workers: 4
[1479.138s][debug][gc,phases      ] GC(131)     Total                          Min: 11456, Avg: 12131.5, Max: 12814, Diff: 1358, Sum: 48526, Workers: 4
[1479.138s][debug][gc,phases      ] GC(131)   ResolvedMethodTable Weak       Min:  0.0, Avg:  0.0, Max:  0.0, Diff:  0.0, Sum:  0.1, Workers: 4
[1479.138s][debug][gc,phases      ] GC(131)     Dead                           Min: 0, Avg:  0.0, Max: 0, Diff: 0, Sum: 0, Workers: 4
[1479.138s][debug][gc,phases      ] GC(131)     Total                          Min: 1984, Avg: 2098.8, Max: 2187, Diff: 203, Sum: 8395, Workers: 4
[1479.138s][debug][gc,phases      ] GC(131)   JNI Weak                       Min:  0.0, Avg:  0.0, Max:  0.0, Diff:  0.0, Sum:  0.0, Workers: 4
[1479.138s][debug][gc,phases      ] GC(131)     Dead                           Min: 0, Avg:  0.0, Max: 0, Diff: 0, Sum: 0, Workers: 4
[1479.138s][debug][gc,phases      ] GC(131)     Total                          Min: 0, Avg:  0.0, Max: 0, Diff: 0, Sum: 0, Workers: 4
[1479.138s][debug][gc,phases      ] GC(131)   StringDedup Table Weak         Min:  0.0, Avg:  0.0, Max:  0.0, Diff:  0.0, Sum:  0.0, Workers: 4
[1479.138s][debug][gc,phases      ] GC(131)     Dead                           Min: 0, Avg:  0.0, Max: 0, Diff: 0, Sum: 0, Workers: 4
[1479.138s][debug][gc,phases      ] GC(131)     Total                          Min: 0, Avg:  0.0, Max: 0, Diff: 0, Sum: 0, Workers: 4
[1479.138s][debug][gc,phases      ] GC(131)   StringDedup Requests0 Weak     Min:  0.0, Avg:  0.0, Max:  0.0, Diff:  0.0, Sum:  0.0, Workers: 4
[1479.138s][debug][gc,phases      ] GC(131)     Dead                           Min: 0, Avg:  0.0, Max: 0, Diff: 0, Sum: 0, Workers: 4
[1479.138s][debug][gc,phases      ] GC(131)     Total                          Min: 0, Avg:  0.0, Max: 0, Diff: 0, Sum: 0, Workers: 4
[1479.138s][debug][gc,phases      ] GC(131)   StringDedup Requests1 Weak     Min:  0.0, Avg:  0.0, Max:  0.0, Diff:  0.0, Sum:  0.0, Workers: 4
[1479.138s][debug][gc,phases      ] GC(131)     Dead                           Min: 0, Avg:  0.0, Max: 0, Diff: 0, Sum: 0, Workers: 4
[1479.138s][debug][gc,phases      ] GC(131)     Total                          Min: 0, Avg:  0.0, Max: 0, Diff: 0, Sum: 0, Workers: 4
[1479.138s][debug][gc,phases      ] GC(131)   Weak JFR Old Object Samples    Min:  0.0, Avg:  0.0, Max:  0.0, Diff:  0.0, Sum:  0.0, Workers: 4
[1479.138s][debug][gc,phases      ] GC(131)     Dead                           Min: 0, Avg:  0.0, Max: 0, Diff: 0, Sum: 0, Workers: 4
[1479.138s][debug][gc,phases      ] GC(131)     Total                          Min: 0, Avg:  0.0, Max: 0, Diff: 0, Sum: 0, Workers: 4
[1479.138s][debug][gc,phases      ] GC(131) Weak Processing 0.348ms
[1479.138s][debug][gc,age         ] GC(131) Desired survivor size 92274688 bytes, new threshold 15 (max threshold 15)
[1479.138s][info ][gc,heap        ] GC(131) PSYoungGen: 1958497K(2003968K)->47073K(1999360K) Eden: 1906176K(1906176K)->0K(1906176K) From: 52321K(97792K)->47073K(93184K)
[1479.138s][info ][gc,heap        ] GC(131) ParOldGen: 545416K(643072K)->545416K(643072K)
[1479.139s][info ][gc,metaspace   ] GC(131) Metaspace: 84761K(85696K)->84761K(85696K) NonClass: 72952K(73472K)->72952K(73472K) Class: 11809K(12224K)->11809K(12224K)
[1479.139s][info ][gc             ] GC(131) Pause Young (Allocation Failure) 2445M->578M(2580M) 13.034ms
[1479.139s][info ][gc,cpu         ] GC(131) User=0.05s Sys=0.00s Real=0.02s
[1479.139s][info ][safepoint      ] Safepoint "ParallelGCFailedAllocation", Time since last: 4511690413 ns, Reaching safepoint: 46801 ns, At safepoint: 13116944 ns, Total: 13163745 ns
[1482.139s][info ][safepoint      ] Safepoint "Cleanup", Time since last: 3000210768 ns, Reaching safepoint: 58801 ns, At safepoint: 15001 ns, Total: 73802 ns
[1484.139s][info ][safepoint      ] Safepoint "Cleanup", Time since last: 2000183346 ns, Reaching safepoint: 46401 ns, At safepoint: 3400 ns, Total: 49801 ns
[1485.139s][info ][safepoint      ] Safepoint "Cleanup", Time since last: 1000168624 ns, Reaching safepoint: 57201 ns, At safepoint: 9601 ns, Total: 66802 ns
[1487.140s][info ][safepoint      ] Safepoint "Cleanup", Time since last: 2000183846 ns, Reaching safepoint: 50601 ns, At safepoint: 3100 ns, Total: 53701 ns
[1489.140s][info ][safepoint      ] Safepoint "Cleanup", Time since last: 2000162546 ns, Reaching safepoint: 63701 ns, At safepoint: 8500 ns, Total: 72201 ns
[1491.140s][info ][safepoint      ] Safepoint "Cleanup", Time since last: 2000180747 ns, Reaching safepoint: 52001 ns, At safepoint: 10400 ns, Total: 62401 ns
[1492.140s][info ][safepoint      ] Safepoint "Cleanup", Time since last: 1000125424 ns, Reaching safepoint: 51901 ns, At safepoint: 8200 ns, Total: 60101 ns
[1493.140s][info ][safepoint      ] Safepoint "Cleanup", Time since last: 1000117724 ns, Reaching safepoint: 74301 ns, At safepoint: 5500 ns, Total: 79801 ns
[1495.141s][info ][safepoint      ] Safepoint "Cleanup", Time since last: 2000212348 ns, Reaching safepoint: 125602 ns, At safepoint: 15800 ns, Total: 141402 ns
[1496.141s][info ][safepoint      ] Safepoint "Cleanup", Time since last: 1000101224 ns, Reaching safepoint: 53801 ns, At safepoint: 7300 ns, Total: 61101 ns
[1497.141s][info ][safepoint      ] Safepoint "Cleanup", Time since last: 1000079223 ns, Reaching safepoint: 52701 ns, At safepoint: 9101 ns, Total: 61802 ns
[1498.141s][info ][safepoint      ] Safepoint "Cleanup", Time since last: 1000109423 ns, Reaching safepoint: 41601 ns, At safepoint: 2800 ns, Total: 44401 ns
[1499.141s][info ][safepoint      ] Safepoint "Cleanup", Time since last: 1000117224 ns, Reaching safepoint: 43101 ns, At safepoint: 2800 ns, Total: 45901 ns
[1500.142s][info ][safepoint      ] Safepoint "Cleanup", Time since last: 1000110424 ns, Reaching safepoint: 231104 ns, At safepoint: 15701 ns, Total: 246805 ns
[1501.142s][info ][safepoint      ] Safepoint "Cleanup", Time since last: 1000109624 ns, Reaching safepoint: 46600 ns, At safepoint: 4400 ns, Total: 51000 ns
[1502.142s][info ][safepoint      ] Safepoint "Cleanup", Time since last: 1000116325 ns, Reaching safepoint: 52700 ns, At safepoint: 7001 ns, Total: 59701 ns
[1503.142s][info ][safepoint      ] Safepoint "Cleanup", Time since last: 1000113124 ns, Reaching safepoint: 48901 ns, At safepoint: 4100 ns, Total: 53001 ns
[1503.929s][info ][gc,start       ] GC(132) Pause Young (Allocation Failure)
[1503.949s][debug][gc,phases      ] GC(132) Scavenge 20.602ms
[1503.950s][debug][gc,ref         ] GC(132) Skipped phase 1 of Reference Processing: no references
[1503.950s][debug][gc,ref         ] GC(132) ReferenceProcessor::execute queues: 1, RefProcThreadModel::Single, marks_oops_alive: false
[1503.950s][debug][gc,ref         ] GC(132) Skipped phase 3 of Reference Processing: no references
[1503.950s][debug][gc,ref         ] GC(132) ReferenceProcessor::execute queues: 1, RefProcThreadModel::Single, marks_oops_alive: false
[1503.950s][debug][gc,phases      ] GC(132) Reference Processing 0.154ms
[1503.950s][debug][gc,phases      ] GC(132)   VM Weak                        Min:  0.0, Avg:  0.0, Max:  0.0, Diff:  0.0, Sum:  0.0, Workers: 4
[1503.950s][debug][gc,phases      ] GC(132)     Dead                           Min: 0, Avg:  0.0, Max: 0, Diff: 0, Sum: 0, Workers: 4
[1503.950s][debug][gc,phases      ] GC(132)     Total                          Min: 0, Avg: 183.2, Max: 413, Diff: 413, Sum: 733, Workers: 4
[1503.950s][debug][gc,phases      ] GC(132)   ObjectSynchronizer Weak        Min:  0.0, Avg:  0.0, Max:  0.0, Diff:  0.0, Sum:  0.0, Workers: 4
[1503.950s][debug][gc,phases      ] GC(132)     Dead                           Min: 0, Avg:  0.0, Max: 0, Diff: 0, Sum: 0, Workers: 4
[1503.950s][debug][gc,phases      ] GC(132)     Total                          Min: 0, Avg: 99.5, Max: 142, Diff: 142, Sum: 398, Workers: 4
[1503.950s][debug][gc,phases      ] GC(132)   JVMTI Tag Weak OopStorage      Min:  0.0, Avg:  0.0, Max:  0.0, Diff:  0.0, Sum:  0.0, Workers: 4
[1503.950s][debug][gc,phases      ] GC(132)     Dead                           Min: 0, Avg:  0.0, Max: 0, Diff: 0, Sum: 0, Workers: 4
[1503.950s][debug][gc,phases      ] GC(132)     Total                          Min: 0, Avg:  0.0, Max: 0, Diff: 0, Sum: 0, Workers: 4
[1503.950s][debug][gc,phases      ] GC(132)   StringTable Weak               Min:  0.1, Avg:  0.1, Max:  0.1, Diff:  0.0, Sum:  0.5, Workers: 4
[1503.950s][debug][gc,phases      ] GC(132)     Dead                           Min: 0, Avg:  0.0, Max: 0, Diff: 0, Sum: 0, Workers: 4
[1503.950s][debug][gc,phases      ] GC(132)     Total                          Min: 11456, Avg: 12131.5, Max: 12750, Diff: 1294, Sum: 48526, Workers: 4
[1503.950s][debug][gc,phases      ] GC(132)   ResolvedMethodTable Weak       Min:  0.0, Avg:  0.0, Max:  0.0, Diff:  0.0, Sum:  0.1, Workers: 4
[1503.950s][debug][gc,phases      ] GC(132)     Dead                           Min: 0, Avg:  0.0, Max: 0, Diff: 0, Sum: 0, Workers: 4
[1503.950s][debug][gc,phases      ] GC(132)     Total                          Min: 1867, Avg: 2098.8, Max: 2304, Diff: 437, Sum: 8395, Workers: 4
[1503.950s][debug][gc,phases      ] GC(132)   JNI Weak                       Min:  0.0, Avg:  0.0, Max:  0.0, Diff:  0.0, Sum:  0.0, Workers: 4
[1503.950s][debug][gc,phases      ] GC(132)     Dead                           Min: 0, Avg:  0.0, Max: 0, Diff: 0, Sum: 0, Workers: 4
[1503.950s][debug][gc,phases      ] GC(132)     Total                          Min: 0, Avg:  0.0, Max: 0, Diff: 0, Sum: 0, Workers: 4
[1503.950s][debug][gc,phases      ] GC(132)   StringDedup Table Weak         Min:  0.0, Avg:  0.0, Max:  0.0, Diff:  0.0, Sum:  0.0, Workers: 4
[1503.950s][debug][gc,phases      ] GC(132)     Dead                           Min: 0, Avg:  0.0, Max: 0, Diff: 0, Sum: 0, Workers: 4
[1503.950s][debug][gc,phases      ] GC(132)     Total                          Min: 0, Avg:  0.0, Max: 0, Diff: 0, Sum: 0, Workers: 4
[1503.950s][debug][gc,phases      ] GC(132)   StringDedup Requests0 Weak     Min:  0.0, Avg:  0.0, Max:  0.0, Diff:  0.0, Sum:  0.0, Workers: 4
[1503.950s][debug][gc,phases      ] GC(132)     Dead                           Min: 0, Avg:  0.0, Max: 0, Diff: 0, Sum: 0, Workers: 4
[1503.950s][debug][gc,phases      ] GC(132)     Total                          Min: 0, Avg:  0.0, Max: 0, Diff: 0, Sum: 0, Workers: 4
[1503.950s][debug][gc,phases      ] GC(132)   StringDedup Requests1 Weak     Min:  0.0, Avg:  0.0, Max:  0.0, Diff:  0.0, Sum:  0.0, Workers: 4
[1503.950s][debug][gc,phases      ] GC(132)     Dead                           Min: 0, Avg:  0.0, Max: 0, Diff: 0, Sum: 0, Workers: 4
[1503.950s][debug][gc,phases      ] GC(132)     Total                          Min: 0, Avg:  0.0, Max: 0, Diff: 0, Sum: 0, Workers: 4
[1503.950s][debug][gc,phases      ] GC(132)   Weak JFR Old Object Samples    Min:  0.0, Avg:  0.0, Max:  0.0, Diff:  0.0, Sum:  0.0, Workers: 4
[1503.950s][debug][gc,phases      ] GC(132)     Dead                           Min: 0, Avg:  0.0, Max: 0, Diff: 0, Sum: 0, Workers: 4
[1503.950s][debug][gc,phases      ] GC(132)     Total                          Min: 0, Avg:  0.0, Max: 0, Diff: 0, Sum: 0, Workers: 4
[1503.950s][debug][gc,phases      ] GC(132) Weak Processing 0.357ms
[1503.950s][debug][gc,age         ] GC(132) Desired survivor size 98566144 bytes, new threshold 15 (max threshold 15)
[1503.950s][info ][gc,heap        ] GC(132) PSYoungGen: 1953249K(1999360K)->78463K(1994752K) Eden: 1906176K(1906176K)->0K(1904640K) From: 47073K(93184K)->78463K(90112K)
[1503.950s][info ][gc,heap        ] GC(132) ParOldGen: 545416K(643072K)->545424K(643072K)
[1503.950s][info ][gc,metaspace   ] GC(132) Metaspace: 84770K(85696K)->84770K(85696K) NonClass: 72961K(73472K)->72961K(73472K) Class: 11809K(12224K)->11809K(12224K)
[1503.950s][info ][gc             ] GC(132) Pause Young (Allocation Failure) 2440M->609M(2576M) 21.265ms
[1503.950s][info ][gc,cpu         ] GC(132) User=0.08s Sys=0.00s Real=0.03s
[1503.950s][info ][safepoint      ] Safepoint "ParallelGCFailedAllocation", Time since last: 786401944 ns, Reaching safepoint: 113702 ns, At safepoint: 21359998 ns, Total: 21473700 ns
[1507.950s][info ][safepoint      ] Safepoint "Cleanup", Time since last: 4000240992 ns, Reaching safepoint: 80502 ns, At safepoint: 12200 ns, Total: 92702 ns
[1508.951s][info ][safepoint      ] Safepoint "Cleanup", Time since last: 1000118124 ns, Reaching safepoint: 47001 ns, At safepoint: 3300 ns, Total: 50301 ns
[1510.951s][info ][safepoint      ] Safepoint "Cleanup", Time since last: 2000184448 ns, Reaching safepoint: 49801 ns, At safepoint: 8100 ns, Total: 57901 ns
[1514.951s][info ][safepoint      ] Safepoint "Cleanup", Time since last: 4000323995 ns, Reaching safepoint: 50901 ns, At safepoint: 8500 ns, Total: 59401 ns
[1515.951s][info ][safepoint      ] Safepoint "Cleanup", Time since last: 1000115624 ns, Reaching safepoint: 51101 ns, At safepoint: 7901 ns, Total: 59002 ns
[1516.952s][info ][safepoint      ] Safepoint "Cleanup", Time since last: 1000109224 ns, Reaching safepoint: 49301 ns, At safepoint: 7500 ns, Total: 56801 ns
[1518.952s][info ][safepoint      ] Safepoint "Cleanup", Time since last: 2000220949 ns, Reaching safepoint: 62701 ns, At safepoint: 11100 ns, Total: 73801 ns
[1519.952s][info ][safepoint      ] Safepoint "Cleanup", Time since last: 1000114025 ns, Reaching safepoint: 43400 ns, At safepoint: 6801 ns, Total: 50201 ns
[1520.952s][info ][safepoint      ] Safepoint "Cleanup", Time since last: 1000109724 ns, Reaching safepoint: 50301 ns, At safepoint: 7600 ns, Total: 57901 ns
[1521.952s][info ][safepoint      ] Safepoint "Cleanup", Time since last: 1000119325 ns, Reaching safepoint: 56901 ns, At safepoint: 5900 ns, Total: 62801 ns
[1522.953s][info ][safepoint      ] Safepoint "Cleanup", Time since last: 1000120225 ns, Reaching safepoint: 53101 ns, At safepoint: 2900 ns, Total: 56001 ns
[1524.953s][info ][safepoint      ] Safepoint "Cleanup", Time since last: 2000179248 ns, Reaching safepoint: 50501 ns, At safepoint: 4900 ns, Total: 55401 ns
[1526.953s][info ][safepoint      ] Safepoint "Cleanup", Time since last: 2000236249 ns, Reaching safepoint: 48501 ns, At safepoint: 3900 ns, Total: 52401 ns
[1528.953s][info ][safepoint      ] Safepoint "Cleanup", Time since last: 2000186049 ns, Reaching safepoint: 62101 ns, At safepoint: 9800 ns, Total: 71901 ns
[1529.954s][info ][safepoint      ] Safepoint "Cleanup", Time since last: 1000109425 ns, Reaching safepoint: 48801 ns, At safepoint: 3700 ns, Total: 52501 ns
[1530.954s][info ][safepoint      ] Safepoint "Cleanup", Time since last: 1000122025 ns, Reaching safepoint: 62901 ns, At safepoint: 8200 ns, Total: 71101 ns
[1532.382s][info ][safepoint      ] Safepoint "Cleanup", Time since last: 1428621805 ns, Reaching safepoint: 95302 ns, At safepoint: 8300 ns, Total: 103602 ns
[1533.383s][info ][safepoint      ] Safepoint "Cleanup", Time since last: 1000118325 ns, Reaching safepoint: 119802 ns, At safepoint: 7600 ns, Total: 127402 ns
[1535.383s][info ][safepoint      ] Safepoint "Cleanup", Time since last: 2000147848 ns, Reaching safepoint: 56201 ns, At safepoint: 11401 ns, Total: 67602 ns
[1540.383s][info ][safepoint      ] Safepoint "Cleanup", Time since last: 5000376921 ns, Reaching safepoint: 58201 ns, At safepoint: 6200 ns, Total: 64401 ns
[1547.384s][info ][safepoint      ] Safepoint "Cleanup", Time since last: 7000626173 ns, Reaching safepoint: 52301 ns, At safepoint: 8000 ns, Total: 60301 ns
[1548.384s][info ][safepoint      ] Safepoint "Cleanup", Time since last: 1000110925 ns, Reaching safepoint: 53601 ns, At safepoint: 2800 ns, Total: 56401 ns
[1551.384s][info ][safepoint      ] Safepoint "Cleanup", Time since last: 3000237774 ns, Reaching safepoint: 47901 ns, At safepoint: 11800 ns, Total: 59701 ns
[1560.385s][info ][safepoint      ] Safepoint "Cleanup", Time since last: 9000602821 ns, Reaching safepoint: 121302 ns, At safepoint: 8500 ns, Total: 129802 ns
[1560.809s][info ][gc,start       ] GC(133) Pause Young (Allocation Failure)
[1560.826s][debug][gc,phases      ] GC(133) Scavenge 17.613ms
[1560.826s][debug][gc,ref         ] GC(133) Skipped phase 1 of Reference Processing: no references
[1560.827s][debug][gc,ref         ] GC(133) ReferenceProcessor::execute queues: 1, RefProcThreadModel::Single, marks_oops_alive: false
[1560.827s][debug][gc,ref         ] GC(133) Skipped phase 3 of Reference Processing: no references
[1560.827s][debug][gc,ref         ] GC(133) ReferenceProcessor::execute queues: 1, RefProcThreadModel::Single, marks_oops_alive: false
[1560.827s][debug][gc,phases      ] GC(133) Reference Processing 0.160ms
[1560.827s][debug][gc,phases      ] GC(133)   VM Weak                        Min:  0.0, Avg:  0.0, Max:  0.0, Diff:  0.0, Sum:  0.0, Workers: 4
[1560.827s][debug][gc,phases      ] GC(133)     Dead                           Min: 0, Avg:  0.0, Max: 0, Diff: 0, Sum: 0, Workers: 4
[1560.827s][debug][gc,phases      ] GC(133)     Total                          Min: 0, Avg: 183.2, Max: 576, Diff: 576, Sum: 733, Workers: 4
[1560.827s][debug][gc,phases      ] GC(133)   ObjectSynchronizer Weak        Min:  0.0, Avg:  0.0, Max:  0.0, Diff:  0.0, Sum:  0.0, Workers: 4
[1560.827s][debug][gc,phases      ] GC(133)     Dead                           Min: 0, Avg:  0.0, Max: 0, Diff: 0, Sum: 0, Workers: 4
[1560.827s][debug][gc,phases      ] GC(133)     Total                          Min: 0, Avg: 99.5, Max: 192, Diff: 192, Sum: 398, Workers: 4
[1560.827s][debug][gc,phases      ] GC(133)   JVMTI Tag Weak OopStorage      Min:  0.0, Avg:  0.0, Max:  0.0, Diff:  0.0, Sum:  0.0, Workers: 4
[1560.827s][debug][gc,phases      ] GC(133)     Dead                           Min: 0, Avg:  0.0, Max: 0, Diff: 0, Sum: 0, Workers: 4
[1560.827s][debug][gc,phases      ] GC(133)     Total                          Min: 0, Avg:  0.0, Max: 0, Diff: 0, Sum: 0, Workers: 4
[1560.827s][debug][gc,phases      ] GC(133)   StringTable Weak               Min:  0.1, Avg:  0.1, Max:  0.1, Diff:  0.0, Sum:  0.5, Workers: 4
[1560.827s][debug][gc,phases      ] GC(133)     Dead                           Min: 0, Avg:  0.0, Max: 0, Diff: 0, Sum: 0, Workers: 4
[1560.827s][debug][gc,phases      ] GC(133)     Total                          Min: 11200, Avg: 12131.8, Max: 13568, Diff: 2368, Sum: 48527, Workers: 4
[1560.827s][debug][gc,phases      ] GC(133)   ResolvedMethodTable Weak       Min:  0.0, Avg:  0.0, Max:  0.0, Diff:  0.0, Sum:  0.1, Workers: 4
[1560.827s][debug][gc,phases      ] GC(133)     Dead                           Min: 0, Avg:  0.0, Max: 0, Diff: 0, Sum: 0, Workers: 4
[1560.827s][debug][gc,phases      ] GC(133)     Total                          Min: 1920, Avg: 2098.8, Max: 2240, Diff: 320, Sum: 8395, Workers: 4
[1560.827s][debug][gc,phases      ] GC(133)   JNI Weak                       Min:  0.0, Avg:  0.0, Max:  0.0, Diff:  0.0, Sum:  0.0, Workers: 4
[1560.827s][debug][gc,phases      ] GC(133)     Dead                           Min: 0, Avg:  0.0, Max: 0, Diff: 0, Sum: 0, Workers: 4
[1560.827s][debug][gc,phases      ] GC(133)     Total                          Min: 0, Avg:  0.0, Max: 0, Diff: 0, Sum: 0, Workers: 4
[1560.827s][debug][gc,phases      ] GC(133)   StringDedup Table Weak         Min:  0.0, Avg:  0.0, Max:  0.0, Diff:  0.0, Sum:  0.0, Workers: 4
[1560.827s][debug][gc,phases      ] GC(133)     Dead                           Min: 0, Avg:  0.0, Max: 0, Diff: 0, Sum: 0, Workers: 4
[1560.827s][debug][gc,phases      ] GC(133)     Total                          Min: 0, Avg:  0.0, Max: 0, Diff: 0, Sum: 0, Workers: 4
[1560.827s][debug][gc,phases      ] GC(133)   StringDedup Requests0 Weak     Min:  0.0, Avg:  0.0, Max:  0.0, Diff:  0.0, Sum:  0.0, Workers: 4
[1560.827s][debug][gc,phases      ] GC(133)     Dead                           Min: 0, Avg:  0.0, Max: 0, Diff: 0, Sum: 0, Workers: 4
[1560.827s][debug][gc,phases      ] GC(133)     Total                          Min: 0, Avg:  0.0, Max: 0, Diff: 0, Sum: 0, Workers: 4
[1560.827s][debug][gc,phases      ] GC(133)   StringDedup Requests1 Weak     Min:  0.0, Avg:  0.0, Max:  0.0, Diff:  0.0, Sum:  0.0, Workers: 4
[1560.827s][debug][gc,phases      ] GC(133)     Dead                           Min: 0, Avg:  0.0, Max: 0, Diff: 0, Sum: 0, Workers: 4
[1560.827s][debug][gc,phases      ] GC(133)     Total                          Min: 0, Avg:  0.0, Max: 0, Diff: 0, Sum: 0, Workers: 4
[1560.827s][debug][gc,phases      ] GC(133)   Weak JFR Old Object Samples    Min:  0.0, Avg:  0.0, Max:  0.0, Diff:  0.0, Sum:  0.0, Workers: 4
[1560.827s][debug][gc,phases      ] GC(133)     Dead                           Min: 0, Avg:  0.0, Max: 0, Diff: 0, Sum: 0, Workers: 4
[1560.827s][debug][gc,phases      ] GC(133)     Total                          Min: 0, Avg:  0.0, Max: 0, Diff: 0, Sum: 0, Workers: 4
[1560.827s][debug][gc,phases      ] GC(133) Weak Processing 0.367ms
[1560.827s][debug][gc,age         ] GC(133) Desired survivor size 102236160 bytes, new threshold 15 (max threshold 15)
[1560.827s][info ][gc,heap        ] GC(133) PSYoungGen: 1983103K(1994752K)->76257K(1980928K) Eden: 1904640K(1904640K)->0K(1904640K) From: 78463K(90112K)->76257K(76288K)
[1560.827s][info ][gc,heap        ] GC(133) ParOldGen: 545424K(643072K)->545424K(643072K)
[1560.827s][info ][gc,metaspace   ] GC(133) Metaspace: 84796K(85696K)->84796K(85696K) NonClass: 72983K(73472K)->72983K(73472K) Class: 11812K(12224K)->11812K(12224K)
[1560.827s][info ][gc             ] GC(133) Pause Young (Allocation Failure) 2469M->607M(2562M) 18.303ms
[1560.827s][info ][gc,cpu         ] GC(133) User=0.07s Sys=0.00s Real=0.02s
[1560.827s][info ][safepoint      ] Safepoint "ParallelGCFailedAllocation", Time since last: 423443286 ns, Reaching safepoint: 32801 ns, At safepoint: 18397042 ns, Total: 18429843 ns
[1561.827s][info ][safepoint      ] Safepoint "Cleanup", Time since last: 1000087125 ns, Reaching safepoint: 110402 ns, At safepoint: 6200 ns, Total: 116602 ns
[1562.828s][info ][safepoint      ] Safepoint "Cleanup", Time since last: 1000112226 ns, Reaching safepoint: 119302 ns, At safepoint: 8300 ns, Total: 127602 ns
[1563.828s][info ][safepoint      ] Safepoint "Cleanup", Time since last: 1000109426 ns, Reaching safepoint: 123202 ns, At safepoint: 6000 ns, Total: 129202 ns
[1564.828s][info ][safepoint      ] Safepoint "Cleanup", Time since last: 1000107526 ns, Reaching safepoint: 106102 ns, At safepoint: 7800 ns, Total: 113902 ns
[1565.828s][info ][safepoint      ] Safepoint "Cleanup", Time since last: 1000109625 ns, Reaching safepoint: 123803 ns, At safepoint: 10800 ns, Total: 134603 ns
[1566.829s][info ][safepoint      ] Safepoint "Cleanup", Time since last: 1000112625 ns, Reaching safepoint: 141303 ns, At safepoint: 11000 ns, Total: 152303 ns
[1568.829s][info ][safepoint      ] Safepoint "Cleanup", Time since last: 2000180251 ns, Reaching safepoint: 110302 ns, At safepoint: 8000 ns, Total: 118302 ns
[1569.829s][info ][safepoint      ] Safepoint "Cleanup", Time since last: 1000117326 ns, Reaching safepoint: 132102 ns, At safepoint: 9800 ns, Total: 141902 ns
[1574.830s][info ][safepoint      ] Safepoint "Cleanup", Time since last: 5000333025 ns, Reaching safepoint: 121602 ns, At safepoint: 9500 ns, Total: 131102 ns
[1584.830s][info ][safepoint      ] Safepoint "Cleanup", Time since last: 10000729952 ns, Reaching safepoint: 124003 ns, At safepoint: 11600 ns, Total: 135603 ns
[1590.831s][info ][safepoint      ] Safepoint "Cleanup", Time since last: 6000426652 ns, Reaching safepoint: 125202 ns, At safepoint: 9501 ns, Total: 134703 ns
[1597.831s][info ][safepoint      ] Safepoint "Cleanup", Time since last: 7000475578 ns, Reaching safepoint: 54001 ns, At safepoint: 7800 ns, Total: 61801 ns
[1603.832s][info ][safepoint      ] Safepoint "Cleanup", Time since last: 6000452954 ns, Reaching safepoint: 61201 ns, At safepoint: 5700 ns, Total: 66901 ns
[1604.832s][info ][safepoint      ] Safepoint "Cleanup", Time since last: 1000128827 ns, Reaching safepoint: 48401 ns, At safepoint: 10000 ns, Total: 58401 ns
[1605.832s][info ][safepoint      ] Safepoint "Cleanup", Time since last: 1000109127 ns, Reaching safepoint: 58801 ns, At safepoint: 6100 ns, Total: 64901 ns
[1608.833s][info ][safepoint      ] Safepoint "Cleanup", Time since last: 3000240578 ns, Reaching safepoint: 54701 ns, At safepoint: 10100 ns, Total: 64801 ns
[1611.833s][info ][safepoint      ] Safepoint "Cleanup", Time since last: 3000160376 ns, Reaching safepoint: 37101 ns, At safepoint: 4100 ns, Total: 41201 ns
[1612.833s][info ][safepoint      ] Safepoint "Cleanup", Time since last: 1000100927 ns, Reaching safepoint: 52801 ns, At safepoint: 4300 ns, Total: 57101 ns
[1618.662s][info ][safepoint      ] Safepoint "ParallelGCFailedAllocation", Time since last: 5829084064 ns, Reaching safepoint: 62101 ns, At safepoint: 19101 ns, Total: 81202 ns
[1618.662s][info ][gc,start       ] GC(134) Pause Young (GCLocker Initiated GC)
[1618.686s][debug][gc,phases      ] GC(134) Scavenge 23.789ms
[1618.686s][debug][gc,ref         ] GC(134) Skipped phase 1 of Reference Processing: no references
[1618.686s][debug][gc,ref         ] GC(134) ReferenceProcessor::execute queues: 1, RefProcThreadModel::Single, marks_oops_alive: false
[1618.686s][debug][gc,ref         ] GC(134) Skipped phase 3 of Reference Processing: no references
[1618.686s][debug][gc,ref         ] GC(134) ReferenceProcessor::execute queues: 1, RefProcThreadModel::Single, marks_oops_alive: false
[1618.686s][debug][gc,phases      ] GC(134) Reference Processing 0.164ms
[1618.687s][debug][gc,phases      ] GC(134)   VM Weak                        Min:  0.0, Avg:  0.0, Max:  0.0, Diff:  0.0, Sum:  0.0, Workers: 4
[1618.687s][debug][gc,phases      ] GC(134)     Dead                           Min: 0, Avg:  0.0, Max: 0, Diff: 0, Sum: 0, Workers: 4
[1618.687s][debug][gc,phases      ] GC(134)     Total                          Min: 0, Avg: 183.2, Max: 349, Diff: 349, Sum: 733, Workers: 4
[1618.687s][debug][gc,phases      ] GC(134)   ObjectSynchronizer Weak        Min:  0.0, Avg:  0.0, Max:  0.0, Diff:  0.0, Sum:  0.0, Workers: 4
[1618.687s][debug][gc,phases      ] GC(134)     Dead                           Min: 0, Avg:  0.0, Max: 0, Diff: 0, Sum: 0, Workers: 4
[1618.687s][debug][gc,phases      ] GC(134)     Total                          Min: 0, Avg: 99.5, Max: 142, Diff: 142, Sum: 398, Workers: 4
[1618.687s][debug][gc,phases      ] GC(134)   JVMTI Tag Weak OopStorage      Min:  0.0, Avg:  0.0, Max:  0.0, Diff:  0.0, Sum:  0.0, Workers: 4
[1618.687s][debug][gc,phases      ] GC(134)     Dead                           Min: 0, Avg:  0.0, Max: 0, Diff: 0, Sum: 0, Workers: 4
[1618.687s][debug][gc,phases      ] GC(134)     Total                          Min: 0, Avg:  0.0, Max: 0, Diff: 0, Sum: 0, Workers: 4
[1618.687s][debug][gc,phases      ] GC(134)   StringTable Weak               Min:  0.1, Avg:  0.1, Max:  0.1, Diff:  0.0, Sum:  0.5, Workers: 4
[1618.687s][debug][gc,phases      ] GC(134)     Dead                           Min: 0, Avg:  0.2, Max: 1, Diff: 1, Sum: 1, Workers: 4
[1618.687s][debug][gc,phases      ] GC(134)     Total                          Min: 11456, Avg: 12137.0, Max: 12608, Diff: 1152, Sum: 48548, Workers: 4
[1618.687s][debug][gc,phases      ] GC(134)   ResolvedMethodTable Weak       Min:  0.0, Avg:  0.0, Max:  0.0, Diff:  0.0, Sum:  0.1, Workers: 4
[1618.687s][debug][gc,phases      ] GC(134)     Dead                           Min: 0, Avg:  0.0, Max: 0, Diff: 0, Sum: 0, Workers: 4
[1618.687s][debug][gc,phases      ] GC(134)     Total                          Min: 1890, Avg: 2104.5, Max: 2240, Diff: 350, Sum: 8418, Workers: 4
[1618.687s][debug][gc,phases      ] GC(134)   JNI Weak                       Min:  0.0, Avg:  0.0, Max:  0.0, Diff:  0.0, Sum:  0.0, Workers: 4
[1618.687s][debug][gc,phases      ] GC(134)     Dead                           Min: 0, Avg:  0.0, Max: 0, Diff: 0, Sum: 0, Workers: 4
[1618.687s][debug][gc,phases      ] GC(134)     Total                          Min: 0, Avg:  0.0, Max: 0, Diff: 0, Sum: 0, Workers: 4
[1618.687s][debug][gc,phases      ] GC(134)   StringDedup Table Weak         Min:  0.0, Avg:  0.0, Max:  0.0, Diff:  0.0, Sum:  0.0, Workers: 4
[1618.687s][debug][gc,phases      ] GC(134)     Dead                           Min: 0, Avg:  0.0, Max: 0, Diff: 0, Sum: 0, Workers: 4
[1618.687s][debug][gc,phases      ] GC(134)     Total                          Min: 0, Avg:  0.0, Max: 0, Diff: 0, Sum: 0, Workers: 4
[1618.687s][debug][gc,phases      ] GC(134)   StringDedup Requests0 Weak     Min:  0.0, Avg:  0.0, Max:  0.0, Diff:  0.0, Sum:  0.0, Workers: 4
[1618.687s][debug][gc,phases      ] GC(134)     Dead                           Min: 0, Avg:  0.0, Max: 0, Diff: 0, Sum: 0, Workers: 4
[1618.687s][debug][gc,phases      ] GC(134)     Total                          Min: 0, Avg:  0.0, Max: 0, Diff: 0, Sum: 0, Workers: 4
[1618.687s][debug][gc,phases      ] GC(134)   StringDedup Requests1 Weak     Min:  0.0, Avg:  0.0, Max:  0.0, Diff:  0.0, Sum:  0.0, Workers: 4
[1618.687s][debug][gc,phases      ] GC(134)     Dead                           Min: 0, Avg:  0.0, Max: 0, Diff: 0, Sum: 0, Workers: 4
[1618.687s][debug][gc,phases      ] GC(134)     Total                          Min: 0, Avg:  0.0, Max: 0, Diff: 0, Sum: 0, Workers: 4
[1618.687s][debug][gc,phases      ] GC(134)   Weak JFR Old Object Samples    Min:  0.0, Avg:  0.0, Max:  0.0, Diff:  0.0, Sum:  0.0, Workers: 4
[1618.687s][debug][gc,phases      ] GC(134)     Dead                           Min: 0, Avg:  0.0, Max: 0, Diff: 0, Sum: 0, Workers: 4
[1618.687s][debug][gc,phases      ] GC(134)     Total                          Min: 0, Avg:  0.0, Max: 0, Diff: 0, Sum: 0, Workers: 4
[1618.687s][debug][gc,phases      ] GC(134) Weak Processing 0.321ms
[1618.687s][debug][gc,age         ] GC(134) Desired survivor size 112721920 bytes, new threshold 15 (max threshold 15)
[1618.687s][info ][gc,heap        ] GC(134) PSYoungGen: 1980897K(1980928K)->95777K(1976832K) Eden: 1904640K(1904640K)->0K(1876992K) From: 76257K(76288K)->95777K(99840K)
[1618.687s][info ][gc,heap        ] GC(134) ParOldGen: 545424K(643072K)->545432K(643072K)
[1618.687s][info ][gc,metaspace   ] GC(134) Metaspace: 84852K(85760K)->84852K(85760K) NonClass: 73029K(73536K)->73029K(73536K) Class: 11823K(12224K)->11823K(12224K)
[1618.687s][info ][gc             ] GC(134) Pause Young (GCLocker Initiated GC) 2467M->626M(2558M) 24.411ms
[1618.687s][info ][gc,cpu         ] GC(134) User=0.10s Sys=0.00s Real=0.02s
[1618.687s][info ][safepoint      ] Safepoint "ParallelGCSystemGC", Time since last: 87801 ns, Reaching safepoint: 16601 ns, At safepoint: 24480256 ns, Total: 24496857 ns
[1619.688s][info ][safepoint      ] Safepoint "Cleanup", Time since last: 1000087826 ns, Reaching safepoint: 958018 ns, At safepoint: 18100 ns, Total: 976118 ns
[1620.688s][info ][safepoint      ] Safepoint "Cleanup", Time since last: 1000100127 ns, Reaching safepoint: 100402 ns, At safepoint: 7000 ns, Total: 107402 ns
[1621.688s][info ][safepoint      ] Safepoint "Cleanup", Time since last: 1000104527 ns, Reaching safepoint: 59101 ns, At safepoint: 8900 ns, Total: 68001 ns
[1622.688s][info ][safepoint      ] Safepoint "Cleanup", Time since last: 1000093226 ns, Reaching safepoint: 56001 ns, At safepoint: 3000 ns, Total: 59001 ns
[1624.689s][info ][safepoint      ] Safepoint "Cleanup", Time since last: 2000176253 ns, Reaching safepoint: 67802 ns, At safepoint: 11800 ns, Total: 79602 ns
[1625.689s][info ][safepoint      ] Safepoint "Cleanup", Time since last: 1000124527 ns, Reaching safepoint: 44801 ns, At safepoint: 8000 ns, Total: 52801 ns
[1626.689s][info ][safepoint      ] Safepoint "Cleanup", Time since last: 1000109827 ns, Reaching safepoint: 47601 ns, At safepoint: 9500 ns, Total: 57101 ns
[1630.689s][info ][safepoint      ] Safepoint "Cleanup", Time since last: 4000319306 ns, Reaching safepoint: 57001 ns, At safepoint: 8600 ns, Total: 65601 ns
[1632.690s][info ][safepoint      ] Safepoint "Cleanup", Time since last: 2000178653 ns, Reaching safepoint: 52901 ns, At safepoint: 2800 ns, Total: 55701 ns
[1635.690s][info ][safepoint      ] Safepoint "Cleanup", Time since last: 3000169378 ns, Reaching safepoint: 53001 ns, At safepoint: 4400 ns, Total: 57401 ns
[1638.690s][info ][safepoint      ] Safepoint "Cleanup", Time since last: 3000222680 ns, Reaching safepoint: 48101 ns, At safepoint: 8500 ns, Total: 56601 ns
[1639.690s][info ][safepoint      ] Safepoint "Cleanup", Time since last: 1000116627 ns, Reaching safepoint: 62401 ns, At safepoint: 13701 ns, Total: 76102 ns
[1646.691s][info ][safepoint      ] Safepoint "Cleanup", Time since last: 7000523786 ns, Reaching safepoint: 44001 ns, At safepoint: 3000 ns, Total: 47001 ns
[1650.691s][info ][safepoint      ] Safepoint "Cleanup", Time since last: 4000284106 ns, Reaching safepoint: 49401 ns, At safepoint: 7700 ns, Total: 57101 ns
[1653.277s][info ][safepoint      ] Safepoint "Cleanup", Time since last: 2586064767 ns, Reaching safepoint: 153503 ns, At safepoint: 8400 ns, Total: 161903 ns
[1654.126s][info ][gc,start       ] GC(135) Pause Young (Allocation Failure)
[1654.151s][debug][gc,phases      ] GC(135) Scavenge 25.162ms
[1654.151s][debug][gc,ref         ] GC(135) Skipped phase 1 of Reference Processing: no references
[1654.152s][debug][gc,ref         ] GC(135) ReferenceProcessor::execute queues: 1, RefProcThreadModel::Single, marks_oops_alive: false
[1654.152s][debug][gc,ref         ] GC(135) Skipped phase 3 of Reference Processing: no references
[1654.152s][debug][gc,ref         ] GC(135) ReferenceProcessor::execute queues: 1, RefProcThreadModel::Single, marks_oops_alive: false
[1654.152s][debug][gc,phases      ] GC(135) Reference Processing 0.152ms
[1654.152s][debug][gc,phases      ] GC(135)   VM Weak                        Min:  0.0, Avg:  0.0, Max:  0.0, Diff:  0.0, Sum:  0.0, Workers: 4
[1654.152s][debug][gc,phases      ] GC(135)     Dead                           Min: 0, Avg:  0.0, Max: 0, Diff: 0, Sum: 0, Workers: 4
[1654.152s][debug][gc,phases      ] GC(135)     Total                          Min: 0, Avg: 183.2, Max: 384, Diff: 384, Sum: 733, Workers: 4
[1654.152s][debug][gc,phases      ] GC(135)   ObjectSynchronizer Weak        Min:  0.0, Avg:  0.0, Max:  0.0, Diff:  0.0, Sum:  0.0, Workers: 4
[1654.152s][debug][gc,phases      ] GC(135)     Dead                           Min: 0, Avg:  0.0, Max: 0, Diff: 0, Sum: 0, Workers: 4
[1654.152s][debug][gc,phases      ] GC(135)     Total                          Min: 0, Avg: 99.5, Max: 192, Diff: 192, Sum: 398, Workers: 4
[1654.152s][debug][gc,phases      ] GC(135)   JVMTI Tag Weak OopStorage      Min:  0.0, Avg:  0.0, Max:  0.0, Diff:  0.0, Sum:  0.0, Workers: 4
[1654.152s][debug][gc,phases      ] GC(135)     Dead                           Min: 0, Avg:  0.0, Max: 0, Diff: 0, Sum: 0, Workers: 4
[1654.152s][debug][gc,phases      ] GC(135)     Total                          Min: 0, Avg:  0.0, Max: 0, Diff: 0, Sum: 0, Workers: 4
[1654.152s][debug][gc,phases      ] GC(135)   StringTable Weak               Min:  0.1, Avg:  0.1, Max:  0.1, Diff:  0.0, Sum:  0.5, Workers: 4
[1654.152s][debug][gc,phases      ] GC(135)     Dead                           Min: 0, Avg:  0.0, Max: 0, Diff: 0, Sum: 0, Workers: 4
[1654.152s][debug][gc,phases      ] GC(135)     Total                          Min: 11368, Avg: 12138.0, Max: 12800, Diff: 1432, Sum: 48552, Workers: 4
[1654.152s][debug][gc,phases      ] GC(135)   ResolvedMethodTable Weak       Min:  0.0, Avg:  0.0, Max:  0.0, Diff:  0.0, Sum:  0.1, Workers: 4
[1654.152s][debug][gc,phases      ] GC(135)     Dead                           Min: 0, Avg:  0.0, Max: 0, Diff: 0, Sum: 0, Workers: 4
[1654.152s][debug][gc,phases      ] GC(135)     Total                          Min: 1856, Avg: 2105.0, Max: 2368, Diff: 512, Sum: 8420, Workers: 4
[1654.152s][debug][gc,phases      ] GC(135)   JNI Weak                       Min:  0.0, Avg:  0.0, Max:  0.0, Diff:  0.0, Sum:  0.0, Workers: 4
[1654.152s][debug][gc,phases      ] GC(135)     Dead                           Min: 0, Avg:  0.0, Max: 0, Diff: 0, Sum: 0, Workers: 4
[1654.152s][debug][gc,phases      ] GC(135)     Total                          Min: 0, Avg:  0.0, Max: 0, Diff: 0, Sum: 0, Workers: 4
[1654.152s][debug][gc,phases      ] GC(135)   StringDedup Table Weak         Min:  0.0, Avg:  0.0, Max:  0.0, Diff:  0.0, Sum:  0.0, Workers: 4
[1654.152s][debug][gc,phases      ] GC(135)     Dead                           Min: 0, Avg:  0.0, Max: 0, Diff: 0, Sum: 0, Workers: 4
[1654.152s][debug][gc,phases      ] GC(135)     Total                          Min: 0, Avg:  0.0, Max: 0, Diff: 0, Sum: 0, Workers: 4
[1654.152s][debug][gc,phases      ] GC(135)   StringDedup Requests0 Weak     Min:  0.0, Avg:  0.0, Max:  0.0, Diff:  0.0, Sum:  0.0, Workers: 4
[1654.152s][debug][gc,phases      ] GC(135)     Dead                           Min: 0, Avg:  0.0, Max: 0, Diff: 0, Sum: 0, Workers: 4
[1654.152s][debug][gc,phases      ] GC(135)     Total                          Min: 0, Avg:  0.0, Max: 0, Diff: 0, Sum: 0, Workers: 4
[1654.152s][debug][gc,phases      ] GC(135)   StringDedup Requests1 Weak     Min:  0.0, Avg:  0.0, Max:  0.0, Diff:  0.0, Sum:  0.0, Workers: 4
[1654.152s][debug][gc,phases      ] GC(135)     Dead                           Min: 0, Avg:  0.0, Max: 0, Diff: 0, Sum: 0, Workers: 4
[1654.152s][debug][gc,phases      ] GC(135)     Total                          Min: 0, Avg:  0.0, Max: 0, Diff: 0, Sum: 0, Workers: 4
[1654.152s][debug][gc,phases      ] GC(135)   Weak JFR Old Object Samples    Min:  0.0, Avg:  0.0, Max:  0.0, Diff:  0.0, Sum:  0.0, Workers: 4
[1654.152s][debug][gc,phases      ] GC(135)     Dead                           Min: 0, Avg:  0.0, Max: 0, Diff: 0, Sum: 0, Workers: 4
[1654.152s][debug][gc,phases      ] GC(135)     Total                          Min: 0, Avg:  0.0, Max: 0, Diff: 0, Sum: 0, Workers: 4
[1654.152s][debug][gc,phases      ] GC(135) Weak Processing 0.337ms
[1654.152s][debug][gc,age         ] GC(135) Desired survivor size 128974848 bytes, new threshold 14 (max threshold 15)
[1654.152s][info ][gc,heap        ] GC(135) PSYoungGen: 1972769K(1976832K)->110064K(1987072K) Eden: 1876992K(1876992K)->0K(1876992K) From: 95777K(99840K)->110064K(110080K)
[1654.152s][info ][gc,heap        ] GC(135) ParOldGen: 545435K(643072K)->551913K(643072K)
[1654.152s][info ][gc,metaspace   ] GC(135) Metaspace: 84863K(85760K)->84863K(85760K) NonClass: 73039K(73536K)->73039K(73536K) Class: 11824K(12224K)->11824K(12224K)
[1654.152s][info ][gc             ] GC(135) Pause Young (Allocation Failure) 2459M->646M(2568M) 25.796ms
[1654.152s][info ][gc,cpu         ] GC(135) User=0.08s Sys=0.02s Real=0.03s
[1654.152s][info ][safepoint      ] Safepoint "ParallelGCFailedAllocation", Time since last: 848690307 ns, Reaching safepoint: 31701 ns, At safepoint: 25876582 ns, Total: 25908283 ns
[1663.153s][info ][safepoint      ] Safepoint "Cleanup", Time since last: 9000619541 ns, Reaching safepoint: 49201 ns, At safepoint: 9500 ns, Total: 58701 ns
[1668.479s][info ][safepoint      ] Safepoint "Cleanup", Time since last: 5326384107 ns, Reaching safepoint: 109302 ns, At safepoint: 12001 ns, Total: 121303 ns
[1670.479s][info ][safepoint      ] Safepoint "Cleanup", Time since last: 1999992151 ns, Reaching safepoint: 140403 ns, At safepoint: 13700 ns, Total: 154103 ns
[1671.480s][info ][safepoint      ] Safepoint "Cleanup", Time since last: 1000126128 ns, Reaching safepoint: 128802 ns, At safepoint: 10100 ns, Total: 138902 ns
[1672.480s][info ][safepoint      ] Safepoint "Cleanup", Time since last: 1000111628 ns, Reaching safepoint: 122603 ns, At safepoint: 7000 ns, Total: 129603 ns
[1675.480s][info ][safepoint      ] Safepoint "Cleanup", Time since last: 3000281182 ns, Reaching safepoint: 124303 ns, At safepoint: 8800 ns, Total: 133103 ns
[1684.481s][info ][safepoint      ] Safepoint "Cleanup", Time since last: 9000691146 ns, Reaching safepoint: 130203 ns, At safepoint: 10000 ns, Total: 140203 ns
[1686.481s][info ][safepoint      ] Safepoint "Cleanup", Time since last: 2000209356 ns, Reaching safepoint: 48001 ns, At safepoint: 3100 ns, Total: 51101 ns
[1687.482s][info ][safepoint      ] Safepoint "Cleanup", Time since last: 1000114028 ns, Reaching safepoint: 126902 ns, At safepoint: 8200 ns, Total: 135102 ns
[1688.485s][info ][safepoint      ] Safepoint "Cleanup", Time since last: 1003583293 ns, Reaching safepoint: 53101 ns, At safepoint: 5200 ns, Total: 58301 ns
[1689.485s][info ][safepoint      ] Safepoint "Cleanup", Time since last: 1000128529 ns, Reaching safepoint: 49901 ns, At safepoint: 7700 ns, Total: 57601 ns
[1693.486s][info ][safepoint      ] Safepoint "Cleanup", Time since last: 4000279710 ns, Reaching safepoint: 57701 ns, At safepoint: 8300 ns, Total: 66001 ns
[1694.486s][info ][safepoint      ] Safepoint "Cleanup", Time since last: 1000115528 ns, Reaching safepoint: 56301 ns, At safepoint: 6300 ns, Total: 62601 ns
[1696.486s][info ][safepoint      ] Safepoint "Cleanup", Time since last: 2000174256 ns, Reaching safepoint: 39401 ns, At safepoint: 3000 ns, Total: 42401 ns
[1699.487s][info ][safepoint      ] Safepoint "Cleanup", Time since last: 3000253383 ns, Reaching safepoint: 36601 ns, At safepoint: 7500 ns, Total: 44101 ns
[1700.487s][info ][safepoint      ] Safepoint "Cleanup", Time since last: 1000115029 ns, Reaching safepoint: 52401 ns, At safepoint: 4300 ns, Total: 56701 ns
[1709.487s][info ][safepoint      ] Safepoint "Cleanup", Time since last: 9000600148 ns, Reaching safepoint: 61602 ns, At safepoint: 11900 ns, Total: 73502 ns
[1713.488s][info ][safepoint      ] Safepoint "Cleanup", Time since last: 4000299811 ns, Reaching safepoint: 45601 ns, At safepoint: 35001 ns, Total: 80602 ns
[1719.488s][info ][safepoint      ] Safepoint "Cleanup", Time since last: 6000392967 ns, Reaching safepoint: 50901 ns, At safepoint: 8100 ns, Total: 59001 ns
[1721.488s][info ][safepoint      ] Safepoint "Cleanup", Time since last: 2000177157 ns, Reaching safepoint: 40000 ns, At safepoint: 8801 ns, Total: 48801 ns
[1722.489s][info ][safepoint      ] Safepoint "Cleanup", Time since last: 1000110028 ns, Reaching safepoint: 51201 ns, At safepoint: 2800 ns, Total: 54001 ns
[1727.489s][info ][safepoint      ] Safepoint "Cleanup", Time since last: 5000324640 ns, Reaching safepoint: 81702 ns, At safepoint: 3200 ns, Total: 84902 ns
[1728.489s][info ][safepoint      ] Safepoint "Cleanup", Time since last: 1000114429 ns, Reaching safepoint: 51201 ns, At safepoint: 6000 ns, Total: 57201 ns
[1729.489s][info ][safepoint      ] Safepoint "Cleanup", Time since last: 1000113029 ns, Reaching safepoint: 65801 ns, At safepoint: 4400 ns, Total: 70201 ns
[1730.490s][info ][safepoint      ] Safepoint "Cleanup", Time since last: 1000112729 ns, Reaching safepoint: 66601 ns, At safepoint: 9300 ns, Total: 75901 ns
[1731.490s][info ][safepoint      ] Safepoint "Cleanup", Time since last: 1000114829 ns, Reaching safepoint: 54701 ns, At safepoint: 5000 ns, Total: 59701 ns
[1732.490s][info ][safepoint      ] Safepoint "Cleanup", Time since last: 1000112929 ns, Reaching safepoint: 95902 ns, At safepoint: 70201 ns, Total: 166103 ns
[1733.490s][info ][safepoint      ] Safepoint "Cleanup", Time since last: 1000115929 ns, Reaching safepoint: 31201 ns, At safepoint: 3500 ns, Total: 34701 ns
[1734.490s][info ][safepoint      ] Safepoint "Cleanup", Time since last: 1000117829 ns, Reaching safepoint: 38801 ns, At safepoint: 3500 ns, Total: 42301 ns
[1738.491s][info ][safepoint      ] Safepoint "Cleanup", Time since last: 4000251512 ns, Reaching safepoint: 52401 ns, At safepoint: 3501 ns, Total: 55902 ns
[1741.491s][info ][safepoint      ] Safepoint "Cleanup", Time since last: 3000255185 ns, Reaching safepoint: 46501 ns, At safepoint: 6000 ns, Total: 52501 ns
[1743.491s][info ][safepoint      ] Safepoint "Cleanup", Time since last: 2000158057 ns, Reaching safepoint: 59901 ns, At safepoint: 9801 ns, Total: 69702 ns
[1744.999s][info ][gc,start       ] GC(136) Pause Young (Allocation Failure)
[1745.026s][debug][gc,phases      ] GC(136) Scavenge 26.505ms
[1745.026s][debug][gc,ref         ] GC(136) Skipped phase 1 of Reference Processing: no references
[1745.026s][debug][gc,ref         ] GC(136) ReferenceProcessor::execute queues: 1, RefProcThreadModel::Single, marks_oops_alive: false
[1745.026s][debug][gc,ref         ] GC(136) Skipped phase 3 of Reference Processing: no references
[1745.026s][debug][gc,ref         ] GC(136) ReferenceProcessor::execute queues: 1, RefProcThreadModel::Single, marks_oops_alive: false
[1745.026s][debug][gc,phases      ] GC(136) Reference Processing 0.147ms
[1745.026s][debug][gc,phases      ] GC(136)   VM Weak                        Min:  0.0, Avg:  0.0, Max:  0.0, Diff:  0.0, Sum:  0.0, Workers: 4
[1745.026s][debug][gc,phases      ] GC(136)     Dead                           Min: 0, Avg:  0.0, Max: 0, Diff: 0, Sum: 0, Workers: 4
[1745.026s][debug][gc,phases      ] GC(136)     Total                          Min: 0, Avg: 183.2, Max: 256, Diff: 256, Sum: 733, Workers: 4
[1745.026s][debug][gc,phases      ] GC(136)   ObjectSynchronizer Weak        Min:  0.0, Avg:  0.0, Max:  0.0, Diff:  0.0, Sum:  0.0, Workers: 4
[1745.026s][debug][gc,phases      ] GC(136)     Dead                           Min: 0, Avg:  0.0, Max: 0, Diff: 0, Sum: 0, Workers: 4
[1745.026s][debug][gc,phases      ] GC(136)     Total                          Min: 0, Avg: 99.5, Max: 142, Diff: 142, Sum: 398, Workers: 4
[1745.026s][debug][gc,phases      ] GC(136)   JVMTI Tag Weak OopStorage      Min:  0.0, Avg:  0.0, Max:  0.0, Diff:  0.0, Sum:  0.0, Workers: 4
[1745.026s][debug][gc,phases      ] GC(136)     Dead                           Min: 0, Avg:  0.0, Max: 0, Diff: 0, Sum: 0, Workers: 4
[1745.026s][debug][gc,phases      ] GC(136)     Total                          Min: 0, Avg:  0.0, Max: 0, Diff: 0, Sum: 0, Workers: 4
[1745.026s][debug][gc,phases      ] GC(136)   StringTable Weak               Min:  0.1, Avg:  0.1, Max:  0.1, Diff:  0.0, Sum:  0.5, Workers: 4
[1745.026s][debug][gc,phases      ] GC(136)     Dead                           Min: 0, Avg:  0.0, Max: 0, Diff: 0, Sum: 0, Workers: 4
[1745.026s][debug][gc,phases      ] GC(136)     Total                          Min: 11520, Avg: 12146.0, Max: 13000, Diff: 1480, Sum: 48584, Workers: 4
[1745.026s][debug][gc,phases      ] GC(136)   ResolvedMethodTable Weak       Min:  0.0, Avg:  0.0, Max:  0.0, Diff:  0.0, Sum:  0.1, Workers: 4
[1745.026s][debug][gc,phases      ] GC(136)     Dead                           Min: 0, Avg:  0.0, Max: 0, Diff: 0, Sum: 0, Workers: 4
[1745.026s][debug][gc,phases      ] GC(136)     Total                          Min: 1984, Avg: 2105.5, Max: 2240, Diff: 256, Sum: 8422, Workers: 4
[1745.026s][debug][gc,phases      ] GC(136)   JNI Weak                       Min:  0.0, Avg:  0.0, Max:  0.0, Diff:  0.0, Sum:  0.0, Workers: 4
[1745.026s][debug][gc,phases      ] GC(136)     Dead                           Min: 0, Avg:  0.0, Max: 0, Diff: 0, Sum: 0, Workers: 4
[1745.026s][debug][gc,phases      ] GC(136)     Total                          Min: 0, Avg:  0.0, Max: 0, Diff: 0, Sum: 0, Workers: 4
[1745.026s][debug][gc,phases      ] GC(136)   StringDedup Table Weak         Min:  0.0, Avg:  0.0, Max:  0.0, Diff:  0.0, Sum:  0.0, Workers: 4
[1745.026s][debug][gc,phases      ] GC(136)     Dead                           Min: 0, Avg:  0.0, Max: 0, Diff: 0, Sum: 0, Workers: 4
[1745.026s][debug][gc,phases      ] GC(136)     Total                          Min: 0, Avg:  0.0, Max: 0, Diff: 0, Sum: 0, Workers: 4
[1745.026s][debug][gc,phases      ] GC(136)   StringDedup Requests0 Weak     Min:  0.0, Avg:  0.0, Max:  0.0, Diff:  0.0, Sum:  0.0, Workers: 4
[1745.026s][debug][gc,phases      ] GC(136)     Dead                           Min: 0, Avg:  0.0, Max: 0, Diff: 0, Sum: 0, Workers: 4
[1745.026s][debug][gc,phases      ] GC(136)     Total                          Min: 0, Avg:  0.0, Max: 0, Diff: 0, Sum: 0, Workers: 4
[1745.026s][debug][gc,phases      ] GC(136)   StringDedup Requests1 Weak     Min:  0.0, Avg:  0.0, Max:  0.0, Diff:  0.0, Sum:  0.0, Workers: 4
[1745.026s][debug][gc,phases      ] GC(136)     Dead                           Min: 0, Avg:  0.0, Max: 0, Diff: 0, Sum: 0, Workers: 4
[1745.026s][debug][gc,phases      ] GC(136)     Total                          Min: 0, Avg:  0.0, Max: 0, Diff: 0, Sum: 0, Workers: 4
[1745.026s][debug][gc,phases      ] GC(136)   Weak JFR Old Object Samples    Min:  0.0, Avg:  0.0, Max:  0.0, Diff:  0.0, Sum:  0.0, Workers: 4
[1745.026s][debug][gc,phases      ] GC(136)     Dead                           Min: 0, Avg:  0.0, Max: 0, Diff: 0, Sum: 0, Workers: 4
[1745.026s][debug][gc,phases      ] GC(136)     Total                          Min: 0, Avg:  0.0, Max: 0, Diff: 0, Sum: 0, Workers: 4
[1745.026s][debug][gc,phases      ] GC(136) Weak Processing 0.357ms
[1745.026s][debug][gc,age         ] GC(136) Desired survivor size 139460608 bytes, new threshold 13 (max threshold 15)
[1745.026s][info ][gc,heap        ] GC(136) PSYoungGen: 1987056K(1987072K)->110064K(1934848K) Eden: 1876992K(1876992K)->0K(1824768K) From: 110064K(110080K)->110064K(110080K)
[1745.026s][info ][gc,heap        ] GC(136) ParOldGen: 551913K(643072K)->552001K(643072K)
[1745.026s][info ][gc,metaspace   ] GC(136) Metaspace: 84893K(85824K)->84893K(85824K) NonClass: 73068K(73600K)->73068K(73600K) Class: 11825K(12224K)->11825K(12224K)
[1745.026s][info ][gc             ] GC(136) Pause Young (Allocation Failure) 2479M->646M(2517M) 27.156ms
[1745.026s][info ][gc,cpu         ] GC(136) User=0.10s Sys=0.00s Real=0.02s
[1745.026s][info ][safepoint      ] Safepoint "ParallelGCFailedAllocation", Time since last: 1507826286 ns, Reaching safepoint: 32001 ns, At safepoint: 27244207 ns, Total: 27276208 ns
[1747.027s][info ][safepoint      ] Safepoint "Cleanup", Time since last: 2000164857 ns, Reaching safepoint: 138003 ns, At safepoint: 19400 ns, Total: 157403 ns
[1756.027s][info ][safepoint      ] Safepoint "Cleanup", Time since last: 9000603556 ns, Reaching safepoint: 121703 ns, At safepoint: 13100 ns, Total: 134803 ns
[1760.028s][info ][safepoint      ] Safepoint "Cleanup", Time since last: 4000313315 ns, Reaching safepoint: 124702 ns, At safepoint: 8500 ns, Total: 133202 ns
[1761.028s][info ][safepoint      ] Safepoint "Cleanup", Time since last: 1000107930 ns, Reaching safepoint: 99702 ns, At safepoint: 9000 ns, Total: 108702 ns
[1772.029s][info ][safepoint      ] Safepoint "Cleanup", Time since last: 11000771116 ns, Reaching safepoint: 117302 ns, At safepoint: 33801 ns, Total: 151103 ns
[1780.030s][info ][safepoint      ] Safepoint "Cleanup", Time since last: 8000558831 ns, Reaching safepoint: 127902 ns, At safepoint: 8500 ns, Total: 136402 ns
[1789.030s][info ][safepoint      ] Safepoint "Cleanup", Time since last: 9000667362 ns, Reaching safepoint: 63101 ns, At safepoint: 13201 ns, Total: 76302 ns
[1790.031s][info ][safepoint      ] Safepoint "Cleanup", Time since last: 1000115430 ns, Reaching safepoint: 121602 ns, At safepoint: 8400 ns, Total: 130002 ns
[1799.031s][info ][safepoint      ] Safepoint "Cleanup", Time since last: 9000595462 ns, Reaching safepoint: 128502 ns, At safepoint: 6501 ns, Total: 135003 ns
[1806.032s][info ][safepoint      ] Safepoint "Cleanup", Time since last: 7000442204 ns, Reaching safepoint: 58901 ns, At safepoint: 9000 ns, Total: 67901 ns
[1807.032s][info ][safepoint      ] Safepoint "Cleanup", Time since last: 1000112130 ns, Reaching safepoint: 47001 ns, At safepoint: 2600 ns, Total: 49601 ns
[1809.032s][info ][safepoint      ] Safepoint "Cleanup", Time since last: 2000147259 ns, Reaching safepoint: 62001 ns, At safepoint: 4700 ns, Total: 66701 ns
[1810.032s][info ][safepoint      ] Safepoint "Cleanup", Time since last: 1000077730 ns, Reaching safepoint: 37400 ns, At safepoint: 3801 ns, Total: 41201 ns
[1812.032s][info ][safepoint      ] Safepoint "Cleanup", Time since last: 2000144058 ns, Reaching safepoint: 49301 ns, At safepoint: 6100 ns, Total: 55401 ns
[1813.033s][info ][safepoint      ] Safepoint "Cleanup", Time since last: 1000113031 ns, Reaching safepoint: 55401 ns, At safepoint: 7400 ns, Total: 62801 ns
[1816.033s][info ][safepoint      ] Safepoint "Cleanup", Time since last: 3000216788 ns, Reaching safepoint: 70102 ns, At safepoint: 9300 ns, Total: 79402 ns
[1818.033s][info ][safepoint      ] Safepoint "Cleanup", Time since last: 2000181660 ns, Reaching safepoint: 52301 ns, At safepoint: 10800 ns, Total: 63101 ns
[1822.034s][info ][safepoint      ] Safepoint "Cleanup", Time since last: 4000271118 ns, Reaching safepoint: 51201 ns, At safepoint: 9200 ns, Total: 60401 ns
[1823.034s][info ][safepoint      ] Safepoint "Cleanup", Time since last: 1000117531 ns, Reaching safepoint: 44500 ns, At safepoint: 4000 ns, Total: 48500 ns
[1830.034s][info ][safepoint      ] Safepoint "Cleanup", Time since last: 7000508408 ns, Reaching safepoint: 56001 ns, At safepoint: 3400 ns, Total: 59401 ns
[1830.084s][info ][gc,start       ] GC(137) Pause Young (Allocation Failure)
[1830.109s][debug][gc,phases      ] GC(137) Scavenge 24.931ms
[1830.109s][debug][gc,ref         ] GC(137) Skipped phase 1 of Reference Processing: no references
[1830.109s][debug][gc,ref         ] GC(137) ReferenceProcessor::execute queues: 1, RefProcThreadModel::Single, marks_oops_alive: false
[1830.109s][debug][gc,ref         ] GC(137) Skipped phase 3 of Reference Processing: no references
[1830.109s][debug][gc,ref         ] GC(137) ReferenceProcessor::execute queues: 1, RefProcThreadModel::Single, marks_oops_alive: false
[1830.109s][debug][gc,phases      ] GC(137) Reference Processing 0.143ms
[1830.109s][debug][gc,phases      ] GC(137)   VM Weak                        Min:  0.0, Avg:  0.0, Max:  0.0, Diff:  0.0, Sum:  0.0, Workers: 4
[1830.109s][debug][gc,phases      ] GC(137)     Dead                           Min: 0, Avg:  0.0, Max: 0, Diff: 0, Sum: 0, Workers: 4
[1830.109s][debug][gc,phases      ] GC(137)     Total                          Min: 0, Avg: 183.2, Max: 733, Diff: 733, Sum: 733, Workers: 4
[1830.109s][debug][gc,phases      ] GC(137)   ObjectSynchronizer Weak        Min:  0.0, Avg:  0.0, Max:  0.0, Diff:  0.0, Sum:  0.0, Workers: 4
[1830.109s][debug][gc,phases      ] GC(137)     Dead                           Min: 0, Avg:  0.0, Max: 0, Diff: 0, Sum: 0, Workers: 4
[1830.109s][debug][gc,phases      ] GC(137)     Total                          Min: 0, Avg: 99.5, Max: 192, Diff: 192, Sum: 398, Workers: 4
[1830.109s][debug][gc,phases      ] GC(137)   JVMTI Tag Weak OopStorage      Min:  0.0, Avg:  0.0, Max:  0.0, Diff:  0.0, Sum:  0.0, Workers: 4
[1830.109s][debug][gc,phases      ] GC(137)     Dead                           Min: 0, Avg:  0.0, Max: 0, Diff: 0, Sum: 0, Workers: 4
[1830.109s][debug][gc,phases      ] GC(137)     Total                          Min: 0, Avg:  0.0, Max: 0, Diff: 0, Sum: 0, Workers: 4
[1830.109s][debug][gc,phases      ] GC(137)   StringTable Weak               Min:  0.1, Avg:  0.1, Max:  0.1, Diff:  0.0, Sum:  0.5, Workers: 4
[1830.109s][debug][gc,phases      ] GC(137)     Dead                           Min: 0, Avg:  0.0, Max: 0, Diff: 0, Sum: 0, Workers: 4
[1830.109s][debug][gc,phases      ] GC(137)     Total                          Min: 11209, Avg: 12146.2, Max: 13248, Diff: 2039, Sum: 48585, Workers: 4
[1830.109s][debug][gc,phases      ] GC(137)   ResolvedMethodTable Weak       Min:  0.0, Avg:  0.0, Max:  0.0, Diff:  0.0, Sum:  0.1, Workers: 4
[1830.109s][debug][gc,phases      ] GC(137)     Dead                           Min: 0, Avg:  0.0, Max: 0, Diff: 0, Sum: 0, Workers: 4
[1830.109s][debug][gc,phases      ] GC(137)     Total                          Min: 1984, Avg: 2105.5, Max: 2278, Diff: 294, Sum: 8422, Workers: 4
[1830.109s][debug][gc,phases      ] GC(137)   JNI Weak                       Min:  0.0, Avg:  0.0, Max:  0.0, Diff:  0.0, Sum:  0.0, Workers: 4
[1830.109s][debug][gc,phases      ] GC(137)     Dead                           Min: 0, Avg:  0.0, Max: 0, Diff: 0, Sum: 0, Workers: 4
[1830.109s][debug][gc,phases      ] GC(137)     Total                          Min: 0, Avg:  0.0, Max: 0, Diff: 0, Sum: 0, Workers: 4
[1830.109s][debug][gc,phases      ] GC(137)   StringDedup Table Weak         Min:  0.0, Avg:  0.0, Max:  0.0, Diff:  0.0, Sum:  0.0, Workers: 4
[1830.109s][debug][gc,phases      ] GC(137)     Dead                           Min: 0, Avg:  0.0, Max: 0, Diff: 0, Sum: 0, Workers: 4
[1830.109s][debug][gc,phases      ] GC(137)     Total                          Min: 0, Avg:  0.0, Max: 0, Diff: 0, Sum: 0, Workers: 4
[1830.109s][debug][gc,phases      ] GC(137)   StringDedup Requests0 Weak     Min:  0.0, Avg:  0.0, Max:  0.0, Diff:  0.0, Sum:  0.0, Workers: 4
[1830.109s][debug][gc,phases      ] GC(137)     Dead                           Min: 0, Avg:  0.0, Max: 0, Diff: 0, Sum: 0, Workers: 4
[1830.109s][debug][gc,phases      ] GC(137)     Total                          Min: 0, Avg:  0.0, Max: 0, Diff: 0, Sum: 0, Workers: 4
[1830.109s][debug][gc,phases      ] GC(137)   StringDedup Requests1 Weak     Min:  0.0, Avg:  0.0, Max:  0.0, Diff:  0.0, Sum:  0.0, Workers: 4
[1830.109s][debug][gc,phases      ] GC(137)     Dead                           Min: 0, Avg:  0.0, Max: 0, Diff: 0, Sum: 0, Workers: 4
[1830.109s][debug][gc,phases      ] GC(137)     Total                          Min: 0, Avg:  0.0, Max: 0, Diff: 0, Sum: 0, Workers: 4
[1830.109s][debug][gc,phases      ] GC(137)   Weak JFR Old Object Samples    Min:  0.0, Avg:  0.0, Max:  0.0, Diff:  0.0, Sum:  0.0, Workers: 4
[1830.109s][debug][gc,phases      ] GC(137)     Dead                           Min: 0, Avg:  0.0, Max: 0, Diff: 0, Sum: 0, Workers: 4
[1830.109s][debug][gc,phases      ] GC(137)     Total                          Min: 0, Avg:  0.0, Max: 0, Diff: 0, Sum: 0, Workers: 4
[1830.109s][debug][gc,phases      ] GC(137) Weak Processing 0.343ms
[1830.109s][debug][gc,age         ] GC(137) Desired survivor size 145752064 bytes, new threshold 14 (max threshold 15)
[1830.109s][info ][gc,heap        ] GC(137) PSYoungGen: 1934832K(1934848K)->104704K(1929728K) Eden: 1824768K(1824768K)->0K(1824768K) From: 110064K(110080K)->104704K(104960K)
[1830.109s][info ][gc,heap        ] GC(137) ParOldGen: 552001K(643072K)->557600K(643072K)
[1830.109s][info ][gc,metaspace   ] GC(137) Metaspace: 84910K(85824K)->84910K(85824K) NonClass: 73084K(73600K)->73084K(73600K) Class: 11825K(12224K)->11825K(12224K)
[1830.109s][info ][gc             ] GC(137) Pause Young (Allocation Failure) 2428M->646M(2512M) 25.590ms
[1830.109s][info ][gc,cpu         ] GC(137) User=0.10s Sys=0.00s Real=0.03s
[1830.109s][info ][safepoint      ] Safepoint "ParallelGCFailedAllocation", Time since last: 49401621 ns, Reaching safepoint: 28100 ns, At safepoint: 25677179 ns, Total: 25705279 ns
[1831.110s][info ][safepoint      ] Safepoint "Cleanup", Time since last: 1000092630 ns, Reaching safepoint: 60701 ns, At safepoint: 6000 ns, Total: 66701 ns
[1834.110s][info ][safepoint      ] Safepoint "Cleanup", Time since last: 3000265090 ns, Reaching safepoint: 76502 ns, At safepoint: 38600 ns, Total: 115102 ns
[1837.110s][info ][safepoint      ] Safepoint "Cleanup", Time since last: 3000270491 ns, Reaching safepoint: 50401 ns, At safepoint: 5400 ns, Total: 55801 ns
[1840.111s][info ][safepoint      ] Safepoint "Cleanup", Time since last: 3000269690 ns, Reaching safepoint: 68602 ns, At safepoint: 10400 ns, Total: 79002 ns
[1842.111s][info ][safepoint      ] Safepoint "Cleanup", Time since last: 2000189760 ns, Reaching safepoint: 47401 ns, At safepoint: 7000 ns, Total: 54401 ns
[1843.111s][info ][safepoint      ] Safepoint "Cleanup", Time since last: 1000122731 ns, Reaching safepoint: 72102 ns, At safepoint: 8800 ns, Total: 80902 ns
[1844.111s][info ][safepoint      ] Safepoint "Cleanup", Time since last: 1000125731 ns, Reaching safepoint: 63401 ns, At safepoint: 3300 ns, Total: 66701 ns
[1845.111s][info ][safepoint      ] Safepoint "Cleanup", Time since last: 1000106631 ns, Reaching safepoint: 70301 ns, At safepoint: 11600 ns, Total: 81901 ns
[1847.112s][info ][safepoint      ] Safepoint "Cleanup", Time since last: 2000188361 ns, Reaching safepoint: 52401 ns, At safepoint: 3800 ns, Total: 56201 ns
[1855.112s][info ][safepoint      ] Safepoint "Cleanup", Time since last: 8000631741 ns, Reaching safepoint: 69901 ns, At safepoint: 11001 ns, Total: 80902 ns
[1857.113s][info ][safepoint      ] Safepoint "Cleanup", Time since last: 2000205961 ns, Reaching safepoint: 56201 ns, At safepoint: 3100 ns, Total: 59301 ns
[1861.113s][info ][safepoint      ] Safepoint "Cleanup", Time since last: 4000347022 ns, Reaching safepoint: 57001 ns, At safepoint: 5900 ns, Total: 62901 ns
[1863.113s][info ][safepoint      ] Safepoint "Cleanup", Time since last: 2000199561 ns, Reaching safepoint: 82402 ns, At safepoint: 6900 ns, Total: 89302 ns
[1864.114s][info ][safepoint      ] Safepoint "Cleanup", Time since last: 1000120131 ns, Reaching safepoint: 62901 ns, At safepoint: 34801 ns, Total: 97702 ns
[1865.114s][info ][safepoint      ] Safepoint "Cleanup", Time since last: 1000102731 ns, Reaching safepoint: 71101 ns, At safepoint: 6200 ns, Total: 77301 ns
[1866.114s][info ][safepoint      ] Safepoint "Cleanup", Time since last: 1000110531 ns, Reaching safepoint: 63101 ns, At safepoint: 3100 ns, Total: 66201 ns
[1877.115s][info ][safepoint      ] Safepoint "Cleanup", Time since last: 11000851035 ns, Reaching safepoint: 58001 ns, At safepoint: 3700 ns, Total: 61701 ns
[1887.116s][info ][safepoint      ] Safepoint "Cleanup", Time since last: 10000709904 ns, Reaching safepoint: 53801 ns, At safepoint: 8000 ns, Total: 61801 ns
[1890.116s][info ][safepoint      ] Safepoint "Cleanup", Time since last: 3000499497 ns, Reaching safepoint: 56401 ns, At safepoint: 3300 ns, Total: 59701 ns
[1894.117s][info ][safepoint      ] Safepoint "Cleanup", Time since last: 4000350423 ns, Reaching safepoint: 73802 ns, At safepoint: 7800 ns, Total: 81602 ns
[1898.120s][info ][safepoint      ] Safepoint "Cleanup", Time since last: 4003630685 ns, Reaching safepoint: 64401 ns, At safepoint: 4900 ns, Total: 69301 ns
[1899.120s][info ][safepoint      ] Safepoint "Cleanup", Time since last: 1000110131 ns, Reaching safepoint: 67602 ns, At safepoint: 3800 ns, Total: 71402 ns
[1900.121s][info ][safepoint      ] Safepoint "Cleanup", Time since last: 1000134531 ns, Reaching safepoint: 63402 ns, At safepoint: 10600 ns, Total: 74002 ns
[1901.121s][info ][safepoint      ] Safepoint "Cleanup", Time since last: 1000106731 ns, Reaching safepoint: 49301 ns, At safepoint: 4200 ns, Total: 53501 ns
[1902.121s][info ][safepoint      ] Safepoint "Cleanup", Time since last: 1000115932 ns, Reaching safepoint: 56601 ns, At safepoint: 16700 ns, Total: 73301 ns
[1904.121s][info ][safepoint      ] Safepoint "Cleanup", Time since last: 2000176362 ns, Reaching safepoint: 57501 ns, At safepoint: 9700 ns, Total: 67201 ns
[1905.121s][info ][safepoint      ] Safepoint "Cleanup", Time since last: 1000128932 ns, Reaching safepoint: 57701 ns, At safepoint: 9200 ns, Total: 66901 ns
[1909.122s][info ][safepoint      ] Safepoint "Cleanup", Time since last: 4000305524 ns, Reaching safepoint: 99201 ns, At safepoint: 8201 ns, Total: 107402 ns
[1910.122s][info ][safepoint      ] Safepoint "Cleanup", Time since last: 1000108731 ns, Reaching safepoint: 63901 ns, At safepoint: 12700 ns, Total: 76601 ns
[1911.877s][info ][gc,start       ] GC(138) Pause Young (Allocation Failure)
[1911.900s][debug][gc,phases      ] GC(138) Scavenge 23.646ms
[1911.900s][debug][gc,ref         ] GC(138) Skipped phase 1 of Reference Processing: no references
[1911.900s][debug][gc,ref         ] GC(138) ReferenceProcessor::execute queues: 1, RefProcThreadModel::Single, marks_oops_alive: false
[1911.901s][debug][gc,ref         ] GC(138) Skipped phase 3 of Reference Processing: no references
[1911.901s][debug][gc,ref         ] GC(138) ReferenceProcessor::execute queues: 1, RefProcThreadModel::Single, marks_oops_alive: false
[1911.901s][debug][gc,phases      ] GC(138) Reference Processing 0.145ms
[1911.901s][debug][gc,phases      ] GC(138)   VM Weak                        Min:  0.0, Avg:  0.0, Max:  0.0, Diff:  0.0, Sum:  0.0, Workers: 4
[1911.901s][debug][gc,phases      ] GC(138)     Dead                           Min: 0, Avg:  0.0, Max: 0, Diff: 0, Sum: 0, Workers: 4
[1911.901s][debug][gc,phases      ] GC(138)     Total                          Min: 0, Avg: 183.2, Max: 448, Diff: 448, Sum: 733, Workers: 4
[1911.901s][debug][gc,phases      ] GC(138)   ObjectSynchronizer Weak        Min:  0.0, Avg:  0.0, Max:  0.0, Diff:  0.0, Sum:  0.0, Workers: 4
[1911.901s][debug][gc,phases      ] GC(138)     Dead                           Min: 0, Avg:  0.0, Max: 0, Diff: 0, Sum: 0, Workers: 4
[1911.901s][debug][gc,phases      ] GC(138)     Total                          Min: 64, Avg: 99.5, Max: 142, Diff: 78, Sum: 398, Workers: 4
[1911.901s][debug][gc,phases      ] GC(138)   JVMTI Tag Weak OopStorage      Min:  0.0, Avg:  0.0, Max:  0.0, Diff:  0.0, Sum:  0.0, Workers: 4
[1911.901s][debug][gc,phases      ] GC(138)     Dead                           Min: 0, Avg:  0.0, Max: 0, Diff: 0, Sum: 0, Workers: 4
[1911.901s][debug][gc,phases      ] GC(138)     Total                          Min: 0, Avg:  0.0, Max: 0, Diff: 0, Sum: 0, Workers: 4
[1911.901s][debug][gc,phases      ] GC(138)   StringTable Weak               Min:  0.1, Avg:  0.1, Max:  0.1, Diff:  0.0, Sum:  0.5, Workers: 4
[1911.901s][debug][gc,phases      ] GC(138)     Dead                           Min: 0, Avg:  0.0, Max: 0, Diff: 0, Sum: 0, Workers: 4
[1911.901s][debug][gc,phases      ] GC(138)     Total                          Min: 11328, Avg: 12148.0, Max: 14032, Diff: 2704, Sum: 48592, Workers: 4
[1911.901s][debug][gc,phases      ] GC(138)   ResolvedMethodTable Weak       Min:  0.0, Avg:  0.0, Max:  0.0, Diff:  0.0, Sum:  0.1, Workers: 4
[1911.901s][debug][gc,phases      ] GC(138)     Dead                           Min: 0, Avg:  0.0, Max: 0, Diff: 0, Sum: 0, Workers: 4
[1911.901s][debug][gc,phases      ] GC(138)     Total                          Min: 1984, Avg: 2106.8, Max: 2304, Diff: 320, Sum: 8427, Workers: 4
[1911.901s][debug][gc,phases      ] GC(138)   JNI Weak                       Min:  0.0, Avg:  0.0, Max:  0.0, Diff:  0.0, Sum:  0.0, Workers: 4
[1911.901s][debug][gc,phases      ] GC(138)     Dead                           Min: 0, Avg:  0.0, Max: 0, Diff: 0, Sum: 0, Workers: 4
[1911.901s][debug][gc,phases      ] GC(138)     Total                          Min: 0, Avg:  0.0, Max: 0, Diff: 0, Sum: 0, Workers: 4
[1911.901s][debug][gc,phases      ] GC(138)   StringDedup Table Weak         Min:  0.0, Avg:  0.0, Max:  0.0, Diff:  0.0, Sum:  0.0, Workers: 4
[1911.901s][debug][gc,phases      ] GC(138)     Dead                           Min: 0, Avg:  0.0, Max: 0, Diff: 0, Sum: 0, Workers: 4
[1911.901s][debug][gc,phases      ] GC(138)     Total                          Min: 0, Avg:  0.0, Max: 0, Diff: 0, Sum: 0, Workers: 4
[1911.901s][debug][gc,phases      ] GC(138)   StringDedup Requests0 Weak     Min:  0.0, Avg:  0.0, Max:  0.0, Diff:  0.0, Sum:  0.0, Workers: 4
[1911.901s][debug][gc,phases      ] GC(138)     Dead                           Min: 0, Avg:  0.0, Max: 0, Diff: 0, Sum: 0, Workers: 4
[1911.901s][debug][gc,phases      ] GC(138)     Total                          Min: 0, Avg:  0.0, Max: 0, Diff: 0, Sum: 0, Workers: 4
[1911.901s][debug][gc,phases      ] GC(138)   StringDedup Requests1 Weak     Min:  0.0, Avg:  0.0, Max:  0.0, Diff:  0.0, Sum:  0.0, Workers: 4
[1911.901s][debug][gc,phases      ] GC(138)     Dead                           Min: 0, Avg:  0.0, Max: 0, Diff: 0, Sum: 0, Workers: 4
[1911.901s][debug][gc,phases      ] GC(138)     Total                          Min: 0, Avg:  0.0, Max: 0, Diff: 0, Sum: 0, Workers: 4
[1911.901s][debug][gc,phases      ] GC(138)   Weak JFR Old Object Samples    Min:  0.0, Avg:  0.0, Max:  0.0, Diff:  0.0, Sum:  0.0, Workers: 4
[1911.901s][debug][gc,phases      ] GC(138)     Dead                           Min: 0, Avg:  0.0, Max: 0, Diff: 0, Sum: 0, Workers: 4
[1911.901s][debug][gc,phases      ] GC(138)     Total                          Min: 0, Avg:  0.0, Max: 0, Diff: 0, Sum: 0, Workers: 4
[1911.901s][debug][gc,phases      ] GC(138) Weak Processing 0.347ms
[1911.901s][debug][gc,age         ] GC(138) Desired survivor size 149946368 bytes, new threshold 15 (max threshold 15)
[1911.901s][info ][gc,heap        ] GC(138) PSYoungGen: 1929472K(1929728K)->104656K(1946624K) Eden: 1824768K(1824768K)->0K(1804288K) From: 104704K(104960K)->104656K(142336K)
[1911.901s][info ][gc,heap        ] GC(138) ParOldGen: 557600K(643072K)->557600K(643072K)
[1911.901s][info ][gc,metaspace   ] GC(138) Metaspace: 84937K(85824K)->84937K(85824K) NonClass: 73110K(73600K)->73110K(73600K) Class: 11827K(12224K)->11827K(12224K)
[1911.901s][info ][gc             ] GC(138) Pause Young (Allocation Failure) 2428M->646M(2529M) 24.283ms
[1911.901s][info ][gc,cpu         ] GC(138) User=0.10s Sys=0.00s Real=0.03s
[1911.901s][info ][safepoint      ] Safepoint "ParallelGCFailedAllocation", Time since last: 1754409984 ns, Reaching safepoint: 117502 ns, At safepoint: 24372754 ns, Total: 24490256 ns
[1914.901s][info ][safepoint      ] Safepoint "Cleanup", Time since last: 3000226193 ns, Reaching safepoint: 42001 ns, At safepoint: 3700 ns, Total: 45701 ns
[1917.902s][info ][safepoint      ] Safepoint "Cleanup", Time since last: 3000209007 ns, Reaching safepoint: 56201 ns, At safepoint: 8300 ns, Total: 64501 ns
[1918.902s][info ][safepoint      ] Safepoint "Cleanup", Time since last: 1000112352 ns, Reaching safepoint: 41101 ns, At safepoint: 4200 ns, Total: 45301 ns
[1920.429s][info ][safepoint      ] Safepoint "Cleanup", Time since last: 1527110819 ns, Reaching safepoint: 109302 ns, At safepoint: 10800 ns, Total: 120102 ns
[1921.429s][info ][safepoint      ] Safepoint "Cleanup", Time since last: 1000086554 ns, Reaching safepoint: 156902 ns, At safepoint: 12301 ns, Total: 169203 ns
[1922.429s][info ][safepoint      ] Safepoint "Cleanup", Time since last: 1000114355 ns, Reaching safepoint: 127302 ns, At safepoint: 6500 ns, Total: 133802 ns
[1924.430s][info ][safepoint      ] Safepoint "Cleanup", Time since last: 2000186711 ns, Reaching safepoint: 119602 ns, At safepoint: 11901 ns, Total: 131503 ns
[1926.430s][info ][safepoint      ] Safepoint "Cleanup", Time since last: 2000183514 ns, Reaching safepoint: 129303 ns, At safepoint: 11100 ns, Total: 140403 ns
[1932.431s][info ][safepoint      ] Safepoint "Cleanup", Time since last: 6000438360 ns, Reaching safepoint: 122302 ns, At safepoint: 12300 ns, Total: 134602 ns
[1937.431s][info ][safepoint      ] Safepoint "Cleanup", Time since last: 5000403623 ns, Reaching safepoint: 46400 ns, At safepoint: 8301 ns, Total: 54701 ns
[1940.431s][info ][safepoint      ] Safepoint "Cleanup", Time since last: 3000271303 ns, Reaching safepoint: 57701 ns, At safepoint: 3300 ns, Total: 61001 ns
[1944.432s][info ][safepoint      ] Safepoint "Cleanup", Time since last: 4000309980 ns, Reaching safepoint: 51701 ns, At safepoint: 6101 ns, Total: 57802 ns
[1947.432s][info ][safepoint      ] Safepoint "Cleanup", Time since last: 3000254918 ns, Reaching safepoint: 59101 ns, At safepoint: 8801 ns, Total: 67902 ns
[1951.432s][info ][safepoint      ] Safepoint "Cleanup", Time since last: 4000246900 ns, Reaching safepoint: 53001 ns, At safepoint: 3300 ns, Total: 56301 ns
[1955.834s][info ][safepoint      ] Safepoint "Cleanup", Time since last: 4401690011 ns, Reaching safepoint: 37600 ns, At safepoint: 9001 ns, Total: 46601 ns
[1956.834s][info ][safepoint      ] Safepoint "Cleanup", Time since last: 1000103281 ns, Reaching safepoint: 75501 ns, At safepoint: 12700 ns, Total: 88201 ns
[1957.835s][info ][safepoint      ] Safepoint "Cleanup", Time since last: 1000108582 ns, Reaching safepoint: 50001 ns, At safepoint: 13100 ns, Total: 63101 ns
[1958.835s][info ][safepoint      ] Safepoint "Cleanup", Time since last: 1000096583 ns, Reaching safepoint: 58901 ns, At safepoint: 6200 ns, Total: 65101 ns
[1959.835s][info ][safepoint      ] Safepoint "Cleanup", Time since last: 1000119184 ns, Reaching safepoint: 44000 ns, At safepoint: 8201 ns, Total: 52201 ns
[1960.835s][info ][safepoint      ] Safepoint "Cleanup", Time since last: 1000112684 ns, Reaching safepoint: 50001 ns, At safepoint: 2900 ns, Total: 52901 ns
[1961.835s][info ][safepoint      ] Safepoint "Cleanup", Time since last: 1000110085 ns, Reaching safepoint: 51201 ns, At safepoint: 11800 ns, Total: 63001 ns
[1963.835s][info ][safepoint      ] Safepoint "Cleanup", Time since last: 2000187071 ns, Reaching safepoint: 47501 ns, At safepoint: 4000 ns, Total: 51501 ns
[1965.836s][info ][safepoint      ] Safepoint "Cleanup", Time since last: 2000208475 ns, Reaching safepoint: 50601 ns, At safepoint: 7700 ns, Total: 58301 ns
[1967.836s][info ][safepoint      ] Safepoint "Cleanup", Time since last: 2000150176 ns, Reaching safepoint: 45901 ns, At safepoint: 2700 ns, Total: 48601 ns
[1976.837s][info ][safepoint      ] Safepoint "Cleanup", Time since last: 9000777333 ns, Reaching safepoint: 59501 ns, At safepoint: 8500 ns, Total: 68001 ns
[1978.829s][info ][gc,start       ] GC(139) Pause Young (Allocation Failure)
[1978.850s][debug][gc,phases      ] GC(139) Scavenge 20.483ms
[1978.850s][debug][gc,ref         ] GC(139) Skipped phase 1 of Reference Processing: no references
[1978.850s][debug][gc,ref         ] GC(139) ReferenceProcessor::execute queues: 1, RefProcThreadModel::Single, marks_oops_alive: false
[1978.850s][debug][gc,ref         ] GC(139) Skipped phase 3 of Reference Processing: no references
[1978.850s][debug][gc,ref         ] GC(139) ReferenceProcessor::execute queues: 1, RefProcThreadModel::Single, marks_oops_alive: false
[1978.850s][debug][gc,phases      ] GC(139) Reference Processing 0.162ms
[1978.850s][debug][gc,phases      ] GC(139)   VM Weak                        Min:  0.0, Avg:  0.0, Max:  0.0, Diff:  0.0, Sum:  0.0, Workers: 4
[1978.850s][debug][gc,phases      ] GC(139)     Dead                           Min: 0, Avg:  0.0, Max: 0, Diff: 0, Sum: 0, Workers: 4
[1978.850s][debug][gc,phases      ] GC(139)     Total                          Min: 0, Avg: 184.8, Max: 483, Diff: 483, Sum: 739, Workers: 4
[1978.850s][debug][gc,phases      ] GC(139)   ObjectSynchronizer Weak        Min:  0.0, Avg:  0.0, Max:  0.0, Diff:  0.0, Sum:  0.0, Workers: 4
[1978.850s][debug][gc,phases      ] GC(139)     Dead                           Min: 0, Avg:  0.0, Max: 0, Diff: 0, Sum: 0, Workers: 4
[1978.850s][debug][gc,phases      ] GC(139)     Total                          Min: 0, Avg: 99.5, Max: 192, Diff: 192, Sum: 398, Workers: 4
[1978.850s][debug][gc,phases      ] GC(139)   JVMTI Tag Weak OopStorage      Min:  0.0, Avg:  0.0, Max:  0.0, Diff:  0.0, Sum:  0.0, Workers: 4
[1978.850s][debug][gc,phases      ] GC(139)     Dead                           Min: 0, Avg:  0.0, Max: 0, Diff: 0, Sum: 0, Workers: 4
[1978.850s][debug][gc,phases      ] GC(139)     Total                          Min: 0, Avg:  0.0, Max: 0, Diff: 0, Sum: 0, Workers: 4
[1978.850s][debug][gc,phases      ] GC(139)   StringTable Weak               Min:  0.1, Avg:  0.1, Max:  0.1, Diff:  0.0, Sum:  0.5, Workers: 4
[1978.850s][debug][gc,phases      ] GC(139)     Dead                           Min: 0, Avg:  0.5, Max: 2, Diff: 2, Sum: 2, Workers: 4
[1978.850s][debug][gc,phases      ] GC(139)     Total                          Min: 11721, Avg: 12162.2, Max: 12608, Diff: 887, Sum: 48649, Workers: 4
[1978.850s][debug][gc,phases      ] GC(139)   ResolvedMethodTable Weak       Min:  0.0, Avg:  0.0, Max:  0.0, Diff:  0.0, Sum:  0.1, Workers: 4
[1978.850s][debug][gc,phases      ] GC(139)     Dead                           Min: 0, Avg:  0.0, Max: 0, Diff: 0, Sum: 0, Workers: 4
[1978.850s][debug][gc,phases      ] GC(139)     Total                          Min: 1984, Avg: 2126.8, Max: 2299, Diff: 315, Sum: 8507, Workers: 4
[1978.850s][debug][gc,phases      ] GC(139)   JNI Weak                       Min:  0.0, Avg:  0.0, Max:  0.0, Diff:  0.0, Sum:  0.0, Workers: 4
[1978.850s][debug][gc,phases      ] GC(139)     Dead                           Min: 0, Avg:  0.0, Max: 0, Diff: 0, Sum: 0, Workers: 4
[1978.850s][debug][gc,phases      ] GC(139)     Total                          Min: 0, Avg:  0.0, Max: 0, Diff: 0, Sum: 0, Workers: 4
[1978.850s][debug][gc,phases      ] GC(139)   StringDedup Table Weak         Min:  0.0, Avg:  0.0, Max:  0.0, Diff:  0.0, Sum:  0.0, Workers: 4
[1978.850s][debug][gc,phases      ] GC(139)     Dead                           Min: 0, Avg:  0.0, Max: 0, Diff: 0, Sum: 0, Workers: 4
[1978.850s][debug][gc,phases      ] GC(139)     Total                          Min: 0, Avg:  0.0, Max: 0, Diff: 0, Sum: 0, Workers: 4
[1978.850s][debug][gc,phases      ] GC(139)   StringDedup Requests0 Weak     Min:  0.0, Avg:  0.0, Max:  0.0, Diff:  0.0, Sum:  0.0, Workers: 4
[1978.850s][debug][gc,phases      ] GC(139)     Dead                           Min: 0, Avg:  0.0, Max: 0, Diff: 0, Sum: 0, Workers: 4
[1978.850s][debug][gc,phases      ] GC(139)     Total                          Min: 0, Avg:  0.0, Max: 0, Diff: 0, Sum: 0, Workers: 4
[1978.850s][debug][gc,phases      ] GC(139)   StringDedup Requests1 Weak     Min:  0.0, Avg:  0.0, Max:  0.0, Diff:  0.0, Sum:  0.0, Workers: 4
[1978.850s][debug][gc,phases      ] GC(139)     Dead                           Min: 0, Avg:  0.0, Max: 0, Diff: 0, Sum: 0, Workers: 4
[1978.850s][debug][gc,phases      ] GC(139)     Total                          Min: 0, Avg:  0.0, Max: 0, Diff: 0, Sum: 0, Workers: 4
[1978.850s][debug][gc,phases      ] GC(139)   Weak JFR Old Object Samples    Min:  0.0, Avg:  0.0, Max:  0.0, Diff:  0.0, Sum:  0.0, Workers: 4
[1978.850s][debug][gc,phases      ] GC(139)     Dead                           Min: 0, Avg:  0.0, Max: 0, Diff: 0, Sum: 0, Workers: 4
[1978.850s][debug][gc,phases      ] GC(139)     Total                          Min: 0, Avg:  0.0, Max: 0, Diff: 0, Sum: 0, Workers: 4
[1978.850s][debug][gc,phases      ] GC(139) Weak Processing 0.342ms
[1978.850s][debug][gc,age         ] GC(139) Desired survivor size 148897792 bytes, new threshold 15 (max threshold 15)
[1978.850s][info ][gc,heap        ] GC(139) PSYoungGen: 1908944K(1946624K)->92256K(1950720K) Eden: 1804288K(1804288K)->0K(1804288K) From: 104656K(142336K)->92256K(146432K)
[1978.850s][info ][gc,heap        ] GC(139) ParOldGen: 557600K(643072K)->557600K(643072K)
[1978.850s][info ][gc,metaspace   ] GC(139) Metaspace: 85191K(86144K)->85191K(86144K) NonClass: 73319K(73856K)->73319K(73856K) Class: 11871K(12288K)->11871K(12288K)
[1978.850s][info ][gc             ] GC(139) Pause Young (Allocation Failure) 2408M->634M(2533M) 21.146ms
[1978.850s][info ][gc,cpu         ] GC(139) User=0.08s Sys=0.00s Real=0.03s
[1978.850s][info ][safepoint      ] Safepoint "ParallelGCFailedAllocation", Time since last: 1992271449 ns, Reaching safepoint: 29500 ns, At safepoint: 21223387 ns, Total: 21252887 ns
[1993.851s][info ][safepoint      ] Safepoint "Cleanup", Time since last: 15000914529 ns, Reaching safepoint: 48600 ns, At safepoint: 8901 ns, Total: 57501 ns
[2000.852s][info ][safepoint      ] Safepoint "Cleanup", Time since last: 7000513768 ns, Reaching safepoint: 45801 ns, At safepoint: 7100 ns, Total: 52901 ns
[2003.852s][info ][safepoint      ] Safepoint "Cleanup", Time since last: 3000244640 ns, Reaching safepoint: 50001 ns, At safepoint: 3400 ns, Total: 53401 ns
[2010.853s][info ][safepoint      ] Safepoint "Cleanup", Time since last: 7000461215 ns, Reaching safepoint: 50701 ns, At safepoint: 6600 ns, Total: 57301 ns
[2011.853s][info ][safepoint      ] Safepoint "Cleanup", Time since last: 1000107320 ns, Reaching safepoint: 49701 ns, At safepoint: 4200 ns, Total: 53901 ns
[2019.853s][info ][safepoint      ] Safepoint "Cleanup", Time since last: 8000562477 ns, Reaching safepoint: 49401 ns, At safepoint: 4600 ns, Total: 54001 ns
[2049.855s][info ][safepoint      ] Safepoint "Cleanup", Time since last: 30001919330 ns, Reaching safepoint: 60101 ns, At safepoint: 11101 ns, Total: 71202 ns
[2053.856s][info ][safepoint      ] Safepoint "Cleanup", Time since last: 4000276380 ns, Reaching safepoint: 51701 ns, At safepoint: 3000 ns, Total: 54701 ns
[2061.823s][info ][gc,start       ] GC(140) Pause Young (Allocation Failure)
[2061.846s][debug][gc,phases      ] GC(140) Scavenge 22.437ms
[2061.846s][debug][gc,ref         ] GC(140) Skipped phase 1 of Reference Processing: no references
[2061.846s][debug][gc,ref         ] GC(140) ReferenceProcessor::execute queues: 1, RefProcThreadModel::Single, marks_oops_alive: false
[2061.846s][debug][gc,ref         ] GC(140) Skipped phase 3 of Reference Processing: no references
[2061.846s][debug][gc,ref         ] GC(140) ReferenceProcessor::execute queues: 1, RefProcThreadModel::Single, marks_oops_alive: false
[2061.846s][debug][gc,phases      ] GC(140) Reference Processing 0.171ms
[2061.846s][debug][gc,phases      ] GC(140)   VM Weak                        Min:  0.0, Avg:  0.0, Max:  0.0, Diff:  0.0, Sum:  0.0, Workers: 4
[2061.846s][debug][gc,phases      ] GC(140)     Dead                           Min: 0, Avg:  0.0, Max: 0, Diff: 0, Sum: 0, Workers: 4
[2061.846s][debug][gc,phases      ] GC(140)     Total                          Min: 0, Avg: 184.8, Max: 640, Diff: 640, Sum: 739, Workers: 4
[2061.846s][debug][gc,phases      ] GC(140)   ObjectSynchronizer Weak        Min:  0.0, Avg:  0.0, Max:  0.0, Diff:  0.0, Sum:  0.0, Workers: 4
[2061.846s][debug][gc,phases      ] GC(140)     Dead                           Min: 0, Avg:  0.0, Max: 0, Diff: 0, Sum: 0, Workers: 4
[2061.846s][debug][gc,phases      ] GC(140)     Total                          Min: 0, Avg: 99.5, Max: 192, Diff: 192, Sum: 398, Workers: 4
[2061.846s][debug][gc,phases      ] GC(140)   JVMTI Tag Weak OopStorage      Min:  0.0, Avg:  0.0, Max:  0.0, Diff:  0.0, Sum:  0.0, Workers: 4
[2061.846s][debug][gc,phases      ] GC(140)     Dead                           Min: 0, Avg:  0.0, Max: 0, Diff: 0, Sum: 0, Workers: 4
[2061.846s][debug][gc,phases      ] GC(140)     Total                          Min: 0, Avg:  0.0, Max: 0, Diff: 0, Sum: 0, Workers: 4
[2061.846s][debug][gc,phases      ] GC(140)   StringTable Weak               Min:  0.1, Avg:  0.1, Max:  0.1, Diff:  0.0, Sum:  0.5, Workers: 4
[2061.846s][debug][gc,phases      ] GC(140)     Dead                           Min: 0, Avg:  0.0, Max: 0, Diff: 0, Sum: 0, Workers: 4
[2061.846s][debug][gc,phases      ] GC(140)     Total                          Min: 11273, Avg: 12162.2, Max: 13120, Diff: 1847, Sum: 48649, Workers: 4
[2061.846s][debug][gc,phases      ] GC(140)   ResolvedMethodTable Weak       Min:  0.0, Avg:  0.0, Max:  0.0, Diff:  0.0, Sum:  0.1, Workers: 4
[2061.846s][debug][gc,phases      ] GC(140)     Dead                           Min: 0, Avg:  0.0, Max: 0, Diff: 0, Sum: 0, Workers: 4
[2061.846s][debug][gc,phases      ] GC(140)     Total                          Min: 1915, Avg: 2126.8, Max: 2304, Diff: 389, Sum: 8507, Workers: 4
[2061.846s][debug][gc,phases      ] GC(140)   JNI Weak                       Min:  0.0, Avg:  0.0, Max:  0.0, Diff:  0.0, Sum:  0.0, Workers: 4
[2061.846s][debug][gc,phases      ] GC(140)     Dead                           Min: 0, Avg:  0.0, Max: 0, Diff: 0, Sum: 0, Workers: 4
[2061.846s][debug][gc,phases      ] GC(140)     Total                          Min: 0, Avg:  0.0, Max: 0, Diff: 0, Sum: 0, Workers: 4
[2061.846s][debug][gc,phases      ] GC(140)   StringDedup Table Weak         Min:  0.0, Avg:  0.0, Max:  0.0, Diff:  0.0, Sum:  0.0, Workers: 4
[2061.846s][debug][gc,phases      ] GC(140)     Dead                           Min: 0, Avg:  0.0, Max: 0, Diff: 0, Sum: 0, Workers: 4
[2061.846s][debug][gc,phases      ] GC(140)     Total                          Min: 0, Avg:  0.0, Max: 0, Diff: 0, Sum: 0, Workers: 4
[2061.846s][debug][gc,phases      ] GC(140)   StringDedup Requests0 Weak     Min:  0.0, Avg:  0.0, Max:  0.0, Diff:  0.0, Sum:  0.0, Workers: 4
[2061.846s][debug][gc,phases      ] GC(140)     Dead                           Min: 0, Avg:  0.0, Max: 0, Diff: 0, Sum: 0, Workers: 4
[2061.846s][debug][gc,phases      ] GC(140)     Total                          Min: 0, Avg:  0.0, Max: 0, Diff: 0, Sum: 0, Workers: 4
[2061.846s][debug][gc,phases      ] GC(140)   StringDedup Requests1 Weak     Min:  0.0, Avg:  0.0, Max:  0.0, Diff:  0.0, Sum:  0.0, Workers: 4
[2061.846s][debug][gc,phases      ] GC(140)     Dead                           Min: 0, Avg:  0.0, Max: 0, Diff: 0, Sum: 0, Workers: 4
[2061.846s][debug][gc,phases      ] GC(140)     Total                          Min: 0, Avg:  0.0, Max: 0, Diff: 0, Sum: 0, Workers: 4
[2061.846s][debug][gc,phases      ] GC(140)   Weak JFR Old Object Samples    Min:  0.0, Avg:  0.0, Max:  0.0, Diff:  0.0, Sum:  0.0, Workers: 4
[2061.846s][debug][gc,phases      ] GC(140)     Dead                           Min: 0, Avg:  0.0, Max: 0, Diff: 0, Sum: 0, Workers: 4
[2061.846s][debug][gc,phases      ] GC(140)     Total                          Min: 0, Avg:  0.0, Max: 0, Diff: 0, Sum: 0, Workers: 4
[2061.846s][debug][gc,phases      ] GC(140) Weak Processing 0.356ms
[2061.846s][debug][gc,age         ] GC(140) Desired survivor size 143654912 bytes, new threshold 15 (max threshold 15)
[2061.846s][info ][gc,heap        ] GC(140) PSYoungGen: 1896544K(1950720K)->83472K(1956864K) Eden: 1804288K(1804288K)->0K(1811456K) From: 92256K(146432K)->83472K(145408K)
[2061.846s][info ][gc,heap        ] GC(140) ParOldGen: 557600K(643072K)->566665K(643072K)
[2061.846s][info ][gc,metaspace   ] GC(140) Metaspace: 85204K(86144K)->85204K(86144K) NonClass: 73333K(73856K)->73333K(73856K) Class: 11871K(12288K)->11871K(12288K)
[2061.846s][info ][gc             ] GC(140) Pause Young (Allocation Failure) 2396M->634M(2539M) 23.130ms
[2061.846s][info ][gc,cpu         ] GC(140) User=0.09s Sys=0.00s Real=0.02s
[2061.846s][info ][safepoint      ] Safepoint "ParallelGCFailedAllocation", Time since last: 7967380285 ns, Reaching safepoint: 48801 ns, At safepoint: 23220724 ns, Total: 23269525 ns
[2072.847s][info ][safepoint      ] Safepoint "Cleanup", Time since last: 11000677398 ns, Reaching safepoint: 67901 ns, At safepoint: 8200 ns, Total: 76101 ns
[2079.848s][info ][safepoint      ] Safepoint "Cleanup", Time since last: 7000519320 ns, Reaching safepoint: 57701 ns, At safepoint: 40200 ns, Total: 97901 ns
[2082.848s][info ][safepoint      ] Safepoint "Cleanup", Time since last: 3000221789 ns, Reaching safepoint: 41401 ns, At safepoint: 3000 ns, Total: 44401 ns
[2088.848s][info ][safepoint      ] Safepoint "Cleanup", Time since last: 6000393792 ns, Reaching safepoint: 51701 ns, At safepoint: 3300 ns, Total: 55001 ns
[2104.850s][info ][safepoint      ] Safepoint "Cleanup", Time since last: 16001029244 ns, Reaching safepoint: 48001 ns, At safepoint: 9200 ns, Total: 57201 ns
[2105.850s][info ][safepoint      ] Safepoint "Cleanup", Time since last: 1000117277 ns, Reaching safepoint: 62402 ns, At safepoint: 8000 ns, Total: 70402 ns
[2107.850s][info ][safepoint      ] Safepoint "Cleanup", Time since last: 2000165155 ns, Reaching safepoint: 63601 ns, At safepoint: 2900 ns, Total: 66501 ns
[2109.850s][info ][safepoint      ] Safepoint "Cleanup", Time since last: 2000177657 ns, Reaching safepoint: 67401 ns, At safepoint: 10801 ns, Total: 78202 ns
[2110.850s][info ][safepoint      ] Safepoint "Cleanup", Time since last: 1000211381 ns, Reaching safepoint: 46101 ns, At safepoint: 12901 ns, Total: 59002 ns
[2111.851s][info ][safepoint      ] Safepoint "Cleanup", Time since last: 1000108380 ns, Reaching safepoint: 48501 ns, At safepoint: 10000 ns, Total: 58501 ns
[2113.851s][info ][safepoint      ] Safepoint "Cleanup", Time since last: 2000195162 ns, Reaching safepoint: 48801 ns, At safepoint: 4000 ns, Total: 52801 ns
[2115.851s][info ][safepoint      ] Safepoint "Cleanup", Time since last: 2000177864 ns, Reaching safepoint: 55701 ns, At safepoint: 11300 ns, Total: 67001 ns
[2116.851s][info ][safepoint      ] Safepoint "Cleanup", Time since last: 1000114683 ns, Reaching safepoint: 41701 ns, At safepoint: 3800 ns, Total: 45501 ns
[2117.851s][info ][safepoint      ] Safepoint "Cleanup", Time since last: 1000121884 ns, Reaching safepoint: 49601 ns, At safepoint: 3300 ns, Total: 52901 ns
[2120.852s][info ][safepoint      ] Safepoint "Cleanup", Time since last: 3000253353 ns, Reaching safepoint: 146903 ns, At safepoint: 11000 ns, Total: 157903 ns
[2123.852s][info ][safepoint      ] Safepoint "Cleanup", Time since last: 3000260258 ns, Reaching safepoint: 48301 ns, At safepoint: 4600 ns, Total: 52901 ns
[2126.852s][info ][safepoint      ] Safepoint "Cleanup", Time since last: 3000248763 ns, Reaching safepoint: 35300 ns, At safepoint: 5400 ns, Total: 40700 ns
[2127.853s][info ][safepoint      ] Safepoint "Cleanup", Time since last: 1000109989 ns, Reaching safepoint: 51801 ns, At safepoint: 3200 ns, Total: 55001 ns
[2129.853s][info ][safepoint      ] Safepoint "Cleanup", Time since last: 2000188980 ns, Reaching safepoint: 54601 ns, At safepoint: 3300 ns, Total: 57901 ns
[2130.853s][info ][safepoint      ] Safepoint "Cleanup", Time since last: 1000115090 ns, Reaching safepoint: 51201 ns, At safepoint: 3900 ns, Total: 55101 ns
[2131.853s][info ][safepoint      ] Safepoint "Cleanup", Time since last: 1000109792 ns, Reaching safepoint: 48100 ns, At safepoint: 5801 ns, Total: 53901 ns
[2138.864s][info ][safepoint      ] Safepoint "Cleanup", Time since last: 7010686434 ns, Reaching safepoint: 58901 ns, At safepoint: 4000 ns, Total: 62901 ns
[2141.864s][info ][safepoint      ] Safepoint "Cleanup", Time since last: 3000257486 ns, Reaching safepoint: 65002 ns, At safepoint: 4200 ns, Total: 69202 ns
[2142.679s][info ][gc,start       ] GC(141) Pause Young (Allocation Failure)
[2142.697s][debug][gc,phases      ] GC(141) Scavenge 18.060ms
[2142.697s][debug][gc,ref         ] GC(141) Skipped phase 1 of Reference Processing: no references
[2142.697s][debug][gc,ref         ] GC(141) ReferenceProcessor::execute queues: 1, RefProcThreadModel::Single, marks_oops_alive: false
[2142.697s][debug][gc,ref         ] GC(141) Skipped phase 3 of Reference Processing: no references
[2142.697s][debug][gc,ref         ] GC(141) ReferenceProcessor::execute queues: 1, RefProcThreadModel::Single, marks_oops_alive: false
[2142.697s][debug][gc,phases      ] GC(141) Reference Processing 0.147ms
[2142.698s][debug][gc,phases      ] GC(141)   VM Weak                        Min:  0.0, Avg:  0.0, Max:  0.0, Diff:  0.0, Sum:  0.0, Workers: 4
[2142.698s][debug][gc,phases      ] GC(141)     Dead                           Min: 0, Avg:  0.0, Max: 0, Diff: 0, Sum: 0, Workers: 4
[2142.698s][debug][gc,phases      ] GC(141)     Total                          Min: 0, Avg: 184.8, Max: 547, Diff: 547, Sum: 739, Workers: 4
[2142.698s][debug][gc,phases      ] GC(141)   ObjectSynchronizer Weak        Min:  0.0, Avg:  0.0, Max:  0.0, Diff:  0.0, Sum:  0.0, Workers: 4
[2142.698s][debug][gc,phases      ] GC(141)     Dead                           Min: 0, Avg:  0.0, Max: 0, Diff: 0, Sum: 0, Workers: 4
[2142.698s][debug][gc,phases      ] GC(141)     Total                          Min: 0, Avg: 99.5, Max: 206, Diff: 206, Sum: 398, Workers: 4
[2142.698s][debug][gc,phases      ] GC(141)   JVMTI Tag Weak OopStorage      Min:  0.0, Avg:  0.0, Max:  0.0, Diff:  0.0, Sum:  0.0, Workers: 4
[2142.698s][debug][gc,phases      ] GC(141)     Dead                           Min: 0, Avg:  0.0, Max: 0, Diff: 0, Sum: 0, Workers: 4
[2142.698s][debug][gc,phases      ] GC(141)     Total                          Min: 0, Avg:  0.0, Max: 0, Diff: 0, Sum: 0, Workers: 4
[2142.698s][debug][gc,phases      ] GC(141)   StringTable Weak               Min:  0.1, Avg:  0.1, Max:  0.1, Diff:  0.0, Sum:  0.5, Workers: 4
[2142.698s][debug][gc,phases      ] GC(141)     Dead                           Min: 0, Avg:  0.0, Max: 0, Diff: 0, Sum: 0, Workers: 4
[2142.698s][debug][gc,phases      ] GC(141)     Total                          Min: 11712, Avg: 12162.2, Max: 12544, Diff: 832, Sum: 48649, Workers: 4
[2142.698s][debug][gc,phases      ] GC(141)   ResolvedMethodTable Weak       Min:  0.0, Avg:  0.0, Max:  0.0, Diff:  0.0, Sum:  0.1, Workers: 4
[2142.698s][debug][gc,phases      ] GC(141)     Dead                           Min: 0, Avg:  0.0, Max: 0, Diff: 0, Sum: 0, Workers: 4
[2142.698s][debug][gc,phases      ] GC(141)     Total                          Min: 1915, Avg: 2126.8, Max: 2240, Diff: 325, Sum: 8507, Workers: 4
[2142.698s][debug][gc,phases      ] GC(141)   JNI Weak                       Min:  0.0, Avg:  0.0, Max:  0.0, Diff:  0.0, Sum:  0.0, Workers: 4
[2142.698s][debug][gc,phases      ] GC(141)     Dead                           Min: 0, Avg:  0.0, Max: 0, Diff: 0, Sum: 0, Workers: 4
[2142.698s][debug][gc,phases      ] GC(141)     Total                          Min: 0, Avg:  0.0, Max: 0, Diff: 0, Sum: 0, Workers: 4
[2142.698s][debug][gc,phases      ] GC(141)   StringDedup Table Weak         Min:  0.0, Avg:  0.0, Max:  0.0, Diff:  0.0, Sum:  0.0, Workers: 4
[2142.698s][debug][gc,phases      ] GC(141)     Dead                           Min: 0, Avg:  0.0, Max: 0, Diff: 0, Sum: 0, Workers: 4
[2142.698s][debug][gc,phases      ] GC(141)     Total                          Min: 0, Avg:  0.0, Max: 0, Diff: 0, Sum: 0, Workers: 4
[2142.698s][debug][gc,phases      ] GC(141)   StringDedup Requests0 Weak     Min:  0.0, Avg:  0.0, Max:  0.0, Diff:  0.0, Sum:  0.0, Workers: 4
[2142.698s][debug][gc,phases      ] GC(141)     Dead                           Min: 0, Avg:  0.0, Max: 0, Diff: 0, Sum: 0, Workers: 4
[2142.698s][debug][gc,phases      ] GC(141)     Total                          Min: 0, Avg:  0.0, Max: 0, Diff: 0, Sum: 0, Workers: 4
[2142.698s][debug][gc,phases      ] GC(141)   StringDedup Requests1 Weak     Min:  0.0, Avg:  0.0, Max:  0.0, Diff:  0.0, Sum:  0.0, Workers: 4
[2142.698s][debug][gc,phases      ] GC(141)     Dead                           Min: 0, Avg:  0.0, Max: 0, Diff: 0, Sum: 0, Workers: 4
[2142.698s][debug][gc,phases      ] GC(141)     Total                          Min: 0, Avg:  0.0, Max: 0, Diff: 0, Sum: 0, Workers: 4
[2142.698s][debug][gc,phases      ] GC(141)   Weak JFR Old Object Samples    Min:  0.0, Avg:  0.0, Max:  0.0, Diff:  0.0, Sum:  0.0, Workers: 4
[2142.698s][debug][gc,phases      ] GC(141)     Dead                           Min: 0, Avg:  0.0, Max: 0, Diff: 0, Sum: 0, Workers: 4
[2142.698s][debug][gc,phases      ] GC(141)     Total                          Min: 0, Avg:  0.0, Max: 0, Diff: 0, Sum: 0, Workers: 4
[2142.698s][debug][gc,phases      ] GC(141) Weak Processing 0.333ms
[2142.698s][debug][gc,age         ] GC(141) Desired survivor size 138412032 bytes, new threshold 15 (max threshold 15)
[2142.698s][info ][gc,heap        ] GC(141) PSYoungGen: 1894928K(1956864K)->75040K(1951744K) Eden: 1811456K(1811456K)->0K(1811456K) From: 83472K(145408K)->75040K(140288K)
[2142.698s][info ][gc,heap        ] GC(141) ParOldGen: 566665K(643072K)->575808K(643072K)
[2142.698s][info ][gc,metaspace   ] GC(141) Metaspace: 85260K(86208K)->85260K(86208K) NonClass: 73388K(73920K)->73388K(73920K) Class: 11871K(12288K)->11871K(12288K)
[2142.698s][info ][gc             ] GC(141) Pause Young (Allocation Failure) 2403M->635M(2534M) 18.705ms
[2142.698s][info ][gc,cpu         ] GC(141) User=0.07s Sys=0.01s Real=0.02s
[2142.698s][info ][safepoint      ] Safepoint "ParallelGCFailedAllocation", Time since last: 814681504 ns, Reaching safepoint: 112502 ns, At safepoint: 18788144 ns, Total: 18900646 ns
[2146.698s][info ][safepoint      ] Safepoint "Cleanup", Time since last: 4000269889 ns, Reaching safepoint: 53001 ns, At safepoint: 4200 ns, Total: 57201 ns
[2152.699s][info ][safepoint      ] Safepoint "Cleanup", Time since last: 6000446401 ns, Reaching safepoint: 54501 ns, At safepoint: 3300 ns, Total: 57801 ns
[2155.699s][info ][safepoint      ] Safepoint "Cleanup", Time since last: 3000184506 ns, Reaching safepoint: 54101 ns, At safepoint: 11000 ns, Total: 65101 ns
[2169.700s][info ][safepoint      ] Safepoint "Cleanup", Time since last: 14000852088 ns, Reaching safepoint: 57302 ns, At safepoint: 3600 ns, Total: 60902 ns
[2197.702s][info ][safepoint      ] Safepoint "Cleanup", Time since last: 28001922065 ns, Reaching safepoint: 49801 ns, At safepoint: 11600 ns, Total: 61401 ns
[2198.702s][info ][safepoint      ] Safepoint "Cleanup", Time since last: 1000122825 ns, Reaching safepoint: 39400 ns, At safepoint: 3801 ns, Total: 43201 ns
[2208.703s][info ][safepoint      ] Safepoint "Cleanup", Time since last: 10000676859 ns, Reaching safepoint: 52901 ns, At safepoint: 9400 ns, Total: 62301 ns
[2211.703s][info ][safepoint      ] Safepoint "Cleanup", Time since last: 3000245088 ns, Reaching safepoint: 55301 ns, At safepoint: 14600 ns, Total: 69901 ns
[2214.703s][info ][safepoint      ] Safepoint "Cleanup", Time since last: 3000239492 ns, Reaching safepoint: 43401 ns, At safepoint: 2600 ns, Total: 46001 ns
[2216.704s][info ][safepoint      ] Safepoint "Cleanup", Time since last: 2000176963 ns, Reaching safepoint: 66101 ns, At safepoint: 12001 ns, Total: 78102 ns
[2217.704s][info ][safepoint      ] Safepoint "Cleanup", Time since last: 1000112632 ns, Reaching safepoint: 60402 ns, At safepoint: 4900 ns, Total: 65302 ns
[2221.704s][info ][safepoint      ] Safepoint "Cleanup", Time since last: 4000320833 ns, Reaching safepoint: 51201 ns, At safepoint: 4400 ns, Total: 55601 ns
[2229.492s][info ][gc,start       ] GC(142) Pause Young (Allocation Failure)
[2229.509s][debug][gc,phases      ] GC(142) Scavenge 16.651ms
[2229.509s][debug][gc,ref         ] GC(142) Skipped phase 1 of Reference Processing: no references
[2229.509s][debug][gc,ref         ] GC(142) ReferenceProcessor::execute queues: 1, RefProcThreadModel::Single, marks_oops_alive: false
[2229.509s][debug][gc,ref         ] GC(142) Skipped phase 3 of Reference Processing: no references
[2229.509s][debug][gc,ref         ] GC(142) ReferenceProcessor::execute queues: 1, RefProcThreadModel::Single, marks_oops_alive: false
[2229.509s][debug][gc,phases      ] GC(142) Reference Processing 0.149ms
[2229.509s][debug][gc,phases      ] GC(142)   VM Weak                        Min:  0.0, Avg:  0.0, Max:  0.0, Diff:  0.0, Sum:  0.0, Workers: 4
[2229.509s][debug][gc,phases      ] GC(142)     Dead                           Min: 0, Avg:  0.0, Max: 0, Diff: 0, Sum: 0, Workers: 4
[2229.509s][debug][gc,phases      ] GC(142)     Total                          Min: 0, Avg: 184.8, Max: 448, Diff: 448, Sum: 739, Workers: 4
[2229.509s][debug][gc,phases      ] GC(142)   ObjectSynchronizer Weak        Min:  0.0, Avg:  0.0, Max:  0.0, Diff:  0.0, Sum:  0.0, Workers: 4
[2229.509s][debug][gc,phases      ] GC(142)     Dead                           Min: 0, Avg:  0.0, Max: 0, Diff: 0, Sum: 0, Workers: 4
[2229.509s][debug][gc,phases      ] GC(142)     Total                          Min: 0, Avg: 99.5, Max: 192, Diff: 192, Sum: 398, Workers: 4
[2229.509s][debug][gc,phases      ] GC(142)   JVMTI Tag Weak OopStorage      Min:  0.0, Avg:  0.0, Max:  0.0, Diff:  0.0, Sum:  0.0, Workers: 4
[2229.509s][debug][gc,phases      ] GC(142)     Dead                           Min: 0, Avg:  0.0, Max: 0, Diff: 0, Sum: 0, Workers: 4
[2229.509s][debug][gc,phases      ] GC(142)     Total                          Min: 0, Avg:  0.0, Max: 0, Diff: 0, Sum: 0, Workers: 4
[2229.509s][debug][gc,phases      ] GC(142)   StringTable Weak               Min:  0.1, Avg:  0.1, Max:  0.1, Diff:  0.0, Sum:  0.6, Workers: 4
[2229.509s][debug][gc,phases      ] GC(142)     Dead                           Min: 0, Avg:  0.0, Max: 0, Diff: 0, Sum: 0, Workers: 4
[2229.509s][debug][gc,phases      ] GC(142)     Total                          Min: 11840, Avg: 12164.5, Max: 12754, Diff: 914, Sum: 48658, Workers: 4
[2229.509s][debug][gc,phases      ] GC(142)   ResolvedMethodTable Weak       Min:  0.0, Avg:  0.0, Max:  0.0, Diff:  0.0, Sum:  0.1, Workers: 4
[2229.509s][debug][gc,phases      ] GC(142)     Dead                           Min: 0, Avg:  0.0, Max: 0, Diff: 0, Sum: 0, Workers: 4
[2229.509s][debug][gc,phases      ] GC(142)     Total                          Min: 1984, Avg: 2126.8, Max: 2304, Diff: 320, Sum: 8507, Workers: 4
[2229.509s][debug][gc,phases      ] GC(142)   JNI Weak                       Min:  0.0, Avg:  0.0, Max:  0.0, Diff:  0.0, Sum:  0.0, Workers: 4
[2229.509s][debug][gc,phases      ] GC(142)     Dead                           Min: 0, Avg:  0.0, Max: 0, Diff: 0, Sum: 0, Workers: 4
[2229.509s][debug][gc,phases      ] GC(142)     Total                          Min: 0, Avg:  0.0, Max: 0, Diff: 0, Sum: 0, Workers: 4
[2229.509s][debug][gc,phases      ] GC(142)   StringDedup Table Weak         Min:  0.0, Avg:  0.0, Max:  0.0, Diff:  0.0, Sum:  0.0, Workers: 4
[2229.509s][debug][gc,phases      ] GC(142)     Dead                           Min: 0, Avg:  0.0, Max: 0, Diff: 0, Sum: 0, Workers: 4
[2229.509s][debug][gc,phases      ] GC(142)     Total                          Min: 0, Avg:  0.0, Max: 0, Diff: 0, Sum: 0, Workers: 4
[2229.509s][debug][gc,phases      ] GC(142)   StringDedup Requests0 Weak     Min:  0.0, Avg:  0.0, Max:  0.0, Diff:  0.0, Sum:  0.0, Workers: 4
[2229.510s][debug][gc,phases      ] GC(142)     Dead                           Min: 0, Avg:  0.0, Max: 0, Diff: 0, Sum: 0, Workers: 4
[2229.510s][debug][gc,phases      ] GC(142)     Total                          Min: 0, Avg:  0.0, Max: 0, Diff: 0, Sum: 0, Workers: 4
[2229.510s][debug][gc,phases      ] GC(142)   StringDedup Requests1 Weak     Min:  0.0, Avg:  0.0, Max:  0.0, Diff:  0.0, Sum:  0.0, Workers: 4
[2229.510s][debug][gc,phases      ] GC(142)     Dead                           Min: 0, Avg:  0.0, Max: 0, Diff: 0, Sum: 0, Workers: 4
[2229.510s][debug][gc,phases      ] GC(142)     Total                          Min: 0, Avg:  0.0, Max: 0, Diff: 0, Sum: 0, Workers: 4
[2229.510s][debug][gc,phases      ] GC(142)   Weak JFR Old Object Samples    Min:  0.0, Avg:  0.0, Max:  0.0, Diff:  0.0, Sum:  0.0, Workers: 4
[2229.510s][debug][gc,phases      ] GC(142)     Dead                           Min: 0, Avg:  0.0, Max: 0, Diff: 0, Sum: 0, Workers: 4
[2229.510s][debug][gc,phases      ] GC(142)     Total                          Min: 0, Avg:  0.0, Max: 0, Diff: 0, Sum: 0, Workers: 4
[2229.510s][debug][gc,phases      ] GC(142) Weak Processing 0.382ms
[2229.510s][debug][gc,age         ] GC(142) Desired survivor size 133693440 bytes, new threshold 15 (max threshold 15)
[2229.510s][info ][gc,heap        ] GC(142) PSYoungGen: 1886496K(1951744K)->73488K(1966592K) Eden: 1811456K(1811456K)->0K(1831424K) From: 75040K(140288K)->73488K(135168K)
[2229.510s][info ][gc,heap        ] GC(142) ParOldGen: 575808K(643072K)->577140K(643072K)
[2229.510s][info ][gc,metaspace   ] GC(142) Metaspace: 85269K(86208K)->85269K(86208K) NonClass: 73397K(73920K)->73397K(73920K) Class: 11871K(12288K)->11871K(12288K)
[2229.510s][info ][gc             ] GC(142) Pause Young (Allocation Failure) 2404M->635M(2548M) 17.328ms
[2229.510s][info ][gc,cpu         ] GC(142) User=0.07s Sys=0.00s Real=0.02s
[2229.510s][info ][safepoint      ] Safepoint "ParallelGCFailedAllocation", Time since last: 7787973389 ns, Reaching safepoint: 47801 ns, At safepoint: 17429520 ns, Total: 17477321 ns
[2231.510s][info ][safepoint      ] Safepoint "Cleanup", Time since last: 2000171976 ns, Reaching safepoint: 78402 ns, At safepoint: 12000 ns, Total: 90402 ns
[2236.510s][info ][safepoint      ] Safepoint "Cleanup", Time since last: 5000439799 ns, Reaching safepoint: 62301 ns, At safepoint: 7900 ns, Total: 70201 ns
[2245.511s][info ][safepoint      ] Safepoint "Cleanup", Time since last: 9000786585 ns, Reaching safepoint: 78302 ns, At safepoint: 9500 ns, Total: 87802 ns
[2257.512s][info ][safepoint      ] Safepoint "Cleanup", Time since last: 12000942764 ns, Reaching safepoint: 55301 ns, At safepoint: 4101 ns, Total: 59402 ns
[2261.513s][info ][safepoint      ] Safepoint "Cleanup", Time since last: 4000327001 ns, Reaching safepoint: 58501 ns, At safepoint: 10100 ns, Total: 68601 ns
[2268.513s][info ][safepoint      ] Safepoint "Cleanup", Time since last: 7000565769 ns, Reaching safepoint: 85602 ns, At safepoint: 4700 ns, Total: 90302 ns
[2270.514s][info ][safepoint      ] Safepoint "Cleanup", Time since last: 2000189909 ns, Reaching safepoint: 55701 ns, At safepoint: 19200 ns, Total: 74901 ns
[2283.515s][info ][safepoint      ] Safepoint "Cleanup", Time since last: 13000982346 ns, Reaching safepoint: 57001 ns, At safepoint: 6000 ns, Total: 63001 ns
[2299.516s][info ][safepoint      ] Safepoint "Cleanup", Time since last: 16001169608 ns, Reaching safepoint: 51201 ns, At safepoint: 11700 ns, Total: 62901 ns
[2300.516s][info ][safepoint      ] Safepoint "Cleanup", Time since last: 1000125367 ns, Reaching safepoint: 61401 ns, At safepoint: 22501 ns, Total: 83902 ns
[2301.516s][info ][safepoint      ] Safepoint "Cleanup", Time since last: 1000118567 ns, Reaching safepoint: 59501 ns, At safepoint: 6101 ns, Total: 65602 ns
[2304.517s][info ][safepoint      ] Safepoint "Cleanup", Time since last: 3000260902 ns, Reaching safepoint: 56401 ns, At safepoint: 8001 ns, Total: 64402 ns
[2305.517s][info ][safepoint      ] Safepoint "Cleanup", Time since last: 1000133669 ns, Reaching safepoint: 63601 ns, At safepoint: 6800 ns, Total: 70401 ns
[2314.518s][info ][safepoint      ] Safepoint "Cleanup", Time since last: 9000648430 ns, Reaching safepoint: 54301 ns, At safepoint: 6900 ns, Total: 61201 ns
[2315.518s][info ][safepoint      ] Safepoint "Cleanup", Time since last: 1000121873 ns, Reaching safepoint: 62801 ns, At safepoint: 6200 ns, Total: 69001 ns
[2320.874s][info ][gc,start       ] GC(143) Pause Young (Allocation Failure)
[2320.889s][debug][gc,phases      ] GC(143) Scavenge 14.958ms
[2320.889s][debug][gc,ref         ] GC(143) Skipped phase 1 of Reference Processing: no references
[2320.889s][debug][gc,ref         ] GC(143) ReferenceProcessor::execute queues: 1, RefProcThreadModel::Single, marks_oops_alive: false
[2320.889s][debug][gc,ref         ] GC(143) Skipped phase 3 of Reference Processing: no references
[2320.889s][debug][gc,ref         ] GC(143) ReferenceProcessor::execute queues: 1, RefProcThreadModel::Single, marks_oops_alive: false
[2320.889s][debug][gc,phases      ] GC(143) Reference Processing 0.157ms
[2320.889s][debug][gc,phases      ] GC(143)   VM Weak                        Min:  0.0, Avg:  0.0, Max:  0.0, Diff:  0.0, Sum:  0.0, Workers: 4
[2320.889s][debug][gc,phases      ] GC(143)     Dead                           Min: 0, Avg:  0.0, Max: 0, Diff: 0, Sum: 0, Workers: 4
[2320.889s][debug][gc,phases      ] GC(143)     Total                          Min: 0, Avg: 184.8, Max: 739, Diff: 739, Sum: 739, Workers: 4
[2320.889s][debug][gc,phases      ] GC(143)   ObjectSynchronizer Weak        Min:  0.0, Avg:  0.0, Max:  0.0, Diff:  0.0, Sum:  0.0, Workers: 4
[2320.889s][debug][gc,phases      ] GC(143)     Dead                           Min: 0, Avg:  0.0, Max: 0, Diff: 0, Sum: 0, Workers: 4
[2320.889s][debug][gc,phases      ] GC(143)     Total                          Min: 0, Avg: 99.5, Max: 256, Diff: 256, Sum: 398, Workers: 4
[2320.889s][debug][gc,phases      ] GC(143)   JVMTI Tag Weak OopStorage      Min:  0.0, Avg:  0.0, Max:  0.0, Diff:  0.0, Sum:  0.0, Workers: 4
[2320.889s][debug][gc,phases      ] GC(143)     Dead                           Min: 0, Avg:  0.0, Max: 0, Diff: 0, Sum: 0, Workers: 4
[2320.889s][debug][gc,phases      ] GC(143)     Total                          Min: 0, Avg:  0.0, Max: 0, Diff: 0, Sum: 0, Workers: 4
[2320.889s][debug][gc,phases      ] GC(143)   StringTable Weak               Min:  0.1, Avg:  0.1, Max:  0.1, Diff:  0.0, Sum:  0.5, Workers: 4
[2320.889s][debug][gc,phases      ] GC(143)     Dead                           Min: 0, Avg:  0.0, Max: 0, Diff: 0, Sum: 0, Workers: 4
[2320.889s][debug][gc,phases      ] GC(143)     Total                          Min: 11478, Avg: 12165.5, Max: 12800, Diff: 1322, Sum: 48662, Workers: 4
[2320.889s][debug][gc,phases      ] GC(143)   ResolvedMethodTable Weak       Min:  0.0, Avg:  0.0, Max:  0.0, Diff:  0.0, Sum:  0.1, Workers: 4
[2320.889s][debug][gc,phases      ] GC(143)     Dead                           Min: 0, Avg:  0.0, Max: 0, Diff: 0, Sum: 0, Workers: 4
[2320.889s][debug][gc,phases      ] GC(143)     Total                          Min: 1920, Avg: 2126.8, Max: 2304, Diff: 384, Sum: 8507, Workers: 4
[2320.889s][debug][gc,phases      ] GC(143)   JNI Weak                       Min:  0.0, Avg:  0.0, Max:  0.0, Diff:  0.0, Sum:  0.0, Workers: 4
[2320.889s][debug][gc,phases      ] GC(143)     Dead                           Min: 0, Avg:  0.0, Max: 0, Diff: 0, Sum: 0, Workers: 4
[2320.889s][debug][gc,phases      ] GC(143)     Total                          Min: 0, Avg:  0.0, Max: 0, Diff: 0, Sum: 0, Workers: 4
[2320.889s][debug][gc,phases      ] GC(143)   StringDedup Table Weak         Min:  0.0, Avg:  0.0, Max:  0.0, Diff:  0.0, Sum:  0.0, Workers: 4
[2320.889s][debug][gc,phases      ] GC(143)     Dead                           Min: 0, Avg:  0.0, Max: 0, Diff: 0, Sum: 0, Workers: 4
[2320.889s][debug][gc,phases      ] GC(143)     Total                          Min: 0, Avg:  0.0, Max: 0, Diff: 0, Sum: 0, Workers: 4
[2320.889s][debug][gc,phases      ] GC(143)   StringDedup Requests0 Weak     Min:  0.0, Avg:  0.0, Max:  0.0, Diff:  0.0, Sum:  0.0, Workers: 4
[2320.889s][debug][gc,phases      ] GC(143)     Dead                           Min: 0, Avg:  0.0, Max: 0, Diff: 0, Sum: 0, Workers: 4
[2320.889s][debug][gc,phases      ] GC(143)     Total                          Min: 0, Avg:  0.0, Max: 0, Diff: 0, Sum: 0, Workers: 4
[2320.889s][debug][gc,phases      ] GC(143)   StringDedup Requests1 Weak     Min:  0.0, Avg:  0.0, Max:  0.0, Diff:  0.0, Sum:  0.0, Workers: 4
[2320.889s][debug][gc,phases      ] GC(143)     Dead                           Min: 0, Avg:  0.0, Max: 0, Diff: 0, Sum: 0, Workers: 4
[2320.889s][debug][gc,phases      ] GC(143)     Total                          Min: 0, Avg:  0.0, Max: 0, Diff: 0, Sum: 0, Workers: 4
[2320.889s][debug][gc,phases      ] GC(143)   Weak JFR Old Object Samples    Min:  0.0, Avg:  0.0, Max:  0.0, Diff:  0.0, Sum:  0.0, Workers: 4
[2320.889s][debug][gc,phases      ] GC(143)     Dead                           Min: 0, Avg:  0.0, Max: 0, Diff: 0, Sum: 0, Workers: 4
[2320.889s][debug][gc,phases      ] GC(143)     Total                          Min: 0, Avg:  0.0, Max: 0, Diff: 0, Sum: 0, Workers: 4
[2320.889s][debug][gc,phases      ] GC(143) Weak Processing 0.387ms
[2320.889s][debug][gc,age         ] GC(143) Desired survivor size 128974848 bytes, new threshold 15 (max threshold 15)
[2320.889s][info ][gc,heap        ] GC(143) PSYoungGen: 1904912K(1966592K)->73776K(1961984K) Eden: 1831424K(1831424K)->0K(1831424K) From: 73488K(135168K)->73776K(130560K)
[2320.889s][info ][gc,heap        ] GC(143) ParOldGen: 577140K(643072K)->577252K(643072K)
[2320.889s][info ][gc,metaspace   ] GC(143) Metaspace: 85288K(86208K)->85288K(86208K) NonClass: 73416K(73920K)->73416K(73920K) Class: 11871K(12288K)->11871K(12288K)
[2320.889s][info ][gc             ] GC(143) Pause Young (Allocation Failure) 2423M->635M(2544M) 15.637ms
[2320.889s][info ][gc,cpu         ] GC(143) User=0.06s Sys=0.00s Real=0.02s
[2320.889s][info ][safepoint      ] Safepoint "ParallelGCFailedAllocation", Time since last: 5355980798 ns, Reaching safepoint: 47701 ns, At safepoint: 15747889 ns, Total: 15795590 ns
[2325.890s][info ][safepoint      ] Safepoint "Cleanup", Time since last: 5000338874 ns, Reaching safepoint: 48301 ns, At safepoint: 6700 ns, Total: 55001 ns
[2332.890s][info ][safepoint      ] Safepoint "Cleanup", Time since last: 7000401838 ns, Reaching safepoint: 45201 ns, At safepoint: 4100 ns, Total: 49301 ns
[2341.891s][info ][safepoint      ] Safepoint "Cleanup", Time since last: 9000640018 ns, Reaching safepoint: 54101 ns, At safepoint: 4100 ns, Total: 58201 ns
[2355.892s][info ][safepoint      ] Safepoint "Cleanup", Time since last: 14000946974 ns, Reaching safepoint: 60101 ns, At safepoint: 33200 ns, Total: 93301 ns
[2358.892s][info ][safepoint      ] Safepoint "Cleanup", Time since last: 3000234861 ns, Reaching safepoint: 50401 ns, At safepoint: 6400 ns, Total: 56801 ns
[2391.895s][info ][safepoint      ] Safepoint "Cleanup", Time since last: 33002187357 ns, Reaching safepoint: 41501 ns, At safepoint: 9600 ns, Total: 51101 ns
[2392.895s][info ][safepoint      ] Safepoint "Cleanup", Time since last: 1000117899 ns, Reaching safepoint: 59301 ns, At safepoint: 3000 ns, Total: 62301 ns
[2408.368s][info ][gc,start       ] GC(144) Pause Young (Allocation Failure)
[2408.386s][debug][gc,phases      ] GC(144) Scavenge 18.197ms
[2408.386s][debug][gc,ref         ] GC(144) Skipped phase 1 of Reference Processing: no references
[2408.386s][debug][gc,ref         ] GC(144) ReferenceProcessor::execute queues: 1, RefProcThreadModel::Single, marks_oops_alive: false
[2408.386s][debug][gc,ref         ] GC(144) Skipped phase 3 of Reference Processing: no references
[2408.386s][debug][gc,ref         ] GC(144) ReferenceProcessor::execute queues: 1, RefProcThreadModel::Single, marks_oops_alive: false
[2408.386s][debug][gc,phases      ] GC(144) Reference Processing 0.146ms
[2408.387s][debug][gc,phases      ] GC(144)   VM Weak                        Min:  0.0, Avg:  0.0, Max:  0.0, Diff:  0.0, Sum:  0.0, Workers: 4
[2408.387s][debug][gc,phases      ] GC(144)     Dead                           Min: 0, Avg:  0.0, Max: 0, Diff: 0, Sum: 0, Workers: 4
[2408.387s][debug][gc,phases      ] GC(144)     Total                          Min: 0, Avg: 184.8, Max: 291, Diff: 291, Sum: 739, Workers: 4
[2408.387s][debug][gc,phases      ] GC(144)   ObjectSynchronizer Weak        Min:  0.0, Avg:  0.0, Max:  0.0, Diff:  0.0, Sum:  0.0, Workers: 4
[2408.387s][debug][gc,phases      ] GC(144)     Dead                           Min: 0, Avg:  0.0, Max: 0, Diff: 0, Sum: 0, Workers: 4
[2408.387s][debug][gc,phases      ] GC(144)     Total                          Min: 0, Avg: 99.5, Max: 192, Diff: 192, Sum: 398, Workers: 4
[2408.387s][debug][gc,phases      ] GC(144)   JVMTI Tag Weak OopStorage      Min:  0.0, Avg:  0.0, Max:  0.0, Diff:  0.0, Sum:  0.0, Workers: 4
[2408.387s][debug][gc,phases      ] GC(144)     Dead                           Min: 0, Avg:  0.0, Max: 0, Diff: 0, Sum: 0, Workers: 4
[2408.387s][debug][gc,phases      ] GC(144)     Total                          Min: 0, Avg:  0.0, Max: 0, Diff: 0, Sum: 0, Workers: 4
[2408.387s][debug][gc,phases      ] GC(144)   StringTable Weak               Min:  0.1, Avg:  0.1, Max:  0.1, Diff:  0.0, Sum:  0.5, Workers: 4
[2408.387s][debug][gc,phases      ] GC(144)     Dead                           Min: 0, Avg:  0.0, Max: 0, Diff: 0, Sum: 0, Workers: 4
[2408.387s][debug][gc,phases      ] GC(144)     Total                          Min: 11584, Avg: 12166.2, Max: 13337, Diff: 1753, Sum: 48665, Workers: 4
[2408.387s][debug][gc,phases      ] GC(144)   ResolvedMethodTable Weak       Min:  0.0, Avg:  0.0, Max:  0.0, Diff:  0.0, Sum:  0.1, Workers: 4
[2408.387s][debug][gc,phases      ] GC(144)     Dead                           Min: 0, Avg:  0.0, Max: 0, Diff: 0, Sum: 0, Workers: 4
[2408.387s][debug][gc,phases      ] GC(144)     Total                          Min: 1792, Avg: 2126.8, Max: 2432, Diff: 640, Sum: 8507, Workers: 4
[2408.387s][debug][gc,phases      ] GC(144)   JNI Weak                       Min:  0.0, Avg:  0.0, Max:  0.0, Diff:  0.0, Sum:  0.0, Workers: 4
[2408.387s][debug][gc,phases      ] GC(144)     Dead                           Min: 0, Avg:  0.0, Max: 0, Diff: 0, Sum: 0, Workers: 4
[2408.387s][debug][gc,phases      ] GC(144)     Total                          Min: 0, Avg:  0.0, Max: 0, Diff: 0, Sum: 0, Workers: 4
[2408.387s][debug][gc,phases      ] GC(144)   StringDedup Table Weak         Min:  0.0, Avg:  0.0, Max:  0.0, Diff:  0.0, Sum:  0.0, Workers: 4
[2408.387s][debug][gc,phases      ] GC(144)     Dead                           Min: 0, Avg:  0.0, Max: 0, Diff: 0, Sum: 0, Workers: 4
[2408.387s][debug][gc,phases      ] GC(144)     Total                          Min: 0, Avg:  0.0, Max: 0, Diff: 0, Sum: 0, Workers: 4
[2408.387s][debug][gc,phases      ] GC(144)   StringDedup Requests0 Weak     Min:  0.0, Avg:  0.0, Max:  0.0, Diff:  0.0, Sum:  0.0, Workers: 4
[2408.387s][debug][gc,phases      ] GC(144)     Dead                           Min: 0, Avg:  0.0, Max: 0, Diff: 0, Sum: 0, Workers: 4
[2408.387s][debug][gc,phases      ] GC(144)     Total                          Min: 0, Avg:  0.0, Max: 0, Diff: 0, Sum: 0, Workers: 4
[2408.387s][debug][gc,phases      ] GC(144)   StringDedup Requests1 Weak     Min:  0.0, Avg:  0.0, Max:  0.0, Diff:  0.0, Sum:  0.0, Workers: 4
[2408.387s][debug][gc,phases      ] GC(144)     Dead                           Min: 0, Avg:  0.0, Max: 0, Diff: 0, Sum: 0, Workers: 4
[2408.387s][debug][gc,phases      ] GC(144)     Total                          Min: 0, Avg:  0.0, Max: 0, Diff: 0, Sum: 0, Workers: 4
[2408.387s][debug][gc,phases      ] GC(144)   Weak JFR Old Object Samples    Min:  0.0, Avg:  0.0, Max:  0.0, Diff:  0.0, Sum:  0.0, Workers: 4
[2408.387s][debug][gc,phases      ] GC(144)     Dead                           Min: 0, Avg:  0.0, Max: 0, Diff: 0, Sum: 0, Workers: 4
[2408.387s][debug][gc,phases      ] GC(144)     Total                          Min: 0, Avg:  0.0, Max: 0, Diff: 0, Sum: 0, Workers: 4
[2408.387s][debug][gc,phases      ] GC(144) Weak Processing 0.352ms
[2408.387s][debug][gc,age         ] GC(144) Desired survivor size 125829120 bytes, new threshold 15 (max threshold 15)
[2408.387s][info ][gc,heap        ] GC(144) PSYoungGen: 1905200K(1961984K)->66928K(1974272K) Eden: 1831424K(1831424K)->0K(1848320K) From: 73776K(130560K)->66928K(125952K)
[2408.387s][info ][gc,heap        ] GC(144) ParOldGen: 577252K(643072K)->583557K(643072K)
[2408.387s][info ][gc,metaspace   ] GC(144) Metaspace: 85297K(86208K)->85297K(86208K) NonClass: 73426K(73920K)->73426K(73920K) Class: 11871K(12288K)->11871K(12288K)
[2408.387s][info ][gc             ] GC(144) Pause Young (Allocation Failure) 2424M->635M(2556M) 18.842ms
[2408.387s][info ][gc,cpu         ] GC(144) User=0.07s Sys=0.00s Real=0.02s
[2408.387s][info ][safepoint      ] Safepoint "ParallelGCFailedAllocation", Time since last: 15473171299 ns, Reaching safepoint: 46301 ns, At safepoint: 18928548 ns, Total: 18974849 ns
[2422.388s][info ][safepoint      ] Safepoint "Cleanup", Time since last: 14000900273 ns, Reaching safepoint: 51501 ns, At safepoint: 4900 ns, Total: 56401 ns
[2424.388s][info ][safepoint      ] Safepoint "Cleanup", Time since last: 2000160116 ns, Reaching safepoint: 40901 ns, At safepoint: 3000 ns, Total: 43901 ns
[2425.388s][info ][safepoint      ] Safepoint "Cleanup", Time since last: 1000115809 ns, Reaching safepoint: 44801 ns, At safepoint: 3700 ns, Total: 48501 ns
[2430.389s][info ][safepoint      ] Safepoint "Cleanup", Time since last: 5000334545 ns, Reaching safepoint: 48201 ns, At safepoint: 7600 ns, Total: 55801 ns
[2436.389s][info ][safepoint      ] Safepoint "Cleanup", Time since last: 6000434464 ns, Reaching safepoint: 44901 ns, At safepoint: 7800 ns, Total: 52701 ns
[2458.391s][info ][safepoint      ] Safepoint "Cleanup", Time since last: 22001502422 ns, Reaching safepoint: 55602 ns, At safepoint: 4200 ns, Total: 59802 ns
[2467.391s][info ][safepoint      ] Safepoint "Cleanup", Time since last: 9000607171 ns, Reaching safepoint: 53601 ns, At safepoint: 6400 ns, Total: 60001 ns
[2468.392s][info ][safepoint      ] Safepoint "Cleanup", Time since last: 1000111621 ns, Reaching safepoint: 50201 ns, At safepoint: 5700 ns, Total: 55901 ns
[2480.392s][info ][safepoint      ] Safepoint "Cleanup", Time since last: 12000756864 ns, Reaching safepoint: 43501 ns, At safepoint: 38501 ns, Total: 82002 ns
[2481.393s][info ][safepoint      ] Safepoint "Cleanup", Time since last: 1000102124 ns, Reaching safepoint: 45601 ns, At safepoint: 3200 ns, Total: 48801 ns
[2486.393s][info ][safepoint      ] Safepoint "Cleanup", Time since last: 5000314923 ns, Reaching safepoint: 49401 ns, At safepoint: 6300 ns, Total: 55701 ns
[2487.393s][info ][safepoint      ] Safepoint "Cleanup", Time since last: 1000110927 ns, Reaching safepoint: 48200 ns, At safepoint: 4500 ns, Total: 52700 ns
[2488.393s][info ][safepoint      ] Safepoint "Cleanup", Time since last: 1000087727 ns, Reaching safepoint: 61001 ns, At safepoint: 7100 ns, Total: 68101 ns
[2489.393s][info ][safepoint      ] Safepoint "Cleanup", Time since last: 1000117927 ns, Reaching safepoint: 53401 ns, At safepoint: 5600 ns, Total: 59001 ns
[2493.024s][info ][gc,start       ] GC(145) Pause Young (Allocation Failure)
[2493.040s][debug][gc,phases      ] GC(145) Scavenge 15.531ms
[2493.040s][debug][gc,ref         ] GC(145) Skipped phase 1 of Reference Processing: no references
[2493.040s][debug][gc,ref         ] GC(145) ReferenceProcessor::execute queues: 1, RefProcThreadModel::Single, marks_oops_alive: false
[2493.040s][debug][gc,ref         ] GC(145) Skipped phase 3 of Reference Processing: no references
[2493.040s][debug][gc,ref         ] GC(145) ReferenceProcessor::execute queues: 1, RefProcThreadModel::Single, marks_oops_alive: false
[2493.040s][debug][gc,phases      ] GC(145) Reference Processing 0.152ms
[2493.040s][debug][gc,phases      ] GC(145)   VM Weak                        Min:  0.0, Avg:  0.0, Max:  0.0, Diff:  0.0, Sum:  0.0, Workers: 4
[2493.040s][debug][gc,phases      ] GC(145)     Dead                           Min: 0, Avg:  0.0, Max: 0, Diff: 0, Sum: 0, Workers: 4
[2493.040s][debug][gc,phases      ] GC(145)     Total                          Min: 0, Avg: 184.8, Max: 384, Diff: 384, Sum: 739, Workers: 4
[2493.040s][debug][gc,phases      ] GC(145)   ObjectSynchronizer Weak        Min:  0.0, Avg:  0.0, Max:  0.0, Diff:  0.0, Sum:  0.0, Workers: 4
[2493.040s][debug][gc,phases      ] GC(145)     Dead                           Min: 0, Avg:  0.0, Max: 0, Diff: 0, Sum: 0, Workers: 4
[2493.040s][debug][gc,phases      ] GC(145)     Total                          Min: 0, Avg: 99.5, Max: 206, Diff: 206, Sum: 398, Workers: 4
[2493.040s][debug][gc,phases      ] GC(145)   JVMTI Tag Weak OopStorage      Min:  0.0, Avg:  0.0, Max:  0.0, Diff:  0.0, Sum:  0.0, Workers: 4
[2493.040s][debug][gc,phases      ] GC(145)     Dead                           Min: 0, Avg:  0.0, Max: 0, Diff: 0, Sum: 0, Workers: 4
[2493.040s][debug][gc,phases      ] GC(145)     Total                          Min: 0, Avg:  0.0, Max: 0, Diff: 0, Sum: 0, Workers: 4
[2493.040s][debug][gc,phases      ] GC(145)   StringTable Weak               Min:  0.1, Avg:  0.1, Max:  0.1, Diff:  0.0, Sum:  0.5, Workers: 4
[2493.040s][debug][gc,phases      ] GC(145)     Dead                           Min: 0, Avg:  0.0, Max: 0, Diff: 0, Sum: 0, Workers: 4
[2493.040s][debug][gc,phases      ] GC(145)     Total                          Min: 9664, Avg: 12171.0, Max: 13952, Diff: 4288, Sum: 48684, Workers: 4
[2493.040s][debug][gc,phases      ] GC(145)   ResolvedMethodTable Weak       Min:  0.0, Avg:  0.0, Max:  0.0, Diff:  0.0, Sum:  0.1, Workers: 4
[2493.040s][debug][gc,phases      ] GC(145)     Dead                           Min: 0, Avg:  0.0, Max: 0, Diff: 0, Sum: 0, Workers: 4
[2493.040s][debug][gc,phases      ] GC(145)     Total                          Min: 1984, Avg: 2126.8, Max: 2304, Diff: 320, Sum: 8507, Workers: 4
[2493.040s][debug][gc,phases      ] GC(145)   JNI Weak                       Min:  0.0, Avg:  0.0, Max:  0.0, Diff:  0.0, Sum:  0.0, Workers: 4
[2493.040s][debug][gc,phases      ] GC(145)     Dead                           Min: 0, Avg:  0.0, Max: 0, Diff: 0, Sum: 0, Workers: 4
[2493.040s][debug][gc,phases      ] GC(145)     Total                          Min: 0, Avg:  0.0, Max: 0, Diff: 0, Sum: 0, Workers: 4
[2493.040s][debug][gc,phases      ] GC(145)   StringDedup Table Weak         Min:  0.0, Avg:  0.0, Max:  0.0, Diff:  0.0, Sum:  0.0, Workers: 4
[2493.040s][debug][gc,phases      ] GC(145)     Dead                           Min: 0, Avg:  0.0, Max: 0, Diff: 0, Sum: 0, Workers: 4
[2493.040s][debug][gc,phases      ] GC(145)     Total                          Min: 0, Avg:  0.0, Max: 0, Diff: 0, Sum: 0, Workers: 4
[2493.040s][debug][gc,phases      ] GC(145)   StringDedup Requests0 Weak     Min:  0.0, Avg:  0.0, Max:  0.0, Diff:  0.0, Sum:  0.0, Workers: 4
[2493.040s][debug][gc,phases      ] GC(145)     Dead                           Min: 0, Avg:  0.0, Max: 0, Diff: 0, Sum: 0, Workers: 4
[2493.040s][debug][gc,phases      ] GC(145)     Total                          Min: 0, Avg:  0.0, Max: 0, Diff: 0, Sum: 0, Workers: 4
[2493.040s][debug][gc,phases      ] GC(145)   StringDedup Requests1 Weak     Min:  0.0, Avg:  0.0, Max:  0.0, Diff:  0.0, Sum:  0.0, Workers: 4
[2493.040s][debug][gc,phases      ] GC(145)     Dead                           Min: 0, Avg:  0.0, Max: 0, Diff: 0, Sum: 0, Workers: 4
[2493.040s][debug][gc,phases      ] GC(145)     Total                          Min: 0, Avg:  0.0, Max: 0, Diff: 0, Sum: 0, Workers: 4
[2493.040s][debug][gc,phases      ] GC(145)   Weak JFR Old Object Samples    Min:  0.0, Avg:  0.0, Max:  0.0, Diff:  0.0, Sum:  0.0, Workers: 4
[2493.040s][debug][gc,phases      ] GC(145)     Dead                           Min: 0, Avg:  0.0, Max: 0, Diff: 0, Sum: 0, Workers: 4
[2493.040s][debug][gc,phases      ] GC(145)     Total                          Min: 0, Avg:  0.0, Max: 0, Diff: 0, Sum: 0, Workers: 4
[2493.040s][debug][gc,phases      ] GC(145) Weak Processing 0.359ms
[2493.040s][debug][gc,age         ] GC(145) Desired survivor size 123207680 bytes, new threshold 15 (max threshold 15)
[2493.040s][info ][gc,heap        ] GC(145) PSYoungGen: 1915248K(1974272K)->65440K(1971200K) Eden: 1848320K(1848320K)->0K(1848320K) From: 66928K(125952K)->65440K(122880K)
[2493.040s][info ][gc,heap        ] GC(145) ParOldGen: 583557K(643072K)->585038K(643072K)
[2493.040s][info ][gc,metaspace   ] GC(145) Metaspace: 85318K(86272K)->85318K(86272K) NonClass: 73446K(73984K)->73446K(73984K) Class: 11871K(12288K)->11871K(12288K)
[2493.040s][info ][gc             ] GC(145) Pause Young (Allocation Failure) 2440M->635M(2553M) 16.202ms
[2493.040s][info ][gc,cpu         ] GC(145) User=0.06s Sys=0.00s Real=0.02s
[2493.041s][info ][safepoint      ] Safepoint "ParallelGCFailedAllocation", Time since last: 3630814299 ns, Reaching safepoint: 34200 ns, At safepoint: 16284601 ns, Total: 16318801 ns
[2494.041s][info ][safepoint      ] Safepoint "Cleanup", Time since last: 1000088727 ns, Reaching safepoint: 50101 ns, At safepoint: 7700 ns, Total: 57801 ns
[2500.041s][info ][safepoint      ] Safepoint "Cleanup", Time since last: 6000447570 ns, Reaching safepoint: 66501 ns, At safepoint: 8600 ns, Total: 75101 ns
[2501.041s][info ][safepoint      ] Safepoint "Cleanup", Time since last: 1000110430 ns, Reaching safepoint: 53001 ns, At safepoint: 2600 ns, Total: 55601 ns
[2502.180s][info ][safepoint      ] Safepoint "Cleanup", Time since last: 1138896787 ns, Reaching safepoint: 152103 ns, At safepoint: 7700 ns, Total: 159803 ns
[2504.181s][info ][safepoint      ] Safepoint "Cleanup", Time since last: 2000178460 ns, Reaching safepoint: 131603 ns, At safepoint: 8800 ns, Total: 140403 ns
[2509.181s][info ][safepoint      ] Safepoint "Cleanup", Time since last: 5000329553 ns, Reaching safepoint: 45601 ns, At safepoint: 10100 ns, Total: 55701 ns
[2516.182s][info ][safepoint      ] Safepoint "Cleanup", Time since last: 7000453624 ns, Reaching safepoint: 56301 ns, At safepoint: 5700 ns, Total: 62001 ns
[2535.183s][info ][safepoint      ] Safepoint "Cleanup", Time since last: 19001218569 ns, Reaching safepoint: 49701 ns, At safepoint: 3700 ns, Total: 53401 ns
[2538.183s][info ][safepoint      ] Safepoint "Cleanup", Time since last: 3000247015 ns, Reaching safepoint: 51401 ns, At safepoint: 8900 ns, Total: 60301 ns
[2551.681s][info ][safepoint      ] Safepoint "Cleanup", Time since last: 13498048786 ns, Reaching safepoint: 53400 ns, At safepoint: 7501 ns, Total: 60901 ns
[2553.682s][info ][safepoint      ] Safepoint "Cleanup", Time since last: 2000138883 ns, Reaching safepoint: 54001 ns, At safepoint: 3600 ns, Total: 57601 ns
[2558.682s][info ][safepoint      ] Safepoint "Cleanup", Time since last: 5000373213 ns, Reaching safepoint: 27201 ns, At safepoint: 3800 ns, Total: 31001 ns
[2574.683s][info ][safepoint      ] Safepoint "Cleanup", Time since last: 16001005117 ns, Reaching safepoint: 46900 ns, At safepoint: 9101 ns, Total: 56001 ns
[2579.017s][info ][gc,start       ] GC(146) Pause Young (Allocation Failure)
[2579.034s][debug][gc,phases      ] GC(146) Scavenge 16.543ms
[2579.034s][debug][gc,ref         ] GC(146) Skipped phase 1 of Reference Processing: no references
[2579.034s][debug][gc,ref         ] GC(146) ReferenceProcessor::execute queues: 1, RefProcThreadModel::Single, marks_oops_alive: false
[2579.034s][debug][gc,ref         ] GC(146) Skipped phase 3 of Reference Processing: no references
[2579.034s][debug][gc,ref         ] GC(146) ReferenceProcessor::execute queues: 1, RefProcThreadModel::Single, marks_oops_alive: false
[2579.034s][debug][gc,phases      ] GC(146) Reference Processing 0.159ms
[2579.034s][debug][gc,phases      ] GC(146)   VM Weak                        Min:  0.0, Avg:  0.0, Max:  0.0, Diff:  0.0, Sum:  0.0, Workers: 4
[2579.034s][debug][gc,phases      ] GC(146)     Dead                           Min: 0, Avg:  0.0, Max: 0, Diff: 0, Sum: 0, Workers: 4
[2579.034s][debug][gc,phases      ] GC(146)     Total                          Min: 0, Avg: 184.8, Max: 739, Diff: 739, Sum: 739, Workers: 4
[2579.034s][debug][gc,phases      ] GC(146)   ObjectSynchronizer Weak        Min:  0.0, Avg:  0.0, Max:  0.0, Diff:  0.0, Sum:  0.0, Workers: 4
[2579.034s][debug][gc,phases      ] GC(146)     Dead                           Min: 0, Avg:  0.0, Max: 0, Diff: 0, Sum: 0, Workers: 4
[2579.034s][debug][gc,phases      ] GC(146)     Total                          Min: 0, Avg: 99.5, Max: 256, Diff: 256, Sum: 398, Workers: 4
[2579.034s][debug][gc,phases      ] GC(146)   JVMTI Tag Weak OopStorage      Min:  0.0, Avg:  0.0, Max:  0.0, Diff:  0.0, Sum:  0.0, Workers: 4
[2579.034s][debug][gc,phases      ] GC(146)     Dead                           Min: 0, Avg:  0.0, Max: 0, Diff: 0, Sum: 0, Workers: 4
[2579.034s][debug][gc,phases      ] GC(146)     Total                          Min: 0, Avg:  0.0, Max: 0, Diff: 0, Sum: 0, Workers: 4
[2579.034s][debug][gc,phases      ] GC(146)   StringTable Weak               Min:  0.1, Avg:  0.1, Max:  0.1, Diff:  0.0, Sum:  0.5, Workers: 4
[2579.034s][debug][gc,phases      ] GC(146)     Dead                           Min: 0, Avg:  0.0, Max: 0, Diff: 0, Sum: 0, Workers: 4
[2579.034s][debug][gc,phases      ] GC(146)     Total                          Min: 11456, Avg: 12171.2, Max: 12736, Diff: 1280, Sum: 48685, Workers: 4
[2579.034s][debug][gc,phases      ] GC(146)   ResolvedMethodTable Weak       Min:  0.0, Avg:  0.0, Max:  0.0, Diff:  0.0, Sum:  0.1, Workers: 4
[2579.034s][debug][gc,phases      ] GC(146)     Dead                           Min: 0, Avg:  0.0, Max: 0, Diff: 0, Sum: 0, Workers: 4
[2579.034s][debug][gc,phases      ] GC(146)     Total                          Min: 2048, Avg: 2126.8, Max: 2304, Diff: 256, Sum: 8507, Workers: 4
[2579.034s][debug][gc,phases      ] GC(146)   JNI Weak                       Min:  0.0, Avg:  0.0, Max:  0.0, Diff:  0.0, Sum:  0.0, Workers: 4
[2579.034s][debug][gc,phases      ] GC(146)     Dead                           Min: 0, Avg:  0.0, Max: 0, Diff: 0, Sum: 0, Workers: 4
[2579.034s][debug][gc,phases      ] GC(146)     Total                          Min: 0, Avg:  0.0, Max: 0, Diff: 0, Sum: 0, Workers: 4
[2579.034s][debug][gc,phases      ] GC(146)   StringDedup Table Weak         Min:  0.0, Avg:  0.0, Max:  0.0, Diff:  0.0, Sum:  0.0, Workers: 4
[2579.034s][debug][gc,phases      ] GC(146)     Dead                           Min: 0, Avg:  0.0, Max: 0, Diff: 0, Sum: 0, Workers: 4
[2579.034s][debug][gc,phases      ] GC(146)     Total                          Min: 0, Avg:  0.0, Max: 0, Diff: 0, Sum: 0, Workers: 4
[2579.034s][debug][gc,phases      ] GC(146)   StringDedup Requests0 Weak     Min:  0.0, Avg:  0.0, Max:  0.0, Diff:  0.0, Sum:  0.0, Workers: 4
[2579.034s][debug][gc,phases      ] GC(146)     Dead                           Min: 0, Avg:  0.0, Max: 0, Diff: 0, Sum: 0, Workers: 4
[2579.034s][debug][gc,phases      ] GC(146)     Total                          Min: 0, Avg:  0.0, Max: 0, Diff: 0, Sum: 0, Workers: 4
[2579.034s][debug][gc,phases      ] GC(146)   StringDedup Requests1 Weak     Min:  0.0, Avg:  0.0, Max:  0.0, Diff:  0.0, Sum:  0.0, Workers: 4
[2579.034s][debug][gc,phases      ] GC(146)     Dead                           Min: 0, Avg:  0.0, Max: 0, Diff: 0, Sum: 0, Workers: 4
[2579.034s][debug][gc,phases      ] GC(146)     Total                          Min: 0, Avg:  0.0, Max: 0, Diff: 0, Sum: 0, Workers: 4
[2579.034s][debug][gc,phases      ] GC(146)   Weak JFR Old Object Samples    Min:  0.0, Avg:  0.0, Max:  0.0, Diff:  0.0, Sum:  0.0, Workers: 4
[2579.034s][debug][gc,phases      ] GC(146)     Dead                           Min: 0, Avg:  0.0, Max: 0, Diff: 0, Sum: 0, Workers: 4
[2579.034s][debug][gc,phases      ] GC(146)     Total                          Min: 0, Avg:  0.0, Max: 0, Diff: 0, Sum: 0, Workers: 4
[2579.034s][debug][gc,phases      ] GC(146) Weak Processing 0.355ms
[2579.034s][debug][gc,age         ] GC(146) Desired survivor size 120586240 bytes, new threshold 15 (max threshold 15)
[2579.034s][info ][gc,heap        ] GC(146) PSYoungGen: 1913760K(1971200K)->64976K(1979392K) Eden: 1848320K(1848320K)->0K(1859072K) From: 65440K(122880K)->64976K(120320K)
[2579.034s][info ][gc,heap        ] GC(146) ParOldGen: 585038K(643072K)->585470K(643072K)
[2579.034s][info ][gc,metaspace   ] GC(146) Metaspace: 85325K(86272K)->85325K(86272K) NonClass: 73453K(73984K)->73453K(73984K) Class: 11871K(12288K)->11871K(12288K)
[2579.034s][info ][gc             ] GC(146) Pause Young (Allocation Failure) 2440M->635M(2561M) 17.205ms
[2579.034s][info ][gc,cpu         ] GC(146) User=0.07s Sys=0.00s Real=0.02s
[2579.034s][info ][safepoint      ] Safepoint "ParallelGCFailedAllocation", Time since last: 4333917943 ns, Reaching safepoint: 46101 ns, At safepoint: 17296719 ns, Total: 17342820 ns
[2592.035s][info ][safepoint      ] Safepoint "Cleanup", Time since last: 13000865837 ns, Reaching safepoint: 55901 ns, At safepoint: 6500 ns, Total: 62401 ns
[2594.035s][info ][safepoint      ] Safepoint "Cleanup", Time since last: 2000179002 ns, Reaching safepoint: 49401 ns, At safepoint: 3200 ns, Total: 52601 ns
[2595.036s][info ][safepoint      ] Safepoint "Cleanup", Time since last: 1000103052 ns, Reaching safepoint: 50601 ns, At safepoint: 2700 ns, Total: 53301 ns
[2597.036s][info ][safepoint      ] Safepoint "Cleanup", Time since last: 2000150103 ns, Reaching safepoint: 42001 ns, At safepoint: 2800 ns, Total: 44801 ns
[2599.036s][info ][safepoint      ] Safepoint "Cleanup", Time since last: 2000175804 ns, Reaching safepoint: 50701 ns, At safepoint: 7400 ns, Total: 58101 ns
[2611.037s][info ][safepoint      ] Safepoint "Cleanup", Time since last: 12000706236 ns, Reaching safepoint: 62502 ns, At safepoint: 10600 ns, Total: 73102 ns
[2615.037s][info ][safepoint      ] Safepoint "Cleanup", Time since last: 4000260119 ns, Reaching safepoint: 48201 ns, At safepoint: 5000 ns, Total: 53201 ns
[2618.037s][info ][safepoint      ] Safepoint "Cleanup", Time since last: 3000246568 ns, Reaching safepoint: 59401 ns, At safepoint: 20900 ns, Total: 80301 ns
[2623.038s][info ][safepoint      ] Safepoint "Cleanup", Time since last: 5000367483 ns, Reaching safepoint: 54401 ns, At safepoint: 8200 ns, Total: 62601 ns
[2628.038s][info ][safepoint      ] Safepoint "Cleanup", Time since last: 5000381787 ns, Reaching safepoint: 57402 ns, At safepoint: 4400 ns, Total: 61802 ns
[2631.039s][info ][safepoint      ] Safepoint "Cleanup", Time since last: 3000243875 ns, Reaching safepoint: 45701 ns, At safepoint: 3100 ns, Total: 48801 ns
[2635.039s][info ][safepoint      ] Safepoint "Cleanup", Time since last: 4000339637 ns, Reaching safepoint: 49501 ns, At safepoint: 6300 ns, Total: 55801 ns
[2647.040s][info ][safepoint      ] Safepoint "Cleanup", Time since last: 12000824525 ns, Reaching safepoint: 48801 ns, At safepoint: 7701 ns, Total: 56502 ns
[2651.040s][info ][safepoint      ] Safepoint "Cleanup", Time since last: 4000310448 ns, Reaching safepoint: 49401 ns, At safepoint: 2900 ns, Total: 52301 ns
[2656.041s][info ][safepoint      ] Safepoint "Cleanup", Time since last: 5000375015 ns, Reaching safepoint: 49101 ns, At safepoint: 8700 ns, Total: 57801 ns
[2663.041s][info ][safepoint      ] Safepoint "Cleanup", Time since last: 7000424447 ns, Reaching safepoint: 48301 ns, At safepoint: 6100 ns, Total: 54401 ns
[2664.041s][info ][safepoint      ] Safepoint "Cleanup", Time since last: 1000110766 ns, Reaching safepoint: 55901 ns, At safepoint: 3600 ns, Total: 59501 ns
[2664.117s][info ][gc,start       ] GC(147) Pause Young (Allocation Failure)
[2664.138s][debug][gc,phases      ] GC(147) Scavenge 20.968ms
[2664.138s][debug][gc,ref         ] GC(147) Skipped phase 1 of Reference Processing: no references
[2664.138s][debug][gc,ref         ] GC(147) ReferenceProcessor::execute queues: 1, RefProcThreadModel::Single, marks_oops_alive: false
[2664.138s][debug][gc,ref         ] GC(147) Skipped phase 3 of Reference Processing: no references
[2664.138s][debug][gc,ref         ] GC(147) ReferenceProcessor::execute queues: 1, RefProcThreadModel::Single, marks_oops_alive: false
[2664.138s][debug][gc,phases      ] GC(147) Reference Processing 0.169ms
[2664.138s][debug][gc,phases      ] GC(147)   VM Weak                        Min:  0.0, Avg:  0.0, Max:  0.0, Diff:  0.0, Sum:  0.0, Workers: 4
[2664.138s][debug][gc,phases      ] GC(147)     Dead                           Min: 0, Avg:  0.0, Max: 0, Diff: 0, Sum: 0, Workers: 4
[2664.138s][debug][gc,phases      ] GC(147)     Total                          Min: 0, Avg: 184.8, Max: 739, Diff: 739, Sum: 739, Workers: 4
[2664.138s][debug][gc,phases      ] GC(147)   ObjectSynchronizer Weak        Min:  0.0, Avg:  0.0, Max:  0.0, Diff:  0.0, Sum:  0.0, Workers: 4
[2664.138s][debug][gc,phases      ] GC(147)     Dead                           Min: 0, Avg:  0.0, Max: 0, Diff: 0, Sum: 0, Workers: 4
[2664.138s][debug][gc,phases      ] GC(147)     Total                          Min: 64, Avg: 99.5, Max: 128, Diff: 64, Sum: 398, Workers: 4
[2664.138s][debug][gc,phases      ] GC(147)   JVMTI Tag Weak OopStorage      Min:  0.0, Avg:  0.0, Max:  0.0, Diff:  0.0, Sum:  0.0, Workers: 4
[2664.138s][debug][gc,phases      ] GC(147)     Dead                           Min: 0, Avg:  0.0, Max: 0, Diff: 0, Sum: 0, Workers: 4
[2664.138s][debug][gc,phases      ] GC(147)     Total                          Min: 0, Avg:  0.0, Max: 0, Diff: 0, Sum: 0, Workers: 4
[2664.138s][debug][gc,phases      ] GC(147)   StringTable Weak               Min:  0.1, Avg:  0.1, Max:  0.1, Diff:  0.0, Sum:  0.5, Workers: 4
[2664.138s][debug][gc,phases      ] GC(147)     Dead                           Min: 0, Avg:  0.0, Max: 0, Diff: 0, Sum: 0, Workers: 4
[2664.138s][debug][gc,phases      ] GC(147)     Total                          Min: 11375, Avg: 12171.8, Max: 13120, Diff: 1745, Sum: 48687, Workers: 4
[2664.138s][debug][gc,phases      ] GC(147)   ResolvedMethodTable Weak       Min:  0.0, Avg:  0.0, Max:  0.0, Diff:  0.0, Sum:  0.1, Workers: 4
[2664.138s][debug][gc,phases      ] GC(147)     Dead                           Min: 0, Avg:  0.0, Max: 0, Diff: 0, Sum: 0, Workers: 4
[2664.138s][debug][gc,phases      ] GC(147)     Total                          Min: 2043, Avg: 2126.8, Max: 2304, Diff: 261, Sum: 8507, Workers: 4
[2664.138s][debug][gc,phases      ] GC(147)   JNI Weak                       Min:  0.0, Avg:  0.0, Max:  0.0, Diff:  0.0, Sum:  0.0, Workers: 4
[2664.138s][debug][gc,phases      ] GC(147)     Dead                           Min: 0, Avg:  0.0, Max: 0, Diff: 0, Sum: 0, Workers: 4
[2664.138s][debug][gc,phases      ] GC(147)     Total                          Min: 0, Avg:  0.0, Max: 0, Diff: 0, Sum: 0, Workers: 4
[2664.138s][debug][gc,phases      ] GC(147)   StringDedup Table Weak         Min:  0.0, Avg:  0.0, Max:  0.0, Diff:  0.0, Sum:  0.0, Workers: 4
[2664.138s][debug][gc,phases      ] GC(147)     Dead                           Min: 0, Avg:  0.0, Max: 0, Diff: 0, Sum: 0, Workers: 4
[2664.138s][debug][gc,phases      ] GC(147)     Total                          Min: 0, Avg:  0.0, Max: 0, Diff: 0, Sum: 0, Workers: 4
[2664.138s][debug][gc,phases      ] GC(147)   StringDedup Requests0 Weak     Min:  0.0, Avg:  0.0, Max:  0.0, Diff:  0.0, Sum:  0.0, Workers: 4
[2664.138s][debug][gc,phases      ] GC(147)     Dead                           Min: 0, Avg:  0.0, Max: 0, Diff: 0, Sum: 0, Workers: 4
[2664.138s][debug][gc,phases      ] GC(147)     Total                          Min: 0, Avg:  0.0, Max: 0, Diff: 0, Sum: 0, Workers: 4
[2664.138s][debug][gc,phases      ] GC(147)   StringDedup Requests1 Weak     Min:  0.0, Avg:  0.0, Max:  0.0, Diff:  0.0, Sum:  0.0, Workers: 4
[2664.138s][debug][gc,phases      ] GC(147)     Dead                           Min: 0, Avg:  0.0, Max: 0, Diff: 0, Sum: 0, Workers: 4
[2664.138s][debug][gc,phases      ] GC(147)     Total                          Min: 0, Avg:  0.0, Max: 0, Diff: 0, Sum: 0, Workers: 4
[2664.138s][debug][gc,phases      ] GC(147)   Weak JFR Old Object Samples    Min:  0.0, Avg:  0.0, Max:  0.0, Diff:  0.0, Sum:  0.0, Workers: 4
[2664.138s][debug][gc,phases      ] GC(147)     Dead                           Min: 0, Avg:  0.0, Max: 0, Diff: 0, Sum: 0, Workers: 4
[2664.138s][debug][gc,phases      ] GC(147)     Total                          Min: 0, Avg:  0.0, Max: 0, Diff: 0, Sum: 0, Workers: 4
[2664.138s][debug][gc,phases      ] GC(147) Weak Processing 0.344ms
[2664.138s][debug][gc,age         ] GC(147) Desired survivor size 123207680 bytes, new threshold 15 (max threshold 15)
[2664.138s][info ][gc,heap        ] GC(147) PSYoungGen: 1924048K(1979392K)->33936K(1976832K) Eden: 1859072K(1859072K)->0K(1859072K) From: 64976K(120320K)->33936K(117760K)
[2664.138s][info ][gc,heap        ] GC(147) ParOldGen: 585470K(643072K)->619262K(643072K)
[2664.138s][info ][gc,metaspace   ] GC(147) Metaspace: 85332K(86272K)->85332K(86272K) NonClass: 73460K(73984K)->73460K(73984K) Class: 11872K(12288K)->11872K(12288K)
[2664.138s][info ][gc             ] GC(147) Pause Young (Allocation Failure) 2450M->637M(2558M) 21.621ms
[2664.138s][info ][gc,cpu         ] GC(147) User=0.07s Sys=0.01s Real=0.03s
[2664.139s][info ][safepoint      ] Safepoint "ParallelGCFailedAllocation", Time since last: 75505194 ns, Reaching safepoint: 36601 ns, At safepoint: 21712101 ns, Total: 21748702 ns
[2670.139s][info ][safepoint      ] Safepoint "Cleanup", Time since last: 6000448893 ns, Reaching safepoint: 53201 ns, At safepoint: 5400 ns, Total: 58601 ns
[2671.139s][info ][safepoint      ] Safepoint "Cleanup", Time since last: 1000118167 ns, Reaching safepoint: 44301 ns, At safepoint: 4200 ns, Total: 48501 ns
[2683.140s][info ][safepoint      ] Safepoint "Cleanup", Time since last: 12000780406 ns, Reaching safepoint: 80502 ns, At safepoint: 3300 ns, Total: 83802 ns
[2684.140s][info ][safepoint      ] Safepoint "Cleanup", Time since last: 1000122069 ns, Reaching safepoint: 44401 ns, At safepoint: 3300 ns, Total: 47701 ns
[2685.140s][info ][safepoint      ] Safepoint "Cleanup", Time since last: 1000110569 ns, Reaching safepoint: 49501 ns, At safepoint: 12201 ns, Total: 61702 ns
[2692.141s][info ][safepoint      ] Safepoint "Cleanup", Time since last: 7000500285 ns, Reaching safepoint: 55501 ns, At safepoint: 3200 ns, Total: 58701 ns
[2694.141s][info ][safepoint      ] Safepoint "Cleanup", Time since last: 2000179641 ns, Reaching safepoint: 48701 ns, At safepoint: 37801 ns, Total: 86502 ns
[2697.142s][info ][safepoint      ] Safepoint "Cleanup", Time since last: 3000227712 ns, Reaching safepoint: 51001 ns, At safepoint: 8600 ns, Total: 59601 ns
[2702.142s][info ][safepoint      ] Safepoint "Cleanup", Time since last: 5000379957 ns, Reaching safepoint: 54701 ns, At safepoint: 6600 ns, Total: 61301 ns
[2705.142s][info ][safepoint      ] Safepoint "Cleanup", Time since last: 3000258017 ns, Reaching safepoint: 45801 ns, At safepoint: 11200 ns, Total: 57001 ns
[2712.143s][info ][safepoint      ] Safepoint "Cleanup", Time since last: 7000492610 ns, Reaching safepoint: 51901 ns, At safepoint: 10000 ns, Total: 61901 ns
[2713.143s][info ][safepoint      ] Safepoint "Cleanup", Time since last: 1000113974 ns, Reaching safepoint: 54101 ns, At safepoint: 6300 ns, Total: 60401 ns
[2714.143s][info ][safepoint      ] Safepoint "Cleanup", Time since last: 1000113275 ns, Reaching safepoint: 120102 ns, At safepoint: 13400 ns, Total: 133502 ns
[2715.143s][info ][safepoint      ] Safepoint "Cleanup", Time since last: 1000120575 ns, Reaching safepoint: 55001 ns, At safepoint: 4100 ns, Total: 59101 ns
[2718.144s][info ][safepoint      ] Safepoint "Cleanup", Time since last: 3000244523 ns, Reaching safepoint: 50901 ns, At safepoint: 4200 ns, Total: 55101 ns
[2720.144s][info ][safepoint      ] Safepoint "Cleanup", Time since last: 2000184750 ns, Reaching safepoint: 49801 ns, At safepoint: 3400 ns, Total: 53201 ns
[2723.144s][info ][safepoint      ] Safepoint "Cleanup", Time since last: 3000215626 ns, Reaching safepoint: 50500 ns, At safepoint: 5801 ns, Total: 56301 ns
[2725.144s][info ][safepoint      ] Safepoint "Cleanup", Time since last: 2000131150 ns, Reaching safepoint: 50601 ns, At safepoint: 3300 ns, Total: 53901 ns
[2726.145s][info ][safepoint      ] Safepoint "Cleanup", Time since last: 1000114477 ns, Reaching safepoint: 31100 ns, At safepoint: 3200 ns, Total: 34300 ns
[2730.145s][info ][safepoint      ] Safepoint "Cleanup", Time since last: 4000315405 ns, Reaching safepoint: 55601 ns, At safepoint: 11801 ns, Total: 67402 ns
[2735.145s][info ][safepoint      ] Safepoint "Cleanup", Time since last: 5000366984 ns, Reaching safepoint: 50701 ns, At safepoint: 5500 ns, Total: 56201 ns
[2746.146s][info ][safepoint      ] Safepoint "Cleanup", Time since last: 11000794060 ns, Reaching safepoint: 53301 ns, At safepoint: 10900 ns, Total: 64201 ns
[2750.147s][info ][safepoint      ] Safepoint "Cleanup", Time since last: 4000311118 ns, Reaching safepoint: 45101 ns, At safepoint: 2800 ns, Total: 47901 ns
[2751.147s][info ][safepoint      ] Safepoint "Cleanup", Time since last: 1000113580 ns, Reaching safepoint: 53001 ns, At safepoint: 3200 ns, Total: 56201 ns
[2752.147s][info ][safepoint      ] Safepoint "Cleanup", Time since last: 1000114381 ns, Reaching safepoint: 49701 ns, At safepoint: 7900 ns, Total: 57601 ns
[2753.147s][info ][safepoint      ] Safepoint "Cleanup", Time since last: 1000120381 ns, Reaching safepoint: 58201 ns, At safepoint: 6200 ns, Total: 64401 ns
[2753.279s][info ][gc,start       ] GC(148) Pause Young (Allocation Failure)
[2753.288s][debug][gc,phases      ] GC(148) Scavenge 8.736ms
[2753.288s][debug][gc,ref         ] GC(148) Skipped phase 1 of Reference Processing: no references
[2753.288s][debug][gc,ref         ] GC(148) ReferenceProcessor::execute queues: 1, RefProcThreadModel::Single, marks_oops_alive: false
[2753.288s][debug][gc,ref         ] GC(148) Skipped phase 3 of Reference Processing: no references
[2753.288s][debug][gc,ref         ] GC(148) ReferenceProcessor::execute queues: 1, RefProcThreadModel::Single, marks_oops_alive: false
[2753.288s][debug][gc,phases      ] GC(148) Reference Processing 0.169ms
[2753.288s][debug][gc,phases      ] GC(148)   VM Weak                        Min:  0.0, Avg:  0.0, Max:  0.0, Diff:  0.0, Sum:  0.0, Workers: 4
[2753.288s][debug][gc,phases      ] GC(148)     Dead                           Min: 0, Avg:  0.0, Max: 0, Diff: 0, Sum: 0, Workers: 4
[2753.288s][debug][gc,phases      ] GC(148)     Total                          Min: 0, Avg: 184.8, Max: 576, Diff: 576, Sum: 739, Workers: 4
[2753.288s][debug][gc,phases      ] GC(148)   ObjectSynchronizer Weak        Min:  0.0, Avg:  0.0, Max:  0.0, Diff:  0.0, Sum:  0.0, Workers: 4
[2753.288s][debug][gc,phases      ] GC(148)     Dead                           Min: 0, Avg:  0.0, Max: 0, Diff: 0, Sum: 0, Workers: 4
[2753.288s][debug][gc,phases      ] GC(148)     Total                          Min: 0, Avg: 99.5, Max: 192, Diff: 192, Sum: 398, Workers: 4
[2753.288s][debug][gc,phases      ] GC(148)   JVMTI Tag Weak OopStorage      Min:  0.0, Avg:  0.0, Max:  0.0, Diff:  0.0, Sum:  0.0, Workers: 4
[2753.288s][debug][gc,phases      ] GC(148)     Dead                           Min: 0, Avg:  0.0, Max: 0, Diff: 0, Sum: 0, Workers: 4
[2753.288s][debug][gc,phases      ] GC(148)     Total                          Min: 0, Avg:  0.0, Max: 0, Diff: 0, Sum: 0, Workers: 4
[2753.288s][debug][gc,phases      ] GC(148)   StringTable Weak               Min:  0.1, Avg:  0.1, Max:  0.1, Diff:  0.0, Sum:  0.5, Workers: 4
[2753.288s][debug][gc,phases      ] GC(148)     Dead                           Min: 0, Avg:  0.0, Max: 0, Diff: 0, Sum: 0, Workers: 4
[2753.288s][debug][gc,phases      ] GC(148)     Total                          Min: 11968, Avg: 12203.5, Max: 12462, Diff: 494, Sum: 48814, Workers: 4
[2753.288s][debug][gc,phases      ] GC(148)   ResolvedMethodTable Weak       Min:  0.0, Avg:  0.0, Max:  0.0, Diff:  0.0, Sum:  0.1, Workers: 4
[2753.288s][debug][gc,phases      ] GC(148)     Dead                           Min: 0, Avg:  0.0, Max: 0, Diff: 0, Sum: 0, Workers: 4
[2753.288s][debug][gc,phases      ] GC(148)     Total                          Min: 1979, Avg: 2126.8, Max: 2368, Diff: 389, Sum: 8507, Workers: 4
[2753.288s][debug][gc,phases      ] GC(148)   JNI Weak                       Min:  0.0, Avg:  0.0, Max:  0.0, Diff:  0.0, Sum:  0.0, Workers: 4
[2753.288s][debug][gc,phases      ] GC(148)     Dead                           Min: 0, Avg:  0.0, Max: 0, Diff: 0, Sum: 0, Workers: 4
[2753.288s][debug][gc,phases      ] GC(148)     Total                          Min: 0, Avg:  0.0, Max: 0, Diff: 0, Sum: 0, Workers: 4
[2753.288s][debug][gc,phases      ] GC(148)   StringDedup Table Weak         Min:  0.0, Avg:  0.0, Max:  0.0, Diff:  0.0, Sum:  0.0, Workers: 4
[2753.288s][debug][gc,phases      ] GC(148)     Dead                           Min: 0, Avg:  0.0, Max: 0, Diff: 0, Sum: 0, Workers: 4
[2753.288s][debug][gc,phases      ] GC(148)     Total                          Min: 0, Avg:  0.0, Max: 0, Diff: 0, Sum: 0, Workers: 4
[2753.288s][debug][gc,phases      ] GC(148)   StringDedup Requests0 Weak     Min:  0.0, Avg:  0.0, Max:  0.0, Diff:  0.0, Sum:  0.0, Workers: 4
[2753.288s][debug][gc,phases      ] GC(148)     Dead                           Min: 0, Avg:  0.0, Max: 0, Diff: 0, Sum: 0, Workers: 4
[2753.288s][debug][gc,phases      ] GC(148)     Total                          Min: 0, Avg:  0.0, Max: 0, Diff: 0, Sum: 0, Workers: 4
[2753.288s][debug][gc,phases      ] GC(148)   StringDedup Requests1 Weak     Min:  0.0, Avg:  0.0, Max:  0.0, Diff:  0.0, Sum:  0.0, Workers: 4
[2753.288s][debug][gc,phases      ] GC(148)     Dead                           Min: 0, Avg:  0.0, Max: 0, Diff: 0, Sum: 0, Workers: 4
[2753.288s][debug][gc,phases      ] GC(148)     Total                          Min: 0, Avg:  0.0, Max: 0, Diff: 0, Sum: 0, Workers: 4
[2753.288s][debug][gc,phases      ] GC(148)   Weak JFR Old Object Samples    Min:  0.0, Avg:  0.0, Max:  0.0, Diff:  0.0, Sum:  0.0, Workers: 4
[2753.288s][debug][gc,phases      ] GC(148)     Dead                           Min: 0, Avg:  0.0, Max: 0, Diff: 0, Sum: 0, Workers: 4
[2753.288s][debug][gc,phases      ] GC(148)     Total                          Min: 0, Avg:  0.0, Max: 0, Diff: 0, Sum: 0, Workers: 4
[2753.288s][debug][gc,phases      ] GC(148) Weak Processing 0.353ms
[2753.288s][debug][gc,age         ] GC(148) Desired survivor size 124256256 bytes, new threshold 15 (max threshold 15)
[2753.288s][info ][gc,heap        ] GC(148) PSYoungGen: 1893008K(1976832K)->33600K(1974784K) Eden: 1859072K(1859072K)->0K(1854464K) From: 33936K(117760K)->33600K(120320K)
[2753.288s][info ][gc,heap        ] GC(148) ParOldGen: 619262K(643072K)->619858K(643072K)
[2753.288s][info ][gc,metaspace   ] GC(148) Metaspace: 85377K(86272K)->85377K(86272K) NonClass: 73505K(73984K)->73505K(73984K) Class: 11872K(12288K)->11872K(12288K)
[2753.288s][info ][gc             ] GC(148) Pause Young (Allocation Failure) 2453M->638M(2556M) 9.407ms
[2753.288s][info ][gc,cpu         ] GC(148) User=0.03s Sys=0.00s Real=0.00s
[2753.288s][info ][safepoint      ] Safepoint "ParallelGCFailedAllocation", Time since last: 131544031 ns, Reaching safepoint: 30200 ns, At safepoint: 9485776 ns, Total: 9515976 ns
[2755.288s][info ][safepoint      ] Safepoint "Cleanup", Time since last: 2000155061 ns, Reaching safepoint: 47800 ns, At safepoint: 3901 ns, Total: 51701 ns
[2756.289s][info ][safepoint      ] Safepoint "Cleanup", Time since last: 1000114881 ns, Reaching safepoint: 50901 ns, At safepoint: 3900 ns, Total: 54801 ns
[2757.289s][info ][safepoint      ] Safepoint "Cleanup", Time since last: 1000098681 ns, Reaching safepoint: 43501 ns, At safepoint: 8600 ns, Total: 52101 ns
[2758.289s][info ][safepoint      ] Safepoint "Cleanup", Time since last: 1000109782 ns, Reaching safepoint: 57601 ns, At safepoint: 11300 ns, Total: 68901 ns
[2761.289s][info ][safepoint      ] Safepoint "Cleanup", Time since last: 3000222643 ns, Reaching safepoint: 49501 ns, At safepoint: 10601 ns, Total: 60102 ns
[2762.289s][info ][safepoint      ] Safepoint "Cleanup", Time since last: 1000115582 ns, Reaching safepoint: 52301 ns, At safepoint: 6800 ns, Total: 59101 ns
[2763.290s][info ][safepoint      ] Safepoint "Cleanup", Time since last: 1000105682 ns, Reaching safepoint: 49801 ns, At safepoint: 6000 ns, Total: 55801 ns
[2766.290s][info ][safepoint      ] Safepoint "Cleanup", Time since last: 3000250147 ns, Reaching safepoint: 49201 ns, At safepoint: 7700 ns, Total: 56901 ns
[2768.290s][info ][safepoint      ] Safepoint "Cleanup", Time since last: 2000145364 ns, Reaching safepoint: 46101 ns, At safepoint: 2700 ns, Total: 48801 ns
[2775.291s][info ][safepoint      ] Safepoint "Cleanup", Time since last: 7000430480 ns, Reaching safepoint: 59101 ns, At safepoint: 4500 ns, Total: 63601 ns
[2782.291s][info ][safepoint      ] Safepoint "Cleanup", Time since last: 7000465788 ns, Reaching safepoint: 53501 ns, At safepoint: 13100 ns, Total: 66601 ns
[2785.291s][info ][safepoint      ] Safepoint "Cleanup", Time since last: 3000248155 ns, Reaching safepoint: 53701 ns, At safepoint: 9200 ns, Total: 62901 ns
[2794.292s][info ][safepoint      ] Safepoint "Cleanup", Time since last: 9000596770 ns, Reaching safepoint: 47301 ns, At safepoint: 4400 ns, Total: 51701 ns
[2797.292s][info ][safepoint      ] Safepoint "Cleanup", Time since last: 3000242860 ns, Reaching safepoint: 54701 ns, At safepoint: 6000 ns, Total: 60701 ns
[2802.293s][info ][safepoint      ] Safepoint "Cleanup", Time since last: 5000367436 ns, Reaching safepoint: 56401 ns, At safepoint: 9000 ns, Total: 65401 ns
[2803.293s][info ][safepoint      ] Safepoint "Cleanup", Time since last: 1000108388 ns, Reaching safepoint: 44301 ns, At safepoint: 4400 ns, Total: 48701 ns
[2810.293s][info ][safepoint      ] Safepoint "Cleanup", Time since last: 7000515317 ns, Reaching safepoint: 49401 ns, At safepoint: 6800 ns, Total: 56201 ns
[2816.294s][info ][safepoint      ] Safepoint "Cleanup", Time since last: 6000439934 ns, Reaching safepoint: 50801 ns, At safepoint: 32400 ns, Total: 83201 ns
[2818.294s][info ][safepoint      ] Safepoint "Cleanup", Time since last: 2000165880 ns, Reaching safepoint: 48601 ns, At safepoint: 2900 ns, Total: 51501 ns
[2820.294s][info ][safepoint      ] Safepoint "Cleanup", Time since last: 2000153080 ns, Reaching safepoint: 44400 ns, At safepoint: 2701 ns, Total: 47101 ns
[2827.295s][info ][safepoint      ] Safepoint "Cleanup", Time since last: 7000463832 ns, Reaching safepoint: 53701 ns, At safepoint: 5200 ns, Total: 58901 ns
[2836.296s][info ][safepoint      ] Safepoint "Cleanup", Time since last: 9000579222 ns, Reaching safepoint: 51801 ns, At safepoint: 8700 ns, Total: 60501 ns
[2842.531s][info ][gc,start       ] GC(149) Pause Young (Allocation Failure)
[2842.542s][debug][gc,phases      ] GC(149) Scavenge 11.018ms
[2842.542s][debug][gc,ref         ] GC(149) Skipped phase 1 of Reference Processing: no references
[2842.542s][debug][gc,ref         ] GC(149) ReferenceProcessor::execute queues: 1, RefProcThreadModel::Single, marks_oops_alive: false
[2842.543s][debug][gc,ref         ] GC(149) Skipped phase 3 of Reference Processing: no references
[2842.543s][debug][gc,ref         ] GC(149) ReferenceProcessor::execute queues: 1, RefProcThreadModel::Single, marks_oops_alive: false
[2842.543s][debug][gc,phases      ] GC(149) Reference Processing 0.174ms
[2842.543s][debug][gc,phases      ] GC(149)   VM Weak                        Min:  0.0, Avg:  0.0, Max:  0.0, Diff:  0.0, Sum:  0.0, Workers: 4
[2842.543s][debug][gc,phases      ] GC(149)     Dead                           Min: 0, Avg:  0.0, Max: 0, Diff: 0, Sum: 0, Workers: 4
[2842.543s][debug][gc,phases      ] GC(149)     Total                          Min: 0, Avg: 184.8, Max: 384, Diff: 384, Sum: 739, Workers: 4
[2842.543s][debug][gc,phases      ] GC(149)   ObjectSynchronizer Weak        Min:  0.0, Avg:  0.0, Max:  0.0, Diff:  0.0, Sum:  0.0, Workers: 4
[2842.543s][debug][gc,phases      ] GC(149)     Dead                           Min: 0, Avg:  0.0, Max: 0, Diff: 0, Sum: 0, Workers: 4
[2842.543s][debug][gc,phases      ] GC(149)     Total                          Min: 0, Avg: 99.5, Max: 192, Diff: 192, Sum: 398, Workers: 4
[2842.543s][debug][gc,phases      ] GC(149)   JVMTI Tag Weak OopStorage      Min:  0.0, Avg:  0.0, Max:  0.0, Diff:  0.0, Sum:  0.0, Workers: 4
[2842.543s][debug][gc,phases      ] GC(149)     Dead                           Min: 0, Avg:  0.0, Max: 0, Diff: 0, Sum: 0, Workers: 4
[2842.543s][debug][gc,phases      ] GC(149)     Total                          Min: 0, Avg:  0.0, Max: 0, Diff: 0, Sum: 0, Workers: 4
[2842.543s][debug][gc,phases      ] GC(149)   StringTable Weak               Min:  0.1, Avg:  0.1, Max:  0.1, Diff:  0.0, Sum:  0.5, Workers: 4
[2842.543s][debug][gc,phases      ] GC(149)     Dead                           Min: 0, Avg:  0.0, Max: 0, Diff: 0, Sum: 0, Workers: 4
[2842.543s][debug][gc,phases      ] GC(149)     Total                          Min: 11840, Avg: 12207.0, Max: 12732, Diff: 892, Sum: 48828, Workers: 4
[2842.543s][debug][gc,phases      ] GC(149)   ResolvedMethodTable Weak       Min:  0.0, Avg:  0.0, Max:  0.0, Diff:  0.0, Sum:  0.1, Workers: 4
[2842.543s][debug][gc,phases      ] GC(149)     Dead                           Min: 0, Avg:  0.0, Max: 0, Diff: 0, Sum: 0, Workers: 4
[2842.543s][debug][gc,phases      ] GC(149)     Total                          Min: 1981, Avg: 2127.2, Max: 2240, Diff: 259, Sum: 8509, Workers: 4
[2842.543s][debug][gc,phases      ] GC(149)   JNI Weak                       Min:  0.0, Avg:  0.0, Max:  0.0, Diff:  0.0, Sum:  0.0, Workers: 4
[2842.543s][debug][gc,phases      ] GC(149)     Dead                           Min: 0, Avg:  0.0, Max: 0, Diff: 0, Sum: 0, Workers: 4
[2842.543s][debug][gc,phases      ] GC(149)     Total                          Min: 0, Avg:  0.0, Max: 0, Diff: 0, Sum: 0, Workers: 4
[2842.543s][debug][gc,phases      ] GC(149)   StringDedup Table Weak         Min:  0.0, Avg:  0.0, Max:  0.0, Diff:  0.0, Sum:  0.0, Workers: 4
[2842.543s][debug][gc,phases      ] GC(149)     Dead                           Min: 0, Avg:  0.0, Max: 0, Diff: 0, Sum: 0, Workers: 4
[2842.543s][debug][gc,phases      ] GC(149)     Total                          Min: 0, Avg:  0.0, Max: 0, Diff: 0, Sum: 0, Workers: 4
[2842.543s][debug][gc,phases      ] GC(149)   StringDedup Requests0 Weak     Min:  0.0, Avg:  0.0, Max:  0.0, Diff:  0.0, Sum:  0.0, Workers: 4
[2842.543s][debug][gc,phases      ] GC(149)     Dead                           Min: 0, Avg:  0.0, Max: 0, Diff: 0, Sum: 0, Workers: 4
[2842.543s][debug][gc,phases      ] GC(149)     Total                          Min: 0, Avg:  0.0, Max: 0, Diff: 0, Sum: 0, Workers: 4
[2842.543s][debug][gc,phases      ] GC(149)   StringDedup Requests1 Weak     Min:  0.0, Avg:  0.0, Max:  0.0, Diff:  0.0, Sum:  0.0, Workers: 4
[2842.543s][debug][gc,phases      ] GC(149)     Dead                           Min: 0, Avg:  0.0, Max: 0, Diff: 0, Sum: 0, Workers: 4
[2842.543s][debug][gc,phases      ] GC(149)     Total                          Min: 0, Avg:  0.0, Max: 0, Diff: 0, Sum: 0, Workers: 4
[2842.543s][debug][gc,phases      ] GC(149)   Weak JFR Old Object Samples    Min:  0.0, Avg:  0.0, Max:  0.0, Diff:  0.0, Sum:  0.0, Workers: 4
[2842.543s][debug][gc,phases      ] GC(149)     Dead                           Min: 0, Avg:  0.0, Max: 0, Diff: 0, Sum: 0, Workers: 4
[2842.543s][debug][gc,phases      ] GC(149)     Total                          Min: 0, Avg:  0.0, Max: 0, Diff: 0, Sum: 0, Workers: 4
[2842.543s][debug][gc,phases      ] GC(149) Weak Processing 0.336ms
[2842.543s][debug][gc,age         ] GC(149) Desired survivor size 127401984 bytes, new threshold 15 (max threshold 15)
[2842.543s][info ][gc,heap        ] GC(149) PSYoungGen: 1888064K(1974784K)->18160K(1872896K) Eden: 1854464K(1854464K)->0K(1854464K) From: 33600K(120320K)->18160K(18432K)
[2842.543s][info ][gc,heap        ] GC(149) ParOldGen: 619858K(643072K)->636998K(643072K)
[2842.543s][info ][gc,metaspace   ] GC(149) Metaspace: 85412K(86336K)->85412K(86336K) NonClass: 73540K(74048K)->73540K(74048K) Class: 11872K(12288K)->11872K(12288K)
[2842.543s][info ][gc             ] GC(149) Pause Young (Allocation Failure) 2449M->639M(2457M) 11.673ms
[2842.543s][info ][gc,cpu         ] GC(149) User=0.03s Sys=0.01s Real=0.01s
[2842.543s][debug][gc,phases      ] GC(150) Pre Compact 0.010ms
[2842.543s][info ][gc,start       ] GC(150) Pause Full (Ergonomics)
[2842.543s][info ][gc,phases,start] GC(150) Marking Phase
[2842.702s][debug][gc,phases      ] GC(150) Par Mark 158.745ms
[2842.702s][debug][gc,ref         ] GC(150) ReferenceProcessor::execute queues: 4, RefProcThreadModel::Multi, marks_oops_alive: true
[2842.703s][debug][gc,ref         ] GC(150) ReferenceProcessor::execute queues: 4, RefProcThreadModel::Multi, marks_oops_alive: false
[2842.703s][debug][gc,ref         ] GC(150) Skipped phase 3 of Reference Processing: no references
[2842.703s][debug][gc,ref         ] GC(150) ReferenceProcessor::execute queues: 1, RefProcThreadModel::Single, marks_oops_alive: false
[2842.703s][debug][gc,phases      ] GC(150) Reference Processing 1.159ms
[2842.703s][debug][gc,phases      ] GC(150)   VM Weak                        Min:  0.0, Avg:  0.0, Max:  0.0, Diff:  0.0, Sum:  0.0, Workers: 4
[2842.703s][debug][gc,phases      ] GC(150)     Dead                           Min: 0, Avg: 33.5, Max: 89, Diff: 89, Sum: 134, Workers: 4
[2842.703s][debug][gc,phases      ] GC(150)     Total                          Min: 0, Avg: 184.8, Max: 419, Diff: 419, Sum: 739, Workers: 4
[2842.703s][debug][gc,phases      ] GC(150)   ObjectSynchronizer Weak        Min:  0.0, Avg:  0.0, Max:  0.0, Diff:  0.0, Sum:  0.0, Workers: 4
[2842.703s][debug][gc,phases      ] GC(150)     Dead                           Min: 0, Avg:  0.0, Max: 0, Diff: 0, Sum: 0, Workers: 4
[2842.703s][debug][gc,phases      ] GC(150)     Total                          Min: 0, Avg: 99.5, Max: 142, Diff: 142, Sum: 398, Workers: 4
[2842.703s][debug][gc,phases      ] GC(150)   JVMTI Tag Weak OopStorage      Min:  0.0, Avg:  0.0, Max:  0.0, Diff:  0.0, Sum:  0.0, Workers: 4
[2842.703s][debug][gc,phases      ] GC(150)     Dead                           Min: 0, Avg:  0.0, Max: 0, Diff: 0, Sum: 0, Workers: 4
[2842.703s][debug][gc,phases      ] GC(150)     Total                          Min: 0, Avg:  0.0, Max: 0, Diff: 0, Sum: 0, Workers: 4
[2842.703s][debug][gc,phases      ] GC(150)   StringTable Weak               Min:  0.2, Avg:  0.2, Max:  0.2, Diff:  0.0, Sum:  0.7, Workers: 4
[2842.703s][debug][gc,phases      ] GC(150)     Dead                           Min: 192, Avg: 301.0, Max: 462, Diff: 270, Sum: 1204, Workers: 4
[2842.703s][debug][gc,phases      ] GC(150)     Total                          Min: 10556, Avg: 12207.0, Max: 14848, Diff: 4292, Sum: 48828, Workers: 4
[2842.703s][debug][gc,phases      ] GC(150)   ResolvedMethodTable Weak       Min:  0.0, Avg:  0.0, Max:  0.0, Diff:  0.0, Sum:  0.1, Workers: 4
[2842.703s][debug][gc,phases      ] GC(150)     Dead                           Min: 17, Avg: 29.8, Max: 43, Diff: 26, Sum: 119, Workers: 4
[2842.703s][debug][gc,phases      ] GC(150)     Total                          Min: 1920, Avg: 2127.2, Max: 2365, Diff: 445, Sum: 8509, Workers: 4
[2842.703s][debug][gc,phases      ] GC(150)   JNI Weak                       Min:  0.0, Avg:  0.0, Max:  0.0, Diff:  0.0, Sum:  0.0, Workers: 4
[2842.703s][debug][gc,phases      ] GC(150)     Dead                           Min: 0, Avg:  0.0, Max: 0, Diff: 0, Sum: 0, Workers: 4
[2842.703s][debug][gc,phases      ] GC(150)     Total                          Min: 0, Avg:  0.0, Max: 0, Diff: 0, Sum: 0, Workers: 4
[2842.703s][debug][gc,phases      ] GC(150)   StringDedup Table Weak         Min:  0.0, Avg:  0.0, Max:  0.0, Diff:  0.0, Sum:  0.0, Workers: 4
[2842.703s][debug][gc,phases      ] GC(150)     Dead                           Min: 0, Avg:  0.0, Max: 0, Diff: 0, Sum: 0, Workers: 4
[2842.703s][debug][gc,phases      ] GC(150)     Total                          Min: 0, Avg:  0.0, Max: 0, Diff: 0, Sum: 0, Workers: 4
[2842.703s][debug][gc,phases      ] GC(150)   StringDedup Requests0 Weak     Min:  0.0, Avg:  0.0, Max:  0.0, Diff:  0.0, Sum:  0.0, Workers: 4
[2842.703s][debug][gc,phases      ] GC(150)     Dead                           Min: 0, Avg:  0.0, Max: 0, Diff: 0, Sum: 0, Workers: 4
[2842.703s][debug][gc,phases      ] GC(150)     Total                          Min: 0, Avg:  0.0, Max: 0, Diff: 0, Sum: 0, Workers: 4
[2842.703s][debug][gc,phases      ] GC(150)   StringDedup Requests1 Weak     Min:  0.0, Avg:  0.0, Max:  0.0, Diff:  0.0, Sum:  0.0, Workers: 4
[2842.703s][debug][gc,phases      ] GC(150)     Dead                           Min: 0, Avg:  0.0, Max: 0, Diff: 0, Sum: 0, Workers: 4
[2842.703s][debug][gc,phases      ] GC(150)     Total                          Min: 0, Avg:  0.0, Max: 0, Diff: 0, Sum: 0, Workers: 4
[2842.703s][debug][gc,phases      ] GC(150)   Weak JFR Old Object Samples    Min:  0.0, Avg:  0.0, Max:  0.0, Diff:  0.0, Sum:  0.0, Workers: 4
[2842.703s][debug][gc,phases      ] GC(150)     Dead                           Min: 0, Avg:  0.0, Max: 0, Diff: 0, Sum: 0, Workers: 4
[2842.703s][debug][gc,phases      ] GC(150)     Total                          Min: 0, Avg:  0.0, Max: 0, Diff: 0, Sum: 0, Workers: 4
[2842.703s][debug][gc,phases      ] GC(150) Weak Processing 0.423ms
[2842.704s][debug][gc,phases      ] GC(150) ClassLoaderData 0.967ms
[2842.704s][debug][gc,phases      ] GC(150) Trigger cleanups 0.012ms
[2842.740s][debug][gc,phases      ] GC(150) Class Unloading 36.785ms
[2842.740s][info ][gc,phases      ] GC(150) Marking Phase 197.333ms
[2842.740s][info ][gc,phases,start] GC(150) Summary Phase
[2842.740s][info ][gc,phases      ] GC(150) Summary Phase 0.023ms
[2842.740s][info ][gc,phases,start] GC(150) Adjust Roots
[2842.756s][info ][gc,phases      ] GC(150) Adjust Roots 15.156ms
[2842.756s][info ][gc,phases,start] GC(150) Compaction Phase
[2842.908s][info ][gc,phases      ] GC(150) Compaction Phase 152.845ms
[2842.908s][info ][gc,phases,start] GC(150) Post Compact
[2842.911s][info ][gc,phases      ] GC(150) Post Compact 2.100ms
[2842.911s][info ][gc,heap        ] GC(150) PSYoungGen: 18160K(1872896K)->0K(1972736K) Eden: 0K(1854464K)->0K(1848320K) From: 18160K(18432K)->0K(124416K)
[2842.911s][info ][gc,heap        ] GC(150) ParOldGen: 636998K(643072K)->548766K(675328K)
[2842.911s][info ][gc,metaspace   ] GC(150) Metaspace: 85412K(86336K)->85116K(86336K) NonClass: 73540K(74048K)->73312K(74048K) Class: 11872K(12288K)->11804K(12288K)
[2842.911s][info ][gc             ] GC(150) Pause Full (Ergonomics) 639M->535M(2586M) 367.739ms
[2842.911s][info ][gc,cpu         ] GC(150) User=1.29s Sys=0.00s Real=0.37s
[2842.911s][info ][safepoint      ] Safepoint "ParallelGCFailedAllocation", Time since last: 6235615204 ns, Reaching safepoint: 34501 ns, At safepoint: 379580219 ns, Total: 379614720 ns
[2857.912s][info ][safepoint      ] Safepoint "Cleanup", Time since last: 15001241113 ns, Reaching safepoint: 61001 ns, At safepoint: 4200 ns, Total: 65201 ns
[2893.915s][info ][safepoint      ] Safepoint "Cleanup", Time since last: 36002616699 ns, Reaching safepoint: 55401 ns, At safepoint: 4500 ns, Total: 59901 ns
[2894.915s][info ][safepoint      ] Safepoint "Cleanup", Time since last: 1000142700 ns, Reaching safepoint: 51301 ns, At safepoint: 5600 ns, Total: 56901 ns
[2896.915s][info ][safepoint      ] Safepoint "Cleanup", Time since last: 2000201001 ns, Reaching safepoint: 52701 ns, At safepoint: 3300 ns, Total: 56001 ns
[2897.915s][info ][safepoint      ] Safepoint "Cleanup", Time since last: 1000121400 ns, Reaching safepoint: 73302 ns, At safepoint: 14000 ns, Total: 87302 ns
[2907.916s][info ][safepoint      ] Safepoint "Cleanup", Time since last: 10000825506 ns, Reaching safepoint: 58201 ns, At safepoint: 3400 ns, Total: 61601 ns
[2910.917s][info ][safepoint      ] Safepoint "Cleanup", Time since last: 3000257305 ns, Reaching safepoint: 73301 ns, At safepoint: 9200 ns, Total: 82501 ns
[2916.917s][info ][safepoint      ] Safepoint "Cleanup", Time since last: 6000446811 ns, Reaching safepoint: 52500 ns, At safepoint: 4201 ns, Total: 56701 ns
[2930.278s][info ][gc,start       ] GC(151) Pause Young (Allocation Failure)
[2930.280s][debug][gc,phases      ] GC(151) Scavenge 2.333ms
[2930.280s][debug][gc,ref         ] GC(151) Skipped phase 1 of Reference Processing: no references
[2930.280s][debug][gc,ref         ] GC(151) ReferenceProcessor::execute queues: 1, RefProcThreadModel::Single, marks_oops_alive: false
[2930.280s][debug][gc,ref         ] GC(151) Skipped phase 3 of Reference Processing: no references
[2930.280s][debug][gc,ref         ] GC(151) ReferenceProcessor::execute queues: 1, RefProcThreadModel::Single, marks_oops_alive: false
[2930.280s][debug][gc,phases      ] GC(151) Reference Processing 0.134ms
[2930.281s][debug][gc,phases      ] GC(151)   VM Weak                        Min:  0.0, Avg:  0.0, Max:  0.0, Diff:  0.0, Sum:  0.0, Workers: 4
[2930.281s][debug][gc,phases      ] GC(151)     Dead                           Min: 0, Avg:  0.0, Max: 0, Diff: 0, Sum: 0, Workers: 4
[2930.281s][debug][gc,phases      ] GC(151)     Total                          Min: 0, Avg: 151.2, Max: 541, Diff: 541, Sum: 605, Workers: 4
[2930.281s][debug][gc,phases      ] GC(151)   ObjectSynchronizer Weak        Min:  0.0, Avg:  0.0, Max:  0.0, Diff:  0.0, Sum:  0.0, Workers: 4
[2930.281s][debug][gc,phases      ] GC(151)     Dead                           Min: 0, Avg:  0.0, Max: 0, Diff: 0, Sum: 0, Workers: 4
[2930.281s][debug][gc,phases      ] GC(151)     Total                          Min: 0, Avg: 99.5, Max: 206, Diff: 206, Sum: 398, Workers: 4
[2930.281s][debug][gc,phases      ] GC(151)   JVMTI Tag Weak OopStorage      Min:  0.0, Avg:  0.0, Max:  0.0, Diff:  0.0, Sum:  0.0, Workers: 4
[2930.281s][debug][gc,phases      ] GC(151)     Dead                           Min: 0, Avg:  0.0, Max: 0, Diff: 0, Sum: 0, Workers: 4
[2930.281s][debug][gc,phases      ] GC(151)     Total                          Min: 0, Avg:  0.0, Max: 0, Diff: 0, Sum: 0, Workers: 4
[2930.281s][debug][gc,phases      ] GC(151)   StringTable Weak               Min:  0.1, Avg:  0.1, Max:  0.1, Diff:  0.0, Sum:  0.4, Workers: 4
[2930.281s][debug][gc,phases      ] GC(151)     Dead                           Min: 0, Avg:  0.5, Max: 2, Diff: 2, Sum: 2, Workers: 4
[2930.281s][debug][gc,phases      ] GC(151)     Total                          Min: 11584, Avg: 12208.5, Max: 13058, Diff: 1474, Sum: 48834, Workers: 4
[2930.281s][debug][gc,phases      ] GC(151)   ResolvedMethodTable Weak       Min:  0.0, Avg:  0.0, Max:  0.0, Diff:  0.0, Sum:  0.1, Workers: 4
[2930.281s][debug][gc,phases      ] GC(151)     Dead                           Min: 0, Avg:  0.0, Max: 0, Diff: 0, Sum: 0, Workers: 4
[2930.281s][debug][gc,phases      ] GC(151)     Total                          Min: 2048, Avg: 2130.0, Max: 2184, Diff: 136, Sum: 8520, Workers: 4
[2930.281s][debug][gc,phases      ] GC(151)   JNI Weak                       Min:  0.0, Avg:  0.0, Max:  0.0, Diff:  0.0, Sum:  0.0, Workers: 4
[2930.281s][debug][gc,phases      ] GC(151)     Dead                           Min: 0, Avg:  0.0, Max: 0, Diff: 0, Sum: 0, Workers: 4
[2930.281s][debug][gc,phases      ] GC(151)     Total                          Min: 0, Avg:  0.0, Max: 0, Diff: 0, Sum: 0, Workers: 4
[2930.281s][debug][gc,phases      ] GC(151)   StringDedup Table Weak         Min:  0.0, Avg:  0.0, Max:  0.0, Diff:  0.0, Sum:  0.0, Workers: 4
[2930.281s][debug][gc,phases      ] GC(151)     Dead                           Min: 0, Avg:  0.0, Max: 0, Diff: 0, Sum: 0, Workers: 4
[2930.281s][debug][gc,phases      ] GC(151)     Total                          Min: 0, Avg:  0.0, Max: 0, Diff: 0, Sum: 0, Workers: 4
[2930.281s][debug][gc,phases      ] GC(151)   StringDedup Requests0 Weak     Min:  0.0, Avg:  0.0, Max:  0.0, Diff:  0.0, Sum:  0.0, Workers: 4
[2930.281s][debug][gc,phases      ] GC(151)     Dead                           Min: 0, Avg:  0.0, Max: 0, Diff: 0, Sum: 0, Workers: 4
[2930.281s][debug][gc,phases      ] GC(151)     Total                          Min: 0, Avg:  0.0, Max: 0, Diff: 0, Sum: 0, Workers: 4
[2930.281s][debug][gc,phases      ] GC(151)   StringDedup Requests1 Weak     Min:  0.0, Avg:  0.0, Max:  0.0, Diff:  0.0, Sum:  0.0, Workers: 4
[2930.281s][debug][gc,phases      ] GC(151)     Dead                           Min: 0, Avg:  0.0, Max: 0, Diff: 0, Sum: 0, Workers: 4
[2930.281s][debug][gc,phases      ] GC(151)     Total                          Min: 0, Avg:  0.0, Max: 0, Diff: 0, Sum: 0, Workers: 4
[2930.281s][debug][gc,phases      ] GC(151)   Weak JFR Old Object Samples    Min:  0.0, Avg:  0.0, Max:  0.0, Diff:  0.0, Sum:  0.0, Workers: 4
[2930.281s][debug][gc,phases      ] GC(151)     Dead                           Min: 0, Avg:  0.0, Max: 0, Diff: 0, Sum: 0, Workers: 4
[2930.281s][debug][gc,phases      ] GC(151)     Total                          Min: 0, Avg:  0.0, Max: 0, Diff: 0, Sum: 0, Workers: 4
[2930.281s][debug][gc,phases      ] GC(151) Weak Processing 0.330ms
[2930.281s][debug][gc,age         ] GC(151) Desired survivor size 131072000 bytes, new threshold 15 (max threshold 15)
[2930.281s][info ][gc,heap        ] GC(151) PSYoungGen: 1848320K(1972736K)->2656K(1851392K) Eden: 1848320K(1848320K)->0K(1848320K) From: 0K(124416K)->2656K(3072K)
[2930.281s][info ][gc,heap        ] GC(151) ParOldGen: 548766K(675328K)->548766K(675328K)
[2930.281s][info ][gc,metaspace   ] GC(151) Metaspace: 85147K(86336K)->85147K(86336K) NonClass: 73338K(74048K)->73338K(74048K) Class: 11809K(12288K)->11809K(12288K)
[2930.281s][info ][gc             ] GC(151) Pause Young (Allocation Failure) 2340M->538M(2467M) 2.935ms
[2930.281s][info ][gc,cpu         ] GC(151) User=0.00s Sys=0.00s Real=0.00s
[2930.281s][info ][safepoint      ] Safepoint "ParallelGCFailedAllocation", Time since last: 13360651191 ns, Reaching safepoint: 58601 ns, At safepoint: 3016456 ns, Total: 3075057 ns
[2931.281s][info ][safepoint      ] Safepoint "Cleanup", Time since last: 1000084404 ns, Reaching safepoint: 53201 ns, At safepoint: 3200 ns, Total: 56401 ns
[2932.281s][info ][safepoint      ] Safepoint "Cleanup", Time since last: 1000120604 ns, Reaching safepoint: 44001 ns, At safepoint: 4300 ns, Total: 48301 ns
[2942.282s][info ][safepoint      ] Safepoint "Cleanup", Time since last: 10000714443 ns, Reaching safepoint: 45501 ns, At safepoint: 9400 ns, Total: 54901 ns
[2951.283s][info ][safepoint      ] Safepoint "Cleanup", Time since last: 9000639748 ns, Reaching safepoint: 30800 ns, At safepoint: 3500 ns, Total: 34300 ns
[2955.283s][info ][safepoint      ] Safepoint "Cleanup", Time since last: 4000299625 ns, Reaching safepoint: 50901 ns, At safepoint: 10600 ns, Total: 61501 ns
[2960.283s][info ][safepoint      ] Safepoint "Cleanup", Time since last: 5000351832 ns, Reaching safepoint: 63501 ns, At safepoint: 5900 ns, Total: 69401 ns
[2977.285s][info ][safepoint      ] Safepoint "Cleanup", Time since last: 17001142828 ns, Reaching safepoint: 53301 ns, At safepoint: 8701 ns, Total: 62002 ns
[2992.286s][info ][safepoint      ] Safepoint "Cleanup", Time since last: 15000977736 ns, Reaching safepoint: 50901 ns, At safepoint: 6100 ns, Total: 57001 ns
[2995.286s][info ][safepoint      ] Safepoint "Cleanup", Time since last: 3000239831 ns, Reaching safepoint: 49301 ns, At safepoint: 10800 ns, Total: 60101 ns
[3003.287s][info ][safepoint      ] Safepoint "Cleanup", Time since last: 8000589386 ns, Reaching safepoint: 48401 ns, At safepoint: 8100 ns, Total: 56501 ns
[3010.288s][info ][safepoint      ] Safepoint "Cleanup", Time since last: 7000910887 ns, Reaching safepoint: 46101 ns, At safepoint: 3200 ns, Total: 49301 ns
[3014.530s][info ][gc,start       ] GC(152) Pause Young (Allocation Failure)
[3014.534s][debug][gc,phases      ] GC(152) Scavenge 4.418ms
[3014.534s][debug][gc,ref         ] GC(152) Skipped phase 1 of Reference Processing: no references
[3014.534s][debug][gc,ref         ] GC(152) ReferenceProcessor::execute queues: 1, RefProcThreadModel::Single, marks_oops_alive: false
[3014.534s][debug][gc,ref         ] GC(152) Skipped phase 3 of Reference Processing: no references
[3014.535s][debug][gc,ref         ] GC(152) Skipped phase 4 of Reference Processing: no references
[3014.535s][debug][gc,phases      ] GC(152) Reference Processing 0.183ms
[3014.535s][debug][gc,phases      ] GC(152)   VM Weak                        Min:  0.0, Avg:  0.0, Max:  0.0, Diff:  0.0, Sum:  0.0, Workers: 4
[3014.535s][debug][gc,phases      ] GC(152)     Dead                           Min: 0, Avg:  0.0, Max: 0, Diff: 0, Sum: 0, Workers: 4
[3014.535s][debug][gc,phases      ] GC(152)     Total                          Min: 0, Avg: 151.2, Max: 359, Diff: 359, Sum: 605, Workers: 4
[3014.535s][debug][gc,phases      ] GC(152)   ObjectSynchronizer Weak        Min:  0.0, Avg:  0.0, Max:  0.0, Diff:  0.0, Sum:  0.0, Workers: 4
[3014.535s][debug][gc,phases      ] GC(152)     Dead                           Min: 0, Avg:  0.0, Max: 0, Diff: 0, Sum: 0, Workers: 4
[3014.535s][debug][gc,phases      ] GC(152)     Total                          Min: 0, Avg: 99.5, Max: 206, Diff: 206, Sum: 398, Workers: 4
[3014.535s][debug][gc,phases      ] GC(152)   JVMTI Tag Weak OopStorage      Min:  0.0, Avg:  0.0, Max:  0.0, Diff:  0.0, Sum:  0.0, Workers: 4
[3014.535s][debug][gc,phases      ] GC(152)     Dead                           Min: 0, Avg:  0.0, Max: 0, Diff: 0, Sum: 0, Workers: 4
[3014.535s][debug][gc,phases      ] GC(152)     Total                          Min: 0, Avg:  0.0, Max: 0, Diff: 0, Sum: 0, Workers: 4
[3014.535s][debug][gc,phases      ] GC(152)   StringTable Weak               Min:  0.1, Avg:  0.1, Max:  0.1, Diff:  0.0, Sum:  0.4, Workers: 4
[3014.535s][debug][gc,phases      ] GC(152)     Dead                           Min: 0, Avg:  0.0, Max: 0, Diff: 0, Sum: 0, Workers: 4
[3014.535s][debug][gc,phases      ] GC(152)     Total                          Min: 10880, Avg: 12208.8, Max: 13632, Diff: 2752, Sum: 48835, Workers: 4
[3014.535s][debug][gc,phases      ] GC(152)   ResolvedMethodTable Weak       Min:  0.0, Avg:  0.0, Max:  0.0, Diff:  0.0, Sum:  0.1, Workers: 4
[3014.535s][debug][gc,phases      ] GC(152)     Dead                           Min: 0, Avg:  0.0, Max: 0, Diff: 0, Sum: 0, Workers: 4
[3014.535s][debug][gc,phases      ] GC(152)     Total                          Min: 1920, Avg: 2130.0, Max: 2304, Diff: 384, Sum: 8520, Workers: 4
[3014.535s][debug][gc,phases      ] GC(152)   JNI Weak                       Min:  0.0, Avg:  0.0, Max:  0.0, Diff:  0.0, Sum:  0.0, Workers: 4
[3014.535s][debug][gc,phases      ] GC(152)     Dead                           Min: 0, Avg:  0.0, Max: 0, Diff: 0, Sum: 0, Workers: 4
[3014.535s][debug][gc,phases      ] GC(152)     Total                          Min: 0, Avg:  0.0, Max: 0, Diff: 0, Sum: 0, Workers: 4
[3014.535s][debug][gc,phases      ] GC(152)   StringDedup Table Weak         Min:  0.0, Avg:  0.0, Max:  0.0, Diff:  0.0, Sum:  0.0, Workers: 4
[3014.535s][debug][gc,phases      ] GC(152)     Dead                           Min: 0, Avg:  0.0, Max: 0, Diff: 0, Sum: 0, Workers: 4
[3014.535s][debug][gc,phases      ] GC(152)     Total                          Min: 0, Avg:  0.0, Max: 0, Diff: 0, Sum: 0, Workers: 4
[3014.535s][debug][gc,phases      ] GC(152)   StringDedup Requests0 Weak     Min:  0.0, Avg:  0.0, Max:  0.0, Diff:  0.0, Sum:  0.0, Workers: 4
[3014.535s][debug][gc,phases      ] GC(152)     Dead                           Min: 0, Avg:  0.0, Max: 0, Diff: 0, Sum: 0, Workers: 4
[3014.535s][debug][gc,phases      ] GC(152)     Total                          Min: 0, Avg:  0.0, Max: 0, Diff: 0, Sum: 0, Workers: 4
[3014.535s][debug][gc,phases      ] GC(152)   StringDedup Requests1 Weak     Min:  0.0, Avg:  0.0, Max:  0.0, Diff:  0.0, Sum:  0.0, Workers: 4
[3014.535s][debug][gc,phases      ] GC(152)     Dead                           Min: 0, Avg:  0.0, Max: 0, Diff: 0, Sum: 0, Workers: 4
[3014.535s][debug][gc,phases      ] GC(152)     Total                          Min: 0, Avg:  0.0, Max: 0, Diff: 0, Sum: 0, Workers: 4
[3014.535s][debug][gc,phases      ] GC(152)   Weak JFR Old Object Samples    Min:  0.0, Avg:  0.0, Max:  0.0, Diff:  0.0, Sum:  0.0, Workers: 4
[3014.535s][debug][gc,phases      ] GC(152)     Dead                           Min: 0, Avg:  0.0, Max: 0, Diff: 0, Sum: 0, Workers: 4
[3014.535s][debug][gc,phases      ] GC(152)     Total                          Min: 0, Avg:  0.0, Max: 0, Diff: 0, Sum: 0, Workers: 4
[3014.535s][debug][gc,phases      ] GC(152) Weak Processing 0.411ms
[3014.535s][debug][gc,age         ] GC(152) Desired survivor size 133169152 bytes, new threshold 15 (max threshold 15)
[3014.535s][info ][gc,heap        ] GC(152) PSYoungGen: 1850976K(1851392K)->3552K(1965056K) Eden: 1848320K(1848320K)->0K(1837056K) From: 2656K(3072K)->3552K(128000K)
[3014.535s][info ][gc,heap        ] GC(152) ParOldGen: 548766K(675328K)->548766K(675328K)
[3014.535s][info ][gc,metaspace   ] GC(152) Metaspace: 85152K(86336K)->85152K(86336K) NonClass: 73343K(74048K)->73343K(74048K) Class: 11809K(12288K)->11809K(12288K)
[3014.535s][info ][gc             ] GC(152) Pause Young (Allocation Failure) 2343M->539M(2578M) 5.171ms
[3014.535s][info ][gc,cpu         ] GC(152) User=0.01s Sys=0.01s Real=0.00s
[3014.535s][info ][safepoint      ] Safepoint "ParallelGCFailedAllocation", Time since last: 4242143624 ns, Reaching safepoint: 44301 ns, At safepoint: 5259498 ns, Total: 5303799 ns
[3017.535s][info ][safepoint      ] Safepoint "Cleanup", Time since last: 3000236237 ns, Reaching safepoint: 44101 ns, At safepoint: 3100 ns, Total: 47201 ns
[3018.536s][info ][safepoint      ] Safepoint "Cleanup", Time since last: 1000119513 ns, Reaching safepoint: 56701 ns, At safepoint: 11700 ns, Total: 68401 ns
[3021.536s][info ][safepoint      ] Safepoint "Cleanup", Time since last: 3000248239 ns, Reaching safepoint: 52701 ns, At safepoint: 12700 ns, Total: 65401 ns
[3035.537s][info ][safepoint      ] Safepoint "Cleanup", Time since last: 14000908286 ns, Reaching safepoint: 118202 ns, At safepoint: 15600 ns, Total: 133802 ns
[3046.538s][info ][safepoint      ] Safepoint "Cleanup", Time since last: 11000792660 ns, Reaching safepoint: 64801 ns, At safepoint: 7900 ns, Total: 72701 ns
[3048.538s][info ][safepoint      ] Safepoint "Cleanup", Time since last: 2000172531 ns, Reaching safepoint: 50501 ns, At safepoint: 6700 ns, Total: 57201 ns
[3061.539s][info ][safepoint      ] Safepoint "Cleanup", Time since last: 13000952605 ns, Reaching safepoint: 52501 ns, At safepoint: 5900 ns, Total: 58401 ns
[3065.539s][info ][safepoint      ] Safepoint "Cleanup", Time since last: 4000278366 ns, Reaching safepoint: 49001 ns, At safepoint: 9900 ns, Total: 58901 ns
[3067.539s][info ][safepoint      ] Safepoint "Cleanup", Time since last: 2000145834 ns, Reaching safepoint: 36001 ns, At safepoint: 3600 ns, Total: 39601 ns
[3094.541s][info ][safepoint      ] Safepoint "Cleanup", Time since last: 27001839582 ns, Reaching safepoint: 45701 ns, At safepoint: 5500 ns, Total: 51201 ns
[3100.443s][info ][gc,start       ] GC(153) Pause Young (Allocation Failure)
[3100.446s][debug][gc,phases      ] GC(153) Scavenge 2.998ms
[3100.446s][debug][gc,ref         ] GC(153) Skipped phase 1 of Reference Processing: no references
[3100.446s][debug][gc,ref         ] GC(153) ReferenceProcessor::execute queues: 1, RefProcThreadModel::Single, marks_oops_alive: false
[3100.446s][debug][gc,ref         ] GC(153) Skipped phase 3 of Reference Processing: no references
[3100.446s][debug][gc,ref         ] GC(153) Skipped phase 4 of Reference Processing: no references
[3100.446s][debug][gc,phases      ] GC(153) Reference Processing 0.177ms
[3100.446s][debug][gc,phases      ] GC(153)   VM Weak                        Min:  0.0, Avg:  0.0, Max:  0.0, Diff:  0.0, Sum:  0.0, Workers: 4
[3100.446s][debug][gc,phases      ] GC(153)     Dead                           Min: 0, Avg:  0.0, Max: 0, Diff: 0, Sum: 0, Workers: 4
[3100.446s][debug][gc,phases      ] GC(153)     Total                          Min: 0, Avg: 151.2, Max: 462, Diff: 462, Sum: 605, Workers: 4
[3100.446s][debug][gc,phases      ] GC(153)   ObjectSynchronizer Weak        Min:  0.0, Avg:  0.0, Max:  0.0, Diff:  0.0, Sum:  0.0, Workers: 4
[3100.446s][debug][gc,phases      ] GC(153)     Dead                           Min: 0, Avg:  0.0, Max: 0, Diff: 0, Sum: 0, Workers: 4
[3100.446s][debug][gc,phases      ] GC(153)     Total                          Min: 0, Avg: 99.5, Max: 192, Diff: 192, Sum: 398, Workers: 4
[3100.446s][debug][gc,phases      ] GC(153)   JVMTI Tag Weak OopStorage      Min:  0.0, Avg:  0.0, Max:  0.0, Diff:  0.0, Sum:  0.0, Workers: 4
[3100.446s][debug][gc,phases      ] GC(153)     Dead                           Min: 0, Avg:  0.0, Max: 0, Diff: 0, Sum: 0, Workers: 4
[3100.446s][debug][gc,phases      ] GC(153)     Total                          Min: 0, Avg:  0.0, Max: 0, Diff: 0, Sum: 0, Workers: 4
[3100.446s][debug][gc,phases      ] GC(153)   StringTable Weak               Min:  0.1, Avg:  0.1, Max:  0.1, Diff:  0.0, Sum:  0.5, Workers: 4
[3100.446s][debug][gc,phases      ] GC(153)     Dead                           Min: 0, Avg:  0.0, Max: 0, Diff: 0, Sum: 0, Workers: 4
[3100.446s][debug][gc,phases      ] GC(153)     Total                          Min: 11465, Avg: 12210.2, Max: 12672, Diff: 1207, Sum: 48841, Workers: 4
[3100.446s][debug][gc,phases      ] GC(153)   ResolvedMethodTable Weak       Min:  0.0, Avg:  0.0, Max:  0.0, Diff:  0.0, Sum:  0.1, Workers: 4
[3100.446s][debug][gc,phases      ] GC(153)     Dead                           Min: 0, Avg:  0.0, Max: 0, Diff: 0, Sum: 0, Workers: 4
[3100.446s][debug][gc,phases      ] GC(153)     Total                          Min: 2048, Avg: 2130.0, Max: 2176, Diff: 128, Sum: 8520, Workers: 4
[3100.446s][debug][gc,phases      ] GC(153)   JNI Weak                       Min:  0.0, Avg:  0.0, Max:  0.0, Diff:  0.0, Sum:  0.0, Workers: 4
[3100.446s][debug][gc,phases      ] GC(153)     Dead                           Min: 0, Avg:  0.0, Max: 0, Diff: 0, Sum: 0, Workers: 4
[3100.446s][debug][gc,phases      ] GC(153)     Total                          Min: 0, Avg:  0.0, Max: 0, Diff: 0, Sum: 0, Workers: 4
[3100.446s][debug][gc,phases      ] GC(153)   StringDedup Table Weak         Min:  0.0, Avg:  0.0, Max:  0.0, Diff:  0.0, Sum:  0.0, Workers: 4
[3100.446s][debug][gc,phases      ] GC(153)     Dead                           Min: 0, Avg:  0.0, Max: 0, Diff: 0, Sum: 0, Workers: 4
[3100.446s][debug][gc,phases      ] GC(153)     Total                          Min: 0, Avg:  0.0, Max: 0, Diff: 0, Sum: 0, Workers: 4
[3100.446s][debug][gc,phases      ] GC(153)   StringDedup Requests0 Weak     Min:  0.0, Avg:  0.0, Max:  0.0, Diff:  0.0, Sum:  0.0, Workers: 4
[3100.446s][debug][gc,phases      ] GC(153)     Dead                           Min: 0, Avg:  0.0, Max: 0, Diff: 0, Sum: 0, Workers: 4
[3100.446s][debug][gc,phases      ] GC(153)     Total                          Min: 0, Avg:  0.0, Max: 0, Diff: 0, Sum: 0, Workers: 4
[3100.446s][debug][gc,phases      ] GC(153)   StringDedup Requests1 Weak     Min:  0.0, Avg:  0.0, Max:  0.0, Diff:  0.0, Sum:  0.0, Workers: 4
[3100.446s][debug][gc,phases      ] GC(153)     Dead                           Min: 0, Avg:  0.0, Max: 0, Diff: 0, Sum: 0, Workers: 4
[3100.446s][debug][gc,phases      ] GC(153)     Total                          Min: 0, Avg:  0.0, Max: 0, Diff: 0, Sum: 0, Workers: 4
[3100.446s][debug][gc,phases      ] GC(153)   Weak JFR Old Object Samples    Min:  0.0, Avg:  0.0, Max:  0.0, Diff:  0.0, Sum:  0.0, Workers: 4
[3100.446s][debug][gc,phases      ] GC(153)     Dead                           Min: 0, Avg:  0.0, Max: 0, Diff: 0, Sum: 0, Workers: 4
[3100.446s][debug][gc,phases      ] GC(153)     Total                          Min: 0, Avg:  0.0, Max: 0, Diff: 0, Sum: 0, Workers: 4
[3100.446s][debug][gc,phases      ] GC(153) Weak Processing 0.336ms
[3100.446s][debug][gc,age         ] GC(153) Desired survivor size 133169152 bytes, new threshold 15 (max threshold 15)
[3100.447s][info ][gc,heap        ] GC(153) PSYoungGen: 1840553K(1965056K)->4899K(1967104K) Eden: 1837001K(1837056K)->0K(1837056K) From: 3552K(128000K)->4899K(130048K)
[3100.447s][info ][gc,heap        ] GC(153) ParOldGen: 548766K(675328K)->548766K(675328K)
[3100.447s][info ][gc,metaspace   ] GC(153) Metaspace: 85181K(86336K)->85181K(86336K) NonClass: 73372K(74048K)->73372K(74048K) Class: 11809K(12288K)->11809K(12288K)
[3100.447s][info ][gc             ] GC(153) Pause Young (Allocation Failure) 2333M->540M(2580M) 3.657ms
[3100.447s][info ][gc,cpu         ] GC(153) User=0.01s Sys=0.00s Real=0.00s
[3100.447s][info ][safepoint      ] Safepoint "ParallelGCFailedAllocation", Time since last: 5901336481 ns, Reaching safepoint: 118002 ns, At safepoint: 3745570 ns, Total: 3863572 ns
[3101.447s][info ][safepoint      ] Safepoint "Cleanup", Time since last: 1000092020 ns, Reaching safepoint: 50200 ns, At safepoint: 8101 ns, Total: 58301 ns
[3109.447s][info ][safepoint      ] Safepoint "Cleanup", Time since last: 8000579159 ns, Reaching safepoint: 48201 ns, At safepoint: 12500 ns, Total: 60701 ns
[3115.448s][info ][safepoint      ] Safepoint "Cleanup", Time since last: 6000444123 ns, Reaching safepoint: 47401 ns, At safepoint: 10100 ns, Total: 57501 ns
[3119.448s][info ][safepoint      ] Safepoint "Cleanup", Time since last: 4000315184 ns, Reaching safepoint: 55101 ns, At safepoint: 10000 ns, Total: 65101 ns
[3121.448s][info ][safepoint      ] Safepoint "Cleanup", Time since last: 2000182543 ns, Reaching safepoint: 47001 ns, At safepoint: 5500 ns, Total: 52501 ns
[3135.449s][info ][safepoint      ] Safepoint "Cleanup", Time since last: 14000820800 ns, Reaching safepoint: 48401 ns, At safepoint: 18301 ns, Total: 66702 ns
[3160.451s][info ][safepoint      ] Safepoint "Cleanup", Time since last: 25001511272 ns, Reaching safepoint: 42401 ns, At safepoint: 10000 ns, Total: 52401 ns
[3162.451s][info ][safepoint      ] Safepoint "Cleanup", Time since last: 2000142648 ns, Reaching safepoint: 57601 ns, At safepoint: 10300 ns, Total: 67901 ns
[3180.452s][info ][safepoint      ] Safepoint "Cleanup", Time since last: 18001174444 ns, Reaching safepoint: 44201 ns, At safepoint: 3800 ns, Total: 48001 ns
[3182.731s][info ][gc,start       ] GC(154) Pause Young (Allocation Failure)
[3182.734s][debug][gc,phases      ] GC(154) Scavenge 2.357ms
[3182.734s][debug][gc,ref         ] GC(154) Skipped phase 1 of Reference Processing: no references
[3182.734s][debug][gc,ref         ] GC(154) ReferenceProcessor::execute queues: 1, RefProcThreadModel::Single, marks_oops_alive: false
[3182.734s][debug][gc,ref         ] GC(154) Skipped phase 3 of Reference Processing: no references
[3182.734s][debug][gc,ref         ] GC(154) Skipped phase 4 of Reference Processing: no references
[3182.734s][debug][gc,phases      ] GC(154) Reference Processing 0.157ms
[3182.734s][debug][gc,phases      ] GC(154)   VM Weak                        Min:  0.0, Avg:  0.0, Max:  0.0, Diff:  0.0, Sum:  0.0, Workers: 4
[3182.734s][debug][gc,phases      ] GC(154)     Dead                           Min: 0, Avg:  0.0, Max: 0, Diff: 0, Sum: 0, Workers: 4
[3182.734s][debug][gc,phases      ] GC(154)     Total                          Min: 0, Avg: 151.2, Max: 605, Diff: 605, Sum: 605, Workers: 4
[3182.734s][debug][gc,phases      ] GC(154)   ObjectSynchronizer Weak        Min:  0.0, Avg:  0.0, Max:  0.0, Diff:  0.0, Sum:  0.0, Workers: 4
[3182.734s][debug][gc,phases      ] GC(154)     Dead                           Min: 0, Avg:  0.0, Max: 0, Diff: 0, Sum: 0, Workers: 4
[3182.734s][debug][gc,phases      ] GC(154)     Total                          Min: 0, Avg: 99.5, Max: 192, Diff: 192, Sum: 398, Workers: 4
[3182.734s][debug][gc,phases      ] GC(154)   JVMTI Tag Weak OopStorage      Min:  0.0, Avg:  0.0, Max:  0.0, Diff:  0.0, Sum:  0.0, Workers: 4
[3182.734s][debug][gc,phases      ] GC(154)     Dead                           Min: 0, Avg:  0.0, Max: 0, Diff: 0, Sum: 0, Workers: 4
[3182.734s][debug][gc,phases      ] GC(154)     Total                          Min: 0, Avg:  0.0, Max: 0, Diff: 0, Sum: 0, Workers: 4
[3182.734s][debug][gc,phases      ] GC(154)   StringTable Weak               Min:  0.1, Avg:  0.1, Max:  0.1, Diff:  0.0, Sum:  0.4, Workers: 4
[3182.734s][debug][gc,phases      ] GC(154)     Dead                           Min: 0, Avg:  0.0, Max: 0, Diff: 0, Sum: 0, Workers: 4
[3182.734s][debug][gc,phases      ] GC(154)     Total                          Min: 11584, Avg: 12211.5, Max: 12608, Diff: 1024, Sum: 48846, Workers: 4
[3182.734s][debug][gc,phases      ] GC(154)   ResolvedMethodTable Weak       Min:  0.0, Avg:  0.0, Max:  0.0, Diff:  0.0, Sum:  0.1, Workers: 4
[3182.734s][debug][gc,phases      ] GC(154)     Dead                           Min: 0, Avg:  0.0, Max: 0, Diff: 0, Sum: 0, Workers: 4
[3182.734s][debug][gc,phases      ] GC(154)     Total                          Min: 2112, Avg: 2130.0, Max: 2176, Diff: 64, Sum: 8520, Workers: 4
[3182.734s][debug][gc,phases      ] GC(154)   JNI Weak                       Min:  0.0, Avg:  0.0, Max:  0.0, Diff:  0.0, Sum:  0.0, Workers: 4
[3182.734s][debug][gc,phases      ] GC(154)     Dead                           Min: 0, Avg:  0.0, Max: 0, Diff: 0, Sum: 0, Workers: 4
[3182.734s][debug][gc,phases      ] GC(154)     Total                          Min: 0, Avg:  0.0, Max: 0, Diff: 0, Sum: 0, Workers: 4
[3182.734s][debug][gc,phases      ] GC(154)   StringDedup Table Weak         Min:  0.0, Avg:  0.0, Max:  0.0, Diff:  0.0, Sum:  0.0, Workers: 4
[3182.734s][debug][gc,phases      ] GC(154)     Dead                           Min: 0, Avg:  0.0, Max: 0, Diff: 0, Sum: 0, Workers: 4
[3182.734s][debug][gc,phases      ] GC(154)     Total                          Min: 0, Avg:  0.0, Max: 0, Diff: 0, Sum: 0, Workers: 4
[3182.734s][debug][gc,phases      ] GC(154)   StringDedup Requests0 Weak     Min:  0.0, Avg:  0.0, Max:  0.0, Diff:  0.0, Sum:  0.0, Workers: 4
[3182.734s][debug][gc,phases      ] GC(154)     Dead                           Min: 0, Avg:  0.0, Max: 0, Diff: 0, Sum: 0, Workers: 4
[3182.734s][debug][gc,phases      ] GC(154)     Total                          Min: 0, Avg:  0.0, Max: 0, Diff: 0, Sum: 0, Workers: 4
[3182.734s][debug][gc,phases      ] GC(154)   StringDedup Requests1 Weak     Min:  0.0, Avg:  0.0, Max:  0.0, Diff:  0.0, Sum:  0.0, Workers: 4
[3182.734s][debug][gc,phases      ] GC(154)     Dead                           Min: 0, Avg:  0.0, Max: 0, Diff: 0, Sum: 0, Workers: 4
[3182.734s][debug][gc,phases      ] GC(154)     Total                          Min: 0, Avg:  0.0, Max: 0, Diff: 0, Sum: 0, Workers: 4
[3182.734s][debug][gc,phases      ] GC(154)   Weak JFR Old Object Samples    Min:  0.0, Avg:  0.0, Max:  0.0, Diff:  0.0, Sum:  0.0, Workers: 4
[3182.734s][debug][gc,phases      ] GC(154)     Dead                           Min: 0, Avg:  0.0, Max: 0, Diff: 0, Sum: 0, Workers: 4
[3182.734s][debug][gc,phases      ] GC(154)     Total                          Min: 0, Avg:  0.0, Max: 0, Diff: 0, Sum: 0, Workers: 4
[3182.734s][debug][gc,phases      ] GC(154) Weak Processing 0.328ms
[3182.734s][debug][gc,age         ] GC(154) Desired survivor size 131596288 bytes, new threshold 15 (max threshold 15)
[3182.734s][info ][gc,heap        ] GC(154) PSYoungGen: 1841955K(1967104K)->4496K(1968640K) Eden: 1837056K(1837056K)->0K(1838592K) From: 4899K(130048K)->4496K(130048K)
[3182.734s][info ][gc,heap        ] GC(154) ParOldGen: 548766K(675328K)->548766K(675328K)
[3182.734s][info ][gc,metaspace   ] GC(154) Metaspace: 85183K(86336K)->85183K(86336K) NonClass: 73374K(74048K)->73374K(74048K) Class: 11809K(12288K)->11809K(12288K)
[3182.734s][info ][gc             ] GC(154) Pause Young (Allocation Failure) 2334M->540M(2582M) 2.971ms
[3182.734s][info ][gc,cpu         ] GC(154) User=0.01s Sys=0.00s Real=0.00s
[3182.734s][info ][safepoint      ] Safepoint "ParallelGCFailedAllocation", Time since last: 2278677611 ns, Reaching safepoint: 29700 ns, At safepoint: 3054157 ns, Total: 3083857 ns
[3184.734s][info ][safepoint      ] Safepoint "Cleanup", Time since last: 2000153251 ns, Reaching safepoint: 51101 ns, At safepoint: 3300 ns, Total: 54401 ns
[3186.735s][info ][safepoint      ] Safepoint "Cleanup", Time since last: 2000174752 ns, Reaching safepoint: 112202 ns, At safepoint: 42101 ns, Total: 154303 ns
[3192.735s][info ][safepoint      ] Safepoint "Cleanup", Time since last: 6000443856 ns, Reaching safepoint: 58602 ns, At safepoint: 3400 ns, Total: 62002 ns
[3201.736s][info ][safepoint      ] Safepoint "Cleanup", Time since last: 9000587437 ns, Reaching safepoint: 52301 ns, At safepoint: 8000 ns, Total: 60301 ns
[3237.738s][info ][safepoint      ] Safepoint "Cleanup", Time since last: 36002253900 ns, Reaching safepoint: 61801 ns, At safepoint: 13401 ns, Total: 75202 ns
[3242.739s][info ][safepoint      ] Safepoint "Cleanup", Time since last: 5000365746 ns, Reaching safepoint: 54101 ns, At safepoint: 6500 ns, Total: 60601 ns
[3246.739s][info ][safepoint      ] Safepoint "Cleanup", Time since last: 4000327719 ns, Reaching safepoint: 57101 ns, At safepoint: 36300 ns, Total: 93401 ns
[3251.739s][info ][safepoint      ] Safepoint "Cleanup", Time since last: 5000373749 ns, Reaching safepoint: 53801 ns, At safepoint: 6000 ns, Total: 59801 ns
[3253.740s][info ][safepoint      ] Safepoint "Cleanup", Time since last: 2000184561 ns, Reaching safepoint: 37301 ns, At safepoint: 3000 ns, Total: 40301 ns
[3255.740s][info ][safepoint      ] Safepoint "Cleanup", Time since last: 2000125760 ns, Reaching safepoint: 46701 ns, At safepoint: 3000 ns, Total: 49701 ns
[3263.631s][info ][gc,start       ] GC(155) Pause Young (Allocation Failure)
[3263.634s][debug][gc,phases      ] GC(155) Scavenge 3.474ms
[3263.635s][debug][gc,ref         ] GC(155) Skipped phase 1 of Reference Processing: no references
[3263.635s][debug][gc,ref         ] GC(155) ReferenceProcessor::execute queues: 1, RefProcThreadModel::Single, marks_oops_alive: false
[3263.635s][debug][gc,ref         ] GC(155) Skipped phase 3 of Reference Processing: no references
[3263.635s][debug][gc,ref         ] GC(155) ReferenceProcessor::execute queues: 1, RefProcThreadModel::Single, marks_oops_alive: false
[3263.635s][debug][gc,phases      ] GC(155) Reference Processing 0.124ms
[3263.635s][debug][gc,phases      ] GC(155)   VM Weak                        Min:  0.0, Avg:  0.0, Max:  0.0, Diff:  0.0, Sum:  0.0, Workers: 4
[3263.635s][debug][gc,phases      ] GC(155)     Dead                           Min: 0, Avg:  0.0, Max: 0, Diff: 0, Sum: 0, Workers: 4
[3263.635s][debug][gc,phases      ] GC(155)     Total                          Min: 0, Avg: 151.2, Max: 359, Diff: 359, Sum: 605, Workers: 4
[3263.635s][debug][gc,phases      ] GC(155)   ObjectSynchronizer Weak        Min:  0.0, Avg:  0.0, Max:  0.0, Diff:  0.0, Sum:  0.0, Workers: 4
[3263.635s][debug][gc,phases      ] GC(155)     Dead                           Min: 0, Avg:  0.0, Max: 0, Diff: 0, Sum: 0, Workers: 4
[3263.635s][debug][gc,phases      ] GC(155)     Total                          Min: 0, Avg: 99.5, Max: 142, Diff: 142, Sum: 398, Workers: 4
[3263.635s][debug][gc,phases      ] GC(155)   JVMTI Tag Weak OopStorage      Min:  0.0, Avg:  0.0, Max:  0.0, Diff:  0.0, Sum:  0.0, Workers: 4
[3263.635s][debug][gc,phases      ] GC(155)     Dead                           Min: 0, Avg:  0.0, Max: 0, Diff: 0, Sum: 0, Workers: 4
[3263.635s][debug][gc,phases      ] GC(155)     Total                          Min: 0, Avg:  0.0, Max: 0, Diff: 0, Sum: 0, Workers: 4
[3263.635s][debug][gc,phases      ] GC(155)   StringTable Weak               Min:  0.1, Avg:  0.1, Max:  0.1, Diff:  0.0, Sum:  0.4, Workers: 4
[3263.635s][debug][gc,phases      ] GC(155)     Dead                           Min: 0, Avg:  0.0, Max: 0, Diff: 0, Sum: 0, Workers: 4
[3263.635s][debug][gc,phases      ] GC(155)     Total                          Min: 11584, Avg: 12211.5, Max: 12864, Diff: 1280, Sum: 48846, Workers: 4
[3263.635s][debug][gc,phases      ] GC(155)   ResolvedMethodTable Weak       Min:  0.0, Avg:  0.0, Max:  0.0, Diff:  0.0, Sum:  0.1, Workers: 4
[3263.635s][debug][gc,phases      ] GC(155)     Dead                           Min: 0, Avg:  0.0, Max: 0, Diff: 0, Sum: 0, Workers: 4
[3263.635s][debug][gc,phases      ] GC(155)     Total                          Min: 2056, Avg: 2130.0, Max: 2176, Diff: 120, Sum: 8520, Workers: 4
[3263.635s][debug][gc,phases      ] GC(155)   JNI Weak                       Min:  0.0, Avg:  0.0, Max:  0.0, Diff:  0.0, Sum:  0.0, Workers: 4
[3263.635s][debug][gc,phases      ] GC(155)     Dead                           Min: 0, Avg:  0.0, Max: 0, Diff: 0, Sum: 0, Workers: 4
[3263.635s][debug][gc,phases      ] GC(155)     Total                          Min: 0, Avg:  0.0, Max: 0, Diff: 0, Sum: 0, Workers: 4
[3263.635s][debug][gc,phases      ] GC(155)   StringDedup Table Weak         Min:  0.0, Avg:  0.0, Max:  0.0, Diff:  0.0, Sum:  0.0, Workers: 4
[3263.635s][debug][gc,phases      ] GC(155)     Dead                           Min: 0, Avg:  0.0, Max: 0, Diff: 0, Sum: 0, Workers: 4
[3263.635s][debug][gc,phases      ] GC(155)     Total                          Min: 0, Avg:  0.0, Max: 0, Diff: 0, Sum: 0, Workers: 4
[3263.635s][debug][gc,phases      ] GC(155)   StringDedup Requests0 Weak     Min:  0.0, Avg:  0.0, Max:  0.0, Diff:  0.0, Sum:  0.0, Workers: 4
[3263.635s][debug][gc,phases      ] GC(155)     Dead                           Min: 0, Avg:  0.0, Max: 0, Diff: 0, Sum: 0, Workers: 4
[3263.635s][debug][gc,phases      ] GC(155)     Total                          Min: 0, Avg:  0.0, Max: 0, Diff: 0, Sum: 0, Workers: 4
[3263.635s][debug][gc,phases      ] GC(155)   StringDedup Requests1 Weak     Min:  0.0, Avg:  0.0, Max:  0.0, Diff:  0.0, Sum:  0.0, Workers: 4
[3263.635s][debug][gc,phases      ] GC(155)     Dead                           Min: 0, Avg:  0.0, Max: 0, Diff: 0, Sum: 0, Workers: 4
[3263.635s][debug][gc,phases      ] GC(155)     Total                          Min: 0, Avg:  0.0, Max: 0, Diff: 0, Sum: 0, Workers: 4
[3263.635s][debug][gc,phases      ] GC(155)   Weak JFR Old Object Samples    Min:  0.0, Avg:  0.0, Max:  0.0, Diff:  0.0, Sum:  0.0, Workers: 4
[3263.635s][debug][gc,phases      ] GC(155)     Dead                           Min: 0, Avg:  0.0, Max: 0, Diff: 0, Sum: 0, Workers: 4
[3263.635s][debug][gc,phases      ] GC(155)     Total                          Min: 0, Avg:  0.0, Max: 0, Diff: 0, Sum: 0, Workers: 4
[3263.635s][debug][gc,phases      ] GC(155) Weak Processing 0.335ms
[3263.635s][debug][gc,age         ] GC(155) Desired survivor size 129499136 bytes, new threshold 15 (max threshold 15)
[3263.635s][info ][gc,heap        ] GC(155) PSYoungGen: 1843088K(1968640K)->4928K(1967104K) Eden: 1838592K(1838592K)->0K(1838592K) From: 4496K(130048K)->4928K(128512K)
[3263.635s][info ][gc,heap        ] GC(155) ParOldGen: 548766K(675328K)->548766K(675328K)
[3263.635s][info ][gc,metaspace   ] GC(155) Metaspace: 85187K(86336K)->85187K(86336K) NonClass: 73378K(74048K)->73378K(74048K) Class: 11809K(12288K)->11809K(12288K)
[3263.635s][info ][gc             ] GC(155) Pause Young (Allocation Failure) 2335M->540M(2580M) 4.071ms
[3263.635s][info ][gc,cpu         ] GC(155) User=0.02s Sys=0.00s Real=0.00s
[3263.635s][info ][safepoint      ] Safepoint "ParallelGCFailedAllocation", Time since last: 7891015913 ns, Reaching safepoint: 44000 ns, At safepoint: 4151877 ns, Total: 4195877 ns
[3270.636s][info ][safepoint      ] Safepoint "Cleanup", Time since last: 7000485015 ns, Reaching safepoint: 55102 ns, At safepoint: 9900 ns, Total: 65002 ns
[3271.636s][info ][safepoint      ] Safepoint "Cleanup", Time since last: 1000123232 ns, Reaching safepoint: 58701 ns, At safepoint: 6600 ns, Total: 65301 ns
[3272.636s][info ][safepoint      ] Safepoint "Cleanup", Time since last: 1000065031 ns, Reaching safepoint: 53401 ns, At safepoint: 3700 ns, Total: 57101 ns
[3274.636s][info ][safepoint      ] Safepoint "Cleanup", Time since last: 2000155762 ns, Reaching safepoint: 49501 ns, At safepoint: 3100 ns, Total: 52601 ns
[3286.637s][info ][safepoint      ] Safepoint "Cleanup", Time since last: 12000747877 ns, Reaching safepoint: 59701 ns, At safepoint: 10000 ns, Total: 69701 ns
[3291.637s][info ][safepoint      ] Safepoint "Cleanup", Time since last: 5000383761 ns, Reaching safepoint: 70401 ns, At safepoint: 10900 ns, Total: 81301 ns
[3292.638s][info ][safepoint      ] Safepoint "Cleanup", Time since last: 1000115333 ns, Reaching safepoint: 113902 ns, At safepoint: 10601 ns, Total: 124503 ns
[3294.344s][info ][gc,start       ] GC(156) Pause Young (Allocation Failure)
[3294.359s][debug][gc,phases      ] GC(156) Scavenge 15.097ms
[3294.359s][debug][gc,ref         ] GC(156) Skipped phase 1 of Reference Processing: no references
[3294.359s][debug][gc,ref         ] GC(156) ReferenceProcessor::execute queues: 1, RefProcThreadModel::Single, marks_oops_alive: false
[3294.359s][debug][gc,ref         ] GC(156) Skipped phase 3 of Reference Processing: no references
[3294.359s][debug][gc,ref         ] GC(156) ReferenceProcessor::execute queues: 1, RefProcThreadModel::Single, marks_oops_alive: false
[3294.359s][debug][gc,phases      ] GC(156) Reference Processing 0.124ms
[3294.360s][debug][gc,phases      ] GC(156)   VM Weak                        Min:  0.0, Avg:  0.0, Max:  0.0, Diff:  0.0, Sum:  0.0, Workers: 4
[3294.360s][debug][gc,phases      ] GC(156)     Dead                           Min: 0, Avg:  0.0, Max: 0, Diff: 0, Sum: 0, Workers: 4
[3294.360s][debug][gc,phases      ] GC(156)     Total                          Min: 0, Avg: 151.2, Max: 326, Diff: 326, Sum: 605, Workers: 4
[3294.360s][debug][gc,phases      ] GC(156)   ObjectSynchronizer Weak        Min:  0.0, Avg:  0.0, Max:  0.0, Diff:  0.0, Sum:  0.0, Workers: 4
[3294.360s][debug][gc,phases      ] GC(156)     Dead                           Min: 0, Avg:  0.0, Max: 0, Diff: 0, Sum: 0, Workers: 4
[3294.360s][debug][gc,phases      ] GC(156)     Total                          Min: 0, Avg: 99.5, Max: 142, Diff: 142, Sum: 398, Workers: 4
[3294.360s][debug][gc,phases      ] GC(156)   JVMTI Tag Weak OopStorage      Min:  0.0, Avg:  0.0, Max:  0.0, Diff:  0.0, Sum:  0.0, Workers: 4
[3294.360s][debug][gc,phases      ] GC(156)     Dead                           Min: 0, Avg:  0.0, Max: 0, Diff: 0, Sum: 0, Workers: 4
[3294.360s][debug][gc,phases      ] GC(156)     Total                          Min: 0, Avg:  0.0, Max: 0, Diff: 0, Sum: 0, Workers: 4
[3294.360s][debug][gc,phases      ] GC(156)   StringTable Weak               Min:  0.1, Avg:  0.1, Max:  0.1, Diff:  0.0, Sum:  0.5, Workers: 4
[3294.360s][debug][gc,phases      ] GC(156)     Dead                           Min: 0, Avg:  0.0, Max: 0, Diff: 0, Sum: 0, Workers: 4
[3294.360s][debug][gc,phases      ] GC(156)     Total                          Min: 11534, Avg: 12211.5, Max: 13696, Diff: 2162, Sum: 48846, Workers: 4
[3294.360s][debug][gc,phases      ] GC(156)   ResolvedMethodTable Weak       Min:  0.0, Avg:  0.0, Max:  0.0, Diff:  0.0, Sum:  0.1, Workers: 4
[3294.360s][debug][gc,phases      ] GC(156)     Dead                           Min: 0, Avg:  0.0, Max: 0, Diff: 0, Sum: 0, Workers: 4
[3294.360s][debug][gc,phases      ] GC(156)     Total                          Min: 2048, Avg: 2130.0, Max: 2184, Diff: 136, Sum: 8520, Workers: 4
[3294.360s][debug][gc,phases      ] GC(156)   JNI Weak                       Min:  0.0, Avg:  0.0, Max:  0.0, Diff:  0.0, Sum:  0.0, Workers: 4
[3294.360s][debug][gc,phases      ] GC(156)     Dead                           Min: 0, Avg:  0.0, Max: 0, Diff: 0, Sum: 0, Workers: 4
[3294.360s][debug][gc,phases      ] GC(156)     Total                          Min: 0, Avg:  0.0, Max: 0, Diff: 0, Sum: 0, Workers: 4
[3294.360s][debug][gc,phases      ] GC(156)   StringDedup Table Weak         Min:  0.0, Avg:  0.0, Max:  0.0, Diff:  0.0, Sum:  0.0, Workers: 4
[3294.360s][debug][gc,phases      ] GC(156)     Dead                           Min: 0, Avg:  0.0, Max: 0, Diff: 0, Sum: 0, Workers: 4
[3294.360s][debug][gc,phases      ] GC(156)     Total                          Min: 0, Avg:  0.0, Max: 0, Diff: 0, Sum: 0, Workers: 4
[3294.360s][debug][gc,phases      ] GC(156)   StringDedup Requests0 Weak     Min:  0.0, Avg:  0.0, Max:  0.0, Diff:  0.0, Sum:  0.0, Workers: 4
[3294.360s][debug][gc,phases      ] GC(156)     Dead                           Min: 0, Avg:  0.0, Max: 0, Diff: 0, Sum: 0, Workers: 4
[3294.360s][debug][gc,phases      ] GC(156)     Total                          Min: 0, Avg:  0.0, Max: 0, Diff: 0, Sum: 0, Workers: 4
[3294.360s][debug][gc,phases      ] GC(156)   StringDedup Requests1 Weak     Min:  0.0, Avg:  0.0, Max:  0.0, Diff:  0.0, Sum:  0.0, Workers: 4
[3294.360s][debug][gc,phases      ] GC(156)     Dead                           Min: 0, Avg:  0.0, Max: 0, Diff: 0, Sum: 0, Workers: 4
[3294.360s][debug][gc,phases      ] GC(156)     Total                          Min: 0, Avg:  0.0, Max: 0, Diff: 0, Sum: 0, Workers: 4
[3294.360s][debug][gc,phases      ] GC(156)   Weak JFR Old Object Samples    Min:  0.0, Avg:  0.0, Max:  0.0, Diff:  0.0, Sum:  0.0, Workers: 4
[3294.360s][debug][gc,phases      ] GC(156)     Dead                           Min: 0, Avg:  0.0, Max: 0, Diff: 0, Sum: 0, Workers: 4
[3294.360s][debug][gc,phases      ] GC(156)     Total                          Min: 0, Avg:  0.0, Max: 0, Diff: 0, Sum: 0, Workers: 4
[3294.360s][debug][gc,phases      ] GC(156) Weak Processing 0.349ms
[3294.360s][debug][gc,age         ] GC(156) Desired survivor size 121634816 bytes, new threshold 15 (max threshold 15)
[3294.360s][info ][gc,heap        ] GC(156) PSYoungGen: 1843520K(1967104K)->41808K(1978368K) Eden: 1838592K(1838592K)->0K(1851904K) From: 4928K(128512K)->41808K(126464K)
[3294.360s][info ][gc,heap        ] GC(156) ParOldGen: 548766K(675328K)->548766K(675328K)
[3294.360s][info ][gc,metaspace   ] GC(156) Metaspace: 85194K(86336K)->85194K(86336K) NonClass: 73385K(74048K)->73385K(74048K) Class: 11809K(12288K)->11809K(12288K)
[3294.360s][info ][gc             ] GC(156) Pause Young (Allocation Failure) 2336M->576M(2591M) 15.706ms
[3294.360s][info ][gc,cpu         ] GC(156) User=0.06s Sys=0.00s Real=0.02s
[3294.360s][info ][safepoint      ] Safepoint "ParallelGCFailedAllocation", Time since last: 1706322819 ns, Reaching safepoint: 111903 ns, At safepoint: 15792492 ns, Total: 15904395 ns
[3295.360s][info ][safepoint      ] Safepoint "Cleanup", Time since last: 1000056632 ns, Reaching safepoint: 79002 ns, At safepoint: 8900 ns, Total: 87902 ns
[3298.180s][info ][safepoint      ] Safepoint "Cleanup", Time since last: 2819436047 ns, Reaching safepoint: 109502 ns, At safepoint: 9500 ns, Total: 119002 ns
[3299.180s][info ][safepoint      ] Safepoint "Cleanup", Time since last: 1000129334 ns, Reaching safepoint: 149603 ns, At safepoint: 8500 ns, Total: 158103 ns
[3301.180s][info ][safepoint      ] Safepoint "Cleanup", Time since last: 2000181966 ns, Reaching safepoint: 122702 ns, At safepoint: 5500 ns, Total: 128202 ns
[3302.180s][info ][safepoint      ] Safepoint "Cleanup", Time since last: 1000115334 ns, Reaching safepoint: 115202 ns, At safepoint: 5700 ns, Total: 120902 ns
[3303.181s][info ][safepoint      ] Safepoint "Cleanup", Time since last: 1000112533 ns, Reaching safepoint: 130603 ns, At safepoint: 8300 ns, Total: 138903 ns
[3304.181s][info ][safepoint      ] Safepoint "Cleanup", Time since last: 1000139734 ns, Reaching safepoint: 134903 ns, At safepoint: 14000 ns, Total: 148903 ns
[3305.181s][info ][safepoint      ] Safepoint "Cleanup", Time since last: 1000114534 ns, Reaching safepoint: 118902 ns, At safepoint: 6600 ns, Total: 125502 ns
[3307.182s][info ][safepoint      ] Safepoint "Cleanup", Time since last: 2000267068 ns, Reaching safepoint: 121402 ns, At safepoint: 10400 ns, Total: 131802 ns
[3310.182s][info ][safepoint      ] Safepoint "Cleanup", Time since last: 3000255900 ns, Reaching safepoint: 89102 ns, At safepoint: 28401 ns, Total: 117503 ns
[3312.182s][info ][safepoint      ] Safepoint "Cleanup", Time since last: 2000177767 ns, Reaching safepoint: 46101 ns, At safepoint: 5500 ns, Total: 51601 ns
[3315.182s][info ][safepoint      ] Safepoint "Cleanup", Time since last: 3000217200 ns, Reaching safepoint: 55501 ns, At safepoint: 7900 ns, Total: 63401 ns
[3320.183s][info ][safepoint      ] Safepoint "Cleanup", Time since last: 5000377668 ns, Reaching safepoint: 52901 ns, At safepoint: 6200 ns, Total: 59101 ns
[3324.183s][info ][safepoint      ] Safepoint "Cleanup", Time since last: 4000259035 ns, Reaching safepoint: 39900 ns, At safepoint: 7601 ns, Total: 47501 ns
[3334.542s][info ][gc,start       ] GC(157) Pause Young (Allocation Failure)
[3334.551s][debug][gc,phases      ] GC(157) Scavenge 8.939ms
[3334.551s][debug][gc,ref         ] GC(157) Skipped phase 1 of Reference Processing: no references
[3334.551s][debug][gc,ref         ] GC(157) ReferenceProcessor::execute queues: 1, RefProcThreadModel::Single, marks_oops_alive: false
[3334.551s][debug][gc,ref         ] GC(157) Skipped phase 3 of Reference Processing: no references
[3334.551s][debug][gc,ref         ] GC(157) ReferenceProcessor::execute queues: 1, RefProcThreadModel::Single, marks_oops_alive: false
[3334.551s][debug][gc,phases      ] GC(157) Reference Processing 0.135ms
[3334.552s][debug][gc,phases      ] GC(157)   VM Weak                        Min:  0.0, Avg:  0.0, Max:  0.0, Diff:  0.0, Sum:  0.0, Workers: 4
[3334.552s][debug][gc,phases      ] GC(157)     Dead                           Min: 0, Avg:  0.0, Max: 0, Diff: 0, Sum: 0, Workers: 4
[3334.552s][debug][gc,phases      ] GC(157)     Total                          Min: 0, Avg: 152.2, Max: 437, Diff: 437, Sum: 609, Workers: 4
[3334.552s][debug][gc,phases      ] GC(157)   ObjectSynchronizer Weak        Min:  0.0, Avg:  0.0, Max:  0.0, Diff:  0.0, Sum:  0.0, Workers: 4
[3334.552s][debug][gc,phases      ] GC(157)     Dead                           Min: 0, Avg:  0.0, Max: 0, Diff: 0, Sum: 0, Workers: 4
[3334.552s][debug][gc,phases      ] GC(157)     Total                          Min: 0, Avg: 99.5, Max: 206, Diff: 206, Sum: 398, Workers: 4
[3334.552s][debug][gc,phases      ] GC(157)   JVMTI Tag Weak OopStorage      Min:  0.0, Avg:  0.0, Max:  0.0, Diff:  0.0, Sum:  0.0, Workers: 4
[3334.552s][debug][gc,phases      ] GC(157)     Dead                           Min: 0, Avg:  0.0, Max: 0, Diff: 0, Sum: 0, Workers: 4
[3334.552s][debug][gc,phases      ] GC(157)     Total                          Min: 0, Avg:  0.0, Max: 0, Diff: 0, Sum: 0, Workers: 4
[3334.552s][debug][gc,phases      ] GC(157)   StringTable Weak               Min:  0.1, Avg:  0.1, Max:  0.1, Diff:  0.0, Sum:  0.4, Workers: 4
[3334.552s][debug][gc,phases      ] GC(157)     Dead                           Min: 0, Avg:  0.5, Max: 1, Diff: 1, Sum: 2, Workers: 4
[3334.552s][debug][gc,phases      ] GC(157)     Total                          Min: 10304, Avg: 12213.0, Max: 13973, Diff: 3669, Sum: 48852, Workers: 4
[3334.552s][debug][gc,phases      ] GC(157)   ResolvedMethodTable Weak       Min:  0.0, Avg:  0.0, Max:  0.0, Diff:  0.0, Sum:  0.1, Workers: 4
[3334.552s][debug][gc,phases      ] GC(157)     Dead                           Min: 0, Avg:  0.0, Max: 0, Diff: 0, Sum: 0, Workers: 4
[3334.552s][debug][gc,phases      ] GC(157)     Total                          Min: 1920, Avg: 2134.5, Max: 2432, Diff: 512, Sum: 8538, Workers: 4
[3334.552s][debug][gc,phases      ] GC(157)   JNI Weak                       Min:  0.0, Avg:  0.0, Max:  0.0, Diff:  0.0, Sum:  0.0, Workers: 4
[3334.552s][debug][gc,phases      ] GC(157)     Dead                           Min: 0, Avg:  0.0, Max: 0, Diff: 0, Sum: 0, Workers: 4
[3334.552s][debug][gc,phases      ] GC(157)     Total                          Min: 0, Avg:  0.0, Max: 0, Diff: 0, Sum: 0, Workers: 4
[3334.552s][debug][gc,phases      ] GC(157)   StringDedup Table Weak         Min:  0.0, Avg:  0.0, Max:  0.0, Diff:  0.0, Sum:  0.0, Workers: 4
[3334.552s][debug][gc,phases      ] GC(157)     Dead                           Min: 0, Avg:  0.0, Max: 0, Diff: 0, Sum: 0, Workers: 4
[3334.552s][debug][gc,phases      ] GC(157)     Total                          Min: 0, Avg:  0.0, Max: 0, Diff: 0, Sum: 0, Workers: 4
[3334.552s][debug][gc,phases      ] GC(157)   StringDedup Requests0 Weak     Min:  0.0, Avg:  0.0, Max:  0.0, Diff:  0.0, Sum:  0.0, Workers: 4
[3334.552s][debug][gc,phases      ] GC(157)     Dead                           Min: 0, Avg:  0.0, Max: 0, Diff: 0, Sum: 0, Workers: 4
[3334.552s][debug][gc,phases      ] GC(157)     Total                          Min: 0, Avg:  0.0, Max: 0, Diff: 0, Sum: 0, Workers: 4
[3334.552s][debug][gc,phases      ] GC(157)   StringDedup Requests1 Weak     Min:  0.0, Avg:  0.0, Max:  0.0, Diff:  0.0, Sum:  0.0, Workers: 4
[3334.552s][debug][gc,phases      ] GC(157)     Dead                           Min: 0, Avg:  0.0, Max: 0, Diff: 0, Sum: 0, Workers: 4
[3334.552s][debug][gc,phases      ] GC(157)     Total                          Min: 0, Avg:  0.0, Max: 0, Diff: 0, Sum: 0, Workers: 4
[3334.552s][debug][gc,phases      ] GC(157)   Weak JFR Old Object Samples    Min:  0.0, Avg:  0.0, Max:  0.0, Diff:  0.0, Sum:  0.0, Workers: 4
[3334.552s][debug][gc,phases      ] GC(157)     Dead                           Min: 0, Avg:  0.0, Max: 0, Diff: 0, Sum: 0, Workers: 4
[3334.552s][debug][gc,phases      ] GC(157)     Total                          Min: 0, Avg:  0.0, Max: 0, Diff: 0, Sum: 0, Workers: 4
[3334.552s][debug][gc,phases      ] GC(157) Weak Processing 0.350ms
[3334.552s][debug][gc,age         ] GC(157) Desired survivor size 114294784 bytes, new threshold 15 (max threshold 15)
[3334.552s][info ][gc,heap        ] GC(157) PSYoungGen: 1893712K(1978368K)->32608K(1970688K) Eden: 1851904K(1851904K)->0K(1851904K) From: 41808K(126464K)->32608K(118784K)
[3334.552s][info ][gc,heap        ] GC(157) ParOldGen: 548766K(675328K)->548774K(675328K)
[3334.552s][info ][gc,metaspace   ] GC(157) Metaspace: 85223K(86336K)->85223K(86336K) NonClass: 73408K(74048K)->73408K(74048K) Class: 11814K(12288K)->11814K(12288K)
[3334.552s][info ][gc             ] GC(157) Pause Young (Allocation Failure) 2385M->567M(2584M) 9.555ms
[3334.552s][info ][gc,cpu         ] GC(157) User=0.04s Sys=0.00s Real=0.01s
[3334.552s][info ][safepoint      ] Safepoint "ParallelGCFailedAllocation", Time since last: 10358823478 ns, Reaching safepoint: 96902 ns, At safepoint: 9654078 ns, Total: 9750980 ns
[3347.553s][info ][safepoint      ] Safepoint "Cleanup", Time since last: 13000790049 ns, Reaching safepoint: 48501 ns, At safepoint: 2900 ns, Total: 51401 ns
[3355.553s][info ][safepoint      ] Safepoint "Cleanup", Time since last: 8000596883 ns, Reaching safepoint: 54101 ns, At safepoint: 8400 ns, Total: 62501 ns
[3363.554s][info ][safepoint      ] Safepoint "Cleanup", Time since last: 8000572185 ns, Reaching safepoint: 51801 ns, At safepoint: 6100 ns, Total: 57901 ns
[3378.555s][info ][safepoint      ] Safepoint "Cleanup", Time since last: 15001078743 ns, Reaching safepoint: 57001 ns, At safepoint: 7900 ns, Total: 64901 ns
[3386.556s][info ][safepoint      ] Safepoint "Cleanup", Time since last: 8000587994 ns, Reaching safepoint: 172003 ns, At safepoint: 12000 ns, Total: 184003 ns
[3386.596s][info ][gc,start       ] GC(158) Pause Young (Allocation Failure)
[3386.615s][debug][gc,phases      ] GC(158) Scavenge 18.373ms
[3386.615s][debug][gc,ref         ] GC(158) Skipped phase 1 of Reference Processing: no references
[3386.615s][debug][gc,ref         ] GC(158) ReferenceProcessor::execute queues: 1, RefProcThreadModel::Single, marks_oops_alive: false
[3386.615s][debug][gc,ref         ] GC(158) Skipped phase 3 of Reference Processing: no references
[3386.615s][debug][gc,ref         ] GC(158) ReferenceProcessor::execute queues: 1, RefProcThreadModel::Single, marks_oops_alive: false
[3386.615s][debug][gc,phases      ] GC(158) Reference Processing 0.164ms
[3386.615s][debug][gc,phases      ] GC(158)   VM Weak                        Min:  0.0, Avg:  0.0, Max:  0.0, Diff:  0.0, Sum:  0.0, Workers: 4
[3386.615s][debug][gc,phases      ] GC(158)     Dead                           Min: 0, Avg:  0.0, Max: 0, Diff: 0, Sum: 0, Workers: 4
[3386.615s][debug][gc,phases      ] GC(158)     Total                          Min: 0, Avg: 152.2, Max: 552, Diff: 552, Sum: 609, Workers: 4
[3386.615s][debug][gc,phases      ] GC(158)   ObjectSynchronizer Weak        Min:  0.0, Avg:  0.0, Max:  0.0, Diff:  0.0, Sum:  0.0, Workers: 4
[3386.615s][debug][gc,phases      ] GC(158)     Dead                           Min: 0, Avg:  0.0, Max: 0, Diff: 0, Sum: 0, Workers: 4
[3386.615s][debug][gc,phases      ] GC(158)     Total                          Min: 0, Avg: 99.5, Max: 206, Diff: 206, Sum: 398, Workers: 4
[3386.615s][debug][gc,phases      ] GC(158)   JVMTI Tag Weak OopStorage      Min:  0.0, Avg:  0.0, Max:  0.0, Diff:  0.0, Sum:  0.0, Workers: 4
[3386.615s][debug][gc,phases      ] GC(158)     Dead                           Min: 0, Avg:  0.0, Max: 0, Diff: 0, Sum: 0, Workers: 4
[3386.615s][debug][gc,phases      ] GC(158)     Total                          Min: 0, Avg:  0.0, Max: 0, Diff: 0, Sum: 0, Workers: 4
[3386.615s][debug][gc,phases      ] GC(158)   StringTable Weak               Min:  0.1, Avg:  0.1, Max:  0.1, Diff:  0.0, Sum:  0.4, Workers: 4
[3386.615s][debug][gc,phases      ] GC(158)     Dead                           Min: 0, Avg:  0.0, Max: 0, Diff: 0, Sum: 0, Workers: 4
[3386.615s][debug][gc,phases      ] GC(158)     Total                          Min: 11264, Avg: 12213.2, Max: 13632, Diff: 2368, Sum: 48853, Workers: 4
[3386.615s][debug][gc,phases      ] GC(158)   ResolvedMethodTable Weak       Min:  0.0, Avg:  0.0, Max:  0.0, Diff:  0.0, Sum:  0.1, Workers: 4
[3386.615s][debug][gc,phases      ] GC(158)     Dead                           Min: 0, Avg:  0.0, Max: 0, Diff: 0, Sum: 0, Workers: 4
[3386.615s][debug][gc,phases      ] GC(158)     Total                          Min: 1984, Avg: 2134.5, Max: 2368, Diff: 384, Sum: 8538, Workers: 4
[3386.615s][debug][gc,phases      ] GC(158)   JNI Weak                       Min:  0.0, Avg:  0.0, Max:  0.0, Diff:  0.0, Sum:  0.0, Workers: 4
[3386.615s][debug][gc,phases      ] GC(158)     Dead                           Min: 0, Avg:  0.0, Max: 0, Diff: 0, Sum: 0, Workers: 4
[3386.615s][debug][gc,phases      ] GC(158)     Total                          Min: 0, Avg:  0.0, Max: 0, Diff: 0, Sum: 0, Workers: 4
[3386.615s][debug][gc,phases      ] GC(158)   StringDedup Table Weak         Min:  0.0, Avg:  0.0, Max:  0.0, Diff:  0.0, Sum:  0.0, Workers: 4
[3386.615s][debug][gc,phases      ] GC(158)     Dead                           Min: 0, Avg:  0.0, Max: 0, Diff: 0, Sum: 0, Workers: 4
[3386.615s][debug][gc,phases      ] GC(158)     Total                          Min: 0, Avg:  0.0, Max: 0, Diff: 0, Sum: 0, Workers: 4
[3386.615s][debug][gc,phases      ] GC(158)   StringDedup Requests0 Weak     Min:  0.0, Avg:  0.0, Max:  0.0, Diff:  0.0, Sum:  0.0, Workers: 4
[3386.615s][debug][gc,phases      ] GC(158)     Dead                           Min: 0, Avg:  0.0, Max: 0, Diff: 0, Sum: 0, Workers: 4
[3386.615s][debug][gc,phases      ] GC(158)     Total                          Min: 0, Avg:  0.0, Max: 0, Diff: 0, Sum: 0, Workers: 4
[3386.615s][debug][gc,phases      ] GC(158)   StringDedup Requests1 Weak     Min:  0.0, Avg:  0.0, Max:  0.0, Diff:  0.0, Sum:  0.0, Workers: 4
[3386.615s][debug][gc,phases      ] GC(158)     Dead                           Min: 0, Avg:  0.0, Max: 0, Diff: 0, Sum: 0, Workers: 4
[3386.615s][debug][gc,phases      ] GC(158)     Total                          Min: 0, Avg:  0.0, Max: 0, Diff: 0, Sum: 0, Workers: 4
[3386.615s][debug][gc,phases      ] GC(158)   Weak JFR Old Object Samples    Min:  0.0, Avg:  0.0, Max:  0.0, Diff:  0.0, Sum:  0.0, Workers: 4
[3386.615s][debug][gc,phases      ] GC(158)     Dead                           Min: 0, Avg:  0.0, Max: 0, Diff: 0, Sum: 0, Workers: 4
[3386.615s][debug][gc,phases      ] GC(158)     Total                          Min: 0, Avg:  0.0, Max: 0, Diff: 0, Sum: 0, Workers: 4
[3386.615s][debug][gc,phases      ] GC(158) Weak Processing 0.340ms
[3386.615s][debug][gc,age         ] GC(158) Desired survivor size 113246208 bytes, new threshold 15 (max threshold 15)
[3386.615s][info ][gc,heap        ] GC(158) PSYoungGen: 1884512K(1970688K)->54624K(1986560K) Eden: 1851904K(1851904K)->0K(1874944K) From: 32608K(118784K)->54624K(111616K)
[3386.615s][info ][gc,heap        ] GC(158) ParOldGen: 548774K(675328K)->548774K(675328K)
[3386.615s][info ][gc,metaspace   ] GC(158) Metaspace: 85226K(86336K)->85226K(86336K) NonClass: 73412K(74048K)->73412K(74048K) Class: 11814K(12288K)->11814K(12288K)
[3386.615s][info ][gc             ] GC(158) Pause Young (Allocation Failure) 2376M->589M(2599M) 19.022ms
[3386.615s][info ][gc,cpu         ] GC(158) User=0.08s Sys=0.00s Real=0.02s
[3386.615s][info ][safepoint      ] Safepoint "ParallelGCFailedAllocation", Time since last: 40198945 ns, Reaching safepoint: 102902 ns, At safepoint: 19105354 ns, Total: 19208256 ns
[3387.615s][info ][safepoint      ] Safepoint "Cleanup", Time since last: 1000081337 ns, Reaching safepoint: 60201 ns, At safepoint: 9601 ns, Total: 69802 ns
[3388.616s][info ][safepoint      ] Safepoint "Cleanup", Time since last: 1000111437 ns, Reaching safepoint: 59001 ns, At safepoint: 7100 ns, Total: 66101 ns
[3389.616s][info ][safepoint      ] Safepoint "Cleanup", Time since last: 1000625548 ns, Reaching safepoint: 68001 ns, At safepoint: 7700 ns, Total: 75701 ns
[3394.617s][info ][safepoint      ] Safepoint "Cleanup", Time since last: 5000390986 ns, Reaching safepoint: 57202 ns, At safepoint: 5800 ns, Total: 63002 ns
[3409.618s][info ][safepoint      ] Safepoint "Cleanup", Time since last: 15001068863 ns, Reaching safepoint: 50201 ns, At safepoint: 3000 ns, Total: 53201 ns
[3414.618s][info ][safepoint      ] Safepoint "Cleanup", Time since last: 5000375991 ns, Reaching safepoint: 62401 ns, At safepoint: 11400 ns, Total: 73801 ns
[3416.619s][info ][safepoint      ] Safepoint "Cleanup", Time since last: 2000194977 ns, Reaching safepoint: 65701 ns, At safepoint: 5601 ns, Total: 71302 ns
[3418.619s][info ][safepoint      ] Safepoint "Cleanup", Time since last: 2000186677 ns, Reaching safepoint: 68501 ns, At safepoint: 3400 ns, Total: 71901 ns
[3419.619s][info ][safepoint      ] Safepoint "Cleanup", Time since last: 1000122039 ns, Reaching safepoint: 55401 ns, At safepoint: 3801 ns, Total: 59202 ns
[3437.622s][info ][safepoint      ] Safepoint "Cleanup", Time since last: 18002754624 ns, Reaching safepoint: 103001 ns, At safepoint: 13001 ns, Total: 116002 ns
[3443.409s][info ][gc,start       ] GC(159) Pause Young (Allocation Failure)
[3443.423s][debug][gc,phases      ] GC(159) Scavenge 14.424ms
[3443.423s][debug][gc,ref         ] GC(159) Skipped phase 1 of Reference Processing: no references
[3443.423s][debug][gc,ref         ] GC(159) ReferenceProcessor::execute queues: 1, RefProcThreadModel::Single, marks_oops_alive: false
[3443.423s][debug][gc,ref         ] GC(159) Skipped phase 3 of Reference Processing: no references
[3443.423s][debug][gc,ref         ] GC(159) ReferenceProcessor::execute queues: 1, RefProcThreadModel::Single, marks_oops_alive: false
[3443.424s][debug][gc,phases      ] GC(159) Reference Processing 0.149ms
[3443.424s][debug][gc,phases      ] GC(159)   VM Weak                        Min:  0.0, Avg:  0.0, Max:  0.0, Diff:  0.0, Sum:  0.0, Workers: 4
[3443.424s][debug][gc,phases      ] GC(159)     Dead                           Min: 0, Avg:  0.0, Max: 0, Diff: 0, Sum: 0, Workers: 4
[3443.424s][debug][gc,phases      ] GC(159)     Total                          Min: 0, Avg: 152.2, Max: 334, Diff: 334, Sum: 609, Workers: 4
[3443.424s][debug][gc,phases      ] GC(159)   ObjectSynchronizer Weak        Min:  0.0, Avg:  0.0, Max:  0.0, Diff:  0.0, Sum:  0.0, Workers: 4
[3443.424s][debug][gc,phases      ] GC(159)     Dead                           Min: 0, Avg:  0.0, Max: 0, Diff: 0, Sum: 0, Workers: 4
[3443.424s][debug][gc,phases      ] GC(159)     Total                          Min: 0, Avg: 99.5, Max: 142, Diff: 142, Sum: 398, Workers: 4
[3443.424s][debug][gc,phases      ] GC(159)   JVMTI Tag Weak OopStorage      Min:  0.0, Avg:  0.0, Max:  0.0, Diff:  0.0, Sum:  0.0, Workers: 4
[3443.424s][debug][gc,phases      ] GC(159)     Dead                           Min: 0, Avg:  0.0, Max: 0, Diff: 0, Sum: 0, Workers: 4
[3443.424s][debug][gc,phases      ] GC(159)     Total                          Min: 0, Avg:  0.0, Max: 0, Diff: 0, Sum: 0, Workers: 4
[3443.424s][debug][gc,phases      ] GC(159)   StringTable Weak               Min:  0.1, Avg:  0.1, Max:  0.1, Diff:  0.0, Sum:  0.5, Workers: 4
[3443.424s][debug][gc,phases      ] GC(159)     Dead                           Min: 0, Avg:  0.0, Max: 0, Diff: 0, Sum: 0, Workers: 4
[3443.424s][debug][gc,phases      ] GC(159)     Total                          Min: 10624, Avg: 12215.8, Max: 14400, Diff: 3776, Sum: 48863, Workers: 4
[3443.424s][debug][gc,phases      ] GC(159)   ResolvedMethodTable Weak       Min:  0.0, Avg:  0.0, Max:  0.0, Diff:  0.0, Sum:  0.1, Workers: 4
[3443.424s][debug][gc,phases      ] GC(159)     Dead                           Min: 0, Avg:  0.0, Max: 0, Diff: 0, Sum: 0, Workers: 4
[3443.424s][debug][gc,phases      ] GC(159)     Total                          Min: 1856, Avg: 2134.5, Max: 2368, Diff: 512, Sum: 8538, Workers: 4
[3443.424s][debug][gc,phases      ] GC(159)   JNI Weak                       Min:  0.0, Avg:  0.0, Max:  0.0, Diff:  0.0, Sum:  0.0, Workers: 4
[3443.424s][debug][gc,phases      ] GC(159)     Dead                           Min: 0, Avg:  0.0, Max: 0, Diff: 0, Sum: 0, Workers: 4
[3443.424s][debug][gc,phases      ] GC(159)     Total                          Min: 0, Avg:  0.0, Max: 0, Diff: 0, Sum: 0, Workers: 4
[3443.424s][debug][gc,phases      ] GC(159)   StringDedup Table Weak         Min:  0.0, Avg:  0.0, Max:  0.0, Diff:  0.0, Sum:  0.0, Workers: 4
[3443.424s][debug][gc,phases      ] GC(159)     Dead                           Min: 0, Avg:  0.0, Max: 0, Diff: 0, Sum: 0, Workers: 4
[3443.424s][debug][gc,phases      ] GC(159)     Total                          Min: 0, Avg:  0.0, Max: 0, Diff: 0, Sum: 0, Workers: 4
[3443.424s][debug][gc,phases      ] GC(159)   StringDedup Requests0 Weak     Min:  0.0, Avg:  0.0, Max:  0.0, Diff:  0.0, Sum:  0.0, Workers: 4
[3443.424s][debug][gc,phases      ] GC(159)     Dead                           Min: 0, Avg:  0.0, Max: 0, Diff: 0, Sum: 0, Workers: 4
[3443.424s][debug][gc,phases      ] GC(159)     Total                          Min: 0, Avg:  0.0, Max: 0, Diff: 0, Sum: 0, Workers: 4
[3443.424s][debug][gc,phases      ] GC(159)   StringDedup Requests1 Weak     Min:  0.0, Avg:  0.0, Max:  0.0, Diff:  0.0, Sum:  0.0, Workers: 4
[3443.424s][debug][gc,phases      ] GC(159)     Dead                           Min: 0, Avg:  0.0, Max: 0, Diff: 0, Sum: 0, Workers: 4
[3443.424s][debug][gc,phases      ] GC(159)     Total                          Min: 0, Avg:  0.0, Max: 0, Diff: 0, Sum: 0, Workers: 4
[3443.424s][debug][gc,phases      ] GC(159)   Weak JFR Old Object Samples    Min:  0.0, Avg:  0.0, Max:  0.0, Diff:  0.0, Sum:  0.0, Workers: 4
[3443.424s][debug][gc,phases      ] GC(159)     Dead                           Min: 0, Avg:  0.0, Max: 0, Diff: 0, Sum: 0, Workers: 4
[3443.424s][debug][gc,phases      ] GC(159)     Total                          Min: 0, Avg:  0.0, Max: 0, Diff: 0, Sum: 0, Workers: 4
[3443.424s][debug][gc,phases      ] GC(159) Weak Processing 0.345ms
[3443.424s][debug][gc,age         ] GC(159) Desired survivor size 112197632 bytes, new threshold 15 (max threshold 15)
[3443.424s][info ][gc,heap        ] GC(159) PSYoungGen: 1929568K(1986560K)->55328K(1985536K) Eden: 1874944K(1874944K)->0K(1874944K) From: 54624K(111616K)->55328K(110592K)
[3443.424s][info ][gc,heap        ] GC(159) ParOldGen: 548774K(675328K)->548774K(675328K)
[3443.424s][info ][gc,metaspace   ] GC(159) Metaspace: 85230K(86336K)->85230K(86336K) NonClass: 73415K(74048K)->73415K(74048K) Class: 11814K(12288K)->11814K(12288K)
[3443.424s][info ][gc             ] GC(159) Pause Young (Allocation Failure) 2420M->589M(2598M) 15.069ms
[3443.424s][info ][gc,cpu         ] GC(159) User=0.06s Sys=0.00s Real=0.02s
[3443.424s][info ][safepoint      ] Safepoint "ParallelGCFailedAllocation", Time since last: 5786870476 ns, Reaching safepoint: 51701 ns, At safepoint: 15160981 ns, Total: 15212682 ns
[3450.425s][info ][safepoint      ] Safepoint "Cleanup", Time since last: 7000507376 ns, Reaching safepoint: 128503 ns, At safepoint: 9100 ns, Total: 137603 ns
[3466.426s][info ][safepoint      ] Safepoint "Cleanup", Time since last: 16001151539 ns, Reaching safepoint: 237104 ns, At safepoint: 9500 ns, Total: 246604 ns
[3479.427s][info ][safepoint      ] Safepoint "Cleanup", Time since last: 13000950527 ns, Reaching safepoint: 127602 ns, At safepoint: 12001 ns, Total: 139603 ns
[3480.427s][info ][safepoint      ] Safepoint "Cleanup", Time since last: 1000111241 ns, Reaching safepoint: 111802 ns, At safepoint: 8000 ns, Total: 119802 ns
[3482.428s][info ][safepoint      ] Safepoint "Cleanup", Time since last: 2000191083 ns, Reaching safepoint: 120302 ns, At safepoint: 6100 ns, Total: 126402 ns
[3492.429s][info ][safepoint      ] Safepoint "Cleanup", Time since last: 10000747511 ns, Reaching safepoint: 126402 ns, At safepoint: 38601 ns, Total: 165003 ns
[3499.429s][info ][safepoint      ] Safepoint "Cleanup", Time since last: 7000488789 ns, Reaching safepoint: 112302 ns, At safepoint: 5500 ns, Total: 117802 ns
[3532.132s][info ][gc,start       ] GC(160) Pause Young (Allocation Failure)
[3532.146s][debug][gc,phases      ] GC(160) Scavenge 13.826ms
[3532.146s][debug][gc,ref         ] GC(160) Skipped phase 1 of Reference Processing: no references
[3532.146s][debug][gc,ref         ] GC(160) ReferenceProcessor::execute queues: 1, RefProcThreadModel::Single, marks_oops_alive: false
[3532.146s][debug][gc,ref         ] GC(160) Skipped phase 3 of Reference Processing: no references
[3532.146s][debug][gc,ref         ] GC(160) ReferenceProcessor::execute queues: 1, RefProcThreadModel::Single, marks_oops_alive: false
[3532.146s][debug][gc,phases      ] GC(160) Reference Processing 0.148ms
[3532.146s][debug][gc,phases      ] GC(160)   VM Weak                        Min:  0.0, Avg:  0.0, Max:  0.0, Diff:  0.0, Sum:  0.0, Workers: 4
[3532.146s][debug][gc,phases      ] GC(160)     Dead                           Min: 0, Avg:  0.0, Max: 0, Diff: 0, Sum: 0, Workers: 4
[3532.146s][debug][gc,phases      ] GC(160)     Total                          Min: 0, Avg: 152.2, Max: 437, Diff: 437, Sum: 609, Workers: 4
[3532.146s][debug][gc,phases      ] GC(160)   ObjectSynchronizer Weak        Min:  0.0, Avg:  0.0, Max:  0.0, Diff:  0.0, Sum:  0.0, Workers: 4
[3532.146s][debug][gc,phases      ] GC(160)     Dead                           Min: 0, Avg:  0.0, Max: 0, Diff: 0, Sum: 0, Workers: 4
[3532.146s][debug][gc,phases      ] GC(160)     Total                          Min: 0, Avg: 99.5, Max: 142, Diff: 142, Sum: 398, Workers: 4
[3532.146s][debug][gc,phases      ] GC(160)   JVMTI Tag Weak OopStorage      Min:  0.0, Avg:  0.0, Max:  0.0, Diff:  0.0, Sum:  0.0, Workers: 4
[3532.146s][debug][gc,phases      ] GC(160)     Dead                           Min: 0, Avg:  0.0, Max: 0, Diff: 0, Sum: 0, Workers: 4
[3532.146s][debug][gc,phases      ] GC(160)     Total                          Min: 0, Avg:  0.0, Max: 0, Diff: 0, Sum: 0, Workers: 4
[3532.146s][debug][gc,phases      ] GC(160)   StringTable Weak               Min:  0.1, Avg:  0.1, Max:  0.1, Diff:  0.0, Sum:  0.4, Workers: 4
[3532.146s][debug][gc,phases      ] GC(160)     Dead                           Min: 0, Avg:  0.0, Max: 0, Diff: 0, Sum: 0, Workers: 4
[3532.146s][debug][gc,phases      ] GC(160)     Total                          Min: 11776, Avg: 12217.0, Max: 12836, Diff: 1060, Sum: 48868, Workers: 4
[3532.146s][debug][gc,phases      ] GC(160)   ResolvedMethodTable Weak       Min:  0.0, Avg:  0.0, Max:  0.0, Diff:  0.0, Sum:  0.1, Workers: 4
[3532.146s][debug][gc,phases      ] GC(160)     Dead                           Min: 0, Avg:  0.0, Max: 0, Diff: 0, Sum: 0, Workers: 4
[3532.146s][debug][gc,phases      ] GC(160)     Total                          Min: 1984, Avg: 2134.5, Max: 2240, Diff: 256, Sum: 8538, Workers: 4
[3532.146s][debug][gc,phases      ] GC(160)   JNI Weak                       Min:  0.0, Avg:  0.0, Max:  0.0, Diff:  0.0, Sum:  0.0, Workers: 4
[3532.146s][debug][gc,phases      ] GC(160)     Dead                           Min: 0, Avg:  0.0, Max: 0, Diff: 0, Sum: 0, Workers: 4
[3532.146s][debug][gc,phases      ] GC(160)     Total                          Min: 0, Avg:  0.0, Max: 0, Diff: 0, Sum: 0, Workers: 4
[3532.146s][debug][gc,phases      ] GC(160)   StringDedup Table Weak         Min:  0.0, Avg:  0.0, Max:  0.0, Diff:  0.0, Sum:  0.0, Workers: 4
[3532.146s][debug][gc,phases      ] GC(160)     Dead                           Min: 0, Avg:  0.0, Max: 0, Diff: 0, Sum: 0, Workers: 4
[3532.146s][debug][gc,phases      ] GC(160)     Total                          Min: 0, Avg:  0.0, Max: 0, Diff: 0, Sum: 0, Workers: 4
[3532.146s][debug][gc,phases      ] GC(160)   StringDedup Requests0 Weak     Min:  0.0, Avg:  0.0, Max:  0.0, Diff:  0.0, Sum:  0.0, Workers: 4
[3532.146s][debug][gc,phases      ] GC(160)     Dead                           Min: 0, Avg:  0.0, Max: 0, Diff: 0, Sum: 0, Workers: 4
[3532.146s][debug][gc,phases      ] GC(160)     Total                          Min: 0, Avg:  0.0, Max: 0, Diff: 0, Sum: 0, Workers: 4
[3532.146s][debug][gc,phases      ] GC(160)   StringDedup Requests1 Weak     Min:  0.0, Avg:  0.0, Max:  0.0, Diff:  0.0, Sum:  0.0, Workers: 4
[3532.146s][debug][gc,phases      ] GC(160)     Dead                           Min: 0, Avg:  0.0, Max: 0, Diff: 0, Sum: 0, Workers: 4
[3532.146s][debug][gc,phases      ] GC(160)     Total                          Min: 0, Avg:  0.0, Max: 0, Diff: 0, Sum: 0, Workers: 4
[3532.146s][debug][gc,phases      ] GC(160)   Weak JFR Old Object Samples    Min:  0.0, Avg:  0.0, Max:  0.0, Diff:  0.0, Sum:  0.0, Workers: 4
[3532.146s][debug][gc,phases      ] GC(160)     Dead                           Min: 0, Avg:  0.0, Max: 0, Diff: 0, Sum: 0, Workers: 4
[3532.146s][debug][gc,phases      ] GC(160)     Total                          Min: 0, Avg:  0.0, Max: 0, Diff: 0, Sum: 0, Workers: 4
[3532.146s][debug][gc,phases      ] GC(160) Weak Processing 0.478ms
[3532.146s][debug][gc,age         ] GC(160) Desired survivor size 110624768 bytes, new threshold 15 (max threshold 15)
[3532.146s][info ][gc,heap        ] GC(160) PSYoungGen: 1930272K(1985536K)->55408K(1989120K) Eden: 1874944K(1874944K)->0K(1879552K) From: 55328K(110592K)->55408K(109568K)
[3532.146s][info ][gc,heap        ] GC(160) ParOldGen: 548774K(675328K)->548782K(675328K)
[3532.146s][info ][gc,metaspace   ] GC(160) Metaspace: 85239K(86336K)->85239K(86336K) NonClass: 73424K(74048K)->73424K(74048K) Class: 11815K(12288K)->11815K(12288K)
[3532.146s][info ][gc             ] GC(160) Pause Young (Allocation Failure) 2420M->590M(2602M) 14.607ms
[3532.146s][info ][gc,cpu         ] GC(160) User=0.06s Sys=0.00s Real=0.01s
[3532.147s][info ][safepoint      ] Safepoint "ParallelGCFailedAllocation", Time since last: 32702636031 ns, Reaching safepoint: 42301 ns, At safepoint: 14687972 ns, Total: 14730273 ns
[3545.147s][info ][safepoint      ] Safepoint "Cleanup", Time since last: 13000841155 ns, Reaching safepoint: 52601 ns, At safepoint: 7301 ns, Total: 59902 ns
[3554.148s][info ][safepoint      ] Safepoint "Cleanup", Time since last: 9000624488 ns, Reaching safepoint: 65001 ns, At safepoint: 9000 ns, Total: 74001 ns
[3557.148s][info ][safepoint      ] Safepoint "Cleanup", Time since last: 3000176930 ns, Reaching safepoint: 45001 ns, At safepoint: 3500 ns, Total: 48501 ns
[3561.149s][info ][safepoint      ] Safepoint "Cleanup", Time since last: 4000314174 ns, Reaching safepoint: 51301 ns, At safepoint: 8401 ns, Total: 59702 ns
[3568.150s][info ][safepoint      ] Safepoint "Cleanup", Time since last: 7001011515 ns, Reaching safepoint: 51101 ns, At safepoint: 7500 ns, Total: 58601 ns
[3577.151s][info ][safepoint      ] Safepoint "Cleanup", Time since last: 9000683296 ns, Reaching safepoint: 57201 ns, At safepoint: 3900 ns, Total: 61101 ns
[3579.151s][info ][safepoint      ] Safepoint "Cleanup", Time since last: 2000175289 ns, Reaching safepoint: 49201 ns, At safepoint: 6800 ns, Total: 56001 ns
[3584.151s][info ][safepoint      ] Safepoint "Cleanup", Time since last: 5000497224 ns, Reaching safepoint: 68501 ns, At safepoint: 5400 ns, Total: 73901 ns
[3586.152s][info ][safepoint      ] Safepoint "Cleanup", Time since last: 2000170790 ns, Reaching safepoint: 49701 ns, At safepoint: 7000 ns, Total: 56701 ns
[3595.152s][info ][safepoint      ] Safepoint "Cleanup", Time since last: 9000659000 ns, Reaching safepoint: 53301 ns, At safepoint: 10201 ns, Total: 63502 ns
[3600.153s][info ][safepoint      ] Safepoint "Cleanup", Time since last: 5000398924 ns, Reaching safepoint: 52301 ns, At safepoint: 6000 ns, Total: 58301 ns
[3605.153s][info ][safepoint      ] Safepoint "Cleanup", Time since last: 5000395025 ns, Reaching safepoint: 53001 ns, At safepoint: 8100 ns, Total: 61101 ns
[3615.636s][info ][safepoint      ] Safepoint "ParallelGCFailedAllocation", Time since last: 10483167798 ns, Reaching safepoint: 114102 ns, At safepoint: 15900 ns, Total: 130002 ns
[3615.637s][info ][gc,start       ] GC(161) Pause Young (GCLocker Initiated GC)
[3615.651s][debug][gc,phases      ] GC(161) Scavenge 14.250ms
[3615.651s][debug][gc,ref         ] GC(161) Skipped phase 1 of Reference Processing: no references
[3615.651s][debug][gc,ref         ] GC(161) ReferenceProcessor::execute queues: 1, RefProcThreadModel::Single, marks_oops_alive: false
[3615.651s][debug][gc,ref         ] GC(161) Skipped phase 3 of Reference Processing: no references
[3615.651s][debug][gc,ref         ] GC(161) ReferenceProcessor::execute queues: 1, RefProcThreadModel::Single, marks_oops_alive: false
[3615.651s][debug][gc,phases      ] GC(161) Reference Processing 0.158ms
[3615.651s][debug][gc,phases      ] GC(161)   VM Weak                        Min:  0.0, Avg:  0.0, Max:  0.0, Diff:  0.0, Sum:  0.0, Workers: 4
[3615.651s][debug][gc,phases      ] GC(161)     Dead                           Min: 0, Avg:  0.0, Max: 0, Diff: 0, Sum: 0, Workers: 4
[3615.651s][debug][gc,phases      ] GC(161)     Total                          Min: 0, Avg: 152.2, Max: 363, Diff: 363, Sum: 609, Workers: 4
[3615.651s][debug][gc,phases      ] GC(161)   ObjectSynchronizer Weak        Min:  0.0, Avg:  0.0, Max:  0.0, Diff:  0.0, Sum:  0.0, Workers: 4
[3615.651s][debug][gc,phases      ] GC(161)     Dead                           Min: 0, Avg:  0.0, Max: 0, Diff: 0, Sum: 0, Workers: 4
[3615.651s][debug][gc,phases      ] GC(161)     Total                          Min: 64, Avg: 99.5, Max: 142, Diff: 78, Sum: 398, Workers: 4
[3615.651s][debug][gc,phases      ] GC(161)   JVMTI Tag Weak OopStorage      Min:  0.0, Avg:  0.0, Max:  0.0, Diff:  0.0, Sum:  0.0, Workers: 4
[3615.651s][debug][gc,phases      ] GC(161)     Dead                           Min: 0, Avg:  0.0, Max: 0, Diff: 0, Sum: 0, Workers: 4
[3615.651s][debug][gc,phases      ] GC(161)     Total                          Min: 0, Avg:  0.0, Max: 0, Diff: 0, Sum: 0, Workers: 4
[3615.651s][debug][gc,phases      ] GC(161)   StringTable Weak               Min:  0.1, Avg:  0.1, Max:  0.1, Diff:  0.0, Sum:  0.4, Workers: 4
[3615.651s][debug][gc,phases      ] GC(161)     Dead                           Min: 0, Avg:  0.0, Max: 0, Diff: 0, Sum: 0, Workers: 4
[3615.651s][debug][gc,phases      ] GC(161)     Total                          Min: 11584, Avg: 12217.0, Max: 12772, Diff: 1188, Sum: 48868, Workers: 4
[3615.651s][debug][gc,phases      ] GC(161)   ResolvedMethodTable Weak       Min:  0.0, Avg:  0.0, Max:  0.0, Diff:  0.0, Sum:  0.1, Workers: 4
[3615.651s][debug][gc,phases      ] GC(161)     Dead                           Min: 0, Avg:  0.0, Max: 0, Diff: 0, Sum: 0, Workers: 4
[3615.651s][debug][gc,phases      ] GC(161)     Total                          Min: 2048, Avg: 2134.5, Max: 2368, Diff: 320, Sum: 8538, Workers: 4
[3615.651s][debug][gc,phases      ] GC(161)   JNI Weak                       Min:  0.0, Avg:  0.0, Max:  0.0, Diff:  0.0, Sum:  0.0, Workers: 4
[3615.651s][debug][gc,phases      ] GC(161)     Dead                           Min: 0, Avg:  0.0, Max: 0, Diff: 0, Sum: 0, Workers: 4
[3615.651s][debug][gc,phases      ] GC(161)     Total                          Min: 0, Avg:  0.0, Max: 0, Diff: 0, Sum: 0, Workers: 4
[3615.651s][debug][gc,phases      ] GC(161)   StringDedup Table Weak         Min:  0.0, Avg:  0.0, Max:  0.0, Diff:  0.0, Sum:  0.0, Workers: 4
[3615.651s][debug][gc,phases      ] GC(161)     Dead                           Min: 0, Avg:  0.0, Max: 0, Diff: 0, Sum: 0, Workers: 4
[3615.651s][debug][gc,phases      ] GC(161)     Total                          Min: 0, Avg:  0.0, Max: 0, Diff: 0, Sum: 0, Workers: 4
[3615.651s][debug][gc,phases      ] GC(161)   StringDedup Requests0 Weak     Min:  0.0, Avg:  0.0, Max:  0.0, Diff:  0.0, Sum:  0.0, Workers: 4
[3615.651s][debug][gc,phases      ] GC(161)     Dead                           Min: 0, Avg:  0.0, Max: 0, Diff: 0, Sum: 0, Workers: 4
[3615.651s][debug][gc,phases      ] GC(161)     Total                          Min: 0, Avg:  0.0, Max: 0, Diff: 0, Sum: 0, Workers: 4
[3615.651s][debug][gc,phases      ] GC(161)   StringDedup Requests1 Weak     Min:  0.0, Avg:  0.0, Max:  0.0, Diff:  0.0, Sum:  0.0, Workers: 4
[3615.651s][debug][gc,phases      ] GC(161)     Dead                           Min: 0, Avg:  0.0, Max: 0, Diff: 0, Sum: 0, Workers: 4
[3615.651s][debug][gc,phases      ] GC(161)     Total                          Min: 0, Avg:  0.0, Max: 0, Diff: 0, Sum: 0, Workers: 4
[3615.651s][debug][gc,phases      ] GC(161)   Weak JFR Old Object Samples    Min:  0.0, Avg:  0.0, Max:  0.0, Diff:  0.0, Sum:  0.0, Workers: 4
[3615.651s][debug][gc,phases      ] GC(161)     Dead                           Min: 0, Avg:  0.0, Max: 0, Diff: 0, Sum: 0, Workers: 4
[3615.651s][debug][gc,phases      ] GC(161)     Total                          Min: 0, Avg:  0.0, Max: 0, Diff: 0, Sum: 0, Workers: 4
[3615.651s][debug][gc,phases      ] GC(161) Weak Processing 0.337ms
[3615.652s][debug][gc,age         ] GC(161) Desired survivor size 109051904 bytes, new threshold 15 (max threshold 15)
[3615.652s][info ][gc,heap        ] GC(161) PSYoungGen: 1934960K(1989120K)->56880K(1987584K) Eden: 1879552K(1879552K)->0K(1879552K) From: 55408K(109568K)->56880K(108032K)
[3615.652s][info ][gc,heap        ] GC(161) ParOldGen: 548783K(675328K)->548783K(675328K)
[3615.652s][info ][gc,metaspace   ] GC(161) Metaspace: 85245K(86336K)->85245K(86336K) NonClass: 73430K(74048K)->73430K(74048K) Class: 11815K(12288K)->11815K(12288K)
[3615.652s][info ][gc             ] GC(161) Pause Young (GCLocker Initiated GC) 2425M->591M(2600M) 14.858ms
[3615.652s][info ][gc,cpu         ] GC(161) User=0.05s Sys=0.00s Real=0.02s
[3615.652s][info ][safepoint      ] Safepoint "ParallelGCSystemGC", Time since last: 67201 ns, Reaching safepoint: 91902 ns, At safepoint: 14936777 ns, Total: 15028679 ns
[3623.652s][info ][safepoint      ] Safepoint "Cleanup", Time since last: 8000672865 ns, Reaching safepoint: 47601 ns, At safepoint: 6000 ns, Total: 53601 ns
[3628.653s][info ][safepoint      ] Safepoint "Cleanup", Time since last: 5000367128 ns, Reaching safepoint: 44901 ns, At safepoint: 2900 ns, Total: 47801 ns
[3630.653s][info ][safepoint      ] Safepoint "Cleanup", Time since last: 2000163991 ns, Reaching safepoint: 49001 ns, At safepoint: 3400 ns, Total: 52401 ns
[3631.653s][info ][safepoint      ] Safepoint "Cleanup", Time since last: 1000128947 ns, Reaching safepoint: 51201 ns, At safepoint: 3200 ns, Total: 54401 ns
[3632.653s][info ][safepoint      ] Safepoint "Cleanup", Time since last: 1000113046 ns, Reaching safepoint: 56602 ns, At safepoint: 3300 ns, Total: 59902 ns
[3633.653s][info ][safepoint      ] Safepoint "Cleanup", Time since last: 1000120746 ns, Reaching safepoint: 50201 ns, At safepoint: 8200 ns, Total: 58401 ns
[3639.654s][info ][safepoint      ] Safepoint "Cleanup", Time since last: 6000454776 ns, Reaching safepoint: 49301 ns, At safepoint: 6100 ns, Total: 55401 ns
[3646.655s][info ][safepoint      ] Safepoint "Cleanup", Time since last: 7000506922 ns, Reaching safepoint: 121802 ns, At safepoint: 13301 ns, Total: 135103 ns
[3657.655s][info ][safepoint      ] Safepoint "Cleanup", Time since last: 11000724007 ns, Reaching safepoint: 54401 ns, At safepoint: 8801 ns, Total: 63202 ns
[3663.656s][info ][safepoint      ] Safepoint "Cleanup", Time since last: 6000474279 ns, Reaching safepoint: 50501 ns, At safepoint: 6400 ns, Total: 56901 ns
[3667.656s][info ][safepoint      ] Safepoint "Cleanup", Time since last: 4000330088 ns, Reaching safepoint: 52701 ns, At safepoint: 11800 ns, Total: 64501 ns
[3667.936s][info ][gc,start       ] GC(162) Pause Young (Allocation Failure)
[3667.951s][debug][gc,phases      ] GC(162) Scavenge 14.744ms
[3667.951s][debug][gc,ref         ] GC(162) Skipped phase 1 of Reference Processing: no references
[3667.951s][debug][gc,ref         ] GC(162) ReferenceProcessor::execute queues: 1, RefProcThreadModel::Single, marks_oops_alive: false
[3667.951s][debug][gc,ref         ] GC(162) Skipped phase 3 of Reference Processing: no references
[3667.951s][debug][gc,ref         ] GC(162) ReferenceProcessor::execute queues: 1, RefProcThreadModel::Single, marks_oops_alive: false
[3667.951s][debug][gc,phases      ] GC(162) Reference Processing 0.157ms
[3667.952s][debug][gc,phases      ] GC(162)   VM Weak                        Min:  0.0, Avg:  0.0, Max:  0.0, Diff:  0.0, Sum:  0.0, Workers: 4
[3667.952s][debug][gc,phases      ] GC(162)     Dead                           Min: 0, Avg:  0.0, Max: 0, Diff: 0, Sum: 0, Workers: 4
[3667.952s][debug][gc,phases      ] GC(162)     Total                          Min: 0, Avg: 152.2, Max: 248, Diff: 248, Sum: 609, Workers: 4
[3667.952s][debug][gc,phases      ] GC(162)   ObjectSynchronizer Weak        Min:  0.0, Avg:  0.0, Max:  0.0, Diff:  0.0, Sum:  0.0, Workers: 4
[3667.952s][debug][gc,phases      ] GC(162)     Dead                           Min: 0, Avg:  0.0, Max: 0, Diff: 0, Sum: 0, Workers: 4
[3667.952s][debug][gc,phases      ] GC(162)     Total                          Min: 0, Avg: 99.5, Max: 142, Diff: 142, Sum: 398, Workers: 4
[3667.952s][debug][gc,phases      ] GC(162)   JVMTI Tag Weak OopStorage      Min:  0.0, Avg:  0.0, Max:  0.0, Diff:  0.0, Sum:  0.0, Workers: 4
[3667.952s][debug][gc,phases      ] GC(162)     Dead                           Min: 0, Avg:  0.0, Max: 0, Diff: 0, Sum: 0, Workers: 4
[3667.952s][debug][gc,phases      ] GC(162)     Total                          Min: 0, Avg:  0.0, Max: 0, Diff: 0, Sum: 0, Workers: 4
[3667.952s][debug][gc,phases      ] GC(162)   StringTable Weak               Min:  0.1, Avg:  0.1, Max:  0.1, Diff:  0.0, Sum:  0.4, Workers: 4
[3667.952s][debug][gc,phases      ] GC(162)     Dead                           Min: 0, Avg:  0.0, Max: 0, Diff: 0, Sum: 0, Workers: 4
[3667.952s][debug][gc,phases      ] GC(162)     Total                          Min: 11456, Avg: 12220.8, Max: 13184, Diff: 1728, Sum: 48883, Workers: 4
[3667.952s][debug][gc,phases      ] GC(162)   ResolvedMethodTable Weak       Min:  0.0, Avg:  0.0, Max:  0.0, Diff:  0.0, Sum:  0.1, Workers: 4
[3667.952s][debug][gc,phases      ] GC(162)     Dead                           Min: 0, Avg:  0.0, Max: 0, Diff: 0, Sum: 0, Workers: 4
[3667.952s][debug][gc,phases      ] GC(162)     Total                          Min: 1856, Avg: 2134.5, Max: 2368, Diff: 512, Sum: 8538, Workers: 4
[3667.952s][debug][gc,phases      ] GC(162)   JNI Weak                       Min:  0.0, Avg:  0.0, Max:  0.0, Diff:  0.0, Sum:  0.0, Workers: 4
[3667.952s][debug][gc,phases      ] GC(162)     Dead                           Min: 0, Avg:  0.0, Max: 0, Diff: 0, Sum: 0, Workers: 4
[3667.952s][debug][gc,phases      ] GC(162)     Total                          Min: 0, Avg:  0.0, Max: 0, Diff: 0, Sum: 0, Workers: 4
[3667.952s][debug][gc,phases      ] GC(162)   StringDedup Table Weak         Min:  0.0, Avg:  0.0, Max:  0.0, Diff:  0.0, Sum:  0.0, Workers: 4
[3667.952s][debug][gc,phases      ] GC(162)     Dead                           Min: 0, Avg:  0.0, Max: 0, Diff: 0, Sum: 0, Workers: 4
[3667.952s][debug][gc,phases      ] GC(162)     Total                          Min: 0, Avg:  0.0, Max: 0, Diff: 0, Sum: 0, Workers: 4
[3667.952s][debug][gc,phases      ] GC(162)   StringDedup Requests0 Weak     Min:  0.0, Avg:  0.0, Max:  0.0, Diff:  0.0, Sum:  0.0, Workers: 4
[3667.952s][debug][gc,phases      ] GC(162)     Dead                           Min: 0, Avg:  0.0, Max: 0, Diff: 0, Sum: 0, Workers: 4
[3667.952s][debug][gc,phases      ] GC(162)     Total                          Min: 0, Avg:  0.0, Max: 0, Diff: 0, Sum: 0, Workers: 4
[3667.952s][debug][gc,phases      ] GC(162)   StringDedup Requests1 Weak     Min:  0.0, Avg:  0.0, Max:  0.0, Diff:  0.0, Sum:  0.0, Workers: 4
[3667.952s][debug][gc,phases      ] GC(162)     Dead                           Min: 0, Avg:  0.0, Max: 0, Diff: 0, Sum: 0, Workers: 4
[3667.952s][debug][gc,phases      ] GC(162)     Total                          Min: 0, Avg:  0.0, Max: 0, Diff: 0, Sum: 0, Workers: 4
[3667.952s][debug][gc,phases      ] GC(162)   Weak JFR Old Object Samples    Min:  0.0, Avg:  0.0, Max:  0.0, Diff:  0.0, Sum:  0.0, Workers: 4
[3667.952s][debug][gc,phases      ] GC(162)     Dead                           Min: 0, Avg:  0.0, Max: 0, Diff: 0, Sum: 0, Workers: 4
[3667.952s][debug][gc,phases      ] GC(162)     Total                          Min: 0, Avg:  0.0, Max: 0, Diff: 0, Sum: 0, Workers: 4
[3667.952s][debug][gc,phases      ] GC(162) Weak Processing 0.326ms
[3667.952s][debug][gc,age         ] GC(162) Desired survivor size 105381888 bytes, new threshold 15 (max threshold 15)
[3667.952s][info ][gc,heap        ] GC(162) PSYoungGen: 1936432K(1987584K)->51252K(1994240K) Eden: 1879552K(1879552K)->0K(1887744K) From: 56880K(108032K)->51252K(106496K)
[3667.952s][info ][gc,heap        ] GC(162) ParOldGen: 548862K(675328K)->548862K(675328K)
[3667.952s][info ][gc,metaspace   ] GC(162) Metaspace: 85262K(86336K)->85262K(86336K) NonClass: 73447K(74048K)->73447K(74048K) Class: 11815K(12288K)->11815K(12288K)
[3667.952s][info ][gc             ] GC(162) Pause Young (Allocation Failure) 2427M->586M(2607M) 15.382ms
[3667.952s][info ][gc,cpu         ] GC(162) User=0.06s Sys=0.00s Real=0.02s
[3667.952s][info ][safepoint      ] Safepoint "ParallelGCFailedAllocation", Time since last: 279904191 ns, Reaching safepoint: 104502 ns, At safepoint: 15468987 ns, Total: 15573489 ns
[3698.954s][info ][safepoint      ] Safepoint "Cleanup", Time since last: 31002084557 ns, Reaching safepoint: 53901 ns, At safepoint: 7200 ns, Total: 61101 ns
[3703.982s][info ][safepoint      ] Safepoint "Cleanup", Time since last: 5027657244 ns, Reaching safepoint: 180503 ns, At safepoint: 12901 ns, Total: 193404 ns
[3743.984s][info ][safepoint      ] Safepoint "Cleanup", Time since last: 40002571617 ns, Reaching safepoint: 57901 ns, At safepoint: 30801 ns, Total: 88702 ns
[3750.985s][info ][safepoint      ] Safepoint "Cleanup", Time since last: 7000509840 ns, Reaching safepoint: 113602 ns, At safepoint: 7300 ns, Total: 120902 ns
[3751.126s][info ][gc,start       ] GC(163) Pause Young (Allocation Failure)
[3751.138s][debug][gc,phases      ] GC(163) Scavenge 12.392ms
[3751.138s][debug][gc,ref         ] GC(163) Skipped phase 1 of Reference Processing: no references
[3751.139s][debug][gc,ref         ] GC(163) ReferenceProcessor::execute queues: 1, RefProcThreadModel::Single, marks_oops_alive: false
[3751.139s][debug][gc,ref         ] GC(163) Skipped phase 3 of Reference Processing: no references
[3751.139s][debug][gc,ref         ] GC(163) ReferenceProcessor::execute queues: 1, RefProcThreadModel::Single, marks_oops_alive: false
[3751.139s][debug][gc,phases      ] GC(163) Reference Processing 0.146ms
[3751.139s][debug][gc,phases      ] GC(163)   VM Weak                        Min:  0.0, Avg:  0.0, Max:  0.0, Diff:  0.0, Sum:  0.0, Workers: 4
[3751.139s][debug][gc,phases      ] GC(163)     Dead                           Min: 0, Avg:  0.0, Max: 0, Diff: 0, Sum: 0, Workers: 4
[3751.139s][debug][gc,phases      ] GC(163)     Total                          Min: 0, Avg: 152.2, Max: 609, Diff: 609, Sum: 609, Workers: 4
[3751.139s][debug][gc,phases      ] GC(163)   ObjectSynchronizer Weak        Min:  0.0, Avg:  0.0, Max:  0.0, Diff:  0.0, Sum:  0.0, Workers: 4
[3751.139s][debug][gc,phases      ] GC(163)     Dead                           Min: 0, Avg:  0.0, Max: 0, Diff: 0, Sum: 0, Workers: 4
[3751.139s][debug][gc,phases      ] GC(163)     Total                          Min: 0, Avg: 99.5, Max: 398, Diff: 398, Sum: 398, Workers: 4
[3751.139s][debug][gc,phases      ] GC(163)   JVMTI Tag Weak OopStorage      Min:  0.0, Avg:  0.0, Max:  0.0, Diff:  0.0, Sum:  0.0, Workers: 4
[3751.139s][debug][gc,phases      ] GC(163)     Dead                           Min: 0, Avg:  0.0, Max: 0, Diff: 0, Sum: 0, Workers: 4
[3751.139s][debug][gc,phases      ] GC(163)     Total                          Min: 0, Avg:  0.0, Max: 0, Diff: 0, Sum: 0, Workers: 4
[3751.139s][debug][gc,phases      ] GC(163)   StringTable Weak               Min:  0.1, Avg:  0.1, Max:  0.1, Diff:  0.0, Sum:  0.4, Workers: 4
[3751.139s][debug][gc,phases      ] GC(163)     Dead                           Min: 0, Avg:  0.0, Max: 0, Diff: 0, Sum: 0, Workers: 4
[3751.139s][debug][gc,phases      ] GC(163)     Total                          Min: 10688, Avg: 12221.0, Max: 15476, Diff: 4788, Sum: 48884, Workers: 4
[3751.139s][debug][gc,phases      ] GC(163)   ResolvedMethodTable Weak       Min:  0.0, Avg:  0.0, Max:  0.0, Diff:  0.0, Sum:  0.1, Workers: 4
[3751.139s][debug][gc,phases      ] GC(163)     Dead                           Min: 0, Avg:  0.0, Max: 0, Diff: 0, Sum: 0, Workers: 4
[3751.139s][debug][gc,phases      ] GC(163)     Total                          Min: 1152, Avg: 2134.5, Max: 3034, Diff: 1882, Sum: 8538, Workers: 4
[3751.139s][debug][gc,phases      ] GC(163)   JNI Weak                       Min:  0.0, Avg:  0.0, Max:  0.0, Diff:  0.0, Sum:  0.0, Workers: 4
[3751.139s][debug][gc,phases      ] GC(163)     Dead                           Min: 0, Avg:  0.0, Max: 0, Diff: 0, Sum: 0, Workers: 4
[3751.139s][debug][gc,phases      ] GC(163)     Total                          Min: 0, Avg:  0.0, Max: 0, Diff: 0, Sum: 0, Workers: 4
[3751.139s][debug][gc,phases      ] GC(163)   StringDedup Table Weak         Min:  0.0, Avg:  0.0, Max:  0.0, Diff:  0.0, Sum:  0.0, Workers: 4
[3751.139s][debug][gc,phases      ] GC(163)     Dead                           Min: 0, Avg:  0.0, Max: 0, Diff: 0, Sum: 0, Workers: 4
[3751.139s][debug][gc,phases      ] GC(163)     Total                          Min: 0, Avg:  0.0, Max: 0, Diff: 0, Sum: 0, Workers: 4
[3751.139s][debug][gc,phases      ] GC(163)   StringDedup Requests0 Weak     Min:  0.0, Avg:  0.0, Max:  0.0, Diff:  0.0, Sum:  0.0, Workers: 4
[3751.139s][debug][gc,phases      ] GC(163)     Dead                           Min: 0, Avg:  0.0, Max: 0, Diff: 0, Sum: 0, Workers: 4
[3751.139s][debug][gc,phases      ] GC(163)     Total                          Min: 0, Avg:  0.0, Max: 0, Diff: 0, Sum: 0, Workers: 4
[3751.139s][debug][gc,phases      ] GC(163)   StringDedup Requests1 Weak     Min:  0.0, Avg:  0.0, Max:  0.0, Diff:  0.0, Sum:  0.0, Workers: 4
[3751.139s][debug][gc,phases      ] GC(163)     Dead                           Min: 0, Avg:  0.0, Max: 0, Diff: 0, Sum: 0, Workers: 4
[3751.139s][debug][gc,phases      ] GC(163)     Total                          Min: 0, Avg:  0.0, Max: 0, Diff: 0, Sum: 0, Workers: 4
[3751.139s][debug][gc,phases      ] GC(163)   Weak JFR Old Object Samples    Min:  0.0, Avg:  0.0, Max:  0.0, Diff:  0.0, Sum:  0.0, Workers: 4
[3751.139s][debug][gc,phases      ] GC(163)     Dead                           Min: 0, Avg:  0.0, Max: 0, Diff: 0, Sum: 0, Workers: 4
[3751.139s][debug][gc,phases      ] GC(163)     Total                          Min: 0, Avg:  0.0, Max: 0, Diff: 0, Sum: 0, Workers: 4
[3751.139s][debug][gc,phases      ] GC(163) Weak Processing 0.317ms
[3751.139s][debug][gc,age         ] GC(163) Desired survivor size 101711872 bytes, new threshold 15 (max threshold 15)
[3751.139s][info ][gc,heap        ] GC(163) PSYoungGen: 1938996K(1994240K)->50416K(1990656K) Eden: 1887744K(1887744K)->0K(1887744K) From: 51252K(106496K)->50416K(102912K)
[3751.139s][info ][gc,heap        ] GC(163) ParOldGen: 548862K(675328K)->548870K(675328K)
[3751.139s][info ][gc,metaspace   ] GC(163) Metaspace: 85294K(86336K)->85294K(86336K) NonClass: 73478K(74048K)->73478K(74048K) Class: 11815K(12288K)->11815K(12288K)
[3751.139s][info ][gc             ] GC(163) Pause Young (Allocation Failure) 2429M->585M(2603M) 12.998ms
[3751.139s][info ][gc,cpu         ] GC(163) User=0.05s Sys=0.00s Real=0.02s
[3751.139s][info ][safepoint      ] Safepoint "ParallelGCFailedAllocation", Time since last: 140721510 ns, Reaching safepoint: 95302 ns, At safepoint: 13090943 ns, Total: 13186245 ns
[3755.139s][info ][safepoint      ] Safepoint "Cleanup", Time since last: 4000299795 ns, Reaching safepoint: 107302 ns, At safepoint: 8700 ns, Total: 116002 ns
[3764.140s][info ][safepoint      ] Safepoint "Cleanup", Time since last: 9000635440 ns, Reaching safepoint: 43701 ns, At safepoint: 6400 ns, Total: 50101 ns
[3782.141s][info ][safepoint      ] Safepoint "Cleanup", Time since last: 18001160283 ns, Reaching safepoint: 62301 ns, At safepoint: 9900 ns, Total: 72201 ns
[3792.142s][info ][safepoint      ] Safepoint "Cleanup", Time since last: 10000668594 ns, Reaching safepoint: 47601 ns, At safepoint: 11700 ns, Total: 59301 ns
[3797.142s][info ][safepoint      ] Safepoint "Cleanup", Time since last: 5000323247 ns, Reaching safepoint: 37601 ns, At safepoint: 3200 ns, Total: 40801 ns
[3809.143s][info ][safepoint      ] Safepoint "Cleanup", Time since last: 12000827197 ns, Reaching safepoint: 73301 ns, At safepoint: 8801 ns, Total: 82102 ns
[3810.144s][info ][safepoint      ] Safepoint "Cleanup", Time since last: 1000114850 ns, Reaching safepoint: 53201 ns, At safepoint: 8100 ns, Total: 61301 ns
[3811.144s][info ][safepoint      ] Safepoint "Cleanup", Time since last: 1000107151 ns, Reaching safepoint: 65001 ns, At safepoint: 7900 ns, Total: 72901 ns
[3820.144s][info ][safepoint      ] Safepoint "Cleanup", Time since last: 9000622850 ns, Reaching safepoint: 51801 ns, At safepoint: 7400 ns, Total: 59201 ns
[3827.188s][info ][safepoint      ] Safepoint "ParallelGCFailedAllocation", Time since last: 7043458249 ns, Reaching safepoint: 39500 ns, At safepoint: 21001 ns, Total: 60501 ns
[3827.189s][info ][gc,start       ] GC(164) Pause Young (GCLocker Initiated GC)
[3827.204s][debug][gc,phases      ] GC(164) Scavenge 14.511ms
[3827.204s][debug][gc,ref         ] GC(164) Skipped phase 1 of Reference Processing: no references
[3827.204s][debug][gc,ref         ] GC(164) ReferenceProcessor::execute queues: 1, RefProcThreadModel::Single, marks_oops_alive: false
[3827.204s][debug][gc,ref         ] GC(164) Skipped phase 3 of Reference Processing: no references
[3827.204s][debug][gc,ref         ] GC(164) ReferenceProcessor::execute queues: 1, RefProcThreadModel::Single, marks_oops_alive: false
[3827.204s][debug][gc,phases      ] GC(164) Reference Processing 0.159ms
[3827.204s][debug][gc,phases      ] GC(164)   VM Weak                        Min:  0.0, Avg:  0.0, Max:  0.0, Diff:  0.0, Sum:  0.0, Workers: 4
[3827.204s][debug][gc,phases      ] GC(164)     Dead                           Min: 0, Avg:  0.0, Max: 0, Diff: 0, Sum: 0, Workers: 4
[3827.204s][debug][gc,phases      ] GC(164)     Total                          Min: 0, Avg: 152.2, Max: 517, Diff: 517, Sum: 609, Workers: 4
[3827.204s][debug][gc,phases      ] GC(164)   ObjectSynchronizer Weak        Min:  0.0, Avg:  0.0, Max:  0.0, Diff:  0.0, Sum:  0.0, Workers: 4
[3827.204s][debug][gc,phases      ] GC(164)     Dead                           Min: 0, Avg:  0.0, Max: 0, Diff: 0, Sum: 0, Workers: 4
[3827.204s][debug][gc,phases      ] GC(164)     Total                          Min: 0, Avg: 99.8, Max: 143, Diff: 143, Sum: 399, Workers: 4
[3827.204s][debug][gc,phases      ] GC(164)   JVMTI Tag Weak OopStorage      Min:  0.0, Avg:  0.0, Max:  0.0, Diff:  0.0, Sum:  0.0, Workers: 4
[3827.204s][debug][gc,phases      ] GC(164)     Dead                           Min: 0, Avg:  0.0, Max: 0, Diff: 0, Sum: 0, Workers: 4
[3827.204s][debug][gc,phases      ] GC(164)     Total                          Min: 0, Avg:  0.0, Max: 0, Diff: 0, Sum: 0, Workers: 4
[3827.204s][debug][gc,phases      ] GC(164)   StringTable Weak               Min:  0.1, Avg:  0.1, Max:  0.1, Diff:  0.0, Sum:  0.5, Workers: 4
[3827.204s][debug][gc,phases      ] GC(164)     Dead                           Min: 0, Avg:  0.0, Max: 0, Diff: 0, Sum: 0, Workers: 4
[3827.204s][debug][gc,phases      ] GC(164)     Total                          Min: 11776, Avg: 12221.0, Max: 12800, Diff: 1024, Sum: 48884, Workers: 4
[3827.204s][debug][gc,phases      ] GC(164)   ResolvedMethodTable Weak       Min:  0.0, Avg:  0.0, Max:  0.0, Diff:  0.0, Sum:  0.1, Workers: 4
[3827.204s][debug][gc,phases      ] GC(164)     Dead                           Min: 0, Avg:  0.0, Max: 0, Diff: 0, Sum: 0, Workers: 4
[3827.204s][debug][gc,phases      ] GC(164)     Total                          Min: 1920, Avg: 2134.5, Max: 2304, Diff: 384, Sum: 8538, Workers: 4
[3827.204s][debug][gc,phases      ] GC(164)   JNI Weak                       Min:  0.0, Avg:  0.0, Max:  0.0, Diff:  0.0, Sum:  0.0, Workers: 4
[3827.204s][debug][gc,phases      ] GC(164)     Dead                           Min: 0, Avg:  0.0, Max: 0, Diff: 0, Sum: 0, Workers: 4
[3827.204s][debug][gc,phases      ] GC(164)     Total                          Min: 0, Avg:  0.0, Max: 0, Diff: 0, Sum: 0, Workers: 4
[3827.204s][debug][gc,phases      ] GC(164)   StringDedup Table Weak         Min:  0.0, Avg:  0.0, Max:  0.0, Diff:  0.0, Sum:  0.0, Workers: 4
[3827.204s][debug][gc,phases      ] GC(164)     Dead                           Min: 0, Avg:  0.0, Max: 0, Diff: 0, Sum: 0, Workers: 4
[3827.204s][debug][gc,phases      ] GC(164)     Total                          Min: 0, Avg:  0.0, Max: 0, Diff: 0, Sum: 0, Workers: 4
[3827.204s][debug][gc,phases      ] GC(164)   StringDedup Requests0 Weak     Min:  0.0, Avg:  0.0, Max:  0.0, Diff:  0.0, Sum:  0.0, Workers: 4
[3827.204s][debug][gc,phases      ] GC(164)     Dead                           Min: 0, Avg:  0.0, Max: 0, Diff: 0, Sum: 0, Workers: 4
[3827.204s][debug][gc,phases      ] GC(164)     Total                          Min: 0, Avg:  0.0, Max: 0, Diff: 0, Sum: 0, Workers: 4
[3827.204s][debug][gc,phases      ] GC(164)   StringDedup Requests1 Weak     Min:  0.0, Avg:  0.0, Max:  0.0, Diff:  0.0, Sum:  0.0, Workers: 4
[3827.204s][debug][gc,phases      ] GC(164)     Dead                           Min: 0, Avg:  0.0, Max: 0, Diff: 0, Sum: 0, Workers: 4
[3827.204s][debug][gc,phases      ] GC(164)     Total                          Min: 0, Avg:  0.0, Max: 0, Diff: 0, Sum: 0, Workers: 4
[3827.204s][debug][gc,phases      ] GC(164)   Weak JFR Old Object Samples    Min:  0.0, Avg:  0.0, Max:  0.0, Diff:  0.0, Sum:  0.0, Workers: 4
[3827.204s][debug][gc,phases      ] GC(164)     Dead                           Min: 0, Avg:  0.0, Max: 0, Diff: 0, Sum: 0, Workers: 4
[3827.204s][debug][gc,phases      ] GC(164)     Total                          Min: 0, Avg:  0.0, Max: 0, Diff: 0, Sum: 0, Workers: 4
[3827.204s][debug][gc,phases      ] GC(164) Weak Processing 0.383ms
[3827.204s][debug][gc,age         ] GC(164) Desired survivor size 98041856 bytes, new threshold 15 (max threshold 15)
[3827.204s][info ][gc,heap        ] GC(164) PSYoungGen: 1938160K(1990656K)->50688K(2001408K) Eden: 1887744K(1887744K)->0K(1902080K) From: 50416K(102912K)->50688K(99328K)
[3827.204s][info ][gc,heap        ] GC(164) ParOldGen: 548874K(675328K)->548874K(675328K)
[3827.204s][info ][gc,metaspace   ] GC(164) Metaspace: 85297K(86336K)->85297K(86336K) NonClass: 73482K(74048K)->73482K(74048K) Class: 11815K(12288K)->11815K(12288K)
[3827.204s][info ][gc             ] GC(164) Pause Young (GCLocker Initiated GC) 2428M->585M(2614M) 15.187ms
[3827.204s][info ][gc,cpu         ] GC(164) User=0.06s Sys=0.01s Real=0.02s
[3827.204s][info ][safepoint      ] Safepoint "ParallelGCSystemGC", Time since last: 919717 ns, Reaching safepoint: 101502 ns, At safepoint: 15278783 ns, Total: 15380285 ns
[3832.205s][info ][safepoint      ] Safepoint "Cleanup", Time since last: 5000349852 ns, Reaching safepoint: 58201 ns, At safepoint: 5800 ns, Total: 64001 ns
[3838.205s][info ][safepoint      ] Safepoint "Cleanup", Time since last: 6000439002 ns, Reaching safepoint: 40701 ns, At safepoint: 2700 ns, Total: 43401 ns
[3846.206s][info ][safepoint      ] Safepoint "Cleanup", Time since last: 8000986112 ns, Reaching safepoint: 60101 ns, At safepoint: 8200 ns, Total: 68301 ns
[3847.206s][info ][safepoint      ] Safepoint "Cleanup", Time since last: 1000125152 ns, Reaching safepoint: 50101 ns, At safepoint: 7000 ns, Total: 57101 ns
[3848.207s][info ][safepoint      ] Safepoint "Cleanup", Time since last: 1000119152 ns, Reaching safepoint: 68701 ns, At safepoint: 8800 ns, Total: 77501 ns
[3851.207s][info ][safepoint      ] Safepoint "Cleanup", Time since last: 3000271553 ns, Reaching safepoint: 47101 ns, At safepoint: 3900 ns, Total: 51001 ns
[3852.207s][info ][safepoint      ] Safepoint "Cleanup", Time since last: 1000113052 ns, Reaching safepoint: 47101 ns, At safepoint: 2900 ns, Total: 50001 ns
[3861.208s][info ][safepoint      ] Safepoint "Cleanup", Time since last: 9000659357 ns, Reaching safepoint: 50901 ns, At safepoint: 41101 ns, Total: 92002 ns
[3881.209s][info ][safepoint      ] Safepoint "Cleanup", Time since last: 20001452722 ns, Reaching safepoint: 83401 ns, At safepoint: 11800 ns, Total: 95201 ns
[3910.576s][info ][gc,start       ] GC(165) Pause Young (Allocation Failure)
[3910.588s][debug][gc,phases      ] GC(165) Scavenge 12.001ms
[3910.588s][debug][gc,ref         ] GC(165) Skipped phase 1 of Reference Processing: no references
[3910.588s][debug][gc,ref         ] GC(165) ReferenceProcessor::execute queues: 1, RefProcThreadModel::Single, marks_oops_alive: false
[3910.588s][debug][gc,ref         ] GC(165) Skipped phase 3 of Reference Processing: no references
[3910.588s][debug][gc,ref         ] GC(165) ReferenceProcessor::execute queues: 1, RefProcThreadModel::Single, marks_oops_alive: false
[3910.588s][debug][gc,phases      ] GC(165) Reference Processing 0.148ms
[3910.589s][debug][gc,phases      ] GC(165)   VM Weak                        Min:  0.0, Avg:  0.0, Max:  0.0, Diff:  0.0, Sum:  0.0, Workers: 4
[3910.589s][debug][gc,phases      ] GC(165)     Dead                           Min: 0, Avg:  0.0, Max: 0, Diff: 0, Sum: 0, Workers: 4
[3910.589s][debug][gc,phases      ] GC(165)     Total                          Min: 0, Avg: 152.2, Max: 545, Diff: 545, Sum: 609, Workers: 4
[3910.589s][debug][gc,phases      ] GC(165)   ObjectSynchronizer Weak        Min:  0.0, Avg:  0.0, Max:  0.0, Diff:  0.0, Sum:  0.0, Workers: 4
[3910.589s][debug][gc,phases      ] GC(165)     Dead                           Min: 0, Avg:  0.0, Max: 0, Diff: 0, Sum: 0, Workers: 4
[3910.589s][debug][gc,phases      ] GC(165)     Total                          Min: 0, Avg: 99.8, Max: 207, Diff: 207, Sum: 399, Workers: 4
[3910.589s][debug][gc,phases      ] GC(165)   JVMTI Tag Weak OopStorage      Min:  0.0, Avg:  0.0, Max:  0.0, Diff:  0.0, Sum:  0.0, Workers: 4
[3910.589s][debug][gc,phases      ] GC(165)     Dead                           Min: 0, Avg:  0.0, Max: 0, Diff: 0, Sum: 0, Workers: 4
[3910.589s][debug][gc,phases      ] GC(165)     Total                          Min: 0, Avg:  0.0, Max: 0, Diff: 0, Sum: 0, Workers: 4
[3910.589s][debug][gc,phases      ] GC(165)   StringTable Weak               Min:  0.1, Avg:  0.1, Max:  0.1, Diff:  0.0, Sum:  0.4, Workers: 4
[3910.589s][debug][gc,phases      ] GC(165)     Dead                           Min: 0, Avg:  0.0, Max: 0, Diff: 0, Sum: 0, Workers: 4
[3910.589s][debug][gc,phases      ] GC(165)     Total                          Min: 11264, Avg: 12221.0, Max: 14016, Diff: 2752, Sum: 48884, Workers: 4
[3910.589s][debug][gc,phases      ] GC(165)   ResolvedMethodTable Weak       Min:  0.0, Avg:  0.0, Max:  0.0, Diff:  0.0, Sum:  0.1, Workers: 4
[3910.589s][debug][gc,phases      ] GC(165)     Dead                           Min: 0, Avg:  0.0, Max: 0, Diff: 0, Sum: 0, Workers: 4
[3910.589s][debug][gc,phases      ] GC(165)     Total                          Min: 1984, Avg: 2134.5, Max: 2304, Diff: 320, Sum: 8538, Workers: 4
[3910.589s][debug][gc,phases      ] GC(165)   JNI Weak                       Min:  0.0, Avg:  0.0, Max:  0.0, Diff:  0.0, Sum:  0.0, Workers: 4
[3910.589s][debug][gc,phases      ] GC(165)     Dead                           Min: 0, Avg:  0.0, Max: 0, Diff: 0, Sum: 0, Workers: 4
[3910.589s][debug][gc,phases      ] GC(165)     Total                          Min: 0, Avg:  0.0, Max: 0, Diff: 0, Sum: 0, Workers: 4
[3910.589s][debug][gc,phases      ] GC(165)   StringDedup Table Weak         Min:  0.0, Avg:  0.0, Max:  0.0, Diff:  0.0, Sum:  0.0, Workers: 4
[3910.589s][debug][gc,phases      ] GC(165)     Dead                           Min: 0, Avg:  0.0, Max: 0, Diff: 0, Sum: 0, Workers: 4
[3910.589s][debug][gc,phases      ] GC(165)     Total                          Min: 0, Avg:  0.0, Max: 0, Diff: 0, Sum: 0, Workers: 4
[3910.589s][debug][gc,phases      ] GC(165)   StringDedup Requests0 Weak     Min:  0.0, Avg:  0.0, Max:  0.0, Diff:  0.0, Sum:  0.0, Workers: 4
[3910.589s][debug][gc,phases      ] GC(165)     Dead                           Min: 0, Avg:  0.0, Max: 0, Diff: 0, Sum: 0, Workers: 4
[3910.589s][debug][gc,phases      ] GC(165)     Total                          Min: 0, Avg:  0.0, Max: 0, Diff: 0, Sum: 0, Workers: 4
[3910.589s][debug][gc,phases      ] GC(165)   StringDedup Requests1 Weak     Min:  0.0, Avg:  0.0, Max:  0.0, Diff:  0.0, Sum:  0.0, Workers: 4
[3910.589s][debug][gc,phases      ] GC(165)     Dead                           Min: 0, Avg:  0.0, Max: 0, Diff: 0, Sum: 0, Workers: 4
[3910.589s][debug][gc,phases      ] GC(165)     Total                          Min: 0, Avg:  0.0, Max: 0, Diff: 0, Sum: 0, Workers: 4
[3910.589s][debug][gc,phases      ] GC(165)   Weak JFR Old Object Samples    Min:  0.0, Avg:  0.0, Max:  0.0, Diff:  0.0, Sum:  0.0, Workers: 4
[3910.589s][debug][gc,phases      ] GC(165)     Dead                           Min: 0, Avg:  0.0, Max: 0, Diff: 0, Sum: 0, Workers: 4
[3910.589s][debug][gc,phases      ] GC(165)     Total                          Min: 0, Avg:  0.0, Max: 0, Diff: 0, Sum: 0, Workers: 4
[3910.589s][debug][gc,phases      ] GC(165) Weak Processing 0.345ms
[3910.589s][debug][gc,age         ] GC(165) Desired survivor size 94896128 bytes, new threshold 15 (max threshold 15)
[3910.589s][info ][gc,heap        ] GC(165) PSYoungGen: 1952768K(2001408K)->50032K(1997824K) Eden: 1902080K(1902080K)->0K(1902080K) From: 50688K(99328K)->50032K(95744K)
[3910.589s][info ][gc,heap        ] GC(165) ParOldGen: 548875K(675328K)->548875K(675328K)
[3910.589s][info ][gc,metaspace   ] GC(165) Metaspace: 85302K(86336K)->85302K(86336K) NonClass: 73487K(74048K)->73487K(74048K) Class: 11815K(12288K)->11815K(12288K)
[3910.589s][info ][gc             ] GC(165) Pause Young (Allocation Failure) 2443M->584M(2610M) 12.643ms
[3910.589s][info ][gc,cpu         ] GC(165) User=0.05s Sys=0.00s Real=0.01s
[3910.589s][info ][safepoint      ] Safepoint "ParallelGCFailedAllocation", Time since last: 29366738358 ns, Reaching safepoint: 50601 ns, At safepoint: 12741337 ns, Total: 12791938 ns
[3923.590s][info ][safepoint      ] Safepoint "Cleanup", Time since last: 13000807771 ns, Reaching safepoint: 40501 ns, At safepoint: 2900 ns, Total: 43401 ns
[3930.590s][info ][safepoint      ] Safepoint "Cleanup", Time since last: 7000462763 ns, Reaching safepoint: 59101 ns, At safepoint: 8001 ns, Total: 67102 ns
[3997.978s][info ][gc,start       ] GC(166) Pause Young (Allocation Failure)
[3997.993s][debug][gc,phases      ] GC(166) Scavenge 14.334ms
[3997.993s][debug][gc,ref         ] GC(166) Skipped phase 1 of Reference Processing: no references
[3997.993s][debug][gc,ref         ] GC(166) ReferenceProcessor::execute queues: 1, RefProcThreadModel::Single, marks_oops_alive: false
[3997.993s][debug][gc,ref         ] GC(166) Skipped phase 3 of Reference Processing: no references
[3997.993s][debug][gc,ref         ] GC(166) ReferenceProcessor::execute queues: 1, RefProcThreadModel::Single, marks_oops_alive: false
[3997.993s][debug][gc,phases      ] GC(166) Reference Processing 0.180ms
[3997.993s][debug][gc,phases      ] GC(166)   VM Weak                        Min:  0.0, Avg:  0.0, Max:  0.0, Diff:  0.0, Sum:  0.0, Workers: 4
[3997.993s][debug][gc,phases      ] GC(166)     Dead                           Min: 0, Avg:  0.0, Max: 0, Diff: 0, Sum: 0, Workers: 4
[3997.993s][debug][gc,phases      ] GC(166)     Total                          Min: 0, Avg: 152.2, Max: 418, Diff: 418, Sum: 609, Workers: 4
[3997.993s][debug][gc,phases      ] GC(166)   ObjectSynchronizer Weak        Min:  0.0, Avg:  0.0, Max:  0.0, Diff:  0.0, Sum:  0.0, Workers: 4
[3997.993s][debug][gc,phases      ] GC(166)     Dead                           Min: 0, Avg:  0.0, Max: 0, Diff: 0, Sum: 0, Workers: 4
[3997.993s][debug][gc,phases      ] GC(166)     Total                          Min: 0, Avg: 99.8, Max: 192, Diff: 192, Sum: 399, Workers: 4
[3997.993s][debug][gc,phases      ] GC(166)   JVMTI Tag Weak OopStorage      Min:  0.0, Avg:  0.0, Max:  0.0, Diff:  0.0, Sum:  0.0, Workers: 4
[3997.993s][debug][gc,phases      ] GC(166)     Dead                           Min: 0, Avg:  0.0, Max: 0, Diff: 0, Sum: 0, Workers: 4
[3997.993s][debug][gc,phases      ] GC(166)     Total                          Min: 0, Avg:  0.0, Max: 0, Diff: 0, Sum: 0, Workers: 4
[3997.993s][debug][gc,phases      ] GC(166)   StringTable Weak               Min:  0.1, Avg:  0.1, Max:  0.1, Diff:  0.0, Sum:  0.5, Workers: 4
[3997.993s][debug][gc,phases      ] GC(166)     Dead                           Min: 0, Avg:  0.0, Max: 0, Diff: 0, Sum: 0, Workers: 4
[3997.993s][debug][gc,phases      ] GC(166)     Total                          Min: 11328, Avg: 12221.0, Max: 13568, Diff: 2240, Sum: 48884, Workers: 4
[3997.993s][debug][gc,phases      ] GC(166)   ResolvedMethodTable Weak       Min:  0.0, Avg:  0.0, Max:  0.0, Diff:  0.0, Sum:  0.1, Workers: 4
[3997.993s][debug][gc,phases      ] GC(166)     Dead                           Min: 0, Avg:  0.0, Max: 0, Diff: 0, Sum: 0, Workers: 4
[3997.993s][debug][gc,phases      ] GC(166)     Total                          Min: 1920, Avg: 2134.5, Max: 2304, Diff: 384, Sum: 8538, Workers: 4
[3997.993s][debug][gc,phases      ] GC(166)   JNI Weak                       Min:  0.0, Avg:  0.0, Max:  0.0, Diff:  0.0, Sum:  0.0, Workers: 4
[3997.993s][debug][gc,phases      ] GC(166)     Dead                           Min: 0, Avg:  0.0, Max: 0, Diff: 0, Sum: 0, Workers: 4
[3997.993s][debug][gc,phases      ] GC(166)     Total                          Min: 0, Avg:  0.0, Max: 0, Diff: 0, Sum: 0, Workers: 4
[3997.993s][debug][gc,phases      ] GC(166)   StringDedup Table Weak         Min:  0.0, Avg:  0.0, Max:  0.0, Diff:  0.0, Sum:  0.0, Workers: 4
[3997.993s][debug][gc,phases      ] GC(166)     Dead                           Min: 0, Avg:  0.0, Max: 0, Diff: 0, Sum: 0, Workers: 4
[3997.993s][debug][gc,phases      ] GC(166)     Total                          Min: 0, Avg:  0.0, Max: 0, Diff: 0, Sum: 0, Workers: 4
[3997.993s][debug][gc,phases      ] GC(166)   StringDedup Requests0 Weak     Min:  0.0, Avg:  0.0, Max:  0.0, Diff:  0.0, Sum:  0.0, Workers: 4
[3997.993s][debug][gc,phases      ] GC(166)     Dead                           Min: 0, Avg:  0.0, Max: 0, Diff: 0, Sum: 0, Workers: 4
[3997.993s][debug][gc,phases      ] GC(166)     Total                          Min: 0, Avg:  0.0, Max: 0, Diff: 0, Sum: 0, Workers: 4
[3997.993s][debug][gc,phases      ] GC(166)   StringDedup Requests1 Weak     Min:  0.0, Avg:  0.0, Max:  0.0, Diff:  0.0, Sum:  0.0, Workers: 4
[3997.993s][debug][gc,phases      ] GC(166)     Dead                           Min: 0, Avg:  0.0, Max: 0, Diff: 0, Sum: 0, Workers: 4
[3997.993s][debug][gc,phases      ] GC(166)     Total                          Min: 0, Avg:  0.0, Max: 0, Diff: 0, Sum: 0, Workers: 4
[3997.993s][debug][gc,phases      ] GC(166)   Weak JFR Old Object Samples    Min:  0.0, Avg:  0.0, Max:  0.0, Diff:  0.0, Sum:  0.0, Workers: 4
[3997.993s][debug][gc,phases      ] GC(166)     Dead                           Min: 0, Avg:  0.0, Max: 0, Diff: 0, Sum: 0, Workers: 4
[3997.993s][debug][gc,phases      ] GC(166)     Total                          Min: 0, Avg:  0.0, Max: 0, Diff: 0, Sum: 0, Workers: 4
[3997.993s][debug][gc,phases      ] GC(166) Weak Processing 0.360ms
[3997.993s][debug][gc,age         ] GC(166) Desired survivor size 91226112 bytes, new threshold 15 (max threshold 15)
[3997.993s][info ][gc,heap        ] GC(166) PSYoungGen: 1952112K(1997824K)->49264K(2008064K) Eden: 1902080K(1902080K)->0K(1915392K) From: 50032K(95744K)->49264K(92672K)
[3997.993s][info ][gc,heap        ] GC(166) ParOldGen: 548875K(675328K)->549267K(675328K)
[3997.993s][info ][gc,metaspace   ] GC(166) Metaspace: 85311K(86336K)->85311K(86336K) NonClass: 73496K(74048K)->73496K(74048K) Class: 11815K(12288K)->11815K(12288K)
[3997.993s][info ][gc             ] GC(166) Pause Young (Allocation Failure) 2442M->584M(2620M) 15.035ms
[3997.994s][info ][gc,cpu         ] GC(166) User=0.05s Sys=0.01s Real=0.01s
[3997.994s][info ][safepoint      ] Safepoint "ParallelGCFailedAllocation", Time since last: 67388130058 ns, Reaching safepoint: 52501 ns, At safepoint: 15120986 ns, Total: 15173487 ns
[4015.995s][info ][safepoint      ] Safepoint "Cleanup", Time since last: 18001160014 ns, Reaching safepoint: 48301 ns, At safepoint: 33801 ns, Total: 82102 ns
[4041.996s][info ][safepoint      ] Safepoint "Cleanup", Time since last: 26001622691 ns, Reaching safepoint: 50401 ns, At safepoint: 6100 ns, Total: 56501 ns
[4042.997s][info ][safepoint      ] Safepoint "Cleanup", Time since last: 1000111667 ns, Reaching safepoint: 45501 ns, At safepoint: 3000 ns, Total: 48501 ns
[4044.997s][info ][safepoint      ] Safepoint "Cleanup", Time since last: 2000126231 ns, Reaching safepoint: 52401 ns, At safepoint: 17200 ns, Total: 69601 ns
[4062.998s][info ][safepoint      ] Safepoint "Cleanup", Time since last: 18001109488 ns, Reaching safepoint: 50901 ns, At safepoint: 4000 ns, Total: 54901 ns
[4073.999s][info ][safepoint      ] Safepoint "Cleanup", Time since last: 11000717789 ns, Reaching safepoint: 56201 ns, At safepoint: 8201 ns, Total: 64402 ns
[4077.999s][info ][safepoint      ] Safepoint "Cleanup", Time since last: 4000232700 ns, Reaching safepoint: 47700 ns, At safepoint: 33101 ns, Total: 80801 ns
[4092.000s][info ][safepoint      ] Safepoint "Cleanup", Time since last: 14000909844 ns, Reaching safepoint: 51401 ns, At safepoint: 9001 ns, Total: 60402 ns
[4101.129s][info ][gc,start       ] GC(167) Pause Young (Allocation Failure)
[4101.143s][debug][gc,phases      ] GC(167) Scavenge 13.608ms
[4101.143s][debug][gc,ref         ] GC(167) Skipped phase 1 of Reference Processing: no references
[4101.143s][debug][gc,ref         ] GC(167) ReferenceProcessor::execute queues: 1, RefProcThreadModel::Single, marks_oops_alive: false
[4101.143s][debug][gc,ref         ] GC(167) Skipped phase 3 of Reference Processing: no references
[4101.143s][debug][gc,ref         ] GC(167) ReferenceProcessor::execute queues: 1, RefProcThreadModel::Single, marks_oops_alive: false
[4101.143s][debug][gc,phases      ] GC(167) Reference Processing 0.170ms
[4101.143s][debug][gc,phases      ] GC(167)   VM Weak                        Min:  0.0, Avg:  0.0, Max:  0.0, Diff:  0.0, Sum:  0.0, Workers: 4
[4101.143s][debug][gc,phases      ] GC(167)     Dead                           Min: 0, Avg:  0.0, Max: 0, Diff: 0, Sum: 0, Workers: 4
[4101.143s][debug][gc,phases      ] GC(167)     Total                          Min: 0, Avg: 152.2, Max: 574, Diff: 574, Sum: 609, Workers: 4
[4101.143s][debug][gc,phases      ] GC(167)   ObjectSynchronizer Weak        Min:  0.0, Avg:  0.0, Max:  0.0, Diff:  0.0, Sum:  0.0, Workers: 4
[4101.143s][debug][gc,phases      ] GC(167)     Dead                           Min: 0, Avg:  0.0, Max: 0, Diff: 0, Sum: 0, Workers: 4
[4101.143s][debug][gc,phases      ] GC(167)     Total                          Min: 64, Avg: 99.8, Max: 128, Diff: 64, Sum: 399, Workers: 4
[4101.143s][debug][gc,phases      ] GC(167)   JVMTI Tag Weak OopStorage      Min:  0.0, Avg:  0.0, Max:  0.0, Diff:  0.0, Sum:  0.0, Workers: 4
[4101.143s][debug][gc,phases      ] GC(167)     Dead                           Min: 0, Avg:  0.0, Max: 0, Diff: 0, Sum: 0, Workers: 4
[4101.143s][debug][gc,phases      ] GC(167)     Total                          Min: 0, Avg:  0.0, Max: 0, Diff: 0, Sum: 0, Workers: 4
[4101.143s][debug][gc,phases      ] GC(167)   StringTable Weak               Min:  0.1, Avg:  0.1, Max:  0.1, Diff:  0.0, Sum:  0.4, Workers: 4
[4101.143s][debug][gc,phases      ] GC(167)     Dead                           Min: 0, Avg:  0.0, Max: 0, Diff: 0, Sum: 0, Workers: 4
[4101.143s][debug][gc,phases      ] GC(167)     Total                          Min: 11648, Avg: 12221.0, Max: 12672, Diff: 1024, Sum: 48884, Workers: 4
[4101.143s][debug][gc,phases      ] GC(167)   ResolvedMethodTable Weak       Min:  0.0, Avg:  0.0, Max:  0.0, Diff:  0.0, Sum:  0.1, Workers: 4
[4101.143s][debug][gc,phases      ] GC(167)     Dead                           Min: 0, Avg:  0.0, Max: 0, Diff: 0, Sum: 0, Workers: 4
[4101.143s][debug][gc,phases      ] GC(167)     Total                          Min: 2048, Avg: 2134.5, Max: 2394, Diff: 346, Sum: 8538, Workers: 4
[4101.143s][debug][gc,phases      ] GC(167)   JNI Weak                       Min:  0.0, Avg:  0.0, Max:  0.0, Diff:  0.0, Sum:  0.0, Workers: 4
[4101.143s][debug][gc,phases      ] GC(167)     Dead                           Min: 0, Avg:  0.0, Max: 0, Diff: 0, Sum: 0, Workers: 4
[4101.143s][debug][gc,phases      ] GC(167)     Total                          Min: 0, Avg:  0.0, Max: 0, Diff: 0, Sum: 0, Workers: 4
[4101.143s][debug][gc,phases      ] GC(167)   StringDedup Table Weak         Min:  0.0, Avg:  0.0, Max:  0.0, Diff:  0.0, Sum:  0.0, Workers: 4
[4101.143s][debug][gc,phases      ] GC(167)     Dead                           Min: 0, Avg:  0.0, Max: 0, Diff: 0, Sum: 0, Workers: 4
[4101.143s][debug][gc,phases      ] GC(167)     Total                          Min: 0, Avg:  0.0, Max: 0, Diff: 0, Sum: 0, Workers: 4
[4101.143s][debug][gc,phases      ] GC(167)   StringDedup Requests0 Weak     Min:  0.0, Avg:  0.0, Max:  0.0, Diff:  0.0, Sum:  0.0, Workers: 4
[4101.143s][debug][gc,phases      ] GC(167)     Dead                           Min: 0, Avg:  0.0, Max: 0, Diff: 0, Sum: 0, Workers: 4
[4101.143s][debug][gc,phases      ] GC(167)     Total                          Min: 0, Avg:  0.0, Max: 0, Diff: 0, Sum: 0, Workers: 4
[4101.143s][debug][gc,phases      ] GC(167)   StringDedup Requests1 Weak     Min:  0.0, Avg:  0.0, Max:  0.0, Diff:  0.0, Sum:  0.0, Workers: 4
[4101.143s][debug][gc,phases      ] GC(167)     Dead                           Min: 0, Avg:  0.0, Max: 0, Diff: 0, Sum: 0, Workers: 4
[4101.143s][debug][gc,phases      ] GC(167)     Total                          Min: 0, Avg:  0.0, Max: 0, Diff: 0, Sum: 0, Workers: 4
[4101.143s][debug][gc,phases      ] GC(167)   Weak JFR Old Object Samples    Min:  0.0, Avg:  0.0, Max:  0.0, Diff:  0.0, Sum:  0.0, Workers: 4
[4101.143s][debug][gc,phases      ] GC(167)     Dead                           Min: 0, Avg:  0.0, Max: 0, Diff: 0, Sum: 0, Workers: 4
[4101.144s][debug][gc,phases      ] GC(167)     Total                          Min: 0, Avg:  0.0, Max: 0, Diff: 0, Sum: 0, Workers: 4
[4101.144s][debug][gc,phases      ] GC(167) Weak Processing 0.350ms
[4101.144s][debug][gc,age         ] GC(167) Desired survivor size 87556096 bytes, new threshold 15 (max threshold 15)
[4101.144s][info ][gc,heap        ] GC(167) PSYoungGen: 1964656K(2008064K)->49248K(2004480K) Eden: 1915392K(1915392K)->0K(1915392K) From: 49264K(92672K)->49248K(89088K)
[4101.144s][info ][gc,heap        ] GC(167) ParOldGen: 549267K(675328K)->549663K(675328K)
[4101.144s][info ][gc,metaspace   ] GC(167) Metaspace: 85317K(86336K)->85317K(86336K) NonClass: 73501K(74048K)->73501K(74048K) Class: 11815K(12288K)->11815K(12288K)
[4101.144s][info ][gc             ] GC(167) Pause Young (Allocation Failure) 2455M->584M(2617M) 14.278ms
[4101.144s][info ][gc,cpu         ] GC(167) User=0.05s Sys=0.00s Real=0.02s
[4101.144s][info ][safepoint      ] Safepoint "ParallelGCFailedAllocation", Time since last: 9129069288 ns, Reaching safepoint: 115302 ns, At safepoint: 14366871 ns, Total: 14482173 ns
[4145.147s][info ][safepoint      ] Safepoint "Cleanup", Time since last: 44002928798 ns, Reaching safepoint: 50600 ns, At safepoint: 21501 ns, Total: 72101 ns
[4167.148s][info ][safepoint      ] Safepoint "Cleanup", Time since last: 22001508453 ns, Reaching safepoint: 50501 ns, At safepoint: 4401 ns, Total: 54902 ns
[4203.479s][info ][gc,start       ] GC(168) Pause Young (Allocation Failure)
[4203.491s][debug][gc,phases      ] GC(168) Scavenge 11.867ms
[4203.491s][debug][gc,ref         ] GC(168) Skipped phase 1 of Reference Processing: no references
[4203.491s][debug][gc,ref         ] GC(168) ReferenceProcessor::execute queues: 1, RefProcThreadModel::Single, marks_oops_alive: false
[4203.491s][debug][gc,ref         ] GC(168) Skipped phase 3 of Reference Processing: no references
[4203.491s][debug][gc,ref         ] GC(168) ReferenceProcessor::execute queues: 1, RefProcThreadModel::Single, marks_oops_alive: false
[4203.491s][debug][gc,phases      ] GC(168) Reference Processing 0.158ms
[4203.491s][debug][gc,phases      ] GC(168)   VM Weak                        Min:  0.0, Avg:  0.0, Max:  0.0, Diff:  0.0, Sum:  0.0, Workers: 4
[4203.491s][debug][gc,phases      ] GC(168)     Dead                           Min: 0, Avg:  0.0, Max: 0, Diff: 0, Sum: 0, Workers: 4
[4203.491s][debug][gc,phases      ] GC(168)     Total                          Min: 0, Avg: 152.2, Max: 437, Diff: 437, Sum: 609, Workers: 4
[4203.491s][debug][gc,phases      ] GC(168)   ObjectSynchronizer Weak        Min:  0.0, Avg:  0.0, Max:  0.0, Diff:  0.0, Sum:  0.0, Workers: 4
[4203.491s][debug][gc,phases      ] GC(168)     Dead                           Min: 0, Avg:  0.0, Max: 0, Diff: 0, Sum: 0, Workers: 4
[4203.491s][debug][gc,phases      ] GC(168)     Total                          Min: 0, Avg: 99.8, Max: 143, Diff: 143, Sum: 399, Workers: 4
[4203.491s][debug][gc,phases      ] GC(168)   JVMTI Tag Weak OopStorage      Min:  0.0, Avg:  0.0, Max:  0.0, Diff:  0.0, Sum:  0.0, Workers: 4
[4203.491s][debug][gc,phases      ] GC(168)     Dead                           Min: 0, Avg:  0.0, Max: 0, Diff: 0, Sum: 0, Workers: 4
[4203.491s][debug][gc,phases      ] GC(168)     Total                          Min: 0, Avg:  0.0, Max: 0, Diff: 0, Sum: 0, Workers: 4
[4203.491s][debug][gc,phases      ] GC(168)   StringTable Weak               Min:  0.1, Avg:  0.1, Max:  0.1, Diff:  0.0, Sum:  0.4, Workers: 4
[4203.491s][debug][gc,phases      ] GC(168)     Dead                           Min: 0, Avg:  0.0, Max: 0, Diff: 0, Sum: 0, Workers: 4
[4203.491s][debug][gc,phases      ] GC(168)     Total                          Min: 11515, Avg: 12222.8, Max: 13376, Diff: 1861, Sum: 48891, Workers: 4
[4203.491s][debug][gc,phases      ] GC(168)   ResolvedMethodTable Weak       Min:  0.0, Avg:  0.0, Max:  0.0, Diff:  0.0, Sum:  0.1, Workers: 4
[4203.491s][debug][gc,phases      ] GC(168)     Dead                           Min: 0, Avg:  0.0, Max: 0, Diff: 0, Sum: 0, Workers: 4
[4203.491s][debug][gc,phases      ] GC(168)     Total                          Min: 1856, Avg: 2134.5, Max: 2368, Diff: 512, Sum: 8538, Workers: 4
[4203.491s][debug][gc,phases      ] GC(168)   JNI Weak                       Min:  0.0, Avg:  0.0, Max:  0.0, Diff:  0.0, Sum:  0.0, Workers: 4
[4203.491s][debug][gc,phases      ] GC(168)     Dead                           Min: 0, Avg:  0.0, Max: 0, Diff: 0, Sum: 0, Workers: 4
[4203.491s][debug][gc,phases      ] GC(168)     Total                          Min: 0, Avg:  0.0, Max: 0, Diff: 0, Sum: 0, Workers: 4
[4203.491s][debug][gc,phases      ] GC(168)   StringDedup Table Weak         Min:  0.0, Avg:  0.0, Max:  0.0, Diff:  0.0, Sum:  0.0, Workers: 4
[4203.491s][debug][gc,phases      ] GC(168)     Dead                           Min: 0, Avg:  0.0, Max: 0, Diff: 0, Sum: 0, Workers: 4
[4203.491s][debug][gc,phases      ] GC(168)     Total                          Min: 0, Avg:  0.0, Max: 0, Diff: 0, Sum: 0, Workers: 4
[4203.491s][debug][gc,phases      ] GC(168)   StringDedup Requests0 Weak     Min:  0.0, Avg:  0.0, Max:  0.0, Diff:  0.0, Sum:  0.0, Workers: 4
[4203.491s][debug][gc,phases      ] GC(168)     Dead                           Min: 0, Avg:  0.0, Max: 0, Diff: 0, Sum: 0, Workers: 4
[4203.491s][debug][gc,phases      ] GC(168)     Total                          Min: 0, Avg:  0.0, Max: 0, Diff: 0, Sum: 0, Workers: 4
[4203.491s][debug][gc,phases      ] GC(168)   StringDedup Requests1 Weak     Min:  0.0, Avg:  0.0, Max:  0.0, Diff:  0.0, Sum:  0.0, Workers: 4
[4203.491s][debug][gc,phases      ] GC(168)     Dead                           Min: 0, Avg:  0.0, Max: 0, Diff: 0, Sum: 0, Workers: 4
[4203.491s][debug][gc,phases      ] GC(168)     Total                          Min: 0, Avg:  0.0, Max: 0, Diff: 0, Sum: 0, Workers: 4
[4203.491s][debug][gc,phases      ] GC(168)   Weak JFR Old Object Samples    Min:  0.0, Avg:  0.0, Max:  0.0, Diff:  0.0, Sum:  0.0, Workers: 4
[4203.491s][debug][gc,phases      ] GC(168)     Dead                           Min: 0, Avg:  0.0, Max: 0, Diff: 0, Sum: 0, Workers: 4
[4203.491s][debug][gc,phases      ] GC(168)     Total                          Min: 0, Avg:  0.0, Max: 0, Diff: 0, Sum: 0, Workers: 4
[4203.491s][debug][gc,phases      ] GC(168) Weak Processing 0.312ms
[4203.491s][debug][gc,age         ] GC(168) Desired survivor size 84410368 bytes, new threshold 15 (max threshold 15)
[4203.491s][info ][gc,heap        ] GC(168) PSYoungGen: 1964640K(2004480K)->49104K(2014720K) Eden: 1915392K(1915392K)->0K(1929216K) From: 49248K(89088K)->49104K(85504K)
[4203.491s][info ][gc,heap        ] GC(168) ParOldGen: 549663K(675328K)->549847K(675328K)
[4203.491s][info ][gc,metaspace   ] GC(168) Metaspace: 85320K(86336K)->85320K(86336K) NonClass: 73505K(74048K)->73505K(74048K) Class: 11815K(12288K)->11815K(12288K)
[4203.491s][info ][gc             ] GC(168) Pause Young (Allocation Failure) 2455M->584M(2627M) 12.470ms
[4203.491s][info ][gc,cpu         ] GC(168) User=0.04s Sys=0.00s Real=0.01s
[4203.491s][info ][safepoint      ] Safepoint "ParallelGCFailedAllocation", Time since last: 36330626048 ns, Reaching safepoint: 41601 ns, At safepoint: 12577536 ns, Total: 12619137 ns
[4242.504s][info ][safepoint      ] Safepoint "Cleanup", Time since last: 39012940059 ns, Reaching safepoint: 58002 ns, At safepoint: 7100 ns, Total: 65102 ns
[4245.505s][info ][safepoint      ] Safepoint "Cleanup", Time since last: 3000277954 ns, Reaching safepoint: 61701 ns, At safepoint: 3300 ns, Total: 65001 ns
[4307.129s][info ][gc,start       ] GC(169) Pause Young (Allocation Failure)
[4307.141s][debug][gc,phases      ] GC(169) Scavenge 11.760ms
[4307.141s][debug][gc,ref         ] GC(169) Skipped phase 1 of Reference Processing: no references
[4307.141s][debug][gc,ref         ] GC(169) ReferenceProcessor::execute queues: 1, RefProcThreadModel::Single, marks_oops_alive: false
[4307.141s][debug][gc,ref         ] GC(169) Skipped phase 3 of Reference Processing: no references
[4307.141s][debug][gc,ref         ] GC(169) ReferenceProcessor::execute queues: 1, RefProcThreadModel::Single, marks_oops_alive: false
[4307.141s][debug][gc,phases      ] GC(169) Reference Processing 0.154ms
[4307.141s][debug][gc,phases      ] GC(169)   VM Weak                        Min:  0.0, Avg:  0.0, Max:  0.0, Diff:  0.0, Sum:  0.0, Workers: 4
[4307.141s][debug][gc,phases      ] GC(169)     Dead                           Min: 0, Avg:  0.0, Max: 0, Diff: 0, Sum: 0, Workers: 4
[4307.141s][debug][gc,phases      ] GC(169)     Total                          Min: 0, Avg: 152.2, Max: 609, Diff: 609, Sum: 609, Workers: 4
[4307.141s][debug][gc,phases      ] GC(169)   ObjectSynchronizer Weak        Min:  0.0, Avg:  0.0, Max:  0.0, Diff:  0.0, Sum:  0.0, Workers: 4
[4307.141s][debug][gc,phases      ] GC(169)     Dead                           Min: 0, Avg:  0.0, Max: 0, Diff: 0, Sum: 0, Workers: 4
[4307.141s][debug][gc,phases      ] GC(169)     Total                          Min: 0, Avg: 99.8, Max: 320, Diff: 320, Sum: 399, Workers: 4
[4307.141s][debug][gc,phases      ] GC(169)   JVMTI Tag Weak OopStorage      Min:  0.0, Avg:  0.0, Max:  0.0, Diff:  0.0, Sum:  0.0, Workers: 4
[4307.141s][debug][gc,phases      ] GC(169)     Dead                           Min: 0, Avg:  0.0, Max: 0, Diff: 0, Sum: 0, Workers: 4
[4307.141s][debug][gc,phases      ] GC(169)     Total                          Min: 0, Avg:  0.0, Max: 0, Diff: 0, Sum: 0, Workers: 4
[4307.141s][debug][gc,phases      ] GC(169)   StringTable Weak               Min:  0.1, Avg:  0.1, Max:  0.1, Diff:  0.0, Sum:  0.4, Workers: 4
[4307.141s][debug][gc,phases      ] GC(169)     Dead                           Min: 0, Avg:  0.8, Max: 2, Diff: 2, Sum: 3, Workers: 4
[4307.141s][debug][gc,phases      ] GC(169)     Total                          Min: 11712, Avg: 12223.8, Max: 12992, Diff: 1280, Sum: 48895, Workers: 4
[4307.141s][debug][gc,phases      ] GC(169)   ResolvedMethodTable Weak       Min:  0.0, Avg:  0.0, Max:  0.0, Diff:  0.0, Sum:  0.1, Workers: 4
[4307.141s][debug][gc,phases      ] GC(169)     Dead                           Min: 0, Avg:  0.0, Max: 0, Diff: 0, Sum: 0, Workers: 4
[4307.141s][debug][gc,phases      ] GC(169)     Total                          Min: 2079, Avg: 2135.8, Max: 2240, Diff: 161, Sum: 8543, Workers: 4
[4307.141s][debug][gc,phases      ] GC(169)   JNI Weak                       Min:  0.0, Avg:  0.0, Max:  0.0, Diff:  0.0, Sum:  0.0, Workers: 4
[4307.141s][debug][gc,phases      ] GC(169)     Dead                           Min: 0, Avg:  0.0, Max: 0, Diff: 0, Sum: 0, Workers: 4
[4307.141s][debug][gc,phases      ] GC(169)     Total                          Min: 0, Avg:  0.0, Max: 0, Diff: 0, Sum: 0, Workers: 4
[4307.141s][debug][gc,phases      ] GC(169)   StringDedup Table Weak         Min:  0.0, Avg:  0.0, Max:  0.0, Diff:  0.0, Sum:  0.0, Workers: 4
[4307.141s][debug][gc,phases      ] GC(169)     Dead                           Min: 0, Avg:  0.0, Max: 0, Diff: 0, Sum: 0, Workers: 4
[4307.141s][debug][gc,phases      ] GC(169)     Total                          Min: 0, Avg:  0.0, Max: 0, Diff: 0, Sum: 0, Workers: 4
[4307.141s][debug][gc,phases      ] GC(169)   StringDedup Requests0 Weak     Min:  0.0, Avg:  0.0, Max:  0.0, Diff:  0.0, Sum:  0.0, Workers: 4
[4307.141s][debug][gc,phases      ] GC(169)     Dead                           Min: 0, Avg:  0.0, Max: 0, Diff: 0, Sum: 0, Workers: 4
[4307.141s][debug][gc,phases      ] GC(169)     Total                          Min: 0, Avg:  0.0, Max: 0, Diff: 0, Sum: 0, Workers: 4
[4307.141s][debug][gc,phases      ] GC(169)   StringDedup Requests1 Weak     Min:  0.0, Avg:  0.0, Max:  0.0, Diff:  0.0, Sum:  0.0, Workers: 4
[4307.141s][debug][gc,phases      ] GC(169)     Dead                           Min: 0, Avg:  0.0, Max: 0, Diff: 0, Sum: 0, Workers: 4
[4307.141s][debug][gc,phases      ] GC(169)     Total                          Min: 0, Avg:  0.0, Max: 0, Diff: 0, Sum: 0, Workers: 4
[4307.141s][debug][gc,phases      ] GC(169)   Weak JFR Old Object Samples    Min:  0.0, Avg:  0.0, Max:  0.0, Diff:  0.0, Sum:  0.0, Workers: 4
[4307.141s][debug][gc,phases      ] GC(169)     Dead                           Min: 0, Avg:  0.0, Max: 0, Diff: 0, Sum: 0, Workers: 4
[4307.141s][debug][gc,phases      ] GC(169)     Total                          Min: 0, Avg:  0.0, Max: 0, Diff: 0, Sum: 0, Workers: 4
[4307.141s][debug][gc,phases      ] GC(169) Weak Processing 0.362ms
[4307.141s][debug][gc,age         ] GC(169) Desired survivor size 81788928 bytes, new threshold 15 (max threshold 15)
[4307.141s][info ][gc,heap        ] GC(169) PSYoungGen: 1978320K(2014720K)->48656K(2011648K) Eden: 1929216K(1929216K)->0K(1929216K) From: 49104K(85504K)->48656K(82432K)
[4307.141s][info ][gc,heap        ] GC(169) ParOldGen: 549847K(675328K)->550231K(675328K)
[4307.142s][info ][gc,metaspace   ] GC(169) Metaspace: 85331K(86336K)->85331K(86336K) NonClass: 73514K(74048K)->73514K(74048K) Class: 11817K(12288K)->11817K(12288K)
[4307.142s][info ][gc             ] GC(169) Pause Young (Allocation Failure) 2468M->584M(2624M) 12.432ms
[4307.142s][info ][gc,cpu         ] GC(169) User=0.05s Sys=0.00s Real=0.02s
[4307.142s][info ][safepoint      ] Safepoint "ParallelGCFailedAllocation", Time since last: 61624242455 ns, Reaching safepoint: 43801 ns, At safepoint: 12513935 ns, Total: 12557736 ns
[4322.143s][info ][safepoint      ] Safepoint "Cleanup", Time since last: 15000959135 ns, Reaching safepoint: 50701 ns, At safepoint: 6100 ns, Total: 56801 ns
[4338.144s][info ][safepoint      ] Safepoint "Cleanup", Time since last: 16001032328 ns, Reaching safepoint: 47001 ns, At safepoint: 5300 ns, Total: 52301 ns
[4349.144s][info ][safepoint      ] Safepoint "Cleanup", Time since last: 11000671796 ns, Reaching safepoint: 50200 ns, At safepoint: 7301 ns, Total: 57501 ns
[4357.145s][info ][safepoint      ] Safepoint "Cleanup", Time since last: 8000561514 ns, Reaching safepoint: 45201 ns, At safepoint: 22300 ns, Total: 67501 ns
[4380.148s][info ][safepoint      ] Safepoint "Cleanup", Time since last: 23002888721 ns, Reaching safepoint: 51801 ns, At safepoint: 3100 ns, Total: 54901 ns
[4393.149s][info ][safepoint      ] Safepoint "Cleanup", Time since last: 13001337368 ns, Reaching safepoint: 45801 ns, At safepoint: 4600 ns, Total: 50401 ns
[4410.572s][info ][gc,start       ] GC(170) Pause Young (Allocation Failure)
[4410.585s][debug][gc,phases      ] GC(170) Scavenge 12.598ms
[4410.585s][debug][gc,ref         ] GC(170) Skipped phase 1 of Reference Processing: no references
[4410.585s][debug][gc,ref         ] GC(170) ReferenceProcessor::execute queues: 1, RefProcThreadModel::Single, marks_oops_alive: false
[4410.585s][debug][gc,ref         ] GC(170) Skipped phase 3 of Reference Processing: no references
[4410.585s][debug][gc,ref         ] GC(170) ReferenceProcessor::execute queues: 1, RefProcThreadModel::Single, marks_oops_alive: false
[4410.585s][debug][gc,phases      ] GC(170) Reference Processing 0.166ms
[4410.585s][debug][gc,phases      ] GC(170)   VM Weak                        Min:  0.0, Avg:  0.0, Max:  0.0, Diff:  0.0, Sum:  0.0, Workers: 4
[4410.585s][debug][gc,phases      ] GC(170)     Dead                           Min: 0, Avg:  0.0, Max: 0, Diff: 0, Sum: 0, Workers: 4
[4410.585s][debug][gc,phases      ] GC(170)     Total                          Min: 0, Avg: 152.2, Max: 218, Diff: 218, Sum: 609, Workers: 4
[4410.585s][debug][gc,phases      ] GC(170)   ObjectSynchronizer Weak        Min:  0.0, Avg:  0.0, Max:  0.0, Diff:  0.0, Sum:  0.0, Workers: 4
[4410.585s][debug][gc,phases      ] GC(170)     Dead                           Min: 0, Avg:  0.0, Max: 0, Diff: 0, Sum: 0, Workers: 4
[4410.585s][debug][gc,phases      ] GC(170)     Total                          Min: 64, Avg: 99.8, Max: 128, Diff: 64, Sum: 399, Workers: 4
[4410.585s][debug][gc,phases      ] GC(170)   JVMTI Tag Weak OopStorage      Min:  0.0, Avg:  0.0, Max:  0.0, Diff:  0.0, Sum:  0.0, Workers: 4
[4410.585s][debug][gc,phases      ] GC(170)     Dead                           Min: 0, Avg:  0.0, Max: 0, Diff: 0, Sum: 0, Workers: 4
[4410.585s][debug][gc,phases      ] GC(170)     Total                          Min: 0, Avg:  0.0, Max: 0, Diff: 0, Sum: 0, Workers: 4
[4410.585s][debug][gc,phases      ] GC(170)   StringTable Weak               Min:  0.1, Avg:  0.1, Max:  0.1, Diff:  0.0, Sum:  0.5, Workers: 4
[4410.585s][debug][gc,phases      ] GC(170)     Dead                           Min: 0, Avg:  0.0, Max: 0, Diff: 0, Sum: 0, Workers: 4
[4410.585s][debug][gc,phases      ] GC(170)     Total                          Min: 11456, Avg: 12223.8, Max: 13439, Diff: 1983, Sum: 48895, Workers: 4
[4410.585s][debug][gc,phases      ] GC(170)   ResolvedMethodTable Weak       Min:  0.0, Avg:  0.0, Max:  0.0, Diff:  0.0, Sum:  0.1, Workers: 4
[4410.585s][debug][gc,phases      ] GC(170)     Dead                           Min: 0, Avg:  0.0, Max: 0, Diff: 0, Sum: 0, Workers: 4
[4410.585s][debug][gc,phases      ] GC(170)     Total                          Min: 1856, Avg: 2135.8, Max: 2271, Diff: 415, Sum: 8543, Workers: 4
[4410.585s][debug][gc,phases      ] GC(170)   JNI Weak                       Min:  0.0, Avg:  0.0, Max:  0.0, Diff:  0.0, Sum:  0.0, Workers: 4
[4410.585s][debug][gc,phases      ] GC(170)     Dead                           Min: 0, Avg:  0.0, Max: 0, Diff: 0, Sum: 0, Workers: 4
[4410.585s][debug][gc,phases      ] GC(170)     Total                          Min: 0, Avg:  0.0, Max: 0, Diff: 0, Sum: 0, Workers: 4
[4410.585s][debug][gc,phases      ] GC(170)   StringDedup Table Weak         Min:  0.0, Avg:  0.0, Max:  0.0, Diff:  0.0, Sum:  0.0, Workers: 4
[4410.585s][debug][gc,phases      ] GC(170)     Dead                           Min: 0, Avg:  0.0, Max: 0, Diff: 0, Sum: 0, Workers: 4
[4410.586s][debug][gc,phases      ] GC(170)     Total                          Min: 0, Avg:  0.0, Max: 0, Diff: 0, Sum: 0, Workers: 4
[4410.586s][debug][gc,phases      ] GC(170)   StringDedup Requests0 Weak     Min:  0.0, Avg:  0.0, Max:  0.0, Diff:  0.0, Sum:  0.0, Workers: 4
[4410.586s][debug][gc,phases      ] GC(170)     Dead                           Min: 0, Avg:  0.0, Max: 0, Diff: 0, Sum: 0, Workers: 4
[4410.586s][debug][gc,phases      ] GC(170)     Total                          Min: 0, Avg:  0.0, Max: 0, Diff: 0, Sum: 0, Workers: 4
[4410.586s][debug][gc,phases      ] GC(170)   StringDedup Requests1 Weak     Min:  0.0, Avg:  0.0, Max:  0.0, Diff:  0.0, Sum:  0.0, Workers: 4
[4410.586s][debug][gc,phases      ] GC(170)     Dead                           Min: 0, Avg:  0.0, Max: 0, Diff: 0, Sum: 0, Workers: 4
[4410.586s][debug][gc,phases      ] GC(170)     Total                          Min: 0, Avg:  0.0, Max: 0, Diff: 0, Sum: 0, Workers: 4
[4410.586s][debug][gc,phases      ] GC(170)   Weak JFR Old Object Samples    Min:  0.0, Avg:  0.0, Max:  0.0, Diff:  0.0, Sum:  0.0, Workers: 4
[4410.586s][debug][gc,phases      ] GC(170)     Dead                           Min: 0, Avg:  0.0, Max: 0, Diff: 0, Sum: 0, Workers: 4
[4410.586s][debug][gc,phases      ] GC(170)     Total                          Min: 0, Avg:  0.0, Max: 0, Diff: 0, Sum: 0, Workers: 4
[4410.586s][debug][gc,phases      ] GC(170) Weak Processing 0.366ms
[4410.586s][debug][gc,age         ] GC(170) Desired survivor size 78643200 bytes, new threshold 15 (max threshold 15)
[4410.586s][info ][gc,heap        ] GC(170) PSYoungGen: 1977872K(2011648K)->47936K(2020352K) Eden: 1929216K(1929216K)->0K(1940480K) From: 48656K(82432K)->47936K(79872K)
[4410.586s][info ][gc,heap        ] GC(170) ParOldGen: 550231K(675328K)->551064K(675328K)
[4410.586s][info ][gc,metaspace   ] GC(170) Metaspace: 85331K(86336K)->85331K(86336K) NonClass: 73514K(74048K)->73514K(74048K) Class: 11817K(12288K)->11817K(12288K)
[4410.586s][info ][gc             ] GC(170) Pause Young (Allocation Failure) 2468M->584M(2632M) 13.276ms
[4410.586s][info ][gc,cpu         ] GC(170) User=0.05s Sys=0.00s Real=0.01s
[4410.586s][info ][safepoint      ] Safepoint "ParallelGCFailedAllocation", Time since last: 17422903470 ns, Reaching safepoint: 33401 ns, At safepoint: 13368451 ns, Total: 13401852 ns
[4418.586s][info ][safepoint      ] Safepoint "Cleanup", Time since last: 8000568490 ns, Reaching safepoint: 45001 ns, At safepoint: 35700 ns, Total: 80701 ns
[4457.589s][info ][safepoint      ] Safepoint "Cleanup", Time since last: 39002448198 ns, Reaching safepoint: 71401 ns, At safepoint: 10100 ns, Total: 81501 ns
[4458.589s][info ][safepoint      ] Safepoint "Cleanup", Time since last: 1000114427 ns, Reaching safepoint: 45501 ns, At safepoint: 10601 ns, Total: 56102 ns
[4470.590s][info ][safepoint      ] Safepoint "Cleanup", Time since last: 12000781898 ns, Reaching safepoint: 53601 ns, At safepoint: 7300 ns, Total: 60901 ns
[4476.590s][info ][safepoint      ] Safepoint "Cleanup", Time since last: 6000421238 ns, Reaching safepoint: 41401 ns, At safepoint: 27101 ns, Total: 68502 ns
[4500.592s][info ][safepoint      ] Safepoint "Cleanup", Time since last: 24001555775 ns, Reaching safepoint: 43801 ns, At safepoint: 4100 ns, Total: 47901 ns
[4505.592s][info ][safepoint      ] Safepoint "Cleanup", Time since last: 5000393586 ns, Reaching safepoint: 53001 ns, At safepoint: 2700 ns, Total: 55701 ns
[4507.593s][info ][safepoint      ] Safepoint "Cleanup", Time since last: 2000137332 ns, Reaching safepoint: 56401 ns, At safepoint: 6001 ns, Total: 62402 ns
[4512.652s][info ][gc,start       ] GC(171) Pause Young (Allocation Failure)
[4512.664s][debug][gc,phases      ] GC(171) Scavenge 11.597ms
[4512.664s][debug][gc,ref         ] GC(171) Skipped phase 1 of Reference Processing: no references
[4512.664s][debug][gc,ref         ] GC(171) ReferenceProcessor::execute queues: 1, RefProcThreadModel::Single, marks_oops_alive: false
[4512.664s][debug][gc,ref         ] GC(171) Skipped phase 3 of Reference Processing: no references
[4512.664s][debug][gc,ref         ] GC(171) ReferenceProcessor::execute queues: 1, RefProcThreadModel::Single, marks_oops_alive: false
[4512.664s][debug][gc,phases      ] GC(171) Reference Processing 0.164ms
[4512.664s][debug][gc,phases      ] GC(171)   VM Weak                        Min:  0.0, Avg:  0.0, Max:  0.0, Diff:  0.0, Sum:  0.0, Workers: 4
[4512.665s][debug][gc,phases      ] GC(171)     Dead                           Min: 0, Avg:  0.0, Max: 0, Diff: 0, Sum: 0, Workers: 4
[4512.665s][debug][gc,phases      ] GC(171)     Total                          Min: 0, Avg: 152.2, Max: 609, Diff: 609, Sum: 609, Workers: 4
[4512.665s][debug][gc,phases      ] GC(171)   ObjectSynchronizer Weak        Min:  0.0, Avg:  0.0, Max:  0.0, Diff:  0.0, Sum:  0.0, Workers: 4
[4512.665s][debug][gc,phases      ] GC(171)     Dead                           Min: 0, Avg:  0.0, Max: 0, Diff: 0, Sum: 0, Workers: 4
[4512.665s][debug][gc,phases      ] GC(171)     Total                          Min: 0, Avg: 99.8, Max: 271, Diff: 271, Sum: 399, Workers: 4
[4512.665s][debug][gc,phases      ] GC(171)   JVMTI Tag Weak OopStorage      Min:  0.0, Avg:  0.0, Max:  0.0, Diff:  0.0, Sum:  0.0, Workers: 4
[4512.665s][debug][gc,phases      ] GC(171)     Dead                           Min: 0, Avg:  0.0, Max: 0, Diff: 0, Sum: 0, Workers: 4
[4512.665s][debug][gc,phases      ] GC(171)     Total                          Min: 0, Avg:  0.0, Max: 0, Diff: 0, Sum: 0, Workers: 4
[4512.665s][debug][gc,phases      ] GC(171)   StringTable Weak               Min:  0.1, Avg:  0.1, Max:  0.1, Diff:  0.0, Sum:  0.5, Workers: 4
[4512.665s][debug][gc,phases      ] GC(171)     Dead                           Min: 0, Avg:  0.0, Max: 0, Diff: 0, Sum: 0, Workers: 4
[4512.665s][debug][gc,phases      ] GC(171)     Total                          Min: 11839, Avg: 12223.8, Max: 12864, Diff: 1025, Sum: 48895, Workers: 4
[4512.665s][debug][gc,phases      ] GC(171)   ResolvedMethodTable Weak       Min:  0.0, Avg:  0.0, Max:  0.0, Diff:  0.0, Sum:  0.1, Workers: 4
[4512.665s][debug][gc,phases      ] GC(171)     Dead                           Min: 0, Avg:  0.0, Max: 0, Diff: 0, Sum: 0, Workers: 4
[4512.665s][debug][gc,phases      ] GC(171)     Total                          Min: 1887, Avg: 2135.8, Max: 2304, Diff: 417, Sum: 8543, Workers: 4
[4512.665s][debug][gc,phases      ] GC(171)   JNI Weak                       Min:  0.0, Avg:  0.0, Max:  0.0, Diff:  0.0, Sum:  0.0, Workers: 4
[4512.665s][debug][gc,phases      ] GC(171)     Dead                           Min: 0, Avg:  0.0, Max: 0, Diff: 0, Sum: 0, Workers: 4
[4512.665s][debug][gc,phases      ] GC(171)     Total                          Min: 0, Avg:  0.0, Max: 0, Diff: 0, Sum: 0, Workers: 4
[4512.665s][debug][gc,phases      ] GC(171)   StringDedup Table Weak         Min:  0.0, Avg:  0.0, Max:  0.0, Diff:  0.0, Sum:  0.0, Workers: 4
[4512.665s][debug][gc,phases      ] GC(171)     Dead                           Min: 0, Avg:  0.0, Max: 0, Diff: 0, Sum: 0, Workers: 4
[4512.665s][debug][gc,phases      ] GC(171)     Total                          Min: 0, Avg:  0.0, Max: 0, Diff: 0, Sum: 0, Workers: 4
[4512.665s][debug][gc,phases      ] GC(171)   StringDedup Requests0 Weak     Min:  0.0, Avg:  0.0, Max:  0.0, Diff:  0.0, Sum:  0.0, Workers: 4
[4512.665s][debug][gc,phases      ] GC(171)     Dead                           Min: 0, Avg:  0.0, Max: 0, Diff: 0, Sum: 0, Workers: 4
[4512.665s][debug][gc,phases      ] GC(171)     Total                          Min: 0, Avg:  0.0, Max: 0, Diff: 0, Sum: 0, Workers: 4
[4512.665s][debug][gc,phases      ] GC(171)   StringDedup Requests1 Weak     Min:  0.0, Avg:  0.0, Max:  0.0, Diff:  0.0, Sum:  0.0, Workers: 4
[4512.665s][debug][gc,phases      ] GC(171)     Dead                           Min: 0, Avg:  0.0, Max: 0, Diff: 0, Sum: 0, Workers: 4
[4512.665s][debug][gc,phases      ] GC(171)     Total                          Min: 0, Avg:  0.0, Max: 0, Diff: 0, Sum: 0, Workers: 4
[4512.665s][debug][gc,phases      ] GC(171)   Weak JFR Old Object Samples    Min:  0.0, Avg:  0.0, Max:  0.0, Diff:  0.0, Sum:  0.0, Workers: 4
[4512.665s][debug][gc,phases      ] GC(171)     Dead                           Min: 0, Avg:  0.0, Max: 0, Diff: 0, Sum: 0, Workers: 4
[4512.665s][debug][gc,phases      ] GC(171)     Total                          Min: 0, Avg:  0.0, Max: 0, Diff: 0, Sum: 0, Workers: 4
[4512.665s][debug][gc,phases      ] GC(171) Weak Processing 0.349ms
[4512.665s][debug][gc,age         ] GC(171) Desired survivor size 77070336 bytes, new threshold 15 (max threshold 15)
[4512.665s][info ][gc,heap        ] GC(171) PSYoungGen: 1988416K(2020352K)->39952K(2017280K) Eden: 1940480K(1940480K)->0K(1940480K) From: 47936K(79872K)->39952K(76800K)
[4512.665s][info ][gc,heap        ] GC(171) ParOldGen: 551064K(675328K)->559588K(675328K)
[4512.665s][info ][gc,metaspace   ] GC(171) Metaspace: 85332K(86336K)->85332K(86336K) NonClass: 73514K(74048K)->73514K(74048K) Class: 11817K(12288K)->11817K(12288K)
[4512.665s][info ][gc             ] GC(171) Pause Young (Allocation Failure) 2479M->585M(2629M) 12.275ms
[4512.665s][info ][gc,cpu         ] GC(171) User=0.05s Sys=0.00s Real=0.01s
[4512.665s][info ][safepoint      ] Safepoint "ParallelGCFailedAllocation", Time since last: 5059772589 ns, Reaching safepoint: 24101 ns, At safepoint: 12360431 ns, Total: 12384532 ns
[4519.665s][info ][safepoint      ] Safepoint "Cleanup", Time since last: 7000488701 ns, Reaching safepoint: 84002 ns, At safepoint: 4100 ns, Total: 88102 ns
[4567.669s][info ][safepoint      ] Safepoint "Cleanup", Time since last: 48003408143 ns, Reaching safepoint: 49701 ns, At safepoint: 31801 ns, Total: 81502 ns
[4607.672s][info ][safepoint      ] Safepoint "Cleanup", Time since last: 40002655654 ns, Reaching safepoint: 50601 ns, At safepoint: 3800 ns, Total: 54401 ns
[4616.731s][info ][gc,start       ] GC(172) Pause Young (Allocation Failure)
[4616.741s][debug][gc,phases      ] GC(172) Scavenge 9.450ms
[4616.741s][debug][gc,ref         ] GC(172) Skipped phase 1 of Reference Processing: no references
[4616.741s][debug][gc,ref         ] GC(172) ReferenceProcessor::execute queues: 1, RefProcThreadModel::Single, marks_oops_alive: false
[4616.741s][debug][gc,ref         ] GC(172) Skipped phase 3 of Reference Processing: no references
[4616.741s][debug][gc,ref         ] GC(172) ReferenceProcessor::execute queues: 1, RefProcThreadModel::Single, marks_oops_alive: false
[4616.741s][debug][gc,phases      ] GC(172) Reference Processing 0.152ms
[4616.741s][debug][gc,phases      ] GC(172)   VM Weak                        Min:  0.0, Avg:  0.0, Max:  0.0, Diff:  0.0, Sum:  0.0, Workers: 4
[4616.741s][debug][gc,phases      ] GC(172)     Dead                           Min: 0, Avg:  0.0, Max: 0, Diff: 0, Sum: 0, Workers: 4
[4616.741s][debug][gc,phases      ] GC(172)     Total                          Min: 0, Avg: 152.2, Max: 609, Diff: 609, Sum: 609, Workers: 4
[4616.741s][debug][gc,phases      ] GC(172)   ObjectSynchronizer Weak        Min:  0.0, Avg:  0.0, Max:  0.0, Diff:  0.0, Sum:  0.0, Workers: 4
[4616.741s][debug][gc,phases      ] GC(172)     Dead                           Min: 0, Avg:  0.0, Max: 0, Diff: 0, Sum: 0, Workers: 4
[4616.741s][debug][gc,phases      ] GC(172)     Total                          Min: 0, Avg: 99.8, Max: 320, Diff: 320, Sum: 399, Workers: 4
[4616.741s][debug][gc,phases      ] GC(172)   JVMTI Tag Weak OopStorage      Min:  0.0, Avg:  0.0, Max:  0.0, Diff:  0.0, Sum:  0.0, Workers: 4
[4616.741s][debug][gc,phases      ] GC(172)     Dead                           Min: 0, Avg:  0.0, Max: 0, Diff: 0, Sum: 0, Workers: 4
[4616.741s][debug][gc,phases      ] GC(172)     Total                          Min: 0, Avg:  0.0, Max: 0, Diff: 0, Sum: 0, Workers: 4
[4616.741s][debug][gc,phases      ] GC(172)   StringTable Weak               Min:  0.1, Avg:  0.1, Max:  0.1, Diff:  0.0, Sum:  0.4, Workers: 4
[4616.741s][debug][gc,phases      ] GC(172)     Dead                           Min: 0, Avg:  0.0, Max: 0, Diff: 0, Sum: 0, Workers: 4
[4616.741s][debug][gc,phases      ] GC(172)     Total                          Min: 10559, Avg: 12223.8, Max: 14656, Diff: 4097, Sum: 48895, Workers: 4
[4616.741s][debug][gc,phases      ] GC(172)   ResolvedMethodTable Weak       Min:  0.0, Avg:  0.0, Max:  0.0, Diff:  0.0, Sum:  0.1, Workers: 4
[4616.741s][debug][gc,phases      ] GC(172)     Dead                           Min: 0, Avg:  0.0, Max: 0, Diff: 0, Sum: 0, Workers: 4
[4616.741s][debug][gc,phases      ] GC(172)     Total                          Min: 1920, Avg: 2135.8, Max: 2304, Diff: 384, Sum: 8543, Workers: 4
[4616.741s][debug][gc,phases      ] GC(172)   JNI Weak                       Min:  0.0, Avg:  0.0, Max:  0.0, Diff:  0.0, Sum:  0.0, Workers: 4
[4616.741s][debug][gc,phases      ] GC(172)     Dead                           Min: 0, Avg:  0.0, Max: 0, Diff: 0, Sum: 0, Workers: 4
[4616.741s][debug][gc,phases      ] GC(172)     Total                          Min: 0, Avg:  0.0, Max: 0, Diff: 0, Sum: 0, Workers: 4
[4616.741s][debug][gc,phases      ] GC(172)   StringDedup Table Weak         Min:  0.0, Avg:  0.0, Max:  0.0, Diff:  0.0, Sum:  0.0, Workers: 4
[4616.741s][debug][gc,phases      ] GC(172)     Dead                           Min: 0, Avg:  0.0, Max: 0, Diff: 0, Sum: 0, Workers: 4
[4616.741s][debug][gc,phases      ] GC(172)     Total                          Min: 0, Avg:  0.0, Max: 0, Diff: 0, Sum: 0, Workers: 4
[4616.741s][debug][gc,phases      ] GC(172)   StringDedup Requests0 Weak     Min:  0.0, Avg:  0.0, Max:  0.0, Diff:  0.0, Sum:  0.0, Workers: 4
[4616.741s][debug][gc,phases      ] GC(172)     Dead                           Min: 0, Avg:  0.0, Max: 0, Diff: 0, Sum: 0, Workers: 4
[4616.741s][debug][gc,phases      ] GC(172)     Total                          Min: 0, Avg:  0.0, Max: 0, Diff: 0, Sum: 0, Workers: 4
[4616.741s][debug][gc,phases      ] GC(172)   StringDedup Requests1 Weak     Min:  0.0, Avg:  0.0, Max:  0.0, Diff:  0.0, Sum:  0.0, Workers: 4
[4616.741s][debug][gc,phases      ] GC(172)     Dead                           Min: 0, Avg:  0.0, Max: 0, Diff: 0, Sum: 0, Workers: 4
[4616.741s][debug][gc,phases      ] GC(172)     Total                          Min: 0, Avg:  0.0, Max: 0, Diff: 0, Sum: 0, Workers: 4
[4616.741s][debug][gc,phases      ] GC(172)   Weak JFR Old Object Samples    Min:  0.0, Avg:  0.0, Max:  0.0, Diff:  0.0, Sum:  0.0, Workers: 4
[4616.741s][debug][gc,phases      ] GC(172)     Dead                           Min: 0, Avg:  0.0, Max: 0, Diff: 0, Sum: 0, Workers: 4
[4616.741s][debug][gc,phases      ] GC(172)     Total                          Min: 0, Avg:  0.0, Max: 0, Diff: 0, Sum: 0, Workers: 4
[4616.741s][debug][gc,phases      ] GC(172) Weak Processing 0.343ms
[4616.741s][debug][gc,age         ] GC(172) Desired survivor size 75497472 bytes, new threshold 15 (max threshold 15)
[4616.742s][info ][gc,heap        ] GC(172) PSYoungGen: 1980432K(2017280K)->36912K(2023424K) Eden: 1940480K(1940480K)->0K(1948160K) From: 39952K(76800K)->36912K(75264K)
[4616.742s][info ][gc,heap        ] GC(172) ParOldGen: 559588K(675328K)->562765K(675328K)
[4616.742s][info ][gc,metaspace   ] GC(172) Metaspace: 85334K(86336K)->85334K(86336K) NonClass: 73517K(74048K)->73517K(74048K) Class: 11817K(12288K)->11817K(12288K)
[4616.742s][info ][gc             ] GC(172) Pause Young (Allocation Failure) 2480M->585M(2635M) 10.096ms
[4616.742s][info ][gc,cpu         ] GC(172) User=0.04s Sys=0.00s Real=0.01s
[4616.742s][info ][safepoint      ] Safepoint "ParallelGCFailedAllocation", Time since last: 9059845583 ns, Reaching safepoint: 29801 ns, At safepoint: 10177290 ns, Total: 10207091 ns
[4649.744s][info ][safepoint      ] Safepoint "Cleanup", Time since last: 33002212702 ns, Reaching safepoint: 46401 ns, At safepoint: 34300 ns, Total: 80701 ns
[4717.749s][info ][safepoint      ] Safepoint "Cleanup", Time since last: 68005193847 ns, Reaching safepoint: 52001 ns, At safepoint: 33901 ns, Total: 85902 ns
[4722.311s][info ][gc,start       ] GC(173) Pause Young (Allocation Failure)
[4722.321s][debug][gc,phases      ] GC(173) Scavenge 10.124ms
[4722.321s][debug][gc,ref         ] GC(173) Skipped phase 1 of Reference Processing: no references
[4722.321s][debug][gc,ref         ] GC(173) ReferenceProcessor::execute queues: 1, RefProcThreadModel::Single, marks_oops_alive: false
[4722.321s][debug][gc,ref         ] GC(173) Skipped phase 3 of Reference Processing: no references
[4722.321s][debug][gc,ref         ] GC(173) ReferenceProcessor::execute queues: 1, RefProcThreadModel::Single, marks_oops_alive: false
[4722.321s][debug][gc,phases      ] GC(173) Reference Processing 0.132ms
[4722.321s][debug][gc,phases      ] GC(173)   VM Weak                        Min:  0.0, Avg:  0.0, Max:  0.0, Diff:  0.0, Sum:  0.0, Workers: 4
[4722.321s][debug][gc,phases      ] GC(173)     Dead                           Min: 0, Avg:  0.0, Max: 0, Diff: 0, Sum: 0, Workers: 4
[4722.321s][debug][gc,phases      ] GC(173)     Total                          Min: 0, Avg: 152.2, Max: 609, Diff: 609, Sum: 609, Workers: 4
[4722.321s][debug][gc,phases      ] GC(173)   ObjectSynchronizer Weak        Min:  0.0, Avg:  0.0, Max:  0.0, Diff:  0.0, Sum:  0.0, Workers: 4
[4722.321s][debug][gc,phases      ] GC(173)     Dead                           Min: 0, Avg:  0.0, Max: 0, Diff: 0, Sum: 0, Workers: 4
[4722.321s][debug][gc,phases      ] GC(173)     Total                          Min: 0, Avg: 99.8, Max: 320, Diff: 320, Sum: 399, Workers: 4
[4722.321s][debug][gc,phases      ] GC(173)   JVMTI Tag Weak OopStorage      Min:  0.0, Avg:  0.0, Max:  0.0, Diff:  0.0, Sum:  0.0, Workers: 4
[4722.321s][debug][gc,phases      ] GC(173)     Dead                           Min: 0, Avg:  0.0, Max: 0, Diff: 0, Sum: 0, Workers: 4
[4722.321s][debug][gc,phases      ] GC(173)     Total                          Min: 0, Avg:  0.0, Max: 0, Diff: 0, Sum: 0, Workers: 4
[4722.321s][debug][gc,phases      ] GC(173)   StringTable Weak               Min:  0.1, Avg:  0.1, Max:  0.1, Diff:  0.0, Sum:  0.4, Workers: 4
[4722.321s][debug][gc,phases      ] GC(173)     Dead                           Min: 0, Avg:  0.0, Max: 0, Diff: 0, Sum: 0, Workers: 4
[4722.321s][debug][gc,phases      ] GC(173)     Total                          Min: 10624, Avg: 12223.8, Max: 14016, Diff: 3392, Sum: 48895, Workers: 4
[4722.321s][debug][gc,phases      ] GC(173)   ResolvedMethodTable Weak       Min:  0.0, Avg:  0.0, Max:  0.0, Diff:  0.0, Sum:  0.1, Workers: 4
[4722.321s][debug][gc,phases      ] GC(173)     Dead                           Min: 0, Avg:  0.0, Max: 0, Diff: 0, Sum: 0, Workers: 4
[4722.321s][debug][gc,phases      ] GC(173)     Total                          Min: 2048, Avg: 2135.8, Max: 2240, Diff: 192, Sum: 8543, Workers: 4
[4722.321s][debug][gc,phases      ] GC(173)   JNI Weak                       Min:  0.0, Avg:  0.0, Max:  0.0, Diff:  0.0, Sum:  0.0, Workers: 4
[4722.321s][debug][gc,phases      ] GC(173)     Dead                           Min: 0, Avg:  0.0, Max: 0, Diff: 0, Sum: 0, Workers: 4
[4722.321s][debug][gc,phases      ] GC(173)     Total                          Min: 0, Avg:  0.0, Max: 0, Diff: 0, Sum: 0, Workers: 4
[4722.321s][debug][gc,phases      ] GC(173)   StringDedup Table Weak         Min:  0.0, Avg:  0.0, Max:  0.0, Diff:  0.0, Sum:  0.0, Workers: 4
[4722.321s][debug][gc,phases      ] GC(173)     Dead                           Min: 0, Avg:  0.0, Max: 0, Diff: 0, Sum: 0, Workers: 4
[4722.321s][debug][gc,phases      ] GC(173)     Total                          Min: 0, Avg:  0.0, Max: 0, Diff: 0, Sum: 0, Workers: 4
[4722.321s][debug][gc,phases      ] GC(173)   StringDedup Requests0 Weak     Min:  0.0, Avg:  0.0, Max:  0.0, Diff:  0.0, Sum:  0.0, Workers: 4
[4722.321s][debug][gc,phases      ] GC(173)     Dead                           Min: 0, Avg:  0.0, Max: 0, Diff: 0, Sum: 0, Workers: 4
[4722.321s][debug][gc,phases      ] GC(173)     Total                          Min: 0, Avg:  0.0, Max: 0, Diff: 0, Sum: 0, Workers: 4
[4722.321s][debug][gc,phases      ] GC(173)   StringDedup Requests1 Weak     Min:  0.0, Avg:  0.0, Max:  0.0, Diff:  0.0, Sum:  0.0, Workers: 4
[4722.321s][debug][gc,phases      ] GC(173)     Dead                           Min: 0, Avg:  0.0, Max: 0, Diff: 0, Sum: 0, Workers: 4
[4722.321s][debug][gc,phases      ] GC(173)     Total                          Min: 0, Avg:  0.0, Max: 0, Diff: 0, Sum: 0, Workers: 4
[4722.321s][debug][gc,phases      ] GC(173)   Weak JFR Old Object Samples    Min:  0.0, Avg:  0.0, Max:  0.0, Diff:  0.0, Sum:  0.0, Workers: 4
[4722.321s][debug][gc,phases      ] GC(173)     Dead                           Min: 0, Avg:  0.0, Max: 0, Diff: 0, Sum: 0, Workers: 4
[4722.321s][debug][gc,phases      ] GC(173)     Total                          Min: 0, Avg:  0.0, Max: 0, Diff: 0, Sum: 0, Workers: 4
[4722.321s][debug][gc,phases      ] GC(173) Weak Processing 0.355ms
[4722.321s][debug][gc,age         ] GC(173) Desired survivor size 78643200 bytes, new threshold 15 (max threshold 15)
[4722.321s][info ][gc,heap        ] GC(173) PSYoungGen: 1985072K(2023424K)->11664K(1959936K) Eden: 1948160K(1948160K)->0K(1948160K) From: 36912K(75264K)->11664K(11776K)
[4722.321s][info ][gc,heap        ] GC(173) ParOldGen: 562765K(675328K)->589985K(675328K)
[4722.321s][info ][gc,metaspace   ] GC(173) Metaspace: 85335K(86336K)->85335K(86336K) NonClass: 73517K(74048K)->73517K(74048K) Class: 11817K(12288K)->11817K(12288K)
[4722.321s][info ][gc             ] GC(173) Pause Young (Allocation Failure) 2488M->587M(2573M) 10.740ms
[4722.321s][info ][gc,cpu         ] GC(173) User=0.04s Sys=0.00s Real=0.01s
[4722.322s][info ][safepoint      ] Safepoint "ParallelGCFailedAllocation", Time since last: 4561512364 ns, Reaching safepoint: 27901 ns, At safepoint: 10824904 ns, Total: 10852805 ns
[4805.327s][info ][safepoint      ] Safepoint "Cleanup", Time since last: 83005525702 ns, Reaching safepoint: 119902 ns, At safepoint: 9001 ns, Total: 128903 ns
[4808.328s][info ][safepoint      ] Safepoint "Cleanup", Time since last: 3000281039 ns, Reaching safepoint: 180403 ns, At safepoint: 12901 ns, Total: 193304 ns
[4819.329s][info ][safepoint      ] Safepoint "Cleanup", Time since last: 11000814571 ns, Reaching safepoint: 124902 ns, At safepoint: 31601 ns, Total: 156503 ns
[4820.329s][info ][safepoint      ] Safepoint "Cleanup", Time since last: 1000106841 ns, Reaching safepoint: 118902 ns, At safepoint: 7600 ns, Total: 126502 ns
[4824.226s][info ][gc,start       ] GC(174) Pause Young (Allocation Failure)
[4824.231s][debug][gc,phases      ] GC(174) Scavenge 4.384ms
[4824.231s][debug][gc,ref         ] GC(174) Skipped phase 1 of Reference Processing: no references
[4824.231s][debug][gc,ref         ] GC(174) ReferenceProcessor::execute queues: 1, RefProcThreadModel::Single, marks_oops_alive: false
[4824.231s][debug][gc,ref         ] GC(174) Skipped phase 3 of Reference Processing: no references
[4824.231s][debug][gc,ref         ] GC(174) ReferenceProcessor::execute queues: 1, RefProcThreadModel::Single, marks_oops_alive: false
[4824.231s][debug][gc,phases      ] GC(174) Reference Processing 0.170ms
[4824.231s][debug][gc,phases      ] GC(174)   VM Weak                        Min:  0.0, Avg:  0.0, Max:  0.0, Diff:  0.0, Sum:  0.0, Workers: 4
[4824.231s][debug][gc,phases      ] GC(174)     Dead                           Min: 0, Avg:  0.0, Max: 0, Diff: 0, Sum: 0, Workers: 4
[4824.231s][debug][gc,phases      ] GC(174)     Total                          Min: 0, Avg: 152.2, Max: 437, Diff: 437, Sum: 609, Workers: 4
[4824.231s][debug][gc,phases      ] GC(174)   ObjectSynchronizer Weak        Min:  0.0, Avg:  0.0, Max:  0.0, Diff:  0.0, Sum:  0.0, Workers: 4
[4824.231s][debug][gc,phases      ] GC(174)     Dead                           Min: 0, Avg:  0.0, Max: 0, Diff: 0, Sum: 0, Workers: 4
[4824.231s][debug][gc,phases      ] GC(174)     Total                          Min: 0, Avg: 100.0, Max: 208, Diff: 208, Sum: 400, Workers: 4
[4824.231s][debug][gc,phases      ] GC(174)   JVMTI Tag Weak OopStorage      Min:  0.0, Avg:  0.0, Max:  0.0, Diff:  0.0, Sum:  0.0, Workers: 4
[4824.231s][debug][gc,phases      ] GC(174)     Dead                           Min: 0, Avg:  0.0, Max: 0, Diff: 0, Sum: 0, Workers: 4
[4824.231s][debug][gc,phases      ] GC(174)     Total                          Min: 0, Avg:  0.0, Max: 0, Diff: 0, Sum: 0, Workers: 4
[4824.231s][debug][gc,phases      ] GC(174)   StringTable Weak               Min:  0.1, Avg:  0.1, Max:  0.1, Diff:  0.0, Sum:  0.4, Workers: 4
[4824.231s][debug][gc,phases      ] GC(174)     Dead                           Min: 0, Avg:  0.0, Max: 0, Diff: 0, Sum: 0, Workers: 4
[4824.231s][debug][gc,phases      ] GC(174)     Total                          Min: 11328, Avg: 12223.8, Max: 12927, Diff: 1599, Sum: 48895, Workers: 4
[4824.231s][debug][gc,phases      ] GC(174)   ResolvedMethodTable Weak       Min:  0.0, Avg:  0.0, Max:  0.0, Diff:  0.0, Sum:  0.1, Workers: 4
[4824.231s][debug][gc,phases      ] GC(174)     Dead                           Min: 0, Avg:  0.0, Max: 0, Diff: 0, Sum: 0, Workers: 4
[4824.231s][debug][gc,phases      ] GC(174)     Total                          Min: 1984, Avg: 2135.8, Max: 2335, Diff: 351, Sum: 8543, Workers: 4
[4824.231s][debug][gc,phases      ] GC(174)   JNI Weak                       Min:  0.0, Avg:  0.0, Max:  0.0, Diff:  0.0, Sum:  0.0, Workers: 4
[4824.231s][debug][gc,phases      ] GC(174)     Dead                           Min: 0, Avg:  0.0, Max: 0, Diff: 0, Sum: 0, Workers: 4
[4824.231s][debug][gc,phases      ] GC(174)     Total                          Min: 0, Avg:  0.0, Max: 0, Diff: 0, Sum: 0, Workers: 4
[4824.231s][debug][gc,phases      ] GC(174)   StringDedup Table Weak         Min:  0.0, Avg:  0.0, Max:  0.0, Diff:  0.0, Sum:  0.0, Workers: 4
[4824.231s][debug][gc,phases      ] GC(174)     Dead                           Min: 0, Avg:  0.0, Max: 0, Diff: 0, Sum: 0, Workers: 4
[4824.231s][debug][gc,phases      ] GC(174)     Total                          Min: 0, Avg:  0.0, Max: 0, Diff: 0, Sum: 0, Workers: 4
[4824.231s][debug][gc,phases      ] GC(174)   StringDedup Requests0 Weak     Min:  0.0, Avg:  0.0, Max:  0.0, Diff:  0.0, Sum:  0.0, Workers: 4
[4824.231s][debug][gc,phases      ] GC(174)     Dead                           Min: 0, Avg:  0.0, Max: 0, Diff: 0, Sum: 0, Workers: 4
[4824.231s][debug][gc,phases      ] GC(174)     Total                          Min: 0, Avg:  0.0, Max: 0, Diff: 0, Sum: 0, Workers: 4
[4824.231s][debug][gc,phases      ] GC(174)   StringDedup Requests1 Weak     Min:  0.0, Avg:  0.0, Max:  0.0, Diff:  0.0, Sum:  0.0, Workers: 4
[4824.231s][debug][gc,phases      ] GC(174)     Dead                           Min: 0, Avg:  0.0, Max: 0, Diff: 0, Sum: 0, Workers: 4
[4824.231s][debug][gc,phases      ] GC(174)     Total                          Min: 0, Avg:  0.0, Max: 0, Diff: 0, Sum: 0, Workers: 4
[4824.231s][debug][gc,phases      ] GC(174)   Weak JFR Old Object Samples    Min:  0.0, Avg:  0.0, Max:  0.0, Diff:  0.0, Sum:  0.0, Workers: 4
[4824.231s][debug][gc,phases      ] GC(174)     Dead                           Min: 0, Avg:  0.0, Max: 0, Diff: 0, Sum: 0, Workers: 4
[4824.231s][debug][gc,phases      ] GC(174)     Total                          Min: 0, Avg:  0.0, Max: 0, Diff: 0, Sum: 0, Workers: 4
[4824.231s][debug][gc,phases      ] GC(174) Weak Processing 0.326ms
[4824.231s][debug][gc,age         ] GC(174) Desired survivor size 81264640 bytes, new threshold 15 (max threshold 15)
[4824.231s][info ][gc,heap        ] GC(174) PSYoungGen: 1959824K(1959936K)->5856K(2015232K) Eden: 1948160K(1948160K)->0K(1938432K) From: 11664K(11776K)->5856K(76800K)
[4824.231s][info ][gc,heap        ] GC(174) ParOldGen: 589985K(675328K)->596657K(675328K)
[4824.231s][info ][gc,metaspace   ] GC(174) Metaspace: 85339K(86336K)->85339K(86336K) NonClass: 73521K(74048K)->73521K(74048K) Class: 11817K(12288K)->11817K(12288K)
[4824.231s][info ][gc             ] GC(174) Pause Young (Allocation Failure) 2490M->588M(2627M) 5.024ms
[4824.231s][info ][gc,cpu         ] GC(174) User=0.02s Sys=0.00s Real=0.01s
[4824.232s][info ][safepoint      ] Safepoint "ParallelGCFailedAllocation", Time since last: 3897448218 ns, Reaching safepoint: 119403 ns, At safepoint: 5114996 ns, Total: 5234399 ns
[4825.232s][info ][safepoint      ] Safepoint "Cleanup", Time since last: 1000112339 ns, Reaching safepoint: 54501 ns, At safepoint: 11700 ns, Total: 66201 ns
[4826.232s][info ][safepoint      ] Safepoint "Cleanup", Time since last: 1000111438 ns, Reaching safepoint: 53701 ns, At safepoint: 14200 ns, Total: 67901 ns
[4829.232s][info ][safepoint      ] Safepoint "Cleanup", Time since last: 3000269610 ns, Reaching safepoint: 42601 ns, At safepoint: 3000 ns, Total: 45601 ns
[4830.232s][info ][safepoint      ] Safepoint "Cleanup", Time since last: 1000069636 ns, Reaching safepoint: 52901 ns, At safepoint: 3000 ns, Total: 55901 ns
[4846.234s][info ][safepoint      ] Safepoint "Cleanup", Time since last: 16001116506 ns, Reaching safepoint: 51901 ns, At safepoint: 43701 ns, Total: 95602 ns
[4861.235s][info ][safepoint      ] Safepoint "Cleanup", Time since last: 15001092674 ns, Reaching safepoint: 51401 ns, At safepoint: 4600 ns, Total: 56001 ns
[4862.235s][info ][safepoint      ] Safepoint "Cleanup", Time since last: 1000117022 ns, Reaching safepoint: 53701 ns, At safepoint: 10201 ns, Total: 63902 ns
[4882.236s][info ][safepoint      ] Safepoint "Cleanup", Time since last: 20001358940 ns, Reaching safepoint: 49201 ns, At safepoint: 27700 ns, Total: 76901 ns
[4889.237s][info ][safepoint      ] Safepoint "Cleanup", Time since last: 7000473880 ns, Reaching safepoint: 45001 ns, At safepoint: 2800 ns, Total: 47801 ns
[4890.237s][info ][safepoint      ] Safepoint "Cleanup", Time since last: 1000079710 ns, Reaching safepoint: 49401 ns, At safepoint: 3400 ns, Total: 52801 ns
[4912.627s][info ][gc,start       ] GC(175) Pause Young (Allocation Failure)
[4912.631s][debug][gc,phases      ] GC(175) Scavenge 3.895ms
[4912.631s][debug][gc,ref         ] GC(175) Skipped phase 1 of Reference Processing: no references
[4912.631s][debug][gc,ref         ] GC(175) ReferenceProcessor::execute queues: 1, RefProcThreadModel::Single, marks_oops_alive: false
[4912.631s][debug][gc,ref         ] GC(175) Skipped phase 3 of Reference Processing: no references
[4912.631s][debug][gc,ref         ] GC(175) ReferenceProcessor::execute queues: 1, RefProcThreadModel::Single, marks_oops_alive: false
[4912.631s][debug][gc,phases      ] GC(175) Reference Processing 0.131ms
[4912.631s][debug][gc,phases      ] GC(175)   VM Weak                        Min:  0.0, Avg:  0.0, Max:  0.0, Diff:  0.0, Sum:  0.0, Workers: 4
[4912.631s][debug][gc,phases      ] GC(175)     Dead                           Min: 0, Avg:  0.0, Max: 0, Diff: 0, Sum: 0, Workers: 4
[4912.631s][debug][gc,phases      ] GC(175)     Total                          Min: 0, Avg: 152.2, Max: 409, Diff: 409, Sum: 609, Workers: 4
[4912.631s][debug][gc,phases      ] GC(175)   ObjectSynchronizer Weak        Min:  0.0, Avg:  0.0, Max:  0.0, Diff:  0.0, Sum:  0.0, Workers: 4
[4912.631s][debug][gc,phases      ] GC(175)     Dead                           Min: 0, Avg:  0.0, Max: 0, Diff: 0, Sum: 0, Workers: 4
[4912.631s][debug][gc,phases      ] GC(175)     Total                          Min: 0, Avg: 100.0, Max: 192, Diff: 192, Sum: 400, Workers: 4
[4912.631s][debug][gc,phases      ] GC(175)   JVMTI Tag Weak OopStorage      Min:  0.0, Avg:  0.0, Max:  0.0, Diff:  0.0, Sum:  0.0, Workers: 4
[4912.631s][debug][gc,phases      ] GC(175)     Dead                           Min: 0, Avg:  0.0, Max: 0, Diff: 0, Sum: 0, Workers: 4
[4912.631s][debug][gc,phases      ] GC(175)     Total                          Min: 0, Avg:  0.0, Max: 0, Diff: 0, Sum: 0, Workers: 4
[4912.631s][debug][gc,phases      ] GC(175)   StringTable Weak               Min:  0.1, Avg:  0.1, Max:  0.1, Diff:  0.0, Sum:  0.4, Workers: 4
[4912.631s][debug][gc,phases      ] GC(175)     Dead                           Min: 0, Avg:  0.0, Max: 0, Diff: 0, Sum: 0, Workers: 4
[4912.631s][debug][gc,phases      ] GC(175)     Total                          Min: 11328, Avg: 12223.8, Max: 12927, Diff: 1599, Sum: 48895, Workers: 4
[4912.631s][debug][gc,phases      ] GC(175)   ResolvedMethodTable Weak       Min:  0.0, Avg:  0.0, Max:  0.0, Diff:  0.0, Sum:  0.1, Workers: 4
[4912.631s][debug][gc,phases      ] GC(175)     Dead                           Min: 0, Avg:  0.0, Max: 0, Diff: 0, Sum: 0, Workers: 4
[4912.631s][debug][gc,phases      ] GC(175)     Total                          Min: 2015, Avg: 2135.8, Max: 2240, Diff: 225, Sum: 8543, Workers: 4
[4912.631s][debug][gc,phases      ] GC(175)   JNI Weak                       Min:  0.0, Avg:  0.0, Max:  0.0, Diff:  0.0, Sum:  0.0, Workers: 4
[4912.631s][debug][gc,phases      ] GC(175)     Dead                           Min: 0, Avg:  0.0, Max: 0, Diff: 0, Sum: 0, Workers: 4
[4912.631s][debug][gc,phases      ] GC(175)     Total                          Min: 0, Avg:  0.0, Max: 0, Diff: 0, Sum: 0, Workers: 4
[4912.631s][debug][gc,phases      ] GC(175)   StringDedup Table Weak         Min:  0.0, Avg:  0.0, Max:  0.0, Diff:  0.0, Sum:  0.0, Workers: 4
[4912.631s][debug][gc,phases      ] GC(175)     Dead                           Min: 0, Avg:  0.0, Max: 0, Diff: 0, Sum: 0, Workers: 4
[4912.631s][debug][gc,phases      ] GC(175)     Total                          Min: 0, Avg:  0.0, Max: 0, Diff: 0, Sum: 0, Workers: 4
[4912.631s][debug][gc,phases      ] GC(175)   StringDedup Requests0 Weak     Min:  0.0, Avg:  0.0, Max:  0.0, Diff:  0.0, Sum:  0.0, Workers: 4
[4912.631s][debug][gc,phases      ] GC(175)     Dead                           Min: 0, Avg:  0.0, Max: 0, Diff: 0, Sum: 0, Workers: 4
[4912.631s][debug][gc,phases      ] GC(175)     Total                          Min: 0, Avg:  0.0, Max: 0, Diff: 0, Sum: 0, Workers: 4
[4912.631s][debug][gc,phases      ] GC(175)   StringDedup Requests1 Weak     Min:  0.0, Avg:  0.0, Max:  0.0, Diff:  0.0, Sum:  0.0, Workers: 4
[4912.631s][debug][gc,phases      ] GC(175)     Dead                           Min: 0, Avg:  0.0, Max: 0, Diff: 0, Sum: 0, Workers: 4
[4912.631s][debug][gc,phases      ] GC(175)     Total                          Min: 0, Avg:  0.0, Max: 0, Diff: 0, Sum: 0, Workers: 4
[4912.631s][debug][gc,phases      ] GC(175)   Weak JFR Old Object Samples    Min:  0.0, Avg:  0.0, Max:  0.0, Diff:  0.0, Sum:  0.0, Workers: 4
[4912.631s][debug][gc,phases      ] GC(175)     Dead                           Min: 0, Avg:  0.0, Max: 0, Diff: 0, Sum: 0, Workers: 4
[4912.631s][debug][gc,phases      ] GC(175)     Total                          Min: 0, Avg:  0.0, Max: 0, Diff: 0, Sum: 0, Workers: 4
[4912.631s][debug][gc,phases      ] GC(175) Weak Processing 0.329ms
[4912.631s][debug][gc,age         ] GC(175) Desired survivor size 82837504 bytes, new threshold 15 (max threshold 15)
[4912.631s][info ][gc,heap        ] GC(175) PSYoungGen: 1944288K(2015232K)->5744K(1944576K) Eden: 1938432K(1938432K)->0K(1938432K) From: 5856K(76800K)->5744K(6144K)
[4912.631s][info ][gc,heap        ] GC(175) ParOldGen: 596657K(675328K)->596749K(675328K)
[4912.631s][info ][gc,metaspace   ] GC(175) Metaspace: 85355K(86336K)->85355K(86336K) NonClass: 73537K(74048K)->73537K(74048K) Class: 11817K(12288K)->11817K(12288K)
[4912.631s][info ][gc             ] GC(175) Pause Young (Allocation Failure) 2481M->588M(2558M) 4.477ms
[4912.631s][info ][gc,cpu         ] GC(175) User=0.02s Sys=0.00s Real=0.01s
[4912.631s][info ][safepoint      ] Safepoint "ParallelGCFailedAllocation", Time since last: 22389676914 ns, Reaching safepoint: 128402 ns, At safepoint: 4585086 ns, Total: 4713488 ns
[4930.633s][info ][safepoint      ] Safepoint "Cleanup", Time since last: 18001484859 ns, Reaching safepoint: 49601 ns, At safepoint: 2900 ns, Total: 52501 ns
[4946.634s][info ][safepoint      ] Safepoint "Cleanup", Time since last: 16001082957 ns, Reaching safepoint: 58501 ns, At safepoint: 6200 ns, Total: 64701 ns
[4966.635s][info ][safepoint      ] Safepoint "Cleanup", Time since last: 20001268591 ns, Reaching safepoint: 57901 ns, At safepoint: 2900 ns, Total: 60801 ns
[4983.637s][info ][safepoint      ] Safepoint "Cleanup", Time since last: 17001198531 ns, Reaching safepoint: 55301 ns, At safepoint: 10900 ns, Total: 66201 ns
[4986.637s][info ][safepoint      ] Safepoint "Cleanup", Time since last: 3000245625 ns, Reaching safepoint: 53201 ns, At safepoint: 3701 ns, Total: 56902 ns
[4987.925s][info ][gc,start       ] GC(176) Pause Young (Allocation Failure)
[4987.935s][debug][gc,phases      ] GC(176) Scavenge 9.717ms
[4987.935s][debug][gc,ref         ] GC(176) Skipped phase 1 of Reference Processing: no references
[4987.935s][debug][gc,ref         ] GC(176) ReferenceProcessor::execute queues: 1, RefProcThreadModel::Single, marks_oops_alive: false
[4987.935s][debug][gc,ref         ] GC(176) Skipped phase 3 of Reference Processing: no references
[4987.935s][debug][gc,ref         ] GC(176) ReferenceProcessor::execute queues: 1, RefProcThreadModel::Single, marks_oops_alive: false
[4987.935s][debug][gc,phases      ] GC(176) Reference Processing 0.157ms
[4987.936s][debug][gc,phases      ] GC(176)   VM Weak                        Min:  0.0, Avg:  0.0, Max:  0.0, Diff:  0.0, Sum:  0.0, Workers: 4
[4987.936s][debug][gc,phases      ] GC(176)     Dead                           Min: 0, Avg:  0.0, Max: 0, Diff: 0, Sum: 0, Workers: 4
[4987.936s][debug][gc,phases      ] GC(176)     Total                          Min: 0, Avg: 152.2, Max: 391, Diff: 391, Sum: 609, Workers: 4
[4987.936s][debug][gc,phases      ] GC(176)   ObjectSynchronizer Weak        Min:  0.0, Avg:  0.0, Max:  0.0, Diff:  0.0, Sum:  0.0, Workers: 4
[4987.936s][debug][gc,phases      ] GC(176)     Dead                           Min: 0, Avg:  0.0, Max: 0, Diff: 0, Sum: 0, Workers: 4
[4987.936s][debug][gc,phases      ] GC(176)     Total                          Min: 0, Avg: 100.0, Max: 208, Diff: 208, Sum: 400, Workers: 4
[4987.936s][debug][gc,phases      ] GC(176)   JVMTI Tag Weak OopStorage      Min:  0.0, Avg:  0.0, Max:  0.0, Diff:  0.0, Sum:  0.0, Workers: 4
[4987.936s][debug][gc,phases      ] GC(176)     Dead                           Min: 0, Avg:  0.0, Max: 0, Diff: 0, Sum: 0, Workers: 4
[4987.936s][debug][gc,phases      ] GC(176)     Total                          Min: 0, Avg:  0.0, Max: 0, Diff: 0, Sum: 0, Workers: 4
[4987.936s][debug][gc,phases      ] GC(176)   StringTable Weak               Min:  0.1, Avg:  0.1, Max:  0.1, Diff:  0.0, Sum:  0.4, Workers: 4
[4987.936s][debug][gc,phases      ] GC(176)     Dead                           Min: 0, Avg:  0.0, Max: 0, Diff: 0, Sum: 0, Workers: 4
[4987.936s][debug][gc,phases      ] GC(176)     Total                          Min: 11072, Avg: 12225.0, Max: 14208, Diff: 3136, Sum: 48900, Workers: 4
[4987.936s][debug][gc,phases      ] GC(176)   ResolvedMethodTable Weak       Min:  0.0, Avg:  0.0, Max:  0.0, Diff:  0.0, Sum:  0.1, Workers: 4
[4987.936s][debug][gc,phases      ] GC(176)     Dead                           Min: 0, Avg:  0.0, Max: 0, Diff: 0, Sum: 0, Workers: 4
[4987.936s][debug][gc,phases      ] GC(176)     Total                          Min: 1856, Avg: 2135.8, Max: 2463, Diff: 607, Sum: 8543, Workers: 4
[4987.936s][debug][gc,phases      ] GC(176)   JNI Weak                       Min:  0.0, Avg:  0.0, Max:  0.0, Diff:  0.0, Sum:  0.0, Workers: 4
[4987.936s][debug][gc,phases      ] GC(176)     Dead                           Min: 0, Avg:  0.0, Max: 0, Diff: 0, Sum: 0, Workers: 4
[4987.936s][debug][gc,phases      ] GC(176)     Total                          Min: 0, Avg:  0.0, Max: 0, Diff: 0, Sum: 0, Workers: 4
[4987.936s][debug][gc,phases      ] GC(176)   StringDedup Table Weak         Min:  0.0, Avg:  0.0, Max:  0.0, Diff:  0.0, Sum:  0.0, Workers: 4
[4987.936s][debug][gc,phases      ] GC(176)     Dead                           Min: 0, Avg:  0.0, Max: 0, Diff: 0, Sum: 0, Workers: 4
[4987.936s][debug][gc,phases      ] GC(176)     Total                          Min: 0, Avg:  0.0, Max: 0, Diff: 0, Sum: 0, Workers: 4
[4987.936s][debug][gc,phases      ] GC(176)   StringDedup Requests0 Weak     Min:  0.0, Avg:  0.0, Max:  0.0, Diff:  0.0, Sum:  0.0, Workers: 4
[4987.936s][debug][gc,phases      ] GC(176)     Dead                           Min: 0, Avg:  0.0, Max: 0, Diff: 0, Sum: 0, Workers: 4
[4987.936s][debug][gc,phases      ] GC(176)     Total                          Min: 0, Avg:  0.0, Max: 0, Diff: 0, Sum: 0, Workers: 4
[4987.936s][debug][gc,phases      ] GC(176)   StringDedup Requests1 Weak     Min:  0.0, Avg:  0.0, Max:  0.0, Diff:  0.0, Sum:  0.0, Workers: 4
[4987.936s][debug][gc,phases      ] GC(176)     Dead                           Min: 0, Avg:  0.0, Max: 0, Diff: 0, Sum: 0, Workers: 4
[4987.936s][debug][gc,phases      ] GC(176)     Total                          Min: 0, Avg:  0.0, Max: 0, Diff: 0, Sum: 0, Workers: 4
[4987.936s][debug][gc,phases      ] GC(176)   Weak JFR Old Object Samples    Min:  0.0, Avg:  0.0, Max:  0.0, Diff:  0.0, Sum:  0.0, Workers: 4
[4987.936s][debug][gc,phases      ] GC(176)     Dead                           Min: 0, Avg:  0.0, Max: 0, Diff: 0, Sum: 0, Workers: 4
[4987.936s][debug][gc,phases      ] GC(176)     Total                          Min: 0, Avg:  0.0, Max: 0, Diff: 0, Sum: 0, Workers: 4
[4987.936s][debug][gc,phases      ] GC(176) Weak Processing 0.331ms
[4987.936s][debug][gc,age         ] GC(176) Desired survivor size 79691776 bytes, new threshold 15 (max threshold 15)
[4987.936s][info ][gc,heap        ] GC(176) PSYoungGen: 1944176K(1944576K)->26384K(2019328K) Eden: 1938432K(1938432K)->0K(1938432K) From: 5744K(6144K)->26384K(80896K)
[4987.936s][info ][gc,heap        ] GC(176) ParOldGen: 596749K(675328K)->596969K(675328K)
[4987.936s][info ][gc,metaspace   ] GC(176) Metaspace: 85375K(86336K)->85375K(86336K) NonClass: 73558K(74048K)->73558K(74048K) Class: 11817K(12288K)->11817K(12288K)
[4987.936s][info ][gc             ] GC(176) Pause Young (Allocation Failure) 2481M->608M(2631M) 10.345ms
[4987.936s][info ][gc,cpu         ] GC(176) User=0.03s Sys=0.00s Real=0.01s
[4987.936s][info ][safepoint      ] Safepoint "ParallelGCFailedAllocation", Time since last: 1288294084 ns, Reaching safepoint: 147203 ns, At safepoint: 10441996 ns, Total: 10589199 ns
[5006.937s][info ][safepoint      ] Safepoint "Cleanup", Time since last: 19001186143 ns, Reaching safepoint: 47801 ns, At safepoint: 38701 ns, Total: 86502 ns
[5050.226s][info ][gc,start       ] GC(177) Pause Young (Allocation Failure)
[5050.236s][debug][gc,phases      ] GC(177) Scavenge 10.400ms
[5050.237s][debug][gc,ref         ] GC(177) Skipped phase 1 of Reference Processing: no references
[5050.237s][debug][gc,ref         ] GC(177) ReferenceProcessor::execute queues: 1, RefProcThreadModel::Single, marks_oops_alive: false
[5050.237s][debug][gc,ref         ] GC(177) Skipped phase 3 of Reference Processing: no references
[5050.237s][debug][gc,ref         ] GC(177) ReferenceProcessor::execute queues: 1, RefProcThreadModel::Single, marks_oops_alive: false
[5050.237s][debug][gc,phases      ] GC(177) Reference Processing 0.125ms
[5050.237s][debug][gc,phases      ] GC(177)   VM Weak                        Min:  0.0, Avg:  0.0, Max:  0.0, Diff:  0.0, Sum:  0.0, Workers: 4
[5050.237s][debug][gc,phases      ] GC(177)     Dead                           Min: 0, Avg:  0.0, Max: 0, Diff: 0, Sum: 0, Workers: 4
[5050.237s][debug][gc,phases      ] GC(177)     Total                          Min: 0, Avg: 152.2, Max: 437, Diff: 437, Sum: 609, Workers: 4
[5050.237s][debug][gc,phases      ] GC(177)   ObjectSynchronizer Weak        Min:  0.0, Avg:  0.0, Max:  0.0, Diff:  0.0, Sum:  0.0, Workers: 4
[5050.237s][debug][gc,phases      ] GC(177)     Dead                           Min: 0, Avg:  0.0, Max: 0, Diff: 0, Sum: 0, Workers: 4
[5050.237s][debug][gc,phases      ] GC(177)     Total                          Min: 0, Avg: 100.0, Max: 192, Diff: 192, Sum: 400, Workers: 4
[5050.237s][debug][gc,phases      ] GC(177)   JVMTI Tag Weak OopStorage      Min:  0.0, Avg:  0.0, Max:  0.0, Diff:  0.0, Sum:  0.0, Workers: 4
[5050.237s][debug][gc,phases      ] GC(177)     Dead                           Min: 0, Avg:  0.0, Max: 0, Diff: 0, Sum: 0, Workers: 4
[5050.237s][debug][gc,phases      ] GC(177)     Total                          Min: 0, Avg:  0.0, Max: 0, Diff: 0, Sum: 0, Workers: 4
[5050.237s][debug][gc,phases      ] GC(177)   StringTable Weak               Min:  0.1, Avg:  0.1, Max:  0.1, Diff:  0.0, Sum:  0.4, Workers: 4
[5050.237s][debug][gc,phases      ] GC(177)     Dead                           Min: 0, Avg:  0.0, Max: 0, Diff: 0, Sum: 0, Workers: 4
[5050.237s][debug][gc,phases      ] GC(177)     Total                          Min: 10441, Avg: 12226.2, Max: 13504, Diff: 3063, Sum: 48905, Workers: 4
[5050.237s][debug][gc,phases      ] GC(177)   ResolvedMethodTable Weak       Min:  0.0, Avg:  0.0, Max:  0.0, Diff:  0.0, Sum:  0.1, Workers: 4
[5050.237s][debug][gc,phases      ] GC(177)     Dead                           Min: 0, Avg:  0.0, Max: 0, Diff: 0, Sum: 0, Workers: 4
[5050.237s][debug][gc,phases      ] GC(177)     Total                          Min: 1856, Avg: 2135.8, Max: 2432, Diff: 576, Sum: 8543, Workers: 4
[5050.237s][debug][gc,phases      ] GC(177)   JNI Weak                       Min:  0.0, Avg:  0.0, Max:  0.0, Diff:  0.0, Sum:  0.0, Workers: 4
[5050.237s][debug][gc,phases      ] GC(177)     Dead                           Min: 0, Avg:  0.0, Max: 0, Diff: 0, Sum: 0, Workers: 4
[5050.237s][debug][gc,phases      ] GC(177)     Total                          Min: 0, Avg:  0.2, Max: 1, Diff: 1, Sum: 1, Workers: 4
[5050.237s][debug][gc,phases      ] GC(177)   StringDedup Table Weak         Min:  0.0, Avg:  0.0, Max:  0.0, Diff:  0.0, Sum:  0.0, Workers: 4
[5050.237s][debug][gc,phases      ] GC(177)     Dead                           Min: 0, Avg:  0.0, Max: 0, Diff: 0, Sum: 0, Workers: 4
[5050.237s][debug][gc,phases      ] GC(177)     Total                          Min: 0, Avg:  0.0, Max: 0, Diff: 0, Sum: 0, Workers: 4
[5050.237s][debug][gc,phases      ] GC(177)   StringDedup Requests0 Weak     Min:  0.0, Avg:  0.0, Max:  0.0, Diff:  0.0, Sum:  0.0, Workers: 4
[5050.237s][debug][gc,phases      ] GC(177)     Dead                           Min: 0, Avg:  0.0, Max: 0, Diff: 0, Sum: 0, Workers: 4
[5050.237s][debug][gc,phases      ] GC(177)     Total                          Min: 0, Avg:  0.0, Max: 0, Diff: 0, Sum: 0, Workers: 4
[5050.237s][debug][gc,phases      ] GC(177)   StringDedup Requests1 Weak     Min:  0.0, Avg:  0.0, Max:  0.0, Diff:  0.0, Sum:  0.0, Workers: 4
[5050.237s][debug][gc,phases      ] GC(177)     Dead                           Min: 0, Avg:  0.0, Max: 0, Diff: 0, Sum: 0, Workers: 4
[5050.237s][debug][gc,phases      ] GC(177)     Total                          Min: 0, Avg:  0.0, Max: 0, Diff: 0, Sum: 0, Workers: 4
[5050.237s][debug][gc,phases      ] GC(177)   Weak JFR Old Object Samples    Min:  0.0, Avg:  0.0, Max:  0.0, Diff:  0.0, Sum:  0.0, Workers: 4
[5050.237s][debug][gc,phases      ] GC(177)     Dead                           Min: 0, Avg:  0.0, Max: 0, Diff: 0, Sum: 0, Workers: 4
[5050.237s][debug][gc,phases      ] GC(177)     Total                          Min: 0, Avg:  0.0, Max: 0, Diff: 0, Sum: 0, Workers: 4
[5050.237s][debug][gc,phases      ] GC(177) Weak Processing 0.331ms
[5050.237s][debug][gc,age         ] GC(177) Desired survivor size 76546048 bytes, new threshold 15 (max threshold 15)
[5050.237s][info ][gc,heap        ] GC(177) PSYoungGen: 1964816K(2019328K)->37296K(2016256K) Eden: 1938432K(1938432K)->0K(1938432K) From: 26384K(80896K)->37296K(77824K)
[5050.237s][info ][gc,heap        ] GC(177) ParOldGen: 596969K(675328K)->597425K(675328K)
[5050.237s][info ][gc,metaspace   ] GC(177) Metaspace: 85378K(86336K)->85378K(86336K) NonClass: 73560K(74048K)->73560K(74048K) Class: 11817K(12288K)->11817K(12288K)
[5050.237s][info ][gc             ] GC(177) Pause Young (Allocation Failure) 2501M->619M(2628M) 10.998ms
[5050.237s][info ][gc,cpu         ] GC(177) User=0.04s Sys=0.01s Real=0.01s
[5050.237s][info ][safepoint      ] Safepoint "ParallelGCFailedAllocation", Time since last: 43288803786 ns, Reaching safepoint: 107102 ns, At safepoint: 11088108 ns, Total: 11195210 ns
[5051.297s][info ][safepoint      ] Safepoint "Cleanup", Time since last: 1060185181 ns, Reaching safepoint: 71102 ns, At safepoint: 6100 ns, Total: 77202 ns
[5072.299s][info ][safepoint      ] Safepoint "Cleanup", Time since last: 21001428573 ns, Reaching safepoint: 46201 ns, At safepoint: 3900 ns, Total: 50101 ns
[5119.303s][info ][safepoint      ] Safepoint "Cleanup", Time since last: 47004605686 ns, Reaching safepoint: 44001 ns, At safepoint: 3600 ns, Total: 47601 ns
[5124.304s][info ][safepoint      ] Safepoint "Cleanup", Time since last: 5000376074 ns, Reaching safepoint: 50601 ns, At safepoint: 5801 ns, Total: 56402 ns
[5127.304s][info ][safepoint      ] Safepoint "Cleanup", Time since last: 3000255702 ns, Reaching safepoint: 51001 ns, At safepoint: 6100 ns, Total: 57101 ns
[5130.205s][info ][safepoint      ] Safepoint "Cleanup", Time since last: 2900843038 ns, Reaching safepoint: 126502 ns, At safepoint: 13301 ns, Total: 139803 ns
[5136.141s][info ][safepoint      ] Safepoint "Cleanup", Time since last: 5935818782 ns, Reaching safepoint: 55701 ns, At safepoint: 6000 ns, Total: 61701 ns
[5142.528s][info ][gc,start       ] GC(178) Pause Young (Allocation Failure)
[5142.538s][debug][gc,phases      ] GC(178) Scavenge 9.898ms
[5142.538s][debug][gc,ref         ] GC(178) Skipped phase 1 of Reference Processing: no references
[5142.538s][debug][gc,ref         ] GC(178) ReferenceProcessor::execute queues: 1, RefProcThreadModel::Single, marks_oops_alive: false
[5142.538s][debug][gc,ref         ] GC(178) Skipped phase 3 of Reference Processing: no references
[5142.538s][debug][gc,ref         ] GC(178) ReferenceProcessor::execute queues: 1, RefProcThreadModel::Single, marks_oops_alive: false
[5142.538s][debug][gc,phases      ] GC(178) Reference Processing 0.132ms
[5142.538s][debug][gc,phases      ] GC(178)   VM Weak                        Min:  0.0, Avg:  0.0, Max:  0.0, Diff:  0.0, Sum:  0.0, Workers: 4
[5142.539s][debug][gc,phases      ] GC(178)     Dead                           Min: 0, Avg:  0.0, Max: 0, Diff: 0, Sum: 0, Workers: 4
[5142.539s][debug][gc,phases      ] GC(178)     Total                          Min: 0, Avg: 152.2, Max: 391, Diff: 391, Sum: 609, Workers: 4
[5142.539s][debug][gc,phases      ] GC(178)   ObjectSynchronizer Weak        Min:  0.0, Avg:  0.0, Max:  0.0, Diff:  0.0, Sum:  0.0, Workers: 4
[5142.539s][debug][gc,phases      ] GC(178)     Dead                           Min: 0, Avg:  0.0, Max: 0, Diff: 0, Sum: 0, Workers: 4
[5142.539s][debug][gc,phases      ] GC(178)     Total                          Min: 0, Avg: 100.0, Max: 144, Diff: 144, Sum: 400, Workers: 4
[5142.539s][debug][gc,phases      ] GC(178)   JVMTI Tag Weak OopStorage      Min:  0.0, Avg:  0.0, Max:  0.0, Diff:  0.0, Sum:  0.0, Workers: 4
[5142.539s][debug][gc,phases      ] GC(178)     Dead                           Min: 0, Avg:  0.0, Max: 0, Diff: 0, Sum: 0, Workers: 4
[5142.539s][debug][gc,phases      ] GC(178)     Total                          Min: 0, Avg:  0.0, Max: 0, Diff: 0, Sum: 0, Workers: 4
[5142.539s][debug][gc,phases      ] GC(178)   StringTable Weak               Min:  0.1, Avg:  0.1, Max:  0.1, Diff:  0.0, Sum:  0.4, Workers: 4
[5142.539s][debug][gc,phases      ] GC(178)     Dead                           Min: 0, Avg:  0.0, Max: 0, Diff: 0, Sum: 0, Workers: 4
[5142.539s][debug][gc,phases      ] GC(178)     Total                          Min: 11456, Avg: 12228.8, Max: 13184, Diff: 1728, Sum: 48915, Workers: 4
[5142.539s][debug][gc,phases      ] GC(178)   ResolvedMethodTable Weak       Min:  0.0, Avg:  0.0, Max:  0.0, Diff:  0.0, Sum:  0.1, Workers: 4
[5142.539s][debug][gc,phases      ] GC(178)     Dead                           Min: 0, Avg:  0.0, Max: 0, Diff: 0, Sum: 0, Workers: 4
[5142.539s][debug][gc,phases      ] GC(178)     Total                          Min: 2048, Avg: 2135.8, Max: 2240, Diff: 192, Sum: 8543, Workers: 4
[5142.539s][debug][gc,phases      ] GC(178)   JNI Weak                       Min:  0.0, Avg:  0.0, Max:  0.0, Diff:  0.0, Sum:  0.0, Workers: 4
[5142.539s][debug][gc,phases      ] GC(178)     Dead                           Min: 0, Avg:  0.0, Max: 0, Diff: 0, Sum: 0, Workers: 4
[5142.539s][debug][gc,phases      ] GC(178)     Total                          Min: 0, Avg:  0.0, Max: 0, Diff: 0, Sum: 0, Workers: 4
[5142.539s][debug][gc,phases      ] GC(178)   StringDedup Table Weak         Min:  0.0, Avg:  0.0, Max:  0.0, Diff:  0.0, Sum:  0.0, Workers: 4
[5142.539s][debug][gc,phases      ] GC(178)     Dead                           Min: 0, Avg:  0.0, Max: 0, Diff: 0, Sum: 0, Workers: 4
[5142.539s][debug][gc,phases      ] GC(178)     Total                          Min: 0, Avg:  0.0, Max: 0, Diff: 0, Sum: 0, Workers: 4
[5142.539s][debug][gc,phases      ] GC(178)   StringDedup Requests0 Weak     Min:  0.0, Avg:  0.0, Max:  0.0, Diff:  0.0, Sum:  0.0, Workers: 4
[5142.539s][debug][gc,phases      ] GC(178)     Dead                           Min: 0, Avg:  0.0, Max: 0, Diff: 0, Sum: 0, Workers: 4
[5142.539s][debug][gc,phases      ] GC(178)     Total                          Min: 0, Avg:  0.0, Max: 0, Diff: 0, Sum: 0, Workers: 4
[5142.539s][debug][gc,phases      ] GC(178)   StringDedup Requests1 Weak     Min:  0.0, Avg:  0.0, Max:  0.0, Diff:  0.0, Sum:  0.0, Workers: 4
[5142.539s][debug][gc,phases      ] GC(178)     Dead                           Min: 0, Avg:  0.0, Max: 0, Diff: 0, Sum: 0, Workers: 4
[5142.539s][debug][gc,phases      ] GC(178)     Total                          Min: 0, Avg:  0.0, Max: 0, Diff: 0, Sum: 0, Workers: 4
[5142.539s][debug][gc,phases      ] GC(178)   Weak JFR Old Object Samples    Min:  0.0, Avg:  0.0, Max:  0.0, Diff:  0.0, Sum:  0.0, Workers: 4
[5142.539s][debug][gc,phases      ] GC(178)     Dead                           Min: 0, Avg:  0.0, Max: 0, Diff: 0, Sum: 0, Workers: 4
[5142.539s][debug][gc,phases      ] GC(178)     Total                          Min: 0, Avg:  0.0, Max: 0, Diff: 0, Sum: 0, Workers: 4
[5142.539s][debug][gc,phases      ] GC(178) Weak Processing 0.324ms
[5142.539s][debug][gc,age         ] GC(178) Desired survivor size 73400320 bytes, new threshold 15 (max threshold 15)
[5142.539s][info ][gc,heap        ] GC(178) PSYoungGen: 1975728K(2016256K)->37296K(2025472K) Eden: 1938432K(1938432K)->0K(1950720K) From: 37296K(77824K)->37296K(74752K)
[5142.539s][info ][gc,heap        ] GC(178) ParOldGen: 597425K(675328K)->597505K(675328K)
[5142.539s][info ][gc,metaspace   ] GC(178) Metaspace: 85385K(86336K)->85385K(86336K) NonClass: 73567K(74048K)->73567K(74048K) Class: 11818K(12288K)->11818K(12288K)
[5142.539s][info ][gc             ] GC(178) Pause Young (Allocation Failure) 2512M->619M(2637M) 10.517ms
[5142.539s][info ][gc,cpu         ] GC(178) User=0.04s Sys=0.00s Real=0.02s
[5142.539s][info ][safepoint      ] Safepoint "ParallelGCFailedAllocation", Time since last: 6386977622 ns, Reaching safepoint: 44601 ns, At safepoint: 10612199 ns, Total: 10656800 ns
[5143.539s][info ][safepoint      ] Safepoint "Cleanup", Time since last: 1000080530 ns, Reaching safepoint: 50101 ns, At safepoint: 2900 ns, Total: 53001 ns
[5144.539s][info ][safepoint      ] Safepoint "Cleanup", Time since last: 1000114830 ns, Reaching safepoint: 46801 ns, At safepoint: 3000 ns, Total: 49801 ns
[5146.539s][info ][safepoint      ] Safepoint "Cleanup", Time since last: 2000175958 ns, Reaching safepoint: 66802 ns, At safepoint: 10500 ns, Total: 77302 ns
[5149.540s][info ][safepoint      ] Safepoint "Cleanup", Time since last: 3000246486 ns, Reaching safepoint: 46200 ns, At safepoint: 3100 ns, Total: 49300 ns
[5153.540s][info ][safepoint      ] Safepoint "Cleanup", Time since last: 4000270510 ns, Reaching safepoint: 46201 ns, At safepoint: 42601 ns, Total: 88802 ns
[5176.542s][info ][safepoint      ] Safepoint "Cleanup", Time since last: 23001525257 ns, Reaching safepoint: 52101 ns, At safepoint: 2900 ns, Total: 55001 ns
[5180.542s][info ][safepoint      ] Safepoint "Cleanup", Time since last: 4000313385 ns, Reaching safepoint: 124002 ns, At safepoint: 7701 ns, Total: 131703 ns
[5192.543s][info ][safepoint      ] Safepoint "Cleanup", Time since last: 12001177438 ns, Reaching safepoint: 54701 ns, At safepoint: 2600 ns, Total: 57301 ns
[5203.574s][info ][gc,start       ] GC(179) Pause Young (Allocation Failure)
[5203.588s][debug][gc,phases      ] GC(179) Scavenge 13.719ms
[5203.588s][debug][gc,ref         ] GC(179) Skipped phase 1 of Reference Processing: no references
[5203.588s][debug][gc,ref         ] GC(179) ReferenceProcessor::execute queues: 1, RefProcThreadModel::Single, marks_oops_alive: false
[5203.588s][debug][gc,ref         ] GC(179) Skipped phase 3 of Reference Processing: no references
[5203.588s][debug][gc,ref         ] GC(179) ReferenceProcessor::execute queues: 1, RefProcThreadModel::Single, marks_oops_alive: false
[5203.588s][debug][gc,phases      ] GC(179) Reference Processing 0.131ms
[5203.588s][debug][gc,phases      ] GC(179)   VM Weak                        Min:  0.0, Avg:  0.0, Max:  0.0, Diff:  0.0, Sum:  0.0, Workers: 4
[5203.588s][debug][gc,phases      ] GC(179)     Dead                           Min: 0, Avg:  0.0, Max: 0, Diff: 0, Sum: 0, Workers: 4
[5203.588s][debug][gc,phases      ] GC(179)     Total                          Min: 0, Avg: 152.2, Max: 574, Diff: 574, Sum: 609, Workers: 4
[5203.588s][debug][gc,phases      ] GC(179)   ObjectSynchronizer Weak        Min:  0.0, Avg:  0.0, Max:  0.0, Diff:  0.0, Sum:  0.0, Workers: 4
[5203.588s][debug][gc,phases      ] GC(179)     Dead                           Min: 0, Avg:  0.0, Max: 0, Diff: 0, Sum: 0, Workers: 4
[5203.588s][debug][gc,phases      ] GC(179)     Total                          Min: 0, Avg: 100.0, Max: 272, Diff: 272, Sum: 400, Workers: 4
[5203.588s][debug][gc,phases      ] GC(179)   JVMTI Tag Weak OopStorage      Min:  0.0, Avg:  0.0, Max:  0.0, Diff:  0.0, Sum:  0.0, Workers: 4
[5203.588s][debug][gc,phases      ] GC(179)     Dead                           Min: 0, Avg:  0.0, Max: 0, Diff: 0, Sum: 0, Workers: 4
[5203.588s][debug][gc,phases      ] GC(179)     Total                          Min: 0, Avg:  0.0, Max: 0, Diff: 0, Sum: 0, Workers: 4
[5203.588s][debug][gc,phases      ] GC(179)   StringTable Weak               Min:  0.1, Avg:  0.1, Max:  0.1, Diff:  0.0, Sum:  0.4, Workers: 4
[5203.588s][debug][gc,phases      ] GC(179)     Dead                           Min: 0, Avg:  0.0, Max: 0, Diff: 0, Sum: 0, Workers: 4
[5203.588s][debug][gc,phases      ] GC(179)     Total                          Min: 11328, Avg: 12228.8, Max: 13184, Diff: 1856, Sum: 48915, Workers: 4
[5203.588s][debug][gc,phases      ] GC(179)   ResolvedMethodTable Weak       Min:  0.0, Avg:  0.0, Max:  0.0, Diff:  0.0, Sum:  0.1, Workers: 4
[5203.588s][debug][gc,phases      ] GC(179)     Dead                           Min: 0, Avg:  0.0, Max: 0, Diff: 0, Sum: 0, Workers: 4
[5203.588s][debug][gc,phases      ] GC(179)     Total                          Min: 1984, Avg: 2135.8, Max: 2207, Diff: 223, Sum: 8543, Workers: 4
[5203.588s][debug][gc,phases      ] GC(179)   JNI Weak                       Min:  0.0, Avg:  0.0, Max:  0.0, Diff:  0.0, Sum:  0.0, Workers: 4
[5203.588s][debug][gc,phases      ] GC(179)     Dead                           Min: 0, Avg:  0.0, Max: 0, Diff: 0, Sum: 0, Workers: 4
[5203.588s][debug][gc,phases      ] GC(179)     Total                          Min: 0, Avg:  0.0, Max: 0, Diff: 0, Sum: 0, Workers: 4
[5203.588s][debug][gc,phases      ] GC(179)   StringDedup Table Weak         Min:  0.0, Avg:  0.0, Max:  0.0, Diff:  0.0, Sum:  0.0, Workers: 4
[5203.588s][debug][gc,phases      ] GC(179)     Dead                           Min: 0, Avg:  0.0, Max: 0, Diff: 0, Sum: 0, Workers: 4
[5203.588s][debug][gc,phases      ] GC(179)     Total                          Min: 0, Avg:  0.0, Max: 0, Diff: 0, Sum: 0, Workers: 4
[5203.588s][debug][gc,phases      ] GC(179)   StringDedup Requests0 Weak     Min:  0.0, Avg:  0.0, Max:  0.0, Diff:  0.0, Sum:  0.0, Workers: 4
[5203.588s][debug][gc,phases      ] GC(179)     Dead                           Min: 0, Avg:  0.0, Max: 0, Diff: 0, Sum: 0, Workers: 4
[5203.588s][debug][gc,phases      ] GC(179)     Total                          Min: 0, Avg:  0.0, Max: 0, Diff: 0, Sum: 0, Workers: 4
[5203.588s][debug][gc,phases      ] GC(179)   StringDedup Requests1 Weak     Min:  0.0, Avg:  0.0, Max:  0.0, Diff:  0.0, Sum:  0.0, Workers: 4
[5203.588s][debug][gc,phases      ] GC(179)     Dead                           Min: 0, Avg:  0.0, Max: 0, Diff: 0, Sum: 0, Workers: 4
[5203.588s][debug][gc,phases      ] GC(179)     Total                          Min: 0, Avg:  0.0, Max: 0, Diff: 0, Sum: 0, Workers: 4
[5203.588s][debug][gc,phases      ] GC(179)   Weak JFR Old Object Samples    Min:  0.0, Avg:  0.0, Max:  0.0, Diff:  0.0, Sum:  0.0, Workers: 4
[5203.588s][debug][gc,phases      ] GC(179)     Dead                           Min: 0, Avg:  0.0, Max: 0, Diff: 0, Sum: 0, Workers: 4
[5203.588s][debug][gc,phases      ] GC(179)     Total                          Min: 0, Avg:  0.0, Max: 0, Diff: 0, Sum: 0, Workers: 4
[5203.588s][debug][gc,phases      ] GC(179) Weak Processing 0.348ms
[5203.588s][debug][gc,age         ] GC(179) Desired survivor size 77070336 bytes, new threshold 15 (max threshold 15)
[5203.588s][info ][gc,heap        ] GC(179) PSYoungGen: 1988016K(2025472K)->53928K(2004992K) Eden: 1950720K(1950720K)->0K(1950720K) From: 37296K(74752K)->53928K(54272K)
[5203.588s][info ][gc,heap        ] GC(179) ParOldGen: 597505K(675328K)->597697K(675328K)
[5203.588s][info ][gc,metaspace   ] GC(179) Metaspace: 85391K(86336K)->85391K(86336K) NonClass: 73573K(74048K)->73573K(74048K) Class: 11818K(12288K)->11818K(12288K)
[5203.588s][info ][gc             ] GC(179) Pause Young (Allocation Failure) 2524M->636M(2617M) 14.366ms
[5203.588s][info ][gc,cpu         ] GC(179) User=0.06s Sys=0.00s Real=0.01s
[5203.588s][info ][safepoint      ] Safepoint "ParallelGCFailedAllocation", Time since last: 11030414739 ns, Reaching safepoint: 101102 ns, At safepoint: 14456171 ns, Total: 14557273 ns
[5212.589s][info ][safepoint      ] Safepoint "Cleanup", Time since last: 9000594831 ns, Reaching safepoint: 45600 ns, At safepoint: 4200 ns, Total: 49800 ns
[5254.592s][info ][safepoint      ] Safepoint "Cleanup", Time since last: 42002704185 ns, Reaching safepoint: 51100 ns, At safepoint: 3601 ns, Total: 54701 ns
[5282.514s][info ][gc,start       ] GC(180) Pause Young (Allocation Failure)
[5282.528s][debug][gc,phases      ] GC(180) Scavenge 14.639ms
[5282.528s][debug][gc,ref         ] GC(180) Skipped phase 1 of Reference Processing: no references
[5282.529s][debug][gc,ref         ] GC(180) ReferenceProcessor::execute queues: 1, RefProcThreadModel::Single, marks_oops_alive: false
[5282.529s][debug][gc,ref         ] GC(180) Skipped phase 3 of Reference Processing: no references
[5282.529s][debug][gc,ref         ] GC(180) ReferenceProcessor::execute queues: 1, RefProcThreadModel::Single, marks_oops_alive: false
[5282.529s][debug][gc,phases      ] GC(180) Reference Processing 0.136ms
[5282.529s][debug][gc,phases      ] GC(180)   VM Weak                        Min:  0.0, Avg:  0.0, Max:  0.0, Diff:  0.0, Sum:  0.0, Workers: 4
[5282.529s][debug][gc,phases      ] GC(180)     Dead                           Min: 0, Avg:  0.0, Max: 0, Diff: 0, Sum: 0, Workers: 4
[5282.529s][debug][gc,phases      ] GC(180)     Total                          Min: 0, Avg: 152.2, Max: 609, Diff: 609, Sum: 609, Workers: 4
[5282.529s][debug][gc,phases      ] GC(180)   ObjectSynchronizer Weak        Min:  0.0, Avg:  0.0, Max:  0.0, Diff:  0.0, Sum:  0.0, Workers: 4
[5282.529s][debug][gc,phases      ] GC(180)     Dead                           Min: 0, Avg:  0.0, Max: 0, Diff: 0, Sum: 0, Workers: 4
[5282.529s][debug][gc,phases      ] GC(180)     Total                          Min: 0, Avg: 100.0, Max: 144, Diff: 144, Sum: 400, Workers: 4
[5282.529s][debug][gc,phases      ] GC(180)   JVMTI Tag Weak OopStorage      Min:  0.0, Avg:  0.0, Max:  0.0, Diff:  0.0, Sum:  0.0, Workers: 4
[5282.529s][debug][gc,phases      ] GC(180)     Dead                           Min: 0, Avg:  0.0, Max: 0, Diff: 0, Sum: 0, Workers: 4
[5282.529s][debug][gc,phases      ] GC(180)     Total                          Min: 0, Avg:  0.0, Max: 0, Diff: 0, Sum: 0, Workers: 4
[5282.529s][debug][gc,phases      ] GC(180)   StringTable Weak               Min:  0.1, Avg:  0.1, Max:  0.1, Diff:  0.0, Sum:  0.5, Workers: 4
[5282.529s][debug][gc,phases      ] GC(180)     Dead                           Min: 0, Avg:  0.0, Max: 0, Diff: 0, Sum: 0, Workers: 4
[5282.529s][debug][gc,phases      ] GC(180)     Total                          Min: 11776, Avg: 12231.2, Max: 12765, Diff: 989, Sum: 48925, Workers: 4
[5282.529s][debug][gc,phases      ] GC(180)   ResolvedMethodTable Weak       Min:  0.0, Avg:  0.0, Max:  0.0, Diff:  0.0, Sum:  0.1, Workers: 4
[5282.529s][debug][gc,phases      ] GC(180)     Dead                           Min: 0, Avg:  0.0, Max: 0, Diff: 0, Sum: 0, Workers: 4
[5282.529s][debug][gc,phases      ] GC(180)     Total                          Min: 1984, Avg: 2136.0, Max: 2240, Diff: 256, Sum: 8544, Workers: 4
[5282.529s][debug][gc,phases      ] GC(180)   JNI Weak                       Min:  0.0, Avg:  0.0, Max:  0.0, Diff:  0.0, Sum:  0.0, Workers: 4
[5282.529s][debug][gc,phases      ] GC(180)     Dead                           Min: 0, Avg:  0.0, Max: 0, Diff: 0, Sum: 0, Workers: 4
[5282.529s][debug][gc,phases      ] GC(180)     Total                          Min: 0, Avg:  0.0, Max: 0, Diff: 0, Sum: 0, Workers: 4
[5282.529s][debug][gc,phases      ] GC(180)   StringDedup Table Weak         Min:  0.0, Avg:  0.0, Max:  0.0, Diff:  0.0, Sum:  0.0, Workers: 4
[5282.529s][debug][gc,phases      ] GC(180)     Dead                           Min: 0, Avg:  0.0, Max: 0, Diff: 0, Sum: 0, Workers: 4
[5282.529s][debug][gc,phases      ] GC(180)     Total                          Min: 0, Avg:  0.0, Max: 0, Diff: 0, Sum: 0, Workers: 4
[5282.529s][debug][gc,phases      ] GC(180)   StringDedup Requests0 Weak     Min:  0.0, Avg:  0.0, Max:  0.0, Diff:  0.0, Sum:  0.0, Workers: 4
[5282.529s][debug][gc,phases      ] GC(180)     Dead                           Min: 0, Avg:  0.0, Max: 0, Diff: 0, Sum: 0, Workers: 4
[5282.529s][debug][gc,phases      ] GC(180)     Total                          Min: 0, Avg:  0.0, Max: 0, Diff: 0, Sum: 0, Workers: 4
[5282.529s][debug][gc,phases      ] GC(180)   StringDedup Requests1 Weak     Min:  0.0, Avg:  0.0, Max:  0.0, Diff:  0.0, Sum:  0.0, Workers: 4
[5282.529s][debug][gc,phases      ] GC(180)     Dead                           Min: 0, Avg:  0.0, Max: 0, Diff: 0, Sum: 0, Workers: 4
[5282.529s][debug][gc,phases      ] GC(180)     Total                          Min: 0, Avg:  0.0, Max: 0, Diff: 0, Sum: 0, Workers: 4
[5282.529s][debug][gc,phases      ] GC(180)   Weak JFR Old Object Samples    Min:  0.0, Avg:  0.0, Max:  0.0, Diff:  0.0, Sum:  0.0, Workers: 4
[5282.529s][debug][gc,phases      ] GC(180)     Dead                           Min: 0, Avg:  0.0, Max: 0, Diff: 0, Sum: 0, Workers: 4
[5282.529s][debug][gc,phases      ] GC(180)     Total                          Min: 0, Avg:  0.0, Max: 0, Diff: 0, Sum: 0, Workers: 4
[5282.529s][debug][gc,phases      ] GC(180) Weak Processing 0.347ms
[5282.529s][debug][gc,age         ] GC(180) Desired survivor size 77070336 bytes, new threshold 15 (max threshold 15)
[5282.529s][info ][gc,heap        ] GC(180) PSYoungGen: 2004648K(2004992K)->47488K(2021888K) Eden: 1950720K(1950720K)->0K(1946624K) From: 53928K(54272K)->47488K(75264K)
[5282.529s][info ][gc,heap        ] GC(180) ParOldGen: 597697K(675328K)->597969K(675328K)
[5282.529s][info ][gc,metaspace   ] GC(180) Metaspace: 85393K(86336K)->85393K(86336K) NonClass: 73575K(74048K)->73575K(74048K) Class: 11818K(12288K)->11818K(12288K)
[5282.529s][info ][gc             ] GC(180) Pause Young (Allocation Failure) 2541M->630M(2634M) 15.266ms
[5282.529s][info ][gc,cpu         ] GC(180) User=0.05s Sys=0.00s Real=0.01s
[5282.529s][info ][safepoint      ] Safepoint "ParallelGCFailedAllocation", Time since last: 27922033769 ns, Reaching safepoint: 41901 ns, At safepoint: 15370387 ns, Total: 15412288 ns
[5290.530s][info ][safepoint      ] Safepoint "Cleanup", Time since last: 8000579292 ns, Reaching safepoint: 116902 ns, At safepoint: 8400 ns, Total: 125302 ns
[5321.532s][info ][safepoint      ] Safepoint "Cleanup", Time since last: 31002134256 ns, Reaching safepoint: 43301 ns, At safepoint: 3800 ns, Total: 47101 ns
[5323.532s][info ][safepoint      ] Safepoint "Cleanup", Time since last: 2000171085 ns, Reaching safepoint: 52701 ns, At safepoint: 8901 ns, Total: 61602 ns
[5326.532s][info ][safepoint      ] Safepoint "Cleanup", Time since last: 3000213876 ns, Reaching safepoint: 49501 ns, At safepoint: 4500 ns, Total: 54001 ns
[5328.533s][info ][safepoint      ] Safepoint "Cleanup", Time since last: 2000284486 ns, Reaching safepoint: 54001 ns, At safepoint: 3300 ns, Total: 57301 ns
[5332.027s][info ][gc,start       ] GC(181) Pause Young (Allocation Failure)
[5332.042s][debug][gc,phases      ] GC(181) Scavenge 15.242ms
[5332.042s][debug][gc,ref         ] GC(181) Skipped phase 1 of Reference Processing: no references
[5332.042s][debug][gc,ref         ] GC(181) ReferenceProcessor::execute queues: 1, RefProcThreadModel::Single, marks_oops_alive: false
[5332.042s][debug][gc,ref         ] GC(181) Skipped phase 3 of Reference Processing: no references
[5332.042s][debug][gc,ref         ] GC(181) ReferenceProcessor::execute queues: 1, RefProcThreadModel::Single, marks_oops_alive: false
[5332.042s][debug][gc,phases      ] GC(181) Reference Processing 0.130ms
[5332.042s][debug][gc,phases      ] GC(181)   VM Weak                        Min:  0.0, Avg:  0.0, Max:  0.0, Diff:  0.0, Sum:  0.0, Workers: 4
[5332.042s][debug][gc,phases      ] GC(181)     Dead                           Min: 0, Avg:  0.0, Max: 0, Diff: 0, Sum: 0, Workers: 4
[5332.042s][debug][gc,phases      ] GC(181)     Total                          Min: 0, Avg: 152.2, Max: 488, Diff: 488, Sum: 609, Workers: 4
[5332.042s][debug][gc,phases      ] GC(181)   ObjectSynchronizer Weak        Min:  0.0, Avg:  0.0, Max:  0.0, Diff:  0.0, Sum:  0.0, Workers: 4
[5332.042s][debug][gc,phases      ] GC(181)     Dead                           Min: 0, Avg:  0.0, Max: 0, Diff: 0, Sum: 0, Workers: 4
[5332.042s][debug][gc,phases      ] GC(181)     Total                          Min: 0, Avg: 100.0, Max: 192, Diff: 192, Sum: 400, Workers: 4
[5332.042s][debug][gc,phases      ] GC(181)   JVMTI Tag Weak OopStorage      Min:  0.0, Avg:  0.0, Max:  0.0, Diff:  0.0, Sum:  0.0, Workers: 4
[5332.042s][debug][gc,phases      ] GC(181)     Dead                           Min: 0, Avg:  0.0, Max: 0, Diff: 0, Sum: 0, Workers: 4
[5332.042s][debug][gc,phases      ] GC(181)     Total                          Min: 0, Avg:  0.0, Max: 0, Diff: 0, Sum: 0, Workers: 4
[5332.042s][debug][gc,phases      ] GC(181)   StringTable Weak               Min:  0.1, Avg:  0.1, Max:  0.1, Diff:  0.0, Sum:  0.4, Workers: 4
[5332.042s][debug][gc,phases      ] GC(181)     Dead                           Min: 0, Avg:  0.0, Max: 0, Diff: 0, Sum: 0, Workers: 4
[5332.042s][debug][gc,phases      ] GC(181)     Total                          Min: 11584, Avg: 12231.2, Max: 13312, Diff: 1728, Sum: 48925, Workers: 4
[5332.042s][debug][gc,phases      ] GC(181)   ResolvedMethodTable Weak       Min:  0.0, Avg:  0.0, Max:  0.0, Diff:  0.0, Sum:  0.1, Workers: 4
[5332.042s][debug][gc,phases      ] GC(181)     Dead                           Min: 0, Avg:  0.0, Max: 0, Diff: 0, Sum: 0, Workers: 4
[5332.042s][debug][gc,phases      ] GC(181)     Total                          Min: 1920, Avg: 2136.0, Max: 2464, Diff: 544, Sum: 8544, Workers: 4
[5332.042s][debug][gc,phases      ] GC(181)   JNI Weak                       Min:  0.0, Avg:  0.0, Max:  0.0, Diff:  0.0, Sum:  0.0, Workers: 4
[5332.042s][debug][gc,phases      ] GC(181)     Dead                           Min: 0, Avg:  0.0, Max: 0, Diff: 0, Sum: 0, Workers: 4
[5332.042s][debug][gc,phases      ] GC(181)     Total                          Min: 0, Avg:  0.0, Max: 0, Diff: 0, Sum: 0, Workers: 4
[5332.042s][debug][gc,phases      ] GC(181)   StringDedup Table Weak         Min:  0.0, Avg:  0.0, Max:  0.0, Diff:  0.0, Sum:  0.0, Workers: 4
[5332.042s][debug][gc,phases      ] GC(181)     Dead                           Min: 0, Avg:  0.0, Max: 0, Diff: 0, Sum: 0, Workers: 4
[5332.042s][debug][gc,phases      ] GC(181)     Total                          Min: 0, Avg:  0.0, Max: 0, Diff: 0, Sum: 0, Workers: 4
[5332.042s][debug][gc,phases      ] GC(181)   StringDedup Requests0 Weak     Min:  0.0, Avg:  0.0, Max:  0.0, Diff:  0.0, Sum:  0.0, Workers: 4
[5332.042s][debug][gc,phases      ] GC(181)     Dead                           Min: 0, Avg:  0.0, Max: 0, Diff: 0, Sum: 0, Workers: 4
[5332.042s][debug][gc,phases      ] GC(181)     Total                          Min: 0, Avg:  0.0, Max: 0, Diff: 0, Sum: 0, Workers: 4
[5332.042s][debug][gc,phases      ] GC(181)   StringDedup Requests1 Weak     Min:  0.0, Avg:  0.0, Max:  0.0, Diff:  0.0, Sum:  0.0, Workers: 4
[5332.042s][debug][gc,phases      ] GC(181)     Dead                           Min: 0, Avg:  0.0, Max: 0, Diff: 0, Sum: 0, Workers: 4
[5332.042s][debug][gc,phases      ] GC(181)     Total                          Min: 0, Avg:  0.0, Max: 0, Diff: 0, Sum: 0, Workers: 4
[5332.042s][debug][gc,phases      ] GC(181)   Weak JFR Old Object Samples    Min:  0.0, Avg:  0.0, Max:  0.0, Diff:  0.0, Sum:  0.0, Workers: 4
[5332.042s][debug][gc,phases      ] GC(181)     Dead                           Min: 0, Avg:  0.0, Max: 0, Diff: 0, Sum: 0, Workers: 4
[5332.042s][debug][gc,phases      ] GC(181)     Total                          Min: 0, Avg:  0.0, Max: 0, Diff: 0, Sum: 0, Workers: 4
[5332.042s][debug][gc,phases      ] GC(181) Weak Processing 0.334ms
[5332.042s][debug][gc,age         ] GC(181) Desired survivor size 81264640 bytes, new threshold 15 (max threshold 15)
[5332.042s][info ][gc,heap        ] GC(181) PSYoungGen: 1994112K(2021888K)->59344K(2006016K) Eden: 1946624K(1946624K)->0K(1946624K) From: 47488K(75264K)->59344K(59392K)
[5332.042s][info ][gc,heap        ] GC(181) ParOldGen: 597969K(675328K)->598633K(675328K)
[5332.042s][info ][gc,metaspace   ] GC(181) Metaspace: 85397K(86336K)->85397K(86336K) NonClass: 73578K(74048K)->73578K(74048K) Class: 11818K(12288K)->11818K(12288K)
[5332.042s][info ][gc             ] GC(181) Pause Young (Allocation Failure) 2531M->642M(2618M) 15.851ms
[5332.042s][info ][gc,cpu         ] GC(181) User=0.06s Sys=0.00s Real=0.02s
[5332.042s][info ][safepoint      ] Safepoint "ParallelGCFailedAllocation", Time since last: 3493661496 ns, Reaching safepoint: 102602 ns, At safepoint: 15938597 ns, Total: 16041199 ns
[5342.043s][info ][safepoint      ] Safepoint "Cleanup", Time since last: 10000571998 ns, Reaching safepoint: 46501 ns, At safepoint: 2700 ns, Total: 49201 ns
[5392.049s][info ][safepoint      ] Safepoint "Cleanup", Time since last: 50005672198 ns, Reaching safepoint: 53901 ns, At safepoint: 8700 ns, Total: 62601 ns
[5397.049s][info ][safepoint      ] Safepoint "Cleanup", Time since last: 5000343804 ns, Reaching safepoint: 40701 ns, At safepoint: 3500 ns, Total: 44201 ns
[5411.050s][info ][safepoint      ] Safepoint "Cleanup", Time since last: 14000971312 ns, Reaching safepoint: 45501 ns, At safepoint: 10500 ns, Total: 56001 ns
[5413.050s][info ][safepoint      ] Safepoint "Cleanup", Time since last: 2000177857 ns, Reaching safepoint: 53601 ns, At safepoint: 3201 ns, Total: 56802 ns
[5416.051s][info ][safepoint      ] Safepoint "Cleanup", Time since last: 3000242634 ns, Reaching safepoint: 62201 ns, At safepoint: 4800 ns, Total: 67001 ns
[5418.051s][info ][safepoint      ] Safepoint "Cleanup", Time since last: 2000179156 ns, Reaching safepoint: 45001 ns, At safepoint: 3200 ns, Total: 48201 ns
[5418.088s][info ][gc,start       ] GC(182) Pause Young (Allocation Failure)
[5418.101s][debug][gc,phases      ] GC(182) Scavenge 12.741ms
[5418.101s][debug][gc,ref         ] GC(182) Skipped phase 1 of Reference Processing: no references
[5418.101s][debug][gc,ref         ] GC(182) ReferenceProcessor::execute queues: 1, RefProcThreadModel::Single, marks_oops_alive: false
[5418.101s][debug][gc,ref         ] GC(182) Skipped phase 3 of Reference Processing: no references
[5418.101s][debug][gc,ref         ] GC(182) ReferenceProcessor::execute queues: 1, RefProcThreadModel::Single, marks_oops_alive: false
[5418.101s][debug][gc,phases      ] GC(182) Reference Processing 0.148ms
[5418.101s][debug][gc,phases      ] GC(182)   VM Weak                        Min:  0.0, Avg:  0.0, Max:  0.0, Diff:  0.0, Sum:  0.0, Workers: 4
[5418.101s][debug][gc,phases      ] GC(182)     Dead                           Min: 0, Avg:  0.0, Max: 0, Diff: 0, Sum: 0, Workers: 4
[5418.101s][debug][gc,phases      ] GC(182)     Total                          Min: 0, Avg: 152.2, Max: 609, Diff: 609, Sum: 609, Workers: 4
[5418.101s][debug][gc,phases      ] GC(182)   ObjectSynchronizer Weak        Min:  0.0, Avg:  0.0, Max:  0.0, Diff:  0.0, Sum:  0.0, Workers: 4
[5418.101s][debug][gc,phases      ] GC(182)     Dead                           Min: 0, Avg:  0.0, Max: 0, Diff: 0, Sum: 0, Workers: 4
[5418.101s][debug][gc,phases      ] GC(182)     Total                          Min: 0, Avg: 100.0, Max: 192, Diff: 192, Sum: 400, Workers: 4
[5418.101s][debug][gc,phases      ] GC(182)   JVMTI Tag Weak OopStorage      Min:  0.0, Avg:  0.0, Max:  0.0, Diff:  0.0, Sum:  0.0, Workers: 4
[5418.101s][debug][gc,phases      ] GC(182)     Dead                           Min: 0, Avg:  0.0, Max: 0, Diff: 0, Sum: 0, Workers: 4
[5418.101s][debug][gc,phases      ] GC(182)     Total                          Min: 0, Avg:  0.0, Max: 0, Diff: 0, Sum: 0, Workers: 4
[5418.101s][debug][gc,phases      ] GC(182)   StringTable Weak               Min:  0.1, Avg:  0.1, Max:  0.1, Diff:  0.0, Sum:  0.4, Workers: 4
[5418.101s][debug][gc,phases      ] GC(182)     Dead                           Min: 0, Avg:  0.0, Max: 0, Diff: 0, Sum: 0, Workers: 4
[5418.101s][debug][gc,phases      ] GC(182)     Total                          Min: 11584, Avg: 12231.2, Max: 12864, Diff: 1280, Sum: 48925, Workers: 4
[5418.101s][debug][gc,phases      ] GC(182)   ResolvedMethodTable Weak       Min:  0.0, Avg:  0.0, Max:  0.0, Diff:  0.0, Sum:  0.1, Workers: 4
[5418.101s][debug][gc,phases      ] GC(182)     Dead                           Min: 0, Avg:  0.0, Max: 0, Diff: 0, Sum: 0, Workers: 4
[5418.101s][debug][gc,phases      ] GC(182)     Total                          Min: 1888, Avg: 2136.0, Max: 2240, Diff: 352, Sum: 8544, Workers: 4
[5418.101s][debug][gc,phases      ] GC(182)   JNI Weak                       Min:  0.0, Avg:  0.0, Max:  0.0, Diff:  0.0, Sum:  0.0, Workers: 4
[5418.101s][debug][gc,phases      ] GC(182)     Dead                           Min: 0, Avg:  0.0, Max: 0, Diff: 0, Sum: 0, Workers: 4
[5418.101s][debug][gc,phases      ] GC(182)     Total                          Min: 0, Avg:  0.0, Max: 0, Diff: 0, Sum: 0, Workers: 4
[5418.101s][debug][gc,phases      ] GC(182)   StringDedup Table Weak         Min:  0.0, Avg:  0.0, Max:  0.0, Diff:  0.0, Sum:  0.0, Workers: 4
[5418.101s][debug][gc,phases      ] GC(182)     Dead                           Min: 0, Avg:  0.0, Max: 0, Diff: 0, Sum: 0, Workers: 4
[5418.101s][debug][gc,phases      ] GC(182)     Total                          Min: 0, Avg:  0.0, Max: 0, Diff: 0, Sum: 0, Workers: 4
[5418.101s][debug][gc,phases      ] GC(182)   StringDedup Requests0 Weak     Min:  0.0, Avg:  0.0, Max:  0.0, Diff:  0.0, Sum:  0.0, Workers: 4
[5418.101s][debug][gc,phases      ] GC(182)     Dead                           Min: 0, Avg:  0.0, Max: 0, Diff: 0, Sum: 0, Workers: 4
[5418.101s][debug][gc,phases      ] GC(182)     Total                          Min: 0, Avg:  0.0, Max: 0, Diff: 0, Sum: 0, Workers: 4
[5418.101s][debug][gc,phases      ] GC(182)   StringDedup Requests1 Weak     Min:  0.0, Avg:  0.0, Max:  0.0, Diff:  0.0, Sum:  0.0, Workers: 4
[5418.101s][debug][gc,phases      ] GC(182)     Dead                           Min: 0, Avg:  0.0, Max: 0, Diff: 0, Sum: 0, Workers: 4
[5418.101s][debug][gc,phases      ] GC(182)     Total                          Min: 0, Avg:  0.0, Max: 0, Diff: 0, Sum: 0, Workers: 4
[5418.101s][debug][gc,phases      ] GC(182)   Weak JFR Old Object Samples    Min:  0.0, Avg:  0.0, Max:  0.0, Diff:  0.0, Sum:  0.0, Workers: 4
[5418.101s][debug][gc,phases      ] GC(182)     Dead                           Min: 0, Avg:  0.0, Max: 0, Diff: 0, Sum: 0, Workers: 4
[5418.101s][debug][gc,phases      ] GC(182)     Total                          Min: 0, Avg:  0.0, Max: 0, Diff: 0, Sum: 0, Workers: 4
[5418.101s][debug][gc,phases      ] GC(182) Weak Processing 0.330ms
[5418.101s][debug][gc,age         ] GC(182) Desired survivor size 80740352 bytes, new threshold 15 (max threshold 15)
[5418.101s][info ][gc,heap        ] GC(182) PSYoungGen: 2005968K(2006016K)->49584K(2018304K) Eden: 1946624K(1946624K)->0K(1938944K) From: 59344K(59392K)->49584K(79360K)
[5418.101s][info ][gc,heap        ] GC(182) ParOldGen: 598633K(675328K)->598665K(675328K)
[5418.101s][info ][gc,metaspace   ] GC(182) Metaspace: 85405K(86336K)->85405K(86336K) NonClass: 73587K(74048K)->73587K(74048K) Class: 11818K(12288K)->11818K(12288K)
[5418.101s][info ][gc             ] GC(182) Pause Young (Allocation Failure) 2543M->633M(2630M) 13.388ms
[5418.101s][info ][gc,cpu         ] GC(182) User=0.05s Sys=0.00s Real=0.02s
[5418.101s][info ][safepoint      ] Safepoint "ParallelGCFailedAllocation", Time since last: 36867489 ns, Reaching safepoint: 26700 ns, At safepoint: 13475852 ns, Total: 13502552 ns
[5422.102s][info ][safepoint      ] Safepoint "Cleanup", Time since last: 4000297309 ns, Reaching safepoint: 50701 ns, At safepoint: 12100 ns, Total: 62801 ns
[5425.102s][info ][safepoint      ] Safepoint "Cleanup", Time since last: 3000264631 ns, Reaching safepoint: 52901 ns, At safepoint: 8100 ns, Total: 61001 ns
[5426.102s][info ][safepoint      ] Safepoint "Cleanup", Time since last: 1000110477 ns, Reaching safepoint: 57301 ns, At safepoint: 3400 ns, Total: 60701 ns
[5437.103s][info ][safepoint      ] Safepoint "Cleanup", Time since last: 11000884333 ns, Reaching safepoint: 57201 ns, At safepoint: 25300 ns, Total: 82501 ns
[5445.104s][info ][safepoint      ] Safepoint "Cleanup", Time since last: 8000581495 ns, Reaching safepoint: 51901 ns, At safepoint: 3700 ns, Total: 55601 ns
[5478.113s][info ][safepoint      ] Safepoint "Cleanup", Time since last: 33009504592 ns, Reaching safepoint: 52001 ns, At safepoint: 10701 ns, Total: 62702 ns
[5504.125s][info ][safepoint      ] Safepoint "Cleanup", Time since last: 26005825934 ns, Reaching safepoint: 6154315 ns, At safepoint: 15901 ns, Total: 6170216 ns
[5519.898s][info ][gc,start       ] GC(183) Pause Young (Allocation Failure)
[5519.941s][debug][gc,phases      ] GC(183) Scavenge 43.521ms
[5519.941s][debug][gc,ref         ] GC(183) Skipped phase 1 of Reference Processing: no references
[5519.942s][debug][gc,ref         ] GC(183) ReferenceProcessor::execute queues: 1, RefProcThreadModel::Single, marks_oops_alive: false
[5519.942s][debug][gc,ref         ] GC(183) Skipped phase 3 of Reference Processing: no references
[5519.942s][debug][gc,ref         ] GC(183) ReferenceProcessor::execute queues: 1, RefProcThreadModel::Single, marks_oops_alive: false
[5519.942s][debug][gc,phases      ] GC(183) Reference Processing 0.172ms
[5519.942s][debug][gc,phases      ] GC(183)   VM Weak                        Min:  0.0, Avg:  0.0, Max:  0.0, Diff:  0.0, Sum:  0.0, Workers: 4
[5519.942s][debug][gc,phases      ] GC(183)     Dead                           Min: 0, Avg:  0.0, Max: 0, Diff: 0, Sum: 0, Workers: 4
[5519.942s][debug][gc,phases      ] GC(183)     Total                          Min: 0, Avg: 152.2, Max: 402, Diff: 402, Sum: 609, Workers: 4
[5519.942s][debug][gc,phases      ] GC(183)   ObjectSynchronizer Weak        Min:  0.0, Avg:  0.0, Max:  0.0, Diff:  0.0, Sum:  0.0, Workers: 4
[5519.942s][debug][gc,phases      ] GC(183)     Dead                           Min: 0, Avg:  0.0, Max: 0, Diff: 0, Sum: 0, Workers: 4
[5519.942s][debug][gc,phases      ] GC(183)     Total                          Min: 64, Avg: 100.0, Max: 128, Diff: 64, Sum: 400, Workers: 4
[5519.942s][debug][gc,phases      ] GC(183)   JVMTI Tag Weak OopStorage      Min:  0.0, Avg:  0.0, Max:  0.0, Diff:  0.0, Sum:  0.0, Workers: 4
[5519.942s][debug][gc,phases      ] GC(183)     Dead                           Min: 0, Avg:  0.0, Max: 0, Diff: 0, Sum: 0, Workers: 4
[5519.942s][debug][gc,phases      ] GC(183)     Total                          Min: 0, Avg:  0.0, Max: 0, Diff: 0, Sum: 0, Workers: 4
[5519.942s][debug][gc,phases      ] GC(183)   StringTable Weak               Min:  0.1, Avg:  0.1, Max:  0.1, Diff:  0.0, Sum:  0.6, Workers: 4
[5519.942s][debug][gc,phases      ] GC(183)     Dead                           Min: 0, Avg:  0.0, Max: 0, Diff: 0, Sum: 0, Workers: 4
[5519.942s][debug][gc,phases      ] GC(183)     Total                          Min: 11264, Avg: 12232.2, Max: 12992, Diff: 1728, Sum: 48929, Workers: 4
[5519.942s][debug][gc,phases      ] GC(183)   ResolvedMethodTable Weak       Min:  0.0, Avg:  0.0, Max:  0.0, Diff:  0.0, Sum:  0.1, Workers: 4
[5519.942s][debug][gc,phases      ] GC(183)     Dead                           Min: 0, Avg:  0.0, Max: 0, Diff: 0, Sum: 0, Workers: 4
[5519.942s][debug][gc,phases      ] GC(183)     Total                          Min: 1920, Avg: 2136.0, Max: 2336, Diff: 416, Sum: 8544, Workers: 4
[5519.942s][debug][gc,phases      ] GC(183)   JNI Weak                       Min:  0.0, Avg:  0.0, Max:  0.0, Diff:  0.0, Sum:  0.0, Workers: 4
[5519.942s][debug][gc,phases      ] GC(183)     Dead                           Min: 0, Avg:  0.0, Max: 0, Diff: 0, Sum: 0, Workers: 4
[5519.942s][debug][gc,phases      ] GC(183)     Total                          Min: 0, Avg:  0.0, Max: 0, Diff: 0, Sum: 0, Workers: 4
[5519.942s][debug][gc,phases      ] GC(183)   StringDedup Table Weak         Min:  0.0, Avg:  0.0, Max:  0.0, Diff:  0.0, Sum:  0.0, Workers: 4
[5519.942s][debug][gc,phases      ] GC(183)     Dead                           Min: 0, Avg:  0.0, Max: 0, Diff: 0, Sum: 0, Workers: 4
[5519.942s][debug][gc,phases      ] GC(183)     Total                          Min: 0, Avg:  0.0, Max: 0, Diff: 0, Sum: 0, Workers: 4
[5519.942s][debug][gc,phases      ] GC(183)   StringDedup Requests0 Weak     Min:  0.0, Avg:  0.0, Max:  0.0, Diff:  0.0, Sum:  0.0, Workers: 4
[5519.942s][debug][gc,phases      ] GC(183)     Dead                           Min: 0, Avg:  0.0, Max: 0, Diff: 0, Sum: 0, Workers: 4
[5519.942s][debug][gc,phases      ] GC(183)     Total                          Min: 0, Avg:  0.0, Max: 0, Diff: 0, Sum: 0, Workers: 4
[5519.942s][debug][gc,phases      ] GC(183)   StringDedup Requests1 Weak     Min:  0.0, Avg:  0.0, Max:  0.0, Diff:  0.0, Sum:  0.0, Workers: 4
[5519.942s][debug][gc,phases      ] GC(183)     Dead                           Min: 0, Avg:  0.0, Max: 0, Diff: 0, Sum: 0, Workers: 4
[5519.942s][debug][gc,phases      ] GC(183)     Total                          Min: 0, Avg:  0.0, Max: 0, Diff: 0, Sum: 0, Workers: 4
[5519.942s][debug][gc,phases      ] GC(183)   Weak JFR Old Object Samples    Min:  0.0, Avg:  0.0, Max:  0.0, Diff:  0.0, Sum:  0.0, Workers: 4
[5519.942s][debug][gc,phases      ] GC(183)     Dead                           Min: 0, Avg:  0.0, Max: 0, Diff: 0, Sum: 0, Workers: 4
[5519.942s][debug][gc,phases      ] GC(183)     Total                          Min: 0, Avg:  0.0, Max: 0, Diff: 0, Sum: 0, Workers: 4
[5519.942s][debug][gc,phases      ] GC(183) Weak Processing 0.456ms
[5519.942s][debug][gc,age         ] GC(183) Desired survivor size 80216064 bytes, new threshold 15 (max threshold 15)
[5519.942s][info ][gc,heap        ] GC(183) PSYoungGen: 1988528K(2018304K)->49744K(2017792K) Eden: 1938944K(1938944K)->0K(1938944K) From: 49584K(79360K)->49744K(78848K)
[5519.942s][info ][gc,heap        ] GC(183) ParOldGen: 598665K(675328K)->598689K(675328K)
[5519.942s][info ][gc,metaspace   ] GC(183) Metaspace: 85418K(86336K)->85418K(86336K) NonClass: 73599K(74048K)->73599K(74048K) Class: 11818K(12288K)->11818K(12288K)
[5519.942s][info ][gc             ] GC(183) Pause Young (Allocation Failure) 2526M->633M(2630M) 44.359ms
[5519.942s][info ][gc,cpu         ] GC(183) User=0.07s Sys=0.00s Real=0.04s
[5519.942s][info ][safepoint      ] Safepoint "ParallelGCFailedAllocation", Time since last: 15772324272 ns, Reaching safepoint: 40701 ns, At safepoint: 44489530 ns, Total: 44530231 ns
[5531.943s][info ][safepoint      ] Safepoint "Cleanup", Time since last: 12000782761 ns, Reaching safepoint: 61501 ns, At safepoint: 34401 ns, Total: 95902 ns
[5534.943s][info ][safepoint      ] Safepoint "Cleanup", Time since last: 3000248988 ns, Reaching safepoint: 49301 ns, At safepoint: 3700 ns, Total: 53001 ns
[5548.944s][info ][safepoint      ] Safepoint "Cleanup", Time since last: 14000941263 ns, Reaching safepoint: 48201 ns, At safepoint: 9300 ns, Total: 57501 ns
[5581.947s][info ][safepoint      ] Safepoint "Cleanup", Time since last: 33002475554 ns, Reaching safepoint: 48601 ns, At safepoint: 9100 ns, Total: 57701 ns
[5612.013s][info ][gc,start       ] GC(184) Pause Young (Allocation Failure)
[5612.044s][debug][gc,phases      ] GC(184) Scavenge 30.867ms
[5612.044s][debug][gc,ref         ] GC(184) Skipped phase 1 of Reference Processing: no references
[5612.044s][debug][gc,ref         ] GC(184) ReferenceProcessor::execute queues: 1, RefProcThreadModel::Single, marks_oops_alive: false
[5612.045s][debug][gc,ref         ] GC(184) Skipped phase 3 of Reference Processing: no references
[5612.045s][debug][gc,ref         ] GC(184) ReferenceProcessor::execute queues: 1, RefProcThreadModel::Single, marks_oops_alive: false
[5612.045s][debug][gc,phases      ] GC(184) Reference Processing 0.159ms
[5612.045s][debug][gc,phases      ] GC(184)   VM Weak                        Min:  0.0, Avg:  0.0, Max:  0.0, Diff:  0.0, Sum:  0.0, Workers: 4
[5612.045s][debug][gc,phases      ] GC(184)     Dead                           Min: 0, Avg:  0.0, Max: 0, Diff: 0, Sum: 0, Workers: 4
[5612.045s][debug][gc,phases      ] GC(184)     Total                          Min: 0, Avg: 152.2, Max: 552, Diff: 552, Sum: 609, Workers: 4
[5612.045s][debug][gc,phases      ] GC(184)   ObjectSynchronizer Weak        Min:  0.0, Avg:  0.0, Max:  0.0, Diff:  0.0, Sum:  0.0, Workers: 4
[5612.045s][debug][gc,phases      ] GC(184)     Dead                           Min: 0, Avg:  0.0, Max: 0, Diff: 0, Sum: 0, Workers: 4
[5612.045s][debug][gc,phases      ] GC(184)     Total                          Min: 0, Avg: 100.0, Max: 208, Diff: 208, Sum: 400, Workers: 4
[5612.045s][debug][gc,phases      ] GC(184)   JVMTI Tag Weak OopStorage      Min:  0.0, Avg:  0.0, Max:  0.0, Diff:  0.0, Sum:  0.0, Workers: 4
[5612.045s][debug][gc,phases      ] GC(184)     Dead                           Min: 0, Avg:  0.0, Max: 0, Diff: 0, Sum: 0, Workers: 4
[5612.045s][debug][gc,phases      ] GC(184)     Total                          Min: 0, Avg:  0.0, Max: 0, Diff: 0, Sum: 0, Workers: 4
[5612.045s][debug][gc,phases      ] GC(184)   StringTable Weak               Min:  0.0, Avg:  0.1, Max:  0.2, Diff:  0.2, Sum:  0.4, Workers: 4
[5612.045s][debug][gc,phases      ] GC(184)     Dead                           Min: 0, Avg:  0.0, Max: 0, Diff: 0, Sum: 0, Workers: 4
[5612.045s][debug][gc,phases      ] GC(184)     Total                          Min: 0, Avg: 12232.2, Max: 24768, Diff: 24768, Sum: 48929, Workers: 4
[5612.045s][debug][gc,phases      ] GC(184)   ResolvedMethodTable Weak       Min:  0.0, Avg:  0.0, Max:  0.0, Diff:  0.0, Sum:  0.1, Workers: 4
[5612.045s][debug][gc,phases      ] GC(184)     Dead                           Min: 0, Avg:  0.0, Max: 0, Diff: 0, Sum: 0, Workers: 4
[5612.045s][debug][gc,phases      ] GC(184)     Total                          Min: 0, Avg: 2136.0, Max: 4544, Diff: 4544, Sum: 8544, Workers: 4
[5612.045s][debug][gc,phases      ] GC(184)   JNI Weak                       Min:  0.0, Avg:  0.0, Max:  0.0, Diff:  0.0, Sum:  0.0, Workers: 4
[5612.045s][debug][gc,phases      ] GC(184)     Dead                           Min: 0, Avg:  0.0, Max: 0, Diff: 0, Sum: 0, Workers: 4
[5612.045s][debug][gc,phases      ] GC(184)     Total                          Min: 0, Avg:  0.0, Max: 0, Diff: 0, Sum: 0, Workers: 4
[5612.045s][debug][gc,phases      ] GC(184)   StringDedup Table Weak         Min:  0.0, Avg:  0.0, Max:  0.0, Diff:  0.0, Sum:  0.0, Workers: 4
[5612.045s][debug][gc,phases      ] GC(184)     Dead                           Min: 0, Avg:  0.0, Max: 0, Diff: 0, Sum: 0, Workers: 4
[5612.045s][debug][gc,phases      ] GC(184)     Total                          Min: 0, Avg:  0.0, Max: 0, Diff: 0, Sum: 0, Workers: 4
[5612.045s][debug][gc,phases      ] GC(184)   StringDedup Requests0 Weak     Min:  0.0, Avg:  0.0, Max:  0.0, Diff:  0.0, Sum:  0.0, Workers: 4
[5612.045s][debug][gc,phases      ] GC(184)     Dead                           Min: 0, Avg:  0.0, Max: 0, Diff: 0, Sum: 0, Workers: 4
[5612.045s][debug][gc,phases      ] GC(184)     Total                          Min: 0, Avg:  0.0, Max: 0, Diff: 0, Sum: 0, Workers: 4
[5612.045s][debug][gc,phases      ] GC(184)   StringDedup Requests1 Weak     Min:  0.0, Avg:  0.0, Max:  0.0, Diff:  0.0, Sum:  0.0, Workers: 4
[5612.045s][debug][gc,phases      ] GC(184)     Dead                           Min: 0, Avg:  0.0, Max: 0, Diff: 0, Sum: 0, Workers: 4
[5612.045s][debug][gc,phases      ] GC(184)     Total                          Min: 0, Avg:  0.0, Max: 0, Diff: 0, Sum: 0, Workers: 4
[5612.045s][debug][gc,phases      ] GC(184)   Weak JFR Old Object Samples    Min:  0.0, Avg:  0.0, Max:  0.0, Diff:  0.0, Sum:  0.0, Workers: 4
[5612.045s][debug][gc,phases      ] GC(184)     Dead                           Min: 0, Avg:  0.0, Max: 0, Diff: 0, Sum: 0, Workers: 4
[5612.045s][debug][gc,phases      ] GC(184)     Total                          Min: 0, Avg:  0.0, Max: 0, Diff: 0, Sum: 0, Workers: 4
[5612.045s][debug][gc,phases      ] GC(184) Weak Processing 0.523ms
[5612.045s][debug][gc,age         ] GC(184) Desired survivor size 79167488 bytes, new threshold 15 (max threshold 15)
[5612.045s][info ][gc,heap        ] GC(184) PSYoungGen: 1988688K(2017792K)->48240K(2019840K) Eden: 1938944K(1938944K)->0K(1941504K) From: 49744K(78848K)->48240K(78336K)
[5612.045s][info ][gc,heap        ] GC(184) ParOldGen: 598689K(675328K)->598721K(675328K)
[5612.045s][info ][gc,metaspace   ] GC(184) Metaspace: 85423K(86400K)->85423K(86400K) NonClass: 73604K(74112K)->73604K(74112K) Class: 11818K(12288K)->11818K(12288K)
[5612.045s][info ][gc             ] GC(184) Pause Young (Allocation Failure) 2526M->631M(2632M) 31.698ms
[5612.045s][info ][gc,cpu         ] GC(184) User=0.06s Sys=0.00s Real=0.03s
[5612.045s][info ][safepoint      ] Safepoint "ParallelGCFailedAllocation", Time since last: 30066382274 ns, Reaching safepoint: 32701 ns, At safepoint: 31808993 ns, Total: 31841694 ns
[5640.047s][info ][safepoint      ] Safepoint "Cleanup", Time since last: 28001813681 ns, Reaching safepoint: 55701 ns, At safepoint: 6500 ns, Total: 62201 ns
[5709.069s][info ][gc,start       ] GC(185) Pause Young (Allocation Failure)
[5709.079s][debug][gc,phases      ] GC(185) Scavenge 9.626ms
[5709.079s][debug][gc,ref         ] GC(185) Skipped phase 1 of Reference Processing: no references
[5709.079s][debug][gc,ref         ] GC(185) ReferenceProcessor::execute queues: 1, RefProcThreadModel::Single, marks_oops_alive: false
[5709.079s][debug][gc,ref         ] GC(185) Skipped phase 3 of Reference Processing: no references
[5709.079s][debug][gc,ref         ] GC(185) ReferenceProcessor::execute queues: 1, RefProcThreadModel::Single, marks_oops_alive: false
[5709.079s][debug][gc,phases      ] GC(185) Reference Processing 0.160ms
[5709.080s][debug][gc,phases      ] GC(185)   VM Weak                        Min:  0.0, Avg:  0.0, Max:  0.0, Diff:  0.0, Sum:  0.0, Workers: 4
[5709.080s][debug][gc,phases      ] GC(185)     Dead                           Min: 0, Avg:  0.0, Max: 0, Diff: 0, Sum: 0, Workers: 4
[5709.080s][debug][gc,phases      ] GC(185)     Total                          Min: 0, Avg: 152.2, Max: 398, Diff: 398, Sum: 609, Workers: 4
[5709.080s][debug][gc,phases      ] GC(185)   ObjectSynchronizer Weak        Min:  0.0, Avg:  0.0, Max:  0.0, Diff:  0.0, Sum:  0.0, Workers: 4
[5709.080s][debug][gc,phases      ] GC(185)     Dead                           Min: 0, Avg:  0.0, Max: 0, Diff: 0, Sum: 0, Workers: 4
[5709.080s][debug][gc,phases      ] GC(185)     Total                          Min: 0, Avg: 100.0, Max: 192, Diff: 192, Sum: 400, Workers: 4
[5709.080s][debug][gc,phases      ] GC(185)   JVMTI Tag Weak OopStorage      Min:  0.0, Avg:  0.0, Max:  0.0, Diff:  0.0, Sum:  0.0, Workers: 4
[5709.080s][debug][gc,phases      ] GC(185)     Dead                           Min: 0, Avg:  0.0, Max: 0, Diff: 0, Sum: 0, Workers: 4
[5709.080s][debug][gc,phases      ] GC(185)     Total                          Min: 0, Avg:  0.0, Max: 0, Diff: 0, Sum: 0, Workers: 4
[5709.080s][debug][gc,phases      ] GC(185)   StringTable Weak               Min:  0.1, Avg:  0.1, Max:  0.1, Diff:  0.0, Sum:  0.4, Workers: 4
[5709.080s][debug][gc,phases      ] GC(185)     Dead                           Min: 0, Avg:  0.0, Max: 0, Diff: 0, Sum: 0, Workers: 4
[5709.080s][debug][gc,phases      ] GC(185)     Total                          Min: 10432, Avg: 12232.8, Max: 13568, Diff: 3136, Sum: 48931, Workers: 4
[5709.080s][debug][gc,phases      ] GC(185)   ResolvedMethodTable Weak       Min:  0.0, Avg:  0.0, Max:  0.0, Diff:  0.0, Sum:  0.1, Workers: 4
[5709.080s][debug][gc,phases      ] GC(185)     Dead                           Min: 0, Avg:  0.0, Max: 0, Diff: 0, Sum: 0, Workers: 4
[5709.080s][debug][gc,phases      ] GC(185)     Total                          Min: 1856, Avg: 2136.0, Max: 2336, Diff: 480, Sum: 8544, Workers: 4
[5709.080s][debug][gc,phases      ] GC(185)   JNI Weak                       Min:  0.0, Avg:  0.0, Max:  0.0, Diff:  0.0, Sum:  0.0, Workers: 4
[5709.080s][debug][gc,phases      ] GC(185)     Dead                           Min: 0, Avg:  0.0, Max: 0, Diff: 0, Sum: 0, Workers: 4
[5709.080s][debug][gc,phases      ] GC(185)     Total                          Min: 0, Avg:  0.0, Max: 0, Diff: 0, Sum: 0, Workers: 4
[5709.080s][debug][gc,phases      ] GC(185)   StringDedup Table Weak         Min:  0.0, Avg:  0.0, Max:  0.0, Diff:  0.0, Sum:  0.0, Workers: 4
[5709.080s][debug][gc,phases      ] GC(185)     Dead                           Min: 0, Avg:  0.0, Max: 0, Diff: 0, Sum: 0, Workers: 4
[5709.080s][debug][gc,phases      ] GC(185)     Total                          Min: 0, Avg:  0.0, Max: 0, Diff: 0, Sum: 0, Workers: 4
[5709.080s][debug][gc,phases      ] GC(185)   StringDedup Requests0 Weak     Min:  0.0, Avg:  0.0, Max:  0.0, Diff:  0.0, Sum:  0.0, Workers: 4
[5709.080s][debug][gc,phases      ] GC(185)     Dead                           Min: 0, Avg:  0.0, Max: 0, Diff: 0, Sum: 0, Workers: 4
[5709.080s][debug][gc,phases      ] GC(185)     Total                          Min: 0, Avg:  0.0, Max: 0, Diff: 0, Sum: 0, Workers: 4
[5709.080s][debug][gc,phases      ] GC(185)   StringDedup Requests1 Weak     Min:  0.0, Avg:  0.0, Max:  0.0, Diff:  0.0, Sum:  0.0, Workers: 4
[5709.080s][debug][gc,phases      ] GC(185)     Dead                           Min: 0, Avg:  0.0, Max: 0, Diff: 0, Sum: 0, Workers: 4
[5709.080s][debug][gc,phases      ] GC(185)     Total                          Min: 0, Avg:  0.0, Max: 0, Diff: 0, Sum: 0, Workers: 4
[5709.080s][debug][gc,phases      ] GC(185)   Weak JFR Old Object Samples    Min:  0.0, Avg:  0.0, Max:  0.0, Diff:  0.0, Sum:  0.0, Workers: 4
[5709.080s][debug][gc,phases      ] GC(185)     Dead                           Min: 0, Avg:  0.0, Max: 0, Diff: 0, Sum: 0, Workers: 4
[5709.080s][debug][gc,phases      ] GC(185)     Total                          Min: 0, Avg:  0.0, Max: 0, Diff: 0, Sum: 0, Workers: 4
[5709.080s][debug][gc,phases      ] GC(185) Weak Processing 0.343ms
[5709.080s][debug][gc,age         ] GC(185) Desired survivor size 76546048 bytes, new threshold 15 (max threshold 15)
[5709.080s][info ][gc,heap        ] GC(185) PSYoungGen: 1989744K(2019840K)->44880K(2018816K) Eden: 1941504K(1941504K)->0K(1941504K) From: 48240K(78336K)->44880K(77312K)
[5709.080s][info ][gc,heap        ] GC(185) ParOldGen: 598721K(675328K)->598761K(675328K)
[5709.080s][info ][gc,metaspace   ] GC(185) Metaspace: 85425K(86464K)->85425K(86464K) NonClass: 73607K(74176K)->73607K(74176K) Class: 11818K(12288K)->11818K(12288K)
[5709.080s][info ][gc             ] GC(185) Pause Young (Allocation Failure) 2527M->628M(2631M) 10.286ms
[5709.080s][info ][gc,cpu         ] GC(185) User=0.04s Sys=0.00s Real=0.01s
[5709.080s][info ][safepoint      ] Safepoint "ParallelGCFailedAllocation", Time since last: 69022348580 ns, Reaching safepoint: 38001 ns, At safepoint: 10368793 ns, Total: 10406794 ns
[5715.080s][info ][safepoint      ] Safepoint "Cleanup", Time since last: 6000420873 ns, Reaching safepoint: 126602 ns, At safepoint: 11500 ns, Total: 138102 ns
[5786.085s][info ][safepoint      ] Safepoint "Cleanup", Time since last: 71004678910 ns, Reaching safepoint: 50301 ns, At safepoint: 4700 ns, Total: 55001 ns
[5802.686s][info ][gc,start       ] GC(186) Pause Young (Allocation Failure)
[5802.696s][debug][gc,phases      ] GC(186) Scavenge 10.160ms
[5802.696s][debug][gc,ref         ] GC(186) Skipped phase 1 of Reference Processing: no references
[5802.696s][debug][gc,ref         ] GC(186) ReferenceProcessor::execute queues: 1, RefProcThreadModel::Single, marks_oops_alive: false
[5802.696s][debug][gc,ref         ] GC(186) Skipped phase 3 of Reference Processing: no references
[5802.696s][debug][gc,ref         ] GC(186) ReferenceProcessor::execute queues: 1, RefProcThreadModel::Single, marks_oops_alive: false
[5802.696s][debug][gc,phases      ] GC(186) Reference Processing 0.166ms
[5802.696s][debug][gc,phases      ] GC(186)   VM Weak                        Min:  0.0, Avg:  0.0, Max:  0.0, Diff:  0.0, Sum:  0.0, Workers: 4
[5802.696s][debug][gc,phases      ] GC(186)     Dead                           Min: 0, Avg:  0.0, Max: 0, Diff: 0, Sum: 0, Workers: 4
[5802.696s][debug][gc,phases      ] GC(186)     Total                          Min: 0, Avg: 152.2, Max: 609, Diff: 609, Sum: 609, Workers: 4
[5802.696s][debug][gc,phases      ] GC(186)   ObjectSynchronizer Weak        Min:  0.0, Avg:  0.0, Max:  0.0, Diff:  0.0, Sum:  0.0, Workers: 4
[5802.696s][debug][gc,phases      ] GC(186)     Dead                           Min: 0, Avg:  0.0, Max: 0, Diff: 0, Sum: 0, Workers: 4
[5802.696s][debug][gc,phases      ] GC(186)     Total                          Min: 0, Avg: 100.0, Max: 208, Diff: 208, Sum: 400, Workers: 4
[5802.696s][debug][gc,phases      ] GC(186)   JVMTI Tag Weak OopStorage      Min:  0.0, Avg:  0.0, Max:  0.0, Diff:  0.0, Sum:  0.0, Workers: 4
[5802.696s][debug][gc,phases      ] GC(186)     Dead                           Min: 0, Avg:  0.0, Max: 0, Diff: 0, Sum: 0, Workers: 4
[5802.696s][debug][gc,phases      ] GC(186)     Total                          Min: 0, Avg:  0.0, Max: 0, Diff: 0, Sum: 0, Workers: 4
[5802.696s][debug][gc,phases      ] GC(186)   StringTable Weak               Min:  0.1, Avg:  0.1, Max:  0.1, Diff:  0.0, Sum:  0.5, Workers: 4
[5802.696s][debug][gc,phases      ] GC(186)     Dead                           Min: 0, Avg:  0.0, Max: 0, Diff: 0, Sum: 0, Workers: 4
[5802.696s][debug][gc,phases      ] GC(186)     Total                          Min: 11008, Avg: 12232.8, Max: 13411, Diff: 2403, Sum: 48931, Workers: 4
[5802.696s][debug][gc,phases      ] GC(186)   ResolvedMethodTable Weak       Min:  0.0, Avg:  0.0, Max:  0.0, Diff:  0.0, Sum:  0.1, Workers: 4
[5802.696s][debug][gc,phases      ] GC(186)     Dead                           Min: 0, Avg:  0.0, Max: 0, Diff: 0, Sum: 0, Workers: 4
[5802.696s][debug][gc,phases      ] GC(186)     Total                          Min: 1952, Avg: 2136.0, Max: 2304, Diff: 352, Sum: 8544, Workers: 4
[5802.696s][debug][gc,phases      ] GC(186)   JNI Weak                       Min:  0.0, Avg:  0.0, Max:  0.0, Diff:  0.0, Sum:  0.0, Workers: 4
[5802.696s][debug][gc,phases      ] GC(186)     Dead                           Min: 0, Avg:  0.0, Max: 0, Diff: 0, Sum: 0, Workers: 4
[5802.696s][debug][gc,phases      ] GC(186)     Total                          Min: 0, Avg:  0.0, Max: 0, Diff: 0, Sum: 0, Workers: 4
[5802.696s][debug][gc,phases      ] GC(186)   StringDedup Table Weak         Min:  0.0, Avg:  0.0, Max:  0.0, Diff:  0.0, Sum:  0.0, Workers: 4
[5802.696s][debug][gc,phases      ] GC(186)     Dead                           Min: 0, Avg:  0.0, Max: 0, Diff: 0, Sum: 0, Workers: 4
[5802.696s][debug][gc,phases      ] GC(186)     Total                          Min: 0, Avg:  0.0, Max: 0, Diff: 0, Sum: 0, Workers: 4
[5802.696s][debug][gc,phases      ] GC(186)   StringDedup Requests0 Weak     Min:  0.0, Avg:  0.0, Max:  0.0, Diff:  0.0, Sum:  0.0, Workers: 4
[5802.696s][debug][gc,phases      ] GC(186)     Dead                           Min: 0, Avg:  0.0, Max: 0, Diff: 0, Sum: 0, Workers: 4
[5802.696s][debug][gc,phases      ] GC(186)     Total                          Min: 0, Avg:  0.0, Max: 0, Diff: 0, Sum: 0, Workers: 4
[5802.696s][debug][gc,phases      ] GC(186)   StringDedup Requests1 Weak     Min:  0.0, Avg:  0.0, Max:  0.0, Diff:  0.0, Sum:  0.0, Workers: 4
[5802.696s][debug][gc,phases      ] GC(186)     Dead                           Min: 0, Avg:  0.0, Max: 0, Diff: 0, Sum: 0, Workers: 4
[5802.696s][debug][gc,phases      ] GC(186)     Total                          Min: 0, Avg:  0.0, Max: 0, Diff: 0, Sum: 0, Workers: 4
[5802.696s][debug][gc,phases      ] GC(186)   Weak JFR Old Object Samples    Min:  0.0, Avg:  0.0, Max:  0.0, Diff:  0.0, Sum:  0.0, Workers: 4
[5802.696s][debug][gc,phases      ] GC(186)     Dead                           Min: 0, Avg:  0.0, Max: 0, Diff: 0, Sum: 0, Workers: 4
[5802.696s][debug][gc,phases      ] GC(186)     Total                          Min: 0, Avg:  0.0, Max: 0, Diff: 0, Sum: 0, Workers: 4
[5802.696s][debug][gc,phases      ] GC(186) Weak Processing 0.342ms
[5802.696s][debug][gc,age         ] GC(186) Desired survivor size 73924608 bytes, new threshold 15 (max threshold 15)
[5802.696s][info ][gc,heap        ] GC(186) PSYoungGen: 1986384K(2018816K)->45264K(2024960K) Eden: 1941504K(1941504K)->0K(1950208K) From: 44880K(77312K)->45264K(74752K)
[5802.696s][info ][gc,heap        ] GC(186) ParOldGen: 598761K(675328K)->598801K(675328K)
[5802.696s][info ][gc,metaspace   ] GC(186) Metaspace: 85428K(86464K)->85428K(86464K) NonClass: 73609K(74176K)->73609K(74176K) Class: 11818K(12288K)->11818K(12288K)
[5802.696s][info ][gc             ] GC(186) Pause Young (Allocation Failure) 2524M->628M(2637M) 10.823ms
[5802.696s][info ][gc,cpu         ] GC(186) User=0.04s Sys=0.00s Real=0.01s
[5802.697s][info ][safepoint      ] Safepoint "ParallelGCFailedAllocation", Time since last: 16600466800 ns, Reaching safepoint: 31800 ns, At safepoint: 10914604 ns, Total: 10946404 ns
[5840.699s][info ][safepoint      ] Safepoint "Cleanup", Time since last: 38002693925 ns, Reaching safepoint: 62701 ns, At safepoint: 6000 ns, Total: 68701 ns
[5850.700s][info ][safepoint      ] Safepoint "Cleanup", Time since last: 10000636659 ns, Reaching safepoint: 68201 ns, At safepoint: 5900 ns, Total: 74101 ns
[5908.766s][info ][gc,start       ] GC(187) Pause Young (Allocation Failure)
[5908.776s][debug][gc,phases      ] GC(187) Scavenge 10.262ms
[5908.776s][debug][gc,ref         ] GC(187) Skipped phase 1 of Reference Processing: no references
[5908.776s][debug][gc,ref         ] GC(187) ReferenceProcessor::execute queues: 1, RefProcThreadModel::Single, marks_oops_alive: false
[5908.776s][debug][gc,ref         ] GC(187) Skipped phase 3 of Reference Processing: no references
[5908.776s][debug][gc,ref         ] GC(187) ReferenceProcessor::execute queues: 1, RefProcThreadModel::Single, marks_oops_alive: false
[5908.776s][debug][gc,phases      ] GC(187) Reference Processing 0.140ms
[5908.777s][debug][gc,phases      ] GC(187)   VM Weak                        Min:  0.0, Avg:  0.0, Max:  0.0, Diff:  0.0, Sum:  0.0, Workers: 4
[5908.777s][debug][gc,phases      ] GC(187)     Dead                           Min: 0, Avg:  0.0, Max: 0, Diff: 0, Sum: 0, Workers: 4
[5908.777s][debug][gc,phases      ] GC(187)     Total                          Min: 0, Avg: 152.2, Max: 391, Diff: 391, Sum: 609, Workers: 4
[5908.777s][debug][gc,phases      ] GC(187)   ObjectSynchronizer Weak        Min:  0.0, Avg:  0.0, Max:  0.0, Diff:  0.0, Sum:  0.0, Workers: 4
[5908.777s][debug][gc,phases      ] GC(187)     Dead                           Min: 0, Avg:  0.0, Max: 0, Diff: 0, Sum: 0, Workers: 4
[5908.777s][debug][gc,phases      ] GC(187)     Total                          Min: 0, Avg: 100.0, Max: 144, Diff: 144, Sum: 400, Workers: 4
[5908.777s][debug][gc,phases      ] GC(187)   JVMTI Tag Weak OopStorage      Min:  0.0, Avg:  0.0, Max:  0.0, Diff:  0.0, Sum:  0.0, Workers: 4
[5908.777s][debug][gc,phases      ] GC(187)     Dead                           Min: 0, Avg:  0.0, Max: 0, Diff: 0, Sum: 0, Workers: 4
[5908.777s][debug][gc,phases      ] GC(187)     Total                          Min: 0, Avg:  0.0, Max: 0, Diff: 0, Sum: 0, Workers: 4
[5908.777s][debug][gc,phases      ] GC(187)   StringTable Weak               Min:  0.1, Avg:  0.1, Max:  0.1, Diff:  0.0, Sum:  0.4, Workers: 4
[5908.777s][debug][gc,phases      ] GC(187)     Dead                           Min: 0, Avg:  0.0, Max: 0, Diff: 0, Sum: 0, Workers: 4
[5908.777s][debug][gc,phases      ] GC(187)     Total                          Min: 11812, Avg: 12233.0, Max: 12992, Diff: 1180, Sum: 48932, Workers: 4
[5908.777s][debug][gc,phases      ] GC(187)   ResolvedMethodTable Weak       Min:  0.0, Avg:  0.0, Max:  0.0, Diff:  0.0, Sum:  0.1, Workers: 4
[5908.777s][debug][gc,phases      ] GC(187)     Dead                           Min: 0, Avg:  0.0, Max: 0, Diff: 0, Sum: 0, Workers: 4
[5908.777s][debug][gc,phases      ] GC(187)     Total                          Min: 1984, Avg: 2136.0, Max: 2272, Diff: 288, Sum: 8544, Workers: 4
[5908.777s][debug][gc,phases      ] GC(187)   JNI Weak                       Min:  0.0, Avg:  0.0, Max:  0.0, Diff:  0.0, Sum:  0.0, Workers: 4
[5908.777s][debug][gc,phases      ] GC(187)     Dead                           Min: 0, Avg:  0.0, Max: 0, Diff: 0, Sum: 0, Workers: 4
[5908.777s][debug][gc,phases      ] GC(187)     Total                          Min: 0, Avg:  0.0, Max: 0, Diff: 0, Sum: 0, Workers: 4
[5908.777s][debug][gc,phases      ] GC(187)   StringDedup Table Weak         Min:  0.0, Avg:  0.0, Max:  0.0, Diff:  0.0, Sum:  0.0, Workers: 4
[5908.777s][debug][gc,phases      ] GC(187)     Dead                           Min: 0, Avg:  0.0, Max: 0, Diff: 0, Sum: 0, Workers: 4
[5908.777s][debug][gc,phases      ] GC(187)     Total                          Min: 0, Avg:  0.0, Max: 0, Diff: 0, Sum: 0, Workers: 4
[5908.777s][debug][gc,phases      ] GC(187)   StringDedup Requests0 Weak     Min:  0.0, Avg:  0.0, Max:  0.0, Diff:  0.0, Sum:  0.0, Workers: 4
[5908.777s][debug][gc,phases      ] GC(187)     Dead                           Min: 0, Avg:  0.0, Max: 0, Diff: 0, Sum: 0, Workers: 4
[5908.777s][debug][gc,phases      ] GC(187)     Total                          Min: 0, Avg:  0.0, Max: 0, Diff: 0, Sum: 0, Workers: 4
[5908.777s][debug][gc,phases      ] GC(187)   StringDedup Requests1 Weak     Min:  0.0, Avg:  0.0, Max:  0.0, Diff:  0.0, Sum:  0.0, Workers: 4
[5908.777s][debug][gc,phases      ] GC(187)     Dead                           Min: 0, Avg:  0.0, Max: 0, Diff: 0, Sum: 0, Workers: 4
[5908.777s][debug][gc,phases      ] GC(187)     Total                          Min: 0, Avg:  0.0, Max: 0, Diff: 0, Sum: 0, Workers: 4
[5908.777s][debug][gc,phases      ] GC(187)   Weak JFR Old Object Samples    Min:  0.0, Avg:  0.0, Max:  0.0, Diff:  0.0, Sum:  0.0, Workers: 4
[5908.777s][debug][gc,phases      ] GC(187)     Dead                           Min: 0, Avg:  0.0, Max: 0, Diff: 0, Sum: 0, Workers: 4
[5908.777s][debug][gc,phases      ] GC(187)     Total                          Min: 0, Avg:  0.0, Max: 0, Diff: 0, Sum: 0, Workers: 4
[5908.777s][debug][gc,phases      ] GC(187) Weak Processing 0.342ms
[5908.777s][debug][gc,age         ] GC(187) Desired survivor size 71827456 bytes, new threshold 15 (max threshold 15)
[5908.777s][info ][gc,heap        ] GC(187) PSYoungGen: 1995472K(2024960K)->45216K(2022400K) Eden: 1950208K(1950208K)->0K(1950208K) From: 45264K(74752K)->45216K(72192K)
[5908.777s][info ][gc,heap        ] GC(187) ParOldGen: 598801K(675328K)->598833K(675328K)
[5908.777s][info ][gc,metaspace   ] GC(187) Metaspace: 85428K(86464K)->85428K(86464K) NonClass: 73610K(74176K)->73610K(74176K) Class: 11818K(12288K)->11818K(12288K)
[5908.777s][info ][gc             ] GC(187) Pause Young (Allocation Failure) 2533M->628M(2634M) 10.878ms
[5908.777s][info ][gc,cpu         ] GC(187) User=0.05s Sys=0.01s Real=0.01s
[5908.777s][info ][safepoint      ] Safepoint "ParallelGCFailedAllocation", Time since last: 58065933821 ns, Reaching safepoint: 30000 ns, At safepoint: 10990805 ns, Total: 11020805 ns
[5946.780s][info ][safepoint      ] Safepoint "Cleanup", Time since last: 38002877892 ns, Reaching safepoint: 122802 ns, At safepoint: 8200 ns, Total: 131002 ns
[5959.781s][info ][safepoint      ] Safepoint "Cleanup", Time since last: 13001017691 ns, Reaching safepoint: 116703 ns, At safepoint: 32900 ns, Total: 149603 ns
[5987.783s][info ][safepoint      ] Safepoint "Cleanup", Time since last: 28001844608 ns, Reaching safepoint: 49901 ns, At safepoint: 35501 ns, Total: 85402 ns
[6005.791s][info ][safepoint      ] Safepoint "Cleanup", Time since last: 18007915325 ns, Reaching safepoint: 49601 ns, At safepoint: 5100 ns, Total: 54701 ns
[6020.792s][info ][safepoint      ] Safepoint "Cleanup", Time since last: 15000962005 ns, Reaching safepoint: 40300 ns, At safepoint: 24501 ns, Total: 64801 ns
[6021.850s][info ][gc,start       ] GC(188) Pause Young (Allocation Failure)
[6021.860s][debug][gc,phases      ] GC(188) Scavenge 10.582ms
[6021.860s][debug][gc,ref         ] GC(188) Skipped phase 1 of Reference Processing: no references
[6021.860s][debug][gc,ref         ] GC(188) ReferenceProcessor::execute queues: 1, RefProcThreadModel::Single, marks_oops_alive: false
[6021.860s][debug][gc,ref         ] GC(188) Skipped phase 3 of Reference Processing: no references
[6021.860s][debug][gc,ref         ] GC(188) ReferenceProcessor::execute queues: 1, RefProcThreadModel::Single, marks_oops_alive: false
[6021.861s][debug][gc,phases      ] GC(188) Reference Processing 0.150ms
[6021.861s][debug][gc,phases      ] GC(188)   VM Weak                        Min:  0.0, Avg:  0.0, Max:  0.0, Diff:  0.0, Sum:  0.0, Workers: 4
[6021.861s][debug][gc,phases      ] GC(188)     Dead                           Min: 0, Avg:  0.0, Max: 0, Diff: 0, Sum: 0, Workers: 4
[6021.861s][debug][gc,phases      ] GC(188)     Total                          Min: 0, Avg: 152.2, Max: 609, Diff: 609, Sum: 609, Workers: 4
[6021.861s][debug][gc,phases      ] GC(188)   ObjectSynchronizer Weak        Min:  0.0, Avg:  0.0, Max:  0.0, Diff:  0.0, Sum:  0.0, Workers: 4
[6021.861s][debug][gc,phases      ] GC(188)     Dead                           Min: 0, Avg:  0.0, Max: 0, Diff: 0, Sum: 0, Workers: 4
[6021.861s][debug][gc,phases      ] GC(188)     Total                          Min: 0, Avg: 100.0, Max: 256, Diff: 256, Sum: 400, Workers: 4
[6021.861s][debug][gc,phases      ] GC(188)   JVMTI Tag Weak OopStorage      Min:  0.0, Avg:  0.0, Max:  0.0, Diff:  0.0, Sum:  0.0, Workers: 4
[6021.861s][debug][gc,phases      ] GC(188)     Dead                           Min: 0, Avg:  0.0, Max: 0, Diff: 0, Sum: 0, Workers: 4
[6021.861s][debug][gc,phases      ] GC(188)     Total                          Min: 0, Avg:  0.0, Max: 0, Diff: 0, Sum: 0, Workers: 4
[6021.861s][debug][gc,phases      ] GC(188)   StringTable Weak               Min:  0.1, Avg:  0.1, Max:  0.1, Diff:  0.0, Sum:  0.4, Workers: 4
[6021.861s][debug][gc,phases      ] GC(188)     Dead                           Min: 0, Avg:  0.0, Max: 0, Diff: 0, Sum: 0, Workers: 4
[6021.861s][debug][gc,phases      ] GC(188)     Total                          Min: 10304, Avg: 12233.0, Max: 14884, Diff: 4580, Sum: 48932, Workers: 4
[6021.861s][debug][gc,phases      ] GC(188)   ResolvedMethodTable Weak       Min:  0.0, Avg:  0.0, Max:  0.0, Diff:  0.0, Sum:  0.1, Workers: 4
[6021.861s][debug][gc,phases      ] GC(188)     Dead                           Min: 0, Avg:  0.0, Max: 0, Diff: 0, Sum: 0, Workers: 4
[6021.861s][debug][gc,phases      ] GC(188)     Total                          Min: 1856, Avg: 2136.0, Max: 2272, Diff: 416, Sum: 8544, Workers: 4
[6021.861s][debug][gc,phases      ] GC(188)   JNI Weak                       Min:  0.0, Avg:  0.0, Max:  0.0, Diff:  0.0, Sum:  0.0, Workers: 4
[6021.861s][debug][gc,phases      ] GC(188)     Dead                           Min: 0, Avg:  0.0, Max: 0, Diff: 0, Sum: 0, Workers: 4
[6021.861s][debug][gc,phases      ] GC(188)     Total                          Min: 0, Avg:  0.0, Max: 0, Diff: 0, Sum: 0, Workers: 4
[6021.861s][debug][gc,phases      ] GC(188)   StringDedup Table Weak         Min:  0.0, Avg:  0.0, Max:  0.0, Diff:  0.0, Sum:  0.0, Workers: 4
[6021.861s][debug][gc,phases      ] GC(188)     Dead                           Min: 0, Avg:  0.0, Max: 0, Diff: 0, Sum: 0, Workers: 4
[6021.861s][debug][gc,phases      ] GC(188)     Total                          Min: 0, Avg:  0.0, Max: 0, Diff: 0, Sum: 0, Workers: 4
[6021.861s][debug][gc,phases      ] GC(188)   StringDedup Requests0 Weak     Min:  0.0, Avg:  0.0, Max:  0.0, Diff:  0.0, Sum:  0.0, Workers: 4
[6021.861s][debug][gc,phases      ] GC(188)     Dead                           Min: 0, Avg:  0.0, Max: 0, Diff: 0, Sum: 0, Workers: 4
[6021.861s][debug][gc,phases      ] GC(188)     Total                          Min: 0, Avg:  0.0, Max: 0, Diff: 0, Sum: 0, Workers: 4
[6021.861s][debug][gc,phases      ] GC(188)   StringDedup Requests1 Weak     Min:  0.0, Avg:  0.0, Max:  0.0, Diff:  0.0, Sum:  0.0, Workers: 4
[6021.861s][debug][gc,phases      ] GC(188)     Dead                           Min: 0, Avg:  0.0, Max: 0, Diff: 0, Sum: 0, Workers: 4
[6021.861s][debug][gc,phases      ] GC(188)     Total                          Min: 0, Avg:  0.0, Max: 0, Diff: 0, Sum: 0, Workers: 4
[6021.861s][debug][gc,phases      ] GC(188)   Weak JFR Old Object Samples    Min:  0.0, Avg:  0.0, Max:  0.0, Diff:  0.0, Sum:  0.0, Workers: 4
[6021.861s][debug][gc,phases      ] GC(188)     Dead                           Min: 0, Avg:  0.0, Max: 0, Diff: 0, Sum: 0, Workers: 4
[6021.861s][debug][gc,phases      ] GC(188)     Total                          Min: 0, Avg:  0.0, Max: 0, Diff: 0, Sum: 0, Workers: 4
[6021.861s][debug][gc,phases      ] GC(188) Weak Processing 0.364ms
[6021.861s][debug][gc,age         ] GC(188) Desired survivor size 69730304 bytes, new threshold 15 (max threshold 15)
[6021.861s][info ][gc,heap        ] GC(188) PSYoungGen: 1995424K(2022400K)->44768K(2029056K) Eden: 1950208K(1950208K)->0K(1958912K) From: 45216K(72192K)->44768K(70144K)
[6021.861s][info ][gc,heap        ] GC(188) ParOldGen: 598833K(675328K)->598889K(675328K)
[6021.861s][info ][gc,metaspace   ] GC(188) Metaspace: 85446K(86464K)->85446K(86464K) NonClass: 73627K(74176K)->73627K(74176K) Class: 11818K(12288K)->11818K(12288K)
[6021.861s][info ][gc             ] GC(188) Pause Young (Allocation Failure) 2533M->628M(2641M) 11.240ms
[6021.861s][info ][gc,cpu         ] GC(188) User=0.04s Sys=0.00s Real=0.01s
[6021.861s][info ][safepoint      ] Safepoint "ParallelGCFailedAllocation", Time since last: 1057586098 ns, Reaching safepoint: 27000 ns, At safepoint: 11328911 ns, Total: 11355911 ns
[6030.862s][info ][safepoint      ] Safepoint "Cleanup", Time since last: 9000629239 ns, Reaching safepoint: 55801 ns, At safepoint: 11500 ns, Total: 67301 ns
[6036.862s][info ][safepoint      ] Safepoint "Cleanup", Time since last: 6000434058 ns, Reaching safepoint: 49601 ns, At safepoint: 7500 ns, Total: 57101 ns
[6042.863s][info ][safepoint      ] Safepoint "Cleanup", Time since last: 6000535257 ns, Reaching safepoint: 54601 ns, At safepoint: 8501 ns, Total: 63102 ns
[6071.865s][info ][safepoint      ] Safepoint "Cleanup", Time since last: 29002231934 ns, Reaching safepoint: 90702 ns, At safepoint: 13000 ns, Total: 103702 ns
[6073.865s][info ][safepoint      ] Safepoint "Cleanup", Time since last: 2000209351 ns, Reaching safepoint: 77001 ns, At safepoint: 7700 ns, Total: 84701 ns
[6077.866s][info ][safepoint      ] Safepoint "Cleanup", Time since last: 4000336199 ns, Reaching safepoint: 48901 ns, At safepoint: 3000 ns, Total: 51901 ns
[6078.866s][info ][safepoint      ] Safepoint "Cleanup", Time since last: 1000114625 ns, Reaching safepoint: 55901 ns, At safepoint: 3400 ns, Total: 59301 ns
[6096.867s][info ][safepoint      ] Safepoint "Cleanup", Time since last: 18001264632 ns, Reaching safepoint: 47601 ns, At safepoint: 5200 ns, Total: 52801 ns
[6116.480s][info ][gc,start       ] GC(189) Pause Young (Allocation Failure)
[6116.491s][debug][gc,phases      ] GC(189) Scavenge 10.526ms
[6116.491s][debug][gc,ref         ] GC(189) Skipped phase 1 of Reference Processing: no references
[6116.491s][debug][gc,ref         ] GC(189) ReferenceProcessor::execute queues: 1, RefProcThreadModel::Single, marks_oops_alive: false
[6116.491s][debug][gc,ref         ] GC(189) Skipped phase 3 of Reference Processing: no references
[6116.491s][debug][gc,ref         ] GC(189) ReferenceProcessor::execute queues: 1, RefProcThreadModel::Single, marks_oops_alive: false
[6116.491s][debug][gc,phases      ] GC(189) Reference Processing 0.162ms
[6116.491s][debug][gc,phases      ] GC(189)   VM Weak                        Min:  0.0, Avg:  0.0, Max:  0.0, Diff:  0.0, Sum:  0.0, Workers: 4
[6116.491s][debug][gc,phases      ] GC(189)     Dead                           Min: 0, Avg:  0.0, Max: 0, Diff: 0, Sum: 0, Workers: 4
[6116.491s][debug][gc,phases      ] GC(189)     Total                          Min: 0, Avg: 152.2, Max: 354, Diff: 354, Sum: 609, Workers: 4
[6116.491s][debug][gc,phases      ] GC(189)   ObjectSynchronizer Weak        Min:  0.0, Avg:  0.0, Max:  0.0, Diff:  0.0, Sum:  0.0, Workers: 4
[6116.491s][debug][gc,phases      ] GC(189)     Dead                           Min: 0, Avg:  0.0, Max: 0, Diff: 0, Sum: 0, Workers: 4
[6116.491s][debug][gc,phases      ] GC(189)     Total                          Min: 64, Avg: 100.0, Max: 128, Diff: 64, Sum: 400, Workers: 4
[6116.491s][debug][gc,phases      ] GC(189)   JVMTI Tag Weak OopStorage      Min:  0.0, Avg:  0.0, Max:  0.0, Diff:  0.0, Sum:  0.0, Workers: 4
[6116.491s][debug][gc,phases      ] GC(189)     Dead                           Min: 0, Avg:  0.0, Max: 0, Diff: 0, Sum: 0, Workers: 4
[6116.491s][debug][gc,phases      ] GC(189)     Total                          Min: 0, Avg:  0.0, Max: 0, Diff: 0, Sum: 0, Workers: 4
[6116.491s][debug][gc,phases      ] GC(189)   StringTable Weak               Min:  0.1, Avg:  0.1, Max:  0.1, Diff:  0.0, Sum:  0.4, Workers: 4
[6116.491s][debug][gc,phases      ] GC(189)     Dead                           Min: 0, Avg:  0.0, Max: 0, Diff: 0, Sum: 0, Workers: 4
[6116.491s][debug][gc,phases      ] GC(189)     Total                          Min: 11813, Avg: 12233.2, Max: 12800, Diff: 987, Sum: 48933, Workers: 4
[6116.491s][debug][gc,phases      ] GC(189)   ResolvedMethodTable Weak       Min:  0.0, Avg:  0.0, Max:  0.0, Diff:  0.0, Sum:  0.1, Workers: 4
[6116.491s][debug][gc,phases      ] GC(189)     Dead                           Min: 0, Avg:  0.0, Max: 0, Diff: 0, Sum: 0, Workers: 4
[6116.491s][debug][gc,phases      ] GC(189)     Total                          Min: 1856, Avg: 2136.0, Max: 2368, Diff: 512, Sum: 8544, Workers: 4
[6116.491s][debug][gc,phases      ] GC(189)   JNI Weak                       Min:  0.0, Avg:  0.0, Max:  0.0, Diff:  0.0, Sum:  0.0, Workers: 4
[6116.491s][debug][gc,phases      ] GC(189)     Dead                           Min: 0, Avg:  0.0, Max: 0, Diff: 0, Sum: 0, Workers: 4
[6116.491s][debug][gc,phases      ] GC(189)     Total                          Min: 0, Avg:  0.0, Max: 0, Diff: 0, Sum: 0, Workers: 4
[6116.491s][debug][gc,phases      ] GC(189)   StringDedup Table Weak         Min:  0.0, Avg:  0.0, Max:  0.0, Diff:  0.0, Sum:  0.0, Workers: 4
[6116.491s][debug][gc,phases      ] GC(189)     Dead                           Min: 0, Avg:  0.0, Max: 0, Diff: 0, Sum: 0, Workers: 4
[6116.491s][debug][gc,phases      ] GC(189)     Total                          Min: 0, Avg:  0.0, Max: 0, Diff: 0, Sum: 0, Workers: 4
[6116.491s][debug][gc,phases      ] GC(189)   StringDedup Requests0 Weak     Min:  0.0, Avg:  0.0, Max:  0.0, Diff:  0.0, Sum:  0.0, Workers: 4
[6116.491s][debug][gc,phases      ] GC(189)     Dead                           Min: 0, Avg:  0.0, Max: 0, Diff: 0, Sum: 0, Workers: 4
[6116.491s][debug][gc,phases      ] GC(189)     Total                          Min: 0, Avg:  0.0, Max: 0, Diff: 0, Sum: 0, Workers: 4
[6116.491s][debug][gc,phases      ] GC(189)   StringDedup Requests1 Weak     Min:  0.0, Avg:  0.0, Max:  0.0, Diff:  0.0, Sum:  0.0, Workers: 4
[6116.491s][debug][gc,phases      ] GC(189)     Dead                           Min: 0, Avg:  0.0, Max: 0, Diff: 0, Sum: 0, Workers: 4
[6116.491s][debug][gc,phases      ] GC(189)     Total                          Min: 0, Avg:  0.0, Max: 0, Diff: 0, Sum: 0, Workers: 4
[6116.491s][debug][gc,phases      ] GC(189)   Weak JFR Old Object Samples    Min:  0.0, Avg:  0.0, Max:  0.0, Diff:  0.0, Sum:  0.0, Workers: 4
[6116.491s][debug][gc,phases      ] GC(189)     Dead                           Min: 0, Avg:  0.0, Max: 0, Diff: 0, Sum: 0, Workers: 4
[6116.491s][debug][gc,phases      ] GC(189)     Total                          Min: 0, Avg:  0.0, Max: 0, Diff: 0, Sum: 0, Workers: 4
[6116.491s][debug][gc,phases      ] GC(189) Weak Processing 0.339ms
[6116.491s][debug][gc,age         ] GC(189) Desired survivor size 68157440 bytes, new threshold 15 (max threshold 15)
[6116.491s][info ][gc,heap        ] GC(189) PSYoungGen: 2003680K(2029056K)->45104K(2027008K) Eden: 1958912K(1958912K)->0K(1958912K) From: 44768K(70144K)->45104K(68096K)
[6116.491s][info ][gc,heap        ] GC(189) ParOldGen: 598889K(675328K)->598985K(675328K)
[6116.491s][info ][gc,metaspace   ] GC(189) Metaspace: 85451K(86464K)->85451K(86464K) NonClass: 73632K(74176K)->73632K(74176K) Class: 11818K(12288K)->11818K(12288K)
[6116.491s][info ][gc             ] GC(189) Pause Young (Allocation Failure) 2541M->628M(2639M) 11.165ms
[6116.491s][info ][gc,cpu         ] GC(189) User=0.05s Sys=0.00s Real=0.01s
[6116.491s][info ][safepoint      ] Safepoint "ParallelGCFailedAllocation", Time since last: 19612566525 ns, Reaching safepoint: 50901 ns, At safepoint: 11275210 ns, Total: 11326111 ns
[6127.492s][info ][safepoint      ] Safepoint "Cleanup", Time since last: 11000731949 ns, Reaching safepoint: 58601 ns, At safepoint: 3900 ns, Total: 62501 ns
[6138.493s][info ][safepoint      ] Safepoint "Cleanup", Time since last: 11000765746 ns, Reaching safepoint: 50801 ns, At safepoint: 7400 ns, Total: 58201 ns
[6208.918s][info ][gc,start       ] GC(190) Pause Young (Allocation Failure)
[6208.929s][debug][gc,phases      ] GC(190) Scavenge 11.100ms
[6208.929s][debug][gc,ref         ] GC(190) Skipped phase 1 of Reference Processing: no references
[6208.929s][debug][gc,ref         ] GC(190) ReferenceProcessor::execute queues: 1, RefProcThreadModel::Single, marks_oops_alive: false
[6208.929s][debug][gc,ref         ] GC(190) Skipped phase 3 of Reference Processing: no references
[6208.929s][debug][gc,ref         ] GC(190) ReferenceProcessor::execute queues: 1, RefProcThreadModel::Single, marks_oops_alive: false
[6208.929s][debug][gc,phases      ] GC(190) Reference Processing 0.171ms
[6208.929s][debug][gc,phases      ] GC(190)   VM Weak                        Min:  0.0, Avg:  0.0, Max:  0.0, Diff:  0.0, Sum:  0.0, Workers: 4
[6208.929s][debug][gc,phases      ] GC(190)     Dead                           Min: 0, Avg:  0.0, Max: 0, Diff: 0, Sum: 0, Workers: 4
[6208.929s][debug][gc,phases      ] GC(190)     Total                          Min: 0, Avg: 152.2, Max: 552, Diff: 552, Sum: 609, Workers: 4
[6208.929s][debug][gc,phases      ] GC(190)   ObjectSynchronizer Weak        Min:  0.0, Avg:  0.0, Max:  0.0, Diff:  0.0, Sum:  0.0, Workers: 4
[6208.929s][debug][gc,phases      ] GC(190)     Dead                           Min: 0, Avg:  0.0, Max: 0, Diff: 0, Sum: 0, Workers: 4
[6208.929s][debug][gc,phases      ] GC(190)     Total                          Min: 16, Avg: 100.0, Max: 128, Diff: 112, Sum: 400, Workers: 4
[6208.929s][debug][gc,phases      ] GC(190)   JVMTI Tag Weak OopStorage      Min:  0.0, Avg:  0.0, Max:  0.0, Diff:  0.0, Sum:  0.0, Workers: 4
[6208.929s][debug][gc,phases      ] GC(190)     Dead                           Min: 0, Avg:  0.0, Max: 0, Diff: 0, Sum: 0, Workers: 4
[6208.929s][debug][gc,phases      ] GC(190)     Total                          Min: 0, Avg:  0.0, Max: 0, Diff: 0, Sum: 0, Workers: 4
[6208.929s][debug][gc,phases      ] GC(190)   StringTable Weak               Min:  0.1, Avg:  0.1, Max:  0.1, Diff:  0.0, Sum:  0.5, Workers: 4
[6208.929s][debug][gc,phases      ] GC(190)     Dead                           Min: 0, Avg:  0.0, Max: 0, Diff: 0, Sum: 0, Workers: 4
[6208.929s][debug][gc,phases      ] GC(190)     Total                          Min: 11840, Avg: 12233.2, Max: 12800, Diff: 960, Sum: 48933, Workers: 4
[6208.929s][debug][gc,phases      ] GC(190)   ResolvedMethodTable Weak       Min:  0.0, Avg:  0.0, Max:  0.0, Diff:  0.0, Sum:  0.1, Workers: 4
[6208.929s][debug][gc,phases      ] GC(190)     Dead                           Min: 0, Avg:  0.0, Max: 0, Diff: 0, Sum: 0, Workers: 4
[6208.929s][debug][gc,phases      ] GC(190)     Total                          Min: 1920, Avg: 2136.0, Max: 2400, Diff: 480, Sum: 8544, Workers: 4
[6208.929s][debug][gc,phases      ] GC(190)   JNI Weak                       Min:  0.0, Avg:  0.0, Max:  0.0, Diff:  0.0, Sum:  0.0, Workers: 4
[6208.929s][debug][gc,phases      ] GC(190)     Dead                           Min: 0, Avg:  0.0, Max: 0, Diff: 0, Sum: 0, Workers: 4
[6208.929s][debug][gc,phases      ] GC(190)     Total                          Min: 0, Avg:  0.0, Max: 0, Diff: 0, Sum: 0, Workers: 4
[6208.929s][debug][gc,phases      ] GC(190)   StringDedup Table Weak         Min:  0.0, Avg:  0.0, Max:  0.0, Diff:  0.0, Sum:  0.0, Workers: 4
[6208.929s][debug][gc,phases      ] GC(190)     Dead                           Min: 0, Avg:  0.0, Max: 0, Diff: 0, Sum: 0, Workers: 4
[6208.929s][debug][gc,phases      ] GC(190)     Total                          Min: 0, Avg:  0.0, Max: 0, Diff: 0, Sum: 0, Workers: 4
[6208.929s][debug][gc,phases      ] GC(190)   StringDedup Requests0 Weak     Min:  0.0, Avg:  0.0, Max:  0.0, Diff:  0.0, Sum:  0.0, Workers: 4
[6208.929s][debug][gc,phases      ] GC(190)     Dead                           Min: 0, Avg:  0.0, Max: 0, Diff: 0, Sum: 0, Workers: 4
[6208.930s][debug][gc,phases      ] GC(190)     Total                          Min: 0, Avg:  0.0, Max: 0, Diff: 0, Sum: 0, Workers: 4
[6208.930s][debug][gc,phases      ] GC(190)   StringDedup Requests1 Weak     Min:  0.0, Avg:  0.0, Max:  0.0, Diff:  0.0, Sum:  0.0, Workers: 4
[6208.930s][debug][gc,phases      ] GC(190)     Dead                           Min: 0, Avg:  0.0, Max: 0, Diff: 0, Sum: 0, Workers: 4
[6208.930s][debug][gc,phases      ] GC(190)     Total                          Min: 0, Avg:  0.0, Max: 0, Diff: 0, Sum: 0, Workers: 4
[6208.930s][debug][gc,phases      ] GC(190)   Weak JFR Old Object Samples    Min:  0.0, Avg:  0.0, Max:  0.0, Diff:  0.0, Sum:  0.0, Workers: 4
[6208.930s][debug][gc,phases      ] GC(190)     Dead                           Min: 0, Avg:  0.0, Max: 0, Diff: 0, Sum: 0, Workers: 4
[6208.930s][debug][gc,phases      ] GC(190)     Total                          Min: 0, Avg:  0.0, Max: 0, Diff: 0, Sum: 0, Workers: 4
[6208.930s][debug][gc,phases      ] GC(190) Weak Processing 0.363ms
[6208.930s][debug][gc,age         ] GC(190) Desired survivor size 66060288 bytes, new threshold 15 (max threshold 15)
[6208.930s][info ][gc,heap        ] GC(190) PSYoungGen: 2004016K(2027008K)->44624K(2032640K) Eden: 1958912K(1958912K)->0K(1966080K) From: 45104K(68096K)->44624K(66560K)
[6208.930s][info ][gc,heap        ] GC(190) ParOldGen: 598985K(675328K)->599145K(675328K)
[6208.930s][info ][gc,metaspace   ] GC(190) Metaspace: 85451K(86464K)->85451K(86464K) NonClass: 73632K(74176K)->73632K(74176K) Class: 11818K(12288K)->11818K(12288K)
[6208.930s][info ][gc             ] GC(190) Pause Young (Allocation Failure) 2541M->628M(2644M) 11.766ms
[6208.930s][info ][gc,cpu         ] GC(190) User=0.04s Sys=0.00s Real=0.01s
[6208.930s][info ][safepoint      ] Safepoint "ParallelGCFailedAllocation", Time since last: 70424928887 ns, Reaching safepoint: 38701 ns, At safepoint: 11880721 ns, Total: 11919422 ns
[6288.935s][info ][safepoint      ] Safepoint "Cleanup", Time since last: 80005106384 ns, Reaching safepoint: 51601 ns, At safepoint: 2900 ns, Total: 54501 ns
[6290.935s][info ][safepoint      ] Safepoint "Cleanup", Time since last: 2000187336 ns, Reaching safepoint: 55501 ns, At safepoint: 7400 ns, Total: 62901 ns
[6301.777s][info ][gc,start       ] GC(191) Pause Young (Allocation Failure)
[6301.788s][debug][gc,phases      ] GC(191) Scavenge 10.865ms
[6301.788s][debug][gc,ref         ] GC(191) Skipped phase 1 of Reference Processing: no references
[6301.788s][debug][gc,ref         ] GC(191) ReferenceProcessor::execute queues: 1, RefProcThreadModel::Single, marks_oops_alive: false
[6301.788s][debug][gc,ref         ] GC(191) Skipped phase 3 of Reference Processing: no references
[6301.788s][debug][gc,ref         ] GC(191) ReferenceProcessor::execute queues: 1, RefProcThreadModel::Single, marks_oops_alive: false
[6301.788s][debug][gc,phases      ] GC(191) Reference Processing 0.166ms
[6301.788s][debug][gc,phases      ] GC(191)   VM Weak                        Min:  0.0, Avg:  0.0, Max:  0.0, Diff:  0.0, Sum:  0.0, Workers: 4
[6301.788s][debug][gc,phases      ] GC(191)     Dead                           Min: 0, Avg:  0.0, Max: 0, Diff: 0, Sum: 0, Workers: 4
[6301.788s][debug][gc,phases      ] GC(191)     Total                          Min: 0, Avg: 152.2, Max: 609, Diff: 609, Sum: 609, Workers: 4
[6301.788s][debug][gc,phases      ] GC(191)   ObjectSynchronizer Weak        Min:  0.0, Avg:  0.0, Max:  0.0, Diff:  0.0, Sum:  0.0, Workers: 4
[6301.788s][debug][gc,phases      ] GC(191)     Dead                           Min: 0, Avg:  0.0, Max: 0, Diff: 0, Sum: 0, Workers: 4
[6301.788s][debug][gc,phases      ] GC(191)     Total                          Min: 0, Avg: 100.0, Max: 400, Diff: 400, Sum: 400, Workers: 4
[6301.788s][debug][gc,phases      ] GC(191)   JVMTI Tag Weak OopStorage      Min:  0.0, Avg:  0.0, Max:  0.0, Diff:  0.0, Sum:  0.0, Workers: 4
[6301.788s][debug][gc,phases      ] GC(191)     Dead                           Min: 0, Avg:  0.0, Max: 0, Diff: 0, Sum: 0, Workers: 4
[6301.788s][debug][gc,phases      ] GC(191)     Total                          Min: 0, Avg:  0.0, Max: 0, Diff: 0, Sum: 0, Workers: 4
[6301.788s][debug][gc,phases      ] GC(191)   StringTable Weak               Min:  0.1, Avg:  0.1, Max:  0.1, Diff:  0.0, Sum:  0.5, Workers: 4
[6301.788s][debug][gc,phases      ] GC(191)     Dead                           Min: 0, Avg:  0.0, Max: 0, Diff: 0, Sum: 0, Workers: 4
[6301.788s][debug][gc,phases      ] GC(191)     Total                          Min: 11840, Avg: 12233.5, Max: 12864, Diff: 1024, Sum: 48934, Workers: 4
[6301.788s][debug][gc,phases      ] GC(191)   ResolvedMethodTable Weak       Min:  0.0, Avg:  0.0, Max:  0.0, Diff:  0.0, Sum:  0.1, Workers: 4
[6301.788s][debug][gc,phases      ] GC(191)     Dead                           Min: 0, Avg:  0.0, Max: 0, Diff: 0, Sum: 0, Workers: 4
[6301.788s][debug][gc,phases      ] GC(191)     Total                          Min: 1856, Avg: 2136.0, Max: 2304, Diff: 448, Sum: 8544, Workers: 4
[6301.788s][debug][gc,phases      ] GC(191)   JNI Weak                       Min:  0.0, Avg:  0.0, Max:  0.0, Diff:  0.0, Sum:  0.0, Workers: 4
[6301.788s][debug][gc,phases      ] GC(191)     Dead                           Min: 0, Avg:  0.0, Max: 0, Diff: 0, Sum: 0, Workers: 4
[6301.788s][debug][gc,phases      ] GC(191)     Total                          Min: 0, Avg:  0.0, Max: 0, Diff: 0, Sum: 0, Workers: 4
[6301.788s][debug][gc,phases      ] GC(191)   StringDedup Table Weak         Min:  0.0, Avg:  0.0, Max:  0.0, Diff:  0.0, Sum:  0.0, Workers: 4
[6301.788s][debug][gc,phases      ] GC(191)     Dead                           Min: 0, Avg:  0.0, Max: 0, Diff: 0, Sum: 0, Workers: 4
[6301.788s][debug][gc,phases      ] GC(191)     Total                          Min: 0, Avg:  0.0, Max: 0, Diff: 0, Sum: 0, Workers: 4
[6301.788s][debug][gc,phases      ] GC(191)   StringDedup Requests0 Weak     Min:  0.0, Avg:  0.0, Max:  0.0, Diff:  0.0, Sum:  0.0, Workers: 4
[6301.788s][debug][gc,phases      ] GC(191)     Dead                           Min: 0, Avg:  0.0, Max: 0, Diff: 0, Sum: 0, Workers: 4
[6301.788s][debug][gc,phases      ] GC(191)     Total                          Min: 0, Avg:  0.0, Max: 0, Diff: 0, Sum: 0, Workers: 4
[6301.788s][debug][gc,phases      ] GC(191)   StringDedup Requests1 Weak     Min:  0.0, Avg:  0.0, Max:  0.0, Diff:  0.0, Sum:  0.0, Workers: 4
[6301.788s][debug][gc,phases      ] GC(191)     Dead                           Min: 0, Avg:  0.0, Max: 0, Diff: 0, Sum: 0, Workers: 4
[6301.788s][debug][gc,phases      ] GC(191)     Total                          Min: 0, Avg:  0.0, Max: 0, Diff: 0, Sum: 0, Workers: 4
[6301.788s][debug][gc,phases      ] GC(191)   Weak JFR Old Object Samples    Min:  0.0, Avg:  0.0, Max:  0.0, Diff:  0.0, Sum:  0.0, Workers: 4
[6301.788s][debug][gc,phases      ] GC(191)     Dead                           Min: 0, Avg:  0.0, Max: 0, Diff: 0, Sum: 0, Workers: 4
[6301.788s][debug][gc,phases      ] GC(191)     Total                          Min: 0, Avg:  0.0, Max: 0, Diff: 0, Sum: 0, Workers: 4
[6301.788s][debug][gc,phases      ] GC(191) Weak Processing 0.356ms
[6301.788s][debug][gc,age         ] GC(191) Desired survivor size 66060288 bytes, new threshold 15 (max threshold 15)
[6301.788s][info ][gc,heap        ] GC(191) PSYoungGen: 2010704K(2032640K)->30944K(2030592K) Eden: 1966080K(1966080K)->0K(1966080K) From: 44624K(66560K)->30944K(64512K)
[6301.788s][info ][gc,heap        ] GC(191) ParOldGen: 599145K(675328K)->614313K(675328K)
[6301.788s][info ][gc,metaspace   ] GC(191) Metaspace: 85455K(86464K)->85455K(86464K) NonClass: 73636K(74176K)->73636K(74176K) Class: 11819K(12288K)->11819K(12288K)
[6301.788s][info ][gc             ] GC(191) Pause Young (Allocation Failure) 2548M->630M(2642M) 11.529ms
[6301.788s][info ][gc,cpu         ] GC(191) User=0.05s Sys=0.00s Real=0.01s
[6301.788s][info ][safepoint      ] Safepoint "ParallelGCFailedAllocation", Time since last: 10841551727 ns, Reaching safepoint: 75602 ns, At safepoint: 11637016 ns, Total: 11712618 ns
[6330.790s][info ][safepoint      ] Safepoint "Cleanup", Time since last: 29001774685 ns, Reaching safepoint: 58501 ns, At safepoint: 4600 ns, Total: 63101 ns
[6390.794s][info ][safepoint      ] Safepoint "Cleanup", Time since last: 60004044647 ns, Reaching safepoint: 49800 ns, At safepoint: 7201 ns, Total: 57001 ns
[6401.115s][info ][gc,start       ] GC(192) Pause Young (Allocation Failure)
[6401.125s][debug][gc,phases      ] GC(192) Scavenge 9.365ms
[6401.125s][debug][gc,ref         ] GC(192) Skipped phase 1 of Reference Processing: no references
[6401.125s][debug][gc,ref         ] GC(192) ReferenceProcessor::execute queues: 1, RefProcThreadModel::Single, marks_oops_alive: false
[6401.125s][debug][gc,ref         ] GC(192) Skipped phase 3 of Reference Processing: no references
[6401.125s][debug][gc,ref         ] GC(192) ReferenceProcessor::execute queues: 1, RefProcThreadModel::Single, marks_oops_alive: false
[6401.125s][debug][gc,phases      ] GC(192) Reference Processing 0.179ms
[6401.125s][debug][gc,phases      ] GC(192)   VM Weak                        Min:  0.0, Avg:  0.0, Max:  0.0, Diff:  0.0, Sum:  0.0, Workers: 4
[6401.125s][debug][gc,phases      ] GC(192)     Dead                           Min: 0, Avg:  0.0, Max: 0, Diff: 0, Sum: 0, Workers: 4
[6401.125s][debug][gc,phases      ] GC(192)     Total                          Min: 0, Avg: 152.2, Max: 609, Diff: 609, Sum: 609, Workers: 4
[6401.125s][debug][gc,phases      ] GC(192)   ObjectSynchronizer Weak        Min:  0.0, Avg:  0.0, Max:  0.0, Diff:  0.0, Sum:  0.0, Workers: 4
[6401.125s][debug][gc,phases      ] GC(192)     Dead                           Min: 0, Avg:  0.0, Max: 0, Diff: 0, Sum: 0, Workers: 4
[6401.125s][debug][gc,phases      ] GC(192)     Total                          Min: 0, Avg: 100.0, Max: 208, Diff: 208, Sum: 400, Workers: 4
[6401.125s][debug][gc,phases      ] GC(192)   JVMTI Tag Weak OopStorage      Min:  0.0, Avg:  0.0, Max:  0.0, Diff:  0.0, Sum:  0.0, Workers: 4
[6401.125s][debug][gc,phases      ] GC(192)     Dead                           Min: 0, Avg:  0.0, Max: 0, Diff: 0, Sum: 0, Workers: 4
[6401.125s][debug][gc,phases      ] GC(192)     Total                          Min: 0, Avg:  0.0, Max: 0, Diff: 0, Sum: 0, Workers: 4
[6401.125s][debug][gc,phases      ] GC(192)   StringTable Weak               Min:  0.1, Avg:  0.1, Max:  0.1, Diff:  0.1, Sum:  0.5, Workers: 4
[6401.125s][debug][gc,phases      ] GC(192)     Dead                           Min: 0, Avg:  0.0, Max: 0, Diff: 0, Sum: 0, Workers: 4
[6401.125s][debug][gc,phases      ] GC(192)     Total                          Min: 5670, Avg: 12233.5, Max: 14848, Diff: 9178, Sum: 48934, Workers: 4
[6401.125s][debug][gc,phases      ] GC(192)   ResolvedMethodTable Weak       Min:  0.0, Avg:  0.0, Max:  0.0, Diff:  0.0, Sum:  0.1, Workers: 4
[6401.125s][debug][gc,phases      ] GC(192)     Dead                           Min: 0, Avg:  0.0, Max: 0, Diff: 0, Sum: 0, Workers: 4
[6401.125s][debug][gc,phases      ] GC(192)     Total                          Min: 2048, Avg: 2136.0, Max: 2208, Diff: 160, Sum: 8544, Workers: 4
[6401.125s][debug][gc,phases      ] GC(192)   JNI Weak                       Min:  0.0, Avg:  0.0, Max:  0.0, Diff:  0.0, Sum:  0.0, Workers: 4
[6401.125s][debug][gc,phases      ] GC(192)     Dead                           Min: 0, Avg:  0.0, Max: 0, Diff: 0, Sum: 0, Workers: 4
[6401.125s][debug][gc,phases      ] GC(192)     Total                          Min: 0, Avg:  0.0, Max: 0, Diff: 0, Sum: 0, Workers: 4
[6401.125s][debug][gc,phases      ] GC(192)   StringDedup Table Weak         Min:  0.0, Avg:  0.0, Max:  0.0, Diff:  0.0, Sum:  0.0, Workers: 4
[6401.125s][debug][gc,phases      ] GC(192)     Dead                           Min: 0, Avg:  0.0, Max: 0, Diff: 0, Sum: 0, Workers: 4
[6401.125s][debug][gc,phases      ] GC(192)     Total                          Min: 0, Avg:  0.0, Max: 0, Diff: 0, Sum: 0, Workers: 4
[6401.125s][debug][gc,phases      ] GC(192)   StringDedup Requests0 Weak     Min:  0.0, Avg:  0.0, Max:  0.0, Diff:  0.0, Sum:  0.0, Workers: 4
[6401.125s][debug][gc,phases      ] GC(192)     Dead                           Min: 0, Avg:  0.0, Max: 0, Diff: 0, Sum: 0, Workers: 4
[6401.126s][debug][gc,phases      ] GC(192)     Total                          Min: 0, Avg:  0.0, Max: 0, Diff: 0, Sum: 0, Workers: 4
[6401.126s][debug][gc,phases      ] GC(192)   StringDedup Requests1 Weak     Min:  0.0, Avg:  0.0, Max:  0.0, Diff:  0.0, Sum:  0.0, Workers: 4
[6401.126s][debug][gc,phases      ] GC(192)     Dead                           Min: 0, Avg:  0.0, Max: 0, Diff: 0, Sum: 0, Workers: 4
[6401.126s][debug][gc,phases      ] GC(192)     Total                          Min: 0, Avg:  0.0, Max: 0, Diff: 0, Sum: 0, Workers: 4
[6401.126s][debug][gc,phases      ] GC(192)   Weak JFR Old Object Samples    Min:  0.0, Avg:  0.0, Max:  0.0, Diff:  0.0, Sum:  0.0, Workers: 4
[6401.126s][debug][gc,phases      ] GC(192)     Dead                           Min: 0, Avg:  0.0, Max: 0, Diff: 0, Sum: 0, Workers: 4
[6401.126s][debug][gc,phases      ] GC(192)     Total                          Min: 0, Avg:  0.0, Max: 0, Diff: 0, Sum: 0, Workers: 4
[6401.126s][debug][gc,phases      ] GC(192) Weak Processing 0.808ms
[6401.126s][debug][gc,age         ] GC(192) Desired survivor size 67633152 bytes, new threshold 15 (max threshold 15)
[6401.126s][info ][gc,heap        ] GC(192) PSYoungGen: 1997024K(2030592K)->20400K(2029568K) Eden: 1966080K(1966080K)->0K(1965056K) From: 30944K(64512K)->20400K(64512K)
[6401.126s][info ][gc,heap        ] GC(192) ParOldGen: 614313K(675328K)->625697K(675328K)
[6401.126s][info ][gc,metaspace   ] GC(192) Metaspace: 85457K(86464K)->85457K(86464K) NonClass: 73638K(74176K)->73638K(74176K) Class: 11819K(12288K)->11819K(12288K)
[6401.126s][info ][gc             ] GC(192) Pause Young (Allocation Failure) 2550M->630M(2641M) 10.517ms
[6401.126s][info ][gc,cpu         ] GC(192) User=0.04s Sys=0.00s Real=0.01s
[6401.126s][info ][safepoint      ] Safepoint "ParallelGCFailedAllocation", Time since last: 10320760508 ns, Reaching safepoint: 50101 ns, At safepoint: 10616397 ns, Total: 10666498 ns
[6425.127s][info ][safepoint      ] Safepoint "Cleanup", Time since last: 24001661852 ns, Reaching safepoint: 109902 ns, At safepoint: 29001 ns, Total: 138903 ns
[6426.128s][info ][safepoint      ] Safepoint "Cleanup", Time since last: 1000100415 ns, Reaching safepoint: 127102 ns, At safepoint: 6100 ns, Total: 133202 ns
[6427.128s][info ][safepoint      ] Safepoint "Cleanup", Time since last: 1000112116 ns, Reaching safepoint: 119202 ns, At safepoint: 7400 ns, Total: 126602 ns
[6444.129s][info ][safepoint      ] Safepoint "Cleanup", Time since last: 17001360845 ns, Reaching safepoint: 120003 ns, At safepoint: 9700 ns, Total: 129703 ns
[6452.130s][info ][safepoint      ] Safepoint "Cleanup", Time since last: 8000591012 ns, Reaching safepoint: 115502 ns, At safepoint: 31501 ns, Total: 147003 ns
[6462.131s][info ][safepoint      ] Safepoint "Cleanup", Time since last: 10000679638 ns, Reaching safepoint: 39501 ns, At safepoint: 3000 ns, Total: 42501 ns
[6501.633s][info ][gc,start       ] GC(193) Pause Young (Allocation Failure)
[6501.639s][debug][gc,phases      ] GC(193) Scavenge 5.723ms
[6501.639s][debug][gc,ref         ] GC(193) Skipped phase 1 of Reference Processing: no references
[6501.639s][debug][gc,ref         ] GC(193) ReferenceProcessor::execute queues: 1, RefProcThreadModel::Single, marks_oops_alive: false
[6501.639s][debug][gc,ref         ] GC(193) Skipped phase 3 of Reference Processing: no references
[6501.639s][debug][gc,ref         ] GC(193) ReferenceProcessor::execute queues: 1, RefProcThreadModel::Single, marks_oops_alive: false
[6501.639s][debug][gc,phases      ] GC(193) Reference Processing 0.141ms
[6501.639s][debug][gc,phases      ] GC(193)   VM Weak                        Min:  0.0, Avg:  0.0, Max:  0.0, Diff:  0.0, Sum:  0.0, Workers: 4
[6501.639s][debug][gc,phases      ] GC(193)     Dead                           Min: 0, Avg:  0.0, Max: 0, Diff: 0, Sum: 0, Workers: 4
[6501.639s][debug][gc,phases      ] GC(193)     Total                          Min: 0, Avg: 152.2, Max: 363, Diff: 363, Sum: 609, Workers: 4
[6501.639s][debug][gc,phases      ] GC(193)   ObjectSynchronizer Weak        Min:  0.0, Avg:  0.0, Max:  0.0, Diff:  0.0, Sum:  0.0, Workers: 4
[6501.639s][debug][gc,phases      ] GC(193)     Dead                           Min: 0, Avg:  0.0, Max: 0, Diff: 0, Sum: 0, Workers: 4
[6501.639s][debug][gc,phases      ] GC(193)     Total                          Min: 16, Avg: 100.0, Max: 128, Diff: 112, Sum: 400, Workers: 4
[6501.639s][debug][gc,phases      ] GC(193)   JVMTI Tag Weak OopStorage      Min:  0.0, Avg:  0.0, Max:  0.0, Diff:  0.0, Sum:  0.0, Workers: 4
[6501.639s][debug][gc,phases      ] GC(193)     Dead                           Min: 0, Avg:  0.0, Max: 0, Diff: 0, Sum: 0, Workers: 4
[6501.639s][debug][gc,phases      ] GC(193)     Total                          Min: 0, Avg:  0.0, Max: 0, Diff: 0, Sum: 0, Workers: 4
[6501.639s][debug][gc,phases      ] GC(193)   StringTable Weak               Min:  0.1, Avg:  0.1, Max:  0.1, Diff:  0.0, Sum:  0.5, Workers: 4
[6501.639s][debug][gc,phases      ] GC(193)     Dead                           Min: 0, Avg:  0.0, Max: 0, Diff: 0, Sum: 0, Workers: 4
[6501.639s][debug][gc,phases      ] GC(193)     Total                          Min: 11200, Avg: 12233.5, Max: 12864, Diff: 1664, Sum: 48934, Workers: 4
[6501.639s][debug][gc,phases      ] GC(193)   ResolvedMethodTable Weak       Min:  0.0, Avg:  0.0, Max:  0.0, Diff:  0.0, Sum:  0.1, Workers: 4
[6501.639s][debug][gc,phases      ] GC(193)     Dead                           Min: 0, Avg:  0.0, Max: 0, Diff: 0, Sum: 0, Workers: 4
[6501.639s][debug][gc,phases      ] GC(193)     Total                          Min: 2016, Avg: 2136.0, Max: 2368, Diff: 352, Sum: 8544, Workers: 4
[6501.639s][debug][gc,phases      ] GC(193)   JNI Weak                       Min:  0.0, Avg:  0.0, Max:  0.0, Diff:  0.0, Sum:  0.0, Workers: 4
[6501.639s][debug][gc,phases      ] GC(193)     Dead                           Min: 0, Avg:  0.0, Max: 0, Diff: 0, Sum: 0, Workers: 4
[6501.639s][debug][gc,phases      ] GC(193)     Total                          Min: 0, Avg:  0.0, Max: 0, Diff: 0, Sum: 0, Workers: 4
[6501.639s][debug][gc,phases      ] GC(193)   StringDedup Table Weak         Min:  0.0, Avg:  0.0, Max:  0.0, Diff:  0.0, Sum:  0.0, Workers: 4
[6501.639s][debug][gc,phases      ] GC(193)     Dead                           Min: 0, Avg:  0.0, Max: 0, Diff: 0, Sum: 0, Workers: 4
[6501.639s][debug][gc,phases      ] GC(193)     Total                          Min: 0, Avg:  0.0, Max: 0, Diff: 0, Sum: 0, Workers: 4
[6501.639s][debug][gc,phases      ] GC(193)   StringDedup Requests0 Weak     Min:  0.0, Avg:  0.0, Max:  0.0, Diff:  0.0, Sum:  0.0, Workers: 4
[6501.639s][debug][gc,phases      ] GC(193)     Dead                           Min: 0, Avg:  0.0, Max: 0, Diff: 0, Sum: 0, Workers: 4
[6501.639s][debug][gc,phases      ] GC(193)     Total                          Min: 0, Avg:  0.0, Max: 0, Diff: 0, Sum: 0, Workers: 4
[6501.639s][debug][gc,phases      ] GC(193)   StringDedup Requests1 Weak     Min:  0.0, Avg:  0.0, Max:  0.0, Diff:  0.0, Sum:  0.0, Workers: 4
[6501.639s][debug][gc,phases      ] GC(193)     Dead                           Min: 0, Avg:  0.0, Max: 0, Diff: 0, Sum: 0, Workers: 4
[6501.639s][debug][gc,phases      ] GC(193)     Total                          Min: 0, Avg:  0.0, Max: 0, Diff: 0, Sum: 0, Workers: 4
[6501.639s][debug][gc,phases      ] GC(193)   Weak JFR Old Object Samples    Min:  0.0, Avg:  0.0, Max:  0.0, Diff:  0.0, Sum:  0.0, Workers: 4
[6501.639s][debug][gc,phases      ] GC(193)     Dead                           Min: 0, Avg:  0.0, Max: 0, Diff: 0, Sum: 0, Workers: 4
[6501.639s][debug][gc,phases      ] GC(193)     Total                          Min: 0, Avg:  0.0, Max: 0, Diff: 0, Sum: 0, Workers: 4
[6501.639s][debug][gc,phases      ] GC(193) Weak Processing 0.369ms
[6501.639s][debug][gc,age         ] GC(193) Desired survivor size 68681728 bytes, new threshold 15 (max threshold 15)
[6501.639s][info ][gc,heap        ] GC(193) PSYoungGen: 1985456K(2029568K)->20512K(1986048K) Eden: 1965056K(1965056K)->0K(1965056K) From: 20400K(64512K)->20512K(20992K)
[6501.639s][info ][gc,heap        ] GC(193) ParOldGen: 625697K(675328K)->625745K(675328K)
[6501.639s][info ][gc,metaspace   ] GC(193) Metaspace: 85457K(86464K)->85457K(86464K) NonClass: 73638K(74176K)->73638K(74176K) Class: 11819K(12288K)->11819K(12288K)
[6501.639s][info ][gc             ] GC(193) Pause Young (Allocation Failure) 2549M->631M(2599M) 6.367ms
[6501.639s][info ][gc,cpu         ] GC(193) User=0.03s Sys=0.00s Real=0.01s
[6501.639s][info ][safepoint      ] Safepoint "ParallelGCFailedAllocation", Time since last: 39501889612 ns, Reaching safepoint: 41801 ns, At safepoint: 6449820 ns, Total: 6491621 ns
[6505.640s][info ][safepoint      ] Safepoint "Cleanup", Time since last: 4000236651 ns, Reaching safepoint: 44201 ns, At safepoint: 2700 ns, Total: 46901 ns
[6602.664s][info ][gc,start       ] GC(194) Pause Young (Allocation Failure)
[6602.671s][debug][gc,phases      ] GC(194) Scavenge 6.496ms
[6602.671s][debug][gc,ref         ] GC(194) Skipped phase 1 of Reference Processing: no references
[6602.671s][debug][gc,ref         ] GC(194) ReferenceProcessor::execute queues: 1, RefProcThreadModel::Single, marks_oops_alive: false
[6602.671s][debug][gc,ref         ] GC(194) Skipped phase 3 of Reference Processing: no references
[6602.671s][debug][gc,ref         ] GC(194) ReferenceProcessor::execute queues: 1, RefProcThreadModel::Single, marks_oops_alive: false
[6602.671s][debug][gc,phases      ] GC(194) Reference Processing 0.143ms
[6602.671s][debug][gc,phases      ] GC(194)   VM Weak                        Min:  0.0, Avg:  0.0, Max:  0.0, Diff:  0.0, Sum:  0.0, Workers: 4
[6602.671s][debug][gc,phases      ] GC(194)     Dead                           Min: 0, Avg:  0.0, Max: 0, Diff: 0, Sum: 0, Workers: 4
[6602.671s][debug][gc,phases      ] GC(194)     Total                          Min: 0, Avg: 152.2, Max: 574, Diff: 574, Sum: 609, Workers: 4
[6602.671s][debug][gc,phases      ] GC(194)   ObjectSynchronizer Weak        Min:  0.0, Avg:  0.0, Max:  0.0, Diff:  0.0, Sum:  0.0, Workers: 4
[6602.671s][debug][gc,phases      ] GC(194)     Dead                           Min: 0, Avg:  0.0, Max: 0, Diff: 0, Sum: 0, Workers: 4
[6602.671s][debug][gc,phases      ] GC(194)     Total                          Min: 0, Avg: 100.0, Max: 208, Diff: 208, Sum: 400, Workers: 4
[6602.671s][debug][gc,phases      ] GC(194)   JVMTI Tag Weak OopStorage      Min:  0.0, Avg:  0.0, Max:  0.0, Diff:  0.0, Sum:  0.0, Workers: 4
[6602.671s][debug][gc,phases      ] GC(194)     Dead                           Min: 0, Avg:  0.0, Max: 0, Diff: 0, Sum: 0, Workers: 4
[6602.671s][debug][gc,phases      ] GC(194)     Total                          Min: 0, Avg:  0.0, Max: 0, Diff: 0, Sum: 0, Workers: 4
[6602.671s][debug][gc,phases      ] GC(194)   StringTable Weak               Min:  0.1, Avg:  0.1, Max:  0.1, Diff:  0.0, Sum:  0.4, Workers: 4
[6602.671s][debug][gc,phases      ] GC(194)     Dead                           Min: 0, Avg:  0.0, Max: 0, Diff: 0, Sum: 0, Workers: 4
[6602.671s][debug][gc,phases      ] GC(194)     Total                          Min: 11840, Avg: 12233.5, Max: 13056, Diff: 1216, Sum: 48934, Workers: 4
[6602.671s][debug][gc,phases      ] GC(194)   ResolvedMethodTable Weak       Min:  0.0, Avg:  0.0, Max:  0.0, Diff:  0.0, Sum:  0.1, Workers: 4
[6602.671s][debug][gc,phases      ] GC(194)     Dead                           Min: 0, Avg:  0.0, Max: 0, Diff: 0, Sum: 0, Workers: 4
[6602.671s][debug][gc,phases      ] GC(194)     Total                          Min: 2048, Avg: 2136.0, Max: 2208, Diff: 160, Sum: 8544, Workers: 4
[6602.671s][debug][gc,phases      ] GC(194)   JNI Weak                       Min:  0.0, Avg:  0.0, Max:  0.0, Diff:  0.0, Sum:  0.0, Workers: 4
[6602.671s][debug][gc,phases      ] GC(194)     Dead                           Min: 0, Avg:  0.0, Max: 0, Diff: 0, Sum: 0, Workers: 4
[6602.671s][debug][gc,phases      ] GC(194)     Total                          Min: 0, Avg:  0.0, Max: 0, Diff: 0, Sum: 0, Workers: 4
[6602.671s][debug][gc,phases      ] GC(194)   StringDedup Table Weak         Min:  0.0, Avg:  0.0, Max:  0.0, Diff:  0.0, Sum:  0.0, Workers: 4
[6602.671s][debug][gc,phases      ] GC(194)     Dead                           Min: 0, Avg:  0.0, Max: 0, Diff: 0, Sum: 0, Workers: 4
[6602.671s][debug][gc,phases      ] GC(194)     Total                          Min: 0, Avg:  0.0, Max: 0, Diff: 0, Sum: 0, Workers: 4
[6602.671s][debug][gc,phases      ] GC(194)   StringDedup Requests0 Weak     Min:  0.0, Avg:  0.0, Max:  0.0, Diff:  0.0, Sum:  0.0, Workers: 4
[6602.671s][debug][gc,phases      ] GC(194)     Dead                           Min: 0, Avg:  0.0, Max: 0, Diff: 0, Sum: 0, Workers: 4
[6602.671s][debug][gc,phases      ] GC(194)     Total                          Min: 0, Avg:  0.0, Max: 0, Diff: 0, Sum: 0, Workers: 4
[6602.671s][debug][gc,phases      ] GC(194)   StringDedup Requests1 Weak     Min:  0.0, Avg:  0.0, Max:  0.0, Diff:  0.0, Sum:  0.0, Workers: 4
[6602.671s][debug][gc,phases      ] GC(194)     Dead                           Min: 0, Avg:  0.0, Max: 0, Diff: 0, Sum: 0, Workers: 4
[6602.671s][debug][gc,phases      ] GC(194)     Total                          Min: 0, Avg:  0.0, Max: 0, Diff: 0, Sum: 0, Workers: 4
[6602.671s][debug][gc,phases      ] GC(194)   Weak JFR Old Object Samples    Min:  0.0, Avg:  0.0, Max:  0.0, Diff:  0.0, Sum:  0.0, Workers: 4
[6602.671s][debug][gc,phases      ] GC(194)     Dead                           Min: 0, Avg:  0.0, Max: 0, Diff: 0, Sum: 0, Workers: 4
[6602.671s][debug][gc,phases      ] GC(194)     Total                          Min: 0, Avg:  0.0, Max: 0, Diff: 0, Sum: 0, Workers: 4
[6602.671s][debug][gc,phases      ] GC(194) Weak Processing 0.344ms
[6602.671s][debug][gc,age         ] GC(194) Desired survivor size 70254592 bytes, new threshold 15 (max threshold 15)
[6602.671s][info ][gc,heap        ] GC(194) PSYoungGen: 1985568K(1986048K)->11328K(2027008K) Eden: 1965056K(1965056K)->0K(1959936K) From: 20512K(20992K)->11328K(67072K)
[6602.671s][info ][gc,heap        ] GC(194) ParOldGen: 625745K(675328K)->635717K(675328K)
[6602.671s][info ][gc,metaspace   ] GC(194) Metaspace: 85460K(86464K)->85460K(86464K) NonClass: 73641K(74176K)->73641K(74176K) Class: 11819K(12288K)->11819K(12288K)
[6602.671s][info ][gc             ] GC(194) Pause Young (Allocation Failure) 2550M->631M(2639M) 7.118ms
[6602.671s][info ][gc,cpu         ] GC(194) User=0.02s Sys=0.00s Real=0.01s
[6602.671s][info ][safepoint      ] Safepoint "ParallelGCFailedAllocation", Time since last: 97024273207 ns, Reaching safepoint: 57801 ns, At safepoint: 7234034 ns, Total: 7291835 ns
[6613.672s][info ][safepoint      ] Safepoint "Cleanup", Time since last: 11000761225 ns, Reaching safepoint: 48801 ns, At safepoint: 4200 ns, Total: 53001 ns
[6616.672s][info ][safepoint      ] Safepoint "Cleanup", Time since last: 3000235135 ns, Reaching safepoint: 50100 ns, At safepoint: 3201 ns, Total: 53301 ns
[6621.673s][info ][safepoint      ] Safepoint "Cleanup", Time since last: 5000411657 ns, Reaching safepoint: 54801 ns, At safepoint: 6500 ns, Total: 61301 ns
[6700.304s][info ][gc,start       ] GC(195) Pause Young (Allocation Failure)
[6700.308s][debug][gc,phases      ] GC(195) Scavenge 3.867ms
[6700.308s][debug][gc,ref         ] GC(195) Skipped phase 1 of Reference Processing: no references
[6700.308s][debug][gc,ref         ] GC(195) ReferenceProcessor::execute queues: 1, RefProcThreadModel::Single, marks_oops_alive: false
[6700.308s][debug][gc,ref         ] GC(195) Skipped phase 3 of Reference Processing: no references
[6700.308s][debug][gc,ref         ] GC(195) ReferenceProcessor::execute queues: 1, RefProcThreadModel::Single, marks_oops_alive: false
[6700.308s][debug][gc,phases      ] GC(195) Reference Processing 0.150ms
[6700.308s][debug][gc,phases      ] GC(195)   VM Weak                        Min:  0.0, Avg:  0.0, Max:  0.0, Diff:  0.0, Sum:  0.0, Workers: 4
[6700.308s][debug][gc,phases      ] GC(195)     Dead                           Min: 0, Avg:  0.0, Max: 0, Diff: 0, Sum: 0, Workers: 4
[6700.308s][debug][gc,phases      ] GC(195)     Total                          Min: 0, Avg: 152.2, Max: 363, Diff: 363, Sum: 609, Workers: 4
[6700.308s][debug][gc,phases      ] GC(195)   ObjectSynchronizer Weak        Min:  0.0, Avg:  0.0, Max:  0.0, Diff:  0.0, Sum:  0.0, Workers: 4
[6700.308s][debug][gc,phases      ] GC(195)     Dead                           Min: 0, Avg:  0.0, Max: 0, Diff: 0, Sum: 0, Workers: 4
[6700.308s][debug][gc,phases      ] GC(195)     Total                          Min: 0, Avg: 100.0, Max: 208, Diff: 208, Sum: 400, Workers: 4
[6700.308s][debug][gc,phases      ] GC(195)   JVMTI Tag Weak OopStorage      Min:  0.0, Avg:  0.0, Max:  0.0, Diff:  0.0, Sum:  0.0, Workers: 4
[6700.308s][debug][gc,phases      ] GC(195)     Dead                           Min: 0, Avg:  0.0, Max: 0, Diff: 0, Sum: 0, Workers: 4
[6700.308s][debug][gc,phases      ] GC(195)     Total                          Min: 0, Avg:  0.0, Max: 0, Diff: 0, Sum: 0, Workers: 4
[6700.308s][debug][gc,phases      ] GC(195)   StringTable Weak               Min:  0.1, Avg:  0.1, Max:  0.1, Diff:  0.0, Sum:  0.4, Workers: 4
[6700.308s][debug][gc,phases      ] GC(195)     Dead                           Min: 0, Avg:  0.0, Max: 0, Diff: 0, Sum: 0, Workers: 4
[6700.308s][debug][gc,phases      ] GC(195)     Total                          Min: 11238, Avg: 12233.5, Max: 12928, Diff: 1690, Sum: 48934, Workers: 4
[6700.308s][debug][gc,phases      ] GC(195)   ResolvedMethodTable Weak       Min:  0.0, Avg:  0.0, Max:  0.0, Diff:  0.0, Sum:  0.1, Workers: 4
[6700.308s][debug][gc,phases      ] GC(195)     Dead                           Min: 0, Avg:  0.0, Max: 0, Diff: 0, Sum: 0, Workers: 4
[6700.308s][debug][gc,phases      ] GC(195)     Total                          Min: 1984, Avg: 2136.0, Max: 2336, Diff: 352, Sum: 8544, Workers: 4
[6700.308s][debug][gc,phases      ] GC(195)   JNI Weak                       Min:  0.0, Avg:  0.0, Max:  0.0, Diff:  0.0, Sum:  0.0, Workers: 4
[6700.308s][debug][gc,phases      ] GC(195)     Dead                           Min: 0, Avg:  0.0, Max: 0, Diff: 0, Sum: 0, Workers: 4
[6700.308s][debug][gc,phases      ] GC(195)     Total                          Min: 0, Avg:  0.0, Max: 0, Diff: 0, Sum: 0, Workers: 4
[6700.308s][debug][gc,phases      ] GC(195)   StringDedup Table Weak         Min:  0.0, Avg:  0.0, Max:  0.0, Diff:  0.0, Sum:  0.0, Workers: 4
[6700.308s][debug][gc,phases      ] GC(195)     Dead                           Min: 0, Avg:  0.0, Max: 0, Diff: 0, Sum: 0, Workers: 4
[6700.308s][debug][gc,phases      ] GC(195)     Total                          Min: 0, Avg:  0.0, Max: 0, Diff: 0, Sum: 0, Workers: 4
[6700.308s][debug][gc,phases      ] GC(195)   StringDedup Requests0 Weak     Min:  0.0, Avg:  0.0, Max:  0.0, Diff:  0.0, Sum:  0.0, Workers: 4
[6700.309s][debug][gc,phases      ] GC(195)     Dead                           Min: 0, Avg:  0.0, Max: 0, Diff: 0, Sum: 0, Workers: 4
[6700.309s][debug][gc,phases      ] GC(195)     Total                          Min: 0, Avg:  0.0, Max: 0, Diff: 0, Sum: 0, Workers: 4
[6700.309s][debug][gc,phases      ] GC(195)   StringDedup Requests1 Weak     Min:  0.0, Avg:  0.0, Max:  0.0, Diff:  0.0, Sum:  0.0, Workers: 4
[6700.309s][debug][gc,phases      ] GC(195)     Dead                           Min: 0, Avg:  0.0, Max: 0, Diff: 0, Sum: 0, Workers: 4
[6700.309s][debug][gc,phases      ] GC(195)     Total                          Min: 0, Avg:  0.0, Max: 0, Diff: 0, Sum: 0, Workers: 4
[6700.309s][debug][gc,phases      ] GC(195)   Weak JFR Old Object Samples    Min:  0.0, Avg:  0.0, Max:  0.0, Diff:  0.0, Sum:  0.0, Workers: 4
[6700.309s][debug][gc,phases      ] GC(195)     Dead                           Min: 0, Avg:  0.0, Max: 0, Diff: 0, Sum: 0, Workers: 4
[6700.309s][debug][gc,phases      ] GC(195)     Total                          Min: 0, Avg:  0.0, Max: 0, Diff: 0, Sum: 0, Workers: 4
[6700.309s][debug][gc,phases      ] GC(195) Weak Processing 0.325ms
[6700.309s][debug][gc,age         ] GC(195) Desired survivor size 71303168 bytes, new threshold 15 (max threshold 15)
[6700.309s][info ][gc,heap        ] GC(195) PSYoungGen: 1971264K(2027008K)->11312K(1971712K) Eden: 1959936K(1959936K)->0K(1959936K) From: 11328K(67072K)->11312K(11776K)
[6700.309s][info ][gc,heap        ] GC(195) ParOldGen: 635717K(675328K)->635829K(675328K)
[6700.309s][info ][gc,metaspace   ] GC(195) Metaspace: 85461K(86464K)->85461K(86464K) NonClass: 73642K(74176K)->73642K(74176K) Class: 11819K(12288K)->11819K(12288K)
[6700.309s][info ][gc             ] GC(195) Pause Young (Allocation Failure) 2545M->631M(2585M) 4.482ms
[6700.309s][info ][gc,cpu         ] GC(195) User=0.01s Sys=0.00s Real=0.00s
[6700.309s][info ][safepoint      ] Safepoint "ParallelGCFailedAllocation", Time since last: 78631268679 ns, Reaching safepoint: 50801 ns, At safepoint: 4609485 ns, Total: 4660286 ns
[6709.309s][info ][safepoint      ] Safepoint "Cleanup", Time since last: 9000672393 ns, Reaching safepoint: 51000 ns, At safepoint: 4501 ns, Total: 55501 ns
[6744.312s][info ][safepoint      ] Safepoint "Cleanup", Time since last: 35002333342 ns, Reaching safepoint: 55101 ns, At safepoint: 7300 ns, Total: 62401 ns
[6755.313s][info ][safepoint      ] Safepoint "Cleanup", Time since last: 11000804000 ns, Reaching safepoint: 51001 ns, At safepoint: 27400 ns, Total: 78401 ns
[6768.314s][info ][safepoint      ] Safepoint "Cleanup", Time since last: 13000988046 ns, Reaching safepoint: 62901 ns, At safepoint: 9500 ns, Total: 72401 ns
[6794.179s][info ][gc,start       ] GC(196) Pause Young (Allocation Failure)
[6794.186s][debug][gc,phases      ] GC(196) Scavenge 6.556ms
[6794.186s][debug][gc,ref         ] GC(196) Skipped phase 1 of Reference Processing: no references
[6794.186s][debug][gc,ref         ] GC(196) ReferenceProcessor::execute queues: 1, RefProcThreadModel::Single, marks_oops_alive: false
[6794.186s][debug][gc,ref         ] GC(196) Skipped phase 3 of Reference Processing: no references
[6794.186s][debug][gc,ref         ] GC(196) ReferenceProcessor::execute queues: 1, RefProcThreadModel::Single, marks_oops_alive: false
[6794.186s][debug][gc,phases      ] GC(196) Reference Processing 0.166ms
[6794.186s][debug][gc,phases      ] GC(196)   VM Weak                        Min:  0.0, Avg:  0.0, Max:  0.0, Diff:  0.0, Sum:  0.0, Workers: 4
[6794.186s][debug][gc,phases      ] GC(196)     Dead                           Min: 0, Avg:  0.0, Max: 0, Diff: 0, Sum: 0, Workers: 4
[6794.186s][debug][gc,phases      ] GC(196)     Total                          Min: 0, Avg: 152.5, Max: 392, Diff: 392, Sum: 610, Workers: 4
[6794.186s][debug][gc,phases      ] GC(196)   ObjectSynchronizer Weak        Min:  0.0, Avg:  0.0, Max:  0.0, Diff:  0.0, Sum:  0.0, Workers: 4
[6794.186s][debug][gc,phases      ] GC(196)     Dead                           Min: 0, Avg:  0.0, Max: 0, Diff: 0, Sum: 0, Workers: 4
[6794.186s][debug][gc,phases      ] GC(196)     Total                          Min: 0, Avg: 100.0, Max: 208, Diff: 208, Sum: 400, Workers: 4
[6794.186s][debug][gc,phases      ] GC(196)   JVMTI Tag Weak OopStorage      Min:  0.0, Avg:  0.0, Max:  0.0, Diff:  0.0, Sum:  0.0, Workers: 4
[6794.186s][debug][gc,phases      ] GC(196)     Dead                           Min: 0, Avg:  0.0, Max: 0, Diff: 0, Sum: 0, Workers: 4
[6794.186s][debug][gc,phases      ] GC(196)     Total                          Min: 0, Avg:  0.0, Max: 0, Diff: 0, Sum: 0, Workers: 4
[6794.186s][debug][gc,phases      ] GC(196)   StringTable Weak               Min:  0.1, Avg:  0.1, Max:  0.1, Diff:  0.0, Sum:  0.5, Workers: 4
[6794.186s][debug][gc,phases      ] GC(196)     Dead                           Min: 0, Avg:  0.0, Max: 0, Diff: 0, Sum: 0, Workers: 4
[6794.186s][debug][gc,phases      ] GC(196)     Total                          Min: 10880, Avg: 12233.8, Max: 13376, Diff: 2496, Sum: 48935, Workers: 4
[6794.186s][debug][gc,phases      ] GC(196)   ResolvedMethodTable Weak       Min:  0.0, Avg:  0.0, Max:  0.0, Diff:  0.0, Sum:  0.1, Workers: 4
[6794.186s][debug][gc,phases      ] GC(196)     Dead                           Min: 0, Avg:  0.0, Max: 0, Diff: 0, Sum: 0, Workers: 4
[6794.186s][debug][gc,phases      ] GC(196)     Total                          Min: 1856, Avg: 2137.0, Max: 2304, Diff: 448, Sum: 8548, Workers: 4
[6794.186s][debug][gc,phases      ] GC(196)   JNI Weak                       Min:  0.0, Avg:  0.0, Max:  0.0, Diff:  0.0, Sum:  0.0, Workers: 4
[6794.186s][debug][gc,phases      ] GC(196)     Dead                           Min: 0, Avg:  0.0, Max: 0, Diff: 0, Sum: 0, Workers: 4
[6794.186s][debug][gc,phases      ] GC(196)     Total                          Min: 0, Avg:  0.0, Max: 0, Diff: 0, Sum: 0, Workers: 4
[6794.186s][debug][gc,phases      ] GC(196)   StringDedup Table Weak         Min:  0.0, Avg:  0.0, Max:  0.0, Diff:  0.0, Sum:  0.0, Workers: 4
[6794.186s][debug][gc,phases      ] GC(196)     Dead                           Min: 0, Avg:  0.0, Max: 0, Diff: 0, Sum: 0, Workers: 4
[6794.186s][debug][gc,phases      ] GC(196)     Total                          Min: 0, Avg:  0.0, Max: 0, Diff: 0, Sum: 0, Workers: 4
[6794.186s][debug][gc,phases      ] GC(196)   StringDedup Requests0 Weak     Min:  0.0, Avg:  0.0, Max:  0.0, Diff:  0.0, Sum:  0.0, Workers: 4
[6794.186s][debug][gc,phases      ] GC(196)     Dead                           Min: 0, Avg:  0.0, Max: 0, Diff: 0, Sum: 0, Workers: 4
[6794.186s][debug][gc,phases      ] GC(196)     Total                          Min: 0, Avg:  0.0, Max: 0, Diff: 0, Sum: 0, Workers: 4
[6794.186s][debug][gc,phases      ] GC(196)   StringDedup Requests1 Weak     Min:  0.0, Avg:  0.0, Max:  0.0, Diff:  0.0, Sum:  0.0, Workers: 4
[6794.186s][debug][gc,phases      ] GC(196)     Dead                           Min: 0, Avg:  0.0, Max: 0, Diff: 0, Sum: 0, Workers: 4
[6794.186s][debug][gc,phases      ] GC(196)     Total                          Min: 0, Avg:  0.0, Max: 0, Diff: 0, Sum: 0, Workers: 4
[6794.186s][debug][gc,phases      ] GC(196)   Weak JFR Old Object Samples    Min:  0.0, Avg:  0.0, Max:  0.0, Diff:  0.0, Sum:  0.0, Workers: 4
[6794.186s][debug][gc,phases      ] GC(196)     Dead                           Min: 0, Avg:  0.0, Max: 0, Diff: 0, Sum: 0, Workers: 4
[6794.186s][debug][gc,phases      ] GC(196)     Total                          Min: 0, Avg:  0.0, Max: 0, Diff: 0, Sum: 0, Workers: 4
[6794.186s][debug][gc,phases      ] GC(196) Weak Processing 0.359ms
[6794.186s][debug][gc,age         ] GC(196) Desired survivor size 72351744 bytes, new threshold 15 (max threshold 15)
[6794.186s][info ][gc,heap        ] GC(196) PSYoungGen: 1971248K(1971712K)->4368K(2025472K) Eden: 1959936K(1959936K)->0K(1955840K) From: 11312K(11776K)->4368K(69632K)
[6794.186s][info ][gc,heap        ] GC(196) ParOldGen: 635829K(675328K)->643597K(675328K)
[6794.186s][info ][gc,metaspace   ] GC(196) Metaspace: 85468K(86464K)->85468K(86464K) NonClass: 73648K(74176K)->73648K(74176K) Class: 11820K(12288K)->11820K(12288K)
[6794.186s][info ][gc             ] GC(196) Pause Young (Allocation Failure) 2545M->632M(2637M) 7.214ms
[6794.186s][info ][gc,cpu         ] GC(196) User=0.03s Sys=0.00s Real=0.00s
[6794.186s][info ][safepoint      ] Safepoint "ParallelGCFailedAllocation", Time since last: 25865364412 ns, Reaching safepoint: 78801 ns, At safepoint: 7328631 ns, Total: 7407432 ns
[6802.187s][info ][safepoint      ] Safepoint "Cleanup", Time since last: 8000548188 ns, Reaching safepoint: 60701 ns, At safepoint: 11501 ns, Total: 72202 ns
[6816.188s][info ][safepoint      ] Safepoint "Cleanup", Time since last: 14000932766 ns, Reaching safepoint: 46901 ns, At safepoint: 8500 ns, Total: 55401 ns
[6821.189s][info ][safepoint      ] Safepoint "Cleanup", Time since last: 5000378088 ns, Reaching safepoint: 50601 ns, At safepoint: 5700 ns, Total: 56301 ns
[6860.191s][info ][safepoint      ] Safepoint "Cleanup", Time since last: 39002501396 ns, Reaching safepoint: 49001 ns, At safepoint: 35501 ns, Total: 84502 ns
[6888.481s][info ][gc,start       ] GC(197) Pause Young (Allocation Failure)
[6888.484s][debug][gc,phases      ] GC(197) Scavenge 3.044ms
[6888.484s][debug][gc,ref         ] GC(197) Skipped phase 1 of Reference Processing: no references
[6888.484s][debug][gc,ref         ] GC(197) ReferenceProcessor::execute queues: 1, RefProcThreadModel::Single, marks_oops_alive: false
[6888.484s][debug][gc,ref         ] GC(197) Skipped phase 3 of Reference Processing: no references
[6888.484s][debug][gc,ref         ] GC(197) ReferenceProcessor::execute queues: 1, RefProcThreadModel::Single, marks_oops_alive: false
[6888.484s][debug][gc,phases      ] GC(197) Reference Processing 0.150ms
[6888.485s][debug][gc,phases      ] GC(197)   VM Weak                        Min:  0.0, Avg:  0.0, Max:  0.0, Diff:  0.0, Sum:  0.0, Workers: 4
[6888.485s][debug][gc,phases      ] GC(197)     Dead                           Min: 0, Avg:  0.0, Max: 0, Diff: 0, Sum: 0, Workers: 4
[6888.485s][debug][gc,phases      ] GC(197)     Total                          Min: 0, Avg: 152.5, Max: 456, Diff: 456, Sum: 610, Workers: 4
[6888.485s][debug][gc,phases      ] GC(197)   ObjectSynchronizer Weak        Min:  0.0, Avg:  0.0, Max:  0.0, Diff:  0.0, Sum:  0.0, Workers: 4
[6888.485s][debug][gc,phases      ] GC(197)     Dead                           Min: 0, Avg:  0.0, Max: 0, Diff: 0, Sum: 0, Workers: 4
[6888.485s][debug][gc,phases      ] GC(197)     Total                          Min: 0, Avg: 100.0, Max: 192, Diff: 192, Sum: 400, Workers: 4
[6888.485s][debug][gc,phases      ] GC(197)   JVMTI Tag Weak OopStorage      Min:  0.0, Avg:  0.0, Max:  0.0, Diff:  0.0, Sum:  0.0, Workers: 4
[6888.485s][debug][gc,phases      ] GC(197)     Dead                           Min: 0, Avg:  0.0, Max: 0, Diff: 0, Sum: 0, Workers: 4
[6888.485s][debug][gc,phases      ] GC(197)     Total                          Min: 0, Avg:  0.0, Max: 0, Diff: 0, Sum: 0, Workers: 4
[6888.485s][debug][gc,phases      ] GC(197)   StringTable Weak               Min:  0.1, Avg:  0.1, Max:  0.1, Diff:  0.0, Sum:  0.4, Workers: 4
[6888.485s][debug][gc,phases      ] GC(197)     Dead                           Min: 0, Avg:  0.0, Max: 0, Diff: 0, Sum: 0, Workers: 4
[6888.485s][debug][gc,phases      ] GC(197)     Total                          Min: 10880, Avg: 12233.8, Max: 13568, Diff: 2688, Sum: 48935, Workers: 4
[6888.485s][debug][gc,phases      ] GC(197)   ResolvedMethodTable Weak       Min:  0.0, Avg:  0.0, Max:  0.0, Diff:  0.0, Sum:  0.1, Workers: 4
[6888.485s][debug][gc,phases      ] GC(197)     Dead                           Min: 0, Avg:  0.0, Max: 0, Diff: 0, Sum: 0, Workers: 4
[6888.485s][debug][gc,phases      ] GC(197)     Total                          Min: 2084, Avg: 2137.0, Max: 2176, Diff: 92, Sum: 8548, Workers: 4
[6888.485s][debug][gc,phases      ] GC(197)   JNI Weak                       Min:  0.0, Avg:  0.0, Max:  0.0, Diff:  0.0, Sum:  0.0, Workers: 4
[6888.485s][debug][gc,phases      ] GC(197)     Dead                           Min: 0, Avg:  0.0, Max: 0, Diff: 0, Sum: 0, Workers: 4
[6888.485s][debug][gc,phases      ] GC(197)     Total                          Min: 0, Avg:  0.0, Max: 0, Diff: 0, Sum: 0, Workers: 4
[6888.485s][debug][gc,phases      ] GC(197)   StringDedup Table Weak         Min:  0.0, Avg:  0.0, Max:  0.0, Diff:  0.0, Sum:  0.0, Workers: 4
[6888.485s][debug][gc,phases      ] GC(197)     Dead                           Min: 0, Avg:  0.0, Max: 0, Diff: 0, Sum: 0, Workers: 4
[6888.485s][debug][gc,phases      ] GC(197)     Total                          Min: 0, Avg:  0.0, Max: 0, Diff: 0, Sum: 0, Workers: 4
[6888.485s][debug][gc,phases      ] GC(197)   StringDedup Requests0 Weak     Min:  0.0, Avg:  0.0, Max:  0.0, Diff:  0.0, Sum:  0.0, Workers: 4
[6888.485s][debug][gc,phases      ] GC(197)     Dead                           Min: 0, Avg:  0.0, Max: 0, Diff: 0, Sum: 0, Workers: 4
[6888.485s][debug][gc,phases      ] GC(197)     Total                          Min: 0, Avg:  0.0, Max: 0, Diff: 0, Sum: 0, Workers: 4
[6888.485s][debug][gc,phases      ] GC(197)   StringDedup Requests1 Weak     Min:  0.0, Avg:  0.0, Max:  0.0, Diff:  0.0, Sum:  0.0, Workers: 4
[6888.485s][debug][gc,phases      ] GC(197)     Dead                           Min: 0, Avg:  0.0, Max: 0, Diff: 0, Sum: 0, Workers: 4
[6888.485s][debug][gc,phases      ] GC(197)     Total                          Min: 0, Avg:  0.0, Max: 0, Diff: 0, Sum: 0, Workers: 4
[6888.485s][debug][gc,phases      ] GC(197)   Weak JFR Old Object Samples    Min:  0.0, Avg:  0.0, Max:  0.0, Diff:  0.0, Sum:  0.0, Workers: 4
[6888.485s][debug][gc,phases      ] GC(197)     Dead                           Min: 0, Avg:  0.0, Max: 0, Diff: 0, Sum: 0, Workers: 4
[6888.485s][debug][gc,phases      ] GC(197)     Total                          Min: 0, Avg:  0.0, Max: 0, Diff: 0, Sum: 0, Workers: 4
[6888.485s][debug][gc,phases      ] GC(197) Weak Processing 0.321ms
[6888.485s][debug][gc,age         ] GC(197) Desired survivor size 72876032 bytes, new threshold 15 (max threshold 15)
[6888.485s][info ][gc,heap        ] GC(197) PSYoungGen: 1960208K(2025472K)->3840K(1959936K) Eden: 1955840K(1955840K)->0K(1955840K) From: 4368K(69632K)->3840K(4096K)
[6888.485s][info ][gc,heap        ] GC(197) ParOldGen: 643597K(675328K)->644138K(675328K)
[6888.485s][info ][gc,metaspace   ] GC(197) Metaspace: 85468K(86464K)->85468K(86464K) NonClass: 73648K(74176K)->73648K(74176K) Class: 11820K(12288K)->11820K(12288K)
[6888.485s][info ][gc             ] GC(197) Pause Young (Allocation Failure) 2542M->632M(2573M) 3.639ms
[6888.485s][info ][gc,cpu         ] GC(197) User=0.01s Sys=0.00s Real=0.00s
[6888.485s][info ][safepoint      ] Safepoint "ParallelGCFailedAllocation", Time since last: 28289924111 ns, Reaching safepoint: 45001 ns, At safepoint: 3758067 ns, Total: 3803068 ns
[6930.488s][info ][safepoint      ] Safepoint "Cleanup", Time since last: 42002796397 ns, Reaching safepoint: 71201 ns, At safepoint: 11300 ns, Total: 82501 ns
[6941.488s][info ][safepoint      ] Safepoint "Cleanup", Time since last: 11000742317 ns, Reaching safepoint: 41200 ns, At safepoint: 2900 ns, Total: 44100 ns
[6962.490s][info ][safepoint      ] Safepoint "Cleanup", Time since last: 21001346336 ns, Reaching safepoint: 44501 ns, At safepoint: 3700 ns, Total: 48201 ns
[6971.383s][info ][gc,start       ] GC(198) Pause Young (Allocation Failure)
[6971.386s][debug][gc,phases      ] GC(198) Scavenge 3.573ms
[6971.386s][debug][gc,ref         ] GC(198) Skipped phase 1 of Reference Processing: no references
[6971.387s][debug][gc,ref         ] GC(198) ReferenceProcessor::execute queues: 1, RefProcThreadModel::Single, marks_oops_alive: false
[6971.387s][debug][gc,ref         ] GC(198) Skipped phase 3 of Reference Processing: no references
[6971.387s][debug][gc,ref         ] GC(198) ReferenceProcessor::execute queues: 1, RefProcThreadModel::Single, marks_oops_alive: false
[6971.387s][debug][gc,phases      ] GC(198) Reference Processing 0.137ms
[6971.387s][debug][gc,phases      ] GC(198)   VM Weak                        Min:  0.0, Avg:  0.0, Max:  0.0, Diff:  0.0, Sum:  0.0, Workers: 4
[6971.387s][debug][gc,phases      ] GC(198)     Dead                           Min: 0, Avg:  0.0, Max: 0, Diff: 0, Sum: 0, Workers: 4
[6971.387s][debug][gc,phases      ] GC(198)     Total                          Min: 0, Avg: 152.5, Max: 381, Diff: 381, Sum: 610, Workers: 4
[6971.387s][debug][gc,phases      ] GC(198)   ObjectSynchronizer Weak        Min:  0.0, Avg:  0.0, Max:  0.0, Diff:  0.0, Sum:  0.0, Workers: 4
[6971.387s][debug][gc,phases      ] GC(198)     Dead                           Min: 0, Avg:  0.0, Max: 0, Diff: 0, Sum: 0, Workers: 4
[6971.387s][debug][gc,phases      ] GC(198)     Total                          Min: 0, Avg: 100.2, Max: 256, Diff: 256, Sum: 401, Workers: 4
[6971.387s][debug][gc,phases      ] GC(198)   JVMTI Tag Weak OopStorage      Min:  0.0, Avg:  0.0, Max:  0.0, Diff:  0.0, Sum:  0.0, Workers: 4
[6971.387s][debug][gc,phases      ] GC(198)     Dead                           Min: 0, Avg:  0.0, Max: 0, Diff: 0, Sum: 0, Workers: 4
[6971.387s][debug][gc,phases      ] GC(198)     Total                          Min: 0, Avg:  0.0, Max: 0, Diff: 0, Sum: 0, Workers: 4
[6971.387s][debug][gc,phases      ] GC(198)   StringTable Weak               Min:  0.1, Avg:  0.1, Max:  0.1, Diff:  0.0, Sum:  0.4, Workers: 4
[6971.387s][debug][gc,phases      ] GC(198)     Dead                           Min: 0, Avg:  0.0, Max: 0, Diff: 0, Sum: 0, Workers: 4
[6971.387s][debug][gc,phases      ] GC(198)     Total                          Min: 10944, Avg: 12235.5, Max: 13294, Diff: 2350, Sum: 48942, Workers: 4
[6971.387s][debug][gc,phases      ] GC(198)   ResolvedMethodTable Weak       Min:  0.0, Avg:  0.0, Max:  0.0, Diff:  0.0, Sum:  0.1, Workers: 4
[6971.387s][debug][gc,phases      ] GC(198)     Dead                           Min: 0, Avg:  0.0, Max: 0, Diff: 0, Sum: 0, Workers: 4
[6971.387s][debug][gc,phases      ] GC(198)     Total                          Min: 2048, Avg: 2137.0, Max: 2212, Diff: 164, Sum: 8548, Workers: 4
[6971.387s][debug][gc,phases      ] GC(198)   JNI Weak                       Min:  0.0, Avg:  0.0, Max:  0.0, Diff:  0.0, Sum:  0.0, Workers: 4
[6971.387s][debug][gc,phases      ] GC(198)     Dead                           Min: 0, Avg:  0.0, Max: 0, Diff: 0, Sum: 0, Workers: 4
[6971.387s][debug][gc,phases      ] GC(198)     Total                          Min: 0, Avg:  0.0, Max: 0, Diff: 0, Sum: 0, Workers: 4
[6971.387s][debug][gc,phases      ] GC(198)   StringDedup Table Weak         Min:  0.0, Avg:  0.0, Max:  0.0, Diff:  0.0, Sum:  0.0, Workers: 4
[6971.387s][debug][gc,phases      ] GC(198)     Dead                           Min: 0, Avg:  0.0, Max: 0, Diff: 0, Sum: 0, Workers: 4
[6971.387s][debug][gc,phases      ] GC(198)     Total                          Min: 0, Avg:  0.0, Max: 0, Diff: 0, Sum: 0, Workers: 4
[6971.387s][debug][gc,phases      ] GC(198)   StringDedup Requests0 Weak     Min:  0.0, Avg:  0.0, Max:  0.0, Diff:  0.0, Sum:  0.0, Workers: 4
[6971.387s][debug][gc,phases      ] GC(198)     Dead                           Min: 0, Avg:  0.0, Max: 0, Diff: 0, Sum: 0, Workers: 4
[6971.387s][debug][gc,phases      ] GC(198)     Total                          Min: 0, Avg:  0.0, Max: 0, Diff: 0, Sum: 0, Workers: 4
[6971.387s][debug][gc,phases      ] GC(198)   StringDedup Requests1 Weak     Min:  0.0, Avg:  0.0, Max:  0.0, Diff:  0.0, Sum:  0.0, Workers: 4
[6971.387s][debug][gc,phases      ] GC(198)     Dead                           Min: 0, Avg:  0.0, Max: 0, Diff: 0, Sum: 0, Workers: 4
[6971.387s][debug][gc,phases      ] GC(198)     Total                          Min: 0, Avg:  0.0, Max: 0, Diff: 0, Sum: 0, Workers: 4
[6971.387s][debug][gc,phases      ] GC(198)   Weak JFR Old Object Samples    Min:  0.0, Avg:  0.0, Max:  0.0, Diff:  0.0, Sum:  0.0, Workers: 4
[6971.387s][debug][gc,phases      ] GC(198)     Dead                           Min: 0, Avg:  0.0, Max: 0, Diff: 0, Sum: 0, Workers: 4
[6971.387s][debug][gc,phases      ] GC(198)     Total                          Min: 0, Avg:  0.0, Max: 0, Diff: 0, Sum: 0, Workers: 4
[6971.387s][debug][gc,phases      ] GC(198) Weak Processing 0.354ms
[6971.387s][debug][gc,age         ] GC(198) Desired survivor size 72351744 bytes, new threshold 15 (max threshold 15)
[6971.387s][info ][gc,heap        ] GC(198) PSYoungGen: 1959680K(1959936K)->4064K(2026496K) Eden: 1955840K(1955840K)->0K(1955328K) From: 3840K(4096K)->4064K(71168K)
[6971.387s][info ][gc,heap        ] GC(198) ParOldGen: 644138K(675328K)->644178K(675328K)
[6971.387s][info ][gc,metaspace   ] GC(198) Metaspace: 85527K(86528K)->85527K(86528K) NonClass: 73704K(74240K)->73704K(74240K) Class: 11823K(12288K)->11823K(12288K)
[6971.387s][info ][gc             ] GC(198) Pause Young (Allocation Failure) 2542M->633M(2638M) 4.205ms
[6971.387s][info ][gc,cpu         ] GC(198) User=0.01s Sys=0.00s Real=0.00s
[6971.387s][info ][safepoint      ] Safepoint "ParallelGCFailedAllocation", Time since last: 8892749756 ns, Reaching safepoint: 76601 ns, At safepoint: 4286278 ns, Total: 4362879 ns
[6972.387s][info ][safepoint      ] Safepoint "Cleanup", Time since last: 1000084294 ns, Reaching safepoint: 122502 ns, At safepoint: 11900 ns, Total: 134402 ns
[7031.391s][info ][safepoint      ] Safepoint "Cleanup", Time since last: 59003835307 ns, Reaching safepoint: 50701 ns, At safepoint: 6000 ns, Total: 56701 ns
[7033.391s][info ][safepoint      ] Safepoint "Cleanup", Time since last: 2000179475 ns, Reaching safepoint: 52501 ns, At safepoint: 6700 ns, Total: 59201 ns
[7289.408s][info ][safepoint      ] Safepoint "Cleanup", Time since last: 256016884556 ns, Reaching safepoint: 56401 ns, At safepoint: 13000 ns, Total: 69401 ns
[7289.724s][info ][gc,heap,exit   ] Heap
[7289.724s][info ][gc,heap,exit   ]  PSYoungGen      total 2026496K, used 799647K [0x0000000780000000, 0x0000000800000000, 0x0000000800000000)
[7289.724s][info ][gc,heap,exit   ]   eden space 1955328K, 40% used [0x0000000780000000,0x00000007b08efe60,0x00000007f7580000)
[7289.724s][info ][gc,heap,exit   ]   from space 71168K, 5% used [0x00000007fba80000,0x00000007fbe78138,0x0000000800000000)
[7289.724s][info ][gc,heap,exit   ]   to   space 70656K, 0% used [0x00000007f7580000,0x00000007f7580000,0x00000007fba80000)
[7289.724s][info ][gc,heap,exit   ]  ParOldGen       total 675328K, used 644178K [0x0000000740000000, 0x0000000769380000, 0x0000000780000000)
[7289.724s][info ][gc,heap,exit   ]   object space 675328K, 95% used [0x0000000740000000,0x0000000767514858,0x0000000769380000)
[7289.724s][info ][gc,heap,exit   ]  Metaspace       used 85581K, committed 86528K, reserved 1130496K
[7289.724s][info ][gc,heap,exit   ]   class space    used 11831K, committed 12288K, reserved 1048576K
