[0.003s][info][gc] Using Parallel
[0.005s][info][gc,init] Version: 16.0.2+7 (release)
[0.005s][info][gc,init] CPUs: 8 total, 8 available
[0.005s][info][gc,init] Memory: 32117M
[0.005s][info][gc,init] Large Page Support: Disabled
[0.005s][info][gc,init] NUMA Support: Disabled
[0.005s][info][gc,init] Compressed Oops: Enabled (Zero based)
[0.005s][info][gc,init] Alignments: Space 512K, Generation 512K, Heap 2M
[0.005s][info][gc,init] Heap Min Capacity: 2054M
[0.005s][info][gc,init] Heap Initial Capacity: 2054M
[0.005s][info][gc,init] Heap Max Capacity: 3G
[0.005s][info][gc,init] Pre-touch: Disabled
[0.005s][info][gc,init] Parallel Workers: 4
[0.005s][info][gc,metaspace] CDS disabled.
[0.005s][info][gc,metaspace] Compressed class space mapped at: 0x0000000800000000-0x0000000840000000, reserved size: 1073741824
[0.005s][info][gc,metaspace] Narrow klass base: 0x0000000800000000, Narrow klass shift: 0, Narrow klass range: 0x40000000
[0.543s][info][safepoint   ] Safepoint "ICBufferFull", Time since last: 519025289 ns, Reaching safepoint: 186702 ns, At safepoint: 8000 ns, Total: 194702 ns
[0.838s][info][gc,start    ] GC(0) Pause Young (Metadata GC Threshold)
[0.844s][debug][gc,phases   ] GC(0) Scavenge 5.218ms
[0.844s][debug][gc,ref      ] GC(0) Skipped phase 1 of Reference Processing: no references
[0.844s][debug][gc,ref      ] GC(0) Skipped phase 3 of Reference Processing: no references
[0.844s][debug][gc,phases   ] GC(0) Reference Processing 0.155ms
[0.844s][debug][gc,phases   ] GC(0) Weak Processing 0.364ms
[0.844s][debug][gc,age      ] GC(0) Desired survivor size 536870912 bytes, new threshold 7 (max threshold 15)
[0.844s][info ][gc,heap     ] GC(0) PSYoungGen: 178032K(1572864K)->18116K(1572864K) Eden: 178032K(1048576K)->0K(1048576K) From: 0K(524288K)->18116K(524288K)
[0.844s][info ][gc,heap     ] GC(0) ParOldGen: 0K(6144K)->88K(6144K)
[0.844s][info ][gc,metaspace] GC(0) Metaspace: 20986K(21248K)->20986K(21248K) NonClass: 18620K(18752K)->18620K(18752K) Class: 2365K(2496K)->2365K(2496K)
[0.845s][info ][gc          ] GC(0) Pause Young (Metadata GC Threshold) 173M->17M(1542M) 6.167ms
[0.845s][info ][gc,cpu      ] GC(0) User=0.01s Sys=0.02s Real=0.01s
[0.845s][debug][gc,phases   ] GC(1) Pre Compact 0.015ms
[0.845s][info ][gc,start    ] GC(1) Pause Full (Metadata GC Threshold)
[0.845s][info ][gc,phases,start] GC(1) Marking Phase
[0.848s][debug][gc,phases      ] GC(1) Par Mark 3.205ms
[0.848s][debug][gc,ref         ] GC(1) Skipped phase 1 of Reference Processing: no references
[0.848s][debug][gc,ref         ] GC(1) Skipped phase 3 of Reference Processing: no references
[0.848s][debug][gc,phases      ] GC(1) Reference Processing 0.050ms
[0.848s][debug][gc,phases      ] GC(1) Weak Processing 0.135ms
[0.848s][debug][gc,phases      ] GC(1) ClassLoaderData 0.013ms
[0.848s][debug][gc,phases      ] GC(1) Trigger cleanups 0.000ms
[0.850s][debug][gc,phases      ] GC(1) Class Unloading 2.130ms
[0.850s][info ][gc,phases      ] GC(1) Marking Phase 5.617ms
[0.850s][info ][gc,phases,start] GC(1) Summary Phase
[0.850s][info ][gc,phases      ] GC(1) Summary Phase 0.008ms
[0.850s][info ][gc,phases,start] GC(1) Adjust Roots
[0.853s][info ][gc,phases      ] GC(1) Adjust Roots 3.233ms
[0.853s][info ][gc,phases,start] GC(1) Compaction Phase
[0.859s][info ][gc,phases      ] GC(1) Compaction Phase 5.790ms
[0.859s][info ][gc,phases,start] GC(1) Post Compact
[0.860s][info ][gc,phases      ] GC(1) Post Compact 0.482ms
[0.860s][info ][gc,heap        ] GC(1) PSYoungGen: 18116K(1572864K)->12286K(1572864K) Eden: 0K(1048576K)->0K(1048576K) From: 18116K(524288K)->12286K(524288K)
[0.860s][info ][gc,heap        ] GC(1) ParOldGen: 88K(6144K)->5790K(6144K)
[0.860s][info ][gc,metaspace   ] GC(1) Metaspace: 20986K(21248K)->20986K(21248K) NonClass: 18620K(18752K)->18620K(18752K) Class: 2365K(2496K)->2365K(2496K)
[0.860s][info ][gc             ] GC(1) Pause Full (Metadata GC Threshold) 17M->17M(1542M) 15.289ms
[0.860s][info ][gc,cpu         ] GC(1) User=0.06s Sys=0.00s Real=0.01s
[0.860s][info ][safepoint      ] Safepoint "CollectForMetadataAllocation", Time since last: 294891385 ns, Reaching safepoint: 115501 ns, At safepoint: 21589999 ns, Total: 21705500 ns
[1.042s][info ][safepoint      ] Safepoint "ICBufferFull", Time since last: 181673217 ns, Reaching safepoint: 62501 ns, At safepoint: 10800 ns, Total: 73301 ns
[1.055s][info ][safepoint      ] Safepoint "ICBufferFull", Time since last: 13072881 ns, Reaching safepoint: 58001 ns, At safepoint: 4100 ns, Total: 62101 ns
[1.064s][info ][safepoint      ] Safepoint "ICBufferFull", Time since last: 9456531 ns, Reaching safepoint: 62101 ns, At safepoint: 11300 ns, Total: 73401 ns
[1.079s][info ][safepoint      ] Safepoint "ICBufferFull", Time since last: 14418500 ns, Reaching safepoint: 80501 ns, At safepoint: 5600 ns, Total: 86101 ns
[1.083s][info ][safepoint      ] Safepoint "ICBufferFull", Time since last: 4431061 ns, Reaching safepoint: 33701 ns, At safepoint: 4100 ns, Total: 37801 ns
[1.089s][info ][safepoint      ] Safepoint "ICBufferFull", Time since last: 5788580 ns, Reaching safepoint: 121102 ns, At safepoint: 5300 ns, Total: 126402 ns
[1.095s][info ][safepoint      ] Safepoint "ICBufferFull", Time since last: 5312273 ns, Reaching safepoint: 63901 ns, At safepoint: 6400 ns, Total: 70301 ns
[1.099s][info ][safepoint      ] Safepoint "ICBufferFull", Time since last: 3825853 ns, Reaching safepoint: 554408 ns, At safepoint: 10400 ns, Total: 564808 ns
[1.103s][info ][safepoint      ] Safepoint "ICBufferFull", Time since last: 4353060 ns, Reaching safepoint: 125002 ns, At safepoint: 14800 ns, Total: 139802 ns
[1.110s][info ][safepoint      ] Safepoint "ICBufferFull", Time since last: 6631292 ns, Reaching safepoint: 273004 ns, At safepoint: 7700 ns, Total: 280704 ns
[1.112s][info ][safepoint      ] Safepoint "ICBufferFull", Time since last: 1626223 ns, Reaching safepoint: 109001 ns, At safepoint: 8300 ns, Total: 117301 ns
[1.113s][info ][safepoint      ] Safepoint "ICBufferFull", Time since last: 771311 ns, Reaching safepoint: 108001 ns, At safepoint: 8900 ns, Total: 116901 ns
[1.213s][info ][safepoint      ] Safepoint "ICBufferFull", Time since last: 99591080 ns, Reaching safepoint: 191603 ns, At safepoint: 11200 ns, Total: 202803 ns
[1.215s][info ][safepoint      ] Safepoint "ICBufferFull", Time since last: 1708024 ns, Reaching safepoint: 139102 ns, At safepoint: 19500 ns, Total: 158602 ns
[1.217s][info ][safepoint      ] Safepoint "ICBufferFull", Time since last: 1921426 ns, Reaching safepoint: 126902 ns, At safepoint: 13200 ns, Total: 140102 ns
[1.218s][info ][safepoint      ] Safepoint "ICBufferFull", Time since last: 1175617 ns, Reaching safepoint: 165402 ns, At safepoint: 6800 ns, Total: 172202 ns
[1.220s][info ][safepoint      ] Safepoint "ICBufferFull", Time since last: 1918627 ns, Reaching safepoint: 82901 ns, At safepoint: 14200 ns, Total: 97101 ns
[1.222s][info ][safepoint      ] Safepoint "ICBufferFull", Time since last: 1322518 ns, Reaching safepoint: 111602 ns, At safepoint: 11100 ns, Total: 122702 ns
[1.223s][info ][safepoint      ] Safepoint "ICBufferFull", Time since last: 1598722 ns, Reaching safepoint: 41101 ns, At safepoint: 4800 ns, Total: 45901 ns
[1.224s][info ][safepoint      ] Safepoint "ICBufferFull", Time since last: 1279018 ns, Reaching safepoint: 27400 ns, At safepoint: 3400 ns, Total: 30800 ns
[1.226s][info ][safepoint      ] Safepoint "ICBufferFull", Time since last: 1607122 ns, Reaching safepoint: 30401 ns, At safepoint: 2900 ns, Total: 33301 ns
[1.227s][info ][safepoint      ] Safepoint "ICBufferFull", Time since last: 1110615 ns, Reaching safepoint: 112802 ns, At safepoint: 9500 ns, Total: 122302 ns
[1.229s][info ][safepoint      ] Safepoint "ICBufferFull", Time since last: 1626122 ns, Reaching safepoint: 49501 ns, At safepoint: 2700 ns, Total: 52201 ns
[1.231s][info ][safepoint      ] Safepoint "ICBufferFull", Time since last: 2255131 ns, Reaching safepoint: 119202 ns, At safepoint: 9400 ns, Total: 128602 ns
[1.232s][info ][safepoint      ] Safepoint "ICBufferFull", Time since last: 614409 ns, Reaching safepoint: 171402 ns, At safepoint: 4800 ns, Total: 176202 ns
[1.234s][info ][safepoint      ] Safepoint "ICBufferFull", Time since last: 1698724 ns, Reaching safepoint: 106801 ns, At safepoint: 7900 ns, Total: 114701 ns
[1.237s][info ][safepoint      ] Safepoint "ICBufferFull", Time since last: 2505135 ns, Reaching safepoint: 126702 ns, At safepoint: 7300 ns, Total: 134002 ns
[1.240s][info ][safepoint      ] Safepoint "ICBufferFull", Time since last: 3370446 ns, Reaching safepoint: 132502 ns, At safepoint: 12100 ns, Total: 144602 ns
[1.252s][info ][safepoint      ] Safepoint "ICBufferFull", Time since last: 11803764 ns, Reaching safepoint: 56201 ns, At safepoint: 3300 ns, Total: 59501 ns
[1.276s][info ][safepoint      ] Safepoint "ICBufferFull", Time since last: 23970232 ns, Reaching safepoint: 65801 ns, At safepoint: 12500 ns, Total: 78301 ns
[1.280s][info ][safepoint      ] Safepoint "ICBufferFull", Time since last: 3836353 ns, Reaching safepoint: 43001 ns, At safepoint: 3000 ns, Total: 46001 ns
[1.342s][info ][safepoint      ] Safepoint "ICBufferFull", Time since last: 61885457 ns, Reaching safepoint: 149602 ns, At safepoint: 17300 ns, Total: 166902 ns
[1.346s][info ][safepoint      ] Safepoint "ICBufferFull", Time since last: 3307746 ns, Reaching safepoint: 144002 ns, At safepoint: 8500 ns, Total: 152502 ns
[1.348s][info ][safepoint      ] Safepoint "ICBufferFull", Time since last: 2742438 ns, Reaching safepoint: 32001 ns, At safepoint: 3000 ns, Total: 35001 ns
[1.390s][info ][safepoint      ] Safepoint "ICBufferFull", Time since last: 41478174 ns, Reaching safepoint: 103902 ns, At safepoint: 4900 ns, Total: 108802 ns
[1.394s][info ][safepoint      ] Safepoint "ICBufferFull", Time since last: 4408361 ns, Reaching safepoint: 60301 ns, At safepoint: 11000 ns, Total: 71301 ns
[1.396s][info ][safepoint      ] Safepoint "ICBufferFull", Time since last: 1417820 ns, Reaching safepoint: 28100 ns, At safepoint: 2900 ns, Total: 31000 ns
[1.397s][info ][safepoint      ] Safepoint "ICBufferFull", Time since last: 1625923 ns, Reaching safepoint: 47300 ns, At safepoint: 2200 ns, Total: 49500 ns
[1.399s][info ][safepoint      ] Safepoint "ICBufferFull", Time since last: 1589322 ns, Reaching safepoint: 37901 ns, At safepoint: 1300 ns, Total: 39201 ns
[1.400s][info ][safepoint      ] Safepoint "ICBufferFull", Time since last: 1338818 ns, Reaching safepoint: 25001 ns, At safepoint: 1500 ns, Total: 26501 ns
[1.403s][info ][safepoint      ] Safepoint "ICBufferFull", Time since last: 2132229 ns, Reaching safepoint: 28701 ns, At safepoint: 2200 ns, Total: 30901 ns
[1.403s][info ][safepoint      ] Safepoint "ICBufferFull", Time since last: 843011 ns, Reaching safepoint: 19301 ns, At safepoint: 1600 ns, Total: 20901 ns
[1.404s][info ][safepoint      ] Safepoint "ICBufferFull", Time since last: 882812 ns, Reaching safepoint: 51401 ns, At safepoint: 2200 ns, Total: 53601 ns
[1.405s][info ][safepoint      ] Safepoint "ICBufferFull", Time since last: 548907 ns, Reaching safepoint: 23501 ns, At safepoint: 1900 ns, Total: 25401 ns
[1.407s][info ][safepoint      ] Safepoint "ICBufferFull", Time since last: 1991427 ns, Reaching safepoint: 26801 ns, At safepoint: 2000 ns, Total: 28801 ns
[1.408s][info ][safepoint      ] Safepoint "ICBufferFull", Time since last: 800111 ns, Reaching safepoint: 18800 ns, At safepoint: 1300 ns, Total: 20100 ns
[1.409s][info ][safepoint      ] Safepoint "ICBufferFull", Time since last: 648809 ns, Reaching safepoint: 21000 ns, At safepoint: 1500 ns, Total: 22500 ns
[1.410s][info ][safepoint      ] Safepoint "ICBufferFull", Time since last: 983914 ns, Reaching safepoint: 107301 ns, At safepoint: 9101 ns, Total: 116402 ns
[1.412s][info ][safepoint      ] Safepoint "ICBufferFull", Time since last: 1873425 ns, Reaching safepoint: 100102 ns, At safepoint: 9500 ns, Total: 109602 ns
[1.414s][info ][safepoint      ] Safepoint "ICBufferFull", Time since last: 2097129 ns, Reaching safepoint: 109502 ns, At safepoint: 12400 ns, Total: 121902 ns
[1.415s][info ][safepoint      ] Safepoint "ICBufferFull", Time since last: 1495720 ns, Reaching safepoint: 25701 ns, At safepoint: 2100 ns, Total: 27801 ns
[1.417s][info ][safepoint      ] Safepoint "ICBufferFull", Time since last: 1251117 ns, Reaching safepoint: 27501 ns, At safepoint: 5500 ns, Total: 33001 ns
[1.419s][info ][safepoint      ] Safepoint "ICBufferFull", Time since last: 2537735 ns, Reaching safepoint: 55101 ns, At safepoint: 3400 ns, Total: 58501 ns
[1.421s][info ][safepoint      ] Safepoint "ICBufferFull", Time since last: 1951827 ns, Reaching safepoint: 31600 ns, At safepoint: 2400 ns, Total: 34000 ns
[1.429s][info ][safepoint      ] Safepoint "ICBufferFull", Time since last: 7625206 ns, Reaching safepoint: 85701 ns, At safepoint: 12800 ns, Total: 98501 ns
[1.434s][info ][safepoint      ] Safepoint "ICBufferFull", Time since last: 5326574 ns, Reaching safepoint: 47401 ns, At safepoint: 2700 ns, Total: 50101 ns
[1.437s][info ][safepoint      ] Safepoint "ICBufferFull", Time since last: 2638436 ns, Reaching safepoint: 37901 ns, At safepoint: 3600 ns, Total: 41501 ns
[1.439s][info ][safepoint      ] Safepoint "ICBufferFull", Time since last: 1999127 ns, Reaching safepoint: 31601 ns, At safepoint: 2100 ns, Total: 33701 ns
[1.442s][info ][safepoint      ] Safepoint "ICBufferFull", Time since last: 2556935 ns, Reaching safepoint: 50201 ns, At safepoint: 5800 ns, Total: 56001 ns
[1.444s][info ][safepoint      ] Safepoint "ICBufferFull", Time since last: 2447834 ns, Reaching safepoint: 31800 ns, At safepoint: 2700 ns, Total: 34500 ns
[1.445s][info ][safepoint      ] Safepoint "ICBufferFull", Time since last: 736311 ns, Reaching safepoint: 63601 ns, At safepoint: 3900 ns, Total: 67501 ns
[1.447s][info ][safepoint      ] Safepoint "ICBufferFull", Time since last: 2493434 ns, Reaching safepoint: 34601 ns, At safepoint: 2100 ns, Total: 36701 ns
[1.450s][info ][safepoint      ] Safepoint "ICBufferFull", Time since last: 2455534 ns, Reaching safepoint: 102801 ns, At safepoint: 6600 ns, Total: 109401 ns
[1.454s][info ][safepoint      ] Safepoint "ICBufferFull", Time since last: 3980055 ns, Reaching safepoint: 51601 ns, At safepoint: 3800 ns, Total: 55401 ns
[1.456s][info ][safepoint      ] Safepoint "ICBufferFull", Time since last: 2290732 ns, Reaching safepoint: 29600 ns, At safepoint: 2400 ns, Total: 32000 ns
[1.458s][info ][safepoint      ] Safepoint "ICBufferFull", Time since last: 1601822 ns, Reaching safepoint: 24301 ns, At safepoint: 1700 ns, Total: 26001 ns
[1.460s][info ][safepoint      ] Safepoint "ICBufferFull", Time since last: 1910026 ns, Reaching safepoint: 97702 ns, At safepoint: 5900 ns, Total: 103602 ns
[1.462s][info ][safepoint      ] Safepoint "ICBufferFull", Time since last: 1830725 ns, Reaching safepoint: 110402 ns, At safepoint: 10700 ns, Total: 121102 ns
[1.465s][info ][safepoint      ] Safepoint "ICBufferFull", Time since last: 3036142 ns, Reaching safepoint: 125502 ns, At safepoint: 11500 ns, Total: 137002 ns
[1.467s][info ][safepoint      ] Safepoint "ICBufferFull", Time since last: 1789925 ns, Reaching safepoint: 102801 ns, At safepoint: 7100 ns, Total: 109901 ns
[1.470s][info ][safepoint      ] Safepoint "ICBufferFull", Time since last: 3057842 ns, Reaching safepoint: 137402 ns, At safepoint: 11100 ns, Total: 148502 ns
[1.482s][info ][safepoint      ] Safepoint "ICBufferFull", Time since last: 11516760 ns, Reaching safepoint: 40901 ns, At safepoint: 2900 ns, Total: 43801 ns
[1.483s][info ][safepoint      ] Safepoint "ICBufferFull", Time since last: 1281517 ns, Reaching safepoint: 27101 ns, At safepoint: 2400 ns, Total: 29501 ns
[1.485s][info ][safepoint      ] Safepoint "ICBufferFull", Time since last: 1568222 ns, Reaching safepoint: 25400 ns, At safepoint: 2400 ns, Total: 27800 ns
[1.486s][info ][safepoint      ] Safepoint "ICBufferFull", Time since last: 1561022 ns, Reaching safepoint: 31300 ns, At safepoint: 2500 ns, Total: 33800 ns
[1.487s][info ][safepoint      ] Safepoint "ICBufferFull", Time since last: 804011 ns, Reaching safepoint: 28801 ns, At safepoint: 2100 ns, Total: 30901 ns
[1.493s][info ][safepoint      ] Safepoint "ICBufferFull", Time since last: 5440775 ns, Reaching safepoint: 48001 ns, At safepoint: 3100 ns, Total: 51101 ns
[1.496s][info ][safepoint      ] Safepoint "ICBufferFull", Time since last: 3216144 ns, Reaching safepoint: 28701 ns, At safepoint: 2400 ns, Total: 31101 ns
[1.502s][info ][safepoint      ] Safepoint "ICBufferFull", Time since last: 5746879 ns, Reaching safepoint: 57601 ns, At safepoint: 4300 ns, Total: 61901 ns
[1.503s][info ][safepoint      ] Safepoint "ICBufferFull", Time since last: 1759124 ns, Reaching safepoint: 40801 ns, At safepoint: 3300 ns, Total: 44101 ns
[1.504s][info ][safepoint      ] Safepoint "ICBufferFull", Time since last: 674109 ns, Reaching safepoint: 26601 ns, At safepoint: 1500 ns, Total: 28101 ns
[1.507s][info ][safepoint      ] Safepoint "ICBufferFull", Time since last: 3047342 ns, Reaching safepoint: 25600 ns, At safepoint: 1800 ns, Total: 27400 ns
[1.508s][info ][safepoint      ] Safepoint "ICBufferFull", Time since last: 989314 ns, Reaching safepoint: 20300 ns, At safepoint: 1400 ns, Total: 21700 ns
[1.511s][info ][safepoint      ] Safepoint "ICBufferFull", Time since last: 2573836 ns, Reaching safepoint: 25800 ns, At safepoint: 6901 ns, Total: 32701 ns
[1.513s][info ][safepoint      ] Safepoint "ICBufferFull", Time since last: 1660223 ns, Reaching safepoint: 306204 ns, At safepoint: 6000 ns, Total: 312204 ns
[1.513s][info ][safepoint      ] Safepoint "ICBufferFull", Time since last: 551908 ns, Reaching safepoint: 21600 ns, At safepoint: 1700 ns, Total: 23300 ns
[1.515s][info ][safepoint      ] Safepoint "ICBufferFull", Time since last: 1589822 ns, Reaching safepoint: 21200 ns, At safepoint: 2000 ns, Total: 23200 ns
[1.518s][info ][safepoint      ] Safepoint "ICBufferFull", Time since last: 2444134 ns, Reaching safepoint: 56201 ns, At safepoint: 2700 ns, Total: 58901 ns
[1.519s][info ][safepoint      ] Safepoint "ICBufferFull", Time since last: 1858626 ns, Reaching safepoint: 42000 ns, At safepoint: 2900 ns, Total: 44900 ns
[1.535s][info ][safepoint      ] Safepoint "ICBufferFull", Time since last: 15285812 ns, Reaching safepoint: 57001 ns, At safepoint: 7200 ns, Total: 64201 ns
[1.551s][info ][safepoint      ] Safepoint "ICBufferFull", Time since last: 15951621 ns, Reaching safepoint: 44400 ns, At safepoint: 3101 ns, Total: 47501 ns
[1.552s][info ][safepoint      ] Safepoint "ICBufferFull", Time since last: 995613 ns, Reaching safepoint: 36801 ns, At safepoint: 1900 ns, Total: 38701 ns
[1.553s][info ][safepoint      ] Safepoint "ICBufferFull", Time since last: 765610 ns, Reaching safepoint: 20701 ns, At safepoint: 1400 ns, Total: 22101 ns
[1.553s][info ][safepoint      ] Safepoint "ICBufferFull", Time since last: 744710 ns, Reaching safepoint: 19300 ns, At safepoint: 1600 ns, Total: 20900 ns
[1.555s][info ][safepoint      ] Safepoint "ICBufferFull", Time since last: 1212517 ns, Reaching safepoint: 20900 ns, At safepoint: 1700 ns, Total: 22600 ns
[1.556s][info ][safepoint      ] Safepoint "ICBufferFull", Time since last: 1728024 ns, Reaching safepoint: 33301 ns, At safepoint: 1700 ns, Total: 35001 ns
[1.558s][info ][safepoint      ] Safepoint "ICBufferFull", Time since last: 1594922 ns, Reaching safepoint: 20700 ns, At safepoint: 1600 ns, Total: 22300 ns
[1.559s][info ][safepoint      ] Safepoint "ICBufferFull", Time since last: 1035315 ns, Reaching safepoint: 35200 ns, At safepoint: 1400 ns, Total: 36600 ns
[1.560s][info ][safepoint      ] Safepoint "ICBufferFull", Time since last: 843012 ns, Reaching safepoint: 20300 ns, At safepoint: 1600 ns, Total: 21900 ns
[1.562s][info ][safepoint      ] Safepoint "ICBufferFull", Time since last: 2101629 ns, Reaching safepoint: 21601 ns, At safepoint: 1500 ns, Total: 23101 ns
[1.563s][info ][safepoint      ] Safepoint "ICBufferFull", Time since last: 1194416 ns, Reaching safepoint: 24200 ns, At safepoint: 2201 ns, Total: 26401 ns
[1.565s][info ][safepoint      ] Safepoint "ICBufferFull", Time since last: 1857225 ns, Reaching safepoint: 30801 ns, At safepoint: 2800 ns, Total: 33601 ns
[1.566s][info ][safepoint      ] Safepoint "ICBufferFull", Time since last: 946013 ns, Reaching safepoint: 29300 ns, At safepoint: 1800 ns, Total: 31100 ns
[1.570s][info ][safepoint      ] Safepoint "ICBufferFull", Time since last: 3841953 ns, Reaching safepoint: 96902 ns, At safepoint: 9200 ns, Total: 106102 ns
[1.571s][info ][safepoint      ] Safepoint "ICBufferFull", Time since last: 859212 ns, Reaching safepoint: 60101 ns, At safepoint: 5800 ns, Total: 65901 ns
[1.573s][info ][safepoint      ] Safepoint "ICBufferFull", Time since last: 1478220 ns, Reaching safepoint: 27201 ns, At safepoint: 2000 ns, Total: 29201 ns
[1.574s][info ][safepoint      ] Safepoint "ICBufferFull", Time since last: 1155116 ns, Reaching safepoint: 23500 ns, At safepoint: 1700 ns, Total: 25200 ns
[1.575s][info ][safepoint      ] Safepoint "ICBufferFull", Time since last: 1050515 ns, Reaching safepoint: 32500 ns, At safepoint: 7600 ns, Total: 40100 ns
[1.577s][info ][safepoint      ] Safepoint "ICBufferFull", Time since last: 2124430 ns, Reaching safepoint: 45400 ns, At safepoint: 2900 ns, Total: 48300 ns
[1.579s][info ][safepoint      ] Safepoint "ICBufferFull", Time since last: 1775325 ns, Reaching safepoint: 37300 ns, At safepoint: 2700 ns, Total: 40000 ns
[1.581s][info ][safepoint      ] Safepoint "ICBufferFull", Time since last: 1791825 ns, Reaching safepoint: 32001 ns, At safepoint: 3000 ns, Total: 35001 ns
[1.583s][info ][safepoint      ] Safepoint "ICBufferFull", Time since last: 1851525 ns, Reaching safepoint: 101902 ns, At safepoint: 6800 ns, Total: 108702 ns
[1.585s][info ][safepoint      ] Safepoint "ICBufferFull", Time since last: 1817225 ns, Reaching safepoint: 118102 ns, At safepoint: 4500 ns, Total: 122602 ns
[1.586s][info ][safepoint      ] Safepoint "ICBufferFull", Time since last: 1515421 ns, Reaching safepoint: 30100 ns, At safepoint: 2200 ns, Total: 32300 ns
[1.587s][info ][safepoint      ] Safepoint "ICBufferFull", Time since last: 1288118 ns, Reaching safepoint: 44401 ns, At safepoint: 2000 ns, Total: 46401 ns
[1.589s][info ][safepoint      ] Safepoint "ICBufferFull", Time since last: 1410419 ns, Reaching safepoint: 51801 ns, At safepoint: 7800 ns, Total: 59601 ns
[1.591s][info ][safepoint      ] Safepoint "ICBufferFull", Time since last: 2007128 ns, Reaching safepoint: 48100 ns, At safepoint: 3501 ns, Total: 51601 ns
[1.592s][info ][safepoint      ] Safepoint "ICBufferFull", Time since last: 1249817 ns, Reaching safepoint: 102301 ns, At safepoint: 9900 ns, Total: 112201 ns
[1.594s][info ][safepoint      ] Safepoint "ICBufferFull", Time since last: 1677524 ns, Reaching safepoint: 26200 ns, At safepoint: 2100 ns, Total: 28300 ns
[1.596s][info ][safepoint      ] Safepoint "ICBufferFull", Time since last: 1559822 ns, Reaching safepoint: 29300 ns, At safepoint: 3000 ns, Total: 32300 ns
[1.597s][info ][safepoint      ] Safepoint "ICBufferFull", Time since last: 1346719 ns, Reaching safepoint: 55500 ns, At safepoint: 5501 ns, Total: 61001 ns
[1.598s][info ][safepoint      ] Safepoint "ICBufferFull", Time since last: 1349118 ns, Reaching safepoint: 35101 ns, At safepoint: 2500 ns, Total: 37601 ns
[1.600s][info ][safepoint      ] Safepoint "ICBufferFull", Time since last: 1365019 ns, Reaching safepoint: 38200 ns, At safepoint: 2800 ns, Total: 41000 ns
[1.601s][info ][safepoint      ] Safepoint "ICBufferFull", Time since last: 1621523 ns, Reaching safepoint: 27800 ns, At safepoint: 2000 ns, Total: 29800 ns
[1.602s][info ][safepoint      ] Safepoint "ICBufferFull", Time since last: 523707 ns, Reaching safepoint: 29001 ns, At safepoint: 2100 ns, Total: 31101 ns
[1.761s][info ][safepoint      ] Safepoint "ICBufferFull", Time since last: 159084804 ns, Reaching safepoint: 285004 ns, At safepoint: 6200 ns, Total: 291204 ns
[2.180s][info ][safepoint      ] Safepoint "ICBufferFull", Time since last: 418672901 ns, Reaching safepoint: 169602 ns, At safepoint: 5700 ns, Total: 175302 ns
[2.205s][info ][gc,start       ] GC(2) Pause Young (Metadata GC Threshold)
[2.237s][debug][gc,phases      ] GC(2) Scavenge 32.164ms
[2.237s][debug][gc,ref         ] GC(2) Skipped phase 1 of Reference Processing: no references
[2.238s][debug][gc,ref         ] GC(2) Skipped phase 3 of Reference Processing: no references
[2.238s][debug][gc,phases      ] GC(2) Reference Processing 0.181ms
[2.238s][debug][gc,phases      ] GC(2) Weak Processing 0.569ms
[2.238s][debug][gc,age         ] GC(2) Desired survivor size 536870912 bytes, new threshold 7 (max threshold 15)
[2.238s][info ][gc,heap        ] GC(2) PSYoungGen: 446209K(1572864K)->49057K(1572864K) Eden: 433923K(1048576K)->0K(1048576K) From: 12286K(524288K)->49057K(524288K)
[2.238s][info ][gc,heap        ] GC(2) ParOldGen: 5790K(6144K)->5798K(6144K)
[2.238s][info ][gc,metaspace   ] GC(2) Metaspace: 35118K(35456K)->35118K(35456K) NonClass: 30743K(30912K)->30743K(30912K) Class: 4374K(4544K)->4374K(4544K)
[2.238s][info ][gc             ] GC(2) Pause Young (Metadata GC Threshold) 441M->53M(1542M) 33.074ms
[2.238s][info ][gc,cpu         ] GC(2) User=0.13s Sys=0.02s Real=0.03s
[2.238s][debug][gc,phases      ] GC(3) Pre Compact 0.008ms
[2.238s][info ][gc,start       ] GC(3) Pause Full (Metadata GC Threshold)
[2.238s][info ][gc,phases,start] GC(3) Marking Phase
[2.255s][debug][gc,phases      ] GC(3) Par Mark 16.430ms
[2.255s][debug][gc,ref         ] GC(3) Skipped phase 1 of Reference Processing: no references
[2.255s][debug][gc,ref         ] GC(3) Skipped phase 3 of Reference Processing: no references
[2.255s][debug][gc,phases      ] GC(3) Reference Processing 0.077ms
[2.255s][debug][gc,phases      ] GC(3) Weak Processing 0.249ms
[2.255s][debug][gc,phases      ] GC(3) ClassLoaderData 0.030ms
[2.255s][debug][gc,phases      ] GC(3) Trigger cleanups 0.000ms
[2.258s][debug][gc,phases      ] GC(3) Class Unloading 3.242ms
[2.258s][info ][gc,phases      ] GC(3) Marking Phase 20.111ms
[2.258s][info ][gc,phases,start] GC(3) Summary Phase
[2.258s][info ][gc,phases      ] GC(3) Summary Phase 0.005ms
[2.258s][info ][gc,phases,start] GC(3) Adjust Roots
[2.266s][info ][gc,phases      ] GC(3) Adjust Roots 7.331ms
[2.266s][info ][gc,phases,start] GC(3) Compaction Phase
[2.507s][info ][gc,phases      ] GC(3) Compaction Phase 241.339ms
[2.507s][info ][gc,phases,start] GC(3) Post Compact
[2.508s][info ][gc,phases      ] GC(3) Post Compact 0.522ms
[2.508s][info ][gc,heap        ] GC(3) PSYoungGen: 49057K(1572864K)->48900K(1572864K) Eden: 0K(1048576K)->0K(1048576K) From: 49057K(524288K)->48900K(524288K)
[2.508s][info ][gc,heap        ] GC(3) ParOldGen: 5798K(6144K)->5700K(6144K)
[2.508s][info ][gc,metaspace   ] GC(3) Metaspace: 35118K(35456K)->35118K(35456K) NonClass: 30743K(30912K)->30743K(30912K) Class: 4374K(4544K)->4374K(4544K)
[2.508s][info ][gc             ] GC(3) Pause Full (Metadata GC Threshold) 53M->53M(1542M) 269.449ms
[2.508s][info ][gc,cpu         ] GC(3) User=0.58s Sys=0.00s Real=0.27s
[2.508s][info ][safepoint      ] Safepoint "CollectForMetadataAllocation", Time since last: 24883445 ns, Reaching safepoint: 51801 ns, At safepoint: 302651194 ns, Total: 302702995 ns
[2.796s][info ][safepoint      ] Safepoint "ICBufferFull", Time since last: 287921690 ns, Reaching safepoint: 219803 ns, At safepoint: 7500 ns, Total: 227303 ns
[2.965s][info ][safepoint      ] Safepoint "ICBufferFull", Time since last: 169022042 ns, Reaching safepoint: 273104 ns, At safepoint: 33200 ns, Total: 306304 ns
[3.110s][info ][safepoint      ] Safepoint "ICBufferFull", Time since last: 144192199 ns, Reaching safepoint: 228303 ns, At safepoint: 26400 ns, Total: 254703 ns
[3.532s][info ][safepoint      ] Safepoint "ICBufferFull", Time since last: 418951807 ns, Reaching safepoint: 3340947 ns, At safepoint: 34300 ns, Total: 3375247 ns
[3.567s][info ][safepoint      ] Safepoint "ICBufferFull", Time since last: 34528479 ns, Reaching safepoint: 155802 ns, At safepoint: 23900 ns, Total: 179702 ns
[3.579s][info ][safepoint      ] Safepoint "ICBufferFull", Time since last: 11647662 ns, Reaching safepoint: 108401 ns, At safepoint: 30601 ns, Total: 139002 ns
[3.585s][info ][safepoint      ] Safepoint "ICBufferFull", Time since last: 2927340 ns, Reaching safepoint: 3202045 ns, At safepoint: 28100 ns, Total: 3230145 ns
[3.589s][info ][safepoint      ] Safepoint "ICBufferFull", Time since last: 2997742 ns, Reaching safepoint: 977413 ns, At safepoint: 33501 ns, Total: 1010914 ns
[3.591s][info ][safepoint      ] Safepoint "ICBufferFull", Time since last: 1974027 ns, Reaching safepoint: 98001 ns, At safepoint: 22301 ns, Total: 120302 ns
[3.604s][info ][safepoint      ] Safepoint "ICBufferFull", Time since last: 11997166 ns, Reaching safepoint: 998014 ns, At safepoint: 18200 ns, Total: 1016214 ns
[3.608s][info ][safepoint      ] Safepoint "ICBufferFull", Time since last: 3911554 ns, Reaching safepoint: 49701 ns, At safepoint: 19900 ns, Total: 69601 ns
[3.624s][info ][safepoint      ] Safepoint "ICBufferFull", Time since last: 15308312 ns, Reaching safepoint: 690610 ns, At safepoint: 23000 ns, Total: 713610 ns
[3.633s][info ][safepoint      ] Safepoint "ICBufferFull", Time since last: 9199928 ns, Reaching safepoint: 132802 ns, At safepoint: 21500 ns, Total: 154302 ns
[3.638s][info ][safepoint      ] Safepoint "ICBufferFull", Time since last: 4786266 ns, Reaching safepoint: 137302 ns, At safepoint: 20000 ns, Total: 157302 ns
[3.649s][info ][safepoint      ] Safepoint "ICBufferFull", Time since last: 11139955 ns, Reaching safepoint: 136902 ns, At safepoint: 25500 ns, Total: 162402 ns
[3.651s][info ][safepoint      ] Safepoint "ICBufferFull", Time since last: 1558822 ns, Reaching safepoint: 100701 ns, At safepoint: 20900 ns, Total: 121601 ns
[3.659s][info ][safepoint      ] Safepoint "ICBufferFull", Time since last: 8249915 ns, Reaching safepoint: 60601 ns, At safepoint: 26800 ns, Total: 87401 ns
[3.663s][info ][safepoint      ] Safepoint "ICBufferFull", Time since last: 3280045 ns, Reaching safepoint: 118202 ns, At safepoint: 33701 ns, Total: 151903 ns
[3.665s][info ][safepoint      ] Safepoint "ICBufferFull", Time since last: 2460934 ns, Reaching safepoint: 130001 ns, At safepoint: 22901 ns, Total: 152902 ns
[3.668s][info ][safepoint      ] Safepoint "ICBufferFull", Time since last: 2243831 ns, Reaching safepoint: 118502 ns, At safepoint: 19900 ns, Total: 138402 ns
[3.669s][info ][safepoint      ] Safepoint "ICBufferFull", Time since last: 1380519 ns, Reaching safepoint: 107701 ns, At safepoint: 33801 ns, Total: 141502 ns
[3.676s][info ][safepoint      ] Safepoint "ICBufferFull", Time since last: 6030483 ns, Reaching safepoint: 126402 ns, At safepoint: 20201 ns, Total: 146603 ns
[3.678s][info ][safepoint      ] Safepoint "ICBufferFull", Time since last: 2238731 ns, Reaching safepoint: 104701 ns, At safepoint: 22100 ns, Total: 126801 ns
[3.684s][info ][safepoint      ] Safepoint "ICBufferFull", Time since last: 1663523 ns, Reaching safepoint: 4264959 ns, At safepoint: 29601 ns, Total: 4294560 ns
[3.690s][info ][safepoint      ] Safepoint "ICBufferFull", Time since last: 5796480 ns, Reaching safepoint: 116002 ns, At safepoint: 26400 ns, Total: 142402 ns
[3.695s][info ][safepoint      ] Safepoint "ICBufferFull", Time since last: 2274232 ns, Reaching safepoint: 3265545 ns, At safepoint: 26600 ns, Total: 3292145 ns
[3.700s][info ][safepoint      ] Safepoint "ICBufferFull", Time since last: 4193458 ns, Reaching safepoint: 111802 ns, At safepoint: 29000 ns, Total: 140802 ns
[3.702s][info ][safepoint      ] Safepoint "ICBufferFull", Time since last: 1745025 ns, Reaching safepoint: 101501 ns, At safepoint: 19400 ns, Total: 120901 ns
[3.705s][info ][safepoint      ] Safepoint "ICBufferFull", Time since last: 3483449 ns, Reaching safepoint: 116201 ns, At safepoint: 25101 ns, Total: 141302 ns
[3.707s][info ][safepoint      ] Safepoint "ICBufferFull", Time since last: 2057528 ns, Reaching safepoint: 118202 ns, At safepoint: 25700 ns, Total: 143902 ns
[3.726s][info ][safepoint      ] Safepoint "ICBufferFull", Time since last: 18496956 ns, Reaching safepoint: 184903 ns, At safepoint: 30900 ns, Total: 215803 ns
[3.806s][info ][safepoint      ] Safepoint "ICBufferFull", Time since last: 79373001 ns, Reaching safepoint: 202102 ns, At safepoint: 23501 ns, Total: 225603 ns
[3.898s][info ][safepoint      ] Safepoint "ICBufferFull", Time since last: 92398480 ns, Reaching safepoint: 211103 ns, At safepoint: 27001 ns, Total: 238104 ns
[3.899s][info ][safepoint      ] Safepoint "ICBufferFull", Time since last: 176502 ns, Reaching safepoint: 188903 ns, At safepoint: 21200 ns, Total: 210103 ns
[3.904s][info ][safepoint      ] Safepoint "ICBufferFull", Time since last: 4982569 ns, Reaching safepoint: 136402 ns, At safepoint: 24100 ns, Total: 160502 ns
[3.940s][info ][safepoint      ] Safepoint "ICBufferFull", Time since last: 35877298 ns, Reaching safepoint: 155702 ns, At safepoint: 28400 ns, Total: 184102 ns
[3.951s][info ][safepoint      ] Safepoint "ICBufferFull", Time since last: 10604347 ns, Reaching safepoint: 441206 ns, At safepoint: 30701 ns, Total: 471907 ns
[3.960s][info ][safepoint      ] Safepoint "ICBufferFull", Time since last: 8295915 ns, Reaching safepoint: 125702 ns, At safepoint: 45400 ns, Total: 171102 ns
[3.986s][info ][safepoint      ] Safepoint "ICBufferFull", Time since last: 26291565 ns, Reaching safepoint: 138002 ns, At safepoint: 23400 ns, Total: 161402 ns
[3.997s][info ][safepoint      ] Safepoint "ICBufferFull", Time since last: 8826322 ns, Reaching safepoint: 2151430 ns, At safepoint: 28700 ns, Total: 2180130 ns
[4.002s][info ][safepoint      ] Safepoint "ICBufferFull", Time since last: 5220373 ns, Reaching safepoint: 132902 ns, At safepoint: 30900 ns, Total: 163802 ns
[4.011s][info ][safepoint      ] Safepoint "ICBufferFull", Time since last: 8411317 ns, Reaching safepoint: 124101 ns, At safepoint: 21601 ns, Total: 145702 ns
[4.027s][info ][safepoint      ] Safepoint "ICBufferFull", Time since last: 15559116 ns, Reaching safepoint: 134501 ns, At safepoint: 26801 ns, Total: 161302 ns
[4.044s][info ][safepoint      ] Safepoint "ICBufferFull", Time since last: 17112837 ns, Reaching safepoint: 266704 ns, At safepoint: 18700 ns, Total: 285404 ns
[4.044s][info ][safepoint      ] Safepoint "ICBufferFull", Time since last: 65601 ns, Reaching safepoint: 91901 ns, At safepoint: 19900 ns, Total: 111801 ns
[4.050s][info ][safepoint      ] Safepoint "ICBufferFull", Time since last: 6003884 ns, Reaching safepoint: 144902 ns, At safepoint: 26400 ns, Total: 171302 ns
[4.066s][info ][safepoint      ] Safepoint "ICBufferFull", Time since last: 15374913 ns, Reaching safepoint: 130302 ns, At safepoint: 19700 ns, Total: 150002 ns
[4.074s][info ][safepoint      ] Safepoint "ICBufferFull", Time since last: 8065912 ns, Reaching safepoint: 118602 ns, At safepoint: 23500 ns, Total: 142102 ns
[4.103s][info ][safepoint      ] Safepoint "ICBufferFull", Time since last: 28235492 ns, Reaching safepoint: 133701 ns, At safepoint: 28101 ns, Total: 161802 ns
[4.110s][info ][safepoint      ] Safepoint "ICBufferFull", Time since last: 7418603 ns, Reaching safepoint: 191202 ns, At safepoint: 28601 ns, Total: 219803 ns
[4.116s][info ][safepoint      ] Safepoint "ICBufferFull", Time since last: 5283273 ns, Reaching safepoint: 128402 ns, At safepoint: 34600 ns, Total: 163002 ns
[4.119s][info ][safepoint      ] Safepoint "ICBufferFull", Time since last: 3459948 ns, Reaching safepoint: 119302 ns, At safepoint: 24000 ns, Total: 143302 ns
[4.135s][info ][safepoint      ] Safepoint "ICBufferFull", Time since last: 15228311 ns, Reaching safepoint: 130102 ns, At safepoint: 25500 ns, Total: 155602 ns
[4.141s][info ][safepoint      ] Safepoint "ICBufferFull", Time since last: 6565591 ns, Reaching safepoint: 111202 ns, At safepoint: 20300 ns, Total: 131502 ns
[4.146s][info ][safepoint      ] Safepoint "ICBufferFull", Time since last: 4540563 ns, Reaching safepoint: 121402 ns, At safepoint: 22300 ns, Total: 143702 ns
[4.153s][info ][safepoint      ] Safepoint "ICBufferFull", Time since last: 6857995 ns, Reaching safepoint: 133002 ns, At safepoint: 22300 ns, Total: 155302 ns
[4.159s][info ][safepoint      ] Safepoint "ICBufferFull", Time since last: 5691079 ns, Reaching safepoint: 130102 ns, At safepoint: 16600 ns, Total: 146702 ns
[4.167s][info ][safepoint      ] Safepoint "ICBufferFull", Time since last: 7790508 ns, Reaching safepoint: 409306 ns, At safepoint: 26300 ns, Total: 435606 ns
[4.179s][info ][safepoint      ] Safepoint "ICBufferFull", Time since last: 11424559 ns, Reaching safepoint: 124502 ns, At safepoint: 26600 ns, Total: 151102 ns
[4.190s][info ][safepoint      ] Safepoint "ICBufferFull", Time since last: 9461631 ns, Reaching safepoint: 2165430 ns, At safepoint: 31001 ns, Total: 2196431 ns
[4.200s][info ][safepoint      ] Safepoint "ICBufferFull", Time since last: 9385530 ns, Reaching safepoint: 705009 ns, At safepoint: 30301 ns, Total: 735310 ns
[4.209s][info ][safepoint      ] Safepoint "ICBufferFull", Time since last: 8789622 ns, Reaching safepoint: 130002 ns, At safepoint: 22100 ns, Total: 152102 ns
[4.218s][info ][safepoint      ] Safepoint "ICBufferFull", Time since last: 8139513 ns, Reaching safepoint: 138602 ns, At safepoint: 22300 ns, Total: 160902 ns
[4.226s][info ][safepoint      ] Safepoint "ICBufferFull", Time since last: 8229414 ns, Reaching safepoint: 115402 ns, At safepoint: 26400 ns, Total: 141802 ns
[4.237s][info ][safepoint      ] Safepoint "ICBufferFull", Time since last: 4786366 ns, Reaching safepoint: 6369389 ns, At safepoint: 35700 ns, Total: 6405089 ns
[4.246s][info ][safepoint      ] Safepoint "ICBufferFull", Time since last: 3710752 ns, Reaching safepoint: 5296373 ns, At safepoint: 32800 ns, Total: 5329173 ns
[4.251s][info ][safepoint      ] Safepoint "ICBufferFull", Time since last: 4816867 ns, Reaching safepoint: 125202 ns, At safepoint: 25000 ns, Total: 150202 ns
[4.254s][info ][safepoint      ] Safepoint "ICBufferFull", Time since last: 2567036 ns, Reaching safepoint: 108101 ns, At safepoint: 28501 ns, Total: 136602 ns
[4.257s][info ][safepoint      ] Safepoint "ICBufferFull", Time since last: 2793439 ns, Reaching safepoint: 97101 ns, At safepoint: 25800 ns, Total: 122901 ns
[4.263s][info ][safepoint      ] Safepoint "ICBufferFull", Time since last: 5711779 ns, Reaching safepoint: 108602 ns, At safepoint: 24600 ns, Total: 133202 ns
[4.270s][info ][safepoint      ] Safepoint "ICBufferFull", Time since last: 6669993 ns, Reaching safepoint: 176102 ns, At safepoint: 26101 ns, Total: 202203 ns
[4.274s][info ][safepoint      ] Safepoint "ICBufferFull", Time since last: 4230458 ns, Reaching safepoint: 190703 ns, At safepoint: 22200 ns, Total: 212903 ns
[4.290s][info ][safepoint      ] Safepoint "ICBufferFull", Time since last: 15805919 ns, Reaching safepoint: 137902 ns, At safepoint: 26001 ns, Total: 163903 ns
[4.301s][info ][safepoint      ] Safepoint "ICBufferFull", Time since last: 7460703 ns, Reaching safepoint: 3186844 ns, At safepoint: 50801 ns, Total: 3237645 ns
[4.304s][info ][safepoint      ] Safepoint "ICBufferFull", Time since last: 2850939 ns, Reaching safepoint: 105802 ns, At safepoint: 25400 ns, Total: 131202 ns
[4.377s][info ][safepoint      ] Safepoint "ICBufferFull", Time since last: 68643652 ns, Reaching safepoint: 4307060 ns, At safepoint: 26700 ns, Total: 4333760 ns
[4.408s][info ][safepoint      ] Safepoint "ParallelGCFailedAllocation", Time since last: 31398835 ns, Reaching safepoint: 172303 ns, At safepoint: 38400 ns, Total: 210703 ns
[4.408s][info ][gc,start       ] GC(4) Pause Young (GCLocker Initiated GC)
[4.525s][debug][gc,phases      ] GC(4) Scavenge 116.056ms
[4.525s][debug][gc,ref         ] GC(4) Skipped phase 1 of Reference Processing: no references
[4.525s][debug][gc,ref         ] GC(4) Skipped phase 3 of Reference Processing: no references
[4.525s][debug][gc,phases      ] GC(4) Reference Processing 0.425ms
[4.526s][debug][gc,phases      ] GC(4) Weak Processing 1.325ms
[4.526s][debug][gc,age         ] GC(4) Desired survivor size 536870912 bytes, new threshold 7 (max threshold 15)
[4.526s][info ][gc,heap        ] GC(4) PSYoungGen: 1097476K(1572864K)->153400K(1572864K) Eden: 1048576K(1048576K)->0K(1048576K) From: 48900K(524288K)->153400K(524288K)
[4.526s][info ][gc,heap        ] GC(4) ParOldGen: 5700K(6144K)->5716K(6144K)
[4.526s][info ][gc,metaspace   ] GC(4) Metaspace: 49868K(50368K)->49868K(50368K) NonClass: 42667K(42944K)->42667K(42944K) Class: 7200K(7424K)->7200K(7424K)
[4.526s][info ][gc             ] GC(4) Pause Young (GCLocker Initiated GC) 1077M->155M(1542M) 117.939ms
[4.526s][info ][gc,cpu         ] GC(4) User=0.38s Sys=0.09s Real=0.12s
[4.527s][info ][safepoint      ] Safepoint "ParallelGCSystemGC", Time since last: 135702 ns, Reaching safepoint: 96102 ns, At safepoint: 118054136 ns, Total: 118150238 ns
[4.745s][info ][gc,start       ] GC(5) Pause Young (Allocation Failure)
[4.832s][debug][gc,phases      ] GC(5) Scavenge 86.699ms
[4.832s][debug][gc,ref         ] GC(5) Skipped phase 1 of Reference Processing: no references
[4.832s][debug][gc,ref         ] GC(5) Skipped phase 3 of Reference Processing: no references
[4.832s][debug][gc,phases      ] GC(5) Reference Processing 0.162ms
[4.833s][debug][gc,phases      ] GC(5) Weak Processing 1.448ms
[4.833s][debug][gc,age         ] GC(5) Desired survivor size 536870912 bytes, new threshold 7 (max threshold 15)
[4.833s][info ][gc,heap        ] GC(5) PSYoungGen: 1201976K(1572864K)->163654K(1572864K) Eden: 1048576K(1048576K)->0K(1048576K) From: 153400K(524288K)->163654K(524288K)
[4.833s][info ][gc,heap        ] GC(5) ParOldGen: 5717K(6144K)->5725K(6144K)
[4.833s][info ][gc,metaspace   ] GC(5) Metaspace: 50806K(51328K)->50806K(51328K) NonClass: 43464K(43712K)->43464K(43712K) Class: 7342K(7616K)->7342K(7616K)
[4.833s][info ][gc             ] GC(5) Pause Young (Allocation Failure) 1179M->165M(1542M) 88.468ms
[4.833s][info ][gc,cpu         ] GC(5) User=0.32s Sys=0.03s Real=0.09s
[4.833s][info ][safepoint      ] Safepoint "ParallelGCFailedAllocation", Time since last: 216099796 ns, Reaching safepoint: 2220431 ns, At safepoint: 88586928 ns, Total: 90807359 ns
[5.248s][info ][gc,start       ] GC(6) Pause Young (Allocation Failure)
[5.325s][debug][gc,phases      ] GC(6) Scavenge 76.420ms
[5.325s][debug][gc,ref         ] GC(6) Skipped phase 1 of Reference Processing: no references
[5.325s][debug][gc,ref         ] GC(6) Skipped phase 3 of Reference Processing: no references
[5.325s][debug][gc,phases      ] GC(6) Reference Processing 0.312ms
[5.326s][debug][gc,phases      ] GC(6) Weak Processing 1.498ms
[5.327s][debug][gc,age         ] GC(6) Desired survivor size 248512512 bytes, new threshold 6 (max threshold 15)
[5.327s][info ][gc,heap        ] GC(6) PSYoungGen: 1212230K(1572864K)->167822K(1572864K) Eden: 1048576K(1048576K)->0K(1048576K) From: 163654K(524288K)->167822K(524288K)
[5.327s][info ][gc,heap        ] GC(6) ParOldGen: 5725K(6144K)->5733K(6144K)
[5.327s][info ][gc,metaspace   ] GC(6) Metaspace: 53384K(53888K)->53384K(53888K) NonClass: 45550K(45824K)->45550K(45824K) Class: 7834K(8064K)->7834K(8064K)
[5.327s][info ][gc             ] GC(6) Pause Young (Allocation Failure) 1189M->169M(1542M) 78.397ms
[5.327s][info ][gc,cpu         ] GC(6) User=0.29s Sys=0.03s Real=0.08s
[5.327s][info ][safepoint      ] Safepoint "ParallelGCFailedAllocation", Time since last: 396008992 ns, Reaching safepoint: 18704059 ns, At safepoint: 78499089 ns, Total: 97203148 ns
[5.716s][info ][gc,start       ] GC(7) Pause Young (Allocation Failure)
[5.809s][debug][gc,phases      ] GC(7) Scavenge 92.618ms
[5.809s][debug][gc,ref         ] GC(7) Skipped phase 1 of Reference Processing: no references
[5.809s][debug][gc,ref         ] GC(7) Skipped phase 3 of Reference Processing: no references
[5.809s][debug][gc,phases      ] GC(7) Reference Processing 0.373ms
[5.810s][debug][gc,phases      ] GC(7) Weak Processing 1.327ms
[5.810s][debug][gc,age         ] GC(7) Desired survivor size 262668288 bytes, new threshold 5 (max threshold 15)
[5.810s][info ][gc,heap        ] GC(7) PSYoungGen: 1216398K(1572864K)->172502K(1826816K) Eden: 1048576K(1048576K)->0K(1584128K) From: 167822K(524288K)->172502K(242688K)
[5.810s][info ][gc,heap        ] GC(7) ParOldGen: 5733K(6144K)->5741K(6144K)
[5.810s][info ][gc,metaspace   ] GC(7) Metaspace: 53739K(54208K)->53739K(54208K) NonClass: 45883K(46144K)->45883K(46144K) Class: 7856K(8064K)->7856K(8064K)
[5.810s][info ][gc             ] GC(7) Pause Young (Allocation Failure) 1193M->174M(1790M) 94.465ms
[5.810s][info ][gc,cpu         ] GC(7) User=0.25s Sys=0.12s Real=0.09s
[5.810s][info ][safepoint      ] Safepoint "ParallelGCFailedAllocation", Time since last: 388900993 ns, Reaching safepoint: 320304 ns, At safepoint: 94600412 ns, Total: 94920716 ns
[6.360s][info ][gc,start       ] GC(8) Pause Young (Allocation Failure)
[6.453s][debug][gc,phases      ] GC(8) Scavenge 93.676ms
[6.453s][debug][gc,ref         ] GC(8) Skipped phase 1 of Reference Processing: no references
[6.454s][debug][gc,ref         ] GC(8) Skipped phase 3 of Reference Processing: no references
[6.454s][debug][gc,phases      ] GC(8) Reference Processing 0.224ms
[6.455s][debug][gc,phases      ] GC(8) Weak Processing 1.541ms
[6.455s][debug][gc,age         ] GC(8) Desired survivor size 250609664 bytes, new threshold 4 (max threshold 15)
[6.455s][info ][gc,heap        ] GC(8) PSYoungGen: 1756630K(1826816K)->134609K(1840640K) Eden: 1584128K(1584128K)->0K(1584128K) From: 172502K(242688K)->134609K(256512K)
[6.455s][info ][gc,heap        ] GC(8) ParOldGen: 5741K(6144K)->53959K(54272K)
[6.455s][info ][gc,metaspace   ] GC(8) Metaspace: 53936K(54464K)->53936K(54464K) NonClass: 46053K(46336K)->46053K(46336K) Class: 7882K(8128K)->7882K(8128K)
[6.455s][info ][gc             ] GC(8) Pause Young (Allocation Failure) 1721M->184M(1850M) 95.616ms
[6.455s][info ][gc,cpu         ] GC(8) User=0.40s Sys=0.02s Real=0.10s
[6.455s][debug][gc,phases      ] GC(9) Pre Compact 0.010ms
[6.455s][info ][gc,start       ] GC(9) Pause Full (Ergonomics)
[6.455s][info ][gc,phases,start] GC(9) Marking Phase
[6.535s][debug][gc,phases      ] GC(9) Par Mark 79.957ms
[6.535s][debug][gc,ref         ] GC(9) Skipped phase 1 of Reference Processing: no references
[6.536s][debug][gc,ref         ] GC(9) Skipped phase 3 of Reference Processing: no references
[6.536s][debug][gc,phases      ] GC(9) Reference Processing 0.181ms
[6.536s][debug][gc,phases      ] GC(9) Weak Processing 0.510ms
[6.536s][debug][gc,phases      ] GC(9) ClassLoaderData 0.217ms
[6.536s][debug][gc,phases      ] GC(9) Trigger cleanups 0.011ms
[6.548s][debug][gc,phases      ] GC(9) Class Unloading 11.972ms
[6.548s][info ][gc,phases      ] GC(9) Marking Phase 92.789ms
[6.548s][info ][gc,phases,start] GC(9) Summary Phase
[6.548s][info ][gc,phases      ] GC(9) Summary Phase 0.009ms
[6.548s][info ][gc,phases,start] GC(9) Adjust Roots
[6.566s][info ][gc,phases      ] GC(9) Adjust Roots 17.821ms
[6.566s][info ][gc,phases,start] GC(9) Compaction Phase
[7.210s][info ][gc,phases      ] GC(9) Compaction Phase 643.898ms
[7.210s][info ][gc,phases,start] GC(9) Post Compact
[7.211s][info ][gc,phases      ] GC(9) Post Compact 1.044ms
[7.211s][info ][gc,heap        ] GC(9) PSYoungGen: 134609K(1840640K)->133787K(1840640K) Eden: 0K(1584128K)->0K(1584128K) From: 134609K(256512K)->133787K(256512K)
[7.211s][info ][gc,heap        ] GC(9) ParOldGen: 53959K(54272K)->54206K(88576K)
[7.211s][info ][gc,metaspace   ] GC(9) Metaspace: 53936K(54464K)->53911K(54464K) NonClass: 46053K(46336K)->46036K(46336K) Class: 7882K(8128K)->7875K(8128K)
[7.211s][info ][gc             ] GC(9) Pause Full (Ergonomics) 184M->183M(1884M) 755.794ms
[7.211s][info ][gc,cpu         ] GC(9) User=1.90s Sys=0.01s Real=0.75s
[7.211s][info ][safepoint      ] Safepoint "ParallelGCFailedAllocation", Time since last: 548955814 ns, Reaching safepoint: 154103 ns, At safepoint: 851602613 ns, Total: 851756716 ns
[7.304s][info ][safepoint      ] Safepoint "ICBufferFull", Time since last: 92338781 ns, Reaching safepoint: 326905 ns, At safepoint: 31300 ns, Total: 358205 ns
[7.710s][info ][gc,start       ] GC(10) Pause Young (Allocation Failure)
[7.815s][debug][gc,phases      ] GC(10) Scavenge 105.109ms
[7.815s][debug][gc,ref         ] GC(10) Skipped phase 1 of Reference Processing: no references
[7.815s][debug][gc,ref         ] GC(10) Skipped phase 3 of Reference Processing: no references
[7.815s][debug][gc,phases      ] GC(10) Reference Processing 0.066ms
[7.817s][debug][gc,phases      ] GC(10) Weak Processing 1.280ms
[7.817s][debug][gc,age         ] GC(10) Desired survivor size 256376832 bytes, new threshold 5 (max threshold 15)
[7.817s][info ][gc,heap        ] GC(10) PSYoungGen: 1717915K(1840640K)->20024K(1841152K) Eden: 1584128K(1584128K)->0K(1596416K) From: 133787K(256512K)->20024K(244736K)
[7.817s][info ][gc,heap        ] GC(10) ParOldGen: 54206K(88576K)->169676K(169984K)
[7.817s][info ][gc,metaspace   ] GC(10) Metaspace: 55124K(55616K)->55124K(55616K) NonClass: 47074K(47360K)->47074K(47360K) Class: 8049K(8256K)->8049K(8256K)
[7.817s][info ][gc             ] GC(10) Pause Young (Allocation Failure) 1730M->185M(1964M) 106.627ms
[7.817s][info ][gc,cpu         ] GC(10) User=0.41s Sys=0.03s Real=0.11s
[7.817s][debug][gc,phases      ] GC(11) Pre Compact 0.011ms
[7.817s][info ][gc,start       ] GC(11) Pause Full (Ergonomics)
[7.817s][info ][gc,phases,start] GC(11) Marking Phase
[7.894s][debug][gc,phases      ] GC(11) Par Mark 76.850ms
[7.894s][debug][gc,ref         ] GC(11) Skipped phase 1 of Reference Processing: no references
[7.894s][debug][gc,ref         ] GC(11) Skipped phase 3 of Reference Processing: no references
[7.894s][debug][gc,phases      ] GC(11) Reference Processing 0.202ms
[7.895s][debug][gc,phases      ] GC(11) Weak Processing 0.449ms
[7.895s][debug][gc,phases      ] GC(11) ClassLoaderData 0.049ms
[7.895s][debug][gc,phases      ] GC(11) Trigger cleanups 0.000ms
[7.900s][debug][gc,phases      ] GC(11) Class Unloading 5.962ms
[7.900s][info ][gc,phases      ] GC(11) Marking Phase 83.604ms
[7.900s][info ][gc,phases,start] GC(11) Summary Phase
[7.901s][info ][gc,phases      ] GC(11) Summary Phase 0.009ms
[7.901s][info ][gc,phases,start] GC(11) Adjust Roots
[7.911s][info ][gc,phases      ] GC(11) Adjust Roots 10.783ms
[7.911s][info ][gc,phases,start] GC(11) Compaction Phase
[8.164s][info ][gc,phases      ] GC(11) Compaction Phase 253.073ms
[8.164s][info ][gc,phases,start] GC(11) Post Compact
[8.165s][info ][gc,phases      ] GC(11) Post Compact 0.533ms
[8.165s][info ][gc,heap        ] GC(11) PSYoungGen: 20024K(1841152K)->19448K(1841152K) Eden: 0K(1596416K)->0K(1596416K) From: 20024K(244736K)->19448K(244736K)
[8.165s][info ][gc,heap        ] GC(11) ParOldGen: 169676K(169984K)->169779K(256512K)
[8.165s][info ][gc,metaspace   ] GC(11) Metaspace: 55124K(55616K)->55124K(55616K) NonClass: 47074K(47360K)->47074K(47360K) Class: 8049K(8256K)->8049K(8256K)
[8.165s][info ][gc             ] GC(11) Pause Full (Ergonomics) 185M->184M(2048M) 348.257ms
[8.165s][info ][gc,cpu         ] GC(11) User=1.11s Sys=0.02s Real=0.35s
[8.179s][info ][safepoint      ] Safepoint "ParallelGCFailedAllocation", Time since last: 406064434 ns, Reaching safepoint: 229404 ns, At safepoint: 469332612 ns, Total: 469562016 ns
[8.522s][info ][safepoint      ] Safepoint "ParallelGCFailedAllocation", Time since last: 340675628 ns, Reaching safepoint: 2245131 ns, At safepoint: 35201 ns, Total: 2280332 ns
[8.523s][info ][gc,start       ] GC(12) Pause Young (Allocation Failure)
[8.551s][debug][gc,phases      ] GC(12) Scavenge 28.602ms
[8.551s][debug][gc,ref         ] GC(12) Skipped phase 1 of Reference Processing: no references
[8.551s][debug][gc,ref         ] GC(12) Skipped phase 3 of Reference Processing: no references
[8.551s][debug][gc,phases      ] GC(12) Reference Processing 0.068ms
[8.552s][debug][gc,phases      ] GC(12) Weak Processing 0.546ms
[8.552s][debug][gc,age         ] GC(12) Desired survivor size 258473984 bytes, new threshold 6 (max threshold 15)
[8.552s][info ][gc,heap        ] GC(12) PSYoungGen: 1615864K(1841152K)->13080K(1609728K) Eden: 1596416K(1596416K)->0K(1596416K) From: 19448K(244736K)->13080K(13312K)
[8.552s][info ][gc,heap        ] GC(12) ParOldGen: 169781K(256512K)->169789K(256512K)
[8.552s][info ][gc,metaspace   ] GC(12) Metaspace: 55636K(56128K)->55636K(56128K) NonClass: 47532K(47808K)->47532K(47808K) Class: 8103K(8320K)->8103K(8320K)
[8.552s][info ][gc             ] GC(12) Pause Young (Allocation Failure) 1743M->178M(1822M) 29.317ms
[8.552s][info ][gc,cpu         ] GC(12) User=0.10s Sys=0.01s Real=0.04s
[8.552s][info ][safepoint      ] Safepoint "ParallelGCFailedAllocation", Time since last: 106001 ns, Reaching safepoint: 91902 ns, At safepoint: 29414708 ns, Total: 29506610 ns
[9.001s][info ][gc,start       ] GC(13) Pause Young (Allocation Failure)
[9.019s][debug][gc,phases      ] GC(13) Scavenge 18.633ms
[9.019s][debug][gc,ref         ] GC(13) Skipped phase 1 of Reference Processing: no references
[9.019s][debug][gc,ref         ] GC(13) Skipped phase 3 of Reference Processing: no references
[9.019s][debug][gc,phases      ] GC(13) Reference Processing 0.164ms
[9.020s][debug][gc,phases      ] GC(13) Weak Processing 0.600ms
[9.020s][debug][gc,age         ] GC(13) Desired survivor size 257949696 bytes, new threshold 7 (max threshold 15)
[9.020s][info ][gc,heap        ] GC(13) PSYoungGen: 1609496K(1609728K)->14936K(1845248K) Eden: 1596416K(1596416K)->0K(1592832K) From: 13080K(13312K)->14936K(252416K)
[9.020s][info ][gc,heap        ] GC(13) ParOldGen: 169789K(256512K)->169797K(256512K)
[9.020s][info ][gc,metaspace   ] GC(13) Metaspace: 55982K(56512K)->55982K(56512K) NonClass: 47845K(48128K)->47845K(48128K) Class: 8137K(8384K)->8137K(8384K)
[9.020s][info ][gc             ] GC(13) Pause Young (Allocation Failure) 1737M->180M(2052M) 19.557ms
[9.020s][info ][gc,cpu         ] GC(13) User=0.05s Sys=0.01s Real=0.02s
[9.020s][info ][safepoint      ] Safepoint "ParallelGCFailedAllocation", Time since last: 442976648 ns, Reaching safepoint: 5445075 ns, At safepoint: 19688073 ns, Total: 25133148 ns
[9.437s][info ][gc,start       ] GC(14) Pause Young (Allocation Failure)
[9.448s][debug][gc,phases      ] GC(14) Scavenge 11.536ms
[9.448s][debug][gc,ref         ] GC(14) Skipped phase 1 of Reference Processing: no references
[9.448s][debug][gc,ref         ] GC(14) Skipped phase 3 of Reference Processing: no references
[9.448s][debug][gc,ref         ] GC(14) Skipped phase 4 of Reference Processing: no references
[9.448s][debug][gc,phases      ] GC(14) Reference Processing 0.082ms
[9.449s][debug][gc,phases      ] GC(14) Weak Processing 0.552ms
[9.449s][debug][gc,age         ] GC(14) Desired survivor size 253755392 bytes, new threshold 8 (max threshold 15)
[9.449s][info ][gc,heap        ] GC(14) PSYoungGen: 1607768K(1845248K)->18048K(1844736K) Eden: 1592832K(1592832K)->0K(1592832K) From: 14936K(252416K)->18048K(251904K)
[9.449s][info ][gc,heap        ] GC(14) ParOldGen: 169797K(256512K)->169797K(256512K)
[9.449s][info ][gc,metaspace   ] GC(14) Metaspace: 55999K(56512K)->55999K(56512K) NonClass: 47860K(48128K)->47860K(48128K) Class: 8138K(8384K)->8138K(8384K)
[9.449s][info ][gc             ] GC(14) Pause Young (Allocation Failure) 1735M->183M(2052M) 12.329ms
[9.449s][info ][gc,cpu         ] GC(14) User=0.05s Sys=0.00s Real=0.01s
[9.449s][info ][safepoint      ] Safepoint "ParallelGCFailedAllocation", Time since last: 416202078 ns, Reaching safepoint: 289104 ns, At safepoint: 12456173 ns, Total: 12745277 ns
[9.752s][info ][safepoint      ] Safepoint "ICBufferFull", Time since last: 301835990 ns, Reaching safepoint: 950813 ns, At safepoint: 28000 ns, Total: 978813 ns
[9.859s][info ][gc,start       ] GC(15) Pause Young (Allocation Failure)
[9.871s][debug][gc,phases      ] GC(15) Scavenge 11.633ms
[9.871s][debug][gc,ref         ] GC(15) Skipped phase 1 of Reference Processing: no references
[9.871s][debug][gc,ref         ] GC(15) Skipped phase 3 of Reference Processing: no references
[9.871s][debug][gc,ref         ] GC(15) Skipped phase 4 of Reference Processing: no references
[9.871s][debug][gc,phases      ] GC(15) Reference Processing 0.090ms
[9.872s][debug][gc,phases      ] GC(15) Weak Processing 0.667ms
[9.872s][debug][gc,age         ] GC(15) Desired survivor size 247988224 bytes, new threshold 9 (max threshold 15)
[9.872s][info ][gc,heap        ] GC(15) PSYoungGen: 1610880K(1844736K)->20760K(1854976K) Eden: 1592832K(1592832K)->0K(1607168K) From: 18048K(251904K)->20760K(247808K)
[9.872s][info ][gc,heap        ] GC(15) ParOldGen: 169797K(256512K)->169797K(256512K)
[9.872s][info ][gc,metaspace   ] GC(15) Metaspace: 56014K(56512K)->56014K(56512K) NonClass: 47875K(48128K)->47875K(48128K) Class: 8139K(8384K)->8139K(8384K)
[9.872s][info ][gc             ] GC(15) Pause Young (Allocation Failure) 1738M->186M(2062M) 12.559ms
[9.872s][info ][gc,cpu         ] GC(15) User=0.05s Sys=0.00s Real=0.02s
[9.872s][info ][safepoint      ] Safepoint "ParallelGCFailedAllocation", Time since last: 107168688 ns, Reaching safepoint: 338605 ns, At safepoint: 12678976 ns, Total: 13017581 ns
[10.212s][info ][safepoint      ] Safepoint "ICBufferFull", Time since last: 338872405 ns, Reaching safepoint: 830911 ns, At safepoint: 28401 ns, Total: 859312 ns
[10.212s][info ][safepoint      ] Safepoint "ICBufferFull", Time since last: 114501 ns, Reaching safepoint: 93302 ns, At safepoint: 26200 ns, Total: 119502 ns
[10.213s][info ][safepoint      ] Safepoint "ICBufferFull", Time since last: 833312 ns, Reaching safepoint: 125001 ns, At safepoint: 23601 ns, Total: 148602 ns
[10.214s][info ][safepoint      ] Safepoint "ICBufferFull", Time since last: 783110 ns, Reaching safepoint: 117202 ns, At safepoint: 21400 ns, Total: 138602 ns
[10.215s][info ][safepoint      ] Safepoint "ICBufferFull", Time since last: 894513 ns, Reaching safepoint: 107301 ns, At safepoint: 19601 ns, Total: 126902 ns
[10.216s][info ][safepoint      ] Safepoint "ICBufferFull", Time since last: 757410 ns, Reaching safepoint: 117902 ns, At safepoint: 18300 ns, Total: 136202 ns
[10.310s][info ][gc,start       ] GC(16) Pause Young (Allocation Failure)
[10.324s][debug][gc,phases      ] GC(16) Scavenge 13.694ms
[10.324s][debug][gc,ref         ] GC(16) Skipped phase 1 of Reference Processing: no references
[10.324s][debug][gc,ref         ] GC(16) Skipped phase 3 of Reference Processing: no references
[10.324s][debug][gc,phases      ] GC(16) Reference Processing 0.108ms
[10.324s][debug][gc,phases      ] GC(16) Weak Processing 0.787ms
[10.324s][debug][gc,age         ] GC(16) Desired survivor size 240648192 bytes, new threshold 10 (max threshold 15)
[10.324s][info ][gc,heap        ] GC(16) PSYoungGen: 1627928K(1854976K)->23288K(1849344K) Eden: 1607168K(1607168K)->0K(1607168K) From: 20760K(247808K)->23288K(242176K)
[10.325s][info ][gc,heap        ] GC(16) ParOldGen: 169797K(256512K)->169805K(256512K)
[10.325s][info ][gc,metaspace   ] GC(16) Metaspace: 56941K(57472K)->56941K(57472K) NonClass: 48637K(48960K)->48637K(48960K) Class: 8303K(8512K)->8303K(8512K)
[10.325s][info ][gc             ] GC(16) Pause Young (Allocation Failure) 1755M->188M(2056M) 14.760ms
[10.325s][info ][gc,cpu         ] GC(16) User=0.05s Sys=0.00s Real=0.02s
[10.325s][info ][safepoint      ] Safepoint "ParallelGCFailedAllocation", Time since last: 93625600 ns, Reaching safepoint: 200903 ns, At safepoint: 14894507 ns, Total: 15095410 ns
[10.712s][info ][gc,start       ] GC(17) Pause Young (Allocation Failure)
[10.725s][debug][gc,phases      ] GC(17) Scavenge 13.028ms
[10.725s][debug][gc,ref         ] GC(17) Skipped phase 1 of Reference Processing: no references
[10.726s][debug][gc,ref         ] GC(17) Skipped phase 3 of Reference Processing: no references
[10.726s][debug][gc,phases      ] GC(17) Reference Processing 0.079ms
[10.726s][debug][gc,phases      ] GC(17) Weak Processing 0.643ms
[10.726s][debug][gc,age         ] GC(17) Desired survivor size 232259584 bytes, new threshold 11 (max threshold 15)
[10.726s][info ][gc,heap        ] GC(17) PSYoungGen: 1630456K(1849344K)->24712K(1870336K) Eden: 1607168K(1607168K)->0K(1635328K) From: 23288K(242176K)->24712K(235008K)
[10.726s][info ][gc,heap        ] GC(17) ParOldGen: 169805K(256512K)->169813K(256512K)
[10.726s][info ][gc,metaspace   ] GC(17) Metaspace: 59946K(60480K)->59946K(60480K) NonClass: 51273K(51520K)->51273K(51520K) Class: 8672K(8960K)->8672K(8960K)
[10.726s][info ][gc             ] GC(17) Pause Young (Allocation Failure) 1758M->189M(2077M) 13.896ms
[10.726s][info ][gc,cpu         ] GC(17) User=0.06s Sys=0.01s Real=0.01s
[10.726s][info ][safepoint      ] Safepoint "ParallelGCFailedAllocation", Time since last: 386772470 ns, Reaching safepoint: 908213 ns, At safepoint: 14035494 ns, Total: 14943707 ns
[11.134s][info ][gc,start       ] GC(18) Pause Young (Allocation Failure)
[11.182s][debug][gc,phases      ] GC(18) Scavenge 47.889ms
[11.182s][debug][gc,ref         ] GC(18) Skipped phase 1 of Reference Processing: no references
[11.182s][debug][gc,ref         ] GC(18) Skipped phase 3 of Reference Processing: no references
[11.182s][debug][gc,phases      ] GC(18) Reference Processing 0.142ms
[11.183s][debug][gc,phases      ] GC(18) Weak Processing 0.645ms
[11.183s][debug][gc,age         ] GC(18) Desired survivor size 220200960 bytes, new threshold 12 (max threshold 15)
[11.183s][info ][gc,heap        ] GC(18) PSYoungGen: 1660040K(1870336K)->79209K(1862144K) Eden: 1635328K(1635328K)->0K(1635328K) From: 24712K(235008K)->79209K(226816K)
[11.183s][info ][gc,heap        ] GC(18) ParOldGen: 169813K(256512K)->169821K(256512K)
[11.183s][info ][gc,metaspace   ] GC(18) Metaspace: 61759K(62336K)->61759K(62336K) NonClass: 52863K(53184K)->52863K(53184K) Class: 8895K(9152K)->8895K(9152K)
[11.183s][info ][gc             ] GC(18) Pause Young (Allocation Failure) 1786M->243M(2069M) 48.838ms
[11.183s][info ][gc,cpu         ] GC(18) User=0.20s Sys=0.00s Real=0.04s
[11.183s][info ][safepoint      ] Safepoint "ParallelGCFailedAllocation", Time since last: 407183255 ns, Reaching safepoint: 230603 ns, At safepoint: 48962580 ns, Total: 49193183 ns
[11.584s][info ][gc,start       ] GC(19) Pause Young (Allocation Failure)
[11.630s][debug][gc,phases      ] GC(19) Scavenge 46.149ms
[11.630s][debug][gc,ref         ] GC(19) Skipped phase 1 of Reference Processing: no references
[11.630s][debug][gc,ref         ] GC(19) Skipped phase 3 of Reference Processing: no references
[11.630s][debug][gc,phases      ] GC(19) Reference Processing 0.141ms
[11.631s][debug][gc,phases      ] GC(19) Weak Processing 0.621ms
[11.631s][debug][gc,age         ] GC(19) Desired survivor size 212860928 bytes, new threshold 13 (max threshold 15)
[11.631s][info ][gc,heap        ] GC(19) PSYoungGen: 1714537K(1862144K)->87513K(1889280K) Eden: 1635328K(1635328K)->0K(1674240K) From: 79209K(226816K)->87513K(215040K)
[11.631s][info ][gc,heap        ] GC(19) ParOldGen: 169821K(256512K)->169829K(256512K)
[11.631s][info ][gc,metaspace   ] GC(19) Metaspace: 62505K(63040K)->62505K(63040K) NonClass: 53515K(53824K)->53515K(53824K) Class: 8989K(9216K)->8989K(9216K)
[11.631s][info ][gc             ] GC(19) Pause Young (Allocation Failure) 1840M->251M(2095M) 47.059ms
[11.631s][info ][gc,cpu         ] GC(19) User=0.17s Sys=0.01s Real=0.04s
[11.631s][info ][safepoint      ] Safepoint "ParallelGCFailedAllocation", Time since last: 400800366 ns, Reaching safepoint: 224404 ns, At safepoint: 47172655 ns, Total: 47397059 ns
[12.020s][info ][safepoint      ] Safepoint "ICBufferFull", Time since last: 388816500 ns, Reaching safepoint: 239803 ns, At safepoint: 30401 ns, Total: 270204 ns
[12.109s][info ][gc,start       ] GC(20) Pause Young (Allocation Failure)
[12.162s][debug][gc,phases      ] GC(20) Scavenge 53.881ms
[12.163s][debug][gc,ref         ] GC(20) Skipped phase 1 of Reference Processing: no references
[12.163s][debug][gc,ref         ] GC(20) Skipped phase 3 of Reference Processing: no references
[12.163s][debug][gc,phases      ] GC(20) Reference Processing 0.118ms
[12.163s][debug][gc,phases      ] GC(20) Weak Processing 0.611ms
[12.163s][debug][gc,age         ] GC(20) Desired survivor size 208666624 bytes, new threshold 14 (max threshold 15)
[12.163s][info ][gc,heap        ] GC(20) PSYoungGen: 1761753K(1889280K)->97305K(1882112K) Eden: 1674240K(1674240K)->0K(1674240K) From: 87513K(215040K)->97305K(207872K)
[12.163s][info ][gc,heap        ] GC(20) ParOldGen: 169829K(256512K)->169837K(256512K)
[12.163s][info ][gc,metaspace   ] GC(20) Metaspace: 62932K(63488K)->62932K(63488K) NonClass: 53905K(54208K)->53905K(54208K) Class: 9027K(9280K)->9027K(9280K)
[12.163s][info ][gc             ] GC(20) Pause Young (Allocation Failure) 1886M->260M(2088M) 54.754ms
[12.163s][info ][gc,cpu         ] GC(20) User=0.21s Sys=0.00s Real=0.05s
[12.163s][info ][safepoint      ] Safepoint "ParallelGCFailedAllocation", Time since last: 85253084 ns, Reaching safepoint: 3253545 ns, At safepoint: 54877263 ns, Total: 58130808 ns
[12.383s][info ][safepoint      ] Safepoint "ICBufferFull", Time since last: 219678251 ns, Reaching safepoint: 281304 ns, At safepoint: 33701 ns, Total: 315005 ns
[12.556s][info ][gc,start       ] GC(21) Pause Young (Allocation Failure)
[12.619s][debug][gc,phases      ] GC(21) Scavenge 63.121ms
[12.619s][debug][gc,ref         ] GC(21) Skipped phase 1 of Reference Processing: no references
[12.619s][debug][gc,ref         ] GC(21) Skipped phase 3 of Reference Processing: no references
[12.619s][debug][gc,phases      ] GC(21) Reference Processing 0.140ms
[12.620s][debug][gc,phases      ] GC(21) Weak Processing 0.692ms
[12.620s][debug][gc,age         ] GC(21) Desired survivor size 211288064 bytes, new threshold 15 (max threshold 15)
[12.620s][info ][gc,heap        ] GC(21) PSYoungGen: 1771545K(1882112K)->114953K(1888256K) Eden: 1674240K(1674240K)->0K(1684480K) From: 97305K(207872K)->114953K(203776K)
[12.620s][info ][gc,heap        ] GC(21) ParOldGen: 169837K(256512K)->169845K(256512K)
[12.620s][info ][gc,metaspace   ] GC(21) Metaspace: 63065K(63616K)->63065K(63616K) NonClass: 54037K(54336K)->54037K(54336K) Class: 9027K(9280K)->9027K(9280K)
[12.620s][info ][gc             ] GC(21) Pause Young (Allocation Failure) 1895M->278M(2094M) 64.110ms
[12.620s][info ][gc,cpu         ] GC(21) User=0.25s Sys=0.00s Real=0.06s
[12.620s][info ][safepoint      ] Safepoint "ParallelGCFailedAllocation", Time since last: 172254893 ns, Reaching safepoint: 180002 ns, At safepoint: 64246393 ns, Total: 64426395 ns
[13.102s][info ][gc,start       ] GC(22) Pause Young (Allocation Failure)
[13.164s][debug][gc,phases      ] GC(22) Scavenge 61.535ms
[13.164s][debug][gc,ref         ] GC(22) Skipped phase 1 of Reference Processing: no references
[13.164s][debug][gc,ref         ] GC(22) Skipped phase 3 of Reference Processing: no references
[13.164s][debug][gc,phases      ] GC(22) Reference Processing 0.123ms
[13.165s][debug][gc,phases      ] GC(22) Weak Processing 0.693ms
[13.165s][debug][gc,age         ] GC(22) Desired survivor size 219152384 bytes, new threshold 15 (max threshold 15)
[13.165s][info ][gc,heap        ] GC(22) PSYoungGen: 1799433K(1888256K)->132617K(1817600K) Eden: 1684480K(1684480K)->0K(1684480K) From: 114953K(203776K)->132617K(133120K)
[13.165s][info ][gc,heap        ] GC(22) ParOldGen: 169845K(256512K)->169853K(256512K)
[13.165s][info ][gc,metaspace   ] GC(22) Metaspace: 63195K(63744K)->63195K(63744K) NonClass: 54167K(54464K)->54167K(54464K) Class: 9027K(9280K)->9027K(9280K)
[13.165s][info ][gc             ] GC(22) Pause Young (Allocation Failure) 1923M->295M(2025M) 62.494ms
[13.165s][info ][gc,cpu         ] GC(22) User=0.18s Sys=0.06s Real=0.07s
[13.165s][info ][safepoint      ] Safepoint "ParallelGCFailedAllocation", Time since last: 481898795 ns, Reaching safepoint: 183102 ns, At safepoint: 62606470 ns, Total: 62789572 ns
[13.657s][info ][gc,start       ] GC(23) Pause Young (Allocation Failure)
[13.744s][debug][gc,phases      ] GC(23) Scavenge 86.818ms
[13.744s][debug][gc,ref         ] GC(23) Skipped phase 1 of Reference Processing: no references
[13.744s][debug][gc,ref         ] GC(23) Skipped phase 3 of Reference Processing: no references
[13.744s][debug][gc,phases      ] GC(23) Reference Processing 0.160ms
[13.745s][debug][gc,phases      ] GC(23) Weak Processing 0.817ms
[13.745s][debug][gc,age         ] GC(23) Desired survivor size 226492416 bytes, new threshold 15 (max threshold 15)
[13.745s][info ][gc,heap        ] GC(23) PSYoungGen: 1817097K(1817600K)->137264K(1868800K) Eden: 1684480K(1684480K)->0K(1654784K) From: 132617K(133120K)->137264K(214016K)
[13.745s][info ][gc,heap        ] GC(23) ParOldGen: 169853K(256512K)->173581K(256512K)
[13.745s][info ][gc,metaspace   ] GC(23) Metaspace: 63363K(63936K)->63363K(63936K) NonClass: 54315K(54656K)->54315K(54656K) Class: 9047K(9280K)->9047K(9280K)
[13.745s][info ][gc             ] GC(23) Pause Young (Allocation Failure) 1940M->303M(2075M) 87.939ms
[13.745s][info ][gc,cpu         ] GC(23) User=0.25s Sys=0.00s Real=0.09s
[13.745s][info ][safepoint      ] Safepoint "ParallelGCFailedAllocation", Time since last: 491836234 ns, Reaching safepoint: 304004 ns, At safepoint: 88054924 ns, Total: 88358928 ns
[14.331s][info ][gc,start       ] GC(24) Pause Young (Allocation Failure)
[14.419s][debug][gc,phases      ] GC(24) Scavenge 88.648ms
[14.419s][debug][gc,ref         ] GC(24) Skipped phase 1 of Reference Processing: no references
[14.419s][debug][gc,ref         ] GC(24) Skipped phase 3 of Reference Processing: no references
[14.419s][debug][gc,phases      ] GC(24) Reference Processing 0.117ms
[14.420s][debug][gc,phases      ] GC(24) Weak Processing 0.882ms
[14.420s][debug][gc,age         ] GC(24) Desired survivor size 236978176 bytes, new threshold 15 (max threshold 15)
[14.420s][info ][gc,heap        ] GC(24) PSYoungGen: 1792048K(1868800K)->151680K(1806848K) Eden: 1654784K(1654784K)->0K(1654784K) From: 137264K(214016K)->151680K(152064K)
[14.420s][info ][gc,heap        ] GC(24) ParOldGen: 173581K(256512K)->175085K(256512K)
[14.420s][info ][gc,metaspace   ] GC(24) Metaspace: 63392K(63936K)->63392K(63936K) NonClass: 54344K(54656K)->54344K(54656K) Class: 9047K(9280K)->9047K(9280K)
[14.420s][info ][gc             ] GC(24) Pause Young (Allocation Failure) 1919M->319M(2015M) 89.788ms
[14.420s][info ][gc,cpu         ] GC(24) User=0.23s Sys=0.01s Real=0.09s
[14.420s][info ][safepoint      ] Safepoint "ParallelGCFailedAllocation", Time since last: 585233433 ns, Reaching safepoint: 313805 ns, At safepoint: 89912949 ns, Total: 90226754 ns
[14.701s][info ][safepoint      ] Safepoint "ICBufferFull", Time since last: 279971191 ns, Reaching safepoint: 1086616 ns, At safepoint: 23700 ns, Total: 1110316 ns
[14.712s][info ][safepoint      ] Safepoint "ICBufferFull", Time since last: 774611 ns, Reaching safepoint: 9889437 ns, At safepoint: 38101 ns, Total: 9927538 ns
[14.725s][info ][safepoint      ] Safepoint "ICBufferFull", Time since last: 13036381 ns, Reaching safepoint: 165902 ns, At safepoint: 29301 ns, Total: 195203 ns
[14.745s][info ][safepoint      ] Safepoint "ICBufferFull", Time since last: 18393955 ns, Reaching safepoint: 1514021 ns, At safepoint: 19401 ns, Total: 1533422 ns
[14.752s][info ][safepoint      ] Safepoint "ICBufferFull", Time since last: 722110 ns, Reaching safepoint: 5947782 ns, At safepoint: 24701 ns, Total: 5972483 ns
[14.758s][info ][safepoint      ] Safepoint "ICBufferFull", Time since last: 6144685 ns, Reaching safepoint: 123402 ns, At safepoint: 13200 ns, Total: 136602 ns
[14.762s][info ][safepoint      ] Safepoint "ICBufferFull", Time since last: 2011928 ns, Reaching safepoint: 1164416 ns, At safepoint: 16100 ns, Total: 1180516 ns
[14.769s][info ][safepoint      ] Safepoint "ICBufferFull", Time since last: 2738838 ns, Reaching safepoint: 4615264 ns, At safepoint: 27001 ns, Total: 4642265 ns
[14.773s][info ][safepoint      ] Safepoint "ICBufferFull", Time since last: 3495448 ns, Reaching safepoint: 112402 ns, At safepoint: 19500 ns, Total: 131902 ns
[14.776s][info ][safepoint      ] Safepoint "ICBufferFull", Time since last: 2603936 ns, Reaching safepoint: 679210 ns, At safepoint: 21200 ns, Total: 700410 ns
[14.777s][info ][safepoint      ] Safepoint "ICBufferFull", Time since last: 1048715 ns, Reaching safepoint: 380905 ns, At safepoint: 20300 ns, Total: 401205 ns
[14.789s][info ][safepoint      ] Safepoint "ICBufferFull", Time since last: 11093054 ns, Reaching safepoint: 135702 ns, At safepoint: 24301 ns, Total: 160003 ns
[14.792s][info ][safepoint      ] Safepoint "ICBufferFull", Time since last: 2784638 ns, Reaching safepoint: 467007 ns, At safepoint: 22500 ns, Total: 489507 ns
[14.793s][info ][safepoint      ] Safepoint "ICBufferFull", Time since last: 668810 ns, Reaching safepoint: 102901 ns, At safepoint: 23800 ns, Total: 126701 ns
[14.807s][info ][safepoint      ] Safepoint "ICBufferFull", Time since last: 11832765 ns, Reaching safepoint: 2147630 ns, At safepoint: 23500 ns, Total: 2171130 ns
[14.808s][info ][safepoint      ] Safepoint "ICBufferFull", Time since last: 773511 ns, Reaching safepoint: 499507 ns, At safepoint: 14000 ns, Total: 513507 ns
[14.816s][info ][safepoint      ] Safepoint "ICBufferFull", Time since last: 5721979 ns, Reaching safepoint: 2159830 ns, At safepoint: 24201 ns, Total: 2184031 ns
[14.819s][info ][safepoint      ] Safepoint "ICBufferFull", Time since last: 1670723 ns, Reaching safepoint: 1389819 ns, At safepoint: 13900 ns, Total: 1403719 ns
[14.824s][info ][safepoint      ] Safepoint "ICBufferFull", Time since last: 5344175 ns, Reaching safepoint: 183002 ns, At safepoint: 17500 ns, Total: 200502 ns
[14.827s][info ][safepoint      ] Safepoint "ICBufferFull", Time since last: 1986628 ns, Reaching safepoint: 110702 ns, At safepoint: 16600 ns, Total: 127302 ns
[14.844s][info ][safepoint      ] Safepoint "ICBufferFull", Time since last: 12644376 ns, Reaching safepoint: 4288259 ns, At safepoint: 35101 ns, Total: 4323360 ns
[14.849s][info ][safepoint      ] Safepoint "ICBufferFull", Time since last: 4724665 ns, Reaching safepoint: 865312 ns, At safepoint: 20401 ns, Total: 885713 ns
[14.855s][info ][safepoint      ] Safepoint "ICBufferFull", Time since last: 5159471 ns, Reaching safepoint: 665710 ns, At safepoint: 19600 ns, Total: 685310 ns
[14.863s][info ][safepoint      ] Safepoint "ICBufferFull", Time since last: 4527763 ns, Reaching safepoint: 3256645 ns, At safepoint: 29901 ns, Total: 3286546 ns
[14.876s][info ][safepoint      ] Safepoint "ICBufferFull", Time since last: 9627433 ns, Reaching safepoint: 3519349 ns, At safepoint: 19000 ns, Total: 3538349 ns
[14.895s][info ][safepoint      ] Safepoint "ICBufferFull", Time since last: 7094699 ns, Reaching safepoint: 12374272 ns, At safepoint: 38601 ns, Total: 12412873 ns
[14.899s][info ][safepoint      ] Safepoint "ICBufferFull", Time since last: 1814325 ns, Reaching safepoint: 1227117 ns, At safepoint: 29500 ns, Total: 1256617 ns
[14.922s][info ][safepoint      ] Safepoint "ICBufferFull", Time since last: 20286682 ns, Reaching safepoint: 3237845 ns, At safepoint: 23701 ns, Total: 3261546 ns
[14.928s][info ][safepoint      ] Safepoint "ICBufferFull", Time since last: 726310 ns, Reaching safepoint: 5115971 ns, At safepoint: 31500 ns, Total: 5147471 ns
[14.940s][info ][safepoint      ] Safepoint "ICBufferFull", Time since last: 1926527 ns, Reaching safepoint: 10456945 ns, At safepoint: 34601 ns, Total: 10491546 ns
[14.944s][info ][safepoint      ] Safepoint "ICBufferFull", Time since last: 781511 ns, Reaching safepoint: 3123743 ns, At safepoint: 20500 ns, Total: 3144243 ns
[14.949s][info ][safepoint      ] Safepoint "ICBufferFull", Time since last: 4068757 ns, Reaching safepoint: 453206 ns, At safepoint: 18000 ns, Total: 471206 ns
[15.120s][info ][gc,start       ] GC(25) Pause Young (Allocation Failure)
[15.202s][debug][gc,phases      ] GC(25) Scavenge 82.601ms
[15.202s][debug][gc,ref         ] GC(25) Skipped phase 1 of Reference Processing: no references
[15.203s][debug][gc,ref         ] GC(25) Skipped phase 3 of Reference Processing: no references
[15.203s][debug][gc,phases      ] GC(25) Reference Processing 0.167ms
[15.203s][debug][gc,phases      ] GC(25) Weak Processing 0.651ms
[15.203s][debug][gc,age         ] GC(25) Desired survivor size 246939648 bytes, new threshold 15 (max threshold 15)
[15.203s][info ][gc,heap        ] GC(25) PSYoungGen: 1806464K(1806848K)->157920K(1846272K) Eden: 1654784K(1654784K)->0K(1614848K) From: 151680K(152064K)->157920K(231424K)
[15.203s][info ][gc,heap        ] GC(25) ParOldGen: 175085K(256512K)->178229K(256512K)
[15.203s][info ][gc,metaspace   ] GC(25) Metaspace: 63495K(64064K)->63495K(64064K) NonClass: 54438K(54784K)->54438K(54784K) Class: 9057K(9280K)->9057K(9280K)
[15.203s][info ][gc             ] GC(25) Pause Young (Allocation Failure) 1935M->328M(2053M) 83.558ms
[15.203s][info ][gc,cpu         ] GC(25) User=0.25s Sys=0.00s Real=0.08s
[15.203s][info ][safepoint      ] Safepoint "ParallelGCFailedAllocation", Time since last: 156648178 ns, Reaching safepoint: 14251798 ns, At safepoint: 83685964 ns, Total: 97937762 ns
[15.712s][info ][gc,start       ] GC(26) Pause Young (Allocation Failure)
[15.784s][debug][gc,phases      ] GC(26) Scavenge 72.102ms
[15.784s][debug][gc,ref         ] GC(26) Skipped phase 1 of Reference Processing: no references
[15.784s][debug][gc,ref         ] GC(26) Skipped phase 3 of Reference Processing: no references
[15.784s][debug][gc,phases      ] GC(26) Reference Processing 0.141ms
[15.785s][debug][gc,phases      ] GC(26) Weak Processing 0.887ms
[15.785s][debug][gc,age         ] GC(26) Desired survivor size 258998272 bytes, new threshold 15 (max threshold 15)
[15.785s][info ][gc,heap        ] GC(26) PSYoungGen: 1772768K(1846272K)->170848K(1785856K) Eden: 1614848K(1614848K)->0K(1614848K) From: 157920K(231424K)->170848K(171008K)
[15.785s][info ][gc,heap        ] GC(26) ParOldGen: 178229K(256512K)->181049K(256512K)
[15.785s][info ][gc,metaspace   ] GC(26) Metaspace: 63551K(64128K)->63551K(64128K) NonClass: 54481K(54784K)->54481K(54784K) Class: 9070K(9344K)->9070K(9344K)
[15.785s][info ][gc             ] GC(26) Pause Young (Allocation Failure) 1905M->343M(1994M) 73.299ms
[15.785s][info ][gc,cpu         ] GC(26) User=0.23s Sys=0.00s Real=0.07s
[15.785s][info ][safepoint      ] Safepoint "ParallelGCFailedAllocation", Time since last: 503532200 ns, Reaching safepoint: 4758266 ns, At safepoint: 73437421 ns, Total: 78195687 ns
[16.231s][info ][gc,start       ] GC(27) Pause Young (Allocation Failure)
[16.315s][debug][gc,phases      ] GC(27) Scavenge 83.168ms
[16.315s][debug][gc,ref         ] GC(27) Skipped phase 1 of Reference Processing: no references
[16.315s][debug][gc,ref         ] GC(27) Skipped phase 3 of Reference Processing: no references
[16.315s][debug][gc,phases      ] GC(27) Reference Processing 0.089ms
[16.315s][debug][gc,phases      ] GC(27) Weak Processing 0.624ms
[16.315s][debug][gc,age         ] GC(27) Desired survivor size 272105472 bytes, new threshold 15 (max threshold 15)
[16.315s][info ][gc,heap        ] GC(27) PSYoungGen: 1785696K(1785856K)->181600K(1818624K) Eden: 1614848K(1614848K)->0K(1565696K) From: 170848K(171008K)->181600K(252928K)
[16.315s][info ][gc,heap        ] GC(27) ParOldGen: 181049K(256512K)->182777K(256512K)
[16.315s][info ][gc,metaspace   ] GC(27) Metaspace: 63564K(64128K)->63564K(64128K) NonClass: 54494K(54784K)->54494K(54784K) Class: 9070K(9344K)->9070K(9344K)
[16.315s][info ][gc             ] GC(27) Pause Young (Allocation Failure) 1920M->355M(2026M) 84.015ms
[16.315s][info ][gc,cpu         ] GC(27) User=0.26s Sys=0.01s Real=0.09s
[16.315s][info ][safepoint      ] Safepoint "ParallelGCFailedAllocation", Time since last: 432232010 ns, Reaching safepoint: 13863492 ns, At safepoint: 84146071 ns, Total: 98009563 ns
[16.958s][info ][gc,start       ] GC(28) Pause Young (Allocation Failure)
[17.028s][debug][gc,phases      ] GC(28) Scavenge 69.556ms
[17.028s][debug][gc,ref         ] GC(28) Skipped phase 1 of Reference Processing: no references
[17.028s][debug][gc,ref         ] GC(28) Skipped phase 3 of Reference Processing: no references
[17.028s][debug][gc,phases      ] GC(28) Reference Processing 0.139ms
[17.028s][debug][gc,phases      ] GC(28) Weak Processing 0.580ms
[17.029s][debug][gc,age         ] GC(28) Desired survivor size 285736960 bytes, new threshold 15 (max threshold 15)
[17.029s][info ][gc,heap        ] GC(28) PSYoungGen: 1747296K(1818624K)->191664K(1757696K) Eden: 1565696K(1565696K)->0K(1565696K) From: 181600K(252928K)->191664K(192000K)
[17.029s][info ][gc,heap        ] GC(28) ParOldGen: 182777K(256512K)->184649K(256512K)
[17.029s][info ][gc,metaspace   ] GC(28) Metaspace: 63574K(64128K)->63574K(64128K) NonClass: 54504K(54784K)->54504K(54784K) Class: 9070K(9344K)->9070K(9344K)
[17.029s][info ][gc             ] GC(28) Pause Young (Allocation Failure) 1884M->367M(1967M) 70.413ms
[17.029s][info ][gc,cpu         ] GC(28) User=0.23s Sys=0.01s Real=0.07s
[17.029s][info ][safepoint      ] Safepoint "ParallelGCFailedAllocation", Time since last: 642236230 ns, Reaching safepoint: 487207 ns, At safepoint: 70525181 ns, Total: 71012388 ns
[17.496s][info ][gc,start       ] GC(29) Pause Young (Allocation Failure)
[17.584s][debug][gc,phases      ] GC(29) Scavenge 87.909ms
[17.584s][debug][gc,ref         ] GC(29) Skipped phase 1 of Reference Processing: no references
[17.584s][debug][gc,ref         ] GC(29) Skipped phase 3 of Reference Processing: no references
[17.584s][debug][gc,phases      ] GC(29) Reference Processing 0.126ms
[17.585s][debug][gc,phases      ] GC(29) Weak Processing 0.662ms
[17.585s][debug][gc,age         ] GC(29) Desired survivor size 296222720 bytes, new threshold 15 (max threshold 15)
[17.585s][info ][gc,heap        ] GC(29) PSYoungGen: 1757360K(1757696K)->192480K(1797632K) Eden: 1565696K(1565696K)->0K(1518592K) From: 191664K(192000K)->192480K(279040K)
[17.585s][info ][gc,heap        ] GC(29) ParOldGen: 184649K(256512K)->187769K(256512K)
[17.585s][info ][gc,metaspace   ] GC(29) Metaspace: 63591K(64192K)->63591K(64192K) NonClass: 54519K(54848K)->54519K(54848K) Class: 9072K(9344K)->9072K(9344K)
[17.585s][info ][gc             ] GC(29) Pause Young (Allocation Failure) 1896M->371M(2006M) 88.857ms
[17.585s][info ][gc,cpu         ] GC(29) User=0.26s Sys=0.01s Real=0.09s
[17.585s][info ][safepoint      ] Safepoint "ParallelGCFailedAllocation", Time since last: 456227745 ns, Reaching safepoint: 10898052 ns, At safepoint: 88979838 ns, Total: 99877890 ns
[18.210s][info ][gc,start       ] GC(30) Pause Young (Allocation Failure)
[18.299s][debug][gc,phases      ] GC(30) Scavenge 88.643ms
[18.299s][debug][gc,ref         ] GC(30) Skipped phase 1 of Reference Processing: no references
[18.299s][debug][gc,ref         ] GC(30) Skipped phase 3 of Reference Processing: no references
[18.299s][debug][gc,phases      ] GC(30) Reference Processing 0.069ms
[18.300s][debug][gc,phases      ] GC(30) Weak Processing 0.611ms
[18.300s][debug][gc,age         ] GC(30) Desired survivor size 306708480 bytes, new threshold 15 (max threshold 15)
[18.300s][info ][gc,heap        ] GC(30) PSYoungGen: 1711072K(1797632K)->200472K(1719296K) Eden: 1518592K(1518592K)->0K(1518592K) From: 192480K(279040K)->200472K(200704K)
[18.300s][info ][gc,heap        ] GC(30) ParOldGen: 187769K(256512K)->190513K(256512K)
[18.300s][info ][gc,metaspace   ] GC(30) Metaspace: 63612K(64192K)->63612K(64192K) NonClass: 54537K(54848K)->54537K(54848K) Class: 9074K(9344K)->9074K(9344K)
[18.300s][info ][gc             ] GC(30) Pause Young (Allocation Failure) 1854M->381M(1929M) 89.471ms
[18.300s][info ][gc,cpu         ] GC(30) User=0.21s Sys=0.00s Real=0.09s
[18.308s][info ][safepoint      ] Safepoint "ParallelGCFailedAllocation", Time since last: 624161882 ns, Reaching safepoint: 1474020 ns, At safepoint: 97343355 ns, Total: 98817375 ns
[18.907s][info ][gc,start       ] GC(31) Pause Young (Allocation Failure)
[18.989s][debug][gc,phases      ] GC(31) Scavenge 81.784ms
[18.989s][debug][gc,ref         ] GC(31) Skipped phase 1 of Reference Processing: no references
[18.989s][debug][gc,ref         ] GC(31) Skipped phase 3 of Reference Processing: no references
[18.989s][debug][gc,phases      ] GC(31) Reference Processing 0.096ms
[18.990s][debug][gc,phases      ] GC(31) Weak Processing 0.667ms
[18.990s][debug][gc,age         ] GC(31) Desired survivor size 313524224 bytes, new threshold 15 (max threshold 15)
[18.990s][info ][gc,heap        ] GC(31) PSYoungGen: 1719064K(1719296K)->198649K(1784320K) Eden: 1518592K(1518592K)->0K(1484800K) From: 200472K(200704K)->198649K(299520K)
[18.990s][info ][gc,heap        ] GC(31) ParOldGen: 190513K(256512K)->193121K(256512K)
[18.990s][info ][gc,metaspace   ] GC(31) Metaspace: 63653K(64192K)->63653K(64192K) NonClass: 54578K(54848K)->54578K(54848K) Class: 9074K(9344K)->9074K(9344K)
[18.990s][info ][gc             ] GC(31) Pause Young (Allocation Failure) 1864M->382M(1993M) 82.696ms
[18.990s][info ][gc,cpu         ] GC(31) User=0.20s Sys=0.00s Real=0.08s
[18.990s][info ][safepoint      ] Safepoint "ParallelGCFailedAllocation", Time since last: 598977033 ns, Reaching safepoint: 154402 ns, At safepoint: 82826552 ns, Total: 82980954 ns
[19.484s][info ][safepoint      ] Safepoint "ICBufferFull", Time since last: 489916918 ns, Reaching safepoint: 4384661 ns, At safepoint: 19800 ns, Total: 4404461 ns
[19.489s][info ][gc,start       ] GC(32) Pause Young (Allocation Failure)
[19.572s][debug][gc,phases      ] GC(32) Scavenge 82.886ms
[19.572s][debug][gc,ref         ] GC(32) Skipped phase 1 of Reference Processing: no references
[19.572s][debug][gc,ref         ] GC(32) Skipped phase 3 of Reference Processing: no references
[19.572s][debug][gc,phases      ] GC(32) Reference Processing 0.104ms
[19.573s][debug][gc,phases      ] GC(32) Weak Processing 0.820ms
[19.573s][debug][gc,age         ] GC(32) Desired survivor size 315097088 bytes, new threshold 15 (max threshold 15)
[19.573s][info ][gc,heap        ] GC(32) PSYoungGen: 1683449K(1784320K)->192152K(1677312K) Eden: 1484800K(1484800K)->0K(1484800K) From: 198649K(299520K)->192152K(192512K)
[19.573s][info ][gc,heap        ] GC(32) ParOldGen: 193121K(256512K)->194558K(256512K)
[19.573s][info ][gc,metaspace   ] GC(32) Metaspace: 64144K(64640K)->64144K(64640K) NonClass: 54987K(55232K)->54987K(55232K) Class: 9157K(9408K)->9157K(9408K)
[19.573s][info ][gc             ] GC(32) Pause Young (Allocation Failure) 1832M->377M(1888M) 84.007ms
[19.573s][info ][gc,cpu         ] GC(32) User=0.26s Sys=0.00s Real=0.09s
[19.573s][info ][safepoint      ] Safepoint "ParallelGCFailedAllocation", Time since last: 1701424 ns, Reaching safepoint: 3169344 ns, At safepoint: 84147771 ns, Total: 87317115 ns
[19.899s][info ][safepoint      ] Safepoint "ICBufferFull", Time since last: 316807708 ns, Reaching safepoint: 8329516 ns, At safepoint: 24400 ns, Total: 8353916 ns
[19.968s][info ][safepoint      ] Safepoint "ICBufferFull", Time since last: 61535857 ns, Reaching safepoint: 8055412 ns, At safepoint: 31200 ns, Total: 8086612 ns
[20.148s][info ][safepoint      ] Safepoint "ICBufferFull", Time since last: 172854206 ns, Reaching safepoint: 7784909 ns, At safepoint: 24000 ns, Total: 7808909 ns
[20.196s][info ][gc,start       ] GC(33) Pause Young (Allocation Failure)
[20.261s][debug][gc,phases      ] GC(33) Scavenge 64.536ms
[20.261s][debug][gc,ref         ] GC(33) Skipped phase 1 of Reference Processing: no references
[20.261s][debug][gc,ref         ] GC(33) Skipped phase 3 of Reference Processing: no references
[20.261s][debug][gc,phases      ] GC(33) Reference Processing 0.110ms
[20.262s][debug][gc,phases      ] GC(33) Weak Processing 0.717ms
[20.262s][debug][gc,age         ] GC(33) Desired survivor size 305659904 bytes, new threshold 15 (max threshold 15)
[20.262s][info ][gc,heap        ] GC(33) PSYoungGen: 1676952K(1677312K)->165424K(1798656K) Eden: 1484800K(1484800K)->0K(1490944K) From: 192152K(192512K)->165424K(307712K)
[20.262s][info ][gc,heap        ] GC(33) ParOldGen: 194558K(256512K)->198042K(256512K)
[20.262s][info ][gc,metaspace   ] GC(33) Metaspace: 65202K(65728K)->65202K(65728K) NonClass: 55916K(56192K)->55916K(56192K) Class: 9286K(9536K)->9286K(9536K)
[20.262s][info ][gc             ] GC(33) Pause Young (Allocation Failure) 1827M->354M(2007M) 65.495ms
[20.262s][info ][gc,cpu         ] GC(33) User=0.16s Sys=0.00s Real=0.06s
[20.262s][info ][safepoint      ] Safepoint "ParallelGCFailedAllocation", Time since last: 46375545 ns, Reaching safepoint: 1397820 ns, At safepoint: 65606413 ns, Total: 67004233 ns
[20.613s][info ][safepoint      ] Safepoint "ICBufferFull", Time since last: 347191533 ns, Reaching safepoint: 3852653 ns, At safepoint: 17500 ns, Total: 3870153 ns
[20.929s][info ][gc,start       ] GC(34) Pause Young (Allocation Failure)
[20.999s][debug][gc,phases      ] GC(34) Scavenge 69.908ms
[20.999s][debug][gc,ref         ] GC(34) Skipped phase 1 of Reference Processing: no references
[20.999s][debug][gc,ref         ] GC(34) Skipped phase 3 of Reference Processing: no references
[20.999s][debug][gc,phases      ] GC(34) Reference Processing 0.133ms
[21.000s][debug][gc,phases      ] GC(34) Weak Processing 0.690ms
[21.000s][debug][gc,age         ] GC(34) Desired survivor size 293601280 bytes, new threshold 15 (max threshold 15)
[21.000s][info ][gc,heap        ] GC(34) PSYoungGen: 1656368K(1798656K)->158224K(1789440K) Eden: 1490944K(1490944K)->0K(1490944K) From: 165424K(307712K)->158224K(298496K)
[21.000s][info ][gc,heap        ] GC(34) ParOldGen: 198042K(256512K)->199014K(256512K)
[21.000s][info ][gc,metaspace   ] GC(34) Metaspace: 66146K(66752K)->66146K(66752K) NonClass: 56721K(57088K)->56721K(57088K) Class: 9425K(9664K)->9425K(9664K)
[21.000s][info ][gc             ] GC(34) Pause Young (Allocation Failure) 1810M->348M(1998M) 70.897ms
[21.000s][info ][gc,cpu         ] GC(34) User=0.16s Sys=0.00s Real=0.07s
[21.000s][info ][safepoint      ] Safepoint "ParallelGCFailedAllocation", Time since last: 315679694 ns, Reaching safepoint: 214503 ns, At safepoint: 71007189 ns, Total: 71221692 ns
[21.349s][info ][safepoint      ] Safepoint "ICBufferFull", Time since last: 340892146 ns, Reaching safepoint: 8686421 ns, At safepoint: 37600 ns, Total: 8724021 ns
[21.424s][info ][safepoint      ] Safepoint "ICBufferFull", Time since last: 66791430 ns, Reaching safepoint: 7665007 ns, At safepoint: 23000 ns, Total: 7688007 ns
[21.608s][info ][safepoint      ] Safepoint "ICBufferFull", Time since last: 180984220 ns, Reaching safepoint: 3329846 ns, At safepoint: 24901 ns, Total: 3354747 ns
[21.719s][info ][gc,start       ] GC(35) Pause Young (Allocation Failure)
[21.798s][debug][gc,phases      ] GC(35) Scavenge 79.189ms
[21.798s][debug][gc,ref         ] GC(35) Skipped phase 1 of Reference Processing: no references
[21.798s][debug][gc,ref         ] GC(35) Skipped phase 3 of Reference Processing: no references
[21.798s][debug][gc,phases      ] GC(35) Reference Processing 0.143ms
[21.799s][debug][gc,phases      ] GC(35) Weak Processing 0.556ms
[21.799s][debug][gc,age         ] GC(35) Desired survivor size 281018368 bytes, new threshold 15 (max threshold 15)
[21.799s][info ][gc,heap        ] GC(35) PSYoungGen: 1649168K(1789440K)->154400K(1822720K) Eden: 1490944K(1490944K)->0K(1536000K) From: 158224K(298496K)->154400K(286720K)
[21.799s][info ][gc,heap        ] GC(35) ParOldGen: 199014K(256512K)->204103K(256512K)
[21.799s][info ][gc,metaspace   ] GC(35) Metaspace: 66889K(67456K)->66889K(67456K) NonClass: 57374K(57664K)->57374K(57664K) Class: 9514K(9792K)->9514K(9792K)
[21.799s][info ][gc             ] GC(35) Pause Young (Allocation Failure) 1804M->350M(2030M) 80.033ms
[21.799s][info ][gc,cpu         ] GC(35) User=0.15s Sys=0.01s Real=0.08s
[21.799s][info ][safepoint      ] Safepoint "ParallelGCFailedAllocation", Time since last: 106954289 ns, Reaching safepoint: 3309046 ns, At safepoint: 80153716 ns, Total: 83462762 ns
[22.091s][info ][safepoint      ] Safepoint "ICBufferFull", Time since last: 289061524 ns, Reaching safepoint: 3425048 ns, At safepoint: 36701 ns, Total: 3461749 ns
[22.365s][info ][safepoint      ] Safepoint "ICBufferFull", Time since last: 260880133 ns, Reaching safepoint: 12509574 ns, At safepoint: 35400 ns, Total: 12544974 ns
[22.367s][info ][gc,start       ] GC(36) Pause Young (Allocation Failure)
[22.439s][debug][gc,phases      ] GC(36) Scavenge 71.903ms
[22.439s][debug][gc,ref         ] GC(36) Skipped phase 1 of Reference Processing: no references
[22.440s][debug][gc,ref         ] GC(36) Skipped phase 3 of Reference Processing: no references
[22.440s][debug][gc,phases      ] GC(36) Reference Processing 0.123ms
[22.440s][debug][gc,phases      ] GC(36) Weak Processing 0.584ms
[22.440s][debug][gc,age         ] GC(36) Desired survivor size 269484032 bytes, new threshold 15 (max threshold 15)
[22.440s][info ][gc,heap        ] GC(36) PSYoungGen: 1690400K(1822720K)->145072K(1810432K) Eden: 1536000K(1536000K)->0K(1536000K) From: 154400K(286720K)->145072K(274432K)
[22.440s][info ][gc,heap        ] GC(36) ParOldGen: 204103K(256512K)->214681K(256512K)
[22.440s][info ][gc,metaspace   ] GC(36) Metaspace: 67303K(67904K)->67303K(67904K) NonClass: 57768K(58112K)->57768K(58112K) Class: 9534K(9792K)->9534K(9792K)
[22.440s][info ][gc             ] GC(36) Pause Young (Allocation Failure) 1850M->351M(2018M) 72.743ms
[22.440s][info ][gc,cpu         ] GC(36) User=0.12s Sys=0.01s Real=0.07s
[22.440s][info ][safepoint      ] Safepoint "ParallelGCFailedAllocation", Time since last: 2653437 ns, Reaching safepoint: 131702 ns, At safepoint: 72859715 ns, Total: 72991417 ns
[22.844s][info ][safepoint      ] Safepoint "ICBufferFull", Time since last: 403558319 ns, Reaching safepoint: 681610 ns, At safepoint: 14400 ns, Total: 696010 ns
[23.134s][info ][gc,start       ] GC(37) Pause Young (Allocation Failure)
[23.194s][debug][gc,phases      ] GC(37) Scavenge 60.271ms
[23.194s][debug][gc,ref         ] GC(37) Skipped phase 1 of Reference Processing: no references
[23.194s][debug][gc,ref         ] GC(37) Skipped phase 3 of Reference Processing: no references
[23.194s][debug][gc,phases      ] GC(37) Reference Processing 0.143ms
[23.195s][debug][gc,phases      ] GC(37) Weak Processing 0.717ms
[23.195s][debug][gc,age         ] GC(37) Desired survivor size 261095424 bytes, new threshold 15 (max threshold 15)
[23.195s][info ][gc,heap        ] GC(37) PSYoungGen: 1681072K(1810432K)->133088K(1842176K) Eden: 1536000K(1536000K)->0K(1579008K) From: 145072K(274432K)->133088K(263168K)
[23.195s][info ][gc,heap        ] GC(37) ParOldGen: 214681K(256512K)->227715K(256512K)
[23.195s][info ][gc,metaspace   ] GC(37) Metaspace: 67546K(68160K)->67546K(68160K) NonClass: 58003K(58368K)->58003K(58368K) Class: 9542K(9792K)->9542K(9792K)
[23.195s][info ][gc             ] GC(37) Pause Young (Allocation Failure) 1851M->352M(2049M) 61.296ms
[23.195s][info ][gc,cpu         ] GC(37) User=0.14s Sys=0.00s Real=0.06s
[23.195s][info ][safepoint      ] Safepoint "ParallelGCFailedAllocation", Time since last: 280773411 ns, Reaching safepoint: 8275515 ns, At safepoint: 61425055 ns, Total: 69700570 ns
[23.617s][info ][safepoint      ] Safepoint "ICBufferFull", Time since last: 418817434 ns, Reaching safepoint: 3340047 ns, At safepoint: 27500 ns, Total: 3367547 ns
[23.822s][info ][gc,start       ] GC(38) Pause Young (Allocation Failure)
[23.863s][debug][gc,phases      ] GC(38) Scavenge 40.673ms
[23.863s][debug][gc,ref         ] GC(38) Skipped phase 1 of Reference Processing: no references
[23.863s][debug][gc,ref         ] GC(38) Skipped phase 3 of Reference Processing: no references
[23.863s][debug][gc,phases      ] GC(38) Reference Processing 0.112ms
[23.864s][debug][gc,phases      ] GC(38) Weak Processing 0.659ms
[23.864s][debug][gc,age         ] GC(38) Desired survivor size 254279680 bytes, new threshold 15 (max threshold 15)
[23.864s][info ][gc,heap        ] GC(38) PSYoungGen: 1712096K(1842176K)->124824K(1833984K) Eden: 1579008K(1579008K)->0K(1579008K) From: 133088K(263168K)->124824K(254976K)
[23.864s][info ][gc,heap        ] GC(38) ParOldGen: 227715K(256512K)->236621K(256512K)
[23.864s][info ][gc,metaspace   ] GC(38) Metaspace: 67675K(68288K)->67675K(68288K) NonClass: 58131K(58496K)->58131K(58496K) Class: 9543K(9792K)->9543K(9792K)
[23.864s][info ][gc             ] GC(38) Pause Young (Allocation Failure) 1894M->352M(2041M) 41.616ms
[23.864s][info ][gc,cpu         ] GC(38) User=0.13s Sys=0.00s Real=0.05s
[23.864s][debug][gc,phases      ] GC(39) Pre Compact 0.014ms
[23.864s][info ][gc,start       ] GC(39) Pause Full (Ergonomics)
[23.864s][info ][gc,phases,start] GC(39) Marking Phase
[24.013s][debug][gc,phases      ] GC(39) Par Mark 148.910ms
[24.013s][debug][gc,ref         ] GC(39) Skipped phase 1 of Reference Processing: no references
[24.013s][debug][gc,ref         ] GC(39) Skipped phase 3 of Reference Processing: no references
[24.013s][debug][gc,phases      ] GC(39) Reference Processing 0.064ms
[24.013s][debug][gc,phases      ] GC(39) Weak Processing 0.586ms
[24.014s][debug][gc,phases      ] GC(39) ClassLoaderData 0.066ms
[24.014s][debug][gc,phases      ] GC(39) Trigger cleanups 0.000ms
[24.026s][debug][gc,phases      ] GC(39) Class Unloading 12.076ms
[24.026s][info ][gc,phases      ] GC(39) Marking Phase 161.806ms
[24.026s][info ][gc,phases,start] GC(39) Summary Phase
[24.026s][info ][gc,phases      ] GC(39) Summary Phase 0.013ms
[24.026s][info ][gc,phases,start] GC(39) Adjust Roots
[24.045s][info ][gc,phases      ] GC(39) Adjust Roots 19.126ms
[24.045s][info ][gc,phases,start] GC(39) Compaction Phase
[24.264s][info ][gc,phases      ] GC(39) Compaction Phase 219.632ms
[24.264s][info ][gc,phases,start] GC(39) Post Compact
[24.266s][info ][gc,phases      ] GC(39) Post Compact 1.769ms
[24.266s][info ][gc,heap        ] GC(39) PSYoungGen: 124824K(1833984K)->98455K(1833984K) Eden: 0K(1579008K)->0K(1579008K) From: 124824K(254976K)->98455K(254976K)
[24.266s][info ][gc,heap        ] GC(39) ParOldGen: 236621K(256512K)->256503K(301056K)
[24.266s][info ][gc,metaspace   ] GC(39) Metaspace: 67675K(68288K)->67675K(68288K) NonClass: 58131K(58496K)->58131K(58496K) Class: 9543K(9792K)->9543K(9792K)
[24.266s][info ][gc             ] GC(39) Pause Full (Ergonomics) 352M->346M(2085M) 402.628ms
[24.268s][info ][gc,cpu         ] GC(39) User=1.30s Sys=0.02s Real=0.40s
[24.324s][info ][safepoint      ] Safepoint "ParallelGCFailedAllocation", Time since last: 195568524 ns, Reaching safepoint: 9330330 ns, At safepoint: 501650489 ns, Total: 510980819 ns
[24.756s][info ][safepoint      ] Safepoint "ICBufferFull", Time since last: 424434713 ns, Reaching safepoint: 7564905 ns, At safepoint: 27601 ns, Total: 7592506 ns
[25.024s][info ][gc,start       ] GC(40) Pause Young (Allocation Failure)
[25.120s][debug][gc,phases      ] GC(40) Scavenge 95.860ms
[25.120s][debug][gc,ref         ] GC(40) Skipped phase 1 of Reference Processing: no references
[25.120s][debug][gc,ref         ] GC(40) Skipped phase 3 of Reference Processing: no references
[25.120s][debug][gc,ref         ] GC(40) Skipped phase 4 of Reference Processing: no references
[25.120s][debug][gc,phases      ] GC(40) Reference Processing 0.033ms
[25.121s][debug][gc,phases      ] GC(40) Weak Processing 0.734ms
[25.121s][debug][gc,age         ] GC(40) Desired survivor size 254279680 bytes, new threshold 15 (max threshold 15)
[25.121s][info ][gc,heap        ] GC(40) PSYoungGen: 1677463K(1833984K)->87744K(1848832K) Eden: 1579008K(1579008K)->0K(1600512K) From: 98455K(254976K)->87744K(248320K)
[25.121s][info ][gc,heap        ] GC(40) ParOldGen: 256503K(301056K)->269678K(301056K)
[25.121s][info ][gc,metaspace   ] GC(40) Metaspace: 67737K(68352K)->67737K(68352K) NonClass: 58193K(58560K)->58193K(58560K) Class: 9543K(9792K)->9543K(9792K)
[25.121s][info ][gc             ] GC(40) Pause Young (Allocation Failure) 1888M->349M(2099M) 96.782ms
[25.121s][info ][gc,cpu         ] GC(40) User=0.23s Sys=0.00s Real=0.09s
[25.121s][info ][safepoint      ] Safepoint "ParallelGCFailedAllocation", Time since last: 251745007 ns, Reaching safepoint: 16297527 ns, At safepoint: 96932451 ns, Total: 113229978 ns
[25.321s][info ][safepoint      ] Safepoint "ICBufferFull", Time since last: 187024807 ns, Reaching safepoint: 13233284 ns, At safepoint: 39801 ns, Total: 13273085 ns
[25.509s][info ][safepoint      ] Safepoint "ICBufferFull", Time since last: 186533599 ns, Reaching safepoint: 1074015 ns, At safepoint: 18800 ns, Total: 1092815 ns
[25.796s][info ][gc,start       ] GC(41) Pause Young (Allocation Failure)
[25.846s][debug][gc,phases      ] GC(41) Scavenge 50.214ms
[25.846s][debug][gc,ref         ] GC(41) Skipped phase 1 of Reference Processing: no references
[25.846s][debug][gc,ref         ] GC(41) Skipped phase 3 of Reference Processing: no references
[25.846s][debug][gc,ref         ] GC(41) Skipped phase 4 of Reference Processing: no references
[25.846s][debug][gc,phases      ] GC(41) Reference Processing 0.037ms
[25.847s][debug][gc,phases      ] GC(41) Weak Processing 0.621ms
[25.847s][debug][gc,age         ] GC(41) Desired survivor size 253231104 bytes, new threshold 15 (max threshold 15)
[25.847s][info ][gc,heap        ] GC(41) PSYoungGen: 1688256K(1848832K)->82880K(1848832K) Eden: 1600511K(1600512K)->0K(1600512K) From: 87744K(248320K)->82880K(248320K)
[25.847s][info ][gc,heap        ] GC(41) ParOldGen: 269678K(301056K)->275031K(301056K)
[25.847s][info ][gc,metaspace   ] GC(41) Metaspace: 67888K(68480K)->67888K(68480K) NonClass: 58344K(58688K)->58344K(58688K) Class: 9543K(9792K)->9543K(9792K)
[25.847s][info ][gc             ] GC(41) Pause Young (Allocation Failure) 1912M->349M(2099M) 51.027ms
[25.847s][info ][gc,cpu         ] GC(41) User=0.09s Sys=0.00s Real=0.05s
[25.847s][info ][safepoint      ] Safepoint "ParallelGCFailedAllocation", Time since last: 283794555 ns, Reaching safepoint: 3264346 ns, At safepoint: 51154512 ns, Total: 54418858 ns
[26.071s][info ][safepoint      ] Safepoint "ICBufferFull", Time since last: 199889286 ns, Reaching safepoint: 24358440 ns, At safepoint: 45200 ns, Total: 24403640 ns
[26.345s][info ][safepoint      ] Safepoint "ICBufferFull", Time since last: 263331971 ns, Reaching safepoint: 10156042 ns, At safepoint: 29300 ns, Total: 10185342 ns
[26.496s][info ][safepoint      ] Safepoint "ICBufferFull", Time since last: 151095106 ns, Reaching safepoint: 571008 ns, At safepoint: 24400 ns, Total: 595408 ns
[26.573s][info ][gc,start       ] GC(42) Pause Young (Allocation Failure)
[26.616s][debug][gc,phases      ] GC(42) Scavenge 42.802ms
[26.616s][debug][gc,ref         ] GC(42) Skipped phase 1 of Reference Processing: no references
[26.616s][debug][gc,ref         ] GC(42) Skipped phase 3 of Reference Processing: no references
[26.616s][debug][gc,ref         ] GC(42) Skipped phase 4 of Reference Processing: no references
[26.616s][debug][gc,phases      ] GC(42) Reference Processing 0.031ms
[26.616s][debug][gc,phases      ] GC(42) Weak Processing 0.642ms
[26.616s][debug][gc,age         ] GC(42) Desired survivor size 253231104 bytes, new threshold 15 (max threshold 15)
[26.616s][info ][gc,heap        ] GC(42) PSYoungGen: 1683392K(1848832K)->68352K(1849856K) Eden: 1600512K(1600512K)->0K(1602560K) From: 82880K(248320K)->68352K(247296K)
[26.616s][info ][gc,heap        ] GC(42) ParOldGen: 275031K(301056K)->290270K(301056K)
[26.617s][info ][gc,metaspace   ] GC(42) Metaspace: 67956K(68544K)->67956K(68544K) NonClass: 58412K(58752K)->58412K(58752K) Class: 9544K(9792K)->9544K(9792K)
[26.617s][info ][gc             ] GC(42) Pause Young (Allocation Failure) 1912M->350M(2100M) 43.622ms
[26.617s][info ][gc,cpu         ] GC(42) User=0.12s Sys=0.00s Real=0.04s
[26.617s][debug][gc,phases      ] GC(43) Pre Compact 0.015ms
[26.617s][info ][gc,start       ] GC(43) Pause Full (Ergonomics)
[26.617s][info ][gc,phases,start] GC(43) Marking Phase
[26.764s][debug][gc,phases      ] GC(43) Par Mark 147.165ms
[26.764s][debug][gc,ref         ] GC(43) Skipped phase 1 of Reference Processing: no references
[26.764s][debug][gc,ref         ] GC(43) Skipped phase 3 of Reference Processing: no references
[26.764s][debug][gc,phases      ] GC(43) Reference Processing 0.298ms
[26.765s][debug][gc,phases      ] GC(43) Weak Processing 0.640ms
[26.765s][debug][gc,phases      ] GC(43) ClassLoaderData 0.068ms
[26.765s][debug][gc,phases      ] GC(43) Trigger cleanups 0.000ms
[26.786s][debug][gc,phases      ] GC(43) Class Unloading 21.617ms
[26.786s][info ][gc,phases      ] GC(43) Marking Phase 169.895ms
[26.786s][info ][gc,phases,start] GC(43) Summary Phase
[26.787s][info ][gc,phases      ] GC(43) Summary Phase 0.013ms
[26.787s][info ][gc,phases,start] GC(43) Adjust Roots
[26.798s][info ][gc,phases      ] GC(43) Adjust Roots 11.033ms
[26.798s][info ][gc,phases,start] GC(43) Compaction Phase
[26.969s][info ][gc,phases      ] GC(43) Compaction Phase 170.903ms
[26.969s][info ][gc,phases,start] GC(43) Post Compact
[26.970s][info ][gc,phases      ] GC(43) Post Compact 1.022ms
[26.970s][info ][gc,heap        ] GC(43) PSYoungGen: 68352K(1849856K)->54535K(1849856K) Eden: 0K(1602560K)->0K(1602560K) From: 68352K(247296K)->54535K(247296K)
[26.970s][info ][gc,heap        ] GC(43) ParOldGen: 290270K(301056K)->301020K(357376K)
[26.970s][info ][gc,metaspace   ] GC(43) Metaspace: 67956K(68544K)->67956K(68544K) NonClass: 58412K(58752K)->58412K(58752K) Class: 9544K(9792K)->9544K(9792K)
[26.970s][info ][gc             ] GC(43) Pause Full (Ergonomics) 350M->347M(2155M) 353.137ms
[26.970s][info ][gc,cpu         ] GC(43) User=1.01s Sys=0.01s Real=0.35s
[26.970s][info ][safepoint      ] Safepoint "ParallelGCFailedAllocation", Time since last: 70633885 ns, Reaching safepoint: 5859682 ns, At safepoint: 396970733 ns, Total: 402830415 ns
[27.296s][info ][safepoint      ] Safepoint "ICBufferFull", Time since last: 306330371 ns, Reaching safepoint: 19570373 ns, At safepoint: 37600 ns, Total: 19607973 ns
[27.571s][info ][gc,start       ] GC(44) Pause Young (Allocation Failure)
[27.633s][debug][gc,phases      ] GC(44) Scavenge 62.534ms
[27.633s][debug][gc,ref         ] GC(44) Skipped phase 1 of Reference Processing: no references
[27.634s][debug][gc,ref         ] GC(44) Skipped phase 3 of Reference Processing: no references
[27.634s][debug][gc,phases      ] GC(44) Reference Processing 0.068ms
[27.634s][debug][gc,phases      ] GC(44) Weak Processing 0.681ms
[27.634s][debug][gc,age         ] GC(44) Desired survivor size 254279680 bytes, new threshold 15 (max threshold 15)
[27.634s][info ][gc,heap        ] GC(44) PSYoungGen: 1657095K(1849856K)->51168K(1653760K) Eden: 1602560K(1602560K)->0K(1602560K) From: 54535K(247296K)->51168K(51200K)
[27.634s][info ][gc,heap        ] GC(44) ParOldGen: 301020K(357376K)->306249K(357376K)
[27.634s][info ][gc,metaspace   ] GC(44) Metaspace: 69839K(70400K)->69839K(70400K) NonClass: 59972K(60288K)->59972K(60288K) Class: 9866K(10112K)->9866K(10112K)
[27.634s][info ][gc             ] GC(44) Pause Young (Allocation Failure) 1912M->349M(1964M) 63.440ms
[27.634s][info ][gc,cpu         ] GC(44) User=0.22s Sys=0.00s Real=0.07s
[27.634s][info ][safepoint      ] Safepoint "ParallelGCFailedAllocation", Time since last: 272855604 ns, Reaching safepoint: 2201031 ns, At safepoint: 63564286 ns, Total: 65765317 ns
[28.084s][info ][safepoint      ] Safepoint "ICBufferFull", Time since last: 438323712 ns, Reaching safepoint: 11118855 ns, At safepoint: 31200 ns, Total: 11150055 ns
[28.529s][info ][gc,start       ] GC(45) Pause Young (Allocation Failure)
[28.592s][debug][gc,phases      ] GC(45) Scavenge 52.917ms
[28.592s][debug][gc,ref         ] GC(45) Skipped phase 1 of Reference Processing: no references
[28.592s][debug][gc,ref         ] GC(45) Skipped phase 3 of Reference Processing: no references
[28.592s][debug][gc,phases      ] GC(45) Reference Processing 0.091ms
[28.593s][debug][gc,phases      ] GC(45) Weak Processing 0.788ms
[28.593s][debug][gc,age         ] GC(45) Desired survivor size 254803968 bytes, new threshold 15 (max threshold 15)
[28.593s][info ][gc,heap        ] GC(45) PSYoungGen: 1653728K(1653760K)->41197K(1847808K) Eden: 1602560K(1602560K)->0K(1599488K) From: 51168K(51200K)->41197K(248320K)
[28.593s][info ][gc,heap        ] GC(45) ParOldGen: 306249K(357376K)->319076K(357376K)
[28.593s][info ][gc,metaspace   ] GC(45) Metaspace: 74463K(75136K)->74463K(75136K) NonClass: 64031K(64384K)->64031K(64384K) Class: 10432K(10752K)->10432K(10752K)
[28.593s][info ][gc             ] GC(45) Pause Young (Allocation Failure) 1914M->351M(2153M) 63.866ms
[28.593s][info ][gc,cpu         ] GC(45) User=0.07s Sys=0.00s Real=0.07s
[28.593s][info ][safepoint      ] Safepoint "ParallelGCFailedAllocation", Time since last: 439394328 ns, Reaching safepoint: 5441776 ns, At safepoint: 64000292 ns, Total: 69442068 ns
[29.183s][info ][safepoint      ] Safepoint "ICBufferFull", Time since last: 579626684 ns, Reaching safepoint: 10847452 ns, At safepoint: 36700 ns, Total: 10884152 ns
[29.288s][info ][gc,start       ] GC(46) Pause Young (Allocation Failure)
[29.314s][debug][gc,phases      ] GC(46) Scavenge 25.600ms
[29.314s][debug][gc,ref         ] GC(46) Skipped phase 1 of Reference Processing: no references
[29.314s][debug][gc,ref         ] GC(46) Skipped phase 3 of Reference Processing: no references
[29.314s][debug][gc,phases      ] GC(46) Reference Processing 0.073ms
[29.315s][debug][gc,phases      ] GC(46) Weak Processing 0.794ms
[29.315s][debug][gc,age         ] GC(46) Desired survivor size 254279680 bytes, new threshold 15 (max threshold 15)
[29.315s][info ][gc,heap        ] GC(46) PSYoungGen: 1640685K(1847808K)->35615K(1848320K) Eden: 1599488K(1599488K)->0K(1599488K) From: 41197K(248320K)->35615K(248832K)
[29.315s][info ][gc,heap        ] GC(46) ParOldGen: 319076K(357376K)->325941K(357376K)
[29.315s][info ][gc,metaspace   ] GC(46) Metaspace: 75584K(76160K)->75584K(76160K) NonClass: 65045K(65344K)->65045K(65344K) Class: 10539K(10816K)->10539K(10816K)
[29.315s][info ][gc             ] GC(46) Pause Young (Allocation Failure) 1913M->353M(2154M) 26.627ms
[29.315s][info ][gc,cpu         ] GC(46) User=0.05s Sys=0.01s Real=0.03s
[29.315s][info ][safepoint      ] Safepoint "ParallelGCFailedAllocation", Time since last: 104521458 ns, Reaching safepoint: 282004 ns, At safepoint: 26739673 ns, Total: 27021677 ns
[30.131s][info ][gc,start       ] GC(47) Pause Young (Allocation Failure)
[30.167s][debug][gc,phases      ] GC(47) Scavenge 35.872ms
[30.167s][debug][gc,ref         ] GC(47) Skipped phase 1 of Reference Processing: no references
[30.167s][debug][gc,ref         ] GC(47) Skipped phase 3 of Reference Processing: no references
[30.167s][debug][gc,phases      ] GC(47) Reference Processing 0.110ms
[30.168s][debug][gc,phases      ] GC(47) Weak Processing 0.832ms
[30.168s][debug][gc,age         ] GC(47) Desired survivor size 252706816 bytes, new threshold 15 (max threshold 15)
[30.168s][info ][gc,heap        ] GC(47) PSYoungGen: 1635103K(1848320K)->29934K(1850368K) Eden: 1599488K(1599488K)->0K(1602048K) From: 35615K(248832K)->29934K(248320K)
[30.168s][info ][gc,heap        ] GC(47) ParOldGen: 325941K(357376K)->337484K(357376K)
[30.168s][info ][gc,metaspace   ] GC(47) Metaspace: 76022K(76672K)->76022K(76672K) NonClass: 65430K(65792K)->65430K(65792K) Class: 10591K(10880K)->10591K(10880K)
[30.168s][info ][gc             ] GC(47) Pause Young (Allocation Failure) 1915M->358M(2156M) 36.967ms
[30.168s][info ][gc,cpu         ] GC(47) User=0.08s Sys=0.00s Real=0.04s
[30.168s][debug][gc,phases      ] GC(48) Pre Compact 0.017ms
[30.168s][info ][gc,start       ] GC(48) Pause Full (Ergonomics)
[30.168s][info ][gc,phases,start] GC(48) Marking Phase
[30.364s][debug][gc,phases      ] GC(48) Par Mark 195.522ms
[30.364s][debug][gc,ref         ] GC(48) Skipped phase 1 of Reference Processing: no references
[30.364s][debug][gc,ref         ] GC(48) Skipped phase 3 of Reference Processing: no references
[30.364s][debug][gc,phases      ] GC(48) Reference Processing 0.066ms
[30.365s][debug][gc,phases      ] GC(48) Weak Processing 0.693ms
[30.365s][debug][gc,phases      ] GC(48) ClassLoaderData 0.069ms
[30.365s][debug][gc,phases      ] GC(48) Trigger cleanups 0.000ms
[30.380s][debug][gc,phases      ] GC(48) Class Unloading 15.616ms
[30.380s][info ][gc,phases      ] GC(48) Marking Phase 212.079ms
[30.380s][info ][gc,phases,start] GC(48) Summary Phase
[30.380s][info ][gc,phases      ] GC(48) Summary Phase 0.013ms
[30.380s][info ][gc,phases,start] GC(48) Adjust Roots
[30.402s][info ][gc,phases      ] GC(48) Adjust Roots 21.557ms
[30.402s][info ][gc,phases,start] GC(48) Compaction Phase
[30.627s][info ][gc,phases      ] GC(48) Compaction Phase 225.337ms
[30.627s][info ][gc,phases,start] GC(48) Post Compact
[30.629s][info ][gc,phases      ] GC(48) Post Compact 1.743ms
[30.629s][info ][gc,heap        ] GC(48) PSYoungGen: 29934K(1850368K)->7751K(1850368K) Eden: 0K(1602048K)->0K(1602048K) From: 29934K(248320K)->7751K(248320K)
[30.629s][info ][gc,heap        ] GC(48) ParOldGen: 337484K(357376K)->357129K(422400K)
[30.629s][info ][gc,metaspace   ] GC(48) Metaspace: 76022K(76672K)->76022K(76672K) NonClass: 65430K(65792K)->65430K(65792K) Class: 10591K(10880K)->10591K(10880K)
[30.629s][info ][gc             ] GC(48) Pause Full (Ergonomics) 358M->356M(2219M) 461.079ms
[30.629s][info ][gc,cpu         ] GC(48) User=1.37s Sys=0.03s Real=0.46s
[30.668s][info ][safepoint      ] Safepoint "ParallelGCFailedAllocation", Time since last: 806190646 ns, Reaching safepoint: 10096441 ns, At safepoint: 537024892 ns, Total: 547121333 ns
[31.072s][info ][safepoint      ] Safepoint "ICBufferFull", Time since last: 401556903 ns, Reaching safepoint: 2300933 ns, At safepoint: 31600 ns, Total: 2332533 ns
[31.307s][info ][safepoint      ] Safepoint "ParallelGCFailedAllocation", Time since last: 221559992 ns, Reaching safepoint: 13599990 ns, At safepoint: 37800 ns, Total: 13637790 ns
[31.312s][info ][gc,start       ] GC(49) Pause Young (GCLocker Initiated GC)
[31.385s][debug][gc,phases      ] GC(49) Scavenge 73.050ms
[31.385s][debug][gc,ref         ] GC(49) Skipped phase 1 of Reference Processing: no references
[31.385s][debug][gc,ref         ] GC(49) Skipped phase 3 of Reference Processing: no references
[31.385s][debug][gc,phases      ] GC(49) Reference Processing 0.053ms
[31.386s][debug][gc,phases      ] GC(49) Weak Processing 0.732ms
[31.386s][debug][gc,age         ] GC(49) Desired survivor size 249561088 bytes, new threshold 15 (max threshold 15)
[31.386s][info ][gc,heap        ] GC(49) PSYoungGen: 1609799K(1850368K)->27349K(1848832K) Eden: 1602048K(1602048K)->0K(1602048K) From: 7751K(248320K)->27349K(246784K)
[31.386s][info ][gc,heap        ] GC(49) ParOldGen: 357164K(422400K)->359833K(422400K)
[31.386s][info ][gc,metaspace   ] GC(49) Metaspace: 76680K(77248K)->76680K(77248K) NonClass: 66002K(66304K)->66002K(66304K) Class: 10677K(10944K)->10677K(10944K)
[31.386s][info ][gc             ] GC(49) Pause Young (GCLocker Initiated GC) 1920M->378M(2218M) 73.993ms
[31.386s][info ][gc,cpu         ] GC(49) User=0.17s Sys=0.00s Real=0.07s
[31.386s][info ][safepoint      ] Safepoint "ParallelGCSystemGC", Time since last: 577608 ns, Reaching safepoint: 4007956 ns, At safepoint: 74122735 ns, Total: 78130691 ns
[32.025s][info ][gc,start       ] GC(50) Pause Young (Allocation Failure)
[32.053s][debug][gc,phases      ] GC(50) Scavenge 27.667ms
[32.053s][debug][gc,ref         ] GC(50) Skipped phase 1 of Reference Processing: no references
[32.053s][debug][gc,ref         ] GC(50) Skipped phase 3 of Reference Processing: no references
[32.053s][debug][gc,phases      ] GC(50) Reference Processing 0.046ms
[32.054s][debug][gc,phases      ] GC(50) Weak Processing 0.823ms
[32.054s][debug][gc,age         ] GC(50) Desired survivor size 245366784 bytes, new threshold 15 (max threshold 15)
[32.054s][info ][gc,heap        ] GC(50) PSYoungGen: 1629397K(1848832K)->23817K(1857536K) Eden: 1602048K(1602048K)->0K(1613824K) From: 27349K(246784K)->23817K(243712K)
[32.054s][info ][gc,heap        ] GC(50) ParOldGen: 359834K(422400K)->363118K(422400K)
[32.054s][info ][gc,metaspace   ] GC(50) Metaspace: 76889K(77568K)->76889K(77568K) NonClass: 66197K(66560K)->66197K(66560K) Class: 10691K(11008K)->10691K(11008K)
[32.054s][info ][gc             ] GC(50) Pause Young (Allocation Failure) 1942M->377M(2226M) 28.762ms
[32.054s][info ][gc,cpu         ] GC(50) User=0.04s Sys=0.00s Real=0.03s
[32.054s][info ][safepoint      ] Safepoint "ParallelGCFailedAllocation", Time since last: 622150982 ns, Reaching safepoint: 17084039 ns, At safepoint: 28896303 ns, Total: 45980342 ns
[32.761s][info ][safepoint      ] Safepoint "ICBufferFull", Time since last: 699045258 ns, Reaching safepoint: 7977911 ns, At safepoint: 24400 ns, Total: 8002311 ns
[32.851s][info ][gc,start       ] GC(51) Pause Young (Allocation Failure)
[32.864s][debug][gc,phases      ] GC(51) Scavenge 12.825ms
[32.864s][debug][gc,ref         ] GC(51) Skipped phase 1 of Reference Processing: no references
[32.864s][debug][gc,ref         ] GC(51) Skipped phase 3 of Reference Processing: no references
[32.864s][debug][gc,phases      ] GC(51) Reference Processing 0.039ms
[32.865s][debug][gc,phases      ] GC(51) Weak Processing 0.930ms
[32.865s][debug][gc,age         ] GC(51) Desired survivor size 240123904 bytes, new threshold 15 (max threshold 15)
[32.865s][info ][gc,heap        ] GC(51) PSYoungGen: 1637641K(1857536K)->22637K(1853440K) Eden: 1613824K(1613824K)->0K(1613824K) From: 23817K(243712K)->22637K(239616K)
[32.865s][info ][gc,heap        ] GC(51) ParOldGen: 363118K(422400K)->363366K(422400K)
[32.865s][info ][gc,metaspace   ] GC(51) Metaspace: 77009K(77696K)->77009K(77696K) NonClass: 66308K(66688K)->66308K(66688K) Class: 10701K(11008K)->10701K(11008K)
[32.865s][info ][gc             ] GC(51) Pause Young (Allocation Failure) 1953M->376M(2222M) 13.948ms
[32.865s][info ][gc,cpu         ] GC(51) User=0.03s Sys=0.00s Real=0.02s
[32.865s][info ][safepoint      ] Safepoint "ParallelGCFailedAllocation", Time since last: 86364806 ns, Reaching safepoint: 3791853 ns, At safepoint: 14075596 ns, Total: 17867449 ns
[33.516s][info ][gc,start       ] GC(52) Pause Young (Allocation Failure)
[33.529s][debug][gc,phases      ] GC(52) Scavenge 12.531ms
[33.529s][debug][gc,ref         ] GC(52) Skipped phase 1 of Reference Processing: no references
[33.529s][debug][gc,ref         ] GC(52) Skipped phase 3 of Reference Processing: no references
[33.529s][debug][gc,phases      ] GC(52) Reference Processing 0.037ms
[33.540s][debug][gc,phases      ] GC(52) Weak Processing 10.771ms
[33.540s][debug][gc,age         ] GC(52) Desired survivor size 233308160 bytes, new threshold 15 (max threshold 15)
[33.540s][info ][gc,heap        ] GC(52) PSYoungGen: 1636461K(1853440K)->23403K(1869312K) Eden: 1613824K(1613824K)->0K(1634816K) From: 22637K(239616K)->23403K(234496K)
[33.540s][info ][gc,heap        ] GC(52) ParOldGen: 363366K(422400K)->363526K(422400K)
[33.540s][info ][gc,metaspace   ] GC(52) Metaspace: 77081K(77760K)->77081K(77760K) NonClass: 66378K(66752K)->66378K(66752K) Class: 10703K(11008K)->10703K(11008K)
[33.540s][info ][gc             ] GC(52) Pause Young (Allocation Failure) 1952M->377M(2238M) 23.583ms
[33.540s][info ][gc,cpu         ] GC(52) User=0.04s Sys=0.00s Real=0.02s
[33.540s][info ][safepoint      ] Safepoint "ParallelGCFailedAllocation", Time since last: 642527071 ns, Reaching safepoint: 8299716 ns, At safepoint: 23725231 ns, Total: 32024947 ns
[34.228s][info ][gc,start       ] GC(53) Pause Young (Allocation Failure)
[34.252s][debug][gc,phases      ] GC(53) Scavenge 23.690ms
[34.252s][debug][gc,ref         ] GC(53) Skipped phase 1 of Reference Processing: no references
[34.252s][debug][gc,ref         ] GC(53) Skipped phase 3 of Reference Processing: no references
[34.252s][debug][gc,phases      ] GC(53) Reference Processing 0.032ms
[34.253s][debug][gc,phases      ] GC(53) Weak Processing 0.716ms
[34.253s][debug][gc,age         ] GC(53) Desired survivor size 225968128 bytes, new threshold 15 (max threshold 15)
[34.253s][info ][gc,heap        ] GC(53) PSYoungGen: 1658219K(1869312K)->23757K(1862656K) Eden: 1634816K(1634816K)->0K(1634816K) From: 23403K(234496K)->23757K(227840K)
[34.253s][info ][gc,heap        ] GC(53) ParOldGen: 363526K(422400K)->363606K(422400K)
[34.253s][info ][gc,metaspace   ] GC(53) Metaspace: 77142K(77824K)->77142K(77824K) NonClass: 66438K(66816K)->66438K(66816K) Class: 10704K(11008K)->10704K(11008K)
[34.253s][info ][gc             ] GC(53) Pause Young (Allocation Failure) 1974M->378M(2231M) 24.573ms
[34.253s][info ][gc,cpu         ] GC(53) User=0.03s Sys=0.00s Real=0.03s
[34.253s][info ][safepoint      ] Safepoint "ParallelGCFailedAllocation", Time since last: 678909180 ns, Reaching safepoint: 9244529 ns, At safepoint: 24700745 ns, Total: 33945274 ns
[35.038s][info ][gc,start       ] GC(54) Pause Young (Allocation Failure)
[35.054s][debug][gc,phases      ] GC(54) Scavenge 15.894ms
[35.054s][debug][gc,ref         ] GC(54) Skipped phase 1 of Reference Processing: no references
[35.054s][debug][gc,ref         ] GC(54) Skipped phase 3 of Reference Processing: no references
[35.054s][debug][gc,ref         ] GC(54) Skipped phase 4 of Reference Processing: no references
[35.054s][debug][gc,phases      ] GC(54) Reference Processing 0.035ms
[35.054s][debug][gc,phases      ] GC(54) Weak Processing 0.734ms
[35.054s][debug][gc,age         ] GC(54) Desired survivor size 218103808 bytes, new threshold 15 (max threshold 15)
[35.054s][info ][gc,heap        ] GC(54) PSYoungGen: 1658573K(1862656K)->24013K(1884160K) Eden: 1634816K(1634816K)->0K(1663488K) From: 23757K(227840K)->24013K(220672K)
[35.054s][info ][gc,heap        ] GC(54) ParOldGen: 363606K(422400K)->363654K(422400K)
[35.054s][info ][gc,metaspace   ] GC(54) Metaspace: 77193K(77824K)->77193K(77824K) NonClass: 66488K(66816K)->66488K(66816K) Class: 10704K(11008K)->10704K(11008K)
[35.054s][info ][gc             ] GC(54) Pause Young (Allocation Failure) 1974M->378M(2252M) 16.803ms
[35.054s][info ][gc,cpu         ] GC(54) User=0.03s Sys=0.00s Real=0.02s
[35.055s][info ][safepoint      ] Safepoint "ParallelGCFailedAllocation", Time since last: 780130895 ns, Reaching safepoint: 4822967 ns, At safepoint: 16928437 ns, Total: 21751404 ns
[35.853s][info ][gc,start       ] GC(55) Pause Young (Allocation Failure)
[35.868s][debug][gc,phases      ] GC(55) Scavenge 14.834ms
[35.868s][debug][gc,ref         ] GC(55) Skipped phase 1 of Reference Processing: no references
[35.868s][debug][gc,ref         ] GC(55) Skipped phase 3 of Reference Processing: no references
[35.868s][debug][gc,ref         ] GC(55) Skipped phase 4 of Reference Processing: no references
[35.868s][debug][gc,phases      ] GC(55) Reference Processing 0.037ms
[35.869s][debug][gc,phases      ] GC(55) Weak Processing 0.800ms
[35.869s][debug][gc,age         ] GC(55) Desired survivor size 209190912 bytes, new threshold 15 (max threshold 15)
[35.869s][info ][gc,heap        ] GC(55) PSYoungGen: 1687501K(1884160K)->24343K(1876480K) Eden: 1663488K(1663488K)->0K(1663488K) From: 24013K(220672K)->24343K(212992K)
[35.869s][info ][gc,heap        ] GC(55) ParOldGen: 363654K(422400K)->363686K(422400K)
[35.869s][info ][gc,metaspace   ] GC(55) Metaspace: 77233K(77888K)->77233K(77888K) NonClass: 66528K(66880K)->66528K(66880K) Class: 10704K(11008K)->10704K(11008K)
[35.869s][info ][gc             ] GC(55) Pause Young (Allocation Failure) 2003M->378M(2245M) 15.870ms
[35.869s][info ][gc,cpu         ] GC(55) User=0.02s Sys=0.01s Real=0.01s
[35.869s][info ][safepoint      ] Safepoint "ParallelGCFailedAllocation", Time since last: 793378782 ns, Reaching safepoint: 4924369 ns, At safepoint: 15985623 ns, Total: 20909992 ns
[36.496s][info ][gc,start       ] GC(56) Pause Young (Allocation Failure)
[36.518s][debug][gc,phases      ] GC(56) Scavenge 21.262ms
[36.518s][debug][gc,ref         ] GC(56) Skipped phase 1 of Reference Processing: no references
[36.518s][debug][gc,ref         ] GC(56) Skipped phase 3 of Reference Processing: no references
[36.518s][debug][gc,ref         ] GC(56) Skipped phase 4 of Reference Processing: no references
[36.518s][debug][gc,phases      ] GC(56) Reference Processing 0.036ms
[36.519s][debug][gc,phases      ] GC(56) Weak Processing 0.814ms
[36.519s][debug][gc,age         ] GC(56) Desired survivor size 200278016 bytes, new threshold 15 (max threshold 15)
[36.519s][info ][gc,heap        ] GC(56) PSYoungGen: 1687831K(1876480K)->24893K(1901568K) Eden: 1663488K(1663488K)->0K(1697280K) From: 24343K(212992K)->24893K(204288K)
[36.519s][info ][gc,heap        ] GC(56) ParOldGen: 363686K(422400K)->363710K(422400K)
[36.519s][info ][gc,metaspace   ] GC(56) Metaspace: 77250K(77888K)->77250K(77888K) NonClass: 66545K(66880K)->66545K(66880K) Class: 10704K(11008K)->10704K(11008K)
[36.519s][info ][gc             ] GC(56) Pause Young (Allocation Failure) 2003M->379M(2269M) 22.287ms
[36.519s][info ][gc,cpu         ] GC(56) User=0.07s Sys=0.00s Real=0.02s
[36.519s][info ][safepoint      ] Safepoint "ParallelGCFailedAllocation", Time since last: 627283564 ns, Reaching safepoint: 220103 ns, At safepoint: 22398413 ns, Total: 22618516 ns
[37.247s][info ][gc,start       ] GC(57) Pause Young (Allocation Failure)
[37.263s][debug][gc,phases      ] GC(57) Scavenge 16.304ms
[37.263s][debug][gc,ref         ] GC(57) Skipped phase 1 of Reference Processing: no references
[37.263s][debug][gc,ref         ] GC(57) Skipped phase 3 of Reference Processing: no references
[37.263s][debug][gc,ref         ] GC(57) Skipped phase 4 of Reference Processing: no references
[37.263s][debug][gc,phases      ] GC(57) Reference Processing 0.071ms
[37.264s][debug][gc,phases      ] GC(57) Weak Processing 0.864ms
[37.264s][debug][gc,age         ] GC(57) Desired survivor size 191365120 bytes, new threshold 15 (max threshold 15)
[37.264s][info ][gc,heap        ] GC(57) PSYoungGen: 1722173K(1901568K)->25580K(1892864K) Eden: 1697280K(1697280K)->0K(1697280K) From: 24893K(204288K)->25580K(195584K)
[37.264s][info ][gc,heap        ] GC(57) ParOldGen: 363710K(422400K)->363734K(422400K)
[37.264s][info ][gc,metaspace   ] GC(57) Metaspace: 77285K(77952K)->77285K(77952K) NonClass: 66580K(66944K)->66580K(66944K) Class: 10704K(11008K)->10704K(11008K)
[37.264s][info ][gc             ] GC(57) Pause Young (Allocation Failure) 2036M->380M(2261M) 17.431ms
[37.264s][info ][gc,cpu         ] GC(57) User=0.04s Sys=0.00s Real=0.02s
[37.264s][info ][safepoint      ] Safepoint "ParallelGCFailedAllocation", Time since last: 727894771 ns, Reaching safepoint: 292604 ns, At safepoint: 17552245 ns, Total: 17844849 ns
[37.820s][info ][gc,start       ] GC(58) Pause Young (Allocation Failure)
[37.830s][debug][gc,phases      ] GC(58) Scavenge 10.551ms
[37.830s][debug][gc,ref         ] GC(58) Skipped phase 1 of Reference Processing: no references
[37.830s][debug][gc,ref         ] GC(58) Skipped phase 3 of Reference Processing: no references
[37.830s][debug][gc,phases      ] GC(58) Reference Processing 0.050ms
[37.831s][debug][gc,phases      ] GC(58) Weak Processing 0.684ms
[37.831s][debug][gc,age         ] GC(58) Desired survivor size 181927936 bytes, new threshold 15 (max threshold 15)
[37.831s][info ][gc,heap        ] GC(58) PSYoungGen: 1722860K(1892864K)->26828K(1919488K) Eden: 1697280K(1697280K)->0K(1732608K) From: 25580K(195584K)->26828K(186880K)
[37.831s][info ][gc,heap        ] GC(58) ParOldGen: 363734K(422400K)->363770K(422400K)
[37.831s][info ][gc,metaspace   ] GC(58) Metaspace: 77329K(77952K)->77329K(77952K) NonClass: 66622K(66944K)->66622K(66944K) Class: 10707K(11008K)->10707K(11008K)
[37.831s][info ][gc             ] GC(58) Pause Young (Allocation Failure) 2037M->381M(2287M) 11.441ms
[37.831s][info ][gc,cpu         ] GC(58) User=0.05s Sys=0.00s Real=0.01s
[37.831s][info ][safepoint      ] Safepoint "ParallelGCFailedAllocation", Time since last: 554877055 ns, Reaching safepoint: 174102 ns, At safepoint: 11557162 ns, Total: 11731264 ns
[38.471s][info ][gc,start       ] GC(59) Pause Young (Allocation Failure)
[38.492s][debug][gc,phases      ] GC(59) Scavenge 20.872ms
[38.492s][debug][gc,ref         ] GC(59) Skipped phase 1 of Reference Processing: no references
[38.492s][debug][gc,ref         ] GC(59) Skipped phase 3 of Reference Processing: no references
[38.492s][debug][gc,ref         ] GC(59) Skipped phase 4 of Reference Processing: no references
[38.492s][debug][gc,phases      ] GC(59) Reference Processing 0.038ms
[38.493s][debug][gc,phases      ] GC(59) Weak Processing 1.166ms
[38.493s][debug][gc,age         ] GC(59) Desired survivor size 173015040 bytes, new threshold 15 (max threshold 15)
[38.493s][info ][gc,heap        ] GC(59) PSYoungGen: 1759436K(1919488K)->28039K(1910272K) Eden: 1732608K(1732608K)->0K(1732608K) From: 26828K(186880K)->28039K(177664K)
[38.493s][info ][gc,heap        ] GC(59) ParOldGen: 363770K(422400K)->363826K(422400K)
[38.493s][info ][gc,metaspace   ] GC(59) Metaspace: 77354K(77952K)->77354K(77952K) NonClass: 66646K(66944K)->66646K(66944K) Class: 10707K(11008K)->10707K(11008K)
[38.493s][info ][gc             ] GC(59) Pause Young (Allocation Failure) 2073M->382M(2278M) 22.313ms
[38.493s][info ][gc,cpu         ] GC(59) User=0.05s Sys=0.00s Real=0.03s
[38.493s][info ][safepoint      ] Safepoint "ParallelGCFailedAllocation", Time since last: 634943975 ns, Reaching safepoint: 4770866 ns, At safepoint: 22527015 ns, Total: 27297881 ns
[39.219s][info ][gc,start       ] GC(60) Pause Young (Allocation Failure)
[39.242s][debug][gc,phases      ] GC(60) Scavenge 23.239ms
[39.242s][debug][gc,ref         ] GC(60) Skipped phase 1 of Reference Processing: no references
[39.242s][debug][gc,ref         ] GC(60) Skipped phase 3 of Reference Processing: no references
[39.242s][debug][gc,ref         ] GC(60) Skipped phase 4 of Reference Processing: no references
[39.242s][debug][gc,phases      ] GC(60) Reference Processing 0.042ms
[39.243s][debug][gc,phases      ] GC(60) Weak Processing 0.824ms
[39.243s][debug][gc,age         ] GC(60) Desired survivor size 164102144 bytes, new threshold 15 (max threshold 15)
[39.243s][info ][gc,heap        ] GC(60) PSYoungGen: 1760647K(1910272K)->28146K(1936896K) Eden: 1732608K(1732608K)->0K(1767936K) From: 28039K(177664K)->28146K(168960K)
[39.243s][info ][gc,heap        ] GC(60) ParOldGen: 363826K(422400K)->363986K(422400K)
[39.243s][info ][gc,metaspace   ] GC(60) Metaspace: 77442K(78080K)->77442K(78080K) NonClass: 66732K(67072K)->66732K(67072K) Class: 10709K(11008K)->10709K(11008K)
[39.243s][info ][gc             ] GC(60) Pause Young (Allocation Failure) 2074M->382M(2304M) 24.304ms
[39.243s][info ][gc,cpu         ] GC(60) User=0.04s Sys=0.01s Real=0.02s
[39.243s][info ][safepoint      ] Safepoint "ParallelGCFailedAllocation", Time since last: 716284513 ns, Reaching safepoint: 9322331 ns, At safepoint: 24501242 ns, Total: 33823573 ns
[40.004s][info ][gc,start       ] GC(61) Pause Young (Allocation Failure)
[40.041s][debug][gc,phases      ] GC(61) Scavenge 37.108ms
[40.041s][debug][gc,ref         ] GC(61) Skipped phase 1 of Reference Processing: no references
[40.041s][debug][gc,ref         ] GC(61) Skipped phase 3 of Reference Processing: no references
[40.041s][debug][gc,ref         ] GC(61) Skipped phase 4 of Reference Processing: no references
[40.042s][debug][gc,phases      ] GC(61) Reference Processing 0.042ms
[40.042s][debug][gc,phases      ] GC(61) Weak Processing 0.829ms
[40.042s][debug][gc,age         ] GC(61) Desired survivor size 154140672 bytes, new threshold 15 (max threshold 15)
[40.042s][info ][gc,heap        ] GC(61) PSYoungGen: 1796082K(1936896K)->35886K(1928192K) Eden: 1767936K(1767936K)->0K(1767936K) From: 28146K(168960K)->35886K(160256K)
[40.042s][info ][gc,heap        ] GC(61) ParOldGen: 363986K(422400K)->364825K(422400K)
[40.042s][info ][gc,metaspace   ] GC(61) Metaspace: 77449K(78144K)->77449K(78144K) NonClass: 66739K(67136K)->66739K(67136K) Class: 10710K(11008K)->10710K(11008K)
[40.042s][info ][gc             ] GC(61) Pause Young (Allocation Failure) 2109M->391M(2295M) 38.553ms
[40.042s][info ][gc,cpu         ] GC(61) User=0.10s Sys=0.01s Real=0.03s
[40.043s][info ][safepoint      ] Safepoint "ParallelGCFailedAllocation", Time since last: 753170031 ns, Reaching safepoint: 7211901 ns, At safepoint: 38691941 ns, Total: 45903842 ns
[40.914s][info ][gc,start       ] GC(62) Pause Young (Allocation Failure)
[40.940s][debug][gc,phases      ] GC(62) Scavenge 25.518ms
[40.940s][debug][gc,ref         ] GC(62) Skipped phase 1 of Reference Processing: no references
[40.940s][debug][gc,ref         ] GC(62) Skipped phase 3 of Reference Processing: no references
[40.940s][debug][gc,ref         ] GC(62) Skipped phase 4 of Reference Processing: no references
[40.940s][debug][gc,phases      ] GC(62) Reference Processing 0.039ms
[40.941s][debug][gc,phases      ] GC(62) Weak Processing 0.857ms
[40.941s][debug][gc,age         ] GC(62) Desired survivor size 144703488 bytes, new threshold 15 (max threshold 15)
[40.941s][info ][gc,heap        ] GC(62) PSYoungGen: 1803822K(1928192K)->37918K(1955840K) Eden: 1767936K(1767936K)->0K(1805312K) From: 35886K(160256K)->37918K(150528K)
[40.941s][info ][gc,heap        ] GC(62) ParOldGen: 364825K(422400K)->364929K(422400K)
[40.941s][info ][gc,metaspace   ] GC(62) Metaspace: 77477K(78144K)->77477K(78144K) NonClass: 66767K(67136K)->66767K(67136K) Class: 10710K(11008K)->10710K(11008K)
[40.941s][info ][gc             ] GC(62) Pause Young (Allocation Failure) 2117M->393M(2322M) 26.623ms
[40.941s][info ][gc,cpu         ] GC(62) User=0.06s Sys=0.01s Real=0.02s
[40.941s][info ][safepoint      ] Safepoint "ParallelGCFailedAllocation", Time since last: 869198155 ns, Reaching safepoint: 2259432 ns, At safepoint: 26774674 ns, Total: 29034106 ns
[41.589s][info ][gc,start       ] GC(63) Pause Young (Allocation Failure)
[41.608s][debug][gc,phases      ] GC(63) Scavenge 18.810ms
[41.608s][debug][gc,ref         ] GC(63) Skipped phase 1 of Reference Processing: no references
[41.608s][debug][gc,ref         ] GC(63) Skipped phase 3 of Reference Processing: no references
[41.608s][debug][gc,ref         ] GC(63) Skipped phase 4 of Reference Processing: no references
[41.608s][debug][gc,phases      ] GC(63) Reference Processing 0.028ms
[41.609s][debug][gc,phases      ] GC(63) Weak Processing 0.574ms
[41.609s][debug][gc,age         ] GC(63) Desired survivor size 135790592 bytes, new threshold 15 (max threshold 15)
[41.609s][info ][gc,heap        ] GC(63) PSYoungGen: 1843230K(1955840K)->38126K(1946624K) Eden: 1805312K(1805312K)->0K(1805312K) From: 37918K(150528K)->38126K(141312K)
[41.609s][info ][gc,heap        ] GC(63) ParOldGen: 364929K(422400K)->365041K(422400K)
[41.609s][info ][gc,metaspace   ] GC(63) Metaspace: 77492K(78144K)->77492K(78144K) NonClass: 66781K(67136K)->66781K(67136K) Class: 10710K(11008K)->10710K(11008K)
[41.609s][info ][gc             ] GC(63) Pause Young (Allocation Failure) 2156M->393M(2313M) 19.557ms
[41.609s][info ][gc,cpu         ] GC(63) User=0.06s Sys=0.00s Real=0.02s
[41.609s][info ][safepoint      ] Safepoint "ParallelGCFailedAllocation", Time since last: 648322569 ns, Reaching safepoint: 256204 ns, At safepoint: 19681875 ns, Total: 19938079 ns
[42.028s][info ][safepoint      ] Safepoint "ICBufferFull", Time since last: 418934660 ns, Reaching safepoint: 364005 ns, At safepoint: 24401 ns, Total: 388406 ns
[42.177s][info ][gc,start       ] GC(64) Pause Young (Allocation Failure)
[42.200s][debug][gc,phases      ] GC(64) Scavenge 22.699ms
[42.200s][debug][gc,ref         ] GC(64) Skipped phase 1 of Reference Processing: no references
[42.200s][debug][gc,ref         ] GC(64) Skipped phase 3 of Reference Processing: no references
[42.200s][debug][gc,ref         ] GC(64) Skipped phase 4 of Reference Processing: no references
[42.200s][debug][gc,phases      ] GC(64) Reference Processing 0.026ms
[42.201s][debug][gc,phases      ] GC(64) Weak Processing 0.594ms
[42.201s][debug][gc,age         ] GC(64) Desired survivor size 130547712 bytes, new threshold 15 (max threshold 15)
[42.201s][info ][gc,heap        ] GC(64) PSYoungGen: 1843438K(1946624K)->20701K(1969664K) Eden: 1805312K(1805312K)->0K(1837056K) From: 38126K(141312K)->20701K(132608K)
[42.201s][info ][gc,heap        ] GC(64) ParOldGen: 365041K(422400K)->382737K(422400K)
[42.201s][info ][gc,metaspace   ] GC(64) Metaspace: 77517K(78144K)->77517K(78144K) NonClass: 66806K(67136K)->66806K(67136K) Class: 10710K(11008K)->10710K(11008K)
[42.201s][info ][gc             ] GC(64) Pause Young (Allocation Failure) 2156M->393M(2336M) 23.470ms
[42.201s][info ][gc,cpu         ] GC(64) User=0.06s Sys=0.02s Real=0.02s
[42.201s][info ][safepoint      ] Safepoint "ParallelGCFailedAllocation", Time since last: 148290274 ns, Reaching safepoint: 575508 ns, At safepoint: 23618431 ns, Total: 24193939 ns
[42.706s][info ][gc,start       ] GC(65) Pause Young (Allocation Failure)
[42.720s][debug][gc,phases      ] GC(65) Scavenge 13.523ms
[42.720s][debug][gc,ref         ] GC(65) Skipped phase 1 of Reference Processing: no references
[42.720s][debug][gc,ref         ] GC(65) Skipped phase 3 of Reference Processing: no references
[42.720s][debug][gc,ref         ] GC(65) Skipped phase 4 of Reference Processing: no references
[42.720s][debug][gc,phases      ] GC(65) Reference Processing 0.035ms
[42.721s][debug][gc,phases      ] GC(65) Weak Processing 0.579ms
[42.721s][debug][gc,age         ] GC(65) Desired survivor size 125829120 bytes, new threshold 15 (max threshold 15)
[42.721s][info ][gc,heap        ] GC(65) PSYoungGen: 1857757K(1969664K)->18861K(1964544K) Eden: 1837056K(1837056K)->0K(1837056K) From: 20701K(132608K)->18861K(127488K)
[42.721s][info ][gc,heap        ] GC(65) ParOldGen: 382737K(422400K)->384873K(422400K)
[42.721s][info ][gc,metaspace   ] GC(65) Metaspace: 77523K(78144K)->77523K(78144K) NonClass: 66812K(67136K)->66812K(67136K) Class: 10710K(11008K)->10710K(11008K)
[42.721s][info ][gc             ] GC(65) Pause Young (Allocation Failure) 2187M->394M(2331M) 14.275ms
[42.721s][info ][gc,cpu         ] GC(65) User=0.05s Sys=0.00s Real=0.01s
[42.721s][info ][safepoint      ] Safepoint "ParallelGCFailedAllocation", Time since last: 505344970 ns, Reaching safepoint: 198503 ns, At safepoint: 14395401 ns, Total: 14593904 ns
[43.137s][info ][gc,start       ] GC(66) Pause Young (Allocation Failure)
[43.152s][debug][gc,phases      ] GC(66) Scavenge 14.437ms
[43.152s][debug][gc,ref         ] GC(66) Skipped phase 1 of Reference Processing: no references
[43.152s][debug][gc,ref         ] GC(66) Skipped phase 3 of Reference Processing: no references
[43.152s][debug][gc,ref         ] GC(66) Skipped phase 4 of Reference Processing: no references
[43.152s][debug][gc,phases      ] GC(66) Reference Processing 0.023ms
[43.152s][debug][gc,phases      ] GC(66) Weak Processing 0.554ms
[43.152s][debug][gc,age         ] GC(66) Desired survivor size 120586240 bytes, new threshold 15 (max threshold 15)
[43.152s][info ][gc,heap        ] GC(66) PSYoungGen: 1855917K(1964544K)->18464K(1979392K) Eden: 1837056K(1837056K)->0K(1856512K) From: 18861K(127488K)->18464K(122880K)
[43.152s][info ][gc,heap        ] GC(66) ParOldGen: 384873K(422400K)->385611K(422400K)
[43.153s][info ][gc,metaspace   ] GC(66) Metaspace: 77537K(78144K)->77537K(78144K) NonClass: 66826K(67136K)->66826K(67136K) Class: 10711K(11008K)->10711K(11008K)
[43.153s][info ][gc             ] GC(66) Pause Young (Allocation Failure) 2188M->394M(2345M) 15.195ms
[43.153s][info ][gc,cpu         ] GC(66) User=0.06s Sys=0.01s Real=0.02s
[43.153s][info ][safepoint      ] Safepoint "ParallelGCFailedAllocation", Time since last: 416304825 ns, Reaching safepoint: 249904 ns, At safepoint: 15307714 ns, Total: 15557618 ns
[43.627s][info ][gc,start       ] GC(67) Pause Young (Allocation Failure)
[43.641s][debug][gc,phases      ] GC(67) Scavenge 13.632ms
[43.641s][debug][gc,ref         ] GC(67) Skipped phase 1 of Reference Processing: no references
[43.641s][debug][gc,ref         ] GC(67) Skipped phase 3 of Reference Processing: no references
[43.641s][debug][gc,ref         ] GC(67) Skipped phase 4 of Reference Processing: no references
[43.641s][debug][gc,phases      ] GC(67) Reference Processing 0.024ms
[43.641s][debug][gc,phases      ] GC(67) Weak Processing 0.592ms
[43.641s][debug][gc,age         ] GC(67) Desired survivor size 115867648 bytes, new threshold 15 (max threshold 15)
[43.642s][info ][gc,heap        ] GC(67) PSYoungGen: 1874976K(1979392K)->17904K(1974272K) Eden: 1856512K(1856512K)->0K(1856512K) From: 18464K(122880K)->17904K(117760K)
[43.642s][info ][gc,heap        ] GC(67) ParOldGen: 385611K(422400K)->386547K(422400K)
[43.642s][info ][gc,metaspace   ] GC(67) Metaspace: 77553K(78208K)->77553K(78208K) NonClass: 66842K(67200K)->66842K(67200K) Class: 10711K(11008K)->10711K(11008K)
[43.642s][info ][gc             ] GC(67) Pause Young (Allocation Failure) 2207M->394M(2340M) 14.394ms
[43.642s][info ][gc,cpu         ] GC(67) User=0.05s Sys=0.00s Real=0.01s
[43.642s][info ][safepoint      ] Safepoint "ParallelGCFailedAllocation", Time since last: 474163036 ns, Reaching safepoint: 344305 ns, At safepoint: 14504703 ns, Total: 14849008 ns
[44.206s][info ][gc,start       ] GC(68) Pause Young (Allocation Failure)
[44.220s][debug][gc,phases      ] GC(68) Scavenge 14.443ms
[44.220s][debug][gc,ref         ] GC(68) Skipped phase 1 of Reference Processing: no references
[44.220s][debug][gc,ref         ] GC(68) Skipped phase 3 of Reference Processing: no references
[44.220s][debug][gc,ref         ] GC(68) Skipped phase 4 of Reference Processing: no references
[44.220s][debug][gc,phases      ] GC(68) Reference Processing 0.032ms
[44.221s][debug][gc,phases      ] GC(68) Weak Processing 0.676ms
[44.221s][debug][gc,age         ] GC(68) Desired survivor size 110624768 bytes, new threshold 15 (max threshold 15)
[44.221s][info ][gc,heap        ] GC(68) PSYoungGen: 1874416K(1974272K)->17520K(1989120K) Eden: 1856512K(1856512K)->0K(1875968K) From: 17904K(117760K)->17520K(113152K)
[44.221s][info ][gc,heap        ] GC(68) ParOldGen: 386547K(422400K)->387351K(422400K)
[44.221s][info ][gc,metaspace   ] GC(68) Metaspace: 77573K(78208K)->77573K(78208K) NonClass: 66861K(67200K)->66861K(67200K) Class: 10711K(11008K)->10711K(11008K)
[44.221s][info ][gc             ] GC(68) Pause Young (Allocation Failure) 2207M->395M(2355M) 15.312ms
[44.221s][info ][gc,cpu         ] GC(68) User=0.05s Sys=0.00s Real=0.01s
[44.221s][info ][safepoint      ] Safepoint "ParallelGCFailedAllocation", Time since last: 556315486 ns, Reaching safepoint: 7520505 ns, At safepoint: 15451716 ns, Total: 22972221 ns
[44.699s][info ][gc,start       ] GC(69) Pause Young (Allocation Failure)
[44.713s][debug][gc,phases      ] GC(69) Scavenge 13.623ms
[44.713s][debug][gc,ref         ] GC(69) Skipped phase 1 of Reference Processing: no references
[44.713s][debug][gc,ref         ] GC(69) Skipped phase 3 of Reference Processing: no references
[44.713s][debug][gc,phases      ] GC(69) Reference Processing 0.023ms
[44.714s][debug][gc,phases      ] GC(69) Weak Processing 0.538ms
[44.714s][debug][gc,age         ] GC(69) Desired survivor size 105906176 bytes, new threshold 15 (max threshold 15)
[44.714s][info ][gc,heap        ] GC(69) PSYoungGen: 1893488K(1989120K)->17632K(1984000K) Eden: 1875968K(1875968K)->0K(1875968K) From: 17520K(113152K)->17632K(108032K)
[44.714s][info ][gc,heap        ] GC(69) ParOldGen: 387351K(422400K)->387687K(422400K)
[44.714s][info ][gc,metaspace   ] GC(69) Metaspace: 77644K(78272K)->77644K(78272K) NonClass: 66925K(67264K)->66925K(67264K) Class: 10718K(11008K)->10718K(11008K)
[44.714s][info ][gc             ] GC(69) Pause Young (Allocation Failure) 2227M->395M(2350M) 14.358ms
[44.714s][info ][gc,cpu         ] GC(69) User=0.06s Sys=0.00s Real=0.02s
[44.714s][info ][safepoint      ] Safepoint "ParallelGCFailedAllocation", Time since last: 478239494 ns, Reaching safepoint: 207803 ns, At safepoint: 14481003 ns, Total: 14688806 ns
[45.203s][info ][gc,start       ] GC(70) Pause Young (Allocation Failure)
[45.215s][debug][gc,phases      ] GC(70) Scavenge 11.543ms
[45.215s][debug][gc,ref         ] GC(70) Skipped phase 1 of Reference Processing: no references
[45.215s][debug][gc,ref         ] GC(70) Skipped phase 3 of Reference Processing: no references
[45.215s][debug][gc,ref         ] GC(70) Skipped phase 4 of Reference Processing: no references
[45.215s][debug][gc,phases      ] GC(70) Reference Processing 0.023ms
[45.216s][debug][gc,phases      ] GC(70) Weak Processing 0.544ms
[45.216s][debug][gc,age         ] GC(70) Desired survivor size 101187584 bytes, new threshold 15 (max threshold 15)
[45.216s][info ][gc,heap        ] GC(70) PSYoungGen: 1893600K(1984000K)->17600K(1998336K) Eden: 1875968K(1875968K)->0K(1894912K) From: 17632K(108032K)->17600K(103424K)
[45.216s][info ][gc,heap        ] GC(70) ParOldGen: 387687K(422400K)->388048K(422400K)
[45.216s][info ][gc,metaspace   ] GC(70) Metaspace: 77719K(78336K)->77719K(78336K) NonClass: 67000K(67328K)->67000K(67328K) Class: 10718K(11008K)->10718K(11008K)
[45.216s][info ][gc             ] GC(70) Pause Young (Allocation Failure) 2227M->396M(2364M) 12.252ms
[45.216s][info ][gc,cpu         ] GC(70) User=0.04s Sys=0.00s Real=0.02s
[45.216s][info ][safepoint      ] Safepoint "ParallelGCFailedAllocation", Time since last: 489331050 ns, Reaching safepoint: 138402 ns, At safepoint: 12361373 ns, Total: 12499775 ns
[45.665s][info ][gc,start       ] GC(71) Pause Young (Allocation Failure)
[45.677s][debug][gc,phases      ] GC(71) Scavenge 12.502ms
[45.677s][debug][gc,ref         ] GC(71) Skipped phase 1 of Reference Processing: no references
[45.677s][debug][gc,ref         ] GC(71) Skipped phase 3 of Reference Processing: no references
[45.677s][debug][gc,phases      ] GC(71) Reference Processing 0.024ms
[45.678s][debug][gc,phases      ] GC(71) Weak Processing 0.525ms
[45.678s][debug][gc,age         ] GC(71) Desired survivor size 96468992 bytes, new threshold 15 (max threshold 15)
[45.678s][info ][gc,heap        ] GC(71) PSYoungGen: 1912512K(1998336K)->17584K(1993728K) Eden: 1894912K(1894912K)->0K(1894912K) From: 17600K(103424K)->17584K(98816K)
[45.678s][info ][gc,heap        ] GC(71) ParOldGen: 388048K(422400K)->388572K(422400K)
[45.678s][info ][gc,metaspace   ] GC(71) Metaspace: 77808K(78400K)->77808K(78400K) NonClass: 67082K(67392K)->67082K(67392K) Class: 10726K(11008K)->10726K(11008K)
[45.678s][info ][gc             ] GC(71) Pause Young (Allocation Failure) 2246M->396M(2359M) 13.185ms
[45.678s][info ][gc,cpu         ] GC(71) User=0.05s Sys=0.00s Real=0.01s
[45.678s][info ][safepoint      ] Safepoint "ParallelGCFailedAllocation", Time since last: 448759783 ns, Reaching safepoint: 199503 ns, At safepoint: 13294786 ns, Total: 13494289 ns
[46.144s][info ][gc,start       ] GC(72) Pause Young (Allocation Failure)
[46.158s][debug][gc,phases      ] GC(72) Scavenge 13.508ms
[46.158s][debug][gc,ref         ] GC(72) Skipped phase 1 of Reference Processing: no references
[46.158s][debug][gc,ref         ] GC(72) Skipped phase 3 of Reference Processing: no references
[46.158s][debug][gc,phases      ] GC(72) Reference Processing 0.021ms
[46.158s][debug][gc,phases      ] GC(72) Weak Processing 0.544ms
[46.158s][debug][gc,age         ] GC(72) Desired survivor size 91750400 bytes, new threshold 15 (max threshold 15)
[46.158s][info ][gc,heap        ] GC(72) PSYoungGen: 1912496K(1993728K)->17200K(2007552K) Eden: 1894912K(1894912K)->0K(1913344K) From: 17584K(98816K)->17200K(94208K)
[46.158s][info ][gc,heap        ] GC(72) ParOldGen: 388572K(422400K)->389388K(422400K)
[46.158s][info ][gc,metaspace   ] GC(72) Metaspace: 77833K(78464K)->77833K(78464K) NonClass: 67106K(67456K)->67106K(67456K) Class: 10727K(11008K)->10727K(11008K)
[46.158s][info ][gc             ] GC(72) Pause Young (Allocation Failure) 2247M->397M(2373M) 14.232ms
[46.158s][info ][gc,cpu         ] GC(72) User=0.06s Sys=0.01s Real=0.01s
[46.158s][info ][safepoint      ] Safepoint "ParallelGCFailedAllocation", Time since last: 465928524 ns, Reaching safepoint: 225503 ns, At safepoint: 14347401 ns, Total: 14572904 ns
[46.637s][info ][gc,start       ] GC(73) Pause Young (Allocation Failure)
[46.650s][debug][gc,phases      ] GC(73) Scavenge 13.152ms
[46.650s][debug][gc,ref         ] GC(73) Skipped phase 1 of Reference Processing: no references
[46.650s][debug][gc,ref         ] GC(73) Skipped phase 3 of Reference Processing: no references
[46.650s][debug][gc,ref         ] GC(73) Skipped phase 4 of Reference Processing: no references
[46.650s][debug][gc,phases      ] GC(73) Reference Processing 0.025ms
[46.650s][debug][gc,phases      ] GC(73) Weak Processing 0.537ms
[46.650s][debug][gc,age         ] GC(73) Desired survivor size 87556096 bytes, new threshold 15 (max threshold 15)
[46.650s][info ][gc,heap        ] GC(73) PSYoungGen: 1930544K(2007552K)->16416K(2002944K) Eden: 1913344K(1913344K)->0K(1913344K) From: 17200K(94208K)->16416K(89600K)
[46.650s][info ][gc,heap        ] GC(73) ParOldGen: 389388K(422400K)->390620K(422400K)
[46.650s][info ][gc,metaspace   ] GC(73) Metaspace: 77839K(78464K)->77839K(78464K) NonClass: 67112K(67456K)->67112K(67456K) Class: 10727K(11008K)->10727K(11008K)
[46.650s][info ][gc             ] GC(73) Pause Young (Allocation Failure) 2265M->397M(2368M) 13.859ms
[46.651s][info ][gc,cpu         ] GC(73) User=0.05s Sys=0.00s Real=0.01s
[46.651s][info ][safepoint      ] Safepoint "ParallelGCFailedAllocation", Time since last: 477889392 ns, Reaching safepoint: 288904 ns, At safepoint: 13977396 ns, Total: 14266300 ns
[47.145s][info ][gc,start       ] GC(74) Pause Young (Allocation Failure)
[47.158s][debug][gc,phases      ] GC(74) Scavenge 13.227ms
[47.158s][debug][gc,ref         ] GC(74) Skipped phase 1 of Reference Processing: no references
[47.158s][debug][gc,ref         ] GC(74) Skipped phase 3 of Reference Processing: no references
[47.158s][debug][gc,phases      ] GC(74) Reference Processing 0.023ms
[47.159s][debug][gc,phases      ] GC(74) Weak Processing 0.584ms
[47.159s][debug][gc,age         ] GC(74) Desired survivor size 83361792 bytes, new threshold 15 (max threshold 15)
[47.159s][info ][gc,heap        ] GC(74) PSYoungGen: 1929760K(2002944K)->15728K(2015744K) Eden: 1913344K(1913344K)->0K(1930240K) From: 16416K(89600K)->15728K(85504K)
[47.159s][info ][gc,heap        ] GC(74) ParOldGen: 390620K(422400K)->391844K(422400K)
[47.159s][info ][gc,metaspace   ] GC(74) Metaspace: 77851K(78464K)->77851K(78464K) NonClass: 67121K(67456K)->67121K(67456K) Class: 10729K(11008K)->10729K(11008K)
[47.159s][info ][gc             ] GC(74) Pause Young (Allocation Failure) 2265M->398M(2381M) 13.977ms
[47.159s][info ][gc,cpu         ] GC(74) User=0.05s Sys=0.00s Real=0.01s
[47.159s][info ][safepoint      ] Safepoint "ParallelGCFailedAllocation", Time since last: 493787816 ns, Reaching safepoint: 214903 ns, At safepoint: 14088297 ns, Total: 14303200 ns
[47.702s][info ][gc,start       ] GC(75) Pause Young (Allocation Failure)
[47.715s][debug][gc,phases      ] GC(75) Scavenge 12.315ms
[47.715s][debug][gc,ref         ] GC(75) Skipped phase 1 of Reference Processing: no references
[47.715s][debug][gc,ref         ] GC(75) Skipped phase 3 of Reference Processing: no references
[47.715s][debug][gc,phases      ] GC(75) Reference Processing 0.045ms
[47.716s][debug][gc,phases      ] GC(75) Weak Processing 1.041ms
[47.716s][debug][gc,age         ] GC(75) Desired survivor size 79167488 bytes, new threshold 15 (max threshold 15)
[47.716s][info ][gc,heap        ] GC(75) PSYoungGen: 1945968K(2015744K)->17200K(2011648K) Eden: 1930240K(1930240K)->0K(1930240K) From: 15728K(85504K)->17200K(81408K)
[47.716s][info ][gc,heap        ] GC(75) ParOldGen: 391844K(422400K)->392140K(422400K)
[47.716s][info ][gc,metaspace   ] GC(75) Metaspace: 77965K(78592K)->77965K(78592K) NonClass: 67214K(67584K)->67214K(67584K) Class: 10751K(11008K)->10751K(11008K)
[47.716s][info ][gc             ] GC(75) Pause Young (Allocation Failure) 2283M->399M(2377M) 13.633ms
[47.716s][info ][gc,cpu         ] GC(75) User=0.04s Sys=0.00s Real=0.02s
[47.716s][info ][safepoint      ] Safepoint "ParallelGCFailedAllocation", Time since last: 543291410 ns, Reaching safepoint: 235103 ns, At safepoint: 13763093 ns, Total: 13998196 ns
[48.219s][info ][gc,start       ] GC(76) Pause Young (Allocation Failure)
[48.234s][debug][gc,phases      ] GC(76) Scavenge 14.544ms
[48.234s][debug][gc,ref         ] GC(76) Skipped phase 1 of Reference Processing: no references
[48.234s][debug][gc,ref         ] GC(76) Skipped phase 3 of Reference Processing: no references
[48.234s][debug][gc,phases      ] GC(76) Reference Processing 0.024ms
[48.234s][debug][gc,phases      ] GC(76) Weak Processing 0.546ms
[48.234s][debug][gc,age         ] GC(76) Desired survivor size 76546048 bytes, new threshold 15 (max threshold 15)
[48.234s][info ][gc,heap        ] GC(76) PSYoungGen: 1947440K(2011648K)->9360K(2022400K) Eden: 1930240K(1930240K)->0K(1945088K) From: 17200K(81408K)->9360K(77312K)
[48.234s][info ][gc,heap        ] GC(76) ParOldGen: 392140K(422400K)->400732K(422400K)
[48.234s][info ][gc,metaspace   ] GC(76) Metaspace: 77992K(78656K)->77992K(78656K) NonClass: 67235K(67584K)->67235K(67584K) Class: 10756K(11072K)->10756K(11072K)
[48.234s][info ][gc             ] GC(76) Pause Young (Allocation Failure) 2284M->400M(2387M) 15.257ms
[48.234s][info ][gc,cpu         ] GC(76) User=0.06s Sys=0.00s Real=0.02s
[48.235s][info ][safepoint      ] Safepoint "ParallelGCFailedAllocation", Time since last: 503013847 ns, Reaching safepoint: 171402 ns, At safepoint: 15380016 ns, Total: 15551418 ns
[48.751s][info ][gc,start       ] GC(77) Pause Young (Allocation Failure)
[48.758s][debug][gc,phases      ] GC(77) Scavenge 7.185ms
[48.759s][debug][gc,ref         ] GC(77) Skipped phase 1 of Reference Processing: no references
[48.759s][debug][gc,ref         ] GC(77) Skipped phase 3 of Reference Processing: no references
[48.759s][debug][gc,ref         ] GC(77) Skipped phase 4 of Reference Processing: no references
[48.759s][debug][gc,phases      ] GC(77) Reference Processing 0.023ms
[48.759s][debug][gc,phases      ] GC(77) Weak Processing 0.534ms
[48.759s][debug][gc,age         ] GC(77) Desired survivor size 73924608 bytes, new threshold 15 (max threshold 15)
[48.759s][info ][gc,heap        ] GC(77) PSYoungGen: 1954448K(2022400K)->8144K(2019840K) Eden: 1945088K(1945088K)->0K(1945088K) From: 9360K(77312K)->8144K(74752K)
[48.759s][info ][gc,heap        ] GC(77) ParOldGen: 400732K(422400K)->402872K(422400K)
[48.759s][info ][gc,metaspace   ] GC(77) Metaspace: 78001K(78720K)->78001K(78720K) NonClass: 67245K(67648K)->67245K(67648K) Class: 10756K(11072K)->10756K(11072K)
[48.759s][info ][gc             ] GC(77) Pause Young (Allocation Failure) 2299M->401M(2385M) 7.883ms
[48.759s][info ][gc,cpu         ] GC(77) User=0.03s Sys=0.00s Real=0.01s
[48.759s][info ][safepoint      ] Safepoint "ParallelGCFailedAllocation", Time since last: 516505236 ns, Reaching safepoint: 168602 ns, At safepoint: 8003113 ns, Total: 8171715 ns
[49.759s][info ][safepoint      ] Safepoint "Cleanup", Time since last: 1000086814 ns, Reaching safepoint: 170702 ns, At safepoint: 9800 ns, Total: 180502 ns
[50.760s][info ][safepoint      ] Safepoint "Cleanup", Time since last: 1000099218 ns, Reaching safepoint: 178402 ns, At safepoint: 11200 ns, Total: 189602 ns
[51.882s][info ][safepoint      ] Safepoint "Cleanup", Time since last: 1122261933 ns, Reaching safepoint: 211203 ns, At safepoint: 9701 ns, Total: 220904 ns
[52.883s][info ][safepoint      ] Safepoint "Cleanup", Time since last: 1000126324 ns, Reaching safepoint: 165602 ns, At safepoint: 10800 ns, Total: 176402 ns
[53.883s][info ][safepoint      ] Safepoint "Cleanup", Time since last: 1000135828 ns, Reaching safepoint: 130602 ns, At safepoint: 6700 ns, Total: 137302 ns
[54.883s][info ][safepoint      ] Safepoint "Cleanup", Time since last: 1000123431 ns, Reaching safepoint: 110301 ns, At safepoint: 15001 ns, Total: 125302 ns
[55.883s][info ][safepoint      ] Safepoint "Cleanup", Time since last: 1000115333 ns, Reaching safepoint: 128902 ns, At safepoint: 14400 ns, Total: 143302 ns
[56.884s][info ][safepoint      ] Safepoint "Cleanup", Time since last: 1000121637 ns, Reaching safepoint: 166303 ns, At safepoint: 35000 ns, Total: 201303 ns
[58.598s][info ][safepoint      ] Safepoint "Cleanup", Time since last: 1714551572 ns, Reaching safepoint: 225003 ns, At safepoint: 12400 ns, Total: 237403 ns
[59.749s][info ][safepoint      ] Safepoint "Cleanup", Time since last: 1150140853 ns, Reaching safepoint: 145602 ns, At safepoint: 11200 ns, Total: 156802 ns
[60.603s][info ][gc,start       ] GC(78) Pause Young (Allocation Failure)
[60.611s][debug][gc,phases      ] GC(78) Scavenge 7.500ms
[60.611s][debug][gc,ref         ] GC(78) Skipped phase 1 of Reference Processing: no references
[60.611s][debug][gc,ref         ] GC(78) Skipped phase 3 of Reference Processing: no references
[60.611s][debug][gc,phases      ] GC(78) Reference Processing 0.026ms
[60.612s][debug][gc,phases      ] GC(78) Weak Processing 0.611ms
[60.612s][debug][gc,age         ] GC(78) Desired survivor size 70778880 bytes, new threshold 15 (max threshold 15)
[60.612s][info ][gc,heap        ] GC(78) PSYoungGen: 1953232K(2019840K)->9680K(2028032K) Eden: 1945088K(1945088K)->0K(1955840K) From: 8144K(74752K)->9680K(72192K)
[60.612s][info ][gc,heap        ] GC(78) ParOldGen: 402872K(422400K)->403168K(422400K)
[60.612s][info ][gc,metaspace   ] GC(78) Metaspace: 78258K(78912K)->78258K(78912K) NonClass: 67492K(67840K)->67492K(67840K) Class: 10765K(11072K)->10765K(11072K)
[60.612s][info ][gc             ] GC(78) Pause Young (Allocation Failure) 2300M->403M(2393M) 8.286ms
[60.612s][info ][gc,cpu         ] GC(78) User=0.01s Sys=0.01s Real=0.01s
[60.612s][info ][safepoint      ] Safepoint "ParallelGCFailedAllocation", Time since last: 854489003 ns, Reaching safepoint: 95402 ns, At safepoint: 8407118 ns, Total: 8502520 ns
[61.612s][info ][safepoint      ] Safepoint "Cleanup", Time since last: 1000099351 ns, Reaching safepoint: 130602 ns, At safepoint: 12700 ns, Total: 143302 ns
[62.612s][info ][safepoint      ] Safepoint "Cleanup", Time since last: 1000132055 ns, Reaching safepoint: 90301 ns, At safepoint: 6600 ns, Total: 96901 ns
[63.612s][info ][safepoint      ] Safepoint "Cleanup", Time since last: 1000123458 ns, Reaching safepoint: 89202 ns, At safepoint: 11700 ns, Total: 100902 ns
[64.613s][info ][safepoint      ] Safepoint "Cleanup", Time since last: 1000111661 ns, Reaching safepoint: 74601 ns, At safepoint: 9500 ns, Total: 84101 ns
[65.613s][info ][safepoint      ] Safepoint "Cleanup", Time since last: 1000109564 ns, Reaching safepoint: 72701 ns, At safepoint: 12900 ns, Total: 85601 ns
[66.613s][info ][safepoint      ] Safepoint "Cleanup", Time since last: 1000109167 ns, Reaching safepoint: 85801 ns, At safepoint: 10100 ns, Total: 95901 ns
[67.613s][info ][safepoint      ] Safepoint "Cleanup", Time since last: 1000105770 ns, Reaching safepoint: 70301 ns, At safepoint: 9300 ns, Total: 79601 ns
[68.613s][info ][safepoint      ] Safepoint "Cleanup", Time since last: 1000106073 ns, Reaching safepoint: 52301 ns, At safepoint: 5200 ns, Total: 57501 ns
[69.614s][info ][safepoint      ] Safepoint "Cleanup", Time since last: 1000109276 ns, Reaching safepoint: 58401 ns, At safepoint: 8100 ns, Total: 66501 ns
[70.614s][info ][safepoint      ] Safepoint "Cleanup", Time since last: 1000118180 ns, Reaching safepoint: 79201 ns, At safepoint: 12100 ns, Total: 91301 ns
[71.614s][info ][safepoint      ] Safepoint "Cleanup", Time since last: 1000114782 ns, Reaching safepoint: 70601 ns, At safepoint: 13500 ns, Total: 84101 ns
[72.614s][info ][safepoint      ] Safepoint "Cleanup", Time since last: 1000124186 ns, Reaching safepoint: 75001 ns, At safepoint: 9800 ns, Total: 84801 ns
[73.614s][info ][safepoint      ] Safepoint "Cleanup", Time since last: 1000107388 ns, Reaching safepoint: 56101 ns, At safepoint: 8100 ns, Total: 64201 ns
[74.614s][info ][safepoint      ] Safepoint "Cleanup", Time since last: 1000110092 ns, Reaching safepoint: 58000 ns, At safepoint: 4701 ns, Total: 62701 ns
[76.355s][info ][safepoint      ] Safepoint "Cleanup", Time since last: 1740294227 ns, Reaching safepoint: 216703 ns, At safepoint: 9000 ns, Total: 225703 ns
[77.355s][info ][safepoint      ] Safepoint "Cleanup", Time since last: 1000108700 ns, Reaching safepoint: 77901 ns, At safepoint: 6700 ns, Total: 84601 ns
[79.222s][info ][safepoint      ] Safepoint "Cleanup", Time since last: 1866832927 ns, Reaching safepoint: 97001 ns, At safepoint: 6500 ns, Total: 103501 ns
[80.222s][info ][safepoint      ] Safepoint "Cleanup", Time since last: 1000102408 ns, Reaching safepoint: 51601 ns, At safepoint: 3500 ns, Total: 55101 ns
[80.930s][info ][safepoint      ] Safepoint "ICBufferFull", Time since last: 707685485 ns, Reaching safepoint: 206303 ns, At safepoint: 20800 ns, Total: 227103 ns
[81.594s][info ][safepoint      ] Safepoint "ICBufferFull", Time since last: 663621265 ns, Reaching safepoint: 149602 ns, At safepoint: 10200 ns, Total: 159802 ns
[82.594s][info ][safepoint      ] Safepoint "Cleanup", Time since last: 1000104315 ns, Reaching safepoint: 132902 ns, At safepoint: 10100 ns, Total: 143002 ns
[83.594s][info ][safepoint      ] Safepoint "Cleanup", Time since last: 1000093318 ns, Reaching safepoint: 88901 ns, At safepoint: 11701 ns, Total: 100602 ns
[84.595s][info ][safepoint      ] Safepoint "Cleanup", Time since last: 1000117821 ns, Reaching safepoint: 84301 ns, At safepoint: 6300 ns, Total: 90601 ns
[85.595s][info ][safepoint      ] Safepoint "Cleanup", Time since last: 1000069724 ns, Reaching safepoint: 88701 ns, At safepoint: 7000 ns, Total: 95701 ns
[86.595s][info ][safepoint      ] Safepoint "Cleanup", Time since last: 1000117727 ns, Reaching safepoint: 133802 ns, At safepoint: 8400 ns, Total: 142202 ns
[87.595s][info ][safepoint      ] Safepoint "Cleanup", Time since last: 1000104430 ns, Reaching safepoint: 131102 ns, At safepoint: 11400 ns, Total: 142502 ns
[88.353s][info ][gc,start       ] GC(79) Pause Young (Allocation Failure)
[88.371s][debug][gc,phases      ] GC(79) Scavenge 17.842ms
[88.371s][debug][gc,ref         ] GC(79) Skipped phase 1 of Reference Processing: no references
[88.371s][debug][gc,ref         ] GC(79) Skipped phase 3 of Reference Processing: no references
[88.371s][debug][gc,phases      ] GC(79) Reference Processing 0.045ms
[88.371s][debug][gc,phases      ] GC(79) Weak Processing 0.702ms
[88.371s][debug][gc,age         ] GC(79) Desired survivor size 67633152 bytes, new threshold 15 (max threshold 15)
[88.372s][info ][gc,heap        ] GC(79) PSYoungGen: 1965520K(2028032K)->10800K(2024960K) Eden: 1955840K(1955840K)->0K(1955840K) From: 9680K(72192K)->10800K(69120K)
[88.372s][info ][gc,heap        ] GC(79) ParOldGen: 403168K(422400K)->403488K(422400K)
[88.372s][info ][gc,metaspace   ] GC(79) Metaspace: 79151K(79872K)->79151K(79872K) NonClass: 68298K(68672K)->68298K(68672K) Class: 10852K(11200K)->10852K(11200K)
[88.372s][info ][gc             ] GC(79) Pause Young (Allocation Failure) 2313M->404M(2390M) 18.729ms
[88.372s][info ][gc,cpu         ] GC(79) User=0.03s Sys=0.00s Real=0.01s
[88.372s][info ][safepoint      ] Safepoint "ParallelGCFailedAllocation", Time since last: 757388603 ns, Reaching safepoint: 64301 ns, At safepoint: 18823966 ns, Total: 18888267 ns
[89.372s][info ][safepoint      ] Safepoint "Cleanup", Time since last: 1000103835 ns, Reaching safepoint: 767311 ns, At safepoint: 7400 ns, Total: 774711 ns
[90.373s][info ][safepoint      ] Safepoint "Cleanup", Time since last: 1000114839 ns, Reaching safepoint: 74201 ns, At safepoint: 11500 ns, Total: 85701 ns
[91.373s][info ][safepoint      ] Safepoint "Cleanup", Time since last: 1000121141 ns, Reaching safepoint: 75901 ns, At safepoint: 8800 ns, Total: 84701 ns
[92.654s][info ][safepoint      ] Safepoint "Cleanup", Time since last: 1280647312 ns, Reaching safepoint: 332005 ns, At safepoint: 15300 ns, Total: 347305 ns
[93.654s][info ][safepoint      ] Safepoint "Cleanup", Time since last: 1000141549 ns, Reaching safepoint: 137802 ns, At safepoint: 8500 ns, Total: 146302 ns
[95.301s][info ][safepoint      ] Safepoint "Cleanup", Time since last: 1646389396 ns, Reaching safepoint: 165203 ns, At safepoint: 9400 ns, Total: 174603 ns
[96.301s][info ][safepoint      ] Safepoint "Cleanup", Time since last: 1000120355 ns, Reaching safepoint: 115302 ns, At safepoint: 8300 ns, Total: 123602 ns
[97.301s][info ][safepoint      ] Safepoint "Cleanup", Time since last: 1000132059 ns, Reaching safepoint: 182202 ns, At safepoint: 12301 ns, Total: 194503 ns
[98.302s][info ][safepoint      ] Safepoint "Cleanup", Time since last: 1000130961 ns, Reaching safepoint: 129102 ns, At safepoint: 11000 ns, Total: 140102 ns
[99.302s][info ][safepoint      ] Safepoint "Cleanup", Time since last: 1000109464 ns, Reaching safepoint: 117302 ns, At safepoint: 11500 ns, Total: 128802 ns
[100.302s][info ][safepoint      ] Safepoint "Cleanup", Time since last: 1000112167 ns, Reaching safepoint: 129702 ns, At safepoint: 10100 ns, Total: 139802 ns
[101.302s][info ][safepoint      ] Safepoint "Cleanup", Time since last: 1000112270 ns, Reaching safepoint: 121302 ns, At safepoint: 6600 ns, Total: 127902 ns
[102.303s][info ][safepoint      ] Safepoint "Cleanup", Time since last: 1000118073 ns, Reaching safepoint: 150902 ns, At safepoint: 12600 ns, Total: 163502 ns
[103.303s][info ][safepoint      ] Safepoint "Cleanup", Time since last: 1000129576 ns, Reaching safepoint: 180103 ns, At safepoint: 16400 ns, Total: 196503 ns
[104.303s][info ][safepoint      ] Safepoint "Cleanup", Time since last: 1000127479 ns, Reaching safepoint: 157702 ns, At safepoint: 12800 ns, Total: 170502 ns
[105.304s][info ][safepoint      ] Safepoint "Cleanup", Time since last: 1000121182 ns, Reaching safepoint: 160203 ns, At safepoint: 16500 ns, Total: 176703 ns
[106.304s][info ][safepoint      ] Safepoint "Cleanup", Time since last: 1000120676 ns, Reaching safepoint: 55701 ns, At safepoint: 6600 ns, Total: 62301 ns
[107.304s][info ][safepoint      ] Safepoint "Cleanup", Time since last: 1000125478 ns, Reaching safepoint: 146402 ns, At safepoint: 11500 ns, Total: 157902 ns
[109.304s][info ][safepoint      ] Safepoint "Cleanup", Time since last: 2000186235 ns, Reaching safepoint: 126402 ns, At safepoint: 9000 ns, Total: 135402 ns
[110.304s][info ][safepoint      ] Safepoint "Cleanup", Time since last: 1000094528 ns, Reaching safepoint: 49601 ns, At safepoint: 6500 ns, Total: 56101 ns
[111.305s][info ][safepoint      ] Safepoint "Cleanup", Time since last: 1000103332 ns, Reaching safepoint: 59001 ns, At safepoint: 9500 ns, Total: 68501 ns
[112.305s][info ][safepoint      ] Safepoint "Cleanup", Time since last: 1000102034 ns, Reaching safepoint: 71001 ns, At safepoint: 8600 ns, Total: 79601 ns
[113.305s][info ][safepoint      ] Safepoint "Cleanup", Time since last: 1000116737 ns, Reaching safepoint: 128501 ns, At safepoint: 8101 ns, Total: 136602 ns
[114.305s][info ][safepoint      ] Safepoint "Cleanup", Time since last: 1000105837 ns, Reaching safepoint: 89302 ns, At safepoint: 9400 ns, Total: 98702 ns
[115.305s][info ][safepoint      ] Safepoint "Cleanup", Time since last: 1000107240 ns, Reaching safepoint: 117601 ns, At safepoint: 10601 ns, Total: 128202 ns
[116.306s][info ][safepoint      ] Safepoint "Cleanup", Time since last: 1000089841 ns, Reaching safepoint: 84401 ns, At safepoint: 6000 ns, Total: 90401 ns
[117.306s][info ][safepoint      ] Safepoint "Cleanup", Time since last: 1000115944 ns, Reaching safepoint: 74201 ns, At safepoint: 10701 ns, Total: 84902 ns
[118.306s][info ][safepoint      ] Safepoint "Cleanup", Time since last: 1000102845 ns, Reaching safepoint: 62601 ns, At safepoint: 10700 ns, Total: 73301 ns
[119.306s][info ][safepoint      ] Safepoint "Cleanup", Time since last: 1000104647 ns, Reaching safepoint: 76202 ns, At safepoint: 8300 ns, Total: 84502 ns
[120.306s][info ][safepoint      ] Safepoint "Cleanup", Time since last: 1000149950 ns, Reaching safepoint: 63101 ns, At safepoint: 7200 ns, Total: 70301 ns
[121.307s][info ][safepoint      ] Safepoint "Cleanup", Time since last: 1000111851 ns, Reaching safepoint: 53301 ns, At safepoint: 13100 ns, Total: 66401 ns
[121.902s][info ][gc,start       ] GC(80) Pause Young (Allocation Failure)
[121.910s][debug][gc,phases      ] GC(80) Scavenge 8.580ms
[121.910s][debug][gc,ref         ] GC(80) Skipped phase 1 of Reference Processing: no references
[121.910s][debug][gc,ref         ] GC(80) Skipped phase 3 of Reference Processing: no references
[121.910s][debug][gc,phases      ] GC(80) Reference Processing 0.030ms
[121.911s][debug][gc,phases      ] GC(80) Weak Processing 0.557ms
[121.911s][debug][gc,age         ] GC(80) Desired survivor size 64487424 bytes, new threshold 15 (max threshold 15)
[121.911s][info ][gc,heap        ] GC(80) PSYoungGen: 1966640K(2024960K)->10896K(2034176K) Eden: 1955840K(1955840K)->0K(1968128K) From: 10800K(69120K)->10896K(66048K)
[121.911s][info ][gc,heap        ] GC(80) ParOldGen: 403488K(422400K)->403792K(422400K)
[121.911s][info ][gc,metaspace   ] GC(80) Metaspace: 79445K(80128K)->79445K(80128K) NonClass: 68577K(68928K)->68577K(68928K) Class: 10867K(11200K)->10867K(11200K)
[121.911s][info ][gc             ] GC(80) Pause Young (Allocation Failure) 2314M->404M(2399M) 9.310ms
[121.911s][info ][gc,cpu         ] GC(80) User=0.03s Sys=0.00s Real=0.01s
[121.911s][info ][safepoint      ] Safepoint "ParallelGCFailedAllocation", Time since last: 594931516 ns, Reaching safepoint: 51201 ns, At safepoint: 9399738 ns, Total: 9450939 ns
[123.654s][info ][safepoint      ] Safepoint "Cleanup", Time since last: 1743293745 ns, Reaching safepoint: 112602 ns, At safepoint: 13300 ns, Total: 125902 ns
[124.655s][info ][safepoint      ] Safepoint "Cleanup", Time since last: 1000112857 ns, Reaching safepoint: 61001 ns, At safepoint: 8900 ns, Total: 69901 ns
[125.655s][info ][safepoint      ] Safepoint "Cleanup", Time since last: 1000113860 ns, Reaching safepoint: 135002 ns, At safepoint: 13300 ns, Total: 148302 ns
[126.655s][info ][safepoint      ] Safepoint "Cleanup", Time since last: 1000110561 ns, Reaching safepoint: 56901 ns, At safepoint: 6700 ns, Total: 63601 ns
[127.655s][info ][safepoint      ] Safepoint "Cleanup", Time since last: 1000102463 ns, Reaching safepoint: 58001 ns, At safepoint: 4300 ns, Total: 62301 ns
[128.655s][info ][safepoint      ] Safepoint "Cleanup", Time since last: 1000098865 ns, Reaching safepoint: 65901 ns, At safepoint: 6300 ns, Total: 72201 ns
[129.656s][info ][safepoint      ] Safepoint "Cleanup", Time since last: 1000115367 ns, Reaching safepoint: 65001 ns, At safepoint: 3900 ns, Total: 68901 ns
[130.656s][info ][safepoint      ] Safepoint "Cleanup", Time since last: 1000120469 ns, Reaching safepoint: 71901 ns, At safepoint: 13100 ns, Total: 85001 ns
[131.656s][info ][safepoint      ] Safepoint "Cleanup", Time since last: 1000112871 ns, Reaching safepoint: 57901 ns, At safepoint: 7100 ns, Total: 65001 ns
[132.656s][info ][safepoint      ] Safepoint "Cleanup", Time since last: 1000123073 ns, Reaching safepoint: 57400 ns, At safepoint: 5701 ns, Total: 63101 ns
[133.656s][info ][safepoint      ] Safepoint "Cleanup", Time since last: 1000117874 ns, Reaching safepoint: 58701 ns, At safepoint: 8700 ns, Total: 67401 ns
[135.657s][info ][safepoint      ] Safepoint "Cleanup", Time since last: 2000165953 ns, Reaching safepoint: 50501 ns, At safepoint: 6600 ns, Total: 57101 ns
[136.657s][info ][safepoint      ] Safepoint "Cleanup", Time since last: 1000104880 ns, Reaching safepoint: 55501 ns, At safepoint: 8700 ns, Total: 64201 ns
[137.657s][info ][safepoint      ] Safepoint "Cleanup", Time since last: 1000067981 ns, Reaching safepoint: 59401 ns, At safepoint: 6100 ns, Total: 65501 ns
[138.657s][info ][safepoint      ] Safepoint "Cleanup", Time since last: 1000101983 ns, Reaching safepoint: 54201 ns, At safepoint: 4200 ns, Total: 58401 ns
[139.657s][info ][safepoint      ] Safepoint "Cleanup", Time since last: 1000115885 ns, Reaching safepoint: 48001 ns, At safepoint: 3900 ns, Total: 51901 ns
[140.657s][info ][safepoint      ] Safepoint "Cleanup", Time since last: 1000110987 ns, Reaching safepoint: 59101 ns, At safepoint: 11200 ns, Total: 70301 ns
[141.658s][info ][safepoint      ] Safepoint "Cleanup", Time since last: 1000100289 ns, Reaching safepoint: 129702 ns, At safepoint: 7100 ns, Total: 136802 ns
[142.658s][info ][safepoint      ] Safepoint "Cleanup", Time since last: 1000111591 ns, Reaching safepoint: 62600 ns, At safepoint: 8801 ns, Total: 71401 ns
[143.658s][info ][safepoint      ] Safepoint "Cleanup", Time since last: 1000116292 ns, Reaching safepoint: 85301 ns, At safepoint: 9301 ns, Total: 94602 ns
[144.658s][info ][safepoint      ] Safepoint "Cleanup", Time since last: 1000113394 ns, Reaching safepoint: 60501 ns, At safepoint: 13300 ns, Total: 73801 ns
[145.658s][info ][safepoint      ] Safepoint "Cleanup", Time since last: 1000105996 ns, Reaching safepoint: 83501 ns, At safepoint: 24201 ns, Total: 107702 ns
[146.659s][info ][safepoint      ] Safepoint "Cleanup", Time since last: 1000118798 ns, Reaching safepoint: 51300 ns, At safepoint: 8001 ns, Total: 59301 ns
[147.659s][info ][safepoint      ] Safepoint "Cleanup", Time since last: 1000118899 ns, Reaching safepoint: 59601 ns, At safepoint: 4200 ns, Total: 63801 ns
[148.659s][info ][safepoint      ] Safepoint "Cleanup", Time since last: 1000116502 ns, Reaching safepoint: 75301 ns, At safepoint: 12900 ns, Total: 88201 ns
[149.659s][info ][safepoint      ] Safepoint "Cleanup", Time since last: 1000127704 ns, Reaching safepoint: 66201 ns, At safepoint: 8200 ns, Total: 74401 ns
[150.661s][info ][safepoint      ] Safepoint "Cleanup", Time since last: 1000126205 ns, Reaching safepoint: 2154632 ns, At safepoint: 13000 ns, Total: 2167632 ns
[151.662s][info ][safepoint      ] Safepoint "Cleanup", Time since last: 1000132507 ns, Reaching safepoint: 225504 ns, At safepoint: 18200 ns, Total: 243704 ns
[152.662s][info ][safepoint      ] Safepoint "Cleanup", Time since last: 1000204610 ns, Reaching safepoint: 51601 ns, At safepoint: 3800 ns, Total: 55401 ns
[153.662s][info ][safepoint      ] Safepoint "Cleanup", Time since last: 1000125710 ns, Reaching safepoint: 79901 ns, At safepoint: 7701 ns, Total: 87602 ns
[154.662s][info ][safepoint      ] Safepoint "Cleanup", Time since last: 1000120112 ns, Reaching safepoint: 44501 ns, At safepoint: 4200 ns, Total: 48701 ns
[155.663s][info ][safepoint      ] Safepoint "Cleanup", Time since last: 1000142814 ns, Reaching safepoint: 82101 ns, At safepoint: 7700 ns, Total: 89801 ns
[156.663s][info ][safepoint      ] Safepoint "Cleanup", Time since last: 1000137216 ns, Reaching safepoint: 147603 ns, At safepoint: 7000 ns, Total: 154603 ns
[157.358s][info ][gc,start       ] GC(81) Pause Young (Allocation Failure)
[157.372s][debug][gc,phases      ] GC(81) Scavenge 13.417ms
[157.372s][debug][gc,ref         ] GC(81) Skipped phase 1 of Reference Processing: no references
[157.372s][debug][gc,ref         ] GC(81) Skipped phase 3 of Reference Processing: no references
[157.372s][debug][gc,phases      ] GC(81) Reference Processing 0.049ms
[157.373s][debug][gc,phases      ] GC(81) Weak Processing 0.754ms
[157.373s][debug][gc,age         ] GC(81) Desired survivor size 61341696 bytes, new threshold 15 (max threshold 15)
[157.373s][info ][gc,heap        ] GC(81) PSYoungGen: 1979024K(2034176K)->10864K(2031104K) Eden: 1968128K(1968128K)->0K(1968128K) From: 10896K(66048K)->10864K(62976K)
[157.373s][info ][gc,heap        ] GC(81) ParOldGen: 403792K(422400K)->404112K(422400K)
[157.373s][info ][gc,metaspace   ] GC(81) Metaspace: 79583K(80256K)->79583K(80256K) NonClass: 68714K(69056K)->68714K(69056K) Class: 10869K(11200K)->10869K(11200K)
[157.373s][info ][gc             ] GC(81) Pause Young (Allocation Failure) 2326M->405M(2396M) 14.420ms
[157.373s][info ][gc,cpu         ] GC(81) User=0.03s Sys=0.00s Real=0.02s
[157.373s][info ][safepoint      ] Safepoint "ParallelGCFailedAllocation", Time since last: 695134329 ns, Reaching safepoint: 90101 ns, At safepoint: 14564015 ns, Total: 14654116 ns
[159.374s][info ][safepoint      ] Safepoint "Cleanup", Time since last: 2000702646 ns, Reaching safepoint: 81601 ns, At safepoint: 7800 ns, Total: 89401 ns
[160.374s][info ][safepoint      ] Safepoint "Cleanup", Time since last: 1000120523 ns, Reaching safepoint: 233203 ns, At safepoint: 17200 ns, Total: 250403 ns
[161.374s][info ][safepoint      ] Safepoint "Cleanup", Time since last: 1000107624 ns, Reaching safepoint: 80901 ns, At safepoint: 9401 ns, Total: 90302 ns
[162.374s][info ][safepoint      ] Safepoint "Cleanup", Time since last: 1000129726 ns, Reaching safepoint: 58900 ns, At safepoint: 5401 ns, Total: 64301 ns
[163.375s][info ][safepoint      ] Safepoint "Cleanup", Time since last: 1000109027 ns, Reaching safepoint: 73001 ns, At safepoint: 4200 ns, Total: 77201 ns
[164.375s][info ][safepoint      ] Safepoint "Cleanup", Time since last: 1000129830 ns, Reaching safepoint: 81501 ns, At safepoint: 4800 ns, Total: 86301 ns
[166.375s][info ][safepoint      ] Safepoint "Cleanup", Time since last: 2000197363 ns, Reaching safepoint: 91101 ns, At safepoint: 6100 ns, Total: 97201 ns
[167.375s][info ][safepoint      ] Safepoint "Cleanup", Time since last: 1000124735 ns, Reaching safepoint: 60701 ns, At safepoint: 4300 ns, Total: 65001 ns
[169.376s][info ][safepoint      ] Safepoint "Cleanup", Time since last: 2000216774 ns, Reaching safepoint: 84101 ns, At safepoint: 4800 ns, Total: 88901 ns
[170.376s][info ][safepoint      ] Safepoint "Cleanup", Time since last: 1000128940 ns, Reaching safepoint: 83301 ns, At safepoint: 4700 ns, Total: 88001 ns
[171.376s][info ][safepoint      ] Safepoint "Cleanup", Time since last: 1000103941 ns, Reaching safepoint: 78502 ns, At safepoint: 6600 ns, Total: 85102 ns
[172.376s][info ][safepoint      ] Safepoint "Cleanup", Time since last: 1000127543 ns, Reaching safepoint: 54601 ns, At safepoint: 7800 ns, Total: 62401 ns
[173.376s][info ][safepoint      ] Safepoint "Cleanup", Time since last: 1000118344 ns, Reaching safepoint: 65701 ns, At safepoint: 8101 ns, Total: 73802 ns
[174.377s][info ][safepoint      ] Safepoint "Cleanup", Time since last: 1000130946 ns, Reaching safepoint: 66601 ns, At safepoint: 8900 ns, Total: 75501 ns
[175.377s][info ][safepoint      ] Safepoint "Cleanup", Time since last: 1000138949 ns, Reaching safepoint: 109501 ns, At safepoint: 51801 ns, Total: 161302 ns
[176.377s][info ][safepoint      ] Safepoint "Cleanup", Time since last: 1000118850 ns, Reaching safepoint: 140402 ns, At safepoint: 12500 ns, Total: 152902 ns
[177.377s][info ][safepoint      ] Safepoint "Cleanup", Time since last: 1000126852 ns, Reaching safepoint: 74201 ns, At safepoint: 6900 ns, Total: 81101 ns
[178.378s][info ][safepoint      ] Safepoint "Cleanup", Time since last: 1000133054 ns, Reaching safepoint: 100201 ns, At safepoint: 10200 ns, Total: 110401 ns
[179.378s][info ][safepoint      ] Safepoint "Cleanup", Time since last: 1000112755 ns, Reaching safepoint: 50701 ns, At safepoint: 8900 ns, Total: 59601 ns
[180.378s][info ][safepoint      ] Safepoint "Cleanup", Time since last: 1000142857 ns, Reaching safepoint: 73201 ns, At safepoint: 10000 ns, Total: 83201 ns
[181.378s][info ][safepoint      ] Safepoint "Cleanup", Time since last: 1000128559 ns, Reaching safepoint: 51200 ns, At safepoint: 5600 ns, Total: 56800 ns
[183.378s][info ][safepoint      ] Safepoint "Cleanup", Time since last: 2000227222 ns, Reaching safepoint: 118602 ns, At safepoint: 10700 ns, Total: 129302 ns
[184.379s][info ][safepoint      ] Safepoint "Cleanup", Time since last: 1000150364 ns, Reaching safepoint: 88101 ns, At safepoint: 9100 ns, Total: 97201 ns
[185.379s][info ][safepoint      ] Safepoint "Cleanup", Time since last: 1000159066 ns, Reaching safepoint: 94201 ns, At safepoint: 12000 ns, Total: 106201 ns
[186.379s][info ][safepoint      ] Safepoint "Cleanup", Time since last: 1000132067 ns, Reaching safepoint: 83801 ns, At safepoint: 15900 ns, Total: 99701 ns
[187.380s][info ][safepoint      ] Safepoint "Cleanup", Time since last: 1000178170 ns, Reaching safepoint: 114901 ns, At safepoint: 9301 ns, Total: 124202 ns
[188.380s][info ][safepoint      ] Safepoint "Cleanup", Time since last: 1000168270 ns, Reaching safepoint: 72801 ns, At safepoint: 6500 ns, Total: 79301 ns
[189.380s][info ][safepoint      ] Safepoint "Cleanup", Time since last: 1000134672 ns, Reaching safepoint: 81101 ns, At safepoint: 6701 ns, Total: 87802 ns
[190.854s][info ][safepoint      ] Safepoint "Cleanup", Time since last: 1473596267 ns, Reaching safepoint: 277704 ns, At safepoint: 11900 ns, Total: 289604 ns
[191.604s][info ][gc,start       ] GC(82) Pause Young (Allocation Failure)
[191.634s][debug][gc,phases      ] GC(82) Scavenge 29.124ms
[191.634s][debug][gc,ref         ] GC(82) Skipped phase 1 of Reference Processing: no references
[191.634s][debug][gc,ref         ] GC(82) Skipped phase 3 of Reference Processing: no references
[191.634s][debug][gc,phases      ] GC(82) Reference Processing 0.046ms
[191.634s][debug][gc,phases      ] GC(82) Weak Processing 0.775ms
[191.634s][debug][gc,age         ] GC(82) Desired survivor size 58195968 bytes, new threshold 15 (max threshold 15)
[191.634s][info ][gc,heap        ] GC(82) PSYoungGen: 1978992K(2031104K)->10672K(2040320K) Eden: 1968128K(1968128K)->0K(1980416K) From: 10864K(62976K)->10672K(59904K)
[191.634s][info ][gc,heap        ] GC(82) ParOldGen: 404112K(422400K)->404448K(422400K)
[191.634s][info ][gc,metaspace   ] GC(82) Metaspace: 79692K(80384K)->79692K(80384K) NonClass: 68823K(69184K)->68823K(69184K) Class: 10869K(11200K)->10869K(11200K)
[191.635s][info ][gc             ] GC(82) Pause Young (Allocation Failure) 2327M->405M(2405M) 30.122ms
[191.635s][info ][gc,cpu         ] GC(82) User=0.03s Sys=0.00s Real=0.03s
[191.635s][info ][safepoint      ] Safepoint "ParallelGCFailedAllocation", Time since last: 750332286 ns, Reaching safepoint: 109301 ns, At safepoint: 30246847 ns, Total: 30356148 ns
[192.635s][info ][safepoint      ] Safepoint "Cleanup", Time since last: 1000118877 ns, Reaching safepoint: 98702 ns, At safepoint: 5900 ns, Total: 104602 ns
[193.637s][info ][safepoint      ] Safepoint "Cleanup", Time since last: 1000147979 ns, Reaching safepoint: 2236933 ns, At safepoint: 13900 ns, Total: 2250833 ns
[194.637s][info ][safepoint      ] Safepoint "Cleanup", Time since last: 1000128380 ns, Reaching safepoint: 76302 ns, At safepoint: 5800 ns, Total: 82102 ns
[195.638s][info ][safepoint      ] Safepoint "Cleanup", Time since last: 1000131582 ns, Reaching safepoint: 79101 ns, At safepoint: 11700 ns, Total: 90801 ns
[196.638s][info ][safepoint      ] Safepoint "Cleanup", Time since last: 1000122984 ns, Reaching safepoint: 92001 ns, At safepoint: 4900 ns, Total: 96901 ns
[197.638s][info ][safepoint      ] Safepoint "Cleanup", Time since last: 1000139486 ns, Reaching safepoint: 121001 ns, At safepoint: 5500 ns, Total: 126501 ns
[198.638s][info ][safepoint      ] Safepoint "Cleanup", Time since last: 1000126287 ns, Reaching safepoint: 137902 ns, At safepoint: 10100 ns, Total: 148002 ns
[199.639s][info ][safepoint      ] Safepoint "Cleanup", Time since last: 1000107489 ns, Reaching safepoint: 113001 ns, At safepoint: 11601 ns, Total: 124602 ns
[200.640s][info ][safepoint      ] Safepoint "Cleanup", Time since last: 1000120790 ns, Reaching safepoint: 915813 ns, At safepoint: 20400 ns, Total: 936213 ns
[201.640s][info ][safepoint      ] Safepoint "Cleanup", Time since last: 1000125392 ns, Reaching safepoint: 300505 ns, At safepoint: 12900 ns, Total: 313405 ns
[202.642s][info ][safepoint      ] Safepoint "Cleanup", Time since last: 1000129793 ns, Reaching safepoint: 2175432 ns, At safepoint: 9500 ns, Total: 2184932 ns
[203.643s][info ][safepoint      ] Safepoint "Cleanup", Time since last: 1000075595 ns, Reaching safepoint: 78801 ns, At safepoint: 4200 ns, Total: 83001 ns
[204.643s][info ][safepoint      ] Safepoint "Cleanup", Time since last: 1000119996 ns, Reaching safepoint: 74401 ns, At safepoint: 7201 ns, Total: 81602 ns
[205.643s][info ][safepoint      ] Safepoint "Cleanup", Time since last: 1000111697 ns, Reaching safepoint: 72502 ns, At safepoint: 4700 ns, Total: 77202 ns
[206.643s][info ][safepoint      ] Safepoint "Cleanup", Time since last: 1000105699 ns, Reaching safepoint: 72101 ns, At safepoint: 7900 ns, Total: 80001 ns
[207.643s][info ][safepoint      ] Safepoint "Cleanup", Time since last: 1000128702 ns, Reaching safepoint: 64201 ns, At safepoint: 4200 ns, Total: 68401 ns
[208.644s][info ][safepoint      ] Safepoint "Cleanup", Time since last: 1000127903 ns, Reaching safepoint: 72001 ns, At safepoint: 9000 ns, Total: 81001 ns
[210.644s][info ][safepoint      ] Safepoint "Cleanup", Time since last: 2000191210 ns, Reaching safepoint: 74101 ns, At safepoint: 5000 ns, Total: 79101 ns
[211.644s][info ][safepoint      ] Safepoint "Cleanup", Time since last: 1000129007 ns, Reaching safepoint: 75102 ns, At safepoint: 11100 ns, Total: 86202 ns
[212.644s][info ][safepoint      ] Safepoint "Cleanup", Time since last: 1000121009 ns, Reaching safepoint: 60601 ns, At safepoint: 12300 ns, Total: 72901 ns
[213.644s][info ][safepoint      ] Safepoint "Cleanup", Time since last: 1000077310 ns, Reaching safepoint: 56901 ns, At safepoint: 4900 ns, Total: 61801 ns
[214.645s][info ][safepoint      ] Safepoint "Cleanup", Time since last: 1000117812 ns, Reaching safepoint: 56801 ns, At safepoint: 20600 ns, Total: 77401 ns
[216.645s][info ][safepoint      ] Safepoint "Cleanup", Time since last: 2000203129 ns, Reaching safepoint: 59501 ns, At safepoint: 6000 ns, Total: 65501 ns
[218.645s][info ][safepoint      ] Safepoint "Cleanup", Time since last: 2000204335 ns, Reaching safepoint: 133502 ns, At safepoint: 7600 ns, Total: 141102 ns
[221.646s][info ][safepoint      ] Safepoint "Cleanup", Time since last: 3000252264 ns, Reaching safepoint: 123402 ns, At safepoint: 8400 ns, Total: 131802 ns
[222.646s][info ][safepoint      ] Safepoint "Cleanup", Time since last: 1000088324 ns, Reaching safepoint: 132902 ns, At safepoint: 9400 ns, Total: 142302 ns
[223.646s][info ][safepoint      ] Safepoint "Cleanup", Time since last: 1000118727 ns, Reaching safepoint: 115801 ns, At safepoint: 16901 ns, Total: 132702 ns
[224.646s][info ][safepoint      ] Safepoint "Cleanup", Time since last: 1000109227 ns, Reaching safepoint: 114102 ns, At safepoint: 10500 ns, Total: 124602 ns
[225.647s][info ][safepoint      ] Safepoint "Cleanup", Time since last: 1000115530 ns, Reaching safepoint: 116001 ns, At safepoint: 6400 ns, Total: 122401 ns
[225.898s][info ][gc,start       ] GC(83) Pause Young (Allocation Failure)
[225.906s][debug][gc,phases      ] GC(83) Scavenge 7.370ms
[225.906s][debug][gc,ref         ] GC(83) Skipped phase 1 of Reference Processing: no references
[225.906s][debug][gc,ref         ] GC(83) Skipped phase 3 of Reference Processing: no references
[225.906s][debug][gc,phases      ] GC(83) Reference Processing 0.040ms
[225.906s][debug][gc,phases      ] GC(83) Weak Processing 0.542ms
[225.906s][debug][gc,age         ] GC(83) Desired survivor size 55574528 bytes, new threshold 15 (max threshold 15)
[225.907s][info ][gc,heap        ] GC(83) PSYoungGen: 1991088K(2040320K)->10640K(2037248K) Eden: 1980416K(1980416K)->0K(1980416K) From: 10672K(59904K)->10640K(56832K)
[225.907s][info ][gc,heap        ] GC(83) ParOldGen: 404448K(422400K)->404840K(422400K)
[225.907s][info ][gc,metaspace   ] GC(83) Metaspace: 79770K(80448K)->79770K(80448K) NonClass: 68893K(69248K)->68893K(69248K) Class: 10877K(11200K)->10877K(11200K)
[225.907s][info ][gc             ] GC(83) Pause Young (Allocation Failure) 2339M->405M(2402M) 8.098ms
[225.907s][info ][gc,cpu         ] GC(83) User=0.03s Sys=0.00s Real=0.01s
[225.907s][info ][safepoint      ] Safepoint "ParallelGCFailedAllocation", Time since last: 251787834 ns, Reaching safepoint: 56301 ns, At safepoint: 8184521 ns, Total: 8240822 ns
[226.907s][info ][safepoint      ] Safepoint "Cleanup", Time since last: 1000086131 ns, Reaching safepoint: 54101 ns, At safepoint: 10800 ns, Total: 64901 ns
[227.907s][info ][safepoint      ] Safepoint "Cleanup", Time since last: 1000123033 ns, Reaching safepoint: 52401 ns, At safepoint: 8300 ns, Total: 60701 ns
[228.907s][info ][safepoint      ] Safepoint "Cleanup", Time since last: 1000119934 ns, Reaching safepoint: 54301 ns, At safepoint: 6400 ns, Total: 60701 ns
[229.907s][info ][safepoint      ] Safepoint "Cleanup", Time since last: 1000124936 ns, Reaching safepoint: 60201 ns, At safepoint: 8200 ns, Total: 68401 ns
[230.907s][info ][safepoint      ] Safepoint "Cleanup", Time since last: 1000107138 ns, Reaching safepoint: 54000 ns, At safepoint: 8700 ns, Total: 62700 ns
[231.908s][info ][safepoint      ] Safepoint "Cleanup", Time since last: 1000105539 ns, Reaching safepoint: 61801 ns, At safepoint: 11000 ns, Total: 72801 ns
[233.908s][info ][safepoint      ] Safepoint "Cleanup", Time since last: 2000214783 ns, Reaching safepoint: 74801 ns, At safepoint: 5800 ns, Total: 80601 ns
[234.908s][info ][safepoint      ] Safepoint "Cleanup", Time since last: 1000127843 ns, Reaching safepoint: 48901 ns, At safepoint: 6700 ns, Total: 55601 ns
[235.908s][info ][safepoint      ] Safepoint "Cleanup", Time since last: 1000105345 ns, Reaching safepoint: 52401 ns, At safepoint: 3800 ns, Total: 56201 ns
[236.908s][info ][safepoint      ] Safepoint "Cleanup", Time since last: 1000077946 ns, Reaching safepoint: 54601 ns, At safepoint: 4200 ns, Total: 58801 ns
[237.909s][info ][safepoint      ] Safepoint "Cleanup", Time since last: 1000114748 ns, Reaching safepoint: 49900 ns, At safepoint: 8201 ns, Total: 58101 ns
[238.909s][info ][safepoint      ] Safepoint "Cleanup", Time since last: 1000112449 ns, Reaching safepoint: 64301 ns, At safepoint: 8100 ns, Total: 72401 ns
[239.909s][info ][safepoint      ] Safepoint "Cleanup", Time since last: 1000105551 ns, Reaching safepoint: 49301 ns, At safepoint: 4000 ns, Total: 53301 ns
[241.909s][info ][safepoint      ] Safepoint "Cleanup", Time since last: 2000197806 ns, Reaching safepoint: 48700 ns, At safepoint: 5401 ns, Total: 54101 ns
[242.909s][info ][safepoint      ] Safepoint "Cleanup", Time since last: 1000116755 ns, Reaching safepoint: 57201 ns, At safepoint: 10300 ns, Total: 67501 ns
[243.910s][info ][safepoint      ] Safepoint "Cleanup", Time since last: 1000109157 ns, Reaching safepoint: 60201 ns, At safepoint: 5800 ns, Total: 66001 ns
[244.910s][info ][safepoint      ] Safepoint "Cleanup", Time since last: 1000102058 ns, Reaching safepoint: 51801 ns, At safepoint: 4500 ns, Total: 56301 ns
[245.910s][info ][safepoint      ] Safepoint "Cleanup", Time since last: 1000105060 ns, Reaching safepoint: 47300 ns, At safepoint: 39801 ns, Total: 87101 ns
[246.910s][info ][safepoint      ] Safepoint "Cleanup", Time since last: 1000097661 ns, Reaching safepoint: 109202 ns, At safepoint: 11600 ns, Total: 120802 ns
[247.910s][info ][safepoint      ] Safepoint "Cleanup", Time since last: 1000110163 ns, Reaching safepoint: 78101 ns, At safepoint: 9500 ns, Total: 87601 ns
[248.911s][info ][safepoint      ] Safepoint "Cleanup", Time since last: 1000118965 ns, Reaching safepoint: 181402 ns, At safepoint: 11600 ns, Total: 193002 ns
[249.911s][info ][safepoint      ] Safepoint "Cleanup", Time since last: 1000105366 ns, Reaching safepoint: 61101 ns, At safepoint: 8200 ns, Total: 69301 ns
[250.911s][info ][safepoint      ] Safepoint "Cleanup", Time since last: 1000120767 ns, Reaching safepoint: 51201 ns, At safepoint: 4500 ns, Total: 55701 ns
[252.733s][info ][safepoint      ] Safepoint "Cleanup", Time since last: 1821866187 ns, Reaching safepoint: 46701 ns, At safepoint: 13200 ns, Total: 59901 ns
[253.733s][info ][safepoint      ] Safepoint "Cleanup", Time since last: 1000116371 ns, Reaching safepoint: 74602 ns, At safepoint: 11000 ns, Total: 85602 ns
[254.733s][info ][safepoint      ] Safepoint "Cleanup", Time since last: 1000125273 ns, Reaching safepoint: 58601 ns, At safepoint: 4300 ns, Total: 62901 ns
[256.734s][info ][safepoint      ] Safepoint "Cleanup", Time since last: 2000187549 ns, Reaching safepoint: 54501 ns, At safepoint: 3900 ns, Total: 58401 ns
[257.734s][info ][safepoint      ] Safepoint "Cleanup", Time since last: 1000122977 ns, Reaching safepoint: 69601 ns, At safepoint: 8000 ns, Total: 77601 ns
[258.734s][info ][safepoint      ] Safepoint "Cleanup", Time since last: 1000128479 ns, Reaching safepoint: 95302 ns, At safepoint: 4300 ns, Total: 99602 ns
[260.734s][info ][safepoint      ] Safepoint "Cleanup", Time since last: 2000177061 ns, Reaching safepoint: 50600 ns, At safepoint: 8100 ns, Total: 58700 ns
[261.150s][info ][gc,start       ] GC(84) Pause Young (Allocation Failure)
[261.157s][debug][gc,phases      ] GC(84) Scavenge 7.564ms
[261.157s][debug][gc,ref         ] GC(84) Skipped phase 1 of Reference Processing: no references
[261.157s][debug][gc,ref         ] GC(84) Skipped phase 3 of Reference Processing: no references
[261.158s][debug][gc,phases      ] GC(84) Reference Processing 0.028ms
[261.158s][debug][gc,phases      ] GC(84) Weak Processing 0.570ms
[261.158s][debug][gc,age         ] GC(84) Desired survivor size 52428800 bytes, new threshold 15 (max threshold 15)
[261.158s][info ][gc,heap        ] GC(84) PSYoungGen: 1991056K(2037248K)->10096K(2045952K) Eden: 1980416K(1980416K)->0K(1991680K) From: 10640K(56832K)->10096K(54272K)
[261.158s][info ][gc,heap        ] GC(84) ParOldGen: 404840K(422400K)->405272K(422400K)
[261.158s][info ][gc,metaspace   ] GC(84) Metaspace: 79832K(80512K)->79832K(80512K) NonClass: 68955K(69312K)->68955K(69312K) Class: 10877K(11200K)->10877K(11200K)
[261.158s][info ][gc             ] GC(84) Pause Young (Allocation Failure) 2339M->405M(2410M) 8.298ms
[261.158s][info ][gc,cpu         ] GC(84) User=0.03s Sys=0.00s Real=0.01s
[261.158s][info ][safepoint      ] Safepoint "ParallelGCFailedAllocation", Time since last: 415558684 ns, Reaching safepoint: 33801 ns, At safepoint: 8374824 ns, Total: 8408625 ns
[262.158s][info ][safepoint      ] Safepoint "Cleanup", Time since last: 1000087384 ns, Reaching safepoint: 50200 ns, At safepoint: 9601 ns, Total: 59801 ns
[263.158s][info ][safepoint      ] Safepoint "Cleanup", Time since last: 1000090984 ns, Reaching safepoint: 55901 ns, At safepoint: 4400 ns, Total: 60301 ns
[266.159s][info ][safepoint      ] Safepoint "Cleanup", Time since last: 3000211362 ns, Reaching safepoint: 52400 ns, At safepoint: 7200 ns, Total: 59600 ns
[267.159s][info ][safepoint      ] Safepoint "Cleanup", Time since last: 1000105791 ns, Reaching safepoint: 50201 ns, At safepoint: 10600 ns, Total: 60801 ns
[268.159s][info ][safepoint      ] Safepoint "Cleanup", Time since last: 1000114692 ns, Reaching safepoint: 70701 ns, At safepoint: 7600 ns, Total: 78301 ns
[269.159s][info ][safepoint      ] Safepoint "Cleanup", Time since last: 1000065093 ns, Reaching safepoint: 55001 ns, At safepoint: 4200 ns, Total: 59201 ns
[270.159s][info ][safepoint      ] Safepoint "Cleanup", Time since last: 1000102195 ns, Reaching safepoint: 47600 ns, At safepoint: 2800 ns, Total: 50400 ns
[272.160s][info ][safepoint      ] Safepoint "Cleanup", Time since last: 2000162193 ns, Reaching safepoint: 51301 ns, At safepoint: 14100 ns, Total: 65401 ns
[273.160s][info ][safepoint      ] Safepoint "Cleanup", Time since last: 1000096999 ns, Reaching safepoint: 47001 ns, At safepoint: 8600 ns, Total: 55601 ns
[274.160s][info ][safepoint      ] Safepoint "Cleanup", Time since last: 1000100700 ns, Reaching safepoint: 48301 ns, At safepoint: 3600 ns, Total: 51901 ns
[275.160s][info ][safepoint      ] Safepoint "Cleanup", Time since last: 1000104902 ns, Reaching safepoint: 53201 ns, At safepoint: 10000 ns, Total: 63201 ns
[276.160s][info ][safepoint      ] Safepoint "Cleanup", Time since last: 1000101503 ns, Reaching safepoint: 92401 ns, At safepoint: 15501 ns, Total: 107902 ns
[277.160s][info ][safepoint      ] Safepoint "Cleanup", Time since last: 1000097304 ns, Reaching safepoint: 44901 ns, At safepoint: 4100 ns, Total: 49001 ns
[278.161s][info ][safepoint      ] Safepoint "Cleanup", Time since last: 1000108706 ns, Reaching safepoint: 53101 ns, At safepoint: 3500 ns, Total: 56601 ns
[279.161s][info ][safepoint      ] Safepoint "Cleanup", Time since last: 1000107707 ns, Reaching safepoint: 45501 ns, At safepoint: 4000 ns, Total: 49501 ns
[280.161s][info ][safepoint      ] Safepoint "Cleanup", Time since last: 1000188810 ns, Reaching safepoint: 68701 ns, At safepoint: 5700 ns, Total: 74401 ns
[281.161s][info ][safepoint      ] Safepoint "Cleanup", Time since last: 1000101810 ns, Reaching safepoint: 59701 ns, At safepoint: 7500 ns, Total: 67201 ns
[282.161s][info ][safepoint      ] Safepoint "Cleanup", Time since last: 1000109012 ns, Reaching safepoint: 49000 ns, At safepoint: 7601 ns, Total: 56601 ns
[283.161s][info ][safepoint      ] Safepoint "Cleanup", Time since last: 1000074612 ns, Reaching safepoint: 56301 ns, At safepoint: 4300 ns, Total: 60601 ns
[284.162s][info ][safepoint      ] Safepoint "Cleanup", Time since last: 1000106914 ns, Reaching safepoint: 62901 ns, At safepoint: 7400 ns, Total: 70301 ns
[285.162s][info ][safepoint      ] Safepoint "Cleanup", Time since last: 1000111516 ns, Reaching safepoint: 67801 ns, At safepoint: 9300 ns, Total: 77101 ns
[286.162s][info ][safepoint      ] Safepoint "Cleanup", Time since last: 1000119317 ns, Reaching safepoint: 61001 ns, At safepoint: 12300 ns, Total: 73301 ns
[287.162s][info ][safepoint      ] Safepoint "Cleanup", Time since last: 1000097419 ns, Reaching safepoint: 50600 ns, At safepoint: 6400 ns, Total: 57000 ns
[288.162s][info ][safepoint      ] Safepoint "Cleanup", Time since last: 1000099920 ns, Reaching safepoint: 50501 ns, At safepoint: 8400 ns, Total: 58901 ns
[289.163s][info ][safepoint      ] Safepoint "Cleanup", Time since last: 1000109821 ns, Reaching safepoint: 31801 ns, At safepoint: 4100 ns, Total: 35901 ns
[290.163s][info ][safepoint      ] Safepoint "Cleanup", Time since last: 1000110822 ns, Reaching safepoint: 76201 ns, At safepoint: 6700 ns, Total: 82901 ns
[291.163s][info ][safepoint      ] Safepoint "Cleanup", Time since last: 1000107024 ns, Reaching safepoint: 56301 ns, At safepoint: 28801 ns, Total: 85102 ns
[292.163s][info ][safepoint      ] Safepoint "Cleanup", Time since last: 1000084624 ns, Reaching safepoint: 84302 ns, At safepoint: 12500 ns, Total: 96802 ns
[293.163s][info ][safepoint      ] Safepoint "Cleanup", Time since last: 1000112226 ns, Reaching safepoint: 74902 ns, At safepoint: 8000 ns, Total: 82902 ns
[294.163s][info ][safepoint      ] Safepoint "Cleanup", Time since last: 1000116228 ns, Reaching safepoint: 67401 ns, At safepoint: 4500 ns, Total: 71901 ns
[295.164s][info ][safepoint      ] Safepoint "Cleanup", Time since last: 1000113429 ns, Reaching safepoint: 55401 ns, At safepoint: 7700 ns, Total: 63101 ns
[296.164s][info ][safepoint      ] Safepoint "Cleanup", Time since last: 1000116331 ns, Reaching safepoint: 57401 ns, At safepoint: 6500 ns, Total: 63901 ns
[297.047s][info ][gc,start       ] GC(85) Pause Young (Allocation Failure)
[297.053s][debug][gc,phases      ] GC(85) Scavenge 6.829ms
[297.054s][debug][gc,ref         ] GC(85) Skipped phase 1 of Reference Processing: no references
[297.054s][debug][gc,ref         ] GC(85) Skipped phase 3 of Reference Processing: no references
[297.054s][debug][gc,phases      ] GC(85) Reference Processing 0.039ms
[297.054s][debug][gc,phases      ] GC(85) Weak Processing 0.520ms
[297.054s][debug][gc,age         ] GC(85) Desired survivor size 50331648 bytes, new threshold 15 (max threshold 15)
[297.054s][info ][gc,heap        ] GC(85) PSYoungGen: 2001776K(2045952K)->9888K(2042880K) Eden: 1991680K(1991680K)->0K(1991680K) From: 10096K(54272K)->9888K(51200K)
[297.054s][info ][gc,heap        ] GC(85) ParOldGen: 405272K(422400K)->405680K(422400K)
[297.054s][info ][gc,metaspace   ] GC(85) Metaspace: 79890K(80640K)->79890K(80640K) NonClass: 69010K(69376K)->69010K(69376K) Class: 10880K(11264K)->10880K(11264K)
[297.054s][info ][gc             ] GC(85) Pause Young (Allocation Failure) 2350M->405M(2407M) 7.536ms
[297.054s][info ][gc,cpu         ] GC(85) User=0.02s Sys=0.00s Real=0.01s
[297.054s][info ][safepoint      ] Safepoint "ParallelGCFailedAllocation", Time since last: 882622577 ns, Reaching safepoint: 121702 ns, At safepoint: 7624614 ns, Total: 7746316 ns
[300.054s][info ][safepoint      ] Safepoint "Cleanup", Time since last: 3000228002 ns, Reaching safepoint: 62001 ns, At safepoint: 9300 ns, Total: 71301 ns
[301.055s][info ][safepoint      ] Safepoint "Cleanup", Time since last: 1000119137 ns, Reaching safepoint: 56601 ns, At safepoint: 8600 ns, Total: 65201 ns
[302.055s][info ][safepoint      ] Safepoint "Cleanup", Time since last: 1000080438 ns, Reaching safepoint: 69901 ns, At safepoint: 6700 ns, Total: 76601 ns
[303.055s][info ][safepoint      ] Safepoint "Cleanup", Time since last: 1000101040 ns, Reaching safepoint: 53001 ns, At safepoint: 4400 ns, Total: 57401 ns
[304.055s][info ][safepoint      ] Safepoint "Cleanup", Time since last: 1000109441 ns, Reaching safepoint: 51201 ns, At safepoint: 5400 ns, Total: 56601 ns
[305.055s][info ][safepoint      ] Safepoint "Cleanup", Time since last: 1000100542 ns, Reaching safepoint: 50201 ns, At safepoint: 4900 ns, Total: 55101 ns
[306.055s][info ][safepoint      ] Safepoint "Cleanup", Time since last: 1000101244 ns, Reaching safepoint: 56700 ns, At safepoint: 13301 ns, Total: 70001 ns
[307.056s][info ][safepoint      ] Safepoint "Cleanup", Time since last: 1000064344 ns, Reaching safepoint: 49401 ns, At safepoint: 7400 ns, Total: 56801 ns
[308.056s][info ][safepoint      ] Safepoint "Cleanup", Time since last: 1000123446 ns, Reaching safepoint: 34501 ns, At safepoint: 4200 ns, Total: 38701 ns
[310.056s][info ][safepoint      ] Safepoint "Cleanup", Time since last: 2000172396 ns, Reaching safepoint: 46901 ns, At safepoint: 5500 ns, Total: 52401 ns
[311.056s][info ][safepoint      ] Safepoint "Cleanup", Time since last: 1000120250 ns, Reaching safepoint: 47901 ns, At safepoint: 4300 ns, Total: 52201 ns
[313.056s][info ][safepoint      ] Safepoint "Cleanup", Time since last: 2000144703 ns, Reaching safepoint: 53601 ns, At safepoint: 13600 ns, Total: 67201 ns
[315.057s][info ][safepoint      ] Safepoint "Cleanup", Time since last: 2000151609 ns, Reaching safepoint: 49201 ns, At safepoint: 6300 ns, Total: 55501 ns
[316.057s][info ][safepoint      ] Safepoint "Cleanup", Time since last: 1000106356 ns, Reaching safepoint: 56101 ns, At safepoint: 11000 ns, Total: 67101 ns
[317.057s][info ][safepoint      ] Safepoint "Cleanup", Time since last: 1000104458 ns, Reaching safepoint: 48501 ns, At safepoint: 3500 ns, Total: 52001 ns
[320.057s][info ][safepoint      ] Safepoint "Cleanup", Time since last: 3000231780 ns, Reaching safepoint: 45401 ns, At safepoint: 4400 ns, Total: 49801 ns
[321.057s][info ][safepoint      ] Safepoint "Cleanup", Time since last: 1000119063 ns, Reaching safepoint: 53701 ns, At safepoint: 8200 ns, Total: 61901 ns
[323.058s][info ][safepoint      ] Safepoint "Cleanup", Time since last: 2000162930 ns, Reaching safepoint: 48400 ns, At safepoint: 31201 ns, Total: 79601 ns
[324.058s][info ][safepoint      ] Safepoint "Cleanup", Time since last: 1000097767 ns, Reaching safepoint: 50000 ns, At safepoint: 7000 ns, Total: 57000 ns
[326.058s][info ][safepoint      ] Safepoint "Cleanup", Time since last: 2000164437 ns, Reaching safepoint: 124002 ns, At safepoint: 11500 ns, Total: 135502 ns
[327.058s][info ][safepoint      ] Safepoint "Cleanup", Time since last: 1000110271 ns, Reaching safepoint: 67201 ns, At safepoint: 8200 ns, Total: 75401 ns
[328.058s][info ][safepoint      ] Safepoint "Cleanup", Time since last: 1000116973 ns, Reaching safepoint: 52900 ns, At safepoint: 5900 ns, Total: 58800 ns
[329.059s][info ][safepoint      ] Safepoint "Cleanup", Time since last: 1000110474 ns, Reaching safepoint: 53100 ns, At safepoint: 13101 ns, Total: 66201 ns
[330.059s][info ][safepoint      ] Safepoint "Cleanup", Time since last: 1000110474 ns, Reaching safepoint: 60001 ns, At safepoint: 6600 ns, Total: 66601 ns
[331.340s][info ][gc,start       ] GC(86) Pause Young (Allocation Failure)
[331.349s][debug][gc,phases      ] GC(86) Scavenge 9.411ms
[331.349s][debug][gc,ref         ] GC(86) Skipped phase 1 of Reference Processing: no references
[331.349s][debug][gc,ref         ] GC(86) Skipped phase 3 of Reference Processing: no references
[331.349s][debug][gc,phases      ] GC(86) Reference Processing 0.055ms
[331.350s][debug][gc,phases      ] GC(86) Weak Processing 0.845ms
[331.350s][debug][gc,age         ] GC(86) Desired survivor size 47710208 bytes, new threshold 15 (max threshold 15)
[331.350s][info ][gc,heap        ] GC(86) PSYoungGen: 2001568K(2042880K)->9712K(2050560K) Eden: 1991680K(1991680K)->0K(2001408K) From: 9888K(51200K)->9712K(49152K)
[331.350s][info ][gc,heap        ] GC(86) ParOldGen: 405680K(422400K)->406100K(422400K)
[331.350s][info ][gc,metaspace   ] GC(86) Metaspace: 79962K(80704K)->79962K(80704K) NonClass: 69077K(69440K)->69077K(69440K) Class: 10885K(11264K)->10885K(11264K)
[331.350s][info ][gc             ] GC(86) Pause Young (Allocation Failure) 2350M->406M(2415M) 10.525ms
[331.350s][info ][gc,cpu         ] GC(86) User=0.02s Sys=0.02s Real=0.01s
[331.350s][info ][safepoint      ] Safepoint "ParallelGCFailedAllocation", Time since last: 1280702778 ns, Reaching safepoint: 118302 ns, At safepoint: 10637759 ns, Total: 10756061 ns
[332.350s][info ][safepoint      ] Safepoint "Cleanup", Time since last: 1000096877 ns, Reaching safepoint: 128802 ns, At safepoint: 9300 ns, Total: 138102 ns
[333.351s][info ][safepoint      ] Safepoint "Cleanup", Time since last: 1000116979 ns, Reaching safepoint: 139202 ns, At safepoint: 13100 ns, Total: 152302 ns
[334.351s][info ][safepoint      ] Safepoint "Cleanup", Time since last: 1000129381 ns, Reaching safepoint: 130202 ns, At safepoint: 12300 ns, Total: 142502 ns
[336.139s][info ][safepoint      ] Safepoint "Cleanup", Time since last: 1788246788 ns, Reaching safepoint: 92301 ns, At safepoint: 8900 ns, Total: 101201 ns
[337.140s][info ][safepoint      ] Safepoint "Cleanup", Time since last: 1000105883 ns, Reaching safepoint: 84102 ns, At safepoint: 10600 ns, Total: 94702 ns
[338.140s][info ][safepoint      ] Safepoint "Cleanup", Time since last: 1000079284 ns, Reaching safepoint: 73501 ns, At safepoint: 7600 ns, Total: 81101 ns
[339.221s][info ][safepoint      ] Safepoint "Cleanup", Time since last: 1080710694 ns, Reaching safepoint: 95301 ns, At safepoint: 9600 ns, Total: 104901 ns
[340.221s][info ][safepoint      ] Safepoint "Cleanup", Time since last: 1000116888 ns, Reaching safepoint: 50901 ns, At safepoint: 4300 ns, Total: 55201 ns
[341.221s][info ][safepoint      ] Safepoint "Cleanup", Time since last: 1000109688 ns, Reaching safepoint: 73201 ns, At safepoint: 10800 ns, Total: 84001 ns
[342.221s][info ][safepoint      ] Safepoint "Cleanup", Time since last: 1000120590 ns, Reaching safepoint: 93101 ns, At safepoint: 16801 ns, Total: 109902 ns
[343.221s][info ][safepoint      ] Safepoint "Cleanup", Time since last: 1000115391 ns, Reaching safepoint: 54000 ns, At safepoint: 4600 ns, Total: 58600 ns
[344.222s][info ][safepoint      ] Safepoint "Cleanup", Time since last: 1000110293 ns, Reaching safepoint: 77001 ns, At safepoint: 12100 ns, Total: 89101 ns
[345.222s][info ][safepoint      ] Safepoint "Cleanup", Time since last: 1000107693 ns, Reaching safepoint: 67601 ns, At safepoint: 6700 ns, Total: 74301 ns
[346.222s][info ][safepoint      ] Safepoint "Cleanup", Time since last: 1000089794 ns, Reaching safepoint: 64901 ns, At safepoint: 12801 ns, Total: 77702 ns
[347.222s][info ][safepoint      ] Safepoint "Cleanup", Time since last: 1000122296 ns, Reaching safepoint: 55500 ns, At safepoint: 6100 ns, Total: 61600 ns
[348.222s][info ][safepoint      ] Safepoint "Cleanup", Time since last: 1000111597 ns, Reaching safepoint: 66701 ns, At safepoint: 10901 ns, Total: 77602 ns
[349.222s][info ][safepoint      ] Safepoint "Cleanup", Time since last: 1000113898 ns, Reaching safepoint: 57701 ns, At safepoint: 4000 ns, Total: 61701 ns
[350.223s][info ][safepoint      ] Safepoint "Cleanup", Time since last: 1000114799 ns, Reaching safepoint: 65601 ns, At safepoint: 8900 ns, Total: 74501 ns
[351.223s][info ][safepoint      ] Safepoint "Cleanup", Time since last: 1000109901 ns, Reaching safepoint: 78801 ns, At safepoint: 10000 ns, Total: 88801 ns
[352.223s][info ][safepoint      ] Safepoint "Cleanup", Time since last: 1000090602 ns, Reaching safepoint: 53100 ns, At safepoint: 3600 ns, Total: 56700 ns
[353.223s][info ][safepoint      ] Safepoint "Cleanup", Time since last: 1000127304 ns, Reaching safepoint: 88401 ns, At safepoint: 13000 ns, Total: 101401 ns
[354.223s][info ][safepoint      ] Safepoint "Cleanup", Time since last: 1000110304 ns, Reaching safepoint: 49301 ns, At safepoint: 5600 ns, Total: 54901 ns
[355.224s][info ][safepoint      ] Safepoint "Cleanup", Time since last: 1000113406 ns, Reaching safepoint: 70601 ns, At safepoint: 7400 ns, Total: 78001 ns
[356.224s][info ][safepoint      ] Safepoint "Cleanup", Time since last: 1000109806 ns, Reaching safepoint: 80202 ns, At safepoint: 12800 ns, Total: 93002 ns
[358.224s][info ][safepoint      ] Safepoint "Cleanup", Time since last: 2000184216 ns, Reaching safepoint: 76001 ns, At safepoint: 7200 ns, Total: 83201 ns
[359.224s][info ][safepoint      ] Safepoint "Cleanup", Time since last: 1000110910 ns, Reaching safepoint: 53101 ns, At safepoint: 6800 ns, Total: 59901 ns
[360.224s][info ][safepoint      ] Safepoint "Cleanup", Time since last: 1000111611 ns, Reaching safepoint: 81702 ns, At safepoint: 15100 ns, Total: 96802 ns
[361.225s][info ][safepoint      ] Safepoint "Cleanup", Time since last: 1000113912 ns, Reaching safepoint: 55501 ns, At safepoint: 4700 ns, Total: 60201 ns
[362.225s][info ][safepoint      ] Safepoint "Cleanup", Time since last: 1000113014 ns, Reaching safepoint: 49401 ns, At safepoint: 3800 ns, Total: 53201 ns
[363.225s][info ][safepoint      ] Safepoint "Cleanup", Time since last: 1000126615 ns, Reaching safepoint: 81501 ns, At safepoint: 8900 ns, Total: 90401 ns
[364.225s][info ][safepoint      ] Safepoint "Cleanup", Time since last: 1000126417 ns, Reaching safepoint: 71001 ns, At safepoint: 26200 ns, Total: 97201 ns
[364.402s][info ][gc,start       ] GC(87) Pause Young (Allocation Failure)
[364.409s][debug][gc,phases      ] GC(87) Scavenge 7.419ms
[364.410s][debug][gc,ref         ] GC(87) Skipped phase 1 of Reference Processing: no references
[364.410s][debug][gc,ref         ] GC(87) Skipped phase 3 of Reference Processing: no references
[364.410s][debug][gc,phases      ] GC(87) Reference Processing 0.030ms
[364.410s][debug][gc,phases      ] GC(87) Weak Processing 0.573ms
[364.410s][debug][gc,age         ] GC(87) Desired survivor size 45088768 bytes, new threshold 15 (max threshold 15)
[364.410s][info ][gc,heap        ] GC(87) PSYoungGen: 2011120K(2050560K)->9472K(2048000K) Eden: 2001408K(2001408K)->0K(2001408K) From: 9712K(49152K)->9472K(46592K)
[364.410s][info ][gc,heap        ] GC(87) ParOldGen: 406100K(422400K)->406540K(422400K)
[364.410s][info ][gc,metaspace   ] GC(87) Metaspace: 80055K(80768K)->80055K(80768K) NonClass: 69160K(69504K)->69160K(69504K) Class: 10894K(11264K)->10894K(11264K)
[364.410s][info ][gc             ] GC(87) Pause Young (Allocation Failure) 2360M->406M(2412M) 8.167ms
[364.410s][info ][gc,cpu         ] GC(87) User=0.02s Sys=0.00s Real=0.01s
[364.410s][info ][safepoint      ] Safepoint "ParallelGCFailedAllocation", Time since last: 176698753 ns, Reaching safepoint: 107602 ns, At safepoint: 8261324 ns, Total: 8368926 ns
[366.410s][info ][safepoint      ] Safepoint "Cleanup", Time since last: 2000152335 ns, Reaching safepoint: 64201 ns, At safepoint: 6700 ns, Total: 70901 ns
[367.411s][info ][safepoint      ] Safepoint "Cleanup", Time since last: 1000113220 ns, Reaching safepoint: 58100 ns, At safepoint: 6901 ns, Total: 65001 ns
[368.411s][info ][safepoint      ] Safepoint "Cleanup", Time since last: 1000107520 ns, Reaching safepoint: 63901 ns, At safepoint: 5900 ns, Total: 69801 ns
[369.411s][info ][safepoint      ] Safepoint "Cleanup", Time since last: 1000111423 ns, Reaching safepoint: 48100 ns, At safepoint: 3900 ns, Total: 52000 ns
[370.411s][info ][safepoint      ] Safepoint "Cleanup", Time since last: 1000112324 ns, Reaching safepoint: 52700 ns, At safepoint: 8300 ns, Total: 61000 ns
[371.411s][info ][safepoint      ] Safepoint "Cleanup", Time since last: 1000107925 ns, Reaching safepoint: 54601 ns, At safepoint: 8500 ns, Total: 63101 ns
[372.411s][info ][safepoint      ] Safepoint "Cleanup", Time since last: 1000109125 ns, Reaching safepoint: 52901 ns, At safepoint: 3800 ns, Total: 56701 ns
[373.412s][info ][safepoint      ] Safepoint "Cleanup", Time since last: 1000126027 ns, Reaching safepoint: 53501 ns, At safepoint: 5600 ns, Total: 59101 ns
[374.412s][info ][safepoint      ] Safepoint "Cleanup", Time since last: 1000121728 ns, Reaching safepoint: 63801 ns, At safepoint: 6300 ns, Total: 70101 ns
[376.412s][info ][safepoint      ] Safepoint "Cleanup", Time since last: 2000185959 ns, Reaching safepoint: 61501 ns, At safepoint: 3700 ns, Total: 65201 ns
[377.412s][info ][safepoint      ] Safepoint "Cleanup", Time since last: 1000112031 ns, Reaching safepoint: 53001 ns, At safepoint: 8600 ns, Total: 61601 ns
[378.412s][info ][safepoint      ] Safepoint "Cleanup", Time since last: 1000114332 ns, Reaching safepoint: 59101 ns, At safepoint: 7800 ns, Total: 66901 ns
[379.413s][info ][safepoint      ] Safepoint "Cleanup", Time since last: 1000111134 ns, Reaching safepoint: 47701 ns, At safepoint: 3500 ns, Total: 51201 ns
[380.413s][info ][safepoint      ] Safepoint "Cleanup", Time since last: 1000113834 ns, Reaching safepoint: 58101 ns, At safepoint: 9500 ns, Total: 67601 ns
[381.413s][info ][safepoint      ] Safepoint "Cleanup", Time since last: 1000117136 ns, Reaching safepoint: 75002 ns, At safepoint: 12700 ns, Total: 87702 ns
[382.413s][info ][safepoint      ] Safepoint "Cleanup", Time since last: 1000121637 ns, Reaching safepoint: 65101 ns, At safepoint: 6400 ns, Total: 71501 ns
[383.413s][info ][safepoint      ] Safepoint "Cleanup", Time since last: 1000084938 ns, Reaching safepoint: 56501 ns, At safepoint: 13000 ns, Total: 69501 ns
[385.414s][info ][safepoint      ] Safepoint "Cleanup", Time since last: 2000179679 ns, Reaching safepoint: 50000 ns, At safepoint: 4000 ns, Total: 54000 ns
[387.414s][info ][safepoint      ] Safepoint "Cleanup", Time since last: 2000194084 ns, Reaching safepoint: 55601 ns, At safepoint: 11000 ns, Total: 66601 ns
[388.414s][info ][safepoint      ] Safepoint "Cleanup", Time since last: 1000109244 ns, Reaching safepoint: 39800 ns, At safepoint: 3901 ns, Total: 43701 ns
[389.414s][info ][safepoint      ] Safepoint "Cleanup", Time since last: 1000109244 ns, Reaching safepoint: 57201 ns, At safepoint: 9800 ns, Total: 67001 ns
[390.414s][info ][safepoint      ] Safepoint "Cleanup", Time since last: 1000112046 ns, Reaching safepoint: 78202 ns, At safepoint: 4200 ns, Total: 82402 ns
[392.415s][info ][safepoint      ] Safepoint "Cleanup", Time since last: 2000530600 ns, Reaching safepoint: 65300 ns, At safepoint: 11701 ns, Total: 77001 ns
[393.415s][info ][safepoint      ] Safepoint "Cleanup", Time since last: 1000115649 ns, Reaching safepoint: 44101 ns, At safepoint: 4400 ns, Total: 48501 ns
[395.415s][info ][safepoint      ] Safepoint "Cleanup", Time since last: 2000138100 ns, Reaching safepoint: 83402 ns, At safepoint: 13800 ns, Total: 97202 ns
[397.416s][info ][safepoint      ] Safepoint "Cleanup", Time since last: 2000171405 ns, Reaching safepoint: 53801 ns, At safepoint: 11700 ns, Total: 65501 ns
[398.398s][info ][gc,start       ] GC(88) Pause Young (Allocation Failure)
[398.404s][debug][gc,phases      ] GC(88) Scavenge 6.445ms
[398.404s][debug][gc,ref         ] GC(88) Skipped phase 1 of Reference Processing: no references
[398.404s][debug][gc,ref         ] GC(88) Skipped phase 3 of Reference Processing: no references
[398.404s][debug][gc,phases      ] GC(88) Reference Processing 0.028ms
[398.405s][debug][gc,phases      ] GC(88) Weak Processing 0.541ms
[398.405s][debug][gc,age         ] GC(88) Desired survivor size 42991616 bytes, new threshold 15 (max threshold 15)
[398.405s][info ][gc,heap        ] GC(88) PSYoungGen: 2010880K(2048000K)->9200K(2055168K) Eden: 2001408K(2001408K)->0K(2011136K) From: 9472K(46592K)->9200K(44032K)
[398.405s][info ][gc,heap        ] GC(88) ParOldGen: 406540K(422400K)->407060K(422400K)
[398.405s][info ][gc,metaspace   ] GC(88) Metaspace: 80083K(80768K)->80083K(80768K) NonClass: 69188K(69504K)->69188K(69504K) Class: 10894K(11264K)->10894K(11264K)
[398.405s][info ][gc             ] GC(88) Pause Young (Allocation Failure) 2360M->406M(2419M) 7.171ms
[398.405s][info ][gc,cpu         ] GC(88) User=0.02s Sys=0.00s Real=0.01s
[398.405s][info ][safepoint      ] Safepoint "ParallelGCFailedAllocation", Time since last: 981904881 ns, Reaching safepoint: 128602 ns, At safepoint: 7259709 ns, Total: 7388311 ns
[399.405s][info ][safepoint      ] Safepoint "Cleanup", Time since last: 1000083156 ns, Reaching safepoint: 52601 ns, At safepoint: 3900 ns, Total: 56501 ns
[400.405s][info ][safepoint      ] Safepoint "Cleanup", Time since last: 1000114857 ns, Reaching safepoint: 51701 ns, At safepoint: 8000 ns, Total: 59701 ns
[401.405s][info ][safepoint      ] Safepoint "Cleanup", Time since last: 1000109958 ns, Reaching safepoint: 48100 ns, At safepoint: 4001 ns, Total: 52101 ns
[402.406s][info ][safepoint      ] Safepoint "Cleanup", Time since last: 1000119859 ns, Reaching safepoint: 52201 ns, At safepoint: 8800 ns, Total: 61001 ns
[403.406s][info ][safepoint      ] Safepoint "Cleanup", Time since last: 1000104560 ns, Reaching safepoint: 33400 ns, At safepoint: 4400 ns, Total: 37800 ns
[404.406s][info ][safepoint      ] Safepoint "Cleanup", Time since last: 1000116762 ns, Reaching safepoint: 52801 ns, At safepoint: 4100 ns, Total: 56901 ns
[405.406s][info ][safepoint      ] Safepoint "Cleanup", Time since last: 1000123762 ns, Reaching safepoint: 49501 ns, At safepoint: 3400 ns, Total: 52901 ns
[406.406s][info ][safepoint      ] Safepoint "Cleanup", Time since last: 1000109964 ns, Reaching safepoint: 46300 ns, At safepoint: 8601 ns, Total: 54901 ns
[407.406s][info ][safepoint      ] Safepoint "Cleanup", Time since last: 1000107264 ns, Reaching safepoint: 62901 ns, At safepoint: 7600 ns, Total: 70501 ns
[409.407s][info ][safepoint      ] Safepoint "Cleanup", Time since last: 2000174432 ns, Reaching safepoint: 60001 ns, At safepoint: 5100 ns, Total: 65101 ns
[411.407s][info ][safepoint      ] Safepoint "Cleanup", Time since last: 2000182536 ns, Reaching safepoint: 59601 ns, At safepoint: 9700 ns, Total: 69301 ns
[413.407s][info ][safepoint      ] Safepoint "Cleanup", Time since last: 2000155240 ns, Reaching safepoint: 65401 ns, At safepoint: 9100 ns, Total: 74501 ns
[415.407s][info ][safepoint      ] Safepoint "Cleanup", Time since last: 2000137344 ns, Reaching safepoint: 47701 ns, At safepoint: 10400 ns, Total: 58101 ns
[416.407s][info ][safepoint      ] Safepoint "Cleanup", Time since last: 1000101274 ns, Reaching safepoint: 53501 ns, At safepoint: 9600 ns, Total: 63101 ns
[417.408s][info ][safepoint      ] Safepoint "Cleanup", Time since last: 1000093975 ns, Reaching safepoint: 58001 ns, At safepoint: 8100 ns, Total: 66101 ns
[419.408s][info ][safepoint      ] Safepoint "Cleanup", Time since last: 2000146152 ns, Reaching safepoint: 76302 ns, At safepoint: 8700 ns, Total: 85002 ns
[421.408s][info ][safepoint      ] Safepoint "Cleanup", Time since last: 2000186557 ns, Reaching safepoint: 59501 ns, At safepoint: 7000 ns, Total: 66501 ns
[422.408s][info ][safepoint      ] Safepoint "Cleanup", Time since last: 1000123081 ns, Reaching safepoint: 49901 ns, At safepoint: 11100 ns, Total: 61001 ns
[423.408s][info ][safepoint      ] Safepoint "Cleanup", Time since last: 1000115081 ns, Reaching safepoint: 55601 ns, At safepoint: 11700 ns, Total: 67301 ns
[426.409s][info ][safepoint      ] Safepoint "Cleanup", Time since last: 3000237850 ns, Reaching safepoint: 48801 ns, At safepoint: 3100 ns, Total: 51901 ns
[427.409s][info ][safepoint      ] Safepoint "Cleanup", Time since last: 1000126286 ns, Reaching safepoint: 55201 ns, At safepoint: 7400 ns, Total: 62601 ns
[428.409s][info ][safepoint      ] Safepoint "Cleanup", Time since last: 1000102186 ns, Reaching safepoint: 59901 ns, At safepoint: 5900 ns, Total: 65801 ns
[429.409s][info ][safepoint      ] Safepoint "Cleanup", Time since last: 1000114888 ns, Reaching safepoint: 53001 ns, At safepoint: 4100 ns, Total: 57101 ns
[430.409s][info ][safepoint      ] Safepoint "Cleanup", Time since last: 1000108789 ns, Reaching safepoint: 54301 ns, At safepoint: 10900 ns, Total: 65201 ns
[431.004s][info ][gc,start       ] GC(89) Pause Young (Allocation Failure)
[431.010s][debug][gc,phases      ] GC(89) Scavenge 5.942ms
[431.010s][debug][gc,ref         ] GC(89) Skipped phase 1 of Reference Processing: no references
[431.010s][debug][gc,ref         ] GC(89) Skipped phase 3 of Reference Processing: no references
[431.010s][debug][gc,phases      ] GC(89) Reference Processing 0.027ms
[431.011s][debug][gc,phases      ] GC(89) Weak Processing 0.529ms
[431.011s][debug][gc,age         ] GC(89) Desired survivor size 40894464 bytes, new threshold 15 (max threshold 15)
[431.011s][info ][gc,heap        ] GC(89) PSYoungGen: 2020336K(2055168K)->8704K(2053120K) Eden: 2011136K(2011136K)->0K(2011136K) From: 9200K(44032K)->8704K(41984K)
[431.011s][info ][gc,heap        ] GC(89) ParOldGen: 407060K(422400K)->407612K(422400K)
[431.011s][info ][gc,metaspace   ] GC(89) Metaspace: 80107K(80832K)->80107K(80832K) NonClass: 69212K(69568K)->69212K(69568K) Class: 10894K(11264K)->10894K(11264K)
[431.011s][info ][gc             ] GC(89) Pause Young (Allocation Failure) 2370M->406M(2417M) 6.638ms
[431.011s][info ][gc,cpu         ] GC(89) User=0.02s Sys=0.01s Real=0.00s
[431.011s][info ][safepoint      ] Safepoint "ParallelGCFailedAllocation", Time since last: 594742673 ns, Reaching safepoint: 47201 ns, At safepoint: 6727401 ns, Total: 6774602 ns
[432.011s][info ][safepoint      ] Safepoint "Cleanup", Time since last: 1000092491 ns, Reaching safepoint: 54300 ns, At safepoint: 3800 ns, Total: 58100 ns
[436.012s][info ][safepoint      ] Safepoint "Cleanup", Time since last: 4000311671 ns, Reaching safepoint: 52200 ns, At safepoint: 9201 ns, Total: 61401 ns
[438.012s][info ][safepoint      ] Safepoint "Cleanup", Time since last: 2000176491 ns, Reaching safepoint: 57001 ns, At safepoint: 5400 ns, Total: 62401 ns
[439.012s][info ][safepoint      ] Safepoint "Cleanup", Time since last: 1000111298 ns, Reaching safepoint: 50100 ns, At safepoint: 3100 ns, Total: 53200 ns
[440.012s][info ][safepoint      ] Safepoint "Cleanup", Time since last: 1000122599 ns, Reaching safepoint: 52101 ns, At safepoint: 5100 ns, Total: 57201 ns
[441.012s][info ][safepoint      ] Safepoint "Cleanup", Time since last: 1000120600 ns, Reaching safepoint: 81401 ns, At safepoint: 12400 ns, Total: 93801 ns
[443.013s][info ][safepoint      ] Safepoint "Cleanup", Time since last: 2000157502 ns, Reaching safepoint: 33700 ns, At safepoint: 3700 ns, Total: 37400 ns
[444.013s][info ][safepoint      ] Safepoint "Cleanup", Time since last: 1000109303 ns, Reaching safepoint: 51501 ns, At safepoint: 10800 ns, Total: 62301 ns
[445.013s][info ][safepoint      ] Safepoint "Cleanup", Time since last: 1000114004 ns, Reaching safepoint: 63401 ns, At safepoint: 11600 ns, Total: 75001 ns
[448.013s][info ][safepoint      ] Safepoint "Cleanup", Time since last: 3000246615 ns, Reaching safepoint: 51201 ns, At safepoint: 3900 ns, Total: 55101 ns
[449.013s][info ][safepoint      ] Safepoint "Cleanup", Time since last: 1000108108 ns, Reaching safepoint: 67601 ns, At safepoint: 7800 ns, Total: 75401 ns
[450.014s][info ][safepoint      ] Safepoint "Cleanup", Time since last: 1000117609 ns, Reaching safepoint: 66301 ns, At safepoint: 12700 ns, Total: 79001 ns
[451.014s][info ][safepoint      ] Safepoint "Cleanup", Time since last: 1000116510 ns, Reaching safepoint: 58201 ns, At safepoint: 4200 ns, Total: 62401 ns
[452.014s][info ][safepoint      ] Safepoint "Cleanup", Time since last: 1000111210 ns, Reaching safepoint: 77202 ns, At safepoint: 5600 ns, Total: 82802 ns
[454.014s][info ][safepoint      ] Safepoint "Cleanup", Time since last: 2000188423 ns, Reaching safepoint: 52201 ns, At safepoint: 4900 ns, Total: 57101 ns
[455.699s][info ][safepoint      ] Safepoint "Cleanup", Time since last: 1685107366 ns, Reaching safepoint: 136202 ns, At safepoint: 11600 ns, Total: 147802 ns
[456.700s][info ][safepoint      ] Safepoint "Cleanup", Time since last: 1000174517 ns, Reaching safepoint: 141502 ns, At safepoint: 11400 ns, Total: 152902 ns
[457.700s][info ][safepoint      ] Safepoint "Cleanup", Time since last: 1000133616 ns, Reaching safepoint: 132602 ns, At safepoint: 8401 ns, Total: 141003 ns
[458.700s][info ][safepoint      ] Safepoint "Cleanup", Time since last: 1000114517 ns, Reaching safepoint: 123502 ns, At safepoint: 7200 ns, Total: 130702 ns
[460.701s][info ][safepoint      ] Safepoint "Cleanup", Time since last: 2000149436 ns, Reaching safepoint: 122102 ns, At safepoint: 6400 ns, Total: 128502 ns
[461.701s][info ][safepoint      ] Safepoint "Cleanup", Time since last: 1000161421 ns, Reaching safepoint: 101001 ns, At safepoint: 10001 ns, Total: 111002 ns
[462.701s][info ][safepoint      ] Safepoint "Cleanup", Time since last: 1000078220 ns, Reaching safepoint: 117702 ns, At safepoint: 6200 ns, Total: 123902 ns
[463.701s][info ][safepoint      ] Safepoint "Cleanup", Time since last: 1000106022 ns, Reaching safepoint: 115202 ns, At safepoint: 8000 ns, Total: 123202 ns
[464.701s][info ][safepoint      ] Safepoint "Cleanup", Time since last: 1000108323 ns, Reaching safepoint: 109301 ns, At safepoint: 8201 ns, Total: 117502 ns
[465.702s][info ][safepoint      ] Safepoint "Cleanup", Time since last: 1000119124 ns, Reaching safepoint: 126702 ns, At safepoint: 11400 ns, Total: 138102 ns
[466.702s][info ][safepoint      ] Safepoint "Cleanup", Time since last: 1000111725 ns, Reaching safepoint: 115502 ns, At safepoint: 11200 ns, Total: 126702 ns
[467.059s][info ][gc,start       ] GC(90) Pause Young (Allocation Failure)
[467.065s][debug][gc,phases      ] GC(90) Scavenge 6.477ms
[467.065s][debug][gc,ref         ] GC(90) Skipped phase 1 of Reference Processing: no references
[467.065s][debug][gc,ref         ] GC(90) Skipped phase 3 of Reference Processing: no references
[467.065s][debug][gc,phases      ] GC(90) Reference Processing 0.036ms
[467.066s][debug][gc,phases      ] GC(90) Weak Processing 0.586ms
[467.066s][debug][gc,age         ] GC(90) Desired survivor size 39321600 bytes, new threshold 15 (max threshold 15)
[467.066s][info ][gc,heap        ] GC(90) PSYoungGen: 2019840K(2053120K)->7440K(2058752K) Eden: 2011136K(2011136K)->0K(2018816K) From: 8704K(41984K)->7440K(39936K)
[467.066s][info ][gc,heap        ] GC(90) ParOldGen: 407612K(422400K)->408740K(422400K)
[467.066s][info ][gc,metaspace   ] GC(90) Metaspace: 80172K(80896K)->80172K(80896K) NonClass: 69265K(69632K)->69265K(69632K) Class: 10906K(11264K)->10906K(11264K)
[467.066s][info ][gc             ] GC(90) Pause Young (Allocation Failure) 2370M->406M(2423M) 7.260ms
[467.066s][info ][gc,cpu         ] GC(90) User=0.02s Sys=0.01s Real=0.01s
[467.066s][info ][safepoint      ] Safepoint "ParallelGCFailedAllocation", Time since last: 356460391 ns, Reaching safepoint: 46800 ns, At safepoint: 7353512 ns, Total: 7400312 ns
[468.066s][info ][safepoint      ] Safepoint "Cleanup", Time since last: 1000089226 ns, Reaching safepoint: 47300 ns, At safepoint: 4800 ns, Total: 52100 ns
[469.066s][info ][safepoint      ] Safepoint "Cleanup", Time since last: 1000109228 ns, Reaching safepoint: 60800 ns, At safepoint: 3301 ns, Total: 64101 ns
[471.066s][info ][safepoint      ] Safepoint "Cleanup", Time since last: 2000186256 ns, Reaching safepoint: 57801 ns, At safepoint: 14800 ns, Total: 72601 ns
[472.067s][info ][safepoint      ] Safepoint "Cleanup", Time since last: 1000118431 ns, Reaching safepoint: 55200 ns, At safepoint: 3900 ns, Total: 59100 ns
[473.067s][info ][safepoint      ] Safepoint "Cleanup", Time since last: 1000120732 ns, Reaching safepoint: 56900 ns, At safepoint: 5501 ns, Total: 62401 ns
[474.067s][info ][safepoint      ] Safepoint "Cleanup", Time since last: 1000119132 ns, Reaching safepoint: 84301 ns, At safepoint: 7300 ns, Total: 91601 ns
[475.067s][info ][safepoint      ] Safepoint "Cleanup", Time since last: 1000112533 ns, Reaching safepoint: 66401 ns, At safepoint: 9600 ns, Total: 76001 ns
[476.067s][info ][safepoint      ] Safepoint "Cleanup", Time since last: 1000137534 ns, Reaching safepoint: 98902 ns, At safepoint: 8400 ns, Total: 107302 ns
[477.068s][info ][safepoint      ] Safepoint "Cleanup", Time since last: 1000117235 ns, Reaching safepoint: 67201 ns, At safepoint: 11900 ns, Total: 79101 ns
[478.068s][info ][safepoint      ] Safepoint "Cleanup", Time since last: 1000151936 ns, Reaching safepoint: 70402 ns, At safepoint: 11500 ns, Total: 81902 ns
[480.068s][info ][safepoint      ] Safepoint "Cleanup", Time since last: 2000199574 ns, Reaching safepoint: 63601 ns, At safepoint: 12100 ns, Total: 75701 ns
[481.068s][info ][safepoint      ] Safepoint "Cleanup", Time since last: 1000115138 ns, Reaching safepoint: 69801 ns, At safepoint: 8001 ns, Total: 77802 ns
[482.069s][info ][safepoint      ] Safepoint "Cleanup", Time since last: 1000114539 ns, Reaching safepoint: 84301 ns, At safepoint: 10901 ns, Total: 95202 ns
[483.069s][info ][safepoint      ] Safepoint "Cleanup", Time since last: 1000112940 ns, Reaching safepoint: 97202 ns, At safepoint: 10900 ns, Total: 108102 ns
[484.069s][info ][safepoint      ] Safepoint "Cleanup", Time since last: 1000107241 ns, Reaching safepoint: 56501 ns, At safepoint: 8800 ns, Total: 65301 ns
[485.069s][info ][safepoint      ] Safepoint "Cleanup", Time since last: 1000123242 ns, Reaching safepoint: 62001 ns, At safepoint: 8000 ns, Total: 70001 ns
[486.069s][info ][safepoint      ] Safepoint "Cleanup", Time since last: 1000109544 ns, Reaching safepoint: 54700 ns, At safepoint: 5101 ns, Total: 59801 ns
[487.069s][info ][safepoint      ] Safepoint "Cleanup", Time since last: 1000111944 ns, Reaching safepoint: 61501 ns, At safepoint: 6500 ns, Total: 68001 ns
[488.070s][info ][safepoint      ] Safepoint "Cleanup", Time since last: 1000106945 ns, Reaching safepoint: 59901 ns, At safepoint: 9600 ns, Total: 69501 ns
[489.070s][info ][safepoint      ] Safepoint "Cleanup", Time since last: 1000119746 ns, Reaching safepoint: 61201 ns, At safepoint: 4900 ns, Total: 66101 ns
[490.070s][info ][safepoint      ] Safepoint "Cleanup", Time since last: 1000113347 ns, Reaching safepoint: 61101 ns, At safepoint: 6600 ns, Total: 67701 ns
[491.070s][info ][safepoint      ] Safepoint "Cleanup", Time since last: 1000109848 ns, Reaching safepoint: 67601 ns, At safepoint: 9500 ns, Total: 77101 ns
[494.071s][info ][safepoint      ] Safepoint "Cleanup", Time since last: 3000246247 ns, Reaching safepoint: 54001 ns, At safepoint: 4400 ns, Total: 58401 ns
[495.071s][info ][safepoint      ] Safepoint "Cleanup", Time since last: 1000110752 ns, Reaching safepoint: 55900 ns, At safepoint: 15101 ns, Total: 71001 ns
[496.071s][info ][safepoint      ] Safepoint "Cleanup", Time since last: 1000125352 ns, Reaching safepoint: 58501 ns, At safepoint: 3800 ns, Total: 62301 ns
[497.071s][info ][safepoint      ] Safepoint "Cleanup", Time since last: 1000090353 ns, Reaching safepoint: 48901 ns, At safepoint: 7700 ns, Total: 56601 ns
[498.071s][info ][safepoint      ] Safepoint "Cleanup", Time since last: 1000098054 ns, Reaching safepoint: 64701 ns, At safepoint: 6500 ns, Total: 71201 ns
[499.071s][info ][safepoint      ] Safepoint "Cleanup", Time since last: 1000125055 ns, Reaching safepoint: 58601 ns, At safepoint: 7100 ns, Total: 65701 ns
[501.111s][info ][gc,start       ] GC(91) Pause Young (Allocation Failure)
[501.118s][debug][gc,phases      ] GC(91) Scavenge 6.970ms
[501.118s][debug][gc,ref         ] GC(91) Skipped phase 1 of Reference Processing: no references
[501.118s][debug][gc,ref         ] GC(91) Skipped phase 3 of Reference Processing: no references
[501.118s][debug][gc,phases      ] GC(91) Reference Processing 0.034ms
[501.118s][debug][gc,phases      ] GC(91) Weak Processing 0.583ms
[501.118s][debug][gc,age         ] GC(91) Desired survivor size 37748736 bytes, new threshold 15 (max threshold 15)
[501.118s][info ][gc,heap        ] GC(91) PSYoungGen: 2026256K(2058752K)->7104K(2057216K) Eden: 2018816K(2018816K)->0K(2018816K) From: 7440K(39936K)->7104K(38400K)
[501.118s][info ][gc,heap        ] GC(91) ParOldGen: 408740K(422400K)->409436K(422400K)
[501.118s][info ][gc,metaspace   ] GC(91) Metaspace: 80216K(80896K)->80216K(80896K) NonClass: 69308K(69632K)->69308K(69632K) Class: 10908K(11264K)->10908K(11264K)
[501.118s][info ][gc             ] GC(91) Pause Young (Allocation Failure) 2377M->406M(2421M) 7.739ms
[501.118s][info ][gc,cpu         ] GC(91) User=0.02s Sys=0.00s Real=0.01s
[501.118s][info ][safepoint      ] Safepoint "ParallelGCFailedAllocation", Time since last: 2039229804 ns, Reaching safepoint: 34501 ns, At safepoint: 7850119 ns, Total: 7884620 ns
[502.119s][info ][safepoint      ] Safepoint "Cleanup", Time since last: 1000123658 ns, Reaching safepoint: 65201 ns, At safepoint: 5000 ns, Total: 70201 ns
[503.119s][info ][safepoint      ] Safepoint "Cleanup", Time since last: 1000141559 ns, Reaching safepoint: 129502 ns, At safepoint: 14400 ns, Total: 143902 ns
[504.119s][info ][safepoint      ] Safepoint "Cleanup", Time since last: 1000065959 ns, Reaching safepoint: 53001 ns, At safepoint: 4300 ns, Total: 57301 ns
[505.119s][info ][safepoint      ] Safepoint "Cleanup", Time since last: 1000094260 ns, Reaching safepoint: 71601 ns, At safepoint: 10200 ns, Total: 81801 ns
[506.119s][info ][safepoint      ] Safepoint "Cleanup", Time since last: 1000114762 ns, Reaching safepoint: 60201 ns, At safepoint: 11700 ns, Total: 71901 ns
[507.120s][info ][safepoint      ] Safepoint "Cleanup", Time since last: 1000110462 ns, Reaching safepoint: 56101 ns, At safepoint: 4100 ns, Total: 60201 ns
[508.120s][info ][safepoint      ] Safepoint "Cleanup", Time since last: 1000136864 ns, Reaching safepoint: 55701 ns, At safepoint: 3200 ns, Total: 58901 ns
[510.120s][info ][safepoint      ] Safepoint "Cleanup", Time since last: 2000162628 ns, Reaching safepoint: 69301 ns, At safepoint: 8500 ns, Total: 77801 ns
[513.120s][info ][safepoint      ] Safepoint "Cleanup", Time since last: 3000243599 ns, Reaching safepoint: 51600 ns, At safepoint: 10000 ns, Total: 61600 ns
[515.121s][info ][safepoint      ] Safepoint "Cleanup", Time since last: 2000178338 ns, Reaching safepoint: 59100 ns, At safepoint: 13401 ns, Total: 72501 ns
[518.121s][info ][safepoint      ] Safepoint "Cleanup", Time since last: 3000248111 ns, Reaching safepoint: 56401 ns, At safepoint: 7000 ns, Total: 63401 ns
[520.121s][info ][safepoint      ] Safepoint "Cleanup", Time since last: 2000173046 ns, Reaching safepoint: 62701 ns, At safepoint: 11200 ns, Total: 73901 ns
[521.121s][info ][safepoint      ] Safepoint "Cleanup", Time since last: 1000120275 ns, Reaching safepoint: 56401 ns, At safepoint: 9900 ns, Total: 66301 ns
[522.122s][info ][safepoint      ] Safepoint "Cleanup", Time since last: 1000119975 ns, Reaching safepoint: 56401 ns, At safepoint: 4300 ns, Total: 60701 ns
[523.122s][info ][safepoint      ] Safepoint "Cleanup", Time since last: 1000114477 ns, Reaching safepoint: 62401 ns, At safepoint: 9300 ns, Total: 71701 ns
[524.122s][info ][safepoint      ] Safepoint "Cleanup", Time since last: 1000112977 ns, Reaching safepoint: 80701 ns, At safepoint: 9800 ns, Total: 90501 ns
[526.122s][info ][safepoint      ] Safepoint "Cleanup", Time since last: 2000181456 ns, Reaching safepoint: 51201 ns, At safepoint: 8900 ns, Total: 60101 ns
[527.122s][info ][safepoint      ] Safepoint "Cleanup", Time since last: 1000109880 ns, Reaching safepoint: 50901 ns, At safepoint: 3800 ns, Total: 54701 ns
[529.123s][info ][safepoint      ] Safepoint "Cleanup", Time since last: 2000158561 ns, Reaching safepoint: 51800 ns, At safepoint: 9001 ns, Total: 60801 ns
[530.123s][info ][safepoint      ] Safepoint "Cleanup", Time since last: 1000118082 ns, Reaching safepoint: 68301 ns, At safepoint: 11900 ns, Total: 80201 ns
[531.123s][info ][safepoint      ] Safepoint "Cleanup", Time since last: 1000123583 ns, Reaching safepoint: 101702 ns, At safepoint: 13600 ns, Total: 115302 ns
[532.123s][info ][safepoint      ] Safepoint "Cleanup", Time since last: 1000110884 ns, Reaching safepoint: 66001 ns, At safepoint: 6000 ns, Total: 72001 ns
[533.123s][info ][safepoint      ] Safepoint "Cleanup", Time since last: 1000116785 ns, Reaching safepoint: 85101 ns, At safepoint: 9100 ns, Total: 94201 ns
[534.124s][info ][safepoint      ] Safepoint "Cleanup", Time since last: 1000113886 ns, Reaching safepoint: 59501 ns, At safepoint: 12300 ns, Total: 71801 ns
[535.124s][info ][safepoint      ] Safepoint "Cleanup", Time since last: 1000133787 ns, Reaching safepoint: 79001 ns, At safepoint: 8600 ns, Total: 87601 ns
[535.663s][info ][gc,start       ] GC(92) Pause Young (Allocation Failure)
[535.670s][debug][gc,phases      ] GC(92) Scavenge 6.470ms
[535.670s][debug][gc,ref         ] GC(92) Skipped phase 1 of Reference Processing: no references
[535.670s][debug][gc,ref         ] GC(92) Skipped phase 3 of Reference Processing: no references
[535.670s][debug][gc,phases      ] GC(92) Reference Processing 0.032ms
[535.670s][debug][gc,phases      ] GC(92) Weak Processing 0.679ms
[535.670s][debug][gc,age         ] GC(92) Desired survivor size 36175872 bytes, new threshold 15 (max threshold 15)
[535.670s][info ][gc,heap        ] GC(92) PSYoungGen: 2025920K(2057216K)->5888K(2061824K) Eden: 2018816K(2018816K)->0K(2024960K) From: 7104K(38400K)->5888K(36864K)
[535.670s][info ][gc,heap        ] GC(92) ParOldGen: 409436K(422400K)->410364K(422400K)
[535.670s][info ][gc,metaspace   ] GC(92) Metaspace: 80244K(80960K)->80244K(80960K) NonClass: 69334K(69696K)->69334K(69696K) Class: 10910K(11264K)->10910K(11264K)
[535.670s][info ][gc             ] GC(92) Pause Young (Allocation Failure) 2378M->406M(2426M) 7.339ms
[535.670s][info ][gc,cpu         ] GC(92) User=0.03s Sys=0.00s Real=0.01s
[535.670s][info ][safepoint      ] Safepoint "ParallelGCFailedAllocation", Time since last: 539182388 ns, Reaching safepoint: 72101 ns, At safepoint: 7426413 ns, Total: 7498514 ns
[536.671s][info ][safepoint      ] Safepoint "Cleanup", Time since last: 1000092887 ns, Reaching safepoint: 50701 ns, At safepoint: 4000 ns, Total: 54701 ns
[537.671s][info ][safepoint      ] Safepoint "Cleanup", Time since last: 1000109289 ns, Reaching safepoint: 87101 ns, At safepoint: 9500 ns, Total: 96601 ns
[538.671s][info ][safepoint      ] Safepoint "Cleanup", Time since last: 1000107390 ns, Reaching safepoint: 55800 ns, At safepoint: 11501 ns, Total: 67301 ns
[539.671s][info ][safepoint      ] Safepoint "Cleanup", Time since last: 1000117890 ns, Reaching safepoint: 80801 ns, At safepoint: 9500 ns, Total: 90301 ns
[540.671s][info ][safepoint      ] Safepoint "Cleanup", Time since last: 1000168892 ns, Reaching safepoint: 67901 ns, At safepoint: 8700 ns, Total: 76601 ns
[542.672s][info ][safepoint      ] Safepoint "Cleanup", Time since last: 2000189284 ns, Reaching safepoint: 91702 ns, At safepoint: 10300 ns, Total: 102002 ns
[543.672s][info ][safepoint      ] Safepoint "Cleanup", Time since last: 1000115294 ns, Reaching safepoint: 50300 ns, At safepoint: 5301 ns, Total: 55601 ns
[544.672s][info ][safepoint      ] Safepoint "Cleanup", Time since last: 1000109594 ns, Reaching safepoint: 74401 ns, At safepoint: 7700 ns, Total: 82101 ns
[545.672s][info ][safepoint      ] Safepoint "Cleanup", Time since last: 1000114095 ns, Reaching safepoint: 49701 ns, At safepoint: 7600 ns, Total: 57301 ns
[546.672s][info ][safepoint      ] Safepoint "Cleanup", Time since last: 1000114996 ns, Reaching safepoint: 59101 ns, At safepoint: 11800 ns, Total: 70901 ns
[547.673s][info ][safepoint      ] Safepoint "Cleanup", Time since last: 1000116397 ns, Reaching safepoint: 62401 ns, At safepoint: 10200 ns, Total: 72601 ns
[548.673s][info ][safepoint      ] Safepoint "Cleanup", Time since last: 1000111698 ns, Reaching safepoint: 134402 ns, At safepoint: 13400 ns, Total: 147802 ns
[549.673s][info ][safepoint      ] Safepoint "Cleanup", Time since last: 1000090499 ns, Reaching safepoint: 60700 ns, At safepoint: 6301 ns, Total: 67001 ns
[551.673s][info ][safepoint      ] Safepoint "Cleanup", Time since last: 2000191699 ns, Reaching safepoint: 74401 ns, At safepoint: 4500 ns, Total: 78901 ns
[552.674s][info ][safepoint      ] Safepoint "Cleanup", Time since last: 1000120301 ns, Reaching safepoint: 52501 ns, At safepoint: 3400 ns, Total: 55901 ns
[553.674s][info ][safepoint      ] Safepoint "Cleanup", Time since last: 1000112901 ns, Reaching safepoint: 50001 ns, At safepoint: 5700 ns, Total: 55701 ns
[554.674s][info ][safepoint      ] Safepoint "Cleanup", Time since last: 1000134403 ns, Reaching safepoint: 64201 ns, At safepoint: 12000 ns, Total: 76201 ns
[555.674s][info ][safepoint      ] Safepoint "Cleanup", Time since last: 1000104604 ns, Reaching safepoint: 94901 ns, At safepoint: 12600 ns, Total: 107501 ns
[556.674s][info ][safepoint      ] Safepoint "Cleanup", Time since last: 1000127505 ns, Reaching safepoint: 60401 ns, At safepoint: 4900 ns, Total: 65301 ns
[557.674s][info ][safepoint      ] Safepoint "Cleanup", Time since last: 1000078104 ns, Reaching safepoint: 62801 ns, At safepoint: 5400 ns, Total: 68201 ns
[558.675s][info ][safepoint      ] Safepoint "Cleanup", Time since last: 1000108706 ns, Reaching safepoint: 57101 ns, At safepoint: 6500 ns, Total: 63601 ns
[559.675s][info ][safepoint      ] Safepoint "Cleanup", Time since last: 1000120207 ns, Reaching safepoint: 64600 ns, At safepoint: 9201 ns, Total: 73801 ns
[560.675s][info ][safepoint      ] Safepoint "Cleanup", Time since last: 1000088607 ns, Reaching safepoint: 121802 ns, At safepoint: 6800 ns, Total: 128602 ns
[561.675s][info ][safepoint      ] Safepoint "Cleanup", Time since last: 1000129308 ns, Reaching safepoint: 78001 ns, At safepoint: 7800 ns, Total: 85801 ns
[562.675s][info ][safepoint      ] Safepoint "Cleanup", Time since last: 1000127110 ns, Reaching safepoint: 71701 ns, At safepoint: 5400 ns, Total: 77101 ns
[563.676s][info ][safepoint      ] Safepoint "Cleanup", Time since last: 1000124910 ns, Reaching safepoint: 69101 ns, At safepoint: 8800 ns, Total: 77901 ns
[564.676s][info ][safepoint      ] Safepoint "Cleanup", Time since last: 1000127211 ns, Reaching safepoint: 46000 ns, At safepoint: 5200 ns, Total: 51200 ns
[565.676s][info ][safepoint      ] Safepoint "Cleanup", Time since last: 1000099312 ns, Reaching safepoint: 50400 ns, At safepoint: 3700 ns, Total: 54100 ns
[566.676s][info ][safepoint      ] Safepoint "Cleanup", Time since last: 1000110813 ns, Reaching safepoint: 54500 ns, At safepoint: 6701 ns, Total: 61201 ns
[567.676s][info ][safepoint      ] Safepoint "Cleanup", Time since last: 1000117413 ns, Reaching safepoint: 50500 ns, At safepoint: 4300 ns, Total: 54800 ns
[568.677s][info ][safepoint      ] Safepoint "Cleanup", Time since last: 1000111114 ns, Reaching safepoint: 52201 ns, At safepoint: 30500 ns, Total: 82701 ns
[569.677s][info ][safepoint      ] Safepoint "Cleanup", Time since last: 1000105415 ns, Reaching safepoint: 58301 ns, At safepoint: 3600 ns, Total: 61901 ns
[570.704s][info ][gc,start       ] GC(93) Pause Young (Allocation Failure)
[570.709s][debug][gc,phases      ] GC(93) Scavenge 4.601ms
[570.709s][debug][gc,ref         ] GC(93) Skipped phase 1 of Reference Processing: no references
[570.709s][debug][gc,ref         ] GC(93) Skipped phase 3 of Reference Processing: no references
[570.709s][debug][gc,phases      ] GC(93) Reference Processing 0.032ms
[570.710s][debug][gc,phases      ] GC(93) Weak Processing 0.582ms
[570.710s][debug][gc,age         ] GC(93) Desired survivor size 35127296 bytes, new threshold 15 (max threshold 15)
[570.710s][info ][gc,heap        ] GC(93) PSYoungGen: 2030848K(2061824K)->4528K(2060288K) Eden: 2024960K(2024960K)->0K(2024960K) From: 5888K(36864K)->4528K(35328K)
[570.710s][info ][gc,heap        ] GC(93) ParOldGen: 410364K(422400K)->412092K(422400K)
[570.710s][info ][gc,metaspace   ] GC(93) Metaspace: 80333K(81024K)->80333K(81024K) NonClass: 69411K(69760K)->69411K(69760K) Class: 10922K(11264K)->10922K(11264K)
[570.710s][info ][gc             ] GC(93) Pause Young (Allocation Failure) 2383M->406M(2424M) 5.352ms
[570.710s][info ][gc,cpu         ] GC(93) User=0.02s Sys=0.00s Real=0.00s
[570.710s][info ][safepoint      ] Safepoint "ParallelGCFailedAllocation", Time since last: 1027444231 ns, Reaching safepoint: 101901 ns, At safepoint: 5441283 ns, Total: 5543184 ns
[571.710s][info ][safepoint      ] Safepoint "Cleanup", Time since last: 1000089316 ns, Reaching safepoint: 56401 ns, At safepoint: 9200 ns, Total: 65601 ns
[572.884s][info ][safepoint      ] Safepoint "Cleanup", Time since last: 1173708658 ns, Reaching safepoint: 69601 ns, At safepoint: 7100 ns, Total: 76701 ns
[574.884s][info ][safepoint      ] Safepoint "Cleanup", Time since last: 2000224637 ns, Reaching safepoint: 73801 ns, At safepoint: 14700 ns, Total: 88501 ns
[575.884s][info ][safepoint      ] Safepoint "Cleanup", Time since last: 1000128020 ns, Reaching safepoint: 70301 ns, At safepoint: 8400 ns, Total: 78701 ns
[576.884s][info ][safepoint      ] Safepoint "Cleanup", Time since last: 1000078119 ns, Reaching safepoint: 58701 ns, At safepoint: 9101 ns, Total: 67802 ns
[577.884s][info ][safepoint      ] Safepoint "Cleanup", Time since last: 1000110120 ns, Reaching safepoint: 58401 ns, At safepoint: 3900 ns, Total: 62301 ns
[578.885s][info ][safepoint      ] Safepoint "Cleanup", Time since last: 1000108022 ns, Reaching safepoint: 68501 ns, At safepoint: 13200 ns, Total: 81701 ns
[579.885s][info ][safepoint      ] Safepoint "Cleanup", Time since last: 1000109123 ns, Reaching safepoint: 51300 ns, At safepoint: 8001 ns, Total: 59301 ns
[580.885s][info ][safepoint      ] Safepoint "Cleanup", Time since last: 1000127023 ns, Reaching safepoint: 66401 ns, At safepoint: 6700 ns, Total: 73101 ns
[582.885s][info ][safepoint      ] Safepoint "Cleanup", Time since last: 2000154748 ns, Reaching safepoint: 51601 ns, At safepoint: 10600 ns, Total: 62201 ns
[583.885s][info ][safepoint      ] Safepoint "Cleanup", Time since last: 1000119825 ns, Reaching safepoint: 69101 ns, At safepoint: 11201 ns, Total: 80302 ns
[584.886s][info ][safepoint      ] Safepoint "Cleanup", Time since last: 1000134826 ns, Reaching safepoint: 78201 ns, At safepoint: 15801 ns, Total: 94002 ns
[585.886s][info ][safepoint      ] Safepoint "Cleanup", Time since last: 1000076126 ns, Reaching safepoint: 56201 ns, At safepoint: 3700 ns, Total: 59901 ns
[586.886s][info ][safepoint      ] Safepoint "Cleanup", Time since last: 1000083027 ns, Reaching safepoint: 52101 ns, At safepoint: 5100 ns, Total: 57201 ns
[587.886s][info ][safepoint      ] Safepoint "Cleanup", Time since last: 1000079328 ns, Reaching safepoint: 51601 ns, At safepoint: 4800 ns, Total: 56401 ns
[588.886s][info ][safepoint      ] Safepoint "Cleanup", Time since last: 1000113530 ns, Reaching safepoint: 66801 ns, At safepoint: 8100 ns, Total: 74901 ns
[589.886s][info ][safepoint      ] Safepoint "Cleanup", Time since last: 1000123330 ns, Reaching safepoint: 68501 ns, At safepoint: 13100 ns, Total: 81601 ns
[590.887s][info ][safepoint      ] Safepoint "Cleanup", Time since last: 1000115631 ns, Reaching safepoint: 55101 ns, At safepoint: 5200 ns, Total: 60301 ns
[591.887s][info ][safepoint      ] Safepoint "Cleanup", Time since last: 1000127632 ns, Reaching safepoint: 58301 ns, At safepoint: 5700 ns, Total: 64001 ns
[592.887s][info ][safepoint      ] Safepoint "Cleanup", Time since last: 1000113632 ns, Reaching safepoint: 65601 ns, At safepoint: 6900 ns, Total: 72501 ns
[593.887s][info ][safepoint      ] Safepoint "Cleanup", Time since last: 1000113833 ns, Reaching safepoint: 53801 ns, At safepoint: 8700 ns, Total: 62501 ns
[594.887s][info ][safepoint      ] Safepoint "Cleanup", Time since last: 1000117634 ns, Reaching safepoint: 68201 ns, At safepoint: 8800 ns, Total: 77001 ns
[595.888s][info ][safepoint      ] Safepoint "Cleanup", Time since last: 1000126635 ns, Reaching safepoint: 82101 ns, At safepoint: 7400 ns, Total: 89501 ns
[597.405s][info ][safepoint      ] Safepoint "Cleanup", Time since last: 1516775207 ns, Reaching safepoint: 138502 ns, At safepoint: 11300 ns, Total: 149802 ns
[599.405s][info ][safepoint      ] Safepoint "Cleanup", Time since last: 2000144972 ns, Reaching safepoint: 67002 ns, At safepoint: 5100 ns, Total: 72102 ns
[601.405s][info ][safepoint      ] Safepoint "Cleanup", Time since last: 2000147275 ns, Reaching safepoint: 52001 ns, At safepoint: 3200 ns, Total: 55201 ns
[602.405s][info ][safepoint      ] Safepoint "Cleanup", Time since last: 1000112939 ns, Reaching safepoint: 120102 ns, At safepoint: 9000 ns, Total: 129102 ns
[603.405s][info ][safepoint      ] Safepoint "Cleanup", Time since last: 1000078240 ns, Reaching safepoint: 50801 ns, At safepoint: 4500 ns, Total: 55301 ns
[604.405s][info ][safepoint      ] Safepoint "Cleanup", Time since last: 1000099840 ns, Reaching safepoint: 50701 ns, At safepoint: 3800 ns, Total: 54501 ns
[604.598s][info ][gc,start       ] GC(94) Pause Young (Allocation Failure)
[604.602s][debug][gc,phases      ] GC(94) Scavenge 4.608ms
[604.602s][debug][gc,ref         ] GC(94) Skipped phase 1 of Reference Processing: no references
[604.602s][debug][gc,ref         ] GC(94) Skipped phase 3 of Reference Processing: no references
[604.602s][debug][gc,phases      ] GC(94) Reference Processing 0.027ms
[604.603s][debug][gc,phases      ] GC(94) Weak Processing 0.535ms
[604.603s][debug][gc,age         ] GC(94) Desired survivor size 34078720 bytes, new threshold 15 (max threshold 15)
[604.603s][info ][gc,heap        ] GC(94) PSYoungGen: 2029488K(2060288K)->4112K(2063872K) Eden: 2024960K(2024960K)->0K(2029568K) From: 4528K(35328K)->4112K(34304K)
[604.603s][info ][gc,heap        ] GC(94) ParOldGen: 412092K(422400K)->412768K(422400K)
[604.603s][info ][gc,metaspace   ] GC(94) Metaspace: 80395K(81088K)->80395K(81088K) NonClass: 69472K(69824K)->69472K(69824K) Class: 10923K(11264K)->10923K(11264K)
[604.603s][info ][gc             ] GC(94) Pause Young (Allocation Failure) 2384M->407M(2428M) 5.308ms
[604.603s][info ][gc,cpu         ] GC(94) User=0.01s Sys=0.00s Real=0.00s
[604.603s][info ][safepoint      ] Safepoint "ParallelGCFailedAllocation", Time since last: 192109928 ns, Reaching safepoint: 33600 ns, At safepoint: 5386883 ns, Total: 5420483 ns
[605.603s][info ][safepoint      ] Safepoint "Cleanup", Time since last: 1000095741 ns, Reaching safepoint: 57601 ns, At safepoint: 8000 ns, Total: 65601 ns
[606.603s][info ][safepoint      ] Safepoint "Cleanup", Time since last: 1000128843 ns, Reaching safepoint: 143502 ns, At safepoint: 10600 ns, Total: 154102 ns
[607.604s][info ][safepoint      ] Safepoint "Cleanup", Time since last: 1000113443 ns, Reaching safepoint: 82502 ns, At safepoint: 8800 ns, Total: 91302 ns
[608.604s][info ][safepoint      ] Safepoint "Cleanup", Time since last: 1000121944 ns, Reaching safepoint: 131302 ns, At safepoint: 13300 ns, Total: 144602 ns
[609.604s][info ][safepoint      ] Safepoint "Cleanup", Time since last: 1000121245 ns, Reaching safepoint: 63001 ns, At safepoint: 3600 ns, Total: 66601 ns
[610.604s][info ][safepoint      ] Safepoint "Cleanup", Time since last: 1000116345 ns, Reaching safepoint: 65901 ns, At safepoint: 10800 ns, Total: 76701 ns
[611.605s][info ][safepoint      ] Safepoint "Cleanup", Time since last: 1000115047 ns, Reaching safepoint: 127702 ns, At safepoint: 8300 ns, Total: 136002 ns
[612.605s][info ][safepoint      ] Safepoint "Cleanup", Time since last: 1000109847 ns, Reaching safepoint: 59300 ns, At safepoint: 5401 ns, Total: 64701 ns
[613.605s][info ][safepoint      ] Safepoint "Cleanup", Time since last: 1000113147 ns, Reaching safepoint: 37801 ns, At safepoint: 8300 ns, Total: 46101 ns
[614.605s][info ][safepoint      ] Safepoint "Cleanup", Time since last: 1000108348 ns, Reaching safepoint: 51901 ns, At safepoint: 8900 ns, Total: 60801 ns
[615.605s][info ][safepoint      ] Safepoint "Cleanup", Time since last: 1000106249 ns, Reaching safepoint: 51201 ns, At safepoint: 5800 ns, Total: 57001 ns
[616.605s][info ][safepoint      ] Safepoint "Cleanup", Time since last: 1000116150 ns, Reaching safepoint: 54600 ns, At safepoint: 5700 ns, Total: 60300 ns
[617.606s][info ][safepoint      ] Safepoint "Cleanup", Time since last: 1000114451 ns, Reaching safepoint: 121102 ns, At safepoint: 8900 ns, Total: 130002 ns
[618.606s][info ][safepoint      ] Safepoint "Cleanup", Time since last: 1000107851 ns, Reaching safepoint: 51001 ns, At safepoint: 3200 ns, Total: 54201 ns
[619.606s][info ][safepoint      ] Safepoint "Cleanup", Time since last: 1000112452 ns, Reaching safepoint: 47900 ns, At safepoint: 3700 ns, Total: 51600 ns
[620.606s][info ][safepoint      ] Safepoint "Cleanup", Time since last: 1000120953 ns, Reaching safepoint: 52201 ns, At safepoint: 3100 ns, Total: 55301 ns
[621.606s][info ][safepoint      ] Safepoint "Cleanup", Time since last: 1000109453 ns, Reaching safepoint: 37401 ns, At safepoint: 4200 ns, Total: 41601 ns
[622.607s][info ][safepoint      ] Safepoint "Cleanup", Time since last: 1000130154 ns, Reaching safepoint: 65701 ns, At safepoint: 9900 ns, Total: 75601 ns
[624.607s][info ][safepoint      ] Safepoint "Cleanup", Time since last: 2000185310 ns, Reaching safepoint: 58201 ns, At safepoint: 18200 ns, Total: 76401 ns
[625.607s][info ][safepoint      ] Safepoint "Cleanup", Time since last: 1000115256 ns, Reaching safepoint: 67401 ns, At safepoint: 9800 ns, Total: 77201 ns
[626.607s][info ][safepoint      ] Safepoint "Cleanup", Time since last: 1000114857 ns, Reaching safepoint: 75401 ns, At safepoint: 6300 ns, Total: 81701 ns
[627.607s][info ][safepoint      ] Safepoint "Cleanup", Time since last: 1000113758 ns, Reaching safepoint: 42801 ns, At safepoint: 19900 ns, Total: 62701 ns
[628.608s][info ][safepoint      ] Safepoint "Cleanup", Time since last: 1000107558 ns, Reaching safepoint: 56801 ns, At safepoint: 5600 ns, Total: 62401 ns
[629.608s][info ][safepoint      ] Safepoint "Cleanup", Time since last: 1000110859 ns, Reaching safepoint: 84801 ns, At safepoint: 6400 ns, Total: 91201 ns
[630.608s][info ][safepoint      ] Safepoint "Cleanup", Time since last: 1000096760 ns, Reaching safepoint: 36700 ns, At safepoint: 3200 ns, Total: 39900 ns
[631.608s][info ][safepoint      ] Safepoint "Cleanup", Time since last: 1000119861 ns, Reaching safepoint: 71401 ns, At safepoint: 11700 ns, Total: 83101 ns
[632.608s][info ][safepoint      ] Safepoint "Cleanup", Time since last: 1000112961 ns, Reaching safepoint: 49701 ns, At safepoint: 4300 ns, Total: 54001 ns
[633.608s][info ][safepoint      ] Safepoint "Cleanup", Time since last: 1000083261 ns, Reaching safepoint: 54301 ns, At safepoint: 7000 ns, Total: 61301 ns
[634.609s][info ][safepoint      ] Safepoint "Cleanup", Time since last: 1000110262 ns, Reaching safepoint: 48501 ns, At safepoint: 4000 ns, Total: 52501 ns
[635.609s][info ][safepoint      ] Safepoint "Cleanup", Time since last: 1000088263 ns, Reaching safepoint: 56901 ns, At safepoint: 18000 ns, Total: 74901 ns
[635.797s][info ][gc,start       ] GC(95) Pause Young (Allocation Failure)
[635.802s][debug][gc,phases      ] GC(95) Scavenge 4.257ms
[635.802s][debug][gc,ref         ] GC(95) Skipped phase 1 of Reference Processing: no references
[635.802s][debug][gc,ref         ] GC(95) Skipped phase 3 of Reference Processing: no references
[635.802s][debug][gc,phases      ] GC(95) Reference Processing 0.028ms
[635.802s][debug][gc,phases      ] GC(95) Weak Processing 0.556ms
[635.802s][debug][gc,age         ] GC(95) Desired survivor size 32505856 bytes, new threshold 15 (max threshold 15)
[635.802s][info ][gc,heap        ] GC(95) PSYoungGen: 2033680K(2063872K)->4560K(2062848K) Eden: 2029568K(2029568K)->0K(2029568K) From: 4112K(34304K)->4560K(33280K)
[635.802s][info ][gc,heap        ] GC(95) ParOldGen: 412768K(422400K)->412860K(422400K)
[635.802s][info ][gc,metaspace   ] GC(95) Metaspace: 80431K(81088K)->80431K(81088K) NonClass: 69503K(69824K)->69503K(69824K) Class: 10927K(11264K)->10927K(11264K)
[635.802s][info ][gc             ] GC(95) Pause Young (Allocation Failure) 2389M->407M(2427M) 5.004ms
[635.802s][info ][gc,cpu         ] GC(95) User=0.01s Sys=0.00s Real=0.00s
[635.802s][info ][safepoint      ] Safepoint "ParallelGCFailedAllocation", Time since last: 188363675 ns, Reaching safepoint: 102801 ns, At safepoint: 5086278 ns, Total: 5189079 ns
[636.802s][info ][safepoint      ] Safepoint "Cleanup", Time since last: 1000089363 ns, Reaching safepoint: 57001 ns, At safepoint: 3800 ns, Total: 60801 ns
[637.803s][info ][safepoint      ] Safepoint "Cleanup", Time since last: 1000119565 ns, Reaching safepoint: 137502 ns, At safepoint: 12900 ns, Total: 150402 ns
[638.803s][info ][safepoint      ] Safepoint "Cleanup", Time since last: 1000123666 ns, Reaching safepoint: 138302 ns, At safepoint: 18000 ns, Total: 156302 ns
[639.803s][info ][safepoint      ] Safepoint "Cleanup", Time since last: 1000124266 ns, Reaching safepoint: 62901 ns, At safepoint: 10001 ns, Total: 72902 ns
[640.803s][info ][safepoint      ] Safepoint "Cleanup", Time since last: 1000127166 ns, Reaching safepoint: 131702 ns, At safepoint: 7401 ns, Total: 139103 ns
[641.804s][info ][safepoint      ] Safepoint "Cleanup", Time since last: 1000116667 ns, Reaching safepoint: 81801 ns, At safepoint: 6600 ns, Total: 88401 ns
[642.804s][info ][safepoint      ] Safepoint "Cleanup", Time since last: 1000100068 ns, Reaching safepoint: 151902 ns, At safepoint: 10301 ns, Total: 162203 ns
[643.804s][info ][safepoint      ] Safepoint "Cleanup", Time since last: 1000090768 ns, Reaching safepoint: 117402 ns, At safepoint: 6900 ns, Total: 124302 ns
[644.804s][info ][safepoint      ] Safepoint "Cleanup", Time since last: 1000099369 ns, Reaching safepoint: 53401 ns, At safepoint: 7900 ns, Total: 61301 ns
[645.805s][info ][safepoint      ] Safepoint "Cleanup", Time since last: 1000098270 ns, Reaching safepoint: 145602 ns, At safepoint: 13200 ns, Total: 158802 ns
[646.805s][info ][safepoint      ] Safepoint "Cleanup", Time since last: 1000114971 ns, Reaching safepoint: 55501 ns, At safepoint: 5300 ns, Total: 60801 ns
[647.805s][info ][safepoint      ] Safepoint "Cleanup", Time since last: 1000064771 ns, Reaching safepoint: 52900 ns, At safepoint: 6000 ns, Total: 58900 ns
[648.805s][info ][safepoint      ] Safepoint "Cleanup", Time since last: 1000108372 ns, Reaching safepoint: 57401 ns, At safepoint: 8400 ns, Total: 65801 ns
[649.805s][info ][safepoint      ] Safepoint "Cleanup", Time since last: 1000109473 ns, Reaching safepoint: 57201 ns, At safepoint: 8900 ns, Total: 66101 ns
[650.805s][info ][safepoint      ] Safepoint "Cleanup", Time since last: 1000111174 ns, Reaching safepoint: 137302 ns, At safepoint: 11300 ns, Total: 148602 ns
[651.806s][info ][safepoint      ] Safepoint "Cleanup", Time since last: 1000111074 ns, Reaching safepoint: 58801 ns, At safepoint: 12000 ns, Total: 70801 ns
[652.806s][info ][safepoint      ] Safepoint "Cleanup", Time since last: 1000121775 ns, Reaching safepoint: 75801 ns, At safepoint: 9500 ns, Total: 85301 ns
[653.806s][info ][safepoint      ] Safepoint "Cleanup", Time since last: 1000102875 ns, Reaching safepoint: 47301 ns, At safepoint: 3500 ns, Total: 50801 ns
[654.806s][info ][safepoint      ] Safepoint "Cleanup", Time since last: 1000123477 ns, Reaching safepoint: 57000 ns, At safepoint: 11801 ns, Total: 68801 ns
[655.806s][info ][safepoint      ] Safepoint "Cleanup", Time since last: 1000113376 ns, Reaching safepoint: 48701 ns, At safepoint: 4000 ns, Total: 52701 ns
[656.806s][info ][safepoint      ] Safepoint "Cleanup", Time since last: 1000104077 ns, Reaching safepoint: 50301 ns, At safepoint: 4100 ns, Total: 54401 ns
[658.756s][info ][safepoint      ] Safepoint "Cleanup", Time since last: 1949241678 ns, Reaching safepoint: 92202 ns, At safepoint: 9700 ns, Total: 101902 ns
[659.756s][info ][safepoint      ] Safepoint "Cleanup", Time since last: 1000110479 ns, Reaching safepoint: 45401 ns, At safepoint: 3300 ns, Total: 48701 ns
[660.756s][info ][safepoint      ] Safepoint "Cleanup", Time since last: 1000122180 ns, Reaching safepoint: 47101 ns, At safepoint: 3800 ns, Total: 50901 ns
[662.748s][info ][gc,start       ] GC(96) Pause Young (Allocation Failure)
[662.753s][debug][gc,phases      ] GC(96) Scavenge 5.235ms
[662.753s][debug][gc,ref         ] GC(96) Skipped phase 1 of Reference Processing: no references
[662.753s][debug][gc,ref         ] GC(96) Skipped phase 3 of Reference Processing: no references
[662.753s][debug][gc,phases      ] GC(96) Reference Processing 0.029ms
[662.754s][debug][gc,phases      ] GC(96) Weak Processing 0.540ms
[662.754s][debug][gc,age         ] GC(96) Desired survivor size 30932992 bytes, new threshold 15 (max threshold 15)
[662.754s][info ][gc,heap        ] GC(96) PSYoungGen: 2034128K(2062848K)->6624K(2066944K) Eden: 2029568K(2029568K)->0K(2035200K) From: 4560K(33280K)->6624K(31744K)
[662.754s][info ][gc,heap        ] GC(96) ParOldGen: 412860K(422400K)->412932K(422400K)
[662.754s][info ][gc,metaspace   ] GC(96) Metaspace: 80487K(81280K)->80487K(81280K) NonClass: 69554K(69952K)->69554K(69952K) Class: 10932K(11328K)->10932K(11328K)
[662.754s][info ][gc             ] GC(96) Pause Young (Allocation Failure) 2389M->409M(2431M) 5.989ms
[662.754s][info ][gc,cpu         ] GC(96) User=0.01s Sys=0.00s Real=0.01s
[662.754s][info ][safepoint      ] Safepoint "ParallelGCFailedAllocation", Time since last: 1991417927 ns, Reaching safepoint: 45801 ns, At safepoint: 6076593 ns, Total: 6122394 ns
[663.754s][info ][safepoint      ] Safepoint "Cleanup", Time since last: 1000082081 ns, Reaching safepoint: 32501 ns, At safepoint: 3600 ns, Total: 36101 ns
[665.754s][info ][safepoint      ] Safepoint "Cleanup", Time since last: 2000167165 ns, Reaching safepoint: 49701 ns, At safepoint: 4200 ns, Total: 53901 ns
[667.754s][info ][safepoint      ] Safepoint "Cleanup", Time since last: 2000182168 ns, Reaching safepoint: 54900 ns, At safepoint: 3800 ns, Total: 58700 ns
[668.754s][info ][safepoint      ] Safepoint "Cleanup", Time since last: 1000112686 ns, Reaching safepoint: 42000 ns, At safepoint: 4500 ns, Total: 46500 ns
[669.755s][info ][safepoint      ] Safepoint "Cleanup", Time since last: 1000062285 ns, Reaching safepoint: 50001 ns, At safepoint: 8100 ns, Total: 58101 ns
[672.755s][info ][safepoint      ] Safepoint "Cleanup", Time since last: 3000240760 ns, Reaching safepoint: 61501 ns, At safepoint: 4200 ns, Total: 65701 ns
[674.755s][info ][safepoint      ] Safepoint "Cleanup", Time since last: 2000179777 ns, Reaching safepoint: 51801 ns, At safepoint: 10600 ns, Total: 62401 ns
[675.755s][info ][safepoint      ] Safepoint "Cleanup", Time since last: 1000111490 ns, Reaching safepoint: 54401 ns, At safepoint: 7600 ns, Total: 62001 ns
[676.755s][info ][safepoint      ] Safepoint "Cleanup", Time since last: 1000113290 ns, Reaching safepoint: 59201 ns, At safepoint: 3700 ns, Total: 62901 ns
[678.756s][info ][safepoint      ] Safepoint "Cleanup", Time since last: 2000173582 ns, Reaching safepoint: 81501 ns, At safepoint: 10700 ns, Total: 92201 ns
[679.756s][info ][safepoint      ] Safepoint "Cleanup", Time since last: 1000126393 ns, Reaching safepoint: 64501 ns, At safepoint: 7100 ns, Total: 71601 ns
[680.756s][info ][safepoint      ] Safepoint "Cleanup", Time since last: 1000116593 ns, Reaching safepoint: 60101 ns, At safepoint: 9200 ns, Total: 69301 ns
[681.756s][info ][safepoint      ] Safepoint "Cleanup", Time since last: 1000112194 ns, Reaching safepoint: 50300 ns, At safepoint: 3500 ns, Total: 53800 ns
[682.756s][info ][safepoint      ] Safepoint "Cleanup", Time since last: 1000116095 ns, Reaching safepoint: 59901 ns, At safepoint: 4100 ns, Total: 64001 ns
[683.757s][info ][safepoint      ] Safepoint "Cleanup", Time since last: 1000084694 ns, Reaching safepoint: 47901 ns, At safepoint: 3700 ns, Total: 51601 ns
[684.757s][info ][safepoint      ] Safepoint "Cleanup", Time since last: 1000105395 ns, Reaching safepoint: 70101 ns, At safepoint: 10800 ns, Total: 80901 ns
[685.757s][info ][safepoint      ] Safepoint "Cleanup", Time since last: 1000119596 ns, Reaching safepoint: 51401 ns, At safepoint: 13100 ns, Total: 64501 ns
[686.757s][info ][safepoint      ] Safepoint "Cleanup", Time since last: 1000108497 ns, Reaching safepoint: 47701 ns, At safepoint: 4200 ns, Total: 51901 ns
[687.757s][info ][safepoint      ] Safepoint "Cleanup", Time since last: 1000116097 ns, Reaching safepoint: 40101 ns, At safepoint: 3500 ns, Total: 43601 ns
[689.757s][info ][safepoint      ] Safepoint "Cleanup", Time since last: 2000138795 ns, Reaching safepoint: 39401 ns, At safepoint: 3700 ns, Total: 43101 ns
[690.758s][info ][safepoint      ] Safepoint "Cleanup", Time since last: 1000117399 ns, Reaching safepoint: 50401 ns, At safepoint: 3200 ns, Total: 53601 ns
[691.758s][info ][safepoint      ] Safepoint "Cleanup", Time since last: 1000110399 ns, Reaching safepoint: 50501 ns, At safepoint: 4100 ns, Total: 54601 ns
[692.758s][info ][safepoint      ] Safepoint "Cleanup", Time since last: 1000105801 ns, Reaching safepoint: 44800 ns, At safepoint: 5200 ns, Total: 50000 ns
[693.348s][info ][gc,start       ] GC(97) Pause Young (Allocation Failure)
[693.352s][debug][gc,phases      ] GC(97) Scavenge 4.536ms
[693.352s][debug][gc,ref         ] GC(97) Skipped phase 1 of Reference Processing: no references
[693.352s][debug][gc,ref         ] GC(97) Skipped phase 3 of Reference Processing: no references
[693.353s][debug][gc,phases      ] GC(97) Reference Processing 0.031ms
[693.353s][debug][gc,phases      ] GC(97) Weak Processing 0.564ms
[693.353s][debug][gc,age         ] GC(97) Desired survivor size 28835840 bytes, new threshold 15 (max threshold 15)
[693.353s][info ][gc,heap        ] GC(97) PSYoungGen: 2041824K(2066944K)->6864K(2065408K) Eden: 2035200K(2035200K)->0K(2035200K) From: 6624K(31744K)->6864K(30208K)
[693.353s][info ][gc,heap        ] GC(97) ParOldGen: 412932K(422400K)->413048K(422400K)
[693.353s][info ][gc,metaspace   ] GC(97) Metaspace: 80504K(81280K)->80504K(81280K) NonClass: 69570K(69952K)->69570K(69952K) Class: 10933K(11328K)->10933K(11328K)
[693.353s][info ][gc             ] GC(97) Pause Young (Allocation Failure) 2397M->410M(2429M) 5.280ms
[693.353s][info ][gc,cpu         ] GC(97) User=0.02s Sys=0.00s Real=0.01s
[693.353s][info ][safepoint      ] Safepoint "ParallelGCFailedAllocation", Time since last: 589807624 ns, Reaching safepoint: 51101 ns, At safepoint: 5368282 ns, Total: 5419383 ns
[695.353s][info ][safepoint      ] Safepoint "Cleanup", Time since last: 2000143802 ns, Reaching safepoint: 44601 ns, At safepoint: 3200 ns, Total: 47801 ns
[696.354s][info ][safepoint      ] Safepoint "Cleanup", Time since last: 1000110102 ns, Reaching safepoint: 51701 ns, At safepoint: 4100 ns, Total: 55801 ns
[697.354s][info ][safepoint      ] Safepoint "Cleanup", Time since last: 1000108103 ns, Reaching safepoint: 51301 ns, At safepoint: 5200 ns, Total: 56501 ns
[698.354s][info ][safepoint      ] Safepoint "Cleanup", Time since last: 1000112104 ns, Reaching safepoint: 53301 ns, At safepoint: 4500 ns, Total: 57801 ns
[700.354s][info ][safepoint      ] Safepoint "Cleanup", Time since last: 2000177309 ns, Reaching safepoint: 45100 ns, At safepoint: 3200 ns, Total: 48300 ns
[701.354s][info ][safepoint      ] Safepoint "Cleanup", Time since last: 1000115306 ns, Reaching safepoint: 143502 ns, At safepoint: 16101 ns, Total: 159603 ns
[702.355s][info ][safepoint      ] Safepoint "Cleanup", Time since last: 1000119806 ns, Reaching safepoint: 31800 ns, At safepoint: 3800 ns, Total: 35600 ns
[703.355s][info ][safepoint      ] Safepoint "Cleanup", Time since last: 1000111307 ns, Reaching safepoint: 58001 ns, At safepoint: 10400 ns, Total: 68401 ns
[704.355s][info ][safepoint      ] Safepoint "Cleanup", Time since last: 1000109408 ns, Reaching safepoint: 59701 ns, At safepoint: 5400 ns, Total: 65101 ns
[705.355s][info ][safepoint      ] Safepoint "Cleanup", Time since last: 1000114808 ns, Reaching safepoint: 46201 ns, At safepoint: 3300 ns, Total: 49501 ns
[706.355s][info ][safepoint      ] Safepoint "Cleanup", Time since last: 1000124208 ns, Reaching safepoint: 52001 ns, At safepoint: 3600 ns, Total: 55601 ns
[707.355s][info ][safepoint      ] Safepoint "Cleanup", Time since last: 1000114410 ns, Reaching safepoint: 57501 ns, At safepoint: 5000 ns, Total: 62501 ns
[708.356s][info ][safepoint      ] Safepoint "Cleanup", Time since last: 1000113910 ns, Reaching safepoint: 50100 ns, At safepoint: 6300 ns, Total: 56400 ns
[709.356s][info ][safepoint      ] Safepoint "Cleanup", Time since last: 1000076610 ns, Reaching safepoint: 63201 ns, At safepoint: 6400 ns, Total: 69601 ns
[710.356s][info ][safepoint      ] Safepoint "Cleanup", Time since last: 1000105411 ns, Reaching safepoint: 53601 ns, At safepoint: 4400 ns, Total: 58001 ns
[711.356s][info ][safepoint      ] Safepoint "Cleanup", Time since last: 1000076611 ns, Reaching safepoint: 50601 ns, At safepoint: 4300 ns, Total: 54901 ns
[712.356s][info ][safepoint      ] Safepoint "Cleanup", Time since last: 1000113712 ns, Reaching safepoint: 51201 ns, At safepoint: 3500 ns, Total: 54701 ns
[715.356s][info ][safepoint      ] Safepoint "Cleanup", Time since last: 3000233639 ns, Reaching safepoint: 47701 ns, At safepoint: 3500 ns, Total: 51201 ns
[716.357s][info ][safepoint      ] Safepoint "Cleanup", Time since last: 1000127915 ns, Reaching safepoint: 59301 ns, At safepoint: 8000 ns, Total: 67301 ns
[717.357s][info ][safepoint      ] Safepoint "Cleanup", Time since last: 1000112015 ns, Reaching safepoint: 47301 ns, At safepoint: 5300 ns, Total: 52601 ns
[718.357s][info ][safepoint      ] Safepoint "Cleanup", Time since last: 1000122016 ns, Reaching safepoint: 57001 ns, At safepoint: 6500 ns, Total: 63501 ns
[719.357s][info ][safepoint      ] Safepoint "Cleanup", Time since last: 1000105016 ns, Reaching safepoint: 47801 ns, At safepoint: 8700 ns, Total: 56501 ns
[720.357s][info ][safepoint      ] Safepoint "Cleanup", Time since last: 1000096717 ns, Reaching safepoint: 44500 ns, At safepoint: 3500 ns, Total: 48000 ns
[721.357s][info ][safepoint      ] Safepoint "Cleanup", Time since last: 1000104318 ns, Reaching safepoint: 66601 ns, At safepoint: 9200 ns, Total: 75801 ns
[722.358s][info ][safepoint      ] Safepoint "Cleanup", Time since last: 1000101018 ns, Reaching safepoint: 73401 ns, At safepoint: 8300 ns, Total: 81701 ns
[723.358s][info ][safepoint      ] Safepoint "Cleanup", Time since last: 1000100019 ns, Reaching safepoint: 59801 ns, At safepoint: 6600 ns, Total: 66401 ns
[723.919s][info ][gc,start       ] GC(98) Pause Young (Allocation Failure)
[723.925s][debug][gc,phases      ] GC(98) Scavenge 5.787ms
[723.925s][debug][gc,ref         ] GC(98) Skipped phase 1 of Reference Processing: no references
[723.925s][debug][gc,ref         ] GC(98) Skipped phase 3 of Reference Processing: no references
[723.925s][debug][gc,phases      ] GC(98) Reference Processing 0.027ms
[723.925s][debug][gc,phases      ] GC(98) Weak Processing 0.627ms
[723.925s][debug][gc,age         ] GC(98) Desired survivor size 27262976 bytes, new threshold 15 (max threshold 15)
[723.925s][info ][gc,heap        ] GC(98) PSYoungGen: 2042064K(2065408K)->6912K(2070528K) Eden: 2035200K(2035200K)->0K(2042368K) From: 6864K(30208K)->6912K(28160K)
[723.925s][info ][gc,heap        ] GC(98) ParOldGen: 413048K(422400K)->413337K(422400K)
[723.925s][info ][gc,metaspace   ] GC(98) Metaspace: 80550K(81344K)->80550K(81344K) NonClass: 69616K(70016K)->69616K(70016K) Class: 10933K(11328K)->10933K(11328K)
[723.925s][info ][gc             ] GC(98) Pause Young (Allocation Failure) 2397M->410M(2434M) 6.607ms
[723.925s][info ][gc,cpu         ] GC(98) User=0.02s Sys=0.00s Real=0.01s
[723.926s][info ][safepoint      ] Safepoint "ParallelGCFailedAllocation", Time since last: 560882691 ns, Reaching safepoint: 64101 ns, At safepoint: 6715103 ns, Total: 6779204 ns
[724.926s][info ][safepoint      ] Safepoint "Cleanup", Time since last: 1000055018 ns, Reaching safepoint: 59001 ns, At safepoint: 4400 ns, Total: 63401 ns
[726.926s][info ][safepoint      ] Safepoint "Cleanup", Time since last: 2000183441 ns, Reaching safepoint: 47601 ns, At safepoint: 3700 ns, Total: 51301 ns
[728.926s][info ][safepoint      ] Safepoint "Cleanup", Time since last: 2000187442 ns, Reaching safepoint: 71301 ns, At safepoint: 4601 ns, Total: 75902 ns
[729.926s][info ][safepoint      ] Safepoint "Cleanup", Time since last: 1000115222 ns, Reaching safepoint: 47701 ns, At safepoint: 3700 ns, Total: 51401 ns
[730.926s][info ][safepoint      ] Safepoint "Cleanup", Time since last: 1000126323 ns, Reaching safepoint: 53801 ns, At safepoint: 9900 ns, Total: 63701 ns
[731.927s][info ][safepoint      ] Safepoint "Cleanup", Time since last: 1000118724 ns, Reaching safepoint: 72201 ns, At safepoint: 18400 ns, Total: 90601 ns
[732.927s][info ][safepoint      ] Safepoint "Cleanup", Time since last: 1000145325 ns, Reaching safepoint: 59901 ns, At safepoint: 5400 ns, Total: 65301 ns
[733.927s][info ][safepoint      ] Safepoint "Cleanup", Time since last: 1000109825 ns, Reaching safepoint: 56901 ns, At safepoint: 3900 ns, Total: 60801 ns
[734.927s][info ][safepoint      ] Safepoint "Cleanup", Time since last: 1000109525 ns, Reaching safepoint: 38401 ns, At safepoint: 3200 ns, Total: 41601 ns
[735.927s][info ][safepoint      ] Safepoint "Cleanup", Time since last: 1000148626 ns, Reaching safepoint: 59801 ns, At safepoint: 8600 ns, Total: 68401 ns
[737.928s][info ][safepoint      ] Safepoint "Cleanup", Time since last: 2000181353 ns, Reaching safepoint: 87302 ns, At safepoint: 12500 ns, Total: 99802 ns
[738.928s][info ][safepoint      ] Safepoint "Cleanup", Time since last: 1000134228 ns, Reaching safepoint: 63801 ns, At safepoint: 4000 ns, Total: 67801 ns
[739.928s][info ][safepoint      ] Safepoint "Cleanup", Time since last: 1000113028 ns, Reaching safepoint: 60801 ns, At safepoint: 7900 ns, Total: 68701 ns
[741.928s][info ][safepoint      ] Safepoint "Cleanup", Time since last: 2000183557 ns, Reaching safepoint: 54901 ns, At safepoint: 7300 ns, Total: 62201 ns
[743.929s][info ][safepoint      ] Safepoint "Cleanup", Time since last: 2000175660 ns, Reaching safepoint: 54201 ns, At safepoint: 7800 ns, Total: 62001 ns
[744.929s][info ][safepoint      ] Safepoint "Cleanup", Time since last: 1000119931 ns, Reaching safepoint: 59701 ns, At safepoint: 4100 ns, Total: 63801 ns
[745.929s][info ][safepoint      ] Safepoint "Cleanup", Time since last: 1000129732 ns, Reaching safepoint: 59501 ns, At safepoint: 7900 ns, Total: 67401 ns
[746.929s][info ][safepoint      ] Safepoint "Cleanup", Time since last: 1000111632 ns, Reaching safepoint: 48401 ns, At safepoint: 3500 ns, Total: 51901 ns
[747.929s][info ][safepoint      ] Safepoint "Cleanup", Time since last: 1000138033 ns, Reaching safepoint: 67401 ns, At safepoint: 6800 ns, Total: 74201 ns
[748.930s][info ][safepoint      ] Safepoint "Cleanup", Time since last: 1000113333 ns, Reaching safepoint: 56401 ns, At safepoint: 4500 ns, Total: 60901 ns
[749.930s][info ][safepoint      ] Safepoint "Cleanup", Time since last: 1000115934 ns, Reaching safepoint: 66701 ns, At safepoint: 15600 ns, Total: 82301 ns
[750.930s][info ][safepoint      ] Safepoint "Cleanup", Time since last: 1000120535 ns, Reaching safepoint: 60501 ns, At safepoint: 10100 ns, Total: 70601 ns
[751.930s][info ][safepoint      ] Safepoint "Cleanup", Time since last: 1000109435 ns, Reaching safepoint: 63101 ns, At safepoint: 9400 ns, Total: 72501 ns
[752.930s][info ][safepoint      ] Safepoint "Cleanup", Time since last: 1000104035 ns, Reaching safepoint: 47301 ns, At safepoint: 5700 ns, Total: 53001 ns
[753.930s][info ][safepoint      ] Safepoint "Cleanup", Time since last: 1000133136 ns, Reaching safepoint: 59601 ns, At safepoint: 3600 ns, Total: 63201 ns
[754.931s][info ][safepoint      ] Safepoint "Cleanup", Time since last: 1000122537 ns, Reaching safepoint: 67001 ns, At safepoint: 5500 ns, Total: 72501 ns
[754.947s][info ][gc,start       ] GC(99) Pause Young (Allocation Failure)
[754.952s][debug][gc,phases      ] GC(99) Scavenge 4.361ms
[754.952s][debug][gc,ref         ] GC(99) Skipped phase 1 of Reference Processing: no references
[754.952s][debug][gc,ref         ] GC(99) Skipped phase 3 of Reference Processing: no references
[754.952s][debug][gc,phases      ] GC(99) Reference Processing 0.029ms
[754.952s][debug][gc,phases      ] GC(99) Weak Processing 0.581ms
[754.952s][debug][gc,age         ] GC(99) Desired survivor size 26214400 bytes, new threshold 15 (max threshold 15)
[754.952s][info ][gc,heap        ] GC(99) PSYoungGen: 2049280K(2070528K)->6800K(2068992K) Eden: 2042368K(2042368K)->0K(2042368K) From: 6912K(28160K)->6800K(26624K)
[754.952s][info ][gc,heap        ] GC(99) ParOldGen: 413337K(422400K)->413445K(422400K)
[754.952s][info ][gc,metaspace   ] GC(99) Metaspace: 80575K(81344K)->80575K(81344K) NonClass: 69641K(70016K)->69641K(70016K) Class: 10933K(11328K)->10933K(11328K)
[754.952s][info ][gc             ] GC(99) Pause Young (Allocation Failure) 2404M->410M(2433M) 5.125ms
[754.952s][info ][gc,cpu         ] GC(99) User=0.02s Sys=0.01s Real=0.01s
[754.952s][info ][safepoint      ] Safepoint "ParallelGCFailedAllocation", Time since last: 16535353 ns, Reaching safepoint: 107902 ns, At safepoint: 5208680 ns, Total: 5316582 ns
[755.953s][info ][safepoint      ] Safepoint "Cleanup", Time since last: 1000070036 ns, Reaching safepoint: 122102 ns, At safepoint: 11100 ns, Total: 133202 ns
[756.953s][info ][safepoint      ] Safepoint "Cleanup", Time since last: 1000144939 ns, Reaching safepoint: 127202 ns, At safepoint: 8600 ns, Total: 135802 ns
[757.953s][info ][safepoint      ] Safepoint "Cleanup", Time since last: 1000120938 ns, Reaching safepoint: 123402 ns, At safepoint: 7600 ns, Total: 131002 ns
[758.953s][info ][safepoint      ] Safepoint "Cleanup", Time since last: 1000109539 ns, Reaching safepoint: 51800 ns, At safepoint: 3600 ns, Total: 55400 ns
[759.954s][info ][safepoint      ] Safepoint "Cleanup", Time since last: 1000119540 ns, Reaching safepoint: 64501 ns, At safepoint: 7300 ns, Total: 71801 ns
[760.954s][info ][safepoint      ] Safepoint "Cleanup", Time since last: 1000114040 ns, Reaching safepoint: 120702 ns, At safepoint: 8700 ns, Total: 129402 ns
[761.954s][info ][safepoint      ] Safepoint "Cleanup", Time since last: 1000118040 ns, Reaching safepoint: 37901 ns, At safepoint: 4400 ns, Total: 42301 ns
[762.954s][info ][safepoint      ] Safepoint "Cleanup", Time since last: 1000103041 ns, Reaching safepoint: 44700 ns, At safepoint: 3300 ns, Total: 48000 ns
[763.954s][info ][safepoint      ] Safepoint "Cleanup", Time since last: 1000116642 ns, Reaching safepoint: 102801 ns, At safepoint: 7700 ns, Total: 110501 ns
[764.955s][info ][safepoint      ] Safepoint "Cleanup", Time since last: 1000108242 ns, Reaching safepoint: 51701 ns, At safepoint: 8400 ns, Total: 60101 ns
[765.955s][info ][safepoint      ] Safepoint "Cleanup", Time since last: 1000109043 ns, Reaching safepoint: 97301 ns, At safepoint: 11000 ns, Total: 108301 ns
[766.955s][info ][safepoint      ] Safepoint "Cleanup", Time since last: 1000113743 ns, Reaching safepoint: 52201 ns, At safepoint: 5500 ns, Total: 57701 ns
[767.955s][info ][safepoint      ] Safepoint "Cleanup", Time since last: 1000117344 ns, Reaching safepoint: 66701 ns, At safepoint: 12400 ns, Total: 79101 ns
[768.955s][info ][safepoint      ] Safepoint "Cleanup", Time since last: 1000112044 ns, Reaching safepoint: 51501 ns, At safepoint: 11500 ns, Total: 63001 ns
[769.955s][info ][safepoint      ] Safepoint "Cleanup", Time since last: 1000108745 ns, Reaching safepoint: 50701 ns, At safepoint: 9000 ns, Total: 59701 ns
[770.956s][info ][safepoint      ] Safepoint "Cleanup", Time since last: 1000111345 ns, Reaching safepoint: 48901 ns, At safepoint: 3600 ns, Total: 52501 ns
[771.956s][info ][safepoint      ] Safepoint "Cleanup", Time since last: 1000110245 ns, Reaching safepoint: 49501 ns, At safepoint: 6300 ns, Total: 55801 ns
[772.956s][info ][safepoint      ] Safepoint "Cleanup", Time since last: 1000109546 ns, Reaching safepoint: 48101 ns, At safepoint: 3700 ns, Total: 51801 ns
[773.956s][info ][safepoint      ] Safepoint "Cleanup", Time since last: 1000109947 ns, Reaching safepoint: 48900 ns, At safepoint: 11201 ns, Total: 60101 ns
[774.956s][info ][safepoint      ] Safepoint "Cleanup", Time since last: 1000129847 ns, Reaching safepoint: 48401 ns, At safepoint: 3600 ns, Total: 52001 ns
[775.956s][info ][safepoint      ] Safepoint "Cleanup", Time since last: 1000100848 ns, Reaching safepoint: 42100 ns, At safepoint: 3400 ns, Total: 45500 ns
[776.957s][info ][safepoint      ] Safepoint "Cleanup", Time since last: 1000115149 ns, Reaching safepoint: 55700 ns, At safepoint: 11101 ns, Total: 66801 ns
[777.957s][info ][safepoint      ] Safepoint "Cleanup", Time since last: 1000108148 ns, Reaching safepoint: 47301 ns, At safepoint: 4200 ns, Total: 51501 ns
[778.957s][info ][safepoint      ] Safepoint "Cleanup", Time since last: 1000091649 ns, Reaching safepoint: 41701 ns, At safepoint: 8000 ns, Total: 49701 ns
[779.957s][info ][safepoint      ] Safepoint "Cleanup", Time since last: 1000111950 ns, Reaching safepoint: 53201 ns, At safepoint: 7400 ns, Total: 60601 ns
[784.958s][info ][safepoint      ] Safepoint "Cleanup", Time since last: 5000378354 ns, Reaching safepoint: 45101 ns, At safepoint: 5500 ns, Total: 50601 ns
[785.506s][info ][gc,start       ] GC(100) Pause Young (Allocation Failure)
[785.511s][debug][gc,phases      ] GC(100) Scavenge 4.923ms
[785.511s][debug][gc,ref         ] GC(100) Skipped phase 1 of Reference Processing: no references
[785.511s][debug][gc,ref         ] GC(100) Skipped phase 3 of Reference Processing: no references
[785.511s][debug][gc,phases      ] GC(100) Reference Processing 0.030ms
[785.511s][debug][gc,phases      ] GC(100) Weak Processing 0.607ms
[785.511s][debug][gc,age         ] GC(100) Desired survivor size 24641536 bytes, new threshold 15 (max threshold 15)
[785.511s][info ][gc,heap        ] GC(100) PSYoungGen: 2049168K(2068992K)->7008K(2073088K) Eden: 2042368K(2042368K)->0K(2047488K) From: 6800K(26624K)->7008K(25600K)
[785.511s][info ][gc,heap        ] GC(100) ParOldGen: 413445K(422400K)->413501K(422400K)
[785.511s][info ][gc,metaspace   ] GC(100) Metaspace: 80600K(81408K)->80600K(81408K) NonClass: 69666K(70080K)->69666K(70080K) Class: 10933K(11328K)->10933K(11328K)
[785.511s][info ][gc             ] GC(100) Pause Young (Allocation Failure) 2404M->410M(2437M) 5.723ms
[785.511s][info ][gc,cpu         ] GC(100) User=0.02s Sys=0.00s Real=0.00s
[785.512s][info ][safepoint      ] Safepoint "ParallelGCFailedAllocation", Time since last: 548136214 ns, Reaching safepoint: 46201 ns, At safepoint: 5807989 ns, Total: 5854190 ns
[786.512s][info ][safepoint      ] Safepoint "Cleanup", Time since last: 1000089353 ns, Reaching safepoint: 61501 ns, At safepoint: 14100 ns, Total: 75601 ns
[787.512s][info ][safepoint      ] Safepoint "Cleanup", Time since last: 1000110154 ns, Reaching safepoint: 47101 ns, At safepoint: 4900 ns, Total: 52001 ns
[788.512s][info ][safepoint      ] Safepoint "Cleanup", Time since last: 1000111654 ns, Reaching safepoint: 52501 ns, At safepoint: 5200 ns, Total: 57701 ns
[789.512s][info ][safepoint      ] Safepoint "Cleanup", Time since last: 1000172356 ns, Reaching safepoint: 48901 ns, At safepoint: 3500 ns, Total: 52401 ns
[790.512s][info ][safepoint      ] Safepoint "Cleanup", Time since last: 1000108055 ns, Reaching safepoint: 57101 ns, At safepoint: 5200 ns, Total: 62301 ns
[792.513s][info ][safepoint      ] Safepoint "Cleanup", Time since last: 2000163511 ns, Reaching safepoint: 51301 ns, At safepoint: 5300 ns, Total: 56601 ns
[793.513s][info ][safepoint      ] Safepoint "Cleanup", Time since last: 1000109557 ns, Reaching safepoint: 56401 ns, At safepoint: 13500 ns, Total: 69901 ns
[794.513s][info ][safepoint      ] Safepoint "Cleanup", Time since last: 1000111157 ns, Reaching safepoint: 62901 ns, At safepoint: 11200 ns, Total: 74101 ns
[795.513s][info ][safepoint      ] Safepoint "Cleanup", Time since last: 1000115458 ns, Reaching safepoint: 61001 ns, At safepoint: 8100 ns, Total: 69101 ns
[796.513s][info ][safepoint      ] Safepoint "Cleanup", Time since last: 1000116259 ns, Reaching safepoint: 50800 ns, At safepoint: 5800 ns, Total: 56600 ns
[798.514s][info ][safepoint      ] Safepoint "Cleanup", Time since last: 2000189118 ns, Reaching safepoint: 51001 ns, At safepoint: 3800 ns, Total: 54801 ns
[799.514s][info ][safepoint      ] Safepoint "Cleanup", Time since last: 1000113060 ns, Reaching safepoint: 56801 ns, At safepoint: 6600 ns, Total: 63401 ns
[800.514s][info ][safepoint      ] Safepoint "Cleanup", Time since last: 1000114660 ns, Reaching safepoint: 48001 ns, At safepoint: 3900 ns, Total: 51901 ns
[801.514s][info ][safepoint      ] Safepoint "Cleanup", Time since last: 1000112761 ns, Reaching safepoint: 53301 ns, At safepoint: 8000 ns, Total: 61301 ns
[803.514s][info ][safepoint      ] Safepoint "Cleanup", Time since last: 2000168922 ns, Reaching safepoint: 59701 ns, At safepoint: 4600 ns, Total: 64301 ns
[804.515s][info ][safepoint      ] Safepoint "Cleanup", Time since last: 1000118163 ns, Reaching safepoint: 68101 ns, At safepoint: 4100 ns, Total: 72201 ns
[808.515s][info ][safepoint      ] Safepoint "Cleanup", Time since last: 4000325852 ns, Reaching safepoint: 49001 ns, At safepoint: 5700 ns, Total: 54701 ns
[809.515s][info ][safepoint      ] Safepoint "Cleanup", Time since last: 1000125165 ns, Reaching safepoint: 79201 ns, At safepoint: 14100 ns, Total: 93301 ns
[810.515s][info ][safepoint      ] Safepoint "Cleanup", Time since last: 1000126666 ns, Reaching safepoint: 54101 ns, At safepoint: 5600 ns, Total: 59701 ns
[811.515s][info ][safepoint      ] Safepoint "Cleanup", Time since last: 1000105766 ns, Reaching safepoint: 52300 ns, At safepoint: 8800 ns, Total: 61100 ns
[812.516s][info ][safepoint      ] Safepoint "Cleanup", Time since last: 1000082466 ns, Reaching safepoint: 46001 ns, At safepoint: 3400 ns, Total: 49401 ns
[813.516s][info ][safepoint      ] Safepoint "Cleanup", Time since last: 1000101767 ns, Reaching safepoint: 52600 ns, At safepoint: 8901 ns, Total: 61501 ns
[814.516s][info ][safepoint      ] Safepoint "Cleanup", Time since last: 1000086266 ns, Reaching safepoint: 65401 ns, At safepoint: 5601 ns, Total: 71002 ns
[815.516s][info ][safepoint      ] Safepoint "Cleanup", Time since last: 1000070267 ns, Reaching safepoint: 55901 ns, At safepoint: 9200 ns, Total: 65101 ns
[816.449s][info ][gc,start       ] GC(101) Pause Young (Allocation Failure)
[816.454s][debug][gc,phases      ] GC(101) Scavenge 4.148ms
[816.454s][debug][gc,ref         ] GC(101) Skipped phase 1 of Reference Processing: no references
[816.454s][debug][gc,ref         ] GC(101) Skipped phase 3 of Reference Processing: no references
[816.454s][debug][gc,phases      ] GC(101) Reference Processing 0.026ms
[816.454s][debug][gc,phases      ] GC(101) Weak Processing 0.547ms
[816.454s][debug][gc,age         ] GC(101) Desired survivor size 23068672 bytes, new threshold 15 (max threshold 15)
[816.454s][info ][gc,heap        ] GC(101) PSYoungGen: 2054496K(2073088K)->6880K(2071552K) Eden: 2047488K(2047488K)->0K(2047488K) From: 7008K(25600K)->6880K(24064K)
[816.454s][info ][gc,heap        ] GC(101) ParOldGen: 413501K(422400K)->413589K(422400K)
[816.454s][info ][gc,metaspace   ] GC(101) Metaspace: 80623K(81408K)->80623K(81408K) NonClass: 69689K(70080K)->69689K(70080K) Class: 10933K(11328K)->10933K(11328K)
[816.454s][info ][gc             ] GC(101) Pause Young (Allocation Failure) 2410M->410M(2435M) 4.865ms
[816.454s][info ][gc,cpu         ] GC(101) User=0.02s Sys=0.00s Real=0.01s
[816.454s][info ][safepoint      ] Safepoint "ParallelGCFailedAllocation", Time since last: 933177739 ns, Reaching safepoint: 44001 ns, At safepoint: 4948976 ns, Total: 4992977 ns
[817.454s][info ][safepoint      ] Safepoint "Cleanup", Time since last: 1000086768 ns, Reaching safepoint: 52401 ns, At safepoint: 5300 ns, Total: 57701 ns
[818.455s][info ][safepoint      ] Safepoint "Cleanup", Time since last: 1000119069 ns, Reaching safepoint: 56401 ns, At safepoint: 11301 ns, Total: 67702 ns
[819.455s][info ][safepoint      ] Safepoint "Cleanup", Time since last: 1000116169 ns, Reaching safepoint: 41801 ns, At safepoint: 3800 ns, Total: 45601 ns
[820.455s][info ][safepoint      ] Safepoint "Cleanup", Time since last: 1000108270 ns, Reaching safepoint: 53101 ns, At safepoint: 5100 ns, Total: 58201 ns
[821.455s][info ][safepoint      ] Safepoint "Cleanup", Time since last: 1000121771 ns, Reaching safepoint: 47500 ns, At safepoint: 5000 ns, Total: 52500 ns
[822.455s][info ][safepoint      ] Safepoint "Cleanup", Time since last: 1000071271 ns, Reaching safepoint: 56801 ns, At safepoint: 8400 ns, Total: 65201 ns
[824.455s][info ][safepoint      ] Safepoint "Cleanup", Time since last: 2000170843 ns, Reaching safepoint: 52701 ns, At safepoint: 11400 ns, Total: 64101 ns
[825.456s][info ][safepoint      ] Safepoint "Cleanup", Time since last: 1000111372 ns, Reaching safepoint: 49501 ns, At safepoint: 5300 ns, Total: 54801 ns
[826.456s][info ][safepoint      ] Safepoint "Cleanup", Time since last: 1000106773 ns, Reaching safepoint: 47601 ns, At safepoint: 7500 ns, Total: 55101 ns
[827.456s][info ][safepoint      ] Safepoint "Cleanup", Time since last: 1000105673 ns, Reaching safepoint: 49301 ns, At safepoint: 4000 ns, Total: 53301 ns
[828.456s][info ][safepoint      ] Safepoint "Cleanup", Time since last: 1000123674 ns, Reaching safepoint: 65101 ns, At safepoint: 7500 ns, Total: 72601 ns
[829.456s][info ][safepoint      ] Safepoint "Cleanup", Time since last: 1000109275 ns, Reaching safepoint: 55400 ns, At safepoint: 3401 ns, Total: 58801 ns
[830.456s][info ][safepoint      ] Safepoint "Cleanup", Time since last: 1000125475 ns, Reaching safepoint: 48800 ns, At safepoint: 4000 ns, Total: 52800 ns
[831.457s][info ][safepoint      ] Safepoint "Cleanup", Time since last: 1000120276 ns, Reaching safepoint: 33700 ns, At safepoint: 3701 ns, Total: 37401 ns
[833.457s][info ][safepoint      ] Safepoint "Cleanup", Time since last: 2000181551 ns, Reaching safepoint: 55101 ns, At safepoint: 8600 ns, Total: 63701 ns
[834.457s][info ][safepoint      ] Safepoint "Cleanup", Time since last: 1000107777 ns, Reaching safepoint: 32800 ns, At safepoint: 4300 ns, Total: 37100 ns
[835.457s][info ][safepoint      ] Safepoint "Cleanup", Time since last: 1000105377 ns, Reaching safepoint: 60201 ns, At safepoint: 7100 ns, Total: 67301 ns
[836.457s][info ][safepoint      ] Safepoint "Cleanup", Time since last: 1000111278 ns, Reaching safepoint: 46101 ns, At safepoint: 4000 ns, Total: 50101 ns
[837.458s][info ][safepoint      ] Safepoint "Cleanup", Time since last: 1000099678 ns, Reaching safepoint: 47001 ns, At safepoint: 3600 ns, Total: 50601 ns
[838.458s][info ][safepoint      ] Safepoint "Cleanup", Time since last: 1000108678 ns, Reaching safepoint: 63601 ns, At safepoint: 11700 ns, Total: 75301 ns
[839.458s][info ][safepoint      ] Safepoint "Cleanup", Time since last: 1000112479 ns, Reaching safepoint: 51701 ns, At safepoint: 6600 ns, Total: 58301 ns
[840.458s][info ][safepoint      ] Safepoint "Cleanup", Time since last: 1000109980 ns, Reaching safepoint: 49701 ns, At safepoint: 3700 ns, Total: 53401 ns
[841.458s][info ][safepoint      ] Safepoint "Cleanup", Time since last: 1000108980 ns, Reaching safepoint: 51700 ns, At safepoint: 5101 ns, Total: 56801 ns
[843.458s][info ][safepoint      ] Safepoint "Cleanup", Time since last: 2000182560 ns, Reaching safepoint: 51601 ns, At safepoint: 4200 ns, Total: 55801 ns
[844.459s][info ][safepoint      ] Safepoint "Cleanup", Time since last: 1000115782 ns, Reaching safepoint: 141402 ns, At safepoint: 9800 ns, Total: 151202 ns
[845.459s][info ][safepoint      ] Safepoint "Cleanup", Time since last: 1000094882 ns, Reaching safepoint: 52000 ns, At safepoint: 4600 ns, Total: 56600 ns
[846.459s][info ][safepoint      ] Safepoint "Cleanup", Time since last: 1000067982 ns, Reaching safepoint: 68601 ns, At safepoint: 10200 ns, Total: 78801 ns
[847.459s][info ][safepoint      ] Safepoint "Cleanup", Time since last: 1000103183 ns, Reaching safepoint: 46601 ns, At safepoint: 3800 ns, Total: 50401 ns
[848.102s][info ][gc,start       ] GC(102) Pause Young (Allocation Failure)
[848.107s][debug][gc,phases      ] GC(102) Scavenge 5.135ms
[848.107s][debug][gc,ref         ] GC(102) Skipped phase 1 of Reference Processing: no references
[848.107s][debug][gc,ref         ] GC(102) Skipped phase 3 of Reference Processing: no references
[848.107s][debug][gc,phases      ] GC(102) Reference Processing 0.026ms
[848.107s][debug][gc,phases      ] GC(102) Weak Processing 0.529ms
[848.107s][debug][gc,age         ] GC(102) Desired survivor size 22020096 bytes, new threshold 15 (max threshold 15)
[848.107s][info ][gc,heap        ] GC(102) PSYoungGen: 2054368K(2071552K)->7232K(2075648K) Eden: 2047488K(2047488K)->0K(2053120K) From: 6880K(24064K)->7232K(22528K)
[848.107s][info ][gc,heap        ] GC(102) ParOldGen: 413589K(422400K)->413709K(422400K)
[848.107s][info ][gc,metaspace   ] GC(102) Metaspace: 80659K(81472K)->80659K(81472K) NonClass: 69724K(70144K)->69724K(70144K) Class: 10934K(11328K)->10934K(11328K)
[848.107s][info ][gc             ] GC(102) Pause Young (Allocation Failure) 2410M->411M(2439M) 5.831ms
[848.107s][info ][gc,cpu         ] GC(102) User=0.02s Sys=0.00s Real=0.01s
[848.107s][info ][safepoint      ] Safepoint "ParallelGCFailedAllocation", Time since last: 642317179 ns, Reaching safepoint: 41901 ns, At safepoint: 5923491 ns, Total: 5965392 ns
[849.108s][info ][safepoint      ] Safepoint "Cleanup", Time since last: 1000080183 ns, Reaching safepoint: 56601 ns, At safepoint: 6500 ns, Total: 63101 ns
[850.108s][info ][safepoint      ] Safepoint "Cleanup", Time since last: 1000121284 ns, Reaching safepoint: 54401 ns, At safepoint: 8600 ns, Total: 63001 ns
[851.108s][info ][safepoint      ] Safepoint "Cleanup", Time since last: 1000120785 ns, Reaching safepoint: 57901 ns, At safepoint: 10200 ns, Total: 68101 ns
[852.108s][info ][safepoint      ] Safepoint "Cleanup", Time since last: 1000111885 ns, Reaching safepoint: 51401 ns, At safepoint: 6200 ns, Total: 57601 ns
[854.108s][info ][safepoint      ] Safepoint "Cleanup", Time since last: 2000136069 ns, Reaching safepoint: 31001 ns, At safepoint: 2600 ns, Total: 33601 ns
[856.109s][info ][safepoint      ] Safepoint "Cleanup", Time since last: 2000171672 ns, Reaching safepoint: 48301 ns, At safepoint: 7100 ns, Total: 55401 ns
[857.109s][info ][safepoint      ] Safepoint "Cleanup", Time since last: 1000114187 ns, Reaching safepoint: 44601 ns, At safepoint: 5400 ns, Total: 50001 ns
[858.109s][info ][safepoint      ] Safepoint "Cleanup", Time since last: 1000102987 ns, Reaching safepoint: 50701 ns, At safepoint: 2800 ns, Total: 53501 ns
[859.109s][info ][safepoint      ] Safepoint "Cleanup", Time since last: 1000105288 ns, Reaching safepoint: 32101 ns, At safepoint: 3000 ns, Total: 35101 ns
[861.109s][info ][safepoint      ] Safepoint "Cleanup", Time since last: 2000172476 ns, Reaching safepoint: 43101 ns, At safepoint: 3400 ns, Total: 46501 ns
[862.109s][info ][safepoint      ] Safepoint "Cleanup", Time since last: 1000109289 ns, Reaching safepoint: 60801 ns, At safepoint: 11000 ns, Total: 71801 ns
[863.110s][info ][safepoint      ] Safepoint "Cleanup", Time since last: 1000104990 ns, Reaching safepoint: 51501 ns, At safepoint: 5500 ns, Total: 57001 ns
[864.110s][info ][safepoint      ] Safepoint "Cleanup", Time since last: 1000101290 ns, Reaching safepoint: 47301 ns, At safepoint: 5900 ns, Total: 53201 ns
[865.110s][info ][safepoint      ] Safepoint "Cleanup", Time since last: 1000071390 ns, Reaching safepoint: 58101 ns, At safepoint: 6000 ns, Total: 64101 ns
[866.110s][info ][safepoint      ] Safepoint "Cleanup", Time since last: 1000113991 ns, Reaching safepoint: 50701 ns, At safepoint: 3000 ns, Total: 53701 ns
[867.110s][info ][safepoint      ] Safepoint "Cleanup", Time since last: 1000105391 ns, Reaching safepoint: 59101 ns, At safepoint: 7200 ns, Total: 66301 ns
[868.110s][info ][safepoint      ] Safepoint "Cleanup", Time since last: 1000103992 ns, Reaching safepoint: 57401 ns, At safepoint: 5800 ns, Total: 63201 ns
[869.110s][info ][safepoint      ] Safepoint "Cleanup", Time since last: 1000099592 ns, Reaching safepoint: 49001 ns, At safepoint: 5000 ns, Total: 54001 ns
[870.111s][info ][safepoint      ] Safepoint "Cleanup", Time since last: 1000048792 ns, Reaching safepoint: 50601 ns, At safepoint: 3200 ns, Total: 53801 ns
[871.111s][info ][safepoint      ] Safepoint "Cleanup", Time since last: 1000101993 ns, Reaching safepoint: 62301 ns, At safepoint: 11700 ns, Total: 74001 ns
[872.111s][info ][safepoint      ] Safepoint "Cleanup", Time since last: 1000119394 ns, Reaching safepoint: 44301 ns, At safepoint: 3500 ns, Total: 47801 ns
[873.111s][info ][safepoint      ] Safepoint "Cleanup", Time since last: 1000106994 ns, Reaching safepoint: 69001 ns, At safepoint: 13100 ns, Total: 82101 ns
[874.111s][info ][safepoint      ] Safepoint "Cleanup", Time since last: 1000119895 ns, Reaching safepoint: 56301 ns, At safepoint: 3000 ns, Total: 59301 ns
[875.112s][info ][safepoint      ] Safepoint "Cleanup", Time since last: 1000124095 ns, Reaching safepoint: 83301 ns, At safepoint: 12401 ns, Total: 95702 ns
[876.112s][info ][safepoint      ] Safepoint "Cleanup", Time since last: 1000100895 ns, Reaching safepoint: 70801 ns, At safepoint: 29501 ns, Total: 100302 ns
[877.112s][info ][safepoint      ] Safepoint "Cleanup", Time since last: 1000103095 ns, Reaching safepoint: 50301 ns, At safepoint: 3600 ns, Total: 53901 ns
[878.112s][info ][safepoint      ] Safepoint "Cleanup", Time since last: 1000112896 ns, Reaching safepoint: 48401 ns, At safepoint: 4000 ns, Total: 52401 ns
[878.329s][info ][gc,start       ] GC(103) Pause Young (Allocation Failure)
[878.334s][debug][gc,phases      ] GC(103) Scavenge 4.557ms
[878.334s][debug][gc,ref         ] GC(103) Skipped phase 1 of Reference Processing: no references
[878.334s][debug][gc,ref         ] GC(103) Skipped phase 3 of Reference Processing: no references
[878.334s][debug][gc,phases      ] GC(103) Reference Processing 0.025ms
[878.334s][debug][gc,phases      ] GC(103) Weak Processing 0.540ms
[878.334s][debug][gc,age         ] GC(103) Desired survivor size 20971520 bytes, new threshold 15 (max threshold 15)
[878.334s][info ][gc,heap        ] GC(103) PSYoungGen: 2060352K(2075648K)->7472K(2074624K) Eden: 2053120K(2053120K)->0K(2053120K) From: 7232K(22528K)->7472K(21504K)
[878.334s][info ][gc,heap        ] GC(103) ParOldGen: 413709K(422400K)->413749K(422400K)
[878.334s][info ][gc,metaspace   ] GC(103) Metaspace: 80677K(81472K)->80677K(81472K) NonClass: 69742K(70144K)->69742K(70144K) Class: 10934K(11328K)->10934K(11328K)
[878.334s][info ][gc             ] GC(103) Pause Young (Allocation Failure) 2416M->411M(2438M) 5.276ms
[878.334s][info ][gc,cpu         ] GC(103) User=0.02s Sys=0.00s Real=0.01s
[878.334s][info ][safepoint      ] Safepoint "ParallelGCFailedAllocation", Time since last: 216921940 ns, Reaching safepoint: 105401 ns, At safepoint: 5385383 ns, Total: 5490784 ns
[879.335s][info ][safepoint      ] Safepoint "Cleanup", Time since last: 1000118197 ns, Reaching safepoint: 103402 ns, At safepoint: 13000 ns, Total: 116402 ns
[880.335s][info ][safepoint      ] Safepoint "Cleanup", Time since last: 1000130498 ns, Reaching safepoint: 64001 ns, At safepoint: 6800 ns, Total: 70801 ns
[881.335s][info ][safepoint      ] Safepoint "Cleanup", Time since last: 1000106097 ns, Reaching safepoint: 52901 ns, At safepoint: 4000 ns, Total: 56901 ns
[882.335s][info ][safepoint      ] Safepoint "Cleanup", Time since last: 1000124999 ns, Reaching safepoint: 61101 ns, At safepoint: 4100 ns, Total: 65201 ns
[883.335s][info ][safepoint      ] Safepoint "Cleanup", Time since last: 1000113698 ns, Reaching safepoint: 61901 ns, At safepoint: 16700 ns, Total: 78601 ns
[887.336s][info ][safepoint      ] Safepoint "Cleanup", Time since last: 4000326897 ns, Reaching safepoint: 59401 ns, At safepoint: 10700 ns, Total: 70101 ns
[888.336s][info ][safepoint      ] Safepoint "Cleanup", Time since last: 1000113401 ns, Reaching safepoint: 64601 ns, At safepoint: 4100 ns, Total: 68701 ns
[889.336s][info ][safepoint      ] Safepoint "Cleanup", Time since last: 1000131901 ns, Reaching safepoint: 54401 ns, At safepoint: 9300 ns, Total: 63701 ns
[891.336s][info ][safepoint      ] Safepoint "Cleanup", Time since last: 2000182503 ns, Reaching safepoint: 48801 ns, At safepoint: 8500 ns, Total: 57301 ns
[892.337s][info ][safepoint      ] Safepoint "Cleanup", Time since last: 1000117803 ns, Reaching safepoint: 65801 ns, At safepoint: 3900 ns, Total: 69701 ns
[893.337s][info ][safepoint      ] Safepoint "Cleanup", Time since last: 1000110802 ns, Reaching safepoint: 62001 ns, At safepoint: 12401 ns, Total: 74402 ns
[894.337s][info ][safepoint      ] Safepoint "Cleanup", Time since last: 1000120003 ns, Reaching safepoint: 65701 ns, At safepoint: 12400 ns, Total: 78101 ns
[895.337s][info ][safepoint      ] Safepoint "Cleanup", Time since last: 1000124904 ns, Reaching safepoint: 54301 ns, At safepoint: 3600 ns, Total: 57901 ns
[898.338s][info ][safepoint      ] Safepoint "Cleanup", Time since last: 3000261412 ns, Reaching safepoint: 62901 ns, At safepoint: 10300 ns, Total: 73201 ns
[899.338s][info ][safepoint      ] Safepoint "Cleanup", Time since last: 1000120006 ns, Reaching safepoint: 51800 ns, At safepoint: 4100 ns, Total: 55900 ns
[900.338s][info ][safepoint      ] Safepoint "Cleanup", Time since last: 1000073405 ns, Reaching safepoint: 53101 ns, At safepoint: 4500 ns, Total: 57601 ns
[901.338s][info ][safepoint      ] Safepoint "Cleanup", Time since last: 1000110906 ns, Reaching safepoint: 45301 ns, At safepoint: 3900 ns, Total: 49201 ns
[902.338s][info ][safepoint      ] Safepoint "Cleanup", Time since last: 1000132307 ns, Reaching safepoint: 63201 ns, At safepoint: 12200 ns, Total: 75401 ns
[903.338s][info ][safepoint      ] Safepoint "Cleanup", Time since last: 1000113007 ns, Reaching safepoint: 64901 ns, At safepoint: 6900 ns, Total: 71801 ns
[904.339s][info ][safepoint      ] Safepoint "Cleanup", Time since last: 1000120608 ns, Reaching safepoint: 49500 ns, At safepoint: 5001 ns, Total: 54501 ns
[906.339s][info ][safepoint      ] Safepoint "Cleanup", Time since last: 2000172315 ns, Reaching safepoint: 49100 ns, At safepoint: 3600 ns, Total: 52700 ns
[908.339s][info ][safepoint      ] Safepoint "Cleanup", Time since last: 2000189117 ns, Reaching safepoint: 67701 ns, At safepoint: 3500 ns, Total: 71201 ns
[909.047s][info ][gc,start       ] GC(104) Pause Young (Allocation Failure)
[909.052s][debug][gc,phases      ] GC(104) Scavenge 5.125ms
[909.052s][debug][gc,ref         ] GC(104) Skipped phase 1 of Reference Processing: no references
[909.052s][debug][gc,ref         ] GC(104) Skipped phase 3 of Reference Processing: no references
[909.052s][debug][gc,phases      ] GC(104) Reference Processing 0.030ms
[909.053s][debug][gc,phases      ] GC(104) Weak Processing 0.580ms
[909.053s][debug][gc,age         ] GC(104) Desired survivor size 19922944 bytes, new threshold 15 (max threshold 15)
[909.053s][info ][gc,heap        ] GC(104) PSYoungGen: 2060592K(2074624K)->7104K(2077696K) Eden: 2053120K(2053120K)->0K(2057216K) From: 7472K(21504K)->7104K(20480K)
[909.053s][info ][gc,heap        ] GC(104) ParOldGen: 413749K(422400K)->413789K(422400K)
[909.053s][info ][gc,metaspace   ] GC(104) Metaspace: 80692K(81472K)->80692K(81472K) NonClass: 69757K(70144K)->69757K(70144K) Class: 10934K(11328K)->10934K(11328K)
[909.053s][info ][gc             ] GC(104) Pause Young (Allocation Failure) 2416M->411M(2441M) 5.900ms
[909.053s][info ][gc,cpu         ] GC(104) User=0.02s Sys=0.00s Real=0.01s
[909.053s][info ][safepoint      ] Safepoint "ParallelGCFailedAllocation", Time since last: 707661804 ns, Reaching safepoint: 30800 ns, At safepoint: 5984492 ns, Total: 6015292 ns
[910.053s][info ][safepoint      ] Safepoint "Cleanup", Time since last: 1000082810 ns, Reaching safepoint: 48800 ns, At safepoint: 5900 ns, Total: 54700 ns
[911.053s][info ][safepoint      ] Safepoint "Cleanup", Time since last: 1000124811 ns, Reaching safepoint: 120502 ns, At safepoint: 11700 ns, Total: 132202 ns
[912.053s][info ][safepoint      ] Safepoint "Cleanup", Time since last: 1000110210 ns, Reaching safepoint: 120802 ns, At safepoint: 9000 ns, Total: 129802 ns
[914.054s][info ][safepoint      ] Safepoint "Cleanup", Time since last: 2000152421 ns, Reaching safepoint: 52101 ns, At safepoint: 8000 ns, Total: 60101 ns
[915.054s][info ][safepoint      ] Safepoint "Cleanup", Time since last: 1000114512 ns, Reaching safepoint: 48401 ns, At safepoint: 8300 ns, Total: 56701 ns
[916.054s][info ][safepoint      ] Safepoint "Cleanup", Time since last: 1000113912 ns, Reaching safepoint: 59301 ns, At safepoint: 8200 ns, Total: 67501 ns
[917.054s][info ][safepoint      ] Safepoint "Cleanup", Time since last: 1000108212 ns, Reaching safepoint: 44601 ns, At safepoint: 3400 ns, Total: 48001 ns
[920.054s][info ][safepoint      ] Safepoint "Cleanup", Time since last: 3000234338 ns, Reaching safepoint: 49801 ns, At safepoint: 5100 ns, Total: 54901 ns
[921.055s][info ][safepoint      ] Safepoint "Cleanup", Time since last: 1000106814 ns, Reaching safepoint: 46401 ns, At safepoint: 4500 ns, Total: 50901 ns
[922.055s][info ][safepoint      ] Safepoint "Cleanup", Time since last: 1000107914 ns, Reaching safepoint: 52901 ns, At safepoint: 8200 ns, Total: 61101 ns
[924.055s][info ][safepoint      ] Safepoint "Cleanup", Time since last: 2000124429 ns, Reaching safepoint: 45100 ns, At safepoint: 3500 ns, Total: 48600 ns
[926.055s][info ][safepoint      ] Safepoint "Cleanup", Time since last: 2000170731 ns, Reaching safepoint: 62801 ns, At safepoint: 14700 ns, Total: 77501 ns
[927.055s][info ][safepoint      ] Safepoint "Cleanup", Time since last: 1000090916 ns, Reaching safepoint: 55601 ns, At safepoint: 6000 ns, Total: 61601 ns
[928.055s][info ][safepoint      ] Safepoint "Cleanup", Time since last: 1000122517 ns, Reaching safepoint: 50901 ns, At safepoint: 14100 ns, Total: 65001 ns
[929.056s][info ][safepoint      ] Safepoint "Cleanup", Time since last: 1000111617 ns, Reaching safepoint: 51601 ns, At safepoint: 5900 ns, Total: 57501 ns
[930.521s][info ][safepoint      ] Safepoint "Cleanup", Time since last: 1465398891 ns, Reaching safepoint: 102601 ns, At safepoint: 9600 ns, Total: 112201 ns
[931.521s][info ][safepoint      ] Safepoint "Cleanup", Time since last: 1000122119 ns, Reaching safepoint: 60001 ns, At safepoint: 4300 ns, Total: 64301 ns
[932.522s][info ][safepoint      ] Safepoint "Cleanup", Time since last: 1000110618 ns, Reaching safepoint: 54501 ns, At safepoint: 6800 ns, Total: 61301 ns
[933.522s][info ][safepoint      ] Safepoint "Cleanup", Time since last: 1000126019 ns, Reaching safepoint: 59101 ns, At safepoint: 10500 ns, Total: 69601 ns
[934.522s][info ][safepoint      ] Safepoint "Cleanup", Time since last: 1000122220 ns, Reaching safepoint: 68901 ns, At safepoint: 5700 ns, Total: 74601 ns
[935.522s][info ][safepoint      ] Safepoint "Cleanup", Time since last: 1000097319 ns, Reaching safepoint: 50201 ns, At safepoint: 4200 ns, Total: 54401 ns
[936.522s][info ][safepoint      ] Safepoint "Cleanup", Time since last: 1000116120 ns, Reaching safepoint: 78402 ns, At safepoint: 8200 ns, Total: 86602 ns
[938.257s][info ][safepoint      ] Safepoint "Cleanup", Time since last: 1734844149 ns, Reaching safepoint: 65301 ns, At safepoint: 11900 ns, Total: 77201 ns
[939.199s][info ][gc,start       ] GC(105) Pause Young (Allocation Failure)
[939.204s][debug][gc,phases      ] GC(105) Scavenge 4.619ms
[939.204s][debug][gc,ref         ] GC(105) Skipped phase 1 of Reference Processing: no references
[939.204s][debug][gc,ref         ] GC(105) Skipped phase 3 of Reference Processing: no references
[939.204s][debug][gc,phases      ] GC(105) Reference Processing 0.043ms
[939.205s][debug][gc,phases      ] GC(105) Weak Processing 0.635ms
[939.205s][debug][gc,age         ] GC(105) Desired survivor size 18874368 bytes, new threshold 15 (max threshold 15)
[939.205s][info ][gc,heap        ] GC(105) PSYoungGen: 2064320K(2077696K)->6768K(2076672K) Eden: 2057216K(2057216K)->0K(2057216K) From: 7104K(20480K)->6768K(19456K)
[939.205s][info ][gc,heap        ] GC(105) ParOldGen: 413789K(422400K)->413917K(422400K)
[939.205s][info ][gc,metaspace   ] GC(105) Metaspace: 80704K(81472K)->80704K(81472K) NonClass: 69769K(70144K)->69769K(70144K) Class: 10934K(11328K)->10934K(11328K)
[939.205s][info ][gc             ] GC(105) Pause Young (Allocation Failure) 2420M->410M(2440M) 5.450ms
[939.205s][info ][gc,cpu         ] GC(105) User=0.02s Sys=0.00s Real=0.01s
[939.205s][info ][safepoint      ] Safepoint "ParallelGCFailedAllocation", Time since last: 942060226 ns, Reaching safepoint: 48301 ns, At safepoint: 5539685 ns, Total: 5587986 ns
[940.205s][info ][safepoint      ] Safepoint "Cleanup", Time since last: 1000091821 ns, Reaching safepoint: 56901 ns, At safepoint: 9100 ns, Total: 66001 ns
[941.205s][info ][safepoint      ] Safepoint "Cleanup", Time since last: 1000116022 ns, Reaching safepoint: 60401 ns, At safepoint: 10400 ns, Total: 70801 ns
[942.205s][info ][safepoint      ] Safepoint "Cleanup", Time since last: 1000072522 ns, Reaching safepoint: 58701 ns, At safepoint: 7300 ns, Total: 66001 ns
[943.303s][info ][safepoint      ] Safepoint "Cleanup", Time since last: 1097293021 ns, Reaching safepoint: 68401 ns, At safepoint: 7101 ns, Total: 75502 ns
[944.303s][info ][safepoint      ] Safepoint "Cleanup", Time since last: 1000109322 ns, Reaching safepoint: 50901 ns, At safepoint: 6600 ns, Total: 57501 ns
[945.303s][info ][safepoint      ] Safepoint "Cleanup", Time since last: 1000118124 ns, Reaching safepoint: 45101 ns, At safepoint: 4100 ns, Total: 49201 ns
[946.303s][info ][safepoint      ] Safepoint "Cleanup", Time since last: 1000119723 ns, Reaching safepoint: 136603 ns, At safepoint: 15800 ns, Total: 152403 ns
[947.303s][info ][safepoint      ] Safepoint "Cleanup", Time since last: 1000124924 ns, Reaching safepoint: 53701 ns, At safepoint: 7800 ns, Total: 61501 ns
[948.304s][info ][safepoint      ] Safepoint "Cleanup", Time since last: 1000112825 ns, Reaching safepoint: 46500 ns, At safepoint: 15101 ns, Total: 61601 ns
[949.304s][info ][safepoint      ] Safepoint "Cleanup", Time since last: 1000102424 ns, Reaching safepoint: 55901 ns, At safepoint: 7300 ns, Total: 63201 ns
[950.304s][info ][safepoint      ] Safepoint "Cleanup", Time since last: 1000107226 ns, Reaching safepoint: 46700 ns, At safepoint: 4500 ns, Total: 51200 ns
[951.304s][info ][safepoint      ] Safepoint "Cleanup", Time since last: 1000109926 ns, Reaching safepoint: 50701 ns, At safepoint: 4100 ns, Total: 54801 ns
[952.304s][info ][safepoint      ] Safepoint "Cleanup", Time since last: 1000106826 ns, Reaching safepoint: 69601 ns, At safepoint: 5000 ns, Total: 74601 ns
[953.305s][info ][safepoint      ] Safepoint "Cleanup", Time since last: 1000108526 ns, Reaching safepoint: 98902 ns, At safepoint: 11400 ns, Total: 110302 ns
[954.305s][info ][safepoint      ] Safepoint "Cleanup", Time since last: 1000110227 ns, Reaching safepoint: 52100 ns, At safepoint: 9101 ns, Total: 61201 ns
[955.305s][info ][safepoint      ] Safepoint "Cleanup", Time since last: 1000098426 ns, Reaching safepoint: 44201 ns, At safepoint: 8300 ns, Total: 52501 ns
[956.305s][info ][safepoint      ] Safepoint "Cleanup", Time since last: 1000060027 ns, Reaching safepoint: 50501 ns, At safepoint: 7000 ns, Total: 57501 ns
[957.305s][info ][safepoint      ] Safepoint "Cleanup", Time since last: 1000108728 ns, Reaching safepoint: 58601 ns, At safepoint: 4000 ns, Total: 62601 ns
[958.305s][info ][safepoint      ] Safepoint "Cleanup", Time since last: 1000099728 ns, Reaching safepoint: 55800 ns, At safepoint: 3801 ns, Total: 59601 ns
[959.305s][info ][safepoint      ] Safepoint "Cleanup", Time since last: 1000084028 ns, Reaching safepoint: 59601 ns, At safepoint: 9700 ns, Total: 69301 ns
[960.306s][info ][safepoint      ] Safepoint "Cleanup", Time since last: 1000068928 ns, Reaching safepoint: 61201 ns, At safepoint: 8800 ns, Total: 70001 ns
[962.306s][info ][safepoint      ] Safepoint "Cleanup", Time since last: 2000129658 ns, Reaching safepoint: 64801 ns, At safepoint: 10800 ns, Total: 75601 ns
[964.306s][info ][safepoint      ] Safepoint "Cleanup", Time since last: 2000148059 ns, Reaching safepoint: 43601 ns, At safepoint: 4000 ns, Total: 47601 ns
[966.306s][info ][safepoint      ] Safepoint "Cleanup", Time since last: 2000138660 ns, Reaching safepoint: 56701 ns, At safepoint: 3300 ns, Total: 60001 ns
[967.306s][info ][safepoint      ] Safepoint "Cleanup", Time since last: 1000116232 ns, Reaching safepoint: 65701 ns, At safepoint: 10000 ns, Total: 75701 ns
[968.307s][info ][safepoint      ] Safepoint "Cleanup", Time since last: 1000101832 ns, Reaching safepoint: 62701 ns, At safepoint: 7000 ns, Total: 69701 ns
[969.307s][info ][safepoint      ] Safepoint "Cleanup", Time since last: 1000115432 ns, Reaching safepoint: 56601 ns, At safepoint: 4900 ns, Total: 61501 ns
[969.735s][info ][gc,start       ] GC(106) Pause Young (Allocation Failure)
[969.741s][debug][gc,phases      ] GC(106) Scavenge 5.799ms
[969.741s][debug][gc,ref         ] GC(106) Skipped phase 1 of Reference Processing: no references
[969.741s][debug][gc,ref         ] GC(106) Skipped phase 3 of Reference Processing: no references
[969.741s][debug][gc,phases      ] GC(106) Reference Processing 0.030ms
[969.742s][debug][gc,phases      ] GC(106) Weak Processing 0.818ms
[969.742s][debug][gc,age         ] GC(106) Desired survivor size 17825792 bytes, new threshold 15 (max threshold 15)
[969.742s][info ][gc,heap        ] GC(106) PSYoungGen: 2063984K(2076672K)->6640K(2079744K) Eden: 2057216K(2057216K)->0K(2061312K) From: 6768K(19456K)->6640K(18432K)
[969.742s][info ][gc,heap        ] GC(106) ParOldGen: 413917K(422400K)->414161K(422400K)
[969.742s][info ][gc,metaspace   ] GC(106) Metaspace: 80720K(81536K)->80720K(81536K) NonClass: 69784K(70208K)->69784K(70208K) Class: 10935K(11328K)->10935K(11328K)
[969.742s][info ][gc             ] GC(106) Pause Young (Allocation Failure) 2419M->410M(2443M) 6.847ms
[969.742s][info ][gc,cpu         ] GC(106) User=0.03s Sys=0.00s Real=0.00s
[969.742s][info ][safepoint      ] Safepoint "ParallelGCFailedAllocation", Time since last: 428173607 ns, Reaching safepoint: 115502 ns, At safepoint: 6971208 ns, Total: 7086710 ns
[970.742s][info ][safepoint      ] Safepoint "Cleanup", Time since last: 1000092832 ns, Reaching safepoint: 126302 ns, At safepoint: 12800 ns, Total: 139102 ns
[971.742s][info ][safepoint      ] Safepoint "Cleanup", Time since last: 1000116433 ns, Reaching safepoint: 71101 ns, At safepoint: 11301 ns, Total: 82402 ns
[972.743s][info ][safepoint      ] Safepoint "Cleanup", Time since last: 1000114033 ns, Reaching safepoint: 61901 ns, At safepoint: 9300 ns, Total: 71201 ns
[973.743s][info ][safepoint      ] Safepoint "Cleanup", Time since last: 1000114534 ns, Reaching safepoint: 125002 ns, At safepoint: 13000 ns, Total: 138002 ns
[974.743s][info ][safepoint      ] Safepoint "Cleanup", Time since last: 1000122334 ns, Reaching safepoint: 54001 ns, At safepoint: 4500 ns, Total: 58501 ns
[975.743s][info ][safepoint      ] Safepoint "Cleanup", Time since last: 1000106335 ns, Reaching safepoint: 61801 ns, At safepoint: 7500 ns, Total: 69301 ns
[976.743s][info ][safepoint      ] Safepoint "Cleanup", Time since last: 1000110035 ns, Reaching safepoint: 48600 ns, At safepoint: 3000 ns, Total: 51600 ns
[978.744s][info ][safepoint      ] Safepoint "Cleanup", Time since last: 2000176671 ns, Reaching safepoint: 59000 ns, At safepoint: 3401 ns, Total: 62401 ns
[980.744s][info ][safepoint      ] Safepoint "Cleanup", Time since last: 2000206571 ns, Reaching safepoint: 62601 ns, At safepoint: 5001 ns, Total: 67602 ns
[981.744s][info ][safepoint      ] Safepoint "Cleanup", Time since last: 1000118036 ns, Reaching safepoint: 68101 ns, At safepoint: 3800 ns, Total: 71901 ns
[982.744s][info ][safepoint      ] Safepoint "Cleanup", Time since last: 1000110437 ns, Reaching safepoint: 72701 ns, At safepoint: 7801 ns, Total: 80502 ns
[983.744s][info ][safepoint      ] Safepoint "Cleanup", Time since last: 1000075936 ns, Reaching safepoint: 50101 ns, At safepoint: 4100 ns, Total: 54201 ns
[984.745s][info ][safepoint      ] Safepoint "Cleanup", Time since last: 1000124838 ns, Reaching safepoint: 59701 ns, At safepoint: 3900 ns, Total: 63601 ns
[985.745s][info ][safepoint      ] Safepoint "Cleanup", Time since last: 1000093438 ns, Reaching safepoint: 56101 ns, At safepoint: 3900 ns, Total: 60001 ns
[986.745s][info ][safepoint      ] Safepoint "Cleanup", Time since last: 1000107738 ns, Reaching safepoint: 124602 ns, At safepoint: 9000 ns, Total: 133602 ns
[988.746s][info ][safepoint      ] Safepoint "Cleanup", Time since last: 2000219178 ns, Reaching safepoint: 238804 ns, At safepoint: 63200 ns, Total: 302004 ns
[989.746s][info ][safepoint      ] Safepoint "Cleanup", Time since last: 1000140240 ns, Reaching safepoint: 133202 ns, At safepoint: 9301 ns, Total: 142503 ns
[990.746s][info ][safepoint      ] Safepoint "Cleanup", Time since last: 1000119239 ns, Reaching safepoint: 137903 ns, At safepoint: 11200 ns, Total: 149103 ns
[991.746s][info ][safepoint      ] Safepoint "Cleanup", Time since last: 1000116740 ns, Reaching safepoint: 139402 ns, At safepoint: 11700 ns, Total: 151102 ns
[992.747s][info ][safepoint      ] Safepoint "Cleanup", Time since last: 1000119541 ns, Reaching safepoint: 144802 ns, At safepoint: 13000 ns, Total: 157802 ns
[994.747s][info ][safepoint      ] Safepoint "Cleanup", Time since last: 2000178881 ns, Reaching safepoint: 82602 ns, At safepoint: 12500 ns, Total: 95102 ns
[995.747s][info ][safepoint      ] Safepoint "Cleanup", Time since last: 1000120842 ns, Reaching safepoint: 121901 ns, At safepoint: 8901 ns, Total: 130802 ns
[996.747s][info ][safepoint      ] Safepoint "Cleanup", Time since last: 1000120442 ns, Reaching safepoint: 132302 ns, At safepoint: 10500 ns, Total: 142802 ns
[997.748s][info ][safepoint      ] Safepoint "Cleanup", Time since last: 1000115742 ns, Reaching safepoint: 121002 ns, At safepoint: 13000 ns, Total: 134002 ns
[998.748s][info ][safepoint      ] Safepoint "Cleanup", Time since last: 1000134443 ns, Reaching safepoint: 118202 ns, At safepoint: 8400 ns, Total: 126602 ns
[999.748s][info ][safepoint      ] Safepoint "Cleanup", Time since last: 1000120743 ns, Reaching safepoint: 114702 ns, At safepoint: 7600 ns, Total: 122302 ns
[1001.748s][info ][safepoint      ] Safepoint "Cleanup", Time since last: 2000180386 ns, Reaching safepoint: 129202 ns, At safepoint: 6500 ns, Total: 135702 ns
[1003.749s][info ][safepoint      ] Safepoint "Cleanup", Time since last: 2000172987 ns, Reaching safepoint: 119302 ns, At safepoint: 9100 ns, Total: 128402 ns
[1003.951s][info ][gc,start       ] GC(107) Pause Young (Allocation Failure)
[1003.956s][debug][gc,phases      ] GC(107) Scavenge 5.233ms
[1003.956s][debug][gc,ref         ] GC(107) Skipped phase 1 of Reference Processing: no references
[1003.956s][debug][gc,ref         ] GC(107) Skipped phase 3 of Reference Processing: no references
[1003.956s][debug][gc,phases      ] GC(107) Reference Processing 0.037ms
[1003.957s][debug][gc,phases      ] GC(107) Weak Processing 0.544ms
[1003.957s][debug][gc,age         ] GC(107) Desired survivor size 17301504 bytes, new threshold 15 (max threshold 15)
[1003.957s][info ][gc,heap        ] GC(107) PSYoungGen: 2067952K(2079744K)->6592K(2078720K) Eden: 2061312K(2061312K)->0K(2061312K) From: 6640K(18432K)->6592K(17408K)
[1003.957s][info ][gc,heap        ] GC(107) ParOldGen: 414161K(422400K)->414305K(422400K)
[1003.957s][info ][gc,metaspace   ] GC(107) Metaspace: 80759K(81536K)->80759K(81536K) NonClass: 69823K(70208K)->69823K(70208K) Class: 10935K(11328K)->10935K(11328K)
[1003.957s][info ][gc             ] GC(107) Pause Young (Allocation Failure) 2423M->411M(2442M) 5.969ms
[1003.957s][info ][gc,cpu         ] GC(107) User=0.02s Sys=0.00s Real=0.01s
[1003.957s][info ][safepoint      ] Safepoint "ParallelGCFailedAllocation", Time since last: 202175222 ns, Reaching safepoint: 39501 ns, At safepoint: 6059093 ns, Total: 6098594 ns
[1004.957s][info ][safepoint      ] Safepoint "Cleanup", Time since last: 1000089145 ns, Reaching safepoint: 52100 ns, At safepoint: 3300 ns, Total: 55400 ns
[1005.957s][info ][safepoint      ] Safepoint "Cleanup", Time since last: 1000113345 ns, Reaching safepoint: 45801 ns, At safepoint: 3800 ns, Total: 49601 ns
[1007.958s][info ][safepoint      ] Safepoint "Cleanup", Time since last: 2000175390 ns, Reaching safepoint: 52701 ns, At safepoint: 5300 ns, Total: 58001 ns
[1009.958s][info ][safepoint      ] Safepoint "Cleanup", Time since last: 2000169892 ns, Reaching safepoint: 60700 ns, At safepoint: 6401 ns, Total: 67101 ns
[1010.958s][info ][safepoint      ] Safepoint "Cleanup", Time since last: 1000112062 ns, Reaching safepoint: 35601 ns, At safepoint: 17800 ns, Total: 53401 ns
[1011.958s][info ][safepoint      ] Safepoint "Cleanup", Time since last: 1000097418 ns, Reaching safepoint: 61301 ns, At safepoint: 11800 ns, Total: 73101 ns
[1012.958s][info ][safepoint      ] Safepoint "Cleanup", Time since last: 1000096520 ns, Reaching safepoint: 51401 ns, At safepoint: 4100 ns, Total: 55501 ns
[1014.959s][info ][safepoint      ] Safepoint "Cleanup", Time since last: 2000189661 ns, Reaching safepoint: 50000 ns, At safepoint: 6500 ns, Total: 56500 ns
[1015.959s][info ][safepoint      ] Safepoint "Cleanup", Time since last: 1000107499 ns, Reaching safepoint: 40401 ns, At safepoint: 3400 ns, Total: 43801 ns
[1016.959s][info ][safepoint      ] Safepoint "Cleanup", Time since last: 1000115001 ns, Reaching safepoint: 46001 ns, At safepoint: 3200 ns, Total: 49201 ns
[1017.959s][info ][safepoint      ] Safepoint "Cleanup", Time since last: 1000116803 ns, Reaching safepoint: 57101 ns, At safepoint: 4700 ns, Total: 61801 ns
[1018.959s][info ][safepoint      ] Safepoint "Cleanup", Time since last: 1000106606 ns, Reaching safepoint: 44401 ns, At safepoint: 3500 ns, Total: 47901 ns
[1019.959s][info ][safepoint      ] Safepoint "Cleanup", Time since last: 1000132909 ns, Reaching safepoint: 54300 ns, At safepoint: 12601 ns, Total: 66901 ns
[1020.960s][info ][safepoint      ] Safepoint "Cleanup", Time since last: 1000117410 ns, Reaching safepoint: 46901 ns, At safepoint: 4200 ns, Total: 51101 ns
[1021.960s][info ][safepoint      ] Safepoint "Cleanup", Time since last: 1000109613 ns, Reaching safepoint: 51001 ns, At safepoint: 3300 ns, Total: 54301 ns
[1022.960s][info ][safepoint      ] Safepoint "Cleanup", Time since last: 1000089115 ns, Reaching safepoint: 42201 ns, At safepoint: 3100 ns, Total: 45301 ns
[1023.960s][info ][safepoint      ] Safepoint "Cleanup", Time since last: 1000101618 ns, Reaching safepoint: 42300 ns, At safepoint: 3400 ns, Total: 45700 ns
[1024.960s][info ][safepoint      ] Safepoint "Cleanup", Time since last: 1000105220 ns, Reaching safepoint: 48401 ns, At safepoint: 3700 ns, Total: 52101 ns
[1025.960s][info ][safepoint      ] Safepoint "Cleanup", Time since last: 1000104523 ns, Reaching safepoint: 59301 ns, At safepoint: 3800 ns, Total: 63101 ns
[1026.961s][info ][safepoint      ] Safepoint "Cleanup", Time since last: 1000115625 ns, Reaching safepoint: 53600 ns, At safepoint: 7900 ns, Total: 61500 ns
[1027.961s][info ][safepoint      ] Safepoint "Cleanup", Time since last: 1000102428 ns, Reaching safepoint: 113301 ns, At safepoint: 8300 ns, Total: 121601 ns
[1028.961s][info ][safepoint      ] Safepoint "Cleanup", Time since last: 1000111930 ns, Reaching safepoint: 58301 ns, At safepoint: 6700 ns, Total: 65001 ns
[1029.961s][info ][safepoint      ] Safepoint "Cleanup", Time since last: 1000112332 ns, Reaching safepoint: 56101 ns, At safepoint: 9600 ns, Total: 65701 ns
[1030.961s][info ][safepoint      ] Safepoint "Cleanup", Time since last: 1000082334 ns, Reaching safepoint: 49101 ns, At safepoint: 3300 ns, Total: 52401 ns
[1031.961s][info ][safepoint      ] Safepoint "Cleanup", Time since last: 1000114536 ns, Reaching safepoint: 127502 ns, At safepoint: 9400 ns, Total: 136902 ns
[1032.962s][info ][safepoint      ] Safepoint "Cleanup", Time since last: 1000110339 ns, Reaching safepoint: 44801 ns, At safepoint: 3600 ns, Total: 48401 ns
[1034.962s][info ][safepoint      ] Safepoint "Cleanup", Time since last: 2000188285 ns, Reaching safepoint: 35200 ns, At safepoint: 3800 ns, Total: 39000 ns
[1035.320s][info ][gc,start       ] GC(108) Pause Young (Allocation Failure)
[1035.325s][debug][gc,phases      ] GC(108) Scavenge 4.691ms
[1035.325s][debug][gc,ref         ] GC(108) Skipped phase 1 of Reference Processing: no references
[1035.325s][debug][gc,ref         ] GC(108) Skipped phase 3 of Reference Processing: no references
[1035.325s][debug][gc,phases      ] GC(108) Reference Processing 0.024ms
[1035.325s][debug][gc,phases      ] GC(108) Weak Processing 0.566ms
[1035.325s][debug][gc,age         ] GC(108) Desired survivor size 16777216 bytes, new threshold 15 (max threshold 15)
[1035.325s][info ][gc,heap        ] GC(108) PSYoungGen: 2067904K(2078720K)->6496K(2080768K) Eden: 2061312K(2061312K)->0K(2063872K) From: 6592K(17408K)->6496K(16896K)
[1035.325s][info ][gc,heap        ] GC(108) ParOldGen: 414305K(422400K)->414797K(422400K)
[1035.325s][info ][gc,metaspace   ] GC(108) Metaspace: 80763K(81536K)->80763K(81536K) NonClass: 69828K(70208K)->69828K(70208K) Class: 10935K(11328K)->10935K(11328K)
[1035.325s][info ][gc             ] GC(108) Pause Young (Allocation Failure) 2424M->411M(2444M) 5.433ms
[1035.325s][info ][gc,cpu         ] GC(108) User=0.02s Sys=0.00s Real=0.01s
[1035.326s][info ][safepoint      ] Safepoint "ParallelGCFailedAllocation", Time since last: 358086137 ns, Reaching safepoint: 36900 ns, At safepoint: 5528580 ns, Total: 5565480 ns
[1036.326s][info ][safepoint      ] Safepoint "Cleanup", Time since last: 1000074746 ns, Reaching safepoint: 56301 ns, At safepoint: 8300 ns, Total: 64601 ns
[1037.326s][info ][safepoint      ] Safepoint "Cleanup", Time since last: 1000111349 ns, Reaching safepoint: 63301 ns, At safepoint: 5500 ns, Total: 68801 ns
[1040.326s][info ][safepoint      ] Safepoint "Cleanup", Time since last: 3000264260 ns, Reaching safepoint: 60401 ns, At safepoint: 7000 ns, Total: 67401 ns
[1041.326s][info ][safepoint      ] Safepoint "Cleanup", Time since last: 1000106659 ns, Reaching safepoint: 63600 ns, At safepoint: 7801 ns, Total: 71401 ns
[1042.327s][info ][safepoint      ] Safepoint "Cleanup", Time since last: 1000122060 ns, Reaching safepoint: 53901 ns, At safepoint: 6600 ns, Total: 60501 ns
[1043.327s][info ][safepoint      ] Safepoint "Cleanup", Time since last: 1000111763 ns, Reaching safepoint: 52901 ns, At safepoint: 6400 ns, Total: 59301 ns
[1044.327s][info ][safepoint      ] Safepoint "Cleanup", Time since last: 1000131065 ns, Reaching safepoint: 80702 ns, At safepoint: 11900 ns, Total: 92602 ns
[1045.327s][info ][safepoint      ] Safepoint "Cleanup", Time since last: 1000110167 ns, Reaching safepoint: 48101 ns, At safepoint: 3900 ns, Total: 52001 ns
[1046.327s][info ][safepoint      ] Safepoint "Cleanup", Time since last: 1000140870 ns, Reaching safepoint: 50101 ns, At safepoint: 3600 ns, Total: 53701 ns
[1047.328s][info ][safepoint      ] Safepoint "Cleanup", Time since last: 1000134572 ns, Reaching safepoint: 75001 ns, At safepoint: 13001 ns, Total: 88002 ns
[1048.328s][info ][safepoint      ] Safepoint "Cleanup", Time since last: 1000118174 ns, Reaching safepoint: 104901 ns, At safepoint: 10901 ns, Total: 115802 ns
[1049.328s][info ][safepoint      ] Safepoint "Cleanup", Time since last: 1000124976 ns, Reaching safepoint: 69901 ns, At safepoint: 5500 ns, Total: 75401 ns
[1050.328s][info ][safepoint      ] Safepoint "Cleanup", Time since last: 1000124779 ns, Reaching safepoint: 61201 ns, At safepoint: 4600 ns, Total: 65801 ns
[1051.328s][info ][safepoint      ] Safepoint "Cleanup", Time since last: 1000114881 ns, Reaching safepoint: 66501 ns, At safepoint: 5100 ns, Total: 71601 ns
[1052.328s][info ][safepoint      ] Safepoint "Cleanup", Time since last: 1000104684 ns, Reaching safepoint: 34100 ns, At safepoint: 3800 ns, Total: 37900 ns
[1053.329s][info ][safepoint      ] Safepoint "Cleanup", Time since last: 1000118786 ns, Reaching safepoint: 67101 ns, At safepoint: 3500 ns, Total: 70601 ns
[1054.329s][info ][safepoint      ] Safepoint "Cleanup", Time since last: 1000137688 ns, Reaching safepoint: 57101 ns, At safepoint: 3400 ns, Total: 60501 ns
[1056.337s][info ][safepoint      ] Safepoint "Cleanup", Time since last: 2008366399 ns, Reaching safepoint: 75701 ns, At safepoint: 8800 ns, Total: 84501 ns
[1057.337s][info ][safepoint      ] Safepoint "Cleanup", Time since last: 1000116595 ns, Reaching safepoint: 65001 ns, At safepoint: 3800 ns, Total: 68801 ns
[1058.338s][info ][safepoint      ] Safepoint "Cleanup", Time since last: 1000120797 ns, Reaching safepoint: 62301 ns, At safepoint: 9400 ns, Total: 71701 ns
[1059.338s][info ][safepoint      ] Safepoint "Cleanup", Time since last: 1000117299 ns, Reaching safepoint: 58301 ns, At safepoint: 3700 ns, Total: 62001 ns
[1060.340s][info ][safepoint      ] Safepoint "Cleanup", Time since last: 1000134101 ns, Reaching safepoint: 2199432 ns, At safepoint: 14100 ns, Total: 2213532 ns
[1061.340s][info ][safepoint      ] Safepoint "Cleanup", Time since last: 1000127604 ns, Reaching safepoint: 62500 ns, At safepoint: 10401 ns, Total: 72901 ns
[1063.344s][info ][safepoint      ] Safepoint "Cleanup", Time since last: 2003352358 ns, Reaching safepoint: 57501 ns, At safepoint: 8400 ns, Total: 65901 ns
[1066.344s][info ][safepoint      ] Safepoint "Cleanup", Time since last: 3000247435 ns, Reaching safepoint: 125002 ns, At safepoint: 9100 ns, Total: 134102 ns
[1067.344s][info ][safepoint      ] Safepoint "Cleanup", Time since last: 1000082216 ns, Reaching safepoint: 95201 ns, At safepoint: 9400 ns, Total: 104601 ns
[1068.345s][info ][safepoint      ] Safepoint "Cleanup", Time since last: 1000150020 ns, Reaching safepoint: 92601 ns, At safepoint: 18700 ns, Total: 111301 ns
[1068.386s][info ][gc,start       ] GC(109) Pause Young (Allocation Failure)
[1068.404s][debug][gc,phases      ] GC(109) Scavenge 17.401ms
[1068.404s][debug][gc,ref         ] GC(109) Skipped phase 1 of Reference Processing: no references
[1068.404s][debug][gc,ref         ] GC(109) Skipped phase 3 of Reference Processing: no references
[1068.404s][debug][gc,phases      ] GC(109) Reference Processing 0.054ms
[1068.405s][debug][gc,phases      ] GC(109) Weak Processing 0.710ms
[1068.405s][debug][gc,age         ] GC(109) Desired survivor size 15728640 bytes, new threshold 15 (max threshold 15)
[1068.405s][info ][gc,heap        ] GC(109) PSYoungGen: 2070368K(2080768K)->6384K(2080256K) Eden: 2063872K(2063872K)->0K(2063872K) From: 6496K(16896K)->6384K(16384K)
[1068.405s][info ][gc,heap        ] GC(109) ParOldGen: 414797K(422400K)->415081K(422400K)
[1068.405s][info ][gc,metaspace   ] GC(109) Metaspace: 80789K(81536K)->80789K(81536K) NonClass: 69853K(70208K)->69853K(70208K) Class: 10936K(11328K)->10936K(11328K)
[1068.405s][info ][gc             ] GC(109) Pause Young (Allocation Failure) 2426M->411M(2444M) 18.335ms
[1068.405s][info ][gc,cpu         ] GC(109) User=0.02s Sys=0.00s Real=0.02s
[1068.405s][info ][safepoint      ] Safepoint "ParallelGCFailedAllocation", Time since last: 41519899 ns, Reaching safepoint: 47201 ns, At safepoint: 18441265 ns, Total: 18488466 ns
[1069.405s][info ][safepoint      ] Safepoint "Cleanup", Time since last: 1000091521 ns, Reaching safepoint: 126602 ns, At safepoint: 5500 ns, Total: 132102 ns
[1070.405s][info ][safepoint      ] Safepoint "Cleanup", Time since last: 1000146324 ns, Reaching safepoint: 136202 ns, At safepoint: 6700 ns, Total: 142902 ns
[1071.405s][info ][safepoint      ] Safepoint "Cleanup", Time since last: 1000112925 ns, Reaching safepoint: 127502 ns, At safepoint: 8600 ns, Total: 136102 ns
[1072.406s][info ][safepoint      ] Safepoint "Cleanup", Time since last: 1000114027 ns, Reaching safepoint: 132802 ns, At safepoint: 8300 ns, Total: 141102 ns
[1073.406s][info ][safepoint      ] Safepoint "Cleanup", Time since last: 1000125030 ns, Reaching safepoint: 130402 ns, At safepoint: 5300 ns, Total: 135702 ns
[1074.406s][info ][safepoint      ] Safepoint "Cleanup", Time since last: 1000133332 ns, Reaching safepoint: 127702 ns, At safepoint: 6900 ns, Total: 134602 ns
[1075.406s][info ][safepoint      ] Safepoint "Cleanup", Time since last: 1000115734 ns, Reaching safepoint: 40701 ns, At safepoint: 21500 ns, Total: 62201 ns
[1076.407s][info ][safepoint      ] Safepoint "Cleanup", Time since last: 1000107736 ns, Reaching safepoint: 119602 ns, At safepoint: 5100 ns, Total: 124702 ns
[1077.407s][info ][safepoint      ] Safepoint "Cleanup", Time since last: 1000123938 ns, Reaching safepoint: 476707 ns, At safepoint: 14200 ns, Total: 490907 ns
[1078.411s][info ][safepoint      ] Safepoint "Cleanup", Time since last: 1000133041 ns, Reaching safepoint: 3214646 ns, At safepoint: 16000 ns, Total: 3230646 ns
[1081.411s][info ][safepoint      ] Safepoint "Cleanup", Time since last: 3000232433 ns, Reaching safepoint: 92701 ns, At safepoint: 4500 ns, Total: 97201 ns
[1082.411s][info ][safepoint      ] Safepoint "Cleanup", Time since last: 1000107149 ns, Reaching safepoint: 53500 ns, At safepoint: 4101 ns, Total: 57601 ns
[1083.417s][info ][safepoint      ] Safepoint "Cleanup", Time since last: 1000144751 ns, Reaching safepoint: 5373078 ns, At safepoint: 14900 ns, Total: 5387978 ns
[1086.417s][info ][safepoint      ] Safepoint "Cleanup", Time since last: 3000265764 ns, Reaching safepoint: 95302 ns, At safepoint: 4700 ns, Total: 100002 ns
[1088.417s][info ][safepoint      ] Safepoint "Cleanup", Time since last: 2000214620 ns, Reaching safepoint: 72701 ns, At safepoint: 4800 ns, Total: 77501 ns
[1089.417s][info ][safepoint      ] Safepoint "Cleanup", Time since last: 1000110964 ns, Reaching safepoint: 53901 ns, At safepoint: 17700 ns, Total: 71601 ns
[1090.418s][info ][safepoint      ] Safepoint "Cleanup", Time since last: 1000115465 ns, Reaching safepoint: 68901 ns, At safepoint: 8401 ns, Total: 77302 ns
[1091.418s][info ][safepoint      ] Safepoint "Cleanup", Time since last: 1000122467 ns, Reaching safepoint: 74101 ns, At safepoint: 11701 ns, Total: 85802 ns
[1092.418s][info ][safepoint      ] Safepoint "Cleanup", Time since last: 1000129870 ns, Reaching safepoint: 54800 ns, At safepoint: 5101 ns, Total: 59901 ns
[1098.420s][info ][safepoint      ] Safepoint "Cleanup", Time since last: 6001839878 ns, Reaching safepoint: 64901 ns, At safepoint: 10600 ns, Total: 75501 ns
[1099.420s][info ][safepoint      ] Safepoint "Cleanup", Time since last: 1000110884 ns, Reaching safepoint: 73302 ns, At safepoint: 8600 ns, Total: 81902 ns
[1099.754s][info ][gc,start       ] GC(110) Pause Young (Allocation Failure)
[1099.764s][debug][gc,phases      ] GC(110) Scavenge 9.565ms
[1099.764s][debug][gc,ref         ] GC(110) Skipped phase 1 of Reference Processing: no references
[1099.764s][debug][gc,ref         ] GC(110) Skipped phase 3 of Reference Processing: no references
[1099.764s][debug][gc,phases      ] GC(110) Reference Processing 0.041ms
[1099.765s][debug][gc,phases      ] GC(110) Weak Processing 0.699ms
[1099.765s][debug][gc,age         ] GC(110) Desired survivor size 15204352 bytes, new threshold 15 (max threshold 15)
[1099.765s][info ][gc,heap        ] GC(110) PSYoungGen: 2070256K(2080256K)->5712K(2082304K) Eden: 2063872K(2063872K)->0K(2066944K) From: 6384K(16384K)->5712K(15360K)
[1099.765s][info ][gc,heap        ] GC(110) ParOldGen: 415081K(422400K)->416225K(422400K)
[1099.765s][info ][gc,metaspace   ] GC(110) Metaspace: 80803K(81600K)->80803K(81600K) NonClass: 69867K(70272K)->69867K(70272K) Class: 10936K(11328K)->10936K(11328K)
[1099.765s][info ][gc             ] GC(110) Pause Young (Allocation Failure) 2427M->412M(2446M) 10.476ms
[1099.765s][info ][gc,cpu         ] GC(110) User=0.02s Sys=0.00s Real=0.01s
[1099.765s][info ][safepoint      ] Safepoint "ParallelGCFailedAllocation", Time since last: 333896436 ns, Reaching safepoint: 38000 ns, At safepoint: 10566653 ns, Total: 10604653 ns
[1100.765s][info ][safepoint      ] Safepoint "Cleanup", Time since last: 1000096787 ns, Reaching safepoint: 55701 ns, At safepoint: 5200 ns, Total: 60901 ns
[1101.765s][info ][safepoint      ] Safepoint "Cleanup", Time since last: 1000102189 ns, Reaching safepoint: 64701 ns, At safepoint: 14900 ns, Total: 79601 ns
[1102.765s][info ][safepoint      ] Safepoint "Cleanup", Time since last: 1000114191 ns, Reaching safepoint: 60801 ns, At safepoint: 11200 ns, Total: 72001 ns
[1103.765s][info ][safepoint      ] Safepoint "Cleanup", Time since last: 1000105493 ns, Reaching safepoint: 56301 ns, At safepoint: 3100 ns, Total: 59401 ns
[1105.766s][info ][safepoint      ] Safepoint "Cleanup", Time since last: 2000183291 ns, Reaching safepoint: 66301 ns, At safepoint: 8000 ns, Total: 74301 ns
[1106.766s][info ][safepoint      ] Safepoint "Cleanup", Time since last: 1000107899 ns, Reaching safepoint: 43501 ns, At safepoint: 4500 ns, Total: 48001 ns
[1107.766s][info ][safepoint      ] Safepoint "Cleanup", Time since last: 1000099901 ns, Reaching safepoint: 56601 ns, At safepoint: 7900 ns, Total: 64501 ns
[1108.766s][info ][safepoint      ] Safepoint "Cleanup", Time since last: 1000112203 ns, Reaching safepoint: 68901 ns, At safepoint: 6900 ns, Total: 75801 ns
[1109.766s][info ][safepoint      ] Safepoint "Cleanup", Time since last: 1000104705 ns, Reaching safepoint: 98401 ns, At safepoint: 7700 ns, Total: 106101 ns
[1110.767s][info ][safepoint      ] Safepoint "Cleanup", Time since last: 1000123808 ns, Reaching safepoint: 78501 ns, At safepoint: 6900 ns, Total: 85401 ns
[1111.767s][info ][safepoint      ] Safepoint "Cleanup", Time since last: 1000148410 ns, Reaching safepoint: 61701 ns, At safepoint: 4500 ns, Total: 66201 ns
[1112.767s][info ][safepoint      ] Safepoint "Cleanup", Time since last: 1000154811 ns, Reaching safepoint: 56801 ns, At safepoint: 3700 ns, Total: 60501 ns
[1113.767s][info ][safepoint      ] Safepoint "Cleanup", Time since last: 1000108813 ns, Reaching safepoint: 50401 ns, At safepoint: 8800 ns, Total: 59201 ns
[1114.767s][info ][safepoint      ] Safepoint "Cleanup", Time since last: 1000148316 ns, Reaching safepoint: 131402 ns, At safepoint: 9300 ns, Total: 140702 ns
[1115.768s][info ][safepoint      ] Safepoint "Cleanup", Time since last: 1000120217 ns, Reaching safepoint: 50401 ns, At safepoint: 3900 ns, Total: 54301 ns
[1116.768s][info ][safepoint      ] Safepoint "Cleanup", Time since last: 1000106819 ns, Reaching safepoint: 80101 ns, At safepoint: 7300 ns, Total: 87401 ns
[1117.768s][info ][safepoint      ] Safepoint "Cleanup", Time since last: 1000116521 ns, Reaching safepoint: 37901 ns, At safepoint: 4900 ns, Total: 42801 ns
[1118.771s][info ][safepoint      ] Safepoint "Cleanup", Time since last: 1002692560 ns, Reaching safepoint: 97501 ns, At safepoint: 6801 ns, Total: 104302 ns
[1119.771s][info ][safepoint      ] Safepoint "Cleanup", Time since last: 1000159725 ns, Reaching safepoint: 65501 ns, At safepoint: 4600 ns, Total: 70101 ns
[1120.771s][info ][safepoint      ] Safepoint "Cleanup", Time since last: 1000117727 ns, Reaching safepoint: 48001 ns, At safepoint: 5100 ns, Total: 53101 ns
[1121.771s][info ][safepoint      ] Safepoint "Cleanup", Time since last: 1000110929 ns, Reaching safepoint: 81901 ns, At safepoint: 3600 ns, Total: 85501 ns
[1122.772s][info ][safepoint      ] Safepoint "Cleanup", Time since last: 1000117031 ns, Reaching safepoint: 63301 ns, At safepoint: 11500 ns, Total: 74801 ns
[1123.772s][info ][safepoint      ] Safepoint "Cleanup", Time since last: 1000168534 ns, Reaching safepoint: 49300 ns, At safepoint: 4301 ns, Total: 53601 ns
[1124.772s][info ][safepoint      ] Safepoint "Cleanup", Time since last: 1000108634 ns, Reaching safepoint: 60901 ns, At safepoint: 14300 ns, Total: 75201 ns
[1126.227s][info ][safepoint      ] Safepoint "Cleanup", Time since last: 1454713545 ns, Reaching safepoint: 98002 ns, At safepoint: 46000 ns, Total: 144002 ns
[1127.227s][info ][safepoint      ] Safepoint "Cleanup", Time since last: 1000122040 ns, Reaching safepoint: 56001 ns, At safepoint: 3500 ns, Total: 59501 ns
[1128.154s][info ][gc,start       ] GC(111) Pause Young (Allocation Failure)
[1128.159s][debug][gc,phases      ] GC(111) Scavenge 4.874ms
[1128.159s][debug][gc,ref         ] GC(111) Skipped phase 1 of Reference Processing: no references
[1128.159s][debug][gc,ref         ] GC(111) Skipped phase 3 of Reference Processing: no references
[1128.159s][debug][gc,phases      ] GC(111) Reference Processing 0.024ms
[1128.159s][debug][gc,phases      ] GC(111) Weak Processing 0.542ms
[1128.159s][debug][gc,age         ] GC(111) Desired survivor size 15204352 bytes, new threshold 15 (max threshold 15)
[1128.159s][info ][gc,heap        ] GC(111) PSYoungGen: 2072656K(2082304K)->4816K(2081792K) Eden: 2066944K(2066944K)->0K(2066944K) From: 5712K(15360K)->4816K(14848K)
[1128.159s][info ][gc,heap        ] GC(111) ParOldGen: 416225K(422400K)->417362K(422400K)
[1128.159s][info ][gc,metaspace   ] GC(111) Metaspace: 80813K(81600K)->80813K(81600K) NonClass: 69877K(70272K)->69877K(70272K) Class: 10936K(11328K)->10936K(11328K)
[1128.159s][info ][gc             ] GC(111) Pause Young (Allocation Failure) 2430M->412M(2445M) 5.620ms
[1128.159s][info ][gc,cpu         ] GC(111) User=0.02s Sys=0.00s Real=0.00s
[1128.159s][info ][safepoint      ] Safepoint "ParallelGCFailedAllocation", Time since last: 926623173 ns, Reaching safepoint: 61501 ns, At safepoint: 5700083 ns, Total: 5761584 ns
[1130.160s][info ][safepoint      ] Safepoint "Cleanup", Time since last: 2000150587 ns, Reaching safepoint: 44901 ns, At safepoint: 7900 ns, Total: 52801 ns
[1134.160s][info ][safepoint      ] Safepoint "Cleanup", Time since last: 4000284897 ns, Reaching safepoint: 58201 ns, At safepoint: 3500 ns, Total: 61701 ns
[1135.160s][info ][safepoint      ] Safepoint "Cleanup", Time since last: 1000111055 ns, Reaching safepoint: 45300 ns, At safepoint: 4701 ns, Total: 50001 ns
[1137.160s][info ][safepoint      ] Safepoint "Cleanup", Time since last: 2000166414 ns, Reaching safepoint: 52901 ns, At safepoint: 4800 ns, Total: 57701 ns
[1138.160s][info ][safepoint      ] Safepoint "Cleanup", Time since last: 1000071060 ns, Reaching safepoint: 49000 ns, At safepoint: 3600 ns, Total: 52600 ns
[1139.161s][info ][safepoint      ] Safepoint "Cleanup", Time since last: 1000097163 ns, Reaching safepoint: 53900 ns, At safepoint: 7600 ns, Total: 61500 ns
[1140.161s][info ][safepoint      ] Safepoint "Cleanup", Time since last: 1000122965 ns, Reaching safepoint: 60401 ns, At safepoint: 4800 ns, Total: 65201 ns
[1141.161s][info ][safepoint      ] Safepoint "Cleanup", Time since last: 1000068165 ns, Reaching safepoint: 31901 ns, At safepoint: 4000 ns, Total: 35901 ns
[1142.161s][info ][safepoint      ] Safepoint "Cleanup", Time since last: 1000103268 ns, Reaching safepoint: 45900 ns, At safepoint: 4000 ns, Total: 49900 ns
[1143.161s][info ][safepoint      ] Safepoint "Cleanup", Time since last: 1000110170 ns, Reaching safepoint: 38101 ns, At safepoint: 3300 ns, Total: 41401 ns
[1147.162s][info ][safepoint      ] Safepoint "Cleanup", Time since last: 4000308996 ns, Reaching safepoint: 55701 ns, At safepoint: 3300 ns, Total: 59001 ns
[1148.162s][info ][safepoint      ] Safepoint "Cleanup", Time since last: 1000104979 ns, Reaching safepoint: 44501 ns, At safepoint: 4600 ns, Total: 49101 ns
[1149.162s][info ][safepoint      ] Safepoint "Cleanup", Time since last: 1000103181 ns, Reaching safepoint: 53801 ns, At safepoint: 3400 ns, Total: 57201 ns
[1150.162s][info ][safepoint      ] Safepoint "Cleanup", Time since last: 1000108882 ns, Reaching safepoint: 37601 ns, At safepoint: 3500 ns, Total: 41101 ns
[1151.162s][info ][safepoint      ] Safepoint "Cleanup", Time since last: 1000115585 ns, Reaching safepoint: 50801 ns, At safepoint: 3600 ns, Total: 54401 ns
[1152.162s][info ][safepoint      ] Safepoint "Cleanup", Time since last: 1000110386 ns, Reaching safepoint: 46101 ns, At safepoint: 3700 ns, Total: 49801 ns
[1153.163s][info ][safepoint      ] Safepoint "Cleanup", Time since last: 1000102388 ns, Reaching safepoint: 41901 ns, At safepoint: 4000 ns, Total: 45901 ns
[1154.163s][info ][safepoint      ] Safepoint "Cleanup", Time since last: 1000102990 ns, Reaching safepoint: 58801 ns, At safepoint: 9500 ns, Total: 68301 ns
[1155.163s][info ][safepoint      ] Safepoint "Cleanup", Time since last: 1000122693 ns, Reaching safepoint: 61100 ns, At safepoint: 4001 ns, Total: 65101 ns
[1157.163s][info ][safepoint      ] Safepoint "Cleanup", Time since last: 2000187089 ns, Reaching safepoint: 120802 ns, At safepoint: 10500 ns, Total: 131302 ns
[1159.163s][info ][safepoint      ] Safepoint "Cleanup", Time since last: 2000184696 ns, Reaching safepoint: 54401 ns, At safepoint: 6800 ns, Total: 61201 ns
[1159.651s][info ][gc,start       ] GC(112) Pause Young (Allocation Failure)
[1159.655s][debug][gc,phases      ] GC(112) Scavenge 3.606ms
[1159.655s][debug][gc,ref         ] GC(112) Skipped phase 1 of Reference Processing: no references
[1159.655s][debug][gc,ref         ] GC(112) Skipped phase 3 of Reference Processing: no references
[1159.655s][debug][gc,phases      ] GC(112) Reference Processing 0.022ms
[1159.656s][debug][gc,phases      ] GC(112) Weak Processing 0.530ms
[1159.656s][debug][gc,age         ] GC(112) Desired survivor size 14680064 bytes, new threshold 15 (max threshold 15)
[1159.656s][info ][gc,heap        ] GC(112) PSYoungGen: 2071760K(2081792K)->5104K(2082816K) Eden: 2066944K(2066944K)->0K(2067968K) From: 4816K(14848K)->5104K(14848K)
[1159.656s][info ][gc,heap        ] GC(112) ParOldGen: 417362K(422400K)->417466K(422400K)
[1159.656s][info ][gc,metaspace   ] GC(112) Metaspace: 80819K(81600K)->80819K(81600K) NonClass: 69883K(70272K)->69883K(70272K) Class: 10936K(11328K)->10936K(11328K)
[1159.656s][info ][gc             ] GC(112) Pause Young (Allocation Failure) 2430M->412M(2446M) 4.298ms
[1159.656s][info ][gc,cpu         ] GC(112) User=0.01s Sys=0.00s Real=0.01s
[1159.656s][info ][safepoint      ] Safepoint "ParallelGCFailedAllocation", Time since last: 487894023 ns, Reaching safepoint: 122702 ns, At safepoint: 4381864 ns, Total: 4504566 ns
[1161.656s][info ][safepoint      ] Safepoint "Cleanup", Time since last: 2000143805 ns, Reaching safepoint: 58801 ns, At safepoint: 4000 ns, Total: 62801 ns
[1162.656s][info ][safepoint      ] Safepoint "Cleanup", Time since last: 1000111906 ns, Reaching safepoint: 60200 ns, At safepoint: 7501 ns, Total: 67701 ns
[1163.656s][info ][safepoint      ] Safepoint "Cleanup", Time since last: 1000129007 ns, Reaching safepoint: 48701 ns, At safepoint: 3900 ns, Total: 52601 ns
[1166.657s][info ][safepoint      ] Safepoint "Cleanup", Time since last: 3000256633 ns, Reaching safepoint: 51900 ns, At safepoint: 4000 ns, Total: 55900 ns
[1167.657s][info ][safepoint      ] Safepoint "Cleanup", Time since last: 1000120715 ns, Reaching safepoint: 51301 ns, At safepoint: 9300 ns, Total: 60601 ns
[1168.657s][info ][safepoint      ] Safepoint "Cleanup", Time since last: 1000113417 ns, Reaching safepoint: 45300 ns, At safepoint: 3801 ns, Total: 49101 ns
[1169.657s][info ][safepoint      ] Safepoint "Cleanup", Time since last: 1000100918 ns, Reaching safepoint: 56201 ns, At safepoint: 4100 ns, Total: 60301 ns
[1170.658s][info ][safepoint      ] Safepoint "Cleanup", Time since last: 1000130120 ns, Reaching safepoint: 142402 ns, At safepoint: 9900 ns, Total: 152302 ns
[1171.658s][info ][safepoint      ] Safepoint "Cleanup", Time since last: 1000143323 ns, Reaching safepoint: 131502 ns, At safepoint: 9100 ns, Total: 140602 ns
[1172.658s][info ][safepoint      ] Safepoint "Cleanup", Time since last: 1000107723 ns, Reaching safepoint: 68001 ns, At safepoint: 11000 ns, Total: 79001 ns
[1173.658s][info ][safepoint      ] Safepoint "Cleanup", Time since last: 1000093426 ns, Reaching safepoint: 56400 ns, At safepoint: 13101 ns, Total: 69501 ns
[1175.658s][info ][safepoint      ] Safepoint "Cleanup", Time since last: 2000172855 ns, Reaching safepoint: 51801 ns, At safepoint: 9700 ns, Total: 61501 ns
[1176.659s][info ][safepoint      ] Safepoint "Cleanup", Time since last: 1000097831 ns, Reaching safepoint: 60900 ns, At safepoint: 6501 ns, Total: 67401 ns
[1177.659s][info ][safepoint      ] Safepoint "Cleanup", Time since last: 1000109532 ns, Reaching safepoint: 48901 ns, At safepoint: 4300 ns, Total: 53201 ns
[1178.659s][info ][safepoint      ] Safepoint "Cleanup", Time since last: 1000113134 ns, Reaching safepoint: 128302 ns, At safepoint: 12300 ns, Total: 140602 ns
[1179.659s][info ][safepoint      ] Safepoint "Cleanup", Time since last: 1000117636 ns, Reaching safepoint: 35401 ns, At safepoint: 4000 ns, Total: 39401 ns
[1180.659s][info ][safepoint      ] Safepoint "Cleanup", Time since last: 1000108438 ns, Reaching safepoint: 52500 ns, At safepoint: 4400 ns, Total: 56900 ns
[1181.659s][info ][safepoint      ] Safepoint "Cleanup", Time since last: 1000111840 ns, Reaching safepoint: 48601 ns, At safepoint: 17800 ns, Total: 66401 ns
[1183.660s][info ][safepoint      ] Safepoint "Cleanup", Time since last: 2000185884 ns, Reaching safepoint: 76401 ns, At safepoint: 11600 ns, Total: 88001 ns
[1187.660s][info ][safepoint      ] Safepoint "Cleanup", Time since last: 4000270386 ns, Reaching safepoint: 48701 ns, At safepoint: 5700 ns, Total: 54401 ns
[1191.573s][info ][gc,start       ] GC(113) Pause Young (Allocation Failure)
[1191.577s][debug][gc,phases      ] GC(113) Scavenge 4.301ms
[1191.577s][debug][gc,ref         ] GC(113) Skipped phase 1 of Reference Processing: no references
[1191.577s][debug][gc,ref         ] GC(113) Skipped phase 3 of Reference Processing: no references
[1191.577s][debug][gc,phases      ] GC(113) Reference Processing 0.024ms
[1191.578s][debug][gc,phases      ] GC(113) Weak Processing 0.539ms
[1191.578s][debug][gc,age         ] GC(113) Desired survivor size 14155776 bytes, new threshold 15 (max threshold 15)
[1191.578s][info ][gc,heap        ] GC(113) PSYoungGen: 2073072K(2082816K)->5008K(2082304K) Eden: 2067968K(2067968K)->0K(2067968K) From: 5104K(14848K)->5008K(14336K)
[1191.578s][info ][gc,heap        ] GC(113) ParOldGen: 417466K(422400K)->417530K(422400K)
[1191.578s][info ][gc,metaspace   ] GC(113) Metaspace: 80829K(81600K)->80829K(81600K) NonClass: 69892K(70272K)->69892K(70272K) Class: 10936K(11328K)->10936K(11328K)
[1191.578s][info ][gc             ] GC(113) Pause Young (Allocation Failure) 2432M->412M(2446M) 5.041ms
[1191.578s][info ][gc,cpu         ] GC(113) User=0.01s Sys=0.00s Real=0.00s
[1191.578s][info ][safepoint      ] Safepoint "ParallelGCFailedAllocation", Time since last: 3912760032 ns, Reaching safepoint: 52301 ns, At safepoint: 5152275 ns, Total: 5204576 ns
[1198.579s][info ][safepoint      ] Safepoint "Cleanup", Time since last: 7000418539 ns, Reaching safepoint: 59800 ns, At safepoint: 14301 ns, Total: 74101 ns
[1206.579s][info ][safepoint      ] Safepoint "Cleanup", Time since last: 8000583403 ns, Reaching safepoint: 55901 ns, At safepoint: 10500 ns, Total: 66401 ns
[1209.579s][info ][safepoint      ] Safepoint "Cleanup", Time since last: 3000241854 ns, Reaching safepoint: 59601 ns, At safepoint: 9000 ns, Total: 68601 ns
[1211.580s][info ][safepoint      ] Safepoint "Cleanup", Time since last: 2000185478 ns, Reaching safepoint: 58101 ns, At safepoint: 4800 ns, Total: 62901 ns
[1212.580s][info ][safepoint      ] Safepoint "Cleanup", Time since last: 1000123292 ns, Reaching safepoint: 48501 ns, At safepoint: 4900 ns, Total: 53401 ns
[1213.580s][info ][safepoint      ] Safepoint "Cleanup", Time since last: 1000111993 ns, Reaching safepoint: 74301 ns, At safepoint: 7600 ns, Total: 81901 ns
[1215.580s][info ][safepoint      ] Safepoint "Cleanup", Time since last: 2000170191 ns, Reaching safepoint: 73501 ns, At safepoint: 8701 ns, Total: 82202 ns
[1221.631s][info ][gc,start       ] GC(114) Pause Young (Allocation Failure)
[1221.635s][debug][gc,phases      ] GC(114) Scavenge 3.766ms
[1221.635s][debug][gc,ref         ] GC(114) Skipped phase 1 of Reference Processing: no references
[1221.635s][debug][gc,ref         ] GC(114) Skipped phase 3 of Reference Processing: no references
[1221.635s][debug][gc,phases      ] GC(114) Reference Processing 0.024ms
[1221.635s][debug][gc,phases      ] GC(114) Weak Processing 0.526ms
[1221.635s][debug][gc,age         ] GC(114) Desired survivor size 13631488 bytes, new threshold 15 (max threshold 15)
[1221.635s][info ][gc,heap        ] GC(114) PSYoungGen: 2072976K(2082304K)->5232K(2083840K) Eden: 2067968K(2067968K)->0K(2070016K) From: 5008K(14336K)->5232K(13824K)
[1221.635s][info ][gc,heap        ] GC(114) ParOldGen: 417530K(422400K)->417606K(422400K)
[1221.635s][info ][gc,metaspace   ] GC(114) Metaspace: 80832K(81600K)->80832K(81600K) NonClass: 69896K(70272K)->69896K(70272K) Class: 10936K(11328K)->10936K(11328K)
[1221.635s][info ][gc             ] GC(114) Pause Young (Allocation Failure) 2432M->412M(2447M) 4.458ms
[1221.635s][info ][gc,cpu         ] GC(114) User=0.02s Sys=0.00s Real=0.01s
[1221.636s][info ][safepoint      ] Safepoint "ParallelGCFailedAllocation", Time since last: 6050485646 ns, Reaching safepoint: 158102 ns, At safepoint: 4547867 ns, Total: 4705969 ns
[1225.636s][info ][safepoint      ] Safepoint "Cleanup", Time since last: 4000293040 ns, Reaching safepoint: 51301 ns, At safepoint: 5500 ns, Total: 56801 ns
[1226.636s][info ][safepoint      ] Safepoint "Cleanup", Time since last: 1000118814 ns, Reaching safepoint: 113802 ns, At safepoint: 6800 ns, Total: 120602 ns
[1227.636s][info ][safepoint      ] Safepoint "Cleanup", Time since last: 1000109716 ns, Reaching safepoint: 61401 ns, At safepoint: 9600 ns, Total: 71001 ns
[1228.636s][info ][safepoint      ] Safepoint "Cleanup", Time since last: 1000106618 ns, Reaching safepoint: 44500 ns, At safepoint: 4400 ns, Total: 48900 ns
[1240.637s][info ][safepoint      ] Safepoint "Cleanup", Time since last: 12000824227 ns, Reaching safepoint: 55801 ns, At safepoint: 4300 ns, Total: 60101 ns
[1242.638s][info ][safepoint      ] Safepoint "Cleanup", Time since last: 2000188077 ns, Reaching safepoint: 65601 ns, At safepoint: 14000 ns, Total: 79601 ns
[1243.638s][info ][safepoint      ] Safepoint "Cleanup", Time since last: 1000118242 ns, Reaching safepoint: 55501 ns, At safepoint: 8200 ns, Total: 63701 ns
[1244.638s][info ][safepoint      ] Safepoint "Cleanup", Time since last: 1000110142 ns, Reaching safepoint: 70201 ns, At safepoint: 10900 ns, Total: 81101 ns
[1247.638s][info ][safepoint      ] Safepoint "Cleanup", Time since last: 3000205236 ns, Reaching safepoint: 70701 ns, At safepoint: 11600 ns, Total: 82301 ns
[1249.639s][info ][safepoint      ] Safepoint "Cleanup", Time since last: 2000187799 ns, Reaching safepoint: 60200 ns, At safepoint: 33101 ns, Total: 93301 ns
[1250.457s][info ][gc,start       ] GC(115) Pause Young (Allocation Failure)
[1250.461s][debug][gc,phases      ] GC(115) Scavenge 4.518ms
[1250.461s][debug][gc,ref         ] GC(115) Skipped phase 1 of Reference Processing: no references
[1250.461s][debug][gc,ref         ] GC(115) Skipped phase 3 of Reference Processing: no references
[1250.461s][debug][gc,phases      ] GC(115) Reference Processing 0.027ms
[1250.462s][debug][gc,phases      ] GC(115) Weak Processing 0.572ms
[1250.462s][debug][gc,age         ] GC(115) Desired survivor size 13107200 bytes, new threshold 15 (max threshold 15)
[1250.462s][info ][gc,heap        ] GC(115) PSYoungGen: 2075248K(2083840K)->4560K(2083328K) Eden: 2070016K(2070016K)->0K(2070016K) From: 5232K(13824K)->4560K(13312K)
[1250.462s][info ][gc,heap        ] GC(115) ParOldGen: 417606K(422400K)->417762K(422400K)
[1250.462s][info ][gc,metaspace   ] GC(115) Metaspace: 80863K(81600K)->80863K(81600K) NonClass: 69921K(70272K)->69921K(70272K) Class: 10941K(11328K)->10941K(11328K)
[1250.462s][info ][gc             ] GC(115) Pause Young (Allocation Failure) 2434M->412M(2447M) 5.239ms
[1250.462s][info ][gc,cpu         ] GC(115) User=0.02s Sys=0.00s Real=0.00s
[1250.462s][info ][safepoint      ] Safepoint "ParallelGCFailedAllocation", Time since last: 817954765 ns, Reaching safepoint: 64501 ns, At safepoint: 5359679 ns, Total: 5424180 ns
[1257.462s][info ][safepoint      ] Safepoint "Cleanup", Time since last: 7000479299 ns, Reaching safepoint: 54201 ns, At safepoint: 6400 ns, Total: 60601 ns
[1258.463s][info ][safepoint      ] Safepoint "Cleanup", Time since last: 1000120164 ns, Reaching safepoint: 62900 ns, At safepoint: 11901 ns, Total: 74801 ns
[1266.463s][info ][safepoint      ] Safepoint "Cleanup", Time since last: 8000567158 ns, Reaching safepoint: 53601 ns, At safepoint: 8200 ns, Total: 61801 ns
[1267.463s][info ][safepoint      ] Safepoint "Cleanup", Time since last: 1000104477 ns, Reaching safepoint: 56700 ns, At safepoint: 4401 ns, Total: 61101 ns
[1276.464s][info ][safepoint      ] Safepoint "Cleanup", Time since last: 9000626753 ns, Reaching safepoint: 52701 ns, At safepoint: 4100 ns, Total: 56801 ns
[1279.464s][info ][safepoint      ] Safepoint "Cleanup", Time since last: 3000219877 ns, Reaching safepoint: 55601 ns, At safepoint: 7600 ns, Total: 63201 ns
[1280.465s][info ][safepoint      ] Safepoint "Cleanup", Time since last: 1000137097 ns, Reaching safepoint: 55800 ns, At safepoint: 5701 ns, Total: 61501 ns
[1281.465s][info ][safepoint      ] Safepoint "Cleanup", Time since last: 1000090197 ns, Reaching safepoint: 54900 ns, At safepoint: 8300 ns, Total: 63200 ns
[1281.683s][info ][gc,start       ] GC(116) Pause Young (Allocation Failure)
[1281.687s][debug][gc,phases      ] GC(116) Scavenge 4.054ms
[1281.687s][debug][gc,ref         ] GC(116) Skipped phase 1 of Reference Processing: no references
[1281.687s][debug][gc,ref         ] GC(116) Skipped phase 3 of Reference Processing: no references
[1281.687s][debug][gc,phases      ] GC(116) Reference Processing 0.045ms
[1281.687s][debug][gc,phases      ] GC(116) Weak Processing 0.555ms
[1281.687s][debug][gc,age         ] GC(116) Desired survivor size 13107200 bytes, new threshold 15 (max threshold 15)
[1281.687s][info ][gc,heap        ] GC(116) PSYoungGen: 2074576K(2083328K)->4544K(2084352K) Eden: 2070016K(2070016K)->0K(2071552K) From: 4560K(13312K)->4544K(12800K)
[1281.687s][info ][gc,heap        ] GC(116) ParOldGen: 417762K(422400K)->417866K(422400K)
[1281.687s][info ][gc,metaspace   ] GC(116) Metaspace: 80890K(81664K)->80890K(81664K) NonClass: 69941K(70336K)->69941K(70336K) Class: 10949K(11328K)->10949K(11328K)
[1281.687s][info ][gc             ] GC(116) Pause Young (Allocation Failure) 2433M->412M(2448M) 4.796ms
[1281.687s][info ][gc,cpu         ] GC(116) User=0.00s Sys=0.02s Real=0.01s
[1281.687s][info ][safepoint      ] Safepoint "ParallelGCFailedAllocation", Time since last: 217697022 ns, Reaching safepoint: 31200 ns, At safepoint: 4884572 ns, Total: 4915772 ns
[1284.688s][info ][safepoint      ] Safepoint "Cleanup", Time since last: 3000241101 ns, Reaching safepoint: 62501 ns, At safepoint: 7200 ns, Total: 69701 ns
[1285.688s][info ][safepoint      ] Safepoint "Cleanup", Time since last: 1000113203 ns, Reaching safepoint: 51001 ns, At safepoint: 4700 ns, Total: 55701 ns
[1286.688s][info ][safepoint      ] Safepoint "Cleanup", Time since last: 1000109405 ns, Reaching safepoint: 56500 ns, At safepoint: 5201 ns, Total: 61701 ns
[1287.688s][info ][safepoint      ] Safepoint "Cleanup", Time since last: 1000114906 ns, Reaching safepoint: 61201 ns, At safepoint: 8400 ns, Total: 69601 ns
[1288.688s][info ][safepoint      ] Safepoint "Cleanup", Time since last: 1000082307 ns, Reaching safepoint: 52701 ns, At safepoint: 5400 ns, Total: 58101 ns
[1289.689s][info ][safepoint      ] Safepoint "Cleanup", Time since last: 1000080208 ns, Reaching safepoint: 60001 ns, At safepoint: 10401 ns, Total: 70402 ns
[1290.689s][info ][safepoint      ] Safepoint "Cleanup", Time since last: 1000084010 ns, Reaching safepoint: 47600 ns, At safepoint: 8000 ns, Total: 55600 ns
[1291.689s][info ][safepoint      ] Safepoint "Cleanup", Time since last: 1000112312 ns, Reaching safepoint: 67501 ns, At safepoint: 7300 ns, Total: 74801 ns
[1293.689s][info ][safepoint      ] Safepoint "Cleanup", Time since last: 2000177528 ns, Reaching safepoint: 56000 ns, At safepoint: 3701 ns, Total: 59701 ns
[1294.689s][info ][safepoint      ] Safepoint "Cleanup", Time since last: 1000071415 ns, Reaching safepoint: 47701 ns, At safepoint: 4200 ns, Total: 51901 ns
[1295.689s][info ][safepoint      ] Safepoint "Cleanup", Time since last: 1000109917 ns, Reaching safepoint: 46001 ns, At safepoint: 4500 ns, Total: 50501 ns
[1297.690s][info ][safepoint      ] Safepoint "Cleanup", Time since last: 2000178438 ns, Reaching safepoint: 56401 ns, At safepoint: 5500 ns, Total: 61901 ns
[1298.690s][info ][safepoint      ] Safepoint "Cleanup", Time since last: 1000112922 ns, Reaching safepoint: 56001 ns, At safepoint: 13600 ns, Total: 69601 ns
[1299.690s][info ][safepoint      ] Safepoint "Cleanup", Time since last: 1000126723 ns, Reaching safepoint: 71801 ns, At safepoint: 4100 ns, Total: 75901 ns
[1302.690s][info ][safepoint      ] Safepoint "Cleanup", Time since last: 3000249476 ns, Reaching safepoint: 70501 ns, At safepoint: 10901 ns, Total: 81402 ns
[1304.691s][info ][safepoint      ] Safepoint "Cleanup", Time since last: 2000131157 ns, Reaching safepoint: 55300 ns, At safepoint: 5401 ns, Total: 60701 ns
[1307.691s][info ][safepoint      ] Safepoint "Cleanup", Time since last: 3000217696 ns, Reaching safepoint: 50500 ns, At safepoint: 5500 ns, Total: 56000 ns
[1308.691s][info ][safepoint      ] Safepoint "Cleanup", Time since last: 1000101536 ns, Reaching safepoint: 47200 ns, At safepoint: 4200 ns, Total: 51400 ns
[1309.691s][info ][safepoint      ] Safepoint "Cleanup", Time since last: 1000109837 ns, Reaching safepoint: 49701 ns, At safepoint: 5400 ns, Total: 55101 ns
[1312.335s][info ][gc,start       ] GC(117) Pause Young (Allocation Failure)
[1312.338s][debug][gc,phases      ] GC(117) Scavenge 3.631ms
[1312.338s][debug][gc,ref         ] GC(117) Skipped phase 1 of Reference Processing: no references
[1312.338s][debug][gc,ref         ] GC(117) Skipped phase 3 of Reference Processing: no references
[1312.338s][debug][gc,phases      ] GC(117) Reference Processing 0.034ms
[1312.339s][debug][gc,phases      ] GC(117) Weak Processing 0.540ms
[1312.339s][debug][gc,age         ] GC(117) Desired survivor size 12582912 bytes, new threshold 15 (max threshold 15)
[1312.339s][info ][gc,heap        ] GC(117) PSYoungGen: 2076096K(2084352K)->4800K(2084352K) Eden: 2071552K(2071552K)->0K(2071552K) From: 4544K(12800K)->4800K(12800K)
[1312.339s][info ][gc,heap        ] GC(117) ParOldGen: 417866K(422400K)->417906K(422400K)
[1312.339s][info ][gc,metaspace   ] GC(117) Metaspace: 80901K(81664K)->80901K(81664K) NonClass: 69951K(70336K)->69951K(70336K) Class: 10950K(11328K)->10950K(11328K)
[1312.339s][info ][gc             ] GC(117) Pause Young (Allocation Failure) 2435M->412M(2448M) 4.354ms
[1312.339s][info ][gc,cpu         ] GC(117) User=0.02s Sys=0.00s Real=0.00s
[1312.339s][info ][safepoint      ] Safepoint "ParallelGCFailedAllocation", Time since last: 2643478123 ns, Reaching safepoint: 127001 ns, At safepoint: 4439966 ns, Total: 4566967 ns
[1313.339s][info ][safepoint      ] Safepoint "Cleanup", Time since last: 1000082842 ns, Reaching safepoint: 54000 ns, At safepoint: 10301 ns, Total: 64301 ns
[1316.340s][info ][safepoint      ] Safepoint "Cleanup", Time since last: 3000193530 ns, Reaching safepoint: 42401 ns, At safepoint: 4000 ns, Total: 46401 ns
[1319.340s][info ][safepoint      ] Safepoint "Cleanup", Time since last: 3000251544 ns, Reaching safepoint: 51101 ns, At safepoint: 8400 ns, Total: 59501 ns
[1321.340s][info ][safepoint      ] Safepoint "Cleanup", Time since last: 2000172102 ns, Reaching safepoint: 58701 ns, At safepoint: 9100 ns, Total: 67801 ns
[1322.340s][info ][safepoint      ] Safepoint "Cleanup", Time since last: 1000121654 ns, Reaching safepoint: 51401 ns, At safepoint: 4400 ns, Total: 55801 ns
[1323.613s][info ][safepoint      ] Safepoint "Cleanup", Time since last: 1272767705 ns, Reaching safepoint: 96201 ns, At safepoint: 8100 ns, Total: 104301 ns
[1326.613s][info ][safepoint      ] Safepoint "Cleanup", Time since last: 3000245073 ns, Reaching safepoint: 54801 ns, At safepoint: 8900 ns, Total: 63701 ns
[1331.614s][info ][safepoint      ] Safepoint "Cleanup", Time since last: 5000372013 ns, Reaching safepoint: 58601 ns, At safepoint: 8000 ns, Total: 66601 ns
[1336.614s][info ][safepoint      ] Safepoint "Cleanup", Time since last: 5000379546 ns, Reaching safepoint: 53301 ns, At safepoint: 33500 ns, Total: 86801 ns
[1341.757s][info ][gc,start       ] GC(118) Pause Young (Allocation Failure)
[1341.761s][debug][gc,phases      ] GC(118) Scavenge 4.042ms
[1341.761s][debug][gc,ref         ] GC(118) Skipped phase 1 of Reference Processing: no references
[1341.761s][debug][gc,ref         ] GC(118) Skipped phase 3 of Reference Processing: no references
[1341.761s][debug][gc,phases      ] GC(118) Reference Processing 0.024ms
[1341.762s][debug][gc,phases      ] GC(118) Weak Processing 0.527ms
[1341.762s][debug][gc,age         ] GC(118) Desired survivor size 12058624 bytes, new threshold 15 (max threshold 15)
[1341.762s][info ][gc,heap        ] GC(118) PSYoungGen: 2076352K(2084352K)->4752K(2085376K) Eden: 2071552K(2071552K)->0K(2073088K) From: 4800K(12800K)->4752K(12288K)
[1341.762s][info ][gc,heap        ] GC(118) ParOldGen: 417906K(422400K)->417946K(422400K)
[1341.762s][info ][gc,metaspace   ] GC(118) Metaspace: 80914K(81664K)->80914K(81664K) NonClass: 69964K(70336K)->69964K(70336K) Class: 10950K(11328K)->10950K(11328K)
[1341.762s][info ][gc             ] GC(118) Pause Young (Allocation Failure) 2435M->412M(2449M) 4.726ms
[1341.762s][info ][gc,cpu         ] GC(118) User=0.02s Sys=0.00s Real=0.00s
[1341.762s][info ][safepoint      ] Safepoint "ParallelGCFailedAllocation", Time since last: 5142691395 ns, Reaching safepoint: 41601 ns, At safepoint: 4808471 ns, Total: 4850072 ns
[1345.762s][info ][safepoint      ] Safepoint "Cleanup", Time since last: 4000277126 ns, Reaching safepoint: 68101 ns, At safepoint: 10300 ns, Total: 78401 ns
[1354.763s][info ][safepoint      ] Safepoint "Cleanup", Time since last: 9000602906 ns, Reaching safepoint: 48500 ns, At safepoint: 4500 ns, Total: 53000 ns
[1356.763s][info ][safepoint      ] Safepoint "Cleanup", Time since last: 2000177594 ns, Reaching safepoint: 63501 ns, At safepoint: 18300 ns, Total: 81801 ns
[1364.764s][info ][safepoint      ] Safepoint "Cleanup", Time since last: 8000542420 ns, Reaching safepoint: 49501 ns, At safepoint: 4200 ns, Total: 53701 ns
[1366.293s][info ][safepoint      ] Safepoint "Cleanup", Time since last: 1528887092 ns, Reaching safepoint: 53201 ns, At safepoint: 3700 ns, Total: 56901 ns
[1367.316s][info ][safepoint      ] Safepoint "Cleanup", Time since last: 1022804449 ns, Reaching safepoint: 60801 ns, At safepoint: 4000 ns, Total: 64801 ns
[1372.797s][info ][gc,start       ] GC(119) Pause Young (Allocation Failure)
[1372.801s][debug][gc,phases      ] GC(119) Scavenge 4.425ms
[1372.801s][debug][gc,ref         ] GC(119) Skipped phase 1 of Reference Processing: no references
[1372.801s][debug][gc,ref         ] GC(119) Skipped phase 3 of Reference Processing: no references
[1372.801s][debug][gc,phases      ] GC(119) Reference Processing 0.025ms
[1372.802s][debug][gc,phases      ] GC(119) Weak Processing 0.596ms
[1372.802s][debug][gc,age         ] GC(119) Desired survivor size 11534336 bytes, new threshold 15 (max threshold 15)
[1372.802s][info ][gc,heap        ] GC(119) PSYoungGen: 2077840K(2085376K)->4784K(2084864K) Eden: 2073088K(2073088K)->0K(2073088K) From: 4752K(12288K)->4784K(11776K)
[1372.802s][info ][gc,heap        ] GC(119) ParOldGen: 417946K(422400K)->417994K(422400K)
[1372.802s][info ][gc,metaspace   ] GC(119) Metaspace: 80927K(81664K)->80927K(81664K) NonClass: 69975K(70336K)->69975K(70336K) Class: 10951K(11328K)->10951K(11328K)
[1372.802s][info ][gc             ] GC(119) Pause Young (Allocation Failure) 2437M->412M(2448M) 5.181ms
[1372.802s][info ][gc,cpu         ] GC(119) User=0.02s Sys=0.00s Real=0.00s
[1372.802s][info ][safepoint      ] Safepoint "ParallelGCFailedAllocation", Time since last: 5480832334 ns, Reaching safepoint: 108802 ns, At safepoint: 5276279 ns, Total: 5385081 ns
[1382.803s][info ][safepoint      ] Safepoint "Cleanup", Time since last: 10000713931 ns, Reaching safepoint: 127102 ns, At safepoint: 11700 ns, Total: 138802 ns
[1383.803s][info ][safepoint      ] Safepoint "Cleanup", Time since last: 1000112930 ns, Reaching safepoint: 61001 ns, At safepoint: 12000 ns, Total: 73001 ns
[1385.803s][info ][safepoint      ] Safepoint "Cleanup", Time since last: 2000165263 ns, Reaching safepoint: 122702 ns, At safepoint: 12100 ns, Total: 134802 ns
[1390.804s][info ][safepoint      ] Safepoint "Cleanup", Time since last: 5000368178 ns, Reaching safepoint: 119502 ns, At safepoint: 12500 ns, Total: 132002 ns
[1391.804s][info ][safepoint      ] Safepoint "Cleanup", Time since last: 1000116039 ns, Reaching safepoint: 53401 ns, At safepoint: 4000 ns, Total: 57401 ns
[1526.813s][info ][safepoint      ] Safepoint "Cleanup", Time since last: 135008676764 ns, Reaching safepoint: 66501 ns, At safepoint: 8300 ns, Total: 74801 ns
[1633.573s][info ][gc,start       ] GC(120) Pause Young (Allocation Failure)
[1633.578s][debug][gc,phases      ] GC(120) Scavenge 4.276ms
[1633.578s][debug][gc,ref         ] GC(120) Skipped phase 1 of Reference Processing: no references
[1633.578s][debug][gc,ref         ] GC(120) Skipped phase 3 of Reference Processing: no references
[1633.578s][debug][gc,ref         ] GC(120) Skipped phase 4 of Reference Processing: no references
[1633.578s][debug][gc,phases      ] GC(120) Reference Processing 0.025ms
[1633.578s][debug][gc,phases      ] GC(120) Weak Processing 0.525ms
[1633.578s][debug][gc,age         ] GC(120) Desired survivor size 11534336 bytes, new threshold 15 (max threshold 15)
[1633.578s][info ][gc,heap        ] GC(120) PSYoungGen: 2077872K(2084864K)->3536K(2085888K) Eden: 2073088K(2073088K)->0K(2074624K) From: 4784K(11776K)->3536K(11264K)
[1633.578s][info ][gc,heap        ] GC(120) ParOldGen: 417994K(422400K)->418218K(422400K)
[1633.578s][info ][gc,metaspace   ] GC(120) Metaspace: 80965K(81728K)->80965K(81728K) NonClass: 70013K(70400K)->70013K(70400K) Class: 10952K(11328K)->10952K(11328K)
[1633.578s][info ][gc             ] GC(120) Pause Young (Allocation Failure) 2437M->411M(2449M) 4.962ms
[1633.578s][info ][gc,cpu         ] GC(120) User=0.02s Sys=0.00s Real=0.00s
[1633.578s][info ][safepoint      ] Safepoint "ParallelGCFailedAllocation", Time since last: 106760794464 ns, Reaching safepoint: 34901 ns, At safepoint: 5086277 ns, Total: 5121178 ns
[1700.583s][info ][safepoint      ] Safepoint "Cleanup", Time since last: 67004321074 ns, Reaching safepoint: 68601 ns, At safepoint: 8600 ns, Total: 77201 ns
[1700.721s][info ][gc,heap,exit   ] Heap
[1700.721s][info ][gc,heap,exit   ]  PSYoungGen      total 2085888K, used 232952K [0x0000000780000000, 0x0000000800000000, 0x0000000800000000)
[1700.721s][info ][gc,heap,exit   ]   eden space 2074624K, 11% used [0x0000000780000000,0x000000078e00a050,0x00000007fea00000)
[1700.721s][info ][gc,heap,exit   ]   from space 11264K, 31% used [0x00000007ff500000,0x00000007ff8740a8,0x0000000800000000)
[1700.721s][info ][gc,heap,exit   ]   to   space 11264K, 0% used [0x00000007fea00000,0x00000007fea00000,0x00000007ff500000)
[1700.721s][info ][gc,heap,exit   ]  ParOldGen       total 422400K, used 418218K [0x0000000740000000, 0x0000000759c80000, 0x0000000780000000)
[1700.721s][info ][gc,heap,exit   ]   object space 422400K, 99% used [0x0000000740000000,0x000000075986aac8,0x0000000759c80000)
[1700.721s][info ][gc,heap,exit   ]  Metaspace       used 80999K, committed 81728K, reserved 1122304K
[1700.721s][info ][gc,heap,exit   ]   class space    used 10955K, committed 11328K, reserved 1048576K
