[0.004s][info][gc] Using Parallel
[0.013s][info][gc,init] Version: 16.0.2+7 (release)
[0.013s][info][gc,init] CPUs: 8 total, 8 available
[0.013s][info][gc,init] Memory: 32117M
[0.013s][info][gc,init] Large Page Support: Disabled
[0.013s][info][gc,init] NUMA Support: Disabled
[0.013s][info][gc,init] Compressed Oops: Enabled (Zero based)
[0.013s][info][gc,init] Alignments: Space 512K, Generation 512K, Heap 2M
[0.013s][info][gc,init] Heap Min Capacity: 2054M
[0.013s][info][gc,init] Heap Initial Capacity: 2054M
[0.013s][info][gc,init] Heap Max Capacity: 3G
[0.013s][info][gc,init] Pre-touch: Disabled
[0.013s][info][gc,init] Parallel Workers: 4
[0.013s][info][gc,metaspace] CDS disabled.
[0.013s][info][gc,metaspace] Compressed class space mapped at: 0x0000000800000000-0x0000000840000000, reserved size: 1073741824
[0.013s][info][gc,metaspace] Narrow klass base: 0x0000000800000000, Narrow klass shift: 0, Narrow klass range: 0x40000000
[1.137s][info][safepoint   ] Safepoint "Cleanup", Time since last: 1080091969 ns, Reaching safepoint: 127903 ns, At safepoint: 3900 ns, Total: 131803 ns
[1.785s][info][gc,start    ] GC(0) Pause Young (Metadata GC Threshold)
[1.830s][debug][gc,phases   ] GC(0) Scavenge 16.422ms
[1.830s][debug][gc,ref      ] GC(0) Skipped phase 1 of Reference Processing: no references
[1.830s][debug][gc,ref      ] GC(0) Skipped phase 3 of Reference Processing: no references
[1.830s][debug][gc,phases   ] GC(0) Reference Processing 0.187ms
[1.831s][debug][gc,phases   ] GC(0) Weak Processing 0.512ms
[1.831s][debug][gc,age      ] GC(0) Desired survivor size 536870912 bytes, new threshold 7 (max threshold 15)
[1.831s][info ][gc,heap     ] GC(0) PSYoungGen: 240927K(1572864K)->18117K(1572864K) Eden: 240927K(1048576K)->0K(1048576K) From: 0K(524288K)->18117K(524288K)
[1.831s][info ][gc,heap     ] GC(0) ParOldGen: 0K(6144K)->8K(6144K)
[1.831s][info ][gc,metaspace] GC(0) Metaspace: 20992K(21248K)->20992K(21248K) NonClass: 18592K(18688K)->18592K(18688K) Class: 2399K(2560K)->2399K(2560K)
[1.831s][info ][gc          ] GC(0) Pause Young (Metadata GC Threshold) 235M->17M(1542M) 45.771ms
[1.831s][info ][gc,cpu      ] GC(0) User=0.03s Sys=0.01s Real=0.05s
[1.831s][debug][gc,phases   ] GC(1) Pre Compact 0.018ms
[1.831s][info ][gc,start    ] GC(1) Pause Full (Metadata GC Threshold)
[1.831s][info ][gc,phases,start] GC(1) Marking Phase
[1.841s][debug][gc,phases      ] GC(1) Par Mark 9.964ms
[1.841s][debug][gc,ref         ] GC(1) Skipped phase 1 of Reference Processing: no references
[1.841s][debug][gc,ref         ] GC(1) Skipped phase 3 of Reference Processing: no references
[1.841s][debug][gc,phases      ] GC(1) Reference Processing 0.079ms
[1.841s][debug][gc,phases      ] GC(1) Weak Processing 0.159ms
[1.841s][debug][gc,phases      ] GC(1) ClassLoaderData 0.018ms
[1.841s][debug][gc,phases      ] GC(1) Trigger cleanups 0.000ms
[1.843s][debug][gc,phases      ] GC(1) Class Unloading 1.968ms
[1.843s][info ][gc,phases      ] GC(1) Marking Phase 12.269ms
[1.843s][info ][gc,phases,start] GC(1) Summary Phase
[1.843s][info ][gc,phases      ] GC(1) Summary Phase 0.012ms
[1.843s][info ][gc,phases,start] GC(1) Adjust Roots
[1.855s][info ][gc,phases      ] GC(1) Adjust Roots 11.612ms
[1.855s][info ][gc,phases,start] GC(1) Compaction Phase
[1.880s][info ][gc,phases      ] GC(1) Compaction Phase 25.765ms
[1.880s][info ][gc,phases,start] GC(1) Post Compact
[1.882s][info ][gc,phases      ] GC(1) Post Compact 1.111ms
[1.882s][info ][gc,heap        ] GC(1) PSYoungGen: 18117K(1572864K)->13468K(1572864K) Eden: 0K(1048576K)->0K(1048576K) From: 18117K(524288K)->13468K(524288K)
[1.882s][info ][gc,heap        ] GC(1) ParOldGen: 8K(6144K)->4590K(6144K)
[1.882s][info ][gc,metaspace   ] GC(1) Metaspace: 20992K(21248K)->20992K(21248K) NonClass: 18592K(18688K)->18592K(18688K) Class: 2399K(2560K)->2399K(2560K)
[1.882s][info ][gc             ] GC(1) Pause Full (Metadata GC Threshold) 17M->17M(1542M) 50.946ms
[1.882s][info ][gc,cpu         ] GC(1) User=0.07s Sys=0.00s Real=0.05s
[1.882s][info ][safepoint      ] Safepoint "CollectForMetadataAllocation", Time since last: 643767520 ns, Reaching safepoint: 4132384 ns, At safepoint: 96899459 ns, Total: 101031843 ns
[2.513s][info ][safepoint      ] Safepoint "ICBufferFull", Time since last: 630963153 ns, Reaching safepoint: 142103 ns, At safepoint: 4800 ns, Total: 146903 ns
[2.557s][info ][safepoint      ] Safepoint "ICBufferFull", Time since last: 43851086 ns, Reaching safepoint: 73802 ns, At safepoint: 3300 ns, Total: 77102 ns
[2.581s][info ][safepoint      ] Safepoint "ICBufferFull", Time since last: 23923283 ns, Reaching safepoint: 67702 ns, At safepoint: 3100 ns, Total: 70802 ns
[2.621s][info ][safepoint      ] Safepoint "ICBufferFull", Time since last: 39930706 ns, Reaching safepoint: 69502 ns, At safepoint: 3000 ns, Total: 72502 ns
[2.653s][info ][safepoint      ] Safepoint "ICBufferFull", Time since last: 31925345 ns, Reaching safepoint: 63201 ns, At safepoint: 3300 ns, Total: 66501 ns
[2.669s][info ][safepoint      ] Safepoint "ICBufferFull", Time since last: 15932622 ns, Reaching safepoint: 62401 ns, At safepoint: 3400 ns, Total: 65801 ns
[2.697s][info ][safepoint      ] Safepoint "ICBufferFull", Time since last: 27930765 ns, Reaching safepoint: 64001 ns, At safepoint: 3300 ns, Total: 67301 ns
[2.717s][info ][safepoint      ] Safepoint "ICBufferFull", Time since last: 19933403 ns, Reaching safepoint: 61801 ns, At safepoint: 3500 ns, Total: 65301 ns
[2.737s][info ][safepoint      ] Safepoint "ICBufferFull", Time since last: 19960203 ns, Reaching safepoint: 68302 ns, At safepoint: 3500 ns, Total: 71802 ns
[2.745s][info ][safepoint      ] Safepoint "ICBufferFull", Time since last: 7903359 ns, Reaching safepoint: 52801 ns, At safepoint: 2500 ns, Total: 55301 ns
[2.765s][info ][safepoint      ] Safepoint "ICBufferFull", Time since last: 19943603 ns, Reaching safepoint: 62602 ns, At safepoint: 3200 ns, Total: 65802 ns
[2.773s][info ][safepoint      ] Safepoint "ICBufferFull", Time since last: 7942960 ns, Reaching safepoint: 58101 ns, At safepoint: 4000 ns, Total: 62101 ns
[2.889s][info ][safepoint      ] Safepoint "ICBufferFull", Time since last: 115933343 ns, Reaching safepoint: 116402 ns, At safepoint: 4100 ns, Total: 120502 ns
[2.952s][info ][safepoint      ] Safepoint "ICBufferFull", Time since last: 62800969 ns, Reaching safepoint: 80101 ns, At safepoint: 7701 ns, Total: 87802 ns
[2.954s][info ][safepoint      ] Safepoint "ICBufferFull", Time since last: 1960939 ns, Reaching safepoint: 24901 ns, At safepoint: 1700 ns, Total: 26601 ns
[2.955s][info ][safepoint      ] Safepoint "ICBufferFull", Time since last: 1574232 ns, Reaching safepoint: 29900 ns, At safepoint: 1800 ns, Total: 31700 ns
[2.964s][info ][safepoint      ] Safepoint "ICBufferFull", Time since last: 8320068 ns, Reaching safepoint: 51601 ns, At safepoint: 2900 ns, Total: 54501 ns
[2.968s][info ][safepoint      ] Safepoint "ICBufferFull", Time since last: 4670095 ns, Reaching safepoint: 46801 ns, At safepoint: 3300 ns, Total: 50101 ns
[2.970s][info ][safepoint      ] Safepoint "ICBufferFull", Time since last: 1560431 ns, Reaching safepoint: 30501 ns, At safepoint: 2000 ns, Total: 32501 ns
[2.973s][info ][safepoint      ] Safepoint "ICBufferFull", Time since last: 2976460 ns, Reaching safepoint: 49101 ns, At safepoint: 3100 ns, Total: 52201 ns
[2.974s][info ][safepoint      ] Safepoint "ICBufferFull", Time since last: 1382928 ns, Reaching safepoint: 29101 ns, At safepoint: 3100 ns, Total: 32201 ns
[2.983s][info ][safepoint      ] Safepoint "ICBufferFull", Time since last: 8449670 ns, Reaching safepoint: 47201 ns, At safepoint: 3200 ns, Total: 50401 ns
[2.985s][info ][safepoint      ] Safepoint "ICBufferFull", Time since last: 1666434 ns, Reaching safepoint: 41901 ns, At safepoint: 14700 ns, Total: 56601 ns
[2.987s][info ][safepoint      ] Safepoint "ICBufferFull", Time since last: 2621353 ns, Reaching safepoint: 42001 ns, At safepoint: 3400 ns, Total: 45401 ns
[2.988s][info ][safepoint      ] Safepoint "ICBufferFull", Time since last: 670314 ns, Reaching safepoint: 29100 ns, At safepoint: 2100 ns, Total: 31200 ns
[2.991s][info ][safepoint      ] Safepoint "ICBufferFull", Time since last: 2950260 ns, Reaching safepoint: 49001 ns, At safepoint: 2700 ns, Total: 51701 ns
[2.993s][info ][safepoint      ] Safepoint "ICBufferFull", Time since last: 2473050 ns, Reaching safepoint: 43801 ns, At safepoint: 2800 ns, Total: 46601 ns
[2.997s][info ][safepoint      ] Safepoint "ICBufferFull", Time since last: 3660474 ns, Reaching safepoint: 131402 ns, At safepoint: 4101 ns, Total: 135503 ns
[3.012s][info ][safepoint      ] Safepoint "ICBufferFull", Time since last: 14842999 ns, Reaching safepoint: 62402 ns, At safepoint: 2900 ns, Total: 65302 ns
[3.056s][info ][safepoint      ] Safepoint "ICBufferFull", Time since last: 43964988 ns, Reaching safepoint: 68301 ns, At safepoint: 3400 ns, Total: 71701 ns
[3.073s][info ][safepoint      ] Safepoint "ICBufferFull", Time since last: 16425232 ns, Reaching safepoint: 72402 ns, At safepoint: 4000 ns, Total: 76402 ns
[3.152s][info ][safepoint      ] Safepoint "ICBufferFull", Time since last: 79162199 ns, Reaching safepoint: 82802 ns, At safepoint: 3000 ns, Total: 85802 ns
[3.158s][info ][safepoint      ] Safepoint "ICBufferFull", Time since last: 5483310 ns, Reaching safepoint: 50801 ns, At safepoint: 3000 ns, Total: 53801 ns
[3.169s][info ][safepoint      ] Safepoint "ICBufferFull", Time since last: 11136425 ns, Reaching safepoint: 76702 ns, At safepoint: 3100 ns, Total: 79802 ns
[3.271s][info ][safepoint      ] Safepoint "ICBufferFull", Time since last: 101797954 ns, Reaching safepoint: 638413 ns, At safepoint: 6400 ns, Total: 644813 ns
[3.285s][info ][safepoint      ] Safepoint "ICBufferFull", Time since last: 13680776 ns, Reaching safepoint: 49901 ns, At safepoint: 3800 ns, Total: 53701 ns
[3.287s][info ][safepoint      ] Safepoint "ICBufferFull", Time since last: 2433650 ns, Reaching safepoint: 41500 ns, At safepoint: 3100 ns, Total: 44600 ns
[3.292s][info ][safepoint      ] Safepoint "ICBufferFull", Time since last: 4601293 ns, Reaching safepoint: 68902 ns, At safepoint: 5300 ns, Total: 74202 ns
[3.298s][info ][safepoint      ] Safepoint "ICBufferFull", Time since last: 5522111 ns, Reaching safepoint: 51901 ns, At safepoint: 3400 ns, Total: 55301 ns
[3.304s][info ][safepoint      ] Safepoint "ICBufferFull", Time since last: 6375729 ns, Reaching safepoint: 34001 ns, At safepoint: 4500 ns, Total: 38501 ns
[3.313s][info ][safepoint      ] Safepoint "ICBufferFull", Time since last: 8595273 ns, Reaching safepoint: 413709 ns, At safepoint: 4100 ns, Total: 417809 ns
[3.315s][info ][safepoint      ] Safepoint "ICBufferFull", Time since last: 1845037 ns, Reaching safepoint: 34001 ns, At safepoint: 2700 ns, Total: 36701 ns
[3.317s][info ][safepoint      ] Safepoint "ICBufferFull", Time since last: 1812436 ns, Reaching safepoint: 34001 ns, At safepoint: 2900 ns, Total: 36901 ns
[3.319s][info ][safepoint      ] Safepoint "ICBufferFull", Time since last: 1759935 ns, Reaching safepoint: 25901 ns, At safepoint: 2300 ns, Total: 28201 ns
[3.330s][info ][safepoint      ] Safepoint "ICBufferFull", Time since last: 11154725 ns, Reaching safepoint: 44601 ns, At safepoint: 3200 ns, Total: 47801 ns
[3.331s][info ][safepoint      ] Safepoint "ICBufferFull", Time since last: 1445029 ns, Reaching safepoint: 25501 ns, At safepoint: 2400 ns, Total: 27901 ns
[3.332s][info ][safepoint      ] Safepoint "ICBufferFull", Time since last: 1069521 ns, Reaching safepoint: 26201 ns, At safepoint: 1800 ns, Total: 28001 ns
[3.335s][info ][safepoint      ] Safepoint "ICBufferFull", Time since last: 2786656 ns, Reaching safepoint: 32201 ns, At safepoint: 2300 ns, Total: 34501 ns
[3.339s][info ][safepoint      ] Safepoint "ICBufferFull", Time since last: 4046882 ns, Reaching safepoint: 42000 ns, At safepoint: 3201 ns, Total: 45201 ns
[3.344s][info ][safepoint      ] Safepoint "ICBufferFull", Time since last: 4736395 ns, Reaching safepoint: 392708 ns, At safepoint: 12500 ns, Total: 405208 ns
[3.347s][info ][safepoint      ] Safepoint "ICBufferFull", Time since last: 2461450 ns, Reaching safepoint: 41601 ns, At safepoint: 4700 ns, Total: 46301 ns
[3.350s][info ][safepoint      ] Safepoint "ICBufferFull", Time since last: 3067962 ns, Reaching safepoint: 39201 ns, At safepoint: 2500 ns, Total: 41701 ns
[3.354s][info ][safepoint      ] Safepoint "ICBufferFull", Time since last: 3985980 ns, Reaching safepoint: 46201 ns, At safepoint: 2800 ns, Total: 49001 ns
[3.369s][info ][safepoint      ] Safepoint "ICBufferFull", Time since last: 14583894 ns, Reaching safepoint: 47901 ns, At safepoint: 2900 ns, Total: 50801 ns
[3.389s][info ][safepoint      ] Safepoint "ICBufferFull", Time since last: 19948903 ns, Reaching safepoint: 93902 ns, At safepoint: 6700 ns, Total: 100602 ns
[3.399s][info ][safepoint      ] Safepoint "ICBufferFull", Time since last: 10077503 ns, Reaching safepoint: 49201 ns, At safepoint: 3201 ns, Total: 52402 ns
[3.412s][info ][safepoint      ] Safepoint "ICBufferFull", Time since last: 13382970 ns, Reaching safepoint: 56301 ns, At safepoint: 4400 ns, Total: 60701 ns
[3.419s][info ][safepoint      ] Safepoint "ICBufferFull", Time since last: 6743736 ns, Reaching safepoint: 49201 ns, At safepoint: 3600 ns, Total: 52801 ns
[3.423s][info ][safepoint      ] Safepoint "ICBufferFull", Time since last: 4257386 ns, Reaching safepoint: 46601 ns, At safepoint: 2800 ns, Total: 49401 ns
[3.428s][info ][safepoint      ] Safepoint "ICBufferFull", Time since last: 4211485 ns, Reaching safepoint: 55401 ns, At safepoint: 3100 ns, Total: 58501 ns
[3.431s][info ][safepoint      ] Safepoint "ICBufferFull", Time since last: 3085662 ns, Reaching safepoint: 33701 ns, At safepoint: 2300 ns, Total: 36001 ns
[3.433s][info ][safepoint      ] Safepoint "ICBufferFull", Time since last: 2457250 ns, Reaching safepoint: 35000 ns, At safepoint: 2300 ns, Total: 37300 ns
[3.436s][info ][safepoint      ] Safepoint "ICBufferFull", Time since last: 2278546 ns, Reaching safepoint: 25501 ns, At safepoint: 2000 ns, Total: 27501 ns
[3.440s][info ][safepoint      ] Safepoint "ICBufferFull", Time since last: 4034681 ns, Reaching safepoint: 48701 ns, At safepoint: 2500 ns, Total: 51201 ns
[3.442s][info ][safepoint      ] Safepoint "ICBufferFull", Time since last: 2200845 ns, Reaching safepoint: 35101 ns, At safepoint: 4200 ns, Total: 39301 ns
[3.449s][info ][safepoint      ] Safepoint "ICBufferFull", Time since last: 2371847 ns, Reaching safepoint: 4383989 ns, At safepoint: 12000 ns, Total: 4395989 ns
[3.452s][info ][safepoint      ] Safepoint "ICBufferFull", Time since last: 3187365 ns, Reaching safepoint: 39100 ns, At safepoint: 2500 ns, Total: 41600 ns
[3.457s][info ][safepoint      ] Safepoint "ICBufferFull", Time since last: 4582393 ns, Reaching safepoint: 60901 ns, At safepoint: 3300 ns, Total: 64201 ns
[3.468s][info ][safepoint      ] Safepoint "ICBufferFull", Time since last: 10863319 ns, Reaching safepoint: 50201 ns, At safepoint: 3000 ns, Total: 53201 ns
[3.475s][info ][safepoint      ] Safepoint "ICBufferFull", Time since last: 7598854 ns, Reaching safepoint: 142603 ns, At safepoint: 5000 ns, Total: 147603 ns
[3.480s][info ][safepoint      ] Safepoint "ICBufferFull", Time since last: 4603193 ns, Reaching safepoint: 48101 ns, At safepoint: 3600 ns, Total: 51701 ns
[3.508s][info ][safepoint      ] Safepoint "ICBufferFull", Time since last: 27574356 ns, Reaching safepoint: 57001 ns, At safepoint: 7301 ns, Total: 64302 ns
[3.516s][info ][safepoint      ] Safepoint "ICBufferFull", Time since last: 8148364 ns, Reaching safepoint: 47201 ns, At safepoint: 3400 ns, Total: 50601 ns
[3.518s][info ][safepoint      ] Safepoint "ICBufferFull", Time since last: 2418749 ns, Reaching safepoint: 35500 ns, At safepoint: 2301 ns, Total: 37801 ns
[3.533s][info ][safepoint      ] Safepoint "ICBufferFull", Time since last: 10433810 ns, Reaching safepoint: 4046082 ns, At safepoint: 14700 ns, Total: 4060782 ns
[3.537s][info ][safepoint      ] Safepoint "ICBufferFull", Time since last: 3905379 ns, Reaching safepoint: 57001 ns, At safepoint: 2100 ns, Total: 59101 ns
[3.549s][info ][safepoint      ] Safepoint "ICBufferFull", Time since last: 11975342 ns, Reaching safepoint: 63901 ns, At safepoint: 3700 ns, Total: 67601 ns
[3.557s][info ][safepoint      ] Safepoint "ICBufferFull", Time since last: 8269367 ns, Reaching safepoint: 40901 ns, At safepoint: 2800 ns, Total: 43701 ns
[3.569s][info ][safepoint      ] Safepoint "ICBufferFull", Time since last: 11619534 ns, Reaching safepoint: 48501 ns, At safepoint: 7200 ns, Total: 55701 ns
[3.572s][info ][safepoint      ] Safepoint "ICBufferFull", Time since last: 3091963 ns, Reaching safepoint: 31001 ns, At safepoint: 1800 ns, Total: 32801 ns
[3.585s][info ][safepoint      ] Safepoint "ICBufferFull", Time since last: 8834478 ns, Reaching safepoint: 4060282 ns, At safepoint: 12600 ns, Total: 4072882 ns
[3.590s][info ][safepoint      ] Safepoint "ICBufferFull", Time since last: 5418309 ns, Reaching safepoint: 46901 ns, At safepoint: 3300 ns, Total: 50201 ns
[3.599s][info ][safepoint      ] Safepoint "ICBufferFull", Time since last: 8535173 ns, Reaching safepoint: 53501 ns, At safepoint: 3200 ns, Total: 56701 ns
[3.603s][info ][safepoint      ] Safepoint "ICBufferFull", Time since last: 4436589 ns, Reaching safepoint: 38701 ns, At safepoint: 2700 ns, Total: 41401 ns
[3.604s][info ][safepoint      ] Safepoint "ICBufferFull", Time since last: 687014 ns, Reaching safepoint: 106202 ns, At safepoint: 4000 ns, Total: 110202 ns
[3.613s][info ][safepoint      ] Safepoint "ICBufferFull", Time since last: 2286546 ns, Reaching safepoint: 6335128 ns, At safepoint: 13201 ns, Total: 6348329 ns
[3.615s][info ][safepoint      ] Safepoint "ICBufferFull", Time since last: 2696554 ns, Reaching safepoint: 33201 ns, At safepoint: 2500 ns, Total: 35701 ns
[3.616s][info ][safepoint      ] Safepoint "ICBufferFull", Time since last: 711314 ns, Reaching safepoint: 19800 ns, At safepoint: 1900 ns, Total: 21700 ns
[3.621s][info ][safepoint      ] Safepoint "ICBufferFull", Time since last: 4435190 ns, Reaching safepoint: 67401 ns, At safepoint: 4200 ns, Total: 71601 ns
[3.625s][info ][safepoint      ] Safepoint "ICBufferFull", Time since last: 4692295 ns, Reaching safepoint: 39201 ns, At safepoint: 4600 ns, Total: 43801 ns
[3.663s][info ][safepoint      ] Safepoint "ICBufferFull", Time since last: 37083448 ns, Reaching safepoint: 60702 ns, At safepoint: 3800 ns, Total: 64502 ns
[3.690s][info ][safepoint      ] Safepoint "ICBufferFull", Time since last: 27343752 ns, Reaching safepoint: 48901 ns, At safepoint: 3300 ns, Total: 52201 ns
[3.693s][info ][safepoint      ] Safepoint "ICBufferFull", Time since last: 2840057 ns, Reaching safepoint: 35901 ns, At safepoint: 2700 ns, Total: 38601 ns
[3.696s][info ][safepoint      ] Safepoint "ICBufferFull", Time since last: 2696954 ns, Reaching safepoint: 27201 ns, At safepoint: 1900 ns, Total: 29101 ns
[3.697s][info ][safepoint      ] Safepoint "ICBufferFull", Time since last: 1034321 ns, Reaching safepoint: 22200 ns, At safepoint: 19200 ns, Total: 41400 ns
[3.698s][info ][safepoint      ] Safepoint "ICBufferFull", Time since last: 1048022 ns, Reaching safepoint: 25000 ns, At safepoint: 1800 ns, Total: 26800 ns
[3.706s][info ][safepoint      ] Safepoint "ICBufferFull", Time since last: 8584073 ns, Reaching safepoint: 54001 ns, At safepoint: 3600 ns, Total: 57601 ns
[3.708s][info ][safepoint      ] Safepoint "ICBufferFull", Time since last: 1441130 ns, Reaching safepoint: 25100 ns, At safepoint: 2000 ns, Total: 27100 ns
[3.710s][info ][safepoint      ] Safepoint "ICBufferFull", Time since last: 2025541 ns, Reaching safepoint: 28001 ns, At safepoint: 2200 ns, Total: 30201 ns
[3.711s][info ][safepoint      ] Safepoint "ICBufferFull", Time since last: 1540431 ns, Reaching safepoint: 22200 ns, At safepoint: 1800 ns, Total: 24000 ns
[3.714s][info ][safepoint      ] Safepoint "ICBufferFull", Time since last: 2470850 ns, Reaching safepoint: 33301 ns, At safepoint: 2200 ns, Total: 35501 ns
[3.716s][info ][safepoint      ] Safepoint "ICBufferFull", Time since last: 1899138 ns, Reaching safepoint: 26301 ns, At safepoint: 2200 ns, Total: 28501 ns
[3.718s][info ][safepoint      ] Safepoint "ICBufferFull", Time since last: 1646133 ns, Reaching safepoint: 30400 ns, At safepoint: 2001 ns, Total: 32401 ns
[3.731s][info ][safepoint      ] Safepoint "ICBufferFull", Time since last: 13501472 ns, Reaching safepoint: 41701 ns, At safepoint: 3500 ns, Total: 45201 ns
[3.732s][info ][safepoint      ] Safepoint "ICBufferFull", Time since last: 1222025 ns, Reaching safepoint: 32400 ns, At safepoint: 2000 ns, Total: 34400 ns
[3.735s][info ][safepoint      ] Safepoint "ICBufferFull", Time since last: 2290246 ns, Reaching safepoint: 41201 ns, At safepoint: 2400 ns, Total: 43601 ns
[3.735s][info ][safepoint      ] Safepoint "ICBufferFull", Time since last: 678214 ns, Reaching safepoint: 22901 ns, At safepoint: 1600 ns, Total: 24501 ns
[3.738s][info ][safepoint      ] Safepoint "ICBufferFull", Time since last: 2080542 ns, Reaching safepoint: 34000 ns, At safepoint: 2600 ns, Total: 36600 ns
[3.740s][info ][safepoint      ] Safepoint "ICBufferFull", Time since last: 2220745 ns, Reaching safepoint: 28701 ns, At safepoint: 2400 ns, Total: 31101 ns
[3.742s][info ][safepoint      ] Safepoint "ICBufferFull", Time since last: 1845037 ns, Reaching safepoint: 41801 ns, At safepoint: 2300 ns, Total: 44101 ns
[3.744s][info ][safepoint      ] Safepoint "ICBufferFull", Time since last: 2148443 ns, Reaching safepoint: 27001 ns, At safepoint: 2100 ns, Total: 29101 ns
[3.746s][info ][safepoint      ] Safepoint "ICBufferFull", Time since last: 2572452 ns, Reaching safepoint: 51101 ns, At safepoint: 3500 ns, Total: 54601 ns
[3.748s][info ][safepoint      ] Safepoint "ICBufferFull", Time since last: 1965339 ns, Reaching safepoint: 37701 ns, At safepoint: 2800 ns, Total: 40501 ns
[3.757s][info ][safepoint      ] Safepoint "ICBufferFull", Time since last: 8059163 ns, Reaching safepoint: 45001 ns, At safepoint: 2700 ns, Total: 47701 ns
[3.759s][info ][safepoint      ] Safepoint "ICBufferFull", Time since last: 1924839 ns, Reaching safepoint: 31700 ns, At safepoint: 2700 ns, Total: 34400 ns
[3.762s][info ][safepoint      ] Safepoint "ICBufferFull", Time since last: 3553172 ns, Reaching safepoint: 52701 ns, At safepoint: 3400 ns, Total: 56101 ns
[3.764s][info ][safepoint      ] Safepoint "ICBufferFull", Time since last: 2207145 ns, Reaching safepoint: 36001 ns, At safepoint: 2500 ns, Total: 38501 ns
[3.767s][info ][safepoint      ] Safepoint "ICBufferFull", Time since last: 2152843 ns, Reaching safepoint: 37201 ns, At safepoint: 2400 ns, Total: 39601 ns
[3.768s][info ][safepoint      ] Safepoint "ICBufferFull", Time since last: 1770036 ns, Reaching safepoint: 26700 ns, At safepoint: 1900 ns, Total: 28600 ns
[3.776s][info ][safepoint      ] Safepoint "ICBufferFull", Time since last: 7444850 ns, Reaching safepoint: 44201 ns, At safepoint: 3000 ns, Total: 47201 ns
[3.778s][info ][safepoint      ] Safepoint "ICBufferFull", Time since last: 1934439 ns, Reaching safepoint: 35801 ns, At safepoint: 2400 ns, Total: 38201 ns
[3.780s][info ][safepoint      ] Safepoint "ICBufferFull", Time since last: 2413149 ns, Reaching safepoint: 21400 ns, At safepoint: 2200 ns, Total: 23600 ns
[3.782s][info ][safepoint      ] Safepoint "ICBufferFull", Time since last: 1720235 ns, Reaching safepoint: 38301 ns, At safepoint: 2300 ns, Total: 40601 ns
[3.783s][info ][safepoint      ] Safepoint "ICBufferFull", Time since last: 677514 ns, Reaching safepoint: 20400 ns, At safepoint: 1300 ns, Total: 21700 ns
[3.785s][info ][safepoint      ] Safepoint "ICBufferFull", Time since last: 1771036 ns, Reaching safepoint: 28100 ns, At safepoint: 1800 ns, Total: 29900 ns
[3.792s][info ][safepoint      ] Safepoint "ICBufferFull", Time since last: 7154545 ns, Reaching safepoint: 58601 ns, At safepoint: 4100 ns, Total: 62701 ns
[3.793s][info ][safepoint      ] Safepoint "ICBufferFull", Time since last: 1490430 ns, Reaching safepoint: 35501 ns, At safepoint: 2200 ns, Total: 37701 ns
[3.795s][info ][safepoint      ] Safepoint "ICBufferFull", Time since last: 1610732 ns, Reaching safepoint: 24801 ns, At safepoint: 2000 ns, Total: 26801 ns
[3.797s][info ][safepoint      ] Safepoint "ICBufferFull", Time since last: 2006740 ns, Reaching safepoint: 25301 ns, At safepoint: 1900 ns, Total: 27201 ns
[3.798s][info ][safepoint      ] Safepoint "ICBufferFull", Time since last: 677414 ns, Reaching safepoint: 37600 ns, At safepoint: 1600 ns, Total: 39200 ns
[3.800s][info ][safepoint      ] Safepoint "ICBufferFull", Time since last: 2111743 ns, Reaching safepoint: 29201 ns, At safepoint: 1900 ns, Total: 31101 ns
[3.806s][info ][safepoint      ] Safepoint "ICBufferFull", Time since last: 6147924 ns, Reaching safepoint: 46101 ns, At safepoint: 3200 ns, Total: 49301 ns
[3.807s][info ][safepoint      ] Safepoint "ICBufferFull", Time since last: 1265825 ns, Reaching safepoint: 21601 ns, At safepoint: 2000 ns, Total: 23601 ns
[3.809s][info ][safepoint      ] Safepoint "ICBufferFull", Time since last: 1804336 ns, Reaching safepoint: 36501 ns, At safepoint: 2300 ns, Total: 38801 ns
[3.818s][info ][safepoint      ] Safepoint "ICBufferFull", Time since last: 8936580 ns, Reaching safepoint: 62802 ns, At safepoint: 5000 ns, Total: 67802 ns
[3.833s][info ][safepoint      ] Safepoint "ICBufferFull", Time since last: 1369527 ns, Reaching safepoint: 13188266 ns, At safepoint: 16701 ns, Total: 13204967 ns
[3.834s][info ][safepoint      ] Safepoint "ICBufferFull", Time since last: 1531331 ns, Reaching safepoint: 26600 ns, At safepoint: 2100 ns, Total: 28700 ns
[3.836s][info ][safepoint      ] Safepoint "ICBufferFull", Time since last: 1338527 ns, Reaching safepoint: 26201 ns, At safepoint: 2100 ns, Total: 28301 ns
[3.837s][info ][safepoint      ] Safepoint "ICBufferFull", Time since last: 1171023 ns, Reaching safepoint: 30301 ns, At safepoint: 4100 ns, Total: 34401 ns
[3.845s][info ][safepoint      ] Safepoint "ICBufferFull", Time since last: 1343327 ns, Reaching safepoint: 6510132 ns, At safepoint: 13700 ns, Total: 6523832 ns
[3.847s][info ][safepoint      ] Safepoint "ICBufferFull", Time since last: 2315647 ns, Reaching safepoint: 41500 ns, At safepoint: 2201 ns, Total: 43701 ns
[3.848s][info ][safepoint      ] Safepoint "ICBufferFull", Time since last: 941219 ns, Reaching safepoint: 21700 ns, At safepoint: 1700 ns, Total: 23400 ns
[3.853s][info ][safepoint      ] Safepoint "ICBufferFull", Time since last: 883118 ns, Reaching safepoint: 3761376 ns, At safepoint: 13200 ns, Total: 3774576 ns
[3.855s][info ][safepoint      ] Safepoint "ICBufferFull", Time since last: 1976240 ns, Reaching safepoint: 31201 ns, At safepoint: 2400 ns, Total: 33601 ns
[3.856s][info ][safepoint      ] Safepoint "ICBufferFull", Time since last: 1463529 ns, Reaching safepoint: 109402 ns, At safepoint: 4800 ns, Total: 114202 ns
[3.857s][info ][safepoint      ] Safepoint "ICBufferFull", Time since last: 708415 ns, Reaching safepoint: 24200 ns, At safepoint: 1600 ns, Total: 25800 ns
[3.859s][info ][safepoint      ] Safepoint "ICBufferFull", Time since last: 1877338 ns, Reaching safepoint: 25001 ns, At safepoint: 1900 ns, Total: 26901 ns
[4.130s][info ][safepoint      ] Safepoint "ICBufferFull", Time since last: 271176372 ns, Reaching safepoint: 112103 ns, At safepoint: 3500 ns, Total: 115603 ns
[4.710s][info ][safepoint      ] Safepoint "ICBufferFull", Time since last: 579427881 ns, Reaching safepoint: 207204 ns, At safepoint: 6900 ns, Total: 214104 ns
[4.782s][info ][gc,start       ] GC(2) Pause Young (Metadata GC Threshold)
[4.841s][debug][gc,phases      ] GC(2) Scavenge 58.517ms
[4.841s][debug][gc,ref         ] GC(2) Skipped phase 1 of Reference Processing: no references
[4.841s][debug][gc,ref         ] GC(2) Skipped phase 3 of Reference Processing: no references
[4.841s][debug][gc,phases      ] GC(2) Reference Processing 0.389ms
[4.842s][debug][gc,phases      ] GC(2) Weak Processing 1.169ms
[4.842s][debug][gc,age         ] GC(2) Desired survivor size 536870912 bytes, new threshold 7 (max threshold 15)
[4.842s][info ][gc,heap        ] GC(2) PSYoungGen: 437094K(1572864K)->50192K(1572864K) Eden: 423625K(1048576K)->0K(1048576K) From: 13468K(524288K)->50192K(524288K)
[4.842s][info ][gc,heap        ] GC(2) ParOldGen: 4590K(6144K)->4606K(6144K)
[4.842s][info ][gc,metaspace   ] GC(2) Metaspace: 35013K(35392K)->35013K(35392K) NonClass: 30632K(30848K)->30632K(30848K) Class: 4381K(4544K)->4381K(4544K)
[4.842s][info ][gc             ] GC(2) Pause Young (Metadata GC Threshold) 431M->53M(1542M) 60.324ms
[4.842s][info ][gc,cpu         ] GC(2) User=0.09s Sys=0.04s Real=0.06s
[4.843s][debug][gc,phases      ] GC(3) Pre Compact 0.013ms
[4.843s][info ][gc,start       ] GC(3) Pause Full (Metadata GC Threshold)
[4.843s][info ][gc,phases,start] GC(3) Marking Phase
[4.909s][debug][gc,phases      ] GC(3) Par Mark 66.090ms
[4.909s][debug][gc,ref         ] GC(3) Skipped phase 1 of Reference Processing: no references
[4.909s][debug][gc,ref         ] GC(3) Skipped phase 3 of Reference Processing: no references
[4.909s][debug][gc,phases      ] GC(3) Reference Processing 0.108ms
[4.909s][debug][gc,phases      ] GC(3) Weak Processing 0.374ms
[4.909s][debug][gc,phases      ] GC(3) ClassLoaderData 0.035ms
[4.909s][debug][gc,phases      ] GC(3) Trigger cleanups 0.000ms
[4.921s][debug][gc,phases      ] GC(3) Class Unloading 12.129ms
[4.921s][info ][gc,phases      ] GC(3) Marking Phase 78.858ms
[4.921s][info ][gc,phases,start] GC(3) Summary Phase
[4.921s][info ][gc,phases      ] GC(3) Summary Phase 0.010ms
[4.921s][info ][gc,phases,start] GC(3) Adjust Roots
[4.935s][info ][gc,phases      ] GC(3) Adjust Roots 13.557ms
[4.935s][info ][gc,phases,start] GC(3) Compaction Phase
[5.163s][info ][gc,phases      ] GC(3) Compaction Phase 228.326ms
[5.163s][info ][gc,phases,start] GC(3) Post Compact
[5.164s][info ][gc,phases      ] GC(3) Post Compact 0.896ms
[5.164s][info ][gc,heap        ] GC(3) PSYoungGen: 50192K(1572864K)->48539K(1572864K) Eden: 0K(1048576K)->0K(1048576K) From: 50192K(524288K)->48539K(524288K)
[5.164s][info ][gc,heap        ] GC(3) ParOldGen: 4606K(6144K)->6068K(6144K)
[5.164s][info ][gc,metaspace   ] GC(3) Metaspace: 35013K(35392K)->35013K(35392K) NonClass: 30632K(30848K)->30632K(30848K) Class: 4381K(4544K)->4381K(4544K)
[5.164s][info ][gc             ] GC(3) Pause Full (Metadata GC Threshold) 53M->53M(1542M) 321.840ms
[5.164s][info ][gc,cpu         ] GC(3) User=0.48s Sys=0.00s Real=0.32s
[5.172s][info ][safepoint      ] Safepoint "CollectForMetadataAllocation", Time since last: 72062953 ns, Reaching safepoint: 148403 ns, At safepoint: 390412570 ns, Total: 390560973 ns
[5.801s][info ][safepoint      ] Safepoint "ICBufferFull", Time since last: 628153550 ns, Reaching safepoint: 184404 ns, At safepoint: 3400 ns, Total: 187804 ns
[6.189s][info ][safepoint      ] Safepoint "ICBufferFull", Time since last: 382293998 ns, Reaching safepoint: 5762616 ns, At safepoint: 30601 ns, Total: 5793217 ns
[6.449s][info ][safepoint      ] Safepoint "ICBufferFull", Time since last: 241056649 ns, Reaching safepoint: 18674375 ns, At safepoint: 44201 ns, Total: 18718576 ns
[6.977s][info ][safepoint      ] Safepoint "ICBufferFull", Time since last: 517870118 ns, Reaching safepoint: 10299907 ns, At safepoint: 29001 ns, Total: 10328908 ns
[6.980s][info ][safepoint      ] Safepoint "ICBufferFull", Time since last: 2904558 ns, Reaching safepoint: 142503 ns, At safepoint: 10401 ns, Total: 152904 ns
[6.985s][info ][safepoint      ] Safepoint "ICBufferFull", Time since last: 4822597 ns, Reaching safepoint: 133502 ns, At safepoint: 9700 ns, Total: 143202 ns
[7.525s][info ][safepoint      ] Safepoint "ICBufferFull", Time since last: 531766190 ns, Reaching safepoint: 8148964 ns, At safepoint: 15300 ns, Total: 8164264 ns
[8.429s][info ][safepoint      ] Safepoint "ICBufferFull", Time since last: 889655972 ns, Reaching safepoint: 14343888 ns, At safepoint: 24801 ns, Total: 14368689 ns
[8.453s][info ][safepoint      ] Safepoint "ICBufferFull", Time since last: 12189445 ns, Reaching safepoint: 11670234 ns, At safepoint: 31900 ns, Total: 11702134 ns
[8.461s][info ][safepoint      ] Safepoint "ICBufferFull", Time since last: 5034002 ns, Reaching safepoint: 2915958 ns, At safepoint: 20200 ns, Total: 2936158 ns
[8.491s][info ][safepoint      ] Safepoint "ICBufferFull", Time since last: 30442412 ns, Reaching safepoint: 134902 ns, At safepoint: 12701 ns, Total: 147603 ns
[8.498s][info ][safepoint      ] Safepoint "ICBufferFull", Time since last: 1825636 ns, Reaching safepoint: 4633393 ns, At safepoint: 21801 ns, Total: 4655194 ns
[8.501s][info ][safepoint      ] Safepoint "ICBufferFull", Time since last: 2025640 ns, Reaching safepoint: 927319 ns, At safepoint: 14700 ns, Total: 942019 ns
[8.505s][info ][safepoint      ] Safepoint "ICBufferFull", Time since last: 1967440 ns, Reaching safepoint: 2165143 ns, At safepoint: 17101 ns, Total: 2182244 ns
[8.509s][info ][safepoint      ] Safepoint "ICBufferFull", Time since last: 2272745 ns, Reaching safepoint: 2166444 ns, At safepoint: 16700 ns, Total: 2183144 ns
[8.525s][info ][safepoint      ] Safepoint "ICBufferFull", Time since last: 9711995 ns, Reaching safepoint: 5635313 ns, At safepoint: 26101 ns, Total: 5661414 ns
[8.553s][info ][safepoint      ] Safepoint "ICBufferFull", Time since last: 24197885 ns, Reaching safepoint: 3762176 ns, At safepoint: 21900 ns, Total: 3784076 ns
[8.594s][info ][safepoint      ] Safepoint "ICBufferFull", Time since last: 27931061 ns, Reaching safepoint: 12840058 ns, At safepoint: 23000 ns, Total: 12863058 ns
[8.614s][info ][safepoint      ] Safepoint "ICBufferFull", Time since last: 16931640 ns, Reaching safepoint: 3257565 ns, At safepoint: 27901 ns, Total: 3285466 ns
[8.632s][info ][safepoint      ] Safepoint "ICBufferFull", Time since last: 10926919 ns, Reaching safepoint: 7226245 ns, At safepoint: 20701 ns, Total: 7246946 ns
[8.637s][info ][safepoint      ] Safepoint "ICBufferFull", Time since last: 1719934 ns, Reaching safepoint: 3215365 ns, At safepoint: 13000 ns, Total: 3228365 ns
[8.663s][info ][safepoint      ] Safepoint "ICBufferFull", Time since last: 26368230 ns, Reaching safepoint: 193503 ns, At safepoint: 10801 ns, Total: 204304 ns
[8.679s][info ][safepoint      ] Safepoint "ICBufferFull", Time since last: 15278806 ns, Reaching safepoint: 287106 ns, At safepoint: 11300 ns, Total: 298406 ns
[8.707s][info ][safepoint      ] Safepoint "ICBufferFull", Time since last: 27859460 ns, Reaching safepoint: 203904 ns, At safepoint: 11400 ns, Total: 215304 ns
[8.709s][info ][safepoint      ] Safepoint "ICBufferFull", Time since last: 1443229 ns, Reaching safepoint: 116202 ns, At safepoint: 9200 ns, Total: 125402 ns
[8.761s][info ][safepoint      ] Safepoint "ICBufferFull", Time since last: 50201108 ns, Reaching safepoint: 2129443 ns, At safepoint: 17500 ns, Total: 2146943 ns
[8.773s][info ][safepoint      ] Safepoint "ICBufferFull", Time since last: 11668434 ns, Reaching safepoint: 199504 ns, At safepoint: 9001 ns, Total: 208505 ns
[8.793s][info ][safepoint      ] Safepoint "ICBufferFull", Time since last: 19802697 ns, Reaching safepoint: 195304 ns, At safepoint: 16500 ns, Total: 211804 ns
[8.809s][info ][safepoint      ] Safepoint "ICBufferFull", Time since last: 7792257 ns, Reaching safepoint: 7959860 ns, At safepoint: 44901 ns, Total: 8004761 ns
[8.829s][info ][safepoint      ] Safepoint "ICBufferFull", Time since last: 9529791 ns, Reaching safepoint: 10424809 ns, At safepoint: 19700 ns, Total: 10444509 ns
[8.849s][info ][safepoint      ] Safepoint "ICBufferFull", Time since last: 20028403 ns, Reaching safepoint: 279405 ns, At safepoint: 10400 ns, Total: 289805 ns
[8.857s][info ][safepoint      ] Safepoint "ICBufferFull", Time since last: 3722975 ns, Reaching safepoint: 3966180 ns, At safepoint: 24200 ns, Total: 3990380 ns
[8.859s][info ][safepoint      ] Safepoint "ICBufferFull", Time since last: 1751335 ns, Reaching safepoint: 111003 ns, At safepoint: 13000 ns, Total: 124003 ns
[8.865s][info ][safepoint      ] Safepoint "ICBufferFull", Time since last: 923718 ns, Reaching safepoint: 5313407 ns, At safepoint: 18500 ns, Total: 5331907 ns
[8.874s][info ][safepoint      ] Safepoint "ICBufferFull", Time since last: 5496811 ns, Reaching safepoint: 3439869 ns, At safepoint: 22100 ns, Total: 3461969 ns
[8.877s][info ][safepoint      ] Safepoint "ICBufferFull", Time since last: 1048721 ns, Reaching safepoint: 2141943 ns, At safepoint: 18401 ns, Total: 2160344 ns
[8.885s][info ][safepoint      ] Safepoint "ICBufferFull", Time since last: 5279306 ns, Reaching safepoint: 2419848 ns, At safepoint: 20001 ns, Total: 2439849 ns
[8.905s][info ][safepoint      ] Safepoint "ICBufferFull", Time since last: 9611193 ns, Reaching safepoint: 10651513 ns, At safepoint: 28101 ns, Total: 10679614 ns
[8.921s][info ][safepoint      ] Safepoint "ICBufferFull", Time since last: 14701595 ns, Reaching safepoint: 1024521 ns, At safepoint: 12300 ns, Total: 1036821 ns
[8.929s][info ][safepoint      ] Safepoint "ICBufferFull", Time since last: 3039561 ns, Reaching safepoint: 4937899 ns, At safepoint: 32601 ns, Total: 4970500 ns
[8.937s][info ][safepoint      ] Safepoint "ICBufferFull", Time since last: 93802 ns, Reaching safepoint: 8535071 ns, At safepoint: 23000 ns, Total: 8558071 ns
[8.957s][info ][safepoint      ] Safepoint "ICBufferFull", Time since last: 19289888 ns, Reaching safepoint: 205204 ns, At safepoint: 14600 ns, Total: 219804 ns
[8.981s][info ][safepoint      ] Safepoint "ICBufferFull", Time since last: 23755177 ns, Reaching safepoint: 128102 ns, At safepoint: 11001 ns, Total: 139103 ns
[8.994s][info ][safepoint      ] Safepoint "ICBufferFull", Time since last: 3915378 ns, Reaching safepoint: 8787477 ns, At safepoint: 30800 ns, Total: 8818277 ns
[8.998s][info ][safepoint      ] Safepoint "ICBufferFull", Time since last: 79802 ns, Reaching safepoint: 3949079 ns, At safepoint: 20501 ns, Total: 3969580 ns
[9.030s][info ][safepoint      ] Safepoint "ICBufferFull", Time since last: 19084183 ns, Reaching safepoint: 13079862 ns, At safepoint: 37101 ns, Total: 13116963 ns
[9.049s][info ][safepoint      ] Safepoint "ICBufferFull", Time since last: 11591433 ns, Reaching safepoint: 7268046 ns, At safepoint: 45400 ns, Total: 7313446 ns
[9.058s][info ][safepoint      ] Safepoint "ICBufferFull", Time since last: 1849238 ns, Reaching safepoint: 7771856 ns, At safepoint: 38400 ns, Total: 7810256 ns
[9.063s][info ][safepoint      ] Safepoint "ICBufferFull", Time since last: 83702 ns, Reaching safepoint: 4717595 ns, At safepoint: 26100 ns, Total: 4743695 ns
[9.089s][info ][safepoint      ] Safepoint "ICBufferFull", Time since last: 7289447 ns, Reaching safepoint: 18179165 ns, At safepoint: 49101 ns, Total: 18228266 ns
[9.113s][info ][safepoint      ] Safepoint "ICBufferFull", Time since last: 19972400 ns, Reaching safepoint: 4064782 ns, At safepoint: 27501 ns, Total: 4092283 ns
[9.121s][info ][safepoint      ] Safepoint "ICBufferFull", Time since last: 7889758 ns, Reaching safepoint: 116302 ns, At safepoint: 10601 ns, Total: 126903 ns
[9.129s][info ][safepoint      ] Safepoint "ICBufferFull", Time since last: 1940738 ns, Reaching safepoint: 5991921 ns, At safepoint: 25700 ns, Total: 6017621 ns
[9.131s][info ][safepoint      ] Safepoint "ICBufferFull", Time since last: 1755336 ns, Reaching safepoint: 107302 ns, At safepoint: 10400 ns, Total: 117702 ns
[9.157s][info ][safepoint      ] Safepoint "ICBufferFull", Time since last: 22059843 ns, Reaching safepoint: 4023580 ns, At safepoint: 21301 ns, Total: 4044881 ns
[9.158s][info ][safepoint      ] Safepoint "ICBufferFull", Time since last: 1515730 ns, Reaching safepoint: 166803 ns, At safepoint: 9501 ns, Total: 176304 ns
[9.162s][info ][safepoint      ] Safepoint "ICBufferFull", Time since last: 3052961 ns, Reaching safepoint: 180604 ns, At safepoint: 10700 ns, Total: 191304 ns
[9.180s][info ][safepoint      ] Safepoint "ICBufferFull", Time since last: 17575752 ns, Reaching safepoint: 553011 ns, At safepoint: 10400 ns, Total: 563411 ns
[9.199s][info ][safepoint      ] Safepoint "ICBufferFull", Time since last: 18486771 ns, Reaching safepoint: 216105 ns, At safepoint: 11800 ns, Total: 227905 ns
[9.517s][info ][safepoint      ] Safepoint "ICBufferFull", Time since last: 313626989 ns, Reaching safepoint: 4694394 ns, At safepoint: 32501 ns, Total: 4726895 ns
[9.565s][info ][safepoint      ] Safepoint "ICBufferFull", Time since last: 24671894 ns, Reaching safepoint: 23241666 ns, At safepoint: 35801 ns, Total: 23277467 ns
[9.609s][info ][safepoint      ] Safepoint "ICBufferFull", Time since last: 23904279 ns, Reaching safepoint: 20205806 ns, At safepoint: 40800 ns, Total: 20246606 ns
[9.641s][info ][gc,start       ] GC(4) Pause Young (Allocation Failure)
[9.901s][debug][gc,phases      ] GC(4) Scavenge 260.006ms
[9.901s][debug][gc,ref         ] GC(4) Skipped phase 1 of Reference Processing: no references
[9.902s][debug][gc,ref         ] GC(4) Skipped phase 3 of Reference Processing: no references
[9.902s][debug][gc,phases      ] GC(4) Reference Processing 0.948ms
[9.904s][debug][gc,phases      ] GC(4) Weak Processing 2.447ms
[9.905s][debug][gc,age         ] GC(4) Desired survivor size 536870912 bytes, new threshold 7 (max threshold 15)
[9.905s][info ][gc,heap        ] GC(4) PSYoungGen: 1097115K(1572864K)->149871K(1572864K) Eden: 1048576K(1048576K)->0K(1048576K) From: 48539K(524288K)->149871K(524288K)
[9.905s][info ][gc,heap        ] GC(4) ParOldGen: 6068K(6144K)->6076K(6144K)
[9.905s][info ][gc,metaspace   ] GC(4) Metaspace: 48880K(49344K)->48880K(49344K) NonClass: 41814K(42048K)->41814K(42048K) Class: 7065K(7296K)->7065K(7296K)
[9.905s][info ][gc             ] GC(4) Pause Young (Allocation Failure) 1077M->152M(1542M) 263.589ms
[9.905s][info ][gc,cpu         ] GC(4) User=0.41s Sys=0.05s Real=0.26s
[9.905s][info ][safepoint      ] Safepoint "ParallelGCFailedAllocation", Time since last: 20888919 ns, Reaching safepoint: 11092523 ns, At safepoint: 263748589 ns, Total: 274841112 ns
[9.946s][info ][safepoint      ] Safepoint "ICBufferFull", Time since last: 26936640 ns, Reaching safepoint: 14679594 ns, At safepoint: 43901 ns, Total: 14723495 ns
[10.001s][info ][safepoint      ] Safepoint "ICBufferFull", Time since last: 39583894 ns, Reaching safepoint: 14791296 ns, At safepoint: 39701 ns, Total: 14830997 ns
[10.049s][info ][safepoint      ] Safepoint "ICBufferFull", Time since last: 19901199 ns, Reaching safepoint: 28044363 ns, At safepoint: 38600 ns, Total: 28082963 ns
[10.051s][info ][safepoint      ] Safepoint "ICBufferFull", Time since last: 2338947 ns, Reaching safepoint: 98202 ns, At safepoint: 11101 ns, Total: 109303 ns
[10.113s][info ][safepoint      ] Safepoint "ICBufferFull", Time since last: 56773738 ns, Reaching safepoint: 4750195 ns, At safepoint: 28501 ns, Total: 4778696 ns
[10.153s][info ][safepoint      ] Safepoint "ICBufferFull", Time since last: 40593314 ns, Reaching safepoint: 134402 ns, At safepoint: 15201 ns, Total: 149603 ns
[10.201s][info ][safepoint      ] Safepoint "ICBufferFull", Time since last: 34462090 ns, Reaching safepoint: 12763956 ns, At safepoint: 27600 ns, Total: 12791556 ns
[10.240s][info ][safepoint      ] Safepoint "ICBufferFull", Time since last: 20298207 ns, Reaching safepoint: 19005781 ns, At safepoint: 41201 ns, Total: 19046982 ns
[10.246s][info ][safepoint      ] Safepoint "ICBufferFull", Time since last: 5650513 ns, Reaching safepoint: 129902 ns, At safepoint: 11301 ns, Total: 141203 ns
[10.262s][info ][safepoint      ] Safepoint "ICBufferFull", Time since last: 10702514 ns, Reaching safepoint: 5179304 ns, At safepoint: 27700 ns, Total: 5207004 ns
[10.305s][info ][safepoint      ] Safepoint "ICBufferFull", Time since last: 28150964 ns, Reaching safepoint: 14779796 ns, At safepoint: 36801 ns, Total: 14816597 ns
[10.345s][info ][safepoint      ] Safepoint "ICBufferFull", Time since last: 31900239 ns, Reaching safepoint: 8574372 ns, At safepoint: 23600 ns, Total: 8597972 ns
[10.352s][info ][safepoint      ] Safepoint "ICBufferFull", Time since last: 3416669 ns, Reaching safepoint: 2898658 ns, At safepoint: 24800 ns, Total: 2923458 ns
[10.381s][info ][safepoint      ] Safepoint "ICBufferFull", Time since last: 13700475 ns, Reaching safepoint: 15436809 ns, At safepoint: 40801 ns, Total: 15477610 ns
[10.393s][info ][safepoint      ] Safepoint "ICBufferFull", Time since last: 8551471 ns, Reaching safepoint: 3187764 ns, At safepoint: 22900 ns, Total: 3210664 ns
[10.458s][info ][safepoint      ] Safepoint "ICBufferFull", Time since last: 60363609 ns, Reaching safepoint: 5137703 ns, At safepoint: 38301 ns, Total: 5176004 ns
[10.505s][info ][safepoint      ] Safepoint "ICBufferFull", Time since last: 27446050 ns, Reaching safepoint: 19244185 ns, At safepoint: 33101 ns, Total: 19277286 ns
[10.541s][info ][safepoint      ] Safepoint "ICBufferFull", Time since last: 22018941 ns, Reaching safepoint: 13949480 ns, At safepoint: 34300 ns, Total: 13983780 ns
[10.558s][info ][safepoint      ] Safepoint "ICBufferFull", Time since last: 7865458 ns, Reaching safepoint: 9719494 ns, At safepoint: 44001 ns, Total: 9763495 ns
[10.561s][info ][safepoint      ] Safepoint "ICBufferFull", Time since last: 54001 ns, Reaching safepoint: 2381048 ns, At safepoint: 28301 ns, Total: 2409349 ns
[10.597s][info ][safepoint      ] Safepoint "ICBufferFull", Time since last: 24672694 ns, Reaching safepoint: 11134323 ns, At safepoint: 24100 ns, Total: 11158423 ns
[10.649s][info ][safepoint      ] Safepoint "ICBufferFull", Time since last: 41356829 ns, Reaching safepoint: 10714415 ns, At safepoint: 36000 ns, Total: 10750415 ns
[10.705s][info ][gc,start       ] GC(5) Pause Young (Allocation Failure)
[10.861s][debug][gc,phases      ] GC(5) Scavenge 156.072ms
[10.861s][debug][gc,ref         ] GC(5) Skipped phase 1 of Reference Processing: no references
[10.861s][debug][gc,ref         ] GC(5) Skipped phase 3 of Reference Processing: no references
[10.861s][debug][gc,phases      ] GC(5) Reference Processing 0.337ms
[10.863s][debug][gc,phases      ] GC(5) Weak Processing 2.047ms
[10.863s][debug][gc,age         ] GC(5) Desired survivor size 536870912 bytes, new threshold 7 (max threshold 15)
[10.863s][info ][gc,heap        ] GC(5) PSYoungGen: 1198447K(1572864K)->155791K(1572864K) Eden: 1048576K(1048576K)->0K(1048576K) From: 149871K(524288K)->155791K(524288K)
[10.863s][info ][gc,heap        ] GC(5) ParOldGen: 6076K(6144K)->6084K(6144K)
[10.863s][info ][gc,metaspace   ] GC(5) Metaspace: 49055K(49536K)->49055K(49536K) NonClass: 41977K(42240K)->41977K(42240K) Class: 7078K(7296K)->7078K(7296K)
[10.863s][info ][gc             ] GC(5) Pause Young (Allocation Failure) 1176M->158M(1542M) 158.652ms
[10.863s][info ][gc,cpu         ] GC(5) User=0.28s Sys=0.05s Real=0.16s
[10.864s][info ][safepoint      ] Safepoint "ParallelGCFailedAllocation", Time since last: 40193505 ns, Reaching safepoint: 15675014 ns, At safepoint: 158792881 ns, Total: 174467895 ns
[10.906s][info ][safepoint      ] Safepoint "ICBufferFull", Time since last: 34442290 ns, Reaching safepoint: 7838557 ns, At safepoint: 39201 ns, Total: 7877758 ns
[10.949s][info ][safepoint      ] Safepoint "ICBufferFull", Time since last: 26861238 ns, Reaching safepoint: 16463730 ns, At safepoint: 31600 ns, Total: 16495330 ns
[10.957s][info ][safepoint      ] Safepoint "ICBufferFull", Time since last: 199504 ns, Reaching safepoint: 7319047 ns, At safepoint: 43201 ns, Total: 7362248 ns
[10.979s][info ][safepoint      ] Safepoint "ICBufferFull", Time since last: 21885938 ns, Reaching safepoint: 441309 ns, At safepoint: 13400 ns, Total: 454709 ns
[11.032s][info ][safepoint      ] Safepoint "ICBufferFull", Time since last: 33561473 ns, Reaching safepoint: 19252885 ns, At safepoint: 26401 ns, Total: 19279286 ns
[11.043s][info ][safepoint      ] Safepoint "ICBufferFull", Time since last: 81002 ns, Reaching safepoint: 10990420 ns, At safepoint: 29400 ns, Total: 11019820 ns
[11.066s][info ][safepoint      ] Safepoint "ICBufferFull", Time since last: 5647413 ns, Reaching safepoint: 17058242 ns, At safepoint: 30401 ns, Total: 17088643 ns
[11.104s][info ][safepoint      ] Safepoint "ICBufferFull", Time since last: 23418369 ns, Reaching safepoint: 14855497 ns, At safepoint: 30101 ns, Total: 14885598 ns
[11.122s][info ][safepoint      ] Safepoint "ICBufferFull", Time since last: 9671094 ns, Reaching safepoint: 7864057 ns, At safepoint: 26501 ns, Total: 7890558 ns
[11.153s][info ][safepoint      ] Safepoint "ICBufferFull", Time since last: 23347768 ns, Reaching safepoint: 8012260 ns, At safepoint: 23600 ns, Total: 8035860 ns
[11.213s][info ][safepoint      ] Safepoint "ICBufferFull", Time since last: 44637494 ns, Reaching safepoint: 15065801 ns, At safepoint: 23901 ns, Total: 15089702 ns
[11.220s][info ][safepoint      ] Safepoint "ICBufferFull", Time since last: 4390987 ns, Reaching safepoint: 3191164 ns, At safepoint: 12401 ns, Total: 3203565 ns
[11.244s][info ][safepoint      ] Safepoint "ICBufferFull", Time since last: 21044321 ns, Reaching safepoint: 2253745 ns, At safepoint: 15800 ns, Total: 2269545 ns
[11.262s][info ][safepoint      ] Safepoint "ICBufferFull", Time since last: 9106382 ns, Reaching safepoint: 9655793 ns, At safepoint: 24101 ns, Total: 9679894 ns
[11.273s][info ][safepoint      ] Safepoint "ICBufferFull", Time since last: 7407148 ns, Reaching safepoint: 3168264 ns, At safepoint: 24500 ns, Total: 3192764 ns
[11.293s][info ][safepoint      ] Safepoint "ICBufferFull", Time since last: 11378528 ns, Reaching safepoint: 8287766 ns, At safepoint: 33800 ns, Total: 8321566 ns
[11.305s][info ][safepoint      ] Safepoint "ICBufferFull", Time since last: 11924939 ns, Reaching safepoint: 207604 ns, At safepoint: 17200 ns, Total: 224804 ns
[11.316s][info ][safepoint      ] Safepoint "ICBufferFull", Time since last: 3394768 ns, Reaching safepoint: 7227245 ns, At safepoint: 26400 ns, Total: 7253645 ns
[11.338s][info ][safepoint      ] Safepoint "ICBufferFull", Time since last: 20110503 ns, Reaching safepoint: 2118142 ns, At safepoint: 15401 ns, Total: 2133543 ns
[11.369s][info ][safepoint      ] Safepoint "ICBufferFull", Time since last: 19107682 ns, Reaching safepoint: 11826137 ns, At safepoint: 31300 ns, Total: 11857437 ns
[11.405s][info ][safepoint      ] Safepoint "ICBufferFull", Time since last: 16606633 ns, Reaching safepoint: 19241885 ns, At safepoint: 42300 ns, Total: 19284185 ns
[11.442s][info ][safepoint      ] Safepoint "ICBufferFull", Time since last: 23665874 ns, Reaching safepoint: 13425969 ns, At safepoint: 26900 ns, Total: 13452869 ns
[11.445s][info ][safepoint      ] Safepoint "ICBufferFull", Time since last: 2733255 ns, Reaching safepoint: 482010 ns, At safepoint: 17200 ns, Total: 499210 ns
[11.459s][info ][safepoint      ] Safepoint "ICBufferFull", Time since last: 12920758 ns, Reaching safepoint: 626113 ns, At safepoint: 15500 ns, Total: 641613 ns
[11.482s][info ][safepoint      ] Safepoint "ICBufferFull", Time since last: 16438729 ns, Reaching safepoint: 7387048 ns, At safepoint: 27601 ns, Total: 7414649 ns
[11.486s][info ][safepoint      ] Safepoint "ICBufferFull", Time since last: 80701 ns, Reaching safepoint: 3190264 ns, At safepoint: 23500 ns, Total: 3213764 ns
[11.499s][info ][safepoint      ] Safepoint "ICBufferFull", Time since last: 9472290 ns, Reaching safepoint: 3512270 ns, At safepoint: 15701 ns, Total: 3527971 ns
[11.501s][info ][safepoint      ] Safepoint "ICBufferFull", Time since last: 75201 ns, Reaching safepoint: 2413248 ns, At safepoint: 9701 ns, Total: 2422949 ns
[11.505s][info ][safepoint      ] Safepoint "ICBufferFull", Time since last: 3467669 ns, Reaching safepoint: 288406 ns, At safepoint: 10000 ns, Total: 298406 ns
[11.517s][info ][safepoint      ] Safepoint "ICBufferFull", Time since last: 795116 ns, Reaching safepoint: 10902918 ns, At safepoint: 33701 ns, Total: 10936619 ns
[11.540s][info ][safepoint      ] Safepoint "ICBufferFull", Time since last: 21213624 ns, Reaching safepoint: 2136343 ns, At safepoint: 11900 ns, Total: 2148243 ns
[11.547s][info ][safepoint      ] Safepoint "ICBufferFull", Time since last: 2449049 ns, Reaching safepoint: 4273486 ns, At safepoint: 17800 ns, Total: 4291286 ns
[11.556s][info ][safepoint      ] Safepoint "ICBufferFull", Time since last: 7394148 ns, Reaching safepoint: 2117042 ns, At safepoint: 13101 ns, Total: 2130143 ns
[11.572s][info ][safepoint      ] Safepoint "ICBufferFull", Time since last: 11797436 ns, Reaching safepoint: 3808576 ns, At safepoint: 19400 ns, Total: 3827976 ns
[11.977s][info ][gc,start       ] GC(6) Pause Young (Allocation Failure)
[12.157s][debug][gc,phases      ] GC(6) Scavenge 179.799ms
[12.157s][debug][gc,ref         ] GC(6) Skipped phase 1 of Reference Processing: no references
[12.157s][debug][gc,ref         ] GC(6) Skipped phase 3 of Reference Processing: no references
[12.157s][debug][gc,phases      ] GC(6) Reference Processing 0.355ms
[12.159s][debug][gc,phases      ] GC(6) Weak Processing 1.882ms
[12.159s][debug][gc,age         ] GC(6) Desired survivor size 237502464 bytes, new threshold 6 (max threshold 15)
[12.159s][info ][gc,heap        ] GC(6) PSYoungGen: 1204367K(1572864K)->159541K(1572864K) Eden: 1048576K(1048576K)->0K(1048576K) From: 155791K(524288K)->159541K(524288K)
[12.159s][info ][gc,heap        ] GC(6) ParOldGen: 6084K(6144K)->6092K(6144K)
[12.159s][info ][gc,metaspace   ] GC(6) Metaspace: 50544K(51072K)->50544K(51072K) NonClass: 43259K(43520K)->43259K(43520K) Class: 7284K(7552K)->7284K(7552K)
[12.159s][info ][gc             ] GC(6) Pause Young (Allocation Failure) 1182M->161M(1542M) 182.209ms
[12.159s][info ][gc,cpu         ] GC(6) User=0.30s Sys=0.00s Real=0.18s
[12.159s][info ][safepoint      ] Safepoint "ParallelGCFailedAllocation", Time since last: 404721499 ns, Reaching safepoint: 189804 ns, At safepoint: 182296747 ns, Total: 182486551 ns
[13.025s][info ][safepoint      ] Safepoint "ParallelGCFailedAllocation", Time since last: 855658304 ns, Reaching safepoint: 9915598 ns, At safepoint: 32701 ns, Total: 9948299 ns
[13.061s][info ][gc,start       ] GC(7) Pause Young (Allocation Failure)
[13.289s][debug][gc,phases      ] GC(7) Scavenge 227.970ms
[13.289s][debug][gc,ref         ] GC(7) Skipped phase 1 of Reference Processing: no references
[13.289s][debug][gc,ref         ] GC(7) Skipped phase 3 of Reference Processing: no references
[13.289s][debug][gc,phases      ] GC(7) Reference Processing 0.510ms
[13.292s][debug][gc,phases      ] GC(7) Weak Processing 2.331ms
[13.292s][debug][gc,age         ] GC(7) Desired survivor size 252182528 bytes, new threshold 5 (max threshold 15)
[13.292s][info ][gc,heap        ] GC(7) PSYoungGen: 1208117K(1572864K)->167901K(1836544K) Eden: 1048576K(1048576K)->0K(1604608K) From: 159541K(524288K)->167901K(231936K)
[13.292s][info ][gc,heap        ] GC(7) ParOldGen: 7169K(7680K)->7177K(7680K)
[13.292s][info ][gc,metaspace   ] GC(7) Metaspace: 52889K(53376K)->52889K(53376K) NonClass: 45143K(45376K)->45143K(45376K) Class: 7745K(8000K)->7745K(8000K)
[13.292s][info ][gc             ] GC(7) Pause Young (Allocation Failure) 1186M->170M(1801M) 230.997ms
[13.292s][info ][gc,cpu         ] GC(7) User=0.32s Sys=0.07s Real=0.23s
[13.292s][info ][safepoint      ] Safepoint "ParallelGCFailedAllocation", Time since last: 27902958 ns, Reaching safepoint: 8026260 ns, At safepoint: 231128017 ns, Total: 239154277 ns
[14.205s][info ][safepoint      ] Safepoint "ICBufferFull", Time since last: 897898729 ns, Reaching safepoint: 15687513 ns, At safepoint: 35200 ns, Total: 15722713 ns
[14.215s][info ][safepoint      ] Safepoint "ICBufferFull", Time since last: 73402 ns, Reaching safepoint: 9452688 ns, At safepoint: 36601 ns, Total: 9489289 ns
[15.149s][info ][safepoint      ] Safepoint "ParallelGCFailedAllocation", Time since last: 913686425 ns, Reaching safepoint: 20044000 ns, At safepoint: 53501 ns, Total: 20097501 ns
[15.154s][info ][gc,start       ] GC(8) Pause Young (GCLocker Initiated GC)
[15.409s][debug][gc,phases      ] GC(8) Scavenge 254.689ms
[15.409s][debug][gc,ref         ] GC(8) Skipped phase 1 of Reference Processing: no references
[15.409s][debug][gc,ref         ] GC(8) Skipped phase 3 of Reference Processing: no references
[15.409s][debug][gc,phases      ] GC(8) Reference Processing 0.389ms
[15.412s][debug][gc,phases      ] GC(8) Weak Processing 2.239ms
[15.412s][debug][gc,age         ] GC(8) Desired survivor size 243269632 bytes, new threshold 4 (max threshold 15)
[15.412s][info ][gc,heap        ] GC(8) PSYoungGen: 1772509K(1836544K)->134405K(1850880K) Eden: 1604608K(1604608K)->0K(1604608K) From: 167901K(231936K)->134405K(246272K)
[15.412s][info ][gc,heap        ] GC(8) ParOldGen: 7452K(7680K)->55341K(55808K)
[15.412s][info ][gc,metaspace   ] GC(8) Metaspace: 53741K(54208K)->53741K(54208K) NonClass: 45910K(46144K)->45910K(46144K) Class: 7831K(8064K)->7831K(8064K)
[15.412s][info ][gc             ] GC(8) Pause Young (GCLocker Initiated GC) 1738M->185M(1862M) 257.497ms
[15.412s][info ][gc,cpu         ] GC(8) User=0.38s Sys=0.01s Real=0.26s
[15.412s][debug][gc,phases      ] GC(9) Pre Compact 0.017ms
[15.412s][info ][gc,start       ] GC(9) Pause Full (Ergonomics)
[15.412s][info ][gc,phases,start] GC(9) Marking Phase
[15.604s][debug][gc,phases      ] GC(9) Par Mark 191.853ms
[15.604s][debug][gc,ref         ] GC(9) Skipped phase 1 of Reference Processing: no references
[15.604s][debug][gc,ref         ] GC(9) Skipped phase 3 of Reference Processing: no references
[15.604s][debug][gc,phases      ] GC(9) Reference Processing 0.229ms
[15.605s][debug][gc,phases      ] GC(9) Weak Processing 0.609ms
[15.605s][debug][gc,phases      ] GC(9) ClassLoaderData 0.049ms
[15.605s][debug][gc,phases      ] GC(9) Trigger cleanups 0.000ms
[15.612s][debug][gc,phases      ] GC(9) Class Unloading 7.513ms
[15.612s][info ][gc,phases      ] GC(9) Marking Phase 200.380ms
[15.612s][info ][gc,phases,start] GC(9) Summary Phase
[15.612s][info ][gc,phases      ] GC(9) Summary Phase 0.014ms
[15.612s][info ][gc,phases,start] GC(9) Adjust Roots
[15.652s][info ][gc,phases      ] GC(9) Adjust Roots 39.648ms
[15.652s][info ][gc,phases,start] GC(9) Compaction Phase
[17.025s][info ][gc,phases      ] GC(9) Compaction Phase 1373.535ms
[17.025s][info ][gc,phases,start] GC(9) Post Compact
[17.027s][info ][gc,phases      ] GC(9) Post Compact 1.173ms
[17.027s][info ][gc,heap        ] GC(9) PSYoungGen: 134405K(1850880K)->133580K(1850880K) Eden: 0K(1604608K)->0K(1604608K) From: 134405K(246272K)->133580K(246272K)
[17.027s][info ][gc,heap        ] GC(9) ParOldGen: 55341K(55808K)->54220K(88064K)
[17.027s][info ][gc,metaspace   ] GC(9) Metaspace: 53741K(54208K)->53741K(54208K) NonClass: 45910K(46144K)->45910K(46144K) Class: 7831K(8064K)->7831K(8064K)
[17.027s][info ][gc             ] GC(9) Pause Full (Ergonomics) 185M->183M(1893M) 1615.031ms
[17.027s][info ][gc,cpu         ] GC(9) User=2.04s Sys=0.02s Real=1.61s
[17.041s][info ][safepoint      ] Safepoint "ParallelGCSystemGC", Time since last: 3908978 ns, Reaching safepoint: 1382828 ns, At safepoint: 1886601173 ns, Total: 1887984001 ns
[17.769s][info ][gc,start       ] GC(10) Pause Young (Allocation Failure)
[18.041s][debug][gc,phases      ] GC(10) Scavenge 271.742ms
[18.041s][debug][gc,ref         ] GC(10) Skipped phase 1 of Reference Processing: no references
[18.041s][debug][gc,ref         ] GC(10) Skipped phase 3 of Reference Processing: no references
[18.041s][debug][gc,phases      ] GC(10) Reference Processing 0.068ms
[18.042s][debug][gc,phases      ] GC(10) Weak Processing 1.388ms
[18.042s][debug][gc,age         ] GC(10) Desired survivor size 245366784 bytes, new threshold 5 (max threshold 15)
[18.042s][info ][gc,heap        ] GC(10) PSYoungGen: 1738188K(1850880K)->34546K(1855488K) Eden: 1604608K(1604608K)->0K(1617920K) From: 133580K(246272K)->34546K(237568K)
[18.042s][info ][gc,heap        ] GC(10) ParOldGen: 54221K(88064K)->156732K(158208K)
[18.042s][info ][gc,metaspace   ] GC(10) Metaspace: 54619K(55104K)->54619K(55104K) NonClass: 46657K(46912K)->46657K(46912K) Class: 7962K(8192K)->7962K(8192K)
[18.042s][info ][gc             ] GC(10) Pause Young (Allocation Failure) 1750M->186M(1966M) 273.399ms
[18.042s][info ][gc,cpu         ] GC(10) User=0.40s Sys=0.04s Real=0.27s
[18.042s][debug][gc,phases      ] GC(11) Pre Compact 0.016ms
[18.042s][info ][gc,start       ] GC(11) Pause Full (Ergonomics)
[18.042s][info ][gc,phases,start] GC(11) Marking Phase
[18.265s][debug][gc,phases      ] GC(11) Par Mark 222.226ms
[18.265s][debug][gc,ref         ] GC(11) Skipped phase 1 of Reference Processing: no references
[18.265s][debug][gc,ref         ] GC(11) Skipped phase 3 of Reference Processing: no references
[18.265s][debug][gc,phases      ] GC(11) Reference Processing 0.226ms
[18.266s][debug][gc,phases      ] GC(11) Weak Processing 0.721ms
[18.266s][debug][gc,phases      ] GC(11) ClassLoaderData 0.053ms
[18.266s][debug][gc,phases      ] GC(11) Trigger cleanups 0.000ms
[18.278s][debug][gc,phases      ] GC(11) Class Unloading 11.910ms
[18.278s][info ][gc,phases      ] GC(11) Marking Phase 235.260ms
[18.278s][info ][gc,phases,start] GC(11) Summary Phase
[18.278s][info ][gc,phases      ] GC(11) Summary Phase 0.023ms
[18.278s][info ][gc,phases,start] GC(11) Adjust Roots
[18.307s][info ][gc,phases      ] GC(11) Adjust Roots 28.931ms
[18.307s][info ][gc,phases,start] GC(11) Compaction Phase
[18.953s][info ][gc,phases      ] GC(11) Compaction Phase 646.791ms
[18.954s][info ][gc,phases,start] GC(11) Post Compact
[18.954s][info ][gc,phases      ] GC(11) Post Compact 0.920ms
[18.955s][info ][gc,heap        ] GC(11) PSYoungGen: 34546K(1855488K)->32883K(1855488K) Eden: 0K(1617920K)->0K(1617920K) From: 34546K(237568K)->32883K(237568K)
[18.955s][info ][gc,heap        ] GC(11) ParOldGen: 156732K(158208K)->157830K(238592K)
[18.955s][info ][gc,metaspace   ] GC(11) Metaspace: 54619K(55104K)->54619K(55104K) NonClass: 46657K(46912K)->46657K(46912K) Class: 7962K(8192K)->7962K(8192K)
[18.955s][info ][gc             ] GC(11) Pause Full (Ergonomics) 186M->186M(2045M) 912.306ms
[18.955s][info ][gc,cpu         ] GC(11) User=1.42s Sys=0.00s Real=0.91s
[18.989s][info ][safepoint      ] Safepoint "ParallelGCFailedAllocation", Time since last: 718821495 ns, Reaching safepoint: 9362686 ns, At safepoint: 1220027942 ns, Total: 1229390628 ns
[19.885s][info ][gc,start       ] GC(12) Pause Young (Allocation Failure)
[20.013s][debug][gc,phases      ] GC(12) Scavenge 127.986ms
[20.013s][debug][gc,ref         ] GC(12) Skipped phase 1 of Reference Processing: no references
[20.013s][debug][gc,ref         ] GC(12) Skipped phase 3 of Reference Processing: no references
[20.013s][debug][gc,phases      ] GC(12) Reference Processing 0.062ms
[20.014s][debug][gc,phases      ] GC(12) Weak Processing 0.732ms
[20.014s][debug][gc,age         ] GC(12) Desired survivor size 246415360 bytes, new threshold 6 (max threshold 15)
[20.014s][info ][gc,heap        ] GC(12) PSYoungGen: 1650803K(1855488K)->24766K(1643008K) Eden: 1617920K(1617920K)->0K(1617920K) From: 32883K(237568K)->24766K(25088K)
[20.014s][info ][gc,heap        ] GC(12) ParOldGen: 157830K(238592K)->157838K(238592K)
[20.014s][info ][gc,metaspace   ] GC(12) Metaspace: 55562K(56064K)->55562K(56064K) NonClass: 47482K(47744K)->47482K(47744K) Class: 8080K(8320K)->8080K(8320K)
[20.014s][info ][gc             ] GC(12) Pause Young (Allocation Failure) 1766M->178M(1837M) 128.981ms
[20.014s][info ][gc,cpu         ] GC(12) User=0.17s Sys=0.00s Real=0.13s
[20.014s][info ][safepoint      ] Safepoint "ParallelGCFailedAllocation", Time since last: 891832599 ns, Reaching safepoint: 4382087 ns, At safepoint: 129096761 ns, Total: 133478848 ns
[21.105s][info ][safepoint      ] Safepoint "Cleanup", Time since last: 1060768029 ns, Reaching safepoint: 29893492 ns, At safepoint: 40301 ns, Total: 29933793 ns
[21.297s][info ][gc,start       ] GC(13) Pause Young (Allocation Failure)
[21.373s][debug][gc,phases      ] GC(13) Scavenge 75.680ms
[21.373s][debug][gc,ref         ] GC(13) Skipped phase 1 of Reference Processing: no references
[21.373s][debug][gc,ref         ] GC(13) Skipped phase 3 of Reference Processing: no references
[21.373s][debug][gc,phases      ] GC(13) Reference Processing 0.104ms
[21.374s][debug][gc,phases      ] GC(13) Weak Processing 0.863ms
[21.374s][debug][gc,age         ] GC(13) Desired survivor size 244842496 bytes, new threshold 7 (max threshold 15)
[21.374s][info ][gc,heap        ] GC(13) PSYoungGen: 1642686K(1643008K)->26462K(1858048K) Eden: 1617920K(1617920K)->0K(1617408K) From: 24766K(25088K)->26462K(240640K)
[21.374s][info ][gc,heap        ] GC(13) ParOldGen: 157838K(238592K)->157846K(238592K)
[21.374s][info ][gc,metaspace   ] GC(13) Metaspace: 55940K(56448K)->55940K(56448K) NonClass: 47823K(48064K)->47823K(48064K) Class: 8117K(8384K)->8117K(8384K)
[21.374s][info ][gc             ] GC(13) Pause Young (Allocation Failure) 1758M->179M(2047M) 76.824ms
[21.374s][info ][gc,cpu         ] GC(13) User=0.06s Sys=0.00s Real=0.07s
[21.374s][info ][safepoint      ] Safepoint "ParallelGCFailedAllocation", Time since last: 183100626 ns, Reaching safepoint: 8909477 ns, At safepoint: 76958524 ns, Total: 85868001 ns
[22.393s][info ][safepoint      ] Safepoint "Cleanup", Time since last: 1003871772 ns, Reaching safepoint: 14965196 ns, At safepoint: 28401 ns, Total: 14993597 ns
[22.715s][info ][gc,start       ] GC(14) Pause Young (Allocation Failure)
[22.813s][debug][gc,phases      ] GC(14) Scavenge 97.769ms
[22.813s][debug][gc,ref         ] GC(14) Skipped phase 1 of Reference Processing: no references
[22.813s][debug][gc,ref         ] GC(14) Skipped phase 3 of Reference Processing: no references
[22.813s][debug][gc,ref         ] GC(14) Skipped phase 4 of Reference Processing: no references
[22.813s][debug][gc,phases      ] GC(14) Reference Processing 0.110ms
[22.814s][debug][gc,phases      ] GC(14) Weak Processing 0.822ms
[22.814s][debug][gc,age         ] GC(14) Desired survivor size 240648192 bytes, new threshold 8 (max threshold 15)
[22.814s][info ][gc,heap        ] GC(14) PSYoungGen: 1643870K(1858048K)->29374K(1856512K) Eden: 1617408K(1617408K)->0K(1617408K) From: 26462K(240640K)->29374K(239104K)
[22.814s][info ][gc,heap        ] GC(14) ParOldGen: 157846K(238592K)->157854K(238592K)
[22.814s][info ][gc,metaspace   ] GC(14) Metaspace: 55966K(56512K)->55966K(56512K) NonClass: 47847K(48128K)->47847K(48128K) Class: 8118K(8384K)->8118K(8384K)
[22.814s][info ][gc             ] GC(14) Pause Young (Allocation Failure) 1759M->182M(2046M) 98.892ms
[22.814s][info ][gc,cpu         ] GC(14) User=0.08s Sys=0.00s Real=0.10s
[22.814s][info ][safepoint      ] Safepoint "ParallelGCFailedAllocation", Time since last: 302568184 ns, Reaching safepoint: 19519086 ns, At safepoint: 99019159 ns, Total: 118538245 ns
[23.845s][info ][safepoint      ] Safepoint "Cleanup", Time since last: 1000097368 ns, Reaching safepoint: 30921711 ns, At safepoint: 30900 ns, Total: 30952611 ns
[24.013s][info ][gc,start       ] GC(15) Pause Young (Allocation Failure)
[24.089s][debug][gc,phases      ] GC(15) Scavenge 75.909ms
[24.089s][debug][gc,ref         ] GC(15) Skipped phase 1 of Reference Processing: no references
[24.089s][debug][gc,ref         ] GC(15) Skipped phase 3 of Reference Processing: no references
[24.089s][debug][gc,ref         ] GC(15) Skipped phase 4 of Reference Processing: no references
[24.089s][debug][gc,phases      ] GC(15) Reference Processing 0.124ms
[24.090s][debug][gc,phases      ] GC(15) Weak Processing 1.040ms
[24.090s][debug][gc,age         ] GC(15) Desired survivor size 234881024 bytes, new threshold 9 (max threshold 15)
[24.090s][info ][gc,heap        ] GC(15) PSYoungGen: 1646782K(1856512K)->32006K(1867776K) Eden: 1617408K(1617408K)->0K(1632768K) From: 29374K(239104K)->32006K(235008K)
[24.090s][info ][gc,heap        ] GC(15) ParOldGen: 157854K(238592K)->157862K(238592K)
[24.090s][info ][gc,metaspace   ] GC(15) Metaspace: 55974K(56512K)->55974K(56512K) NonClass: 47855K(48128K)->47855K(48128K) Class: 8119K(8384K)->8119K(8384K)
[24.090s][info ][gc             ] GC(15) Pause Young (Allocation Failure) 1762M->185M(2057M) 77.248ms
[24.090s][info ][gc,cpu         ] GC(15) User=0.07s Sys=0.00s Real=0.08s
[24.090s][info ][safepoint      ] Safepoint "ParallelGCFailedAllocation", Time since last: 153890141 ns, Reaching safepoint: 13924675 ns, At safepoint: 77396629 ns, Total: 91321304 ns
[25.242s][info ][gc,start       ] GC(16) Pause Young (Allocation Failure)
[25.309s][debug][gc,phases      ] GC(16) Scavenge 66.945ms
[25.309s][debug][gc,ref         ] GC(16) Skipped phase 1 of Reference Processing: no references
[25.309s][debug][gc,ref         ] GC(16) Skipped phase 3 of Reference Processing: no references
[25.309s][debug][gc,phases      ] GC(16) Reference Processing 0.128ms
[25.310s][debug][gc,phases      ] GC(16) Weak Processing 0.717ms
[25.310s][debug][gc,age         ] GC(16) Desired survivor size 227540992 bytes, new threshold 10 (max threshold 15)
[25.310s][info ][gc,heap        ] GC(16) PSYoungGen: 1664774K(1867776K)->34942K(1862144K) Eden: 1632768K(1632768K)->0K(1632768K) From: 32006K(235008K)->34942K(229376K)
[25.310s][info ][gc,heap        ] GC(16) ParOldGen: 157862K(238592K)->157870K(238592K)
[25.310s][info ][gc,metaspace   ] GC(16) Metaspace: 56688K(57216K)->56688K(57216K) NonClass: 48446K(48704K)->48446K(48704K) Class: 8242K(8512K)->8242K(8512K)
[25.310s][info ][gc             ] GC(16) Pause Young (Allocation Failure) 1779M->188M(2051M) 67.938ms
[25.310s][info ][gc,cpu         ] GC(16) User=0.08s Sys=0.00s Real=0.07s
[25.310s][info ][safepoint      ] Safepoint "ParallelGCFailedAllocation", Time since last: 1142575552 ns, Reaching safepoint: 8979877 ns, At safepoint: 68065742 ns, Total: 77045619 ns
[26.461s][info ][safepoint      ] Safepoint "Cleanup", Time since last: 1138940951 ns, Reaching safepoint: 12122539 ns, At safepoint: 30001 ns, Total: 12152540 ns
[26.597s][info ][gc,start       ] GC(17) Pause Young (Allocation Failure)
[26.677s][debug][gc,phases      ] GC(17) Scavenge 79.693ms
[26.677s][debug][gc,ref         ] GC(17) Skipped phase 1 of Reference Processing: no references
[26.677s][debug][gc,ref         ] GC(17) Skipped phase 3 of Reference Processing: no references
[26.677s][debug][gc,phases      ] GC(17) Reference Processing 0.140ms
[26.678s][debug][gc,phases      ] GC(17) Weak Processing 0.831ms
[26.678s][debug][gc,age         ] GC(17) Desired survivor size 219676672 bytes, new threshold 11 (max threshold 15)
[26.678s][info ][gc,heap        ] GC(17) PSYoungGen: 1667710K(1862144K)->35358K(1882624K) Eden: 1632768K(1632768K)->0K(1660416K) From: 34942K(229376K)->35358K(222208K)
[26.678s][info ][gc,heap        ] GC(17) ParOldGen: 157870K(238592K)->157878K(238592K)
[26.678s][info ][gc,metaspace   ] GC(17) Metaspace: 57823K(58368K)->57823K(58368K) NonClass: 49429K(49728K)->49429K(49728K) Class: 8394K(8640K)->8394K(8640K)
[26.678s][info ][gc             ] GC(17) Pause Young (Allocation Failure) 1782M->188M(2071M) 80.836ms
[26.678s][info ][gc,cpu         ] GC(17) User=0.10s Sys=0.00s Real=0.08s
[26.678s][info ][safepoint      ] Safepoint "ParallelGCFailedAllocation", Time since last: 104212052 ns, Reaching safepoint: 31676524 ns, At safepoint: 80981595 ns, Total: 112658119 ns
[27.933s][info ][gc,start       ] GC(18) Pause Young (Allocation Failure)
[28.045s][debug][gc,phases      ] GC(18) Scavenge 111.784ms
[28.045s][debug][gc,ref         ] GC(18) Skipped phase 1 of Reference Processing: no references
[28.045s][debug][gc,ref         ] GC(18) Skipped phase 3 of Reference Processing: no references
[28.045s][debug][gc,phases      ] GC(18) Reference Processing 0.137ms
[28.046s][debug][gc,phases      ] GC(18) Weak Processing 0.908ms
[28.046s][debug][gc,age         ] GC(18) Desired survivor size 209715200 bytes, new threshold 12 (max threshold 15)
[28.046s][info ][gc,heap        ] GC(18) PSYoungGen: 1695774K(1882624K)->46783K(1874944K) Eden: 1660416K(1660416K)->0K(1660416K) From: 35358K(222208K)->46783K(214528K)
[28.046s][info ][gc,heap        ] GC(18) ParOldGen: 157878K(238592K)->157886K(238592K)
[28.046s][info ][gc,metaspace   ] GC(18) Metaspace: 61726K(62336K)->61726K(62336K) NonClass: 52854K(53184K)->52854K(53184K) Class: 8871K(9152K)->8871K(9152K)
[28.046s][info ][gc             ] GC(18) Pause Young (Allocation Failure) 1810M->199M(2064M) 113.009ms
[28.046s][info ][gc,cpu         ] GC(18) User=0.10s Sys=0.00s Real=0.11s
[28.046s][info ][safepoint      ] Safepoint "ParallelGCFailedAllocation", Time since last: 1246224231 ns, Reaching safepoint: 8881175 ns, At safepoint: 113168727 ns, Total: 122049902 ns
[29.073s][info ][safepoint      ] Safepoint "Cleanup", Time since last: 1002689911 ns, Reaching safepoint: 24088573 ns, At safepoint: 34201 ns, Total: 24122774 ns
[29.461s][info ][gc,start       ] GC(19) Pause Young (Allocation Failure)
[29.657s][debug][gc,phases      ] GC(19) Scavenge 195.826ms
[29.657s][debug][gc,ref         ] GC(19) Skipped phase 1 of Reference Processing: no references
[29.657s][debug][gc,ref         ] GC(19) Skipped phase 3 of Reference Processing: no references
[29.657s][debug][gc,phases      ] GC(19) Reference Processing 0.186ms
[29.658s][debug][gc,phases      ] GC(19) Weak Processing 1.049ms
[29.658s][debug][gc,age         ] GC(19) Desired survivor size 207093760 bytes, new threshold 13 (max threshold 15)
[29.658s][info ][gc,heap        ] GC(19) PSYoungGen: 1707199K(1874944K)->99071K(1894912K) Eden: 1660416K(1660416K)->0K(1690112K) From: 46783K(214528K)->99071K(204800K)
[29.658s][info ][gc,heap        ] GC(19) ParOldGen: 157886K(238592K)->157894K(238592K)
[29.658s][info ][gc,metaspace   ] GC(19) Metaspace: 62509K(63040K)->62509K(63040K) NonClass: 53539K(53824K)->53539K(53824K) Class: 8969K(9216K)->8969K(9216K)
[29.658s][info ][gc             ] GC(19) Pause Young (Allocation Failure) 1821M->250M(2083M) 197.275ms
[29.658s][info ][gc,cpu         ] GC(19) User=0.23s Sys=0.00s Real=0.20s
[29.658s][info ][safepoint      ] Safepoint "ParallelGCFailedAllocation", Time since last: 373549436 ns, Reaching safepoint: 14536586 ns, At safepoint: 197446276 ns, Total: 211982862 ns
[30.076s][info ][safepoint      ] Safepoint "ICBufferFull", Time since last: 399790651 ns, Reaching safepoint: 17501543 ns, At safepoint: 42101 ns, Total: 17543644 ns
[30.082s][info ][safepoint      ] Safepoint "ICBufferFull", Time since last: 2648652 ns, Reaching safepoint: 4107881 ns, At safepoint: 35400 ns, Total: 4143281 ns
[30.105s][info ][safepoint      ] Safepoint "ICBufferFull", Time since last: 6241323 ns, Reaching safepoint: 16023615 ns, At safepoint: 31800 ns, Total: 16055415 ns
[30.110s][info ][safepoint      ] Safepoint "ICBufferFull", Time since last: 731315 ns, Reaching safepoint: 4943297 ns, At safepoint: 24600 ns, Total: 4967897 ns
[30.149s][info ][safepoint      ] Safepoint "ICBufferFull", Time since last: 18249158 ns, Reaching safepoint: 20429602 ns, At safepoint: 34100 ns, Total: 20463702 ns
[30.153s][info ][safepoint      ] Safepoint "ICBufferFull", Time since last: 702214 ns, Reaching safepoint: 2924857 ns, At safepoint: 19801 ns, Total: 2944658 ns
[30.157s][info ][safepoint      ] Safepoint "ICBufferFull", Time since last: 1115222 ns, Reaching safepoint: 3320565 ns, At safepoint: 28800 ns, Total: 3349365 ns
[30.161s][info ][safepoint      ] Safepoint "ICBufferFull", Time since last: 731115 ns, Reaching safepoint: 2778654 ns, At safepoint: 21201 ns, Total: 2799855 ns
[30.165s][info ][safepoint      ] Safepoint "ICBufferFull", Time since last: 754214 ns, Reaching safepoint: 3876676 ns, At safepoint: 24801 ns, Total: 3901477 ns
[30.170s][info ][safepoint      ] Safepoint "ICBufferFull", Time since last: 716114 ns, Reaching safepoint: 4121981 ns, At safepoint: 29000 ns, Total: 4150981 ns
[30.173s][info ][safepoint      ] Safepoint "ICBufferFull", Time since last: 68402 ns, Reaching safepoint: 2555850 ns, At safepoint: 20700 ns, Total: 2576550 ns
[30.206s][info ][safepoint      ] Safepoint "ICBufferFull", Time since last: 11703430 ns, Reaching safepoint: 21237016 ns, At safepoint: 35701 ns, Total: 21272717 ns
[30.213s][info ][safepoint      ] Safepoint "ICBufferFull", Time since last: 710414 ns, Reaching safepoint: 6036818 ns, At safepoint: 17601 ns, Total: 6054419 ns
[30.218s][info ][safepoint      ] Safepoint "ICBufferFull", Time since last: 654713 ns, Reaching safepoint: 4262883 ns, At safepoint: 19601 ns, Total: 4282484 ns
[30.222s][info ][safepoint      ] Safepoint "ICBufferFull", Time since last: 726114 ns, Reaching safepoint: 3205163 ns, At safepoint: 20100 ns, Total: 3225263 ns
[30.226s][info ][safepoint      ] Safepoint "ICBufferFull", Time since last: 699514 ns, Reaching safepoint: 3494768 ns, At safepoint: 28701 ns, Total: 3523469 ns
[30.229s][info ][safepoint      ] Safepoint "ICBufferFull", Time since last: 1130522 ns, Reaching safepoint: 2141042 ns, At safepoint: 19301 ns, Total: 2160343 ns
[30.257s][info ][safepoint      ] Safepoint "ICBufferFull", Time since last: 16541324 ns, Reaching safepoint: 11785731 ns, At safepoint: 26001 ns, Total: 11811732 ns
[31.032s][info ][safepoint      ] Safepoint "ICBufferFull", Time since last: 755857226 ns, Reaching safepoint: 18229457 ns, At safepoint: 38301 ns, Total: 18267758 ns
[31.181s][info ][gc,start       ] GC(20) Pause Young (Allocation Failure)
[31.357s][debug][gc,phases      ] GC(20) Scavenge 175.834ms
[31.357s][debug][gc,ref         ] GC(20) Skipped phase 1 of Reference Processing: no references
[31.357s][debug][gc,ref         ] GC(20) Skipped phase 3 of Reference Processing: no references
[31.357s][debug][gc,phases      ] GC(20) Reference Processing 0.139ms
[31.358s][debug][gc,phases      ] GC(20) Weak Processing 0.925ms
[31.358s][debug][gc,age         ] GC(20) Desired survivor size 208666624 bytes, new threshold 14 (max threshold 15)
[31.358s][info ][gc,heap        ] GC(20) PSYoungGen: 1789183K(1894912K)->112303K(1892352K) Eden: 1690112K(1690112K)->0K(1690112K) From: 99071K(204800K)->112303K(202240K)
[31.358s][info ][gc,heap        ] GC(20) ParOldGen: 157894K(238592K)->157902K(238592K)
[31.358s][info ][gc,metaspace   ] GC(20) Metaspace: 62945K(63552K)->62945K(63552K) NonClass: 53959K(54272K)->53959K(54272K) Class: 8986K(9280K)->8986K(9280K)
[31.358s][info ][gc             ] GC(20) Pause Young (Allocation Failure) 1901M->263M(2081M) 177.116ms
[31.358s][info ][gc,cpu         ] GC(20) User=0.25s Sys=0.01s Real=0.18s
[31.358s][info ][safepoint      ] Safepoint "ParallelGCFailedAllocation", Time since last: 132344596 ns, Reaching safepoint: 16823329 ns, At safepoint: 177269274 ns, Total: 194092603 ns
[32.373s][info ][safepoint      ] Safepoint "Cleanup", Time since last: 1000086592 ns, Reaching safepoint: 14675887 ns, At safepoint: 38101 ns, Total: 14713988 ns
[32.781s][info ][gc,start       ] GC(21) Pause Young (Allocation Failure)
[32.985s][debug][gc,phases      ] GC(21) Scavenge 203.972ms
[32.985s][debug][gc,ref         ] GC(21) Skipped phase 1 of Reference Processing: no references
[32.985s][debug][gc,ref         ] GC(21) Skipped phase 3 of Reference Processing: no references
[32.985s][debug][gc,phases      ] GC(21) Reference Processing 0.154ms
[32.986s][debug][gc,phases      ] GC(21) Weak Processing 0.984ms
[32.986s][debug][gc,age         ] GC(21) Desired survivor size 216006656 bytes, new threshold 15 (max threshold 15)
[32.986s][info ][gc,heap        ] GC(21) PSYoungGen: 1802415K(1892352K)->129199K(1879040K) Eden: 1690112K(1690112K)->0K(1675264K) From: 112303K(202240K)->129199K(203776K)
[32.986s][info ][gc,heap        ] GC(21) ParOldGen: 157902K(238592K)->157910K(238592K)
[32.986s][info ][gc,metaspace   ] GC(21) Metaspace: 63226K(63808K)->63226K(63808K) NonClass: 54211K(54528K)->54211K(54528K) Class: 9014K(9280K)->9014K(9280K)
[32.986s][info ][gc             ] GC(21) Pause Young (Allocation Failure) 1914M->280M(2068M) 205.288ms
[32.986s][info ][gc,cpu         ] GC(21) User=0.24s Sys=0.00s Real=0.20s
[32.986s][info ][safepoint      ] Safepoint "ParallelGCFailedAllocation", Time since last: 395003532 ns, Reaching safepoint: 12929953 ns, At safepoint: 205442021 ns, Total: 218371974 ns
[34.271s][info ][safepoint      ] Safepoint "Cleanup", Time since last: 1258588512 ns, Reaching safepoint: 25916206 ns, At safepoint: 43101 ns, Total: 25959307 ns
[34.369s][info ][gc,start       ] GC(22) Pause Young (Allocation Failure)
[34.584s][debug][gc,phases      ] GC(22) Scavenge 215.139ms
[34.584s][debug][gc,ref         ] GC(22) Skipped phase 1 of Reference Processing: no references
[34.584s][debug][gc,ref         ] GC(22) Skipped phase 3 of Reference Processing: no references
[34.584s][debug][gc,phases      ] GC(22) Reference Processing 0.149ms
[34.585s][debug][gc,phases      ] GC(22) Weak Processing 1.059ms
[34.585s][debug][gc,age         ] GC(22) Desired survivor size 228065280 bytes, new threshold 15 (max threshold 15)
[34.585s][info ][gc,heap        ] GC(22) PSYoungGen: 1804463K(1879040K)->148911K(1824256K) Eden: 1675264K(1675264K)->0K(1675264K) From: 129199K(203776K)->148911K(148992K)
[34.585s][info ][gc,heap        ] GC(22) ParOldGen: 157910K(238592K)->157918K(238592K)
[34.585s][info ][gc,metaspace   ] GC(22) Metaspace: 63431K(64064K)->63431K(64064K) NonClass: 54392K(54720K)->54392K(54720K) Class: 9038K(9344K)->9038K(9344K)
[34.585s][info ][gc             ] GC(22) Pause Young (Allocation Failure) 1916M->299M(2014M) 216.538ms
[34.585s][info ][gc,cpu         ] GC(22) User=0.30s Sys=0.00s Real=0.21s
[34.585s][info ][safepoint      ] Safepoint "ParallelGCFailedAllocation", Time since last: 80616675 ns, Reaching safepoint: 17303938 ns, At safepoint: 216709533 ns, Total: 234013471 ns
[35.617s][info ][safepoint      ] Safepoint "Cleanup", Time since last: 1001810460 ns, Reaching safepoint: 29479375 ns, At safepoint: 73901 ns, Total: 29553276 ns
[35.809s][info ][gc,start       ] GC(23) Pause Young (Allocation Failure)
[35.997s][debug][gc,phases      ] GC(23) Scavenge 187.881ms
[35.997s][debug][gc,ref         ] GC(23) Skipped phase 1 of Reference Processing: no references
[35.997s][debug][gc,ref         ] GC(23) Skipped phase 3 of Reference Processing: no references
[35.997s][debug][gc,phases      ] GC(23) Reference Processing 0.150ms
[35.998s][debug][gc,phases      ] GC(23) Weak Processing 0.903ms
[35.998s][debug][gc,age         ] GC(23) Desired survivor size 243793920 bytes, new threshold 15 (max threshold 15)
[35.998s][info ][gc,heap        ] GC(23) PSYoungGen: 1824175K(1824256K)->165921K(1843712K) Eden: 1675264K(1675264K)->0K(1620992K) From: 148911K(148992K)->165921K(222720K)
[35.998s][info ][gc,heap        ] GC(23) ParOldGen: 157918K(238592K)->166792K(238592K)
[35.998s][info ][gc,metaspace   ] GC(23) Metaspace: 63453K(64064K)->63453K(64064K) NonClass: 54414K(54720K)->54414K(54720K) Class: 9038K(9344K)->9038K(9344K)
[35.998s][info ][gc             ] GC(23) Pause Young (Allocation Failure) 1935M->324M(2033M) 189.089ms
[35.998s][info ][gc,cpu         ] GC(23) User=0.29s Sys=0.02s Real=0.19s
[35.998s][info ][safepoint      ] Safepoint "ParallelGCFailedAllocation", Time since last: 183394379 ns, Reaching safepoint: 8616168 ns, At safepoint: 189231993 ns, Total: 197848161 ns
[37.017s][info ][safepoint      ] Safepoint "Cleanup", Time since last: 1006734927 ns, Reaching safepoint: 12136037 ns, At safepoint: 48201 ns, Total: 12184238 ns
[37.392s][info ][gc,start       ] GC(24) Pause Young (Allocation Failure)
[37.561s][debug][gc,phases      ] GC(24) Scavenge 169.129ms
[37.561s][debug][gc,ref         ] GC(24) Skipped phase 1 of Reference Processing: no references
[37.561s][debug][gc,ref         ] GC(24) Skipped phase 3 of Reference Processing: no references
[37.561s][debug][gc,phases      ] GC(24) Reference Processing 0.216ms
[37.562s][debug][gc,phases      ] GC(24) Weak Processing 1.048ms
[37.562s][debug][gc,age         ] GC(24) Desired survivor size 262144000 bytes, new threshold 15 (max threshold 15)
[37.562s][info ][gc,heap        ] GC(24) PSYoungGen: 1786913K(1843712K)->182912K(1804288K) Eden: 1620992K(1620992K)->0K(1620992K) From: 165921K(222720K)->182912K(183296K)
[37.562s][info ][gc,heap        ] GC(24) ParOldGen: 166792K(238592K)->175088K(238592K)
[37.562s][info ][gc,metaspace   ] GC(24) Metaspace: 63518K(64128K)->63518K(64128K) NonClass: 54474K(54784K)->54474K(54784K) Class: 9043K(9344K)->9043K(9344K)
[37.562s][info ][gc             ] GC(24) Pause Young (Allocation Failure) 1907M->349M(1995M) 170.576ms
[37.562s][info ][gc,cpu         ] GC(24) User=0.31s Sys=0.00s Real=0.17s
[37.562s][info ][safepoint      ] Safepoint "ParallelGCFailedAllocation", Time since last: 364360698 ns, Reaching safepoint: 10230599 ns, At safepoint: 170730724 ns, Total: 180961323 ns
[38.542s][info ][gc,start       ] GC(25) Pause Young (Allocation Failure)
[38.709s][debug][gc,phases      ] GC(25) Scavenge 167.027ms
[38.709s][debug][gc,ref         ] GC(25) Skipped phase 1 of Reference Processing: no references
[38.709s][debug][gc,ref         ] GC(25) Skipped phase 3 of Reference Processing: no references
[38.709s][debug][gc,phases      ] GC(25) Reference Processing 0.182ms
[38.710s][debug][gc,phases      ] GC(25) Weak Processing 0.931ms
[38.710s][debug][gc,age         ] GC(25) Desired survivor size 278921216 bytes, new threshold 15 (max threshold 15)
[38.710s][info ][gc,heap        ] GC(25) PSYoungGen: 1803904K(1804288K)->189760K(1808384K) Eden: 1620992K(1620992K)->0K(1552384K) From: 182912K(183296K)->189760K(256000K)
[38.710s][info ][gc,heap        ] GC(25) ParOldGen: 175088K(238592K)->179168K(238592K)
[38.710s][info ][gc,metaspace   ] GC(25) Metaspace: 63539K(64128K)->63539K(64128K) NonClass: 54495K(54784K)->54495K(54784K) Class: 9043K(9344K)->9043K(9344K)
[38.710s][info ][gc             ] GC(25) Pause Young (Allocation Failure) 1932M->360M(1999M) 168.320ms
[38.710s][info ][gc,cpu         ] GC(25) User=0.28s Sys=0.00s Real=0.17s
[38.710s][info ][safepoint      ] Safepoint "ParallelGCFailedAllocation", Time since last: 962736540 ns, Reaching safepoint: 16634324 ns, At safepoint: 168474577 ns, Total: 185108901 ns
[39.733s][info ][safepoint      ] Safepoint "Cleanup", Time since last: 1002613892 ns, Reaching safepoint: 20122291 ns, At safepoint: 41801 ns, Total: 20164092 ns
[40.081s][info ][gc,start       ] GC(26) Pause Young (Allocation Failure)
[40.273s][debug][gc,phases      ] GC(26) Scavenge 191.875ms
[40.273s][debug][gc,ref         ] GC(26) Skipped phase 1 of Reference Processing: no references
[40.273s][debug][gc,ref         ] GC(26) Skipped phase 3 of Reference Processing: no references
[40.273s][debug][gc,phases      ] GC(26) Reference Processing 0.193ms
[40.274s][debug][gc,phases      ] GC(26) Weak Processing 0.858ms
[40.274s][debug][gc,age         ] GC(26) Desired survivor size 294125568 bytes, new threshold 15 (max threshold 15)
[40.274s][info ][gc,heap        ] GC(26) PSYoungGen: 1742144K(1808384K)->197201K(1750016K) Eden: 1552384K(1552384K)->0K(1552384K) From: 189760K(256000K)->197201K(197632K)
[40.274s][info ][gc,heap        ] GC(26) ParOldGen: 179168K(238592K)->180821K(238592K)
[40.274s][info ][gc,metaspace   ] GC(26) Metaspace: 63564K(64192K)->63564K(64192K) NonClass: 54520K(54848K)->54520K(54848K) Class: 9043K(9344K)->9043K(9344K)
[40.274s][info ][gc             ] GC(26) Pause Young (Allocation Failure) 1876M->369M(1942M) 193.115ms
[40.274s][info ][gc,cpu         ] GC(26) User=0.24s Sys=0.00s Real=0.19s
[40.274s][info ][safepoint      ] Safepoint "ParallelGCFailedAllocation", Time since last: 323741891 ns, Reaching safepoint: 24171070 ns, At safepoint: 193261253 ns, Total: 217432323 ns
[41.297s][info ][safepoint      ] Safepoint "Cleanup", Time since last: 1000094312 ns, Reaching safepoint: 22700440 ns, At safepoint: 60302 ns, Total: 22760742 ns
[41.397s][info ][gc,start       ] GC(27) Pause Young (Allocation Failure)
[41.597s][debug][gc,phases      ] GC(27) Scavenge 199.891ms
[41.597s][debug][gc,ref         ] GC(27) Skipped phase 1 of Reference Processing: no references
[41.597s][debug][gc,ref         ] GC(27) Skipped phase 3 of Reference Processing: no references
[41.597s][debug][gc,phases      ] GC(27) Reference Processing 0.176ms
[41.598s][debug][gc,phases      ] GC(27) Weak Processing 0.859ms
[41.598s][debug][gc,age         ] GC(27) Desired survivor size 308805632 bytes, new threshold 15 (max threshold 15)
[41.598s][info ][gc,heap        ] GC(27) PSYoungGen: 1749585K(1750016K)->204656K(1781248K) Eden: 1552384K(1552384K)->0K(1494016K) From: 197201K(197632K)->204656K(287232K)
[41.598s][info ][gc,heap        ] GC(27) ParOldGen: 180821K(238592K)->182613K(238592K)
[41.598s][info ][gc,metaspace   ] GC(27) Metaspace: 63574K(64192K)->63574K(64192K) NonClass: 54531K(54848K)->54531K(54848K) Class: 9043K(9344K)->9043K(9344K)
[41.598s][info ][gc             ] GC(27) Pause Young (Allocation Failure) 1885M->378M(1972M) 201.121ms
[41.598s][info ][gc,cpu         ] GC(27) User=0.28s Sys=0.00s Real=0.20s
[41.598s][info ][safepoint      ] Safepoint "ParallelGCFailedAllocation", Time since last: 86907085 ns, Reaching safepoint: 12945951 ns, At safepoint: 201286504 ns, Total: 214232455 ns
[42.585s][info ][gc,start       ] GC(28) Pause Young (Allocation Failure)
[42.768s][debug][gc,phases      ] GC(28) Scavenge 182.942ms
[42.768s][debug][gc,ref         ] GC(28) Skipped phase 1 of Reference Processing: no references
[42.768s][debug][gc,ref         ] GC(28) Skipped phase 3 of Reference Processing: no references
[42.768s][debug][gc,phases      ] GC(28) Reference Processing 0.157ms
[42.769s][debug][gc,phases      ] GC(28) Weak Processing 0.737ms
[42.769s][debug][gc,age         ] GC(28) Desired survivor size 321388544 bytes, new threshold 15 (max threshold 15)
[42.769s][info ][gc,heap        ] GC(28) PSYoungGen: 1698672K(1781248K)->208857K(1702912K) Eden: 1494016K(1494016K)->0K(1494016K) From: 204656K(287232K)->208857K(208896K)
[42.769s][info ][gc,heap        ] GC(28) ParOldGen: 182613K(238592K)->184301K(238592K)
[42.769s][info ][gc,metaspace   ] GC(28) Metaspace: 63656K(64256K)->63656K(64256K) NonClass: 54600K(54912K)->54600K(54912K) Class: 9055K(9344K)->9055K(9344K)
[42.769s][info ][gc             ] GC(28) Pause Young (Allocation Failure) 1837M->383M(1896M) 184.032ms
[42.769s][info ][gc,cpu         ] GC(28) User=0.24s Sys=0.00s Real=0.19s
[42.769s][info ][safepoint      ] Safepoint "ParallelGCFailedAllocation", Time since last: 966685438 ns, Reaching safepoint: 20054788 ns, At safepoint: 184175768 ns, Total: 204230556 ns
[43.254s][info ][safepoint      ] Safepoint "ICBufferFull", Time since last: 463750783 ns, Reaching safepoint: 21079908 ns, At safepoint: 38600 ns, Total: 21118508 ns
[43.257s][info ][safepoint      ] Safepoint "ICBufferFull", Time since last: 2894356 ns, Reaching safepoint: 157804 ns, At safepoint: 13600 ns, Total: 171404 ns
[43.841s][info ][safepoint      ] Safepoint "ICBufferFull", Time since last: 577675579 ns, Reaching safepoint: 6278622 ns, At safepoint: 23200 ns, Total: 6301822 ns
[43.981s][info ][gc,start       ] GC(29) Pause Young (Allocation Failure)
[44.178s][debug][gc,phases      ] GC(29) Scavenge 197.259ms
[44.178s][debug][gc,ref         ] GC(29) Skipped phase 1 of Reference Processing: no references
[44.178s][debug][gc,ref         ] GC(29) Skipped phase 3 of Reference Processing: no references
[44.178s][debug][gc,phases      ] GC(29) Reference Processing 0.229ms
[44.179s][debug][gc,phases      ] GC(29) Weak Processing 0.882ms
[44.179s][debug][gc,age         ] GC(29) Desired survivor size 324534272 bytes, new threshold 15 (max threshold 15)
[44.179s][info ][gc,heap        ] GC(29) PSYoungGen: 1702873K(1702912K)->194009K(1777152K) Eden: 1494016K(1494016K)->0K(1463296K) From: 208857K(208896K)->194009K(313856K)
[44.179s][info ][gc,heap        ] GC(29) ParOldGen: 184301K(238592K)->187253K(238592K)
[44.179s][info ][gc,metaspace   ] GC(29) Metaspace: 65083K(65664K)->65083K(65664K) NonClass: 55826K(56128K)->55826K(56128K) Class: 9257K(9536K)->9257K(9536K)
[44.179s][info ][gc             ] GC(29) Pause Young (Allocation Failure) 1842M->372M(1968M) 198.554ms
[44.179s][info ][gc,cpu         ] GC(29) User=0.21s Sys=0.00s Real=0.20s
[44.179s][info ][safepoint      ] Safepoint "ParallelGCFailedAllocation", Time since last: 135412621 ns, Reaching safepoint: 4518587 ns, At safepoint: 198708945 ns, Total: 203227532 ns
[44.340s][info ][safepoint      ] Safepoint "ICBufferFull", Time since last: 148015162 ns, Reaching safepoint: 12245137 ns, At safepoint: 35700 ns, Total: 12280837 ns
[44.562s][info ][safepoint      ] Safepoint "ICBufferFull", Time since last: 215460566 ns, Reaching safepoint: 6935634 ns, At safepoint: 38401 ns, Total: 6974035 ns
[44.741s][info ][safepoint      ] Safepoint "ICBufferFull", Time since last: 162472541 ns, Reaching safepoint: 16046810 ns, At safepoint: 27700 ns, Total: 16074510 ns
[45.078s][info ][safepoint      ] Safepoint "ICBufferFull", Time since last: 331937518 ns, Reaching safepoint: 5132699 ns, At safepoint: 41601 ns, Total: 5174300 ns
[45.133s][info ][gc,start       ] GC(30) Pause Young (Allocation Failure)
[45.329s][debug][gc,phases      ] GC(30) Scavenge 195.837ms
[45.329s][debug][gc,ref         ] GC(30) Skipped phase 1 of Reference Processing: no references
[45.329s][debug][gc,ref         ] GC(30) Skipped phase 3 of Reference Processing: no references
[45.329s][debug][gc,phases      ] GC(30) Reference Processing 0.214ms
[45.330s][debug][gc,phases      ] GC(30) Weak Processing 0.860ms
[45.330s][debug][gc,age         ] GC(30) Desired survivor size 315097088 bytes, new threshold 15 (max threshold 15)
[45.330s][info ][gc,heap        ] GC(30) PSYoungGen: 1657305K(1777152K)->165769K(1780224K) Eden: 1463296K(1463296K)->0K(1463296K) From: 194009K(313856K)->165769K(316928K)
[45.330s][info ][gc,heap        ] GC(30) ParOldGen: 187253K(238592K)->189821K(238592K)
[45.330s][info ][gc,metaspace   ] GC(30) Metaspace: 65400K(65984K)->65400K(65984K) NonClass: 56132K(56448K)->56132K(56448K) Class: 9268K(9536K)->9268K(9536K)
[45.330s][info ][gc             ] GC(30) Pause Young (Allocation Failure) 1801M->347M(1971M) 197.096ms
[45.330s][info ][gc,cpu         ] GC(30) User=0.24s Sys=0.00s Real=0.20s
[45.330s][info ][safepoint      ] Safepoint "ParallelGCFailedAllocation", Time since last: 26834619 ns, Reaching safepoint: 28044642 ns, At safepoint: 197266910 ns, Total: 225311552 ns
[46.179s][info ][safepoint      ] Safepoint "ICBufferFull", Time since last: 832900185 ns, Reaching safepoint: 16257014 ns, At safepoint: 42201 ns, Total: 16299215 ns
[46.713s][info ][gc,start       ] GC(31) Pause Young (Allocation Failure)
[46.829s][debug][gc,phases      ] GC(31) Scavenge 115.803ms
[46.829s][debug][gc,ref         ] GC(31) Skipped phase 1 of Reference Processing: no references
[46.829s][debug][gc,ref         ] GC(31) Skipped phase 3 of Reference Processing: no references
[46.829s][debug][gc,phases      ] GC(31) Reference Processing 0.146ms
[46.830s][debug][gc,phases      ] GC(31) Weak Processing 1.002ms
[46.830s][debug][gc,age         ] GC(31) Desired survivor size 305659904 bytes, new threshold 15 (max threshold 15)
[46.830s][info ][gc,heap        ] GC(31) PSYoungGen: 1629065K(1780224K)->163969K(1798656K) Eden: 1463296K(1463296K)->0K(1490944K) From: 165769K(316928K)->163969K(307712K)
[46.830s][info ][gc,heap        ] GC(31) ParOldGen: 189821K(238592K)->192877K(238592K)
[46.830s][info ][gc,metaspace   ] GC(31) Metaspace: 66497K(67136K)->66497K(67136K) NonClass: 57076K(57408K)->57076K(57408K) Class: 9420K(9728K)->9420K(9728K)
[46.830s][info ][gc             ] GC(31) Pause Young (Allocation Failure) 1776M->348M(1989M) 117.151ms
[46.830s][info ][gc,cpu         ] GC(31) User=0.16s Sys=0.00s Real=0.12s
[46.830s][info ][safepoint      ] Safepoint "ParallelGCFailedAllocation", Time since last: 511398066 ns, Reaching safepoint: 22190529 ns, At safepoint: 117302163 ns, Total: 139492692 ns
[47.573s][info ][safepoint      ] Safepoint "ICBufferFull", Time since last: 714564378 ns, Reaching safepoint: 27975839 ns, At safepoint: 36701 ns, Total: 28012540 ns
[47.961s][info ][gc,start       ] GC(32) Pause Young (Allocation Failure)
[48.097s][debug][gc,phases      ] GC(32) Scavenge 135.813ms
[48.097s][debug][gc,ref         ] GC(32) Skipped phase 1 of Reference Processing: no references
[48.097s][debug][gc,ref         ] GC(32) Skipped phase 3 of Reference Processing: no references
[48.097s][debug][gc,phases      ] GC(32) Reference Processing 0.185ms
[48.098s][debug][gc,phases      ] GC(32) Weak Processing 0.811ms
[48.098s][debug][gc,age         ] GC(32) Desired survivor size 296222720 bytes, new threshold 15 (max threshold 15)
[48.098s][info ][gc,heap        ] GC(32) PSYoungGen: 1654913K(1798656K)->164137K(1789440K) Eden: 1490944K(1490944K)->0K(1490944K) From: 163969K(307712K)->164137K(298496K)
[48.098s][info ][gc,heap        ] GC(32) ParOldGen: 192877K(238592K)->193317K(238592K)
[48.098s][info ][gc,metaspace   ] GC(32) Metaspace: 66986K(67648K)->66986K(67648K) NonClass: 57503K(57856K)->57503K(57856K) Class: 9482K(9792K)->9482K(9792K)
[48.098s][info ][gc             ] GC(32) Pause Young (Allocation Failure) 1804M->349M(1980M) 136.985ms
[48.098s][info ][gc,cpu         ] GC(32) User=0.15s Sys=0.00s Real=0.14s
[48.098s][info ][safepoint      ] Safepoint "ParallelGCFailedAllocation", Time since last: 369451021 ns, Reaching safepoint: 18787562 ns, At safepoint: 137145843 ns, Total: 155933405 ns
[48.701s][info ][safepoint      ] Safepoint "ICBufferFull", Time since last: 590607972 ns, Reaching safepoint: 12228236 ns, At safepoint: 42901 ns, Total: 12271137 ns
[49.257s][info ][gc,start       ] GC(33) Pause Young (Allocation Failure)
[49.385s][debug][gc,phases      ] GC(33) Scavenge 127.318ms
[49.385s][debug][gc,ref         ] GC(33) Skipped phase 1 of Reference Processing: no references
[49.385s][debug][gc,ref         ] GC(33) Skipped phase 3 of Reference Processing: no references
[49.385s][debug][gc,phases      ] GC(33) Reference Processing 0.221ms
[49.386s][debug][gc,phases      ] GC(33) Weak Processing 0.888ms
[49.386s][debug][gc,age         ] GC(33) Desired survivor size 286261248 bytes, new threshold 15 (max threshold 15)
[49.386s][info ][gc,heap        ] GC(33) PSYoungGen: 1655081K(1789440K)->160672K(1817600K) Eden: 1490944K(1490944K)->0K(1528320K) From: 164137K(298496K)->160672K(289280K)
[49.386s][info ][gc,heap        ] GC(33) ParOldGen: 193317K(238592K)->197661K(238592K)
[49.386s][info ][gc,metaspace   ] GC(33) Metaspace: 69201K(69824K)->69201K(69824K) NonClass: 59377K(59712K)->59377K(59712K) Class: 9823K(10112K)->9823K(10112K)
[49.386s][info ][gc             ] GC(33) Pause Young (Allocation Failure) 1805M->349M(2008M) 128.619ms
[49.386s][info ][gc,cpu         ] GC(33) User=0.16s Sys=0.00s Real=0.12s
[49.386s][info ][safepoint      ] Safepoint "ParallelGCFailedAllocation", Time since last: 547958248 ns, Reaching safepoint: 8474263 ns, At safepoint: 128754576 ns, Total: 137228839 ns
[49.833s][info ][safepoint      ] Safepoint "ICBufferFull", Time since last: 430535381 ns, Reaching safepoint: 15993708 ns, At safepoint: 48301 ns, Total: 16042009 ns
[50.010s][info ][safepoint      ] Safepoint "ICBufferFull", Time since last: 157363527 ns, Reaching safepoint: 19588676 ns, At safepoint: 40001 ns, Total: 19628677 ns
[50.397s][info ][safepoint      ] Safepoint "ICBufferFull", Time since last: 379344492 ns, Reaching safepoint: 8395261 ns, At safepoint: 43301 ns, Total: 8438562 ns
[50.837s][info ][gc,start       ] GC(34) Pause Young (Allocation Failure)
[50.969s][debug][gc,phases      ] GC(34) Scavenge 132.235ms
[50.969s][debug][gc,ref         ] GC(34) Skipped phase 1 of Reference Processing: no references
[50.969s][debug][gc,ref         ] GC(34) Skipped phase 3 of Reference Processing: no references
[50.969s][debug][gc,phases      ] GC(34) Reference Processing 0.167ms
[50.970s][debug][gc,phases      ] GC(34) Weak Processing 0.855ms
[50.970s][debug][gc,age         ] GC(34) Desired survivor size 277348352 bytes, new threshold 15 (max threshold 15)
[50.970s][info ][gc,heap        ] GC(34) PSYoungGen: 1688992K(1817600K)->161926K(1807872K) Eden: 1528320K(1528320K)->0K(1528320K) From: 160672K(289280K)->161926K(279552K)
[50.970s][info ][gc,heap        ] GC(34) ParOldGen: 197661K(238592K)->198625K(238592K)
[50.970s][info ][gc,metaspace   ] GC(34) Metaspace: 73254K(73920K)->73254K(73920K) NonClass: 62939K(63296K)->62939K(63296K) Class: 10314K(10624K)->10314K(10624K)
[50.970s][info ][gc             ] GC(34) Pause Young (Allocation Failure) 1842M->352M(1998M) 133.418ms
[50.970s][info ][gc,cpu         ] GC(34) User=0.15s Sys=0.00s Real=0.13s
[50.970s][info ][safepoint      ] Safepoint "ParallelGCFailedAllocation", Time since last: 426203689 ns, Reaching safepoint: 13204754 ns, At safepoint: 133565866 ns, Total: 146770620 ns
[51.587s][info ][safepoint      ] Safepoint "ICBufferFull", Time since last: 602513369 ns, Reaching safepoint: 13781564 ns, At safepoint: 33301 ns, Total: 13814865 ns
[52.361s][info ][gc,start       ] GC(35) Pause Young (Allocation Failure)
[52.501s][debug][gc,phases      ] GC(35) Scavenge 139.798ms
[52.501s][debug][gc,ref         ] GC(35) Skipped phase 1 of Reference Processing: no references
[52.501s][debug][gc,ref         ] GC(35) Skipped phase 3 of Reference Processing: no references
[52.501s][debug][gc,phases      ] GC(35) Reference Processing 0.176ms
[52.502s][debug][gc,phases      ] GC(35) Weak Processing 1.023ms
[52.502s][debug][gc,age         ] GC(35) Desired survivor size 265814016 bytes, new threshold 15 (max threshold 15)
[52.502s][info ][gc,heap        ] GC(35) PSYoungGen: 1690246K(1807872K)->149928K(1837568K) Eden: 1528320K(1528320K)->0K(1566720K) From: 161926K(279552K)->149928K(270848K)
[52.502s][info ][gc,heap        ] GC(35) ParOldGen: 198625K(238592K)->212064K(238592K)
[52.502s][info ][gc,metaspace   ] GC(35) Metaspace: 74982K(75648K)->74982K(75648K) NonClass: 64481K(64832K)->64481K(64832K) Class: 10500K(10816K)->10500K(10816K)
[52.502s][info ][gc             ] GC(35) Pause Young (Allocation Failure) 1844M->353M(2027M) 141.170ms
[52.502s][info ][gc,cpu         ] GC(35) User=0.16s Sys=0.00s Real=0.14s
[52.502s][info ][safepoint      ] Safepoint "ParallelGCFailedAllocation", Time since last: 753931968 ns, Reaching safepoint: 20090685 ns, At safepoint: 141309010 ns, Total: 161399695 ns
[53.225s][info ][safepoint      ] Safepoint "ICBufferFull", Time since last: 716080129 ns, Reaching safepoint: 6797830 ns, At safepoint: 47101 ns, Total: 6844931 ns
[53.821s][info ][gc,start       ] GC(36) Pause Young (Allocation Failure)
[53.941s][debug][gc,phases      ] GC(36) Scavenge 119.650ms
[53.941s][debug][gc,ref         ] GC(36) Skipped phase 1 of Reference Processing: no references
[53.941s][debug][gc,ref         ] GC(36) Skipped phase 3 of Reference Processing: no references
[53.941s][debug][gc,phases      ] GC(36) Reference Processing 0.227ms
[53.942s][debug][gc,phases      ] GC(36) Weak Processing 0.935ms
[53.942s][debug][gc,age         ] GC(36) Desired survivor size 257425408 bytes, new threshold 15 (max threshold 15)
[53.942s][info ][gc,heap        ] GC(36) PSYoungGen: 1716648K(1837568K)->159439K(1826304K) Eden: 1566720K(1566720K)->0K(1566720K) From: 149928K(270848K)->159439K(259584K)
[53.942s][info ][gc,heap        ] GC(36) ParOldGen: 212064K(238592K)->227034K(238592K)
[53.942s][info ][gc,metaspace   ] GC(36) Metaspace: 75739K(76416K)->75739K(76416K) NonClass: 65139K(65472K)->65139K(65472K) Class: 10600K(10944K)->10600K(10944K)
[53.942s][info ][gc             ] GC(36) Pause Young (Allocation Failure) 1883M->377M(2016M) 121.001ms
[53.942s][info ][gc,cpu         ] GC(36) User=0.16s Sys=0.00s Real=0.12s
[53.942s][debug][gc,phases      ] GC(37) Pre Compact 0.018ms
[53.942s][info ][gc,start       ] GC(37) Pause Full (Ergonomics)
[53.942s][info ][gc,phases,start] GC(37) Marking Phase
[54.233s][debug][gc,phases      ] GC(37) Par Mark 290.317ms
[54.233s][debug][gc,ref         ] GC(37) Skipped phase 1 of Reference Processing: no references
[54.233s][debug][gc,ref         ] GC(37) Skipped phase 3 of Reference Processing: no references
[54.233s][debug][gc,phases      ] GC(37) Reference Processing 0.064ms
[54.234s][debug][gc,phases      ] GC(37) Weak Processing 0.876ms
[54.234s][debug][gc,phases      ] GC(37) ClassLoaderData 0.078ms
[54.234s][debug][gc,phases      ] GC(37) Trigger cleanups 0.000ms
[54.266s][debug][gc,phases      ] GC(37) Class Unloading 32.241ms
[54.266s][info ][gc,phases      ] GC(37) Marking Phase 323.695ms
[54.266s][info ][gc,phases,start] GC(37) Summary Phase
[54.266s][info ][gc,phases      ] GC(37) Summary Phase 0.014ms
[54.266s][info ][gc,phases,start] GC(37) Adjust Roots
[54.311s][info ][gc,phases      ] GC(37) Adjust Roots 44.732ms
[54.311s][info ][gc,phases,start] GC(37) Compaction Phase
[54.858s][info ][gc,phases      ] GC(37) Compaction Phase 547.639ms
[54.858s][info ][gc,phases,start] GC(37) Post Compact
[54.861s][info ][gc,phases      ] GC(37) Post Compact 2.083ms
[54.861s][info ][gc,heap        ] GC(37) PSYoungGen: 159439K(1826304K)->142156K(1826304K) Eden: 0K(1566720K)->0K(1566720K) From: 159439K(259584K)->142156K(259584K)
[54.861s][info ][gc,heap        ] GC(37) ParOldGen: 227034K(238592K)->238379K(285184K)
[54.861s][info ][gc,metaspace   ] GC(37) Metaspace: 75739K(76416K)->75739K(76416K) NonClass: 65139K(65472K)->65139K(65472K) Class: 10600K(10944K)->10600K(10944K)
[54.861s][info ][gc             ] GC(37) Pause Full (Ergonomics) 377M->371M(2062M) 918.534ms
[54.861s][info ][gc,cpu         ] GC(37) User=1.60s Sys=0.01s Real=0.92s
[54.886s][info ][safepoint      ] Safepoint "ParallelGCFailedAllocation", Time since last: 578201576 ns, Reaching safepoint: 17571837 ns, At safepoint: 1064910184 ns, Total: 1082482021 ns
[55.486s][info ][safepoint      ] Safepoint "ICBufferFull", Time since last: 585695402 ns, Reaching safepoint: 14491977 ns, At safepoint: 29800 ns, Total: 14521777 ns
[55.981s][info ][gc,start       ] GC(38) Pause Young (Allocation Failure)
[56.133s][debug][gc,phases      ] GC(38) Scavenge 151.850ms
[56.133s][debug][gc,ref         ] GC(38) Skipped phase 1 of Reference Processing: no references
[56.133s][debug][gc,ref         ] GC(38) Skipped phase 3 of Reference Processing: no references
[56.133s][debug][gc,phases      ] GC(38) Reference Processing 0.067ms
[56.134s][debug][gc,phases      ] GC(38) Weak Processing 1.010ms
[56.134s][debug][gc,age         ] GC(38) Desired survivor size 251133952 bytes, new threshold 15 (max threshold 15)
[56.134s][info ][gc,heap        ] GC(38) PSYoungGen: 1708876K(1826304K)->132743K(1851904K) Eden: 1566720K(1566720K)->0K(1600512K) From: 142156K(259584K)->132743K(251392K)
[56.134s][info ][gc,heap        ] GC(38) ParOldGen: 238379K(285184K)->245885K(285184K)
[56.134s][info ][gc,metaspace   ] GC(38) Metaspace: 76098K(76736K)->76098K(76736K) NonClass: 65457K(65792K)->65457K(65792K) Class: 10640K(10944K)->10640K(10944K)
[56.134s][info ][gc             ] GC(38) Pause Young (Allocation Failure) 1901M->369M(2087M) 153.141ms
[56.134s][info ][gc,cpu         ] GC(38) User=0.25s Sys=0.01s Real=0.15s
[56.134s][info ][safepoint      ] Safepoint "ParallelGCFailedAllocation", Time since last: 482767329 ns, Reaching safepoint: 12060331 ns, At safepoint: 153286230 ns, Total: 165346561 ns
[57.040s][info ][safepoint      ] Safepoint "ICBufferFull", Time since last: 905786198 ns, Reaching safepoint: 320207 ns, At safepoint: 21200 ns, Total: 341407 ns
[57.341s][info ][gc,start       ] GC(39) Pause Young (Allocation Failure)
[57.493s][debug][gc,phases      ] GC(39) Scavenge 151.842ms
[57.493s][debug][gc,ref         ] GC(39) Skipped phase 1 of Reference Processing: no references
[57.493s][debug][gc,ref         ] GC(39) Skipped phase 3 of Reference Processing: no references
[57.493s][debug][gc,phases      ] GC(39) Reference Processing 0.060ms
[57.494s][debug][gc,phases      ] GC(39) Weak Processing 0.904ms
[57.494s][debug][gc,age         ] GC(39) Desired survivor size 247988224 bytes, new threshold 15 (max threshold 15)
[57.494s][info ][gc,heap        ] GC(39) PSYoungGen: 1733255K(1851904K)->110494K(1845760K) Eden: 1600512K(1600512K)->0K(1600512K) From: 132743K(251392K)->110494K(245248K)
[57.494s][info ][gc,heap        ] GC(39) ParOldGen: 245885K(285184K)->265701K(285184K)
[57.494s][info ][gc,metaspace   ] GC(39) Metaspace: 76273K(76928K)->76273K(76928K) NonClass: 65619K(65920K)->65619K(65920K) Class: 10654K(11008K)->10654K(11008K)
[57.494s][info ][gc             ] GC(39) Pause Young (Allocation Failure) 1932M->367M(2081M) 152.992ms
[57.494s][info ][gc,cpu         ] GC(39) User=0.14s Sys=0.00s Real=0.15s
[57.494s][debug][gc,phases      ] GC(40) Pre Compact 0.018ms
[57.494s][info ][gc,start       ] GC(40) Pause Full (Ergonomics)
[57.494s][info ][gc,phases,start] GC(40) Marking Phase
[57.865s][debug][gc,phases      ] GC(40) Par Mark 370.707ms
[57.865s][debug][gc,ref         ] GC(40) Skipped phase 1 of Reference Processing: no references
[57.865s][debug][gc,ref         ] GC(40) Skipped phase 3 of Reference Processing: no references
[57.865s][debug][gc,phases      ] GC(40) Reference Processing 0.067ms
[57.866s][debug][gc,phases      ] GC(40) Weak Processing 0.975ms
[57.866s][debug][gc,phases      ] GC(40) ClassLoaderData 0.073ms
[57.866s][debug][gc,phases      ] GC(40) Trigger cleanups 0.000ms
[57.892s][debug][gc,phases      ] GC(40) Class Unloading 26.398ms
[57.892s][info ][gc,phases      ] GC(40) Marking Phase 398.336ms
[57.892s][info ][gc,phases,start] GC(40) Summary Phase
[57.892s][info ][gc,phases      ] GC(40) Summary Phase 0.016ms
[57.892s][info ][gc,phases,start] GC(40) Adjust Roots
[57.934s][info ][gc,phases      ] GC(40) Adjust Roots 42.097ms
[57.934s][info ][gc,phases,start] GC(40) Compaction Phase
[58.286s][info ][gc,phases      ] GC(40) Compaction Phase 351.346ms
[58.286s][info ][gc,phases,start] GC(40) Post Compact
[58.288s][info ][gc,phases      ] GC(40) Post Compact 2.309ms
[58.288s][info ][gc,heap        ] GC(40) PSYoungGen: 110494K(1845760K)->87293K(1845760K) Eden: 0K(1600512K)->0K(1600512K) From: 110494K(245248K)->87293K(245248K)
[58.288s][info ][gc,heap        ] GC(40) ParOldGen: 265701K(285184K)->285038K(345088K)
[58.288s][info ][gc,metaspace   ] GC(40) Metaspace: 76273K(76928K)->76273K(76928K) NonClass: 65619K(65920K)->65619K(65920K) Class: 10654K(11008K)->10654K(11008K)
[58.288s][info ][gc             ] GC(40) Pause Full (Ergonomics) 367M->363M(2139M) 794.480ms
[58.288s][info ][gc,cpu         ] GC(40) User=1.14s Sys=0.00s Real=0.79s
[58.313s][info ][safepoint      ] Safepoint "ParallelGCFailedAllocation", Time since last: 293206396 ns, Reaching safepoint: 7361040 ns, At safepoint: 971927939 ns, Total: 979288979 ns
[59.249s][info ][safepoint      ] Safepoint "ICBufferFull", Time since last: 916107358 ns, Reaching safepoint: 20038482 ns, At safepoint: 28800 ns, Total: 20067282 ns
[59.809s][info ][gc,start       ] GC(41) Pause Young (Allocation Failure)
[60.017s][debug][gc,phases      ] GC(41) Scavenge 207.826ms
[60.017s][debug][gc,ref         ] GC(41) Skipped phase 1 of Reference Processing: no references
[60.017s][debug][gc,ref         ] GC(41) Skipped phase 3 of Reference Processing: no references
[60.017s][debug][gc,ref         ] GC(41) Skipped phase 4 of Reference Processing: no references
[60.017s][debug][gc,phases      ] GC(41) Reference Processing 0.047ms
[60.018s][debug][gc,phases      ] GC(41) Weak Processing 0.864ms
[60.018s][debug][gc,age         ] GC(41) Desired survivor size 251658240 bytes, new threshold 15 (max threshold 15)
[60.018s][info ][gc,heap        ] GC(41) PSYoungGen: 1687805K(1845760K)->69303K(1847808K) Eden: 1600512K(1600512K)->0K(1605632K) From: 87293K(245248K)->69303K(242176K)
[60.018s][info ][gc,heap        ] GC(41) ParOldGen: 285038K(345088K)->304161K(345088K)
[60.018s][info ][gc,metaspace   ] GC(41) Metaspace: 76403K(77056K)->76403K(77056K) NonClass: 65749K(66048K)->65749K(66048K) Class: 10654K(11008K)->10654K(11008K)
[60.018s][info ][gc             ] GC(41) Pause Young (Allocation Failure) 1926M->364M(2141M) 208.916ms
[60.018s][info ][gc,cpu         ] GC(41) User=0.26s Sys=0.00s Real=0.21s
[60.018s][info ][safepoint      ] Safepoint "ParallelGCFailedAllocation", Time since last: 539809578 ns, Reaching safepoint: 20111483 ns, At safepoint: 209060880 ns, Total: 229172363 ns
[61.092s][info ][safepoint      ] Safepoint "ICBufferFull", Time since last: 1059088346 ns, Reaching safepoint: 15218090 ns, At safepoint: 39101 ns, Total: 15257191 ns
[61.409s][info ][gc,start       ] GC(42) Pause Young (Allocation Failure)
[61.485s][debug][gc,phases      ] GC(42) Scavenge 75.867ms
[61.485s][debug][gc,ref         ] GC(42) Skipped phase 1 of Reference Processing: no references
[61.485s][debug][gc,ref         ] GC(42) Skipped phase 3 of Reference Processing: no references
[61.485s][debug][gc,phases      ] GC(42) Reference Processing 0.046ms
[61.486s][debug][gc,phases      ] GC(42) Weak Processing 0.851ms
[61.486s][debug][gc,age         ] GC(42) Desired survivor size 254803968 bytes, new threshold 15 (max threshold 15)
[61.486s][info ][gc,heap        ] GC(42) PSYoungGen: 1674935K(1847808K)->59013K(1665024K) Eden: 1605632K(1605632K)->0K(1605632K) From: 69303K(242176K)->59013K(59392K)
[61.486s][info ][gc,heap        ] GC(42) ParOldGen: 304161K(345088K)->313403K(345088K)
[61.486s][info ][gc,metaspace   ] GC(42) Metaspace: 76525K(77248K)->76525K(77248K) NonClass: 65865K(66240K)->65865K(66240K) Class: 10660K(11008K)->10660K(11008K)
[61.486s][info ][gc             ] GC(42) Pause Young (Allocation Failure) 1932M->363M(1963M) 76.934ms
[61.486s][info ][gc,cpu         ] GC(42) User=0.08s Sys=0.00s Real=0.07s
[61.486s][info ][safepoint      ] Safepoint "ParallelGCFailedAllocation", Time since last: 303792873 ns, Reaching safepoint: 12778743 ns, At safepoint: 77083864 ns, Total: 89862607 ns
[62.105s][info ][safepoint      ] Safepoint "ICBufferFull", Time since last: 594853803 ns, Reaching safepoint: 23957055 ns, At safepoint: 49101 ns, Total: 24006156 ns
[62.741s][info ][gc,start       ] GC(43) Pause Young (Allocation Failure)
[62.841s][debug][gc,phases      ] GC(43) Scavenge 99.775ms
[62.841s][debug][gc,ref         ] GC(43) Skipped phase 1 of Reference Processing: no references
[62.841s][debug][gc,ref         ] GC(43) Skipped phase 3 of Reference Processing: no references
[62.841s][debug][gc,phases      ] GC(43) Reference Processing 0.046ms
[62.842s][debug][gc,phases      ] GC(43) Weak Processing 0.799ms
[62.842s][debug][gc,age         ] GC(43) Desired survivor size 257425408 bytes, new threshold 15 (max threshold 15)
[62.842s][info ][gc,heap        ] GC(43) PSYoungGen: 1664645K(1665024K)->43637K(1843200K) Eden: 1605632K(1605632K)->0K(1594368K) From: 59013K(59392K)->43637K(248832K)
[62.842s][info ][gc,heap        ] GC(43) ParOldGen: 313403K(345088K)->328162K(345088K)
[62.842s][info ][gc,metaspace   ] GC(43) Metaspace: 76696K(77376K)->76696K(77376K) NonClass: 66021K(66368K)->66021K(66368K) Class: 10674K(11008K)->10674K(11008K)
[62.842s][info ][gc             ] GC(43) Pause Young (Allocation Failure) 1931M->363M(2137M) 100.837ms
[62.842s][info ][gc,cpu         ] GC(43) User=0.07s Sys=0.00s Real=0.10s
[62.842s][debug][gc,phases      ] GC(44) Pre Compact 0.018ms
[62.842s][info ][gc,start       ] GC(44) Pause Full (Ergonomics)
[62.842s][info ][gc,phases,start] GC(44) Marking Phase
[63.157s][debug][gc,phases      ] GC(44) Par Mark 315.512ms
[63.157s][debug][gc,ref         ] GC(44) Skipped phase 1 of Reference Processing: no references
[63.158s][debug][gc,phases      ] GC(44) Reference Processing 0.361ms
[63.159s][debug][gc,phases      ] GC(44) Weak Processing 0.941ms
[63.159s][debug][gc,phases      ] GC(44) ClassLoaderData 0.076ms
[63.159s][debug][gc,phases      ] GC(44) Trigger cleanups 0.000ms
[63.183s][debug][gc,phases      ] GC(44) Class Unloading 24.228ms
[63.183s][info ][gc,phases      ] GC(44) Marking Phase 341.230ms
[63.183s][info ][gc,phases,start] GC(44) Summary Phase
[63.183s][info ][gc,phases      ] GC(44) Summary Phase 0.015ms
[63.183s][info ][gc,phases,start] GC(44) Adjust Roots
[63.211s][info ][gc,phases      ] GC(44) Adjust Roots 28.008ms
[63.211s][info ][gc,phases,start] GC(44) Compaction Phase
[63.486s][info ][gc,phases      ] GC(44) Compaction Phase 274.552ms
[63.486s][info ][gc,phases,start] GC(44) Post Compact
[63.488s][info ][gc,phases      ] GC(44) Post Compact 2.280ms
[63.488s][info ][gc,heap        ] GC(44) PSYoungGen: 43637K(1843200K)->23238K(1843200K) Eden: 0K(1594368K)->0K(1594368K) From: 43637K(248832K)->23238K(248832K)
[63.488s][info ][gc,heap        ] GC(44) ParOldGen: 328162K(345088K)->344720K(416768K)
[63.488s][info ][gc,metaspace   ] GC(44) Metaspace: 76696K(77376K)->76696K(77376K) NonClass: 66021K(66368K)->66021K(66368K) Class: 10674K(11008K)->10674K(11008K)
[63.488s][info ][gc             ] GC(44) Pause Full (Ergonomics) 363M->359M(2207M) 646.479ms
[63.488s][info ][gc,cpu         ] GC(44) User=1.12s Sys=0.00s Real=0.64s
[63.503s][info ][safepoint      ] Safepoint "ParallelGCFailedAllocation", Time since last: 624006545 ns, Reaching safepoint: 12088130 ns, At safepoint: 762104159 ns, Total: 774192289 ns
[64.293s][info ][safepoint      ] Safepoint "ICBufferFull", Time since last: 775862709 ns, Reaching safepoint: 14261571 ns, At safepoint: 30300 ns, Total: 14291871 ns
[64.649s][info ][gc,start       ] GC(45) Pause Young (Allocation Failure)
[64.829s][debug][gc,phases      ] GC(45) Scavenge 179.414ms
[64.829s][debug][gc,ref         ] GC(45) Skipped phase 1 of Reference Processing: no references
[64.829s][debug][gc,ref         ] GC(45) Skipped phase 3 of Reference Processing: no references
[64.829s][debug][gc,ref         ] GC(45) Skipped phase 4 of Reference Processing: no references
[64.829s][debug][gc,phases      ] GC(45) Reference Processing 0.039ms
[64.830s][debug][gc,phases      ] GC(45) Weak Processing 0.844ms
[64.830s][debug][gc,age         ] GC(45) Desired survivor size 263192576 bytes, new threshold 15 (max threshold 15)
[64.830s][info ][gc,heap        ] GC(45) PSYoungGen: 1617606K(1843200K)->14038K(1608704K) Eden: 1594368K(1594368K)->0K(1594368K) From: 23238K(248832K)->14038K(14336K)
[64.830s][info ][gc,heap        ] GC(45) ParOldGen: 344720K(416768K)->355354K(416768K)
[64.830s][info ][gc,metaspace   ] GC(45) Metaspace: 76764K(77440K)->76764K(77440K) NonClass: 66089K(66432K)->66089K(66432K) Class: 10674K(11008K)->10674K(11008K)
[64.830s][info ][gc             ] GC(45) Pause Young (Allocation Failure) 1916M->360M(1978M) 180.474ms
[64.830s][info ][gc,cpu         ] GC(45) User=0.18s Sys=0.00s Real=0.18s
[64.830s][info ][safepoint      ] Safepoint "ParallelGCFailedAllocation", Time since last: 345377343 ns, Reaching safepoint: 10734803 ns, At safepoint: 180629922 ns, Total: 191364725 ns
[65.845s][info ][safepoint      ] Safepoint "Cleanup", Time since last: 1000089131 ns, Reaching safepoint: 14878482 ns, At safepoint: 29601 ns, Total: 14908083 ns
[65.965s][info ][gc,start       ] GC(46) Pause Young (Allocation Failure)
[66.001s][debug][gc,phases      ] GC(46) Scavenge 35.983ms
[66.001s][debug][gc,ref         ] GC(46) Skipped phase 1 of Reference Processing: no references
[66.001s][debug][gc,ref         ] GC(46) Skipped phase 3 of Reference Processing: no references
[66.001s][debug][gc,phases      ] GC(46) Reference Processing 0.045ms
[66.002s][debug][gc,phases      ] GC(46) Weak Processing 0.856ms
[66.002s][debug][gc,age         ] GC(46) Desired survivor size 266338304 bytes, new threshold 15 (max threshold 15)
[66.002s][info ][gc,heap        ] GC(46) PSYoungGen: 1608406K(1608704K)->7220K(1833984K) Eden: 1594368K(1594368K)->0K(1576960K) From: 14038K(14336K)->7220K(257024K)
[66.002s][info ][gc,heap        ] GC(46) ParOldGen: 355354K(416768K)->363380K(416768K)
[66.002s][info ][gc,metaspace   ] GC(46) Metaspace: 76855K(77504K)->76855K(77504K) NonClass: 66175K(66496K)->66175K(66496K) Class: 10680K(11008K)->10680K(11008K)
[66.002s][info ][gc             ] GC(46) Pause Young (Allocation Failure) 1917M->361M(2198M) 37.063ms
[66.002s][info ][gc,cpu         ] GC(46) User=0.03s Sys=0.00s Real=0.04s
[66.002s][info ][safepoint      ] Safepoint "ParallelGCFailedAllocation", Time since last: 98023555 ns, Reaching safepoint: 21847513 ns, At safepoint: 37221904 ns, Total: 59069417 ns
[66.869s][info ][safepoint      ] Safepoint "ICBufferFull", Time since last: 842862138 ns, Reaching safepoint: 24116155 ns, At safepoint: 47301 ns, Total: 24163456 ns
[67.217s][info ][gc,start       ] GC(47) Pause Young (Allocation Failure)
[67.245s][debug][gc,phases      ] GC(47) Scavenge 27.752ms
[67.245s][debug][gc,ref         ] GC(47) Skipped phase 1 of Reference Processing: no references
[67.245s][debug][gc,ref         ] GC(47) Skipped phase 3 of Reference Processing: no references
[67.245s][debug][gc,ref         ] GC(47) Skipped phase 4 of Reference Processing: no references
[67.245s][debug][gc,phases      ] GC(47) Reference Processing 0.035ms
[67.246s][debug][gc,phases      ] GC(47) Weak Processing 0.755ms
[67.246s][debug][gc,age         ] GC(47) Desired survivor size 266338304 bytes, new threshold 15 (max threshold 15)
[67.246s][info ][gc,heap        ] GC(47) PSYoungGen: 1584180K(1833984K)->6006K(1837056K) Eden: 1576960K(1576960K)->0K(1576960K) From: 7220K(257024K)->6006K(260096K)
[67.246s][info ][gc,heap        ] GC(47) ParOldGen: 363380K(416768K)->366169K(416768K)
[67.246s][info ][gc,metaspace   ] GC(47) Metaspace: 76917K(77568K)->76917K(77568K) NonClass: 66237K(66560K)->66237K(66560K) Class: 10680K(11008K)->10680K(11008K)
[67.246s][info ][gc             ] GC(47) Pause Young (Allocation Failure) 1901M->363M(2201M) 28.714ms
[67.246s][info ][gc,cpu         ] GC(47) User=0.03s Sys=0.00s Real=0.02s
[67.246s][info ][safepoint      ] Safepoint "ParallelGCFailedAllocation", Time since last: 340091929 ns, Reaching safepoint: 7806047 ns, At safepoint: 28877245 ns, Total: 36683292 ns
[68.089s][info ][safepoint      ] Safepoint "ICBufferFull", Time since last: 820590798 ns, Reaching safepoint: 22497125 ns, At safepoint: 33801 ns, Total: 22530926 ns
[68.545s][info ][gc,start       ] GC(48) Pause Young (Allocation Failure)
[68.573s][debug][gc,phases      ] GC(48) Scavenge 27.710ms
[68.573s][debug][gc,ref         ] GC(48) Skipped phase 1 of Reference Processing: no references
[68.573s][debug][gc,ref         ] GC(48) Skipped phase 3 of Reference Processing: no references
[68.573s][debug][gc,phases      ] GC(48) Reference Processing 0.054ms
[68.574s][debug][gc,phases      ] GC(48) Weak Processing 0.862ms
[68.574s][debug][gc,age         ] GC(48) Desired survivor size 263192576 bytes, new threshold 15 (max threshold 15)
[68.574s][info ][gc,heap        ] GC(48) PSYoungGen: 1582966K(1837056K)->10473K(1840128K) Eden: 1576960K(1576960K)->0K(1580032K) From: 6006K(260096K)->10473K(260096K)
[68.574s][info ][gc,heap        ] GC(48) ParOldGen: 366169K(416768K)->366361K(416768K)
[68.574s][info ][gc,metaspace   ] GC(48) Metaspace: 77062K(77696K)->77062K(77696K) NonClass: 66372K(66688K)->66372K(66688K) Class: 10690K(11008K)->10690K(11008K)
[68.574s][info ][gc             ] GC(48) Pause Young (Allocation Failure) 1903M->368M(2204M) 28.833ms
[68.574s][info ][gc,cpu         ] GC(48) User=0.03s Sys=0.00s Real=0.03s
[68.574s][info ][safepoint      ] Safepoint "ParallelGCFailedAllocation", Time since last: 439850799 ns, Reaching safepoint: 16362709 ns, At safepoint: 28973047 ns, Total: 45335756 ns
[69.458s][info ][safepoint      ] Safepoint "ICBufferFull", Time since last: 863215481 ns, Reaching safepoint: 20759191 ns, At safepoint: 39401 ns, Total: 20798592 ns
[69.778s][info ][gc,start       ] GC(49) Pause Young (Allocation Failure)
[69.813s][debug][gc,phases      ] GC(49) Scavenge 34.820ms
[69.813s][debug][gc,ref         ] GC(49) Skipped phase 1 of Reference Processing: no references
[69.813s][debug][gc,ref         ] GC(49) Skipped phase 3 of Reference Processing: no references
[69.813s][debug][gc,ref         ] GC(49) Skipped phase 4 of Reference Processing: no references
[69.813s][debug][gc,phases      ] GC(49) Reference Processing 0.046ms
[69.814s][debug][gc,phases      ] GC(49) Weak Processing 0.841ms
[69.814s][debug][gc,age         ] GC(49) Desired survivor size 257425408 bytes, new threshold 15 (max threshold 15)
[69.814s][info ][gc,heap        ] GC(49) PSYoungGen: 1590505K(1840128K)->13982K(1837056K) Eden: 1580032K(1580032K)->0K(1580032K) From: 10473K(260096K)->13982K(257024K)
[69.814s][info ][gc,heap        ] GC(49) ParOldGen: 366361K(416768K)->366545K(416768K)
[69.814s][info ][gc,metaspace   ] GC(49) Metaspace: 77087K(77760K)->77087K(77760K) NonClass: 66397K(66752K)->66397K(66752K) Class: 10690K(11008K)->10690K(11008K)
[69.814s][info ][gc             ] GC(49) Pause Young (Allocation Failure) 1911M->371M(2201M) 35.877ms
[69.814s][info ][gc,cpu         ] GC(49) User=0.03s Sys=0.00s Real=0.03s
[69.814s][info ][safepoint      ] Safepoint "ParallelGCFailedAllocation", Time since last: 317580085 ns, Reaching safepoint: 2267143 ns, At safepoint: 36007979 ns, Total: 38275122 ns
[70.257s][info ][safepoint      ] Safepoint "ICBufferFull", Time since last: 428031266 ns, Reaching safepoint: 15427690 ns, At safepoint: 34601 ns, Total: 15462291 ns
[70.734s][info ][safepoint      ] Safepoint "ICBufferFull", Time since last: 466662087 ns, Reaching safepoint: 9480078 ns, At safepoint: 45401 ns, Total: 9525479 ns
[71.220s][info ][gc,start       ] GC(50) Pause Young (Allocation Failure)
[71.257s][debug][gc,phases      ] GC(50) Scavenge 36.361ms
[71.257s][debug][gc,ref         ] GC(50) Skipped phase 1 of Reference Processing: no references
[71.257s][debug][gc,ref         ] GC(50) Skipped phase 3 of Reference Processing: no references
[71.257s][debug][gc,ref         ] GC(50) Skipped phase 4 of Reference Processing: no references
[71.257s][debug][gc,phases      ] GC(50) Reference Processing 0.046ms
[71.258s][debug][gc,phases      ] GC(50) Weak Processing 0.897ms
[71.258s][debug][gc,age         ] GC(50) Desired survivor size 250085376 bytes, new threshold 15 (max threshold 15)
[71.258s][info ][gc,heap        ] GC(50) PSYoungGen: 1594014K(1837056K)->17398K(1852928K) Eden: 1580032K(1580032K)->0K(1601536K) From: 13982K(257024K)->17398K(251392K)
[71.258s][info ][gc,heap        ] GC(50) ParOldGen: 366545K(416768K)->366601K(416768K)
[71.258s][info ][gc,metaspace   ] GC(50) Metaspace: 77116K(77760K)->77116K(77760K) NonClass: 66425K(66752K)->66425K(66752K) Class: 10690K(11008K)->10690K(11008K)
[71.258s][info ][gc             ] GC(50) Pause Young (Allocation Failure) 1914M->375M(2216M) 37.495ms
[71.258s][info ][gc,cpu         ] GC(50) User=0.04s Sys=0.00s Real=0.04s
[71.258s][info ][safepoint      ] Safepoint "ParallelGCFailedAllocation", Time since last: 475531553 ns, Reaching safepoint: 11128709 ns, At safepoint: 37653708 ns, Total: 48782417 ns
[72.241s][info ][safepoint      ] Safepoint "ICBufferFull", Time since last: 977119179 ns, Reaching safepoint: 5820809 ns, At safepoint: 38801 ns, Total: 5859610 ns
[72.673s][info ][gc,start       ] GC(51) Pause Young (Allocation Failure)
[72.729s][debug][gc,phases      ] GC(51) Scavenge 55.837ms
[72.729s][debug][gc,ref         ] GC(51) Skipped phase 1 of Reference Processing: no references
[72.729s][debug][gc,ref         ] GC(51) Skipped phase 3 of Reference Processing: no references
[72.729s][debug][gc,phases      ] GC(51) Reference Processing 0.051ms
[72.730s][debug][gc,phases      ] GC(51) Weak Processing 0.734ms
[72.730s][debug][gc,age         ] GC(51) Desired survivor size 240123904 bytes, new threshold 15 (max threshold 15)
[72.730s][info ][gc,heap        ] GC(51) PSYoungGen: 1618934K(1852928K)->23846K(1845760K) Eden: 1601536K(1601536K)->0K(1601536K) From: 17398K(251392K)->23846K(244224K)
[72.730s][info ][gc,heap        ] GC(51) ParOldGen: 366601K(416768K)->366713K(416768K)
[72.730s][info ][gc,metaspace   ] GC(51) Metaspace: 77179K(77824K)->77179K(77824K) NonClass: 66487K(66816K)->66487K(66816K) Class: 10691K(11008K)->10691K(11008K)
[72.730s][info ][gc             ] GC(51) Pause Young (Allocation Failure) 1939M->381M(2209M) 56.820ms
[72.730s][info ][gc,cpu         ] GC(51) User=0.05s Sys=0.00s Real=0.06s
[72.730s][info ][safepoint      ] Safepoint "ParallelGCFailedAllocation", Time since last: 420220996 ns, Reaching safepoint: 11662819 ns, At safepoint: 56966571 ns, Total: 68629390 ns
[73.489s][info ][safepoint      ] Safepoint "ICBufferFull", Time since last: 744210479 ns, Reaching safepoint: 14940480 ns, At safepoint: 44801 ns, Total: 14985281 ns
[73.872s][info ][gc,start       ] GC(52) Pause Young (Allocation Failure)
[73.919s][debug][gc,phases      ] GC(52) Scavenge 46.540ms
[73.919s][debug][gc,ref         ] GC(52) Skipped phase 1 of Reference Processing: no references
[73.919s][debug][gc,ref         ] GC(52) Skipped phase 3 of Reference Processing: no references
[73.919s][debug][gc,ref         ] GC(52) Skipped phase 4 of Reference Processing: no references
[73.919s][debug][gc,phases      ] GC(52) Reference Processing 0.046ms
[73.920s][debug][gc,phases      ] GC(52) Weak Processing 0.816ms
[73.920s][debug][gc,age         ] GC(52) Desired survivor size 229638144 bytes, new threshold 15 (max threshold 15)
[73.920s][info ][gc,heap        ] GC(52) PSYoungGen: 1625382K(1845760K)->26321K(1872896K) Eden: 1601536K(1601536K)->0K(1638400K) From: 23846K(244224K)->26321K(234496K)
[73.920s][info ][gc,heap        ] GC(52) ParOldGen: 366713K(416768K)->368291K(416768K)
[73.920s][info ][gc,metaspace   ] GC(52) Metaspace: 77223K(77888K)->77223K(77888K) NonClass: 66531K(66880K)->66531K(66880K) Class: 10692K(11008K)->10692K(11008K)
[73.920s][info ][gc             ] GC(52) Pause Young (Allocation Failure) 1945M->385M(2236M) 47.580ms
[73.920s][info ][gc,cpu         ] GC(52) User=0.05s Sys=0.00s Real=0.05s
[73.920s][info ][safepoint      ] Safepoint "ParallelGCFailedAllocation", Time since last: 369027328 ns, Reaching safepoint: 14073764 ns, At safepoint: 47741896 ns, Total: 61815660 ns
[74.941s][info ][safepoint      ] Safepoint "Cleanup", Time since last: 1016933576 ns, Reaching safepoint: 4076376 ns, At safepoint: 21101 ns, Total: 4097477 ns
[75.181s][info ][gc,start       ] GC(53) Pause Young (Allocation Failure)
[75.233s][debug][gc,phases      ] GC(53) Scavenge 51.810ms
[75.233s][debug][gc,ref         ] GC(53) Skipped phase 1 of Reference Processing: no references
[75.233s][debug][gc,ref         ] GC(53) Skipped phase 3 of Reference Processing: no references
[75.233s][debug][gc,ref         ] GC(53) Skipped phase 4 of Reference Processing: no references
[75.233s][debug][gc,phases      ] GC(53) Reference Processing 0.042ms
[75.234s][debug][gc,phases      ] GC(53) Weak Processing 0.829ms
[75.234s][debug][gc,age         ] GC(53) Desired survivor size 218628096 bytes, new threshold 15 (max threshold 15)
[75.234s][info ][gc,heap        ] GC(53) PSYoungGen: 1664721K(1872896K)->31792K(1862656K) Eden: 1638400K(1638400K)->0K(1638400K) From: 26321K(234496K)->31792K(224256K)
[75.234s][info ][gc,heap        ] GC(53) ParOldGen: 368291K(416768K)->368587K(416768K)
[75.234s][info ][gc,metaspace   ] GC(53) Metaspace: 77254K(77888K)->77254K(77888K) NonClass: 66561K(66880K)->66561K(66880K) Class: 10692K(11008K)->10692K(11008K)
[75.234s][info ][gc             ] GC(53) Pause Young (Allocation Failure) 1985M->390M(2226M) 52.880ms
[75.234s][info ][gc,cpu         ] GC(53) User=0.06s Sys=0.00s Real=0.05s
[75.234s][info ][safepoint      ] Safepoint "ParallelGCFailedAllocation", Time since last: 227910174 ns, Reaching safepoint: 12087026 ns, At safepoint: 53027693 ns, Total: 65114719 ns
[76.153s][info ][safepoint      ] Safepoint "ICBufferFull", Time since last: 906969293 ns, Reaching safepoint: 12098926 ns, At safepoint: 42001 ns, Total: 12140927 ns
[76.553s][info ][gc,start       ] GC(54) Pause Young (Allocation Failure)
[76.609s][debug][gc,phases      ] GC(54) Scavenge 55.713ms
[76.609s][debug][gc,ref         ] GC(54) Skipped phase 1 of Reference Processing: no references
[76.609s][debug][gc,ref         ] GC(54) Skipped phase 3 of Reference Processing: no references
[76.609s][debug][gc,ref         ] GC(54) Skipped phase 4 of Reference Processing: no references
[76.609s][debug][gc,phases      ] GC(54) Reference Processing 0.044ms
[76.610s][debug][gc,phases      ] GC(54) Weak Processing 0.801ms
[76.610s][debug][gc,age         ] GC(54) Desired survivor size 207093760 bytes, new threshold 15 (max threshold 15)
[76.610s][info ][gc,heap        ] GC(54) PSYoungGen: 1670192K(1862656K)->32096K(1894912K) Eden: 1638400K(1638400K)->0K(1681408K) From: 31792K(224256K)->32096K(213504K)
[76.610s][info ][gc,heap        ] GC(54) ParOldGen: 368587K(416768K)->368667K(416768K)
[76.610s][info ][gc,metaspace   ] GC(54) Metaspace: 77308K(77952K)->77308K(77952K) NonClass: 66615K(66944K)->66615K(66944K) Class: 10692K(11008K)->10692K(11008K)
[76.610s][info ][gc             ] GC(54) Pause Young (Allocation Failure) 1990M->391M(2257M) 56.738ms
[76.610s][info ][gc,cpu         ] GC(54) User=0.05s Sys=0.00s Real=0.06s
[76.610s][info ][safepoint      ] Safepoint "ParallelGCFailedAllocation", Time since last: 395259498 ns, Reaching safepoint: 4711288 ns, At safepoint: 56887765 ns, Total: 61599053 ns
[77.611s][info ][safepoint      ] Safepoint "Cleanup", Time since last: 1000967226 ns, Reaching safepoint: 123502 ns, At safepoint: 14600 ns, Total: 138102 ns
[77.989s][info ][gc,start       ] GC(55) Pause Young (Allocation Failure)
[78.033s][debug][gc,phases      ] GC(55) Scavenge 43.824ms
[78.033s][debug][gc,ref         ] GC(55) Skipped phase 1 of Reference Processing: no references
[78.033s][debug][gc,ref         ] GC(55) Skipped phase 3 of Reference Processing: no references
[78.033s][debug][gc,phases      ] GC(55) Reference Processing 0.051ms
[78.034s][debug][gc,phases      ] GC(55) Weak Processing 0.766ms
[78.034s][debug][gc,age         ] GC(55) Desired survivor size 196608000 bytes, new threshold 15 (max threshold 15)
[78.034s][info ][gc,heap        ] GC(55) PSYoungGen: 1713504K(1894912K)->32224K(1883648K) Eden: 1681408K(1681408K)->0K(1681408K) From: 32096K(213504K)->32224K(202240K)
[78.034s][info ][gc,heap        ] GC(55) ParOldGen: 368667K(416768K)->368731K(416768K)
[78.034s][info ][gc,metaspace   ] GC(55) Metaspace: 77393K(78016K)->77393K(78016K) NonClass: 66685K(67008K)->66685K(67008K) Class: 10708K(11008K)->10708K(11008K)
[78.034s][info ][gc             ] GC(55) Pause Young (Allocation Failure) 2033M->391M(2246M) 44.817ms
[78.034s][info ][gc,cpu         ] GC(55) User=0.05s Sys=0.00s Real=0.04s
[78.034s][info ][safepoint      ] Safepoint "ParallelGCFailedAllocation", Time since last: 360737745 ns, Reaching safepoint: 17159521 ns, At safepoint: 44957841 ns, Total: 62117362 ns
[79.044s][info ][safepoint      ] Safepoint "Cleanup", Time since last: 1000104083 ns, Reaching safepoint: 10473796 ns, At safepoint: 59901 ns, Total: 10533697 ns
[79.449s][info ][gc,start       ] GC(56) Pause Young (Allocation Failure)
[79.509s][debug][gc,phases      ] GC(56) Scavenge 59.849ms
[79.509s][debug][gc,ref         ] GC(56) Skipped phase 1 of Reference Processing: no references
[79.509s][debug][gc,ref         ] GC(56) Skipped phase 3 of Reference Processing: no references
[79.509s][debug][gc,ref         ] GC(56) Skipped phase 4 of Reference Processing: no references
[79.509s][debug][gc,phases      ] GC(56) Reference Processing 0.059ms
[79.509s][debug][gc,phases      ] GC(56) Weak Processing 0.712ms
[79.509s][debug][gc,age         ] GC(56) Desired survivor size 186122240 bytes, new threshold 15 (max threshold 15)
[79.510s][info ][gc,heap        ] GC(56) PSYoungGen: 1713632K(1883648K)->32560K(1915392K) Eden: 1681408K(1681408K)->0K(1723392K) From: 32224K(202240K)->32560K(192000K)
[79.510s][info ][gc,heap        ] GC(56) ParOldGen: 368731K(416768K)->368779K(416768K)
[79.510s][info ][gc,metaspace   ] GC(56) Metaspace: 77481K(78144K)->77481K(78144K) NonClass: 66771K(67136K)->66771K(67136K) Class: 10709K(11008K)->10709K(11008K)
[79.510s][info ][gc             ] GC(56) Pause Young (Allocation Failure) 2033M->391M(2277M) 60.792ms
[79.510s][info ][gc,cpu         ] GC(56) User=0.06s Sys=0.00s Real=0.06s
[79.510s][info ][safepoint      ] Safepoint "ParallelGCFailedAllocation", Time since last: 394484863 ns, Reaching safepoint: 9888085 ns, At safepoint: 60928637 ns, Total: 70816722 ns
[80.537s][info ][safepoint      ] Safepoint "Cleanup", Time since last: 1011018059 ns, Reaching safepoint: 16107800 ns, At safepoint: 32301 ns, Total: 16140101 ns
[80.805s][info ][gc,start       ] GC(57) Pause Young (Allocation Failure)
[80.854s][debug][gc,phases      ] GC(57) Scavenge 49.578ms
[80.854s][debug][gc,ref         ] GC(57) Skipped phase 1 of Reference Processing: no references
[80.854s][debug][gc,ref         ] GC(57) Skipped phase 3 of Reference Processing: no references
[80.854s][debug][gc,ref         ] GC(57) Skipped phase 4 of Reference Processing: no references
[80.854s][debug][gc,phases      ] GC(57) Reference Processing 0.046ms
[80.855s][debug][gc,phases      ] GC(57) Weak Processing 0.734ms
[80.855s][debug][gc,age         ] GC(57) Desired survivor size 176160768 bytes, new threshold 15 (max threshold 15)
[80.855s][info ][gc,heap        ] GC(57) PSYoungGen: 1755952K(1915392K)->32768K(1905152K) Eden: 1723392K(1723392K)->0K(1723392K) From: 32560K(192000K)->32768K(181760K)
[80.855s][info ][gc,heap        ] GC(57) ParOldGen: 368779K(416768K)->368819K(416768K)
[80.855s][info ][gc,metaspace   ] GC(57) Metaspace: 77506K(78208K)->77506K(78208K) NonClass: 66797K(67200K)->66797K(67200K) Class: 10709K(11008K)->10709K(11008K)
[80.855s][info ][gc             ] GC(57) Pause Young (Allocation Failure) 2074M->392M(2267M) 50.551ms
[80.855s][info ][gc,cpu         ] GC(57) User=0.07s Sys=0.00s Real=0.05s
[80.855s][info ][safepoint      ] Safepoint "ParallelGCFailedAllocation", Time since last: 251859995 ns, Reaching safepoint: 16032799 ns, At safepoint: 50696445 ns, Total: 66729244 ns
[81.905s][info ][safepoint      ] Safepoint "Cleanup", Time since last: 1017269451 ns, Reaching safepoint: 32089798 ns, At safepoint: 39000 ns, Total: 32128798 ns
[82.229s][info ][gc,start       ] GC(58) Pause Young (Allocation Failure)
[82.290s][debug][gc,phases      ] GC(58) Scavenge 60.752ms
[82.290s][debug][gc,ref         ] GC(58) Skipped phase 1 of Reference Processing: no references
[82.290s][debug][gc,ref         ] GC(58) Skipped phase 3 of Reference Processing: no references
[82.290s][debug][gc,ref         ] GC(58) Skipped phase 4 of Reference Processing: no references
[82.290s][debug][gc,phases      ] GC(58) Reference Processing 0.043ms
[82.290s][debug][gc,phases      ] GC(58) Weak Processing 0.702ms
[82.290s][debug][gc,age         ] GC(58) Desired survivor size 166199296 bytes, new threshold 15 (max threshold 15)
[82.290s][info ][gc,heap        ] GC(58) PSYoungGen: 1756160K(1905152K)->32992K(1934848K) Eden: 1723392K(1723392K)->0K(1762816K) From: 32768K(181760K)->32992K(172032K)
[82.290s][info ][gc,heap        ] GC(58) ParOldGen: 368819K(416768K)->368859K(416768K)
[82.290s][info ][gc,metaspace   ] GC(58) Metaspace: 77520K(78208K)->77520K(78208K) NonClass: 66811K(67200K)->66811K(67200K) Class: 10709K(11008K)->10709K(11008K)
[82.290s][info ][gc             ] GC(58) Pause Young (Allocation Failure) 2075M->392M(2296M) 61.674ms
[82.290s][info ][gc,cpu         ] GC(58) User=0.05s Sys=0.00s Real=0.06s
[82.291s][info ][safepoint      ] Safepoint "ParallelGCFailedAllocation", Time since last: 311605002 ns, Reaching safepoint: 12356330 ns, At safepoint: 61833651 ns, Total: 74189981 ns
[83.305s][info ][safepoint      ] Safepoint "Cleanup", Time since last: 1000105704 ns, Reaching safepoint: 14056661 ns, At safepoint: 32701 ns, Total: 14089362 ns
[83.874s][info ][gc,start       ] GC(59) Pause Young (Allocation Failure)
[83.914s][debug][gc,phases      ] GC(59) Scavenge 40.156ms
[83.914s][debug][gc,ref         ] GC(59) Skipped phase 1 of Reference Processing: no references
[83.914s][debug][gc,ref         ] GC(59) Skipped phase 3 of Reference Processing: no references
[83.914s][debug][gc,ref         ] GC(59) Skipped phase 4 of Reference Processing: no references
[83.914s][debug][gc,phases      ] GC(59) Reference Processing 0.040ms
[83.915s][debug][gc,phases      ] GC(59) Weak Processing 0.878ms
[83.915s][debug][gc,age         ] GC(59) Desired survivor size 157286400 bytes, new threshold 15 (max threshold 15)
[83.915s][info ][gc,heap        ] GC(59) PSYoungGen: 1795808K(1934848K)->33200K(1925120K) Eden: 1762816K(1762816K)->0K(1762816K) From: 32992K(172032K)->33200K(162304K)
[83.915s][info ][gc,heap        ] GC(59) ParOldGen: 368859K(416768K)->368971K(416768K)
[83.915s][info ][gc,metaspace   ] GC(59) Metaspace: 77536K(78208K)->77536K(78208K) NonClass: 66826K(67200K)->66826K(67200K) Class: 10709K(11008K)->10709K(11008K)
[83.915s][info ][gc             ] GC(59) Pause Young (Allocation Failure) 2113M->392M(2287M) 41.262ms
[83.915s][info ][gc,cpu         ] GC(59) User=0.06s Sys=0.00s Real=0.04s
[83.915s][info ][safepoint      ] Safepoint "ParallelGCFailedAllocation", Time since last: 562423354 ns, Reaching safepoint: 6479520 ns, At safepoint: 41405070 ns, Total: 47884590 ns
[84.929s][info ][safepoint      ] Safepoint "Cleanup", Time since last: 1000135675 ns, Reaching safepoint: 13511951 ns, At safepoint: 38700 ns, Total: 13550651 ns
[85.199s][info ][gc,start       ] GC(60) Pause Young (Allocation Failure)
[85.261s][debug][gc,phases      ] GC(60) Scavenge 61.318ms
[85.261s][debug][gc,ref         ] GC(60) Skipped phase 1 of Reference Processing: no references
[85.261s][debug][gc,ref         ] GC(60) Skipped phase 3 of Reference Processing: no references
[85.261s][debug][gc,phases      ] GC(60) Reference Processing 0.038ms
[85.261s][debug][gc,phases      ] GC(60) Weak Processing 0.696ms
[85.261s][debug][gc,age         ] GC(60) Desired survivor size 148897792 bytes, new threshold 15 (max threshold 15)
[85.262s][info ][gc,heap        ] GC(60) PSYoungGen: 1796016K(1925120K)->33376K(1951744K) Eden: 1762816K(1762816K)->0K(1798144K) From: 33200K(162304K)->33376K(153600K)
[85.262s][info ][gc,heap        ] GC(60) ParOldGen: 368971K(416768K)->369424K(416768K)
[85.262s][info ][gc,metaspace   ] GC(60) Metaspace: 77575K(78272K)->77575K(78272K) NonClass: 66862K(67264K)->66862K(67264K) Class: 10713K(11008K)->10713K(11008K)
[85.262s][info ][gc             ] GC(60) Pause Young (Allocation Failure) 2114M->393M(2313M) 62.227ms
[85.262s][info ][gc,cpu         ] GC(60) User=0.05s Sys=0.00s Real=0.06s
[85.262s][info ][safepoint      ] Safepoint "ParallelGCFailedAllocation", Time since last: 261217550 ns, Reaching safepoint: 9270872 ns, At safepoint: 62367757 ns, Total: 71638629 ns
[86.285s][info ][safepoint      ] Safepoint "Cleanup", Time since last: 1007042578 ns, Reaching safepoint: 16097099 ns, At safepoint: 33400 ns, Total: 16130499 ns
[86.577s][info ][gc,start       ] GC(61) Pause Young (Allocation Failure)
[86.662s][debug][gc,phases      ] GC(61) Scavenge 84.795ms
[86.662s][debug][gc,ref         ] GC(61) Skipped phase 1 of Reference Processing: no references
[86.662s][debug][gc,ref         ] GC(61) Skipped phase 3 of Reference Processing: no references
[86.662s][debug][gc,ref         ] GC(61) Skipped phase 4 of Reference Processing: no references
[86.662s][debug][gc,phases      ] GC(61) Reference Processing 0.034ms
[86.663s][debug][gc,phases      ] GC(61) Weak Processing 0.754ms
[86.663s][debug][gc,age         ] GC(61) Desired survivor size 140509184 bytes, new threshold 15 (max threshold 15)
[86.663s][info ][gc,heap        ] GC(61) PSYoungGen: 1831520K(1951744K)->33408K(1943552K) Eden: 1798144K(1798144K)->0K(1798144K) From: 33376K(153600K)->33408K(145408K)
[86.663s][info ][gc,heap        ] GC(61) ParOldGen: 369424K(416768K)->370184K(416768K)
[86.663s][info ][gc,metaspace   ] GC(61) Metaspace: 77597K(78272K)->77597K(78272K) NonClass: 66884K(67264K)->66884K(67264K) Class: 10713K(11008K)->10713K(11008K)
[86.663s][info ][gc             ] GC(61) Pause Young (Allocation Failure) 2149M->394M(2305M) 85.780ms
[86.663s][info ][gc,cpu         ] GC(61) User=0.04s Sys=0.01s Real=0.08s
[86.663s][info ][safepoint      ] Safepoint "ParallelGCFailedAllocation", Time since last: 277848249 ns, Reaching safepoint: 14238664 ns, At safepoint: 85937893 ns, Total: 100176557 ns
[87.681s][info ][safepoint      ] Safepoint "Cleanup", Time since last: 1000101024 ns, Reaching safepoint: 17887331 ns, At safepoint: 37801 ns, Total: 17925132 ns
[88.313s][info ][gc,start       ] GC(62) Pause Young (Allocation Failure)
[88.365s][debug][gc,phases      ] GC(62) Scavenge 51.935ms
[88.365s][debug][gc,ref         ] GC(62) Skipped phase 1 of Reference Processing: no references
[88.365s][debug][gc,ref         ] GC(62) Skipped phase 3 of Reference Processing: no references
[88.365s][debug][gc,ref         ] GC(62) Skipped phase 4 of Reference Processing: no references
[88.365s][debug][gc,phases      ] GC(62) Reference Processing 0.036ms
[88.365s][debug][gc,phases      ] GC(62) Weak Processing 0.688ms
[88.365s][debug][gc,age         ] GC(62) Desired survivor size 132644864 bytes, new threshold 15 (max threshold 15)
[88.366s][info ][gc,heap        ] GC(62) PSYoungGen: 1831552K(1943552K)->34176K(1967616K) Eden: 1798144K(1798144K)->0K(1830400K) From: 33408K(145408K)->34176K(137216K)
[88.366s][info ][gc,heap        ] GC(62) ParOldGen: 370184K(416768K)->370524K(416768K)
[88.366s][info ][gc,metaspace   ] GC(62) Metaspace: 77606K(78272K)->77606K(78272K) NonClass: 66893K(67264K)->66893K(67264K) Class: 10713K(11008K)->10713K(11008K)
[88.366s][info ][gc             ] GC(62) Pause Young (Allocation Failure) 2150M->395M(2328M) 52.829ms
[88.366s][info ][gc,cpu         ] GC(62) User=0.06s Sys=0.00s Real=0.05s
[88.366s][info ][safepoint      ] Safepoint "ParallelGCFailedAllocation", Time since last: 622696725 ns, Reaching safepoint: 9089168 ns, At safepoint: 52986680 ns, Total: 62075848 ns
[89.381s][info ][safepoint      ] Safepoint "Cleanup", Time since last: 1001907326 ns, Reaching safepoint: 13103543 ns, At safepoint: 29700 ns, Total: 13133243 ns
[90.097s][info ][gc,start       ] GC(63) Pause Young (Allocation Failure)
[90.157s][debug][gc,phases      ] GC(63) Scavenge 59.768ms
[90.157s][debug][gc,ref         ] GC(63) Skipped phase 1 of Reference Processing: no references
[90.157s][debug][gc,ref         ] GC(63) Skipped phase 3 of Reference Processing: no references
[90.157s][debug][gc,phases      ] GC(63) Reference Processing 0.041ms
[90.158s][debug][gc,phases      ] GC(63) Weak Processing 0.830ms
[90.158s][debug][gc,age         ] GC(63) Desired survivor size 125829120 bytes, new threshold 15 (max threshold 15)
[90.158s][info ][gc,heap        ] GC(63) PSYoungGen: 1864576K(1967616K)->31264K(1959936K) Eden: 1830400K(1830400K)->0K(1830400K) From: 34176K(137216K)->31264K(129536K)
[90.158s][info ][gc,heap        ] GC(63) ParOldGen: 370524K(416768K)->375097K(416768K)
[90.158s][info ][gc,metaspace   ] GC(63) Metaspace: 77750K(78464K)->77750K(78464K) NonClass: 67031K(67392K)->67031K(67392K) Class: 10718K(11072K)->10718K(11072K)
[90.158s][info ][gc             ] GC(63) Pause Young (Allocation Failure) 2182M->396M(2321M) 60.822ms
[90.158s][info ][gc,cpu         ] GC(63) User=0.06s Sys=0.00s Real=0.06s
[90.158s][info ][safepoint      ] Safepoint "ParallelGCFailedAllocation", Time since last: 707878479 ns, Reaching safepoint: 8255253 ns, At safepoint: 60964726 ns, Total: 69219979 ns
[91.177s][info ][safepoint      ] Safepoint "Cleanup", Time since last: 1002906612 ns, Reaching safepoint: 16070197 ns, At safepoint: 41100 ns, Total: 16111297 ns
[91.642s][info ][gc,start       ] GC(64) Pause Young (Allocation Failure)
[91.701s][debug][gc,phases      ] GC(64) Scavenge 58.964ms
[91.701s][debug][gc,ref         ] GC(64) Skipped phase 1 of Reference Processing: no references
[91.701s][debug][gc,ref         ] GC(64) Skipped phase 3 of Reference Processing: no references
[91.701s][debug][gc,ref         ] GC(64) Skipped phase 4 of Reference Processing: no references
[91.701s][debug][gc,phases      ] GC(64) Reference Processing 0.036ms
[91.702s][debug][gc,phases      ] GC(64) Weak Processing 0.653ms
[91.702s][debug][gc,age         ] GC(64) Desired survivor size 120061952 bytes, new threshold 15 (max threshold 15)
[91.702s][info ][gc,heap        ] GC(64) PSYoungGen: 1861664K(1959936K)->28016K(1979904K) Eden: 1830400K(1830400K)->0K(1857024K) From: 31264K(129536K)->28016K(122880K)
[91.702s][info ][gc,heap        ] GC(64) ParOldGen: 375097K(416768K)->378845K(416768K)
[91.702s][info ][gc,metaspace   ] GC(64) Metaspace: 77790K(78528K)->77790K(78528K) NonClass: 67071K(67456K)->67071K(67456K) Class: 10718K(11072K)->10718K(11072K)
[91.702s][info ][gc             ] GC(64) Pause Young (Allocation Failure) 2184M->397M(2340M) 59.826ms
[91.702s][info ][gc,cpu         ] GC(64) User=0.05s Sys=0.00s Real=0.06s
[91.702s][info ][safepoint      ] Safepoint "ParallelGCFailedAllocation", Time since last: 459956682 ns, Reaching safepoint: 5096794 ns, At safepoint: 59969806 ns, Total: 65066600 ns
[92.713s][info ][safepoint      ] Safepoint "Cleanup", Time since last: 1007131062 ns, Reaching safepoint: 4150777 ns, At safepoint: 23500 ns, Total: 4174277 ns
[93.355s][info ][gc,start       ] GC(65) Pause Young (Allocation Failure)
[93.431s][debug][gc,phases      ] GC(65) Scavenge 75.823ms
[93.431s][debug][gc,ref         ] GC(65) Skipped phase 1 of Reference Processing: no references
[93.431s][debug][gc,ref         ] GC(65) Skipped phase 3 of Reference Processing: no references
[93.431s][debug][gc,ref         ] GC(65) Skipped phase 4 of Reference Processing: no references
[93.431s][debug][gc,phases      ] GC(65) Reference Processing 0.034ms
[93.431s][debug][gc,phases      ] GC(65) Weak Processing 0.579ms
[93.431s][debug][gc,age         ] GC(65) Desired survivor size 113246208 bytes, new threshold 15 (max threshold 15)
[93.432s][info ][gc,heap        ] GC(65) PSYoungGen: 1885040K(1979904K)->33648K(1974272K) Eden: 1857024K(1857024K)->0K(1857024K) From: 28016K(122880K)->33648K(117248K)
[93.432s][info ][gc,heap        ] GC(65) ParOldGen: 378845K(416768K)->382398K(416768K)
[93.432s][info ][gc,metaspace   ] GC(65) Metaspace: 77806K(78528K)->77806K(78528K) NonClass: 67087K(67456K)->67087K(67456K) Class: 10718K(11072K)->10718K(11072K)
[93.432s][info ][gc             ] GC(65) Pause Young (Allocation Failure) 2210M->406M(2335M) 76.604ms
[93.432s][info ][gc,cpu         ] GC(65) User=0.12s Sys=0.00s Real=0.08s
[93.432s][info ][safepoint      ] Safepoint "ParallelGCFailedAllocation", Time since last: 618904898 ns, Reaching safepoint: 22855221 ns, At safepoint: 76756013 ns, Total: 99611234 ns
[94.449s][info ][safepoint      ] Safepoint "Cleanup", Time since last: 1001028418 ns, Reaching safepoint: 15988494 ns, At safepoint: 38701 ns, Total: 16027195 ns
[94.700s][info ][gc,start       ] GC(66) Pause Young (Allocation Failure)
[94.773s][debug][gc,phases      ] GC(66) Scavenge 72.836ms
[94.773s][debug][gc,ref         ] GC(66) Skipped phase 1 of Reference Processing: no references
[94.773s][debug][gc,ref         ] GC(66) Skipped phase 3 of Reference Processing: no references
[94.773s][debug][gc,ref         ] GC(66) Skipped phase 4 of Reference Processing: no references
[94.773s][debug][gc,phases      ] GC(66) Reference Processing 0.036ms
[94.773s][debug][gc,phases      ] GC(66) Weak Processing 0.726ms
[94.774s][debug][gc,age         ] GC(66) Desired survivor size 108003328 bytes, new threshold 15 (max threshold 15)
[94.774s][info ][gc,heap        ] GC(66) PSYoungGen: 1890672K(1974272K)->29120K(1991680K) Eden: 1857024K(1857024K)->0K(1881088K) From: 33648K(117248K)->29120K(110592K)
[94.774s][info ][gc,heap        ] GC(66) ParOldGen: 382398K(416768K)->389083K(416768K)
[94.774s][info ][gc,metaspace   ] GC(66) Metaspace: 77825K(78528K)->77825K(78528K) NonClass: 67104K(67456K)->67104K(67456K) Class: 10720K(11072K)->10720K(11072K)
[94.774s][info ][gc             ] GC(66) Pause Young (Allocation Failure) 2219M->408M(2352M) 73.799ms
[94.774s][info ][gc,cpu         ] GC(66) User=0.07s Sys=0.00s Real=0.07s
[94.774s][info ][safepoint      ] Safepoint "ParallelGCFailedAllocation", Time since last: 235982038 ns, Reaching safepoint: 15059977 ns, At safepoint: 73924759 ns, Total: 88984736 ns
[95.781s][info ][safepoint      ] Safepoint "Cleanup", Time since last: 1000110178 ns, Reaching safepoint: 7031929 ns, At safepoint: 33100 ns, Total: 7065029 ns
[96.005s][info ][gc,start       ] GC(67) Pause Young (Allocation Failure)
[96.061s][debug][gc,phases      ] GC(67) Scavenge 55.823ms
[96.061s][debug][gc,ref         ] GC(67) Skipped phase 1 of Reference Processing: no references
[96.061s][debug][gc,ref         ] GC(67) Skipped phase 3 of Reference Processing: no references
[96.061s][debug][gc,phases      ] GC(67) Reference Processing 0.037ms
[96.062s][debug][gc,phases      ] GC(67) Weak Processing 0.742ms
[96.062s][debug][gc,age         ] GC(67) Desired survivor size 103809024 bytes, new threshold 15 (max threshold 15)
[96.062s][info ][gc,heap        ] GC(67) PSYoungGen: 1910208K(1991680K)->24544K(1986560K) Eden: 1881088K(1881088K)->0K(1881088K) From: 29120K(110592K)->24544K(105472K)
[96.062s][info ][gc,heap        ] GC(67) ParOldGen: 389083K(416768K)->393576K(416768K)
[96.062s][info ][gc,metaspace   ] GC(67) Metaspace: 77851K(78592K)->77851K(78592K) NonClass: 67128K(67520K)->67128K(67520K) Class: 10722K(11072K)->10722K(11072K)
[96.062s][info ][gc             ] GC(67) Pause Young (Allocation Failure) 2245M->408M(2347M) 56.778ms
[96.062s][info ][gc,cpu         ] GC(67) User=0.07s Sys=0.00s Real=0.06s
[96.062s][info ][safepoint      ] Safepoint "ParallelGCFailedAllocation", Time since last: 219281028 ns, Reaching safepoint: 4642985 ns, At safepoint: 56925046 ns, Total: 61568031 ns
[97.081s][info ][safepoint      ] Safepoint "Cleanup", Time since last: 1010986654 ns, Reaching safepoint: 8098048 ns, At safepoint: 30301 ns, Total: 8128349 ns
[97.161s][info ][gc,start       ] GC(68) Pause Young (Allocation Failure)
[97.233s][debug][gc,phases      ] GC(68) Scavenge 71.885ms
[97.233s][debug][gc,ref         ] GC(68) Skipped phase 1 of Reference Processing: no references
[97.233s][debug][gc,ref         ] GC(68) Skipped phase 3 of Reference Processing: no references
[97.233s][debug][gc,ref         ] GC(68) Skipped phase 4 of Reference Processing: no references
[97.233s][debug][gc,phases      ] GC(68) Reference Processing 0.035ms
[97.234s][debug][gc,phases      ] GC(68) Weak Processing 0.762ms
[97.234s][debug][gc,age         ] GC(68) Desired survivor size 100139008 bytes, new threshold 15 (max threshold 15)
[97.234s][info ][gc,heap        ] GC(68) PSYoungGen: 1905632K(1986560K)->19072K(1999360K) Eden: 1881088K(1881088K)->0K(1897984K) From: 24544K(105472K)->19072K(101376K)
[97.234s][info ][gc,heap        ] GC(68) ParOldGen: 393576K(416768K)->399517K(416768K)
[97.234s][info ][gc,metaspace   ] GC(68) Metaspace: 77858K(78592K)->77858K(78592K) NonClass: 67135K(67520K)->67135K(67520K) Class: 10722K(11072K)->10722K(11072K)
[97.234s][info ][gc             ] GC(68) Pause Young (Allocation Failure) 2245M->408M(2359M) 72.856ms
[97.234s][info ][gc,cpu         ] GC(68) User=0.09s Sys=0.00s Real=0.07s
[97.234s][info ][safepoint      ] Safepoint "ParallelGCFailedAllocation", Time since last: 61583630 ns, Reaching safepoint: 18315836 ns, At safepoint: 72992738 ns, Total: 91308574 ns
[98.257s][info ][safepoint      ] Safepoint "Cleanup", Time since last: 1006981759 ns, Reaching safepoint: 16073894 ns, At safepoint: 44801 ns, Total: 16118695 ns
[98.337s][info ][gc,start       ] GC(69) Pause Young (Allocation Failure)
[98.377s][debug][gc,phases      ] GC(69) Scavenge 39.908ms
[98.377s][debug][gc,ref         ] GC(69) Skipped phase 1 of Reference Processing: no references
[98.377s][debug][gc,ref         ] GC(69) Skipped phase 3 of Reference Processing: no references
[98.377s][debug][gc,ref         ] GC(69) Skipped phase 4 of Reference Processing: no references
[98.377s][debug][gc,phases      ] GC(69) Reference Processing 0.055ms
[98.377s][debug][gc,phases      ] GC(69) Weak Processing 0.721ms
[98.378s][debug][gc,age         ] GC(69) Desired survivor size 96993280 bytes, new threshold 15 (max threshold 15)
[98.378s][info ][gc,heap        ] GC(69) PSYoungGen: 1917056K(1999360K)->17072K(1995776K) Eden: 1897984K(1897984K)->0K(1897984K) From: 19072K(101376K)->17072K(97792K)
[98.378s][info ][gc,heap        ] GC(69) ParOldGen: 399517K(416768K)->401853K(416768K)
[98.378s][info ][gc,metaspace   ] GC(69) Metaspace: 77873K(78592K)->77873K(78592K) NonClass: 67151K(67520K)->67151K(67520K) Class: 10722K(11072K)->10722K(11072K)
[98.378s][info ][gc             ] GC(69) Pause Young (Allocation Failure) 2262M->409M(2356M) 40.871ms
[98.378s][info ][gc,cpu         ] GC(69) User=0.05s Sys=0.00s Real=0.04s
[98.378s][info ][safepoint      ] Safepoint "ParallelGCFailedAllocation", Time since last: 64776186 ns, Reaching safepoint: 15076576 ns, At safepoint: 41024152 ns, Total: 56100728 ns
[99.281s][info ][safepoint      ] Safepoint "ICBufferFull", Time since last: 891036116 ns, Reaching safepoint: 12178423 ns, At safepoint: 33901 ns, Total: 12212324 ns
[99.333s][info ][safepoint      ] Safepoint "ICBufferFull", Time since last: 11774615 ns, Reaching safepoint: 40041433 ns, At safepoint: 48001 ns, Total: 40089434 ns
[99.581s][info ][gc,start       ] GC(70) Pause Young (Allocation Failure)
[99.629s][debug][gc,phases      ] GC(70) Scavenge 47.837ms
[99.629s][debug][gc,ref         ] GC(70) Skipped phase 1 of Reference Processing: no references
[99.629s][debug][gc,ref         ] GC(70) Skipped phase 3 of Reference Processing: no references
[99.629s][debug][gc,ref         ] GC(70) Skipped phase 4 of Reference Processing: no references
[99.629s][debug][gc,phases      ] GC(70) Reference Processing 0.035ms
[99.630s][debug][gc,phases      ] GC(70) Weak Processing 0.794ms
[99.630s][debug][gc,age         ] GC(70) Desired survivor size 93847552 bytes, new threshold 15 (max threshold 15)
[99.630s][info ][gc,heap        ] GC(70) PSYoungGen: 1915056K(1995776K)->17152K(2005504K) Eden: 1897984K(1897984K)->0K(1910784K) From: 17072K(97792K)->17152K(94720K)
[99.630s][info ][gc,heap        ] GC(70) ParOldGen: 401853K(416768K)->402125K(416768K)
[99.630s][info ][gc,metaspace   ] GC(70) Metaspace: 77915K(78656K)->77915K(78656K) NonClass: 67192K(67584K)->67192K(67584K) Class: 10722K(11072K)->10722K(11072K)
[99.630s][info ][gc             ] GC(70) Pause Young (Allocation Failure) 2262M->409M(2365M) 48.829ms
[99.630s][info ][gc,cpu         ] GC(70) User=0.06s Sys=0.00s Real=0.05s
[99.630s][info ][safepoint      ] Safepoint "ParallelGCFailedAllocation", Time since last: 240725104 ns, Reaching safepoint: 7634140 ns, At safepoint: 48970696 ns, Total: 56604836 ns
[100.794s][info ][safepoint      ] Safepoint "Cleanup", Time since last: 1153631596 ns, Reaching safepoint: 10155486 ns, At safepoint: 35500 ns, Total: 10190986 ns
[100.977s][info ][gc,start       ] GC(71) Pause Young (Allocation Failure)
[101.037s][debug][gc,phases      ] GC(71) Scavenge 59.833ms
[101.037s][debug][gc,ref         ] GC(71) Skipped phase 1 of Reference Processing: no references
[101.037s][debug][gc,ref         ] GC(71) Skipped phase 3 of Reference Processing: no references
[101.037s][debug][gc,ref         ] GC(71) Skipped phase 4 of Reference Processing: no references
[101.037s][debug][gc,phases      ] GC(71) Reference Processing 0.037ms
[101.037s][debug][gc,phases      ] GC(71) Weak Processing 0.710ms
[101.037s][debug][gc,age         ] GC(71) Desired survivor size 90177536 bytes, new threshold 15 (max threshold 15)
[101.038s][info ][gc,heap        ] GC(71) PSYoungGen: 1927936K(2005504K)->17184K(2002432K) Eden: 1910784K(1910784K)->0K(1910784K) From: 17152K(94720K)->17184K(91648K)
[101.038s][info ][gc,heap        ] GC(71) ParOldGen: 402125K(416768K)->402437K(416768K)
[101.038s][info ][gc,metaspace   ] GC(71) Metaspace: 77927K(78656K)->77927K(78656K) NonClass: 67205K(67584K)->67205K(67584K) Class: 10722K(11072K)->10722K(11072K)
[101.038s][info ][gc             ] GC(71) Pause Young (Allocation Failure) 2275M->409M(2362M) 60.778ms
[101.038s][info ][gc,cpu         ] GC(71) User=0.06s Sys=0.00s Real=0.06s
[101.038s][info ][safepoint      ] Safepoint "ParallelGCFailedAllocation", Time since last: 164634910 ns, Reaching safepoint: 18170532 ns, At safepoint: 60919713 ns, Total: 79090245 ns
[102.055s][info ][safepoint      ] Safepoint "Cleanup", Time since last: 1001980300 ns, Reaching safepoint: 15398881 ns, At safepoint: 42801 ns, Total: 15441682 ns
[102.513s][info ][gc,start       ] GC(72) Pause Young (Allocation Failure)
[102.577s][debug][gc,phases      ] GC(72) Scavenge 63.342ms
[102.577s][debug][gc,ref         ] GC(72) Skipped phase 1 of Reference Processing: no references
[102.577s][debug][gc,ref         ] GC(72) Skipped phase 3 of Reference Processing: no references
[102.577s][debug][gc,ref         ] GC(72) Skipped phase 4 of Reference Processing: no references
[102.577s][debug][gc,phases      ] GC(72) Reference Processing 0.033ms
[102.578s][debug][gc,phases      ] GC(72) Weak Processing 0.713ms
[102.578s][debug][gc,age         ] GC(72) Desired survivor size 86507520 bytes, new threshold 15 (max threshold 15)
[102.578s][info ][gc,heap        ] GC(72) PSYoungGen: 1927968K(2002432K)->17344K(2012672K) Eden: 1910784K(1910784K)->0K(1924608K) From: 17184K(91648K)->17344K(88064K)
[102.578s][info ][gc,heap        ] GC(72) ParOldGen: 402437K(416768K)->402729K(416768K)
[102.578s][info ][gc,metaspace   ] GC(72) Metaspace: 77939K(78656K)->77939K(78656K) NonClass: 67217K(67584K)->67217K(67584K) Class: 10722K(11072K)->10722K(11072K)
[102.578s][info ][gc             ] GC(72) Pause Young (Allocation Failure) 2275M->410M(2372M) 64.264ms
[102.578s][info ][gc,cpu         ] GC(72) User=0.05s Sys=0.00s Real=0.07s
[102.578s][info ][safepoint      ] Safepoint "ParallelGCFailedAllocation", Time since last: 442171568 ns, Reaching safepoint: 16131894 ns, At safepoint: 64405875 ns, Total: 80537769 ns
[103.594s][info ][safepoint      ] Safepoint "Cleanup", Time since last: 1000101238 ns, Reaching safepoint: 16202495 ns, At safepoint: 240104 ns, Total: 16442599 ns
[103.921s][info ][gc,start       ] GC(73) Pause Young (Allocation Failure)
[103.957s][debug][gc,phases      ] GC(73) Scavenge 35.850ms
[103.957s][debug][gc,ref         ] GC(73) Skipped phase 1 of Reference Processing: no references
[103.957s][debug][gc,ref         ] GC(73) Skipped phase 3 of Reference Processing: no references
[103.957s][debug][gc,phases      ] GC(73) Reference Processing 0.035ms
[103.957s][debug][gc,phases      ] GC(73) Weak Processing 0.635ms
[103.957s][debug][gc,age         ] GC(73) Desired survivor size 82837504 bytes, new threshold 15 (max threshold 15)
[103.957s][info ][gc,heap        ] GC(73) PSYoungGen: 1941952K(2012672K)->17920K(2009088K) Eden: 1924608K(1924608K)->0K(1924608K) From: 17344K(88064K)->17920K(84480K)
[103.957s][info ][gc,heap        ] GC(73) ParOldGen: 402729K(416768K)->402961K(416768K)
[103.957s][info ][gc,metaspace   ] GC(73) Metaspace: 77991K(78656K)->77991K(78656K) NonClass: 67262K(67584K)->67262K(67584K) Class: 10729K(11072K)->10729K(11072K)
[103.957s][info ][gc             ] GC(73) Pause Young (Allocation Failure) 2289M->411M(2369M) 36.697ms
[103.958s][info ][gc,cpu         ] GC(73) User=0.05s Sys=0.00s Real=0.04s
[103.958s][info ][safepoint      ] Safepoint "ParallelGCFailedAllocation", Time since last: 317143280 ns, Reaching safepoint: 9275170 ns, At safepoint: 36840471 ns, Total: 46115641 ns
[104.968s][info ][safepoint      ] Safepoint "Cleanup", Time since last: 1005644914 ns, Reaching safepoint: 4621284 ns, At safepoint: 42101 ns, Total: 4663385 ns
[105.106s][info ][gc,start       ] GC(74) Pause Young (Allocation Failure)
[105.150s][debug][gc,phases      ] GC(74) Scavenge 44.365ms
[105.150s][debug][gc,ref         ] GC(74) Skipped phase 1 of Reference Processing: no references
[105.150s][debug][gc,ref         ] GC(74) Skipped phase 3 of Reference Processing: no references
[105.150s][debug][gc,ref         ] GC(74) Skipped phase 4 of Reference Processing: no references
[105.150s][debug][gc,phases      ] GC(74) Reference Processing 0.058ms
[105.151s][debug][gc,phases      ] GC(74) Weak Processing 0.760ms
[105.151s][debug][gc,age         ] GC(74) Desired survivor size 79167488 bytes, new threshold 15 (max threshold 15)
[105.151s][info ][gc,heap        ] GC(74) PSYoungGen: 1942528K(2009088K)->17920K(2019840K) Eden: 1924608K(1924608K)->0K(1938944K) From: 17920K(84480K)->17920K(80896K)
[105.151s][info ][gc,heap        ] GC(74) ParOldGen: 402961K(416768K)->403329K(416768K)
[105.151s][info ][gc,metaspace   ] GC(74) Metaspace: 77992K(78656K)->77992K(78656K) NonClass: 67263K(67584K)->67263K(67584K) Class: 10729K(11072K)->10729K(11072K)
[105.151s][info ][gc             ] GC(74) Pause Young (Allocation Failure) 2290M->411M(2379M) 45.366ms
[105.151s][info ][gc,cpu         ] GC(74) User=0.06s Sys=0.00s Real=0.05s
[105.151s][info ][safepoint      ] Safepoint "ParallelGCFailedAllocation", Time since last: 132223807 ns, Reaching safepoint: 5669804 ns, At safepoint: 45510628 ns, Total: 51180432 ns
[106.169s][info ][safepoint      ] Safepoint "Cleanup", Time since last: 1000090992 ns, Reaching safepoint: 17394616 ns, At safepoint: 36201 ns, Total: 17430817 ns
[106.429s][info ][gc,start       ] GC(75) Pause Young (Allocation Failure)
[106.497s][debug][gc,phases      ] GC(75) Scavenge 67.865ms
[106.497s][debug][gc,ref         ] GC(75) Skipped phase 1 of Reference Processing: no references
[106.497s][debug][gc,ref         ] GC(75) Skipped phase 3 of Reference Processing: no references
[106.497s][debug][gc,phases      ] GC(75) Reference Processing 0.051ms
[106.497s][debug][gc,phases      ] GC(75) Weak Processing 0.679ms
[106.497s][debug][gc,age         ] GC(75) Desired survivor size 74973184 bytes, new threshold 15 (max threshold 15)
[106.497s][info ][gc,heap        ] GC(75) PSYoungGen: 1956864K(2019840K)->21936K(2016256K) Eden: 1938944K(1938944K)->0K(1938944K) From: 17920K(80896K)->21936K(77312K)
[106.497s][info ][gc,heap        ] GC(75) ParOldGen: 403329K(416768K)->403885K(416768K)
[106.498s][info ][gc,metaspace   ] GC(75) Metaspace: 78218K(78912K)->78218K(78912K) NonClass: 67473K(67840K)->67473K(67840K) Class: 10745K(11072K)->10745K(11072K)
[106.498s][info ][gc             ] GC(75) Pause Young (Allocation Failure) 2304M->415M(2376M) 68.760ms
[106.498s][info ][gc,cpu         ] GC(75) User=0.06s Sys=0.00s Real=0.07s
[106.498s][info ][safepoint      ] Safepoint "ParallelGCFailedAllocation", Time since last: 249503234 ns, Reaching safepoint: 10384489 ns, At safepoint: 68898052 ns, Total: 79282541 ns
[107.501s][info ][safepoint      ] Safepoint "ICBufferFull", Time since last: 998512439 ns, Reaching safepoint: 4676985 ns, At safepoint: 30101 ns, Total: 4707086 ns
[107.870s][info ][gc,start       ] GC(76) Pause Young (Allocation Failure)
[107.965s][debug][gc,phases      ] GC(76) Scavenge 94.633ms
[107.965s][debug][gc,ref         ] GC(76) Skipped phase 1 of Reference Processing: no references
[107.965s][debug][gc,ref         ] GC(76) Skipped phase 3 of Reference Processing: no references
[107.965s][debug][gc,phases      ] GC(76) Reference Processing 0.037ms
[107.965s][debug][gc,phases      ] GC(76) Weak Processing 0.725ms
[107.965s][debug][gc,age         ] GC(76) Desired survivor size 74973184 bytes, new threshold 15 (max threshold 15)
[107.966s][info ][gc,heap        ] GC(76) PSYoungGen: 1960880K(2016256K)->39264K(2023936K) Eden: 1938944K(1938944K)->0K(1950720K) From: 21936K(77312K)->39264K(73216K)
[107.966s][info ][gc,heap        ] GC(76) ParOldGen: 403885K(416768K)->404653K(416768K)
[107.966s][info ][gc,metaspace   ] GC(76) Metaspace: 78271K(78976K)->78271K(78976K) NonClass: 67525K(67904K)->67525K(67904K) Class: 10745K(11072K)->10745K(11072K)
[107.966s][info ][gc             ] GC(76) Pause Young (Allocation Failure) 2309M->433M(2383M) 95.559ms
[107.966s][info ][gc,cpu         ] GC(76) User=0.07s Sys=0.01s Real=0.09s
[107.966s][info ][safepoint      ] Safepoint "ParallelGCFailedAllocation", Time since last: 363097592 ns, Reaching safepoint: 6024209 ns, At safepoint: 95697037 ns, Total: 101721246 ns
[108.973s][info ][safepoint      ] Safepoint "Cleanup", Time since last: 1000084943 ns, Reaching safepoint: 7006727 ns, At safepoint: 32900 ns, Total: 7039627 ns
[109.325s][info ][gc,start       ] GC(77) Pause Young (Allocation Failure)
[109.369s][debug][gc,phases      ] GC(77) Scavenge 43.874ms
[109.369s][debug][gc,ref         ] GC(77) Skipped phase 1 of Reference Processing: no references
[109.369s][debug][gc,ref         ] GC(77) Skipped phase 3 of Reference Processing: no references
[109.369s][debug][gc,phases      ] GC(77) Reference Processing 0.039ms
[109.369s][debug][gc,phases      ] GC(77) Weak Processing 0.719ms
[109.369s][debug][gc,age         ] GC(77) Desired survivor size 72351744 bytes, new threshold 15 (max threshold 15)
[109.370s][info ][gc,heap        ] GC(77) PSYoungGen: 1989984K(2023936K)->16864K(2023936K) Eden: 1950720K(1950720K)->0K(1950720K) From: 39264K(73216K)->16864K(73216K)
[109.370s][info ][gc,heap        ] GC(77) ParOldGen: 404653K(416768K)->405773K(416768K)
[109.370s][info ][gc,metaspace   ] GC(77) Metaspace: 78297K(78976K)->78297K(78976K) NonClass: 67548K(67904K)->67548K(67904K) Class: 10748K(11072K)->10748K(11072K)
[109.370s][info ][gc             ] GC(77) Pause Young (Allocation Failure) 2338M->412M(2383M) 44.795ms
[109.370s][info ][gc,cpu         ] GC(77) User=0.05s Sys=0.00s Real=0.05s
[109.370s][info ][safepoint      ] Safepoint "ParallelGCFailedAllocation", Time since last: 342555510 ns, Reaching safepoint: 9366170 ns, At safepoint: 44927514 ns, Total: 54293684 ns
[110.425s][info ][safepoint      ] Safepoint "Cleanup", Time since last: 1035043251 ns, Reaching safepoint: 20167965 ns, At safepoint: 24700 ns, Total: 20192665 ns
[111.019s][info ][gc,start       ] GC(78) Pause Young (Allocation Failure)
[111.057s][debug][gc,phases      ] GC(78) Scavenge 37.036ms
[111.057s][debug][gc,ref         ] GC(78) Skipped phase 1 of Reference Processing: no references
[111.057s][debug][gc,ref         ] GC(78) Skipped phase 3 of Reference Processing: no references
[111.057s][debug][gc,phases      ] GC(78) Reference Processing 0.041ms
[111.057s][debug][gc,phases      ] GC(78) Weak Processing 0.647ms
[111.057s][debug][gc,age         ] GC(78) Desired survivor size 69730304 bytes, new threshold 15 (max threshold 15)
[111.057s][info ][gc,heap        ] GC(78) PSYoungGen: 1967584K(2023936K)->15808K(2029056K) Eden: 1950720K(1950720K)->0K(1958400K) From: 16864K(73216K)->15808K(70656K)
[111.057s][info ][gc,heap        ] GC(78) ParOldGen: 405773K(416768K)->407261K(416768K)
[111.057s][info ][gc,metaspace   ] GC(78) Metaspace: 78450K(79104K)->78450K(79104K) NonClass: 67681K(68032K)->67681K(68032K) Class: 10769K(11072K)->10769K(11072K)
[111.057s][info ][gc             ] GC(78) Pause Young (Allocation Failure) 2317M->413M(2388M) 38.225ms
[111.057s][info ][gc,cpu         ] GC(78) User=0.06s Sys=0.00s Real=0.04s
[111.058s][info ][safepoint      ] Safepoint "ParallelGCFailedAllocation", Time since last: 585820905 ns, Reaching safepoint: 8495654 ns, At safepoint: 38366894 ns, Total: 46862548 ns
[112.085s][info ][safepoint      ] Safepoint "Cleanup", Time since last: 1009800964 ns, Reaching safepoint: 17399815 ns, At safepoint: 28900 ns, Total: 17428715 ns
[113.049s][info ][gc,start       ] GC(79) Pause Young (Allocation Failure)
[113.101s][debug][gc,phases      ] GC(79) Scavenge 51.732ms
[113.101s][debug][gc,ref         ] GC(79) Skipped phase 1 of Reference Processing: no references
[113.101s][debug][gc,ref         ] GC(79) Skipped phase 3 of Reference Processing: no references
[113.101s][debug][gc,phases      ] GC(79) Reference Processing 0.037ms
[113.101s][debug][gc,phases      ] GC(79) Weak Processing 0.655ms
[113.101s][debug][gc,age         ] GC(79) Desired survivor size 67108864 bytes, new threshold 15 (max threshold 15)
[113.101s][info ][gc,heap        ] GC(79) PSYoungGen: 1974208K(2029056K)->16048K(2026496K) Eden: 1958400K(1958400K)->0K(1958400K) From: 15808K(70656K)->16048K(68096K)
[113.102s][info ][gc,heap        ] GC(79) ParOldGen: 407261K(416768K)->407541K(416768K)
[113.102s][info ][gc,metaspace   ] GC(79) Metaspace: 78462K(79104K)->78462K(79104K) NonClass: 67693K(68032K)->67693K(68032K) Class: 10769K(11072K)->10769K(11072K)
[113.102s][info ][gc             ] GC(79) Pause Young (Allocation Failure) 2325M->413M(2386M) 52.625ms
[113.102s][info ][gc,cpu         ] GC(79) User=0.04s Sys=0.00s Real=0.05s
[113.102s][info ][safepoint      ] Safepoint "ParallelGCFailedAllocation", Time since last: 935884311 ns, Reaching safepoint: 28190409 ns, At safepoint: 52771353 ns, Total: 80961762 ns
[114.269s][info ][safepoint      ] Safepoint "ICBufferFull", Time since last: 1147270208 ns, Reaching safepoint: 19778957 ns, At safepoint: 36900 ns, Total: 19815857 ns
[114.983s][info ][gc,start       ] GC(80) Pause Young (Allocation Failure)
[115.020s][debug][gc,phases      ] GC(80) Scavenge 37.291ms
[115.020s][debug][gc,ref         ] GC(80) Skipped phase 1 of Reference Processing: no references
[115.020s][debug][gc,ref         ] GC(80) Skipped phase 3 of Reference Processing: no references
[115.020s][debug][gc,phases      ] GC(80) Reference Processing 0.032ms
[115.021s][debug][gc,phases      ] GC(80) Weak Processing 0.729ms
[115.021s][debug][gc,age         ] GC(80) Desired survivor size 66060288 bytes, new threshold 15 (max threshold 15)
[115.021s][info ][gc,heap        ] GC(80) PSYoungGen: 1974448K(2026496K)->7584K(2032640K) Eden: 1958400K(1958400K)->0K(1967104K) From: 16048K(68096K)->7584K(65536K)
[115.021s][info ][gc,heap        ] GC(80) ParOldGen: 407541K(416768K)->416581K(416768K)
[115.021s][info ][gc,metaspace   ] GC(80) Metaspace: 78472K(79104K)->78472K(79104K) NonClass: 67703K(68032K)->67703K(68032K) Class: 10769K(11072K)->10769K(11072K)
[115.021s][info ][gc             ] GC(80) Pause Young (Allocation Failure) 2326M->414M(2392M) 38.202ms
[115.021s][info ][gc,cpu         ] GC(80) User=0.05s Sys=0.00s Real=0.04s
[115.021s][debug][gc,phases      ] GC(81) Pre Compact 0.017ms
[115.021s][info ][gc,start       ] GC(81) Pause Full (Ergonomics)
[115.021s][info ][gc,phases,start] GC(81) Marking Phase
[115.401s][debug][gc,phases      ] GC(81) Par Mark 379.728ms
[115.401s][debug][gc,ref         ] GC(81) Skipped phase 1 of Reference Processing: no references
[115.401s][debug][gc,ref         ] GC(81) Skipped phase 3 of Reference Processing: no references
[115.401s][debug][gc,phases      ] GC(81) Reference Processing 0.075ms
[115.401s][debug][gc,phases      ] GC(81) Weak Processing 0.585ms
[115.401s][debug][gc,phases      ] GC(81) ClassLoaderData 0.069ms
[115.401s][debug][gc,phases      ] GC(81) Trigger cleanups 0.000ms
[115.424s][debug][gc,phases      ] GC(81) Class Unloading 23.057ms
[115.424s][info ][gc,phases      ] GC(81) Marking Phase 403.625ms
[115.424s][info ][gc,phases,start] GC(81) Summary Phase
[115.425s][info ][gc,phases      ] GC(81) Summary Phase 0.023ms
[115.425s][info ][gc,phases,start] GC(81) Adjust Roots
[115.443s][info ][gc,phases      ] GC(81) Adjust Roots 18.234ms
[115.443s][info ][gc,phases,start] GC(81) Compaction Phase
[115.901s][info ][gc,phases      ] GC(81) Compaction Phase 457.997ms
[115.901s][info ][gc,phases,start] GC(81) Post Compact
[115.902s][info ][gc,phases      ] GC(81) Post Compact 1.508ms
[115.903s][info ][gc,heap        ] GC(81) PSYoungGen: 7584K(2032640K)->0K(2031616K) Eden: 0K(1967104K)->0K(1967104K) From: 7584K(65536K)->0K(64512K)
[115.903s][info ][gc,heap        ] GC(81) ParOldGen: 416581K(416768K)->413712K(483840K)
[115.903s][info ][gc,metaspace   ] GC(81) Metaspace: 78472K(79104K)->78472K(79104K) NonClass: 67703K(68032K)->67703K(68032K) Class: 10769K(11072K)->10769K(11072K)
[115.903s][info ][gc             ] GC(81) Pause Full (Ergonomics) 414M->404M(2456M) 881.690ms
[115.905s][info ][gc,cpu         ] GC(81) User=1.15s Sys=0.01s Real=0.88s
[115.905s][info ][safepoint      ] Safepoint "ParallelGCFailedAllocation", Time since last: 700305229 ns, Reaching safepoint: 13526044 ns, At safepoint: 922201416 ns, Total: 935727460 ns
[116.949s][info ][safepoint      ] Safepoint "Cleanup", Time since last: 1007917245 ns, Reaching safepoint: 35997048 ns, At safepoint: 44201 ns, Total: 36041249 ns
[117.311s][info ][gc,start       ] GC(82) Pause Young (Allocation Failure)
[117.339s][debug][gc,phases      ] GC(82) Scavenge 27.803ms
[117.339s][debug][gc,ref         ] GC(82) Skipped phase 1 of Reference Processing: no references
[117.339s][debug][gc,ref         ] GC(82) Skipped phase 3 of Reference Processing: no references
[117.339s][debug][gc,phases      ] GC(82) Reference Processing 0.030ms
[117.340s][debug][gc,phases      ] GC(82) Weak Processing 0.676ms
[117.340s][debug][gc,age         ] GC(82) Desired survivor size 65536000 bytes, new threshold 15 (max threshold 15)
[117.340s][info ][gc,heap        ] GC(82) PSYoungGen: 1967104K(2031616K)->1056K(2033152K) Eden: 1967104K(1967104K)->0K(1968640K) From: 0K(64512K)->1056K(64512K)
[117.340s][info ][gc,heap        ] GC(82) ParOldGen: 413712K(483840K)->413712K(483840K)
[117.340s][info ][gc,metaspace   ] GC(82) Metaspace: 78557K(79168K)->78557K(79168K) NonClass: 67780K(68096K)->67780K(68096K) Class: 10777K(11072K)->10777K(11072K)
[117.340s][info ][gc             ] GC(82) Pause Young (Allocation Failure) 2325M->405M(2458M) 28.695ms
[117.340s][info ][gc,cpu         ] GC(82) User=0.02s Sys=0.00s Real=0.03s
[117.340s][info ][safepoint      ] Safepoint "ParallelGCFailedAllocation", Time since last: 362201816 ns, Reaching safepoint: 148603 ns, At safepoint: 28799518 ns, Total: 28948121 ns
[118.354s][info ][safepoint      ] Safepoint "Cleanup", Time since last: 1000106779 ns, Reaching safepoint: 14268857 ns, At safepoint: 39400 ns, Total: 14308257 ns
[118.785s][info ][gc,start       ] GC(83) Pause Young (Allocation Failure)
[118.795s][debug][gc,phases      ] GC(83) Scavenge 9.943ms
[118.795s][debug][gc,ref         ] GC(83) Skipped phase 1 of Reference Processing: no references
[118.795s][debug][gc,ref         ] GC(83) Skipped phase 3 of Reference Processing: no references
[118.795s][debug][gc,phases      ] GC(83) Reference Processing 0.030ms
[118.796s][debug][gc,phases      ] GC(83) Weak Processing 0.684ms
[118.796s][debug][gc,age         ] GC(83) Desired survivor size 64487424 bytes, new threshold 15 (max threshold 15)
[118.796s][info ][gc,heap        ] GC(83) PSYoungGen: 1969696K(2033152K)->2080K(2032640K) Eden: 1968640K(1968640K)->0K(1968640K) From: 1056K(64512K)->2080K(64000K)
[118.796s][info ][gc,heap        ] GC(83) ParOldGen: 413712K(483840K)->413720K(483840K)
[118.796s][info ][gc,metaspace   ] GC(83) Metaspace: 78600K(79296K)->78600K(79296K) NonClass: 67820K(68160K)->67820K(68160K) Class: 10780K(11136K)->10780K(11136K)
[118.796s][info ][gc             ] GC(83) Pause Young (Allocation Failure) 2327M->406M(2457M) 10.821ms
[118.796s][info ][gc,cpu         ] GC(83) User=0.01s Sys=0.00s Real=0.01s
[118.796s][info ][safepoint      ] Safepoint "ParallelGCFailedAllocation", Time since last: 416023774 ns, Reaching safepoint: 14443959 ns, At safepoint: 10962397 ns, Total: 25406356 ns
[119.825s][info ][safepoint      ] Safepoint "Cleanup", Time since last: 1000089954 ns, Reaching safepoint: 29018821 ns, At safepoint: 32701 ns, Total: 29051522 ns
[120.021s][info ][gc,start       ] GC(84) Pause Young (Allocation Failure)
[120.036s][debug][gc,phases      ] GC(84) Scavenge 15.632ms
[120.036s][debug][gc,ref         ] GC(84) Skipped phase 1 of Reference Processing: no references
[120.037s][debug][gc,ref         ] GC(84) Skipped phase 3 of Reference Processing: no references
[120.037s][debug][gc,ref         ] GC(84) Skipped phase 4 of Reference Processing: no references
[120.037s][debug][gc,phases      ] GC(84) Reference Processing 0.030ms
[120.037s][debug][gc,phases      ] GC(84) Weak Processing 0.757ms
[120.037s][debug][gc,age         ] GC(84) Desired survivor size 62390272 bytes, new threshold 15 (max threshold 15)
[120.037s][info ][gc,heap        ] GC(84) PSYoungGen: 1970720K(2032640K)->3760K(2036224K) Eden: 1968640K(1968640K)->0K(1973248K) From: 2080K(64000K)->3760K(62976K)
[120.037s][info ][gc,heap        ] GC(84) ParOldGen: 413720K(483840K)->413728K(483840K)
[120.037s][info ][gc,metaspace   ] GC(84) Metaspace: 78631K(79360K)->78631K(79360K) NonClass: 67850K(68224K)->67850K(68224K) Class: 10780K(11136K)->10780K(11136K)
[120.037s][info ][gc             ] GC(84) Pause Young (Allocation Failure) 2328M->407M(2461M) 16.624ms
[120.037s][info ][gc,cpu         ] GC(84) User=0.02s Sys=0.00s Real=0.02s
[120.037s][info ][safepoint      ] Safepoint "ParallelGCFailedAllocation", Time since last: 193874779 ns, Reaching safepoint: 2016136 ns, At safepoint: 16740101 ns, Total: 18756237 ns
[121.049s][info ][safepoint      ] Safepoint "Cleanup", Time since last: 1000103933 ns, Reaching safepoint: 11215001 ns, At safepoint: 19200 ns, Total: 11234201 ns
[122.049s][info ][safepoint      ] Safepoint "Cleanup", Time since last: 1000116517 ns, Reaching safepoint: 151302 ns, At safepoint: 4400 ns, Total: 155702 ns
[122.900s][info ][safepoint      ] Safepoint "ICBufferFull", Time since last: 850479422 ns, Reaching safepoint: 250504 ns, At safepoint: 4600 ns, Total: 255104 ns
[124.318s][info ][safepoint      ] Safepoint "Cleanup", Time since last: 1417672547 ns, Reaching safepoint: 803414 ns, At safepoint: 11801 ns, Total: 815215 ns
[125.319s][info ][safepoint      ] Safepoint "Cleanup", Time since last: 1000111860 ns, Reaching safepoint: 218104 ns, At safepoint: 6800 ns, Total: 224904 ns
[126.325s][info ][safepoint      ] Safepoint "Cleanup", Time since last: 1005671842 ns, Reaching safepoint: 212304 ns, At safepoint: 6200 ns, Total: 218504 ns
[127.325s][info ][safepoint      ] Safepoint "Cleanup", Time since last: 1000134027 ns, Reaching safepoint: 225904 ns, At safepoint: 7900 ns, Total: 233804 ns
[128.344s][info ][safepoint      ] Safepoint "Cleanup", Time since last: 1015773188 ns, Reaching safepoint: 2940652 ns, At safepoint: 15001 ns, Total: 2955653 ns
[129.344s][info ][safepoint      ] Safepoint "Cleanup", Time since last: 1000111092 ns, Reaching safepoint: 128602 ns, At safepoint: 19701 ns, Total: 148303 ns
[130.344s][info ][safepoint      ] Safepoint "Cleanup", Time since last: 1000121975 ns, Reaching safepoint: 182203 ns, At safepoint: 13401 ns, Total: 195604 ns
[131.344s][info ][safepoint      ] Safepoint "Cleanup", Time since last: 1000124158 ns, Reaching safepoint: 114002 ns, At safepoint: 8400 ns, Total: 122402 ns
[133.305s][info ][safepoint      ] Safepoint "Cleanup", Time since last: 1960376862 ns, Reaching safepoint: 237804 ns, At safepoint: 11200 ns, Total: 249004 ns
[134.305s][info ][safepoint      ] Safepoint "Cleanup", Time since last: 1000104509 ns, Reaching safepoint: 170603 ns, At safepoint: 11200 ns, Total: 181803 ns
[135.306s][info ][safepoint      ] Safepoint "Cleanup", Time since last: 1000108592 ns, Reaching safepoint: 164403 ns, At safepoint: 10900 ns, Total: 175303 ns
[136.306s][info ][safepoint      ] Safepoint "Cleanup", Time since last: 1000110176 ns, Reaching safepoint: 145802 ns, At safepoint: 9301 ns, Total: 155103 ns
[137.306s][info ][safepoint      ] Safepoint "Cleanup", Time since last: 1000103958 ns, Reaching safepoint: 128703 ns, At safepoint: 11400 ns, Total: 140103 ns
[138.306s][info ][safepoint      ] Safepoint "Cleanup", Time since last: 1000114442 ns, Reaching safepoint: 76002 ns, At safepoint: 15400 ns, Total: 91402 ns
[139.307s][info ][safepoint      ] Safepoint "Cleanup", Time since last: 1000116626 ns, Reaching safepoint: 135902 ns, At safepoint: 11000 ns, Total: 146902 ns
[140.307s][info ][safepoint      ] Safepoint "Cleanup", Time since last: 1000124810 ns, Reaching safepoint: 143702 ns, At safepoint: 18101 ns, Total: 161803 ns
[141.307s][info ][safepoint      ] Safepoint "Cleanup", Time since last: 1000108792 ns, Reaching safepoint: 135003 ns, At safepoint: 9500 ns, Total: 144503 ns
[142.307s][info ][safepoint      ] Safepoint "Cleanup", Time since last: 1000101576 ns, Reaching safepoint: 124202 ns, At safepoint: 11100 ns, Total: 135302 ns
[143.308s][info ][safepoint      ] Safepoint "Cleanup", Time since last: 1000117660 ns, Reaching safepoint: 151903 ns, At safepoint: 11400 ns, Total: 163303 ns
[144.308s][info ][safepoint      ] Safepoint "Cleanup", Time since last: 1000100744 ns, Reaching safepoint: 125502 ns, At safepoint: 9200 ns, Total: 134702 ns
[145.308s][info ][safepoint      ] Safepoint "Cleanup", Time since last: 1000129027 ns, Reaching safepoint: 145103 ns, At safepoint: 8300 ns, Total: 153403 ns
[146.308s][info ][safepoint      ] Safepoint "Cleanup", Time since last: 1000106611 ns, Reaching safepoint: 130402 ns, At safepoint: 10000 ns, Total: 140402 ns
[147.309s][info ][safepoint      ] Safepoint "Cleanup", Time since last: 1000107095 ns, Reaching safepoint: 54101 ns, At safepoint: 8600 ns, Total: 62701 ns
[148.309s][info ][safepoint      ] Safepoint "Cleanup", Time since last: 1000091878 ns, Reaching safepoint: 57401 ns, At safepoint: 7700 ns, Total: 65101 ns
[149.647s][info ][gc,start       ] GC(85) Pause Young (Allocation Failure)
[149.650s][debug][gc,phases      ] GC(85) Scavenge 3.178ms
[149.650s][debug][gc,ref         ] GC(85) Skipped phase 1 of Reference Processing: no references
[149.650s][debug][gc,ref         ] GC(85) Skipped phase 3 of Reference Processing: no references
[149.650s][debug][gc,phases      ] GC(85) Reference Processing 0.026ms
[149.651s][debug][gc,phases      ] GC(85) Weak Processing 0.528ms
[149.651s][debug][gc,age         ] GC(85) Desired survivor size 60293120 bytes, new threshold 15 (max threshold 15)
[149.651s][info ][gc,heap        ] GC(85) PSYoungGen: 1977008K(2036224K)->5552K(2034176K) Eden: 1973248K(1973248K)->0K(1973248K) From: 3760K(62976K)->5552K(60928K)
[149.651s][info ][gc,heap        ] GC(85) ParOldGen: 413728K(483840K)->413736K(483840K)
[149.651s][info ][gc,metaspace   ] GC(85) Metaspace: 79016K(79680K)->79016K(79680K) NonClass: 68209K(68544K)->68209K(68544K) Class: 10806K(11136K)->10806K(11136K)
[149.651s][info ][gc             ] GC(85) Pause Young (Allocation Failure) 2334M->409M(2459M) 3.868ms
[149.651s][info ][gc,cpu         ] GC(85) User=0.01s Sys=0.00s Real=0.01s
[149.651s][info ][safepoint      ] Safepoint "ParallelGCFailedAllocation", Time since last: 1337748852 ns, Reaching safepoint: 166303 ns, At safepoint: 3953269 ns, Total: 4119572 ns
[150.651s][info ][safepoint      ] Safepoint "Cleanup", Time since last: 1000098140 ns, Reaching safepoint: 141603 ns, At safepoint: 11500 ns, Total: 153103 ns
[151.651s][info ][safepoint      ] Safepoint "Cleanup", Time since last: 1000113524 ns, Reaching safepoint: 151103 ns, At safepoint: 15800 ns, Total: 166903 ns
[152.825s][info ][safepoint      ] Safepoint "Cleanup", Time since last: 1173779130 ns, Reaching safepoint: 82901 ns, At safepoint: 10300 ns, Total: 93201 ns
[153.825s][info ][safepoint      ] Safepoint "Cleanup", Time since last: 1000104089 ns, Reaching safepoint: 74001 ns, At safepoint: 6701 ns, Total: 80702 ns
[154.825s][info ][safepoint      ] Safepoint "Cleanup", Time since last: 1000058272 ns, Reaching safepoint: 90001 ns, At safepoint: 7500 ns, Total: 97501 ns
[155.826s][info ][safepoint      ] Safepoint "Cleanup", Time since last: 1000108057 ns, Reaching safepoint: 73902 ns, At safepoint: 9600 ns, Total: 83502 ns
[156.826s][info ][safepoint      ] Safepoint "Cleanup", Time since last: 1000109841 ns, Reaching safepoint: 61701 ns, At safepoint: 6700 ns, Total: 68401 ns
[157.826s][info ][safepoint      ] Safepoint "Cleanup", Time since last: 1000107925 ns, Reaching safepoint: 105902 ns, At safepoint: 11400 ns, Total: 117302 ns
[158.826s][info ][safepoint      ] Safepoint "Cleanup", Time since last: 1000122609 ns, Reaching safepoint: 90602 ns, At safepoint: 9500 ns, Total: 100102 ns
[159.826s][info ][safepoint      ] Safepoint "Cleanup", Time since last: 1000120593 ns, Reaching safepoint: 75002 ns, At safepoint: 8300 ns, Total: 83302 ns
[160.827s][info ][safepoint      ] Safepoint "Cleanup", Time since last: 1000106477 ns, Reaching safepoint: 66401 ns, At safepoint: 9200 ns, Total: 75601 ns
[161.827s][info ][safepoint      ] Safepoint "Cleanup", Time since last: 1000117662 ns, Reaching safepoint: 64101 ns, At safepoint: 9800 ns, Total: 73901 ns
[162.827s][info ][safepoint      ] Safepoint "Cleanup", Time since last: 1000106246 ns, Reaching safepoint: 57701 ns, At safepoint: 6800 ns, Total: 64501 ns
[163.827s][info ][safepoint      ] Safepoint "Cleanup", Time since last: 1000131330 ns, Reaching safepoint: 92102 ns, At safepoint: 13300 ns, Total: 105402 ns
[164.827s][info ][safepoint      ] Safepoint "Cleanup", Time since last: 1000119815 ns, Reaching safepoint: 66001 ns, At safepoint: 4700 ns, Total: 70701 ns
[165.828s][info ][safepoint      ] Safepoint "Cleanup", Time since last: 1000109198 ns, Reaching safepoint: 74901 ns, At safepoint: 6901 ns, Total: 81802 ns
[166.828s][info ][safepoint      ] Safepoint "Cleanup", Time since last: 1000118082 ns, Reaching safepoint: 116302 ns, At safepoint: 9501 ns, Total: 125803 ns
[167.828s][info ][safepoint      ] Safepoint "Cleanup", Time since last: 1000106067 ns, Reaching safepoint: 60901 ns, At safepoint: 3700 ns, Total: 64601 ns
[168.828s][info ][safepoint      ] Safepoint "Cleanup", Time since last: 1000118151 ns, Reaching safepoint: 77002 ns, At safepoint: 20800 ns, Total: 97802 ns
[169.828s][info ][safepoint      ] Safepoint "Cleanup", Time since last: 1000105136 ns, Reaching safepoint: 52201 ns, At safepoint: 3500 ns, Total: 55701 ns
[171.417s][info ][safepoint      ] Safepoint "Cleanup", Time since last: 1588760090 ns, Reaching safepoint: 229904 ns, At safepoint: 15300 ns, Total: 245204 ns
[172.418s][info ][safepoint      ] Safepoint "Cleanup", Time since last: 1000129996 ns, Reaching safepoint: 73601 ns, At safepoint: 8300 ns, Total: 81901 ns
[174.418s][info ][safepoint      ] Safepoint "Cleanup", Time since last: 2000189345 ns, Reaching safepoint: 64801 ns, At safepoint: 8500 ns, Total: 73301 ns
[175.418s][info ][safepoint      ] Safepoint "Cleanup", Time since last: 1000087149 ns, Reaching safepoint: 55501 ns, At safepoint: 4100 ns, Total: 59601 ns
[176.418s][info ][safepoint      ] Safepoint "Cleanup", Time since last: 1000100034 ns, Reaching safepoint: 48700 ns, At safepoint: 3501 ns, Total: 52201 ns
[177.418s][info ][safepoint      ] Safepoint "Cleanup", Time since last: 1000099918 ns, Reaching safepoint: 47901 ns, At safepoint: 3600 ns, Total: 51501 ns
[178.418s][info ][safepoint      ] Safepoint "Cleanup", Time since last: 1000106403 ns, Reaching safepoint: 49401 ns, At safepoint: 4700 ns, Total: 54101 ns
[179.419s][info ][safepoint      ] Safepoint "Cleanup", Time since last: 1000101388 ns, Reaching safepoint: 65401 ns, At safepoint: 11100 ns, Total: 76501 ns
[180.419s][info ][safepoint      ] Safepoint "Cleanup", Time since last: 1000105572 ns, Reaching safepoint: 50701 ns, At safepoint: 3600 ns, Total: 54301 ns
[181.419s][info ][safepoint      ] Safepoint "Cleanup", Time since last: 1000107458 ns, Reaching safepoint: 73201 ns, At safepoint: 11000 ns, Total: 84201 ns
[182.419s][info ][safepoint      ] Safepoint "Cleanup", Time since last: 1000122842 ns, Reaching safepoint: 68802 ns, At safepoint: 9200 ns, Total: 78002 ns
[184.419s][info ][safepoint      ] Safepoint "Cleanup", Time since last: 2000134737 ns, Reaching safepoint: 52101 ns, At safepoint: 7200 ns, Total: 59301 ns
[185.420s][info ][safepoint      ] Safepoint "Cleanup", Time since last: 1000108597 ns, Reaching safepoint: 53901 ns, At safepoint: 7400 ns, Total: 61301 ns
[189.420s][info ][safepoint      ] Safepoint "Cleanup", Time since last: 4000294233 ns, Reaching safepoint: 40701 ns, At safepoint: 4900 ns, Total: 45601 ns
[190.420s][info ][safepoint      ] Safepoint "Cleanup", Time since last: 1000113322 ns, Reaching safepoint: 36200 ns, At safepoint: 3801 ns, Total: 40001 ns
[191.420s][info ][safepoint      ] Safepoint "Cleanup", Time since last: 1000070905 ns, Reaching safepoint: 49801 ns, At safepoint: 6200 ns, Total: 56001 ns
[192.420s][info ][safepoint      ] Safepoint "Cleanup", Time since last: 1000099692 ns, Reaching safepoint: 51501 ns, At safepoint: 5800 ns, Total: 57301 ns
[198.421s][info ][safepoint      ] Safepoint "Cleanup", Time since last: 6000334233 ns, Reaching safepoint: 47200 ns, At safepoint: 3400 ns, Total: 50600 ns
[200.421s][info ][safepoint      ] Safepoint "Cleanup", Time since last: 2000158761 ns, Reaching safepoint: 54001 ns, At safepoint: 8200 ns, Total: 62201 ns
[203.421s][info ][safepoint      ] Safepoint "Cleanup", Time since last: 3000201130 ns, Reaching safepoint: 51701 ns, At safepoint: 9200 ns, Total: 60901 ns
[209.422s][info ][safepoint      ] Safepoint "Cleanup", Time since last: 6000401867 ns, Reaching safepoint: 54901 ns, At safepoint: 9100 ns, Total: 64001 ns
[215.422s][info ][safepoint      ] Safepoint "Cleanup", Time since last: 6000409449 ns, Reaching safepoint: 56001 ns, At safepoint: 3600 ns, Total: 59601 ns
[221.183s][info ][gc,start       ] GC(86) Pause Young (Allocation Failure)
[221.187s][debug][gc,phases      ] GC(86) Scavenge 3.548ms
[221.187s][debug][gc,ref         ] GC(86) Skipped phase 1 of Reference Processing: no references
[221.187s][debug][gc,ref         ] GC(86) Skipped phase 3 of Reference Processing: no references
[221.187s][debug][gc,phases      ] GC(86) Reference Processing 0.025ms
[221.187s][debug][gc,phases      ] GC(86) Weak Processing 0.525ms
[221.187s][debug][gc,age         ] GC(86) Desired survivor size 57671680 bytes, new threshold 15 (max threshold 15)
[221.187s][info ][gc,heap        ] GC(86) PSYoungGen: 1978800K(2034176K)->5728K(2040832K) Eden: 1973248K(1973248K)->0K(1981952K) From: 5552K(60928K)->5728K(58880K)
[221.187s][info ][gc,heap        ] GC(86) ParOldGen: 413736K(483840K)->413744K(483840K)
[221.187s][info ][gc,metaspace   ] GC(86) Metaspace: 79270K(79936K)->79270K(79936K) NonClass: 68446K(68800K)->68446K(68800K) Class: 10823K(11136K)->10823K(11136K)
[221.187s][info ][gc             ] GC(86) Pause Young (Allocation Failure) 2336M->409M(2465M) 4.225ms
[221.187s][info ][gc,cpu         ] GC(86) User=0.01s Sys=0.00s Real=0.00s
[221.187s][info ][safepoint      ] Safepoint "ParallelGCFailedAllocation", Time since last: 5760733116 ns, Reaching safepoint: 32401 ns, At safepoint: 4303770 ns, Total: 4336171 ns
[223.187s][info ][safepoint      ] Safepoint "Cleanup", Time since last: 2000144606 ns, Reaching safepoint: 56301 ns, At safepoint: 10300 ns, Total: 66601 ns
[228.188s][info ][safepoint      ] Safepoint "Cleanup", Time since last: 5000360320 ns, Reaching safepoint: 47601 ns, At safepoint: 3400 ns, Total: 51001 ns
[231.188s][info ][safepoint      ] Safepoint "Cleanup", Time since last: 3000247146 ns, Reaching safepoint: 46601 ns, At safepoint: 5900 ns, Total: 52501 ns
[243.189s][info ][safepoint      ] Safepoint "Cleanup", Time since last: 12000769445 ns, Reaching safepoint: 50501 ns, At safepoint: 8800 ns, Total: 59301 ns
[260.190s][info ][safepoint      ] Safepoint "Cleanup", Time since last: 17001074859 ns, Reaching safepoint: 44901 ns, At safepoint: 9300 ns, Total: 54201 ns
[261.190s][info ][safepoint      ] Safepoint "Cleanup", Time since last: 1000090933 ns, Reaching safepoint: 31700 ns, At safepoint: 3100 ns, Total: 34800 ns
[292.192s][info ][safepoint      ] Safepoint "Cleanup", Time since last: 31001875058 ns, Reaching safepoint: 57600 ns, At safepoint: 3201 ns, Total: 60801 ns
[300.193s][info ][safepoint      ] Safepoint "Cleanup", Time since last: 8000549382 ns, Reaching safepoint: 76901 ns, At safepoint: 3600 ns, Total: 80501 ns
[302.193s][info ][safepoint      ] Safepoint "Cleanup", Time since last: 2000187750 ns, Reaching safepoint: 44401 ns, At safepoint: 3200 ns, Total: 47601 ns
[309.194s][info ][safepoint      ] Safepoint "Cleanup", Time since last: 7000510796 ns, Reaching safepoint: 49101 ns, At safepoint: 9900 ns, Total: 59001 ns
[320.194s][info ][safepoint      ] Safepoint "Cleanup", Time since last: 11000692309 ns, Reaching safepoint: 47101 ns, At safepoint: 8700 ns, Total: 55801 ns
[329.195s][info ][safepoint      ] Safepoint "Cleanup", Time since last: 9000617435 ns, Reaching safepoint: 46701 ns, At safepoint: 2700 ns, Total: 49401 ns
[346.196s][info ][safepoint      ] Safepoint "Cleanup", Time since last: 17001046115 ns, Reaching safepoint: 41401 ns, At safepoint: 3300 ns, Total: 44701 ns
[390.199s][info ][safepoint      ] Safepoint "Cleanup", Time since last: 44002647699 ns, Reaching safepoint: 143802 ns, At safepoint: 8801 ns, Total: 152603 ns
[401.200s][info ][safepoint      ] Safepoint "Cleanup", Time since last: 11000729248 ns, Reaching safepoint: 114402 ns, At safepoint: 6500 ns, Total: 120902 ns
[422.201s][info ][safepoint      ] Safepoint "Cleanup", Time since last: 21001380106 ns, Reaching safepoint: 45900 ns, At safepoint: 4600 ns, Total: 50500 ns
[450.203s][info ][safepoint      ] Safepoint "Cleanup", Time since last: 28001792118 ns, Reaching safepoint: 47301 ns, At safepoint: 5600 ns, Total: 52901 ns
[469.204s][info ][safepoint      ] Safepoint "Cleanup", Time since last: 19001139836 ns, Reaching safepoint: 119503 ns, At safepoint: 7301 ns, Total: 126804 ns
[492.206s][info ][safepoint      ] Safepoint "Cleanup", Time since last: 23001543296 ns, Reaching safepoint: 63402 ns, At safepoint: 3100 ns, Total: 66502 ns
[516.208s][info ][safepoint      ] Safepoint "Cleanup", Time since last: 24001783360 ns, Reaching safepoint: 61402 ns, At safepoint: 14300 ns, Total: 75702 ns
[526.041s][info ][gc,heap,exit   ] Heap
[526.041s][info ][gc,heap,exit   ]  PSYoungGen      total 2040832K, used 943708K [0x0000000780000000, 0x0000000800000000, 0x0000000800000000)
[526.041s][info ][gc,heap,exit   ]   eden space 1981952K, 47% used [0x0000000780000000,0x00000007b93ff100,0x00000007f8f80000)
[526.041s][info ][gc,heap,exit   ]   from space 58880K, 9% used [0x00000007fc680000,0x00000007fcc181b0,0x0000000800000000)
[526.041s][info ][gc,heap,exit   ]   to   space 56320K, 0% used [0x00000007f8f80000,0x00000007f8f80000,0x00000007fc680000)
[526.041s][info ][gc,heap,exit   ]  ParOldGen       total 483840K, used 413744K [0x0000000740000000, 0x000000075d880000, 0x0000000780000000)
[526.041s][info ][gc,heap,exit   ]   object space 483840K, 85% used [0x0000000740000000,0x000000075940c120,0x000000075d880000)
[526.041s][info ][gc,heap,exit   ]  Metaspace       used 79376K, committed 80064K, reserved 1122304K
[526.041s][info ][gc,heap,exit   ]   class space    used 10831K, committed 11136K, reserved 1048576K
