[0.003s][info][gc] Using Parallel
[0.004s][info][gc,init] Version: 17.0.3+7-LTS (release)
[0.004s][info][gc,init] CPUs: 8 total, 8 available
[0.004s][info][gc,init] Memory: 32112M
[0.004s][info][gc,init] Large Page Support: Disabled
[0.004s][info][gc,init] NUMA Support: Disabled
[0.004s][info][gc,init] Compressed Oops: Enabled (Zero based)
[0.004s][info][gc,init] Alignments: Space 512K, Generation 512K, Heap 2M
[0.004s][info][gc,init] Heap Min Capacity: 2054M
[0.004s][info][gc,init] Heap Initial Capacity: 2054M
[0.004s][info][gc,init] Heap Max Capacity: 3G
[0.004s][info][gc,init] Pre-touch: Disabled
[0.004s][info][gc,init] Parallel Workers: 4
[0.004s][info][gc,metaspace] CDS archive(s) not mapped
[0.004s][info][gc,metaspace] Compressed class space mapped at: 0x0000000800000000-0x0000000840000000, reserved size: 1073741824
[0.004s][info][gc,metaspace] Narrow klass base: 0x0000000800000000, Narrow klass shift: 0, Narrow klass range: 0x40000000
[0.678s][info][safepoint   ] Safepoint "ICBufferFull", Time since last: 656422149 ns, Reaching safepoint: 145904 ns, At safepoint: 3000 ns, Total: 148904 ns
[0.941s][info][safepoint   ] Safepoint "ICBufferFull", Time since last: 262966289 ns, Reaching safepoint: 228106 ns, At safepoint: 2600 ns, Total: 230706 ns
[1.125s][info][gc,start    ] GC(0) Pause Young (Metadata GC Threshold)
[1.134s][debug][gc,phases   ] GC(0) Scavenge 7.770ms
[1.134s][debug][gc,ref      ] GC(0) Skipped phase 1 of Reference Processing: no references
[1.134s][debug][gc,ref      ] GC(0) ReferenceProcessor::execute queues: 1, RefProcThreadModel::Single, marks_oops_alive: false
[1.134s][debug][gc,ref      ] GC(0) Skipped phase 3 of Reference Processing: no references
[1.134s][debug][gc,ref      ] GC(0) ReferenceProcessor::execute queues: 1, RefProcThreadModel::Single, marks_oops_alive: false
[1.134s][debug][gc,phases   ] GC(0) Reference Processing 0.201ms
[1.134s][debug][gc,phases   ] GC(0)   VM Weak                        Min:  0.0, Avg:  0.0, Max:  0.0, Diff:  0.0, Sum:  0.0, Workers: 4
[1.134s][debug][gc,phases   ] GC(0)     Dead                           Min: 0, Avg:  0.0, Max: 0, Diff: 0, Sum: 0, Workers: 4
[1.134s][debug][gc,phases   ] GC(0)     Total                          Min: 0, Avg: 24.0, Max: 96, Diff: 96, Sum: 96, Workers: 4
[1.134s][debug][gc,phases   ] GC(0)   ObjectSynchronizer Weak        Min:  0.0, Avg:  0.0, Max:  0.0, Diff:  0.0, Sum:  0.0, Workers: 4
[1.134s][debug][gc,phases   ] GC(0)     Dead                           Min: 0, Avg:  0.2, Max: 1, Diff: 1, Sum: 1, Workers: 4
[1.134s][debug][gc,phases   ] GC(0)     Total                          Min: 0, Avg:  1.0, Max: 4, Diff: 4, Sum: 4, Workers: 4
[1.134s][debug][gc,phases   ] GC(0)   JVMTI Tag Weak OopStorage      Min:  0.0, Avg:  0.0, Max:  0.0, Diff:  0.0, Sum:  0.0, Workers: 4
[1.134s][debug][gc,phases   ] GC(0)     Dead                           Min: 0, Avg:  0.0, Max: 0, Diff: 0, Sum: 0, Workers: 4
[1.134s][debug][gc,phases   ] GC(0)     Total                          Min: 0, Avg:  0.0, Max: 0, Diff: 0, Sum: 0, Workers: 4
[1.134s][debug][gc,phases   ] GC(0)   StringTable Weak               Min:  0.1, Avg:  0.1, Max:  0.1, Diff:  0.0, Sum:  0.3, Workers: 4
[1.134s][debug][gc,phases   ] GC(0)     Dead                           Min: 0, Avg:  7.2, Max: 15, Diff: 15, Sum: 29, Workers: 4
[1.134s][debug][gc,phases   ] GC(0)     Total                          Min: 1920, Avg: 2867.5, Max: 3790, Diff: 1870, Sum: 11470, Workers: 4
[1.134s][debug][gc,phases   ] GC(0)   ResolvedMethodTable Weak       Min:  0.0, Avg:  0.0, Max:  0.0, Diff:  0.0, Sum:  0.0, Workers: 4
[1.134s][debug][gc,phases   ] GC(0)     Dead                           Min: 1, Avg:  6.8, Max: 15, Diff: 14, Sum: 27, Workers: 4
[1.134s][debug][gc,phases   ] GC(0)     Total                          Min: 64, Avg: 143.0, Max: 192, Diff: 128, Sum: 572, Workers: 4
[1.134s][debug][gc,phases   ] GC(0)   JNI Weak                       Min:  0.0, Avg:  0.0, Max:  0.0, Diff:  0.0, Sum:  0.0, Workers: 4
[1.134s][debug][gc,phases   ] GC(0)     Dead                           Min: 0, Avg:  0.0, Max: 0, Diff: 0, Sum: 0, Workers: 4
[1.134s][debug][gc,phases   ] GC(0)     Total                          Min: 0, Avg:  0.0, Max: 0, Diff: 0, Sum: 0, Workers: 4
[1.134s][debug][gc,phases   ] GC(0)   StringDedup Table Weak         Min:  0.0, Avg:  0.0, Max:  0.0, Diff:  0.0, Sum:  0.0, Workers: 4
[1.134s][debug][gc,phases   ] GC(0)     Dead                           Min: 0, Avg:  0.0, Max: 0, Diff: 0, Sum: 0, Workers: 4
[1.134s][debug][gc,phases   ] GC(0)     Total                          Min: 0, Avg:  0.0, Max: 0, Diff: 0, Sum: 0, Workers: 4
[1.134s][debug][gc,phases   ] GC(0)   StringDedup Requests0 Weak     Min:  0.0, Avg:  0.0, Max:  0.0, Diff:  0.0, Sum:  0.0, Workers: 4
[1.134s][debug][gc,phases   ] GC(0)     Dead                           Min: 0, Avg:  0.0, Max: 0, Diff: 0, Sum: 0, Workers: 4
[1.134s][debug][gc,phases   ] GC(0)     Total                          Min: 0, Avg:  0.0, Max: 0, Diff: 0, Sum: 0, Workers: 4
[1.134s][debug][gc,phases   ] GC(0)   StringDedup Requests1 Weak     Min:  0.0, Avg:  0.0, Max:  0.0, Diff:  0.0, Sum:  0.0, Workers: 4
[1.134s][debug][gc,phases   ] GC(0)     Dead                           Min: 0, Avg:  0.0, Max: 0, Diff: 0, Sum: 0, Workers: 4
[1.134s][debug][gc,phases   ] GC(0)     Total                          Min: 0, Avg:  0.0, Max: 0, Diff: 0, Sum: 0, Workers: 4
[1.134s][debug][gc,phases   ] GC(0)   Weak JFR Old Object Samples    Min:  0.0, Avg:  0.0, Max:  0.0, Diff:  0.0, Sum:  0.0, Workers: 4
[1.134s][debug][gc,phases   ] GC(0)     Dead                           Min: 0, Avg:  0.0, Max: 0, Diff: 0, Sum: 0, Workers: 4
[1.134s][debug][gc,phases   ] GC(0)     Total                          Min: 0, Avg:  0.0, Max: 0, Diff: 0, Sum: 0, Workers: 4
[1.134s][debug][gc,phases   ] GC(0) Weak Processing 0.284ms
[1.134s][debug][gc,age      ] GC(0) Desired survivor size 536870912 bytes, new threshold 7 (max threshold 15)
[1.134s][info ][gc,heap     ] GC(0) PSYoungGen: 232586K(1572864K)->16868K(1572864K) Eden: 232586K(1048576K)->0K(1048576K) From: 0K(524288K)->16868K(524288K)
[1.134s][info ][gc,heap     ] GC(0) ParOldGen: 0K(6144K)->88K(6144K)
[1.134s][info ][gc,metaspace] GC(0) Metaspace: 21349K(21504K)->21349K(21504K) NonClass: 18884K(18944K)->18884K(18944K) Class: 2464K(2560K)->2464K(2560K)
[1.134s][info ][gc          ] GC(0) Pause Young (Metadata GC Threshold) 227M->16M(1542M) 8.621ms
[1.134s][info ][gc,cpu      ] GC(0) User=0.03s Sys=0.00s Real=0.01s
[1.134s][debug][gc,phases   ] GC(1) Pre Compact 0.013ms
[1.134s][info ][gc,start    ] GC(1) Pause Full (Metadata GC Threshold)
[1.134s][info ][gc,phases,start] GC(1) Marking Phase
[1.139s][debug][gc,phases      ] GC(1) Par Mark 4.797ms
[1.139s][debug][gc,ref         ] GC(1) Skipped phase 1 of Reference Processing: no references
[1.139s][debug][gc,ref         ] GC(1) ReferenceProcessor::execute queues: 1, RefProcThreadModel::Single, marks_oops_alive: false
[1.139s][debug][gc,ref         ] GC(1) Skipped phase 3 of Reference Processing: no references
[1.139s][debug][gc,ref         ] GC(1) ReferenceProcessor::execute queues: 1, RefProcThreadModel::Single, marks_oops_alive: false
[1.139s][debug][gc,phases      ] GC(1) Reference Processing 0.068ms
[1.139s][debug][gc,phases      ] GC(1)   VM Weak                        Min:  0.0, Avg:  0.0, Max:  0.0, Diff:  0.0, Sum:  0.0, Workers: 4
[1.139s][debug][gc,phases      ] GC(1)     Dead                           Min: 0, Avg:  0.0, Max: 0, Diff: 0, Sum: 0, Workers: 4
[1.139s][debug][gc,phases      ] GC(1)     Total                          Min: 0, Avg: 24.0, Max: 64, Diff: 64, Sum: 96, Workers: 4
[1.139s][debug][gc,phases      ] GC(1)   ObjectSynchronizer Weak        Min:  0.0, Avg:  0.0, Max:  0.0, Diff:  0.0, Sum:  0.0, Workers: 4
[1.139s][debug][gc,phases      ] GC(1)     Dead                           Min: 0, Avg:  0.0, Max: 0, Diff: 0, Sum: 0, Workers: 4
[1.139s][debug][gc,phases      ] GC(1)     Total                          Min: 0, Avg:  1.0, Max: 4, Diff: 4, Sum: 4, Workers: 4
[1.139s][debug][gc,phases      ] GC(1)   JVMTI Tag Weak OopStorage      Min:  0.0, Avg:  0.0, Max:  0.0, Diff:  0.0, Sum:  0.0, Workers: 4
[1.139s][debug][gc,phases      ] GC(1)     Dead                           Min: 0, Avg:  0.0, Max: 0, Diff: 0, Sum: 0, Workers: 4
[1.139s][debug][gc,phases      ] GC(1)     Total                          Min: 0, Avg:  0.0, Max: 0, Diff: 0, Sum: 0, Workers: 4
[1.139s][debug][gc,phases      ] GC(1)   StringTable Weak               Min:  0.0, Avg:  0.0, Max:  0.0, Diff:  0.0, Sum:  0.1, Workers: 4
[1.139s][debug][gc,phases      ] GC(1)     Dead                           Min: 0, Avg:  0.0, Max: 0, Diff: 0, Sum: 0, Workers: 4
[1.139s][debug][gc,phases      ] GC(1)     Total                          Min: 2446, Avg: 2867.5, Max: 3200, Diff: 754, Sum: 11470, Workers: 4
[1.139s][debug][gc,phases      ] GC(1)   ResolvedMethodTable Weak       Min:  0.0, Avg:  0.0, Max:  0.0, Diff:  0.0, Sum:  0.0, Workers: 4
[1.139s][debug][gc,phases      ] GC(1)     Dead                           Min: 0, Avg:  0.0, Max: 0, Diff: 0, Sum: 0, Workers: 4
[1.139s][debug][gc,phases      ] GC(1)     Total                          Min: 64, Avg: 143.0, Max: 192, Diff: 128, Sum: 572, Workers: 4
[1.139s][debug][gc,phases      ] GC(1)   JNI Weak                       Min:  0.0, Avg:  0.0, Max:  0.0, Diff:  0.0, Sum:  0.0, Workers: 4
[1.139s][debug][gc,phases      ] GC(1)     Dead                           Min: 0, Avg:  0.0, Max: 0, Diff: 0, Sum: 0, Workers: 4
[1.139s][debug][gc,phases      ] GC(1)     Total                          Min: 0, Avg:  0.0, Max: 0, Diff: 0, Sum: 0, Workers: 4
[1.139s][debug][gc,phases      ] GC(1)   StringDedup Table Weak         Min:  0.0, Avg:  0.0, Max:  0.0, Diff:  0.0, Sum:  0.0, Workers: 4
[1.139s][debug][gc,phases      ] GC(1)     Dead                           Min: 0, Avg:  0.0, Max: 0, Diff: 0, Sum: 0, Workers: 4
[1.139s][debug][gc,phases      ] GC(1)     Total                          Min: 0, Avg:  0.0, Max: 0, Diff: 0, Sum: 0, Workers: 4
[1.139s][debug][gc,phases      ] GC(1)   StringDedup Requests0 Weak     Min:  0.0, Avg:  0.0, Max:  0.0, Diff:  0.0, Sum:  0.0, Workers: 4
[1.139s][debug][gc,phases      ] GC(1)     Dead                           Min: 0, Avg:  0.0, Max: 0, Diff: 0, Sum: 0, Workers: 4
[1.139s][debug][gc,phases      ] GC(1)     Total                          Min: 0, Avg:  0.0, Max: 0, Diff: 0, Sum: 0, Workers: 4
[1.139s][debug][gc,phases      ] GC(1)   StringDedup Requests1 Weak     Min:  0.0, Avg:  0.0, Max:  0.0, Diff:  0.0, Sum:  0.0, Workers: 4
[1.139s][debug][gc,phases      ] GC(1)     Dead                           Min: 0, Avg:  0.0, Max: 0, Diff: 0, Sum: 0, Workers: 4
[1.139s][debug][gc,phases      ] GC(1)     Total                          Min: 0, Avg:  0.0, Max: 0, Diff: 0, Sum: 0, Workers: 4
[1.139s][debug][gc,phases      ] GC(1)   Weak JFR Old Object Samples    Min:  0.0, Avg:  0.0, Max:  0.0, Diff:  0.0, Sum:  0.0, Workers: 4
[1.139s][debug][gc,phases      ] GC(1)     Dead                           Min: 0, Avg:  0.0, Max: 0, Diff: 0, Sum: 0, Workers: 4
[1.139s][debug][gc,phases      ] GC(1)     Total                          Min: 0, Avg:  0.0, Max: 0, Diff: 0, Sum: 0, Workers: 4
[1.139s][debug][gc,phases      ] GC(1) Weak Processing 0.219ms
[1.139s][debug][gc,phases      ] GC(1) ClassLoaderData 0.013ms
[1.139s][debug][gc,phases      ] GC(1) Trigger cleanups 0.000ms
[1.141s][debug][gc,phases      ] GC(1) Class Unloading 2.051ms
[1.141s][info ][gc,phases      ] GC(1) Marking Phase 7.215ms
[1.141s][info ][gc,phases,start] GC(1) Summary Phase
[1.141s][info ][gc,phases      ] GC(1) Summary Phase 0.007ms
[1.141s][info ][gc,phases,start] GC(1) Adjust Roots
[1.144s][info ][gc,phases      ] GC(1) Adjust Roots 2.997ms
[1.144s][info ][gc,phases,start] GC(1) Compaction Phase
[1.154s][info ][gc,phases      ] GC(1) Compaction Phase 9.749ms
[1.154s][info ][gc,phases,start] GC(1) Post Compact
[1.155s][info ][gc,phases      ] GC(1) Post Compact 0.469ms
[1.155s][info ][gc,heap        ] GC(1) PSYoungGen: 16868K(1572864K)->11128K(1572864K) Eden: 0K(1048576K)->0K(1048576K) From: 16868K(524288K)->11128K(524288K)
[1.155s][info ][gc,heap        ] GC(1) ParOldGen: 88K(6144K)->5663K(6144K)
[1.155s][info ][gc,metaspace   ] GC(1) Metaspace: 21349K(21504K)->21349K(21504K) NonClass: 18884K(18944K)->18884K(18944K) Class: 2464K(2560K)->2464K(2560K)
[1.155s][info ][gc             ] GC(1) Pause Full (Metadata GC Threshold) 16M->16M(1542M) 20.579ms
[1.155s][info ][gc,cpu         ] GC(1) User=0.06s Sys=0.00s Real=0.02s
[1.155s][info ][safepoint      ] Safepoint "CollectForMetadataAllocation", Time since last: 184458863 ns, Reaching safepoint: 152303 ns, At safepoint: 29323458 ns, Total: 29475761 ns
[1.546s][info ][safepoint      ] Safepoint "ICBufferFull", Time since last: 390912592 ns, Reaching safepoint: 133704 ns, At safepoint: 6500 ns, Total: 140204 ns
[1.559s][info ][safepoint      ] Safepoint "ICBufferFull", Time since last: 13383345 ns, Reaching safepoint: 32601 ns, At safepoint: 2600 ns, Total: 35201 ns
[1.571s][info ][safepoint      ] Safepoint "ICBufferFull", Time since last: 11883707 ns, Reaching safepoint: 47201 ns, At safepoint: 2200 ns, Total: 49401 ns
[1.584s][info ][safepoint      ] Safepoint "ICBufferFull", Time since last: 12482823 ns, Reaching safepoint: 51701 ns, At safepoint: 4700 ns, Total: 56401 ns
[1.588s][info ][safepoint      ] Safepoint "ICBufferFull", Time since last: 4561518 ns, Reaching safepoint: 53501 ns, At safepoint: 5500 ns, Total: 59001 ns
[1.592s][info ][safepoint      ] Safepoint "ICBufferFull", Time since last: 3862700 ns, Reaching safepoint: 39001 ns, At safepoint: 2300 ns, Total: 41301 ns
[1.596s][info ][safepoint      ] Safepoint "ICBufferFull", Time since last: 4080505 ns, Reaching safepoint: 69102 ns, At safepoint: 6900 ns, Total: 76002 ns
[1.600s][info ][safepoint      ] Safepoint "ICBufferFull", Time since last: 3503991 ns, Reaching safepoint: 46601 ns, At safepoint: 1900 ns, Total: 48501 ns
[1.604s][info ][safepoint      ] Safepoint "ICBufferFull", Time since last: 4147507 ns, Reaching safepoint: 41301 ns, At safepoint: 8100 ns, Total: 49401 ns
[1.611s][info ][safepoint      ] Safepoint "ICBufferFull", Time since last: 6522769 ns, Reaching safepoint: 44801 ns, At safepoint: 4900 ns, Total: 49701 ns
[1.612s][info ][safepoint      ] Safepoint "ICBufferFull", Time since last: 1591041 ns, Reaching safepoint: 117403 ns, At safepoint: 6300 ns, Total: 123703 ns
[1.613s][info ][safepoint      ] Safepoint "ICBufferFull", Time since last: 493313 ns, Reaching safepoint: 21401 ns, At safepoint: 2200 ns, Total: 23601 ns
[1.640s][info ][safepoint      ] Safepoint "ICBufferFull", Time since last: 27335805 ns, Reaching safepoint: 76902 ns, At safepoint: 10601 ns, Total: 87503 ns
[1.690s][info ][safepoint      ] Safepoint "ICBufferFull", Time since last: 49951989 ns, Reaching safepoint: 75402 ns, At safepoint: 3100 ns, Total: 78502 ns
[1.692s][info ][safepoint      ] Safepoint "ICBufferFull", Time since last: 1797847 ns, Reaching safepoint: 39001 ns, At safepoint: 2800 ns, Total: 41801 ns
[1.693s][info ][safepoint      ] Safepoint "ICBufferFull", Time since last: 1015626 ns, Reaching safepoint: 20401 ns, At safepoint: 2500 ns, Total: 22901 ns
[1.695s][info ][safepoint      ] Safepoint "ICBufferFull", Time since last: 1487038 ns, Reaching safepoint: 33501 ns, At safepoint: 8300 ns, Total: 41801 ns
[1.696s][info ][safepoint      ] Safepoint "ICBufferFull", Time since last: 1132229 ns, Reaching safepoint: 31601 ns, At safepoint: 1900 ns, Total: 33501 ns
[1.697s][info ][safepoint      ] Safepoint "ICBufferFull", Time since last: 1448938 ns, Reaching safepoint: 19400 ns, At safepoint: 6400 ns, Total: 25800 ns
[1.699s][info ][safepoint      ] Safepoint "ICBufferFull", Time since last: 1062828 ns, Reaching safepoint: 19000 ns, At safepoint: 8500 ns, Total: 27500 ns
[1.700s][info ][safepoint      ] Safepoint "ICBufferFull", Time since last: 1558241 ns, Reaching safepoint: 20500 ns, At safepoint: 5400 ns, Total: 25900 ns
[1.701s][info ][safepoint      ] Safepoint "ICBufferFull", Time since last: 1259933 ns, Reaching safepoint: 16200 ns, At safepoint: 4700 ns, Total: 20900 ns
[1.703s][info ][safepoint      ] Safepoint "ICBufferFull", Time since last: 1503439 ns, Reaching safepoint: 20801 ns, At safepoint: 8900 ns, Total: 29701 ns
[1.704s][info ][safepoint      ] Safepoint "ICBufferFull", Time since last: 1104028 ns, Reaching safepoint: 17001 ns, At safepoint: 1700 ns, Total: 18701 ns
[1.706s][info ][safepoint      ] Safepoint "ICBufferFull", Time since last: 1523439 ns, Reaching safepoint: 21401 ns, At safepoint: 5800 ns, Total: 27201 ns
[1.707s][info ][safepoint      ] Safepoint "ICBufferFull", Time since last: 1781346 ns, Reaching safepoint: 32801 ns, At safepoint: 2200 ns, Total: 35001 ns
[1.708s][info ][safepoint      ] Safepoint "ICBufferFull", Time since last: 651817 ns, Reaching safepoint: 29900 ns, At safepoint: 1601 ns, Total: 31501 ns
[1.712s][info ][safepoint      ] Safepoint "ICBufferFull", Time since last: 3664394 ns, Reaching safepoint: 59502 ns, At safepoint: 2500 ns, Total: 62002 ns
[1.721s][info ][safepoint      ] Safepoint "ICBufferFull", Time since last: 9100235 ns, Reaching safepoint: 41901 ns, At safepoint: 2700 ns, Total: 44601 ns
[1.731s][info ][safepoint      ] Safepoint "ICBufferFull", Time since last: 9692250 ns, Reaching safepoint: 40501 ns, At safepoint: 3600 ns, Total: 44101 ns
[1.749s][info ][safepoint      ] Safepoint "ICBufferFull", Time since last: 18382175 ns, Reaching safepoint: 115203 ns, At safepoint: 11400 ns, Total: 126603 ns
[1.793s][info ][safepoint      ] Safepoint "ICBufferFull", Time since last: 43826931 ns, Reaching safepoint: 80402 ns, At safepoint: 5301 ns, Total: 85703 ns
[1.794s][info ][safepoint      ] Safepoint "ICBufferFull", Time since last: 686117 ns, Reaching safepoint: 96303 ns, At safepoint: 9400 ns, Total: 105703 ns
[1.798s][info ][safepoint      ] Safepoint "ICBufferFull", Time since last: 3797698 ns, Reaching safepoint: 35901 ns, At safepoint: 2900 ns, Total: 38801 ns
[1.801s][info ][safepoint      ] Safepoint "ICBufferFull", Time since last: 2983177 ns, Reaching safepoint: 39001 ns, At safepoint: 5000 ns, Total: 44001 ns
[1.856s][info ][safepoint      ] Safepoint "ICBufferFull", Time since last: 55404431 ns, Reaching safepoint: 60901 ns, At safepoint: 2900 ns, Total: 63801 ns
[1.860s][info ][safepoint      ] Safepoint "ICBufferFull", Time since last: 3311986 ns, Reaching safepoint: 35901 ns, At safepoint: 2900 ns, Total: 38801 ns
[1.861s][info ][safepoint      ] Safepoint "ICBufferFull", Time since last: 1364735 ns, Reaching safepoint: 31001 ns, At safepoint: 1900 ns, Total: 32901 ns
[1.863s][info ][safepoint      ] Safepoint "ICBufferFull", Time since last: 1971551 ns, Reaching safepoint: 70902 ns, At safepoint: 6300 ns, Total: 77202 ns
[1.865s][info ][safepoint      ] Safepoint "ICBufferFull", Time since last: 2210557 ns, Reaching safepoint: 32601 ns, At safepoint: 1900 ns, Total: 34501 ns
[1.867s][info ][safepoint      ] Safepoint "ICBufferFull", Time since last: 1985751 ns, Reaching safepoint: 26701 ns, At safepoint: 3000 ns, Total: 29701 ns
[1.868s][info ][safepoint      ] Safepoint "ICBufferFull", Time since last: 848422 ns, Reaching safepoint: 23600 ns, At safepoint: 1600 ns, Total: 25200 ns
[1.869s][info ][safepoint      ] Safepoint "ICBufferFull", Time since last: 472112 ns, Reaching safepoint: 22601 ns, At safepoint: 1600 ns, Total: 24201 ns
[1.870s][info ][safepoint      ] Safepoint "ICBufferFull", Time since last: 940124 ns, Reaching safepoint: 21901 ns, At safepoint: 1700 ns, Total: 23601 ns
[1.872s][info ][safepoint      ] Safepoint "ICBufferFull", Time since last: 2248458 ns, Reaching safepoint: 31901 ns, At safepoint: 1800 ns, Total: 33701 ns
[1.873s][info ][safepoint      ] Safepoint "ICBufferFull", Time since last: 829821 ns, Reaching safepoint: 15401 ns, At safepoint: 2200 ns, Total: 17601 ns
[1.874s][info ][safepoint      ] Safepoint "ICBufferFull", Time since last: 842321 ns, Reaching safepoint: 28401 ns, At safepoint: 2400 ns, Total: 30801 ns
[1.875s][info ][safepoint      ] Safepoint "ICBufferFull", Time since last: 970825 ns, Reaching safepoint: 28601 ns, At safepoint: 1800 ns, Total: 30401 ns
[1.877s][info ][safepoint      ] Safepoint "ICBufferFull", Time since last: 1997252 ns, Reaching safepoint: 20000 ns, At safepoint: 2300 ns, Total: 22300 ns
[1.878s][info ][safepoint      ] Safepoint "ICBufferFull", Time since last: 1674143 ns, Reaching safepoint: 28301 ns, At safepoint: 4900 ns, Total: 33201 ns
[1.879s][info ][safepoint      ] Safepoint "ICBufferFull", Time since last: 866423 ns, Reaching safepoint: 35101 ns, At safepoint: 1700 ns, Total: 36801 ns
[1.880s][info ][safepoint      ] Safepoint "ICBufferFull", Time since last: 1157630 ns, Reaching safepoint: 16300 ns, At safepoint: 2000 ns, Total: 18300 ns
[1.883s][info ][safepoint      ] Safepoint "ICBufferFull", Time since last: 2335160 ns, Reaching safepoint: 19601 ns, At safepoint: 1900 ns, Total: 21501 ns
[1.885s][info ][safepoint      ] Safepoint "ICBufferFull", Time since last: 2183656 ns, Reaching safepoint: 19901 ns, At safepoint: 2200 ns, Total: 22101 ns
[1.889s][info ][safepoint      ] Safepoint "ICBufferFull", Time since last: 4393413 ns, Reaching safepoint: 64802 ns, At safepoint: 2900 ns, Total: 67702 ns
[1.894s][info ][safepoint      ] Safepoint "ICBufferFull", Time since last: 4791224 ns, Reaching safepoint: 57501 ns, At safepoint: 3800 ns, Total: 61301 ns
[1.895s][info ][safepoint      ] Safepoint "ICBufferFull", Time since last: 1131329 ns, Reaching safepoint: 29901 ns, At safepoint: 2600 ns, Total: 32501 ns
[1.898s][info ][safepoint      ] Safepoint "ICBufferFull", Time since last: 2773672 ns, Reaching safepoint: 46001 ns, At safepoint: 2800 ns, Total: 48801 ns
[1.900s][info ][safepoint      ] Safepoint "ICBufferFull", Time since last: 2132955 ns, Reaching safepoint: 24901 ns, At safepoint: 2900 ns, Total: 27801 ns
[1.902s][info ][safepoint      ] Safepoint "ICBufferFull", Time since last: 1874748 ns, Reaching safepoint: 33001 ns, At safepoint: 1900 ns, Total: 34901 ns
[1.904s][info ][safepoint      ] Safepoint "ICBufferFull", Time since last: 1857848 ns, Reaching safepoint: 33601 ns, At safepoint: 2300 ns, Total: 35901 ns
[1.906s][info ][safepoint      ] Safepoint "ICBufferFull", Time since last: 1785146 ns, Reaching safepoint: 27101 ns, At safepoint: 1600 ns, Total: 28701 ns
[1.908s][info ][safepoint      ] Safepoint "ICBufferFull", Time since last: 2045953 ns, Reaching safepoint: 33501 ns, At safepoint: 4300 ns, Total: 37801 ns
[1.911s][info ][safepoint      ] Safepoint "ICBufferFull", Time since last: 2825773 ns, Reaching safepoint: 29200 ns, At safepoint: 1800 ns, Total: 31000 ns
[1.913s][info ][safepoint      ] Safepoint "ICBufferFull", Time since last: 1784547 ns, Reaching safepoint: 32000 ns, At safepoint: 1800 ns, Total: 33800 ns
[1.915s][info ][safepoint      ] Safepoint "ICBufferFull", Time since last: 1926450 ns, Reaching safepoint: 28601 ns, At safepoint: 1600 ns, Total: 30201 ns
[1.917s][info ][safepoint      ] Safepoint "ICBufferFull", Time since last: 1860748 ns, Reaching safepoint: 20200 ns, At safepoint: 2101 ns, Total: 22301 ns
[1.919s][info ][safepoint      ] Safepoint "ICBufferFull", Time since last: 1865848 ns, Reaching safepoint: 114503 ns, At safepoint: 6600 ns, Total: 121103 ns
[1.921s][info ][safepoint      ] Safepoint "ICBufferFull", Time since last: 1860448 ns, Reaching safepoint: 27101 ns, At safepoint: 1900 ns, Total: 29001 ns
[1.922s][info ][safepoint      ] Safepoint "ICBufferFull", Time since last: 1705044 ns, Reaching safepoint: 26800 ns, At safepoint: 1400 ns, Total: 28200 ns
[1.925s][info ][safepoint      ] Safepoint "ICBufferFull", Time since last: 2238358 ns, Reaching safepoint: 34501 ns, At safepoint: 2200 ns, Total: 36701 ns
[1.934s][info ][safepoint      ] Safepoint "ICBufferFull", Time since last: 9500545 ns, Reaching safepoint: 47202 ns, At safepoint: 3500 ns, Total: 50702 ns
[1.935s][info ][safepoint      ] Safepoint "ICBufferFull", Time since last: 1015526 ns, Reaching safepoint: 25401 ns, At safepoint: 1400 ns, Total: 26801 ns
[1.937s][info ][safepoint      ] Safepoint "ICBufferFull", Time since last: 1675143 ns, Reaching safepoint: 32601 ns, At safepoint: 5800 ns, Total: 38401 ns
[1.937s][info ][safepoint      ] Safepoint "ICBufferFull", Time since last: 480512 ns, Reaching safepoint: 18401 ns, At safepoint: 5700 ns, Total: 24101 ns
[1.939s][info ][safepoint      ] Safepoint "ICBufferFull", Time since last: 2044653 ns, Reaching safepoint: 38101 ns, At safepoint: 4100 ns, Total: 42201 ns
[1.943s][info ][safepoint      ] Safepoint "ICBufferFull", Time since last: 3268984 ns, Reaching safepoint: 37901 ns, At safepoint: 2400 ns, Total: 40301 ns
[1.945s][info ][safepoint      ] Safepoint "ICBufferFull", Time since last: 2357561 ns, Reaching safepoint: 27201 ns, At safepoint: 2500 ns, Total: 29701 ns
[1.954s][info ][safepoint      ] Safepoint "ICBufferFull", Time since last: 8324415 ns, Reaching safepoint: 53101 ns, At safepoint: 3000 ns, Total: 56101 ns
[1.956s][info ][safepoint      ] Safepoint "ICBufferFull", Time since last: 2049853 ns, Reaching safepoint: 20501 ns, At safepoint: 3300 ns, Total: 23801 ns
[1.956s][info ][safepoint      ] Safepoint "ICBufferFull", Time since last: 700018 ns, Reaching safepoint: 18900 ns, At safepoint: 2700 ns, Total: 21600 ns
[1.959s][info ][safepoint      ] Safepoint "ICBufferFull", Time since last: 2252358 ns, Reaching safepoint: 19901 ns, At safepoint: 2900 ns, Total: 22801 ns
[1.960s][info ][safepoint      ] Safepoint "ICBufferFull", Time since last: 1128629 ns, Reaching safepoint: 19101 ns, At safepoint: 2700 ns, Total: 21801 ns
[1.960s][info ][safepoint      ] Safepoint "ICBufferFull", Time since last: 500113 ns, Reaching safepoint: 17300 ns, At safepoint: 2500 ns, Total: 19800 ns
[1.963s][info ][safepoint      ] Safepoint "ICBufferFull", Time since last: 2862174 ns, Reaching safepoint: 32401 ns, At safepoint: 2300 ns, Total: 34701 ns
[1.965s][info ][safepoint      ] Safepoint "ICBufferFull", Time since last: 1591041 ns, Reaching safepoint: 23601 ns, At safepoint: 7700 ns, Total: 31301 ns
[1.966s][info ][safepoint      ] Safepoint "ICBufferFull", Time since last: 1566140 ns, Reaching safepoint: 17601 ns, At safepoint: 7800 ns, Total: 25401 ns
[1.967s][info ][safepoint      ] Safepoint "ICBufferFull", Time since last: 483612 ns, Reaching safepoint: 16201 ns, At safepoint: 2300 ns, Total: 18501 ns
[1.970s][info ][safepoint      ] Safepoint "ICBufferFull", Time since last: 3477690 ns, Reaching safepoint: 22000 ns, At safepoint: 3400 ns, Total: 25400 ns
[1.971s][info ][safepoint      ] Safepoint "ICBufferFull", Time since last: 499613 ns, Reaching safepoint: 16401 ns, At safepoint: 6600 ns, Total: 23001 ns
[1.986s][info ][safepoint      ] Safepoint "ICBufferFull", Time since last: 15220293 ns, Reaching safepoint: 46701 ns, At safepoint: 5200 ns, Total: 51901 ns
[2.003s][info ][safepoint      ] Safepoint "ICBufferFull", Time since last: 16551927 ns, Reaching safepoint: 39901 ns, At safepoint: 5101 ns, Total: 45002 ns
[2.004s][info ][safepoint      ] Safepoint "ICBufferFull", Time since last: 812321 ns, Reaching safepoint: 19500 ns, At safepoint: 2400 ns, Total: 21900 ns
[2.005s][info ][safepoint      ] Safepoint "ICBufferFull", Time since last: 1261133 ns, Reaching safepoint: 18000 ns, At safepoint: 2100 ns, Total: 20100 ns
[2.006s][info ][safepoint      ] Safepoint "ICBufferFull", Time since last: 759320 ns, Reaching safepoint: 18000 ns, At safepoint: 1800 ns, Total: 19800 ns
[2.006s][info ][safepoint      ] Safepoint "ICBufferFull", Time since last: 737519 ns, Reaching safepoint: 26001 ns, At safepoint: 1800 ns, Total: 27801 ns
[2.009s][info ][safepoint      ] Safepoint "ICBufferFull", Time since last: 2582967 ns, Reaching safepoint: 27800 ns, At safepoint: 3000 ns, Total: 30800 ns
[2.010s][info ][safepoint      ] Safepoint "ICBufferFull", Time since last: 1069828 ns, Reaching safepoint: 17701 ns, At safepoint: 2400 ns, Total: 20101 ns
[2.011s][info ][safepoint      ] Safepoint "ICBufferFull", Time since last: 881322 ns, Reaching safepoint: 17001 ns, At safepoint: 2300 ns, Total: 19301 ns
[2.012s][info ][safepoint      ] Safepoint "ICBufferFull", Time since last: 1031627 ns, Reaching safepoint: 19300 ns, At safepoint: 3400 ns, Total: 22700 ns
[2.015s][info ][safepoint      ] Safepoint "ICBufferFull", Time since last: 2586567 ns, Reaching safepoint: 19300 ns, At safepoint: 2700 ns, Total: 22000 ns
[2.016s][info ][safepoint      ] Safepoint "ICBufferFull", Time since last: 1433837 ns, Reaching safepoint: 18301 ns, At safepoint: 2500 ns, Total: 20801 ns
[2.017s][info ][safepoint      ] Safepoint "ICBufferFull", Time since last: 1207331 ns, Reaching safepoint: 17401 ns, At safepoint: 2500 ns, Total: 19901 ns
[2.021s][info ][safepoint      ] Safepoint "ICBufferFull", Time since last: 3813798 ns, Reaching safepoint: 19501 ns, At safepoint: 6800 ns, Total: 26301 ns
[2.022s][info ][safepoint      ] Safepoint "ICBufferFull", Time since last: 774320 ns, Reaching safepoint: 17100 ns, At safepoint: 2300 ns, Total: 19400 ns
[2.024s][info ][safepoint      ] Safepoint "ICBufferFull", Time since last: 1715345 ns, Reaching safepoint: 17000 ns, At safepoint: 2400 ns, Total: 19400 ns
[2.024s][info ][safepoint      ] Safepoint "ICBufferFull", Time since last: 497413 ns, Reaching safepoint: 15400 ns, At safepoint: 6100 ns, Total: 21500 ns
[2.026s][info ][safepoint      ] Safepoint "ICBufferFull", Time since last: 1461338 ns, Reaching safepoint: 18101 ns, At safepoint: 2400 ns, Total: 20501 ns
[2.027s][info ][safepoint      ] Safepoint "ICBufferFull", Time since last: 1316834 ns, Reaching safepoint: 26900 ns, At safepoint: 2000 ns, Total: 28900 ns
[2.028s][info ][safepoint      ] Safepoint "ICBufferFull", Time since last: 1292834 ns, Reaching safepoint: 17900 ns, At safepoint: 2500 ns, Total: 20400 ns
[2.030s][info ][safepoint      ] Safepoint "ICBufferFull", Time since last: 1262733 ns, Reaching safepoint: 18100 ns, At safepoint: 2401 ns, Total: 20501 ns
[2.031s][info ][safepoint      ] Safepoint "ICBufferFull", Time since last: 1471137 ns, Reaching safepoint: 88103 ns, At safepoint: 6200 ns, Total: 94303 ns
[2.033s][info ][safepoint      ] Safepoint "ICBufferFull", Time since last: 1281333 ns, Reaching safepoint: 17600 ns, At safepoint: 2501 ns, Total: 20101 ns
[2.034s][info ][safepoint      ] Safepoint "ICBufferFull", Time since last: 1262632 ns, Reaching safepoint: 19901 ns, At safepoint: 6700 ns, Total: 26601 ns
[2.035s][info ][safepoint      ] Safepoint "ICBufferFull", Time since last: 1265232 ns, Reaching safepoint: 99603 ns, At safepoint: 4600 ns, Total: 104203 ns
[2.037s][info ][safepoint      ] Safepoint "ICBufferFull", Time since last: 1336335 ns, Reaching safepoint: 19200 ns, At safepoint: 2500 ns, Total: 21700 ns
[2.038s][info ][safepoint      ] Safepoint "ICBufferFull", Time since last: 1285933 ns, Reaching safepoint: 21301 ns, At safepoint: 2800 ns, Total: 24101 ns
[2.039s][info ][safepoint      ] Safepoint "ICBufferFull", Time since last: 1424837 ns, Reaching safepoint: 22200 ns, At safepoint: 2500 ns, Total: 24700 ns
[2.041s][info ][safepoint      ] Safepoint "ICBufferFull", Time since last: 1280334 ns, Reaching safepoint: 19500 ns, At safepoint: 2500 ns, Total: 22000 ns
[2.042s][info ][safepoint      ] Safepoint "ICBufferFull", Time since last: 1246232 ns, Reaching safepoint: 17901 ns, At safepoint: 2300 ns, Total: 20201 ns
[2.044s][info ][safepoint      ] Safepoint "ICBufferFull", Time since last: 2105554 ns, Reaching safepoint: 19001 ns, At safepoint: 2100 ns, Total: 21101 ns
[2.046s][info ][safepoint      ] Safepoint "ICBufferFull", Time since last: 1446337 ns, Reaching safepoint: 19101 ns, At safepoint: 1800 ns, Total: 20901 ns
[2.047s][info ][safepoint      ] Safepoint "ICBufferFull", Time since last: 1226131 ns, Reaching safepoint: 33101 ns, At safepoint: 5900 ns, Total: 39001 ns
[2.047s][info ][safepoint      ] Safepoint "ICBufferFull", Time since last: 498913 ns, Reaching safepoint: 17801 ns, At safepoint: 1500 ns, Total: 19301 ns
[2.049s][info ][safepoint      ] Safepoint "ICBufferFull", Time since last: 1550640 ns, Reaching safepoint: 18300 ns, At safepoint: 2500 ns, Total: 20800 ns
[2.052s][info ][safepoint      ] Safepoint "ICBufferFull", Time since last: 2683669 ns, Reaching safepoint: 23501 ns, At safepoint: 2600 ns, Total: 26101 ns
[2.053s][info ][safepoint      ] Safepoint "ICBufferFull", Time since last: 1326734 ns, Reaching safepoint: 18601 ns, At safepoint: 2700 ns, Total: 21301 ns
[2.054s][info ][safepoint      ] Safepoint "ICBufferFull", Time since last: 1328034 ns, Reaching safepoint: 18101 ns, At safepoint: 2700 ns, Total: 20801 ns
[2.056s][info ][safepoint      ] Safepoint "ICBufferFull", Time since last: 1590341 ns, Reaching safepoint: 17200 ns, At safepoint: 2700 ns, Total: 19900 ns
[2.056s][info ][safepoint      ] Safepoint "ICBufferFull", Time since last: 484313 ns, Reaching safepoint: 16400 ns, At safepoint: 2200 ns, Total: 18600 ns
[2.058s][info ][safepoint      ] Safepoint "ICBufferFull", Time since last: 1706744 ns, Reaching safepoint: 18301 ns, At safepoint: 2500 ns, Total: 20801 ns
[2.060s][info ][safepoint      ] Safepoint "ICBufferFull", Time since last: 1608741 ns, Reaching safepoint: 18201 ns, At safepoint: 2700 ns, Total: 20901 ns
[2.061s][info ][safepoint      ] Safepoint "ICBufferFull", Time since last: 898723 ns, Reaching safepoint: 18701 ns, At safepoint: 2400 ns, Total: 21101 ns
[2.062s][info ][safepoint      ] Safepoint "ICBufferFull", Time since last: 1114128 ns, Reaching safepoint: 17601 ns, At safepoint: 2200 ns, Total: 19801 ns
[2.063s][info ][safepoint      ] Safepoint "ICBufferFull", Time since last: 1443537 ns, Reaching safepoint: 19201 ns, At safepoint: 1800 ns, Total: 21001 ns
[2.065s][info ][safepoint      ] Safepoint "ICBufferFull", Time since last: 1333334 ns, Reaching safepoint: 17701 ns, At safepoint: 2000 ns, Total: 19701 ns
[2.066s][info ][safepoint      ] Safepoint "ICBufferFull", Time since last: 907323 ns, Reaching safepoint: 17501 ns, At safepoint: 1700 ns, Total: 19201 ns
[2.067s][info ][safepoint      ] Safepoint "ICBufferFull", Time since last: 1079928 ns, Reaching safepoint: 17600 ns, At safepoint: 1700 ns, Total: 19300 ns
[2.068s][info ][safepoint      ] Safepoint "ICBufferFull", Time since last: 1085528 ns, Reaching safepoint: 17300 ns, At safepoint: 1701 ns, Total: 19001 ns
[2.069s][info ][safepoint      ] Safepoint "ICBufferFull", Time since last: 999025 ns, Reaching safepoint: 18601 ns, At safepoint: 2300 ns, Total: 20901 ns
[2.070s][info ][safepoint      ] Safepoint "ICBufferFull", Time since last: 1221431 ns, Reaching safepoint: 33401 ns, At safepoint: 6600 ns, Total: 40001 ns
[2.071s][info ][safepoint      ] Safepoint "ICBufferFull", Time since last: 706719 ns, Reaching safepoint: 29200 ns, At safepoint: 2100 ns, Total: 31300 ns
[2.071s][info ][safepoint      ] Safepoint "ICBufferFull", Time since last: 643317 ns, Reaching safepoint: 16501 ns, At safepoint: 2200 ns, Total: 18701 ns
[2.072s][info ][safepoint      ] Safepoint "ICBufferFull", Time since last: 697118 ns, Reaching safepoint: 16400 ns, At safepoint: 2400 ns, Total: 18800 ns
[2.073s][info ][safepoint      ] Safepoint "ICBufferFull", Time since last: 736119 ns, Reaching safepoint: 16900 ns, At safepoint: 2301 ns, Total: 19201 ns
[2.073s][info ][safepoint      ] Safepoint "ICBufferFull", Time since last: 481712 ns, Reaching safepoint: 17700 ns, At safepoint: 1700 ns, Total: 19400 ns
[2.075s][info ][safepoint      ] Safepoint "ICBufferFull", Time since last: 1566641 ns, Reaching safepoint: 38501 ns, At safepoint: 2600 ns, Total: 41101 ns
[2.076s][info ][safepoint      ] Safepoint "ICBufferFull", Time since last: 647317 ns, Reaching safepoint: 18100 ns, At safepoint: 2300 ns, Total: 20400 ns
[2.076s][info ][safepoint      ] Safepoint "ICBufferFull", Time since last: 650817 ns, Reaching safepoint: 17000 ns, At safepoint: 2401 ns, Total: 19401 ns
[2.077s][info ][safepoint      ] Safepoint "ICBufferFull", Time since last: 615615 ns, Reaching safepoint: 17301 ns, At safepoint: 2800 ns, Total: 20101 ns
[2.078s][info ][safepoint      ] Safepoint "ICBufferFull", Time since last: 740419 ns, Reaching safepoint: 18401 ns, At safepoint: 6300 ns, Total: 24701 ns
[2.079s][info ][safepoint      ] Safepoint "ICBufferFull", Time since last: 690518 ns, Reaching safepoint: 86202 ns, At safepoint: 7100 ns, Total: 93302 ns
[2.079s][info ][safepoint      ] Safepoint "ICBufferFull", Time since last: 679717 ns, Reaching safepoint: 18301 ns, At safepoint: 7300 ns, Total: 25601 ns
[2.080s][info ][safepoint      ] Safepoint "ICBufferFull", Time since last: 658517 ns, Reaching safepoint: 17901 ns, At safepoint: 2100 ns, Total: 20001 ns
[2.081s][info ][safepoint      ] Safepoint "ICBufferFull", Time since last: 623716 ns, Reaching safepoint: 13900 ns, At safepoint: 1800 ns, Total: 15700 ns
[2.081s][info ][safepoint      ] Safepoint "ICBufferFull", Time since last: 666717 ns, Reaching safepoint: 13401 ns, At safepoint: 1800 ns, Total: 15201 ns
[2.082s][info ][safepoint      ] Safepoint "ICBufferFull", Time since last: 831621 ns, Reaching safepoint: 13701 ns, At safepoint: 1800 ns, Total: 15501 ns
[2.083s][info ][safepoint      ] Safepoint "ICBufferFull", Time since last: 1036426 ns, Reaching safepoint: 15501 ns, At safepoint: 2100 ns, Total: 17601 ns
[2.084s][info ][safepoint      ] Safepoint "ICBufferFull", Time since last: 799020 ns, Reaching safepoint: 14001 ns, At safepoint: 5600 ns, Total: 19601 ns
[2.085s][info ][safepoint      ] Safepoint "ICBufferFull", Time since last: 1083428 ns, Reaching safepoint: 19300 ns, At safepoint: 2301 ns, Total: 21601 ns
[2.087s][info ][safepoint      ] Safepoint "ICBufferFull", Time since last: 2363761 ns, Reaching safepoint: 37100 ns, At safepoint: 8201 ns, Total: 45301 ns
[2.090s][info ][safepoint      ] Safepoint "ICBufferFull", Time since last: 2595567 ns, Reaching safepoint: 45401 ns, At safepoint: 2700 ns, Total: 48101 ns
[2.092s][info ][safepoint      ] Safepoint "ICBufferFull", Time since last: 2211357 ns, Reaching safepoint: 23801 ns, At safepoint: 5700 ns, Total: 29501 ns
[2.095s][info ][safepoint      ] Safepoint "ICBufferFull", Time since last: 2095554 ns, Reaching safepoint: 42401 ns, At safepoint: 2600 ns, Total: 45001 ns
[2.097s][info ][safepoint      ] Safepoint "ICBufferFull", Time since last: 2365761 ns, Reaching safepoint: 24101 ns, At safepoint: 2200 ns, Total: 26301 ns
[2.098s][info ][safepoint      ] Safepoint "ICBufferFull", Time since last: 1250232 ns, Reaching safepoint: 30301 ns, At safepoint: 2300 ns, Total: 32601 ns
[2.099s][info ][safepoint      ] Safepoint "ICBufferFull", Time since last: 1139729 ns, Reaching safepoint: 39701 ns, At safepoint: 5501 ns, Total: 45202 ns
[2.101s][info ][safepoint      ] Safepoint "ICBufferFull", Time since last: 1191530 ns, Reaching safepoint: 20601 ns, At safepoint: 5000 ns, Total: 25601 ns
[2.102s][info ][safepoint      ] Safepoint "ICBufferFull", Time since last: 1383636 ns, Reaching safepoint: 23000 ns, At safepoint: 5900 ns, Total: 28900 ns
[2.104s][info ][safepoint      ] Safepoint "ICBufferFull", Time since last: 1502339 ns, Reaching safepoint: 21701 ns, At safepoint: 2200 ns, Total: 23901 ns
[2.104s][info ][safepoint      ] Safepoint "ICBufferFull", Time since last: 691118 ns, Reaching safepoint: 20100 ns, At safepoint: 2100 ns, Total: 22200 ns
[2.107s][info ][safepoint      ] Safepoint "ICBufferFull", Time since last: 3064379 ns, Reaching safepoint: 22201 ns, At safepoint: 2400 ns, Total: 24601 ns
[2.110s][info ][safepoint      ] Safepoint "ICBufferFull", Time since last: 2487164 ns, Reaching safepoint: 22101 ns, At safepoint: 2300 ns, Total: 24401 ns
[2.110s][info ][safepoint      ] Safepoint "ICBufferFull", Time since last: 600515 ns, Reaching safepoint: 20701 ns, At safepoint: 2300 ns, Total: 23001 ns
[2.113s][info ][safepoint      ] Safepoint "ICBufferFull", Time since last: 2151855 ns, Reaching safepoint: 20501 ns, At safepoint: 5000 ns, Total: 25501 ns
[2.113s][info ][safepoint      ] Safepoint "ICBufferFull", Time since last: 679218 ns, Reaching safepoint: 21300 ns, At safepoint: 2300 ns, Total: 23600 ns
[2.114s][info ][safepoint      ] Safepoint "ICBufferFull", Time since last: 593816 ns, Reaching safepoint: 18500 ns, At safepoint: 1900 ns, Total: 20400 ns
[2.115s][info ][safepoint      ] Safepoint "ICBufferFull", Time since last: 642717 ns, Reaching safepoint: 20100 ns, At safepoint: 2100 ns, Total: 22200 ns
[2.115s][info ][safepoint      ] Safepoint "ICBufferFull", Time since last: 640417 ns, Reaching safepoint: 27201 ns, At safepoint: 2100 ns, Total: 29301 ns
[2.116s][info ][safepoint      ] Safepoint "ICBufferFull", Time since last: 599515 ns, Reaching safepoint: 17301 ns, At safepoint: 1900 ns, Total: 19201 ns
[2.117s][info ][safepoint      ] Safepoint "ICBufferFull", Time since last: 660117 ns, Reaching safepoint: 18100 ns, At safepoint: 1800 ns, Total: 19900 ns
[2.117s][info ][safepoint      ] Safepoint "ICBufferFull", Time since last: 667917 ns, Reaching safepoint: 25501 ns, At safepoint: 2100 ns, Total: 27601 ns
[2.118s][info ][safepoint      ] Safepoint "ICBufferFull", Time since last: 694618 ns, Reaching safepoint: 17000 ns, At safepoint: 1700 ns, Total: 18700 ns
[2.119s][info ][safepoint      ] Safepoint "ICBufferFull", Time since last: 645017 ns, Reaching safepoint: 16901 ns, At safepoint: 1900 ns, Total: 18801 ns
[2.119s][info ][safepoint      ] Safepoint "ICBufferFull", Time since last: 608815 ns, Reaching safepoint: 16601 ns, At safepoint: 1700 ns, Total: 18301 ns
[2.121s][info ][safepoint      ] Safepoint "ICBufferFull", Time since last: 1476838 ns, Reaching safepoint: 91502 ns, At safepoint: 6000 ns, Total: 97502 ns
[2.123s][info ][safepoint      ] Safepoint "ICBufferFull", Time since last: 2589567 ns, Reaching safepoint: 18101 ns, At safepoint: 2000 ns, Total: 20101 ns
[2.124s][info ][safepoint      ] Safepoint "ICBufferFull", Time since last: 651817 ns, Reaching safepoint: 30500 ns, At safepoint: 1900 ns, Total: 32400 ns
[2.125s][info ][safepoint      ] Safepoint "ICBufferFull", Time since last: 673118 ns, Reaching safepoint: 20000 ns, At safepoint: 2400 ns, Total: 22400 ns
[2.126s][info ][safepoint      ] Safepoint "ICBufferFull", Time since last: 652017 ns, Reaching safepoint: 19601 ns, At safepoint: 2200 ns, Total: 21801 ns
[2.126s][info ][safepoint      ] Safepoint "ICBufferFull", Time since last: 662517 ns, Reaching safepoint: 17000 ns, At safepoint: 1500 ns, Total: 18500 ns
[2.127s][info ][safepoint      ] Safepoint "ICBufferFull", Time since last: 733719 ns, Reaching safepoint: 16001 ns, At safepoint: 2000 ns, Total: 18001 ns
[2.128s][info ][safepoint      ] Safepoint "ICBufferFull", Time since last: 684918 ns, Reaching safepoint: 14800 ns, At safepoint: 8300 ns, Total: 23100 ns
[2.128s][info ][safepoint      ] Safepoint "ICBufferFull", Time since last: 649117 ns, Reaching safepoint: 17800 ns, At safepoint: 2200 ns, Total: 20000 ns
[2.129s][info ][safepoint      ] Safepoint "ICBufferFull", Time since last: 607716 ns, Reaching safepoint: 21401 ns, At safepoint: 1400 ns, Total: 22801 ns
[2.130s][info ][safepoint      ] Safepoint "ICBufferFull", Time since last: 631116 ns, Reaching safepoint: 14500 ns, At safepoint: 1400 ns, Total: 15900 ns
[2.130s][info ][safepoint      ] Safepoint "ICBufferFull", Time since last: 617416 ns, Reaching safepoint: 15301 ns, At safepoint: 4200 ns, Total: 19501 ns
[2.132s][info ][safepoint      ] Safepoint "ICBufferFull", Time since last: 1797246 ns, Reaching safepoint: 16701 ns, At safepoint: 2100 ns, Total: 18801 ns
[2.133s][info ][safepoint      ] Safepoint "ICBufferFull", Time since last: 819921 ns, Reaching safepoint: 31001 ns, At safepoint: 1300 ns, Total: 32301 ns
[2.134s][info ][safepoint      ] Safepoint "ICBufferFull", Time since last: 1473238 ns, Reaching safepoint: 16100 ns, At safepoint: 1900 ns, Total: 18000 ns
[2.135s][info ][safepoint      ] Safepoint "ICBufferFull", Time since last: 478613 ns, Reaching safepoint: 15300 ns, At safepoint: 1300 ns, Total: 16600 ns
[2.136s][info ][safepoint      ] Safepoint "ICBufferFull", Time since last: 1264633 ns, Reaching safepoint: 15900 ns, At safepoint: 2000 ns, Total: 17900 ns
[2.138s][info ][safepoint      ] Safepoint "ICBufferFull", Time since last: 1307534 ns, Reaching safepoint: 101802 ns, At safepoint: 6501 ns, Total: 108303 ns
[2.138s][info ][safepoint      ] Safepoint "ICBufferFull", Time since last: 480412 ns, Reaching safepoint: 15200 ns, At safepoint: 2100 ns, Total: 17300 ns
[2.140s][info ][safepoint      ] Safepoint "ICBufferFull", Time since last: 1511539 ns, Reaching safepoint: 94003 ns, At safepoint: 4300 ns, Total: 98303 ns
[2.141s][info ][safepoint      ] Safepoint "ICBufferFull", Time since last: 1459738 ns, Reaching safepoint: 30401 ns, At safepoint: 1900 ns, Total: 32301 ns
[2.143s][info ][safepoint      ] Safepoint "ICBufferFull", Time since last: 1331334 ns, Reaching safepoint: 17500 ns, At safepoint: 2100 ns, Total: 19600 ns
[2.143s][info ][safepoint      ] Safepoint "ICBufferFull", Time since last: 468613 ns, Reaching safepoint: 14700 ns, At safepoint: 10300 ns, Total: 25000 ns
[2.145s][info ][safepoint      ] Safepoint "ICBufferFull", Time since last: 1542340 ns, Reaching safepoint: 16400 ns, At safepoint: 1900 ns, Total: 18300 ns
[2.146s][info ][safepoint      ] Safepoint "ICBufferFull", Time since last: 1736445 ns, Reaching safepoint: 28101 ns, At safepoint: 10000 ns, Total: 38101 ns
[2.147s][info ][safepoint      ] Safepoint "ICBufferFull", Time since last: 644517 ns, Reaching safepoint: 15100 ns, At safepoint: 1700 ns, Total: 16800 ns
[2.149s][info ][safepoint      ] Safepoint "ICBufferFull", Time since last: 1483939 ns, Reaching safepoint: 19100 ns, At safepoint: 6900 ns, Total: 26000 ns
[2.150s][info ][safepoint      ] Safepoint "ICBufferFull", Time since last: 1229832 ns, Reaching safepoint: 13000 ns, At safepoint: 1700 ns, Total: 14700 ns
[2.289s][info ][safepoint      ] Safepoint "ICBufferFull", Time since last: 138848085 ns, Reaching safepoint: 111303 ns, At safepoint: 3500 ns, Total: 114803 ns
[2.522s][info ][gc,start       ] GC(2) Pause Young (Metadata GC Threshold)
[2.553s][debug][gc,phases      ] GC(2) Scavenge 30.429ms
[2.553s][debug][gc,ref         ] GC(2) Skipped phase 1 of Reference Processing: no references
[2.553s][debug][gc,ref         ] GC(2) ReferenceProcessor::execute queues: 2, RefProcThreadModel::Multi, marks_oops_alive: false
[2.553s][debug][gc,ref         ] GC(2) Skipped phase 3 of Reference Processing: no references
[2.553s][debug][gc,ref         ] GC(2) ReferenceProcessor::execute queues: 1, RefProcThreadModel::Single, marks_oops_alive: false
[2.553s][debug][gc,phases      ] GC(2) Reference Processing 0.283ms
[2.553s][debug][gc,phases      ] GC(2)   VM Weak                        Min:  0.0, Avg:  0.0, Max:  0.0, Diff:  0.0, Sum:  0.0, Workers: 4
[2.553s][debug][gc,phases      ] GC(2)     Dead                           Min: 0, Avg:  0.0, Max: 0, Diff: 0, Sum: 0, Workers: 4
[2.553s][debug][gc,phases      ] GC(2)     Total                          Min: 0, Avg: 68.2, Max: 192, Diff: 192, Sum: 273, Workers: 4
[2.553s][debug][gc,phases      ] GC(2)   ObjectSynchronizer Weak        Min:  0.0, Avg:  0.0, Max:  0.0, Diff:  0.0, Sum:  0.0, Workers: 4
[2.553s][debug][gc,phases      ] GC(2)     Dead                           Min: 0, Avg:  0.2, Max: 1, Diff: 1, Sum: 1, Workers: 4
[2.553s][debug][gc,phases      ] GC(2)     Total                          Min: 0, Avg:  2.5, Max: 10, Diff: 10, Sum: 10, Workers: 4
[2.553s][debug][gc,phases      ] GC(2)   JVMTI Tag Weak OopStorage      Min:  0.0, Avg:  0.0, Max:  0.0, Diff:  0.0, Sum:  0.0, Workers: 4
[2.553s][debug][gc,phases      ] GC(2)     Dead                           Min: 0, Avg:  0.0, Max: 0, Diff: 0, Sum: 0, Workers: 4
[2.553s][debug][gc,phases      ] GC(2)     Total                          Min: 0, Avg:  0.0, Max: 0, Diff: 0, Sum: 0, Workers: 4
[2.553s][debug][gc,phases      ] GC(2)   StringTable Weak               Min:  0.2, Avg:  0.2, Max:  0.2, Diff:  0.0, Sum:  0.6, Workers: 4
[2.553s][debug][gc,phases      ] GC(2)     Dead                           Min: 0, Avg:  6.2, Max: 16, Diff: 16, Sum: 25, Workers: 4
[2.553s][debug][gc,phases      ] GC(2)     Total                          Min: 3200, Avg: 4939.5, Max: 6272, Diff: 3072, Sum: 19758, Workers: 4
[2.553s][debug][gc,phases      ] GC(2)   ResolvedMethodTable Weak       Min:  0.0, Avg:  0.0, Max:  0.0, Diff:  0.0, Sum:  0.1, Workers: 4
[2.553s][debug][gc,phases      ] GC(2)     Dead                           Min: 11, Avg: 18.2, Max: 32, Diff: 21, Sum: 73, Workers: 4
[2.553s][debug][gc,phases      ] GC(2)     Total                          Min: 256, Avg: 472.8, Max: 704, Diff: 448, Sum: 1891, Workers: 4
[2.553s][debug][gc,phases      ] GC(2)   JNI Weak                       Min:  0.0, Avg:  0.0, Max:  0.0, Diff:  0.0, Sum:  0.0, Workers: 4
[2.553s][debug][gc,phases      ] GC(2)     Dead                           Min: 0, Avg:  0.0, Max: 0, Diff: 0, Sum: 0, Workers: 4
[2.553s][debug][gc,phases      ] GC(2)     Total                          Min: 0, Avg:  0.0, Max: 0, Diff: 0, Sum: 0, Workers: 4
[2.553s][debug][gc,phases      ] GC(2)   StringDedup Table Weak         Min:  0.0, Avg:  0.0, Max:  0.0, Diff:  0.0, Sum:  0.0, Workers: 4
[2.553s][debug][gc,phases      ] GC(2)     Dead                           Min: 0, Avg:  0.0, Max: 0, Diff: 0, Sum: 0, Workers: 4
[2.553s][debug][gc,phases      ] GC(2)     Total                          Min: 0, Avg:  0.0, Max: 0, Diff: 0, Sum: 0, Workers: 4
[2.553s][debug][gc,phases      ] GC(2)   StringDedup Requests0 Weak     Min:  0.0, Avg:  0.0, Max:  0.0, Diff:  0.0, Sum:  0.0, Workers: 4
[2.553s][debug][gc,phases      ] GC(2)     Dead                           Min: 0, Avg:  0.0, Max: 0, Diff: 0, Sum: 0, Workers: 4
[2.553s][debug][gc,phases      ] GC(2)     Total                          Min: 0, Avg:  0.0, Max: 0, Diff: 0, Sum: 0, Workers: 4
[2.553s][debug][gc,phases      ] GC(2)   StringDedup Requests1 Weak     Min:  0.0, Avg:  0.0, Max:  0.0, Diff:  0.0, Sum:  0.0, Workers: 4
[2.553s][debug][gc,phases      ] GC(2)     Dead                           Min: 0, Avg:  0.0, Max: 0, Diff: 0, Sum: 0, Workers: 4
[2.553s][debug][gc,phases      ] GC(2)     Total                          Min: 0, Avg:  0.0, Max: 0, Diff: 0, Sum: 0, Workers: 4
[2.553s][debug][gc,phases      ] GC(2)   Weak JFR Old Object Samples    Min:  0.0, Avg:  0.0, Max:  0.0, Diff:  0.0, Sum:  0.0, Workers: 4
[2.553s][debug][gc,phases      ] GC(2)     Dead                           Min: 0, Avg:  0.0, Max: 0, Diff: 0, Sum: 0, Workers: 4
[2.553s][debug][gc,phases      ] GC(2)     Total                          Min: 0, Avg:  0.0, Max: 0, Diff: 0, Sum: 0, Workers: 4
[2.553s][debug][gc,phases      ] GC(2) Weak Processing 0.367ms
[2.553s][debug][gc,age         ] GC(2) Desired survivor size 536870912 bytes, new threshold 7 (max threshold 15)
[2.553s][info ][gc,heap        ] GC(2) PSYoungGen: 456773K(1572864K)->56614K(1572864K) Eden: 445645K(1048576K)->0K(1048576K) From: 11128K(524288K)->56614K(524288K)
[2.553s][info ][gc,heap        ] GC(2) ParOldGen: 5663K(6144K)->5671K(6144K)
[2.553s][info ][gc,metaspace   ] GC(2) Metaspace: 35439K(35840K)->35439K(35840K) NonClass: 30969K(31168K)->30969K(31168K) Class: 4470K(4672K)->4470K(4672K)
[2.553s][info ][gc             ] GC(2) Pause Young (Metadata GC Threshold) 451M->60M(1542M) 31.208ms
[2.553s][info ][gc,cpu         ] GC(2) User=0.12s Sys=0.01s Real=0.03s
[2.553s][debug][gc,phases      ] GC(3) Pre Compact 0.009ms
[2.553s][info ][gc,start       ] GC(3) Pause Full (Metadata GC Threshold)
[2.553s][info ][gc,phases,start] GC(3) Marking Phase
[2.569s][debug][gc,phases      ] GC(3) Par Mark 15.452ms
[2.569s][debug][gc,ref         ] GC(3) Skipped phase 1 of Reference Processing: no references
[2.569s][debug][gc,ref         ] GC(3) ReferenceProcessor::execute queues: 2, RefProcThreadModel::Multi, marks_oops_alive: false
[2.569s][debug][gc,ref         ] GC(3) Skipped phase 3 of Reference Processing: no references
[2.569s][debug][gc,ref         ] GC(3) ReferenceProcessor::execute queues: 1, RefProcThreadModel::Single, marks_oops_alive: false
[2.569s][debug][gc,phases      ] GC(3) Reference Processing 0.137ms
[2.569s][debug][gc,phases      ] GC(3)   VM Weak                        Min:  0.0, Avg:  0.0, Max:  0.0, Diff:  0.0, Sum:  0.0, Workers: 4
[2.569s][debug][gc,phases      ] GC(3)     Dead                           Min: 0, Avg:  0.0, Max: 0, Diff: 0, Sum: 0, Workers: 4
[2.569s][debug][gc,phases      ] GC(3)     Total                          Min: 0, Avg: 68.2, Max: 273, Diff: 273, Sum: 273, Workers: 4
[2.569s][debug][gc,phases      ] GC(3)   ObjectSynchronizer Weak        Min:  0.0, Avg:  0.0, Max:  0.0, Diff:  0.0, Sum:  0.0, Workers: 4
[2.569s][debug][gc,phases      ] GC(3)     Dead                           Min: 0, Avg:  0.0, Max: 0, Diff: 0, Sum: 0, Workers: 4
[2.569s][debug][gc,phases      ] GC(3)     Total                          Min: 0, Avg:  2.5, Max: 10, Diff: 10, Sum: 10, Workers: 4
[2.569s][debug][gc,phases      ] GC(3)   JVMTI Tag Weak OopStorage      Min:  0.0, Avg:  0.0, Max:  0.0, Diff:  0.0, Sum:  0.0, Workers: 4
[2.569s][debug][gc,phases      ] GC(3)     Dead                           Min: 0, Avg:  0.0, Max: 0, Diff: 0, Sum: 0, Workers: 4
[2.569s][debug][gc,phases      ] GC(3)     Total                          Min: 0, Avg:  0.0, Max: 0, Diff: 0, Sum: 0, Workers: 4
[2.569s][debug][gc,phases      ] GC(3)   StringTable Weak               Min:  0.1, Avg:  0.1, Max:  0.1, Diff:  0.0, Sum:  0.2, Workers: 4
[2.569s][debug][gc,phases      ] GC(3)     Dead                           Min: 0, Avg:  0.0, Max: 0, Diff: 0, Sum: 0, Workers: 4
[2.569s][debug][gc,phases      ] GC(3)     Total                          Min: 4544, Avg: 4939.5, Max: 5504, Diff: 960, Sum: 19758, Workers: 4
[2.569s][debug][gc,phases      ] GC(3)   ResolvedMethodTable Weak       Min:  0.0, Avg:  0.0, Max:  0.0, Diff:  0.0, Sum:  0.0, Workers: 4
[2.569s][debug][gc,phases      ] GC(3)     Dead                           Min: 0, Avg:  0.0, Max: 0, Diff: 0, Sum: 0, Workers: 4
[2.569s][debug][gc,phases      ] GC(3)     Total                          Min: 384, Avg: 472.8, Max: 512, Diff: 128, Sum: 1891, Workers: 4
[2.569s][debug][gc,phases      ] GC(3)   JNI Weak                       Min:  0.0, Avg:  0.0, Max:  0.0, Diff:  0.0, Sum:  0.0, Workers: 4
[2.569s][debug][gc,phases      ] GC(3)     Dead                           Min: 0, Avg:  0.0, Max: 0, Diff: 0, Sum: 0, Workers: 4
[2.569s][debug][gc,phases      ] GC(3)     Total                          Min: 0, Avg:  0.0, Max: 0, Diff: 0, Sum: 0, Workers: 4
[2.569s][debug][gc,phases      ] GC(3)   StringDedup Table Weak         Min:  0.0, Avg:  0.0, Max:  0.0, Diff:  0.0, Sum:  0.0, Workers: 4
[2.569s][debug][gc,phases      ] GC(3)     Dead                           Min: 0, Avg:  0.0, Max: 0, Diff: 0, Sum: 0, Workers: 4
[2.569s][debug][gc,phases      ] GC(3)     Total                          Min: 0, Avg:  0.0, Max: 0, Diff: 0, Sum: 0, Workers: 4
[2.569s][debug][gc,phases      ] GC(3)   StringDedup Requests0 Weak     Min:  0.0, Avg:  0.0, Max:  0.0, Diff:  0.0, Sum:  0.0, Workers: 4
[2.569s][debug][gc,phases      ] GC(3)     Dead                           Min: 0, Avg:  0.0, Max: 0, Diff: 0, Sum: 0, Workers: 4
[2.569s][debug][gc,phases      ] GC(3)     Total                          Min: 0, Avg:  0.0, Max: 0, Diff: 0, Sum: 0, Workers: 4
[2.569s][debug][gc,phases      ] GC(3)   StringDedup Requests1 Weak     Min:  0.0, Avg:  0.0, Max:  0.0, Diff:  0.0, Sum:  0.0, Workers: 4
[2.569s][debug][gc,phases      ] GC(3)     Dead                           Min: 0, Avg:  0.0, Max: 0, Diff: 0, Sum: 0, Workers: 4
[2.569s][debug][gc,phases      ] GC(3)     Total                          Min: 0, Avg:  0.0, Max: 0, Diff: 0, Sum: 0, Workers: 4
[2.569s][debug][gc,phases      ] GC(3)   Weak JFR Old Object Samples    Min:  0.0, Avg:  0.0, Max:  0.0, Diff:  0.0, Sum:  0.0, Workers: 4
[2.569s][debug][gc,phases      ] GC(3)     Dead                           Min: 0, Avg:  0.0, Max: 0, Diff: 0, Sum: 0, Workers: 4
[2.569s][debug][gc,phases      ] GC(3)     Total                          Min: 0, Avg:  0.0, Max: 0, Diff: 0, Sum: 0, Workers: 4
[2.569s][debug][gc,phases      ] GC(3) Weak Processing 0.241ms
[2.569s][debug][gc,phases      ] GC(3) ClassLoaderData 0.032ms
[2.569s][debug][gc,phases      ] GC(3) Trigger cleanups 0.000ms
[2.573s][debug][gc,phases      ] GC(3) Class Unloading 3.486ms
[2.573s][info ][gc,phases      ] GC(3) Marking Phase 19.418ms
[2.573s][info ][gc,phases,start] GC(3) Summary Phase
[2.573s][info ][gc,phases      ] GC(3) Summary Phase 0.006ms
[2.573s][info ][gc,phases,start] GC(3) Adjust Roots
[2.577s][info ][gc,phases      ] GC(3) Adjust Roots 3.820ms
[2.577s][info ][gc,phases,start] GC(3) Compaction Phase
[2.811s][info ][gc,phases      ] GC(3) Compaction Phase 233.885ms
[2.811s][info ][gc,phases,start] GC(3) Post Compact
[2.811s][info ][gc,phases      ] GC(3) Post Compact 0.605ms
[2.811s][info ][gc,heap        ] GC(3) PSYoungGen: 56614K(1572864K)->55921K(1572864K) Eden: 0K(1048576K)->0K(1048576K) From: 56614K(524288K)->55921K(524288K)
[2.811s][info ][gc,heap        ] GC(3) ParOldGen: 5671K(6144K)->6120K(6144K)
[2.811s][info ][gc,metaspace   ] GC(3) Metaspace: 35439K(35840K)->35439K(35840K) NonClass: 30969K(31168K)->30969K(31168K) Class: 4470K(4672K)->4470K(4672K)
[2.811s][info ][gc             ] GC(3) Pause Full (Metadata GC Threshold) 60M->60M(1542M) 257.851ms
[2.811s][info ][gc,cpu         ] GC(3) User=0.57s Sys=0.00s Real=0.26s
[2.811s][info ][safepoint      ] Safepoint "CollectForMetadataAllocation", Time since last: 233271322 ns, Reaching safepoint: 150804 ns, At safepoint: 289179965 ns, Total: 289330769 ns
[3.085s][info ][safepoint      ] Safepoint "ICBufferFull", Time since last: 273301355 ns, Reaching safepoint: 129703 ns, At safepoint: 7900 ns, Total: 137603 ns
[3.188s][info ][safepoint      ] Safepoint "ICBufferFull", Time since last: 103317367 ns, Reaching safepoint: 141404 ns, At safepoint: 5700 ns, Total: 147104 ns
[3.344s][info ][safepoint      ] Safepoint "ICBufferFull", Time since last: 155292408 ns, Reaching safepoint: 234607 ns, At safepoint: 37501 ns, Total: 272108 ns
[3.422s][info ][safepoint      ] Safepoint "ICBufferFull", Time since last: 77994813 ns, Reaching safepoint: 206805 ns, At safepoint: 25501 ns, Total: 232306 ns
[3.582s][info ][safepoint      ] Safepoint "ICBufferFull", Time since last: 159895127 ns, Reaching safepoint: 191905 ns, At safepoint: 20001 ns, Total: 211906 ns
[3.632s][info ][safepoint      ] Safepoint "ICBufferFull", Time since last: 49303272 ns, Reaching safepoint: 183505 ns, At safepoint: 25501 ns, Total: 209006 ns
[3.632s][info ][safepoint      ] Safepoint "ICBufferFull", Time since last: 70401 ns, Reaching safepoint: 93703 ns, At safepoint: 25600 ns, Total: 119303 ns
[3.635s][info ][safepoint      ] Safepoint "ICBufferFull", Time since last: 2569667 ns, Reaching safepoint: 238306 ns, At safepoint: 18800 ns, Total: 257106 ns
[3.749s][info ][safepoint      ] Safepoint "ICBufferFull", Time since last: 104625701 ns, Reaching safepoint: 9694650 ns, At safepoint: 24701 ns, Total: 9719351 ns
[3.753s][info ][safepoint      ] Safepoint "ICBufferFull", Time since last: 3657794 ns, Reaching safepoint: 79402 ns, At safepoint: 29101 ns, Total: 108503 ns
[3.753s][info ][safepoint      ] Safepoint "ICBufferFull", Time since last: 53801 ns, Reaching safepoint: 96803 ns, At safepoint: 19200 ns, Total: 116003 ns
[3.753s][info ][safepoint      ] Safepoint "ICBufferFull", Time since last: 47502 ns, Reaching safepoint: 96102 ns, At safepoint: 20401 ns, Total: 116503 ns
[3.756s][info ][safepoint      ] Safepoint "ICBufferFull", Time since last: 2797472 ns, Reaching safepoint: 100202 ns, At safepoint: 18701 ns, Total: 118903 ns
[4.023s][info ][safepoint      ] Safepoint "ICBufferFull", Time since last: 267036692 ns, Reaching safepoint: 235806 ns, At safepoint: 21401 ns, Total: 257207 ns
[4.279s][info ][safepoint      ] Safepoint "ICBufferFull", Time since last: 255134485 ns, Reaching safepoint: 261107 ns, At safepoint: 34501 ns, Total: 295608 ns
[4.304s][info ][safepoint      ] Safepoint "ICBufferFull", Time since last: 24787640 ns, Reaching safepoint: 171504 ns, At safepoint: 22101 ns, Total: 193605 ns
[4.306s][info ][safepoint      ] Safepoint "ICBufferFull", Time since last: 2484064 ns, Reaching safepoint: 127803 ns, At safepoint: 23701 ns, Total: 151504 ns
[4.310s][debug][gc,phases      ] GC(4) Pre Compact 0.021ms
[4.310s][info ][gc,start       ] GC(4) Pause Full (Ergonomics)
[4.310s][info ][gc,phases,start] GC(4) Marking Phase
[4.413s][debug][gc,phases      ] GC(4) Par Mark 102.512ms
[4.413s][debug][gc,ref         ] GC(4) Skipped phase 1 of Reference Processing: no references
[4.413s][debug][gc,ref         ] GC(4) ReferenceProcessor::execute queues: 4, RefProcThreadModel::Multi, marks_oops_alive: false
[4.414s][debug][gc,ref         ] GC(4) Skipped phase 3 of Reference Processing: no references
[4.414s][debug][gc,ref         ] GC(4) ReferenceProcessor::execute queues: 3, RefProcThreadModel::Multi, marks_oops_alive: false
[4.414s][debug][gc,phases      ] GC(4) Reference Processing 0.926ms
[4.414s][debug][gc,phases      ] GC(4)   VM Weak                        Min:  0.0, Avg:  0.0, Max:  0.0, Diff:  0.0, Sum:  0.0, Workers: 4
[4.414s][debug][gc,phases      ] GC(4)     Dead                           Min: 0, Avg:  1.8, Max: 5, Diff: 5, Sum: 7, Workers: 4
[4.414s][debug][gc,phases      ] GC(4)     Total                          Min: 0, Avg: 106.5, Max: 234, Diff: 234, Sum: 426, Workers: 4
[4.414s][debug][gc,phases      ] GC(4)   ObjectSynchronizer Weak        Min:  0.0, Avg:  0.0, Max:  0.0, Diff:  0.0, Sum:  0.0, Workers: 4
[4.414s][debug][gc,phases      ] GC(4)     Dead                           Min: 0, Avg: 73.8, Max: 120, Diff: 120, Sum: 295, Workers: 4
[4.414s][debug][gc,phases      ] GC(4)     Total                          Min: 0, Avg: 86.5, Max: 128, Diff: 128, Sum: 346, Workers: 4
[4.414s][debug][gc,phases      ] GC(4)   JVMTI Tag Weak OopStorage      Min:  0.0, Avg:  0.0, Max:  0.0, Diff:  0.0, Sum:  0.0, Workers: 4
[4.414s][debug][gc,phases      ] GC(4)     Dead                           Min: 0, Avg:  0.0, Max: 0, Diff: 0, Sum: 0, Workers: 4
[4.414s][debug][gc,phases      ] GC(4)     Total                          Min: 0, Avg:  0.0, Max: 0, Diff: 0, Sum: 0, Workers: 4
[4.414s][debug][gc,phases      ] GC(4)   StringTable Weak               Min:  0.1, Avg:  0.1, Max:  0.1, Diff:  0.0, Sum:  0.5, Workers: 4
[4.414s][debug][gc,phases      ] GC(4)     Dead                           Min: 1, Avg:  6.5, Max: 17, Diff: 16, Sum: 26, Workers: 4
[4.414s][debug][gc,phases      ] GC(4)     Total                          Min: 8704, Avg: 9537.0, Max: 10304, Diff: 1600, Sum: 38148, Workers: 4
[4.414s][debug][gc,phases      ] GC(4)   ResolvedMethodTable Weak       Min:  0.0, Avg:  0.0, Max:  0.0, Diff:  0.0, Sum:  0.1, Workers: 4
[4.414s][debug][gc,phases      ] GC(4)     Dead                           Min: 16, Avg: 43.5, Max: 60, Diff: 44, Sum: 174, Workers: 4
[4.414s][debug][gc,phases      ] GC(4)     Total                          Min: 815, Avg: 1227.8, Max: 1408, Diff: 593, Sum: 4911, Workers: 4
[4.414s][debug][gc,phases      ] GC(4)   JNI Weak                       Min:  0.0, Avg:  0.0, Max:  0.0, Diff:  0.0, Sum:  0.0, Workers: 4
[4.414s][debug][gc,phases      ] GC(4)     Dead                           Min: 0, Avg:  0.0, Max: 0, Diff: 0, Sum: 0, Workers: 4
[4.414s][debug][gc,phases      ] GC(4)     Total                          Min: 0, Avg:  1.0, Max: 4, Diff: 4, Sum: 4, Workers: 4
[4.414s][debug][gc,phases      ] GC(4)   StringDedup Table Weak         Min:  0.0, Avg:  0.0, Max:  0.0, Diff:  0.0, Sum:  0.0, Workers: 4
[4.414s][debug][gc,phases      ] GC(4)     Dead                           Min: 0, Avg:  0.0, Max: 0, Diff: 0, Sum: 0, Workers: 4
[4.414s][debug][gc,phases      ] GC(4)     Total                          Min: 0, Avg:  0.0, Max: 0, Diff: 0, Sum: 0, Workers: 4
[4.414s][debug][gc,phases      ] GC(4)   StringDedup Requests0 Weak     Min:  0.0, Avg:  0.0, Max:  0.0, Diff:  0.0, Sum:  0.0, Workers: 4
[4.414s][debug][gc,phases      ] GC(4)     Dead                           Min: 0, Avg:  0.0, Max: 0, Diff: 0, Sum: 0, Workers: 4
[4.414s][debug][gc,phases      ] GC(4)     Total                          Min: 0, Avg:  0.0, Max: 0, Diff: 0, Sum: 0, Workers: 4
[4.414s][debug][gc,phases      ] GC(4)   StringDedup Requests1 Weak     Min:  0.0, Avg:  0.0, Max:  0.0, Diff:  0.0, Sum:  0.0, Workers: 4
[4.414s][debug][gc,phases      ] GC(4)     Dead                           Min: 0, Avg:  0.0, Max: 0, Diff: 0, Sum: 0, Workers: 4
[4.414s][debug][gc,phases      ] GC(4)     Total                          Min: 0, Avg:  0.0, Max: 0, Diff: 0, Sum: 0, Workers: 4
[4.414s][debug][gc,phases      ] GC(4)   Weak JFR Old Object Samples    Min:  0.0, Avg:  0.0, Max:  0.0, Diff:  0.0, Sum:  0.0, Workers: 4
[4.414s][debug][gc,phases      ] GC(4)     Dead                           Min: 0, Avg:  0.0, Max: 0, Diff: 0, Sum: 0, Workers: 4
[4.414s][debug][gc,phases      ] GC(4)     Total                          Min: 0, Avg:  0.0, Max: 0, Diff: 0, Sum: 0, Workers: 4
[4.414s][debug][gc,phases      ] GC(4) Weak Processing 0.337ms
[4.414s][debug][gc,phases      ] GC(4) ClassLoaderData 0.156ms
[4.414s][debug][gc,phases      ] GC(4) Trigger cleanups 0.002ms
[4.422s][debug][gc,phases      ] GC(4) Class Unloading 8.075ms
[4.422s][info ][gc,phases      ] GC(4) Marking Phase 112.012ms
[4.422s][info ][gc,phases,start] GC(4) Summary Phase
[4.422s][info ][gc,phases      ] GC(4) Summary Phase 0.027ms
[4.422s][info ][gc,phases,start] GC(4) Adjust Roots
[4.429s][info ][gc,phases      ] GC(4) Adjust Roots 6.982ms
[4.429s][info ][gc,phases,start] GC(4) Compaction Phase
[4.660s][info ][gc,phases      ] GC(4) Compaction Phase 230.647ms
[4.660s][info ][gc,phases,start] GC(4) Post Compact
[4.664s][info ][gc,phases      ] GC(4) Post Compact 3.514ms
[4.664s][info ][gc,heap        ] GC(4) PSYoungGen: 1104497K(1572864K)->170687K(1572864K) Eden: 1048576K(1048576K)->170687K(1048576K) From: 55921K(524288K)->0K(524288K)
[4.664s][info ][gc,heap        ] GC(4) ParOldGen: 6120K(6144K)->6133K(18944K)
[4.664s][info ][gc,metaspace   ] GC(4) Metaspace: 53429K(54016K)->53416K(54016K) NonClass: 45526K(45824K)->45517K(45824K) Class: 7902K(8192K)->7899K(8192K)
[4.664s][info ][gc             ] GC(4) Pause Full (Ergonomics) 1084M->172M(1554M) 353.422ms
[4.664s][info ][gc,cpu         ] GC(4) User=1.26s Sys=0.01s Real=0.35s
[4.666s][info ][safepoint      ] Safepoint "ParallelGCFailedAllocation", Time since last: 3526791 ns, Reaching safepoint: 257206 ns, At safepoint: 356175893 ns, Total: 356433099 ns
[4.678s][info ][safepoint      ] Safepoint "ICBufferFull", Time since last: 11134387 ns, Reaching safepoint: 122304 ns, At safepoint: 28400 ns, Total: 150704 ns
[4.680s][info ][safepoint      ] Safepoint "ICBufferFull", Time since last: 2403962 ns, Reaching safepoint: 110803 ns, At safepoint: 26201 ns, Total: 137004 ns
[4.683s][info ][safepoint      ] Safepoint "ICBufferFull", Time since last: 2328960 ns, Reaching safepoint: 110003 ns, At safepoint: 21600 ns, Total: 131603 ns
[4.683s][info ][safepoint      ] Safepoint "ICBufferFull", Time since last: 441212 ns, Reaching safepoint: 100502 ns, At safepoint: 28301 ns, Total: 128803 ns
[4.683s][info ][safepoint      ] Safepoint "ICBufferFull", Time since last: 129404 ns, Reaching safepoint: 89602 ns, At safepoint: 21600 ns, Total: 111202 ns
[4.696s][info ][safepoint      ] Safepoint "ICBufferFull", Time since last: 12381920 ns, Reaching safepoint: 131003 ns, At safepoint: 26901 ns, Total: 157904 ns
[4.699s][info ][safepoint      ] Safepoint "ICBufferFull", Time since last: 2649568 ns, Reaching safepoint: 162405 ns, At safepoint: 23300 ns, Total: 185705 ns
[4.702s][info ][safepoint      ] Safepoint "ICBufferFull", Time since last: 3365287 ns, Reaching safepoint: 125003 ns, At safepoint: 16601 ns, Total: 141604 ns
[4.705s][info ][safepoint      ] Safepoint "ICBufferFull", Time since last: 2148455 ns, Reaching safepoint: 118503 ns, At safepoint: 25601 ns, Total: 144104 ns
[4.713s][info ][safepoint      ] Safepoint "ICBufferFull", Time since last: 8126810 ns, Reaching safepoint: 144803 ns, At safepoint: 24901 ns, Total: 169704 ns
[4.716s][info ][safepoint      ] Safepoint "ICBufferFull", Time since last: 2553866 ns, Reaching safepoint: 110403 ns, At safepoint: 22700 ns, Total: 133103 ns
[4.719s][info ][safepoint      ] Safepoint "ICBufferFull", Time since last: 2770672 ns, Reaching safepoint: 110003 ns, At safepoint: 24100 ns, Total: 134103 ns
[4.722s][info ][safepoint      ] Safepoint "ICBufferFull", Time since last: 3325786 ns, Reaching safepoint: 99803 ns, At safepoint: 22900 ns, Total: 122703 ns
[4.723s][info ][safepoint      ] Safepoint "ICBufferFull", Time since last: 1291434 ns, Reaching safepoint: 100102 ns, At safepoint: 28001 ns, Total: 128103 ns
[4.728s][info ][safepoint      ] Safepoint "ICBufferFull", Time since last: 4471115 ns, Reaching safepoint: 111703 ns, At safepoint: 26601 ns, Total: 138304 ns
[4.728s][info ][safepoint      ] Safepoint "ICBufferFull", Time since last: 136503 ns, Reaching safepoint: 97303 ns, At safepoint: 24701 ns, Total: 122004 ns
[4.819s][info ][safepoint      ] Safepoint "ICBufferFull", Time since last: 90101225 ns, Reaching safepoint: 217806 ns, At safepoint: 28600 ns, Total: 246406 ns
[4.866s][info ][gc,start       ] GC(5) Pause Young (Allocation Failure)
[4.962s][debug][gc,phases      ] GC(5) Scavenge 96.071ms
[4.962s][debug][gc,ref         ] GC(5) Skipped phase 1 of Reference Processing: no references
[4.962s][debug][gc,ref         ] GC(5) ReferenceProcessor::execute queues: 4, RefProcThreadModel::Multi, marks_oops_alive: false
[4.963s][debug][gc,ref         ] GC(5) Skipped phase 3 of Reference Processing: no references
[4.963s][debug][gc,ref         ] GC(5) ReferenceProcessor::execute queues: 1, RefProcThreadModel::Single, marks_oops_alive: false
[4.963s][debug][gc,phases      ] GC(5) Reference Processing 0.275ms
[4.963s][debug][gc,phases      ] GC(5)   VM Weak                        Min:  0.0, Avg:  0.0, Max:  0.0, Diff:  0.0, Sum:  0.0, Workers: 4
[4.963s][debug][gc,phases      ] GC(5)     Dead                           Min: 0, Avg:  0.0, Max: 0, Diff: 0, Sum: 0, Workers: 4
[4.963s][debug][gc,phases      ] GC(5)     Total                          Min: 0, Avg: 105.2, Max: 377, Diff: 377, Sum: 421, Workers: 4
[4.963s][debug][gc,phases      ] GC(5)   ObjectSynchronizer Weak        Min:  0.0, Avg:  0.0, Max:  0.0, Diff:  0.0, Sum:  0.0, Workers: 4
[4.963s][debug][gc,phases      ] GC(5)     Dead                           Min: 0, Avg:  2.5, Max: 10, Diff: 10, Sum: 10, Workers: 4
[4.963s][debug][gc,phases      ] GC(5)     Total                          Min: 43, Avg: 90.8, Max: 128, Diff: 85, Sum: 363, Workers: 4
[4.963s][debug][gc,phases      ] GC(5)   JVMTI Tag Weak OopStorage      Min:  0.0, Avg:  0.0, Max:  0.0, Diff:  0.0, Sum:  0.0, Workers: 4
[4.963s][debug][gc,phases      ] GC(5)     Dead                           Min: 0, Avg:  0.0, Max: 0, Diff: 0, Sum: 0, Workers: 4
[4.963s][debug][gc,phases      ] GC(5)     Total                          Min: 0, Avg:  0.0, Max: 0, Diff: 0, Sum: 0, Workers: 4
[4.963s][debug][gc,phases      ] GC(5)   StringTable Weak               Min:  0.3, Avg:  0.3, Max:  0.3, Diff:  0.0, Sum:  1.1, Workers: 4
[4.963s][debug][gc,phases      ] GC(5)     Dead                           Min: 0, Avg:  3.2, Max: 13, Diff: 13, Sum: 13, Workers: 4
[4.963s][debug][gc,phases      ] GC(5)     Total                          Min: 8256, Avg: 9542.5, Max: 10343, Diff: 2087, Sum: 38170, Workers: 4
[4.963s][debug][gc,phases      ] GC(5)   ResolvedMethodTable Weak       Min:  0.0, Avg:  0.0, Max:  0.0, Diff:  0.0, Sum:  0.1, Workers: 4
[4.963s][debug][gc,phases      ] GC(5)     Dead                           Min: 0, Avg:  0.0, Max: 0, Diff: 0, Sum: 0, Workers: 4
[4.963s][debug][gc,phases      ] GC(5)     Total                          Min: 1037, Avg: 1188.0, Max: 1375, Diff: 338, Sum: 4752, Workers: 4
[4.963s][debug][gc,phases      ] GC(5)   JNI Weak                       Min:  0.0, Avg:  0.0, Max:  0.0, Diff:  0.0, Sum:  0.0, Workers: 4
[4.963s][debug][gc,phases      ] GC(5)     Dead                           Min: 0, Avg:  0.0, Max: 0, Diff: 0, Sum: 0, Workers: 4
[4.963s][debug][gc,phases      ] GC(5)     Total                          Min: 0, Avg:  1.2, Max: 5, Diff: 5, Sum: 5, Workers: 4
[4.963s][debug][gc,phases      ] GC(5)   StringDedup Table Weak         Min:  0.0, Avg:  0.0, Max:  0.0, Diff:  0.0, Sum:  0.0, Workers: 4
[4.963s][debug][gc,phases      ] GC(5)     Dead                           Min: 0, Avg:  0.0, Max: 0, Diff: 0, Sum: 0, Workers: 4
[4.963s][debug][gc,phases      ] GC(5)     Total                          Min: 0, Avg:  0.0, Max: 0, Diff: 0, Sum: 0, Workers: 4
[4.963s][debug][gc,phases      ] GC(5)   StringDedup Requests0 Weak     Min:  0.0, Avg:  0.0, Max:  0.0, Diff:  0.0, Sum:  0.0, Workers: 4
[4.963s][debug][gc,phases      ] GC(5)     Dead                           Min: 0, Avg:  0.0, Max: 0, Diff: 0, Sum: 0, Workers: 4
[4.963s][debug][gc,phases      ] GC(5)     Total                          Min: 0, Avg:  0.0, Max: 0, Diff: 0, Sum: 0, Workers: 4
[4.963s][debug][gc,phases      ] GC(5)   StringDedup Requests1 Weak     Min:  0.0, Avg:  0.0, Max:  0.0, Diff:  0.0, Sum:  0.0, Workers: 4
[4.963s][debug][gc,phases      ] GC(5)     Dead                           Min: 0, Avg:  0.0, Max: 0, Diff: 0, Sum: 0, Workers: 4
[4.963s][debug][gc,phases      ] GC(5)     Total                          Min: 0, Avg:  0.0, Max: 0, Diff: 0, Sum: 0, Workers: 4
[4.963s][debug][gc,phases      ] GC(5)   Weak JFR Old Object Samples    Min:  0.0, Avg:  0.0, Max:  0.0, Diff:  0.0, Sum:  0.0, Workers: 4
[4.963s][debug][gc,phases      ] GC(5)     Dead                           Min: 0, Avg:  0.0, Max: 0, Diff: 0, Sum: 0, Workers: 4
[4.963s][debug][gc,phases      ] GC(5)     Total                          Min: 0, Avg:  0.0, Max: 0, Diff: 0, Sum: 0, Workers: 4
[4.963s][debug][gc,phases      ] GC(5) Weak Processing 0.514ms
[4.963s][debug][gc,age         ] GC(5) Desired survivor size 536870912 bytes, new threshold 7 (max threshold 15)
[4.963s][info ][gc,heap        ] GC(5) PSYoungGen: 1048576K(1572864K)->179179K(1572864K) Eden: 1048576K(1048576K)->0K(1048576K) From: 0K(524288K)->179179K(524288K)
[4.963s][info ][gc,heap        ] GC(5) ParOldGen: 6133K(18944K)->6141K(18944K)
[4.963s][info ][gc,metaspace   ] GC(5) Metaspace: 53471K(54080K)->53471K(54080K) NonClass: 45565K(45888K)->45565K(45888K) Class: 7905K(8192K)->7905K(8192K)
[4.963s][info ][gc             ] GC(5) Pause Young (Allocation Failure) 1029M->180M(1554M) 96.999ms
[4.963s][info ][gc,cpu         ] GC(5) User=0.34s Sys=0.05s Real=0.10s
[4.963s][info ][safepoint      ] Safepoint "ParallelGCFailedAllocation", Time since last: 47391423 ns, Reaching safepoint: 137604 ns, At safepoint: 97115906 ns, Total: 97253510 ns
[5.117s][info ][safepoint      ] Safepoint "ICBufferFull", Time since last: 153188654 ns, Reaching safepoint: 180005 ns, At safepoint: 25600 ns, Total: 205605 ns
[5.146s][info ][safepoint      ] Safepoint "ICBufferFull", Time since last: 29190454 ns, Reaching safepoint: 150603 ns, At safepoint: 29601 ns, Total: 180204 ns
[5.166s][info ][safepoint      ] Safepoint "ICBufferFull", Time since last: 19503704 ns, Reaching safepoint: 129703 ns, At safepoint: 40901 ns, Total: 170604 ns
[5.186s][info ][gc,start       ] GC(6) Pause Young (Allocation Failure)
[5.279s][debug][gc,phases      ] GC(6) Scavenge 92.326ms
[5.279s][debug][gc,ref         ] GC(6) Skipped phase 1 of Reference Processing: no references
[5.279s][debug][gc,ref         ] GC(6) ReferenceProcessor::execute queues: 4, RefProcThreadModel::Multi, marks_oops_alive: false
[5.279s][debug][gc,ref         ] GC(6) Skipped phase 3 of Reference Processing: no references
[5.279s][debug][gc,ref         ] GC(6) ReferenceProcessor::execute queues: 1, RefProcThreadModel::Single, marks_oops_alive: false
[5.279s][debug][gc,phases      ] GC(6) Reference Processing 0.281ms
[5.279s][debug][gc,phases      ] GC(6)   VM Weak                        Min:  0.0, Avg:  0.0, Max:  0.0, Diff:  0.0, Sum:  0.0, Workers: 4
[5.279s][debug][gc,phases      ] GC(6)     Dead                           Min: 0, Avg:  0.0, Max: 0, Diff: 0, Sum: 0, Workers: 4
[5.279s][debug][gc,phases      ] GC(6)     Total                          Min: 0, Avg: 109.2, Max: 309, Diff: 309, Sum: 437, Workers: 4
[5.279s][debug][gc,phases      ] GC(6)   ObjectSynchronizer Weak        Min:  0.0, Avg:  0.0, Max:  0.0, Diff:  0.0, Sum:  0.0, Workers: 4
[5.279s][debug][gc,phases      ] GC(6)     Dead                           Min: 0, Avg:  0.0, Max: 0, Diff: 0, Sum: 0, Workers: 4
[5.279s][debug][gc,phases      ] GC(6)     Total                          Min: 0, Avg: 90.8, Max: 192, Diff: 192, Sum: 363, Workers: 4
[5.279s][debug][gc,phases      ] GC(6)   JVMTI Tag Weak OopStorage      Min:  0.0, Avg:  0.0, Max:  0.0, Diff:  0.0, Sum:  0.0, Workers: 4
[5.279s][debug][gc,phases      ] GC(6)     Dead                           Min: 0, Avg:  0.0, Max: 0, Diff: 0, Sum: 0, Workers: 4
[5.279s][debug][gc,phases      ] GC(6)     Total                          Min: 0, Avg:  0.0, Max: 0, Diff: 0, Sum: 0, Workers: 4
[5.279s][debug][gc,phases      ] GC(6)   StringTable Weak               Min:  0.3, Avg:  0.3, Max:  0.3, Diff:  0.0, Sum:  1.1, Workers: 4
[5.279s][debug][gc,phases      ] GC(6)     Dead                           Min: 0, Avg:  3.5, Max: 7, Diff: 7, Sum: 14, Workers: 4
[5.279s][debug][gc,phases      ] GC(6)     Total                          Min: 9210, Avg: 9582.5, Max: 10368, Diff: 1158, Sum: 38330, Workers: 4
[5.279s][debug][gc,phases      ] GC(6)   ResolvedMethodTable Weak       Min:  0.0, Avg:  0.0, Max:  0.0, Diff:  0.0, Sum:  0.1, Workers: 4
[5.279s][debug][gc,phases      ] GC(6)     Dead                           Min: 0, Avg:  0.0, Max: 0, Diff: 0, Sum: 0, Workers: 4
[5.279s][debug][gc,phases      ] GC(6)     Total                          Min: 1140, Avg: 1225.2, Max: 1344, Diff: 204, Sum: 4901, Workers: 4
[5.279s][debug][gc,phases      ] GC(6)   JNI Weak                       Min:  0.0, Avg:  0.0, Max:  0.0, Diff:  0.0, Sum:  0.0, Workers: 4
[5.279s][debug][gc,phases      ] GC(6)     Dead                           Min: 0, Avg:  0.0, Max: 0, Diff: 0, Sum: 0, Workers: 4
[5.279s][debug][gc,phases      ] GC(6)     Total                          Min: 0, Avg:  4.8, Max: 19, Diff: 19, Sum: 19, Workers: 4
[5.279s][debug][gc,phases      ] GC(6)   StringDedup Table Weak         Min:  0.0, Avg:  0.0, Max:  0.0, Diff:  0.0, Sum:  0.0, Workers: 4
[5.279s][debug][gc,phases      ] GC(6)     Dead                           Min: 0, Avg:  0.0, Max: 0, Diff: 0, Sum: 0, Workers: 4
[5.279s][debug][gc,phases      ] GC(6)     Total                          Min: 0, Avg:  0.0, Max: 0, Diff: 0, Sum: 0, Workers: 4
[5.279s][debug][gc,phases      ] GC(6)   StringDedup Requests0 Weak     Min:  0.0, Avg:  0.0, Max:  0.0, Diff:  0.0, Sum:  0.0, Workers: 4
[5.279s][debug][gc,phases      ] GC(6)     Dead                           Min: 0, Avg:  0.0, Max: 0, Diff: 0, Sum: 0, Workers: 4
[5.279s][debug][gc,phases      ] GC(6)     Total                          Min: 0, Avg:  0.0, Max: 0, Diff: 0, Sum: 0, Workers: 4
[5.279s][debug][gc,phases      ] GC(6)   StringDedup Requests1 Weak     Min:  0.0, Avg:  0.0, Max:  0.0, Diff:  0.0, Sum:  0.0, Workers: 4
[5.279s][debug][gc,phases      ] GC(6)     Dead                           Min: 0, Avg:  0.0, Max: 0, Diff: 0, Sum: 0, Workers: 4
[5.279s][debug][gc,phases      ] GC(6)     Total                          Min: 0, Avg:  0.0, Max: 0, Diff: 0, Sum: 0, Workers: 4
[5.279s][debug][gc,phases      ] GC(6)   Weak JFR Old Object Samples    Min:  0.0, Avg:  0.0, Max:  0.0, Diff:  0.0, Sum:  0.0, Workers: 4
[5.279s][debug][gc,phases      ] GC(6)     Dead                           Min: 0, Avg:  0.0, Max: 0, Diff: 0, Sum: 0, Workers: 4
[5.279s][debug][gc,phases      ] GC(6)     Total                          Min: 0, Avg:  0.0, Max: 0, Diff: 0, Sum: 0, Workers: 4
[5.279s][debug][gc,phases      ] GC(6) Weak Processing 0.517ms
[5.279s][debug][gc,age         ] GC(6) Desired survivor size 536870912 bytes, new threshold 7 (max threshold 15)
[5.279s][info ][gc,heap        ] GC(6) PSYoungGen: 1227755K(1572864K)->180426K(1572864K) Eden: 1048576K(1048576K)->0K(1048576K) From: 179179K(524288K)->180426K(524288K)
[5.279s][info ][gc,heap        ] GC(6) ParOldGen: 6141K(18944K)->6149K(18944K)
[5.280s][info ][gc,metaspace   ] GC(6) Metaspace: 53894K(54528K)->53894K(54528K) NonClass: 45908K(46272K)->45908K(46272K) Class: 7985K(8256K)->7985K(8256K)
[5.280s][info ][gc             ] GC(6) Pause Young (Allocation Failure) 1204M->182M(1554M) 93.271ms
[5.280s][info ][gc,cpu         ] GC(6) User=0.36s Sys=0.06s Real=0.10s
[5.280s][info ][safepoint      ] Safepoint "ParallelGCFailedAllocation", Time since last: 20381726 ns, Reaching safepoint: 144804 ns, At safepoint: 93389910 ns, Total: 93534714 ns
[5.304s][info ][safepoint      ] Safepoint "ICBufferFull", Time since last: 21383452 ns, Reaching safepoint: 3189682 ns, At safepoint: 35901 ns, Total: 3225583 ns
[5.310s][info ][safepoint      ] Safepoint "ICBufferFull", Time since last: 6079357 ns, Reaching safepoint: 131803 ns, At safepoint: 29601 ns, Total: 161404 ns
[5.334s][info ][safepoint      ] Safepoint "ICBufferFull", Time since last: 23490006 ns, Reaching safepoint: 124604 ns, At safepoint: 28200 ns, Total: 152804 ns
[5.345s][info ][safepoint      ] Safepoint "ICBufferFull", Time since last: 10157763 ns, Reaching safepoint: 767119 ns, At safepoint: 22501 ns, Total: 789620 ns
[5.352s][info ][safepoint      ] Safepoint "ICBufferFull", Time since last: 7154785 ns, Reaching safepoint: 132103 ns, At safepoint: 21501 ns, Total: 153604 ns
[5.379s][info ][safepoint      ] Safepoint "ICBufferFull", Time since last: 26291778 ns, Reaching safepoint: 822421 ns, At safepoint: 22301 ns, Total: 844722 ns
[5.397s][info ][safepoint      ] Safepoint "ICBufferFull", Time since last: 17426950 ns, Reaching safepoint: 123003 ns, At safepoint: 22500 ns, Total: 145503 ns
[5.414s][info ][safepoint      ] Safepoint "ICBufferFull", Time since last: 16360723 ns, Reaching safepoint: 123303 ns, At safepoint: 20200 ns, Total: 143503 ns
[5.427s][info ][safepoint      ] Safepoint "ICBufferFull", Time since last: 13404746 ns, Reaching safepoint: 126104 ns, At safepoint: 23900 ns, Total: 150004 ns
[5.432s][info ][safepoint      ] Safepoint "ICBufferFull", Time since last: 4564418 ns, Reaching safepoint: 116803 ns, At safepoint: 46201 ns, Total: 163004 ns
[5.437s][info ][safepoint      ] Safepoint "ICBufferFull", Time since last: 5160033 ns, Reaching safepoint: 119303 ns, At safepoint: 29001 ns, Total: 148304 ns
[5.448s][info ][safepoint      ] Safepoint "ICBufferFull", Time since last: 10233464 ns, Reaching safepoint: 125304 ns, At safepoint: 25700 ns, Total: 151004 ns
[5.464s][info ][safepoint      ] Safepoint "ICBufferFull", Time since last: 16068315 ns, Reaching safepoint: 124403 ns, At safepoint: 21401 ns, Total: 145804 ns
[5.471s][info ][safepoint      ] Safepoint "ICBufferFull", Time since last: 6509768 ns, Reaching safepoint: 1039526 ns, At safepoint: 27001 ns, Total: 1066527 ns
[5.492s][info ][safepoint      ] Safepoint "ICBufferFull", Time since last: 16494426 ns, Reaching safepoint: 4260310 ns, At safepoint: 31301 ns, Total: 4291611 ns
[5.508s][info ][safepoint      ] Safepoint "ICBufferFull", Time since last: 15660104 ns, Reaching safepoint: 108103 ns, At safepoint: 24900 ns, Total: 133003 ns
[5.523s][info ][safepoint      ] Safepoint "ICBufferFull", Time since last: 14550276 ns, Reaching safepoint: 124603 ns, At safepoint: 27201 ns, Total: 151804 ns
[5.539s][info ][safepoint      ] Safepoint "ICBufferFull", Time since last: 16010513 ns, Reaching safepoint: 123603 ns, At safepoint: 25801 ns, Total: 149404 ns
[5.541s][info ][safepoint      ] Safepoint "ICBufferFull", Time since last: 2543165 ns, Reaching safepoint: 112003 ns, At safepoint: 23001 ns, Total: 135004 ns
[5.544s][info ][safepoint      ] Safepoint "ICBufferFull", Time since last: 2378061 ns, Reaching safepoint: 108203 ns, At safepoint: 18800 ns, Total: 127003 ns
[5.546s][info ][safepoint      ] Safepoint "ICBufferFull", Time since last: 2303960 ns, Reaching safepoint: 108703 ns, At safepoint: 20900 ns, Total: 129603 ns
[5.549s][info ][safepoint      ] Safepoint "ICBufferFull", Time since last: 2370761 ns, Reaching safepoint: 469912 ns, At safepoint: 19801 ns, Total: 489713 ns
[5.552s][info ][safepoint      ] Safepoint "ICBufferFull", Time since last: 2776172 ns, Reaching safepoint: 304908 ns, At safepoint: 24800 ns, Total: 329708 ns
[5.555s][info ][safepoint      ] Safepoint "ICBufferFull", Time since last: 2286459 ns, Reaching safepoint: 108703 ns, At safepoint: 28901 ns, Total: 137604 ns
[5.563s][info ][safepoint      ] Safepoint "ICBufferFull", Time since last: 7950705 ns, Reaching safepoint: 119503 ns, At safepoint: 25601 ns, Total: 145104 ns
[5.570s][info ][safepoint      ] Safepoint "ICBufferFull", Time since last: 6813975 ns, Reaching safepoint: 269307 ns, At safepoint: 21301 ns, Total: 290608 ns
[5.572s][info ][safepoint      ] Safepoint "ICBufferFull", Time since last: 2276159 ns, Reaching safepoint: 99202 ns, At safepoint: 23501 ns, Total: 122703 ns
[5.588s][info ][safepoint      ] Safepoint "ICBufferFull", Time since last: 12851732 ns, Reaching safepoint: 3184682 ns, At safepoint: 23900 ns, Total: 3208582 ns
[5.592s][info ][safepoint      ] Safepoint "ICBufferFull", Time since last: 3455689 ns, Reaching safepoint: 105703 ns, At safepoint: 23301 ns, Total: 129004 ns
[5.607s][info ][safepoint      ] Safepoint "ICBufferFull", Time since last: 12549924 ns, Reaching safepoint: 2147255 ns, At safepoint: 27301 ns, Total: 2174556 ns
[5.669s][info ][safepoint      ] Safepoint "ICBufferFull", Time since last: 61632590 ns, Reaching safepoint: 138104 ns, At safepoint: 23600 ns, Total: 161704 ns
[5.688s][info ][gc,start       ] GC(7) Pause Young (Allocation Failure)
[5.765s][debug][gc,phases      ] GC(7) Scavenge 76.336ms
[5.765s][debug][gc,ref         ] GC(7) Skipped phase 1 of Reference Processing: no references
[5.765s][debug][gc,ref         ] GC(7) ReferenceProcessor::execute queues: 4, RefProcThreadModel::Multi, marks_oops_alive: false
[5.765s][debug][gc,ref         ] GC(7) Skipped phase 3 of Reference Processing: no references
[5.765s][debug][gc,ref         ] GC(7) ReferenceProcessor::execute queues: 1, RefProcThreadModel::Single, marks_oops_alive: false
[5.765s][debug][gc,phases      ] GC(7) Reference Processing 0.316ms
[5.765s][debug][gc,phases      ] GC(7)   VM Weak                        Min:  0.0, Avg:  0.0, Max:  0.0, Diff:  0.0, Sum:  0.0, Workers: 4
[5.765s][debug][gc,phases      ] GC(7)     Dead                           Min: 0, Avg:  0.0, Max: 0, Diff: 0, Sum: 0, Workers: 4
[5.765s][debug][gc,phases      ] GC(7)     Total                          Min: 0, Avg: 109.2, Max: 373, Diff: 373, Sum: 437, Workers: 4
[5.766s][debug][gc,phases      ] GC(7)   ObjectSynchronizer Weak        Min:  0.0, Avg:  0.0, Max:  0.0, Diff:  0.0, Sum:  0.0, Workers: 4
[5.766s][debug][gc,phases      ] GC(7)     Dead                           Min: 0, Avg:  0.2, Max: 1, Diff: 1, Sum: 1, Workers: 4
[5.766s][debug][gc,phases      ] GC(7)     Total                          Min: 0, Avg: 90.8, Max: 171, Diff: 171, Sum: 363, Workers: 4
[5.766s][debug][gc,phases      ] GC(7)   JVMTI Tag Weak OopStorage      Min:  0.0, Avg:  0.0, Max:  0.0, Diff:  0.0, Sum:  0.0, Workers: 4
[5.766s][debug][gc,phases      ] GC(7)     Dead                           Min: 0, Avg:  0.0, Max: 0, Diff: 0, Sum: 0, Workers: 4
[5.766s][debug][gc,phases      ] GC(7)     Total                          Min: 0, Avg:  0.0, Max: 0, Diff: 0, Sum: 0, Workers: 4
[5.766s][debug][gc,phases      ] GC(7)   StringTable Weak               Min:  0.3, Avg:  0.3, Max:  0.3, Diff:  0.0, Sum:  1.3, Workers: 4
[5.766s][debug][gc,phases      ] GC(7)     Dead                           Min: 0, Avg:  3.2, Max: 13, Diff: 13, Sum: 13, Workers: 4
[5.766s][debug][gc,phases      ] GC(7)     Total                          Min: 7994, Avg: 9591.5, Max: 11392, Diff: 3398, Sum: 38366, Workers: 4
[5.766s][debug][gc,phases      ] GC(7)   ResolvedMethodTable Weak       Min:  0.0, Avg:  0.0, Max:  0.1, Diff:  0.0, Sum:  0.2, Workers: 4
[5.766s][debug][gc,phases      ] GC(7)     Dead                           Min: 0, Avg:  0.0, Max: 0, Diff: 0, Sum: 0, Workers: 4
[5.766s][debug][gc,phases      ] GC(7)     Total                          Min: 825, Avg: 1228.8, Max: 1596, Diff: 771, Sum: 4915, Workers: 4
[5.766s][debug][gc,phases      ] GC(7)   JNI Weak                       Min:  0.0, Avg:  0.0, Max:  0.0, Diff:  0.0, Sum:  0.0, Workers: 4
[5.766s][debug][gc,phases      ] GC(7)     Dead                           Min: 0, Avg:  0.0, Max: 0, Diff: 0, Sum: 0, Workers: 4
[5.766s][debug][gc,phases      ] GC(7)     Total                          Min: 0, Avg:  1.5, Max: 6, Diff: 6, Sum: 6, Workers: 4
[5.766s][debug][gc,phases      ] GC(7)   StringDedup Table Weak         Min:  0.0, Avg:  0.0, Max:  0.0, Diff:  0.0, Sum:  0.0, Workers: 4
[5.766s][debug][gc,phases      ] GC(7)     Dead                           Min: 0, Avg:  0.0, Max: 0, Diff: 0, Sum: 0, Workers: 4
[5.766s][debug][gc,phases      ] GC(7)     Total                          Min: 0, Avg:  0.0, Max: 0, Diff: 0, Sum: 0, Workers: 4
[5.766s][debug][gc,phases      ] GC(7)   StringDedup Requests0 Weak     Min:  0.0, Avg:  0.0, Max:  0.0, Diff:  0.0, Sum:  0.0, Workers: 4
[5.766s][debug][gc,phases      ] GC(7)     Dead                           Min: 0, Avg:  0.0, Max: 0, Diff: 0, Sum: 0, Workers: 4
[5.766s][debug][gc,phases      ] GC(7)     Total                          Min: 0, Avg:  0.0, Max: 0, Diff: 0, Sum: 0, Workers: 4
[5.766s][debug][gc,phases      ] GC(7)   StringDedup Requests1 Weak     Min:  0.0, Avg:  0.0, Max:  0.0, Diff:  0.0, Sum:  0.0, Workers: 4
[5.766s][debug][gc,phases      ] GC(7)     Dead                           Min: 0, Avg:  0.0, Max: 0, Diff: 0, Sum: 0, Workers: 4
[5.766s][debug][gc,phases      ] GC(7)     Total                          Min: 0, Avg:  0.0, Max: 0, Diff: 0, Sum: 0, Workers: 4
[5.766s][debug][gc,phases      ] GC(7)   Weak JFR Old Object Samples    Min:  0.0, Avg:  0.0, Max:  0.0, Diff:  0.0, Sum:  0.0, Workers: 4
[5.766s][debug][gc,phases      ] GC(7)     Dead                           Min: 0, Avg:  0.0, Max: 0, Diff: 0, Sum: 0, Workers: 4
[5.766s][debug][gc,phases      ] GC(7)     Total                          Min: 0, Avg:  0.0, Max: 0, Diff: 0, Sum: 0, Workers: 4
[5.766s][debug][gc,phases      ] GC(7) Weak Processing 0.567ms
[5.766s][debug][gc,age         ] GC(7) Desired survivor size 277872640 bytes, new threshold 8 (max threshold 15)
[5.766s][info ][gc,heap        ] GC(7) PSYoungGen: 1229002K(1572864K)->183130K(1825792K) Eden: 1048576K(1048576K)->0K(1301504K) From: 180426K(524288K)->183130K(524288K)
[5.766s][info ][gc,heap        ] GC(7) ParOldGen: 6149K(18944K)->6157K(18944K)
[5.766s][info ][gc,metaspace   ] GC(7) Metaspace: 54063K(54656K)->54063K(54656K) NonClass: 46070K(46400K)->46070K(46400K) Class: 7993K(8256K)->7993K(8256K)
[5.766s][info ][gc             ] GC(7) Pause Young (Allocation Failure) 1206M->184M(1801M) 77.358ms
[5.766s][info ][gc,cpu         ] GC(7) User=0.31s Sys=0.00s Real=0.07s
[5.766s][info ][safepoint      ] Safepoint "ParallelGCFailedAllocation", Time since last: 16535127 ns, Reaching safepoint: 3189982 ns, At safepoint: 77475100 ns, Total: 80665082 ns
[5.788s][info ][safepoint      ] Safepoint "ICBufferFull", Time since last: 20476928 ns, Reaching safepoint: 2171856 ns, At safepoint: 33201 ns, Total: 2205057 ns
[5.809s][info ][safepoint      ] Safepoint "ICBufferFull", Time since last: 20924240 ns, Reaching safepoint: 118503 ns, At safepoint: 30601 ns, Total: 149104 ns
[5.877s][info ][safepoint      ] Safepoint "ICBufferFull", Time since last: 67224935 ns, Reaching safepoint: 144803 ns, At safepoint: 24601 ns, Total: 169404 ns
[5.878s][info ][safepoint      ] Safepoint "ICBufferFull", Time since last: 721719 ns, Reaching safepoint: 98302 ns, At safepoint: 24201 ns, Total: 122503 ns
[5.879s][info ][safepoint      ] Safepoint "ICBufferFull", Time since last: 669517 ns, Reaching safepoint: 93403 ns, At safepoint: 23200 ns, Total: 116603 ns
[5.879s][info ][safepoint      ] Safepoint "ICBufferFull", Time since last: 652417 ns, Reaching safepoint: 97003 ns, At safepoint: 24400 ns, Total: 121403 ns
[5.880s][info ][safepoint      ] Safepoint "ICBufferFull", Time since last: 892223 ns, Reaching safepoint: 84502 ns, At safepoint: 20301 ns, Total: 104803 ns
[5.881s][info ][safepoint      ] Safepoint "ICBufferFull", Time since last: 684318 ns, Reaching safepoint: 100502 ns, At safepoint: 26901 ns, Total: 127403 ns
[5.882s][info ][safepoint      ] Safepoint "ICBufferFull", Time since last: 655117 ns, Reaching safepoint: 86502 ns, At safepoint: 29101 ns, Total: 115603 ns
[5.883s][info ][safepoint      ] Safepoint "ICBufferFull", Time since last: 644016 ns, Reaching safepoint: 89503 ns, At safepoint: 31100 ns, Total: 120603 ns
[5.883s][info ][safepoint      ] Safepoint "ICBufferFull", Time since last: 655317 ns, Reaching safepoint: 86703 ns, At safepoint: 24800 ns, Total: 111503 ns
[5.896s][info ][safepoint      ] Safepoint "ICBufferFull", Time since last: 8450318 ns, Reaching safepoint: 4277511 ns, At safepoint: 30400 ns, Total: 4307911 ns
[5.897s][info ][safepoint      ] Safepoint "ICBufferFull", Time since last: 560815 ns, Reaching safepoint: 97002 ns, At safepoint: 24801 ns, Total: 121803 ns
[5.898s][info ][safepoint      ] Safepoint "ICBufferFull", Time since last: 658517 ns, Reaching safepoint: 98203 ns, At safepoint: 23200 ns, Total: 121403 ns
[5.898s][info ][safepoint      ] Safepoint "ICBufferFull", Time since last: 700218 ns, Reaching safepoint: 98303 ns, At safepoint: 20700 ns, Total: 119003 ns
[5.899s][info ][safepoint      ] Safepoint "ICBufferFull", Time since last: 673118 ns, Reaching safepoint: 96902 ns, At safepoint: 21901 ns, Total: 118803 ns
[5.900s][info ][safepoint      ] Safepoint "ICBufferFull", Time since last: 679017 ns, Reaching safepoint: 87403 ns, At safepoint: 24600 ns, Total: 112003 ns
[5.901s][info ][safepoint      ] Safepoint "ICBufferFull", Time since last: 681918 ns, Reaching safepoint: 99002 ns, At safepoint: 24301 ns, Total: 123303 ns
[5.902s][info ][safepoint      ] Safepoint "ICBufferFull", Time since last: 645717 ns, Reaching safepoint: 113003 ns, At safepoint: 33800 ns, Total: 146803 ns
[5.902s][info ][safepoint      ] Safepoint "ICBufferFull", Time since last: 669018 ns, Reaching safepoint: 93802 ns, At safepoint: 23701 ns, Total: 117503 ns
[5.903s][info ][safepoint      ] Safepoint "ICBufferFull", Time since last: 644816 ns, Reaching safepoint: 92003 ns, At safepoint: 21100 ns, Total: 113103 ns
[5.904s][info ][safepoint      ] Safepoint "ICBufferFull", Time since last: 628017 ns, Reaching safepoint: 105202 ns, At safepoint: 26301 ns, Total: 131503 ns
[5.905s][info ][safepoint      ] Safepoint "ICBufferFull", Time since last: 647117 ns, Reaching safepoint: 96502 ns, At safepoint: 24101 ns, Total: 120603 ns
[5.905s][info ][safepoint      ] Safepoint "ICBufferFull", Time since last: 626616 ns, Reaching safepoint: 92402 ns, At safepoint: 22201 ns, Total: 114603 ns
[5.906s][info ][safepoint      ] Safepoint "ICBufferFull", Time since last: 627516 ns, Reaching safepoint: 89902 ns, At safepoint: 21301 ns, Total: 111203 ns
[5.908s][info ][safepoint      ] Safepoint "ICBufferFull", Time since last: 1656343 ns, Reaching safepoint: 90802 ns, At safepoint: 25601 ns, Total: 116403 ns
[5.909s][info ][safepoint      ] Safepoint "ICBufferFull", Time since last: 673317 ns, Reaching safepoint: 94402 ns, At safepoint: 27001 ns, Total: 121403 ns
[5.910s][info ][safepoint      ] Safepoint "ICBufferFull", Time since last: 657417 ns, Reaching safepoint: 524314 ns, At safepoint: 22100 ns, Total: 546414 ns
[5.911s][info ][safepoint      ] Safepoint "ICBufferFull", Time since last: 669918 ns, Reaching safepoint: 88402 ns, At safepoint: 24500 ns, Total: 112902 ns
[5.912s][info ][safepoint      ] Safepoint "ICBufferFull", Time since last: 660617 ns, Reaching safepoint: 105003 ns, At safepoint: 24901 ns, Total: 129904 ns
[5.919s][info ][safepoint      ] Safepoint "ICBufferFull", Time since last: 7198386 ns, Reaching safepoint: 106702 ns, At safepoint: 27901 ns, Total: 134603 ns
[5.920s][info ][safepoint      ] Safepoint "ICBufferFull", Time since last: 680518 ns, Reaching safepoint: 91102 ns, At safepoint: 30201 ns, Total: 121303 ns
[5.920s][info ][safepoint      ] Safepoint "ICBufferFull", Time since last: 659217 ns, Reaching safepoint: 87602 ns, At safepoint: 28001 ns, Total: 115603 ns
[5.921s][info ][safepoint      ] Safepoint "ICBufferFull", Time since last: 645316 ns, Reaching safepoint: 87503 ns, At safepoint: 27200 ns, Total: 114703 ns
[5.925s][info ][safepoint      ] Safepoint "ICBufferFull", Time since last: 3673495 ns, Reaching safepoint: 112103 ns, At safepoint: 21701 ns, Total: 133804 ns
[5.933s][info ][safepoint      ] Safepoint "ICBufferFull", Time since last: 7996706 ns, Reaching safepoint: 96402 ns, At safepoint: 26801 ns, Total: 123203 ns
[5.934s][info ][safepoint      ] Safepoint "ICBufferFull", Time since last: 687418 ns, Reaching safepoint: 93602 ns, At safepoint: 23901 ns, Total: 117503 ns
[5.935s][info ][safepoint      ] Safepoint "ICBufferFull", Time since last: 678717 ns, Reaching safepoint: 105803 ns, At safepoint: 23201 ns, Total: 129004 ns
[5.936s][info ][safepoint      ] Safepoint "ICBufferFull", Time since last: 657317 ns, Reaching safepoint: 101702 ns, At safepoint: 21301 ns, Total: 123003 ns
[5.941s][info ][safepoint      ] Safepoint "ICBufferFull", Time since last: 755419 ns, Reaching safepoint: 4248810 ns, At safepoint: 28401 ns, Total: 4277211 ns
[5.941s][info ][safepoint      ] Safepoint "ICBufferFull", Time since last: 788720 ns, Reaching safepoint: 109303 ns, At safepoint: 19400 ns, Total: 128703 ns
[5.942s][info ][safepoint      ] Safepoint "ICBufferFull", Time since last: 656417 ns, Reaching safepoint: 108503 ns, At safepoint: 21601 ns, Total: 130104 ns
[5.943s][info ][safepoint      ] Safepoint "ICBufferFull", Time since last: 607015 ns, Reaching safepoint: 104803 ns, At safepoint: 19601 ns, Total: 124404 ns
[5.944s][info ][safepoint      ] Safepoint "ICBufferFull", Time since last: 602515 ns, Reaching safepoint: 88102 ns, At safepoint: 20901 ns, Total: 109003 ns
[5.945s][info ][safepoint      ] Safepoint "ICBufferFull", Time since last: 705418 ns, Reaching safepoint: 91103 ns, At safepoint: 17500 ns, Total: 108603 ns
[5.945s][info ][safepoint      ] Safepoint "ICBufferFull", Time since last: 618416 ns, Reaching safepoint: 93802 ns, At safepoint: 21301 ns, Total: 115103 ns
[5.946s][info ][safepoint      ] Safepoint "ICBufferFull", Time since last: 652617 ns, Reaching safepoint: 88002 ns, At safepoint: 21801 ns, Total: 109803 ns
[5.947s][info ][safepoint      ] Safepoint "ICBufferFull", Time since last: 664517 ns, Reaching safepoint: 89802 ns, At safepoint: 22601 ns, Total: 112403 ns
[5.948s][info ][safepoint      ] Safepoint "ICBufferFull", Time since last: 639316 ns, Reaching safepoint: 87802 ns, At safepoint: 19701 ns, Total: 107503 ns
[5.948s][info ][safepoint      ] Safepoint "ICBufferFull", Time since last: 674517 ns, Reaching safepoint: 87903 ns, At safepoint: 20500 ns, Total: 108403 ns
[5.949s][info ][safepoint      ] Safepoint "ICBufferFull", Time since last: 661317 ns, Reaching safepoint: 94103 ns, At safepoint: 23100 ns, Total: 117203 ns
[5.950s][info ][safepoint      ] Safepoint "ICBufferFull", Time since last: 681818 ns, Reaching safepoint: 92102 ns, At safepoint: 22401 ns, Total: 114503 ns
[5.951s][info ][safepoint      ] Safepoint "ICBufferFull", Time since last: 652517 ns, Reaching safepoint: 89402 ns, At safepoint: 21400 ns, Total: 110802 ns
[5.951s][info ][safepoint      ] Safepoint "ICBufferFull", Time since last: 652217 ns, Reaching safepoint: 92103 ns, At safepoint: 21500 ns, Total: 113603 ns
[5.952s][info ][safepoint      ] Safepoint "ICBufferFull", Time since last: 680918 ns, Reaching safepoint: 91102 ns, At safepoint: 21401 ns, Total: 112503 ns
[5.953s][info ][safepoint      ] Safepoint "ICBufferFull", Time since last: 647916 ns, Reaching safepoint: 89803 ns, At safepoint: 21600 ns, Total: 111403 ns
[5.954s][info ][safepoint      ] Safepoint "ICBufferFull", Time since last: 655717 ns, Reaching safepoint: 90103 ns, At safepoint: 22400 ns, Total: 112503 ns
[5.955s][info ][safepoint      ] Safepoint "ICBufferFull", Time since last: 666517 ns, Reaching safepoint: 88003 ns, At safepoint: 21400 ns, Total: 109403 ns
[5.955s][info ][safepoint      ] Safepoint "ICBufferFull", Time since last: 669117 ns, Reaching safepoint: 88903 ns, At safepoint: 20500 ns, Total: 109403 ns
[5.958s][info ][safepoint      ] Safepoint "ICBufferFull", Time since last: 3004278 ns, Reaching safepoint: 96302 ns, At safepoint: 19901 ns, Total: 116203 ns
[5.959s][info ][safepoint      ] Safepoint "ICBufferFull", Time since last: 697318 ns, Reaching safepoint: 91402 ns, At safepoint: 20801 ns, Total: 112203 ns
[5.960s][info ][safepoint      ] Safepoint "ICBufferFull", Time since last: 698818 ns, Reaching safepoint: 88502 ns, At safepoint: 22901 ns, Total: 111403 ns
[5.966s][info ][safepoint      ] Safepoint "ICBufferFull", Time since last: 6117457 ns, Reaching safepoint: 94103 ns, At safepoint: 23700 ns, Total: 117803 ns
[5.967s][info ][safepoint      ] Safepoint "ICBufferFull", Time since last: 695118 ns, Reaching safepoint: 100203 ns, At safepoint: 24001 ns, Total: 124204 ns
[5.968s][info ][safepoint      ] Safepoint "ICBufferFull", Time since last: 740019 ns, Reaching safepoint: 85402 ns, At safepoint: 22300 ns, Total: 107702 ns
[5.969s][info ][safepoint      ] Safepoint "ICBufferFull", Time since last: 692618 ns, Reaching safepoint: 102403 ns, At safepoint: 28101 ns, Total: 130504 ns
[5.970s][info ][safepoint      ] Safepoint "ICBufferFull", Time since last: 707218 ns, Reaching safepoint: 89202 ns, At safepoint: 21301 ns, Total: 110503 ns
[5.970s][info ][safepoint      ] Safepoint "ICBufferFull", Time since last: 654817 ns, Reaching safepoint: 87302 ns, At safepoint: 19600 ns, Total: 106902 ns
[5.971s][info ][safepoint      ] Safepoint "ICBufferFull", Time since last: 655517 ns, Reaching safepoint: 88703 ns, At safepoint: 21500 ns, Total: 110203 ns
[5.972s][info ][safepoint      ] Safepoint "ICBufferFull", Time since last: 694718 ns, Reaching safepoint: 89002 ns, At safepoint: 19001 ns, Total: 108003 ns
[5.979s][info ][safepoint      ] Safepoint "ICBufferFull", Time since last: 6513068 ns, Reaching safepoint: 106403 ns, At safepoint: 21600 ns, Total: 128003 ns
[5.979s][info ][safepoint      ] Safepoint "ICBufferFull", Time since last: 682718 ns, Reaching safepoint: 96802 ns, At safepoint: 21701 ns, Total: 118503 ns
[5.980s][info ][safepoint      ] Safepoint "ICBufferFull", Time since last: 689018 ns, Reaching safepoint: 89102 ns, At safepoint: 22901 ns, Total: 112003 ns
[5.981s][info ][safepoint      ] Safepoint "ICBufferFull", Time since last: 656417 ns, Reaching safepoint: 88902 ns, At safepoint: 20600 ns, Total: 109502 ns
[5.982s][info ][safepoint      ] Safepoint "ICBufferFull", Time since last: 647017 ns, Reaching safepoint: 88602 ns, At safepoint: 24201 ns, Total: 112803 ns
[5.982s][info ][safepoint      ] Safepoint "ICBufferFull", Time since last: 683018 ns, Reaching safepoint: 89002 ns, At safepoint: 18300 ns, Total: 107302 ns
[5.983s][info ][safepoint      ] Safepoint "ICBufferFull", Time since last: 682618 ns, Reaching safepoint: 89902 ns, At safepoint: 23501 ns, Total: 113403 ns
[5.984s][info ][safepoint      ] Safepoint "ICBufferFull", Time since last: 660817 ns, Reaching safepoint: 88202 ns, At safepoint: 23001 ns, Total: 111203 ns
[5.985s][info ][safepoint      ] Safepoint "ICBufferFull", Time since last: 661317 ns, Reaching safepoint: 94402 ns, At safepoint: 24701 ns, Total: 119103 ns
[5.989s][info ][safepoint      ] Safepoint "ICBufferFull", Time since last: 839222 ns, Reaching safepoint: 3189582 ns, At safepoint: 28001 ns, Total: 3217583 ns
[5.992s][info ][safepoint      ] Safepoint "ICBufferFull", Time since last: 2745471 ns, Reaching safepoint: 119603 ns, At safepoint: 22100 ns, Total: 141703 ns
[5.993s][info ][safepoint      ] Safepoint "ICBufferFull", Time since last: 645317 ns, Reaching safepoint: 92202 ns, At safepoint: 17401 ns, Total: 109603 ns
[5.993s][info ][safepoint      ] Safepoint "ICBufferFull", Time since last: 620316 ns, Reaching safepoint: 90302 ns, At safepoint: 15200 ns, Total: 105502 ns
[6.001s][info ][safepoint      ] Safepoint "ICBufferFull", Time since last: 8033708 ns, Reaching safepoint: 123603 ns, At safepoint: 27001 ns, Total: 150604 ns
[6.002s][info ][safepoint      ] Safepoint "ICBufferFull", Time since last: 716318 ns, Reaching safepoint: 110203 ns, At safepoint: 24101 ns, Total: 134304 ns
[6.003s][info ][safepoint      ] Safepoint "ICBufferFull", Time since last: 680117 ns, Reaching safepoint: 96403 ns, At safepoint: 19800 ns, Total: 116203 ns
[6.004s][info ][safepoint      ] Safepoint "ICBufferFull", Time since last: 665117 ns, Reaching safepoint: 168805 ns, At safepoint: 20500 ns, Total: 189305 ns
[6.005s][info ][safepoint      ] Safepoint "ICBufferFull", Time since last: 658517 ns, Reaching safepoint: 97303 ns, At safepoint: 21400 ns, Total: 118703 ns
[6.005s][info ][safepoint      ] Safepoint "ICBufferFull", Time since last: 670118 ns, Reaching safepoint: 97102 ns, At safepoint: 21101 ns, Total: 118203 ns
[6.006s][info ][safepoint      ] Safepoint "ICBufferFull", Time since last: 655417 ns, Reaching safepoint: 104102 ns, At safepoint: 22401 ns, Total: 126503 ns
[6.007s][info ][safepoint      ] Safepoint "ICBufferFull", Time since last: 656917 ns, Reaching safepoint: 96102 ns, At safepoint: 21001 ns, Total: 117103 ns
[6.008s][info ][safepoint      ] Safepoint "ICBufferFull", Time since last: 659317 ns, Reaching safepoint: 91902 ns, At safepoint: 32201 ns, Total: 124103 ns
[6.012s][info ][safepoint      ] Safepoint "ICBufferFull", Time since last: 4020504 ns, Reaching safepoint: 108803 ns, At safepoint: 20500 ns, Total: 129303 ns
[6.017s][info ][safepoint      ] Safepoint "ICBufferFull", Time since last: 4580618 ns, Reaching safepoint: 103003 ns, At safepoint: 22000 ns, Total: 125003 ns
[6.018s][info ][safepoint      ] Safepoint "ICBufferFull", Time since last: 763420 ns, Reaching safepoint: 98203 ns, At safepoint: 20200 ns, Total: 118403 ns
[6.018s][info ][safepoint      ] Safepoint "ICBufferFull", Time since last: 670918 ns, Reaching safepoint: 98102 ns, At safepoint: 23301 ns, Total: 121403 ns
[6.019s][info ][safepoint      ] Safepoint "ICBufferFull", Time since last: 671117 ns, Reaching safepoint: 99703 ns, At safepoint: 19000 ns, Total: 118703 ns
[6.020s][info ][safepoint      ] Safepoint "ICBufferFull", Time since last: 650417 ns, Reaching safepoint: 99502 ns, At safepoint: 22801 ns, Total: 122303 ns
[6.021s][info ][safepoint      ] Safepoint "ICBufferFull", Time since last: 646917 ns, Reaching safepoint: 97002 ns, At safepoint: 22101 ns, Total: 119103 ns
[6.021s][info ][safepoint      ] Safepoint "ICBufferFull", Time since last: 691018 ns, Reaching safepoint: 89702 ns, At safepoint: 21200 ns, Total: 110902 ns
[6.022s][info ][safepoint      ] Safepoint "ICBufferFull", Time since last: 510314 ns, Reaching safepoint: 97502 ns, At safepoint: 15901 ns, Total: 113403 ns
[6.023s][info ][safepoint      ] Safepoint "ICBufferFull", Time since last: 504713 ns, Reaching safepoint: 89402 ns, At safepoint: 19600 ns, Total: 109002 ns
[6.023s][info ][safepoint      ] Safepoint "ICBufferFull", Time since last: 541314 ns, Reaching safepoint: 155604 ns, At safepoint: 26201 ns, Total: 181805 ns
[6.024s][info ][safepoint      ] Safepoint "ICBufferFull", Time since last: 682318 ns, Reaching safepoint: 103602 ns, At safepoint: 27701 ns, Total: 131303 ns
[6.025s][info ][safepoint      ] Safepoint "ICBufferFull", Time since last: 657917 ns, Reaching safepoint: 99603 ns, At safepoint: 22100 ns, Total: 121703 ns
[6.026s][info ][safepoint      ] Safepoint "ICBufferFull", Time since last: 665117 ns, Reaching safepoint: 90103 ns, At safepoint: 26800 ns, Total: 116903 ns
[6.027s][info ][safepoint      ] Safepoint "ICBufferFull", Time since last: 647517 ns, Reaching safepoint: 164104 ns, At safepoint: 25901 ns, Total: 190005 ns
[6.027s][info ][safepoint      ] Safepoint "ICBufferFull", Time since last: 691718 ns, Reaching safepoint: 97002 ns, At safepoint: 26901 ns, Total: 123903 ns
[6.028s][info ][safepoint      ] Safepoint "ICBufferFull", Time since last: 665917 ns, Reaching safepoint: 96603 ns, At safepoint: 25400 ns, Total: 122003 ns
[6.029s][info ][safepoint      ] Safepoint "ICBufferFull", Time since last: 662717 ns, Reaching safepoint: 95803 ns, At safepoint: 25501 ns, Total: 121304 ns
[6.030s][info ][safepoint      ] Safepoint "ICBufferFull", Time since last: 643116 ns, Reaching safepoint: 90503 ns, At safepoint: 30300 ns, Total: 120803 ns
[6.031s][info ][safepoint      ] Safepoint "ICBufferFull", Time since last: 679918 ns, Reaching safepoint: 97702 ns, At safepoint: 26001 ns, Total: 123703 ns
[6.032s][info ][safepoint      ] Safepoint "ICBufferFull", Time since last: 664217 ns, Reaching safepoint: 636717 ns, At safepoint: 26700 ns, Total: 663417 ns
[6.033s][info ][safepoint      ] Safepoint "ICBufferFull", Time since last: 648917 ns, Reaching safepoint: 88902 ns, At safepoint: 22401 ns, Total: 111303 ns
[6.033s][info ][safepoint      ] Safepoint "ICBufferFull", Time since last: 662117 ns, Reaching safepoint: 92002 ns, At safepoint: 28301 ns, Total: 120303 ns
[6.049s][info ][safepoint      ] Safepoint "ICBufferFull", Time since last: 15055689 ns, Reaching safepoint: 105702 ns, At safepoint: 23001 ns, Total: 128703 ns
[6.049s][info ][safepoint      ] Safepoint "ICBufferFull", Time since last: 682918 ns, Reaching safepoint: 93202 ns, At safepoint: 22201 ns, Total: 115403 ns
[6.050s][info ][safepoint      ] Safepoint "ICBufferFull", Time since last: 651516 ns, Reaching safepoint: 88203 ns, At safepoint: 21300 ns, Total: 109503 ns
[6.051s][info ][safepoint      ] Safepoint "ICBufferFull", Time since last: 680918 ns, Reaching safepoint: 89602 ns, At safepoint: 19901 ns, Total: 109503 ns
[6.052s][info ][safepoint      ] Safepoint "ICBufferFull", Time since last: 669417 ns, Reaching safepoint: 88002 ns, At safepoint: 19001 ns, Total: 107003 ns
[6.053s][info ][safepoint      ] Safepoint "ICBufferFull", Time since last: 677317 ns, Reaching safepoint: 89802 ns, At safepoint: 25401 ns, Total: 115203 ns
[6.053s][info ][safepoint      ] Safepoint "ICBufferFull", Time since last: 673217 ns, Reaching safepoint: 88803 ns, At safepoint: 25200 ns, Total: 114003 ns
[6.054s][info ][safepoint      ] Safepoint "ICBufferFull", Time since last: 664218 ns, Reaching safepoint: 89802 ns, At safepoint: 23600 ns, Total: 113402 ns
[6.055s][info ][safepoint      ] Safepoint "ICBufferFull", Time since last: 665318 ns, Reaching safepoint: 90302 ns, At safepoint: 18800 ns, Total: 109102 ns
[6.056s][info ][safepoint      ] Safepoint "ICBufferFull", Time since last: 669918 ns, Reaching safepoint: 90502 ns, At safepoint: 29001 ns, Total: 119503 ns
[6.057s][info ][safepoint      ] Safepoint "ICBufferFull", Time since last: 692918 ns, Reaching safepoint: 1043327 ns, At safepoint: 27500 ns, Total: 1070827 ns
[6.058s][info ][safepoint      ] Safepoint "ICBufferFull", Time since last: 680118 ns, Reaching safepoint: 91902 ns, At safepoint: 25301 ns, Total: 117203 ns
[6.059s][info ][safepoint      ] Safepoint "ICBufferFull", Time since last: 666517 ns, Reaching safepoint: 92002 ns, At safepoint: 24301 ns, Total: 116303 ns
[6.060s][info ][safepoint      ] Safepoint "ICBufferFull", Time since last: 667317 ns, Reaching safepoint: 108503 ns, At safepoint: 25001 ns, Total: 133504 ns
[6.061s][info ][safepoint      ] Safepoint "ICBufferFull", Time since last: 675717 ns, Reaching safepoint: 95703 ns, At safepoint: 25000 ns, Total: 120703 ns
[6.197s][info ][gc,start       ] GC(8) Pause Young (Allocation Failure)
[6.277s][debug][gc,phases      ] GC(8) Scavenge 80.309ms
[6.277s][debug][gc,ref         ] GC(8) Skipped phase 1 of Reference Processing: no references
[6.277s][debug][gc,ref         ] GC(8) ReferenceProcessor::execute queues: 4, RefProcThreadModel::Multi, marks_oops_alive: false
[6.277s][debug][gc,ref         ] GC(8) Skipped phase 3 of Reference Processing: no references
[6.277s][debug][gc,ref         ] GC(8) ReferenceProcessor::execute queues: 1, RefProcThreadModel::Single, marks_oops_alive: false
[6.277s][debug][gc,phases      ] GC(8) Reference Processing 0.275ms
[6.278s][debug][gc,phases      ] GC(8)   VM Weak                        Min:  0.0, Avg:  0.0, Max:  0.0, Diff:  0.0, Sum:  0.0, Workers: 4
[6.278s][debug][gc,phases      ] GC(8)     Dead                           Min: 0, Avg:  0.0, Max: 0, Diff: 0, Sum: 0, Workers: 4
[6.278s][debug][gc,phases      ] GC(8)     Total                          Min: 0, Avg: 110.0, Max: 256, Diff: 256, Sum: 440, Workers: 4
[6.278s][debug][gc,phases      ] GC(8)   ObjectSynchronizer Weak        Min:  0.0, Avg:  0.0, Max:  0.0, Diff:  0.0, Sum:  0.0, Workers: 4
[6.278s][debug][gc,phases      ] GC(8)     Dead                           Min: 0, Avg:  0.5, Max: 1, Diff: 1, Sum: 2, Workers: 4
[6.278s][debug][gc,phases      ] GC(8)     Total                          Min: 43, Avg: 90.8, Max: 128, Diff: 85, Sum: 363, Workers: 4
[6.278s][debug][gc,phases      ] GC(8)   JVMTI Tag Weak OopStorage      Min:  0.0, Avg:  0.0, Max:  0.0, Diff:  0.0, Sum:  0.0, Workers: 4
[6.278s][debug][gc,phases      ] GC(8)     Dead                           Min: 0, Avg:  0.0, Max: 0, Diff: 0, Sum: 0, Workers: 4
[6.278s][debug][gc,phases      ] GC(8)     Total                          Min: 0, Avg:  0.0, Max: 0, Diff: 0, Sum: 0, Workers: 4
[6.278s][debug][gc,phases      ] GC(8)   StringTable Weak               Min:  0.3, Avg:  0.3, Max:  0.3, Diff:  0.0, Sum:  1.1, Workers: 4
[6.278s][debug][gc,phases      ] GC(8)     Dead                           Min: 0, Avg:  3.8, Max: 14, Diff: 14, Sum: 15, Workers: 4
[6.278s][debug][gc,phases      ] GC(8)     Total                          Min: 8064, Avg: 9605.8, Max: 10752, Diff: 2688, Sum: 38423, Workers: 4
[6.278s][debug][gc,phases      ] GC(8)   ResolvedMethodTable Weak       Min:  0.0, Avg:  0.0, Max:  0.0, Diff:  0.0, Sum:  0.1, Workers: 4
[6.278s][debug][gc,phases      ] GC(8)     Dead                           Min: 0, Avg:  3.5, Max: 14, Diff: 14, Sum: 14, Workers: 4
[6.278s][debug][gc,phases      ] GC(8)     Total                          Min: 1152, Avg: 1246.0, Max: 1472, Diff: 320, Sum: 4984, Workers: 4
[6.278s][debug][gc,phases      ] GC(8)   JNI Weak                       Min:  0.0, Avg:  0.0, Max:  0.0, Diff:  0.0, Sum:  0.0, Workers: 4
[6.278s][debug][gc,phases      ] GC(8)     Dead                           Min: 0, Avg:  0.0, Max: 0, Diff: 0, Sum: 0, Workers: 4
[6.278s][debug][gc,phases      ] GC(8)     Total                          Min: 0, Avg:  0.0, Max: 0, Diff: 0, Sum: 0, Workers: 4
[6.278s][debug][gc,phases      ] GC(8)   StringDedup Table Weak         Min:  0.0, Avg:  0.0, Max:  0.0, Diff:  0.0, Sum:  0.0, Workers: 4
[6.278s][debug][gc,phases      ] GC(8)     Dead                           Min: 0, Avg:  0.0, Max: 0, Diff: 0, Sum: 0, Workers: 4
[6.278s][debug][gc,phases      ] GC(8)     Total                          Min: 0, Avg:  0.0, Max: 0, Diff: 0, Sum: 0, Workers: 4
[6.278s][debug][gc,phases      ] GC(8)   StringDedup Requests0 Weak     Min:  0.0, Avg:  0.0, Max:  0.0, Diff:  0.0, Sum:  0.0, Workers: 4
[6.278s][debug][gc,phases      ] GC(8)     Dead                           Min: 0, Avg:  0.0, Max: 0, Diff: 0, Sum: 0, Workers: 4
[6.278s][debug][gc,phases      ] GC(8)     Total                          Min: 0, Avg:  0.0, Max: 0, Diff: 0, Sum: 0, Workers: 4
[6.278s][debug][gc,phases      ] GC(8)   StringDedup Requests1 Weak     Min:  0.0, Avg:  0.0, Max:  0.0, Diff:  0.0, Sum:  0.0, Workers: 4
[6.278s][debug][gc,phases      ] GC(8)     Dead                           Min: 0, Avg:  0.0, Max: 0, Diff: 0, Sum: 0, Workers: 4
[6.278s][debug][gc,phases      ] GC(8)     Total                          Min: 0, Avg:  0.0, Max: 0, Diff: 0, Sum: 0, Workers: 4
[6.278s][debug][gc,phases      ] GC(8)   Weak JFR Old Object Samples    Min:  0.0, Avg:  0.0, Max:  0.0, Diff:  0.0, Sum:  0.0, Workers: 4
[6.278s][debug][gc,phases      ] GC(8)     Dead                           Min: 0, Avg:  0.0, Max: 0, Diff: 0, Sum: 0, Workers: 4
[6.278s][debug][gc,phases      ] GC(8)     Total                          Min: 0, Avg:  0.0, Max: 0, Diff: 0, Sum: 0, Workers: 4
[6.278s][debug][gc,phases      ] GC(8) Weak Processing 0.519ms
[6.278s][debug][gc,age         ] GC(8) Desired survivor size 287834112 bytes, new threshold 9 (max threshold 15)
[6.278s][info ][gc,heap        ] GC(8) PSYoungGen: 1484634K(1825792K)->182443K(1572864K) Eden: 1301504K(1301504K)->0K(1301504K) From: 183130K(524288K)->182443K(271360K)
[6.278s][info ][gc,heap        ] GC(8) ParOldGen: 6157K(18944K)->6165K(18944K)
[6.278s][info ][gc,metaspace   ] GC(8) Metaspace: 54363K(54912K)->54363K(54912K) NonClass: 46328K(46656K)->46328K(46656K) Class: 8034K(8256K)->8034K(8256K)
[6.278s][info ][gc             ] GC(8) Pause Young (Allocation Failure) 1455M->184M(1554M) 81.246ms
[6.278s][info ][gc,cpu         ] GC(8) User=0.22s Sys=0.10s Real=0.08s
[6.278s][info ][safepoint      ] Safepoint "ParallelGCFailedAllocation", Time since last: 133953357 ns, Reaching safepoint: 2131055 ns, At safepoint: 81360100 ns, Total: 83491155 ns
[6.592s][info ][gc,start       ] GC(9) Pause Young (Allocation Failure)
[6.674s][debug][gc,phases      ] GC(9) Scavenge 82.117ms
[6.674s][debug][gc,ref         ] GC(9) Skipped phase 1 of Reference Processing: no references
[6.674s][debug][gc,ref         ] GC(9) ReferenceProcessor::execute queues: 4, RefProcThreadModel::Multi, marks_oops_alive: false
[6.674s][debug][gc,ref         ] GC(9) Skipped phase 3 of Reference Processing: no references
[6.674s][debug][gc,ref         ] GC(9) ReferenceProcessor::execute queues: 1, RefProcThreadModel::Single, marks_oops_alive: false
[6.674s][debug][gc,phases      ] GC(9) Reference Processing 0.278ms
[6.675s][debug][gc,phases      ] GC(9)   VM Weak                        Min:  0.0, Avg:  0.0, Max:  0.0, Diff:  0.0, Sum:  0.0, Workers: 4
[6.675s][debug][gc,phases      ] GC(9)     Dead                           Min: 0, Avg:  0.0, Max: 0, Diff: 0, Sum: 0, Workers: 4
[6.675s][debug][gc,phases      ] GC(9)     Total                          Min: 0, Avg: 123.2, Max: 320, Diff: 320, Sum: 493, Workers: 4
[6.675s][debug][gc,phases      ] GC(9)   ObjectSynchronizer Weak        Min:  0.0, Avg:  0.0, Max:  0.0, Diff:  0.0, Sum:  0.0, Workers: 4
[6.675s][debug][gc,phases      ] GC(9)     Dead                           Min: 0, Avg:  0.2, Max: 1, Diff: 1, Sum: 1, Workers: 4
[6.675s][debug][gc,phases      ] GC(9)     Total                          Min: 0, Avg: 90.8, Max: 171, Diff: 171, Sum: 363, Workers: 4
[6.675s][debug][gc,phases      ] GC(9)   JVMTI Tag Weak OopStorage      Min:  0.0, Avg:  0.0, Max:  0.0, Diff:  0.0, Sum:  0.0, Workers: 4
[6.675s][debug][gc,phases      ] GC(9)     Dead                           Min: 0, Avg:  0.0, Max: 0, Diff: 0, Sum: 0, Workers: 4
[6.675s][debug][gc,phases      ] GC(9)     Total                          Min: 0, Avg:  0.0, Max: 0, Diff: 0, Sum: 0, Workers: 4
[6.675s][debug][gc,phases      ] GC(9)   StringTable Weak               Min:  0.3, Avg:  0.3, Max:  0.3, Diff:  0.0, Sum:  1.1, Workers: 4
[6.675s][debug][gc,phases      ] GC(9)     Dead                           Min: 0, Avg:  0.2, Max: 1, Diff: 1, Sum: 1, Workers: 4
[6.675s][debug][gc,phases      ] GC(9)     Total                          Min: 8979, Avg: 9620.8, Max: 11008, Diff: 2029, Sum: 38483, Workers: 4
[6.675s][debug][gc,phases      ] GC(9)   ResolvedMethodTable Weak       Min:  0.0, Avg:  0.0, Max:  0.0, Diff:  0.0, Sum:  0.2, Workers: 4
[6.675s][debug][gc,phases      ] GC(9)     Dead                           Min: 0, Avg:  0.2, Max: 1, Diff: 1, Sum: 1, Workers: 4
[6.675s][debug][gc,phases      ] GC(9)     Total                          Min: 1152, Avg: 1270.8, Max: 1371, Diff: 219, Sum: 5083, Workers: 4
[6.675s][debug][gc,phases      ] GC(9)   JNI Weak                       Min:  0.0, Avg:  0.0, Max:  0.0, Diff:  0.0, Sum:  0.0, Workers: 4
[6.675s][debug][gc,phases      ] GC(9)     Dead                           Min: 0, Avg:  0.0, Max: 0, Diff: 0, Sum: 0, Workers: 4
[6.675s][debug][gc,phases      ] GC(9)     Total                          Min: 0, Avg:  0.0, Max: 0, Diff: 0, Sum: 0, Workers: 4
[6.675s][debug][gc,phases      ] GC(9)   StringDedup Table Weak         Min:  0.0, Avg:  0.0, Max:  0.0, Diff:  0.0, Sum:  0.0, Workers: 4
[6.675s][debug][gc,phases      ] GC(9)     Dead                           Min: 0, Avg:  0.0, Max: 0, Diff: 0, Sum: 0, Workers: 4
[6.675s][debug][gc,phases      ] GC(9)     Total                          Min: 0, Avg:  0.0, Max: 0, Diff: 0, Sum: 0, Workers: 4
[6.675s][debug][gc,phases      ] GC(9)   StringDedup Requests0 Weak     Min:  0.0, Avg:  0.0, Max:  0.0, Diff:  0.0, Sum:  0.0, Workers: 4
[6.675s][debug][gc,phases      ] GC(9)     Dead                           Min: 0, Avg:  0.0, Max: 0, Diff: 0, Sum: 0, Workers: 4
[6.675s][debug][gc,phases      ] GC(9)     Total                          Min: 0, Avg:  0.0, Max: 0, Diff: 0, Sum: 0, Workers: 4
[6.675s][debug][gc,phases      ] GC(9)   StringDedup Requests1 Weak     Min:  0.0, Avg:  0.0, Max:  0.0, Diff:  0.0, Sum:  0.0, Workers: 4
[6.675s][debug][gc,phases      ] GC(9)     Dead                           Min: 0, Avg:  0.0, Max: 0, Diff: 0, Sum: 0, Workers: 4
[6.675s][debug][gc,phases      ] GC(9)     Total                          Min: 0, Avg:  0.0, Max: 0, Diff: 0, Sum: 0, Workers: 4
[6.675s][debug][gc,phases      ] GC(9)   Weak JFR Old Object Samples    Min:  0.0, Avg:  0.0, Max:  0.0, Diff:  0.0, Sum:  0.0, Workers: 4
[6.675s][debug][gc,phases      ] GC(9)     Dead                           Min: 0, Avg:  0.0, Max: 0, Diff: 0, Sum: 0, Workers: 4
[6.675s][debug][gc,phases      ] GC(9)     Total                          Min: 0, Avg:  0.0, Max: 0, Diff: 0, Sum: 0, Workers: 4
[6.675s][debug][gc,phases      ] GC(9) Weak Processing 0.506ms
[6.675s][debug][gc,age         ] GC(9) Desired survivor size 293601280 bytes, new threshold 10 (max threshold 15)
[6.675s][info ][gc,heap        ] GC(9) PSYoungGen: 1483947K(1572864K)->184392K(1804800K) Eden: 1301504K(1301504K)->0K(1523712K) From: 182443K(271360K)->184392K(281088K)
[6.675s][info ][gc,heap        ] GC(9) ParOldGen: 6165K(18944K)->6173K(18944K)
[6.675s][info ][gc,metaspace   ] GC(9) Metaspace: 54704K(55360K)->54704K(55360K) NonClass: 46616K(46976K)->46616K(46976K) Class: 8088K(8384K)->8088K(8384K)
[6.675s][info ][gc             ] GC(9) Pause Young (Allocation Failure) 1455M->186M(1781M) 83.074ms
[6.675s][info ][gc,cpu         ] GC(9) User=0.21s Sys=0.11s Real=0.08s
[6.675s][info ][safepoint      ] Safepoint "ParallelGCFailedAllocation", Time since last: 313505390 ns, Reaching safepoint: 181204 ns, At safepoint: 83197047 ns, Total: 83378251 ns
[6.966s][info ][gc,start       ] GC(10) Pause Young (Allocation Failure)
[7.044s][debug][gc,phases      ] GC(10) Scavenge 78.683ms
[7.044s][debug][gc,ref         ] GC(10) Skipped phase 1 of Reference Processing: no references
[7.044s][debug][gc,ref         ] GC(10) ReferenceProcessor::execute queues: 4, RefProcThreadModel::Multi, marks_oops_alive: false
[7.045s][debug][gc,ref         ] GC(10) Skipped phase 3 of Reference Processing: no references
[7.045s][debug][gc,ref         ] GC(10) ReferenceProcessor::execute queues: 1, RefProcThreadModel::Single, marks_oops_alive: false
[7.045s][debug][gc,phases      ] GC(10) Reference Processing 0.403ms
[7.045s][debug][gc,phases      ] GC(10)   VM Weak                        Min:  0.0, Avg:  0.0, Max:  0.0, Diff:  0.0, Sum:  0.0, Workers: 4
[7.045s][debug][gc,phases      ] GC(10)     Dead                           Min: 0, Avg:  0.0, Max: 0, Diff: 0, Sum: 0, Workers: 4
[7.045s][debug][gc,phases      ] GC(10)     Total                          Min: 0, Avg: 128.0, Max: 256, Diff: 256, Sum: 512, Workers: 4
[7.045s][debug][gc,phases      ] GC(10)   ObjectSynchronizer Weak        Min:  0.0, Avg:  0.0, Max:  0.0, Diff:  0.0, Sum:  0.0, Workers: 4
[7.045s][debug][gc,phases      ] GC(10)     Dead                           Min: 0, Avg:  0.0, Max: 0, Diff: 0, Sum: 0, Workers: 4
[7.045s][debug][gc,phases      ] GC(10)     Total                          Min: 43, Avg: 90.8, Max: 128, Diff: 85, Sum: 363, Workers: 4
[7.045s][debug][gc,phases      ] GC(10)   JVMTI Tag Weak OopStorage      Min:  0.0, Avg:  0.0, Max:  0.0, Diff:  0.0, Sum:  0.0, Workers: 4
[7.045s][debug][gc,phases      ] GC(10)     Dead                           Min: 0, Avg:  0.0, Max: 0, Diff: 0, Sum: 0, Workers: 4
[7.045s][debug][gc,phases      ] GC(10)     Total                          Min: 0, Avg:  0.0, Max: 0, Diff: 0, Sum: 0, Workers: 4
[7.045s][debug][gc,phases      ] GC(10)   StringTable Weak               Min:  0.4, Avg:  0.4, Max:  0.4, Diff:  0.0, Sum:  1.4, Workers: 4
[7.045s][debug][gc,phases      ] GC(10)     Dead                           Min: 0, Avg:  4.5, Max: 16, Diff: 16, Sum: 18, Workers: 4
[7.045s][debug][gc,phases      ] GC(10)     Total                          Min: 7872, Avg: 9822.2, Max: 12928, Diff: 5056, Sum: 39289, Workers: 4
[7.045s][debug][gc,phases      ] GC(10)   ResolvedMethodTable Weak       Min:  0.1, Avg:  0.1, Max:  0.1, Diff:  0.0, Sum:  0.2, Workers: 4
[7.045s][debug][gc,phases      ] GC(10)     Dead                           Min: 1, Avg:  9.0, Max: 29, Diff: 28, Sum: 36, Workers: 4
[7.045s][debug][gc,phases      ] GC(10)     Total                          Min: 1152, Avg: 1450.2, Max: 1856, Diff: 704, Sum: 5801, Workers: 4
[7.045s][debug][gc,phases      ] GC(10)   JNI Weak                       Min:  0.0, Avg:  0.0, Max:  0.0, Diff:  0.0, Sum:  0.0, Workers: 4
[7.045s][debug][gc,phases      ] GC(10)     Dead                           Min: 0, Avg:  0.0, Max: 0, Diff: 0, Sum: 0, Workers: 4
[7.045s][debug][gc,phases      ] GC(10)     Total                          Min: 0, Avg:  0.2, Max: 1, Diff: 1, Sum: 1, Workers: 4
[7.045s][debug][gc,phases      ] GC(10)   StringDedup Table Weak         Min:  0.0, Avg:  0.0, Max:  0.0, Diff:  0.0, Sum:  0.0, Workers: 4
[7.045s][debug][gc,phases      ] GC(10)     Dead                           Min: 0, Avg:  0.0, Max: 0, Diff: 0, Sum: 0, Workers: 4
[7.045s][debug][gc,phases      ] GC(10)     Total                          Min: 0, Avg:  0.0, Max: 0, Diff: 0, Sum: 0, Workers: 4
[7.045s][debug][gc,phases      ] GC(10)   StringDedup Requests0 Weak     Min:  0.0, Avg:  0.0, Max:  0.0, Diff:  0.0, Sum:  0.0, Workers: 4
[7.045s][debug][gc,phases      ] GC(10)     Dead                           Min: 0, Avg:  0.0, Max: 0, Diff: 0, Sum: 0, Workers: 4
[7.045s][debug][gc,phases      ] GC(10)     Total                          Min: 0, Avg:  0.0, Max: 0, Diff: 0, Sum: 0, Workers: 4
[7.045s][debug][gc,phases      ] GC(10)   StringDedup Requests1 Weak     Min:  0.0, Avg:  0.0, Max:  0.0, Diff:  0.0, Sum:  0.0, Workers: 4
[7.045s][debug][gc,phases      ] GC(10)     Dead                           Min: 0, Avg:  0.0, Max: 0, Diff: 0, Sum: 0, Workers: 4
[7.045s][debug][gc,phases      ] GC(10)     Total                          Min: 0, Avg:  0.0, Max: 0, Diff: 0, Sum: 0, Workers: 4
[7.045s][debug][gc,phases      ] GC(10)   Weak JFR Old Object Samples    Min:  0.0, Avg:  0.0, Max:  0.0, Diff:  0.0, Sum:  0.0, Workers: 4
[7.045s][debug][gc,phases      ] GC(10)     Dead                           Min: 0, Avg:  0.0, Max: 0, Diff: 0, Sum: 0, Workers: 4
[7.045s][debug][gc,phases      ] GC(10)     Total                          Min: 0, Avg:  0.0, Max: 0, Diff: 0, Sum: 0, Workers: 4
[7.045s][debug][gc,phases      ] GC(10) Weak Processing 0.611ms
[7.045s][debug][gc,age         ] GC(10) Desired survivor size 296222720 bytes, new threshold 11 (max threshold 15)
[7.045s][info ][gc,heap        ] GC(10) PSYoungGen: 1708104K(1804800K)->186228K(1710080K) Eden: 1523712K(1523712K)->0K(1523712K) From: 184392K(281088K)->186228K(186368K)
[7.045s][info ][gc,heap        ] GC(10) ParOldGen: 6173K(18944K)->6181K(18944K)
[7.045s][info ][gc,metaspace   ] GC(10) Metaspace: 57154K(57920K)->57154K(57920K) NonClass: 48599K(49024K)->48599K(49024K) Class: 8554K(8896K)->8554K(8896K)
[7.045s][info ][gc             ] GC(10) Pause Young (Allocation Failure) 1674M->187M(1688M) 79.825ms
[7.045s][info ][gc,cpu         ] GC(10) User=0.31s Sys=0.01s Real=0.08s
[7.046s][info ][safepoint      ] Safepoint "ParallelGCFailedAllocation", Time since last: 290374393 ns, Reaching safepoint: 213305 ns, At safepoint: 79933563 ns, Total: 80146868 ns
[7.408s][info ][gc,start       ] GC(11) Pause Young (Allocation Failure)
[7.478s][debug][gc,phases      ] GC(11) Scavenge 70.729ms
[7.478s][debug][gc,ref         ] GC(11) Skipped phase 1 of Reference Processing: no references
[7.478s][debug][gc,ref         ] GC(11) ReferenceProcessor::execute queues: 4, RefProcThreadModel::Multi, marks_oops_alive: false
[7.479s][debug][gc,ref         ] GC(11) Skipped phase 3 of Reference Processing: no references
[7.479s][debug][gc,ref         ] GC(11) ReferenceProcessor::execute queues: 1, RefProcThreadModel::Single, marks_oops_alive: false
[7.479s][debug][gc,phases      ] GC(11) Reference Processing 0.302ms
[7.479s][debug][gc,phases      ] GC(11)   VM Weak                        Min:  0.0, Avg:  0.0, Max:  0.0, Diff:  0.0, Sum:  0.0, Workers: 4
[7.479s][debug][gc,phases      ] GC(11)     Dead                           Min: 0, Avg:  0.0, Max: 0, Diff: 0, Sum: 0, Workers: 4
[7.479s][debug][gc,phases      ] GC(11)     Total                          Min: 0, Avg: 131.0, Max: 320, Diff: 320, Sum: 524, Workers: 4
[7.479s][debug][gc,phases      ] GC(11)   ObjectSynchronizer Weak        Min:  0.0, Avg:  0.0, Max:  0.0, Diff:  0.0, Sum:  0.0, Workers: 4
[7.479s][debug][gc,phases      ] GC(11)     Dead                           Min: 0, Avg:  0.5, Max: 2, Diff: 2, Sum: 2, Workers: 4
[7.479s][debug][gc,phases      ] GC(11)     Total                          Min: 0, Avg: 92.5, Max: 128, Diff: 128, Sum: 370, Workers: 4
[7.479s][debug][gc,phases      ] GC(11)   JVMTI Tag Weak OopStorage      Min:  0.0, Avg:  0.0, Max:  0.0, Diff:  0.0, Sum:  0.0, Workers: 4
[7.479s][debug][gc,phases      ] GC(11)     Dead                           Min: 0, Avg:  0.0, Max: 0, Diff: 0, Sum: 0, Workers: 4
[7.479s][debug][gc,phases      ] GC(11)     Total                          Min: 0, Avg:  0.0, Max: 0, Diff: 0, Sum: 0, Workers: 4
[7.479s][debug][gc,phases      ] GC(11)   StringTable Weak               Min:  0.3, Avg:  0.3, Max:  0.3, Diff:  0.0, Sum:  1.2, Workers: 4
[7.479s][debug][gc,phases      ] GC(11)     Dead                           Min: 0, Avg:  4.0, Max: 14, Diff: 14, Sum: 16, Workers: 4
[7.479s][debug][gc,phases      ] GC(11)     Total                          Min: 9216, Avg: 9904.5, Max: 11520, Diff: 2304, Sum: 39618, Workers: 4
[7.479s][debug][gc,phases      ] GC(11)   ResolvedMethodTable Weak       Min:  0.0, Avg:  0.0, Max:  0.0, Diff:  0.0, Sum:  0.2, Workers: 4
[7.479s][debug][gc,phases      ] GC(11)     Dead                           Min: 0, Avg:  6.8, Max: 20, Diff: 20, Sum: 27, Workers: 4
[7.479s][debug][gc,phases      ] GC(11)     Total                          Min: 1350, Avg: 1505.5, Max: 1728, Diff: 378, Sum: 6022, Workers: 4
[7.479s][debug][gc,phases      ] GC(11)   JNI Weak                       Min:  0.0, Avg:  0.0, Max:  0.0, Diff:  0.0, Sum:  0.0, Workers: 4
[7.479s][debug][gc,phases      ] GC(11)     Dead                           Min: 0, Avg:  0.0, Max: 0, Diff: 0, Sum: 0, Workers: 4
[7.479s][debug][gc,phases      ] GC(11)     Total                          Min: 0, Avg:  2.5, Max: 10, Diff: 10, Sum: 10, Workers: 4
[7.479s][debug][gc,phases      ] GC(11)   StringDedup Table Weak         Min:  0.0, Avg:  0.0, Max:  0.0, Diff:  0.0, Sum:  0.0, Workers: 4
[7.479s][debug][gc,phases      ] GC(11)     Dead                           Min: 0, Avg:  0.0, Max: 0, Diff: 0, Sum: 0, Workers: 4
[7.479s][debug][gc,phases      ] GC(11)     Total                          Min: 0, Avg:  0.0, Max: 0, Diff: 0, Sum: 0, Workers: 4
[7.479s][debug][gc,phases      ] GC(11)   StringDedup Requests0 Weak     Min:  0.0, Avg:  0.0, Max:  0.0, Diff:  0.0, Sum:  0.0, Workers: 4
[7.479s][debug][gc,phases      ] GC(11)     Dead                           Min: 0, Avg:  0.0, Max: 0, Diff: 0, Sum: 0, Workers: 4
[7.479s][debug][gc,phases      ] GC(11)     Total                          Min: 0, Avg:  0.0, Max: 0, Diff: 0, Sum: 0, Workers: 4
[7.479s][debug][gc,phases      ] GC(11)   StringDedup Requests1 Weak     Min:  0.0, Avg:  0.0, Max:  0.0, Diff:  0.0, Sum:  0.0, Workers: 4
[7.479s][debug][gc,phases      ] GC(11)     Dead                           Min: 0, Avg:  0.0, Max: 0, Diff: 0, Sum: 0, Workers: 4
[7.479s][debug][gc,phases      ] GC(11)     Total                          Min: 0, Avg:  0.0, Max: 0, Diff: 0, Sum: 0, Workers: 4
[7.479s][debug][gc,phases      ] GC(11)   Weak JFR Old Object Samples    Min:  0.0, Avg:  0.0, Max:  0.0, Diff:  0.0, Sum:  0.0, Workers: 4
[7.479s][debug][gc,phases      ] GC(11)     Dead                           Min: 0, Avg:  0.0, Max: 0, Diff: 0, Sum: 0, Workers: 4
[7.479s][debug][gc,phases      ] GC(11)     Total                          Min: 0, Avg:  0.0, Max: 0, Diff: 0, Sum: 0, Workers: 4
[7.479s][debug][gc,phases      ] GC(11) Weak Processing 0.547ms
[7.479s][debug][gc,age         ] GC(11) Desired survivor size 297795584 bytes, new threshold 12 (max threshold 15)
[7.479s][info ][gc,heap        ] GC(11) PSYoungGen: 1709940K(1710080K)->188033K(1804800K) Eden: 1523712K(1523712K)->0K(1515520K) From: 186228K(186368K)->188033K(289280K)
[7.479s][info ][gc,heap        ] GC(11) ParOldGen: 6181K(18944K)->6189K(18944K)
[7.479s][info ][gc,metaspace   ] GC(11) Metaspace: 58293K(59008K)->58293K(59008K) NonClass: 49557K(49920K)->49557K(49920K) Class: 8735K(9088K)->8735K(9088K)
[7.479s][info ][gc             ] GC(11) Pause Young (Allocation Failure) 1675M->189M(1781M) 71.720ms
[7.479s][info ][gc,cpu         ] GC(11) User=0.27s Sys=0.02s Real=0.08s
[7.479s][info ][safepoint      ] Safepoint "ParallelGCFailedAllocation", Time since last: 361751734 ns, Reaching safepoint: 213506 ns, At safepoint: 71850754 ns, Total: 72064260 ns
[7.879s][info ][gc,start       ] GC(12) Pause Young (Allocation Failure)
[7.961s][debug][gc,phases      ] GC(12) Scavenge 81.226ms
[7.961s][debug][gc,ref         ] GC(12) Skipped phase 1 of Reference Processing: no references
[7.961s][debug][gc,ref         ] GC(12) ReferenceProcessor::execute queues: 4, RefProcThreadModel::Multi, marks_oops_alive: false
[7.961s][debug][gc,ref         ] GC(12) Skipped phase 3 of Reference Processing: no references
[7.961s][debug][gc,ref         ] GC(12) ReferenceProcessor::execute queues: 1, RefProcThreadModel::Single, marks_oops_alive: false
[7.961s][debug][gc,phases      ] GC(12) Reference Processing 0.341ms
[7.961s][debug][gc,phases      ] GC(12)   VM Weak                        Min:  0.0, Avg:  0.0, Max:  0.0, Diff:  0.0, Sum:  0.0, Workers: 4
[7.961s][debug][gc,phases      ] GC(12)     Dead                           Min: 0, Avg:  0.0, Max: 0, Diff: 0, Sum: 0, Workers: 4
[7.961s][debug][gc,phases      ] GC(12)     Total                          Min: 0, Avg: 131.0, Max: 332, Diff: 332, Sum: 524, Workers: 4
[7.961s][debug][gc,phases      ] GC(12)   ObjectSynchronizer Weak        Min:  0.0, Avg:  0.0, Max:  0.0, Diff:  0.0, Sum:  0.0, Workers: 4
[7.961s][debug][gc,phases      ] GC(12)     Dead                           Min: 0, Avg:  0.0, Max: 0, Diff: 0, Sum: 0, Workers: 4
[7.961s][debug][gc,phases      ] GC(12)     Total                          Min: 0, Avg: 95.5, Max: 190, Diff: 190, Sum: 382, Workers: 4
[7.961s][debug][gc,phases      ] GC(12)   JVMTI Tag Weak OopStorage      Min:  0.0, Avg:  0.0, Max:  0.0, Diff:  0.0, Sum:  0.0, Workers: 4
[7.961s][debug][gc,phases      ] GC(12)     Dead                           Min: 0, Avg:  0.0, Max: 0, Diff: 0, Sum: 0, Workers: 4
[7.961s][debug][gc,phases      ] GC(12)     Total                          Min: 0, Avg:  0.0, Max: 0, Diff: 0, Sum: 0, Workers: 4
[7.961s][debug][gc,phases      ] GC(12)   StringTable Weak               Min:  0.3, Avg:  0.3, Max:  0.3, Diff:  0.0, Sum:  1.3, Workers: 4
[7.961s][debug][gc,phases      ] GC(12)     Dead                           Min: 0, Avg:  3.0, Max: 8, Diff: 8, Sum: 12, Workers: 4
[7.961s][debug][gc,phases      ] GC(12)     Total                          Min: 7616, Avg: 9948.0, Max: 10944, Diff: 3328, Sum: 39792, Workers: 4
[7.961s][debug][gc,phases      ] GC(12)   ResolvedMethodTable Weak       Min:  0.1, Avg:  0.1, Max:  0.1, Diff:  0.0, Sum:  0.2, Workers: 4
[7.961s][debug][gc,phases      ] GC(12)     Dead                           Min: 0, Avg:  0.0, Max: 0, Diff: 0, Sum: 0, Workers: 4
[7.961s][debug][gc,phases      ] GC(12)     Total                          Min: 960, Avg: 1505.5, Max: 1984, Diff: 1024, Sum: 6022, Workers: 4
[7.961s][debug][gc,phases      ] GC(12)   JNI Weak                       Min:  0.0, Avg:  0.0, Max:  0.0, Diff:  0.0, Sum:  0.0, Workers: 4
[7.961s][debug][gc,phases      ] GC(12)     Dead                           Min: 0, Avg:  0.0, Max: 0, Diff: 0, Sum: 0, Workers: 4
[7.961s][debug][gc,phases      ] GC(12)     Total                          Min: 0, Avg:  1.2, Max: 5, Diff: 5, Sum: 5, Workers: 4
[7.961s][debug][gc,phases      ] GC(12)   StringDedup Table Weak         Min:  0.0, Avg:  0.0, Max:  0.0, Diff:  0.0, Sum:  0.0, Workers: 4
[7.961s][debug][gc,phases      ] GC(12)     Dead                           Min: 0, Avg:  0.0, Max: 0, Diff: 0, Sum: 0, Workers: 4
[7.961s][debug][gc,phases      ] GC(12)     Total                          Min: 0, Avg:  0.0, Max: 0, Diff: 0, Sum: 0, Workers: 4
[7.961s][debug][gc,phases      ] GC(12)   StringDedup Requests0 Weak     Min:  0.0, Avg:  0.0, Max:  0.0, Diff:  0.0, Sum:  0.0, Workers: 4
[7.961s][debug][gc,phases      ] GC(12)     Dead                           Min: 0, Avg:  0.0, Max: 0, Diff: 0, Sum: 0, Workers: 4
[7.961s][debug][gc,phases      ] GC(12)     Total                          Min: 0, Avg:  0.0, Max: 0, Diff: 0, Sum: 0, Workers: 4
[7.961s][debug][gc,phases      ] GC(12)   StringDedup Requests1 Weak     Min:  0.0, Avg:  0.0, Max:  0.0, Diff:  0.0, Sum:  0.0, Workers: 4
[7.961s][debug][gc,phases      ] GC(12)     Dead                           Min: 0, Avg:  0.0, Max: 0, Diff: 0, Sum: 0, Workers: 4
[7.961s][debug][gc,phases      ] GC(12)     Total                          Min: 0, Avg:  0.0, Max: 0, Diff: 0, Sum: 0, Workers: 4
[7.961s][debug][gc,phases      ] GC(12)   Weak JFR Old Object Samples    Min:  0.0, Avg:  0.0, Max:  0.0, Diff:  0.0, Sum:  0.0, Workers: 4
[7.961s][debug][gc,phases      ] GC(12)     Dead                           Min: 0, Avg:  0.0, Max: 0, Diff: 0, Sum: 0, Workers: 4
[7.961s][debug][gc,phases      ] GC(12)     Total                          Min: 0, Avg:  0.0, Max: 0, Diff: 0, Sum: 0, Workers: 4
[7.961s][debug][gc,phases      ] GC(12) Weak Processing 0.559ms
[7.961s][debug][gc,age         ] GC(12) Desired survivor size 301465600 bytes, new threshold 13 (max threshold 15)
[7.961s][info ][gc,heap        ] GC(12) PSYoungGen: 1703553K(1804800K)->197433K(1713152K) Eden: 1515520K(1515520K)->0K(1515520K) From: 188033K(289280K)->197433K(197632K)
[7.961s][info ][gc,heap        ] GC(12) ParOldGen: 6189K(18944K)->6197K(18944K)
[7.961s][info ][gc,metaspace   ] GC(12) Metaspace: 58545K(59264K)->58545K(59264K) NonClass: 49809K(50176K)->49809K(50176K) Class: 8736K(9088K)->8736K(9088K)
[7.962s][info ][gc             ] GC(12) Pause Young (Allocation Failure) 1669M->198M(1691M) 82.272ms
[7.962s][info ][gc,cpu         ] GC(12) User=0.34s Sys=0.00s Real=0.08s
[7.962s][info ][safepoint      ] Safepoint "ParallelGCFailedAllocation", Time since last: 399735213 ns, Reaching safepoint: 143304 ns, At safepoint: 82384826 ns, Total: 82528130 ns
[8.240s][info ][gc,start       ] GC(13) Pause Young (Allocation Failure)
[8.320s][debug][gc,phases      ] GC(13) Scavenge 80.129ms
[8.320s][debug][gc,ref         ] GC(13) Skipped phase 1 of Reference Processing: no references
[8.320s][debug][gc,ref         ] GC(13) ReferenceProcessor::execute queues: 4, RefProcThreadModel::Multi, marks_oops_alive: false
[8.320s][debug][gc,ref         ] GC(13) Skipped phase 3 of Reference Processing: no references
[8.320s][debug][gc,ref         ] GC(13) ReferenceProcessor::execute queues: 1, RefProcThreadModel::Single, marks_oops_alive: false
[8.320s][debug][gc,phases      ] GC(13) Reference Processing 0.346ms
[8.321s][debug][gc,phases      ] GC(13)   VM Weak                        Min:  0.0, Avg:  0.0, Max:  0.0, Diff:  0.0, Sum:  0.0, Workers: 4
[8.321s][debug][gc,phases      ] GC(13)     Dead                           Min: 0, Avg:  0.0, Max: 0, Diff: 0, Sum: 0, Workers: 4
[8.321s][debug][gc,phases      ] GC(13)     Total                          Min: 0, Avg: 131.2, Max: 256, Diff: 256, Sum: 525, Workers: 4
[8.321s][debug][gc,phases      ] GC(13)   ObjectSynchronizer Weak        Min:  0.0, Avg:  0.0, Max:  0.0, Diff:  0.0, Sum:  0.0, Workers: 4
[8.321s][debug][gc,phases      ] GC(13)     Dead                           Min: 0, Avg:  0.0, Max: 0, Diff: 0, Sum: 0, Workers: 4
[8.321s][debug][gc,phases      ] GC(13)     Total                          Min: 64, Avg: 96.0, Max: 128, Diff: 64, Sum: 384, Workers: 4
[8.321s][debug][gc,phases      ] GC(13)   JVMTI Tag Weak OopStorage      Min:  0.0, Avg:  0.0, Max:  0.0, Diff:  0.0, Sum:  0.0, Workers: 4
[8.321s][debug][gc,phases      ] GC(13)     Dead                           Min: 0, Avg:  0.0, Max: 0, Diff: 0, Sum: 0, Workers: 4
[8.321s][debug][gc,phases      ] GC(13)     Total                          Min: 0, Avg:  0.0, Max: 0, Diff: 0, Sum: 0, Workers: 4
[8.321s][debug][gc,phases      ] GC(13)   StringTable Weak               Min:  0.3, Avg:  0.3, Max:  0.3, Diff:  0.0, Sum:  1.3, Workers: 4
[8.321s][debug][gc,phases      ] GC(13)     Dead                           Min: 1, Avg:  4.0, Max: 12, Diff: 11, Sum: 16, Workers: 4
[8.321s][debug][gc,phases      ] GC(13)     Total                          Min: 7424, Avg: 10015.8, Max: 12223, Diff: 4799, Sum: 40063, Workers: 4
[8.321s][debug][gc,phases      ] GC(13)   ResolvedMethodTable Weak       Min:  0.0, Avg:  0.1, Max:  0.1, Diff:  0.0, Sum:  0.2, Workers: 4
[8.321s][debug][gc,phases      ] GC(13)     Dead                           Min: 0, Avg:  9.0, Max: 19, Diff: 19, Sum: 36, Workers: 4
[8.321s][debug][gc,phases      ] GC(13)     Total                          Min: 896, Avg: 1533.2, Max: 1856, Diff: 960, Sum: 6133, Workers: 4
[8.321s][debug][gc,phases      ] GC(13)   JNI Weak                       Min:  0.0, Avg:  0.0, Max:  0.0, Diff:  0.0, Sum:  0.0, Workers: 4
[8.321s][debug][gc,phases      ] GC(13)     Dead                           Min: 0, Avg:  0.0, Max: 0, Diff: 0, Sum: 0, Workers: 4
[8.321s][debug][gc,phases      ] GC(13)     Total                          Min: 0, Avg:  3.0, Max: 12, Diff: 12, Sum: 12, Workers: 4
[8.321s][debug][gc,phases      ] GC(13)   StringDedup Table Weak         Min:  0.0, Avg:  0.0, Max:  0.0, Diff:  0.0, Sum:  0.0, Workers: 4
[8.321s][debug][gc,phases      ] GC(13)     Dead                           Min: 0, Avg:  0.0, Max: 0, Diff: 0, Sum: 0, Workers: 4
[8.321s][debug][gc,phases      ] GC(13)     Total                          Min: 0, Avg:  0.0, Max: 0, Diff: 0, Sum: 0, Workers: 4
[8.321s][debug][gc,phases      ] GC(13)   StringDedup Requests0 Weak     Min:  0.0, Avg:  0.0, Max:  0.0, Diff:  0.0, Sum:  0.0, Workers: 4
[8.321s][debug][gc,phases      ] GC(13)     Dead                           Min: 0, Avg:  0.0, Max: 0, Diff: 0, Sum: 0, Workers: 4
[8.321s][debug][gc,phases      ] GC(13)     Total                          Min: 0, Avg:  0.0, Max: 0, Diff: 0, Sum: 0, Workers: 4
[8.321s][debug][gc,phases      ] GC(13)   StringDedup Requests1 Weak     Min:  0.0, Avg:  0.0, Max:  0.0, Diff:  0.0, Sum:  0.0, Workers: 4
[8.321s][debug][gc,phases      ] GC(13)     Dead                           Min: 0, Avg:  0.0, Max: 0, Diff: 0, Sum: 0, Workers: 4
[8.321s][debug][gc,phases      ] GC(13)     Total                          Min: 0, Avg:  0.0, Max: 0, Diff: 0, Sum: 0, Workers: 4
[8.321s][debug][gc,phases      ] GC(13)   Weak JFR Old Object Samples    Min:  0.0, Avg:  0.0, Max:  0.0, Diff:  0.0, Sum:  0.0, Workers: 4
[8.321s][debug][gc,phases      ] GC(13)     Dead                           Min: 0, Avg:  0.0, Max: 0, Diff: 0, Sum: 0, Workers: 4
[8.321s][debug][gc,phases      ] GC(13)     Total                          Min: 0, Avg:  0.0, Max: 0, Diff: 0, Sum: 0, Workers: 4
[8.321s][debug][gc,phases      ] GC(13) Weak Processing 0.588ms
[8.321s][debug][gc,age         ] GC(13) Desired survivor size 304087040 bytes, new threshold 13 (max threshold 15)
[8.321s][info ][gc,heap        ] GC(13) PSYoungGen: 1712953K(1713152K)->200481K(1797632K) Eden: 1515520K(1515520K)->0K(1503232K) From: 197433K(197632K)->200481K(294400K)
[8.321s][info ][gc,heap        ] GC(13) ParOldGen: 6197K(18944K)->6210K(18944K)
[8.321s][info ][gc,metaspace   ] GC(13) Metaspace: 59304K(60032K)->59304K(60032K) NonClass: 50460K(50880K)->50460K(50880K) Class: 8844K(9152K)->8844K(9152K)
[8.321s][info ][gc             ] GC(13) Pause Young (Allocation Failure) 1678M->201M(1774M) 81.221ms
[8.321s][info ][gc,cpu         ] GC(13) User=0.41s Sys=0.00s Real=0.08s
[8.321s][info ][safepoint      ] Safepoint "ParallelGCFailedAllocation", Time since last: 278002272 ns, Reaching safepoint: 169605 ns, At safepoint: 81339598 ns, Total: 81509203 ns
[8.653s][info ][gc,start       ] GC(14) Pause Young (Allocation Failure)
[8.727s][debug][gc,phases      ] GC(14) Scavenge 74.093ms
[8.727s][debug][gc,ref         ] GC(14) Skipped phase 1 of Reference Processing: no references
[8.727s][debug][gc,ref         ] GC(14) ReferenceProcessor::execute queues: 4, RefProcThreadModel::Multi, marks_oops_alive: false
[8.728s][debug][gc,ref         ] GC(14) Skipped phase 3 of Reference Processing: no references
[8.728s][debug][gc,ref         ] GC(14) ReferenceProcessor::execute queues: 1, RefProcThreadModel::Single, marks_oops_alive: false
[8.728s][debug][gc,phases      ] GC(14) Reference Processing 0.312ms
[8.728s][debug][gc,phases      ] GC(14)   VM Weak                        Min:  0.0, Avg:  0.0, Max:  0.0, Diff:  0.0, Sum:  0.0, Workers: 4
[8.728s][debug][gc,phases      ] GC(14)     Dead                           Min: 0, Avg:  0.0, Max: 0, Diff: 0, Sum: 0, Workers: 4
[8.728s][debug][gc,phases      ] GC(14)     Total                          Min: 0, Avg: 134.2, Max: 345, Diff: 345, Sum: 537, Workers: 4
[8.728s][debug][gc,phases      ] GC(14)   ObjectSynchronizer Weak        Min:  0.0, Avg:  0.0, Max:  0.0, Diff:  0.0, Sum:  0.0, Workers: 4
[8.728s][debug][gc,phases      ] GC(14)     Dead                           Min: 0, Avg:  0.0, Max: 0, Diff: 0, Sum: 0, Workers: 4
[8.728s][debug][gc,phases      ] GC(14)     Total                          Min: 64, Avg: 96.0, Max: 128, Diff: 64, Sum: 384, Workers: 4
[8.728s][debug][gc,phases      ] GC(14)   JVMTI Tag Weak OopStorage      Min:  0.0, Avg:  0.0, Max:  0.0, Diff:  0.0, Sum:  0.0, Workers: 4
[8.728s][debug][gc,phases      ] GC(14)     Dead                           Min: 0, Avg:  0.0, Max: 0, Diff: 0, Sum: 0, Workers: 4
[8.728s][debug][gc,phases      ] GC(14)     Total                          Min: 0, Avg:  0.0, Max: 0, Diff: 0, Sum: 0, Workers: 4
[8.728s][debug][gc,phases      ] GC(14)   StringTable Weak               Min:  0.3, Avg:  0.3, Max:  0.3, Diff:  0.0, Sum:  1.3, Workers: 4
[8.728s][debug][gc,phases      ] GC(14)     Dead                           Min: 0, Avg:  0.5, Max: 1, Diff: 1, Sum: 2, Workers: 4
[8.728s][debug][gc,phases      ] GC(14)     Total                          Min: 9536, Avg: 10106.8, Max: 11435, Diff: 1899, Sum: 40427, Workers: 4
[8.728s][debug][gc,phases      ] GC(14)   ResolvedMethodTable Weak       Min:  0.0, Avg:  0.1, Max:  0.1, Diff:  0.0, Sum:  0.2, Workers: 4
[8.728s][debug][gc,phases      ] GC(14)     Dead                           Min: 0, Avg:  8.2, Max: 25, Diff: 25, Sum: 33, Workers: 4
[8.728s][debug][gc,phases      ] GC(14)     Total                          Min: 1280, Avg: 1569.5, Max: 1728, Diff: 448, Sum: 6278, Workers: 4
[8.728s][debug][gc,phases      ] GC(14)   JNI Weak                       Min:  0.0, Avg:  0.0, Max:  0.0, Diff:  0.0, Sum:  0.0, Workers: 4
[8.728s][debug][gc,phases      ] GC(14)     Dead                           Min: 0, Avg:  0.0, Max: 0, Diff: 0, Sum: 0, Workers: 4
[8.728s][debug][gc,phases      ] GC(14)     Total                          Min: 0, Avg:  3.5, Max: 14, Diff: 14, Sum: 14, Workers: 4
[8.728s][debug][gc,phases      ] GC(14)   StringDedup Table Weak         Min:  0.0, Avg:  0.0, Max:  0.0, Diff:  0.0, Sum:  0.0, Workers: 4
[8.728s][debug][gc,phases      ] GC(14)     Dead                           Min: 0, Avg:  0.0, Max: 0, Diff: 0, Sum: 0, Workers: 4
[8.728s][debug][gc,phases      ] GC(14)     Total                          Min: 0, Avg:  0.0, Max: 0, Diff: 0, Sum: 0, Workers: 4
[8.728s][debug][gc,phases      ] GC(14)   StringDedup Requests0 Weak     Min:  0.0, Avg:  0.0, Max:  0.0, Diff:  0.0, Sum:  0.0, Workers: 4
[8.728s][debug][gc,phases      ] GC(14)     Dead                           Min: 0, Avg:  0.0, Max: 0, Diff: 0, Sum: 0, Workers: 4
[8.728s][debug][gc,phases      ] GC(14)     Total                          Min: 0, Avg:  0.0, Max: 0, Diff: 0, Sum: 0, Workers: 4
[8.728s][debug][gc,phases      ] GC(14)   StringDedup Requests1 Weak     Min:  0.0, Avg:  0.0, Max:  0.0, Diff:  0.0, Sum:  0.0, Workers: 4
[8.728s][debug][gc,phases      ] GC(14)     Dead                           Min: 0, Avg:  0.0, Max: 0, Diff: 0, Sum: 0, Workers: 4
[8.728s][debug][gc,phases      ] GC(14)     Total                          Min: 0, Avg:  0.0, Max: 0, Diff: 0, Sum: 0, Workers: 4
[8.728s][debug][gc,phases      ] GC(14)   Weak JFR Old Object Samples    Min:  0.0, Avg:  0.0, Max:  0.0, Diff:  0.0, Sum:  0.0, Workers: 4
[8.728s][debug][gc,phases      ] GC(14)     Dead                           Min: 0, Avg:  0.0, Max: 0, Diff: 0, Sum: 0, Workers: 4
[8.728s][debug][gc,phases      ] GC(14)     Total                          Min: 0, Avg:  0.0, Max: 0, Diff: 0, Sum: 0, Workers: 4
[8.728s][debug][gc,phases      ] GC(14) Weak Processing 0.577ms
[8.728s][debug][gc,age         ] GC(14) Desired survivor size 303038464 bytes, new threshold 13 (max threshold 15)
[8.728s][info ][gc,heap        ] GC(14) PSYoungGen: 1703713K(1797632K)->192885K(1800192K) Eden: 1503232K(1503232K)->0K(1503232K) From: 200481K(294400K)->192885K(296960K)
[8.728s][info ][gc,heap        ] GC(14) ParOldGen: 6210K(18944K)->6218K(18944K)
[8.728s][info ][gc,metaspace   ] GC(14) Metaspace: 60286K(61056K)->60286K(61056K) NonClass: 51302K(51712K)->51302K(51712K) Class: 8984K(9344K)->8984K(9344K)
[8.728s][info ][gc             ] GC(14) Pause Young (Allocation Failure) 1669M->194M(1776M) 75.131ms
[8.728s][info ][gc,cpu         ] GC(14) User=0.35s Sys=0.00s Real=0.08s
[8.728s][info ][safepoint      ] Safepoint "ParallelGCFailedAllocation", Time since last: 331722559 ns, Reaching safepoint: 226906 ns, At safepoint: 75243441 ns, Total: 75470347 ns
[8.961s][info ][safepoint      ] Safepoint "ICBufferFull", Time since last: 232068787 ns, Reaching safepoint: 236006 ns, At safepoint: 30101 ns, Total: 266107 ns
[9.030s][info ][gc,start       ] GC(15) Pause Young (Allocation Failure)
[9.102s][debug][gc,phases      ] GC(15) Scavenge 71.931ms
[9.102s][debug][gc,ref         ] GC(15) Skipped phase 1 of Reference Processing: no references
[9.103s][debug][gc,ref         ] GC(15) ReferenceProcessor::execute queues: 4, RefProcThreadModel::Multi, marks_oops_alive: false
[9.103s][debug][gc,ref         ] GC(15) Skipped phase 3 of Reference Processing: no references
[9.103s][debug][gc,ref         ] GC(15) ReferenceProcessor::execute queues: 1, RefProcThreadModel::Single, marks_oops_alive: false
[9.103s][debug][gc,phases      ] GC(15) Reference Processing 0.343ms
[9.103s][debug][gc,phases      ] GC(15)   VM Weak                        Min:  0.0, Avg:  0.0, Max:  0.0, Diff:  0.0, Sum:  0.0, Workers: 4
[9.103s][debug][gc,phases      ] GC(15)     Dead                           Min: 0, Avg:  0.0, Max: 0, Diff: 0, Sum: 0, Workers: 4
[9.103s][debug][gc,phases      ] GC(15)     Total                          Min: 0, Avg: 135.2, Max: 320, Diff: 320, Sum: 541, Workers: 4
[9.103s][debug][gc,phases      ] GC(15)   ObjectSynchronizer Weak        Min:  0.0, Avg:  0.0, Max:  0.0, Diff:  0.0, Sum:  0.0, Workers: 4
[9.103s][debug][gc,phases      ] GC(15)     Dead                           Min: 0, Avg:  0.0, Max: 0, Diff: 0, Sum: 0, Workers: 4
[9.103s][debug][gc,phases      ] GC(15)     Total                          Min: 0, Avg: 96.0, Max: 192, Diff: 192, Sum: 384, Workers: 4
[9.103s][debug][gc,phases      ] GC(15)   JVMTI Tag Weak OopStorage      Min:  0.0, Avg:  0.0, Max:  0.0, Diff:  0.0, Sum:  0.0, Workers: 4
[9.103s][debug][gc,phases      ] GC(15)     Dead                           Min: 0, Avg:  0.0, Max: 0, Diff: 0, Sum: 0, Workers: 4
[9.103s][debug][gc,phases      ] GC(15)     Total                          Min: 0, Avg:  0.0, Max: 0, Diff: 0, Sum: 0, Workers: 4
[9.103s][debug][gc,phases      ] GC(15)   StringTable Weak               Min:  0.3, Avg:  0.3, Max:  0.3, Diff:  0.0, Sum:  1.3, Workers: 4
[9.103s][debug][gc,phases      ] GC(15)     Dead                           Min: 0, Avg:  3.0, Max: 12, Diff: 12, Sum: 12, Workers: 4
[9.103s][debug][gc,phases      ] GC(15)     Total                          Min: 7360, Avg: 10112.8, Max: 11200, Diff: 3840, Sum: 40451, Workers: 4
[9.103s][debug][gc,phases      ] GC(15)   ResolvedMethodTable Weak       Min:  0.1, Avg:  0.1, Max:  0.1, Diff:  0.0, Sum:  0.2, Workers: 4
[9.103s][debug][gc,phases      ] GC(15)     Dead                           Min: 0, Avg:  0.0, Max: 0, Diff: 0, Sum: 0, Workers: 4
[9.103s][debug][gc,phases      ] GC(15)     Total                          Min: 1152, Avg: 1572.0, Max: 1792, Diff: 640, Sum: 6288, Workers: 4
[9.103s][debug][gc,phases      ] GC(15)   JNI Weak                       Min:  0.0, Avg:  0.0, Max:  0.0, Diff:  0.0, Sum:  0.0, Workers: 4
[9.103s][debug][gc,phases      ] GC(15)     Dead                           Min: 0, Avg:  0.0, Max: 0, Diff: 0, Sum: 0, Workers: 4
[9.103s][debug][gc,phases      ] GC(15)     Total                          Min: 0, Avg:  5.8, Max: 23, Diff: 23, Sum: 23, Workers: 4
[9.103s][debug][gc,phases      ] GC(15)   StringDedup Table Weak         Min:  0.0, Avg:  0.0, Max:  0.0, Diff:  0.0, Sum:  0.0, Workers: 4
[9.103s][debug][gc,phases      ] GC(15)     Dead                           Min: 0, Avg:  0.0, Max: 0, Diff: 0, Sum: 0, Workers: 4
[9.103s][debug][gc,phases      ] GC(15)     Total                          Min: 0, Avg:  0.0, Max: 0, Diff: 0, Sum: 0, Workers: 4
[9.103s][debug][gc,phases      ] GC(15)   StringDedup Requests0 Weak     Min:  0.0, Avg:  0.0, Max:  0.0, Diff:  0.0, Sum:  0.0, Workers: 4
[9.103s][debug][gc,phases      ] GC(15)     Dead                           Min: 0, Avg:  0.0, Max: 0, Diff: 0, Sum: 0, Workers: 4
[9.103s][debug][gc,phases      ] GC(15)     Total                          Min: 0, Avg:  0.0, Max: 0, Diff: 0, Sum: 0, Workers: 4
[9.103s][debug][gc,phases      ] GC(15)   StringDedup Requests1 Weak     Min:  0.0, Avg:  0.0, Max:  0.0, Diff:  0.0, Sum:  0.0, Workers: 4
[9.103s][debug][gc,phases      ] GC(15)     Dead                           Min: 0, Avg:  0.0, Max: 0, Diff: 0, Sum: 0, Workers: 4
[9.103s][debug][gc,phases      ] GC(15)     Total                          Min: 0, Avg:  0.0, Max: 0, Diff: 0, Sum: 0, Workers: 4
[9.103s][debug][gc,phases      ] GC(15)   Weak JFR Old Object Samples    Min:  0.0, Avg:  0.0, Max:  0.0, Diff:  0.0, Sum:  0.0, Workers: 4
[9.103s][debug][gc,phases      ] GC(15)     Dead                           Min: 0, Avg:  0.0, Max: 0, Diff: 0, Sum: 0, Workers: 4
[9.103s][debug][gc,phases      ] GC(15)     Total                          Min: 0, Avg:  0.0, Max: 0, Diff: 0, Sum: 0, Workers: 4
[9.103s][debug][gc,phases      ] GC(15) Weak Processing 0.569ms
[9.103s][debug][gc,age         ] GC(15) Desired survivor size 300941312 bytes, new threshold 13 (max threshold 15)
[9.103s][info ][gc,heap        ] GC(15) PSYoungGen: 1696117K(1800192K)->193213K(1803264K) Eden: 1503232K(1503232K)->0K(1507328K) From: 192885K(296960K)->193213K(295936K)
[9.103s][info ][gc,heap        ] GC(15) ParOldGen: 6218K(18944K)->6226K(18944K)
[9.103s][info ][gc,metaspace   ] GC(15) Metaspace: 60376K(61120K)->60376K(61120K) NonClass: 51388K(51776K)->51388K(51776K) Class: 8987K(9344K)->8987K(9344K)
[9.103s][info ][gc             ] GC(15) Pause Young (Allocation Failure) 1662M->194M(1779M) 72.981ms
[9.103s][info ][gc,cpu         ] GC(15) User=0.30s Sys=0.00s Real=0.07s
[9.103s][info ][safepoint      ] Safepoint "ParallelGCFailedAllocation", Time since last: 69446591 ns, Reaching safepoint: 264707 ns, At safepoint: 73093286 ns, Total: 73357993 ns
[9.430s][info ][gc,start       ] GC(16) Pause Young (Allocation Failure)
[9.511s][debug][gc,phases      ] GC(16) Scavenge 80.970ms
[9.511s][debug][gc,ref         ] GC(16) Skipped phase 1 of Reference Processing: no references
[9.511s][debug][gc,ref         ] GC(16) ReferenceProcessor::execute queues: 4, RefProcThreadModel::Multi, marks_oops_alive: false
[9.511s][debug][gc,ref         ] GC(16) Skipped phase 3 of Reference Processing: no references
[9.512s][debug][gc,ref         ] GC(16) ReferenceProcessor::execute queues: 1, RefProcThreadModel::Single, marks_oops_alive: false
[9.512s][debug][gc,phases      ] GC(16) Reference Processing 0.403ms
[9.512s][debug][gc,phases      ] GC(16)   VM Weak                        Min:  0.0, Avg:  0.0, Max:  0.0, Diff:  0.0, Sum:  0.0, Workers: 4
[9.512s][debug][gc,phases      ] GC(16)     Dead                           Min: 0, Avg:  0.0, Max: 0, Diff: 0, Sum: 0, Workers: 4
[9.512s][debug][gc,phases      ] GC(16)     Total                          Min: 0, Avg: 136.0, Max: 256, Diff: 256, Sum: 544, Workers: 4
[9.512s][debug][gc,phases      ] GC(16)   ObjectSynchronizer Weak        Min:  0.0, Avg:  0.0, Max:  0.0, Diff:  0.0, Sum:  0.0, Workers: 4
[9.512s][debug][gc,phases      ] GC(16)     Dead                           Min: 0, Avg:  0.0, Max: 0, Diff: 0, Sum: 0, Workers: 4
[9.512s][debug][gc,phases      ] GC(16)     Total                          Min: 0, Avg: 96.0, Max: 128, Diff: 128, Sum: 384, Workers: 4
[9.512s][debug][gc,phases      ] GC(16)   JVMTI Tag Weak OopStorage      Min:  0.0, Avg:  0.0, Max:  0.0, Diff:  0.0, Sum:  0.0, Workers: 4
[9.512s][debug][gc,phases      ] GC(16)     Dead                           Min: 0, Avg:  0.0, Max: 0, Diff: 0, Sum: 0, Workers: 4
[9.512s][debug][gc,phases      ] GC(16)     Total                          Min: 0, Avg:  0.0, Max: 0, Diff: 0, Sum: 0, Workers: 4
[9.512s][debug][gc,phases      ] GC(16)   StringTable Weak               Min:  0.3, Avg:  0.3, Max:  0.3, Diff:  0.0, Sum:  1.4, Workers: 4
[9.512s][debug][gc,phases      ] GC(16)     Dead                           Min: 0, Avg:  3.0, Max: 12, Diff: 12, Sum: 12, Workers: 4
[9.512s][debug][gc,phases      ] GC(16)     Total                          Min: 8384, Avg: 10150.2, Max: 12800, Diff: 4416, Sum: 40601, Workers: 4
[9.512s][debug][gc,phases      ] GC(16)   ResolvedMethodTable Weak       Min:  0.1, Avg:  0.1, Max:  0.1, Diff:  0.0, Sum:  0.2, Workers: 4
[9.512s][debug][gc,phases      ] GC(16)     Dead                           Min: 0, Avg:  0.0, Max: 0, Diff: 0, Sum: 0, Workers: 4
[9.512s][debug][gc,phases      ] GC(16)     Total                          Min: 1114, Avg: 1574.5, Max: 2176, Diff: 1062, Sum: 6298, Workers: 4
[9.512s][debug][gc,phases      ] GC(16)   JNI Weak                       Min:  0.0, Avg:  0.0, Max:  0.0, Diff:  0.0, Sum:  0.0, Workers: 4
[9.512s][debug][gc,phases      ] GC(16)     Dead                           Min: 0, Avg:  0.0, Max: 0, Diff: 0, Sum: 0, Workers: 4
[9.512s][debug][gc,phases      ] GC(16)     Total                          Min: 0, Avg:  5.0, Max: 20, Diff: 20, Sum: 20, Workers: 4
[9.512s][debug][gc,phases      ] GC(16)   StringDedup Table Weak         Min:  0.0, Avg:  0.0, Max:  0.0, Diff:  0.0, Sum:  0.0, Workers: 4
[9.512s][debug][gc,phases      ] GC(16)     Dead                           Min: 0, Avg:  0.0, Max: 0, Diff: 0, Sum: 0, Workers: 4
[9.512s][debug][gc,phases      ] GC(16)     Total                          Min: 0, Avg:  0.0, Max: 0, Diff: 0, Sum: 0, Workers: 4
[9.512s][debug][gc,phases      ] GC(16)   StringDedup Requests0 Weak     Min:  0.0, Avg:  0.0, Max:  0.0, Diff:  0.0, Sum:  0.0, Workers: 4
[9.512s][debug][gc,phases      ] GC(16)     Dead                           Min: 0, Avg:  0.0, Max: 0, Diff: 0, Sum: 0, Workers: 4
[9.512s][debug][gc,phases      ] GC(16)     Total                          Min: 0, Avg:  0.0, Max: 0, Diff: 0, Sum: 0, Workers: 4
[9.512s][debug][gc,phases      ] GC(16)   StringDedup Requests1 Weak     Min:  0.0, Avg:  0.0, Max:  0.0, Diff:  0.0, Sum:  0.0, Workers: 4
[9.512s][debug][gc,phases      ] GC(16)     Dead                           Min: 0, Avg:  0.0, Max: 0, Diff: 0, Sum: 0, Workers: 4
[9.512s][debug][gc,phases      ] GC(16)     Total                          Min: 0, Avg:  0.0, Max: 0, Diff: 0, Sum: 0, Workers: 4
[9.512s][debug][gc,phases      ] GC(16)   Weak JFR Old Object Samples    Min:  0.0, Avg:  0.0, Max:  0.0, Diff:  0.0, Sum:  0.0, Workers: 4
[9.512s][debug][gc,phases      ] GC(16)     Dead                           Min: 0, Avg:  0.0, Max: 0, Diff: 0, Sum: 0, Workers: 4
[9.512s][debug][gc,phases      ] GC(16)     Total                          Min: 0, Avg:  0.0, Max: 0, Diff: 0, Sum: 0, Workers: 4
[9.512s][debug][gc,phases      ] GC(16) Weak Processing 0.636ms
[9.512s][debug][gc,age         ] GC(16) Desired survivor size 294649856 bytes, new threshold 13 (max threshold 15)
[9.512s][info ][gc,heap        ] GC(16) PSYoungGen: 1700541K(1803264K)->183955K(1801216K) Eden: 1507328K(1507328K)->0K(1507328K) From: 193213K(295936K)->183955K(293888K)
[9.512s][info ][gc,heap        ] GC(16) ParOldGen: 6226K(18944K)->16331K(18944K)
[9.512s][info ][gc,metaspace   ] GC(16) Metaspace: 60733K(61504K)->60733K(61504K) NonClass: 51709K(52160K)->51709K(52160K) Class: 9023K(9344K)->9023K(9344K)
[9.512s][info ][gc             ] GC(16) Pause Young (Allocation Failure) 1666M->195M(1777M) 82.140ms
[9.512s][info ][gc,cpu         ] GC(16) User=0.31s Sys=0.00s Real=0.08s
[9.512s][debug][gc,phases      ] GC(17) Pre Compact 0.010ms
[9.512s][info ][gc,start       ] GC(17) Pause Full (Ergonomics)
[9.512s][info ][gc,phases,start] GC(17) Marking Phase
[9.597s][debug][gc,phases      ] GC(17) Par Mark 85.082ms
[9.597s][debug][gc,ref         ] GC(17) Skipped phase 1 of Reference Processing: no references
[9.598s][debug][gc,ref         ] GC(17) ReferenceProcessor::execute queues: 4, RefProcThreadModel::Multi, marks_oops_alive: false
[9.598s][debug][gc,ref         ] GC(17) Skipped phase 3 of Reference Processing: no references
[9.598s][debug][gc,ref         ] GC(17) ReferenceProcessor::execute queues: 1, RefProcThreadModel::Single, marks_oops_alive: false
[9.598s][debug][gc,phases      ] GC(17) Reference Processing 0.330ms
[9.598s][debug][gc,phases      ] GC(17)   VM Weak                        Min:  0.0, Avg:  0.0, Max:  0.0, Diff:  0.0, Sum:  0.0, Workers: 4
[9.598s][debug][gc,phases      ] GC(17)     Dead                           Min: 0, Avg:  0.0, Max: 0, Diff: 0, Sum: 0, Workers: 4
[9.598s][debug][gc,phases      ] GC(17)     Total                          Min: 0, Avg: 136.0, Max: 320, Diff: 320, Sum: 544, Workers: 4
[9.598s][debug][gc,phases      ] GC(17)   ObjectSynchronizer Weak        Min:  0.0, Avg:  0.0, Max:  0.0, Diff:  0.0, Sum:  0.0, Workers: 4
[9.598s][debug][gc,phases      ] GC(17)     Dead                           Min: 0, Avg:  0.0, Max: 0, Diff: 0, Sum: 0, Workers: 4
[9.598s][debug][gc,phases      ] GC(17)     Total                          Min: 0, Avg: 96.0, Max: 192, Diff: 192, Sum: 384, Workers: 4
[9.598s][debug][gc,phases      ] GC(17)   JVMTI Tag Weak OopStorage      Min:  0.0, Avg:  0.0, Max:  0.0, Diff:  0.0, Sum:  0.0, Workers: 4
[9.598s][debug][gc,phases      ] GC(17)     Dead                           Min: 0, Avg:  0.0, Max: 0, Diff: 0, Sum: 0, Workers: 4
[9.598s][debug][gc,phases      ] GC(17)     Total                          Min: 0, Avg:  0.0, Max: 0, Diff: 0, Sum: 0, Workers: 4
[9.598s][debug][gc,phases      ] GC(17)   StringTable Weak               Min:  0.1, Avg:  0.1, Max:  0.1, Diff:  0.0, Sum:  0.5, Workers: 4
[9.598s][debug][gc,phases      ] GC(17)     Dead                           Min: 0, Avg:  0.0, Max: 0, Diff: 0, Sum: 0, Workers: 4
[9.598s][debug][gc,phases      ] GC(17)     Total                          Min: 9280, Avg: 10150.2, Max: 11737, Diff: 2457, Sum: 40601, Workers: 4
[9.598s][debug][gc,phases      ] GC(17)   ResolvedMethodTable Weak       Min:  0.0, Avg:  0.0, Max:  0.0, Diff:  0.0, Sum:  0.1, Workers: 4
[9.598s][debug][gc,phases      ] GC(17)     Dead                           Min: 0, Avg:  0.0, Max: 0, Diff: 0, Sum: 0, Workers: 4
[9.598s][debug][gc,phases      ] GC(17)     Total                          Min: 1408, Avg: 1574.5, Max: 1728, Diff: 320, Sum: 6298, Workers: 4
[9.598s][debug][gc,phases      ] GC(17)   JNI Weak                       Min:  0.0, Avg:  0.0, Max:  0.0, Diff:  0.0, Sum:  0.0, Workers: 4
[9.598s][debug][gc,phases      ] GC(17)     Dead                           Min: 0, Avg:  0.0, Max: 0, Diff: 0, Sum: 0, Workers: 4
[9.598s][debug][gc,phases      ] GC(17)     Total                          Min: 0, Avg:  5.0, Max: 20, Diff: 20, Sum: 20, Workers: 4
[9.598s][debug][gc,phases      ] GC(17)   StringDedup Table Weak         Min:  0.0, Avg:  0.0, Max:  0.0, Diff:  0.0, Sum:  0.0, Workers: 4
[9.598s][debug][gc,phases      ] GC(17)     Dead                           Min: 0, Avg:  0.0, Max: 0, Diff: 0, Sum: 0, Workers: 4
[9.598s][debug][gc,phases      ] GC(17)     Total                          Min: 0, Avg:  0.0, Max: 0, Diff: 0, Sum: 0, Workers: 4
[9.598s][debug][gc,phases      ] GC(17)   StringDedup Requests0 Weak     Min:  0.0, Avg:  0.0, Max:  0.0, Diff:  0.0, Sum:  0.0, Workers: 4
[9.598s][debug][gc,phases      ] GC(17)     Dead                           Min: 0, Avg:  0.0, Max: 0, Diff: 0, Sum: 0, Workers: 4
[9.598s][debug][gc,phases      ] GC(17)     Total                          Min: 0, Avg:  0.0, Max: 0, Diff: 0, Sum: 0, Workers: 4
[9.598s][debug][gc,phases      ] GC(17)   StringDedup Requests1 Weak     Min:  0.0, Avg:  0.0, Max:  0.0, Diff:  0.0, Sum:  0.0, Workers: 4
[9.598s][debug][gc,phases      ] GC(17)     Dead                           Min: 0, Avg:  0.0, Max: 0, Diff: 0, Sum: 0, Workers: 4
[9.598s][debug][gc,phases      ] GC(17)     Total                          Min: 0, Avg:  0.0, Max: 0, Diff: 0, Sum: 0, Workers: 4
[9.598s][debug][gc,phases      ] GC(17)   Weak JFR Old Object Samples    Min:  0.0, Avg:  0.0, Max:  0.0, Diff:  0.0, Sum:  0.0, Workers: 4
[9.598s][debug][gc,phases      ] GC(17)     Dead                           Min: 0, Avg:  0.0, Max: 0, Diff: 0, Sum: 0, Workers: 4
[9.598s][debug][gc,phases      ] GC(17)     Total                          Min: 0, Avg:  0.0, Max: 0, Diff: 0, Sum: 0, Workers: 4
[9.598s][debug][gc,phases      ] GC(17) Weak Processing 0.346ms
[9.598s][debug][gc,phases      ] GC(17) ClassLoaderData 0.073ms
[9.598s][debug][gc,phases      ] GC(17) Trigger cleanups 0.001ms
[9.605s][debug][gc,phases      ] GC(17) Class Unloading 6.940ms
[9.605s][info ][gc,phases      ] GC(17) Marking Phase 92.851ms
[9.605s][info ][gc,phases,start] GC(17) Summary Phase
[9.605s][info ][gc,phases      ] GC(17) Summary Phase 0.009ms
[9.605s][info ][gc,phases,start] GC(17) Adjust Roots
[9.615s][info ][gc,phases      ] GC(17) Adjust Roots 9.681ms
[9.615s][info ][gc,phases,start] GC(17) Compaction Phase
[9.898s][info ][gc,phases      ] GC(17) Compaction Phase 283.306ms
[9.898s][info ][gc,phases,start] GC(17) Post Compact
[9.900s][info ][gc,phases      ] GC(17) Post Compact 1.328ms
[9.900s][info ][gc,heap        ] GC(17) PSYoungGen: 183955K(1801216K)->181100K(1801216K) Eden: 0K(1507328K)->0K(1507328K) From: 183955K(293888K)->181100K(293888K)
[9.900s][info ][gc,heap        ] GC(17) ParOldGen: 16331K(18944K)->18741K(39936K)
[9.900s][info ][gc,metaspace   ] GC(17) Metaspace: 60733K(61504K)->60733K(61504K) NonClass: 51709K(52160K)->51709K(52160K) Class: 9023K(9344K)->9023K(9344K)
[9.900s][info ][gc             ] GC(17) Pause Full (Ergonomics) 195M->195M(1798M) 387.375ms
[9.900s][info ][gc,cpu         ] GC(17) User=1.43s Sys=0.00s Real=0.39s
[9.916s][info ][safepoint      ] Safepoint "ParallelGCFailedAllocation", Time since last: 326353219 ns, Reaching safepoint: 247806 ns, At safepoint: 485786932 ns, Total: 486034738 ns
[10.199s][info ][gc,start       ] GC(18) Pause Young (Allocation Failure)
[10.290s][debug][gc,phases      ] GC(18) Scavenge 90.646ms
[10.290s][debug][gc,ref         ] GC(18) Skipped phase 1 of Reference Processing: no references
[10.290s][debug][gc,ref         ] GC(18) ReferenceProcessor::execute queues: 4, RefProcThreadModel::Multi, marks_oops_alive: false
[10.290s][debug][gc,ref         ] GC(18) Skipped phase 3 of Reference Processing: no references
[10.290s][debug][gc,ref         ] GC(18) Skipped phase 4 of Reference Processing: no references
[10.290s][debug][gc,phases      ] GC(18) Reference Processing 0.323ms
[10.290s][debug][gc,phases      ] GC(18)   VM Weak                        Min:  0.0, Avg:  0.0, Max:  0.0, Diff:  0.0, Sum:  0.0, Workers: 4
[10.290s][debug][gc,phases      ] GC(18)     Dead                           Min: 0, Avg:  0.0, Max: 0, Diff: 0, Sum: 0, Workers: 4
[10.290s][debug][gc,phases      ] GC(18)     Total                          Min: 0, Avg: 136.0, Max: 384, Diff: 384, Sum: 544, Workers: 4
[10.290s][debug][gc,phases      ] GC(18)   ObjectSynchronizer Weak        Min:  0.0, Avg:  0.0, Max:  0.0, Diff:  0.0, Sum:  0.0, Workers: 4
[10.290s][debug][gc,phases      ] GC(18)     Dead                           Min: 0, Avg:  0.0, Max: 0, Diff: 0, Sum: 0, Workers: 4
[10.290s][debug][gc,phases      ] GC(18)     Total                          Min: 0, Avg: 96.0, Max: 192, Diff: 192, Sum: 384, Workers: 4
[10.290s][debug][gc,phases      ] GC(18)   JVMTI Tag Weak OopStorage      Min:  0.0, Avg:  0.0, Max:  0.0, Diff:  0.0, Sum:  0.0, Workers: 4
[10.290s][debug][gc,phases      ] GC(18)     Dead                           Min: 0, Avg:  0.0, Max: 0, Diff: 0, Sum: 0, Workers: 4
[10.290s][debug][gc,phases      ] GC(18)     Total                          Min: 0, Avg:  0.0, Max: 0, Diff: 0, Sum: 0, Workers: 4
[10.290s][debug][gc,phases      ] GC(18)   StringTable Weak               Min:  0.3, Avg:  0.3, Max:  0.3, Diff:  0.0, Sum:  1.2, Workers: 4
[10.290s][debug][gc,phases      ] GC(18)     Dead                           Min: 0, Avg:  2.8, Max: 11, Diff: 11, Sum: 11, Workers: 4
[10.290s][debug][gc,phases      ] GC(18)     Total                          Min: 8941, Avg: 10152.5, Max: 12608, Diff: 3667, Sum: 40610, Workers: 4
[10.290s][debug][gc,phases      ] GC(18)   ResolvedMethodTable Weak       Min:  0.1, Avg:  0.1, Max:  0.1, Diff:  0.0, Sum:  0.3, Workers: 4
[10.290s][debug][gc,phases      ] GC(18)     Dead                           Min: 0, Avg:  0.0, Max: 0, Diff: 0, Sum: 0, Workers: 4
[10.290s][debug][gc,phases      ] GC(18)     Total                          Min: 1370, Avg: 1574.5, Max: 1920, Diff: 550, Sum: 6298, Workers: 4
[10.290s][debug][gc,phases      ] GC(18)   JNI Weak                       Min:  0.0, Avg:  0.0, Max:  0.0, Diff:  0.0, Sum:  0.0, Workers: 4
[10.290s][debug][gc,phases      ] GC(18)     Dead                           Min: 0, Avg:  0.0, Max: 0, Diff: 0, Sum: 0, Workers: 4
[10.290s][debug][gc,phases      ] GC(18)     Total                          Min: 0, Avg:  9.2, Max: 37, Diff: 37, Sum: 37, Workers: 4
[10.290s][debug][gc,phases      ] GC(18)   StringDedup Table Weak         Min:  0.0, Avg:  0.0, Max:  0.0, Diff:  0.0, Sum:  0.0, Workers: 4
[10.290s][debug][gc,phases      ] GC(18)     Dead                           Min: 0, Avg:  0.0, Max: 0, Diff: 0, Sum: 0, Workers: 4
[10.290s][debug][gc,phases      ] GC(18)     Total                          Min: 0, Avg:  0.0, Max: 0, Diff: 0, Sum: 0, Workers: 4
[10.290s][debug][gc,phases      ] GC(18)   StringDedup Requests0 Weak     Min:  0.0, Avg:  0.0, Max:  0.0, Diff:  0.0, Sum:  0.0, Workers: 4
[10.290s][debug][gc,phases      ] GC(18)     Dead                           Min: 0, Avg:  0.0, Max: 0, Diff: 0, Sum: 0, Workers: 4
[10.290s][debug][gc,phases      ] GC(18)     Total                          Min: 0, Avg:  0.0, Max: 0, Diff: 0, Sum: 0, Workers: 4
[10.290s][debug][gc,phases      ] GC(18)   StringDedup Requests1 Weak     Min:  0.0, Avg:  0.0, Max:  0.0, Diff:  0.0, Sum:  0.0, Workers: 4
[10.290s][debug][gc,phases      ] GC(18)     Dead                           Min: 0, Avg:  0.0, Max: 0, Diff: 0, Sum: 0, Workers: 4
[10.290s][debug][gc,phases      ] GC(18)     Total                          Min: 0, Avg:  0.0, Max: 0, Diff: 0, Sum: 0, Workers: 4
[10.290s][debug][gc,phases      ] GC(18)   Weak JFR Old Object Samples    Min:  0.0, Avg:  0.0, Max:  0.0, Diff:  0.0, Sum:  0.0, Workers: 4
[10.291s][debug][gc,phases      ] GC(18)     Dead                           Min: 0, Avg:  0.0, Max: 0, Diff: 0, Sum: 0, Workers: 4
[10.291s][debug][gc,phases      ] GC(18)     Total                          Min: 0, Avg:  0.0, Max: 0, Diff: 0, Sum: 0, Workers: 4
[10.291s][debug][gc,phases      ] GC(18) Weak Processing 0.636ms
[10.291s][debug][gc,age         ] GC(18) Desired survivor size 287309824 bytes, new threshold 12 (max threshold 15)
[10.291s][info ][gc,heap        ] GC(18) PSYoungGen: 1688428K(1801216K)->139002K(1816576K) Eden: 1507328K(1507328K)->0K(1528832K) From: 181100K(293888K)->139002K(287744K)
[10.291s][info ][gc,heap        ] GC(18) ParOldGen: 18741K(39936K)->63438K(63488K)
[10.291s][info ][gc,metaspace   ] GC(18) Metaspace: 60734K(61504K)->60734K(61504K) NonClass: 51710K(52160K)->51710K(52160K) Class: 9023K(9344K)->9023K(9344K)
[10.291s][info ][gc             ] GC(18) Pause Young (Allocation Failure) 1667M->197M(1836M) 91.772ms
[10.291s][info ][gc,cpu         ] GC(18) User=0.35s Sys=0.01s Real=0.09s
[10.291s][debug][gc,phases      ] GC(19) Pre Compact 0.017ms
[10.291s][info ][gc,start       ] GC(19) Pause Full (Ergonomics)
[10.291s][info ][gc,phases,start] GC(19) Marking Phase
[10.373s][debug][gc,phases      ] GC(19) Par Mark 82.457ms
[10.373s][debug][gc,ref         ] GC(19) Skipped phase 1 of Reference Processing: no references
[10.373s][debug][gc,ref         ] GC(19) ReferenceProcessor::execute queues: 4, RefProcThreadModel::Multi, marks_oops_alive: false
[10.374s][debug][gc,ref         ] GC(19) Skipped phase 3 of Reference Processing: no references
[10.374s][debug][gc,ref         ] GC(19) ReferenceProcessor::execute queues: 1, RefProcThreadModel::Single, marks_oops_alive: false
[10.374s][debug][gc,phases      ] GC(19) Reference Processing 0.307ms
[10.374s][debug][gc,phases      ] GC(19)   VM Weak                        Min:  0.0, Avg:  0.0, Max:  0.0, Diff:  0.0, Sum:  0.0, Workers: 4
[10.374s][debug][gc,phases      ] GC(19)     Dead                           Min: 0, Avg:  0.0, Max: 0, Diff: 0, Sum: 0, Workers: 4
[10.374s][debug][gc,phases      ] GC(19)     Total                          Min: 0, Avg: 136.0, Max: 448, Diff: 448, Sum: 544, Workers: 4
[10.374s][debug][gc,phases      ] GC(19)   ObjectSynchronizer Weak        Min:  0.0, Avg:  0.0, Max:  0.0, Diff:  0.0, Sum:  0.0, Workers: 4
[10.374s][debug][gc,phases      ] GC(19)     Dead                           Min: 0, Avg:  0.0, Max: 0, Diff: 0, Sum: 0, Workers: 4
[10.374s][debug][gc,phases      ] GC(19)     Total                          Min: 64, Avg: 96.0, Max: 128, Diff: 64, Sum: 384, Workers: 4
[10.374s][debug][gc,phases      ] GC(19)   JVMTI Tag Weak OopStorage      Min:  0.0, Avg:  0.0, Max:  0.0, Diff:  0.0, Sum:  0.0, Workers: 4
[10.374s][debug][gc,phases      ] GC(19)     Dead                           Min: 0, Avg:  0.0, Max: 0, Diff: 0, Sum: 0, Workers: 4
[10.374s][debug][gc,phases      ] GC(19)     Total                          Min: 0, Avg:  0.0, Max: 0, Diff: 0, Sum: 0, Workers: 4
[10.374s][debug][gc,phases      ] GC(19)   StringTable Weak               Min:  0.2, Avg:  0.2, Max:  0.2, Diff:  0.0, Sum:  0.6, Workers: 4
[10.374s][debug][gc,phases      ] GC(19)     Dead                           Min: 0, Avg:  0.0, Max: 0, Diff: 0, Sum: 0, Workers: 4
[10.374s][debug][gc,phases      ] GC(19)     Total                          Min: 9589, Avg: 10152.5, Max: 10432, Diff: 843, Sum: 40610, Workers: 4
[10.374s][debug][gc,phases      ] GC(19)   ResolvedMethodTable Weak       Min:  0.0, Avg:  0.0, Max:  0.0, Diff:  0.0, Sum:  0.1, Workers: 4
[10.374s][debug][gc,phases      ] GC(19)     Dead                           Min: 0, Avg:  0.0, Max: 0, Diff: 0, Sum: 0, Workers: 4
[10.374s][debug][gc,phases      ] GC(19)     Total                          Min: 1498, Avg: 1574.5, Max: 1664, Diff: 166, Sum: 6298, Workers: 4
[10.374s][debug][gc,phases      ] GC(19)   JNI Weak                       Min:  0.0, Avg:  0.0, Max:  0.0, Diff:  0.0, Sum:  0.0, Workers: 4
[10.374s][debug][gc,phases      ] GC(19)     Dead                           Min: 0, Avg:  0.0, Max: 0, Diff: 0, Sum: 0, Workers: 4
[10.374s][debug][gc,phases      ] GC(19)     Total                          Min: 0, Avg:  9.2, Max: 37, Diff: 37, Sum: 37, Workers: 4
[10.374s][debug][gc,phases      ] GC(19)   StringDedup Table Weak         Min:  0.0, Avg:  0.0, Max:  0.0, Diff:  0.0, Sum:  0.0, Workers: 4
[10.374s][debug][gc,phases      ] GC(19)     Dead                           Min: 0, Avg:  0.0, Max: 0, Diff: 0, Sum: 0, Workers: 4
[10.374s][debug][gc,phases      ] GC(19)     Total                          Min: 0, Avg:  0.0, Max: 0, Diff: 0, Sum: 0, Workers: 4
[10.374s][debug][gc,phases      ] GC(19)   StringDedup Requests0 Weak     Min:  0.0, Avg:  0.0, Max:  0.0, Diff:  0.0, Sum:  0.0, Workers: 4
[10.374s][debug][gc,phases      ] GC(19)     Dead                           Min: 0, Avg:  0.0, Max: 0, Diff: 0, Sum: 0, Workers: 4
[10.374s][debug][gc,phases      ] GC(19)     Total                          Min: 0, Avg:  0.0, Max: 0, Diff: 0, Sum: 0, Workers: 4
[10.374s][debug][gc,phases      ] GC(19)   StringDedup Requests1 Weak     Min:  0.0, Avg:  0.0, Max:  0.0, Diff:  0.0, Sum:  0.0, Workers: 4
[10.374s][debug][gc,phases      ] GC(19)     Dead                           Min: 0, Avg:  0.0, Max: 0, Diff: 0, Sum: 0, Workers: 4
[10.374s][debug][gc,phases      ] GC(19)     Total                          Min: 0, Avg:  0.0, Max: 0, Diff: 0, Sum: 0, Workers: 4
[10.374s][debug][gc,phases      ] GC(19)   Weak JFR Old Object Samples    Min:  0.0, Avg:  0.0, Max:  0.0, Diff:  0.0, Sum:  0.0, Workers: 4
[10.374s][debug][gc,phases      ] GC(19)     Dead                           Min: 0, Avg:  0.0, Max: 0, Diff: 0, Sum: 0, Workers: 4
[10.374s][debug][gc,phases      ] GC(19)     Total                          Min: 0, Avg:  0.0, Max: 0, Diff: 0, Sum: 0, Workers: 4
[10.374s][debug][gc,phases      ] GC(19) Weak Processing 0.366ms
[10.374s][debug][gc,phases      ] GC(19) ClassLoaderData 0.071ms
[10.374s][debug][gc,phases      ] GC(19) Trigger cleanups 0.000ms
[10.381s][debug][gc,phases      ] GC(19) Class Unloading 6.847ms
[10.381s][info ][gc,phases      ] GC(19) Marking Phase 90.131ms
[10.381s][info ][gc,phases,start] GC(19) Summary Phase
[10.381s][info ][gc,phases      ] GC(19) Summary Phase 0.008ms
[10.381s][info ][gc,phases,start] GC(19) Adjust Roots
[10.391s][info ][gc,phases      ] GC(19) Adjust Roots 9.677ms
[10.391s][info ][gc,phases,start] GC(19) Compaction Phase
[11.081s][info ][gc,phases      ] GC(19) Compaction Phase 690.700ms
[11.081s][info ][gc,phases,start] GC(19) Post Compact
[11.082s][info ][gc,phases      ] GC(19) Post Compact 0.603ms
[11.082s][info ][gc,heap        ] GC(19) PSYoungGen: 139002K(1816576K)->138779K(1816576K) Eden: 0K(1528832K)->0K(1528832K) From: 139002K(287744K)->138779K(287744K)
[11.082s][info ][gc,heap        ] GC(19) ParOldGen: 63438K(63488K)->63244K(107520K)
[11.082s][info ][gc,metaspace   ] GC(19) Metaspace: 60734K(61504K)->60734K(61504K) NonClass: 51710K(52160K)->51710K(52160K) Class: 9023K(9344K)->9023K(9344K)
[11.082s][info ][gc             ] GC(19) Pause Full (Ergonomics) 197M->197M(1879M) 791.381ms
[11.082s][info ][gc,cpu         ] GC(19) User=1.85s Sys=0.02s Real=0.79s
[11.083s][info ][safepoint      ] Safepoint "ParallelGCFailedAllocation", Time since last: 282773594 ns, Reaching safepoint: 176505 ns, At safepoint: 884307910 ns, Total: 884484415 ns
[11.425s][info ][gc,start       ] GC(20) Pause Young (Allocation Failure)
[11.532s][debug][gc,phases      ] GC(20) Scavenge 107.509ms
[11.532s][debug][gc,ref         ] GC(20) Skipped phase 1 of Reference Processing: no references
[11.532s][debug][gc,ref         ] GC(20) ReferenceProcessor::execute queues: 2, RefProcThreadModel::Multi, marks_oops_alive: false
[11.533s][debug][gc,ref         ] GC(20) Skipped phase 3 of Reference Processing: no references
[11.533s][debug][gc,ref         ] GC(20) Skipped phase 4 of Reference Processing: no references
[11.533s][debug][gc,phases      ] GC(20) Reference Processing 0.426ms
[11.534s][debug][gc,phases      ] GC(20)   VM Weak                        Min:  0.0, Avg:  0.0, Max:  0.0, Diff:  0.0, Sum:  0.0, Workers: 4
[11.534s][debug][gc,phases      ] GC(20)     Dead                           Min: 0, Avg:  0.0, Max: 0, Diff: 0, Sum: 0, Workers: 4
[11.534s][debug][gc,phases      ] GC(20)     Total                          Min: 0, Avg: 136.0, Max: 192, Diff: 192, Sum: 544, Workers: 4
[11.534s][debug][gc,phases      ] GC(20)   ObjectSynchronizer Weak        Min:  0.0, Avg:  0.0, Max:  0.0, Diff:  0.0, Sum:  0.0, Workers: 4
[11.534s][debug][gc,phases      ] GC(20)     Dead                           Min: 0, Avg:  0.0, Max: 0, Diff: 0, Sum: 0, Workers: 4
[11.534s][debug][gc,phases      ] GC(20)     Total                          Min: 0, Avg: 96.0, Max: 192, Diff: 192, Sum: 384, Workers: 4
[11.534s][debug][gc,phases      ] GC(20)   JVMTI Tag Weak OopStorage      Min:  0.0, Avg:  0.0, Max:  0.0, Diff:  0.0, Sum:  0.0, Workers: 4
[11.534s][debug][gc,phases      ] GC(20)     Dead                           Min: 0, Avg:  0.0, Max: 0, Diff: 0, Sum: 0, Workers: 4
[11.534s][debug][gc,phases      ] GC(20)     Total                          Min: 0, Avg:  0.0, Max: 0, Diff: 0, Sum: 0, Workers: 4
[11.534s][debug][gc,phases      ] GC(20)   StringTable Weak               Min:  0.8, Avg:  0.8, Max:  0.8, Diff:  0.0, Sum:  3.3, Workers: 4
[11.534s][debug][gc,phases      ] GC(20)     Dead                           Min: 0, Avg:  2.8, Max: 11, Diff: 11, Sum: 11, Workers: 4
[11.534s][debug][gc,phases      ] GC(20)     Total                          Min: 9013, Avg: 10152.8, Max: 11072, Diff: 2059, Sum: 40611, Workers: 4
[11.534s][debug][gc,phases      ] GC(20)   ResolvedMethodTable Weak       Min:  0.1, Avg:  0.1, Max:  0.1, Diff:  0.0, Sum:  0.5, Workers: 4
[11.534s][debug][gc,phases      ] GC(20)     Dead                           Min: 0, Avg:  0.0, Max: 0, Diff: 0, Sum: 0, Workers: 4
[11.534s][debug][gc,phases      ] GC(20)     Total                          Min: 960, Avg: 1574.5, Max: 1946, Diff: 986, Sum: 6298, Workers: 4
[11.534s][debug][gc,phases      ] GC(20)   JNI Weak                       Min:  0.0, Avg:  0.0, Max:  0.0, Diff:  0.0, Sum:  0.0, Workers: 4
[11.534s][debug][gc,phases      ] GC(20)     Dead                           Min: 0, Avg:  0.0, Max: 0, Diff: 0, Sum: 0, Workers: 4
[11.534s][debug][gc,phases      ] GC(20)     Total                          Min: 0, Avg: 10.0, Max: 40, Diff: 40, Sum: 40, Workers: 4
[11.534s][debug][gc,phases      ] GC(20)   StringDedup Table Weak         Min:  0.0, Avg:  0.0, Max:  0.0, Diff:  0.0, Sum:  0.0, Workers: 4
[11.534s][debug][gc,phases      ] GC(20)     Dead                           Min: 0, Avg:  0.0, Max: 0, Diff: 0, Sum: 0, Workers: 4
[11.534s][debug][gc,phases      ] GC(20)     Total                          Min: 0, Avg:  0.0, Max: 0, Diff: 0, Sum: 0, Workers: 4
[11.534s][debug][gc,phases      ] GC(20)   StringDedup Requests0 Weak     Min:  0.0, Avg:  0.0, Max:  0.0, Diff:  0.0, Sum:  0.0, Workers: 4
[11.534s][debug][gc,phases      ] GC(20)     Dead                           Min: 0, Avg:  0.0, Max: 0, Diff: 0, Sum: 0, Workers: 4
[11.534s][debug][gc,phases      ] GC(20)     Total                          Min: 0, Avg:  0.0, Max: 0, Diff: 0, Sum: 0, Workers: 4
[11.534s][debug][gc,phases      ] GC(20)   StringDedup Requests1 Weak     Min:  0.0, Avg:  0.0, Max:  0.0, Diff:  0.0, Sum:  0.0, Workers: 4
[11.534s][debug][gc,phases      ] GC(20)     Dead                           Min: 0, Avg:  0.0, Max: 0, Diff: 0, Sum: 0, Workers: 4
[11.534s][debug][gc,phases      ] GC(20)     Total                          Min: 0, Avg:  0.0, Max: 0, Diff: 0, Sum: 0, Workers: 4
[11.534s][debug][gc,phases      ] GC(20)   Weak JFR Old Object Samples    Min:  0.0, Avg:  0.0, Max:  0.0, Diff:  0.0, Sum:  0.0, Workers: 4
[11.534s][debug][gc,phases      ] GC(20)     Dead                           Min: 0, Avg:  0.0, Max: 0, Diff: 0, Sum: 0, Workers: 4
[11.534s][debug][gc,phases      ] GC(20)     Total                          Min: 0, Avg:  0.0, Max: 0, Diff: 0, Sum: 0, Workers: 4
[11.534s][debug][gc,phases      ] GC(20) Weak Processing 1.392ms
[11.534s][debug][gc,age         ] GC(20) Desired survivor size 299892736 bytes, new threshold 13 (max threshold 15)
[11.534s][info ][gc,heap        ] GC(20) PSYoungGen: 1667611K(1816576K)->23325K(1552384K) Eden: 1528832K(1528832K)->0K(1528832K) From: 138779K(287744K)->23325K(23552K)
[11.534s][info ][gc,heap        ] GC(20) ParOldGen: 63244K(107520K)->181787K(182272K)
[11.534s][info ][gc,metaspace   ] GC(20) Metaspace: 60737K(61504K)->60737K(61504K) NonClass: 51714K(52160K)->51714K(52160K) Class: 9023K(9344K)->9023K(9344K)
[11.534s][info ][gc             ] GC(20) Pause Young (Allocation Failure) 1690M->200M(1694M) 109.577ms
[11.534s][info ][gc,cpu         ] GC(20) User=0.40s Sys=0.05s Real=0.11s
[11.534s][debug][gc,phases      ] GC(21) Pre Compact 0.014ms
[11.534s][info ][gc,start       ] GC(21) Pause Full (Ergonomics)
[11.534s][info ][gc,phases,start] GC(21) Marking Phase
[11.617s][debug][gc,phases      ] GC(21) Par Mark 82.656ms
[11.617s][debug][gc,ref         ] GC(21) Skipped phase 1 of Reference Processing: no references
[11.617s][debug][gc,ref         ] GC(21) ReferenceProcessor::execute queues: 4, RefProcThreadModel::Multi, marks_oops_alive: false
[11.617s][debug][gc,ref         ] GC(21) Skipped phase 3 of Reference Processing: no references
[11.617s][debug][gc,ref         ] GC(21) ReferenceProcessor::execute queues: 1, RefProcThreadModel::Single, marks_oops_alive: false
[11.617s][debug][gc,phases      ] GC(21) Reference Processing 0.418ms
[11.618s][debug][gc,phases      ] GC(21)   VM Weak                        Min:  0.0, Avg:  0.0, Max:  0.0, Diff:  0.0, Sum:  0.0, Workers: 4
[11.618s][debug][gc,phases      ] GC(21)     Dead                           Min: 0, Avg:  0.0, Max: 0, Diff: 0, Sum: 0, Workers: 4
[11.618s][debug][gc,phases      ] GC(21)     Total                          Min: 32, Avg: 136.0, Max: 256, Diff: 224, Sum: 544, Workers: 4
[11.618s][debug][gc,phases      ] GC(21)   ObjectSynchronizer Weak        Min:  0.0, Avg:  0.0, Max:  0.0, Diff:  0.0, Sum:  0.0, Workers: 4
[11.618s][debug][gc,phases      ] GC(21)     Dead                           Min: 0, Avg:  0.0, Max: 0, Diff: 0, Sum: 0, Workers: 4
[11.618s][debug][gc,phases      ] GC(21)     Total                          Min: 64, Avg: 96.0, Max: 128, Diff: 64, Sum: 384, Workers: 4
[11.618s][debug][gc,phases      ] GC(21)   JVMTI Tag Weak OopStorage      Min:  0.0, Avg:  0.0, Max:  0.0, Diff:  0.0, Sum:  0.0, Workers: 4
[11.618s][debug][gc,phases      ] GC(21)     Dead                           Min: 0, Avg:  0.0, Max: 0, Diff: 0, Sum: 0, Workers: 4
[11.618s][debug][gc,phases      ] GC(21)     Total                          Min: 0, Avg:  0.0, Max: 0, Diff: 0, Sum: 0, Workers: 4
[11.618s][debug][gc,phases      ] GC(21)   StringTable Weak               Min:  0.1, Avg:  0.1, Max:  0.1, Diff:  0.0, Sum:  0.5, Workers: 4
[11.618s][debug][gc,phases      ] GC(21)     Dead                           Min: 0, Avg:  0.0, Max: 0, Diff: 0, Sum: 0, Workers: 4
[11.618s][debug][gc,phases      ] GC(21)     Total                          Min: 8768, Avg: 10152.8, Max: 11904, Diff: 3136, Sum: 40611, Workers: 4
[11.618s][debug][gc,phases      ] GC(21)   ResolvedMethodTable Weak       Min:  0.0, Avg:  0.0, Max:  0.0, Diff:  0.0, Sum:  0.1, Workers: 4
[11.618s][debug][gc,phases      ] GC(21)     Dead                           Min: 0, Avg:  0.0, Max: 0, Diff: 0, Sum: 0, Workers: 4
[11.618s][debug][gc,phases      ] GC(21)     Total                          Min: 1344, Avg: 1574.5, Max: 1818, Diff: 474, Sum: 6298, Workers: 4
[11.618s][debug][gc,phases      ] GC(21)   JNI Weak                       Min:  0.0, Avg:  0.0, Max:  0.0, Diff:  0.0, Sum:  0.0, Workers: 4
[11.618s][debug][gc,phases      ] GC(21)     Dead                           Min: 0, Avg:  0.0, Max: 0, Diff: 0, Sum: 0, Workers: 4
[11.618s][debug][gc,phases      ] GC(21)     Total                          Min: 0, Avg: 10.0, Max: 40, Diff: 40, Sum: 40, Workers: 4
[11.618s][debug][gc,phases      ] GC(21)   StringDedup Table Weak         Min:  0.0, Avg:  0.0, Max:  0.0, Diff:  0.0, Sum:  0.0, Workers: 4
[11.618s][debug][gc,phases      ] GC(21)     Dead                           Min: 0, Avg:  0.0, Max: 0, Diff: 0, Sum: 0, Workers: 4
[11.618s][debug][gc,phases      ] GC(21)     Total                          Min: 0, Avg:  0.0, Max: 0, Diff: 0, Sum: 0, Workers: 4
[11.618s][debug][gc,phases      ] GC(21)   StringDedup Requests0 Weak     Min:  0.0, Avg:  0.0, Max:  0.0, Diff:  0.0, Sum:  0.0, Workers: 4
[11.618s][debug][gc,phases      ] GC(21)     Dead                           Min: 0, Avg:  0.0, Max: 0, Diff: 0, Sum: 0, Workers: 4
[11.618s][debug][gc,phases      ] GC(21)     Total                          Min: 0, Avg:  0.0, Max: 0, Diff: 0, Sum: 0, Workers: 4
[11.618s][debug][gc,phases      ] GC(21)   StringDedup Requests1 Weak     Min:  0.0, Avg:  0.0, Max:  0.0, Diff:  0.0, Sum:  0.0, Workers: 4
[11.618s][debug][gc,phases      ] GC(21)     Dead                           Min: 0, Avg:  0.0, Max: 0, Diff: 0, Sum: 0, Workers: 4
[11.618s][debug][gc,phases      ] GC(21)     Total                          Min: 0, Avg:  0.0, Max: 0, Diff: 0, Sum: 0, Workers: 4
[11.618s][debug][gc,phases      ] GC(21)   Weak JFR Old Object Samples    Min:  0.0, Avg:  0.0, Max:  0.0, Diff:  0.0, Sum:  0.0, Workers: 4
[11.618s][debug][gc,phases      ] GC(21)     Dead                           Min: 0, Avg:  0.0, Max: 0, Diff: 0, Sum: 0, Workers: 4
[11.618s][debug][gc,phases      ] GC(21)     Total                          Min: 0, Avg:  0.0, Max: 0, Diff: 0, Sum: 0, Workers: 4
[11.618s][debug][gc,phases      ] GC(21) Weak Processing 0.355ms
[11.618s][debug][gc,phases      ] GC(21) ClassLoaderData 0.075ms
[11.618s][debug][gc,phases      ] GC(21) Trigger cleanups 0.000ms
[11.625s][debug][gc,phases      ] GC(21) Class Unloading 7.306ms
[11.625s][info ][gc,phases      ] GC(21) Marking Phase 90.917ms
[11.625s][info ][gc,phases,start] GC(21) Summary Phase
[11.625s][info ][gc,phases      ] GC(21) Summary Phase 0.008ms
[11.625s][info ][gc,phases,start] GC(21) Adjust Roots
[11.633s][info ][gc,phases      ] GC(21) Adjust Roots 7.391ms
[11.633s][info ][gc,phases,start] GC(21) Compaction Phase
[11.901s][info ][gc,phases      ] GC(21) Compaction Phase 268.276ms
[11.901s][info ][gc,phases,start] GC(21) Post Compact
[11.901s][info ][gc,phases      ] GC(21) Post Compact 0.489ms
[11.902s][info ][gc,heap        ] GC(21) PSYoungGen: 23325K(1552384K)->22722K(1552384K) Eden: 0K(1528832K)->0K(1528832K) From: 23325K(23552K)->22722K(23552K)
[11.902s][info ][gc,heap        ] GC(21) ParOldGen: 181787K(182272K)->181873K(277504K)
[11.902s][info ][gc,metaspace   ] GC(21) Metaspace: 60737K(61504K)->60737K(61504K) NonClass: 51714K(52160K)->51714K(52160K) Class: 9023K(9344K)->9023K(9344K)
[11.902s][info ][gc             ] GC(21) Pause Full (Ergonomics) 200M->199M(1787M) 367.362ms
[11.902s][info ][gc,cpu         ] GC(21) User=1.20s Sys=0.01s Real=0.37s
[11.902s][info ][safepoint      ] Safepoint "ParallelGCFailedAllocation", Time since last: 341207301 ns, Reaching safepoint: 203705 ns, At safepoint: 477140906 ns, Total: 477344611 ns
[12.167s][info ][gc,start       ] GC(22) Pause Young (Allocation Failure)
[12.203s][debug][gc,phases      ] GC(22) Scavenge 35.816ms
[12.203s][debug][gc,ref         ] GC(22) Skipped phase 1 of Reference Processing: no references
[12.203s][debug][gc,ref         ] GC(22) ReferenceProcessor::execute queues: 2, RefProcThreadModel::Multi, marks_oops_alive: false
[12.204s][debug][gc,ref         ] GC(22) Skipped phase 3 of Reference Processing: no references
[12.204s][debug][gc,ref         ] GC(22) Skipped phase 4 of Reference Processing: no references
[12.204s][debug][gc,phases      ] GC(22) Reference Processing 0.191ms
[12.204s][debug][gc,phases      ] GC(22)   VM Weak                        Min:  0.0, Avg:  0.0, Max:  0.0, Diff:  0.0, Sum:  0.0, Workers: 4
[12.204s][debug][gc,phases      ] GC(22)     Dead                           Min: 0, Avg:  0.0, Max: 0, Diff: 0, Sum: 0, Workers: 4
[12.204s][debug][gc,phases      ] GC(22)     Total                          Min: 0, Avg: 136.0, Max: 352, Diff: 352, Sum: 544, Workers: 4
[12.204s][debug][gc,phases      ] GC(22)   ObjectSynchronizer Weak        Min:  0.0, Avg:  0.0, Max:  0.0, Diff:  0.0, Sum:  0.0, Workers: 4
[12.204s][debug][gc,phases      ] GC(22)     Dead                           Min: 0, Avg:  0.0, Max: 0, Diff: 0, Sum: 0, Workers: 4
[12.204s][debug][gc,phases      ] GC(22)     Total                          Min: 0, Avg: 96.0, Max: 128, Diff: 128, Sum: 384, Workers: 4
[12.204s][debug][gc,phases      ] GC(22)   JVMTI Tag Weak OopStorage      Min:  0.0, Avg:  0.0, Max:  0.0, Diff:  0.0, Sum:  0.0, Workers: 4
[12.204s][debug][gc,phases      ] GC(22)     Dead                           Min: 0, Avg:  0.0, Max: 0, Diff: 0, Sum: 0, Workers: 4
[12.204s][debug][gc,phases      ] GC(22)     Total                          Min: 0, Avg:  0.0, Max: 0, Diff: 0, Sum: 0, Workers: 4
[12.204s][debug][gc,phases      ] GC(22)   StringTable Weak               Min:  0.1, Avg:  0.1, Max:  0.1, Diff:  0.0, Sum:  0.4, Workers: 4
[12.204s][debug][gc,phases      ] GC(22)     Dead                           Min: 0, Avg:  2.8, Max: 11, Diff: 11, Sum: 11, Workers: 4
[12.204s][debug][gc,phases      ] GC(22)     Total                          Min: 10048, Avg: 10153.2, Max: 10293, Diff: 245, Sum: 40613, Workers: 4
[12.204s][debug][gc,phases      ] GC(22)   ResolvedMethodTable Weak       Min:  0.0, Avg:  0.0, Max:  0.0, Diff:  0.0, Sum:  0.1, Workers: 4
[12.204s][debug][gc,phases      ] GC(22)     Dead                           Min: 0, Avg:  0.0, Max: 0, Diff: 0, Sum: 0, Workers: 4
[12.204s][debug][gc,phases      ] GC(22)     Total                          Min: 1344, Avg: 1574.5, Max: 1728, Diff: 384, Sum: 6298, Workers: 4
[12.204s][debug][gc,phases      ] GC(22)   JNI Weak                       Min:  0.0, Avg:  0.0, Max:  0.0, Diff:  0.0, Sum:  0.0, Workers: 4
[12.204s][debug][gc,phases      ] GC(22)     Dead                           Min: 0, Avg:  0.0, Max: 0, Diff: 0, Sum: 0, Workers: 4
[12.204s][debug][gc,phases      ] GC(22)     Total                          Min: 0, Avg:  4.5, Max: 18, Diff: 18, Sum: 18, Workers: 4
[12.204s][debug][gc,phases      ] GC(22)   StringDedup Table Weak         Min:  0.0, Avg:  0.0, Max:  0.0, Diff:  0.0, Sum:  0.0, Workers: 4
[12.204s][debug][gc,phases      ] GC(22)     Dead                           Min: 0, Avg:  0.0, Max: 0, Diff: 0, Sum: 0, Workers: 4
[12.204s][debug][gc,phases      ] GC(22)     Total                          Min: 0, Avg:  0.0, Max: 0, Diff: 0, Sum: 0, Workers: 4
[12.204s][debug][gc,phases      ] GC(22)   StringDedup Requests0 Weak     Min:  0.0, Avg:  0.0, Max:  0.0, Diff:  0.0, Sum:  0.0, Workers: 4
[12.204s][debug][gc,phases      ] GC(22)     Dead                           Min: 0, Avg:  0.0, Max: 0, Diff: 0, Sum: 0, Workers: 4
[12.204s][debug][gc,phases      ] GC(22)     Total                          Min: 0, Avg:  0.0, Max: 0, Diff: 0, Sum: 0, Workers: 4
[12.204s][debug][gc,phases      ] GC(22)   StringDedup Requests1 Weak     Min:  0.0, Avg:  0.0, Max:  0.0, Diff:  0.0, Sum:  0.0, Workers: 4
[12.204s][debug][gc,phases      ] GC(22)     Dead                           Min: 0, Avg:  0.0, Max: 0, Diff: 0, Sum: 0, Workers: 4
[12.204s][debug][gc,phases      ] GC(22)     Total                          Min: 0, Avg:  0.0, Max: 0, Diff: 0, Sum: 0, Workers: 4
[12.204s][debug][gc,phases      ] GC(22)   Weak JFR Old Object Samples    Min:  0.0, Avg:  0.0, Max:  0.0, Diff:  0.0, Sum:  0.0, Workers: 4
[12.204s][debug][gc,phases      ] GC(22)     Dead                           Min: 0, Avg:  0.0, Max: 0, Diff: 0, Sum: 0, Workers: 4
[12.204s][debug][gc,phases      ] GC(22)     Total                          Min: 0, Avg:  0.0, Max: 0, Diff: 0, Sum: 0, Workers: 4
[12.204s][debug][gc,phases      ] GC(22) Weak Processing 0.346ms
[12.204s][debug][gc,age         ] GC(22) Desired survivor size 307757056 bytes, new threshold 14 (max threshold 15)
[12.204s][info ][gc,heap        ] GC(22) PSYoungGen: 1551554K(1552384K)->24000K(1788928K) Eden: 1528832K(1528832K)->0K(1496064K) From: 22722K(23552K)->24000K(292864K)
[12.204s][info ][gc,heap        ] GC(22) ParOldGen: 181873K(277504K)->181881K(277504K)
[12.204s][info ][gc,metaspace   ] GC(22) Metaspace: 60742K(61504K)->60742K(61504K) NonClass: 51718K(52160K)->51718K(52160K) Class: 9023K(9344K)->9023K(9344K)
[12.204s][info ][gc             ] GC(22) Pause Young (Allocation Failure) 1692M->201M(2018M) 36.480ms
[12.204s][info ][gc,cpu         ] GC(22) User=0.13s Sys=0.00s Real=0.04s
[12.204s][info ][safepoint      ] Safepoint "ParallelGCFailedAllocation", Time since last: 265600750 ns, Reaching safepoint: 189005 ns, At safepoint: 36582343 ns, Total: 36771348 ns
[12.472s][info ][safepoint      ] Safepoint "ICBufferFull", Time since last: 267424997 ns, Reaching safepoint: 262107 ns, At safepoint: 27401 ns, Total: 289508 ns
[12.580s][info ][gc,start       ] GC(23) Pause Young (Allocation Failure)
[12.594s][debug][gc,phases      ] GC(23) Scavenge 13.569ms
[12.594s][debug][gc,ref         ] GC(23) Skipped phase 1 of Reference Processing: no references
[12.594s][debug][gc,ref         ] GC(23) ReferenceProcessor::execute queues: 2, RefProcThreadModel::Multi, marks_oops_alive: false
[12.594s][debug][gc,ref         ] GC(23) Skipped phase 3 of Reference Processing: no references
[12.594s][debug][gc,ref         ] GC(23) Skipped phase 4 of Reference Processing: no references
[12.594s][debug][gc,phases      ] GC(23) Reference Processing 0.235ms
[12.594s][debug][gc,phases      ] GC(23)   VM Weak                        Min:  0.0, Avg:  0.0, Max:  0.0, Diff:  0.0, Sum:  0.0, Workers: 4
[12.594s][debug][gc,phases      ] GC(23)     Dead                           Min: 0, Avg:  0.0, Max: 0, Diff: 0, Sum: 0, Workers: 4
[12.594s][debug][gc,phases      ] GC(23)     Total                          Min: 0, Avg: 136.0, Max: 480, Diff: 480, Sum: 544, Workers: 4
[12.594s][debug][gc,phases      ] GC(23)   ObjectSynchronizer Weak        Min:  0.0, Avg:  0.0, Max:  0.0, Diff:  0.0, Sum:  0.0, Workers: 4
[12.594s][debug][gc,phases      ] GC(23)     Dead                           Min: 0, Avg:  0.0, Max: 0, Diff: 0, Sum: 0, Workers: 4
[12.594s][debug][gc,phases      ] GC(23)     Total                          Min: 0, Avg: 96.0, Max: 128, Diff: 128, Sum: 384, Workers: 4
[12.594s][debug][gc,phases      ] GC(23)   JVMTI Tag Weak OopStorage      Min:  0.0, Avg:  0.0, Max:  0.0, Diff:  0.0, Sum:  0.0, Workers: 4
[12.594s][debug][gc,phases      ] GC(23)     Dead                           Min: 0, Avg:  0.0, Max: 0, Diff: 0, Sum: 0, Workers: 4
[12.594s][debug][gc,phases      ] GC(23)     Total                          Min: 0, Avg:  0.0, Max: 0, Diff: 0, Sum: 0, Workers: 4
[12.594s][debug][gc,phases      ] GC(23)   StringTable Weak               Min:  0.1, Avg:  0.1, Max:  0.1, Diff:  0.0, Sum:  0.5, Workers: 4
[12.594s][debug][gc,phases      ] GC(23)     Dead                           Min: 0, Avg:  2.8, Max: 11, Diff: 11, Sum: 11, Workers: 4
[12.594s][debug][gc,phases      ] GC(23)     Total                          Min: 9472, Avg: 10161.0, Max: 10756, Diff: 1284, Sum: 40644, Workers: 4
[12.594s][debug][gc,phases      ] GC(23)   ResolvedMethodTable Weak       Min:  0.0, Avg:  0.0, Max:  0.0, Diff:  0.0, Sum:  0.1, Workers: 4
[12.594s][debug][gc,phases      ] GC(23)     Dead                           Min: 0, Avg:  0.0, Max: 0, Diff: 0, Sum: 0, Workers: 4
[12.594s][debug][gc,phases      ] GC(23)     Total                          Min: 1024, Avg: 1574.5, Max: 2112, Diff: 1088, Sum: 6298, Workers: 4
[12.594s][debug][gc,phases      ] GC(23)   JNI Weak                       Min:  0.0, Avg:  0.0, Max:  0.0, Diff:  0.0, Sum:  0.0, Workers: 4
[12.594s][debug][gc,phases      ] GC(23)     Dead                           Min: 0, Avg:  0.0, Max: 0, Diff: 0, Sum: 0, Workers: 4
[12.594s][debug][gc,phases      ] GC(23)     Total                          Min: 0, Avg:  0.2, Max: 1, Diff: 1, Sum: 1, Workers: 4
[12.594s][debug][gc,phases      ] GC(23)   StringDedup Table Weak         Min:  0.0, Avg:  0.0, Max:  0.0, Diff:  0.0, Sum:  0.0, Workers: 4
[12.594s][debug][gc,phases      ] GC(23)     Dead                           Min: 0, Avg:  0.0, Max: 0, Diff: 0, Sum: 0, Workers: 4
[12.594s][debug][gc,phases      ] GC(23)     Total                          Min: 0, Avg:  0.0, Max: 0, Diff: 0, Sum: 0, Workers: 4
[12.594s][debug][gc,phases      ] GC(23)   StringDedup Requests0 Weak     Min:  0.0, Avg:  0.0, Max:  0.0, Diff:  0.0, Sum:  0.0, Workers: 4
[12.594s][debug][gc,phases      ] GC(23)     Dead                           Min: 0, Avg:  0.0, Max: 0, Diff: 0, Sum: 0, Workers: 4
[12.594s][debug][gc,phases      ] GC(23)     Total                          Min: 0, Avg:  0.0, Max: 0, Diff: 0, Sum: 0, Workers: 4
[12.594s][debug][gc,phases      ] GC(23)   StringDedup Requests1 Weak     Min:  0.0, Avg:  0.0, Max:  0.0, Diff:  0.0, Sum:  0.0, Workers: 4
[12.594s][debug][gc,phases      ] GC(23)     Dead                           Min: 0, Avg:  0.0, Max: 0, Diff: 0, Sum: 0, Workers: 4
[12.594s][debug][gc,phases      ] GC(23)     Total                          Min: 0, Avg:  0.0, Max: 0, Diff: 0, Sum: 0, Workers: 4
[12.595s][debug][gc,phases      ] GC(23)   Weak JFR Old Object Samples    Min:  0.0, Avg:  0.0, Max:  0.0, Diff:  0.0, Sum:  0.0, Workers: 4
[12.595s][debug][gc,phases      ] GC(23)     Dead                           Min: 0, Avg:  0.0, Max: 0, Diff: 0, Sum: 0, Workers: 4
[12.595s][debug][gc,phases      ] GC(23)     Total                          Min: 0, Avg:  0.0, Max: 0, Diff: 0, Sum: 0, Workers: 4
[12.595s][debug][gc,phases      ] GC(23) Weak Processing 0.337ms
[12.595s][debug][gc,age         ] GC(23) Desired survivor size 310378496 bytes, new threshold 15 (max threshold 15)
[12.595s][info ][gc,heap        ] GC(23) PSYoungGen: 1520064K(1788928K)->26365K(1522688K) Eden: 1496064K(1496064K)->0K(1496064K) From: 24000K(292864K)->26365K(26624K)
[12.595s][info ][gc,heap        ] GC(23) ParOldGen: 181881K(277504K)->181881K(277504K)
[12.595s][info ][gc,metaspace   ] GC(23) Metaspace: 60752K(61504K)->60752K(61504K) NonClass: 51728K(52160K)->51728K(52160K) Class: 9024K(9344K)->9024K(9344K)
[12.595s][info ][gc             ] GC(23) Pause Young (Allocation Failure) 1662M->203M(1758M) 14.282ms
[12.595s][info ][gc,cpu         ] GC(23) User=0.06s Sys=0.00s Real=0.01s
[12.595s][info ][safepoint      ] Safepoint "ParallelGCFailedAllocation", Time since last: 105296815 ns, Reaching safepoint: 3232384 ns, At safepoint: 14395671 ns, Total: 17628055 ns
[12.872s][info ][gc,start       ] GC(24) Pause Young (Allocation Failure)
[12.885s][debug][gc,phases      ] GC(24) Scavenge 13.195ms
[12.885s][debug][gc,ref         ] GC(24) Skipped phase 1 of Reference Processing: no references
[12.885s][debug][gc,ref         ] GC(24) ReferenceProcessor::execute queues: 2, RefProcThreadModel::Multi, marks_oops_alive: false
[12.886s][debug][gc,ref         ] GC(24) Skipped phase 3 of Reference Processing: no references
[12.886s][debug][gc,ref         ] GC(24) ReferenceProcessor::execute queues: 1, RefProcThreadModel::Single, marks_oops_alive: false
[12.886s][debug][gc,phases      ] GC(24) Reference Processing 0.226ms
[12.886s][debug][gc,phases      ] GC(24)   VM Weak                        Min:  0.0, Avg:  0.0, Max:  0.0, Diff:  0.0, Sum:  0.0, Workers: 4
[12.886s][debug][gc,phases      ] GC(24)     Dead                           Min: 0, Avg:  0.0, Max: 0, Diff: 0, Sum: 0, Workers: 4
[12.886s][debug][gc,phases      ] GC(24)     Total                          Min: 0, Avg: 136.5, Max: 482, Diff: 482, Sum: 546, Workers: 4
[12.886s][debug][gc,phases      ] GC(24)   ObjectSynchronizer Weak        Min:  0.0, Avg:  0.0, Max:  0.0, Diff:  0.0, Sum:  0.0, Workers: 4
[12.886s][debug][gc,phases      ] GC(24)     Dead                           Min: 0, Avg:  0.0, Max: 0, Diff: 0, Sum: 0, Workers: 4
[12.886s][debug][gc,phases      ] GC(24)     Total                          Min: 0, Avg: 96.0, Max: 192, Diff: 192, Sum: 384, Workers: 4
[12.886s][debug][gc,phases      ] GC(24)   JVMTI Tag Weak OopStorage      Min:  0.0, Avg:  0.0, Max:  0.0, Diff:  0.0, Sum:  0.0, Workers: 4
[12.886s][debug][gc,phases      ] GC(24)     Dead                           Min: 0, Avg:  0.0, Max: 0, Diff: 0, Sum: 0, Workers: 4
[12.886s][debug][gc,phases      ] GC(24)     Total                          Min: 0, Avg:  0.0, Max: 0, Diff: 0, Sum: 0, Workers: 4
[12.886s][debug][gc,phases      ] GC(24)   StringTable Weak               Min:  0.1, Avg:  0.1, Max:  0.1, Diff:  0.0, Sum:  0.5, Workers: 4
[12.886s][debug][gc,phases      ] GC(24)     Dead                           Min: 0, Avg:  0.5, Max: 2, Diff: 2, Sum: 2, Workers: 4
[12.886s][debug][gc,phases      ] GC(24)     Total                          Min: 8320, Avg: 10168.5, Max: 11362, Diff: 3042, Sum: 40674, Workers: 4
[12.886s][debug][gc,phases      ] GC(24)   ResolvedMethodTable Weak       Min:  0.0, Avg:  0.0, Max:  0.0, Diff:  0.0, Sum:  0.1, Workers: 4
[12.886s][debug][gc,phases      ] GC(24)     Dead                           Min: 0, Avg:  3.8, Max: 12, Diff: 12, Sum: 15, Workers: 4
[12.886s][debug][gc,phases      ] GC(24)     Total                          Min: 963, Avg: 1584.8, Max: 2048, Diff: 1085, Sum: 6339, Workers: 4
[12.886s][debug][gc,phases      ] GC(24)   JNI Weak                       Min:  0.0, Avg:  0.0, Max:  0.0, Diff:  0.0, Sum:  0.0, Workers: 4
[12.886s][debug][gc,phases      ] GC(24)     Dead                           Min: 0, Avg:  0.0, Max: 0, Diff: 0, Sum: 0, Workers: 4
[12.886s][debug][gc,phases      ] GC(24)     Total                          Min: 0, Avg:  1.8, Max: 7, Diff: 7, Sum: 7, Workers: 4
[12.886s][debug][gc,phases      ] GC(24)   StringDedup Table Weak         Min:  0.0, Avg:  0.0, Max:  0.0, Diff:  0.0, Sum:  0.0, Workers: 4
[12.886s][debug][gc,phases      ] GC(24)     Dead                           Min: 0, Avg:  0.0, Max: 0, Diff: 0, Sum: 0, Workers: 4
[12.886s][debug][gc,phases      ] GC(24)     Total                          Min: 0, Avg:  0.0, Max: 0, Diff: 0, Sum: 0, Workers: 4
[12.886s][debug][gc,phases      ] GC(24)   StringDedup Requests0 Weak     Min:  0.0, Avg:  0.0, Max:  0.0, Diff:  0.0, Sum:  0.0, Workers: 4
[12.886s][debug][gc,phases      ] GC(24)     Dead                           Min: 0, Avg:  0.0, Max: 0, Diff: 0, Sum: 0, Workers: 4
[12.886s][debug][gc,phases      ] GC(24)     Total                          Min: 0, Avg:  0.0, Max: 0, Diff: 0, Sum: 0, Workers: 4
[12.886s][debug][gc,phases      ] GC(24)   StringDedup Requests1 Weak     Min:  0.0, Avg:  0.0, Max:  0.0, Diff:  0.0, Sum:  0.0, Workers: 4
[12.886s][debug][gc,phases      ] GC(24)     Dead                           Min: 0, Avg:  0.0, Max: 0, Diff: 0, Sum: 0, Workers: 4
[12.886s][debug][gc,phases      ] GC(24)     Total                          Min: 0, Avg:  0.0, Max: 0, Diff: 0, Sum: 0, Workers: 4
[12.886s][debug][gc,phases      ] GC(24)   Weak JFR Old Object Samples    Min:  0.0, Avg:  0.0, Max:  0.0, Diff:  0.0, Sum:  0.0, Workers: 4
[12.886s][debug][gc,phases      ] GC(24)     Dead                           Min: 0, Avg:  0.0, Max: 0, Diff: 0, Sum: 0, Workers: 4
[12.886s][debug][gc,phases      ] GC(24)     Total                          Min: 0, Avg:  0.0, Max: 0, Diff: 0, Sum: 0, Workers: 4
[12.886s][debug][gc,phases      ] GC(24) Weak Processing 0.339ms
[12.886s][debug][gc,age         ] GC(24) Desired survivor size 309329920 bytes, new threshold 15 (max threshold 15)
[12.886s][info ][gc,heap        ] GC(24) PSYoungGen: 1522429K(1522688K)->29211K(1795072K) Eden: 1496064K(1496064K)->0K(1491968K) From: 26365K(26624K)->29211K(303104K)
[12.886s][info ][gc,heap        ] GC(24) ParOldGen: 181881K(277504K)->181889K(277504K)
[12.886s][info ][gc,metaspace   ] GC(24) Metaspace: 60924K(61632K)->60924K(61632K) NonClass: 51881K(52224K)->51881K(52224K) Class: 9042K(9408K)->9042K(9408K)
[12.886s][info ][gc             ] GC(24) Pause Young (Allocation Failure) 1664M->206M(2024M) 13.900ms
[12.886s][info ][gc,cpu         ] GC(24) User=0.05s Sys=0.00s Real=0.01s
[12.886s][info ][safepoint      ] Safepoint "ParallelGCFailedAllocation", Time since last: 277190448 ns, Reaching safepoint: 170605 ns, At safepoint: 14005961 ns, Total: 14176566 ns
[13.176s][info ][gc,start       ] GC(25) Pause Young (Allocation Failure)
[13.193s][debug][gc,phases      ] GC(25) Scavenge 16.545ms
[13.193s][debug][gc,ref         ] GC(25) Skipped phase 1 of Reference Processing: no references
[13.193s][debug][gc,ref         ] GC(25) ReferenceProcessor::execute queues: 1, RefProcThreadModel::Single, marks_oops_alive: false
[13.193s][debug][gc,ref         ] GC(25) Skipped phase 3 of Reference Processing: no references
[13.193s][debug][gc,ref         ] GC(25) ReferenceProcessor::execute queues: 1, RefProcThreadModel::Single, marks_oops_alive: false
[13.193s][debug][gc,phases      ] GC(25) Reference Processing 0.180ms
[13.193s][debug][gc,phases      ] GC(25)   VM Weak                        Min:  0.0, Avg:  0.0, Max:  0.0, Diff:  0.0, Sum:  0.0, Workers: 4
[13.193s][debug][gc,phases      ] GC(25)     Dead                           Min: 0, Avg:  0.0, Max: 0, Diff: 0, Sum: 0, Workers: 4
[13.193s][debug][gc,phases      ] GC(25)     Total                          Min: 0, Avg: 137.2, Max: 357, Diff: 357, Sum: 549, Workers: 4
[13.193s][debug][gc,phases      ] GC(25)   ObjectSynchronizer Weak        Min:  0.0, Avg:  0.0, Max:  0.0, Diff:  0.0, Sum:  0.0, Workers: 4
[13.193s][debug][gc,phases      ] GC(25)     Dead                           Min: 0, Avg:  0.0, Max: 0, Diff: 0, Sum: 0, Workers: 4
[13.193s][debug][gc,phases      ] GC(25)     Total                          Min: 0, Avg: 96.0, Max: 192, Diff: 192, Sum: 384, Workers: 4
[13.193s][debug][gc,phases      ] GC(25)   JVMTI Tag Weak OopStorage      Min:  0.0, Avg:  0.0, Max:  0.0, Diff:  0.0, Sum:  0.0, Workers: 4
[13.193s][debug][gc,phases      ] GC(25)     Dead                           Min: 0, Avg:  0.0, Max: 0, Diff: 0, Sum: 0, Workers: 4
[13.193s][debug][gc,phases      ] GC(25)     Total                          Min: 0, Avg:  0.0, Max: 0, Diff: 0, Sum: 0, Workers: 4
[13.193s][debug][gc,phases      ] GC(25)   StringTable Weak               Min:  0.1, Avg:  0.1, Max:  0.1, Diff:  0.0, Sum:  0.5, Workers: 4
[13.193s][debug][gc,phases      ] GC(25)     Dead                           Min: 0, Avg:  3.8, Max: 13, Diff: 13, Sum: 15, Workers: 4
[13.193s][debug][gc,phases      ] GC(25)     Total                          Min: 9536, Avg: 10189.0, Max: 10944, Diff: 1408, Sum: 40756, Workers: 4
[13.193s][debug][gc,phases      ] GC(25)   ResolvedMethodTable Weak       Min:  0.0, Avg:  0.0, Max:  0.0, Diff:  0.0, Sum:  0.1, Workers: 4
[13.193s][debug][gc,phases      ] GC(25)     Dead                           Min: 0, Avg:  4.8, Max: 19, Diff: 19, Sum: 19, Workers: 4
[13.193s][debug][gc,phases      ] GC(25)     Total                          Min: 1024, Avg: 1591.8, Max: 2150, Diff: 1126, Sum: 6367, Workers: 4
[13.193s][debug][gc,phases      ] GC(25)   JNI Weak                       Min:  0.0, Avg:  0.0, Max:  0.0, Diff:  0.0, Sum:  0.0, Workers: 4
[13.193s][debug][gc,phases      ] GC(25)     Dead                           Min: 0, Avg:  0.0, Max: 0, Diff: 0, Sum: 0, Workers: 4
[13.193s][debug][gc,phases      ] GC(25)     Total                          Min: 0, Avg:  0.5, Max: 2, Diff: 2, Sum: 2, Workers: 4
[13.193s][debug][gc,phases      ] GC(25)   StringDedup Table Weak         Min:  0.0, Avg:  0.0, Max:  0.0, Diff:  0.0, Sum:  0.0, Workers: 4
[13.193s][debug][gc,phases      ] GC(25)     Dead                           Min: 0, Avg:  0.0, Max: 0, Diff: 0, Sum: 0, Workers: 4
[13.193s][debug][gc,phases      ] GC(25)     Total                          Min: 0, Avg:  0.0, Max: 0, Diff: 0, Sum: 0, Workers: 4
[13.193s][debug][gc,phases      ] GC(25)   StringDedup Requests0 Weak     Min:  0.0, Avg:  0.0, Max:  0.0, Diff:  0.0, Sum:  0.0, Workers: 4
[13.193s][debug][gc,phases      ] GC(25)     Dead                           Min: 0, Avg:  0.0, Max: 0, Diff: 0, Sum: 0, Workers: 4
[13.193s][debug][gc,phases      ] GC(25)     Total                          Min: 0, Avg:  0.0, Max: 0, Diff: 0, Sum: 0, Workers: 4
[13.193s][debug][gc,phases      ] GC(25)   StringDedup Requests1 Weak     Min:  0.0, Avg:  0.0, Max:  0.0, Diff:  0.0, Sum:  0.0, Workers: 4
[13.193s][debug][gc,phases      ] GC(25)     Dead                           Min: 0, Avg:  0.0, Max: 0, Diff: 0, Sum: 0, Workers: 4
[13.193s][debug][gc,phases      ] GC(25)     Total                          Min: 0, Avg:  0.0, Max: 0, Diff: 0, Sum: 0, Workers: 4
[13.193s][debug][gc,phases      ] GC(25)   Weak JFR Old Object Samples    Min:  0.0, Avg:  0.0, Max:  0.0, Diff:  0.0, Sum:  0.0, Workers: 4
[13.193s][debug][gc,phases      ] GC(25)     Dead                           Min: 0, Avg:  0.0, Max: 0, Diff: 0, Sum: 0, Workers: 4
[13.193s][debug][gc,phases      ] GC(25)     Total                          Min: 0, Avg:  0.0, Max: 0, Diff: 0, Sum: 0, Workers: 4
[13.193s][debug][gc,phases      ] GC(25) Weak Processing 0.339ms
[13.193s][debug][gc,age         ] GC(25) Desired survivor size 306184192 bytes, new threshold 15 (max threshold 15)
[13.193s][info ][gc,heap        ] GC(25) PSYoungGen: 1521179K(1795072K)->26667K(1794048K) Eden: 1491968K(1491968K)->0K(1491968K) From: 29211K(303104K)->26667K(302080K)
[13.193s][info ][gc,heap        ] GC(25) ParOldGen: 181889K(277504K)->184609K(277504K)
[13.193s][info ][gc,metaspace   ] GC(25) Metaspace: 61355K(62080K)->61355K(62080K) NonClass: 52265K(52672K)->52265K(52672K) Class: 9089K(9408K)->9089K(9408K)
[13.193s][info ][gc             ] GC(25) Pause Young (Allocation Failure) 1663M->206M(2023M) 17.201ms
[13.193s][info ][gc,cpu         ] GC(25) User=0.07s Sys=0.00s Real=0.01s
[13.193s][info ][safepoint      ] Safepoint "ParallelGCFailedAllocation", Time since last: 289752972 ns, Reaching safepoint: 133404 ns, At safepoint: 17305046 ns, Total: 17438450 ns
[13.552s][info ][gc,start       ] GC(26) Pause Young (Allocation Failure)
[13.566s][debug][gc,phases      ] GC(26) Scavenge 14.494ms
[13.566s][debug][gc,ref         ] GC(26) Skipped phase 1 of Reference Processing: no references
[13.566s][debug][gc,ref         ] GC(26) ReferenceProcessor::execute queues: 1, RefProcThreadModel::Single, marks_oops_alive: false
[13.566s][debug][gc,ref         ] GC(26) Skipped phase 3 of Reference Processing: no references
[13.566s][debug][gc,ref         ] GC(26) ReferenceProcessor::execute queues: 1, RefProcThreadModel::Single, marks_oops_alive: false
[13.566s][debug][gc,phases      ] GC(26) Reference Processing 0.189ms
[13.567s][debug][gc,phases      ] GC(26)   VM Weak                        Min:  0.0, Avg:  0.0, Max:  0.0, Diff:  0.0, Sum:  0.0, Workers: 4
[13.567s][debug][gc,phases      ] GC(26)     Dead                           Min: 0, Avg:  0.0, Max: 0, Diff: 0, Sum: 0, Workers: 4
[13.567s][debug][gc,phases      ] GC(26)     Total                          Min: 0, Avg: 137.2, Max: 549, Diff: 549, Sum: 549, Workers: 4
[13.567s][debug][gc,phases      ] GC(26)   ObjectSynchronizer Weak        Min:  0.0, Avg:  0.0, Max:  0.0, Diff:  0.0, Sum:  0.0, Workers: 4
[13.567s][debug][gc,phases      ] GC(26)     Dead                           Min: 0, Avg:  0.0, Max: 0, Diff: 0, Sum: 0, Workers: 4
[13.567s][debug][gc,phases      ] GC(26)     Total                          Min: 0, Avg: 96.2, Max: 256, Diff: 256, Sum: 385, Workers: 4
[13.567s][debug][gc,phases      ] GC(26)   JVMTI Tag Weak OopStorage      Min:  0.0, Avg:  0.0, Max:  0.0, Diff:  0.0, Sum:  0.0, Workers: 4
[13.567s][debug][gc,phases      ] GC(26)     Dead                           Min: 0, Avg:  0.0, Max: 0, Diff: 0, Sum: 0, Workers: 4
[13.567s][debug][gc,phases      ] GC(26)     Total                          Min: 0, Avg:  0.0, Max: 0, Diff: 0, Sum: 0, Workers: 4
[13.567s][debug][gc,phases      ] GC(26)   StringTable Weak               Min:  0.1, Avg:  0.1, Max:  0.1, Diff:  0.0, Sum:  0.5, Workers: 4
[13.567s][debug][gc,phases      ] GC(26)     Dead                           Min: 0, Avg:  2.8, Max: 11, Diff: 11, Sum: 11, Workers: 4
[13.567s][debug][gc,phases      ] GC(26)     Total                          Min: 9600, Avg: 10384.8, Max: 11712, Diff: 2112, Sum: 41539, Workers: 4
[13.567s][debug][gc,phases      ] GC(26)   ResolvedMethodTable Weak       Min:  0.0, Avg:  0.0, Max:  0.0, Diff:  0.0, Sum:  0.1, Workers: 4
[13.567s][debug][gc,phases      ] GC(26)     Dead                           Min: 0, Avg: 13.5, Max: 35, Diff: 35, Sum: 54, Workers: 4
[13.567s][debug][gc,phases      ] GC(26)     Total                          Min: 1408, Avg: 1604.0, Max: 1792, Diff: 384, Sum: 6416, Workers: 4
[13.567s][debug][gc,phases      ] GC(26)   JNI Weak                       Min:  0.0, Avg:  0.0, Max:  0.0, Diff:  0.0, Sum:  0.0, Workers: 4
[13.567s][debug][gc,phases      ] GC(26)     Dead                           Min: 0, Avg:  0.0, Max: 0, Diff: 0, Sum: 0, Workers: 4
[13.567s][debug][gc,phases      ] GC(26)     Total                          Min: 0, Avg:  0.0, Max: 0, Diff: 0, Sum: 0, Workers: 4
[13.567s][debug][gc,phases      ] GC(26)   StringDedup Table Weak         Min:  0.0, Avg:  0.0, Max:  0.0, Diff:  0.0, Sum:  0.0, Workers: 4
[13.567s][debug][gc,phases      ] GC(26)     Dead                           Min: 0, Avg:  0.0, Max: 0, Diff: 0, Sum: 0, Workers: 4
[13.567s][debug][gc,phases      ] GC(26)     Total                          Min: 0, Avg:  0.0, Max: 0, Diff: 0, Sum: 0, Workers: 4
[13.567s][debug][gc,phases      ] GC(26)   StringDedup Requests0 Weak     Min:  0.0, Avg:  0.0, Max:  0.0, Diff:  0.0, Sum:  0.0, Workers: 4
[13.567s][debug][gc,phases      ] GC(26)     Dead                           Min: 0, Avg:  0.0, Max: 0, Diff: 0, Sum: 0, Workers: 4
[13.567s][debug][gc,phases      ] GC(26)     Total                          Min: 0, Avg:  0.0, Max: 0, Diff: 0, Sum: 0, Workers: 4
[13.567s][debug][gc,phases      ] GC(26)   StringDedup Requests1 Weak     Min:  0.0, Avg:  0.0, Max:  0.0, Diff:  0.0, Sum:  0.0, Workers: 4
[13.567s][debug][gc,phases      ] GC(26)     Dead                           Min: 0, Avg:  0.0, Max: 0, Diff: 0, Sum: 0, Workers: 4
[13.567s][debug][gc,phases      ] GC(26)     Total                          Min: 0, Avg:  0.0, Max: 0, Diff: 0, Sum: 0, Workers: 4
[13.567s][debug][gc,phases      ] GC(26)   Weak JFR Old Object Samples    Min:  0.0, Avg:  0.0, Max:  0.0, Diff:  0.0, Sum:  0.0, Workers: 4
[13.567s][debug][gc,phases      ] GC(26)     Dead                           Min: 0, Avg:  0.0, Max: 0, Diff: 0, Sum: 0, Workers: 4
[13.567s][debug][gc,phases      ] GC(26)     Total                          Min: 0, Avg:  0.0, Max: 0, Diff: 0, Sum: 0, Workers: 4
[13.567s][debug][gc,phases      ] GC(26) Weak Processing 0.347ms
[13.567s][debug][gc,age         ] GC(26) Desired survivor size 301465600 bytes, new threshold 15 (max threshold 15)
[13.567s][info ][gc,heap        ] GC(26) PSYoungGen: 1518635K(1794048K)->23437K(1802752K) Eden: 1491968K(1491968K)->0K(1503744K) From: 26667K(302080K)->23437K(299008K)
[13.567s][info ][gc,heap        ] GC(26) ParOldGen: 184609K(277504K)->188303K(277504K)
[13.567s][info ][gc,metaspace   ] GC(26) Metaspace: 62979K(63744K)->62979K(63744K) NonClass: 53676K(54080K)->53676K(54080K) Class: 9303K(9664K)->9303K(9664K)
[13.567s][info ][gc             ] GC(26) Pause Young (Allocation Failure) 1663M->206M(2031M) 15.182ms
[13.567s][info ][gc,cpu         ] GC(26) User=0.06s Sys=0.00s Real=0.01s
[13.567s][info ][safepoint      ] Safepoint "ParallelGCFailedAllocation", Time since last: 358178837 ns, Reaching safepoint: 152403 ns, At safepoint: 15301795 ns, Total: 15454198 ns
[13.912s][info ][gc,start       ] GC(27) Pause Young (Allocation Failure)
[13.924s][debug][gc,phases      ] GC(27) Scavenge 11.638ms
[13.924s][debug][gc,ref         ] GC(27) Skipped phase 1 of Reference Processing: no references
[13.924s][debug][gc,ref         ] GC(27) ReferenceProcessor::execute queues: 2, RefProcThreadModel::Multi, marks_oops_alive: false
[13.924s][debug][gc,ref         ] GC(27) Skipped phase 3 of Reference Processing: no references
[13.924s][debug][gc,ref         ] GC(27) ReferenceProcessor::execute queues: 1, RefProcThreadModel::Single, marks_oops_alive: false
[13.924s][debug][gc,phases      ] GC(27) Reference Processing 0.210ms
[13.924s][debug][gc,phases      ] GC(27)   VM Weak                        Min:  0.0, Avg:  0.0, Max:  0.0, Diff:  0.0, Sum:  0.0, Workers: 4
[13.924s][debug][gc,phases      ] GC(27)     Dead                           Min: 0, Avg:  0.0, Max: 0, Diff: 0, Sum: 0, Workers: 4
[13.924s][debug][gc,phases      ] GC(27)     Total                          Min: 0, Avg: 140.2, Max: 561, Diff: 561, Sum: 561, Workers: 4
[13.924s][debug][gc,phases      ] GC(27)   ObjectSynchronizer Weak        Min:  0.0, Avg:  0.0, Max:  0.0, Diff:  0.0, Sum:  0.0, Workers: 4
[13.924s][debug][gc,phases      ] GC(27)     Dead                           Min: 0, Avg:  0.0, Max: 0, Diff: 0, Sum: 0, Workers: 4
[13.924s][debug][gc,phases      ] GC(27)     Total                          Min: 0, Avg: 96.5, Max: 192, Diff: 192, Sum: 386, Workers: 4
[13.924s][debug][gc,phases      ] GC(27)   JVMTI Tag Weak OopStorage      Min:  0.0, Avg:  0.0, Max:  0.0, Diff:  0.0, Sum:  0.0, Workers: 4
[13.924s][debug][gc,phases      ] GC(27)     Dead                           Min: 0, Avg:  0.0, Max: 0, Diff: 0, Sum: 0, Workers: 4
[13.924s][debug][gc,phases      ] GC(27)     Total                          Min: 0, Avg:  0.0, Max: 0, Diff: 0, Sum: 0, Workers: 4
[13.924s][debug][gc,phases      ] GC(27)   StringTable Weak               Min:  0.1, Avg:  0.1, Max:  0.1, Diff:  0.0, Sum:  0.5, Workers: 4
[13.924s][debug][gc,phases      ] GC(27)     Dead                           Min: 0, Avg:  0.5, Max: 2, Diff: 2, Sum: 2, Workers: 4
[13.924s][debug][gc,phases      ] GC(27)     Total                          Min: 9260, Avg: 10539.0, Max: 11328, Diff: 2068, Sum: 42156, Workers: 4
[13.924s][debug][gc,phases      ] GC(27)   ResolvedMethodTable Weak       Min:  0.0, Avg:  0.0, Max:  0.0, Diff:  0.0, Sum:  0.1, Workers: 4
[13.924s][debug][gc,phases      ] GC(27)     Dead                           Min: 7, Avg: 22.5, Max: 58, Diff: 51, Sum: 90, Workers: 4
[13.924s][debug][gc,phases      ] GC(27)     Total                          Min: 1471, Avg: 1646.8, Max: 1788, Diff: 317, Sum: 6587, Workers: 4
[13.924s][debug][gc,phases      ] GC(27)   JNI Weak                       Min:  0.0, Avg:  0.0, Max:  0.0, Diff:  0.0, Sum:  0.0, Workers: 4
[13.924s][debug][gc,phases      ] GC(27)     Dead                           Min: 0, Avg:  0.0, Max: 0, Diff: 0, Sum: 0, Workers: 4
[13.924s][debug][gc,phases      ] GC(27)     Total                          Min: 0, Avg:  2.0, Max: 8, Diff: 8, Sum: 8, Workers: 4
[13.924s][debug][gc,phases      ] GC(27)   StringDedup Table Weak         Min:  0.0, Avg:  0.0, Max:  0.0, Diff:  0.0, Sum:  0.0, Workers: 4
[13.924s][debug][gc,phases      ] GC(27)     Dead                           Min: 0, Avg:  0.0, Max: 0, Diff: 0, Sum: 0, Workers: 4
[13.924s][debug][gc,phases      ] GC(27)     Total                          Min: 0, Avg:  0.0, Max: 0, Diff: 0, Sum: 0, Workers: 4
[13.924s][debug][gc,phases      ] GC(27)   StringDedup Requests0 Weak     Min:  0.0, Avg:  0.0, Max:  0.0, Diff:  0.0, Sum:  0.0, Workers: 4
[13.924s][debug][gc,phases      ] GC(27)     Dead                           Min: 0, Avg:  0.0, Max: 0, Diff: 0, Sum: 0, Workers: 4
[13.924s][debug][gc,phases      ] GC(27)     Total                          Min: 0, Avg:  0.0, Max: 0, Diff: 0, Sum: 0, Workers: 4
[13.924s][debug][gc,phases      ] GC(27)   StringDedup Requests1 Weak     Min:  0.0, Avg:  0.0, Max:  0.0, Diff:  0.0, Sum:  0.0, Workers: 4
[13.924s][debug][gc,phases      ] GC(27)     Dead                           Min: 0, Avg:  0.0, Max: 0, Diff: 0, Sum: 0, Workers: 4
[13.924s][debug][gc,phases      ] GC(27)     Total                          Min: 0, Avg:  0.0, Max: 0, Diff: 0, Sum: 0, Workers: 4
[13.924s][debug][gc,phases      ] GC(27)   Weak JFR Old Object Samples    Min:  0.0, Avg:  0.0, Max:  0.0, Diff:  0.0, Sum:  0.0, Workers: 4
[13.924s][debug][gc,phases      ] GC(27)     Dead                           Min: 0, Avg:  0.0, Max: 0, Diff: 0, Sum: 0, Workers: 4
[13.924s][debug][gc,phases      ] GC(27)     Total                          Min: 0, Avg:  0.0, Max: 0, Diff: 0, Sum: 0, Workers: 4
[13.924s][debug][gc,phases      ] GC(27) Weak Processing 0.344ms
[13.924s][debug][gc,age         ] GC(27) Desired survivor size 294649856 bytes, new threshold 15 (max threshold 15)
[13.924s][info ][gc,heap        ] GC(27) PSYoungGen: 1527181K(1802752K)->24510K(1798144K) Eden: 1503744K(1503744K)->0K(1503744K) From: 23437K(299008K)->24510K(294400K)
[13.924s][info ][gc,heap        ] GC(27) ParOldGen: 188303K(277504K)->190223K(277504K)
[13.924s][info ][gc,metaspace   ] GC(27) Metaspace: 65872K(66624K)->65872K(66624K) NonClass: 56231K(56640K)->56231K(56640K) Class: 9641K(9984K)->9641K(9984K)
[13.924s][info ][gc             ] GC(27) Pause Young (Allocation Failure) 1675M->209M(2027M) 12.342ms
[13.924s][info ][gc,cpu         ] GC(27) User=0.05s Sys=0.00s Real=0.01s
[13.924s][info ][safepoint      ] Safepoint "ParallelGCFailedAllocation", Time since last: 344852192 ns, Reaching safepoint: 201306 ns, At safepoint: 12451321 ns, Total: 12652627 ns
[14.216s][info ][gc,start       ] GC(28) Pause Young (Allocation Failure)
[14.252s][debug][gc,phases      ] GC(28) Scavenge 35.700ms
[14.252s][debug][gc,ref         ] GC(28) Skipped phase 1 of Reference Processing: no references
[14.252s][debug][gc,ref         ] GC(28) ReferenceProcessor::execute queues: 2, RefProcThreadModel::Multi, marks_oops_alive: false
[14.252s][debug][gc,ref         ] GC(28) Skipped phase 3 of Reference Processing: no references
[14.252s][debug][gc,ref         ] GC(28) ReferenceProcessor::execute queues: 1, RefProcThreadModel::Single, marks_oops_alive: false
[14.252s][debug][gc,phases      ] GC(28) Reference Processing 0.225ms
[14.252s][debug][gc,phases      ] GC(28)   VM Weak                        Min:  0.0, Avg:  0.0, Max:  0.0, Diff:  0.0, Sum:  0.0, Workers: 4
[14.252s][debug][gc,phases      ] GC(28)     Dead                           Min: 0, Avg:  0.0, Max: 0, Diff: 0, Sum: 0, Workers: 4
[14.252s][debug][gc,phases      ] GC(28)     Total                          Min: 0, Avg: 140.5, Max: 256, Diff: 256, Sum: 562, Workers: 4
[14.252s][debug][gc,phases      ] GC(28)   ObjectSynchronizer Weak        Min:  0.0, Avg:  0.0, Max:  0.0, Diff:  0.0, Sum:  0.0, Workers: 4
[14.252s][debug][gc,phases      ] GC(28)     Dead                           Min: 0, Avg:  0.0, Max: 0, Diff: 0, Sum: 0, Workers: 4
[14.252s][debug][gc,phases      ] GC(28)     Total                          Min: 0, Avg: 96.5, Max: 192, Diff: 192, Sum: 386, Workers: 4
[14.252s][debug][gc,phases      ] GC(28)   JVMTI Tag Weak OopStorage      Min:  0.0, Avg:  0.0, Max:  0.0, Diff:  0.0, Sum:  0.0, Workers: 4
[14.252s][debug][gc,phases      ] GC(28)     Dead                           Min: 0, Avg:  0.0, Max: 0, Diff: 0, Sum: 0, Workers: 4
[14.252s][debug][gc,phases      ] GC(28)     Total                          Min: 0, Avg:  0.0, Max: 0, Diff: 0, Sum: 0, Workers: 4
[14.252s][debug][gc,phases      ] GC(28)   StringTable Weak               Min:  0.1, Avg:  0.1, Max:  0.1, Diff:  0.0, Sum:  0.5, Workers: 4
[14.252s][debug][gc,phases      ] GC(28)     Dead                           Min: 0, Avg:  3.2, Max: 13, Diff: 13, Sum: 13, Workers: 4
[14.252s][debug][gc,phases      ] GC(28)     Total                          Min: 10048, Avg: 10563.2, Max: 11264, Diff: 1216, Sum: 42253, Workers: 4
[14.252s][debug][gc,phases      ] GC(28)   ResolvedMethodTable Weak       Min:  0.0, Avg:  0.0, Max:  0.0, Diff:  0.0, Sum:  0.1, Workers: 4
[14.252s][debug][gc,phases      ] GC(28)     Dead                           Min: 0, Avg:  0.0, Max: 0, Diff: 0, Sum: 0, Workers: 4
[14.252s][debug][gc,phases      ] GC(28)     Total                          Min: 1087, Avg: 1658.2, Max: 2112, Diff: 1025, Sum: 6633, Workers: 4
[14.252s][debug][gc,phases      ] GC(28)   JNI Weak                       Min:  0.0, Avg:  0.0, Max:  0.0, Diff:  0.0, Sum:  0.0, Workers: 4
[14.252s][debug][gc,phases      ] GC(28)     Dead                           Min: 0, Avg:  0.0, Max: 0, Diff: 0, Sum: 0, Workers: 4
[14.252s][debug][gc,phases      ] GC(28)     Total                          Min: 0, Avg:  1.8, Max: 7, Diff: 7, Sum: 7, Workers: 4
[14.252s][debug][gc,phases      ] GC(28)   StringDedup Table Weak         Min:  0.0, Avg:  0.0, Max:  0.0, Diff:  0.0, Sum:  0.0, Workers: 4
[14.252s][debug][gc,phases      ] GC(28)     Dead                           Min: 0, Avg:  0.0, Max: 0, Diff: 0, Sum: 0, Workers: 4
[14.252s][debug][gc,phases      ] GC(28)     Total                          Min: 0, Avg:  0.0, Max: 0, Diff: 0, Sum: 0, Workers: 4
[14.252s][debug][gc,phases      ] GC(28)   StringDedup Requests0 Weak     Min:  0.0, Avg:  0.0, Max:  0.0, Diff:  0.0, Sum:  0.0, Workers: 4
[14.252s][debug][gc,phases      ] GC(28)     Dead                           Min: 0, Avg:  0.0, Max: 0, Diff: 0, Sum: 0, Workers: 4
[14.252s][debug][gc,phases      ] GC(28)     Total                          Min: 0, Avg:  0.0, Max: 0, Diff: 0, Sum: 0, Workers: 4
[14.252s][debug][gc,phases      ] GC(28)   StringDedup Requests1 Weak     Min:  0.0, Avg:  0.0, Max:  0.0, Diff:  0.0, Sum:  0.0, Workers: 4
[14.252s][debug][gc,phases      ] GC(28)     Dead                           Min: 0, Avg:  0.0, Max: 0, Diff: 0, Sum: 0, Workers: 4
[14.252s][debug][gc,phases      ] GC(28)     Total                          Min: 0, Avg:  0.0, Max: 0, Diff: 0, Sum: 0, Workers: 4
[14.252s][debug][gc,phases      ] GC(28)   Weak JFR Old Object Samples    Min:  0.0, Avg:  0.0, Max:  0.0, Diff:  0.0, Sum:  0.0, Workers: 4
[14.252s][debug][gc,phases      ] GC(28)     Dead                           Min: 0, Avg:  0.0, Max: 0, Diff: 0, Sum: 0, Workers: 4
[14.252s][debug][gc,phases      ] GC(28)     Total                          Min: 0, Avg:  0.0, Max: 0, Diff: 0, Sum: 0, Workers: 4
[14.252s][debug][gc,phases      ] GC(28) Weak Processing 0.335ms
[14.252s][debug][gc,age         ] GC(28) Desired survivor size 281018368 bytes, new threshold 15 (max threshold 15)
[14.252s][info ][gc,heap        ] GC(28) PSYoungGen: 1528254K(1798144K)->55790K(1822720K) Eden: 1503744K(1503744K)->0K(1534976K) From: 24510K(294400K)->55790K(287744K)
[14.252s][info ][gc,heap        ] GC(28) ParOldGen: 190223K(277504K)->191855K(277504K)
[14.252s][info ][gc,metaspace   ] GC(28) Metaspace: 66117K(66944K)->66117K(66944K) NonClass: 56444K(56896K)->56444K(56896K) Class: 9673K(10048K)->9673K(10048K)
[14.252s][info ][gc             ] GC(28) Pause Young (Allocation Failure) 1678M->241M(2051M) 36.398ms
[14.252s][info ][gc,cpu         ] GC(28) User=0.17s Sys=0.01s Real=0.03s
[14.252s][info ][safepoint      ] Safepoint "ParallelGCFailedAllocation", Time since last: 291360113 ns, Reaching safepoint: 248906 ns, At safepoint: 36510541 ns, Total: 36759447 ns
[14.652s][info ][gc,start       ] GC(29) Pause Young (Allocation Failure)
[14.776s][debug][gc,phases      ] GC(29) Scavenge 124.201ms
[14.776s][debug][gc,ref         ] GC(29) Skipped phase 1 of Reference Processing: no references
[14.776s][debug][gc,ref         ] GC(29) ReferenceProcessor::execute queues: 1, RefProcThreadModel::Single, marks_oops_alive: false
[14.776s][debug][gc,ref         ] GC(29) Skipped phase 3 of Reference Processing: no references
[14.776s][debug][gc,ref         ] GC(29) ReferenceProcessor::execute queues: 1, RefProcThreadModel::Single, marks_oops_alive: false
[14.776s][debug][gc,phases      ] GC(29) Reference Processing 0.187ms
[14.777s][debug][gc,phases      ] GC(29)   VM Weak                        Min:  0.0, Avg:  0.0, Max:  0.0, Diff:  0.0, Sum:  0.0, Workers: 4
[14.777s][debug][gc,phases      ] GC(29)     Dead                           Min: 0, Avg:  0.0, Max: 0, Diff: 0, Sum: 0, Workers: 4
[14.777s][debug][gc,phases      ] GC(29)     Total                          Min: 0, Avg: 142.8, Max: 512, Diff: 512, Sum: 571, Workers: 4
[14.777s][debug][gc,phases      ] GC(29)   ObjectSynchronizer Weak        Min:  0.0, Avg:  0.0, Max:  0.0, Diff:  0.0, Sum:  0.0, Workers: 4
[14.777s][debug][gc,phases      ] GC(29)     Dead                           Min: 0, Avg:  0.0, Max: 0, Diff: 0, Sum: 0, Workers: 4
[14.777s][debug][gc,phases      ] GC(29)     Total                          Min: 0, Avg: 96.5, Max: 194, Diff: 194, Sum: 386, Workers: 4
[14.777s][debug][gc,phases      ] GC(29)   JVMTI Tag Weak OopStorage      Min:  0.0, Avg:  0.0, Max:  0.0, Diff:  0.0, Sum:  0.0, Workers: 4
[14.777s][debug][gc,phases      ] GC(29)     Dead                           Min: 0, Avg:  0.0, Max: 0, Diff: 0, Sum: 0, Workers: 4
[14.777s][debug][gc,phases      ] GC(29)     Total                          Min: 0, Avg:  0.0, Max: 0, Diff: 0, Sum: 0, Workers: 4
[14.777s][debug][gc,phases      ] GC(29)   StringTable Weak               Min:  0.1, Avg:  0.1, Max:  0.1, Diff:  0.0, Sum:  0.4, Workers: 4
[14.777s][debug][gc,phases      ] GC(29)     Dead                           Min: 0, Avg:  3.0, Max: 12, Diff: 12, Sum: 12, Workers: 4
[14.777s][debug][gc,phases      ] GC(29)     Total                          Min: 8437, Avg: 10565.0, Max: 11584, Diff: 3147, Sum: 42260, Workers: 4
[14.777s][debug][gc,phases      ] GC(29)   ResolvedMethodTable Weak       Min:  0.0, Avg:  0.0, Max:  0.0, Diff:  0.0, Sum:  0.1, Workers: 4
[14.777s][debug][gc,phases      ] GC(29)     Dead                           Min: 0, Avg:  0.2, Max: 1, Diff: 1, Sum: 1, Workers: 4
[14.777s][debug][gc,phases      ] GC(29)     Total                          Min: 1408, Avg: 1664.5, Max: 1920, Diff: 512, Sum: 6658, Workers: 4
[14.777s][debug][gc,phases      ] GC(29)   JNI Weak                       Min:  0.0, Avg:  0.0, Max:  0.0, Diff:  0.0, Sum:  0.0, Workers: 4
[14.777s][debug][gc,phases      ] GC(29)     Dead                           Min: 0, Avg:  0.0, Max: 0, Diff: 0, Sum: 0, Workers: 4
[14.777s][debug][gc,phases      ] GC(29)     Total                          Min: 0, Avg:  2.5, Max: 10, Diff: 10, Sum: 10, Workers: 4
[14.777s][debug][gc,phases      ] GC(29)   StringDedup Table Weak         Min:  0.0, Avg:  0.0, Max:  0.0, Diff:  0.0, Sum:  0.0, Workers: 4
[14.777s][debug][gc,phases      ] GC(29)     Dead                           Min: 0, Avg:  0.0, Max: 0, Diff: 0, Sum: 0, Workers: 4
[14.777s][debug][gc,phases      ] GC(29)     Total                          Min: 0, Avg:  0.0, Max: 0, Diff: 0, Sum: 0, Workers: 4
[14.777s][debug][gc,phases      ] GC(29)   StringDedup Requests0 Weak     Min:  0.0, Avg:  0.0, Max:  0.0, Diff:  0.0, Sum:  0.0, Workers: 4
[14.777s][debug][gc,phases      ] GC(29)     Dead                           Min: 0, Avg:  0.0, Max: 0, Diff: 0, Sum: 0, Workers: 4
[14.777s][debug][gc,phases      ] GC(29)     Total                          Min: 0, Avg:  0.0, Max: 0, Diff: 0, Sum: 0, Workers: 4
[14.777s][debug][gc,phases      ] GC(29)   StringDedup Requests1 Weak     Min:  0.0, Avg:  0.0, Max:  0.0, Diff:  0.0, Sum:  0.0, Workers: 4
[14.777s][debug][gc,phases      ] GC(29)     Dead                           Min: 0, Avg:  0.0, Max: 0, Diff: 0, Sum: 0, Workers: 4
[14.777s][debug][gc,phases      ] GC(29)     Total                          Min: 0, Avg:  0.0, Max: 0, Diff: 0, Sum: 0, Workers: 4
[14.777s][debug][gc,phases      ] GC(29)   Weak JFR Old Object Samples    Min:  0.0, Avg:  0.0, Max:  0.0, Diff:  0.0, Sum:  0.0, Workers: 4
[14.777s][debug][gc,phases      ] GC(29)     Dead                           Min: 0, Avg:  0.0, Max: 0, Diff: 0, Sum: 0, Workers: 4
[14.777s][debug][gc,phases      ] GC(29)     Total                          Min: 0, Avg:  0.0, Max: 0, Diff: 0, Sum: 0, Workers: 4
[14.777s][debug][gc,phases      ] GC(29) Weak Processing 0.325ms
[14.777s][debug][gc,age         ] GC(29) Desired survivor size 312999936 bytes, new threshold 15 (max threshold 15)
[14.777s][info ][gc,heap        ] GC(29) PSYoungGen: 1590766K(1822720K)->223790K(1759232K) Eden: 1534976K(1534976K)->0K(1534976K) From: 55790K(287744K)->223790K(224256K)
[14.777s][info ][gc,heap        ] GC(29) ParOldGen: 191855K(277504K)->193167K(277504K)
[14.777s][info ][gc,metaspace   ] GC(29) Metaspace: 66145K(66944K)->66145K(66944K) NonClass: 56464K(56896K)->56464K(56896K) Class: 9680K(10048K)->9680K(10048K)
[14.777s][info ][gc             ] GC(29) Pause Young (Allocation Failure) 1740M->407M(1989M) 124.851ms
[14.777s][info ][gc,cpu         ] GC(29) User=0.49s Sys=0.00s Real=0.13s
[14.777s][info ][safepoint      ] Safepoint "ParallelGCFailedAllocation", Time since last: 399046190 ns, Reaching safepoint: 413210 ns, At safepoint: 124960122 ns, Total: 125373332 ns
[15.003s][info ][gc,start       ] GC(30) Pause Young (Allocation Failure)
[15.181s][debug][gc,phases      ] GC(30) Scavenge 177.654ms
[15.181s][debug][gc,ref         ] GC(30) Skipped phase 1 of Reference Processing: no references
[15.181s][debug][gc,ref         ] GC(30) ReferenceProcessor::execute queues: 1, RefProcThreadModel::Single, marks_oops_alive: false
[15.181s][debug][gc,ref         ] GC(30) Skipped phase 3 of Reference Processing: no references
[15.181s][debug][gc,ref         ] GC(30) ReferenceProcessor::execute queues: 1, RefProcThreadModel::Single, marks_oops_alive: false
[15.181s][debug][gc,phases      ] GC(30) Reference Processing 0.195ms
[15.182s][debug][gc,phases      ] GC(30)   VM Weak                        Min:  0.0, Avg:  0.0, Max:  0.0, Diff:  0.0, Sum:  0.0, Workers: 4
[15.182s][debug][gc,phases      ] GC(30)     Dead                           Min: 0, Avg:  0.0, Max: 0, Diff: 0, Sum: 0, Workers: 4
[15.182s][debug][gc,phases      ] GC(30)     Total                          Min: 0, Avg: 142.8, Max: 379, Diff: 379, Sum: 571, Workers: 4
[15.182s][debug][gc,phases      ] GC(30)   ObjectSynchronizer Weak        Min:  0.0, Avg:  0.0, Max:  0.0, Diff:  0.0, Sum:  0.0, Workers: 4
[15.182s][debug][gc,phases      ] GC(30)     Dead                           Min: 0, Avg:  0.0, Max: 0, Diff: 0, Sum: 0, Workers: 4
[15.182s][debug][gc,phases      ] GC(30)     Total                          Min: 0, Avg: 96.5, Max: 256, Diff: 256, Sum: 386, Workers: 4
[15.182s][debug][gc,phases      ] GC(30)   JVMTI Tag Weak OopStorage      Min:  0.0, Avg:  0.0, Max:  0.0, Diff:  0.0, Sum:  0.0, Workers: 4
[15.182s][debug][gc,phases      ] GC(30)     Dead                           Min: 0, Avg:  0.0, Max: 0, Diff: 0, Sum: 0, Workers: 4
[15.182s][debug][gc,phases      ] GC(30)     Total                          Min: 0, Avg:  0.0, Max: 0, Diff: 0, Sum: 0, Workers: 4
[15.182s][debug][gc,phases      ] GC(30)   StringTable Weak               Min:  0.1, Avg:  0.1, Max:  0.1, Diff:  0.0, Sum:  0.5, Workers: 4
[15.182s][debug][gc,phases      ] GC(30)     Dead                           Min: 0, Avg:  3.5, Max: 14, Diff: 14, Sum: 14, Workers: 4
[15.182s][debug][gc,phases      ] GC(30)     Total                          Min: 9333, Avg: 10569.5, Max: 11827, Diff: 2494, Sum: 42278, Workers: 4
[15.182s][debug][gc,phases      ] GC(30)   ResolvedMethodTable Weak       Min:  0.0, Avg:  0.0, Max:  0.0, Diff:  0.0, Sum:  0.1, Workers: 4
[15.182s][debug][gc,phases      ] GC(30)     Dead                           Min: 0, Avg:  4.0, Max: 16, Diff: 16, Sum: 16, Workers: 4
[15.182s][debug][gc,phases      ] GC(30)     Total                          Min: 1440, Avg: 1670.5, Max: 1792, Diff: 352, Sum: 6682, Workers: 4
[15.182s][debug][gc,phases      ] GC(30)   JNI Weak                       Min:  0.0, Avg:  0.0, Max:  0.0, Diff:  0.0, Sum:  0.0, Workers: 4
[15.182s][debug][gc,phases      ] GC(30)     Dead                           Min: 0, Avg:  0.0, Max: 0, Diff: 0, Sum: 0, Workers: 4
[15.182s][debug][gc,phases      ] GC(30)     Total                          Min: 0, Avg:  0.0, Max: 0, Diff: 0, Sum: 0, Workers: 4
[15.182s][debug][gc,phases      ] GC(30)   StringDedup Table Weak         Min:  0.0, Avg:  0.0, Max:  0.0, Diff:  0.0, Sum:  0.0, Workers: 4
[15.182s][debug][gc,phases      ] GC(30)     Dead                           Min: 0, Avg:  0.0, Max: 0, Diff: 0, Sum: 0, Workers: 4
[15.182s][debug][gc,phases      ] GC(30)     Total                          Min: 0, Avg:  0.0, Max: 0, Diff: 0, Sum: 0, Workers: 4
[15.182s][debug][gc,phases      ] GC(30)   StringDedup Requests0 Weak     Min:  0.0, Avg:  0.0, Max:  0.0, Diff:  0.0, Sum:  0.0, Workers: 4
[15.182s][debug][gc,phases      ] GC(30)     Dead                           Min: 0, Avg:  0.0, Max: 0, Diff: 0, Sum: 0, Workers: 4
[15.182s][debug][gc,phases      ] GC(30)     Total                          Min: 0, Avg:  0.0, Max: 0, Diff: 0, Sum: 0, Workers: 4
[15.182s][debug][gc,phases      ] GC(30)   StringDedup Requests1 Weak     Min:  0.0, Avg:  0.0, Max:  0.0, Diff:  0.0, Sum:  0.0, Workers: 4
[15.182s][debug][gc,phases      ] GC(30)     Dead                           Min: 0, Avg:  0.0, Max: 0, Diff: 0, Sum: 0, Workers: 4
[15.182s][debug][gc,phases      ] GC(30)     Total                          Min: 0, Avg:  0.0, Max: 0, Diff: 0, Sum: 0, Workers: 4
[15.182s][debug][gc,phases      ] GC(30)   Weak JFR Old Object Samples    Min:  0.0, Avg:  0.0, Max:  0.0, Diff:  0.0, Sum:  0.0, Workers: 4
[15.182s][debug][gc,phases      ] GC(30)     Dead                           Min: 0, Avg:  0.0, Max: 0, Diff: 0, Sum: 0, Workers: 4
[15.182s][debug][gc,phases      ] GC(30)     Total                          Min: 0, Avg:  0.0, Max: 0, Diff: 0, Sum: 0, Workers: 4
[15.182s][debug][gc,phases      ] GC(30) Weak Processing 0.332ms
[15.182s][debug][gc,age         ] GC(30) Desired survivor size 381157376 bytes, new threshold 14 (max threshold 15)
[15.182s][info ][gc,heap        ] GC(30) PSYoungGen: 1758766K(1759232K)->305646K(1658368K) Eden: 1534976K(1534976K)->0K(1352704K) From: 223790K(224256K)->305646K(305664K)
[15.182s][info ][gc,heap        ] GC(30) ParOldGen: 193167K(277504K)->223711K(277504K)
[15.182s][info ][gc,metaspace   ] GC(30) Metaspace: 66283K(67008K)->66283K(67008K) NonClass: 56591K(56960K)->56591K(56960K) Class: 9691K(10048K)->9691K(10048K)
[15.182s][info ][gc             ] GC(30) Pause Young (Allocation Failure) 1906M->516M(1890M) 178.330ms
[15.182s][info ][gc,cpu         ] GC(30) User=0.66s Sys=0.05s Real=0.18s
[15.182s][info ][safepoint      ] Safepoint "ParallelGCFailedAllocation", Time since last: 226444739 ns, Reaching safepoint: 132303 ns, At safepoint: 178439101 ns, Total: 178571404 ns
[15.338s][info ][safepoint      ] Safepoint "ICBufferFull", Time since last: 155548411 ns, Reaching safepoint: 165404 ns, At safepoint: 25200 ns, Total: 190604 ns
[15.418s][info ][safepoint      ] Safepoint "ICBufferFull", Time since last: 79521451 ns, Reaching safepoint: 802320 ns, At safepoint: 28101 ns, Total: 830421 ns
[15.428s][info ][safepoint      ] Safepoint "ICBufferFull", Time since last: 10211463 ns, Reaching safepoint: 138704 ns, At safepoint: 25701 ns, Total: 164405 ns
[15.441s][info ][safepoint      ] Safepoint "ICBufferFull", Time since last: 9092334 ns, Reaching safepoint: 3172482 ns, At safepoint: 32101 ns, Total: 3204583 ns
[15.465s][info ][safepoint      ] Safepoint "ICBufferFull", Time since last: 23733312 ns, Reaching safepoint: 128003 ns, At safepoint: 31401 ns, Total: 159404 ns
[15.484s][info ][safepoint      ] Safepoint "ICBufferFull", Time since last: 19086292 ns, Reaching safepoint: 127503 ns, At safepoint: 26601 ns, Total: 154104 ns
[15.510s][info ][safepoint      ] Safepoint "ICBufferFull", Time since last: 26427081 ns, Reaching safepoint: 138304 ns, At safepoint: 28901 ns, Total: 167205 ns
[15.526s][info ][safepoint      ] Safepoint "ICBufferFull", Time since last: 15114989 ns, Reaching safepoint: 115103 ns, At safepoint: 27801 ns, Total: 142904 ns
[15.534s][info ][safepoint      ] Safepoint "ICBufferFull", Time since last: 8043507 ns, Reaching safepoint: 142104 ns, At safepoint: 27901 ns, Total: 170005 ns
[15.544s][info ][safepoint      ] Safepoint "ICBufferFull", Time since last: 9640348 ns, Reaching safepoint: 433611 ns, At safepoint: 26401 ns, Total: 460012 ns
[15.570s][info ][safepoint      ] Safepoint "ICBufferFull", Time since last: 26168975 ns, Reaching safepoint: 190805 ns, At safepoint: 26400 ns, Total: 217205 ns
[15.584s][info ][safepoint      ] Safepoint "ICBufferFull", Time since last: 13503148 ns, Reaching safepoint: 122504 ns, At safepoint: 22000 ns, Total: 144504 ns
[15.584s][info ][safepoint      ] Safepoint "ICBufferFull", Time since last: 53502 ns, Reaching safepoint: 93702 ns, At safepoint: 25801 ns, Total: 119503 ns
[15.618s][info ][safepoint      ] Safepoint "ICBufferFull", Time since last: 33315659 ns, Reaching safepoint: 405610 ns, At safepoint: 27501 ns, Total: 433111 ns
[15.620s][info ][gc,start       ] GC(31) Pause Young (Allocation Failure)
[15.773s][debug][gc,phases      ] GC(31) Scavenge 152.386ms
[15.773s][debug][gc,ref         ] GC(31) Skipped phase 1 of Reference Processing: no references
[15.773s][debug][gc,ref         ] GC(31) ReferenceProcessor::execute queues: 1, RefProcThreadModel::Single, marks_oops_alive: false
[15.773s][debug][gc,ref         ] GC(31) Skipped phase 3 of Reference Processing: no references
[15.773s][debug][gc,ref         ] GC(31) ReferenceProcessor::execute queues: 1, RefProcThreadModel::Single, marks_oops_alive: false
[15.773s][debug][gc,phases      ] GC(31) Reference Processing 0.172ms
[15.773s][debug][gc,phases      ] GC(31)   VM Weak                        Min:  0.0, Avg:  0.0, Max:  0.0, Diff:  0.0, Sum:  0.0, Workers: 4
[15.773s][debug][gc,phases      ] GC(31)     Dead                           Min: 0, Avg:  0.0, Max: 0, Diff: 0, Sum: 0, Workers: 4
[15.773s][debug][gc,phases      ] GC(31)     Total                          Min: 0, Avg: 145.8, Max: 583, Diff: 583, Sum: 583, Workers: 4
[15.773s][debug][gc,phases      ] GC(31)   ObjectSynchronizer Weak        Min:  0.0, Avg:  0.0, Max:  0.0, Diff:  0.0, Sum:  0.0, Workers: 4
[15.773s][debug][gc,phases      ] GC(31)     Dead                           Min: 0, Avg:  0.0, Max: 0, Diff: 0, Sum: 0, Workers: 4
[15.773s][debug][gc,phases      ] GC(31)     Total                          Min: 0, Avg: 96.5, Max: 192, Diff: 192, Sum: 386, Workers: 4
[15.773s][debug][gc,phases      ] GC(31)   JVMTI Tag Weak OopStorage      Min:  0.0, Avg:  0.0, Max:  0.0, Diff:  0.0, Sum:  0.0, Workers: 4
[15.773s][debug][gc,phases      ] GC(31)     Dead                           Min: 0, Avg:  0.0, Max: 0, Diff: 0, Sum: 0, Workers: 4
[15.773s][debug][gc,phases      ] GC(31)     Total                          Min: 0, Avg:  0.0, Max: 0, Diff: 0, Sum: 0, Workers: 4
[15.773s][debug][gc,phases      ] GC(31)   StringTable Weak               Min:  0.1, Avg:  0.1, Max:  0.1, Diff:  0.0, Sum:  0.4, Workers: 4
[15.773s][debug][gc,phases      ] GC(31)     Dead                           Min: 0, Avg:  3.5, Max: 11, Diff: 11, Sum: 14, Workers: 4
[15.773s][debug][gc,phases      ] GC(31)     Total                          Min: 10038, Avg: 10621.5, Max: 11008, Diff: 970, Sum: 42486, Workers: 4
[15.773s][debug][gc,phases      ] GC(31)   ResolvedMethodTable Weak       Min:  0.0, Avg:  0.0, Max:  0.0, Diff:  0.0, Sum:  0.1, Workers: 4
[15.773s][debug][gc,phases      ] GC(31)     Dead                           Min: 0, Avg:  7.0, Max: 19, Diff: 19, Sum: 28, Workers: 4
[15.773s][debug][gc,phases      ] GC(31)     Total                          Min: 1517, Avg: 1706.8, Max: 1856, Diff: 339, Sum: 6827, Workers: 4
[15.773s][debug][gc,phases      ] GC(31)   JNI Weak                       Min:  0.0, Avg:  0.0, Max:  0.0, Diff:  0.0, Sum:  0.0, Workers: 4
[15.773s][debug][gc,phases      ] GC(31)     Dead                           Min: 0, Avg:  0.0, Max: 0, Diff: 0, Sum: 0, Workers: 4
[15.773s][debug][gc,phases      ] GC(31)     Total                          Min: 0, Avg:  0.2, Max: 1, Diff: 1, Sum: 1, Workers: 4
[15.773s][debug][gc,phases      ] GC(31)   StringDedup Table Weak         Min:  0.0, Avg:  0.0, Max:  0.0, Diff:  0.0, Sum:  0.0, Workers: 4
[15.773s][debug][gc,phases      ] GC(31)     Dead                           Min: 0, Avg:  0.0, Max: 0, Diff: 0, Sum: 0, Workers: 4
[15.773s][debug][gc,phases      ] GC(31)     Total                          Min: 0, Avg:  0.0, Max: 0, Diff: 0, Sum: 0, Workers: 4
[15.773s][debug][gc,phases      ] GC(31)   StringDedup Requests0 Weak     Min:  0.0, Avg:  0.0, Max:  0.0, Diff:  0.0, Sum:  0.0, Workers: 4
[15.773s][debug][gc,phases      ] GC(31)     Dead                           Min: 0, Avg:  0.0, Max: 0, Diff: 0, Sum: 0, Workers: 4
[15.773s][debug][gc,phases      ] GC(31)     Total                          Min: 0, Avg:  0.0, Max: 0, Diff: 0, Sum: 0, Workers: 4
[15.773s][debug][gc,phases      ] GC(31)   StringDedup Requests1 Weak     Min:  0.0, Avg:  0.0, Max:  0.0, Diff:  0.0, Sum:  0.0, Workers: 4
[15.773s][debug][gc,phases      ] GC(31)     Dead                           Min: 0, Avg:  0.0, Max: 0, Diff: 0, Sum: 0, Workers: 4
[15.773s][debug][gc,phases      ] GC(31)     Total                          Min: 0, Avg:  0.0, Max: 0, Diff: 0, Sum: 0, Workers: 4
[15.773s][debug][gc,phases      ] GC(31)   Weak JFR Old Object Samples    Min:  0.0, Avg:  0.0, Max:  0.0, Diff:  0.0, Sum:  0.0, Workers: 4
[15.773s][debug][gc,phases      ] GC(31)     Dead                           Min: 0, Avg:  0.0, Max: 0, Diff: 0, Sum: 0, Workers: 4
[15.773s][debug][gc,phases      ] GC(31)     Total                          Min: 0, Avg:  0.0, Max: 0, Diff: 0, Sum: 0, Workers: 4
[15.773s][debug][gc,phases      ] GC(31) Weak Processing 0.320ms
[15.773s][debug][gc,age         ] GC(31) Desired survivor size 423100416 bytes, new threshold 15 (max threshold 15)
[15.773s][info ][gc,heap        ] GC(31) PSYoungGen: 1658350K(1658368K)->302990K(1655808K) Eden: 1352704K(1352704K)->0K(1352704K) From: 305646K(305664K)->302990K(303104K)
[15.773s][info ][gc,heap        ] GC(31) ParOldGen: 223711K(277504K)->227283K(277504K)
[15.773s][info ][gc,metaspace   ] GC(31) Metaspace: 67010K(67776K)->67010K(67776K) NonClass: 57217K(57664K)->57217K(57664K) Class: 9792K(10112K)->9792K(10112K)
[15.773s][info ][gc             ] GC(31) Pause Young (Allocation Failure) 1837M->517M(1888M) 153.002ms
[15.773s][info ][gc,cpu         ] GC(31) User=0.62s Sys=0.00s Real=0.15s
[15.773s][info ][safepoint      ] Safepoint "ParallelGCFailedAllocation", Time since last: 2237857 ns, Reaching safepoint: 95503 ns, At safepoint: 153110847 ns, Total: 153206350 ns
[15.812s][info ][safepoint      ] Safepoint "ICBufferFull", Time since last: 38501093 ns, Reaching safepoint: 134103 ns, At safepoint: 34601 ns, Total: 168704 ns
[15.831s][info ][safepoint      ] Safepoint "ICBufferFull", Time since last: 18826485 ns, Reaching safepoint: 128404 ns, At safepoint: 34101 ns, Total: 162505 ns
[15.858s][info ][safepoint      ] Safepoint "ICBufferFull", Time since last: 27290803 ns, Reaching safepoint: 126303 ns, At safepoint: 27501 ns, Total: 153804 ns
[15.880s][info ][safepoint      ] Safepoint "ICBufferFull", Time since last: 21144945 ns, Reaching safepoint: 120503 ns, At safepoint: 27401 ns, Total: 147904 ns
[15.909s][info ][safepoint      ] Safepoint "ICBufferFull", Time since last: 29119451 ns, Reaching safepoint: 123403 ns, At safepoint: 34201 ns, Total: 157604 ns
[15.919s][info ][safepoint      ] Safepoint "ICBufferFull", Time since last: 9465944 ns, Reaching safepoint: 121203 ns, At safepoint: 29701 ns, Total: 150904 ns
[15.933s][info ][safepoint      ] Safepoint "ICBufferFull", Time since last: 14081063 ns, Reaching safepoint: 121603 ns, At safepoint: 29701 ns, Total: 151304 ns
[15.952s][info ][safepoint      ] Safepoint "ICBufferFull", Time since last: 18194769 ns, Reaching safepoint: 664817 ns, At safepoint: 31001 ns, Total: 695818 ns
[15.971s][info ][safepoint      ] Safepoint "ICBufferFull", Time since last: 19088492 ns, Reaching safepoint: 115503 ns, At safepoint: 56901 ns, Total: 172404 ns
[15.989s][info ][safepoint      ] Safepoint "ICBufferFull", Time since last: 17456150 ns, Reaching safepoint: 131504 ns, At safepoint: 27501 ns, Total: 159005 ns
[16.003s][info ][safepoint      ] Safepoint "ICBufferFull", Time since last: 14114663 ns, Reaching safepoint: 129104 ns, At safepoint: 34101 ns, Total: 163205 ns
[16.015s][info ][safepoint      ] Safepoint "ICBufferFull", Time since last: 11916807 ns, Reaching safepoint: 130303 ns, At safepoint: 35601 ns, Total: 165904 ns
[16.028s][info ][safepoint      ] Safepoint "ICBufferFull", Time since last: 12708328 ns, Reaching safepoint: 106302 ns, At safepoint: 29801 ns, Total: 136103 ns
[16.052s][info ][gc,start       ] GC(32) Pause Young (Allocation Failure)
[16.197s][debug][gc,phases      ] GC(32) Scavenge 144.331ms
[16.197s][debug][gc,ref         ] GC(32) Skipped phase 1 of Reference Processing: no references
[16.197s][debug][gc,ref         ] GC(32) ReferenceProcessor::execute queues: 1, RefProcThreadModel::Single, marks_oops_alive: false
[16.197s][debug][gc,ref         ] GC(32) Skipped phase 3 of Reference Processing: no references
[16.197s][debug][gc,ref         ] GC(32) ReferenceProcessor::execute queues: 1, RefProcThreadModel::Single, marks_oops_alive: false
[16.197s][debug][gc,phases      ] GC(32) Reference Processing 0.166ms
[16.197s][debug][gc,phases      ] GC(32)   VM Weak                        Min:  0.0, Avg:  0.0, Max:  0.0, Diff:  0.0, Sum:  0.0, Workers: 4
[16.197s][debug][gc,phases      ] GC(32)     Dead                           Min: 0, Avg:  0.0, Max: 0, Diff: 0, Sum: 0, Workers: 4
[16.197s][debug][gc,phases      ] GC(32)     Total                          Min: 0, Avg: 145.8, Max: 448, Diff: 448, Sum: 583, Workers: 4
[16.197s][debug][gc,phases      ] GC(32)   ObjectSynchronizer Weak        Min:  0.0, Avg:  0.0, Max:  0.0, Diff:  0.0, Sum:  0.0, Workers: 4
[16.197s][debug][gc,phases      ] GC(32)     Dead                           Min: 0, Avg:  0.0, Max: 0, Diff: 0, Sum: 0, Workers: 4
[16.197s][debug][gc,phases      ] GC(32)     Total                          Min: 0, Avg: 96.5, Max: 194, Diff: 194, Sum: 386, Workers: 4
[16.197s][debug][gc,phases      ] GC(32)   JVMTI Tag Weak OopStorage      Min:  0.0, Avg:  0.0, Max:  0.0, Diff:  0.0, Sum:  0.0, Workers: 4
[16.197s][debug][gc,phases      ] GC(32)     Dead                           Min: 0, Avg:  0.0, Max: 0, Diff: 0, Sum: 0, Workers: 4
[16.197s][debug][gc,phases      ] GC(32)     Total                          Min: 0, Avg:  0.0, Max: 0, Diff: 0, Sum: 0, Workers: 4
[16.197s][debug][gc,phases      ] GC(32)   StringTable Weak               Min:  0.1, Avg:  0.1, Max:  0.1, Diff:  0.0, Sum:  0.5, Workers: 4
[16.197s][debug][gc,phases      ] GC(32)     Dead                           Min: 0, Avg:  2.8, Max: 6, Diff: 6, Sum: 11, Workers: 4
[16.197s][debug][gc,phases      ] GC(32)     Total                          Min: 10048, Avg: 10622.8, Max: 11904, Diff: 1856, Sum: 42491, Workers: 4
[16.197s][debug][gc,phases      ] GC(32)   ResolvedMethodTable Weak       Min:  0.0, Avg:  0.0, Max:  0.0, Diff:  0.0, Sum:  0.1, Workers: 4
[16.197s][debug][gc,phases      ] GC(32)     Dead                           Min: 0, Avg:  0.0, Max: 0, Diff: 0, Sum: 0, Workers: 4
[16.197s][debug][gc,phases      ] GC(32)     Total                          Min: 1472, Avg: 1706.8, Max: 1964, Diff: 492, Sum: 6827, Workers: 4
[16.197s][debug][gc,phases      ] GC(32)   JNI Weak                       Min:  0.0, Avg:  0.0, Max:  0.0, Diff:  0.0, Sum:  0.0, Workers: 4
[16.197s][debug][gc,phases      ] GC(32)     Dead                           Min: 0, Avg:  0.0, Max: 0, Diff: 0, Sum: 0, Workers: 4
[16.197s][debug][gc,phases      ] GC(32)     Total                          Min: 0, Avg:  0.2, Max: 1, Diff: 1, Sum: 1, Workers: 4
[16.197s][debug][gc,phases      ] GC(32)   StringDedup Table Weak         Min:  0.0, Avg:  0.0, Max:  0.0, Diff:  0.0, Sum:  0.0, Workers: 4
[16.197s][debug][gc,phases      ] GC(32)     Dead                           Min: 0, Avg:  0.0, Max: 0, Diff: 0, Sum: 0, Workers: 4
[16.197s][debug][gc,phases      ] GC(32)     Total                          Min: 0, Avg:  0.0, Max: 0, Diff: 0, Sum: 0, Workers: 4
[16.197s][debug][gc,phases      ] GC(32)   StringDedup Requests0 Weak     Min:  0.0, Avg:  0.0, Max:  0.0, Diff:  0.0, Sum:  0.0, Workers: 4
[16.197s][debug][gc,phases      ] GC(32)     Dead                           Min: 0, Avg:  0.0, Max: 0, Diff: 0, Sum: 0, Workers: 4
[16.197s][debug][gc,phases      ] GC(32)     Total                          Min: 0, Avg:  0.0, Max: 0, Diff: 0, Sum: 0, Workers: 4
[16.197s][debug][gc,phases      ] GC(32)   StringDedup Requests1 Weak     Min:  0.0, Avg:  0.0, Max:  0.0, Diff:  0.0, Sum:  0.0, Workers: 4
[16.197s][debug][gc,phases      ] GC(32)     Dead                           Min: 0, Avg:  0.0, Max: 0, Diff: 0, Sum: 0, Workers: 4
[16.197s][debug][gc,phases      ] GC(32)     Total                          Min: 0, Avg:  0.0, Max: 0, Diff: 0, Sum: 0, Workers: 4
[16.197s][debug][gc,phases      ] GC(32)   Weak JFR Old Object Samples    Min:  0.0, Avg:  0.0, Max:  0.0, Diff:  0.0, Sum:  0.0, Workers: 4
[16.197s][debug][gc,phases      ] GC(32)     Dead                           Min: 0, Avg:  0.0, Max: 0, Diff: 0, Sum: 0, Workers: 4
[16.197s][debug][gc,phases      ] GC(32)     Total                          Min: 0, Avg:  0.0, Max: 0, Diff: 0, Sum: 0, Workers: 4
[16.197s][debug][gc,phases      ] GC(32) Weak Processing 0.342ms
[16.197s][debug][gc,age         ] GC(32) Desired survivor size 456130560 bytes, new threshold 15 (max threshold 15)
[16.197s][info ][gc,heap        ] GC(32) PSYoungGen: 1655694K(1655808K)->303086K(1619456K) Eden: 1352704K(1352704K)->0K(1206272K) From: 302990K(303104K)->303086K(413184K)
[16.197s][info ][gc,heap        ] GC(32) ParOldGen: 227283K(277504K)->227291K(277504K)
[16.197s][info ][gc,metaspace   ] GC(32) Metaspace: 67092K(67840K)->67092K(67840K) NonClass: 57300K(57728K)->57300K(57728K) Class: 9792K(10112K)->9792K(10112K)
[16.197s][info ][gc             ] GC(32) Pause Young (Allocation Failure) 1838M->517M(1852M) 144.976ms
[16.197s][info ][gc,cpu         ] GC(32) User=0.55s Sys=0.02s Real=0.15s
[16.197s][info ][safepoint      ] Safepoint "ParallelGCFailedAllocation", Time since last: 24361228 ns, Reaching safepoint: 125604 ns, At safepoint: 145091440 ns, Total: 145217044 ns
[16.213s][info ][safepoint      ] Safepoint "ICBufferFull", Time since last: 15361696 ns, Reaching safepoint: 123503 ns, At safepoint: 29801 ns, Total: 153304 ns
[16.233s][info ][safepoint      ] Safepoint "ICBufferFull", Time since last: 19842912 ns, Reaching safepoint: 128003 ns, At safepoint: 28901 ns, Total: 156904 ns
[16.246s][info ][safepoint      ] Safepoint "ICBufferFull", Time since last: 12387219 ns, Reaching safepoint: 899223 ns, At safepoint: 34601 ns, Total: 933824 ns
[16.272s][info ][safepoint      ] Safepoint "ICBufferFull", Time since last: 25764164 ns, Reaching safepoint: 72302 ns, At safepoint: 25401 ns, Total: 97703 ns
[16.280s][info ][safepoint      ] Safepoint "ICBufferFull", Time since last: 8192111 ns, Reaching safepoint: 125803 ns, At safepoint: 30801 ns, Total: 156604 ns
[16.293s][info ][safepoint      ] Safepoint "ICBufferFull", Time since last: 7772500 ns, Reaching safepoint: 4326312 ns, At safepoint: 35401 ns, Total: 4361713 ns
[16.315s][info ][safepoint      ] Safepoint "ICBufferFull", Time since last: 20838137 ns, Reaching safepoint: 1055627 ns, At safepoint: 33001 ns, Total: 1088628 ns
[16.320s][info ][safepoint      ] Safepoint "ICBufferFull", Time since last: 5374539 ns, Reaching safepoint: 116603 ns, At safepoint: 37801 ns, Total: 154404 ns
[16.327s][info ][safepoint      ] Safepoint "ICBufferFull", Time since last: 6827276 ns, Reaching safepoint: 121503 ns, At safepoint: 28101 ns, Total: 149604 ns
[16.357s][info ][safepoint      ] Safepoint "ICBufferFull", Time since last: 30222579 ns, Reaching safepoint: 117803 ns, At safepoint: 26201 ns, Total: 144004 ns
[16.368s][info ][safepoint      ] Safepoint "ICBufferFull", Time since last: 10429768 ns, Reaching safepoint: 135004 ns, At safepoint: 34701 ns, Total: 169705 ns
[16.376s][info ][safepoint      ] Safepoint "ICBufferFull", Time since last: 7635797 ns, Reaching safepoint: 107002 ns, At safepoint: 32101 ns, Total: 139103 ns
[16.382s][info ][safepoint      ] Safepoint "ICBufferFull", Time since last: 5999455 ns, Reaching safepoint: 116203 ns, At safepoint: 29901 ns, Total: 146104 ns
[16.442s][info ][safepoint      ] Safepoint "ICBufferFull", Time since last: 57230275 ns, Reaching safepoint: 3200483 ns, At safepoint: 36901 ns, Total: 3237384 ns
[16.450s][info ][safepoint      ] Safepoint "ICBufferFull", Time since last: 7741999 ns, Reaching safepoint: 131204 ns, At safepoint: 32500 ns, Total: 163704 ns
[16.459s][info ][safepoint      ] Safepoint "ICBufferFull", Time since last: 8920030 ns, Reaching safepoint: 112603 ns, At safepoint: 27001 ns, Total: 139604 ns
[16.467s][info ][safepoint      ] Safepoint "ICBufferFull", Time since last: 7829802 ns, Reaching safepoint: 112803 ns, At safepoint: 42301 ns, Total: 155104 ns
[16.489s][info ][safepoint      ] Safepoint "ICBufferFull", Time since last: 21895764 ns, Reaching safepoint: 145504 ns, At safepoint: 26101 ns, Total: 171605 ns
[16.501s][info ][safepoint      ] Safepoint "ICBufferFull", Time since last: 6977680 ns, Reaching safepoint: 4225209 ns, At safepoint: 36200 ns, Total: 4261409 ns
[16.506s][info ][safepoint      ] Safepoint "ICBufferFull", Time since last: 5445841 ns, Reaching safepoint: 181705 ns, At safepoint: 25600 ns, Total: 207305 ns
[16.526s][info ][safepoint      ] Safepoint "ICBufferFull", Time since last: 19556704 ns, Reaching safepoint: 121103 ns, At safepoint: 26301 ns, Total: 147404 ns
[16.527s][info ][gc,start       ] GC(33) Pause Young (Allocation Failure)
[16.676s][debug][gc,phases      ] GC(33) Scavenge 148.364ms
[16.676s][debug][gc,ref         ] GC(33) Skipped phase 1 of Reference Processing: no references
[16.676s][debug][gc,ref         ] GC(33) ReferenceProcessor::execute queues: 1, RefProcThreadModel::Single, marks_oops_alive: false
[16.676s][debug][gc,ref         ] GC(33) Skipped phase 3 of Reference Processing: no references
[16.676s][debug][gc,ref         ] GC(33) ReferenceProcessor::execute queues: 1, RefProcThreadModel::Single, marks_oops_alive: false
[16.676s][debug][gc,phases      ] GC(33) Reference Processing 0.150ms
[16.676s][debug][gc,phases      ] GC(33)   VM Weak                        Min:  0.0, Avg:  0.0, Max:  0.0, Diff:  0.0, Sum:  0.0, Workers: 4
[16.676s][debug][gc,phases      ] GC(33)     Dead                           Min: 0, Avg:  0.0, Max: 0, Diff: 0, Sum: 0, Workers: 4
[16.676s][debug][gc,phases      ] GC(33)     Total                          Min: 0, Avg: 145.8, Max: 512, Diff: 512, Sum: 583, Workers: 4
[16.676s][debug][gc,phases      ] GC(33)   ObjectSynchronizer Weak        Min:  0.0, Avg:  0.0, Max:  0.0, Diff:  0.0, Sum:  0.0, Workers: 4
[16.676s][debug][gc,phases      ] GC(33)     Dead                           Min: 0, Avg:  0.0, Max: 0, Diff: 0, Sum: 0, Workers: 4
[16.676s][debug][gc,phases      ] GC(33)     Total                          Min: 0, Avg: 96.5, Max: 194, Diff: 194, Sum: 386, Workers: 4
[16.676s][debug][gc,phases      ] GC(33)   JVMTI Tag Weak OopStorage      Min:  0.0, Avg:  0.0, Max:  0.0, Diff:  0.0, Sum:  0.0, Workers: 4
[16.676s][debug][gc,phases      ] GC(33)     Dead                           Min: 0, Avg:  0.0, Max: 0, Diff: 0, Sum: 0, Workers: 4
[16.676s][debug][gc,phases      ] GC(33)     Total                          Min: 0, Avg:  0.0, Max: 0, Diff: 0, Sum: 0, Workers: 4
[16.676s][debug][gc,phases      ] GC(33)   StringTable Weak               Min:  0.1, Avg:  0.1, Max:  0.1, Diff:  0.0, Sum:  0.4, Workers: 4
[16.676s][debug][gc,phases      ] GC(33)     Dead                           Min: 0, Avg:  2.8, Max: 11, Diff: 11, Sum: 11, Workers: 4
[16.676s][debug][gc,phases      ] GC(33)     Total                          Min: 8896, Avg: 10627.5, Max: 12218, Diff: 3322, Sum: 42510, Workers: 4
[16.676s][debug][gc,phases      ] GC(33)   ResolvedMethodTable Weak       Min:  0.0, Avg:  0.0, Max:  0.0, Diff:  0.0, Sum:  0.1, Workers: 4
[16.676s][debug][gc,phases      ] GC(33)     Dead                           Min: 0, Avg:  0.0, Max: 0, Diff: 0, Sum: 0, Workers: 4
[16.676s][debug][gc,phases      ] GC(33)     Total                          Min: 1452, Avg: 1706.8, Max: 1984, Diff: 532, Sum: 6827, Workers: 4
[16.676s][debug][gc,phases      ] GC(33)   JNI Weak                       Min:  0.0, Avg:  0.0, Max:  0.0, Diff:  0.0, Sum:  0.0, Workers: 4
[16.676s][debug][gc,phases      ] GC(33)     Dead                           Min: 0, Avg:  0.0, Max: 0, Diff: 0, Sum: 0, Workers: 4
[16.676s][debug][gc,phases      ] GC(33)     Total                          Min: 0, Avg:  1.5, Max: 6, Diff: 6, Sum: 6, Workers: 4
[16.676s][debug][gc,phases      ] GC(33)   StringDedup Table Weak         Min:  0.0, Avg:  0.0, Max:  0.0, Diff:  0.0, Sum:  0.0, Workers: 4
[16.676s][debug][gc,phases      ] GC(33)     Dead                           Min: 0, Avg:  0.0, Max: 0, Diff: 0, Sum: 0, Workers: 4
[16.676s][debug][gc,phases      ] GC(33)     Total                          Min: 0, Avg:  0.0, Max: 0, Diff: 0, Sum: 0, Workers: 4
[16.676s][debug][gc,phases      ] GC(33)   StringDedup Requests0 Weak     Min:  0.0, Avg:  0.0, Max:  0.0, Diff:  0.0, Sum:  0.0, Workers: 4
[16.676s][debug][gc,phases      ] GC(33)     Dead                           Min: 0, Avg:  0.0, Max: 0, Diff: 0, Sum: 0, Workers: 4
[16.676s][debug][gc,phases      ] GC(33)     Total                          Min: 0, Avg:  0.0, Max: 0, Diff: 0, Sum: 0, Workers: 4
[16.676s][debug][gc,phases      ] GC(33)   StringDedup Requests1 Weak     Min:  0.0, Avg:  0.0, Max:  0.0, Diff:  0.0, Sum:  0.0, Workers: 4
[16.676s][debug][gc,phases      ] GC(33)     Dead                           Min: 0, Avg:  0.0, Max: 0, Diff: 0, Sum: 0, Workers: 4
[16.676s][debug][gc,phases      ] GC(33)     Total                          Min: 0, Avg:  0.0, Max: 0, Diff: 0, Sum: 0, Workers: 4
[16.676s][debug][gc,phases      ] GC(33)   Weak JFR Old Object Samples    Min:  0.0, Avg:  0.0, Max:  0.0, Diff:  0.0, Sum:  0.0, Workers: 4
[16.676s][debug][gc,phases      ] GC(33)     Dead                           Min: 0, Avg:  0.0, Max: 0, Diff: 0, Sum: 0, Workers: 4
[16.676s][debug][gc,phases      ] GC(33)     Total                          Min: 0, Avg:  0.0, Max: 0, Diff: 0, Sum: 0, Workers: 4
[16.676s][debug][gc,phases      ] GC(33) Weak Processing 0.328ms
[16.676s][debug][gc,age         ] GC(33) Desired survivor size 481296384 bytes, new threshold 15 (max threshold 15)
[16.676s][info ][gc,heap        ] GC(33) PSYoungGen: 1509358K(1619456K)->302574K(1508864K) Eden: 1206272K(1206272K)->0K(1206272K) From: 303086K(413184K)->302574K(302592K)
[16.676s][info ][gc,heap        ] GC(33) ParOldGen: 227291K(277504K)->227515K(277504K)
[16.676s][info ][gc,metaspace   ] GC(33) Metaspace: 67168K(67904K)->67168K(67904K) NonClass: 57375K(57792K)->57375K(57792K) Class: 9792K(10112K)->9792K(10112K)
[16.676s][info ][gc             ] GC(33) Pause Young (Allocation Failure) 1695M->517M(1744M) 148.981ms
[16.676s][info ][gc,cpu         ] GC(33) User=0.59s Sys=0.00s Real=0.16s
[16.676s][info ][safepoint      ] Safepoint "ParallelGCFailedAllocation", Time since last: 947125 ns, Reaching safepoint: 224005 ns, At safepoint: 149095044 ns, Total: 149319049 ns
[16.683s][info ][safepoint      ] Safepoint "ICBufferFull", Time since last: 6139158 ns, Reaching safepoint: 120403 ns, At safepoint: 26801 ns, Total: 147204 ns
[16.701s][info ][safepoint      ] Safepoint "ICBufferFull", Time since last: 18264271 ns, Reaching safepoint: 121803 ns, At safepoint: 25300 ns, Total: 147103 ns
[16.714s][info ][safepoint      ] Safepoint "ICBufferFull", Time since last: 13342544 ns, Reaching safepoint: 121104 ns, At safepoint: 24200 ns, Total: 145304 ns
[16.725s][info ][safepoint      ] Safepoint "ICBufferFull", Time since last: 9902955 ns, Reaching safepoint: 114603 ns, At safepoint: 24801 ns, Total: 139404 ns
[16.729s][info ][safepoint      ] Safepoint "ICBufferFull", Time since last: 4613819 ns, Reaching safepoint: 104703 ns, At safepoint: 30500 ns, Total: 135203 ns
[16.840s][info ][safepoint      ] Safepoint "ICBufferFull", Time since last: 110871059 ns, Reaching safepoint: 215605 ns, At safepoint: 29301 ns, Total: 244906 ns
[16.931s][info ][gc,start       ] GC(34) Pause Young (Allocation Failure)
[17.065s][debug][gc,phases      ] GC(34) Scavenge 134.282ms
[17.065s][debug][gc,ref         ] GC(34) Skipped phase 1 of Reference Processing: no references
[17.065s][debug][gc,ref         ] GC(34) ReferenceProcessor::execute queues: 1, RefProcThreadModel::Single, marks_oops_alive: false
[17.065s][debug][gc,ref         ] GC(34) Skipped phase 3 of Reference Processing: no references
[17.065s][debug][gc,ref         ] GC(34) ReferenceProcessor::execute queues: 1, RefProcThreadModel::Single, marks_oops_alive: false
[17.065s][debug][gc,phases      ] GC(34) Reference Processing 0.181ms
[17.065s][debug][gc,phases      ] GC(34)   VM Weak                        Min:  0.0, Avg:  0.0, Max:  0.0, Diff:  0.0, Sum:  0.0, Workers: 4
[17.066s][debug][gc,phases      ] GC(34)     Dead                           Min: 0, Avg:  0.0, Max: 0, Diff: 0, Sum: 0, Workers: 4
[17.066s][debug][gc,phases      ] GC(34)     Total                          Min: 0, Avg: 147.2, Max: 589, Diff: 589, Sum: 589, Workers: 4
[17.066s][debug][gc,phases      ] GC(34)   ObjectSynchronizer Weak        Min:  0.0, Avg:  0.0, Max:  0.0, Diff:  0.0, Sum:  0.0, Workers: 4
[17.066s][debug][gc,phases      ] GC(34)     Dead                           Min: 0, Avg:  0.0, Max: 0, Diff: 0, Sum: 0, Workers: 4
[17.066s][debug][gc,phases      ] GC(34)     Total                          Min: 0, Avg: 96.5, Max: 320, Diff: 320, Sum: 386, Workers: 4
[17.066s][debug][gc,phases      ] GC(34)   JVMTI Tag Weak OopStorage      Min:  0.0, Avg:  0.0, Max:  0.0, Diff:  0.0, Sum:  0.0, Workers: 4
[17.066s][debug][gc,phases      ] GC(34)     Dead                           Min: 0, Avg:  0.0, Max: 0, Diff: 0, Sum: 0, Workers: 4
[17.066s][debug][gc,phases      ] GC(34)     Total                          Min: 0, Avg:  0.0, Max: 0, Diff: 0, Sum: 0, Workers: 4
[17.066s][debug][gc,phases      ] GC(34)   StringTable Weak               Min:  0.1, Avg:  0.1, Max:  0.1, Diff:  0.0, Sum:  0.4, Workers: 4
[17.066s][debug][gc,phases      ] GC(34)     Dead                           Min: 0, Avg:  0.0, Max: 0, Diff: 0, Sum: 0, Workers: 4
[17.066s][debug][gc,phases      ] GC(34)     Total                          Min: 10104, Avg: 10638.0, Max: 11456, Diff: 1352, Sum: 42552, Workers: 4
[17.066s][debug][gc,phases      ] GC(34)   ResolvedMethodTable Weak       Min:  0.0, Avg:  0.0, Max:  0.0, Diff:  0.0, Sum:  0.1, Workers: 4
[17.066s][debug][gc,phases      ] GC(34)     Dead                           Min: 0, Avg:  4.0, Max: 9, Diff: 9, Sum: 16, Workers: 4
[17.066s][debug][gc,phases      ] GC(34)     Total                          Min: 1536, Avg: 1719.0, Max: 1884, Diff: 348, Sum: 6876, Workers: 4
[17.066s][debug][gc,phases      ] GC(34)   JNI Weak                       Min:  0.0, Avg:  0.0, Max:  0.0, Diff:  0.0, Sum:  0.0, Workers: 4
[17.066s][debug][gc,phases      ] GC(34)     Dead                           Min: 0, Avg:  0.0, Max: 0, Diff: 0, Sum: 0, Workers: 4
[17.066s][debug][gc,phases      ] GC(34)     Total                          Min: 0, Avg:  0.2, Max: 1, Diff: 1, Sum: 1, Workers: 4
[17.066s][debug][gc,phases      ] GC(34)   StringDedup Table Weak         Min:  0.0, Avg:  0.0, Max:  0.0, Diff:  0.0, Sum:  0.0, Workers: 4
[17.066s][debug][gc,phases      ] GC(34)     Dead                           Min: 0, Avg:  0.0, Max: 0, Diff: 0, Sum: 0, Workers: 4
[17.066s][debug][gc,phases      ] GC(34)     Total                          Min: 0, Avg:  0.0, Max: 0, Diff: 0, Sum: 0, Workers: 4
[17.066s][debug][gc,phases      ] GC(34)   StringDedup Requests0 Weak     Min:  0.0, Avg:  0.0, Max:  0.0, Diff:  0.0, Sum:  0.0, Workers: 4
[17.066s][debug][gc,phases      ] GC(34)     Dead                           Min: 0, Avg:  0.0, Max: 0, Diff: 0, Sum: 0, Workers: 4
[17.066s][debug][gc,phases      ] GC(34)     Total                          Min: 0, Avg:  0.0, Max: 0, Diff: 0, Sum: 0, Workers: 4
[17.066s][debug][gc,phases      ] GC(34)   StringDedup Requests1 Weak     Min:  0.0, Avg:  0.0, Max:  0.0, Diff:  0.0, Sum:  0.0, Workers: 4
[17.066s][debug][gc,phases      ] GC(34)     Dead                           Min: 0, Avg:  0.0, Max: 0, Diff: 0, Sum: 0, Workers: 4
[17.066s][debug][gc,phases      ] GC(34)     Total                          Min: 0, Avg:  0.0, Max: 0, Diff: 0, Sum: 0, Workers: 4
[17.066s][debug][gc,phases      ] GC(34)   Weak JFR Old Object Samples    Min:  0.0, Avg:  0.0, Max:  0.0, Diff:  0.0, Sum:  0.0, Workers: 4
[17.066s][debug][gc,phases      ] GC(34)     Dead                           Min: 0, Avg:  0.0, Max: 0, Diff: 0, Sum: 0, Workers: 4
[17.066s][debug][gc,phases      ] GC(34)     Total                          Min: 0, Avg:  0.0, Max: 0, Diff: 0, Sum: 0, Workers: 4
[17.066s][debug][gc,phases      ] GC(34) Weak Processing 0.312ms
[17.066s][debug][gc,age         ] GC(34) Desired survivor size 499122176 bytes, new threshold 15 (max threshold 15)
[17.066s][info ][gc,heap        ] GC(34) PSYoungGen: 1508846K(1508864K)->300750K(1592320K) Eden: 1206272K(1206272K)->0K(1122304K) From: 302574K(302592K)->300750K(470016K)
[17.066s][info ][gc,heap        ] GC(34) ParOldGen: 227515K(277504K)->228195K(277504K)
[17.066s][info ][gc,metaspace   ] GC(34) Metaspace: 67430K(68224K)->67430K(68224K) NonClass: 57601K(58048K)->57601K(58048K) Class: 9828K(10176K)->9828K(10176K)
[17.066s][info ][gc             ] GC(34) Pause Young (Allocation Failure) 1695M->516M(1826M) 134.907ms
[17.066s][info ][gc,cpu         ] GC(34) User=0.54s Sys=0.00s Real=0.13s
[17.066s][info ][safepoint      ] Safepoint "ParallelGCFailedAllocation", Time since last: 90222526 ns, Reaching safepoint: 154104 ns, At safepoint: 135030480 ns, Total: 135184584 ns
[17.377s][info ][gc,start       ] GC(35) Pause Young (Allocation Failure)
[17.512s][debug][gc,phases      ] GC(35) Scavenge 135.368ms
[17.512s][debug][gc,ref         ] GC(35) Skipped phase 1 of Reference Processing: no references
[17.512s][debug][gc,ref         ] GC(35) ReferenceProcessor::execute queues: 1, RefProcThreadModel::Single, marks_oops_alive: false
[17.512s][debug][gc,ref         ] GC(35) Skipped phase 3 of Reference Processing: no references
[17.512s][debug][gc,ref         ] GC(35) ReferenceProcessor::execute queues: 1, RefProcThreadModel::Single, marks_oops_alive: false
[17.512s][debug][gc,phases      ] GC(35) Reference Processing 0.166ms
[17.513s][debug][gc,phases      ] GC(35)   VM Weak                        Min:  0.0, Avg:  0.0, Max:  0.0, Diff:  0.0, Sum:  0.0, Workers: 4
[17.513s][debug][gc,phases      ] GC(35)     Dead                           Min: 0, Avg:  0.0, Max: 0, Diff: 0, Sum: 0, Workers: 4
[17.513s][debug][gc,phases      ] GC(35)     Total                          Min: 0, Avg: 147.2, Max: 589, Diff: 589, Sum: 589, Workers: 4
[17.513s][debug][gc,phases      ] GC(35)   ObjectSynchronizer Weak        Min:  0.0, Avg:  0.0, Max:  0.0, Diff:  0.0, Sum:  0.0, Workers: 4
[17.513s][debug][gc,phases      ] GC(35)     Dead                           Min: 0, Avg:  0.0, Max: 0, Diff: 0, Sum: 0, Workers: 4
[17.513s][debug][gc,phases      ] GC(35)     Total                          Min: 0, Avg: 96.5, Max: 194, Diff: 194, Sum: 386, Workers: 4
[17.513s][debug][gc,phases      ] GC(35)   JVMTI Tag Weak OopStorage      Min:  0.0, Avg:  0.0, Max:  0.0, Diff:  0.0, Sum:  0.0, Workers: 4
[17.513s][debug][gc,phases      ] GC(35)     Dead                           Min: 0, Avg:  0.0, Max: 0, Diff: 0, Sum: 0, Workers: 4
[17.513s][debug][gc,phases      ] GC(35)     Total                          Min: 0, Avg:  0.0, Max: 0, Diff: 0, Sum: 0, Workers: 4
[17.513s][debug][gc,phases      ] GC(35)   StringTable Weak               Min:  0.1, Avg:  0.1, Max:  0.1, Diff:  0.0, Sum:  0.4, Workers: 4
[17.513s][debug][gc,phases      ] GC(35)     Dead                           Min: 0, Avg:  3.2, Max: 11, Diff: 11, Sum: 13, Workers: 4
[17.513s][debug][gc,phases      ] GC(35)     Total                          Min: 10112, Avg: 10647.5, Max: 11328, Diff: 1216, Sum: 42590, Workers: 4
[17.513s][debug][gc,phases      ] GC(35)   ResolvedMethodTable Weak       Min:  0.0, Avg:  0.0, Max:  0.0, Diff:  0.0, Sum:  0.1, Workers: 4
[17.513s][debug][gc,phases      ] GC(35)     Dead                           Min: 0, Avg:  6.0, Max: 24, Diff: 24, Sum: 24, Workers: 4
[17.513s][debug][gc,phases      ] GC(35)     Total                          Min: 1595, Avg: 1724.2, Max: 1918, Diff: 323, Sum: 6897, Workers: 4
[17.513s][debug][gc,phases      ] GC(35)   JNI Weak                       Min:  0.0, Avg:  0.0, Max:  0.0, Diff:  0.0, Sum:  0.0, Workers: 4
[17.513s][debug][gc,phases      ] GC(35)     Dead                           Min: 0, Avg:  0.0, Max: 0, Diff: 0, Sum: 0, Workers: 4
[17.513s][debug][gc,phases      ] GC(35)     Total                          Min: 0, Avg:  1.5, Max: 6, Diff: 6, Sum: 6, Workers: 4
[17.513s][debug][gc,phases      ] GC(35)   StringDedup Table Weak         Min:  0.0, Avg:  0.0, Max:  0.0, Diff:  0.0, Sum:  0.0, Workers: 4
[17.513s][debug][gc,phases      ] GC(35)     Dead                           Min: 0, Avg:  0.0, Max: 0, Diff: 0, Sum: 0, Workers: 4
[17.513s][debug][gc,phases      ] GC(35)     Total                          Min: 0, Avg:  0.0, Max: 0, Diff: 0, Sum: 0, Workers: 4
[17.513s][debug][gc,phases      ] GC(35)   StringDedup Requests0 Weak     Min:  0.0, Avg:  0.0, Max:  0.0, Diff:  0.0, Sum:  0.0, Workers: 4
[17.513s][debug][gc,phases      ] GC(35)     Dead                           Min: 0, Avg:  0.0, Max: 0, Diff: 0, Sum: 0, Workers: 4
[17.513s][debug][gc,phases      ] GC(35)     Total                          Min: 0, Avg:  0.0, Max: 0, Diff: 0, Sum: 0, Workers: 4
[17.513s][debug][gc,phases      ] GC(35)   StringDedup Requests1 Weak     Min:  0.0, Avg:  0.0, Max:  0.0, Diff:  0.0, Sum:  0.0, Workers: 4
[17.513s][debug][gc,phases      ] GC(35)     Dead                           Min: 0, Avg:  0.0, Max: 0, Diff: 0, Sum: 0, Workers: 4
[17.513s][debug][gc,phases      ] GC(35)     Total                          Min: 0, Avg:  0.0, Max: 0, Diff: 0, Sum: 0, Workers: 4
[17.513s][debug][gc,phases      ] GC(35)   Weak JFR Old Object Samples    Min:  0.0, Avg:  0.0, Max:  0.0, Diff:  0.0, Sum:  0.0, Workers: 4
[17.513s][debug][gc,phases      ] GC(35)     Dead                           Min: 0, Avg:  0.0, Max: 0, Diff: 0, Sum: 0, Workers: 4
[17.513s][debug][gc,phases      ] GC(35)     Total                          Min: 0, Avg:  0.0, Max: 0, Diff: 0, Sum: 0, Workers: 4
[17.513s][debug][gc,phases      ] GC(35) Weak Processing 0.345ms
[17.513s][debug][gc,age         ] GC(35) Desired survivor size 510132224 bytes, new threshold 15 (max threshold 15)
[17.513s][info ][gc,heap        ] GC(35) PSYoungGen: 1423054K(1592320K)->297230K(1419776K) Eden: 1122304K(1122304K)->0K(1122304K) From: 300750K(470016K)->297230K(297472K)
[17.513s][info ][gc,heap        ] GC(35) ParOldGen: 228195K(277504K)->229963K(277504K)
[17.513s][info ][gc,metaspace   ] GC(35) Metaspace: 67579K(68352K)->67579K(68352K) NonClass: 57737K(58176K)->57737K(58176K) Class: 9841K(10176K)->9841K(10176K)
[17.513s][info ][gc             ] GC(35) Pause Young (Allocation Failure) 1612M->514M(1657M) 136.017ms
[17.513s][info ][gc,cpu         ] GC(35) User=0.53s Sys=0.02s Real=0.13s
[17.513s][info ][safepoint      ] Safepoint "ParallelGCFailedAllocation", Time since last: 310817513 ns, Reaching safepoint: 178704 ns, At safepoint: 136131810 ns, Total: 136310514 ns
[17.708s][info ][gc,start       ] GC(36) Pause Young (Allocation Failure)
[17.842s][debug][gc,phases      ] GC(36) Scavenge 134.090ms
[17.842s][debug][gc,ref         ] GC(36) Skipped phase 1 of Reference Processing: no references
[17.842s][debug][gc,ref         ] GC(36) ReferenceProcessor::execute queues: 1, RefProcThreadModel::Single, marks_oops_alive: false
[17.842s][debug][gc,ref         ] GC(36) Skipped phase 3 of Reference Processing: no references
[17.842s][debug][gc,ref         ] GC(36) ReferenceProcessor::execute queues: 1, RefProcThreadModel::Single, marks_oops_alive: false
[17.843s][debug][gc,phases      ] GC(36) Reference Processing 0.167ms
[17.843s][debug][gc,phases      ] GC(36)   VM Weak                        Min:  0.0, Avg:  0.0, Max:  0.0, Diff:  0.0, Sum:  0.0, Workers: 4
[17.843s][debug][gc,phases      ] GC(36)     Dead                           Min: 0, Avg:  0.0, Max: 0, Diff: 0, Sum: 0, Workers: 4
[17.843s][debug][gc,phases      ] GC(36)     Total                          Min: 0, Avg: 147.2, Max: 589, Diff: 589, Sum: 589, Workers: 4
[17.843s][debug][gc,phases      ] GC(36)   ObjectSynchronizer Weak        Min:  0.0, Avg:  0.0, Max:  0.0, Diff:  0.0, Sum:  0.0, Workers: 4
[17.843s][debug][gc,phases      ] GC(36)     Dead                           Min: 0, Avg:  0.0, Max: 0, Diff: 0, Sum: 0, Workers: 4
[17.843s][debug][gc,phases      ] GC(36)     Total                          Min: 0, Avg: 96.5, Max: 386, Diff: 386, Sum: 386, Workers: 4
[17.843s][debug][gc,phases      ] GC(36)   JVMTI Tag Weak OopStorage      Min:  0.0, Avg:  0.0, Max:  0.0, Diff:  0.0, Sum:  0.0, Workers: 4
[17.843s][debug][gc,phases      ] GC(36)     Dead                           Min: 0, Avg:  0.0, Max: 0, Diff: 0, Sum: 0, Workers: 4
[17.843s][debug][gc,phases      ] GC(36)     Total                          Min: 0, Avg:  0.0, Max: 0, Diff: 0, Sum: 0, Workers: 4
[17.843s][debug][gc,phases      ] GC(36)   StringTable Weak               Min:  0.1, Avg:  0.1, Max:  0.1, Diff:  0.0, Sum:  0.4, Workers: 4
[17.843s][debug][gc,phases      ] GC(36)     Dead                           Min: 0, Avg:  2.8, Max: 10, Diff: 10, Sum: 11, Workers: 4
[17.843s][debug][gc,phases      ] GC(36)     Total                          Min: 10176, Avg: 10647.8, Max: 10922, Diff: 746, Sum: 42591, Workers: 4
[17.843s][debug][gc,phases      ] GC(36)   ResolvedMethodTable Weak       Min:  0.0, Avg:  0.0, Max:  0.0, Diff:  0.0, Sum:  0.1, Workers: 4
[17.843s][debug][gc,phases      ] GC(36)     Dead                           Min: 0, Avg:  0.0, Max: 0, Diff: 0, Sum: 0, Workers: 4
[17.843s][debug][gc,phases      ] GC(36)     Total                          Min: 1404, Avg: 1724.2, Max: 1975, Diff: 571, Sum: 6897, Workers: 4
[17.843s][debug][gc,phases      ] GC(36)   JNI Weak                       Min:  0.0, Avg:  0.0, Max:  0.0, Diff:  0.0, Sum:  0.0, Workers: 4
[17.843s][debug][gc,phases      ] GC(36)     Dead                           Min: 0, Avg:  0.0, Max: 0, Diff: 0, Sum: 0, Workers: 4
[17.843s][debug][gc,phases      ] GC(36)     Total                          Min: 0, Avg:  1.8, Max: 7, Diff: 7, Sum: 7, Workers: 4
[17.843s][debug][gc,phases      ] GC(36)   StringDedup Table Weak         Min:  0.0, Avg:  0.0, Max:  0.0, Diff:  0.0, Sum:  0.0, Workers: 4
[17.843s][debug][gc,phases      ] GC(36)     Dead                           Min: 0, Avg:  0.0, Max: 0, Diff: 0, Sum: 0, Workers: 4
[17.843s][debug][gc,phases      ] GC(36)     Total                          Min: 0, Avg:  0.0, Max: 0, Diff: 0, Sum: 0, Workers: 4
[17.843s][debug][gc,phases      ] GC(36)   StringDedup Requests0 Weak     Min:  0.0, Avg:  0.0, Max:  0.0, Diff:  0.0, Sum:  0.0, Workers: 4
[17.843s][debug][gc,phases      ] GC(36)     Dead                           Min: 0, Avg:  0.0, Max: 0, Diff: 0, Sum: 0, Workers: 4
[17.843s][debug][gc,phases      ] GC(36)     Total                          Min: 0, Avg:  0.0, Max: 0, Diff: 0, Sum: 0, Workers: 4
[17.843s][debug][gc,phases      ] GC(36)   StringDedup Requests1 Weak     Min:  0.0, Avg:  0.0, Max:  0.0, Diff:  0.0, Sum:  0.0, Workers: 4
[17.843s][debug][gc,phases      ] GC(36)     Dead                           Min: 0, Avg:  0.0, Max: 0, Diff: 0, Sum: 0, Workers: 4
[17.843s][debug][gc,phases      ] GC(36)     Total                          Min: 0, Avg:  0.0, Max: 0, Diff: 0, Sum: 0, Workers: 4
[17.843s][debug][gc,phases      ] GC(36)   Weak JFR Old Object Samples    Min:  0.0, Avg:  0.0, Max:  0.0, Diff:  0.0, Sum:  0.0, Workers: 4
[17.843s][debug][gc,phases      ] GC(36)     Dead                           Min: 0, Avg:  0.0, Max: 0, Diff: 0, Sum: 0, Workers: 4
[17.843s][debug][gc,phases      ] GC(36)     Total                          Min: 0, Avg:  0.0, Max: 0, Diff: 0, Sum: 0, Workers: 4
[17.843s][debug][gc,phases      ] GC(36) Weak Processing 0.327ms
[17.843s][debug][gc,age         ] GC(36) Desired survivor size 515899392 bytes, new threshold 15 (max threshold 15)
[17.843s][info ][gc,heap        ] GC(36) PSYoungGen: 1419534K(1419776K)->293662K(1587712K) Eden: 1122304K(1122304K)->0K(1089536K) From: 297230K(297472K)->293662K(498176K)
[17.843s][info ][gc,heap        ] GC(36) ParOldGen: 229963K(277504K)->232107K(277504K)
[17.843s][info ][gc,metaspace   ] GC(36) Metaspace: 67623K(68352K)->67623K(68352K) NonClass: 57781K(58176K)->57781K(58176K) Class: 9841K(10176K)->9841K(10176K)
[17.843s][info ][gc             ] GC(36) Pause Young (Allocation Failure) 1610M->513M(1821M) 134.723ms
[17.843s][info ][gc,cpu         ] GC(36) User=0.58s Sys=0.01s Real=0.13s
[17.843s][info ][safepoint      ] Safepoint "ParallelGCFailedAllocation", Time since last: 193097777 ns, Reaching safepoint: 2127655 ns, At safepoint: 134834175 ns, Total: 136961830 ns
[18.209s][info ][gc,start       ] GC(37) Pause Young (Allocation Failure)
[18.335s][debug][gc,phases      ] GC(37) Scavenge 126.421ms
[18.335s][debug][gc,ref         ] GC(37) Skipped phase 1 of Reference Processing: no references
[18.336s][debug][gc,ref         ] GC(37) ReferenceProcessor::execute queues: 1, RefProcThreadModel::Single, marks_oops_alive: false
[18.336s][debug][gc,ref         ] GC(37) Skipped phase 3 of Reference Processing: no references
[18.336s][debug][gc,ref         ] GC(37) ReferenceProcessor::execute queues: 1, RefProcThreadModel::Single, marks_oops_alive: false
[18.336s][debug][gc,phases      ] GC(37) Reference Processing 0.168ms
[18.336s][debug][gc,phases      ] GC(37)   VM Weak                        Min:  0.0, Avg:  0.0, Max:  0.0, Diff:  0.0, Sum:  0.0, Workers: 4
[18.336s][debug][gc,phases      ] GC(37)     Dead                           Min: 0, Avg:  0.0, Max: 0, Diff: 0, Sum: 0, Workers: 4
[18.336s][debug][gc,phases      ] GC(37)     Total                          Min: 0, Avg: 147.2, Max: 576, Diff: 576, Sum: 589, Workers: 4
[18.336s][debug][gc,phases      ] GC(37)   ObjectSynchronizer Weak        Min:  0.0, Avg:  0.0, Max:  0.0, Diff:  0.0, Sum:  0.0, Workers: 4
[18.336s][debug][gc,phases      ] GC(37)     Dead                           Min: 0, Avg:  0.0, Max: 0, Diff: 0, Sum: 0, Workers: 4
[18.336s][debug][gc,phases      ] GC(37)     Total                          Min: 0, Avg: 96.5, Max: 256, Diff: 256, Sum: 386, Workers: 4
[18.336s][debug][gc,phases      ] GC(37)   JVMTI Tag Weak OopStorage      Min:  0.0, Avg:  0.0, Max:  0.0, Diff:  0.0, Sum:  0.0, Workers: 4
[18.336s][debug][gc,phases      ] GC(37)     Dead                           Min: 0, Avg:  0.0, Max: 0, Diff: 0, Sum: 0, Workers: 4
[18.336s][debug][gc,phases      ] GC(37)     Total                          Min: 0, Avg:  0.0, Max: 0, Diff: 0, Sum: 0, Workers: 4
[18.336s][debug][gc,phases      ] GC(37)   StringTable Weak               Min:  0.1, Avg:  0.1, Max:  0.1, Diff:  0.0, Sum:  0.4, Workers: 4
[18.336s][debug][gc,phases      ] GC(37)     Dead                           Min: 0, Avg:  2.8, Max: 11, Diff: 11, Sum: 11, Workers: 4
[18.336s][debug][gc,phases      ] GC(37)     Total                          Min: 10101, Avg: 10650.5, Max: 11061, Diff: 960, Sum: 42602, Workers: 4
[18.336s][debug][gc,phases      ] GC(37)   ResolvedMethodTable Weak       Min:  0.0, Avg:  0.0, Max:  0.0, Diff:  0.0, Sum:  0.1, Workers: 4
[18.336s][debug][gc,phases      ] GC(37)     Dead                           Min: 2, Avg:  4.0, Max: 8, Diff: 6, Sum: 16, Workers: 4
[18.336s][debug][gc,phases      ] GC(37)     Total                          Min: 1536, Avg: 1725.5, Max: 1792, Diff: 256, Sum: 6902, Workers: 4
[18.336s][debug][gc,phases      ] GC(37)   JNI Weak                       Min:  0.0, Avg:  0.0, Max:  0.0, Diff:  0.0, Sum:  0.0, Workers: 4
[18.336s][debug][gc,phases      ] GC(37)     Dead                           Min: 0, Avg:  0.0, Max: 0, Diff: 0, Sum: 0, Workers: 4
[18.336s][debug][gc,phases      ] GC(37)     Total                          Min: 0, Avg:  2.2, Max: 9, Diff: 9, Sum: 9, Workers: 4
[18.336s][debug][gc,phases      ] GC(37)   StringDedup Table Weak         Min:  0.0, Avg:  0.0, Max:  0.0, Diff:  0.0, Sum:  0.0, Workers: 4
[18.336s][debug][gc,phases      ] GC(37)     Dead                           Min: 0, Avg:  0.0, Max: 0, Diff: 0, Sum: 0, Workers: 4
[18.336s][debug][gc,phases      ] GC(37)     Total                          Min: 0, Avg:  0.0, Max: 0, Diff: 0, Sum: 0, Workers: 4
[18.336s][debug][gc,phases      ] GC(37)   StringDedup Requests0 Weak     Min:  0.0, Avg:  0.0, Max:  0.0, Diff:  0.0, Sum:  0.0, Workers: 4
[18.336s][debug][gc,phases      ] GC(37)     Dead                           Min: 0, Avg:  0.0, Max: 0, Diff: 0, Sum: 0, Workers: 4
[18.336s][debug][gc,phases      ] GC(37)     Total                          Min: 0, Avg:  0.0, Max: 0, Diff: 0, Sum: 0, Workers: 4
[18.336s][debug][gc,phases      ] GC(37)   StringDedup Requests1 Weak     Min:  0.0, Avg:  0.0, Max:  0.0, Diff:  0.0, Sum:  0.0, Workers: 4
[18.336s][debug][gc,phases      ] GC(37)     Dead                           Min: 0, Avg:  0.0, Max: 0, Diff: 0, Sum: 0, Workers: 4
[18.336s][debug][gc,phases      ] GC(37)     Total                          Min: 0, Avg:  0.0, Max: 0, Diff: 0, Sum: 0, Workers: 4
[18.336s][debug][gc,phases      ] GC(37)   Weak JFR Old Object Samples    Min:  0.0, Avg:  0.0, Max:  0.0, Diff:  0.0, Sum:  0.0, Workers: 4
[18.336s][debug][gc,phases      ] GC(37)     Dead                           Min: 0, Avg:  0.0, Max: 0, Diff: 0, Sum: 0, Workers: 4
[18.336s][debug][gc,phases      ] GC(37)     Total                          Min: 0, Avg:  0.0, Max: 0, Diff: 0, Sum: 0, Workers: 4
[18.336s][debug][gc,phases      ] GC(37) Weak Processing 0.345ms
[18.336s][debug][gc,age         ] GC(37) Desired survivor size 516423680 bytes, new threshold 15 (max threshold 15)
[18.336s][info ][gc,heap        ] GC(37) PSYoungGen: 1383198K(1587712K)->288478K(1378304K) Eden: 1089536K(1089536K)->0K(1089536K) From: 293662K(498176K)->288478K(288768K)
[18.336s][info ][gc,heap        ] GC(37) ParOldGen: 232107K(277504K)->233075K(277504K)
[18.336s][info ][gc,metaspace   ] GC(37) Metaspace: 67682K(68416K)->67682K(68416K) NonClass: 57838K(58240K)->57838K(58240K) Class: 9843K(10176K)->9843K(10176K)
[18.336s][info ][gc             ] GC(37) Pause Young (Allocation Failure) 1577M->509M(1617M) 127.076ms
[18.336s][info ][gc,cpu         ] GC(37) User=0.51s Sys=0.00s Real=0.13s
[18.336s][info ][safepoint      ] Safepoint "ParallelGCFailedAllocation", Time since last: 362750850 ns, Reaching safepoint: 3211383 ns, At safepoint: 127192879 ns, Total: 130404262 ns
[18.567s][info ][gc,start       ] GC(38) Pause Young (Allocation Failure)
[18.695s][debug][gc,phases      ] GC(38) Scavenge 128.346ms
[18.695s][debug][gc,ref         ] GC(38) Skipped phase 1 of Reference Processing: no references
[18.695s][debug][gc,ref         ] GC(38) ReferenceProcessor::execute queues: 1, RefProcThreadModel::Single, marks_oops_alive: false
[18.695s][debug][gc,ref         ] GC(38) Skipped phase 3 of Reference Processing: no references
[18.695s][debug][gc,ref         ] GC(38) ReferenceProcessor::execute queues: 1, RefProcThreadModel::Single, marks_oops_alive: false
[18.695s][debug][gc,phases      ] GC(38) Reference Processing 0.173ms
[18.695s][debug][gc,phases      ] GC(38)   VM Weak                        Min:  0.0, Avg:  0.0, Max:  0.0, Diff:  0.0, Sum:  0.0, Workers: 4
[18.695s][debug][gc,phases      ] GC(38)     Dead                           Min: 0, Avg:  0.0, Max: 0, Diff: 0, Sum: 0, Workers: 4
[18.695s][debug][gc,phases      ] GC(38)     Total                          Min: 0, Avg: 147.2, Max: 525, Diff: 525, Sum: 589, Workers: 4
[18.695s][debug][gc,phases      ] GC(38)   ObjectSynchronizer Weak        Min:  0.0, Avg:  0.0, Max:  0.0, Diff:  0.0, Sum:  0.0, Workers: 4
[18.695s][debug][gc,phases      ] GC(38)     Dead                           Min: 0, Avg:  0.0, Max: 0, Diff: 0, Sum: 0, Workers: 4
[18.695s][debug][gc,phases      ] GC(38)     Total                          Min: 0, Avg: 96.5, Max: 192, Diff: 192, Sum: 386, Workers: 4
[18.695s][debug][gc,phases      ] GC(38)   JVMTI Tag Weak OopStorage      Min:  0.0, Avg:  0.0, Max:  0.0, Diff:  0.0, Sum:  0.0, Workers: 4
[18.695s][debug][gc,phases      ] GC(38)     Dead                           Min: 0, Avg:  0.0, Max: 0, Diff: 0, Sum: 0, Workers: 4
[18.696s][debug][gc,phases      ] GC(38)     Total                          Min: 0, Avg:  0.0, Max: 0, Diff: 0, Sum: 0, Workers: 4
[18.696s][debug][gc,phases      ] GC(38)   StringTable Weak               Min:  0.1, Avg:  0.1, Max:  0.1, Diff:  0.0, Sum:  0.5, Workers: 4
[18.696s][debug][gc,phases      ] GC(38)     Dead                           Min: 0, Avg:  0.0, Max: 0, Diff: 0, Sum: 0, Workers: 4
[18.696s][debug][gc,phases      ] GC(38)     Total                          Min: 9403, Avg: 10651.5, Max: 12213, Diff: 2810, Sum: 42606, Workers: 4
[18.696s][debug][gc,phases      ] GC(38)   ResolvedMethodTable Weak       Min:  0.0, Avg:  0.0, Max:  0.0, Diff:  0.0, Sum:  0.1, Workers: 4
[18.696s][debug][gc,phases      ] GC(38)     Dead                           Min: 0, Avg:  0.0, Max: 0, Diff: 0, Sum: 0, Workers: 4
[18.696s][debug][gc,phases      ] GC(38)     Total                          Min: 1472, Avg: 1725.5, Max: 1984, Diff: 512, Sum: 6902, Workers: 4
[18.696s][debug][gc,phases      ] GC(38)   JNI Weak                       Min:  0.0, Avg:  0.0, Max:  0.0, Diff:  0.0, Sum:  0.0, Workers: 4
[18.696s][debug][gc,phases      ] GC(38)     Dead                           Min: 0, Avg:  0.0, Max: 0, Diff: 0, Sum: 0, Workers: 4
[18.696s][debug][gc,phases      ] GC(38)     Total                          Min: 0, Avg:  1.5, Max: 6, Diff: 6, Sum: 6, Workers: 4
[18.696s][debug][gc,phases      ] GC(38)   StringDedup Table Weak         Min:  0.0, Avg:  0.0, Max:  0.0, Diff:  0.0, Sum:  0.0, Workers: 4
[18.696s][debug][gc,phases      ] GC(38)     Dead                           Min: 0, Avg:  0.0, Max: 0, Diff: 0, Sum: 0, Workers: 4
[18.696s][debug][gc,phases      ] GC(38)     Total                          Min: 0, Avg:  0.0, Max: 0, Diff: 0, Sum: 0, Workers: 4
[18.696s][debug][gc,phases      ] GC(38)   StringDedup Requests0 Weak     Min:  0.0, Avg:  0.0, Max:  0.0, Diff:  0.0, Sum:  0.0, Workers: 4
[18.696s][debug][gc,phases      ] GC(38)     Dead                           Min: 0, Avg:  0.0, Max: 0, Diff: 0, Sum: 0, Workers: 4
[18.696s][debug][gc,phases      ] GC(38)     Total                          Min: 0, Avg:  0.0, Max: 0, Diff: 0, Sum: 0, Workers: 4
[18.696s][debug][gc,phases      ] GC(38)   StringDedup Requests1 Weak     Min:  0.0, Avg:  0.0, Max:  0.0, Diff:  0.0, Sum:  0.0, Workers: 4
[18.696s][debug][gc,phases      ] GC(38)     Dead                           Min: 0, Avg:  0.0, Max: 0, Diff: 0, Sum: 0, Workers: 4
[18.696s][debug][gc,phases      ] GC(38)     Total                          Min: 0, Avg:  0.0, Max: 0, Diff: 0, Sum: 0, Workers: 4
[18.696s][debug][gc,phases      ] GC(38)   Weak JFR Old Object Samples    Min:  0.0, Avg:  0.0, Max:  0.0, Diff:  0.0, Sum:  0.0, Workers: 4
[18.696s][debug][gc,phases      ] GC(38)     Dead                           Min: 0, Avg:  0.0, Max: 0, Diff: 0, Sum: 0, Workers: 4
[18.696s][debug][gc,phases      ] GC(38)     Total                          Min: 0, Avg:  0.0, Max: 0, Diff: 0, Sum: 0, Workers: 4
[18.696s][debug][gc,phases      ] GC(38) Weak Processing 0.339ms
[18.696s][debug][gc,age         ] GC(38) Desired survivor size 513277952 bytes, new threshold 15 (max threshold 15)
[18.696s][info ][gc,heap        ] GC(38) PSYoungGen: 1378014K(1378304K)->284254K(1595904K) Eden: 1089536K(1089536K)->0K(1091584K) From: 288478K(288768K)->284254K(504320K)
[18.696s][info ][gc,heap        ] GC(38) ParOldGen: 233075K(277504K)->234955K(277504K)
[18.696s][info ][gc,metaspace   ] GC(38) Metaspace: 67697K(68416K)->67697K(68416K) NonClass: 57853K(58240K)->57853K(58240K) Class: 9843K(10176K)->9843K(10176K)
[18.696s][info ][gc             ] GC(38) Pause Young (Allocation Failure) 1573M->507M(1829M) 128.993ms
[18.696s][info ][gc,cpu         ] GC(38) User=0.52s Sys=0.00s Real=0.13s
[18.696s][info ][safepoint      ] Safepoint "ParallelGCFailedAllocation", Time since last: 230300236 ns, Reaching safepoint: 189105 ns, At safepoint: 129114427 ns, Total: 129303532 ns
[18.974s][info ][gc,start       ] GC(39) Pause Young (Allocation Failure)
[19.096s][debug][gc,phases      ] GC(39) Scavenge 121.840ms
[19.096s][debug][gc,ref         ] GC(39) Skipped phase 1 of Reference Processing: no references
[19.096s][debug][gc,ref         ] GC(39) ReferenceProcessor::execute queues: 1, RefProcThreadModel::Single, marks_oops_alive: false
[19.096s][debug][gc,ref         ] GC(39) Skipped phase 3 of Reference Processing: no references
[19.096s][debug][gc,ref         ] GC(39) ReferenceProcessor::execute queues: 1, RefProcThreadModel::Single, marks_oops_alive: false
[19.096s][debug][gc,phases      ] GC(39) Reference Processing 0.211ms
[19.097s][debug][gc,phases      ] GC(39)   VM Weak                        Min:  0.0, Avg:  0.0, Max:  0.0, Diff:  0.0, Sum:  0.0, Workers: 4
[19.097s][debug][gc,phases      ] GC(39)     Dead                           Min: 0, Avg:  0.0, Max: 0, Diff: 0, Sum: 0, Workers: 4
[19.097s][debug][gc,phases      ] GC(39)     Total                          Min: 0, Avg: 147.2, Max: 525, Diff: 525, Sum: 589, Workers: 4
[19.097s][debug][gc,phases      ] GC(39)   ObjectSynchronizer Weak        Min:  0.0, Avg:  0.0, Max:  0.0, Diff:  0.0, Sum:  0.0, Workers: 4
[19.097s][debug][gc,phases      ] GC(39)     Dead                           Min: 0, Avg:  0.0, Max: 0, Diff: 0, Sum: 0, Workers: 4
[19.097s][debug][gc,phases      ] GC(39)     Total                          Min: 0, Avg: 96.5, Max: 194, Diff: 194, Sum: 386, Workers: 4
[19.097s][debug][gc,phases      ] GC(39)   JVMTI Tag Weak OopStorage      Min:  0.0, Avg:  0.0, Max:  0.0, Diff:  0.0, Sum:  0.0, Workers: 4
[19.097s][debug][gc,phases      ] GC(39)     Dead                           Min: 0, Avg:  0.0, Max: 0, Diff: 0, Sum: 0, Workers: 4
[19.097s][debug][gc,phases      ] GC(39)     Total                          Min: 0, Avg:  0.0, Max: 0, Diff: 0, Sum: 0, Workers: 4
[19.097s][debug][gc,phases      ] GC(39)   StringTable Weak               Min:  0.1, Avg:  0.1, Max:  0.1, Diff:  0.0, Sum:  0.5, Workers: 4
[19.097s][debug][gc,phases      ] GC(39)     Dead                           Min: 0, Avg:  2.8, Max: 11, Diff: 11, Sum: 11, Workers: 4
[19.097s][debug][gc,phases      ] GC(39)     Total                          Min: 9408, Avg: 10652.5, Max: 12096, Diff: 2688, Sum: 42610, Workers: 4
[19.097s][debug][gc,phases      ] GC(39)   ResolvedMethodTable Weak       Min:  0.0, Avg:  0.0, Max:  0.0, Diff:  0.0, Sum:  0.1, Workers: 4
[19.097s][debug][gc,phases      ] GC(39)     Dead                           Min: 0, Avg:  0.0, Max: 0, Diff: 0, Sum: 0, Workers: 4
[19.097s][debug][gc,phases      ] GC(39)     Total                          Min: 1472, Avg: 1725.5, Max: 1974, Diff: 502, Sum: 6902, Workers: 4
[19.097s][debug][gc,phases      ] GC(39)   JNI Weak                       Min:  0.0, Avg:  0.0, Max:  0.0, Diff:  0.0, Sum:  0.0, Workers: 4
[19.097s][debug][gc,phases      ] GC(39)     Dead                           Min: 0, Avg:  0.0, Max: 0, Diff: 0, Sum: 0, Workers: 4
[19.097s][debug][gc,phases      ] GC(39)     Total                          Min: 0, Avg:  1.0, Max: 4, Diff: 4, Sum: 4, Workers: 4
[19.097s][debug][gc,phases      ] GC(39)   StringDedup Table Weak         Min:  0.0, Avg:  0.0, Max:  0.0, Diff:  0.0, Sum:  0.0, Workers: 4
[19.097s][debug][gc,phases      ] GC(39)     Dead                           Min: 0, Avg:  0.0, Max: 0, Diff: 0, Sum: 0, Workers: 4
[19.097s][debug][gc,phases      ] GC(39)     Total                          Min: 0, Avg:  0.0, Max: 0, Diff: 0, Sum: 0, Workers: 4
[19.097s][debug][gc,phases      ] GC(39)   StringDedup Requests0 Weak     Min:  0.0, Avg:  0.0, Max:  0.0, Diff:  0.0, Sum:  0.0, Workers: 4
[19.097s][debug][gc,phases      ] GC(39)     Dead                           Min: 0, Avg:  0.0, Max: 0, Diff: 0, Sum: 0, Workers: 4
[19.097s][debug][gc,phases      ] GC(39)     Total                          Min: 0, Avg:  0.0, Max: 0, Diff: 0, Sum: 0, Workers: 4
[19.097s][debug][gc,phases      ] GC(39)   StringDedup Requests1 Weak     Min:  0.0, Avg:  0.0, Max:  0.0, Diff:  0.0, Sum:  0.0, Workers: 4
[19.097s][debug][gc,phases      ] GC(39)     Dead                           Min: 0, Avg:  0.0, Max: 0, Diff: 0, Sum: 0, Workers: 4
[19.097s][debug][gc,phases      ] GC(39)     Total                          Min: 0, Avg:  0.0, Max: 0, Diff: 0, Sum: 0, Workers: 4
[19.097s][debug][gc,phases      ] GC(39)   Weak JFR Old Object Samples    Min:  0.0, Avg:  0.0, Max:  0.0, Diff:  0.0, Sum:  0.0, Workers: 4
[19.097s][debug][gc,phases      ] GC(39)     Dead                           Min: 0, Avg:  0.0, Max: 0, Diff: 0, Sum: 0, Workers: 4
[19.097s][debug][gc,phases      ] GC(39)     Total                          Min: 0, Avg:  0.0, Max: 0, Diff: 0, Sum: 0, Workers: 4
[19.097s][debug][gc,phases      ] GC(39) Weak Processing 0.362ms
[19.097s][debug][gc,age         ] GC(39) Desired survivor size 505413632 bytes, new threshold 15 (max threshold 15)
[19.097s][info ][gc,heap        ] GC(39) PSYoungGen: 1375838K(1595904K)->277104K(1592832K) Eden: 1091584K(1091584K)->0K(1091584K) From: 284254K(504320K)->277104K(501248K)
[19.097s][info ][gc,heap        ] GC(39) ParOldGen: 234955K(277504K)->237689K(277504K)
[19.097s][info ][gc,metaspace   ] GC(39) Metaspace: 67742K(68480K)->67742K(68480K) NonClass: 57898K(58304K)->57898K(58304K) Class: 9843K(10176K)->9843K(10176K)
[19.097s][info ][gc             ] GC(39) Pause Young (Allocation Failure) 1573M->502M(1826M) 122.583ms
[19.097s][info ][gc,cpu         ] GC(39) User=0.49s Sys=0.00s Real=0.13s
[19.097s][info ][safepoint      ] Safepoint "ParallelGCFailedAllocation", Time since last: 278348374 ns, Reaching safepoint: 157304 ns, At safepoint: 122694363 ns, Total: 122851667 ns
[19.297s][info ][gc,start       ] GC(40) Pause Young (Allocation Failure)
[19.423s][debug][gc,phases      ] GC(40) Scavenge 126.082ms
[19.423s][debug][gc,ref         ] GC(40) Skipped phase 1 of Reference Processing: no references
[19.423s][debug][gc,ref         ] GC(40) ReferenceProcessor::execute queues: 1, RefProcThreadModel::Single, marks_oops_alive: false
[19.423s][debug][gc,ref         ] GC(40) Skipped phase 3 of Reference Processing: no references
[19.423s][debug][gc,ref         ] GC(40) ReferenceProcessor::execute queues: 1, RefProcThreadModel::Single, marks_oops_alive: false
[19.423s][debug][gc,phases      ] GC(40) Reference Processing 0.155ms
[19.424s][debug][gc,phases      ] GC(40)   VM Weak                        Min:  0.0, Avg:  0.0, Max:  0.0, Diff:  0.0, Sum:  0.0, Workers: 4
[19.424s][debug][gc,phases      ] GC(40)     Dead                           Min: 0, Avg:  0.0, Max: 0, Diff: 0, Sum: 0, Workers: 4
[19.424s][debug][gc,phases      ] GC(40)     Total                          Min: 0, Avg: 147.2, Max: 512, Diff: 512, Sum: 589, Workers: 4
[19.424s][debug][gc,phases      ] GC(40)   ObjectSynchronizer Weak        Min:  0.0, Avg:  0.0, Max:  0.0, Diff:  0.0, Sum:  0.0, Workers: 4
[19.424s][debug][gc,phases      ] GC(40)     Dead                           Min: 0, Avg:  0.0, Max: 0, Diff: 0, Sum: 0, Workers: 4
[19.424s][debug][gc,phases      ] GC(40)     Total                          Min: 0, Avg: 96.5, Max: 192, Diff: 192, Sum: 386, Workers: 4
[19.424s][debug][gc,phases      ] GC(40)   JVMTI Tag Weak OopStorage      Min:  0.0, Avg:  0.0, Max:  0.0, Diff:  0.0, Sum:  0.0, Workers: 4
[19.424s][debug][gc,phases      ] GC(40)     Dead                           Min: 0, Avg:  0.0, Max: 0, Diff: 0, Sum: 0, Workers: 4
[19.424s][debug][gc,phases      ] GC(40)     Total                          Min: 0, Avg:  0.0, Max: 0, Diff: 0, Sum: 0, Workers: 4
[19.424s][debug][gc,phases      ] GC(40)   StringTable Weak               Min:  0.1, Avg:  0.1, Max:  0.1, Diff:  0.0, Sum:  0.4, Workers: 4
[19.424s][debug][gc,phases      ] GC(40)     Dead                           Min: 0, Avg:  2.8, Max: 11, Diff: 11, Sum: 11, Workers: 4
[19.424s][debug][gc,phases      ] GC(40)     Total                          Min: 10037, Avg: 10652.8, Max: 11326, Diff: 1289, Sum: 42611, Workers: 4
[19.424s][debug][gc,phases      ] GC(40)   ResolvedMethodTable Weak       Min:  0.0, Avg:  0.0, Max:  0.0, Diff:  0.0, Sum:  0.1, Workers: 4
[19.424s][debug][gc,phases      ] GC(40)     Dead                           Min: 0, Avg:  0.0, Max: 0, Diff: 0, Sum: 0, Workers: 4
[19.424s][debug][gc,phases      ] GC(40)     Total                          Min: 1462, Avg: 1725.5, Max: 2048, Diff: 586, Sum: 6902, Workers: 4
[19.424s][debug][gc,phases      ] GC(40)   JNI Weak                       Min:  0.0, Avg:  0.0, Max:  0.0, Diff:  0.0, Sum:  0.0, Workers: 4
[19.424s][debug][gc,phases      ] GC(40)     Dead                           Min: 0, Avg:  0.0, Max: 0, Diff: 0, Sum: 0, Workers: 4
[19.424s][debug][gc,phases      ] GC(40)     Total                          Min: 0, Avg:  2.2, Max: 9, Diff: 9, Sum: 9, Workers: 4
[19.424s][debug][gc,phases      ] GC(40)   StringDedup Table Weak         Min:  0.0, Avg:  0.0, Max:  0.0, Diff:  0.0, Sum:  0.0, Workers: 4
[19.424s][debug][gc,phases      ] GC(40)     Dead                           Min: 0, Avg:  0.0, Max: 0, Diff: 0, Sum: 0, Workers: 4
[19.424s][debug][gc,phases      ] GC(40)     Total                          Min: 0, Avg:  0.0, Max: 0, Diff: 0, Sum: 0, Workers: 4
[19.424s][debug][gc,phases      ] GC(40)   StringDedup Requests0 Weak     Min:  0.0, Avg:  0.0, Max:  0.0, Diff:  0.0, Sum:  0.0, Workers: 4
[19.424s][debug][gc,phases      ] GC(40)     Dead                           Min: 0, Avg:  0.0, Max: 0, Diff: 0, Sum: 0, Workers: 4
[19.424s][debug][gc,phases      ] GC(40)     Total                          Min: 0, Avg:  0.0, Max: 0, Diff: 0, Sum: 0, Workers: 4
[19.424s][debug][gc,phases      ] GC(40)   StringDedup Requests1 Weak     Min:  0.0, Avg:  0.0, Max:  0.0, Diff:  0.0, Sum:  0.0, Workers: 4
[19.424s][debug][gc,phases      ] GC(40)     Dead                           Min: 0, Avg:  0.0, Max: 0, Diff: 0, Sum: 0, Workers: 4
[19.424s][debug][gc,phases      ] GC(40)     Total                          Min: 0, Avg:  0.0, Max: 0, Diff: 0, Sum: 0, Workers: 4
[19.424s][debug][gc,phases      ] GC(40)   Weak JFR Old Object Samples    Min:  0.0, Avg:  0.0, Max:  0.0, Diff:  0.0, Sum:  0.0, Workers: 4
[19.424s][debug][gc,phases      ] GC(40)     Dead                           Min: 0, Avg:  0.0, Max: 0, Diff: 0, Sum: 0, Workers: 4
[19.424s][debug][gc,phases      ] GC(40)     Total                          Min: 0, Avg:  0.0, Max: 0, Diff: 0, Sum: 0, Workers: 4
[19.424s][debug][gc,phases      ] GC(40) Weak Processing 0.351ms
[19.424s][debug][gc,age         ] GC(40) Desired survivor size 495976448 bytes, new threshold 15 (max threshold 15)
[19.424s][info ][gc,heap        ] GC(40) PSYoungGen: 1368688K(1592832K)->274576K(1612800K) Eden: 1091584K(1091584K)->0K(1119232K) From: 277104K(501248K)->274576K(493568K)
[19.424s][info ][gc,heap        ] GC(40) ParOldGen: 237689K(277504K)->237889K(277504K)
[19.424s][info ][gc,metaspace   ] GC(40) Metaspace: 67754K(68480K)->67754K(68480K) NonClass: 57910K(58304K)->57910K(58304K) Class: 9843K(10176K)->9843K(10176K)
[19.424s][info ][gc             ] GC(40) Pause Young (Allocation Failure) 1568M->500M(1846M) 126.738ms
[19.424s][info ][gc,cpu         ] GC(40) User=0.52s Sys=0.00s Real=0.12s
[19.424s][info ][safepoint      ] Safepoint "ParallelGCFailedAllocation", Time since last: 200048756 ns, Reaching safepoint: 132503 ns, At safepoint: 126856870 ns, Total: 126989373 ns
[19.694s][info ][gc,start       ] GC(41) Pause Young (Allocation Failure)
[19.818s][debug][gc,phases      ] GC(41) Scavenge 123.556ms
[19.818s][debug][gc,ref         ] GC(41) Skipped phase 1 of Reference Processing: no references
[19.818s][debug][gc,ref         ] GC(41) ReferenceProcessor::execute queues: 1, RefProcThreadModel::Single, marks_oops_alive: false
[19.818s][debug][gc,ref         ] GC(41) Skipped phase 3 of Reference Processing: no references
[19.818s][debug][gc,ref         ] GC(41) ReferenceProcessor::execute queues: 1, RefProcThreadModel::Single, marks_oops_alive: false
[19.818s][debug][gc,phases      ] GC(41) Reference Processing 0.163ms
[19.818s][debug][gc,phases      ] GC(41)   VM Weak                        Min:  0.0, Avg:  0.0, Max:  0.0, Diff:  0.0, Sum:  0.0, Workers: 4
[19.818s][debug][gc,phases      ] GC(41)     Dead                           Min: 0, Avg:  0.0, Max: 0, Diff: 0, Sum: 0, Workers: 4
[19.818s][debug][gc,phases      ] GC(41)     Total                          Min: 0, Avg: 147.2, Max: 461, Diff: 461, Sum: 589, Workers: 4
[19.818s][debug][gc,phases      ] GC(41)   ObjectSynchronizer Weak        Min:  0.0, Avg:  0.0, Max:  0.0, Diff:  0.0, Sum:  0.0, Workers: 4
[19.818s][debug][gc,phases      ] GC(41)     Dead                           Min: 0, Avg:  0.0, Max: 0, Diff: 0, Sum: 0, Workers: 4
[19.818s][debug][gc,phases      ] GC(41)     Total                          Min: 0, Avg: 96.5, Max: 192, Diff: 192, Sum: 386, Workers: 4
[19.818s][debug][gc,phases      ] GC(41)   JVMTI Tag Weak OopStorage      Min:  0.0, Avg:  0.0, Max:  0.0, Diff:  0.0, Sum:  0.0, Workers: 4
[19.818s][debug][gc,phases      ] GC(41)     Dead                           Min: 0, Avg:  0.0, Max: 0, Diff: 0, Sum: 0, Workers: 4
[19.818s][debug][gc,phases      ] GC(41)     Total                          Min: 0, Avg:  0.0, Max: 0, Diff: 0, Sum: 0, Workers: 4
[19.818s][debug][gc,phases      ] GC(41)   StringTable Weak               Min:  0.1, Avg:  0.1, Max:  0.1, Diff:  0.0, Sum:  0.4, Workers: 4
[19.818s][debug][gc,phases      ] GC(41)     Dead                           Min: 0, Avg:  0.2, Max: 1, Diff: 1, Sum: 1, Workers: 4
[19.818s][debug][gc,phases      ] GC(41)     Total                          Min: 10064, Avg: 10659.8, Max: 11263, Diff: 1199, Sum: 42639, Workers: 4
[19.818s][debug][gc,phases      ] GC(41)   ResolvedMethodTable Weak       Min:  0.0, Avg:  0.0, Max:  0.0, Diff:  0.0, Sum:  0.1, Workers: 4
[19.818s][debug][gc,phases      ] GC(41)     Dead                           Min: 0, Avg:  0.0, Max: 0, Diff: 0, Sum: 0, Workers: 4
[19.818s][debug][gc,phases      ] GC(41)     Total                          Min: 1547, Avg: 1730.8, Max: 1984, Diff: 437, Sum: 6923, Workers: 4
[19.818s][debug][gc,phases      ] GC(41)   JNI Weak                       Min:  0.0, Avg:  0.0, Max:  0.0, Diff:  0.0, Sum:  0.0, Workers: 4
[19.818s][debug][gc,phases      ] GC(41)     Dead                           Min: 0, Avg:  0.0, Max: 0, Diff: 0, Sum: 0, Workers: 4
[19.818s][debug][gc,phases      ] GC(41)     Total                          Min: 0, Avg:  3.5, Max: 14, Diff: 14, Sum: 14, Workers: 4
[19.818s][debug][gc,phases      ] GC(41)   StringDedup Table Weak         Min:  0.0, Avg:  0.0, Max:  0.0, Diff:  0.0, Sum:  0.0, Workers: 4
[19.818s][debug][gc,phases      ] GC(41)     Dead                           Min: 0, Avg:  0.0, Max: 0, Diff: 0, Sum: 0, Workers: 4
[19.818s][debug][gc,phases      ] GC(41)     Total                          Min: 0, Avg:  0.0, Max: 0, Diff: 0, Sum: 0, Workers: 4
[19.818s][debug][gc,phases      ] GC(41)   StringDedup Requests0 Weak     Min:  0.0, Avg:  0.0, Max:  0.0, Diff:  0.0, Sum:  0.0, Workers: 4
[19.818s][debug][gc,phases      ] GC(41)     Dead                           Min: 0, Avg:  0.0, Max: 0, Diff: 0, Sum: 0, Workers: 4
[19.818s][debug][gc,phases      ] GC(41)     Total                          Min: 0, Avg:  0.0, Max: 0, Diff: 0, Sum: 0, Workers: 4
[19.818s][debug][gc,phases      ] GC(41)   StringDedup Requests1 Weak     Min:  0.0, Avg:  0.0, Max:  0.0, Diff:  0.0, Sum:  0.0, Workers: 4
[19.818s][debug][gc,phases      ] GC(41)     Dead                           Min: 0, Avg:  0.0, Max: 0, Diff: 0, Sum: 0, Workers: 4
[19.818s][debug][gc,phases      ] GC(41)     Total                          Min: 0, Avg:  0.0, Max: 0, Diff: 0, Sum: 0, Workers: 4
[19.818s][debug][gc,phases      ] GC(41)   Weak JFR Old Object Samples    Min:  0.0, Avg:  0.0, Max:  0.0, Diff:  0.0, Sum:  0.0, Workers: 4
[19.818s][debug][gc,phases      ] GC(41)     Dead                           Min: 0, Avg:  0.0, Max: 0, Diff: 0, Sum: 0, Workers: 4
[19.818s][debug][gc,phases      ] GC(41)     Total                          Min: 0, Avg:  0.0, Max: 0, Diff: 0, Sum: 0, Workers: 4
[19.818s][debug][gc,phases      ] GC(41) Weak Processing 0.324ms
[19.818s][debug][gc,age         ] GC(41) Desired survivor size 483917824 bytes, new threshold 15 (max threshold 15)
[19.818s][info ][gc,heap        ] GC(41) PSYoungGen: 1393808K(1612800K)->268576K(1603584K) Eden: 1119232K(1119232K)->0K(1119232K) From: 274576K(493568K)->268576K(484352K)
[19.818s][info ][gc,heap        ] GC(41) ParOldGen: 237889K(277504K)->238361K(277504K)
[19.818s][info ][gc,metaspace   ] GC(41) Metaspace: 67825K(68544K)->67825K(68544K) NonClass: 57973K(58368K)->57973K(58368K) Class: 9851K(10176K)->9851K(10176K)
[19.818s][info ][gc             ] GC(41) Pause Young (Allocation Failure) 1593M->495M(1837M) 124.193ms
[19.818s][info ][gc,cpu         ] GC(41) User=0.49s Sys=0.00s Real=0.13s
[19.818s][info ][safepoint      ] Safepoint "ParallelGCFailedAllocation", Time since last: 269781852 ns, Reaching safepoint: 304808 ns, At safepoint: 124318004 ns, Total: 124622812 ns
[20.073s][info ][gc,start       ] GC(42) Pause Young (Allocation Failure)
[20.177s][debug][gc,phases      ] GC(42) Scavenge 103.674ms
[20.177s][debug][gc,ref         ] GC(42) Skipped phase 1 of Reference Processing: no references
[20.177s][debug][gc,ref         ] GC(42) ReferenceProcessor::execute queues: 1, RefProcThreadModel::Single, marks_oops_alive: false
[20.177s][debug][gc,ref         ] GC(42) Skipped phase 3 of Reference Processing: no references
[20.177s][debug][gc,ref         ] GC(42) ReferenceProcessor::execute queues: 1, RefProcThreadModel::Single, marks_oops_alive: false
[20.177s][debug][gc,phases      ] GC(42) Reference Processing 0.147ms
[20.177s][debug][gc,phases      ] GC(42)   VM Weak                        Min:  0.0, Avg:  0.0, Max:  0.0, Diff:  0.0, Sum:  0.0, Workers: 4
[20.177s][debug][gc,phases      ] GC(42)     Dead                           Min: 0, Avg:  0.0, Max: 0, Diff: 0, Sum: 0, Workers: 4
[20.177s][debug][gc,phases      ] GC(42)     Total                          Min: 0, Avg: 147.2, Max: 397, Diff: 397, Sum: 589, Workers: 4
[20.177s][debug][gc,phases      ] GC(42)   ObjectSynchronizer Weak        Min:  0.0, Avg:  0.0, Max:  0.0, Diff:  0.0, Sum:  0.0, Workers: 4
[20.177s][debug][gc,phases      ] GC(42)     Dead                           Min: 0, Avg:  0.0, Max: 0, Diff: 0, Sum: 0, Workers: 4
[20.177s][debug][gc,phases      ] GC(42)     Total                          Min: 0, Avg: 96.5, Max: 130, Diff: 130, Sum: 386, Workers: 4
[20.177s][debug][gc,phases      ] GC(42)   JVMTI Tag Weak OopStorage      Min:  0.0, Avg:  0.0, Max:  0.0, Diff:  0.0, Sum:  0.0, Workers: 4
[20.177s][debug][gc,phases      ] GC(42)     Dead                           Min: 0, Avg:  0.0, Max: 0, Diff: 0, Sum: 0, Workers: 4
[20.177s][debug][gc,phases      ] GC(42)     Total                          Min: 0, Avg:  0.0, Max: 0, Diff: 0, Sum: 0, Workers: 4
[20.177s][debug][gc,phases      ] GC(42)   StringTable Weak               Min:  0.1, Avg:  0.1, Max:  0.1, Diff:  0.0, Sum:  0.4, Workers: 4
[20.177s][debug][gc,phases      ] GC(42)     Dead                           Min: 0, Avg:  2.8, Max: 11, Diff: 11, Sum: 11, Workers: 4
[20.177s][debug][gc,phases      ] GC(42)     Total                          Min: 9920, Avg: 10660.5, Max: 11007, Diff: 1087, Sum: 42642, Workers: 4
[20.177s][debug][gc,phases      ] GC(42)   ResolvedMethodTable Weak       Min:  0.0, Avg:  0.0, Max:  0.0, Diff:  0.0, Sum:  0.1, Workers: 4
[20.177s][debug][gc,phases      ] GC(42)     Dead                           Min: 0, Avg:  0.0, Max: 0, Diff: 0, Sum: 0, Workers: 4
[20.177s][debug][gc,phases      ] GC(42)     Total                          Min: 1536, Avg: 1730.8, Max: 1931, Diff: 395, Sum: 6923, Workers: 4
[20.178s][debug][gc,phases      ] GC(42)   JNI Weak                       Min:  0.0, Avg:  0.0, Max:  0.0, Diff:  0.0, Sum:  0.0, Workers: 4
[20.178s][debug][gc,phases      ] GC(42)     Dead                           Min: 0, Avg:  0.0, Max: 0, Diff: 0, Sum: 0, Workers: 4
[20.178s][debug][gc,phases      ] GC(42)     Total                          Min: 0, Avg:  1.0, Max: 4, Diff: 4, Sum: 4, Workers: 4
[20.178s][debug][gc,phases      ] GC(42)   StringDedup Table Weak         Min:  0.0, Avg:  0.0, Max:  0.0, Diff:  0.0, Sum:  0.0, Workers: 4
[20.178s][debug][gc,phases      ] GC(42)     Dead                           Min: 0, Avg:  0.0, Max: 0, Diff: 0, Sum: 0, Workers: 4
[20.178s][debug][gc,phases      ] GC(42)     Total                          Min: 0, Avg:  0.0, Max: 0, Diff: 0, Sum: 0, Workers: 4
[20.178s][debug][gc,phases      ] GC(42)   StringDedup Requests0 Weak     Min:  0.0, Avg:  0.0, Max:  0.0, Diff:  0.0, Sum:  0.0, Workers: 4
[20.178s][debug][gc,phases      ] GC(42)     Dead                           Min: 0, Avg:  0.0, Max: 0, Diff: 0, Sum: 0, Workers: 4
[20.178s][debug][gc,phases      ] GC(42)     Total                          Min: 0, Avg:  0.0, Max: 0, Diff: 0, Sum: 0, Workers: 4
[20.178s][debug][gc,phases      ] GC(42)   StringDedup Requests1 Weak     Min:  0.0, Avg:  0.0, Max:  0.0, Diff:  0.0, Sum:  0.0, Workers: 4
[20.178s][debug][gc,phases      ] GC(42)     Dead                           Min: 0, Avg:  0.0, Max: 0, Diff: 0, Sum: 0, Workers: 4
[20.178s][debug][gc,phases      ] GC(42)     Total                          Min: 0, Avg:  0.0, Max: 0, Diff: 0, Sum: 0, Workers: 4
[20.178s][debug][gc,phases      ] GC(42)   Weak JFR Old Object Samples    Min:  0.0, Avg:  0.0, Max:  0.0, Diff:  0.0, Sum:  0.0, Workers: 4
[20.178s][debug][gc,phases      ] GC(42)     Dead                           Min: 0, Avg:  0.0, Max: 0, Diff: 0, Sum: 0, Workers: 4
[20.178s][debug][gc,phases      ] GC(42)     Total                          Min: 0, Avg:  0.0, Max: 0, Diff: 0, Sum: 0, Workers: 4
[20.178s][debug][gc,phases      ] GC(42) Weak Processing 0.312ms
[20.178s][debug][gc,age         ] GC(42) Desired survivor size 468713472 bytes, new threshold 15 (max threshold 15)
[20.178s][info ][gc,heap        ] GC(42) PSYoungGen: 1387808K(1603584K)->259680K(1639424K) Eden: 1119232K(1119232K)->0K(1166848K) From: 268576K(484352K)->259680K(472576K)
[20.178s][info ][gc,heap        ] GC(42) ParOldGen: 238361K(277504K)->241184K(277504K)
[20.178s][info ][gc,metaspace   ] GC(42) Metaspace: 67834K(68608K)->67834K(68608K) NonClass: 57982K(58432K)->57982K(58432K) Class: 9851K(10176K)->9851K(10176K)
[20.178s][info ][gc             ] GC(42) Pause Young (Allocation Failure) 1588M->489M(1872M) 104.272ms
[20.178s][info ][gc,cpu         ] GC(42) User=0.42s Sys=0.00s Real=0.11s
[20.178s][info ][safepoint      ] Safepoint "ParallelGCFailedAllocation", Time since last: 254789266 ns, Reaching safepoint: 160104 ns, At safepoint: 104392891 ns, Total: 104552995 ns
[20.477s][info ][gc,start       ] GC(43) Pause Young (Allocation Failure)
[20.592s][debug][gc,phases      ] GC(43) Scavenge 114.906ms
[20.592s][debug][gc,ref         ] GC(43) Skipped phase 1 of Reference Processing: no references
[20.592s][debug][gc,ref         ] GC(43) ReferenceProcessor::execute queues: 1, RefProcThreadModel::Single, marks_oops_alive: false
[20.592s][debug][gc,ref         ] GC(43) Skipped phase 3 of Reference Processing: no references
[20.592s][debug][gc,ref         ] GC(43) ReferenceProcessor::execute queues: 1, RefProcThreadModel::Single, marks_oops_alive: false
[20.592s][debug][gc,phases      ] GC(43) Reference Processing 0.151ms
[20.593s][debug][gc,phases      ] GC(43)   VM Weak                        Min:  0.0, Avg:  0.0, Max:  0.0, Diff:  0.0, Sum:  0.0, Workers: 4
[20.593s][debug][gc,phases      ] GC(43)     Dead                           Min: 0, Avg:  0.0, Max: 0, Diff: 0, Sum: 0, Workers: 4
[20.593s][debug][gc,phases      ] GC(43)     Total                          Min: 0, Avg: 147.2, Max: 589, Diff: 589, Sum: 589, Workers: 4
[20.593s][debug][gc,phases      ] GC(43)   ObjectSynchronizer Weak        Min:  0.0, Avg:  0.0, Max:  0.0, Diff:  0.0, Sum:  0.0, Workers: 4
[20.593s][debug][gc,phases      ] GC(43)     Dead                           Min: 0, Avg:  0.0, Max: 0, Diff: 0, Sum: 0, Workers: 4
[20.593s][debug][gc,phases      ] GC(43)     Total                          Min: 0, Avg: 96.5, Max: 130, Diff: 130, Sum: 386, Workers: 4
[20.593s][debug][gc,phases      ] GC(43)   JVMTI Tag Weak OopStorage      Min:  0.0, Avg:  0.0, Max:  0.0, Diff:  0.0, Sum:  0.0, Workers: 4
[20.593s][debug][gc,phases      ] GC(43)     Dead                           Min: 0, Avg:  0.0, Max: 0, Diff: 0, Sum: 0, Workers: 4
[20.593s][debug][gc,phases      ] GC(43)     Total                          Min: 0, Avg:  0.0, Max: 0, Diff: 0, Sum: 0, Workers: 4
[20.593s][debug][gc,phases      ] GC(43)   StringTable Weak               Min:  0.1, Avg:  0.1, Max:  0.1, Diff:  0.0, Sum:  0.4, Workers: 4
[20.593s][debug][gc,phases      ] GC(43)     Dead                           Min: 0, Avg:  2.8, Max: 6, Diff: 6, Sum: 11, Workers: 4
[20.593s][debug][gc,phases      ] GC(43)     Total                          Min: 10112, Avg: 10662.2, Max: 11264, Diff: 1152, Sum: 42649, Workers: 4
[20.593s][debug][gc,phases      ] GC(43)   ResolvedMethodTable Weak       Min:  0.0, Avg:  0.0, Max:  0.0, Diff:  0.0, Sum:  0.1, Workers: 4
[20.593s][debug][gc,phases      ] GC(43)     Dead                           Min: 0, Avg:  0.0, Max: 0, Diff: 0, Sum: 0, Workers: 4
[20.593s][debug][gc,phases      ] GC(43)     Total                          Min: 1536, Avg: 1730.8, Max: 1995, Diff: 459, Sum: 6923, Workers: 4
[20.593s][debug][gc,phases      ] GC(43)   JNI Weak                       Min:  0.0, Avg:  0.0, Max:  0.0, Diff:  0.0, Sum:  0.0, Workers: 4
[20.593s][debug][gc,phases      ] GC(43)     Dead                           Min: 0, Avg:  0.0, Max: 0, Diff: 0, Sum: 0, Workers: 4
[20.593s][debug][gc,phases      ] GC(43)     Total                          Min: 0, Avg:  0.2, Max: 1, Diff: 1, Sum: 1, Workers: 4
[20.593s][debug][gc,phases      ] GC(43)   StringDedup Table Weak         Min:  0.0, Avg:  0.0, Max:  0.0, Diff:  0.0, Sum:  0.0, Workers: 4
[20.593s][debug][gc,phases      ] GC(43)     Dead                           Min: 0, Avg:  0.0, Max: 0, Diff: 0, Sum: 0, Workers: 4
[20.593s][debug][gc,phases      ] GC(43)     Total                          Min: 0, Avg:  0.0, Max: 0, Diff: 0, Sum: 0, Workers: 4
[20.593s][debug][gc,phases      ] GC(43)   StringDedup Requests0 Weak     Min:  0.0, Avg:  0.0, Max:  0.0, Diff:  0.0, Sum:  0.0, Workers: 4
[20.593s][debug][gc,phases      ] GC(43)     Dead                           Min: 0, Avg:  0.0, Max: 0, Diff: 0, Sum: 0, Workers: 4
[20.593s][debug][gc,phases      ] GC(43)     Total                          Min: 0, Avg:  0.0, Max: 0, Diff: 0, Sum: 0, Workers: 4
[20.593s][debug][gc,phases      ] GC(43)   StringDedup Requests1 Weak     Min:  0.0, Avg:  0.0, Max:  0.0, Diff:  0.0, Sum:  0.0, Workers: 4
[20.593s][debug][gc,phases      ] GC(43)     Dead                           Min: 0, Avg:  0.0, Max: 0, Diff: 0, Sum: 0, Workers: 4
[20.593s][debug][gc,phases      ] GC(43)     Total                          Min: 0, Avg:  0.0, Max: 0, Diff: 0, Sum: 0, Workers: 4
[20.593s][debug][gc,phases      ] GC(43)   Weak JFR Old Object Samples    Min:  0.0, Avg:  0.0, Max:  0.0, Diff:  0.0, Sum:  0.0, Workers: 4
[20.593s][debug][gc,phases      ] GC(43)     Dead                           Min: 0, Avg:  0.0, Max: 0, Diff: 0, Sum: 0, Workers: 4
[20.593s][debug][gc,phases      ] GC(43)     Total                          Min: 0, Avg:  0.0, Max: 0, Diff: 0, Sum: 0, Workers: 4
[20.593s][debug][gc,phases      ] GC(43) Weak Processing 0.400ms
[20.593s][debug][gc,age         ] GC(43) Desired survivor size 451411968 bytes, new threshold 15 (max threshold 15)
[20.593s][info ][gc,heap        ] GC(43) PSYoungGen: 1426528K(1639424K)->252064K(1624576K) Eden: 1166848K(1166848K)->0K(1166848K) From: 259680K(472576K)->252064K(457728K)
[20.593s][info ][gc,heap        ] GC(43) ParOldGen: 241184K(277504K)->244001K(277504K)
[20.593s][info ][gc,metaspace   ] GC(43) Metaspace: 67851K(68608K)->67851K(68608K) NonClass: 57999K(58432K)->57999K(58432K) Class: 9851K(10176K)->9851K(10176K)
[20.593s][info ][gc             ] GC(43) Pause Young (Allocation Failure) 1628M->484M(1857M) 115.616ms
[20.593s][info ][gc,cpu         ] GC(43) User=0.46s Sys=0.00s Real=0.11s
[20.593s][info ][safepoint      ] Safepoint "ParallelGCFailedAllocation", Time since last: 299363614 ns, Reaching safepoint: 205106 ns, At safepoint: 115741182 ns, Total: 115946288 ns
[20.938s][info ][gc,start       ] GC(44) Pause Young (Allocation Failure)
[21.066s][debug][gc,phases      ] GC(44) Scavenge 128.387ms
[21.066s][debug][gc,ref         ] GC(44) Skipped phase 1 of Reference Processing: no references
[21.066s][debug][gc,ref         ] GC(44) ReferenceProcessor::execute queues: 1, RefProcThreadModel::Single, marks_oops_alive: false
[21.067s][debug][gc,ref         ] GC(44) Skipped phase 3 of Reference Processing: no references
[21.067s][debug][gc,ref         ] GC(44) ReferenceProcessor::execute queues: 1, RefProcThreadModel::Single, marks_oops_alive: false
[21.067s][debug][gc,phases      ] GC(44) Reference Processing 0.147ms
[21.067s][debug][gc,phases      ] GC(44)   VM Weak                        Min:  0.0, Avg:  0.0, Max:  0.0, Diff:  0.0, Sum:  0.0, Workers: 4
[21.067s][debug][gc,phases      ] GC(44)     Dead                           Min: 0, Avg:  0.0, Max: 0, Diff: 0, Sum: 0, Workers: 4
[21.067s][debug][gc,phases      ] GC(44)     Total                          Min: 0, Avg: 147.2, Max: 589, Diff: 589, Sum: 589, Workers: 4
[21.067s][debug][gc,phases      ] GC(44)   ObjectSynchronizer Weak        Min:  0.0, Avg:  0.0, Max:  0.0, Diff:  0.0, Sum:  0.0, Workers: 4
[21.067s][debug][gc,phases      ] GC(44)     Dead                           Min: 0, Avg:  0.0, Max: 0, Diff: 0, Sum: 0, Workers: 4
[21.067s][debug][gc,phases      ] GC(44)     Total                          Min: 0, Avg: 96.5, Max: 256, Diff: 256, Sum: 386, Workers: 4
[21.067s][debug][gc,phases      ] GC(44)   JVMTI Tag Weak OopStorage      Min:  0.0, Avg:  0.0, Max:  0.0, Diff:  0.0, Sum:  0.0, Workers: 4
[21.067s][debug][gc,phases      ] GC(44)     Dead                           Min: 0, Avg:  0.0, Max: 0, Diff: 0, Sum: 0, Workers: 4
[21.067s][debug][gc,phases      ] GC(44)     Total                          Min: 0, Avg:  0.0, Max: 0, Diff: 0, Sum: 0, Workers: 4
[21.067s][debug][gc,phases      ] GC(44)   StringTable Weak               Min:  0.1, Avg:  0.1, Max:  0.1, Diff:  0.0, Sum:  0.4, Workers: 4
[21.067s][debug][gc,phases      ] GC(44)     Dead                           Min: 0, Avg:  2.8, Max: 11, Diff: 11, Sum: 11, Workers: 4
[21.067s][debug][gc,phases      ] GC(44)     Total                          Min: 10083, Avg: 10663.2, Max: 11008, Diff: 925, Sum: 42653, Workers: 4
[21.067s][debug][gc,phases      ] GC(44)   ResolvedMethodTable Weak       Min:  0.0, Avg:  0.0, Max:  0.0, Diff:  0.0, Sum:  0.1, Workers: 4
[21.067s][debug][gc,phases      ] GC(44)     Dead                           Min: 0, Avg:  0.0, Max: 0, Diff: 0, Sum: 0, Workers: 4
[21.067s][debug][gc,phases      ] GC(44)     Total                          Min: 1483, Avg: 1730.8, Max: 1920, Diff: 437, Sum: 6923, Workers: 4
[21.067s][debug][gc,phases      ] GC(44)   JNI Weak                       Min:  0.0, Avg:  0.0, Max:  0.0, Diff:  0.0, Sum:  0.0, Workers: 4
[21.067s][debug][gc,phases      ] GC(44)     Dead                           Min: 0, Avg:  0.0, Max: 0, Diff: 0, Sum: 0, Workers: 4
[21.067s][debug][gc,phases      ] GC(44)     Total                          Min: 0, Avg:  1.0, Max: 4, Diff: 4, Sum: 4, Workers: 4
[21.067s][debug][gc,phases      ] GC(44)   StringDedup Table Weak         Min:  0.0, Avg:  0.0, Max:  0.0, Diff:  0.0, Sum:  0.0, Workers: 4
[21.067s][debug][gc,phases      ] GC(44)     Dead                           Min: 0, Avg:  0.0, Max: 0, Diff: 0, Sum: 0, Workers: 4
[21.067s][debug][gc,phases      ] GC(44)     Total                          Min: 0, Avg:  0.0, Max: 0, Diff: 0, Sum: 0, Workers: 4
[21.067s][debug][gc,phases      ] GC(44)   StringDedup Requests0 Weak     Min:  0.0, Avg:  0.0, Max:  0.0, Diff:  0.0, Sum:  0.0, Workers: 4
[21.067s][debug][gc,phases      ] GC(44)     Dead                           Min: 0, Avg:  0.0, Max: 0, Diff: 0, Sum: 0, Workers: 4
[21.067s][debug][gc,phases      ] GC(44)     Total                          Min: 0, Avg:  0.0, Max: 0, Diff: 0, Sum: 0, Workers: 4
[21.067s][debug][gc,phases      ] GC(44)   StringDedup Requests1 Weak     Min:  0.0, Avg:  0.0, Max:  0.0, Diff:  0.0, Sum:  0.0, Workers: 4
[21.067s][debug][gc,phases      ] GC(44)     Dead                           Min: 0, Avg:  0.0, Max: 0, Diff: 0, Sum: 0, Workers: 4
[21.067s][debug][gc,phases      ] GC(44)     Total                          Min: 0, Avg:  0.0, Max: 0, Diff: 0, Sum: 0, Workers: 4
[21.067s][debug][gc,phases      ] GC(44)   Weak JFR Old Object Samples    Min:  0.0, Avg:  0.0, Max:  0.0, Diff:  0.0, Sum:  0.0, Workers: 4
[21.067s][debug][gc,phases      ] GC(44)     Dead                           Min: 0, Avg:  0.0, Max: 0, Diff: 0, Sum: 0, Workers: 4
[21.067s][debug][gc,phases      ] GC(44)     Total                          Min: 0, Avg:  0.0, Max: 0, Diff: 0, Sum: 0, Workers: 4
[21.067s][debug][gc,phases      ] GC(44) Weak Processing 0.289ms
[21.067s][debug][gc,age         ] GC(44) Desired survivor size 448266240 bytes, new threshold 15 (max threshold 15)
[21.067s][info ][gc,heap        ] GC(44) PSYoungGen: 1418912K(1624576K)->139808K(1659392K) Eden: 1166848K(1166848K)->0K(1218560K) From: 252064K(457728K)->139808K(440832K)
[21.067s][info ][gc,heap        ] GC(44) ParOldGen: 244001K(277504K)->352689K(352768K)
[21.067s][info ][gc,metaspace   ] GC(44) Metaspace: 67861K(68608K)->67861K(68608K) NonClass: 58010K(58432K)->58010K(58432K) Class: 9851K(10176K)->9851K(10176K)
[21.067s][info ][gc             ] GC(44) Pause Young (Allocation Failure) 1623M->480M(1965M) 128.969ms
[21.067s][info ][gc,cpu         ] GC(44) User=0.48s Sys=0.04s Real=0.12s
[21.067s][debug][gc,phases      ] GC(45) Pre Compact 0.011ms
[21.067s][info ][gc,start       ] GC(45) Pause Full (Ergonomics)
[21.067s][info ][gc,phases,start] GC(45) Marking Phase
[21.224s][debug][gc,phases      ] GC(45) Par Mark 157.330ms
[21.224s][debug][gc,ref         ] GC(45) Skipped phase 1 of Reference Processing: no references
[21.225s][debug][gc,ref         ] GC(45) ReferenceProcessor::execute queues: 4, RefProcThreadModel::Multi, marks_oops_alive: false
[21.225s][debug][gc,ref         ] GC(45) Skipped phase 3 of Reference Processing: no references
[21.225s][debug][gc,ref         ] GC(45) ReferenceProcessor::execute queues: 1, RefProcThreadModel::Single, marks_oops_alive: false
[21.225s][debug][gc,phases      ] GC(45) Reference Processing 0.518ms
[21.225s][debug][gc,phases      ] GC(45)   VM Weak                        Min:  0.0, Avg:  0.0, Max:  0.0, Diff:  0.0, Sum:  0.0, Workers: 4
[21.225s][debug][gc,phases      ] GC(45)     Dead                           Min: 0, Avg:  0.0, Max: 0, Diff: 0, Sum: 0, Workers: 4
[21.225s][debug][gc,phases      ] GC(45)     Total                          Min: 0, Avg: 147.2, Max: 269, Diff: 269, Sum: 589, Workers: 4
[21.225s][debug][gc,phases      ] GC(45)   ObjectSynchronizer Weak        Min:  0.0, Avg:  0.0, Max:  0.0, Diff:  0.0, Sum:  0.0, Workers: 4
[21.225s][debug][gc,phases      ] GC(45)     Dead                           Min: 0, Avg:  0.0, Max: 0, Diff: 0, Sum: 0, Workers: 4
[21.225s][debug][gc,phases      ] GC(45)     Total                          Min: 0, Avg: 96.5, Max: 130, Diff: 130, Sum: 386, Workers: 4
[21.225s][debug][gc,phases      ] GC(45)   JVMTI Tag Weak OopStorage      Min:  0.0, Avg:  0.0, Max:  0.0, Diff:  0.0, Sum:  0.0, Workers: 4
[21.225s][debug][gc,phases      ] GC(45)     Dead                           Min: 0, Avg:  0.0, Max: 0, Diff: 0, Sum: 0, Workers: 4
[21.225s][debug][gc,phases      ] GC(45)     Total                          Min: 0, Avg:  0.0, Max: 0, Diff: 0, Sum: 0, Workers: 4
[21.225s][debug][gc,phases      ] GC(45)   StringTable Weak               Min:  0.1, Avg:  0.1, Max:  0.1, Diff:  0.0, Sum:  0.6, Workers: 4
[21.225s][debug][gc,phases      ] GC(45)     Dead                           Min: 0, Avg:  0.0, Max: 0, Diff: 0, Sum: 0, Workers: 4
[21.225s][debug][gc,phases      ] GC(45)     Total                          Min: 10048, Avg: 10663.2, Max: 11578, Diff: 1530, Sum: 42653, Workers: 4
[21.225s][debug][gc,phases      ] GC(45)   ResolvedMethodTable Weak       Min:  0.0, Avg:  0.0, Max:  0.0, Diff:  0.0, Sum:  0.1, Workers: 4
[21.225s][debug][gc,phases      ] GC(45)     Dead                           Min: 0, Avg:  0.2, Max: 1, Diff: 1, Sum: 1, Workers: 4
[21.225s][debug][gc,phases      ] GC(45)     Total                          Min: 1664, Avg: 1730.8, Max: 1803, Diff: 139, Sum: 6923, Workers: 4
[21.225s][debug][gc,phases      ] GC(45)   JNI Weak                       Min:  0.0, Avg:  0.0, Max:  0.0, Diff:  0.0, Sum:  0.0, Workers: 4
[21.225s][debug][gc,phases      ] GC(45)     Dead                           Min: 0, Avg:  0.0, Max: 0, Diff: 0, Sum: 0, Workers: 4
[21.225s][debug][gc,phases      ] GC(45)     Total                          Min: 0, Avg:  1.0, Max: 4, Diff: 4, Sum: 4, Workers: 4
[21.225s][debug][gc,phases      ] GC(45)   StringDedup Table Weak         Min:  0.0, Avg:  0.0, Max:  0.0, Diff:  0.0, Sum:  0.0, Workers: 4
[21.225s][debug][gc,phases      ] GC(45)     Dead                           Min: 0, Avg:  0.0, Max: 0, Diff: 0, Sum: 0, Workers: 4
[21.225s][debug][gc,phases      ] GC(45)     Total                          Min: 0, Avg:  0.0, Max: 0, Diff: 0, Sum: 0, Workers: 4
[21.225s][debug][gc,phases      ] GC(45)   StringDedup Requests0 Weak     Min:  0.0, Avg:  0.0, Max:  0.0, Diff:  0.0, Sum:  0.0, Workers: 4
[21.225s][debug][gc,phases      ] GC(45)     Dead                           Min: 0, Avg:  0.0, Max: 0, Diff: 0, Sum: 0, Workers: 4
[21.225s][debug][gc,phases      ] GC(45)     Total                          Min: 0, Avg:  0.0, Max: 0, Diff: 0, Sum: 0, Workers: 4
[21.225s][debug][gc,phases      ] GC(45)   StringDedup Requests1 Weak     Min:  0.0, Avg:  0.0, Max:  0.0, Diff:  0.0, Sum:  0.0, Workers: 4
[21.225s][debug][gc,phases      ] GC(45)     Dead                           Min: 0, Avg:  0.0, Max: 0, Diff: 0, Sum: 0, Workers: 4
[21.225s][debug][gc,phases      ] GC(45)     Total                          Min: 0, Avg:  0.0, Max: 0, Diff: 0, Sum: 0, Workers: 4
[21.225s][debug][gc,phases      ] GC(45)   Weak JFR Old Object Samples    Min:  0.0, Avg:  0.0, Max:  0.0, Diff:  0.0, Sum:  0.0, Workers: 4
[21.225s][debug][gc,phases      ] GC(45)     Dead                           Min: 0, Avg:  0.0, Max: 0, Diff: 0, Sum: 0, Workers: 4
[21.225s][debug][gc,phases      ] GC(45)     Total                          Min: 0, Avg:  0.0, Max: 0, Diff: 0, Sum: 0, Workers: 4
[21.225s][debug][gc,phases      ] GC(45) Weak Processing 0.361ms
[21.225s][debug][gc,phases      ] GC(45) ClassLoaderData 0.075ms
[21.225s][debug][gc,phases      ] GC(45) Trigger cleanups 0.000ms
[21.234s][debug][gc,phases      ] GC(45) Class Unloading 8.300ms
[21.234s][info ][gc,phases      ] GC(45) Marking Phase 166.660ms
[21.234s][info ][gc,phases,start] GC(45) Summary Phase
[21.234s][info ][gc,phases      ] GC(45) Summary Phase 0.011ms
[21.234s][info ][gc,phases,start] GC(45) Adjust Roots
[21.245s][info ][gc,phases      ] GC(45) Adjust Roots 11.737ms
[21.245s][info ][gc,phases,start] GC(45) Compaction Phase
[21.757s][info ][gc,phases      ] GC(45) Compaction Phase 511.105ms
[21.757s][info ][gc,phases,start] GC(45) Post Compact
[21.758s][info ][gc,phases      ] GC(45) Post Compact 1.517ms
[21.758s][info ][gc,heap        ] GC(45) PSYoungGen: 139808K(1659392K)->133783K(1659392K) Eden: 0K(1218560K)->0K(1218560K) From: 139808K(440832K)->133783K(440832K)
[21.758s][info ][gc,heap        ] GC(45) ParOldGen: 352689K(352768K)->352759K(454144K)
[21.758s][info ][gc,metaspace   ] GC(45) Metaspace: 67861K(68608K)->67861K(68608K) NonClass: 58010K(58432K)->58010K(58432K) Class: 9851K(10176K)->9851K(10176K)
[21.758s][info ][gc             ] GC(45) Pause Full (Ergonomics) 480M->475M(2064M) 691.328ms
[21.758s][info ][gc,cpu         ] GC(45) User=2.68s Sys=0.01s Real=0.70s
[21.771s][info ][safepoint      ] Safepoint "ParallelGCFailedAllocation", Time since last: 344650881 ns, Reaching safepoint: 221906 ns, At safepoint: 832994264 ns, Total: 833216170 ns
[22.052s][info ][safepoint      ] Safepoint "ParallelGCFailedAllocation", Time since last: 280500928 ns, Reaching safepoint: 147304 ns, At safepoint: 30900 ns, Total: 178204 ns
[22.052s][info ][gc,start       ] GC(46) Pause Young (Allocation Failure)
[22.158s][debug][gc,phases      ] GC(46) Scavenge 105.976ms
[22.158s][debug][gc,ref         ] GC(46) Skipped phase 1 of Reference Processing: no references
[22.158s][debug][gc,ref         ] GC(46) ReferenceProcessor::execute queues: 1, RefProcThreadModel::Single, marks_oops_alive: false
[22.158s][debug][gc,ref         ] GC(46) Skipped phase 3 of Reference Processing: no references
[22.158s][debug][gc,ref         ] GC(46) ReferenceProcessor::execute queues: 1, RefProcThreadModel::Single, marks_oops_alive: false
[22.158s][debug][gc,phases      ] GC(46) Reference Processing 0.121ms
[22.158s][debug][gc,phases      ] GC(46)   VM Weak                        Min:  0.0, Avg:  0.0, Max:  0.0, Diff:  0.0, Sum:  0.0, Workers: 4
[22.158s][debug][gc,phases      ] GC(46)     Dead                           Min: 0, Avg:  0.0, Max: 0, Diff: 0, Sum: 0, Workers: 4
[22.158s][debug][gc,phases      ] GC(46)     Total                          Min: 0, Avg: 147.2, Max: 589, Diff: 589, Sum: 589, Workers: 4
[22.158s][debug][gc,phases      ] GC(46)   ObjectSynchronizer Weak        Min:  0.0, Avg:  0.0, Max:  0.0, Diff:  0.0, Sum:  0.0, Workers: 4
[22.158s][debug][gc,phases      ] GC(46)     Dead                           Min: 0, Avg:  0.0, Max: 0, Diff: 0, Sum: 0, Workers: 4
[22.158s][debug][gc,phases      ] GC(46)     Total                          Min: 0, Avg: 96.5, Max: 386, Diff: 386, Sum: 386, Workers: 4
[22.158s][debug][gc,phases      ] GC(46)   JVMTI Tag Weak OopStorage      Min:  0.0, Avg:  0.0, Max:  0.0, Diff:  0.0, Sum:  0.0, Workers: 4
[22.158s][debug][gc,phases      ] GC(46)     Dead                           Min: 0, Avg:  0.0, Max: 0, Diff: 0, Sum: 0, Workers: 4
[22.158s][debug][gc,phases      ] GC(46)     Total                          Min: 0, Avg:  0.0, Max: 0, Diff: 0, Sum: 0, Workers: 4
[22.158s][debug][gc,phases      ] GC(46)   StringTable Weak               Min:  0.1, Avg:  0.1, Max:  0.1, Diff:  0.0, Sum:  0.4, Workers: 4
[22.158s][debug][gc,phases      ] GC(46)     Dead                           Min: 0, Avg:  2.8, Max: 6, Diff: 6, Sum: 11, Workers: 4
[22.158s][debug][gc,phases      ] GC(46)     Total                          Min: 9856, Avg: 10666.0, Max: 11072, Diff: 1216, Sum: 42664, Workers: 4
[22.158s][debug][gc,phases      ] GC(46)   ResolvedMethodTable Weak       Min:  0.0, Avg:  0.0, Max:  0.0, Diff:  0.0, Sum:  0.1, Workers: 4
[22.158s][debug][gc,phases      ] GC(46)     Dead                           Min: 0, Avg:  0.2, Max: 1, Diff: 1, Sum: 1, Workers: 4
[22.158s][debug][gc,phases      ] GC(46)     Total                          Min: 1536, Avg: 1730.8, Max: 1856, Diff: 320, Sum: 6923, Workers: 4
[22.158s][debug][gc,phases      ] GC(46)   JNI Weak                       Min:  0.0, Avg:  0.0, Max:  0.0, Diff:  0.0, Sum:  0.0, Workers: 4
[22.158s][debug][gc,phases      ] GC(46)     Dead                           Min: 0, Avg:  0.0, Max: 0, Diff: 0, Sum: 0, Workers: 4
[22.158s][debug][gc,phases      ] GC(46)     Total                          Min: 0, Avg:  0.5, Max: 2, Diff: 2, Sum: 2, Workers: 4
[22.158s][debug][gc,phases      ] GC(46)   StringDedup Table Weak         Min:  0.0, Avg:  0.0, Max:  0.0, Diff:  0.0, Sum:  0.0, Workers: 4
[22.158s][debug][gc,phases      ] GC(46)     Dead                           Min: 0, Avg:  0.0, Max: 0, Diff: 0, Sum: 0, Workers: 4
[22.158s][debug][gc,phases      ] GC(46)     Total                          Min: 0, Avg:  0.0, Max: 0, Diff: 0, Sum: 0, Workers: 4
[22.158s][debug][gc,phases      ] GC(46)   StringDedup Requests0 Weak     Min:  0.0, Avg:  0.0, Max:  0.0, Diff:  0.0, Sum:  0.0, Workers: 4
[22.158s][debug][gc,phases      ] GC(46)     Dead                           Min: 0, Avg:  0.0, Max: 0, Diff: 0, Sum: 0, Workers: 4
[22.158s][debug][gc,phases      ] GC(46)     Total                          Min: 0, Avg:  0.0, Max: 0, Diff: 0, Sum: 0, Workers: 4
[22.158s][debug][gc,phases      ] GC(46)   StringDedup Requests1 Weak     Min:  0.0, Avg:  0.0, Max:  0.0, Diff:  0.0, Sum:  0.0, Workers: 4
[22.158s][debug][gc,phases      ] GC(46)     Dead                           Min: 0, Avg:  0.0, Max: 0, Diff: 0, Sum: 0, Workers: 4
[22.158s][debug][gc,phases      ] GC(46)     Total                          Min: 0, Avg:  0.0, Max: 0, Diff: 0, Sum: 0, Workers: 4
[22.158s][debug][gc,phases      ] GC(46)   Weak JFR Old Object Samples    Min:  0.0, Avg:  0.0, Max:  0.0, Diff:  0.0, Sum:  0.0, Workers: 4
[22.158s][debug][gc,phases      ] GC(46)     Dead                           Min: 0, Avg:  0.0, Max: 0, Diff: 0, Sum: 0, Workers: 4
[22.158s][debug][gc,phases      ] GC(46)     Total                          Min: 0, Avg:  0.0, Max: 0, Diff: 0, Sum: 0, Workers: 4
[22.158s][debug][gc,phases      ] GC(46) Weak Processing 0.295ms
[22.158s][debug][gc,age         ] GC(46) Desired survivor size 456130560 bytes, new threshold 15 (max threshold 15)
[22.158s][info ][gc,heap        ] GC(46) PSYoungGen: 1352343K(1659392K)->63296K(1282048K) Eden: 1218560K(1218560K)->0K(1218560K) From: 133783K(440832K)->63296K(63488K)
[22.158s][info ][gc,heap        ] GC(46) ParOldGen: 352761K(454144K)->429585K(454144K)
[22.158s][info ][gc,metaspace   ] GC(46) Metaspace: 67883K(68608K)->67883K(68608K) NonClass: 58031K(58432K)->58031K(58432K) Class: 9851K(10176K)->9851K(10176K)
[22.158s][info ][gc             ] GC(46) Pause Young (Allocation Failure) 1665M->481M(1695M) 106.513ms
[22.158s][info ][gc,cpu         ] GC(46) User=0.35s Sys=0.07s Real=0.11s
[22.158s][debug][gc,phases      ] GC(47) Pre Compact 0.011ms
[22.158s][info ][gc,start       ] GC(47) Pause Full (Ergonomics)
[22.158s][info ][gc,phases,start] GC(47) Marking Phase
[22.314s][debug][gc,phases      ] GC(47) Par Mark 155.765ms
[22.314s][debug][gc,ref         ] GC(47) Skipped phase 1 of Reference Processing: no references
[22.315s][debug][gc,ref         ] GC(47) ReferenceProcessor::execute queues: 4, RefProcThreadModel::Multi, marks_oops_alive: false
[22.315s][debug][gc,ref         ] GC(47) Skipped phase 3 of Reference Processing: no references
[22.315s][debug][gc,ref         ] GC(47) ReferenceProcessor::execute queues: 1, RefProcThreadModel::Single, marks_oops_alive: false
[22.315s][debug][gc,phases      ] GC(47) Reference Processing 0.428ms
[22.315s][debug][gc,phases      ] GC(47)   VM Weak                        Min:  0.0, Avg:  0.0, Max:  0.0, Diff:  0.0, Sum:  0.0, Workers: 4
[22.315s][debug][gc,phases      ] GC(47)     Dead                           Min: 0, Avg:  0.0, Max: 0, Diff: 0, Sum: 0, Workers: 4
[22.315s][debug][gc,phases      ] GC(47)     Total                          Min: 0, Avg: 147.2, Max: 397, Diff: 397, Sum: 589, Workers: 4
[22.315s][debug][gc,phases      ] GC(47)   ObjectSynchronizer Weak        Min:  0.0, Avg:  0.0, Max:  0.0, Diff:  0.0, Sum:  0.0, Workers: 4
[22.315s][debug][gc,phases      ] GC(47)     Dead                           Min: 0, Avg:  0.0, Max: 0, Diff: 0, Sum: 0, Workers: 4
[22.315s][debug][gc,phases      ] GC(47)     Total                          Min: 0, Avg: 96.5, Max: 130, Diff: 130, Sum: 386, Workers: 4
[22.315s][debug][gc,phases      ] GC(47)   JVMTI Tag Weak OopStorage      Min:  0.0, Avg:  0.0, Max:  0.0, Diff:  0.0, Sum:  0.0, Workers: 4
[22.315s][debug][gc,phases      ] GC(47)     Dead                           Min: 0, Avg:  0.0, Max: 0, Diff: 0, Sum: 0, Workers: 4
[22.315s][debug][gc,phases      ] GC(47)     Total                          Min: 0, Avg:  0.0, Max: 0, Diff: 0, Sum: 0, Workers: 4
[22.315s][debug][gc,phases      ] GC(47)   StringTable Weak               Min:  0.1, Avg:  0.1, Max:  0.1, Diff:  0.0, Sum:  0.6, Workers: 4
[22.315s][debug][gc,phases      ] GC(47)     Dead                           Min: 0, Avg:  0.0, Max: 0, Diff: 0, Sum: 0, Workers: 4
[22.315s][debug][gc,phases      ] GC(47)     Total                          Min: 9896, Avg: 10666.0, Max: 11840, Diff: 1944, Sum: 42664, Workers: 4
[22.315s][debug][gc,phases      ] GC(47)   ResolvedMethodTable Weak       Min:  0.0, Avg:  0.0, Max:  0.0, Diff:  0.0, Sum:  0.1, Workers: 4
[22.315s][debug][gc,phases      ] GC(47)     Dead                           Min: 0, Avg:  0.0, Max: 0, Diff: 0, Sum: 0, Workers: 4
[22.315s][debug][gc,phases      ] GC(47)     Total                          Min: 1536, Avg: 1730.8, Max: 1984, Diff: 448, Sum: 6923, Workers: 4
[22.315s][debug][gc,phases      ] GC(47)   JNI Weak                       Min:  0.0, Avg:  0.0, Max:  0.0, Diff:  0.0, Sum:  0.0, Workers: 4
[22.315s][debug][gc,phases      ] GC(47)     Dead                           Min: 0, Avg:  0.0, Max: 0, Diff: 0, Sum: 0, Workers: 4
[22.315s][debug][gc,phases      ] GC(47)     Total                          Min: 0, Avg:  0.5, Max: 2, Diff: 2, Sum: 2, Workers: 4
[22.315s][debug][gc,phases      ] GC(47)   StringDedup Table Weak         Min:  0.0, Avg:  0.0, Max:  0.0, Diff:  0.0, Sum:  0.0, Workers: 4
[22.315s][debug][gc,phases      ] GC(47)     Dead                           Min: 0, Avg:  0.0, Max: 0, Diff: 0, Sum: 0, Workers: 4
[22.315s][debug][gc,phases      ] GC(47)     Total                          Min: 0, Avg:  0.0, Max: 0, Diff: 0, Sum: 0, Workers: 4
[22.315s][debug][gc,phases      ] GC(47)   StringDedup Requests0 Weak     Min:  0.0, Avg:  0.0, Max:  0.0, Diff:  0.0, Sum:  0.0, Workers: 4
[22.315s][debug][gc,phases      ] GC(47)     Dead                           Min: 0, Avg:  0.0, Max: 0, Diff: 0, Sum: 0, Workers: 4
[22.315s][debug][gc,phases      ] GC(47)     Total                          Min: 0, Avg:  0.0, Max: 0, Diff: 0, Sum: 0, Workers: 4
[22.315s][debug][gc,phases      ] GC(47)   StringDedup Requests1 Weak     Min:  0.0, Avg:  0.0, Max:  0.0, Diff:  0.0, Sum:  0.0, Workers: 4
[22.315s][debug][gc,phases      ] GC(47)     Dead                           Min: 0, Avg:  0.0, Max: 0, Diff: 0, Sum: 0, Workers: 4
[22.315s][debug][gc,phases      ] GC(47)     Total                          Min: 0, Avg:  0.0, Max: 0, Diff: 0, Sum: 0, Workers: 4
[22.315s][debug][gc,phases      ] GC(47)   Weak JFR Old Object Samples    Min:  0.0, Avg:  0.0, Max:  0.0, Diff:  0.0, Sum:  0.0, Workers: 4
[22.315s][debug][gc,phases      ] GC(47)     Dead                           Min: 0, Avg:  0.0, Max: 0, Diff: 0, Sum: 0, Workers: 4
[22.315s][debug][gc,phases      ] GC(47)     Total                          Min: 0, Avg:  0.0, Max: 0, Diff: 0, Sum: 0, Workers: 4
[22.315s][debug][gc,phases      ] GC(47) Weak Processing 0.371ms
[22.315s][debug][gc,phases      ] GC(47) ClassLoaderData 0.078ms
[22.315s][debug][gc,phases      ] GC(47) Trigger cleanups 0.000ms
[22.323s][debug][gc,phases      ] GC(47) Class Unloading 8.419ms
[22.323s][info ][gc,phases      ] GC(47) Marking Phase 165.137ms
[22.324s][info ][gc,phases,start] GC(47) Summary Phase
[22.324s][info ][gc,phases      ] GC(47) Summary Phase 0.010ms
[22.324s][info ][gc,phases,start] GC(47) Adjust Roots
[22.330s][info ][gc,phases      ] GC(47) Adjust Roots 6.514ms
[22.330s][info ][gc,phases,start] GC(47) Compaction Phase
[22.615s][info ][gc,phases      ] GC(47) Compaction Phase 284.664ms
[22.615s][info ][gc,phases,start] GC(47) Post Compact
[22.616s][info ][gc,phases      ] GC(47) Post Compact 1.343ms
[22.616s][info ][gc,heap        ] GC(47) PSYoungGen: 63296K(1282048K)->30709K(1282048K) Eden: 0K(1218560K)->0K(1218560K) From: 63296K(63488K)->30709K(63488K)
[22.616s][info ][gc,heap        ] GC(47) ParOldGen: 429585K(454144K)->453941K(584192K)
[22.616s][info ][gc,metaspace   ] GC(47) Metaspace: 67883K(68608K)->67883K(68608K) NonClass: 58031K(58432K)->58031K(58432K) Class: 9851K(10176K)->9851K(10176K)
[22.616s][info ][gc             ] GC(47) Pause Full (Ergonomics) 481M->473M(1822M) 458.018ms
[22.616s][info ][gc,cpu         ] GC(47) User=1.78s Sys=0.00s Real=0.46s
[22.616s][info ][safepoint      ] Safepoint "ParallelGCFailedAllocation", Time since last: 94103 ns, Reaching safepoint: 103503 ns, At safepoint: 564700249 ns, Total: 564803752 ns
[22.874s][info ][gc,start       ] GC(48) Pause Young (Allocation Failure)
[22.937s][debug][gc,phases      ] GC(48) Scavenge 63.198ms
[22.937s][debug][gc,ref         ] GC(48) Skipped phase 1 of Reference Processing: no references
[22.937s][debug][gc,ref         ] GC(48) ReferenceProcessor::execute queues: 1, RefProcThreadModel::Single, marks_oops_alive: false
[22.937s][debug][gc,ref         ] GC(48) Skipped phase 3 of Reference Processing: no references
[22.937s][debug][gc,ref         ] GC(48) Skipped phase 4 of Reference Processing: no references
[22.937s][debug][gc,phases      ] GC(48) Reference Processing 0.107ms
[22.937s][debug][gc,phases      ] GC(48)   VM Weak                        Min:  0.0, Avg:  0.0, Max:  0.0, Diff:  0.0, Sum:  0.0, Workers: 4
[22.937s][debug][gc,phases      ] GC(48)     Dead                           Min: 0, Avg:  0.0, Max: 0, Diff: 0, Sum: 0, Workers: 4
[22.937s][debug][gc,phases      ] GC(48)     Total                          Min: 0, Avg: 147.2, Max: 333, Diff: 333, Sum: 589, Workers: 4
[22.937s][debug][gc,phases      ] GC(48)   ObjectSynchronizer Weak        Min:  0.0, Avg:  0.0, Max:  0.0, Diff:  0.0, Sum:  0.0, Workers: 4
[22.937s][debug][gc,phases      ] GC(48)     Dead                           Min: 0, Avg:  0.0, Max: 0, Diff: 0, Sum: 0, Workers: 4
[22.937s][debug][gc,phases      ] GC(48)     Total                          Min: 0, Avg: 96.5, Max: 192, Diff: 192, Sum: 386, Workers: 4
[22.937s][debug][gc,phases      ] GC(48)   JVMTI Tag Weak OopStorage      Min:  0.0, Avg:  0.0, Max:  0.0, Diff:  0.0, Sum:  0.0, Workers: 4
[22.937s][debug][gc,phases      ] GC(48)     Dead                           Min: 0, Avg:  0.0, Max: 0, Diff: 0, Sum: 0, Workers: 4
[22.937s][debug][gc,phases      ] GC(48)     Total                          Min: 0, Avg:  0.0, Max: 0, Diff: 0, Sum: 0, Workers: 4
[22.937s][debug][gc,phases      ] GC(48)   StringTable Weak               Min:  0.1, Avg:  0.1, Max:  0.1, Diff:  0.0, Sum:  0.4, Workers: 4
[22.937s][debug][gc,phases      ] GC(48)     Dead                           Min: 0, Avg:  2.8, Max: 11, Diff: 11, Sum: 11, Workers: 4
[22.937s][debug][gc,phases      ] GC(48)     Total                          Min: 10368, Avg: 10667.0, Max: 10988, Diff: 620, Sum: 42668, Workers: 4
[22.937s][debug][gc,phases      ] GC(48)   ResolvedMethodTable Weak       Min:  0.0, Avg:  0.0, Max:  0.0, Diff:  0.0, Sum:  0.1, Workers: 4
[22.937s][debug][gc,phases      ] GC(48)     Dead                           Min: 0, Avg:  0.0, Max: 0, Diff: 0, Sum: 0, Workers: 4
[22.937s][debug][gc,phases      ] GC(48)     Total                          Min: 1484, Avg: 1730.8, Max: 1920, Diff: 436, Sum: 6923, Workers: 4
[22.937s][debug][gc,phases      ] GC(48)   JNI Weak                       Min:  0.0, Avg:  0.0, Max:  0.0, Diff:  0.0, Sum:  0.0, Workers: 4
[22.937s][debug][gc,phases      ] GC(48)     Dead                           Min: 0, Avg:  0.0, Max: 0, Diff: 0, Sum: 0, Workers: 4
[22.937s][debug][gc,phases      ] GC(48)     Total                          Min: 0, Avg:  1.5, Max: 6, Diff: 6, Sum: 6, Workers: 4
[22.937s][debug][gc,phases      ] GC(48)   StringDedup Table Weak         Min:  0.0, Avg:  0.0, Max:  0.0, Diff:  0.0, Sum:  0.0, Workers: 4
[22.937s][debug][gc,phases      ] GC(48)     Dead                           Min: 0, Avg:  0.0, Max: 0, Diff: 0, Sum: 0, Workers: 4
[22.937s][debug][gc,phases      ] GC(48)     Total                          Min: 0, Avg:  0.0, Max: 0, Diff: 0, Sum: 0, Workers: 4
[22.937s][debug][gc,phases      ] GC(48)   StringDedup Requests0 Weak     Min:  0.0, Avg:  0.0, Max:  0.0, Diff:  0.0, Sum:  0.0, Workers: 4
[22.937s][debug][gc,phases      ] GC(48)     Dead                           Min: 0, Avg:  0.0, Max: 0, Diff: 0, Sum: 0, Workers: 4
[22.937s][debug][gc,phases      ] GC(48)     Total                          Min: 0, Avg:  0.0, Max: 0, Diff: 0, Sum: 0, Workers: 4
[22.937s][debug][gc,phases      ] GC(48)   StringDedup Requests1 Weak     Min:  0.0, Avg:  0.0, Max:  0.0, Diff:  0.0, Sum:  0.0, Workers: 4
[22.937s][debug][gc,phases      ] GC(48)     Dead                           Min: 0, Avg:  0.0, Max: 0, Diff: 0, Sum: 0, Workers: 4
[22.937s][debug][gc,phases      ] GC(48)     Total                          Min: 0, Avg:  0.0, Max: 0, Diff: 0, Sum: 0, Workers: 4
[22.937s][debug][gc,phases      ] GC(48)   Weak JFR Old Object Samples    Min:  0.0, Avg:  0.0, Max:  0.0, Diff:  0.0, Sum:  0.0, Workers: 4
[22.937s][debug][gc,phases      ] GC(48)     Dead                           Min: 0, Avg:  0.0, Max: 0, Diff: 0, Sum: 0, Workers: 4
[22.937s][debug][gc,phases      ] GC(48)     Total                          Min: 0, Avg:  0.0, Max: 0, Diff: 0, Sum: 0, Workers: 4
[22.937s][debug][gc,phases      ] GC(48) Weak Processing 0.323ms
[22.937s][debug][gc,age         ] GC(48) Desired survivor size 462946304 bytes, new threshold 15 (max threshold 15)
[22.937s][info ][gc,heap        ] GC(48) PSYoungGen: 1249269K(1282048K)->36800K(1638400K) Eden: 1218560K(1218560K)->0K(1192960K) From: 30709K(63488K)->36800K(445440K)
[22.937s][info ][gc,heap        ] GC(48) ParOldGen: 453941K(584192K)->455046K(584192K)
[22.937s][info ][gc,metaspace   ] GC(48) Metaspace: 67885K(68608K)->67885K(68608K) NonClass: 58033K(58432K)->58033K(58432K) Class: 9851K(10176K)->9851K(10176K)
[22.937s][info ][gc             ] GC(48) Pause Young (Allocation Failure) 1663M->480M(2170M) 63.774ms
[22.937s][info ][gc,cpu         ] GC(48) User=0.25s Sys=0.00s Real=0.07s
[22.937s][info ][safepoint      ] Safepoint "ParallelGCFailedAllocation", Time since last: 256862218 ns, Reaching safepoint: 159204 ns, At safepoint: 63895646 ns, Total: 64054850 ns
[23.202s][info ][gc,start       ] GC(49) Pause Young (Allocation Failure)
[23.217s][debug][gc,phases      ] GC(49) Scavenge 14.928ms
[23.217s][debug][gc,ref         ] GC(49) Skipped phase 1 of Reference Processing: no references
[23.218s][debug][gc,ref         ] GC(49) ReferenceProcessor::execute queues: 1, RefProcThreadModel::Single, marks_oops_alive: false
[23.218s][debug][gc,ref         ] GC(49) Skipped phase 3 of Reference Processing: no references
[23.218s][debug][gc,ref         ] GC(49) Skipped phase 4 of Reference Processing: no references
[23.218s][debug][gc,phases      ] GC(49) Reference Processing 0.140ms
[23.218s][debug][gc,phases      ] GC(49)   VM Weak                        Min:  0.0, Avg:  0.0, Max:  0.0, Diff:  0.0, Sum:  0.0, Workers: 4
[23.218s][debug][gc,phases      ] GC(49)     Dead                           Min: 0, Avg:  0.0, Max: 0, Diff: 0, Sum: 0, Workers: 4
[23.218s][debug][gc,phases      ] GC(49)     Total                          Min: 0, Avg: 147.2, Max: 397, Diff: 397, Sum: 589, Workers: 4
[23.218s][debug][gc,phases      ] GC(49)   ObjectSynchronizer Weak        Min:  0.0, Avg:  0.0, Max:  0.0, Diff:  0.0, Sum:  0.0, Workers: 4
[23.218s][debug][gc,phases      ] GC(49)     Dead                           Min: 0, Avg:  0.0, Max: 0, Diff: 0, Sum: 0, Workers: 4
[23.218s][debug][gc,phases      ] GC(49)     Total                          Min: 0, Avg: 96.5, Max: 258, Diff: 258, Sum: 386, Workers: 4
[23.218s][debug][gc,phases      ] GC(49)   JVMTI Tag Weak OopStorage      Min:  0.0, Avg:  0.0, Max:  0.0, Diff:  0.0, Sum:  0.0, Workers: 4
[23.218s][debug][gc,phases      ] GC(49)     Dead                           Min: 0, Avg:  0.0, Max: 0, Diff: 0, Sum: 0, Workers: 4
[23.218s][debug][gc,phases      ] GC(49)     Total                          Min: 0, Avg:  0.0, Max: 0, Diff: 0, Sum: 0, Workers: 4
[23.218s][debug][gc,phases      ] GC(49)   StringTable Weak               Min:  0.1, Avg:  0.1, Max:  0.1, Diff:  0.0, Sum:  0.4, Workers: 4
[23.218s][debug][gc,phases      ] GC(49)     Dead                           Min: 0, Avg:  2.8, Max: 7, Diff: 7, Sum: 11, Workers: 4
[23.218s][debug][gc,phases      ] GC(49)     Total                          Min: 9856, Avg: 10667.5, Max: 11264, Diff: 1408, Sum: 42670, Workers: 4
[23.218s][debug][gc,phases      ] GC(49)   ResolvedMethodTable Weak       Min:  0.0, Avg:  0.0, Max:  0.0, Diff:  0.0, Sum:  0.1, Workers: 4
[23.218s][debug][gc,phases      ] GC(49)     Dead                           Min: 0, Avg:  0.0, Max: 0, Diff: 0, Sum: 0, Workers: 4
[23.218s][debug][gc,phases      ] GC(49)     Total                          Min: 1472, Avg: 1730.8, Max: 2048, Diff: 576, Sum: 6923, Workers: 4
[23.218s][debug][gc,phases      ] GC(49)   JNI Weak                       Min:  0.0, Avg:  0.0, Max:  0.0, Diff:  0.0, Sum:  0.0, Workers: 4
[23.218s][debug][gc,phases      ] GC(49)     Dead                           Min: 0, Avg:  0.0, Max: 0, Diff: 0, Sum: 0, Workers: 4
[23.218s][debug][gc,phases      ] GC(49)     Total                          Min: 0, Avg:  1.0, Max: 4, Diff: 4, Sum: 4, Workers: 4
[23.218s][debug][gc,phases      ] GC(49)   StringDedup Table Weak         Min:  0.0, Avg:  0.0, Max:  0.0, Diff:  0.0, Sum:  0.0, Workers: 4
[23.218s][debug][gc,phases      ] GC(49)     Dead                           Min: 0, Avg:  0.0, Max: 0, Diff: 0, Sum: 0, Workers: 4
[23.218s][debug][gc,phases      ] GC(49)     Total                          Min: 0, Avg:  0.0, Max: 0, Diff: 0, Sum: 0, Workers: 4
[23.218s][debug][gc,phases      ] GC(49)   StringDedup Requests0 Weak     Min:  0.0, Avg:  0.0, Max:  0.0, Diff:  0.0, Sum:  0.0, Workers: 4
[23.218s][debug][gc,phases      ] GC(49)     Dead                           Min: 0, Avg:  0.0, Max: 0, Diff: 0, Sum: 0, Workers: 4
[23.218s][debug][gc,phases      ] GC(49)     Total                          Min: 0, Avg:  0.0, Max: 0, Diff: 0, Sum: 0, Workers: 4
[23.218s][debug][gc,phases      ] GC(49)   StringDedup Requests1 Weak     Min:  0.0, Avg:  0.0, Max:  0.0, Diff:  0.0, Sum:  0.0, Workers: 4
[23.218s][debug][gc,phases      ] GC(49)     Dead                           Min: 0, Avg:  0.0, Max: 0, Diff: 0, Sum: 0, Workers: 4
[23.218s][debug][gc,phases      ] GC(49)     Total                          Min: 0, Avg:  0.0, Max: 0, Diff: 0, Sum: 0, Workers: 4
[23.218s][debug][gc,phases      ] GC(49)   Weak JFR Old Object Samples    Min:  0.0, Avg:  0.0, Max:  0.0, Diff:  0.0, Sum:  0.0, Workers: 4
[23.218s][debug][gc,phases      ] GC(49)     Dead                           Min: 0, Avg:  0.0, Max: 0, Diff: 0, Sum: 0, Workers: 4
[23.218s][debug][gc,phases      ] GC(49)     Total                          Min: 0, Avg:  0.0, Max: 0, Diff: 0, Sum: 0, Workers: 4
[23.218s][debug][gc,phases      ] GC(49) Weak Processing 0.317ms
[23.218s][debug][gc,age         ] GC(49) Desired survivor size 462946304 bytes, new threshold 15 (max threshold 15)
[23.218s][info ][gc,heap        ] GC(49) PSYoungGen: 1229760K(1638400K)->44064K(1645056K) Eden: 1192960K(1192960K)->0K(1192960K) From: 36800K(445440K)->44064K(452096K)
[23.218s][info ][gc,heap        ] GC(49) ParOldGen: 455046K(584192K)->455830K(584192K)
[23.218s][info ][gc,metaspace   ] GC(49) Metaspace: 67885K(68608K)->67885K(68608K) NonClass: 58033K(58432K)->58033K(58432K) Class: 9851K(10176K)->9851K(10176K)
[23.218s][info ][gc             ] GC(49) Pause Young (Allocation Failure) 1645M->488M(2177M) 15.521ms
[23.218s][info ][gc,cpu         ] GC(49) User=0.06s Sys=0.00s Real=0.02s
[23.218s][info ][safepoint      ] Safepoint "ParallelGCFailedAllocation", Time since last: 264864324 ns, Reaching safepoint: 139504 ns, At safepoint: 15642603 ns, Total: 15782107 ns
[23.558s][info ][gc,start       ] GC(50) Pause Young (Allocation Failure)
[23.578s][debug][gc,phases      ] GC(50) Scavenge 19.446ms
[23.578s][debug][gc,ref         ] GC(50) Skipped phase 1 of Reference Processing: no references
[23.578s][debug][gc,ref         ] GC(50) ReferenceProcessor::execute queues: 1, RefProcThreadModel::Single, marks_oops_alive: false
[23.578s][debug][gc,ref         ] GC(50) Skipped phase 3 of Reference Processing: no references
[23.578s][debug][gc,ref         ] GC(50) ReferenceProcessor::execute queues: 1, RefProcThreadModel::Single, marks_oops_alive: false
[23.578s][debug][gc,phases      ] GC(50) Reference Processing 0.126ms
[23.578s][debug][gc,phases      ] GC(50)   VM Weak                        Min:  0.0, Avg:  0.0, Max:  0.0, Diff:  0.0, Sum:  0.0, Workers: 4
[23.578s][debug][gc,phases      ] GC(50)     Dead                           Min: 0, Avg:  0.0, Max: 0, Diff: 0, Sum: 0, Workers: 4
[23.578s][debug][gc,phases      ] GC(50)     Total                          Min: 0, Avg: 147.2, Max: 269, Diff: 269, Sum: 589, Workers: 4
[23.578s][debug][gc,phases      ] GC(50)   ObjectSynchronizer Weak        Min:  0.0, Avg:  0.0, Max:  0.0, Diff:  0.0, Sum:  0.0, Workers: 4
[23.578s][debug][gc,phases      ] GC(50)     Dead                           Min: 0, Avg:  0.0, Max: 0, Diff: 0, Sum: 0, Workers: 4
[23.578s][debug][gc,phases      ] GC(50)     Total                          Min: 64, Avg: 96.5, Max: 128, Diff: 64, Sum: 386, Workers: 4
[23.578s][debug][gc,phases      ] GC(50)   JVMTI Tag Weak OopStorage      Min:  0.0, Avg:  0.0, Max:  0.0, Diff:  0.0, Sum:  0.0, Workers: 4
[23.578s][debug][gc,phases      ] GC(50)     Dead                           Min: 0, Avg:  0.0, Max: 0, Diff: 0, Sum: 0, Workers: 4
[23.578s][debug][gc,phases      ] GC(50)     Total                          Min: 0, Avg:  0.0, Max: 0, Diff: 0, Sum: 0, Workers: 4
[23.578s][debug][gc,phases      ] GC(50)   StringTable Weak               Min:  0.1, Avg:  0.1, Max:  0.1, Diff:  0.0, Sum:  0.4, Workers: 4
[23.578s][debug][gc,phases      ] GC(50)     Dead                           Min: 0, Avg:  0.0, Max: 0, Diff: 0, Sum: 0, Workers: 4
[23.578s][debug][gc,phases      ] GC(50)     Total                          Min: 9856, Avg: 10674.0, Max: 11913, Diff: 2057, Sum: 42696, Workers: 4
[23.578s][debug][gc,phases      ] GC(50)   ResolvedMethodTable Weak       Min:  0.0, Avg:  0.0, Max:  0.0, Diff:  0.0, Sum:  0.1, Workers: 4
[23.578s][debug][gc,phases      ] GC(50)     Dead                           Min: 0, Avg:  0.0, Max: 0, Diff: 0, Sum: 0, Workers: 4
[23.578s][debug][gc,phases      ] GC(50)     Total                          Min: 1472, Avg: 1731.0, Max: 1983, Diff: 511, Sum: 6924, Workers: 4
[23.578s][debug][gc,phases      ] GC(50)   JNI Weak                       Min:  0.0, Avg:  0.0, Max:  0.0, Diff:  0.0, Sum:  0.0, Workers: 4
[23.578s][debug][gc,phases      ] GC(50)     Dead                           Min: 0, Avg:  0.0, Max: 0, Diff: 0, Sum: 0, Workers: 4
[23.578s][debug][gc,phases      ] GC(50)     Total                          Min: 0, Avg:  2.8, Max: 11, Diff: 11, Sum: 11, Workers: 4
[23.578s][debug][gc,phases      ] GC(50)   StringDedup Table Weak         Min:  0.0, Avg:  0.0, Max:  0.0, Diff:  0.0, Sum:  0.0, Workers: 4
[23.578s][debug][gc,phases      ] GC(50)     Dead                           Min: 0, Avg:  0.0, Max: 0, Diff: 0, Sum: 0, Workers: 4
[23.578s][debug][gc,phases      ] GC(50)     Total                          Min: 0, Avg:  0.0, Max: 0, Diff: 0, Sum: 0, Workers: 4
[23.578s][debug][gc,phases      ] GC(50)   StringDedup Requests0 Weak     Min:  0.0, Avg:  0.0, Max:  0.0, Diff:  0.0, Sum:  0.0, Workers: 4
[23.578s][debug][gc,phases      ] GC(50)     Dead                           Min: 0, Avg:  0.0, Max: 0, Diff: 0, Sum: 0, Workers: 4
[23.578s][debug][gc,phases      ] GC(50)     Total                          Min: 0, Avg:  0.0, Max: 0, Diff: 0, Sum: 0, Workers: 4
[23.578s][debug][gc,phases      ] GC(50)   StringDedup Requests1 Weak     Min:  0.0, Avg:  0.0, Max:  0.0, Diff:  0.0, Sum:  0.0, Workers: 4
[23.578s][debug][gc,phases      ] GC(50)     Dead                           Min: 0, Avg:  0.0, Max: 0, Diff: 0, Sum: 0, Workers: 4
[23.578s][debug][gc,phases      ] GC(50)     Total                          Min: 0, Avg:  0.0, Max: 0, Diff: 0, Sum: 0, Workers: 4
[23.578s][debug][gc,phases      ] GC(50)   Weak JFR Old Object Samples    Min:  0.0, Avg:  0.0, Max:  0.0, Diff:  0.0, Sum:  0.0, Workers: 4
[23.578s][debug][gc,phases      ] GC(50)     Dead                           Min: 0, Avg:  0.0, Max: 0, Diff: 0, Sum: 0, Workers: 4
[23.578s][debug][gc,phases      ] GC(50)     Total                          Min: 0, Avg:  0.0, Max: 0, Diff: 0, Sum: 0, Workers: 4
[23.578s][debug][gc,phases      ] GC(50) Weak Processing 0.321ms
[23.578s][debug][gc,age         ] GC(50) Desired survivor size 457179136 bytes, new threshold 15 (max threshold 15)
[23.578s][info ][gc,heap        ] GC(50) PSYoungGen: 1237024K(1645056K)->52672K(1650688K) Eden: 1192960K(1192960K)->0K(1198592K) From: 44064K(452096K)->52672K(452096K)
[23.578s][info ][gc,heap        ] GC(50) ParOldGen: 455830K(584192K)->456454K(584192K)
[23.578s][info ][gc,metaspace   ] GC(50) Metaspace: 67891K(68608K)->67891K(68608K) NonClass: 58038K(58432K)->58038K(58432K) Class: 9852K(10176K)->9852K(10176K)
[23.578s][info ][gc             ] GC(50) Pause Young (Allocation Failure) 1653M->497M(2182M) 20.033ms
[23.578s][info ][gc,cpu         ] GC(50) User=0.09s Sys=0.00s Real=0.02s
[23.578s][info ][safepoint      ] Safepoint "ParallelGCFailedAllocation", Time since last: 340113162 ns, Reaching safepoint: 165204 ns, At safepoint: 20157420 ns, Total: 20322624 ns
[23.804s][info ][gc,start       ] GC(51) Pause Young (Allocation Failure)
[23.821s][debug][gc,phases      ] GC(51) Scavenge 16.480ms
[23.821s][debug][gc,ref         ] GC(51) Skipped phase 1 of Reference Processing: no references
[23.821s][debug][gc,ref         ] GC(51) ReferenceProcessor::execute queues: 1, RefProcThreadModel::Single, marks_oops_alive: false
[23.821s][debug][gc,ref         ] GC(51) Skipped phase 3 of Reference Processing: no references
[23.821s][debug][gc,ref         ] GC(51) ReferenceProcessor::execute queues: 1, RefProcThreadModel::Single, marks_oops_alive: false
[23.821s][debug][gc,phases      ] GC(51) Reference Processing 0.137ms
[23.821s][debug][gc,phases      ] GC(51)   VM Weak                        Min:  0.0, Avg:  0.0, Max:  0.0, Diff:  0.0, Sum:  0.0, Workers: 4
[23.821s][debug][gc,phases      ] GC(51)     Dead                           Min: 0, Avg:  0.0, Max: 0, Diff: 0, Sum: 0, Workers: 4
[23.821s][debug][gc,phases      ] GC(51)     Total                          Min: 0, Avg: 147.5, Max: 384, Diff: 384, Sum: 590, Workers: 4
[23.821s][debug][gc,phases      ] GC(51)   ObjectSynchronizer Weak        Min:  0.0, Avg:  0.0, Max:  0.0, Diff:  0.0, Sum:  0.0, Workers: 4
[23.821s][debug][gc,phases      ] GC(51)     Dead                           Min: 0, Avg:  0.0, Max: 0, Diff: 0, Sum: 0, Workers: 4
[23.821s][debug][gc,phases      ] GC(51)     Total                          Min: 0, Avg: 96.8, Max: 195, Diff: 195, Sum: 387, Workers: 4
[23.821s][debug][gc,phases      ] GC(51)   JVMTI Tag Weak OopStorage      Min:  0.0, Avg:  0.0, Max:  0.0, Diff:  0.0, Sum:  0.0, Workers: 4
[23.821s][debug][gc,phases      ] GC(51)     Dead                           Min: 0, Avg:  0.0, Max: 0, Diff: 0, Sum: 0, Workers: 4
[23.821s][debug][gc,phases      ] GC(51)     Total                          Min: 0, Avg:  0.0, Max: 0, Diff: 0, Sum: 0, Workers: 4
[23.821s][debug][gc,phases      ] GC(51)   StringTable Weak               Min:  0.1, Avg:  0.1, Max:  0.1, Diff:  0.0, Sum:  0.4, Workers: 4
[23.821s][debug][gc,phases      ] GC(51)     Dead                           Min: 0, Avg:  2.8, Max: 11, Diff: 11, Sum: 11, Workers: 4
[23.821s][debug][gc,phases      ] GC(51)     Total                          Min: 10048, Avg: 10682.8, Max: 10994, Diff: 946, Sum: 42731, Workers: 4
[23.821s][debug][gc,phases      ] GC(51)   ResolvedMethodTable Weak       Min:  0.0, Avg:  0.0, Max:  0.0, Diff:  0.0, Sum:  0.1, Workers: 4
[23.821s][debug][gc,phases      ] GC(51)     Dead                           Min: 0, Avg:  4.2, Max: 17, Diff: 17, Sum: 17, Workers: 4
[23.821s][debug][gc,phases      ] GC(51)     Total                          Min: 1516, Avg: 1735.0, Max: 1909, Diff: 393, Sum: 6940, Workers: 4
[23.821s][debug][gc,phases      ] GC(51)   JNI Weak                       Min:  0.0, Avg:  0.0, Max:  0.0, Diff:  0.0, Sum:  0.0, Workers: 4
[23.821s][debug][gc,phases      ] GC(51)     Dead                           Min: 0, Avg:  0.0, Max: 0, Diff: 0, Sum: 0, Workers: 4
[23.821s][debug][gc,phases      ] GC(51)     Total                          Min: 0, Avg:  1.8, Max: 7, Diff: 7, Sum: 7, Workers: 4
[23.821s][debug][gc,phases      ] GC(51)   StringDedup Table Weak         Min:  0.0, Avg:  0.0, Max:  0.0, Diff:  0.0, Sum:  0.0, Workers: 4
[23.821s][debug][gc,phases      ] GC(51)     Dead                           Min: 0, Avg:  0.0, Max: 0, Diff: 0, Sum: 0, Workers: 4
[23.821s][debug][gc,phases      ] GC(51)     Total                          Min: 0, Avg:  0.0, Max: 0, Diff: 0, Sum: 0, Workers: 4
[23.821s][debug][gc,phases      ] GC(51)   StringDedup Requests0 Weak     Min:  0.0, Avg:  0.0, Max:  0.0, Diff:  0.0, Sum:  0.0, Workers: 4
[23.821s][debug][gc,phases      ] GC(51)     Dead                           Min: 0, Avg:  0.0, Max: 0, Diff: 0, Sum: 0, Workers: 4
[23.821s][debug][gc,phases      ] GC(51)     Total                          Min: 0, Avg:  0.0, Max: 0, Diff: 0, Sum: 0, Workers: 4
[23.821s][debug][gc,phases      ] GC(51)   StringDedup Requests1 Weak     Min:  0.0, Avg:  0.0, Max:  0.0, Diff:  0.0, Sum:  0.0, Workers: 4
[23.821s][debug][gc,phases      ] GC(51)     Dead                           Min: 0, Avg:  0.0, Max: 0, Diff: 0, Sum: 0, Workers: 4
[23.821s][debug][gc,phases      ] GC(51)     Total                          Min: 0, Avg:  0.0, Max: 0, Diff: 0, Sum: 0, Workers: 4
[23.821s][debug][gc,phases      ] GC(51)   Weak JFR Old Object Samples    Min:  0.0, Avg:  0.0, Max:  0.0, Diff:  0.0, Sum:  0.0, Workers: 4
[23.821s][debug][gc,phases      ] GC(51)     Dead                           Min: 0, Avg:  0.0, Max: 0, Diff: 0, Sum: 0, Workers: 4
[23.821s][debug][gc,phases      ] GC(51)     Total                          Min: 0, Avg:  0.0, Max: 0, Diff: 0, Sum: 0, Workers: 4
[23.821s][debug][gc,phases      ] GC(51) Weak Processing 0.295ms
[23.821s][debug][gc,age         ] GC(51) Desired survivor size 448266240 bytes, new threshold 15 (max threshold 15)
[23.821s][info ][gc,heap        ] GC(51) PSYoungGen: 1251264K(1650688K)->55912K(1645056K) Eden: 1198592K(1198592K)->0K(1198592K) From: 52672K(452096K)->55912K(446464K)
[23.821s][info ][gc,heap        ] GC(51) ParOldGen: 456454K(584192K)->457638K(584192K)
[23.821s][info ][gc,metaspace   ] GC(51) Metaspace: 67917K(68736K)->67917K(68736K) NonClass: 58055K(58496K)->58055K(58496K) Class: 9862K(10240K)->9862K(10240K)
[23.821s][info ][gc             ] GC(51) Pause Young (Allocation Failure) 1667M->501M(2177M) 17.050ms
[23.821s][info ][gc,cpu         ] GC(51) User=0.06s Sys=0.00s Real=0.02s
[23.821s][info ][safepoint      ] Safepoint "ParallelGCFailedAllocation", Time since last: 225016996 ns, Reaching safepoint: 479813 ns, At safepoint: 17168842 ns, Total: 17648655 ns
[24.125s][info ][gc,start       ] GC(52) Pause Young (Allocation Failure)
[24.148s][debug][gc,phases      ] GC(52) Scavenge 22.898ms
[24.148s][debug][gc,ref         ] GC(52) Skipped phase 1 of Reference Processing: no references
[24.148s][debug][gc,ref         ] GC(52) ReferenceProcessor::execute queues: 1, RefProcThreadModel::Single, marks_oops_alive: false
[24.148s][debug][gc,ref         ] GC(52) Skipped phase 3 of Reference Processing: no references
[24.148s][debug][gc,ref         ] GC(52) Skipped phase 4 of Reference Processing: no references
[24.148s][debug][gc,phases      ] GC(52) Reference Processing 0.111ms
[24.148s][debug][gc,phases      ] GC(52)   VM Weak                        Min:  0.0, Avg:  0.0, Max:  0.0, Diff:  0.0, Sum:  0.0, Workers: 4
[24.148s][debug][gc,phases      ] GC(52)     Dead                           Min: 0, Avg:  0.0, Max: 0, Diff: 0, Sum: 0, Workers: 4
[24.148s][debug][gc,phases      ] GC(52)     Total                          Min: 0, Avg: 147.5, Max: 590, Diff: 590, Sum: 590, Workers: 4
[24.148s][debug][gc,phases      ] GC(52)   ObjectSynchronizer Weak        Min:  0.0, Avg:  0.0, Max:  0.0, Diff:  0.0, Sum:  0.0, Workers: 4
[24.148s][debug][gc,phases      ] GC(52)     Dead                           Min: 0, Avg:  0.0, Max: 0, Diff: 0, Sum: 0, Workers: 4
[24.148s][debug][gc,phases      ] GC(52)     Total                          Min: 0, Avg: 96.8, Max: 192, Diff: 192, Sum: 387, Workers: 4
[24.148s][debug][gc,phases      ] GC(52)   JVMTI Tag Weak OopStorage      Min:  0.0, Avg:  0.0, Max:  0.0, Diff:  0.0, Sum:  0.0, Workers: 4
[24.148s][debug][gc,phases      ] GC(52)     Dead                           Min: 0, Avg:  0.0, Max: 0, Diff: 0, Sum: 0, Workers: 4
[24.148s][debug][gc,phases      ] GC(52)     Total                          Min: 0, Avg:  0.0, Max: 0, Diff: 0, Sum: 0, Workers: 4
[24.148s][debug][gc,phases      ] GC(52)   StringTable Weak               Min:  0.1, Avg:  0.1, Max:  0.1, Diff:  0.0, Sum:  0.4, Workers: 4
[24.148s][debug][gc,phases      ] GC(52)     Dead                           Min: 0, Avg:  0.0, Max: 0, Diff: 0, Sum: 0, Workers: 4
[24.148s][debug][gc,phases      ] GC(52)     Total                          Min: 10105, Avg: 10682.8, Max: 11452, Diff: 1347, Sum: 42731, Workers: 4
[24.148s][debug][gc,phases      ] GC(52)   ResolvedMethodTable Weak       Min:  0.0, Avg:  0.0, Max:  0.0, Diff:  0.0, Sum:  0.1, Workers: 4
[24.148s][debug][gc,phases      ] GC(52)     Dead                           Min: 0, Avg:  0.0, Max: 0, Diff: 0, Sum: 0, Workers: 4
[24.148s][debug][gc,phases      ] GC(52)     Total                          Min: 1532, Avg: 1735.0, Max: 1982, Diff: 450, Sum: 6940, Workers: 4
[24.148s][debug][gc,phases      ] GC(52)   JNI Weak                       Min:  0.0, Avg:  0.0, Max:  0.0, Diff:  0.0, Sum:  0.0, Workers: 4
[24.148s][debug][gc,phases      ] GC(52)     Dead                           Min: 0, Avg:  0.0, Max: 0, Diff: 0, Sum: 0, Workers: 4
[24.148s][debug][gc,phases      ] GC(52)     Total                          Min: 0, Avg:  1.0, Max: 4, Diff: 4, Sum: 4, Workers: 4
[24.149s][debug][gc,phases      ] GC(52)   StringDedup Table Weak         Min:  0.0, Avg:  0.0, Max:  0.0, Diff:  0.0, Sum:  0.0, Workers: 4
[24.149s][debug][gc,phases      ] GC(52)     Dead                           Min: 0, Avg:  0.0, Max: 0, Diff: 0, Sum: 0, Workers: 4
[24.149s][debug][gc,phases      ] GC(52)     Total                          Min: 0, Avg:  0.0, Max: 0, Diff: 0, Sum: 0, Workers: 4
[24.149s][debug][gc,phases      ] GC(52)   StringDedup Requests0 Weak     Min:  0.0, Avg:  0.0, Max:  0.0, Diff:  0.0, Sum:  0.0, Workers: 4
[24.149s][debug][gc,phases      ] GC(52)     Dead                           Min: 0, Avg:  0.0, Max: 0, Diff: 0, Sum: 0, Workers: 4
[24.149s][debug][gc,phases      ] GC(52)     Total                          Min: 0, Avg:  0.0, Max: 0, Diff: 0, Sum: 0, Workers: 4
[24.149s][debug][gc,phases      ] GC(52)   StringDedup Requests1 Weak     Min:  0.0, Avg:  0.0, Max:  0.0, Diff:  0.0, Sum:  0.0, Workers: 4
[24.149s][debug][gc,phases      ] GC(52)     Dead                           Min: 0, Avg:  0.0, Max: 0, Diff: 0, Sum: 0, Workers: 4
[24.149s][debug][gc,phases      ] GC(52)     Total                          Min: 0, Avg:  0.0, Max: 0, Diff: 0, Sum: 0, Workers: 4
[24.149s][debug][gc,phases      ] GC(52)   Weak JFR Old Object Samples    Min:  0.0, Avg:  0.0, Max:  0.0, Diff:  0.0, Sum:  0.0, Workers: 4
[24.149s][debug][gc,phases      ] GC(52)     Dead                           Min: 0, Avg:  0.0, Max: 0, Diff: 0, Sum: 0, Workers: 4
[24.149s][debug][gc,phases      ] GC(52)     Total                          Min: 0, Avg:  0.0, Max: 0, Diff: 0, Sum: 0, Workers: 4
[24.149s][debug][gc,phases      ] GC(52) Weak Processing 0.312ms
[24.149s][debug][gc,age         ] GC(52) Desired survivor size 435683328 bytes, new threshold 15 (max threshold 15)
[24.149s][info ][gc,heap        ] GC(52) PSYoungGen: 1254504K(1645056K)->63136K(1671680K) Eden: 1198592K(1198592K)->0K(1233920K) From: 55912K(446464K)->63136K(437760K)
[24.149s][info ][gc,heap        ] GC(52) ParOldGen: 457638K(584192K)->458966K(584192K)
[24.149s][info ][gc,metaspace   ] GC(52) Metaspace: 67918K(68736K)->67918K(68736K) NonClass: 58056K(58496K)->58056K(58496K) Class: 9862K(10240K)->9862K(10240K)
[24.149s][info ][gc             ] GC(52) Pause Young (Allocation Failure) 1672M->509M(2203M) 23.479ms
[24.149s][info ][gc,cpu         ] GC(52) User=0.09s Sys=0.00s Real=0.03s
[24.149s][info ][safepoint      ] Safepoint "ParallelGCFailedAllocation", Time since last: 303831127 ns, Reaching safepoint: 146704 ns, At safepoint: 23592808 ns, Total: 23739512 ns
[24.410s][info ][gc,start       ] GC(53) Pause Young (Allocation Failure)
[24.431s][debug][gc,phases      ] GC(53) Scavenge 21.140ms
[24.431s][debug][gc,ref         ] GC(53) Skipped phase 1 of Reference Processing: no references
[24.431s][debug][gc,ref         ] GC(53) ReferenceProcessor::execute queues: 1, RefProcThreadModel::Single, marks_oops_alive: false
[24.431s][debug][gc,ref         ] GC(53) Skipped phase 3 of Reference Processing: no references
[24.431s][debug][gc,ref         ] GC(53) Skipped phase 4 of Reference Processing: no references
[24.431s][debug][gc,phases      ] GC(53) Reference Processing 0.113ms
[24.431s][debug][gc,phases      ] GC(53)   VM Weak                        Min:  0.0, Avg:  0.0, Max:  0.0, Diff:  0.0, Sum:  0.0, Workers: 4
[24.431s][debug][gc,phases      ] GC(53)     Dead                           Min: 0, Avg:  0.0, Max: 0, Diff: 0, Sum: 0, Workers: 4
[24.431s][debug][gc,phases      ] GC(53)     Total                          Min: 0, Avg: 147.5, Max: 384, Diff: 384, Sum: 590, Workers: 4
[24.431s][debug][gc,phases      ] GC(53)   ObjectSynchronizer Weak        Min:  0.0, Avg:  0.0, Max:  0.0, Diff:  0.0, Sum:  0.0, Workers: 4
[24.431s][debug][gc,phases      ] GC(53)     Dead                           Min: 0, Avg:  0.0, Max: 0, Diff: 0, Sum: 0, Workers: 4
[24.431s][debug][gc,phases      ] GC(53)     Total                          Min: 0, Avg: 96.8, Max: 192, Diff: 192, Sum: 387, Workers: 4
[24.431s][debug][gc,phases      ] GC(53)   JVMTI Tag Weak OopStorage      Min:  0.0, Avg:  0.0, Max:  0.0, Diff:  0.0, Sum:  0.0, Workers: 4
[24.431s][debug][gc,phases      ] GC(53)     Dead                           Min: 0, Avg:  0.0, Max: 0, Diff: 0, Sum: 0, Workers: 4
[24.431s][debug][gc,phases      ] GC(53)     Total                          Min: 0, Avg:  0.0, Max: 0, Diff: 0, Sum: 0, Workers: 4
[24.431s][debug][gc,phases      ] GC(53)   StringTable Weak               Min:  0.1, Avg:  0.1, Max:  0.1, Diff:  0.0, Sum:  0.4, Workers: 4
[24.431s][debug][gc,phases      ] GC(53)     Dead                           Min: 0, Avg:  2.8, Max: 11, Diff: 11, Sum: 11, Workers: 4
[24.431s][debug][gc,phases      ] GC(53)     Total                          Min: 9280, Avg: 10683.8, Max: 11834, Diff: 2554, Sum: 42735, Workers: 4
[24.431s][debug][gc,phases      ] GC(53)   ResolvedMethodTable Weak       Min:  0.0, Avg:  0.0, Max:  0.0, Diff:  0.0, Sum:  0.1, Workers: 4
[24.431s][debug][gc,phases      ] GC(53)     Dead                           Min: 0, Avg:  0.0, Max: 0, Diff: 0, Sum: 0, Workers: 4
[24.431s][debug][gc,phases      ] GC(53)     Total                          Min: 1659, Avg: 1735.0, Max: 1851, Diff: 192, Sum: 6940, Workers: 4
[24.431s][debug][gc,phases      ] GC(53)   JNI Weak                       Min:  0.0, Avg:  0.0, Max:  0.0, Diff:  0.0, Sum:  0.0, Workers: 4
[24.431s][debug][gc,phases      ] GC(53)     Dead                           Min: 0, Avg:  0.0, Max: 0, Diff: 0, Sum: 0, Workers: 4
[24.431s][debug][gc,phases      ] GC(53)     Total                          Min: 0, Avg:  0.5, Max: 2, Diff: 2, Sum: 2, Workers: 4
[24.431s][debug][gc,phases      ] GC(53)   StringDedup Table Weak         Min:  0.0, Avg:  0.0, Max:  0.0, Diff:  0.0, Sum:  0.0, Workers: 4
[24.431s][debug][gc,phases      ] GC(53)     Dead                           Min: 0, Avg:  0.0, Max: 0, Diff: 0, Sum: 0, Workers: 4
[24.431s][debug][gc,phases      ] GC(53)     Total                          Min: 0, Avg:  0.0, Max: 0, Diff: 0, Sum: 0, Workers: 4
[24.431s][debug][gc,phases      ] GC(53)   StringDedup Requests0 Weak     Min:  0.0, Avg:  0.0, Max:  0.0, Diff:  0.0, Sum:  0.0, Workers: 4
[24.431s][debug][gc,phases      ] GC(53)     Dead                           Min: 0, Avg:  0.0, Max: 0, Diff: 0, Sum: 0, Workers: 4
[24.431s][debug][gc,phases      ] GC(53)     Total                          Min: 0, Avg:  0.0, Max: 0, Diff: 0, Sum: 0, Workers: 4
[24.431s][debug][gc,phases      ] GC(53)   StringDedup Requests1 Weak     Min:  0.0, Avg:  0.0, Max:  0.0, Diff:  0.0, Sum:  0.0, Workers: 4
[24.431s][debug][gc,phases      ] GC(53)     Dead                           Min: 0, Avg:  0.0, Max: 0, Diff: 0, Sum: 0, Workers: 4
[24.431s][debug][gc,phases      ] GC(53)     Total                          Min: 0, Avg:  0.0, Max: 0, Diff: 0, Sum: 0, Workers: 4
[24.431s][debug][gc,phases      ] GC(53)   Weak JFR Old Object Samples    Min:  0.0, Avg:  0.0, Max:  0.0, Diff:  0.0, Sum:  0.0, Workers: 4
[24.431s][debug][gc,phases      ] GC(53)     Dead                           Min: 0, Avg:  0.0, Max: 0, Diff: 0, Sum: 0, Workers: 4
[24.431s][debug][gc,phases      ] GC(53)     Total                          Min: 0, Avg:  0.0, Max: 0, Diff: 0, Sum: 0, Workers: 4
[24.431s][debug][gc,phases      ] GC(53) Weak Processing 0.321ms
[24.431s][debug][gc,age         ] GC(53) Desired survivor size 421003264 bytes, new threshold 15 (max threshold 15)
[24.431s][info ][gc,heap        ] GC(53) PSYoungGen: 1297056K(1671680K)->68760K(1659392K) Eden: 1233920K(1233920K)->0K(1233920K) From: 63136K(437760K)->68760K(425472K)
[24.431s][info ][gc,heap        ] GC(53) ParOldGen: 458966K(584192K)->459918K(584192K)
[24.431s][info ][gc,metaspace   ] GC(53) Metaspace: 67920K(68736K)->67920K(68736K) NonClass: 58058K(58496K)->58058K(58496K) Class: 9862K(10240K)->9862K(10240K)
[24.431s][info ][gc             ] GC(53) Pause Young (Allocation Failure) 1714M->516M(2191M) 21.724ms
[24.431s][info ][gc,cpu         ] GC(53) User=0.08s Sys=0.00s Real=0.02s
[24.431s][info ][safepoint      ] Safepoint "ParallelGCFailedAllocation", Time since last: 260740317 ns, Reaching safepoint: 126603 ns, At safepoint: 21844663 ns, Total: 21971266 ns
[24.691s][info ][gc,start       ] GC(54) Pause Young (Allocation Failure)
[24.720s][debug][gc,phases      ] GC(54) Scavenge 28.276ms
[24.720s][debug][gc,ref         ] GC(54) Skipped phase 1 of Reference Processing: no references
[24.720s][debug][gc,ref         ] GC(54) ReferenceProcessor::execute queues: 1, RefProcThreadModel::Single, marks_oops_alive: false
[24.720s][debug][gc,ref         ] GC(54) Skipped phase 3 of Reference Processing: no references
[24.720s][debug][gc,ref         ] GC(54) Skipped phase 4 of Reference Processing: no references
[24.720s][debug][gc,phases      ] GC(54) Reference Processing 0.122ms
[24.720s][debug][gc,phases      ] GC(54)   VM Weak                        Min:  0.0, Avg:  0.0, Max:  0.0, Diff:  0.0, Sum:  0.0, Workers: 4
[24.720s][debug][gc,phases      ] GC(54)     Dead                           Min: 0, Avg:  0.0, Max: 0, Diff: 0, Sum: 0, Workers: 4
[24.720s][debug][gc,phases      ] GC(54)     Total                          Min: 0, Avg: 147.5, Max: 384, Diff: 384, Sum: 590, Workers: 4
[24.720s][debug][gc,phases      ] GC(54)   ObjectSynchronizer Weak        Min:  0.0, Avg:  0.0, Max:  0.0, Diff:  0.0, Sum:  0.0, Workers: 4
[24.720s][debug][gc,phases      ] GC(54)     Dead                           Min: 0, Avg:  0.0, Max: 0, Diff: 0, Sum: 0, Workers: 4
[24.720s][debug][gc,phases      ] GC(54)     Total                          Min: 0, Avg: 96.8, Max: 195, Diff: 195, Sum: 387, Workers: 4
[24.720s][debug][gc,phases      ] GC(54)   JVMTI Tag Weak OopStorage      Min:  0.0, Avg:  0.0, Max:  0.0, Diff:  0.0, Sum:  0.0, Workers: 4
[24.720s][debug][gc,phases      ] GC(54)     Dead                           Min: 0, Avg:  0.0, Max: 0, Diff: 0, Sum: 0, Workers: 4
[24.720s][debug][gc,phases      ] GC(54)     Total                          Min: 0, Avg:  0.0, Max: 0, Diff: 0, Sum: 0, Workers: 4
[24.720s][debug][gc,phases      ] GC(54)   StringTable Weak               Min:  0.1, Avg:  0.1, Max:  0.1, Diff:  0.0, Sum:  0.4, Workers: 4
[24.720s][debug][gc,phases      ] GC(54)     Dead                           Min: 0, Avg:  2.8, Max: 9, Diff: 9, Sum: 11, Workers: 4
[24.720s][debug][gc,phases      ] GC(54)     Total                          Min: 10046, Avg: 10687.5, Max: 11264, Diff: 1218, Sum: 42750, Workers: 4
[24.720s][debug][gc,phases      ] GC(54)   ResolvedMethodTable Weak       Min:  0.0, Avg:  0.0, Max:  0.0, Diff:  0.0, Sum:  0.1, Workers: 4
[24.720s][debug][gc,phases      ] GC(54)     Dead                           Min: 0, Avg:  0.0, Max: 0, Diff: 0, Sum: 0, Workers: 4
[24.720s][debug][gc,phases      ] GC(54)     Total                          Min: 1471, Avg: 1735.0, Max: 1958, Diff: 487, Sum: 6940, Workers: 4
[24.720s][debug][gc,phases      ] GC(54)   JNI Weak                       Min:  0.0, Avg:  0.0, Max:  0.0, Diff:  0.0, Sum:  0.0, Workers: 4
[24.720s][debug][gc,phases      ] GC(54)     Dead                           Min: 0, Avg:  0.0, Max: 0, Diff: 0, Sum: 0, Workers: 4
[24.720s][debug][gc,phases      ] GC(54)     Total                          Min: 0, Avg:  1.0, Max: 4, Diff: 4, Sum: 4, Workers: 4
[24.720s][debug][gc,phases      ] GC(54)   StringDedup Table Weak         Min:  0.0, Avg:  0.0, Max:  0.0, Diff:  0.0, Sum:  0.0, Workers: 4
[24.720s][debug][gc,phases      ] GC(54)     Dead                           Min: 0, Avg:  0.0, Max: 0, Diff: 0, Sum: 0, Workers: 4
[24.720s][debug][gc,phases      ] GC(54)     Total                          Min: 0, Avg:  0.0, Max: 0, Diff: 0, Sum: 0, Workers: 4
[24.720s][debug][gc,phases      ] GC(54)   StringDedup Requests0 Weak     Min:  0.0, Avg:  0.0, Max:  0.0, Diff:  0.0, Sum:  0.0, Workers: 4
[24.720s][debug][gc,phases      ] GC(54)     Dead                           Min: 0, Avg:  0.0, Max: 0, Diff: 0, Sum: 0, Workers: 4
[24.720s][debug][gc,phases      ] GC(54)     Total                          Min: 0, Avg:  0.0, Max: 0, Diff: 0, Sum: 0, Workers: 4
[24.720s][debug][gc,phases      ] GC(54)   StringDedup Requests1 Weak     Min:  0.0, Avg:  0.0, Max:  0.0, Diff:  0.0, Sum:  0.0, Workers: 4
[24.720s][debug][gc,phases      ] GC(54)     Dead                           Min: 0, Avg:  0.0, Max: 0, Diff: 0, Sum: 0, Workers: 4
[24.720s][debug][gc,phases      ] GC(54)     Total                          Min: 0, Avg:  0.0, Max: 0, Diff: 0, Sum: 0, Workers: 4
[24.720s][debug][gc,phases      ] GC(54)   Weak JFR Old Object Samples    Min:  0.0, Avg:  0.0, Max:  0.0, Diff:  0.0, Sum:  0.0, Workers: 4
[24.720s][debug][gc,phases      ] GC(54)     Dead                           Min: 0, Avg:  0.0, Max: 0, Diff: 0, Sum: 0, Workers: 4
[24.720s][debug][gc,phases      ] GC(54)     Total                          Min: 0, Avg:  0.0, Max: 0, Diff: 0, Sum: 0, Workers: 4
[24.720s][debug][gc,phases      ] GC(54) Weak Processing 0.318ms
[24.720s][debug][gc,age         ] GC(54) Desired survivor size 404750336 bytes, new threshold 15 (max threshold 15)
[24.720s][info ][gc,heap        ] GC(54) PSYoungGen: 1302680K(1659392K)->71384K(1701888K) Eden: 1233920K(1233920K)->0K(1290752K) From: 68760K(425472K)->71384K(411136K)
[24.720s][info ][gc,heap        ] GC(54) ParOldGen: 459918K(584192K)->461854K(584192K)
[24.720s][info ][gc,metaspace   ] GC(54) Metaspace: 68039K(68800K)->68039K(68800K) NonClass: 58163K(58560K)->58163K(58560K) Class: 9876K(10240K)->9876K(10240K)
[24.720s][info ][gc             ] GC(54) Pause Young (Allocation Failure) 1721M->520M(2232M) 28.862ms
[24.720s][info ][gc,cpu         ] GC(54) User=0.13s Sys=0.00s Real=0.03s
[24.720s][info ][safepoint      ] Safepoint "ParallelGCFailedAllocation", Time since last: 259717890 ns, Reaching safepoint: 225706 ns, At safepoint: 28979446 ns, Total: 29205152 ns
[25.031s][info ][gc,start       ] GC(55) Pause Young (Allocation Failure)
[25.061s][debug][gc,phases      ] GC(55) Scavenge 29.716ms
[25.061s][debug][gc,ref         ] GC(55) Skipped phase 1 of Reference Processing: no references
[25.061s][debug][gc,ref         ] GC(55) ReferenceProcessor::execute queues: 1, RefProcThreadModel::Single, marks_oops_alive: false
[25.061s][debug][gc,ref         ] GC(55) Skipped phase 3 of Reference Processing: no references
[25.061s][debug][gc,ref         ] GC(55) Skipped phase 4 of Reference Processing: no references
[25.061s][debug][gc,phases      ] GC(55) Reference Processing 0.122ms
[25.061s][debug][gc,phases      ] GC(55)   VM Weak                        Min:  0.0, Avg:  0.0, Max:  0.0, Diff:  0.0, Sum:  0.0, Workers: 4
[25.061s][debug][gc,phases      ] GC(55)     Dead                           Min: 0, Avg:  0.0, Max: 0, Diff: 0, Sum: 0, Workers: 4
[25.061s][debug][gc,phases      ] GC(55)     Total                          Min: 0, Avg: 147.5, Max: 320, Diff: 320, Sum: 590, Workers: 4
[25.061s][debug][gc,phases      ] GC(55)   ObjectSynchronizer Weak        Min:  0.0, Avg:  0.0, Max:  0.0, Diff:  0.0, Sum:  0.0, Workers: 4
[25.061s][debug][gc,phases      ] GC(55)     Dead                           Min: 0, Avg:  0.0, Max: 0, Diff: 0, Sum: 0, Workers: 4
[25.061s][debug][gc,phases      ] GC(55)     Total                          Min: 0, Avg: 96.8, Max: 195, Diff: 195, Sum: 387, Workers: 4
[25.061s][debug][gc,phases      ] GC(55)   JVMTI Tag Weak OopStorage      Min:  0.0, Avg:  0.0, Max:  0.0, Diff:  0.0, Sum:  0.0, Workers: 4
[25.061s][debug][gc,phases      ] GC(55)     Dead                           Min: 0, Avg:  0.0, Max: 0, Diff: 0, Sum: 0, Workers: 4
[25.061s][debug][gc,phases      ] GC(55)     Total                          Min: 0, Avg:  0.0, Max: 0, Diff: 0, Sum: 0, Workers: 4
[25.061s][debug][gc,phases      ] GC(55)   StringTable Weak               Min:  0.1, Avg:  0.1, Max:  0.1, Diff:  0.0, Sum:  0.4, Workers: 4
[25.061s][debug][gc,phases      ] GC(55)     Dead                           Min: 0, Avg:  0.0, Max: 0, Diff: 0, Sum: 0, Workers: 4
[25.061s][debug][gc,phases      ] GC(55)     Total                          Min: 10176, Avg: 10688.0, Max: 11456, Diff: 1280, Sum: 42752, Workers: 4
[25.061s][debug][gc,phases      ] GC(55)   ResolvedMethodTable Weak       Min:  0.0, Avg:  0.0, Max:  0.0, Diff:  0.0, Sum:  0.1, Workers: 4
[25.061s][debug][gc,phases      ] GC(55)     Dead                           Min: 0, Avg:  0.0, Max: 0, Diff: 0, Sum: 0, Workers: 4
[25.061s][debug][gc,phases      ] GC(55)     Total                          Min: 1471, Avg: 1735.0, Max: 1982, Diff: 511, Sum: 6940, Workers: 4
[25.061s][debug][gc,phases      ] GC(55)   JNI Weak                       Min:  0.0, Avg:  0.0, Max:  0.0, Diff:  0.0, Sum:  0.0, Workers: 4
[25.061s][debug][gc,phases      ] GC(55)     Dead                           Min: 0, Avg:  0.0, Max: 0, Diff: 0, Sum: 0, Workers: 4
[25.061s][debug][gc,phases      ] GC(55)     Total                          Min: 0, Avg:  0.8, Max: 3, Diff: 3, Sum: 3, Workers: 4
[25.061s][debug][gc,phases      ] GC(55)   StringDedup Table Weak         Min:  0.0, Avg:  0.0, Max:  0.0, Diff:  0.0, Sum:  0.0, Workers: 4
[25.061s][debug][gc,phases      ] GC(55)     Dead                           Min: 0, Avg:  0.0, Max: 0, Diff: 0, Sum: 0, Workers: 4
[25.061s][debug][gc,phases      ] GC(55)     Total                          Min: 0, Avg:  0.0, Max: 0, Diff: 0, Sum: 0, Workers: 4
[25.061s][debug][gc,phases      ] GC(55)   StringDedup Requests0 Weak     Min:  0.0, Avg:  0.0, Max:  0.0, Diff:  0.0, Sum:  0.0, Workers: 4
[25.061s][debug][gc,phases      ] GC(55)     Dead                           Min: 0, Avg:  0.0, Max: 0, Diff: 0, Sum: 0, Workers: 4
[25.061s][debug][gc,phases      ] GC(55)     Total                          Min: 0, Avg:  0.0, Max: 0, Diff: 0, Sum: 0, Workers: 4
[25.061s][debug][gc,phases      ] GC(55)   StringDedup Requests1 Weak     Min:  0.0, Avg:  0.0, Max:  0.0, Diff:  0.0, Sum:  0.0, Workers: 4
[25.061s][debug][gc,phases      ] GC(55)     Dead                           Min: 0, Avg:  0.0, Max: 0, Diff: 0, Sum: 0, Workers: 4
[25.061s][debug][gc,phases      ] GC(55)     Total                          Min: 0, Avg:  0.0, Max: 0, Diff: 0, Sum: 0, Workers: 4
[25.061s][debug][gc,phases      ] GC(55)   Weak JFR Old Object Samples    Min:  0.0, Avg:  0.0, Max:  0.0, Diff:  0.0, Sum:  0.0, Workers: 4
[25.061s][debug][gc,phases      ] GC(55)     Dead                           Min: 0, Avg:  0.0, Max: 0, Diff: 0, Sum: 0, Workers: 4
[25.061s][debug][gc,phases      ] GC(55)     Total                          Min: 0, Avg:  0.0, Max: 0, Diff: 0, Sum: 0, Workers: 4
[25.061s][debug][gc,phases      ] GC(55) Weak Processing 0.322ms
[25.061s][debug][gc,age         ] GC(55) Desired survivor size 387973120 bytes, new threshold 15 (max threshold 15)
[25.061s][info ][gc,heap        ] GC(55) PSYoungGen: 1362136K(1701888K)->74832K(1686016K) Eden: 1290752K(1290752K)->0K(1290752K) From: 71384K(411136K)->74832K(395264K)
[25.061s][info ][gc,heap        ] GC(55) ParOldGen: 461854K(584192K)->464478K(584192K)
[25.061s][info ][gc,metaspace   ] GC(55) Metaspace: 68045K(68800K)->68045K(68800K) NonClass: 58169K(58560K)->58169K(58560K) Class: 9876K(10240K)->9876K(10240K)
[25.061s][info ][gc             ] GC(55) Pause Young (Allocation Failure) 1781M->526M(2217M) 30.296ms
[25.061s][info ][gc,cpu         ] GC(55) User=0.11s Sys=0.00s Real=0.03s
[25.061s][info ][safepoint      ] Safepoint "ParallelGCFailedAllocation", Time since last: 310234391 ns, Reaching safepoint: 149304 ns, At safepoint: 30412684 ns, Total: 30561988 ns
[25.357s][info ][gc,start       ] GC(56) Pause Young (Allocation Failure)
[25.392s][debug][gc,phases      ] GC(56) Scavenge 34.556ms
[25.392s][debug][gc,ref         ] GC(56) Skipped phase 1 of Reference Processing: no references
[25.392s][debug][gc,ref         ] GC(56) ReferenceProcessor::execute queues: 1, RefProcThreadModel::Single, marks_oops_alive: false
[25.392s][debug][gc,ref         ] GC(56) Skipped phase 3 of Reference Processing: no references
[25.392s][debug][gc,ref         ] GC(56) Skipped phase 4 of Reference Processing: no references
[25.392s][debug][gc,phases      ] GC(56) Reference Processing 0.147ms
[25.392s][debug][gc,phases      ] GC(56)   VM Weak                        Min:  0.0, Avg:  0.0, Max:  0.0, Diff:  0.0, Sum:  0.0, Workers: 4
[25.392s][debug][gc,phases      ] GC(56)     Dead                           Min: 0, Avg:  0.0, Max: 0, Diff: 0, Sum: 0, Workers: 4
[25.392s][debug][gc,phases      ] GC(56)     Total                          Min: 0, Avg: 147.5, Max: 526, Diff: 526, Sum: 590, Workers: 4
[25.392s][debug][gc,phases      ] GC(56)   ObjectSynchronizer Weak        Min:  0.0, Avg:  0.0, Max:  0.0, Diff:  0.0, Sum:  0.0, Workers: 4
[25.392s][debug][gc,phases      ] GC(56)     Dead                           Min: 0, Avg:  0.0, Max: 0, Diff: 0, Sum: 0, Workers: 4
[25.392s][debug][gc,phases      ] GC(56)     Total                          Min: 0, Avg: 96.8, Max: 259, Diff: 259, Sum: 387, Workers: 4
[25.392s][debug][gc,phases      ] GC(56)   JVMTI Tag Weak OopStorage      Min:  0.0, Avg:  0.0, Max:  0.0, Diff:  0.0, Sum:  0.0, Workers: 4
[25.392s][debug][gc,phases      ] GC(56)     Dead                           Min: 0, Avg:  0.0, Max: 0, Diff: 0, Sum: 0, Workers: 4
[25.392s][debug][gc,phases      ] GC(56)     Total                          Min: 0, Avg:  0.0, Max: 0, Diff: 0, Sum: 0, Workers: 4
[25.392s][debug][gc,phases      ] GC(56)   StringTable Weak               Min:  0.1, Avg:  0.1, Max:  0.1, Diff:  0.0, Sum:  0.5, Workers: 4
[25.392s][debug][gc,phases      ] GC(56)     Dead                           Min: 0, Avg:  2.8, Max: 11, Diff: 11, Sum: 11, Workers: 4
[25.392s][debug][gc,phases      ] GC(56)     Total                          Min: 9792, Avg: 10693.0, Max: 11037, Diff: 1245, Sum: 42772, Workers: 4
[25.392s][debug][gc,phases      ] GC(56)   ResolvedMethodTable Weak       Min:  0.0, Avg:  0.0, Max:  0.0, Diff:  0.0, Sum:  0.1, Workers: 4
[25.392s][debug][gc,phases      ] GC(56)     Dead                           Min: 0, Avg:  0.0, Max: 0, Diff: 0, Sum: 0, Workers: 4
[25.392s][debug][gc,phases      ] GC(56)     Total                          Min: 1663, Avg: 1735.0, Max: 1790, Diff: 127, Sum: 6940, Workers: 4
[25.392s][debug][gc,phases      ] GC(56)   JNI Weak                       Min:  0.0, Avg:  0.0, Max:  0.0, Diff:  0.0, Sum:  0.0, Workers: 4
[25.392s][debug][gc,phases      ] GC(56)     Dead                           Min: 0, Avg:  0.0, Max: 0, Diff: 0, Sum: 0, Workers: 4
[25.392s][debug][gc,phases      ] GC(56)     Total                          Min: 0, Avg:  0.5, Max: 2, Diff: 2, Sum: 2, Workers: 4
[25.392s][debug][gc,phases      ] GC(56)   StringDedup Table Weak         Min:  0.0, Avg:  0.0, Max:  0.0, Diff:  0.0, Sum:  0.0, Workers: 4
[25.392s][debug][gc,phases      ] GC(56)     Dead                           Min: 0, Avg:  0.0, Max: 0, Diff: 0, Sum: 0, Workers: 4
[25.392s][debug][gc,phases      ] GC(56)     Total                          Min: 0, Avg:  0.0, Max: 0, Diff: 0, Sum: 0, Workers: 4
[25.392s][debug][gc,phases      ] GC(56)   StringDedup Requests0 Weak     Min:  0.0, Avg:  0.0, Max:  0.0, Diff:  0.0, Sum:  0.0, Workers: 4
[25.392s][debug][gc,phases      ] GC(56)     Dead                           Min: 0, Avg:  0.0, Max: 0, Diff: 0, Sum: 0, Workers: 4
[25.392s][debug][gc,phases      ] GC(56)     Total                          Min: 0, Avg:  0.0, Max: 0, Diff: 0, Sum: 0, Workers: 4
[25.392s][debug][gc,phases      ] GC(56)   StringDedup Requests1 Weak     Min:  0.0, Avg:  0.0, Max:  0.0, Diff:  0.0, Sum:  0.0, Workers: 4
[25.392s][debug][gc,phases      ] GC(56)     Dead                           Min: 0, Avg:  0.0, Max: 0, Diff: 0, Sum: 0, Workers: 4
[25.392s][debug][gc,phases      ] GC(56)     Total                          Min: 0, Avg:  0.0, Max: 0, Diff: 0, Sum: 0, Workers: 4
[25.392s][debug][gc,phases      ] GC(56)   Weak JFR Old Object Samples    Min:  0.0, Avg:  0.0, Max:  0.0, Diff:  0.0, Sum:  0.0, Workers: 4
[25.392s][debug][gc,phases      ] GC(56)     Dead                           Min: 0, Avg:  0.0, Max: 0, Diff: 0, Sum: 0, Workers: 4
[25.392s][debug][gc,phases      ] GC(56)     Total                          Min: 0, Avg:  0.0, Max: 0, Diff: 0, Sum: 0, Workers: 4
[25.392s][debug][gc,phases      ] GC(56) Weak Processing 0.398ms
[25.392s][debug][gc,age         ] GC(56) Desired survivor size 370147328 bytes, new threshold 15 (max threshold 15)
[25.392s][info ][gc,heap        ] GC(56) PSYoungGen: 1365584K(1686016K)->80272K(1735680K) Eden: 1290752K(1290752K)->0K(1356800K) From: 74832K(395264K)->80272K(378880K)
[25.392s][info ][gc,heap        ] GC(56) ParOldGen: 464478K(584192K)->467622K(584192K)
[25.392s][info ][gc,metaspace   ] GC(56) Metaspace: 68054K(68800K)->68054K(68800K) NonClass: 58178K(58560K)->58178K(58560K) Class: 9876K(10240K)->9876K(10240K)
[25.392s][info ][gc             ] GC(56) Pause Young (Allocation Failure) 1787M->535M(2265M) 35.255ms
[25.392s][info ][gc,cpu         ] GC(56) User=0.12s Sys=0.00s Real=0.03s
[25.392s][info ][safepoint      ] Safepoint "ParallelGCFailedAllocation", Time since last: 295660215 ns, Reaching safepoint: 135004 ns, At safepoint: 35376411 ns, Total: 35511415 ns
[25.656s][info ][gc,start       ] GC(57) Pause Young (Allocation Failure)
[25.691s][debug][gc,phases      ] GC(57) Scavenge 34.287ms
[25.691s][debug][gc,ref         ] GC(57) Skipped phase 1 of Reference Processing: no references
[25.691s][debug][gc,ref         ] GC(57) ReferenceProcessor::execute queues: 1, RefProcThreadModel::Single, marks_oops_alive: false
[25.691s][debug][gc,ref         ] GC(57) Skipped phase 3 of Reference Processing: no references
[25.691s][debug][gc,ref         ] GC(57) Skipped phase 4 of Reference Processing: no references
[25.691s][debug][gc,phases      ] GC(57) Reference Processing 0.119ms
[25.691s][debug][gc,phases      ] GC(57)   VM Weak                        Min:  0.0, Avg:  0.0, Max:  0.0, Diff:  0.0, Sum:  0.0, Workers: 4
[25.691s][debug][gc,phases      ] GC(57)     Dead                           Min: 0, Avg:  0.0, Max: 0, Diff: 0, Sum: 0, Workers: 4
[25.691s][debug][gc,phases      ] GC(57)     Total                          Min: 0, Avg: 147.5, Max: 526, Diff: 526, Sum: 590, Workers: 4
[25.691s][debug][gc,phases      ] GC(57)   ObjectSynchronizer Weak        Min:  0.0, Avg:  0.0, Max:  0.0, Diff:  0.0, Sum:  0.0, Workers: 4
[25.691s][debug][gc,phases      ] GC(57)     Dead                           Min: 0, Avg:  0.0, Max: 0, Diff: 0, Sum: 0, Workers: 4
[25.691s][debug][gc,phases      ] GC(57)     Total                          Min: 0, Avg: 96.8, Max: 131, Diff: 131, Sum: 387, Workers: 4
[25.691s][debug][gc,phases      ] GC(57)   JVMTI Tag Weak OopStorage      Min:  0.0, Avg:  0.0, Max:  0.0, Diff:  0.0, Sum:  0.0, Workers: 4
[25.691s][debug][gc,phases      ] GC(57)     Dead                           Min: 0, Avg:  0.0, Max: 0, Diff: 0, Sum: 0, Workers: 4
[25.691s][debug][gc,phases      ] GC(57)     Total                          Min: 0, Avg:  0.0, Max: 0, Diff: 0, Sum: 0, Workers: 4
[25.691s][debug][gc,phases      ] GC(57)   StringTable Weak               Min:  0.1, Avg:  0.1, Max:  0.1, Diff:  0.0, Sum:  0.4, Workers: 4
[25.691s][debug][gc,phases      ] GC(57)     Dead                           Min: 0, Avg:  0.0, Max: 0, Diff: 0, Sum: 0, Workers: 4
[25.691s][debug][gc,phases      ] GC(57)     Total                          Min: 10048, Avg: 10699.5, Max: 11383, Diff: 1335, Sum: 42798, Workers: 4
[25.691s][debug][gc,phases      ] GC(57)   ResolvedMethodTable Weak       Min:  0.0, Avg:  0.0, Max:  0.0, Diff:  0.0, Sum:  0.1, Workers: 4
[25.691s][debug][gc,phases      ] GC(57)     Dead                           Min: 0, Avg:  0.0, Max: 0, Diff: 0, Sum: 0, Workers: 4
[25.691s][debug][gc,phases      ] GC(57)     Total                          Min: 1472, Avg: 1735.0, Max: 1974, Diff: 502, Sum: 6940, Workers: 4
[25.691s][debug][gc,phases      ] GC(57)   JNI Weak                       Min:  0.0, Avg:  0.0, Max:  0.0, Diff:  0.0, Sum:  0.0, Workers: 4
[25.691s][debug][gc,phases      ] GC(57)     Dead                           Min: 0, Avg:  0.0, Max: 0, Diff: 0, Sum: 0, Workers: 4
[25.691s][debug][gc,phases      ] GC(57)     Total                          Min: 0, Avg:  1.8, Max: 7, Diff: 7, Sum: 7, Workers: 4
[25.691s][debug][gc,phases      ] GC(57)   StringDedup Table Weak         Min:  0.0, Avg:  0.0, Max:  0.0, Diff:  0.0, Sum:  0.0, Workers: 4
[25.691s][debug][gc,phases      ] GC(57)     Dead                           Min: 0, Avg:  0.0, Max: 0, Diff: 0, Sum: 0, Workers: 4
[25.691s][debug][gc,phases      ] GC(57)     Total                          Min: 0, Avg:  0.0, Max: 0, Diff: 0, Sum: 0, Workers: 4
[25.691s][debug][gc,phases      ] GC(57)   StringDedup Requests0 Weak     Min:  0.0, Avg:  0.0, Max:  0.0, Diff:  0.0, Sum:  0.0, Workers: 4
[25.691s][debug][gc,phases      ] GC(57)     Dead                           Min: 0, Avg:  0.0, Max: 0, Diff: 0, Sum: 0, Workers: 4
[25.691s][debug][gc,phases      ] GC(57)     Total                          Min: 0, Avg:  0.0, Max: 0, Diff: 0, Sum: 0, Workers: 4
[25.691s][debug][gc,phases      ] GC(57)   StringDedup Requests1 Weak     Min:  0.0, Avg:  0.0, Max:  0.0, Diff:  0.0, Sum:  0.0, Workers: 4
[25.691s][debug][gc,phases      ] GC(57)     Dead                           Min: 0, Avg:  0.0, Max: 0, Diff: 0, Sum: 0, Workers: 4
[25.691s][debug][gc,phases      ] GC(57)     Total                          Min: 0, Avg:  0.0, Max: 0, Diff: 0, Sum: 0, Workers: 4
[25.691s][debug][gc,phases      ] GC(57)   Weak JFR Old Object Samples    Min:  0.0, Avg:  0.0, Max:  0.0, Diff:  0.0, Sum:  0.0, Workers: 4
[25.691s][debug][gc,phases      ] GC(57)     Dead                           Min: 0, Avg:  0.0, Max: 0, Diff: 0, Sum: 0, Workers: 4
[25.691s][debug][gc,phases      ] GC(57)     Total                          Min: 0, Avg:  0.0, Max: 0, Diff: 0, Sum: 0, Workers: 4
[25.691s][debug][gc,phases      ] GC(57) Weak Processing 0.331ms
[25.691s][debug][gc,age         ] GC(57) Desired survivor size 351797248 bytes, new threshold 15 (max threshold 15)
[25.691s][info ][gc,heap        ] GC(57) PSYoungGen: 1437072K(1735680K)->86904K(1718272K) Eden: 1356800K(1356800K)->0K(1356800K) From: 80272K(378880K)->86904K(361472K)
[25.691s][info ][gc,heap        ] GC(57) ParOldGen: 467622K(584192K)->468270K(584192K)
[25.691s][info ][gc,metaspace   ] GC(57) Metaspace: 68060K(68800K)->68060K(68800K) NonClass: 58182K(58560K)->58182K(58560K) Class: 9877K(10240K)->9877K(10240K)
[25.691s][info ][gc             ] GC(57) Pause Young (Allocation Failure) 1860M->542M(2248M) 34.884ms
[25.691s][info ][gc,cpu         ] GC(57) User=0.16s Sys=0.00s Real=0.03s
[25.691s][info ][safepoint      ] Safepoint "ParallelGCFailedAllocation", Time since last: 263639891 ns, Reaching safepoint: 328408 ns, At safepoint: 35015602 ns, Total: 35344010 ns
[25.996s][info ][gc,start       ] GC(58) Pause Young (Allocation Failure)
[26.037s][debug][gc,phases      ] GC(58) Scavenge 41.285ms
[26.037s][debug][gc,ref         ] GC(58) Skipped phase 1 of Reference Processing: no references
[26.037s][debug][gc,ref         ] GC(58) ReferenceProcessor::execute queues: 1, RefProcThreadModel::Single, marks_oops_alive: false
[26.037s][debug][gc,ref         ] GC(58) Skipped phase 3 of Reference Processing: no references
[26.037s][debug][gc,ref         ] GC(58) Skipped phase 4 of Reference Processing: no references
[26.037s][debug][gc,phases      ] GC(58) Reference Processing 0.113ms
[26.038s][debug][gc,phases      ] GC(58)   VM Weak                        Min:  0.0, Avg:  0.0, Max:  0.0, Diff:  0.0, Sum:  0.0, Workers: 4
[26.038s][debug][gc,phases      ] GC(58)     Dead                           Min: 0, Avg:  0.0, Max: 0, Diff: 0, Sum: 0, Workers: 4
[26.038s][debug][gc,phases      ] GC(58)     Total                          Min: 0, Avg: 147.5, Max: 590, Diff: 590, Sum: 590, Workers: 4
[26.038s][debug][gc,phases      ] GC(58)   ObjectSynchronizer Weak        Min:  0.0, Avg:  0.0, Max:  0.0, Diff:  0.0, Sum:  0.0, Workers: 4
[26.038s][debug][gc,phases      ] GC(58)     Dead                           Min: 0, Avg:  0.0, Max: 0, Diff: 0, Sum: 0, Workers: 4
[26.038s][debug][gc,phases      ] GC(58)     Total                          Min: 0, Avg: 96.8, Max: 387, Diff: 387, Sum: 387, Workers: 4
[26.038s][debug][gc,phases      ] GC(58)   JVMTI Tag Weak OopStorage      Min:  0.0, Avg:  0.0, Max:  0.0, Diff:  0.0, Sum:  0.0, Workers: 4
[26.038s][debug][gc,phases      ] GC(58)     Dead                           Min: 0, Avg:  0.0, Max: 0, Diff: 0, Sum: 0, Workers: 4
[26.038s][debug][gc,phases      ] GC(58)     Total                          Min: 0, Avg:  0.0, Max: 0, Diff: 0, Sum: 0, Workers: 4
[26.038s][debug][gc,phases      ] GC(58)   StringTable Weak               Min:  0.1, Avg:  0.1, Max:  0.1, Diff:  0.0, Sum:  0.4, Workers: 4
[26.038s][debug][gc,phases      ] GC(58)     Dead                           Min: 0, Avg:  2.8, Max: 11, Diff: 11, Sum: 11, Workers: 4
[26.038s][debug][gc,phases      ] GC(58)     Total                          Min: 10104, Avg: 10700.2, Max: 11456, Diff: 1352, Sum: 42801, Workers: 4
[26.038s][debug][gc,phases      ] GC(58)   ResolvedMethodTable Weak       Min:  0.0, Avg:  0.0, Max:  0.0, Diff:  0.0, Sum:  0.1, Workers: 4
[26.038s][debug][gc,phases      ] GC(58)     Dead                           Min: 0, Avg:  0.0, Max: 0, Diff: 0, Sum: 0, Workers: 4
[26.038s][debug][gc,phases      ] GC(58)     Total                          Min: 1532, Avg: 1735.0, Max: 1982, Diff: 450, Sum: 6940, Workers: 4
[26.038s][debug][gc,phases      ] GC(58)   JNI Weak                       Min:  0.0, Avg:  0.0, Max:  0.0, Diff:  0.0, Sum:  0.0, Workers: 4
[26.038s][debug][gc,phases      ] GC(58)     Dead                           Min: 0, Avg:  0.0, Max: 0, Diff: 0, Sum: 0, Workers: 4
[26.038s][debug][gc,phases      ] GC(58)     Total                          Min: 0, Avg:  0.0, Max: 0, Diff: 0, Sum: 0, Workers: 4
[26.038s][debug][gc,phases      ] GC(58)   StringDedup Table Weak         Min:  0.0, Avg:  0.0, Max:  0.0, Diff:  0.0, Sum:  0.0, Workers: 4
[26.038s][debug][gc,phases      ] GC(58)     Dead                           Min: 0, Avg:  0.0, Max: 0, Diff: 0, Sum: 0, Workers: 4
[26.038s][debug][gc,phases      ] GC(58)     Total                          Min: 0, Avg:  0.0, Max: 0, Diff: 0, Sum: 0, Workers: 4
[26.038s][debug][gc,phases      ] GC(58)   StringDedup Requests0 Weak     Min:  0.0, Avg:  0.0, Max:  0.0, Diff:  0.0, Sum:  0.0, Workers: 4
[26.038s][debug][gc,phases      ] GC(58)     Dead                           Min: 0, Avg:  0.0, Max: 0, Diff: 0, Sum: 0, Workers: 4
[26.038s][debug][gc,phases      ] GC(58)     Total                          Min: 0, Avg:  0.0, Max: 0, Diff: 0, Sum: 0, Workers: 4
[26.038s][debug][gc,phases      ] GC(58)   StringDedup Requests1 Weak     Min:  0.0, Avg:  0.0, Max:  0.0, Diff:  0.0, Sum:  0.0, Workers: 4
[26.038s][debug][gc,phases      ] GC(58)     Dead                           Min: 0, Avg:  0.0, Max: 0, Diff: 0, Sum: 0, Workers: 4
[26.038s][debug][gc,phases      ] GC(58)     Total                          Min: 0, Avg:  0.0, Max: 0, Diff: 0, Sum: 0, Workers: 4
[26.038s][debug][gc,phases      ] GC(58)   Weak JFR Old Object Samples    Min:  0.0, Avg:  0.0, Max:  0.0, Diff:  0.0, Sum:  0.0, Workers: 4
[26.038s][debug][gc,phases      ] GC(58)     Dead                           Min: 0, Avg:  0.0, Max: 0, Diff: 0, Sum: 0, Workers: 4
[26.038s][debug][gc,phases      ] GC(58)     Total                          Min: 0, Avg:  0.0, Max: 0, Diff: 0, Sum: 0, Workers: 4
[26.038s][debug][gc,phases      ] GC(58) Weak Processing 0.322ms
[26.038s][debug][gc,age         ] GC(58) Desired survivor size 333447168 bytes, new threshold 15 (max threshold 15)
[26.038s][info ][gc,heap        ] GC(58) PSYoungGen: 1443704K(1718272K)->92720K(1771520K) Eden: 1356800K(1356800K)->0K(1427968K) From: 86904K(361472K)->92720K(343552K)
[26.038s][info ][gc,heap        ] GC(58) ParOldGen: 468270K(584192K)->472070K(584192K)
[26.038s][info ][gc,metaspace   ] GC(58) Metaspace: 68060K(68800K)->68060K(68800K) NonClass: 58182K(58560K)->58182K(58560K) Class: 9877K(10240K)->9877K(10240K)
[26.038s][info ][gc             ] GC(58) Pause Young (Allocation Failure) 1867M->551M(2300M) 41.861ms
[26.038s][info ][gc,cpu         ] GC(58) User=0.16s Sys=0.00s Real=0.04s
[26.038s][info ][safepoint      ] Safepoint "ParallelGCFailedAllocation", Time since last: 304138234 ns, Reaching safepoint: 487112 ns, At safepoint: 41976481 ns, Total: 42463593 ns
[26.294s][info ][gc,start       ] GC(59) Pause Young (Allocation Failure)
[26.335s][debug][gc,phases      ] GC(59) Scavenge 40.776ms
[26.335s][debug][gc,ref         ] GC(59) Skipped phase 1 of Reference Processing: no references
[26.335s][debug][gc,ref         ] GC(59) ReferenceProcessor::execute queues: 1, RefProcThreadModel::Single, marks_oops_alive: false
[26.335s][debug][gc,ref         ] GC(59) Skipped phase 3 of Reference Processing: no references
[26.335s][debug][gc,ref         ] GC(59) Skipped phase 4 of Reference Processing: no references
[26.335s][debug][gc,phases      ] GC(59) Reference Processing 0.110ms
[26.335s][debug][gc,phases      ] GC(59)   VM Weak                        Min:  0.0, Avg:  0.0, Max:  0.0, Diff:  0.0, Sum:  0.0, Workers: 4
[26.335s][debug][gc,phases      ] GC(59)     Dead                           Min: 0, Avg:  0.0, Max: 0, Diff: 0, Sum: 0, Workers: 4
[26.335s][debug][gc,phases      ] GC(59)     Total                          Min: 0, Avg: 147.5, Max: 320, Diff: 320, Sum: 590, Workers: 4
[26.335s][debug][gc,phases      ] GC(59)   ObjectSynchronizer Weak        Min:  0.0, Avg:  0.0, Max:  0.0, Diff:  0.0, Sum:  0.0, Workers: 4
[26.335s][debug][gc,phases      ] GC(59)     Dead                           Min: 0, Avg:  0.0, Max: 0, Diff: 0, Sum: 0, Workers: 4
[26.335s][debug][gc,phases      ] GC(59)     Total                          Min: 0, Avg: 96.8, Max: 131, Diff: 131, Sum: 387, Workers: 4
[26.335s][debug][gc,phases      ] GC(59)   JVMTI Tag Weak OopStorage      Min:  0.0, Avg:  0.0, Max:  0.0, Diff:  0.0, Sum:  0.0, Workers: 4
[26.335s][debug][gc,phases      ] GC(59)     Dead                           Min: 0, Avg:  0.0, Max: 0, Diff: 0, Sum: 0, Workers: 4
[26.335s][debug][gc,phases      ] GC(59)     Total                          Min: 0, Avg:  0.0, Max: 0, Diff: 0, Sum: 0, Workers: 4
[26.335s][debug][gc,phases      ] GC(59)   StringTable Weak               Min:  0.1, Avg:  0.1, Max:  0.1, Diff:  0.0, Sum:  0.4, Workers: 4
[26.335s][debug][gc,phases      ] GC(59)     Dead                           Min: 0, Avg:  2.8, Max: 8, Diff: 8, Sum: 11, Workers: 4
[26.335s][debug][gc,phases      ] GC(59)     Total                          Min: 9280, Avg: 10700.2, Max: 11840, Diff: 2560, Sum: 42801, Workers: 4
[26.335s][debug][gc,phases      ] GC(59)   ResolvedMethodTable Weak       Min:  0.0, Avg:  0.0, Max:  0.0, Diff:  0.0, Sum:  0.1, Workers: 4
[26.335s][debug][gc,phases      ] GC(59)     Dead                           Min: 0, Avg:  0.0, Max: 0, Diff: 0, Sum: 0, Workers: 4
[26.335s][debug][gc,phases      ] GC(59)     Total                          Min: 1663, Avg: 1735.0, Max: 1848, Diff: 185, Sum: 6940, Workers: 4
[26.335s][debug][gc,phases      ] GC(59)   JNI Weak                       Min:  0.0, Avg:  0.0, Max:  0.0, Diff:  0.0, Sum:  0.0, Workers: 4
[26.335s][debug][gc,phases      ] GC(59)     Dead                           Min: 0, Avg:  0.0, Max: 0, Diff: 0, Sum: 0, Workers: 4
[26.335s][debug][gc,phases      ] GC(59)     Total                          Min: 0, Avg:  0.0, Max: 0, Diff: 0, Sum: 0, Workers: 4
[26.335s][debug][gc,phases      ] GC(59)   StringDedup Table Weak         Min:  0.0, Avg:  0.0, Max:  0.0, Diff:  0.0, Sum:  0.0, Workers: 4
[26.335s][debug][gc,phases      ] GC(59)     Dead                           Min: 0, Avg:  0.0, Max: 0, Diff: 0, Sum: 0, Workers: 4
[26.335s][debug][gc,phases      ] GC(59)     Total                          Min: 0, Avg:  0.0, Max: 0, Diff: 0, Sum: 0, Workers: 4
[26.335s][debug][gc,phases      ] GC(59)   StringDedup Requests0 Weak     Min:  0.0, Avg:  0.0, Max:  0.0, Diff:  0.0, Sum:  0.0, Workers: 4
[26.335s][debug][gc,phases      ] GC(59)     Dead                           Min: 0, Avg:  0.0, Max: 0, Diff: 0, Sum: 0, Workers: 4
[26.335s][debug][gc,phases      ] GC(59)     Total                          Min: 0, Avg:  0.0, Max: 0, Diff: 0, Sum: 0, Workers: 4
[26.335s][debug][gc,phases      ] GC(59)   StringDedup Requests1 Weak     Min:  0.0, Avg:  0.0, Max:  0.0, Diff:  0.0, Sum:  0.0, Workers: 4
[26.335s][debug][gc,phases      ] GC(59)     Dead                           Min: 0, Avg:  0.0, Max: 0, Diff: 0, Sum: 0, Workers: 4
[26.335s][debug][gc,phases      ] GC(59)     Total                          Min: 0, Avg:  0.0, Max: 0, Diff: 0, Sum: 0, Workers: 4
[26.335s][debug][gc,phases      ] GC(59)   Weak JFR Old Object Samples    Min:  0.0, Avg:  0.0, Max:  0.0, Diff:  0.0, Sum:  0.0, Workers: 4
[26.335s][debug][gc,phases      ] GC(59)     Dead                           Min: 0, Avg:  0.0, Max: 0, Diff: 0, Sum: 0, Workers: 4
[26.335s][debug][gc,phases      ] GC(59)     Total                          Min: 0, Avg:  0.0, Max: 0, Diff: 0, Sum: 0, Workers: 4
[26.335s][debug][gc,phases      ] GC(59) Weak Processing 0.309ms
[26.335s][debug][gc,age         ] GC(59) Desired survivor size 315621376 bytes, new threshold 15 (max threshold 15)
[26.335s][info ][gc,heap        ] GC(59) PSYoungGen: 1520688K(1771520K)->95168K(1753600K) Eden: 1427968K(1427968K)->0K(1427968K) From: 92720K(343552K)->95168K(325632K)
[26.335s][info ][gc,heap        ] GC(59) ParOldGen: 472070K(584192K)->475326K(584192K)
[26.335s][info ][gc,metaspace   ] GC(59) Metaspace: 68067K(68800K)->68067K(68800K) NonClass: 58189K(58560K)->58189K(58560K) Class: 9877K(10240K)->9877K(10240K)
[26.335s][info ][gc             ] GC(59) Pause Young (Allocation Failure) 1946M->557M(2283M) 41.347ms
[26.335s][info ][gc,cpu         ] GC(59) User=0.15s Sys=0.00s Real=0.04s
[26.336s][info ][safepoint      ] Safepoint "ParallelGCFailedAllocation", Time since last: 256019094 ns, Reaching safepoint: 149204 ns, At safepoint: 41462168 ns, Total: 41611372 ns
[26.617s][info ][gc,start       ] GC(60) Pause Young (Allocation Failure)
[26.667s][debug][gc,phases      ] GC(60) Scavenge 49.725ms
[26.667s][debug][gc,ref         ] GC(60) Skipped phase 1 of Reference Processing: no references
[26.667s][debug][gc,ref         ] GC(60) ReferenceProcessor::execute queues: 1, RefProcThreadModel::Single, marks_oops_alive: false
[26.667s][debug][gc,ref         ] GC(60) Skipped phase 3 of Reference Processing: no references
[26.667s][debug][gc,ref         ] GC(60) Skipped phase 4 of Reference Processing: no references
[26.667s][debug][gc,phases      ] GC(60) Reference Processing 0.110ms
[26.667s][debug][gc,phases      ] GC(60)   VM Weak                        Min:  0.0, Avg:  0.0, Max:  0.0, Diff:  0.0, Sum:  0.0, Workers: 4
[26.667s][debug][gc,phases      ] GC(60)     Dead                           Min: 0, Avg:  0.0, Max: 0, Diff: 0, Sum: 0, Workers: 4
[26.667s][debug][gc,phases      ] GC(60)     Total                          Min: 0, Avg: 147.5, Max: 384, Diff: 384, Sum: 590, Workers: 4
[26.667s][debug][gc,phases      ] GC(60)   ObjectSynchronizer Weak        Min:  0.0, Avg:  0.0, Max:  0.0, Diff:  0.0, Sum:  0.0, Workers: 4
[26.667s][debug][gc,phases      ] GC(60)     Dead                           Min: 0, Avg:  0.0, Max: 0, Diff: 0, Sum: 0, Workers: 4
[26.667s][debug][gc,phases      ] GC(60)     Total                          Min: 0, Avg: 96.8, Max: 192, Diff: 192, Sum: 387, Workers: 4
[26.667s][debug][gc,phases      ] GC(60)   JVMTI Tag Weak OopStorage      Min:  0.0, Avg:  0.0, Max:  0.0, Diff:  0.0, Sum:  0.0, Workers: 4
[26.667s][debug][gc,phases      ] GC(60)     Dead                           Min: 0, Avg:  0.0, Max: 0, Diff: 0, Sum: 0, Workers: 4
[26.667s][debug][gc,phases      ] GC(60)     Total                          Min: 0, Avg:  0.0, Max: 0, Diff: 0, Sum: 0, Workers: 4
[26.667s][debug][gc,phases      ] GC(60)   StringTable Weak               Min:  0.1, Avg:  0.1, Max:  0.1, Diff:  0.0, Sum:  0.4, Workers: 4
[26.667s][debug][gc,phases      ] GC(60)     Dead                           Min: 0, Avg:  0.0, Max: 0, Diff: 0, Sum: 0, Workers: 4
[26.667s][debug][gc,phases      ] GC(60)     Total                          Min: 9984, Avg: 10700.5, Max: 11968, Diff: 1984, Sum: 42802, Workers: 4
[26.667s][debug][gc,phases      ] GC(60)   ResolvedMethodTable Weak       Min:  0.0, Avg:  0.0, Max:  0.0, Diff:  0.0, Sum:  0.1, Workers: 4
[26.667s][debug][gc,phases      ] GC(60)     Dead                           Min: 0, Avg:  0.0, Max: 0, Diff: 0, Sum: 0, Workers: 4
[26.667s][debug][gc,phases      ] GC(60)     Total                          Min: 1655, Avg: 1735.0, Max: 1832, Diff: 177, Sum: 6940, Workers: 4
[26.667s][debug][gc,phases      ] GC(60)   JNI Weak                       Min:  0.0, Avg:  0.0, Max:  0.0, Diff:  0.0, Sum:  0.0, Workers: 4
[26.667s][debug][gc,phases      ] GC(60)     Dead                           Min: 0, Avg:  0.0, Max: 0, Diff: 0, Sum: 0, Workers: 4
[26.667s][debug][gc,phases      ] GC(60)     Total                          Min: 0, Avg:  0.2, Max: 1, Diff: 1, Sum: 1, Workers: 4
[26.667s][debug][gc,phases      ] GC(60)   StringDedup Table Weak         Min:  0.0, Avg:  0.0, Max:  0.0, Diff:  0.0, Sum:  0.0, Workers: 4
[26.667s][debug][gc,phases      ] GC(60)     Dead                           Min: 0, Avg:  0.0, Max: 0, Diff: 0, Sum: 0, Workers: 4
[26.667s][debug][gc,phases      ] GC(60)     Total                          Min: 0, Avg:  0.0, Max: 0, Diff: 0, Sum: 0, Workers: 4
[26.667s][debug][gc,phases      ] GC(60)   StringDedup Requests0 Weak     Min:  0.0, Avg:  0.0, Max:  0.0, Diff:  0.0, Sum:  0.0, Workers: 4
[26.667s][debug][gc,phases      ] GC(60)     Dead                           Min: 0, Avg:  0.0, Max: 0, Diff: 0, Sum: 0, Workers: 4
[26.667s][debug][gc,phases      ] GC(60)     Total                          Min: 0, Avg:  0.0, Max: 0, Diff: 0, Sum: 0, Workers: 4
[26.667s][debug][gc,phases      ] GC(60)   StringDedup Requests1 Weak     Min:  0.0, Avg:  0.0, Max:  0.0, Diff:  0.0, Sum:  0.0, Workers: 4
[26.667s][debug][gc,phases      ] GC(60)     Dead                           Min: 0, Avg:  0.0, Max: 0, Diff: 0, Sum: 0, Workers: 4
[26.667s][debug][gc,phases      ] GC(60)     Total                          Min: 0, Avg:  0.0, Max: 0, Diff: 0, Sum: 0, Workers: 4
[26.667s][debug][gc,phases      ] GC(60)   Weak JFR Old Object Samples    Min:  0.0, Avg:  0.0, Max:  0.0, Diff:  0.0, Sum:  0.0, Workers: 4
[26.667s][debug][gc,phases      ] GC(60)     Dead                           Min: 0, Avg:  0.0, Max: 0, Diff: 0, Sum: 0, Workers: 4
[26.667s][debug][gc,phases      ] GC(60)     Total                          Min: 0, Avg:  0.0, Max: 0, Diff: 0, Sum: 0, Workers: 4
[26.667s][debug][gc,phases      ] GC(60) Weak Processing 0.300ms
[26.667s][debug][gc,age         ] GC(60) Desired survivor size 298844160 bytes, new threshold 15 (max threshold 15)
[26.667s][info ][gc,heap        ] GC(60) PSYoungGen: 1523136K(1753600K)->96800K(1805312K) Eden: 1427968K(1427968K)->0K(1497088K) From: 95168K(325632K)->96800K(308224K)
[26.667s][info ][gc,heap        ] GC(60) ParOldGen: 475326K(584192K)->479294K(584192K)
[26.667s][info ][gc,metaspace   ] GC(60) Metaspace: 68071K(68800K)->68071K(68800K) NonClass: 58193K(58560K)->58193K(58560K) Class: 9878K(10240K)->9878K(10240K)
[26.667s][info ][gc             ] GC(60) Pause Young (Allocation Failure) 1951M->562M(2333M) 50.257ms
[26.667s][info ][gc,cpu         ] GC(60) User=0.18s Sys=0.00s Real=0.04s
[26.667s][info ][safepoint      ] Safepoint "ParallelGCFailedAllocation", Time since last: 281044539 ns, Reaching safepoint: 139503 ns, At safepoint: 50359497 ns, Total: 50499000 ns
[26.956s][info ][gc,start       ] GC(61) Pause Young (Allocation Failure)
[26.995s][debug][gc,phases      ] GC(61) Scavenge 39.042ms
[26.995s][debug][gc,ref         ] GC(61) Skipped phase 1 of Reference Processing: no references
[26.995s][debug][gc,ref         ] GC(61) ReferenceProcessor::execute queues: 1, RefProcThreadModel::Single, marks_oops_alive: false
[26.995s][debug][gc,ref         ] GC(61) Skipped phase 3 of Reference Processing: no references
[26.995s][debug][gc,ref         ] GC(61) ReferenceProcessor::execute queues: 1, RefProcThreadModel::Single, marks_oops_alive: false
[26.995s][debug][gc,phases      ] GC(61) Reference Processing 0.117ms
[26.996s][debug][gc,phases      ] GC(61)   VM Weak                        Min:  0.0, Avg:  0.0, Max:  0.0, Diff:  0.0, Sum:  0.0, Workers: 4
[26.996s][debug][gc,phases      ] GC(61)     Dead                           Min: 0, Avg:  0.0, Max: 0, Diff: 0, Sum: 0, Workers: 4
[26.996s][debug][gc,phases      ] GC(61)     Total                          Min: 0, Avg: 147.5, Max: 398, Diff: 398, Sum: 590, Workers: 4
[26.996s][debug][gc,phases      ] GC(61)   ObjectSynchronizer Weak        Min:  0.0, Avg:  0.0, Max:  0.0, Diff:  0.0, Sum:  0.0, Workers: 4
[26.996s][debug][gc,phases      ] GC(61)     Dead                           Min: 0, Avg:  0.0, Max: 0, Diff: 0, Sum: 0, Workers: 4
[26.996s][debug][gc,phases      ] GC(61)     Total                          Min: 0, Avg: 96.8, Max: 195, Diff: 195, Sum: 387, Workers: 4
[26.996s][debug][gc,phases      ] GC(61)   JVMTI Tag Weak OopStorage      Min:  0.0, Avg:  0.0, Max:  0.0, Diff:  0.0, Sum:  0.0, Workers: 4
[26.996s][debug][gc,phases      ] GC(61)     Dead                           Min: 0, Avg:  0.0, Max: 0, Diff: 0, Sum: 0, Workers: 4
[26.996s][debug][gc,phases      ] GC(61)     Total                          Min: 0, Avg:  0.0, Max: 0, Diff: 0, Sum: 0, Workers: 4
[26.996s][debug][gc,phases      ] GC(61)   StringTable Weak               Min:  0.1, Avg:  0.1, Max:  0.1, Diff:  0.0, Sum:  0.4, Workers: 4
[26.996s][debug][gc,phases      ] GC(61)     Dead                           Min: 0, Avg:  2.8, Max: 11, Diff: 11, Sum: 11, Workers: 4
[26.996s][debug][gc,phases      ] GC(61)     Total                          Min: 10048, Avg: 10708.8, Max: 11648, Diff: 1600, Sum: 42835, Workers: 4
[26.996s][debug][gc,phases      ] GC(61)   ResolvedMethodTable Weak       Min:  0.0, Avg:  0.0, Max:  0.0, Diff:  0.0, Sum:  0.1, Workers: 4
[26.996s][debug][gc,phases      ] GC(61)     Dead                           Min: 2, Avg:  4.2, Max: 6, Diff: 4, Sum: 17, Workers: 4
[26.996s][debug][gc,phases      ] GC(61)     Total                          Min: 1534, Avg: 1736.8, Max: 1829, Diff: 295, Sum: 6947, Workers: 4
[26.996s][debug][gc,phases      ] GC(61)   JNI Weak                       Min:  0.0, Avg:  0.0, Max:  0.0, Diff:  0.0, Sum:  0.0, Workers: 4
[26.996s][debug][gc,phases      ] GC(61)     Dead                           Min: 0, Avg:  0.0, Max: 0, Diff: 0, Sum: 0, Workers: 4
[26.996s][debug][gc,phases      ] GC(61)     Total                          Min: 0, Avg:  0.2, Max: 1, Diff: 1, Sum: 1, Workers: 4
[26.996s][debug][gc,phases      ] GC(61)   StringDedup Table Weak         Min:  0.0, Avg:  0.0, Max:  0.0, Diff:  0.0, Sum:  0.0, Workers: 4
[26.996s][debug][gc,phases      ] GC(61)     Dead                           Min: 0, Avg:  0.0, Max: 0, Diff: 0, Sum: 0, Workers: 4
[26.996s][debug][gc,phases      ] GC(61)     Total                          Min: 0, Avg:  0.0, Max: 0, Diff: 0, Sum: 0, Workers: 4
[26.996s][debug][gc,phases      ] GC(61)   StringDedup Requests0 Weak     Min:  0.0, Avg:  0.0, Max:  0.0, Diff:  0.0, Sum:  0.0, Workers: 4
[26.996s][debug][gc,phases      ] GC(61)     Dead                           Min: 0, Avg:  0.0, Max: 0, Diff: 0, Sum: 0, Workers: 4
[26.996s][debug][gc,phases      ] GC(61)     Total                          Min: 0, Avg:  0.0, Max: 0, Diff: 0, Sum: 0, Workers: 4
[26.996s][debug][gc,phases      ] GC(61)   StringDedup Requests1 Weak     Min:  0.0, Avg:  0.0, Max:  0.0, Diff:  0.0, Sum:  0.0, Workers: 4
[26.996s][debug][gc,phases      ] GC(61)     Dead                           Min: 0, Avg:  0.0, Max: 0, Diff: 0, Sum: 0, Workers: 4
[26.996s][debug][gc,phases      ] GC(61)     Total                          Min: 0, Avg:  0.0, Max: 0, Diff: 0, Sum: 0, Workers: 4
[26.996s][debug][gc,phases      ] GC(61)   Weak JFR Old Object Samples    Min:  0.0, Avg:  0.0, Max:  0.0, Diff:  0.0, Sum:  0.0, Workers: 4
[26.996s][debug][gc,phases      ] GC(61)     Dead                           Min: 0, Avg:  0.0, Max: 0, Diff: 0, Sum: 0, Workers: 4
[26.996s][debug][gc,phases      ] GC(61)     Total                          Min: 0, Avg:  0.0, Max: 0, Diff: 0, Sum: 0, Workers: 4
[26.996s][debug][gc,phases      ] GC(61) Weak Processing 0.317ms
[26.996s][debug][gc,age         ] GC(61) Desired survivor size 282591232 bytes, new threshold 15 (max threshold 15)
[26.996s][info ][gc,heap        ] GC(61) PSYoungGen: 1593888K(1805312K)->97600K(1788928K) Eden: 1497088K(1497088K)->0K(1497088K) From: 96800K(308224K)->97600K(291840K)
[26.996s][info ][gc,heap        ] GC(61) ParOldGen: 479294K(584192K)->482742K(584192K)
[26.996s][info ][gc,metaspace   ] GC(61) Metaspace: 68111K(68928K)->68111K(68928K) NonClass: 58229K(58688K)->58229K(58688K) Class: 9881K(10240K)->9881K(10240K)
[26.996s][info ][gc             ] GC(61) Pause Young (Allocation Failure) 2024M->566M(2317M) 39.618ms
[26.996s][info ][gc,cpu         ] GC(61) User=0.14s Sys=0.00s Real=0.04s
[26.996s][info ][safepoint      ] Safepoint "ParallelGCFailedAllocation", Time since last: 288931841 ns, Reaching safepoint: 152404 ns, At safepoint: 39747724 ns, Total: 39900128 ns
[27.295s][info ][gc,start       ] GC(62) Pause Young (Allocation Failure)
[27.341s][debug][gc,phases      ] GC(62) Scavenge 46.336ms
[27.341s][debug][gc,ref         ] GC(62) Skipped phase 1 of Reference Processing: no references
[27.341s][debug][gc,ref         ] GC(62) ReferenceProcessor::execute queues: 1, RefProcThreadModel::Single, marks_oops_alive: false
[27.341s][debug][gc,ref         ] GC(62) Skipped phase 3 of Reference Processing: no references
[27.341s][debug][gc,ref         ] GC(62) Skipped phase 4 of Reference Processing: no references
[27.341s][debug][gc,phases      ] GC(62) Reference Processing 0.108ms
[27.342s][debug][gc,phases      ] GC(62)   VM Weak                        Min:  0.0, Avg:  0.0, Max:  0.0, Diff:  0.0, Sum:  0.0, Workers: 4
[27.342s][debug][gc,phases      ] GC(62)     Dead                           Min: 0, Avg:  0.0, Max: 0, Diff: 0, Sum: 0, Workers: 4
[27.342s][debug][gc,phases      ] GC(62)     Total                          Min: 0, Avg: 147.5, Max: 334, Diff: 334, Sum: 590, Workers: 4
[27.342s][debug][gc,phases      ] GC(62)   ObjectSynchronizer Weak        Min:  0.0, Avg:  0.0, Max:  0.0, Diff:  0.0, Sum:  0.0, Workers: 4
[27.342s][debug][gc,phases      ] GC(62)     Dead                           Min: 0, Avg:  0.0, Max: 0, Diff: 0, Sum: 0, Workers: 4
[27.342s][debug][gc,phases      ] GC(62)     Total                          Min: 0, Avg: 96.8, Max: 192, Diff: 192, Sum: 387, Workers: 4
[27.342s][debug][gc,phases      ] GC(62)   JVMTI Tag Weak OopStorage      Min:  0.0, Avg:  0.0, Max:  0.0, Diff:  0.0, Sum:  0.0, Workers: 4
[27.342s][debug][gc,phases      ] GC(62)     Dead                           Min: 0, Avg:  0.0, Max: 0, Diff: 0, Sum: 0, Workers: 4
[27.342s][debug][gc,phases      ] GC(62)     Total                          Min: 0, Avg:  0.0, Max: 0, Diff: 0, Sum: 0, Workers: 4
[27.342s][debug][gc,phases      ] GC(62)   StringTable Weak               Min:  0.1, Avg:  0.1, Max:  0.1, Diff:  0.0, Sum:  0.4, Workers: 4
[27.342s][debug][gc,phases      ] GC(62)     Dead                           Min: 0, Avg:  2.8, Max: 11, Diff: 11, Sum: 11, Workers: 4
[27.342s][debug][gc,phases      ] GC(62)     Total                          Min: 9280, Avg: 10709.0, Max: 11551, Diff: 2271, Sum: 42836, Workers: 4
[27.342s][debug][gc,phases      ] GC(62)   ResolvedMethodTable Weak       Min:  0.0, Avg:  0.0, Max:  0.0, Diff:  0.0, Sum:  0.1, Workers: 4
[27.342s][debug][gc,phases      ] GC(62)     Dead                           Min: 0, Avg:  0.0, Max: 0, Diff: 0, Sum: 0, Workers: 4
[27.342s][debug][gc,phases      ] GC(62)     Total                          Min: 1599, Avg: 1736.8, Max: 1893, Diff: 294, Sum: 6947, Workers: 4
[27.342s][debug][gc,phases      ] GC(62)   JNI Weak                       Min:  0.0, Avg:  0.0, Max:  0.0, Diff:  0.0, Sum:  0.0, Workers: 4
[27.342s][debug][gc,phases      ] GC(62)     Dead                           Min: 0, Avg:  0.0, Max: 0, Diff: 0, Sum: 0, Workers: 4
[27.342s][debug][gc,phases      ] GC(62)     Total                          Min: 0, Avg:  2.0, Max: 8, Diff: 8, Sum: 8, Workers: 4
[27.342s][debug][gc,phases      ] GC(62)   StringDedup Table Weak         Min:  0.0, Avg:  0.0, Max:  0.0, Diff:  0.0, Sum:  0.0, Workers: 4
[27.342s][debug][gc,phases      ] GC(62)     Dead                           Min: 0, Avg:  0.0, Max: 0, Diff: 0, Sum: 0, Workers: 4
[27.342s][debug][gc,phases      ] GC(62)     Total                          Min: 0, Avg:  0.0, Max: 0, Diff: 0, Sum: 0, Workers: 4
[27.342s][debug][gc,phases      ] GC(62)   StringDedup Requests0 Weak     Min:  0.0, Avg:  0.0, Max:  0.0, Diff:  0.0, Sum:  0.0, Workers: 4
[27.342s][debug][gc,phases      ] GC(62)     Dead                           Min: 0, Avg:  0.0, Max: 0, Diff: 0, Sum: 0, Workers: 4
[27.342s][debug][gc,phases      ] GC(62)     Total                          Min: 0, Avg:  0.0, Max: 0, Diff: 0, Sum: 0, Workers: 4
[27.342s][debug][gc,phases      ] GC(62)   StringDedup Requests1 Weak     Min:  0.0, Avg:  0.0, Max:  0.0, Diff:  0.0, Sum:  0.0, Workers: 4
[27.342s][debug][gc,phases      ] GC(62)     Dead                           Min: 0, Avg:  0.0, Max: 0, Diff: 0, Sum: 0, Workers: 4
[27.342s][debug][gc,phases      ] GC(62)     Total                          Min: 0, Avg:  0.0, Max: 0, Diff: 0, Sum: 0, Workers: 4
[27.342s][debug][gc,phases      ] GC(62)   Weak JFR Old Object Samples    Min:  0.0, Avg:  0.0, Max:  0.0, Diff:  0.0, Sum:  0.0, Workers: 4
[27.342s][debug][gc,phases      ] GC(62)     Dead                           Min: 0, Avg:  0.0, Max: 0, Diff: 0, Sum: 0, Workers: 4
[27.342s][debug][gc,phases      ] GC(62)     Total                          Min: 0, Avg:  0.0, Max: 0, Diff: 0, Sum: 0, Workers: 4
[27.342s][debug][gc,phases      ] GC(62) Weak Processing 0.310ms
[27.342s][debug][gc,age         ] GC(62) Desired survivor size 267911168 bytes, new threshold 15 (max threshold 15)
[27.342s][info ][gc,heap        ] GC(62) PSYoungGen: 1594688K(1788928K)->98576K(1835520K) Eden: 1497088K(1497088K)->0K(1559552K) From: 97600K(291840K)->98576K(275968K)
[27.342s][info ][gc,heap        ] GC(62) ParOldGen: 482742K(584192K)->487398K(584192K)
[27.342s][info ][gc,metaspace   ] GC(62) Metaspace: 68129K(68928K)->68129K(68928K) NonClass: 58247K(58688K)->58247K(58688K) Class: 9881K(10240K)->9881K(10240K)
[27.342s][info ][gc             ] GC(62) Pause Young (Allocation Failure) 2028M->572M(2363M) 46.893ms
[27.342s][info ][gc,cpu         ] GC(62) User=0.15s Sys=0.00s Real=0.05s
[27.342s][info ][safepoint      ] Safepoint "ParallelGCFailedAllocation", Time since last: 298724693 ns, Reaching safepoint: 283107 ns, At safepoint: 47008311 ns, Total: 47291418 ns
[27.728s][info ][gc,start       ] GC(63) Pause Young (Allocation Failure)
[27.766s][debug][gc,phases      ] GC(63) Scavenge 37.599ms
[27.766s][debug][gc,ref         ] GC(63) Skipped phase 1 of Reference Processing: no references
[27.766s][debug][gc,ref         ] GC(63) ReferenceProcessor::execute queues: 1, RefProcThreadModel::Single, marks_oops_alive: false
[27.766s][debug][gc,ref         ] GC(63) Skipped phase 3 of Reference Processing: no references
[27.766s][debug][gc,ref         ] GC(63) ReferenceProcessor::execute queues: 1, RefProcThreadModel::Single, marks_oops_alive: false
[27.766s][debug][gc,phases      ] GC(63) Reference Processing 0.113ms
[27.766s][debug][gc,phases      ] GC(63)   VM Weak                        Min:  0.0, Avg:  0.0, Max:  0.0, Diff:  0.0, Sum:  0.0, Workers: 4
[27.766s][debug][gc,phases      ] GC(63)     Dead                           Min: 0, Avg:  0.0, Max: 0, Diff: 0, Sum: 0, Workers: 4
[27.766s][debug][gc,phases      ] GC(63)     Total                          Min: 0, Avg: 147.8, Max: 448, Diff: 448, Sum: 591, Workers: 4
[27.766s][debug][gc,phases      ] GC(63)   ObjectSynchronizer Weak        Min:  0.0, Avg:  0.0, Max:  0.0, Diff:  0.0, Sum:  0.0, Workers: 4
[27.766s][debug][gc,phases      ] GC(63)     Dead                           Min: 0, Avg:  0.0, Max: 0, Diff: 0, Sum: 0, Workers: 4
[27.766s][debug][gc,phases      ] GC(63)     Total                          Min: 0, Avg: 96.8, Max: 195, Diff: 195, Sum: 387, Workers: 4
[27.766s][debug][gc,phases      ] GC(63)   JVMTI Tag Weak OopStorage      Min:  0.0, Avg:  0.0, Max:  0.0, Diff:  0.0, Sum:  0.0, Workers: 4
[27.766s][debug][gc,phases      ] GC(63)     Dead                           Min: 0, Avg:  0.0, Max: 0, Diff: 0, Sum: 0, Workers: 4
[27.766s][debug][gc,phases      ] GC(63)     Total                          Min: 0, Avg:  0.0, Max: 0, Diff: 0, Sum: 0, Workers: 4
[27.766s][debug][gc,phases      ] GC(63)   StringTable Weak               Min:  0.1, Avg:  0.1, Max:  0.1, Diff:  0.0, Sum:  0.4, Workers: 4
[27.766s][debug][gc,phases      ] GC(63)     Dead                           Min: 0, Avg:  2.8, Max: 10, Diff: 10, Sum: 11, Workers: 4
[27.766s][debug][gc,phases      ] GC(63)     Total                          Min: 10240, Avg: 10784.2, Max: 11585, Diff: 1345, Sum: 43137, Workers: 4
[27.766s][debug][gc,phases      ] GC(63)   ResolvedMethodTable Weak       Min:  0.0, Avg:  0.0, Max:  0.0, Diff:  0.0, Sum:  0.1, Workers: 4
[27.766s][debug][gc,phases      ] GC(63)     Dead                           Min: 0, Avg:  6.2, Max: 21, Diff: 21, Sum: 25, Workers: 4
[27.766s][debug][gc,phases      ] GC(63)     Total                          Min: 1558, Avg: 1765.2, Max: 1984, Diff: 426, Sum: 7061, Workers: 4
[27.766s][debug][gc,phases      ] GC(63)   JNI Weak                       Min:  0.0, Avg:  0.0, Max:  0.0, Diff:  0.0, Sum:  0.0, Workers: 4
[27.766s][debug][gc,phases      ] GC(63)     Dead                           Min: 0, Avg:  0.0, Max: 0, Diff: 0, Sum: 0, Workers: 4
[27.766s][debug][gc,phases      ] GC(63)     Total                          Min: 0, Avg:  3.0, Max: 12, Diff: 12, Sum: 12, Workers: 4
[27.766s][debug][gc,phases      ] GC(63)   StringDedup Table Weak         Min:  0.0, Avg:  0.0, Max:  0.0, Diff:  0.0, Sum:  0.0, Workers: 4
[27.766s][debug][gc,phases      ] GC(63)     Dead                           Min: 0, Avg:  0.0, Max: 0, Diff: 0, Sum: 0, Workers: 4
[27.766s][debug][gc,phases      ] GC(63)     Total                          Min: 0, Avg:  0.0, Max: 0, Diff: 0, Sum: 0, Workers: 4
[27.766s][debug][gc,phases      ] GC(63)   StringDedup Requests0 Weak     Min:  0.0, Avg:  0.0, Max:  0.0, Diff:  0.0, Sum:  0.0, Workers: 4
[27.766s][debug][gc,phases      ] GC(63)     Dead                           Min: 0, Avg:  0.0, Max: 0, Diff: 0, Sum: 0, Workers: 4
[27.766s][debug][gc,phases      ] GC(63)     Total                          Min: 0, Avg:  0.0, Max: 0, Diff: 0, Sum: 0, Workers: 4
[27.766s][debug][gc,phases      ] GC(63)   StringDedup Requests1 Weak     Min:  0.0, Avg:  0.0, Max:  0.0, Diff:  0.0, Sum:  0.0, Workers: 4
[27.766s][debug][gc,phases      ] GC(63)     Dead                           Min: 0, Avg:  0.0, Max: 0, Diff: 0, Sum: 0, Workers: 4
[27.766s][debug][gc,phases      ] GC(63)     Total                          Min: 0, Avg:  0.0, Max: 0, Diff: 0, Sum: 0, Workers: 4
[27.766s][debug][gc,phases      ] GC(63)   Weak JFR Old Object Samples    Min:  0.0, Avg:  0.0, Max:  0.0, Diff:  0.0, Sum:  0.0, Workers: 4
[27.766s][debug][gc,phases      ] GC(63)     Dead                           Min: 0, Avg:  0.0, Max: 0, Diff: 0, Sum: 0, Workers: 4
[27.766s][debug][gc,phases      ] GC(63)     Total                          Min: 0, Avg:  0.0, Max: 0, Diff: 0, Sum: 0, Workers: 4
[27.766s][debug][gc,phases      ] GC(63) Weak Processing 0.328ms
[27.766s][debug][gc,age         ] GC(63) Desired survivor size 256376832 bytes, new threshold 15 (max threshold 15)
[27.766s][info ][gc,heap        ] GC(63) PSYoungGen: 1658128K(1835520K)->86448K(1821184K) Eden: 1559552K(1559552K)->0K(1559552K) From: 98576K(275968K)->86448K(261632K)
[27.766s][info ][gc,heap        ] GC(63) ParOldGen: 487398K(584192K)->494086K(584192K)
[27.766s][info ][gc,metaspace   ] GC(63) Metaspace: 68695K(69440K)->68695K(69440K) NonClass: 58717K(59136K)->58717K(59136K) Class: 9977K(10304K)->9977K(10304K)
[27.766s][info ][gc             ] GC(63) Pause Young (Allocation Failure) 2095M->566M(2349M) 38.172ms
[27.766s][info ][gc,cpu         ] GC(63) User=0.16s Sys=0.00s Real=0.03s
[27.766s][info ][safepoint      ] Safepoint "ParallelGCFailedAllocation", Time since last: 386049342 ns, Reaching safepoint: 249206 ns, At safepoint: 38285586 ns, Total: 38534792 ns
[28.112s][info ][gc,start       ] GC(64) Pause Young (Allocation Failure)
[28.148s][debug][gc,phases      ] GC(64) Scavenge 35.589ms
[28.148s][debug][gc,ref         ] GC(64) Skipped phase 1 of Reference Processing: no references
[28.148s][debug][gc,ref         ] GC(64) ReferenceProcessor::execute queues: 1, RefProcThreadModel::Single, marks_oops_alive: false
[28.148s][debug][gc,ref         ] GC(64) Skipped phase 3 of Reference Processing: no references
[28.148s][debug][gc,ref         ] GC(64) ReferenceProcessor::execute queues: 1, RefProcThreadModel::Single, marks_oops_alive: false
[28.148s][debug][gc,phases      ] GC(64) Reference Processing 0.173ms
[28.148s][debug][gc,phases      ] GC(64)   VM Weak                        Min:  0.0, Avg:  0.0, Max:  0.0, Diff:  0.0, Sum:  0.0, Workers: 4
[28.148s][debug][gc,phases      ] GC(64)     Dead                           Min: 0, Avg:  0.0, Max: 0, Diff: 0, Sum: 0, Workers: 4
[28.148s][debug][gc,phases      ] GC(64)     Total                          Min: 0, Avg: 150.0, Max: 384, Diff: 384, Sum: 600, Workers: 4
[28.148s][debug][gc,phases      ] GC(64)   ObjectSynchronizer Weak        Min:  0.0, Avg:  0.0, Max:  0.0, Diff:  0.0, Sum:  0.0, Workers: 4
[28.148s][debug][gc,phases      ] GC(64)     Dead                           Min: 0, Avg:  0.0, Max: 0, Diff: 0, Sum: 0, Workers: 4
[28.148s][debug][gc,phases      ] GC(64)     Total                          Min: 0, Avg: 96.8, Max: 192, Diff: 192, Sum: 387, Workers: 4
[28.148s][debug][gc,phases      ] GC(64)   JVMTI Tag Weak OopStorage      Min:  0.0, Avg:  0.0, Max:  0.0, Diff:  0.0, Sum:  0.0, Workers: 4
[28.148s][debug][gc,phases      ] GC(64)     Dead                           Min: 0, Avg:  0.0, Max: 0, Diff: 0, Sum: 0, Workers: 4
[28.148s][debug][gc,phases      ] GC(64)     Total                          Min: 0, Avg:  0.0, Max: 0, Diff: 0, Sum: 0, Workers: 4
[28.148s][debug][gc,phases      ] GC(64)   StringTable Weak               Min:  0.1, Avg:  0.1, Max:  0.1, Diff:  0.0, Sum:  0.5, Workers: 4
[28.148s][debug][gc,phases      ] GC(64)     Dead                           Min: 0, Avg:  0.8, Max: 1, Diff: 1, Sum: 3, Workers: 4
[28.148s][debug][gc,phases      ] GC(64)     Total                          Min: 9173, Avg: 10853.0, Max: 12096, Diff: 2923, Sum: 43412, Workers: 4
[28.148s][debug][gc,phases      ] GC(64)   ResolvedMethodTable Weak       Min:  0.0, Avg:  0.0, Max:  0.0, Diff:  0.0, Sum:  0.1, Workers: 4
[28.148s][debug][gc,phases      ] GC(64)     Dead                           Min: 0, Avg: 11.8, Max: 24, Diff: 24, Sum: 47, Workers: 4
[28.148s][debug][gc,phases      ] GC(64)     Total                          Min: 1663, Avg: 1804.5, Max: 1984, Diff: 321, Sum: 7218, Workers: 4
[28.148s][debug][gc,phases      ] GC(64)   JNI Weak                       Min:  0.0, Avg:  0.0, Max:  0.0, Diff:  0.0, Sum:  0.0, Workers: 4
[28.148s][debug][gc,phases      ] GC(64)     Dead                           Min: 0, Avg:  0.0, Max: 0, Diff: 0, Sum: 0, Workers: 4
[28.148s][debug][gc,phases      ] GC(64)     Total                          Min: 0, Avg:  4.5, Max: 18, Diff: 18, Sum: 18, Workers: 4
[28.148s][debug][gc,phases      ] GC(64)   StringDedup Table Weak         Min:  0.0, Avg:  0.0, Max:  0.0, Diff:  0.0, Sum:  0.0, Workers: 4
[28.148s][debug][gc,phases      ] GC(64)     Dead                           Min: 0, Avg:  0.0, Max: 0, Diff: 0, Sum: 0, Workers: 4
[28.148s][debug][gc,phases      ] GC(64)     Total                          Min: 0, Avg:  0.0, Max: 0, Diff: 0, Sum: 0, Workers: 4
[28.148s][debug][gc,phases      ] GC(64)   StringDedup Requests0 Weak     Min:  0.0, Avg:  0.0, Max:  0.0, Diff:  0.0, Sum:  0.0, Workers: 4
[28.148s][debug][gc,phases      ] GC(64)     Dead                           Min: 0, Avg:  0.0, Max: 0, Diff: 0, Sum: 0, Workers: 4
[28.148s][debug][gc,phases      ] GC(64)     Total                          Min: 0, Avg:  0.0, Max: 0, Diff: 0, Sum: 0, Workers: 4
[28.148s][debug][gc,phases      ] GC(64)   StringDedup Requests1 Weak     Min:  0.0, Avg:  0.0, Max:  0.0, Diff:  0.0, Sum:  0.0, Workers: 4
[28.148s][debug][gc,phases      ] GC(64)     Dead                           Min: 0, Avg:  0.0, Max: 0, Diff: 0, Sum: 0, Workers: 4
[28.148s][debug][gc,phases      ] GC(64)     Total                          Min: 0, Avg:  0.0, Max: 0, Diff: 0, Sum: 0, Workers: 4
[28.148s][debug][gc,phases      ] GC(64)   Weak JFR Old Object Samples    Min:  0.0, Avg:  0.0, Max:  0.0, Diff:  0.0, Sum:  0.0, Workers: 4
[28.148s][debug][gc,phases      ] GC(64)     Dead                           Min: 0, Avg:  0.0, Max: 0, Diff: 0, Sum: 0, Workers: 4
[28.148s][debug][gc,phases      ] GC(64)     Total                          Min: 0, Avg:  0.0, Max: 0, Diff: 0, Sum: 0, Workers: 4
[28.148s][debug][gc,phases      ] GC(64) Weak Processing 0.328ms
[28.148s][debug][gc,age         ] GC(64) Desired survivor size 246415360 bytes, new threshold 15 (max threshold 15)
[28.148s][info ][gc,heap        ] GC(64) PSYoungGen: 1646000K(1821184K)->79768K(1856512K) Eden: 1559552K(1559552K)->0K(1606144K) From: 86448K(261632K)->79768K(250368K)
[28.148s][info ][gc,heap        ] GC(64) ParOldGen: 494086K(584192K)->502566K(584192K)
[28.148s][info ][gc,metaspace   ] GC(64) Metaspace: 69507K(70208K)->69507K(70208K) NonClass: 59410K(59776K)->59410K(59776K) Class: 10097K(10432K)->10097K(10432K)
[28.148s][info ][gc             ] GC(64) Pause Young (Allocation Failure) 2089M->568M(2383M) 36.214ms
[28.148s][info ][gc,cpu         ] GC(64) User=0.14s Sys=0.00s Real=0.04s
[28.148s][info ][safepoint      ] Safepoint "ParallelGCFailedAllocation", Time since last: 343430044 ns, Reaching safepoint: 2252558 ns, At safepoint: 36322535 ns, Total: 38575093 ns
[28.500s][info ][safepoint      ] Safepoint "ICBufferFull", Time since last: 350714932 ns, Reaching safepoint: 853622 ns, At safepoint: 28700 ns, Total: 882322 ns
[28.501s][info ][gc,start       ] GC(65) Pause Young (Allocation Failure)
[28.531s][debug][gc,phases      ] GC(65) Scavenge 29.451ms
[28.531s][debug][gc,ref         ] GC(65) Skipped phase 1 of Reference Processing: no references
[28.531s][debug][gc,ref         ] GC(65) ReferenceProcessor::execute queues: 1, RefProcThreadModel::Single, marks_oops_alive: false
[28.531s][debug][gc,ref         ] GC(65) Skipped phase 3 of Reference Processing: no references
[28.531s][debug][gc,ref         ] GC(65) ReferenceProcessor::execute queues: 1, RefProcThreadModel::Single, marks_oops_alive: false
[28.531s][debug][gc,phases      ] GC(65) Reference Processing 0.145ms
[28.531s][debug][gc,phases      ] GC(65)   VM Weak                        Min:  0.0, Avg:  0.0, Max:  0.0, Diff:  0.0, Sum:  0.0, Workers: 4
[28.531s][debug][gc,phases      ] GC(65)     Dead                           Min: 0, Avg:  0.0, Max: 0, Diff: 0, Sum: 0, Workers: 4
[28.531s][debug][gc,phases      ] GC(65)     Total                          Min: 0, Avg: 150.5, Max: 410, Diff: 410, Sum: 602, Workers: 4
[28.531s][debug][gc,phases      ] GC(65)   ObjectSynchronizer Weak        Min:  0.0, Avg:  0.0, Max:  0.0, Diff:  0.0, Sum:  0.0, Workers: 4
[28.531s][debug][gc,phases      ] GC(65)     Dead                           Min: 0, Avg:  0.0, Max: 0, Diff: 0, Sum: 0, Workers: 4
[28.531s][debug][gc,phases      ] GC(65)     Total                          Min: 64, Avg: 96.8, Max: 131, Diff: 67, Sum: 387, Workers: 4
[28.531s][debug][gc,phases      ] GC(65)   JVMTI Tag Weak OopStorage      Min:  0.0, Avg:  0.0, Max:  0.0, Diff:  0.0, Sum:  0.0, Workers: 4
[28.531s][debug][gc,phases      ] GC(65)     Dead                           Min: 0, Avg:  0.0, Max: 0, Diff: 0, Sum: 0, Workers: 4
[28.531s][debug][gc,phases      ] GC(65)     Total                          Min: 0, Avg:  0.0, Max: 0, Diff: 0, Sum: 0, Workers: 4
[28.531s][debug][gc,phases      ] GC(65)   StringTable Weak               Min:  0.1, Avg:  0.1, Max:  0.1, Diff:  0.0, Sum:  0.4, Workers: 4
[28.531s][debug][gc,phases      ] GC(65)     Dead                           Min: 0, Avg:  0.8, Max: 2, Diff: 2, Sum: 3, Workers: 4
[28.531s][debug][gc,phases      ] GC(65)     Total                          Min: 10368, Avg: 10876.8, Max: 11444, Diff: 1076, Sum: 43507, Workers: 4
[28.531s][debug][gc,phases      ] GC(65)   ResolvedMethodTable Weak       Min:  0.0, Avg:  0.0, Max:  0.0, Diff:  0.0, Sum:  0.1, Workers: 4
[28.531s][debug][gc,phases      ] GC(65)     Dead                           Min: 0, Avg:  0.0, Max: 0, Diff: 0, Sum: 0, Workers: 4
[28.531s][debug][gc,phases      ] GC(65)     Total                          Min: 1726, Avg: 1811.5, Max: 1984, Diff: 258, Sum: 7246, Workers: 4
[28.531s][debug][gc,phases      ] GC(65)   JNI Weak                       Min:  0.0, Avg:  0.0, Max:  0.0, Diff:  0.0, Sum:  0.0, Workers: 4
[28.531s][debug][gc,phases      ] GC(65)     Dead                           Min: 0, Avg:  0.0, Max: 0, Diff: 0, Sum: 0, Workers: 4
[28.531s][debug][gc,phases      ] GC(65)     Total                          Min: 0, Avg:  3.5, Max: 14, Diff: 14, Sum: 14, Workers: 4
[28.531s][debug][gc,phases      ] GC(65)   StringDedup Table Weak         Min:  0.0, Avg:  0.0, Max:  0.0, Diff:  0.0, Sum:  0.0, Workers: 4
[28.531s][debug][gc,phases      ] GC(65)     Dead                           Min: 0, Avg:  0.0, Max: 0, Diff: 0, Sum: 0, Workers: 4
[28.531s][debug][gc,phases      ] GC(65)     Total                          Min: 0, Avg:  0.0, Max: 0, Diff: 0, Sum: 0, Workers: 4
[28.531s][debug][gc,phases      ] GC(65)   StringDedup Requests0 Weak     Min:  0.0, Avg:  0.0, Max:  0.0, Diff:  0.0, Sum:  0.0, Workers: 4
[28.531s][debug][gc,phases      ] GC(65)     Dead                           Min: 0, Avg:  0.0, Max: 0, Diff: 0, Sum: 0, Workers: 4
[28.531s][debug][gc,phases      ] GC(65)     Total                          Min: 0, Avg:  0.0, Max: 0, Diff: 0, Sum: 0, Workers: 4
[28.531s][debug][gc,phases      ] GC(65)   StringDedup Requests1 Weak     Min:  0.0, Avg:  0.0, Max:  0.0, Diff:  0.0, Sum:  0.0, Workers: 4
[28.531s][debug][gc,phases      ] GC(65)     Dead                           Min: 0, Avg:  0.0, Max: 0, Diff: 0, Sum: 0, Workers: 4
[28.531s][debug][gc,phases      ] GC(65)     Total                          Min: 0, Avg:  0.0, Max: 0, Diff: 0, Sum: 0, Workers: 4
[28.531s][debug][gc,phases      ] GC(65)   Weak JFR Old Object Samples    Min:  0.0, Avg:  0.0, Max:  0.0, Diff:  0.0, Sum:  0.0, Workers: 4
[28.531s][debug][gc,phases      ] GC(65)     Dead                           Min: 0, Avg:  0.0, Max: 0, Diff: 0, Sum: 0, Workers: 4
[28.531s][debug][gc,phases      ] GC(65)     Total                          Min: 0, Avg:  0.0, Max: 0, Diff: 0, Sum: 0, Workers: 4
[28.531s][debug][gc,phases      ] GC(65) Weak Processing 0.357ms
[28.531s][debug][gc,age         ] GC(65) Desired survivor size 238551040 bytes, new threshold 15 (max threshold 15)
[28.531s][info ][gc,heap        ] GC(65) PSYoungGen: 1685912K(1856512K)->71376K(1846784K) Eden: 1606144K(1606144K)->0K(1606144K) From: 79768K(250368K)->71376K(240640K)
[28.531s][info ][gc,heap        ] GC(65) ParOldGen: 502566K(584192K)->511790K(584192K)
[28.531s][info ][gc,metaspace   ] GC(65) Metaspace: 69879K(70656K)->69879K(70656K) NonClass: 59750K(60160K)->59750K(60160K) Class: 10128K(10496K)->10128K(10496K)
[28.531s][info ][gc             ] GC(65) Pause Young (Allocation Failure) 2137M->569M(2374M) 30.091ms
[28.531s][info ][gc,cpu         ] GC(65) User=0.15s Sys=0.00s Real=0.03s
[28.531s][info ][safepoint      ] Safepoint "ParallelGCFailedAllocation", Time since last: 1055928 ns, Reaching safepoint: 102502 ns, At safepoint: 30197178 ns, Total: 30299680 ns
[28.866s][info ][gc,start       ] GC(66) Pause Young (Allocation Failure)
[28.892s][debug][gc,phases      ] GC(66) Scavenge 26.238ms
[28.892s][debug][gc,ref         ] GC(66) Skipped phase 1 of Reference Processing: no references
[28.892s][debug][gc,ref         ] GC(66) ReferenceProcessor::execute queues: 1, RefProcThreadModel::Single, marks_oops_alive: false
[28.892s][debug][gc,ref         ] GC(66) Skipped phase 3 of Reference Processing: no references
[28.892s][debug][gc,ref         ] GC(66) ReferenceProcessor::execute queues: 1, RefProcThreadModel::Single, marks_oops_alive: false
[28.892s][debug][gc,phases      ] GC(66) Reference Processing 0.160ms
[28.892s][debug][gc,phases      ] GC(66)   VM Weak                        Min:  0.0, Avg:  0.0, Max:  0.0, Diff:  0.0, Sum:  0.0, Workers: 4
[28.892s][debug][gc,phases      ] GC(66)     Dead                           Min: 0, Avg:  0.0, Max: 0, Diff: 0, Sum: 0, Workers: 4
[28.892s][debug][gc,phases      ] GC(66)     Total                          Min: 0, Avg: 150.8, Max: 603, Diff: 603, Sum: 603, Workers: 4
[28.892s][debug][gc,phases      ] GC(66)   ObjectSynchronizer Weak        Min:  0.0, Avg:  0.0, Max:  0.0, Diff:  0.0, Sum:  0.0, Workers: 4
[28.892s][debug][gc,phases      ] GC(66)     Dead                           Min: 0, Avg:  0.0, Max: 0, Diff: 0, Sum: 0, Workers: 4
[28.892s][debug][gc,phases      ] GC(66)     Total                          Min: 0, Avg: 96.8, Max: 131, Diff: 131, Sum: 387, Workers: 4
[28.892s][debug][gc,phases      ] GC(66)   JVMTI Tag Weak OopStorage      Min:  0.0, Avg:  0.0, Max:  0.0, Diff:  0.0, Sum:  0.0, Workers: 4
[28.892s][debug][gc,phases      ] GC(66)     Dead                           Min: 0, Avg:  0.0, Max: 0, Diff: 0, Sum: 0, Workers: 4
[28.892s][debug][gc,phases      ] GC(66)     Total                          Min: 0, Avg:  0.0, Max: 0, Diff: 0, Sum: 0, Workers: 4
[28.892s][debug][gc,phases      ] GC(66)   StringTable Weak               Min:  0.1, Avg:  0.1, Max:  0.1, Diff:  0.0, Sum:  0.4, Workers: 4
[28.892s][debug][gc,phases      ] GC(66)     Dead                           Min: 0, Avg:  0.5, Max: 1, Diff: 1, Sum: 2, Workers: 4
[28.892s][debug][gc,phases      ] GC(66)     Total                          Min: 10432, Avg: 10893.0, Max: 11712, Diff: 1280, Sum: 43572, Workers: 4
[28.892s][debug][gc,phases      ] GC(66)   ResolvedMethodTable Weak       Min:  0.0, Avg:  0.0, Max:  0.0, Diff:  0.0, Sum:  0.1, Workers: 4
[28.893s][debug][gc,phases      ] GC(66)     Dead                           Min: 0, Avg:  0.0, Max: 0, Diff: 0, Sum: 0, Workers: 4
[28.893s][debug][gc,phases      ] GC(66)     Total                          Min: 1727, Avg: 1816.2, Max: 1984, Diff: 257, Sum: 7265, Workers: 4
[28.893s][debug][gc,phases      ] GC(66)   JNI Weak                       Min:  0.0, Avg:  0.0, Max:  0.0, Diff:  0.0, Sum:  0.0, Workers: 4
[28.893s][debug][gc,phases      ] GC(66)     Dead                           Min: 0, Avg:  0.0, Max: 0, Diff: 0, Sum: 0, Workers: 4
[28.893s][debug][gc,phases      ] GC(66)     Total                          Min: 0, Avg:  5.0, Max: 20, Diff: 20, Sum: 20, Workers: 4
[28.893s][debug][gc,phases      ] GC(66)   StringDedup Table Weak         Min:  0.0, Avg:  0.0, Max:  0.0, Diff:  0.0, Sum:  0.0, Workers: 4
[28.893s][debug][gc,phases      ] GC(66)     Dead                           Min: 0, Avg:  0.0, Max: 0, Diff: 0, Sum: 0, Workers: 4
[28.893s][debug][gc,phases      ] GC(66)     Total                          Min: 0, Avg:  0.0, Max: 0, Diff: 0, Sum: 0, Workers: 4
[28.893s][debug][gc,phases      ] GC(66)   StringDedup Requests0 Weak     Min:  0.0, Avg:  0.0, Max:  0.0, Diff:  0.0, Sum:  0.0, Workers: 4
[28.893s][debug][gc,phases      ] GC(66)     Dead                           Min: 0, Avg:  0.0, Max: 0, Diff: 0, Sum: 0, Workers: 4
[28.893s][debug][gc,phases      ] GC(66)     Total                          Min: 0, Avg:  0.0, Max: 0, Diff: 0, Sum: 0, Workers: 4
[28.893s][debug][gc,phases      ] GC(66)   StringDedup Requests1 Weak     Min:  0.0, Avg:  0.0, Max:  0.0, Diff:  0.0, Sum:  0.0, Workers: 4
[28.893s][debug][gc,phases      ] GC(66)     Dead                           Min: 0, Avg:  0.0, Max: 0, Diff: 0, Sum: 0, Workers: 4
[28.893s][debug][gc,phases      ] GC(66)     Total                          Min: 0, Avg:  0.0, Max: 0, Diff: 0, Sum: 0, Workers: 4
[28.893s][debug][gc,phases      ] GC(66)   Weak JFR Old Object Samples    Min:  0.0, Avg:  0.0, Max:  0.0, Diff:  0.0, Sum:  0.0, Workers: 4
[28.893s][debug][gc,phases      ] GC(66)     Dead                           Min: 0, Avg:  0.0, Max: 0, Diff: 0, Sum: 0, Workers: 4
[28.893s][debug][gc,phases      ] GC(66)     Total                          Min: 0, Avg:  0.0, Max: 0, Diff: 0, Sum: 0, Workers: 4
[28.893s][debug][gc,phases      ] GC(66) Weak Processing 0.331ms
[28.893s][debug][gc,age         ] GC(66) Desired survivor size 230686720 bytes, new threshold 15 (max threshold 15)
[28.893s][info ][gc,heap        ] GC(66) PSYoungGen: 1677520K(1846784K)->67472K(1871872K) Eden: 1606144K(1606144K)->0K(1638912K) From: 71376K(240640K)->67472K(232960K)
[28.893s][info ][gc,heap        ] GC(66) ParOldGen: 511790K(584192K)->516174K(584192K)
[28.893s][info ][gc,metaspace   ] GC(66) Metaspace: 70154K(70912K)->70154K(70912K) NonClass: 60003K(60416K)->60003K(60416K) Class: 10150K(10496K)->10150K(10496K)
[28.893s][info ][gc             ] GC(66) Pause Young (Allocation Failure) 2137M->569M(2398M) 26.872ms
[28.893s][info ][gc,cpu         ] GC(66) User=0.12s Sys=0.00s Real=0.03s
[28.893s][info ][safepoint      ] Safepoint "ParallelGCFailedAllocation", Time since last: 334019400 ns, Reaching safepoint: 248407 ns, At safepoint: 26978994 ns, Total: 27227401 ns
[29.223s][info ][gc,start       ] GC(67) Pause Young (Allocation Failure)
[29.245s][debug][gc,phases      ] GC(67) Scavenge 22.146ms
[29.245s][debug][gc,ref         ] GC(67) Skipped phase 1 of Reference Processing: no references
[29.245s][debug][gc,ref         ] GC(67) ReferenceProcessor::execute queues: 1, RefProcThreadModel::Single, marks_oops_alive: false
[29.245s][debug][gc,ref         ] GC(67) Skipped phase 3 of Reference Processing: no references
[29.245s][debug][gc,ref         ] GC(67) ReferenceProcessor::execute queues: 1, RefProcThreadModel::Single, marks_oops_alive: false
[29.245s][debug][gc,phases      ] GC(67) Reference Processing 0.153ms
[29.245s][debug][gc,phases      ] GC(67)   VM Weak                        Min:  0.0, Avg:  0.0, Max:  0.0, Diff:  0.0, Sum:  0.0, Workers: 4
[29.246s][debug][gc,phases      ] GC(67)     Dead                           Min: 0, Avg:  0.0, Max: 0, Diff: 0, Sum: 0, Workers: 4
[29.246s][debug][gc,phases      ] GC(67)     Total                          Min: 0, Avg: 150.8, Max: 384, Diff: 384, Sum: 603, Workers: 4
[29.246s][debug][gc,phases      ] GC(67)   ObjectSynchronizer Weak        Min:  0.0, Avg:  0.0, Max:  0.0, Diff:  0.0, Sum:  0.0, Workers: 4
[29.246s][debug][gc,phases      ] GC(67)     Dead                           Min: 0, Avg:  0.0, Max: 0, Diff: 0, Sum: 0, Workers: 4
[29.246s][debug][gc,phases      ] GC(67)     Total                          Min: 0, Avg: 96.8, Max: 195, Diff: 195, Sum: 387, Workers: 4
[29.246s][debug][gc,phases      ] GC(67)   JVMTI Tag Weak OopStorage      Min:  0.0, Avg:  0.0, Max:  0.0, Diff:  0.0, Sum:  0.0, Workers: 4
[29.246s][debug][gc,phases      ] GC(67)     Dead                           Min: 0, Avg:  0.0, Max: 0, Diff: 0, Sum: 0, Workers: 4
[29.246s][debug][gc,phases      ] GC(67)     Total                          Min: 0, Avg:  0.0, Max: 0, Diff: 0, Sum: 0, Workers: 4
[29.246s][debug][gc,phases      ] GC(67)   StringTable Weak               Min:  0.1, Avg:  0.1, Max:  0.1, Diff:  0.0, Sum:  0.4, Workers: 4
[29.246s][debug][gc,phases      ] GC(67)     Dead                           Min: 0, Avg:  0.0, Max: 0, Diff: 0, Sum: 0, Workers: 4
[29.246s][debug][gc,phases      ] GC(67)     Total                          Min: 10240, Avg: 10895.5, Max: 11839, Diff: 1599, Sum: 43582, Workers: 4
[29.246s][debug][gc,phases      ] GC(67)   ResolvedMethodTable Weak       Min:  0.0, Avg:  0.0, Max:  0.0, Diff:  0.0, Sum:  0.1, Workers: 4
[29.246s][debug][gc,phases      ] GC(67)     Dead                           Min: 0, Avg:  0.0, Max: 0, Diff: 0, Sum: 0, Workers: 4
[29.246s][debug][gc,phases      ] GC(67)     Total                          Min: 1661, Avg: 1816.5, Max: 1984, Diff: 323, Sum: 7266, Workers: 4
[29.246s][debug][gc,phases      ] GC(67)   JNI Weak                       Min:  0.0, Avg:  0.0, Max:  0.0, Diff:  0.0, Sum:  0.0, Workers: 4
[29.246s][debug][gc,phases      ] GC(67)     Dead                           Min: 0, Avg:  0.0, Max: 0, Diff: 0, Sum: 0, Workers: 4
[29.246s][debug][gc,phases      ] GC(67)     Total                          Min: 0, Avg:  1.5, Max: 6, Diff: 6, Sum: 6, Workers: 4
[29.246s][debug][gc,phases      ] GC(67)   StringDedup Table Weak         Min:  0.0, Avg:  0.0, Max:  0.0, Diff:  0.0, Sum:  0.0, Workers: 4
[29.246s][debug][gc,phases      ] GC(67)     Dead                           Min: 0, Avg:  0.0, Max: 0, Diff: 0, Sum: 0, Workers: 4
[29.246s][debug][gc,phases      ] GC(67)     Total                          Min: 0, Avg:  0.0, Max: 0, Diff: 0, Sum: 0, Workers: 4
[29.246s][debug][gc,phases      ] GC(67)   StringDedup Requests0 Weak     Min:  0.0, Avg:  0.0, Max:  0.0, Diff:  0.0, Sum:  0.0, Workers: 4
[29.246s][debug][gc,phases      ] GC(67)     Dead                           Min: 0, Avg:  0.0, Max: 0, Diff: 0, Sum: 0, Workers: 4
[29.246s][debug][gc,phases      ] GC(67)     Total                          Min: 0, Avg:  0.0, Max: 0, Diff: 0, Sum: 0, Workers: 4
[29.246s][debug][gc,phases      ] GC(67)   StringDedup Requests1 Weak     Min:  0.0, Avg:  0.0, Max:  0.0, Diff:  0.0, Sum:  0.0, Workers: 4
[29.246s][debug][gc,phases      ] GC(67)     Dead                           Min: 0, Avg:  0.0, Max: 0, Diff: 0, Sum: 0, Workers: 4
[29.246s][debug][gc,phases      ] GC(67)     Total                          Min: 0, Avg:  0.0, Max: 0, Diff: 0, Sum: 0, Workers: 4
[29.246s][debug][gc,phases      ] GC(67)   Weak JFR Old Object Samples    Min:  0.0, Avg:  0.0, Max:  0.0, Diff:  0.0, Sum:  0.0, Workers: 4
[29.246s][debug][gc,phases      ] GC(67)     Dead                           Min: 0, Avg:  0.0, Max: 0, Diff: 0, Sum: 0, Workers: 4
[29.246s][debug][gc,phases      ] GC(67)     Total                          Min: 0, Avg:  0.0, Max: 0, Diff: 0, Sum: 0, Workers: 4
[29.246s][debug][gc,phases      ] GC(67) Weak Processing 0.326ms
[29.246s][debug][gc,age         ] GC(67) Desired survivor size 224395264 bytes, new threshold 15 (max threshold 15)
[29.246s][info ][gc,heap        ] GC(67) PSYoungGen: 1706384K(1871872K)->60480K(1864192K) Eden: 1638912K(1638912K)->0K(1638912K) From: 67472K(232960K)->60480K(225280K)
[29.246s][info ][gc,heap        ] GC(67) ParOldGen: 516174K(584192K)->524470K(584192K)
[29.246s][info ][gc,metaspace   ] GC(67) Metaspace: 70296K(71040K)->70296K(71040K) NonClass: 60144K(60544K)->60144K(60544K) Class: 10152K(10496K)->10152K(10496K)
[29.246s][info ][gc             ] GC(67) Pause Young (Allocation Failure) 2170M->571M(2391M) 22.760ms
[29.246s][info ][gc,cpu         ] GC(67) User=0.08s Sys=0.01s Real=0.02s
[29.246s][info ][safepoint      ] Safepoint "ParallelGCFailedAllocation", Time since last: 329991297 ns, Reaching safepoint: 200606 ns, At safepoint: 22881089 ns, Total: 23081695 ns
[29.593s][info ][safepoint      ] Safepoint "ICBufferFull", Time since last: 346529222 ns, Reaching safepoint: 255307 ns, At safepoint: 27201 ns, Total: 282508 ns
[29.640s][info ][gc,start       ] GC(68) Pause Young (Allocation Failure)
[29.663s][debug][gc,phases      ] GC(68) Scavenge 23.002ms
[29.663s][debug][gc,ref         ] GC(68) Skipped phase 1 of Reference Processing: no references
[29.663s][debug][gc,ref         ] GC(68) ReferenceProcessor::execute queues: 1, RefProcThreadModel::Single, marks_oops_alive: false
[29.663s][debug][gc,ref         ] GC(68) Skipped phase 3 of Reference Processing: no references
[29.663s][debug][gc,ref         ] GC(68) ReferenceProcessor::execute queues: 1, RefProcThreadModel::Single, marks_oops_alive: false
[29.663s][debug][gc,phases      ] GC(68) Reference Processing 0.147ms
[29.663s][debug][gc,phases      ] GC(68)   VM Weak                        Min:  0.0, Avg:  0.0, Max:  0.0, Diff:  0.0, Sum:  0.0, Workers: 4
[29.663s][debug][gc,phases      ] GC(68)     Dead                           Min: 0, Avg:  0.0, Max: 0, Diff: 0, Sum: 0, Workers: 4
[29.663s][debug][gc,phases      ] GC(68)     Total                          Min: 0, Avg: 150.8, Max: 539, Diff: 539, Sum: 603, Workers: 4
[29.663s][debug][gc,phases      ] GC(68)   ObjectSynchronizer Weak        Min:  0.0, Avg:  0.0, Max:  0.0, Diff:  0.0, Sum:  0.0, Workers: 4
[29.663s][debug][gc,phases      ] GC(68)     Dead                           Min: 0, Avg:  0.0, Max: 0, Diff: 0, Sum: 0, Workers: 4
[29.663s][debug][gc,phases      ] GC(68)     Total                          Min: 0, Avg: 96.8, Max: 256, Diff: 256, Sum: 387, Workers: 4
[29.663s][debug][gc,phases      ] GC(68)   JVMTI Tag Weak OopStorage      Min:  0.0, Avg:  0.0, Max:  0.0, Diff:  0.0, Sum:  0.0, Workers: 4
[29.663s][debug][gc,phases      ] GC(68)     Dead                           Min: 0, Avg:  0.0, Max: 0, Diff: 0, Sum: 0, Workers: 4
[29.663s][debug][gc,phases      ] GC(68)     Total                          Min: 0, Avg:  0.0, Max: 0, Diff: 0, Sum: 0, Workers: 4
[29.664s][debug][gc,phases      ] GC(68)   StringTable Weak               Min:  0.1, Avg:  0.1, Max:  0.1, Diff:  0.0, Sum:  0.4, Workers: 4
[29.664s][debug][gc,phases      ] GC(68)     Dead                           Min: 0, Avg:  0.0, Max: 0, Diff: 0, Sum: 0, Workers: 4
[29.664s][debug][gc,phases      ] GC(68)     Total                          Min: 10368, Avg: 10897.2, Max: 11904, Diff: 1536, Sum: 43589, Workers: 4
[29.664s][debug][gc,phases      ] GC(68)   ResolvedMethodTable Weak       Min:  0.0, Avg:  0.0, Max:  0.0, Diff:  0.0, Sum:  0.1, Workers: 4
[29.664s][debug][gc,phases      ] GC(68)     Dead                           Min: 0, Avg:  0.0, Max: 0, Diff: 0, Sum: 0, Workers: 4
[29.664s][debug][gc,phases      ] GC(68)     Total                          Min: 1664, Avg: 1818.0, Max: 1960, Diff: 296, Sum: 7272, Workers: 4
[29.664s][debug][gc,phases      ] GC(68)   JNI Weak                       Min:  0.0, Avg:  0.0, Max:  0.0, Diff:  0.0, Sum:  0.0, Workers: 4
[29.664s][debug][gc,phases      ] GC(68)     Dead                           Min: 0, Avg:  0.0, Max: 0, Diff: 0, Sum: 0, Workers: 4
[29.664s][debug][gc,phases      ] GC(68)     Total                          Min: 0, Avg:  0.8, Max: 3, Diff: 3, Sum: 3, Workers: 4
[29.664s][debug][gc,phases      ] GC(68)   StringDedup Table Weak         Min:  0.0, Avg:  0.0, Max:  0.0, Diff:  0.0, Sum:  0.0, Workers: 4
[29.664s][debug][gc,phases      ] GC(68)     Dead                           Min: 0, Avg:  0.0, Max: 0, Diff: 0, Sum: 0, Workers: 4
[29.664s][debug][gc,phases      ] GC(68)     Total                          Min: 0, Avg:  0.0, Max: 0, Diff: 0, Sum: 0, Workers: 4
[29.664s][debug][gc,phases      ] GC(68)   StringDedup Requests0 Weak     Min:  0.0, Avg:  0.0, Max:  0.0, Diff:  0.0, Sum:  0.0, Workers: 4
[29.664s][debug][gc,phases      ] GC(68)     Dead                           Min: 0, Avg:  0.0, Max: 0, Diff: 0, Sum: 0, Workers: 4
[29.664s][debug][gc,phases      ] GC(68)     Total                          Min: 0, Avg:  0.0, Max: 0, Diff: 0, Sum: 0, Workers: 4
[29.664s][debug][gc,phases      ] GC(68)   StringDedup Requests1 Weak     Min:  0.0, Avg:  0.0, Max:  0.0, Diff:  0.0, Sum:  0.0, Workers: 4
[29.664s][debug][gc,phases      ] GC(68)     Dead                           Min: 0, Avg:  0.0, Max: 0, Diff: 0, Sum: 0, Workers: 4
[29.664s][debug][gc,phases      ] GC(68)     Total                          Min: 0, Avg:  0.0, Max: 0, Diff: 0, Sum: 0, Workers: 4
[29.664s][debug][gc,phases      ] GC(68)   Weak JFR Old Object Samples    Min:  0.0, Avg:  0.0, Max:  0.0, Diff:  0.0, Sum:  0.0, Workers: 4
[29.664s][debug][gc,phases      ] GC(68)     Dead                           Min: 0, Avg:  0.0, Max: 0, Diff: 0, Sum: 0, Workers: 4
[29.664s][debug][gc,phases      ] GC(68)     Total                          Min: 0, Avg:  0.0, Max: 0, Diff: 0, Sum: 0, Workers: 4
[29.664s][debug][gc,phases      ] GC(68) Weak Processing 0.334ms
[29.664s][debug][gc,age         ] GC(68) Desired survivor size 217579520 bytes, new threshold 15 (max threshold 15)
[29.664s][info ][gc,heap        ] GC(68) PSYoungGen: 1699392K(1864192K)->57360K(1884672K) Eden: 1638912K(1638912K)->0K(1665536K) From: 60480K(225280K)->57360K(219136K)
[29.664s][info ][gc,heap        ] GC(68) ParOldGen: 524470K(584192K)->531094K(584192K)
[29.664s][info ][gc,metaspace   ] GC(68) Metaspace: 70442K(71168K)->70442K(71168K) NonClass: 60287K(60672K)->60287K(60672K) Class: 10154K(10496K)->10154K(10496K)
[29.664s][info ][gc             ] GC(68) Pause Young (Allocation Failure) 2171M->574M(2411M) 23.620ms
[29.664s][info ][gc,cpu         ] GC(68) User=0.10s Sys=0.00s Real=0.02s
[29.664s][info ][safepoint      ] Safepoint "ParallelGCFailedAllocation", Time since last: 47279217 ns, Reaching safepoint: 137003 ns, At safepoint: 23728711 ns, Total: 23865714 ns
[29.995s][info ][safepoint      ] Safepoint "ParallelGCFailedAllocation", Time since last: 330635713 ns, Reaching safepoint: 215906 ns, At safepoint: 33201 ns, Total: 249107 ns
[29.995s][info ][gc,start       ] GC(69) Pause Young (GCLocker Initiated GC)
[30.019s][debug][gc,phases      ] GC(69) Scavenge 23.570ms
[30.019s][debug][gc,ref         ] GC(69) Skipped phase 1 of Reference Processing: no references
[30.019s][debug][gc,ref         ] GC(69) ReferenceProcessor::execute queues: 1, RefProcThreadModel::Single, marks_oops_alive: false
[30.019s][debug][gc,ref         ] GC(69) Skipped phase 3 of Reference Processing: no references
[30.019s][debug][gc,ref         ] GC(69) ReferenceProcessor::execute queues: 1, RefProcThreadModel::Single, marks_oops_alive: false
[30.019s][debug][gc,phases      ] GC(69) Reference Processing 0.149ms
[30.019s][debug][gc,phases      ] GC(69)   VM Weak                        Min:  0.0, Avg:  0.0, Max:  0.0, Diff:  0.0, Sum:  0.0, Workers: 4
[30.019s][debug][gc,phases      ] GC(69)     Dead                           Min: 0, Avg:  0.0, Max: 0, Diff: 0, Sum: 0, Workers: 4
[30.019s][debug][gc,phases      ] GC(69)     Total                          Min: 0, Avg: 150.8, Max: 475, Diff: 475, Sum: 603, Workers: 4
[30.019s][debug][gc,phases      ] GC(69)   ObjectSynchronizer Weak        Min:  0.0, Avg:  0.0, Max:  0.0, Diff:  0.0, Sum:  0.0, Workers: 4
[30.019s][debug][gc,phases      ] GC(69)     Dead                           Min: 0, Avg:  0.0, Max: 0, Diff: 0, Sum: 0, Workers: 4
[30.019s][debug][gc,phases      ] GC(69)     Total                          Min: 0, Avg: 96.8, Max: 192, Diff: 192, Sum: 387, Workers: 4
[30.019s][debug][gc,phases      ] GC(69)   JVMTI Tag Weak OopStorage      Min:  0.0, Avg:  0.0, Max:  0.0, Diff:  0.0, Sum:  0.0, Workers: 4
[30.019s][debug][gc,phases      ] GC(69)     Dead                           Min: 0, Avg:  0.0, Max: 0, Diff: 0, Sum: 0, Workers: 4
[30.019s][debug][gc,phases      ] GC(69)     Total                          Min: 0, Avg:  0.0, Max: 0, Diff: 0, Sum: 0, Workers: 4
[30.019s][debug][gc,phases      ] GC(69)   StringTable Weak               Min:  0.1, Avg:  0.1, Max:  0.1, Diff:  0.0, Sum:  0.4, Workers: 4
[30.019s][debug][gc,phases      ] GC(69)     Dead                           Min: 0, Avg:  0.0, Max: 0, Diff: 0, Sum: 0, Workers: 4
[30.019s][debug][gc,phases      ] GC(69)     Total                          Min: 10240, Avg: 10899.0, Max: 11724, Diff: 1484, Sum: 43596, Workers: 4
[30.019s][debug][gc,phases      ] GC(69)   ResolvedMethodTable Weak       Min:  0.0, Avg:  0.0, Max:  0.0, Diff:  0.0, Sum:  0.1, Workers: 4
[30.019s][debug][gc,phases      ] GC(69)     Dead                           Min: 0, Avg:  0.0, Max: 0, Diff: 0, Sum: 0, Workers: 4
[30.019s][debug][gc,phases      ] GC(69)     Total                          Min: 1664, Avg: 1819.2, Max: 2112, Diff: 448, Sum: 7277, Workers: 4
[30.019s][debug][gc,phases      ] GC(69)   JNI Weak                       Min:  0.0, Avg:  0.0, Max:  0.0, Diff:  0.0, Sum:  0.0, Workers: 4
[30.019s][debug][gc,phases      ] GC(69)     Dead                           Min: 0, Avg:  0.0, Max: 0, Diff: 0, Sum: 0, Workers: 4
[30.019s][debug][gc,phases      ] GC(69)     Total                          Min: 0, Avg:  2.0, Max: 8, Diff: 8, Sum: 8, Workers: 4
[30.019s][debug][gc,phases      ] GC(69)   StringDedup Table Weak         Min:  0.0, Avg:  0.0, Max:  0.0, Diff:  0.0, Sum:  0.0, Workers: 4
[30.019s][debug][gc,phases      ] GC(69)     Dead                           Min: 0, Avg:  0.0, Max: 0, Diff: 0, Sum: 0, Workers: 4
[30.019s][debug][gc,phases      ] GC(69)     Total                          Min: 0, Avg:  0.0, Max: 0, Diff: 0, Sum: 0, Workers: 4
[30.019s][debug][gc,phases      ] GC(69)   StringDedup Requests0 Weak     Min:  0.0, Avg:  0.0, Max:  0.0, Diff:  0.0, Sum:  0.0, Workers: 4
[30.019s][debug][gc,phases      ] GC(69)     Dead                           Min: 0, Avg:  0.0, Max: 0, Diff: 0, Sum: 0, Workers: 4
[30.019s][debug][gc,phases      ] GC(69)     Total                          Min: 0, Avg:  0.0, Max: 0, Diff: 0, Sum: 0, Workers: 4
[30.019s][debug][gc,phases      ] GC(69)   StringDedup Requests1 Weak     Min:  0.0, Avg:  0.0, Max:  0.0, Diff:  0.0, Sum:  0.0, Workers: 4
[30.019s][debug][gc,phases      ] GC(69)     Dead                           Min: 0, Avg:  0.0, Max: 0, Diff: 0, Sum: 0, Workers: 4
[30.019s][debug][gc,phases      ] GC(69)     Total                          Min: 0, Avg:  0.0, Max: 0, Diff: 0, Sum: 0, Workers: 4
[30.019s][debug][gc,phases      ] GC(69)   Weak JFR Old Object Samples    Min:  0.0, Avg:  0.0, Max:  0.0, Diff:  0.0, Sum:  0.0, Workers: 4
[30.019s][debug][gc,phases      ] GC(69)     Dead                           Min: 0, Avg:  0.0, Max: 0, Diff: 0, Sum: 0, Workers: 4
[30.019s][debug][gc,phases      ] GC(69)     Total                          Min: 0, Avg:  0.0, Max: 0, Diff: 0, Sum: 0, Workers: 4
[30.019s][debug][gc,phases      ] GC(69) Weak Processing 0.318ms
[30.019s][debug][gc,age         ] GC(69) Desired survivor size 211288064 bytes, new threshold 15 (max threshold 15)
[30.019s][info ][gc,heap        ] GC(69) PSYoungGen: 1722896K(1884672K)->56144K(1878016K) Eden: 1665536K(1665536K)->0K(1665536K) From: 57360K(219136K)->56144K(212480K)
[30.019s][info ][gc,heap        ] GC(69) ParOldGen: 531094K(584192K)->535710K(584192K)
[30.019s][info ][gc,metaspace   ] GC(69) Metaspace: 70530K(71232K)->70530K(71232K) NonClass: 60374K(60736K)->60374K(60736K) Class: 10156K(10496K)->10156K(10496K)
[30.019s][info ][gc             ] GC(69) Pause Young (GCLocker Initiated GC) 2201M->577M(2404M) 24.158ms
[30.019s][info ][gc,cpu         ] GC(69) User=0.09s Sys=0.00s Real=0.03s
[30.019s][info ][safepoint      ] Safepoint "ParallelGCSystemGC", Time since last: 330108 ns, Reaching safepoint: 109803 ns, At safepoint: 24265025 ns, Total: 24374828 ns
[30.320s][info ][safepoint      ] Safepoint "ParallelGCFailedAllocation", Time since last: 298239478 ns, Reaching safepoint: 2153756 ns, At safepoint: 38801 ns, Total: 2192557 ns
[30.320s][info ][gc,start       ] GC(70) Pause Young (GCLocker Initiated GC)
[30.343s][debug][gc,phases      ] GC(70) Scavenge 22.794ms
[30.343s][debug][gc,ref         ] GC(70) Skipped phase 1 of Reference Processing: no references
[30.343s][debug][gc,ref         ] GC(70) ReferenceProcessor::execute queues: 1, RefProcThreadModel::Single, marks_oops_alive: false
[30.343s][debug][gc,ref         ] GC(70) Skipped phase 3 of Reference Processing: no references
[30.343s][debug][gc,ref         ] GC(70) ReferenceProcessor::execute queues: 1, RefProcThreadModel::Single, marks_oops_alive: false
[30.343s][debug][gc,phases      ] GC(70) Reference Processing 0.151ms
[30.343s][debug][gc,phases      ] GC(70)   VM Weak                        Min:  0.0, Avg:  0.0, Max:  0.0, Diff:  0.0, Sum:  0.0, Workers: 4
[30.343s][debug][gc,phases      ] GC(70)     Dead                           Min: 0, Avg:  0.0, Max: 0, Diff: 0, Sum: 0, Workers: 4
[30.343s][debug][gc,phases      ] GC(70)     Total                          Min: 0, Avg: 150.8, Max: 219, Diff: 219, Sum: 603, Workers: 4
[30.343s][debug][gc,phases      ] GC(70)   ObjectSynchronizer Weak        Min:  0.0, Avg:  0.0, Max:  0.0, Diff:  0.0, Sum:  0.0, Workers: 4
[30.343s][debug][gc,phases      ] GC(70)     Dead                           Min: 0, Avg:  0.0, Max: 0, Diff: 0, Sum: 0, Workers: 4
[30.343s][debug][gc,phases      ] GC(70)     Total                          Min: 0, Avg: 96.8, Max: 192, Diff: 192, Sum: 387, Workers: 4
[30.343s][debug][gc,phases      ] GC(70)   JVMTI Tag Weak OopStorage      Min:  0.0, Avg:  0.0, Max:  0.0, Diff:  0.0, Sum:  0.0, Workers: 4
[30.343s][debug][gc,phases      ] GC(70)     Dead                           Min: 0, Avg:  0.0, Max: 0, Diff: 0, Sum: 0, Workers: 4
[30.343s][debug][gc,phases      ] GC(70)     Total                          Min: 0, Avg:  0.0, Max: 0, Diff: 0, Sum: 0, Workers: 4
[30.343s][debug][gc,phases      ] GC(70)   StringTable Weak               Min:  0.0, Avg:  0.1, Max:  0.1, Diff:  0.1, Sum:  0.4, Workers: 4
[30.343s][debug][gc,phases      ] GC(70)     Dead                           Min: 0, Avg:  0.0, Max: 0, Diff: 0, Sum: 0, Workers: 4
[30.343s][debug][gc,phases      ] GC(70)     Total                          Min: 0, Avg: 10899.5, Max: 14926, Diff: 14926, Sum: 43598, Workers: 4
[30.343s][debug][gc,phases      ] GC(70)   ResolvedMethodTable Weak       Min:  0.0, Avg:  0.0, Max:  0.0, Diff:  0.0, Sum:  0.1, Workers: 4
[30.343s][debug][gc,phases      ] GC(70)     Dead                           Min: 0, Avg:  0.0, Max: 0, Diff: 0, Sum: 0, Workers: 4
[30.343s][debug][gc,phases      ] GC(70)     Total                          Min: 0, Avg: 1819.2, Max: 2624, Diff: 2624, Sum: 7277, Workers: 4
[30.343s][debug][gc,phases      ] GC(70)   JNI Weak                       Min:  0.0, Avg:  0.0, Max:  0.0, Diff:  0.0, Sum:  0.0, Workers: 4
[30.343s][debug][gc,phases      ] GC(70)     Dead                           Min: 0, Avg:  0.0, Max: 0, Diff: 0, Sum: 0, Workers: 4
[30.343s][debug][gc,phases      ] GC(70)     Total                          Min: 0, Avg:  3.5, Max: 14, Diff: 14, Sum: 14, Workers: 4
[30.343s][debug][gc,phases      ] GC(70)   StringDedup Table Weak         Min:  0.0, Avg:  0.0, Max:  0.0, Diff:  0.0, Sum:  0.0, Workers: 4
[30.343s][debug][gc,phases      ] GC(70)     Dead                           Min: 0, Avg:  0.0, Max: 0, Diff: 0, Sum: 0, Workers: 4
[30.343s][debug][gc,phases      ] GC(70)     Total                          Min: 0, Avg:  0.0, Max: 0, Diff: 0, Sum: 0, Workers: 4
[30.343s][debug][gc,phases      ] GC(70)   StringDedup Requests0 Weak     Min:  0.0, Avg:  0.0, Max:  0.0, Diff:  0.0, Sum:  0.0, Workers: 4
[30.343s][debug][gc,phases      ] GC(70)     Dead                           Min: 0, Avg:  0.0, Max: 0, Diff: 0, Sum: 0, Workers: 4
[30.343s][debug][gc,phases      ] GC(70)     Total                          Min: 0, Avg:  0.0, Max: 0, Diff: 0, Sum: 0, Workers: 4
[30.343s][debug][gc,phases      ] GC(70)   StringDedup Requests1 Weak     Min:  0.0, Avg:  0.0, Max:  0.0, Diff:  0.0, Sum:  0.0, Workers: 4
[30.343s][debug][gc,phases      ] GC(70)     Dead                           Min: 0, Avg:  0.0, Max: 0, Diff: 0, Sum: 0, Workers: 4
[30.343s][debug][gc,phases      ] GC(70)     Total                          Min: 0, Avg:  0.0, Max: 0, Diff: 0, Sum: 0, Workers: 4
[30.343s][debug][gc,phases      ] GC(70)   Weak JFR Old Object Samples    Min:  0.0, Avg:  0.0, Max:  0.0, Diff:  0.0, Sum:  0.0, Workers: 4
[30.343s][debug][gc,phases      ] GC(70)     Dead                           Min: 0, Avg:  0.0, Max: 0, Diff: 0, Sum: 0, Workers: 4
[30.343s][debug][gc,phases      ] GC(70)     Total                          Min: 0, Avg:  0.0, Max: 0, Diff: 0, Sum: 0, Workers: 4
[30.343s][debug][gc,phases      ] GC(70) Weak Processing 0.368ms
[30.343s][debug][gc,age         ] GC(70) Desired survivor size 205520896 bytes, new threshold 15 (max threshold 15)
[30.343s][info ][gc,heap        ] GC(70) PSYoungGen: 1721680K(1878016K)->48688K(1896448K) Eden: 1665536K(1665536K)->0K(1690112K) From: 56144K(212480K)->48688K(206336K)
[30.343s][info ][gc,heap        ] GC(70) ParOldGen: 535711K(584192K)->541403K(584192K)
[30.343s][info ][gc,metaspace   ] GC(70) Metaspace: 70614K(71360K)->70614K(71360K) NonClass: 60457K(60864K)->60457K(60864K) Class: 10156K(10496K)->10156K(10496K)
[30.343s][info ][gc             ] GC(70) Pause Young (GCLocker Initiated GC) 2204M->576M(2422M) 23.430ms
[30.343s][info ][gc,cpu         ] GC(70) User=0.10s Sys=0.01s Real=0.02s
[30.343s][info ][safepoint      ] Safepoint "ParallelGCSystemGC", Time since last: 84102 ns, Reaching safepoint: 104303 ns, At safepoint: 23530405 ns, Total: 23634708 ns
[30.788s][info ][gc,start       ] GC(71) Pause Young (Allocation Failure)
[30.811s][debug][gc,phases      ] GC(71) Scavenge 22.781ms
[30.811s][debug][gc,ref         ] GC(71) Skipped phase 1 of Reference Processing: no references
[30.811s][debug][gc,ref         ] GC(71) ReferenceProcessor::execute queues: 1, RefProcThreadModel::Single, marks_oops_alive: false
[30.811s][debug][gc,ref         ] GC(71) Skipped phase 3 of Reference Processing: no references
[30.811s][debug][gc,ref         ] GC(71) ReferenceProcessor::execute queues: 1, RefProcThreadModel::Single, marks_oops_alive: false
[30.811s][debug][gc,phases      ] GC(71) Reference Processing 0.157ms
[30.811s][debug][gc,phases      ] GC(71)   VM Weak                        Min:  0.0, Avg:  0.0, Max:  0.0, Diff:  0.0, Sum:  0.0, Workers: 4
[30.811s][debug][gc,phases      ] GC(71)     Dead                           Min: 0, Avg:  0.0, Max: 0, Diff: 0, Sum: 0, Workers: 4
[30.811s][debug][gc,phases      ] GC(71)     Total                          Min: 0, Avg: 150.8, Max: 512, Diff: 512, Sum: 603, Workers: 4
[30.811s][debug][gc,phases      ] GC(71)   ObjectSynchronizer Weak        Min:  0.0, Avg:  0.0, Max:  0.0, Diff:  0.0, Sum:  0.0, Workers: 4
[30.811s][debug][gc,phases      ] GC(71)     Dead                           Min: 0, Avg:  0.0, Max: 0, Diff: 0, Sum: 0, Workers: 4
[30.811s][debug][gc,phases      ] GC(71)     Total                          Min: 0, Avg: 96.8, Max: 195, Diff: 195, Sum: 387, Workers: 4
[30.811s][debug][gc,phases      ] GC(71)   JVMTI Tag Weak OopStorage      Min:  0.0, Avg:  0.0, Max:  0.0, Diff:  0.0, Sum:  0.0, Workers: 4
[30.811s][debug][gc,phases      ] GC(71)     Dead                           Min: 0, Avg:  0.0, Max: 0, Diff: 0, Sum: 0, Workers: 4
[30.811s][debug][gc,phases      ] GC(71)     Total                          Min: 0, Avg:  0.0, Max: 0, Diff: 0, Sum: 0, Workers: 4
[30.811s][debug][gc,phases      ] GC(71)   StringTable Weak               Min:  0.1, Avg:  0.1, Max:  0.1, Diff:  0.0, Sum:  0.4, Workers: 4
[30.811s][debug][gc,phases      ] GC(71)     Dead                           Min: 0, Avg:  0.0, Max: 0, Diff: 0, Sum: 0, Workers: 4
[30.811s][debug][gc,phases      ] GC(71)     Total                          Min: 10390, Avg: 10901.5, Max: 11264, Diff: 874, Sum: 43606, Workers: 4
[30.811s][debug][gc,phases      ] GC(71)   ResolvedMethodTable Weak       Min:  0.0, Avg:  0.0, Max:  0.0, Diff:  0.0, Sum:  0.1, Workers: 4
[30.811s][debug][gc,phases      ] GC(71)     Dead                           Min: 0, Avg:  0.0, Max: 0, Diff: 0, Sum: 0, Workers: 4
[30.811s][debug][gc,phases      ] GC(71)     Total                          Min: 1600, Avg: 1819.2, Max: 2093, Diff: 493, Sum: 7277, Workers: 4
[30.811s][debug][gc,phases      ] GC(71)   JNI Weak                       Min:  0.0, Avg:  0.0, Max:  0.0, Diff:  0.0, Sum:  0.0, Workers: 4
[30.811s][debug][gc,phases      ] GC(71)     Dead                           Min: 0, Avg:  0.0, Max: 0, Diff: 0, Sum: 0, Workers: 4
[30.811s][debug][gc,phases      ] GC(71)     Total                          Min: 0, Avg:  2.0, Max: 8, Diff: 8, Sum: 8, Workers: 4
[30.811s][debug][gc,phases      ] GC(71)   StringDedup Table Weak         Min:  0.0, Avg:  0.0, Max:  0.0, Diff:  0.0, Sum:  0.0, Workers: 4
[30.811s][debug][gc,phases      ] GC(71)     Dead                           Min: 0, Avg:  0.0, Max: 0, Diff: 0, Sum: 0, Workers: 4
[30.811s][debug][gc,phases      ] GC(71)     Total                          Min: 0, Avg:  0.0, Max: 0, Diff: 0, Sum: 0, Workers: 4
[30.811s][debug][gc,phases      ] GC(71)   StringDedup Requests0 Weak     Min:  0.0, Avg:  0.0, Max:  0.0, Diff:  0.0, Sum:  0.0, Workers: 4
[30.811s][debug][gc,phases      ] GC(71)     Dead                           Min: 0, Avg:  0.0, Max: 0, Diff: 0, Sum: 0, Workers: 4
[30.811s][debug][gc,phases      ] GC(71)     Total                          Min: 0, Avg:  0.0, Max: 0, Diff: 0, Sum: 0, Workers: 4
[30.811s][debug][gc,phases      ] GC(71)   StringDedup Requests1 Weak     Min:  0.0, Avg:  0.0, Max:  0.0, Diff:  0.0, Sum:  0.0, Workers: 4
[30.811s][debug][gc,phases      ] GC(71)     Dead                           Min: 0, Avg:  0.0, Max: 0, Diff: 0, Sum: 0, Workers: 4
[30.811s][debug][gc,phases      ] GC(71)     Total                          Min: 0, Avg:  0.0, Max: 0, Diff: 0, Sum: 0, Workers: 4
[30.811s][debug][gc,phases      ] GC(71)   Weak JFR Old Object Samples    Min:  0.0, Avg:  0.0, Max:  0.0, Diff:  0.0, Sum:  0.0, Workers: 4
[30.811s][debug][gc,phases      ] GC(71)     Dead                           Min: 0, Avg:  0.0, Max: 0, Diff: 0, Sum: 0, Workers: 4
[30.811s][debug][gc,phases      ] GC(71)     Total                          Min: 0, Avg:  0.0, Max: 0, Diff: 0, Sum: 0, Workers: 4
[30.811s][debug][gc,phases      ] GC(71) Weak Processing 0.328ms
[30.811s][debug][gc,age         ] GC(71) Desired survivor size 200802304 bytes, new threshold 15 (max threshold 15)
[30.811s][info ][gc,heap        ] GC(71) PSYoungGen: 1738800K(1896448K)->41600K(1890816K) Eden: 1690112K(1690112K)->0K(1690112K) From: 48688K(206336K)->41600K(200704K)
[30.811s][info ][gc,heap        ] GC(71) ParOldGen: 541404K(584192K)->550010K(584192K)
[30.811s][info ][gc,metaspace   ] GC(71) Metaspace: 70680K(71424K)->70680K(71424K) NonClass: 60518K(60928K)->60518K(60928K) Class: 10161K(10496K)->10161K(10496K)
[30.811s][info ][gc             ] GC(71) Pause Young (Allocation Failure) 2226M->577M(2417M) 23.411ms
[30.811s][info ][gc,cpu         ] GC(71) User=0.08s Sys=0.00s Real=0.02s
[30.811s][info ][safepoint      ] Safepoint "ParallelGCFailedAllocation", Time since last: 443824227 ns, Reaching safepoint: 672017 ns, At safepoint: 23537606 ns, Total: 24209623 ns
[31.152s][info ][gc,start       ] GC(72) Pause Young (Allocation Failure)
[31.169s][debug][gc,phases      ] GC(72) Scavenge 17.509ms
[31.169s][debug][gc,ref         ] GC(72) Skipped phase 1 of Reference Processing: no references
[31.170s][debug][gc,ref         ] GC(72) ReferenceProcessor::execute queues: 1, RefProcThreadModel::Single, marks_oops_alive: false
[31.170s][debug][gc,ref         ] GC(72) Skipped phase 3 of Reference Processing: no references
[31.170s][debug][gc,ref         ] GC(72) ReferenceProcessor::execute queues: 1, RefProcThreadModel::Single, marks_oops_alive: false
[31.170s][debug][gc,phases      ] GC(72) Reference Processing 0.141ms
[31.170s][debug][gc,phases      ] GC(72)   VM Weak                        Min:  0.0, Avg:  0.0, Max:  0.0, Diff:  0.0, Sum:  0.0, Workers: 4
[31.170s][debug][gc,phases      ] GC(72)     Dead                           Min: 0, Avg:  0.0, Max: 0, Diff: 0, Sum: 0, Workers: 4
[31.170s][debug][gc,phases      ] GC(72)     Total                          Min: 0, Avg: 150.8, Max: 320, Diff: 320, Sum: 603, Workers: 4
[31.170s][debug][gc,phases      ] GC(72)   ObjectSynchronizer Weak        Min:  0.0, Avg:  0.0, Max:  0.0, Diff:  0.0, Sum:  0.0, Workers: 4
[31.170s][debug][gc,phases      ] GC(72)     Dead                           Min: 0, Avg:  0.0, Max: 0, Diff: 0, Sum: 0, Workers: 4
[31.170s][debug][gc,phases      ] GC(72)     Total                          Min: 0, Avg: 96.8, Max: 131, Diff: 131, Sum: 387, Workers: 4
[31.170s][debug][gc,phases      ] GC(72)   JVMTI Tag Weak OopStorage      Min:  0.0, Avg:  0.0, Max:  0.0, Diff:  0.0, Sum:  0.0, Workers: 4
[31.170s][debug][gc,phases      ] GC(72)     Dead                           Min: 0, Avg:  0.0, Max: 0, Diff: 0, Sum: 0, Workers: 4
[31.170s][debug][gc,phases      ] GC(72)     Total                          Min: 0, Avg:  0.0, Max: 0, Diff: 0, Sum: 0, Workers: 4
[31.170s][debug][gc,phases      ] GC(72)   StringTable Weak               Min:  0.1, Avg:  0.1, Max:  0.1, Diff:  0.0, Sum:  0.4, Workers: 4
[31.170s][debug][gc,phases      ] GC(72)     Dead                           Min: 0, Avg:  0.0, Max: 0, Diff: 0, Sum: 0, Workers: 4
[31.170s][debug][gc,phases      ] GC(72)     Total                          Min: 10176, Avg: 10901.5, Max: 11968, Diff: 1792, Sum: 43606, Workers: 4
[31.170s][debug][gc,phases      ] GC(72)   ResolvedMethodTable Weak       Min:  0.0, Avg:  0.0, Max:  0.0, Diff:  0.0, Sum:  0.1, Workers: 4
[31.170s][debug][gc,phases      ] GC(72)     Dead                           Min: 0, Avg:  0.0, Max: 0, Diff: 0, Sum: 0, Workers: 4
[31.170s][debug][gc,phases      ] GC(72)     Total                          Min: 1408, Avg: 1819.2, Max: 2112, Diff: 704, Sum: 7277, Workers: 4
[31.170s][debug][gc,phases      ] GC(72)   JNI Weak                       Min:  0.0, Avg:  0.0, Max:  0.0, Diff:  0.0, Sum:  0.0, Workers: 4
[31.170s][debug][gc,phases      ] GC(72)     Dead                           Min: 0, Avg:  0.0, Max: 0, Diff: 0, Sum: 0, Workers: 4
[31.170s][debug][gc,phases      ] GC(72)     Total                          Min: 0, Avg:  1.0, Max: 4, Diff: 4, Sum: 4, Workers: 4
[31.170s][debug][gc,phases      ] GC(72)   StringDedup Table Weak         Min:  0.0, Avg:  0.0, Max:  0.0, Diff:  0.0, Sum:  0.0, Workers: 4
[31.170s][debug][gc,phases      ] GC(72)     Dead                           Min: 0, Avg:  0.0, Max: 0, Diff: 0, Sum: 0, Workers: 4
[31.170s][debug][gc,phases      ] GC(72)     Total                          Min: 0, Avg:  0.0, Max: 0, Diff: 0, Sum: 0, Workers: 4
[31.170s][debug][gc,phases      ] GC(72)   StringDedup Requests0 Weak     Min:  0.0, Avg:  0.0, Max:  0.0, Diff:  0.0, Sum:  0.0, Workers: 4
[31.170s][debug][gc,phases      ] GC(72)     Dead                           Min: 0, Avg:  0.0, Max: 0, Diff: 0, Sum: 0, Workers: 4
[31.170s][debug][gc,phases      ] GC(72)     Total                          Min: 0, Avg:  0.0, Max: 0, Diff: 0, Sum: 0, Workers: 4
[31.170s][debug][gc,phases      ] GC(72)   StringDedup Requests1 Weak     Min:  0.0, Avg:  0.0, Max:  0.0, Diff:  0.0, Sum:  0.0, Workers: 4
[31.170s][debug][gc,phases      ] GC(72)     Dead                           Min: 0, Avg:  0.0, Max: 0, Diff: 0, Sum: 0, Workers: 4
[31.170s][debug][gc,phases      ] GC(72)     Total                          Min: 0, Avg:  0.0, Max: 0, Diff: 0, Sum: 0, Workers: 4
[31.170s][debug][gc,phases      ] GC(72)   Weak JFR Old Object Samples    Min:  0.0, Avg:  0.0, Max:  0.0, Diff:  0.0, Sum:  0.0, Workers: 4
[31.170s][debug][gc,phases      ] GC(72)     Dead                           Min: 0, Avg:  0.0, Max: 0, Diff: 0, Sum: 0, Workers: 4
[31.170s][debug][gc,phases      ] GC(72)     Total                          Min: 0, Avg:  0.0, Max: 0, Diff: 0, Sum: 0, Workers: 4
[31.170s][debug][gc,phases      ] GC(72) Weak Processing 0.317ms
[31.170s][debug][gc,age         ] GC(72) Desired survivor size 197132288 bytes, new threshold 15 (max threshold 15)
[31.170s][info ][gc,heap        ] GC(72) PSYoungGen: 1731712K(1890816K)->32224K(1904640K) Eden: 1690112K(1690112K)->0K(1708544K) From: 41600K(200704K)->32224K(196096K)
[31.170s][info ][gc,heap        ] GC(72) ParOldGen: 550010K(584192K)->557110K(584192K)
[31.170s][info ][gc,metaspace   ] GC(72) Metaspace: 70688K(71424K)->70688K(71424K) NonClass: 60526K(60928K)->60526K(60928K) Class: 10161K(10496K)->10161K(10496K)
[31.170s][info ][gc             ] GC(72) Pause Young (Allocation Failure) 2228M->575M(2430M) 18.103ms
[31.170s][info ][gc,cpu         ] GC(72) User=0.07s Sys=0.00s Real=0.02s
[31.170s][info ][safepoint      ] Safepoint "ParallelGCFailedAllocation", Time since last: 340125056 ns, Reaching safepoint: 159104 ns, At safepoint: 18232070 ns, Total: 18391174 ns
[31.530s][info ][gc,start       ] GC(73) Pause Young (Allocation Failure)
[31.544s][debug][gc,phases      ] GC(73) Scavenge 13.933ms
[31.544s][debug][gc,ref         ] GC(73) Skipped phase 1 of Reference Processing: no references
[31.544s][debug][gc,ref         ] GC(73) ReferenceProcessor::execute queues: 1, RefProcThreadModel::Single, marks_oops_alive: false
[31.545s][debug][gc,ref         ] GC(73) Skipped phase 3 of Reference Processing: no references
[31.545s][debug][gc,ref         ] GC(73) ReferenceProcessor::execute queues: 1, RefProcThreadModel::Single, marks_oops_alive: false
[31.545s][debug][gc,phases      ] GC(73) Reference Processing 0.141ms
[31.545s][debug][gc,phases      ] GC(73)   VM Weak                        Min:  0.0, Avg:  0.0, Max:  0.0, Diff:  0.0, Sum:  0.0, Workers: 4
[31.545s][debug][gc,phases      ] GC(73)     Dead                           Min: 0, Avg:  0.0, Max: 0, Diff: 0, Sum: 0, Workers: 4
[31.545s][debug][gc,phases      ] GC(73)     Total                          Min: 0, Avg: 150.8, Max: 320, Diff: 320, Sum: 603, Workers: 4
[31.545s][debug][gc,phases      ] GC(73)   ObjectSynchronizer Weak        Min:  0.0, Avg:  0.0, Max:  0.0, Diff:  0.0, Sum:  0.0, Workers: 4
[31.545s][debug][gc,phases      ] GC(73)     Dead                           Min: 0, Avg:  0.0, Max: 0, Diff: 0, Sum: 0, Workers: 4
[31.545s][debug][gc,phases      ] GC(73)     Total                          Min: 0, Avg: 96.8, Max: 195, Diff: 195, Sum: 387, Workers: 4
[31.545s][debug][gc,phases      ] GC(73)   JVMTI Tag Weak OopStorage      Min:  0.0, Avg:  0.0, Max:  0.0, Diff:  0.0, Sum:  0.0, Workers: 4
[31.545s][debug][gc,phases      ] GC(73)     Dead                           Min: 0, Avg:  0.0, Max: 0, Diff: 0, Sum: 0, Workers: 4
[31.545s][debug][gc,phases      ] GC(73)     Total                          Min: 0, Avg:  0.0, Max: 0, Diff: 0, Sum: 0, Workers: 4
[31.545s][debug][gc,phases      ] GC(73)   StringTable Weak               Min:  0.1, Avg:  0.1, Max:  0.1, Diff:  0.0, Sum:  0.4, Workers: 4
[31.545s][debug][gc,phases      ] GC(73)     Dead                           Min: 0, Avg:  0.0, Max: 0, Diff: 0, Sum: 0, Workers: 4
[31.545s][debug][gc,phases      ] GC(73)     Total                          Min: 10176, Avg: 10901.8, Max: 11671, Diff: 1495, Sum: 43607, Workers: 4
[31.545s][debug][gc,phases      ] GC(73)   ResolvedMethodTable Weak       Min:  0.0, Avg:  0.0, Max:  0.0, Diff:  0.0, Sum:  0.1, Workers: 4
[31.545s][debug][gc,phases      ] GC(73)     Dead                           Min: 0, Avg:  0.0, Max: 0, Diff: 0, Sum: 0, Workers: 4
[31.545s][debug][gc,phases      ] GC(73)     Total                          Min: 1664, Avg: 1819.2, Max: 1984, Diff: 320, Sum: 7277, Workers: 4
[31.545s][debug][gc,phases      ] GC(73)   JNI Weak                       Min:  0.0, Avg:  0.0, Max:  0.0, Diff:  0.0, Sum:  0.0, Workers: 4
[31.545s][debug][gc,phases      ] GC(73)     Dead                           Min: 0, Avg:  0.0, Max: 0, Diff: 0, Sum: 0, Workers: 4
[31.545s][debug][gc,phases      ] GC(73)     Total                          Min: 0, Avg:  2.0, Max: 8, Diff: 8, Sum: 8, Workers: 4
[31.545s][debug][gc,phases      ] GC(73)   StringDedup Table Weak         Min:  0.0, Avg:  0.0, Max:  0.0, Diff:  0.0, Sum:  0.0, Workers: 4
[31.545s][debug][gc,phases      ] GC(73)     Dead                           Min: 0, Avg:  0.0, Max: 0, Diff: 0, Sum: 0, Workers: 4
[31.545s][debug][gc,phases      ] GC(73)     Total                          Min: 0, Avg:  0.0, Max: 0, Diff: 0, Sum: 0, Workers: 4
[31.545s][debug][gc,phases      ] GC(73)   StringDedup Requests0 Weak     Min:  0.0, Avg:  0.0, Max:  0.0, Diff:  0.0, Sum:  0.0, Workers: 4
[31.545s][debug][gc,phases      ] GC(73)     Dead                           Min: 0, Avg:  0.0, Max: 0, Diff: 0, Sum: 0, Workers: 4
[31.545s][debug][gc,phases      ] GC(73)     Total                          Min: 0, Avg:  0.0, Max: 0, Diff: 0, Sum: 0, Workers: 4
[31.545s][debug][gc,phases      ] GC(73)   StringDedup Requests1 Weak     Min:  0.0, Avg:  0.0, Max:  0.0, Diff:  0.0, Sum:  0.0, Workers: 4
[31.545s][debug][gc,phases      ] GC(73)     Dead                           Min: 0, Avg:  0.0, Max: 0, Diff: 0, Sum: 0, Workers: 4
[31.545s][debug][gc,phases      ] GC(73)     Total                          Min: 0, Avg:  0.0, Max: 0, Diff: 0, Sum: 0, Workers: 4
[31.545s][debug][gc,phases      ] GC(73)   Weak JFR Old Object Samples    Min:  0.0, Avg:  0.0, Max:  0.0, Diff:  0.0, Sum:  0.0, Workers: 4
[31.545s][debug][gc,phases      ] GC(73)     Dead                           Min: 0, Avg:  0.0, Max: 0, Diff: 0, Sum: 0, Workers: 4
[31.545s][debug][gc,phases      ] GC(73)     Total                          Min: 0, Avg:  0.0, Max: 0, Diff: 0, Sum: 0, Workers: 4
[31.545s][debug][gc,phases      ] GC(73) Weak Processing 0.320ms
[31.545s][debug][gc,age         ] GC(73) Desired survivor size 193986560 bytes, new threshold 15 (max threshold 15)
[31.545s][info ][gc,heap        ] GC(73) PSYoungGen: 1740768K(1904640K)->24080K(1901056K) Eden: 1708544K(1708544K)->0K(1708544K) From: 32224K(196096K)->24080K(192512K)
[31.545s][info ][gc,heap        ] GC(73) ParOldGen: 557110K(584192K)->566038K(584192K)
[31.545s][info ][gc,metaspace   ] GC(73) Metaspace: 70694K(71488K)->70694K(71488K) NonClass: 60532K(60992K)->60532K(60992K) Class: 10161K(10496K)->10161K(10496K)
[31.545s][info ][gc             ] GC(73) Pause Young (Allocation Failure) 2244M->576M(2427M) 14.530ms
[31.545s][info ][gc,cpu         ] GC(73) User=0.07s Sys=0.00s Real=0.01s
[31.545s][debug][gc,phases      ] GC(74) Pre Compact 0.010ms
[31.545s][info ][gc,start       ] GC(74) Pause Full (Ergonomics)
[31.545s][info ][gc,phases,start] GC(74) Marking Phase
[31.667s][debug][gc,phases      ] GC(74) Par Mark 122.394ms
[31.667s][debug][gc,ref         ] GC(74) Skipped phase 1 of Reference Processing: no references
[31.668s][debug][gc,ref         ] GC(74) ReferenceProcessor::execute queues: 4, RefProcThreadModel::Multi, marks_oops_alive: false
[31.668s][debug][gc,ref         ] GC(74) Skipped phase 3 of Reference Processing: no references
[31.668s][debug][gc,ref         ] GC(74) ReferenceProcessor::execute queues: 1, RefProcThreadModel::Single, marks_oops_alive: false
[31.668s][debug][gc,phases      ] GC(74) Reference Processing 0.631ms
[31.668s][debug][gc,phases      ] GC(74)   VM Weak                        Min:  0.0, Avg:  0.0, Max:  0.0, Diff:  0.0, Sum:  0.0, Workers: 4
[31.668s][debug][gc,phases      ] GC(74)     Dead                           Min: 0, Avg:  0.0, Max: 0, Diff: 0, Sum: 0, Workers: 4
[31.668s][debug][gc,phases      ] GC(74)     Total                          Min: 0, Avg: 150.8, Max: 320, Diff: 320, Sum: 603, Workers: 4
[31.668s][debug][gc,phases      ] GC(74)   ObjectSynchronizer Weak        Min:  0.0, Avg:  0.0, Max:  0.0, Diff:  0.0, Sum:  0.0, Workers: 4
[31.668s][debug][gc,phases      ] GC(74)     Dead                           Min: 0, Avg:  0.5, Max: 1, Diff: 1, Sum: 2, Workers: 4
[31.668s][debug][gc,phases      ] GC(74)     Total                          Min: 64, Avg: 96.8, Max: 128, Diff: 64, Sum: 387, Workers: 4
[31.668s][debug][gc,phases      ] GC(74)   JVMTI Tag Weak OopStorage      Min:  0.0, Avg:  0.0, Max:  0.0, Diff:  0.0, Sum:  0.0, Workers: 4
[31.668s][debug][gc,phases      ] GC(74)     Dead                           Min: 0, Avg:  0.0, Max: 0, Diff: 0, Sum: 0, Workers: 4
[31.668s][debug][gc,phases      ] GC(74)     Total                          Min: 0, Avg:  0.0, Max: 0, Diff: 0, Sum: 0, Workers: 4
[31.668s][debug][gc,phases      ] GC(74)   StringTable Weak               Min:  0.2, Avg:  0.2, Max:  0.2, Diff:  0.0, Sum:  0.6, Workers: 4
[31.668s][debug][gc,phases      ] GC(74)     Dead                           Min: 0, Avg:  0.0, Max: 0, Diff: 0, Sum: 0, Workers: 4
[31.668s][debug][gc,phases      ] GC(74)     Total                          Min: 9920, Avg: 10901.8, Max: 13120, Diff: 3200, Sum: 43607, Workers: 4
[31.668s][debug][gc,phases      ] GC(74)   ResolvedMethodTable Weak       Min:  0.0, Avg:  0.0, Max:  0.0, Diff:  0.0, Sum:  0.1, Workers: 4
[31.668s][debug][gc,phases      ] GC(74)     Dead                           Min: 0, Avg:  0.0, Max: 0, Diff: 0, Sum: 0, Workers: 4
[31.668s][debug][gc,phases      ] GC(74)     Total                          Min: 1581, Avg: 1819.2, Max: 2176, Diff: 595, Sum: 7277, Workers: 4
[31.668s][debug][gc,phases      ] GC(74)   JNI Weak                       Min:  0.0, Avg:  0.0, Max:  0.0, Diff:  0.0, Sum:  0.0, Workers: 4
[31.668s][debug][gc,phases      ] GC(74)     Dead                           Min: 0, Avg:  0.0, Max: 0, Diff: 0, Sum: 0, Workers: 4
[31.668s][debug][gc,phases      ] GC(74)     Total                          Min: 0, Avg:  2.0, Max: 8, Diff: 8, Sum: 8, Workers: 4
[31.668s][debug][gc,phases      ] GC(74)   StringDedup Table Weak         Min:  0.0, Avg:  0.0, Max:  0.0, Diff:  0.0, Sum:  0.0, Workers: 4
[31.668s][debug][gc,phases      ] GC(74)     Dead                           Min: 0, Avg:  0.0, Max: 0, Diff: 0, Sum: 0, Workers: 4
[31.668s][debug][gc,phases      ] GC(74)     Total                          Min: 0, Avg:  0.0, Max: 0, Diff: 0, Sum: 0, Workers: 4
[31.668s][debug][gc,phases      ] GC(74)   StringDedup Requests0 Weak     Min:  0.0, Avg:  0.0, Max:  0.0, Diff:  0.0, Sum:  0.0, Workers: 4
[31.668s][debug][gc,phases      ] GC(74)     Dead                           Min: 0, Avg:  0.0, Max: 0, Diff: 0, Sum: 0, Workers: 4
[31.668s][debug][gc,phases      ] GC(74)     Total                          Min: 0, Avg:  0.0, Max: 0, Diff: 0, Sum: 0, Workers: 4
[31.668s][debug][gc,phases      ] GC(74)   StringDedup Requests1 Weak     Min:  0.0, Avg:  0.0, Max:  0.0, Diff:  0.0, Sum:  0.0, Workers: 4
[31.668s][debug][gc,phases      ] GC(74)     Dead                           Min: 0, Avg:  0.0, Max: 0, Diff: 0, Sum: 0, Workers: 4
[31.668s][debug][gc,phases      ] GC(74)     Total                          Min: 0, Avg:  0.0, Max: 0, Diff: 0, Sum: 0, Workers: 4
[31.668s][debug][gc,phases      ] GC(74)   Weak JFR Old Object Samples    Min:  0.0, Avg:  0.0, Max:  0.0, Diff:  0.0, Sum:  0.0, Workers: 4
[31.668s][debug][gc,phases      ] GC(74)     Dead                           Min: 0, Avg:  0.0, Max: 0, Diff: 0, Sum: 0, Workers: 4
[31.668s][debug][gc,phases      ] GC(74)     Total                          Min: 0, Avg:  0.0, Max: 0, Diff: 0, Sum: 0, Workers: 4
[31.668s][debug][gc,phases      ] GC(74) Weak Processing 0.363ms
[31.669s][debug][gc,phases      ] GC(74) ClassLoaderData 0.083ms
[31.669s][debug][gc,phases      ] GC(74) Trigger cleanups 0.000ms
[31.678s][debug][gc,phases      ] GC(74) Class Unloading 9.938ms
[31.678s][info ][gc,phases      ] GC(74) Marking Phase 133.465ms
[31.678s][info ][gc,phases,start] GC(74) Summary Phase
[31.678s][info ][gc,phases      ] GC(74) Summary Phase 0.019ms
[31.678s][info ][gc,phases,start] GC(74) Adjust Roots
[31.686s][info ][gc,phases      ] GC(74) Adjust Roots 7.749ms
[31.686s][info ][gc,phases,start] GC(74) Compaction Phase
[31.821s][info ][gc,phases      ] GC(74) Compaction Phase 134.356ms
[31.821s][info ][gc,phases,start] GC(74) Post Compact
[31.822s][info ][gc,phases      ] GC(74) Post Compact 1.768ms
[31.823s][info ][gc,heap        ] GC(74) PSYoungGen: 24080K(1901056K)->0K(1907712K) Eden: 0K(1708544K)->0K(1718272K) From: 24080K(192512K)->0K(189440K)
[31.823s][info ][gc,heap        ] GC(74) ParOldGen: 566038K(584192K)->359115K(443904K)
[31.823s][info ][gc,metaspace   ] GC(74) Metaspace: 70694K(71488K)->70694K(71488K) NonClass: 60532K(60992K)->60532K(60992K) Class: 10161K(10496K)->10161K(10496K)
[31.823s][info ][gc             ] GC(74) Pause Full (Ergonomics) 576M->350M(2296M) 277.901ms
[31.823s][info ][gc,cpu         ] GC(74) User=1.11s Sys=0.01s Real=0.28s
[31.824s][info ][safepoint      ] Safepoint "ParallelGCFailedAllocation", Time since last: 360082170 ns, Reaching safepoint: 220305 ns, At safepoint: 293290450 ns, Total: 293510755 ns
[32.174s][info ][gc,start       ] GC(75) Pause Young (Allocation Failure)
[32.175s][debug][gc,phases      ] GC(75) Scavenge 1.033ms
[32.175s][debug][gc,ref         ] GC(75) Skipped phase 1 of Reference Processing: no references
[32.175s][debug][gc,ref         ] GC(75) Skipped phase 2 of Reference Processing: no references
[32.175s][debug][gc,ref         ] GC(75) Skipped phase 3 of Reference Processing: no references
[32.175s][debug][gc,ref         ] GC(75) Skipped phase 4 of Reference Processing: no references
[32.175s][debug][gc,phases      ] GC(75) Reference Processing 0.024ms
[32.175s][debug][gc,phases      ] GC(75)   VM Weak                        Min:  0.0, Avg:  0.0, Max:  0.0, Diff:  0.0, Sum:  0.0, Workers: 4
[32.175s][debug][gc,phases      ] GC(75)     Dead                           Min: 0, Avg:  0.0, Max: 0, Diff: 0, Sum: 0, Workers: 4
[32.175s][debug][gc,phases      ] GC(75)     Total                          Min: 0, Avg: 150.8, Max: 603, Diff: 603, Sum: 603, Workers: 4
[32.175s][debug][gc,phases      ] GC(75)   ObjectSynchronizer Weak        Min:  0.0, Avg:  0.0, Max:  0.0, Diff:  0.0, Sum:  0.0, Workers: 4
[32.175s][debug][gc,phases      ] GC(75)     Dead                           Min: 0, Avg:  0.0, Max: 0, Diff: 0, Sum: 0, Workers: 4
[32.175s][debug][gc,phases      ] GC(75)     Total                          Min: 0, Avg: 96.8, Max: 256, Diff: 256, Sum: 387, Workers: 4
[32.175s][debug][gc,phases      ] GC(75)   JVMTI Tag Weak OopStorage      Min:  0.0, Avg:  0.0, Max:  0.0, Diff:  0.0, Sum:  0.0, Workers: 4
[32.175s][debug][gc,phases      ] GC(75)     Dead                           Min: 0, Avg:  0.0, Max: 0, Diff: 0, Sum: 0, Workers: 4
[32.175s][debug][gc,phases      ] GC(75)     Total                          Min: 0, Avg:  0.0, Max: 0, Diff: 0, Sum: 0, Workers: 4
[32.175s][debug][gc,phases      ] GC(75)   StringTable Weak               Min:  0.1, Avg:  0.1, Max:  0.1, Diff:  0.0, Sum:  0.4, Workers: 4
[32.175s][debug][gc,phases      ] GC(75)     Dead                           Min: 0, Avg:  0.0, Max: 0, Diff: 0, Sum: 0, Workers: 4
[32.175s][debug][gc,phases      ] GC(75)     Total                          Min: 9959, Avg: 10905.8, Max: 12800, Diff: 2841, Sum: 43623, Workers: 4
[32.175s][debug][gc,phases      ] GC(75)   ResolvedMethodTable Weak       Min:  0.0, Avg:  0.0, Max:  0.0, Diff:  0.0, Sum:  0.1, Workers: 4
[32.175s][debug][gc,phases      ] GC(75)     Dead                           Min: 0, Avg:  0.0, Max: 0, Diff: 0, Sum: 0, Workers: 4
[32.175s][debug][gc,phases      ] GC(75)     Total                          Min: 1664, Avg: 1819.2, Max: 1984, Diff: 320, Sum: 7277, Workers: 4
[32.175s][debug][gc,phases      ] GC(75)   JNI Weak                       Min:  0.0, Avg:  0.0, Max:  0.0, Diff:  0.0, Sum:  0.0, Workers: 4
[32.175s][debug][gc,phases      ] GC(75)     Dead                           Min: 0, Avg:  0.0, Max: 0, Diff: 0, Sum: 0, Workers: 4
[32.175s][debug][gc,phases      ] GC(75)     Total                          Min: 0, Avg:  0.0, Max: 0, Diff: 0, Sum: 0, Workers: 4
[32.175s][debug][gc,phases      ] GC(75)   StringDedup Table Weak         Min:  0.0, Avg:  0.0, Max:  0.0, Diff:  0.0, Sum:  0.0, Workers: 4
[32.175s][debug][gc,phases      ] GC(75)     Dead                           Min: 0, Avg:  0.0, Max: 0, Diff: 0, Sum: 0, Workers: 4
[32.175s][debug][gc,phases      ] GC(75)     Total                          Min: 0, Avg:  0.0, Max: 0, Diff: 0, Sum: 0, Workers: 4
[32.175s][debug][gc,phases      ] GC(75)   StringDedup Requests0 Weak     Min:  0.0, Avg:  0.0, Max:  0.0, Diff:  0.0, Sum:  0.0, Workers: 4
[32.175s][debug][gc,phases      ] GC(75)     Dead                           Min: 0, Avg:  0.0, Max: 0, Diff: 0, Sum: 0, Workers: 4
[32.175s][debug][gc,phases      ] GC(75)     Total                          Min: 0, Avg:  0.0, Max: 0, Diff: 0, Sum: 0, Workers: 4
[32.175s][debug][gc,phases      ] GC(75)   StringDedup Requests1 Weak     Min:  0.0, Avg:  0.0, Max:  0.0, Diff:  0.0, Sum:  0.0, Workers: 4
[32.175s][debug][gc,phases      ] GC(75)     Dead                           Min: 0, Avg:  0.0, Max: 0, Diff: 0, Sum: 0, Workers: 4
[32.175s][debug][gc,phases      ] GC(75)     Total                          Min: 0, Avg:  0.0, Max: 0, Diff: 0, Sum: 0, Workers: 4
[32.175s][debug][gc,phases      ] GC(75)   Weak JFR Old Object Samples    Min:  0.0, Avg:  0.0, Max:  0.0, Diff:  0.0, Sum:  0.0, Workers: 4
[32.175s][debug][gc,phases      ] GC(75)     Dead                           Min: 0, Avg:  0.0, Max: 0, Diff: 0, Sum: 0, Workers: 4
[32.175s][debug][gc,phases      ] GC(75)     Total                          Min: 0, Avg:  0.0, Max: 0, Diff: 0, Sum: 0, Workers: 4
[32.175s][debug][gc,phases      ] GC(75) Weak Processing 0.319ms
[32.175s][debug][gc,age         ] GC(75) Desired survivor size 193462272 bytes, new threshold 15 (max threshold 15)
[32.175s][info ][gc,heap        ] GC(75) PSYoungGen: 1718272K(1907712K)->448K(1907712K) Eden: 1718272K(1718272K)->0K(1718272K) From: 0K(189440K)->448K(189440K)
[32.175s][info ][gc,heap        ] GC(75) ParOldGen: 359115K(443904K)->359115K(443904K)
[32.175s][info ][gc,metaspace   ] GC(75) Metaspace: 70730K(71488K)->70730K(71488K) NonClass: 60568K(60992K)->60568K(60992K) Class: 10162K(10496K)->10162K(10496K)
[32.175s][info ][gc             ] GC(75) Pause Young (Allocation Failure) 2028M->351M(2296M) 1.490ms
[32.175s][info ][gc,cpu         ] GC(75) User=0.01s Sys=0.00s Real=0.00s
[32.175s][info ][safepoint      ] Safepoint "ParallelGCFailedAllocation", Time since last: 349882107 ns, Reaching safepoint: 68301 ns, At safepoint: 1573041 ns, Total: 1641342 ns
[32.505s][info ][gc,start       ] GC(76) Pause Young (Allocation Failure)
[32.507s][debug][gc,phases      ] GC(76) Scavenge 1.584ms
[32.507s][debug][gc,ref         ] GC(76) Skipped phase 1 of Reference Processing: no references
[32.507s][debug][gc,ref         ] GC(76) Skipped phase 2 of Reference Processing: no references
[32.507s][debug][gc,ref         ] GC(76) Skipped phase 3 of Reference Processing: no references
[32.507s][debug][gc,ref         ] GC(76) Skipped phase 4 of Reference Processing: no references
[32.507s][debug][gc,phases      ] GC(76) Reference Processing 0.027ms
[32.507s][debug][gc,phases      ] GC(76)   VM Weak                        Min:  0.0, Avg:  0.0, Max:  0.0, Diff:  0.0, Sum:  0.0, Workers: 4
[32.507s][debug][gc,phases      ] GC(76)     Dead                           Min: 0, Avg:  0.0, Max: 0, Diff: 0, Sum: 0, Workers: 4
[32.507s][debug][gc,phases      ] GC(76)     Total                          Min: 0, Avg: 150.8, Max: 576, Diff: 576, Sum: 603, Workers: 4
[32.507s][debug][gc,phases      ] GC(76)   ObjectSynchronizer Weak        Min:  0.0, Avg:  0.0, Max:  0.0, Diff:  0.0, Sum:  0.0, Workers: 4
[32.507s][debug][gc,phases      ] GC(76)     Dead                           Min: 0, Avg:  0.0, Max: 0, Diff: 0, Sum: 0, Workers: 4
[32.507s][debug][gc,phases      ] GC(76)     Total                          Min: 0, Avg: 96.8, Max: 195, Diff: 195, Sum: 387, Workers: 4
[32.507s][debug][gc,phases      ] GC(76)   JVMTI Tag Weak OopStorage      Min:  0.0, Avg:  0.0, Max:  0.0, Diff:  0.0, Sum:  0.0, Workers: 4
[32.507s][debug][gc,phases      ] GC(76)     Dead                           Min: 0, Avg:  0.0, Max: 0, Diff: 0, Sum: 0, Workers: 4
[32.507s][debug][gc,phases      ] GC(76)     Total                          Min: 0, Avg:  0.0, Max: 0, Diff: 0, Sum: 0, Workers: 4
[32.507s][debug][gc,phases      ] GC(76)   StringTable Weak               Min:  0.1, Avg:  0.1, Max:  0.1, Diff:  0.0, Sum:  0.4, Workers: 4
[32.507s][debug][gc,phases      ] GC(76)     Dead                           Min: 0, Avg:  0.0, Max: 0, Diff: 0, Sum: 0, Workers: 4
[32.507s][debug][gc,phases      ] GC(76)     Total                          Min: 10282, Avg: 10906.5, Max: 11648, Diff: 1366, Sum: 43626, Workers: 4
[32.507s][debug][gc,phases      ] GC(76)   ResolvedMethodTable Weak       Min:  0.0, Avg:  0.0, Max:  0.0, Diff:  0.0, Sum:  0.1, Workers: 4
[32.507s][debug][gc,phases      ] GC(76)     Dead                           Min: 0, Avg:  0.0, Max: 0, Diff: 0, Sum: 0, Workers: 4
[32.507s][debug][gc,phases      ] GC(76)     Total                          Min: 1280, Avg: 1819.2, Max: 2048, Diff: 768, Sum: 7277, Workers: 4
[32.507s][debug][gc,phases      ] GC(76)   JNI Weak                       Min:  0.0, Avg:  0.0, Max:  0.0, Diff:  0.0, Sum:  0.0, Workers: 4
[32.507s][debug][gc,phases      ] GC(76)     Dead                           Min: 0, Avg:  0.0, Max: 0, Diff: 0, Sum: 0, Workers: 4
[32.507s][debug][gc,phases      ] GC(76)     Total                          Min: 0, Avg:  0.0, Max: 0, Diff: 0, Sum: 0, Workers: 4
[32.507s][debug][gc,phases      ] GC(76)   StringDedup Table Weak         Min:  0.0, Avg:  0.0, Max:  0.0, Diff:  0.0, Sum:  0.0, Workers: 4
[32.507s][debug][gc,phases      ] GC(76)     Dead                           Min: 0, Avg:  0.0, Max: 0, Diff: 0, Sum: 0, Workers: 4
[32.507s][debug][gc,phases      ] GC(76)     Total                          Min: 0, Avg:  0.0, Max: 0, Diff: 0, Sum: 0, Workers: 4
[32.507s][debug][gc,phases      ] GC(76)   StringDedup Requests0 Weak     Min:  0.0, Avg:  0.0, Max:  0.0, Diff:  0.0, Sum:  0.0, Workers: 4
[32.507s][debug][gc,phases      ] GC(76)     Dead                           Min: 0, Avg:  0.0, Max: 0, Diff: 0, Sum: 0, Workers: 4
[32.507s][debug][gc,phases      ] GC(76)     Total                          Min: 0, Avg:  0.0, Max: 0, Diff: 0, Sum: 0, Workers: 4
[32.507s][debug][gc,phases      ] GC(76)   StringDedup Requests1 Weak     Min:  0.0, Avg:  0.0, Max:  0.0, Diff:  0.0, Sum:  0.0, Workers: 4
[32.507s][debug][gc,phases      ] GC(76)     Dead                           Min: 0, Avg:  0.0, Max: 0, Diff: 0, Sum: 0, Workers: 4
[32.507s][debug][gc,phases      ] GC(76)     Total                          Min: 0, Avg:  0.0, Max: 0, Diff: 0, Sum: 0, Workers: 4
[32.507s][debug][gc,phases      ] GC(76)   Weak JFR Old Object Samples    Min:  0.0, Avg:  0.0, Max:  0.0, Diff:  0.0, Sum:  0.0, Workers: 4
[32.507s][debug][gc,phases      ] GC(76)     Dead                           Min: 0, Avg:  0.0, Max: 0, Diff: 0, Sum: 0, Workers: 4
[32.507s][debug][gc,phases      ] GC(76)     Total                          Min: 0, Avg:  0.0, Max: 0, Diff: 0, Sum: 0, Workers: 4
[32.507s][debug][gc,phases      ] GC(76) Weak Processing 0.320ms
[32.507s][debug][gc,age         ] GC(76) Desired survivor size 191365120 bytes, new threshold 15 (max threshold 15)
[32.507s][info ][gc,heap        ] GC(76) PSYoungGen: 1718720K(1907712K)->960K(1910272K) Eden: 1718272K(1718272K)->0K(1721344K) From: 448K(189440K)->960K(188928K)
[32.507s][info ][gc,heap        ] GC(76) ParOldGen: 359115K(443904K)->359115K(443904K)
[32.507s][info ][gc,metaspace   ] GC(76) Metaspace: 70737K(71488K)->70737K(71488K) NonClass: 60574K(60992K)->60574K(60992K) Class: 10162K(10496K)->10162K(10496K)
[32.507s][info ][gc             ] GC(76) Pause Young (Allocation Failure) 2029M->351M(2299M) 2.064ms
[32.507s][info ][gc,cpu         ] GC(76) User=0.01s Sys=0.00s Real=0.00s
[32.507s][info ][safepoint      ] Safepoint "ParallelGCFailedAllocation", Time since last: 329797389 ns, Reaching safepoint: 131304 ns, At safepoint: 2168356 ns, Total: 2299660 ns
[32.837s][info ][gc,start       ] GC(77) Pause Young (Allocation Failure)
[32.839s][debug][gc,phases      ] GC(77) Scavenge 2.331ms
[32.839s][debug][gc,ref         ] GC(77) Skipped phase 1 of Reference Processing: no references
[32.839s][debug][gc,ref         ] GC(77) ReferenceProcessor::execute queues: 1, RefProcThreadModel::Single, marks_oops_alive: false
[32.839s][debug][gc,ref         ] GC(77) Skipped phase 3 of Reference Processing: no references
[32.839s][debug][gc,ref         ] GC(77) ReferenceProcessor::execute queues: 1, RefProcThreadModel::Single, marks_oops_alive: false
[32.839s][debug][gc,phases      ] GC(77) Reference Processing 0.122ms
[32.840s][debug][gc,phases      ] GC(77)   VM Weak                        Min:  0.0, Avg:  0.0, Max:  0.0, Diff:  0.0, Sum:  0.0, Workers: 4
[32.840s][debug][gc,phases      ] GC(77)     Dead                           Min: 0, Avg:  0.0, Max: 0, Diff: 0, Sum: 0, Workers: 4
[32.840s][debug][gc,phases      ] GC(77)     Total                          Min: 0, Avg: 151.0, Max: 448, Diff: 448, Sum: 604, Workers: 4
[32.840s][debug][gc,phases      ] GC(77)   ObjectSynchronizer Weak        Min:  0.0, Avg:  0.0, Max:  0.0, Diff:  0.0, Sum:  0.0, Workers: 4
[32.840s][debug][gc,phases      ] GC(77)     Dead                           Min: 0, Avg:  0.0, Max: 0, Diff: 0, Sum: 0, Workers: 4
[32.840s][debug][gc,phases      ] GC(77)     Total                          Min: 0, Avg: 96.8, Max: 195, Diff: 195, Sum: 387, Workers: 4
[32.840s][debug][gc,phases      ] GC(77)   JVMTI Tag Weak OopStorage      Min:  0.0, Avg:  0.0, Max:  0.0, Diff:  0.0, Sum:  0.0, Workers: 4
[32.840s][debug][gc,phases      ] GC(77)     Dead                           Min: 0, Avg:  0.0, Max: 0, Diff: 0, Sum: 0, Workers: 4
[32.840s][debug][gc,phases      ] GC(77)     Total                          Min: 0, Avg:  0.0, Max: 0, Diff: 0, Sum: 0, Workers: 4
[32.840s][debug][gc,phases      ] GC(77)   StringTable Weak               Min:  0.1, Avg:  0.1, Max:  0.1, Diff:  0.0, Sum:  0.4, Workers: 4
[32.840s][debug][gc,phases      ] GC(77)     Dead                           Min: 0, Avg:  0.0, Max: 0, Diff: 0, Sum: 0, Workers: 4
[32.840s][debug][gc,phases      ] GC(77)     Total                          Min: 10496, Avg: 10964.8, Max: 11219, Diff: 723, Sum: 43859, Workers: 4
[32.840s][debug][gc,phases      ] GC(77)   ResolvedMethodTable Weak       Min:  0.0, Avg:  0.0, Max:  0.0, Diff:  0.0, Sum:  0.1, Workers: 4
[32.840s][debug][gc,phases      ] GC(77)     Dead                           Min: 0, Avg: 10.0, Max: 19, Diff: 19, Sum: 40, Workers: 4
[32.840s][debug][gc,phases      ] GC(77)     Total                          Min: 1707, Avg: 1866.5, Max: 2176, Diff: 469, Sum: 7466, Workers: 4
[32.840s][debug][gc,phases      ] GC(77)   JNI Weak                       Min:  0.0, Avg:  0.0, Max:  0.0, Diff:  0.0, Sum:  0.0, Workers: 4
[32.840s][debug][gc,phases      ] GC(77)     Dead                           Min: 0, Avg:  0.0, Max: 0, Diff: 0, Sum: 0, Workers: 4
[32.840s][debug][gc,phases      ] GC(77)     Total                          Min: 0, Avg:  0.2, Max: 1, Diff: 1, Sum: 1, Workers: 4
[32.840s][debug][gc,phases      ] GC(77)   StringDedup Table Weak         Min:  0.0, Avg:  0.0, Max:  0.0, Diff:  0.0, Sum:  0.0, Workers: 4
[32.840s][debug][gc,phases      ] GC(77)     Dead                           Min: 0, Avg:  0.0, Max: 0, Diff: 0, Sum: 0, Workers: 4
[32.840s][debug][gc,phases      ] GC(77)     Total                          Min: 0, Avg:  0.0, Max: 0, Diff: 0, Sum: 0, Workers: 4
[32.840s][debug][gc,phases      ] GC(77)   StringDedup Requests0 Weak     Min:  0.0, Avg:  0.0, Max:  0.0, Diff:  0.0, Sum:  0.0, Workers: 4
[32.840s][debug][gc,phases      ] GC(77)     Dead                           Min: 0, Avg:  0.0, Max: 0, Diff: 0, Sum: 0, Workers: 4
[32.840s][debug][gc,phases      ] GC(77)     Total                          Min: 0, Avg:  0.0, Max: 0, Diff: 0, Sum: 0, Workers: 4
[32.840s][debug][gc,phases      ] GC(77)   StringDedup Requests1 Weak     Min:  0.0, Avg:  0.0, Max:  0.0, Diff:  0.0, Sum:  0.0, Workers: 4
[32.840s][debug][gc,phases      ] GC(77)     Dead                           Min: 0, Avg:  0.0, Max: 0, Diff: 0, Sum: 0, Workers: 4
[32.840s][debug][gc,phases      ] GC(77)     Total                          Min: 0, Avg:  0.0, Max: 0, Diff: 0, Sum: 0, Workers: 4
[32.840s][debug][gc,phases      ] GC(77)   Weak JFR Old Object Samples    Min:  0.0, Avg:  0.0, Max:  0.0, Diff:  0.0, Sum:  0.0, Workers: 4
[32.840s][debug][gc,phases      ] GC(77)     Dead                           Min: 0, Avg:  0.0, Max: 0, Diff: 0, Sum: 0, Workers: 4
[32.840s][debug][gc,phases      ] GC(77)     Total                          Min: 0, Avg:  0.0, Max: 0, Diff: 0, Sum: 0, Workers: 4
[32.840s][debug][gc,phases      ] GC(77) Weak Processing 0.312ms
[32.840s][debug][gc,age         ] GC(77) Desired survivor size 187170816 bytes, new threshold 15 (max threshold 15)
[32.840s][info ][gc,heap        ] GC(77) PSYoungGen: 1722304K(1910272K)->1952K(1908224K) Eden: 1721344K(1721344K)->0K(1721344K) From: 960K(188928K)->1952K(186880K)
[32.840s][info ][gc,heap        ] GC(77) ParOldGen: 359115K(443904K)->359115K(443904K)
[32.840s][info ][gc,metaspace   ] GC(77) Metaspace: 72103K(72832K)->72103K(72832K) NonClass: 61687K(62080K)->61687K(62080K) Class: 10415K(10752K)->10415K(10752K)
[32.840s][info ][gc             ] GC(77) Pause Young (Allocation Failure) 2032M->352M(2297M) 2.884ms
[32.840s][info ][gc,cpu         ] GC(77) User=0.01s Sys=0.00s Real=0.00s
[32.840s][info ][safepoint      ] Safepoint "ParallelGCFailedAllocation", Time since last: 327357926 ns, Reaching safepoint: 2208956 ns, At safepoint: 2994978 ns, Total: 5203934 ns
[33.204s][info ][gc,start       ] GC(78) Pause Young (Allocation Failure)
[33.208s][debug][gc,phases      ] GC(78) Scavenge 3.937ms
[33.208s][debug][gc,ref         ] GC(78) Skipped phase 1 of Reference Processing: no references
[33.208s][debug][gc,ref         ] GC(78) ReferenceProcessor::execute queues: 1, RefProcThreadModel::Single, marks_oops_alive: false
[33.208s][debug][gc,ref         ] GC(78) Skipped phase 3 of Reference Processing: no references
[33.208s][debug][gc,ref         ] GC(78) ReferenceProcessor::execute queues: 1, RefProcThreadModel::Single, marks_oops_alive: false
[33.208s][debug][gc,phases      ] GC(78) Reference Processing 0.148ms
[33.208s][debug][gc,phases      ] GC(78)   VM Weak                        Min:  0.0, Avg:  0.0, Max:  0.0, Diff:  0.0, Sum:  0.0, Workers: 4
[33.208s][debug][gc,phases      ] GC(78)     Dead                           Min: 0, Avg:  0.0, Max: 0, Diff: 0, Sum: 0, Workers: 4
[33.208s][debug][gc,phases      ] GC(78)     Total                          Min: 0, Avg: 151.5, Max: 542, Diff: 542, Sum: 606, Workers: 4
[33.208s][debug][gc,phases      ] GC(78)   ObjectSynchronizer Weak        Min:  0.0, Avg:  0.0, Max:  0.0, Diff:  0.0, Sum:  0.0, Workers: 4
[33.208s][debug][gc,phases      ] GC(78)     Dead                           Min: 0, Avg:  0.0, Max: 0, Diff: 0, Sum: 0, Workers: 4
[33.208s][debug][gc,phases      ] GC(78)     Total                          Min: 0, Avg: 96.8, Max: 131, Diff: 131, Sum: 387, Workers: 4
[33.208s][debug][gc,phases      ] GC(78)   JVMTI Tag Weak OopStorage      Min:  0.0, Avg:  0.0, Max:  0.0, Diff:  0.0, Sum:  0.0, Workers: 4
[33.208s][debug][gc,phases      ] GC(78)     Dead                           Min: 0, Avg:  0.0, Max: 0, Diff: 0, Sum: 0, Workers: 4
[33.208s][debug][gc,phases      ] GC(78)     Total                          Min: 0, Avg:  0.0, Max: 0, Diff: 0, Sum: 0, Workers: 4
[33.208s][debug][gc,phases      ] GC(78)   StringTable Weak               Min:  0.1, Avg:  0.1, Max:  0.1, Diff:  0.0, Sum:  0.4, Workers: 4
[33.208s][debug][gc,phases      ] GC(78)     Dead                           Min: 0, Avg:  0.0, Max: 0, Diff: 0, Sum: 0, Workers: 4
[33.208s][debug][gc,phases      ] GC(78)     Total                          Min: 10688, Avg: 11135.0, Max: 11644, Diff: 956, Sum: 44540, Workers: 4
[33.208s][debug][gc,phases      ] GC(78)   ResolvedMethodTable Weak       Min:  0.0, Avg:  0.0, Max:  0.0, Diff:  0.0, Sum:  0.1, Workers: 4
[33.208s][debug][gc,phases      ] GC(78)     Dead                           Min: 2, Avg: 11.0, Max: 20, Diff: 18, Sum: 44, Workers: 4
[33.208s][debug][gc,phases      ] GC(78)     Total                          Min: 1728, Avg: 1875.5, Max: 2048, Diff: 320, Sum: 7502, Workers: 4
[33.208s][debug][gc,phases      ] GC(78)   JNI Weak                       Min:  0.0, Avg:  0.0, Max:  0.0, Diff:  0.0, Sum:  0.0, Workers: 4
[33.208s][debug][gc,phases      ] GC(78)     Dead                           Min: 0, Avg:  0.0, Max: 0, Diff: 0, Sum: 0, Workers: 4
[33.208s][debug][gc,phases      ] GC(78)     Total                          Min: 0, Avg:  0.0, Max: 0, Diff: 0, Sum: 0, Workers: 4
[33.208s][debug][gc,phases      ] GC(78)   StringDedup Table Weak         Min:  0.0, Avg:  0.0, Max:  0.0, Diff:  0.0, Sum:  0.0, Workers: 4
[33.208s][debug][gc,phases      ] GC(78)     Dead                           Min: 0, Avg:  0.0, Max: 0, Diff: 0, Sum: 0, Workers: 4
[33.208s][debug][gc,phases      ] GC(78)     Total                          Min: 0, Avg:  0.0, Max: 0, Diff: 0, Sum: 0, Workers: 4
[33.208s][debug][gc,phases      ] GC(78)   StringDedup Requests0 Weak     Min:  0.0, Avg:  0.0, Max:  0.0, Diff:  0.0, Sum:  0.0, Workers: 4
[33.208s][debug][gc,phases      ] GC(78)     Dead                           Min: 0, Avg:  0.0, Max: 0, Diff: 0, Sum: 0, Workers: 4
[33.208s][debug][gc,phases      ] GC(78)     Total                          Min: 0, Avg:  0.0, Max: 0, Diff: 0, Sum: 0, Workers: 4
[33.208s][debug][gc,phases      ] GC(78)   StringDedup Requests1 Weak     Min:  0.0, Avg:  0.0, Max:  0.0, Diff:  0.0, Sum:  0.0, Workers: 4
[33.208s][debug][gc,phases      ] GC(78)     Dead                           Min: 0, Avg:  0.0, Max: 0, Diff: 0, Sum: 0, Workers: 4
[33.208s][debug][gc,phases      ] GC(78)     Total                          Min: 0, Avg:  0.0, Max: 0, Diff: 0, Sum: 0, Workers: 4
[33.209s][debug][gc,phases      ] GC(78)   Weak JFR Old Object Samples    Min:  0.0, Avg:  0.0, Max:  0.0, Diff:  0.0, Sum:  0.0, Workers: 4
[33.209s][debug][gc,phases      ] GC(78)     Dead                           Min: 0, Avg:  0.0, Max: 0, Diff: 0, Sum: 0, Workers: 4
[33.209s][debug][gc,phases      ] GC(78)     Total                          Min: 0, Avg:  0.0, Max: 0, Diff: 0, Sum: 0, Workers: 4
[33.209s][debug][gc,phases      ] GC(78) Weak Processing 0.384ms
[33.209s][debug][gc,age         ] GC(78) Desired survivor size 181927936 bytes, new threshold 15 (max threshold 15)
[33.209s][info ][gc,heap        ] GC(78) PSYoungGen: 1723296K(1908224K)->3360K(1919488K) Eden: 1721344K(1721344K)->0K(1736704K) From: 1952K(186880K)->3360K(182784K)
[33.209s][info ][gc,heap        ] GC(78) ParOldGen: 359115K(443904K)->359123K(443904K)
[33.209s][info ][gc,metaspace   ] GC(78) Metaspace: 72926K(73728K)->72926K(73728K) NonClass: 62388K(62784K)->62388K(62784K) Class: 10537K(10944K)->10537K(10944K)
[33.209s][info ][gc             ] GC(78) Pause Young (Allocation Failure) 2033M->353M(2308M) 4.623ms
[33.209s][info ][gc,cpu         ] GC(78) User=0.02s Sys=0.00s Real=0.01s
[33.209s][info ][safepoint      ] Safepoint "ParallelGCFailedAllocation", Time since last: 363927767 ns, Reaching safepoint: 194705 ns, At safepoint: 4747422 ns, Total: 4942127 ns
[33.564s][info ][gc,start       ] GC(79) Pause Young (Allocation Failure)
[33.568s][debug][gc,phases      ] GC(79) Scavenge 4.184ms
[33.568s][debug][gc,ref         ] GC(79) Skipped phase 1 of Reference Processing: no references
[33.568s][debug][gc,ref         ] GC(79) ReferenceProcessor::execute queues: 1, RefProcThreadModel::Single, marks_oops_alive: false
[33.568s][debug][gc,ref         ] GC(79) Skipped phase 3 of Reference Processing: no references
[33.568s][debug][gc,ref         ] GC(79) ReferenceProcessor::execute queues: 1, RefProcThreadModel::Single, marks_oops_alive: false
[33.568s][debug][gc,phases      ] GC(79) Reference Processing 0.128ms
[33.569s][debug][gc,phases      ] GC(79)   VM Weak                        Min:  0.0, Avg:  0.0, Max:  0.0, Diff:  0.0, Sum:  0.0, Workers: 4
[33.569s][debug][gc,phases      ] GC(79)     Dead                           Min: 0, Avg:  0.0, Max: 0, Diff: 0, Sum: 0, Workers: 4
[33.569s][debug][gc,phases      ] GC(79)     Total                          Min: 0, Avg: 153.8, Max: 551, Diff: 551, Sum: 615, Workers: 4
[33.569s][debug][gc,phases      ] GC(79)   ObjectSynchronizer Weak        Min:  0.0, Avg:  0.0, Max:  0.0, Diff:  0.0, Sum:  0.0, Workers: 4
[33.569s][debug][gc,phases      ] GC(79)     Dead                           Min: 0, Avg:  0.2, Max: 1, Diff: 1, Sum: 1, Workers: 4
[33.569s][debug][gc,phases      ] GC(79)     Total                          Min: 0, Avg: 97.0, Max: 196, Diff: 196, Sum: 388, Workers: 4
[33.569s][debug][gc,phases      ] GC(79)   JVMTI Tag Weak OopStorage      Min:  0.0, Avg:  0.0, Max:  0.0, Diff:  0.0, Sum:  0.0, Workers: 4
[33.569s][debug][gc,phases      ] GC(79)     Dead                           Min: 0, Avg:  0.0, Max: 0, Diff: 0, Sum: 0, Workers: 4
[33.569s][debug][gc,phases      ] GC(79)     Total                          Min: 0, Avg:  0.0, Max: 0, Diff: 0, Sum: 0, Workers: 4
[33.569s][debug][gc,phases      ] GC(79)   StringTable Weak               Min:  0.1, Avg:  0.1, Max:  0.1, Diff:  0.0, Sum:  0.4, Workers: 4
[33.569s][debug][gc,phases      ] GC(79)     Dead                           Min: 0, Avg:  0.2, Max: 1, Diff: 1, Sum: 1, Workers: 4
[33.569s][debug][gc,phases      ] GC(79)     Total                          Min: 10240, Avg: 11463.8, Max: 12736, Diff: 2496, Sum: 45855, Workers: 4
[33.569s][debug][gc,phases      ] GC(79)   ResolvedMethodTable Weak       Min:  0.0, Avg:  0.0, Max:  0.0, Diff:  0.0, Sum:  0.1, Workers: 4
[33.569s][debug][gc,phases      ] GC(79)     Dead                           Min: 0, Avg:  0.2, Max: 1, Diff: 1, Sum: 1, Workers: 4
[33.569s][debug][gc,phases      ] GC(79)     Total                          Min: 1600, Avg: 1881.0, Max: 2149, Diff: 549, Sum: 7524, Workers: 4
[33.569s][debug][gc,phases      ] GC(79)   JNI Weak                       Min:  0.0, Avg:  0.0, Max:  0.0, Diff:  0.0, Sum:  0.0, Workers: 4
[33.569s][debug][gc,phases      ] GC(79)     Dead                           Min: 0, Avg:  0.0, Max: 0, Diff: 0, Sum: 0, Workers: 4
[33.569s][debug][gc,phases      ] GC(79)     Total                          Min: 0, Avg:  0.0, Max: 0, Diff: 0, Sum: 0, Workers: 4
[33.569s][debug][gc,phases      ] GC(79)   StringDedup Table Weak         Min:  0.0, Avg:  0.0, Max:  0.0, Diff:  0.0, Sum:  0.0, Workers: 4
[33.569s][debug][gc,phases      ] GC(79)     Dead                           Min: 0, Avg:  0.0, Max: 0, Diff: 0, Sum: 0, Workers: 4
[33.569s][debug][gc,phases      ] GC(79)     Total                          Min: 0, Avg:  0.0, Max: 0, Diff: 0, Sum: 0, Workers: 4
[33.569s][debug][gc,phases      ] GC(79)   StringDedup Requests0 Weak     Min:  0.0, Avg:  0.0, Max:  0.0, Diff:  0.0, Sum:  0.0, Workers: 4
[33.569s][debug][gc,phases      ] GC(79)     Dead                           Min: 0, Avg:  0.0, Max: 0, Diff: 0, Sum: 0, Workers: 4
[33.569s][debug][gc,phases      ] GC(79)     Total                          Min: 0, Avg:  0.0, Max: 0, Diff: 0, Sum: 0, Workers: 4
[33.569s][debug][gc,phases      ] GC(79)   StringDedup Requests1 Weak     Min:  0.0, Avg:  0.0, Max:  0.0, Diff:  0.0, Sum:  0.0, Workers: 4
[33.569s][debug][gc,phases      ] GC(79)     Dead                           Min: 0, Avg:  0.0, Max: 0, Diff: 0, Sum: 0, Workers: 4
[33.569s][debug][gc,phases      ] GC(79)     Total                          Min: 0, Avg:  0.0, Max: 0, Diff: 0, Sum: 0, Workers: 4
[33.569s][debug][gc,phases      ] GC(79)   Weak JFR Old Object Samples    Min:  0.0, Avg:  0.0, Max:  0.0, Diff:  0.0, Sum:  0.0, Workers: 4
[33.569s][debug][gc,phases      ] GC(79)     Dead                           Min: 0, Avg:  0.0, Max: 0, Diff: 0, Sum: 0, Workers: 4
[33.569s][debug][gc,phases      ] GC(79)     Total                          Min: 0, Avg:  0.0, Max: 0, Diff: 0, Sum: 0, Workers: 4
[33.569s][debug][gc,phases      ] GC(79) Weak Processing 0.329ms
[33.569s][debug][gc,age         ] GC(79) Desired survivor size 175636480 bytes, new threshold 15 (max threshold 15)
[33.569s][info ][gc,heap        ] GC(79) PSYoungGen: 1740064K(1919488K)->5413K(1914368K) Eden: 1736704K(1736704K)->0K(1736704K) From: 3360K(182784K)->5413K(177664K)
[33.569s][info ][gc,heap        ] GC(79) ParOldGen: 359123K(443904K)->359131K(443904K)
[33.569s][info ][gc,metaspace   ] GC(79) Metaspace: 75509K(76224K)->75509K(76224K) NonClass: 64630K(65024K)->64630K(65024K) Class: 10879K(11200K)->10879K(11200K)
[33.569s][info ][gc             ] GC(79) Pause Young (Allocation Failure) 2049M->356M(2303M) 4.800ms
[33.569s][info ][gc,cpu         ] GC(79) User=0.02s Sys=0.00s Real=0.01s
[33.569s][info ][safepoint      ] Safepoint "ParallelGCFailedAllocation", Time since last: 354976437 ns, Reaching safepoint: 302008 ns, At safepoint: 4904626 ns, Total: 5206634 ns
[33.986s][info ][gc,start       ] GC(80) Pause Young (Allocation Failure)
[33.991s][debug][gc,phases      ] GC(80) Scavenge 5.088ms
[33.991s][debug][gc,ref         ] GC(80) Skipped phase 1 of Reference Processing: no references
[33.991s][debug][gc,ref         ] GC(80) ReferenceProcessor::execute queues: 1, RefProcThreadModel::Single, marks_oops_alive: false
[33.991s][debug][gc,ref         ] GC(80) Skipped phase 3 of Reference Processing: no references
[33.991s][debug][gc,ref         ] GC(80) ReferenceProcessor::execute queues: 1, RefProcThreadModel::Single, marks_oops_alive: false
[33.991s][debug][gc,phases      ] GC(80) Reference Processing 0.146ms
[33.991s][debug][gc,phases      ] GC(80)   VM Weak                        Min:  0.0, Avg:  0.0, Max:  0.0, Diff:  0.0, Sum:  0.0, Workers: 4
[33.991s][debug][gc,phases      ] GC(80)     Dead                           Min: 0, Avg:  0.0, Max: 0, Diff: 0, Sum: 0, Workers: 4
[33.991s][debug][gc,phases      ] GC(80)     Total                          Min: 0, Avg: 154.8, Max: 619, Diff: 619, Sum: 619, Workers: 4
[33.991s][debug][gc,phases      ] GC(80)   ObjectSynchronizer Weak        Min:  0.0, Avg:  0.0, Max:  0.0, Diff:  0.0, Sum:  0.0, Workers: 4
[33.991s][debug][gc,phases      ] GC(80)     Dead                           Min: 0, Avg:  0.0, Max: 0, Diff: 0, Sum: 0, Workers: 4
[33.991s][debug][gc,phases      ] GC(80)     Total                          Min: 0, Avg: 97.0, Max: 388, Diff: 388, Sum: 388, Workers: 4
[33.991s][debug][gc,phases      ] GC(80)   JVMTI Tag Weak OopStorage      Min:  0.0, Avg:  0.0, Max:  0.0, Diff:  0.0, Sum:  0.0, Workers: 4
[33.991s][debug][gc,phases      ] GC(80)     Dead                           Min: 0, Avg:  0.0, Max: 0, Diff: 0, Sum: 0, Workers: 4
[33.991s][debug][gc,phases      ] GC(80)     Total                          Min: 0, Avg:  0.0, Max: 0, Diff: 0, Sum: 0, Workers: 4
[33.991s][debug][gc,phases      ] GC(80)   StringTable Weak               Min:  0.1, Avg:  0.1, Max:  0.1, Diff:  0.0, Sum:  0.5, Workers: 4
[33.991s][debug][gc,phases      ] GC(80)     Dead                           Min: 0, Avg:  0.8, Max: 2, Diff: 2, Sum: 3, Workers: 4
[33.991s][debug][gc,phases      ] GC(80)     Total                          Min: 10880, Avg: 11542.8, Max: 12224, Diff: 1344, Sum: 46171, Workers: 4
[33.991s][debug][gc,phases      ] GC(80)   ResolvedMethodTable Weak       Min:  0.0, Avg:  0.0, Max:  0.0, Diff:  0.0, Sum:  0.1, Workers: 4
[33.991s][debug][gc,phases      ] GC(80)     Dead                           Min: 2, Avg:  7.8, Max: 18, Diff: 16, Sum: 31, Workers: 4
[33.991s][debug][gc,phases      ] GC(80)     Total                          Min: 1790, Avg: 1891.5, Max: 2112, Diff: 322, Sum: 7566, Workers: 4
[33.992s][debug][gc,phases      ] GC(80)   JNI Weak                       Min:  0.0, Avg:  0.0, Max:  0.0, Diff:  0.0, Sum:  0.0, Workers: 4
[33.992s][debug][gc,phases      ] GC(80)     Dead                           Min: 0, Avg:  0.0, Max: 0, Diff: 0, Sum: 0, Workers: 4
[33.992s][debug][gc,phases      ] GC(80)     Total                          Min: 0, Avg:  0.5, Max: 2, Diff: 2, Sum: 2, Workers: 4
[33.992s][debug][gc,phases      ] GC(80)   StringDedup Table Weak         Min:  0.0, Avg:  0.0, Max:  0.0, Diff:  0.0, Sum:  0.0, Workers: 4
[33.992s][debug][gc,phases      ] GC(80)     Dead                           Min: 0, Avg:  0.0, Max: 0, Diff: 0, Sum: 0, Workers: 4
[33.992s][debug][gc,phases      ] GC(80)     Total                          Min: 0, Avg:  0.0, Max: 0, Diff: 0, Sum: 0, Workers: 4
[33.992s][debug][gc,phases      ] GC(80)   StringDedup Requests0 Weak     Min:  0.0, Avg:  0.0, Max:  0.0, Diff:  0.0, Sum:  0.0, Workers: 4
[33.992s][debug][gc,phases      ] GC(80)     Dead                           Min: 0, Avg:  0.0, Max: 0, Diff: 0, Sum: 0, Workers: 4
[33.992s][debug][gc,phases      ] GC(80)     Total                          Min: 0, Avg:  0.0, Max: 0, Diff: 0, Sum: 0, Workers: 4
[33.992s][debug][gc,phases      ] GC(80)   StringDedup Requests1 Weak     Min:  0.0, Avg:  0.0, Max:  0.0, Diff:  0.0, Sum:  0.0, Workers: 4
[33.992s][debug][gc,phases      ] GC(80)     Dead                           Min: 0, Avg:  0.0, Max: 0, Diff: 0, Sum: 0, Workers: 4
[33.992s][debug][gc,phases      ] GC(80)     Total                          Min: 0, Avg:  0.0, Max: 0, Diff: 0, Sum: 0, Workers: 4
[33.992s][debug][gc,phases      ] GC(80)   Weak JFR Old Object Samples    Min:  0.0, Avg:  0.0, Max:  0.0, Diff:  0.0, Sum:  0.0, Workers: 4
[33.992s][debug][gc,phases      ] GC(80)     Dead                           Min: 0, Avg:  0.0, Max: 0, Diff: 0, Sum: 0, Workers: 4
[33.992s][debug][gc,phases      ] GC(80)     Total                          Min: 0, Avg:  0.0, Max: 0, Diff: 0, Sum: 0, Workers: 4
[33.992s][debug][gc,phases      ] GC(80) Weak Processing 0.424ms
[33.992s][debug][gc,age         ] GC(80) Desired survivor size 168820736 bytes, new threshold 15 (max threshold 15)
[33.992s][info ][gc,heap        ] GC(80) PSYoungGen: 1742117K(1914368K)->6821K(1932288K) Eden: 1736704K(1736704K)->0K(1760768K) From: 5413K(177664K)->6821K(171520K)
[33.992s][info ][gc,heap        ] GC(80) ParOldGen: 359131K(443904K)->359139K(443904K)
[33.992s][info ][gc,metaspace   ] GC(80) Metaspace: 77069K(77824K)->77069K(77824K) NonClass: 65989K(66368K)->65989K(66368K) Class: 11080K(11456K)->11080K(11456K)
[33.992s][info ][gc             ] GC(80) Pause Young (Allocation Failure) 2052M->357M(2320M) 5.795ms
[33.992s][info ][gc,cpu         ] GC(80) User=0.02s Sys=0.00s Real=0.01s
[33.992s][info ][safepoint      ] Safepoint "ParallelGCFailedAllocation", Time since last: 416763526 ns, Reaching safepoint: 213205 ns, At safepoint: 5901552 ns, Total: 6114757 ns
[34.330s][info ][safepoint      ] Safepoint "ICBufferFull", Time since last: 337826995 ns, Reaching safepoint: 368810 ns, At safepoint: 51601 ns, Total: 420411 ns
[34.409s][info ][gc,start       ] GC(81) Pause Young (Allocation Failure)
[34.420s][debug][gc,phases      ] GC(81) Scavenge 10.374ms
[34.420s][debug][gc,ref         ] GC(81) Skipped phase 1 of Reference Processing: no references
[34.420s][debug][gc,ref         ] GC(81) ReferenceProcessor::execute queues: 1, RefProcThreadModel::Single, marks_oops_alive: false
[34.420s][debug][gc,ref         ] GC(81) Skipped phase 3 of Reference Processing: no references
[34.420s][debug][gc,ref         ] GC(81) ReferenceProcessor::execute queues: 1, RefProcThreadModel::Single, marks_oops_alive: false
[34.420s][debug][gc,phases      ] GC(81) Reference Processing 0.182ms
[34.420s][debug][gc,phases      ] GC(81)   VM Weak                        Min:  0.0, Avg:  0.0, Max:  0.0, Diff:  0.0, Sum:  0.0, Workers: 4
[34.420s][debug][gc,phases      ] GC(81)     Dead                           Min: 0, Avg:  0.0, Max: 0, Diff: 0, Sum: 0, Workers: 4
[34.420s][debug][gc,phases      ] GC(81)     Total                          Min: 0, Avg: 157.0, Max: 628, Diff: 628, Sum: 628, Workers: 4
[34.420s][debug][gc,phases      ] GC(81)   ObjectSynchronizer Weak        Min:  0.0, Avg:  0.0, Max:  0.0, Diff:  0.0, Sum:  0.0, Workers: 4
[34.420s][debug][gc,phases      ] GC(81)     Dead                           Min: 0, Avg:  0.0, Max: 0, Diff: 0, Sum: 0, Workers: 4
[34.420s][debug][gc,phases      ] GC(81)     Total                          Min: 0, Avg: 98.0, Max: 200, Diff: 200, Sum: 392, Workers: 4
[34.420s][debug][gc,phases      ] GC(81)   JVMTI Tag Weak OopStorage      Min:  0.0, Avg:  0.0, Max:  0.0, Diff:  0.0, Sum:  0.0, Workers: 4
[34.420s][debug][gc,phases      ] GC(81)     Dead                           Min: 0, Avg:  0.0, Max: 0, Diff: 0, Sum: 0, Workers: 4
[34.420s][debug][gc,phases      ] GC(81)     Total                          Min: 0, Avg:  0.0, Max: 0, Diff: 0, Sum: 0, Workers: 4
[34.420s][debug][gc,phases      ] GC(81)   StringTable Weak               Min:  0.1, Avg:  0.1, Max:  0.1, Diff:  0.0, Sum:  0.5, Workers: 4
[34.420s][debug][gc,phases      ] GC(81)     Dead                           Min: 0, Avg:  0.5, Max: 1, Diff: 1, Sum: 2, Workers: 4
[34.420s][debug][gc,phases      ] GC(81)     Total                          Min: 9856, Avg: 11585.8, Max: 12807, Diff: 2951, Sum: 46343, Workers: 4
[34.420s][debug][gc,phases      ] GC(81)   ResolvedMethodTable Weak       Min:  0.0, Avg:  0.0, Max:  0.0, Diff:  0.0, Sum:  0.1, Workers: 4
[34.420s][debug][gc,phases      ] GC(81)     Dead                           Min: 0, Avg:  4.5, Max: 18, Diff: 18, Sum: 18, Workers: 4
[34.420s][debug][gc,phases      ] GC(81)     Total                          Min: 1472, Avg: 1920.2, Max: 2305, Diff: 833, Sum: 7681, Workers: 4
[34.420s][debug][gc,phases      ] GC(81)   JNI Weak                       Min:  0.0, Avg:  0.0, Max:  0.0, Diff:  0.0, Sum:  0.0, Workers: 4
[34.420s][debug][gc,phases      ] GC(81)     Dead                           Min: 0, Avg:  0.0, Max: 0, Diff: 0, Sum: 0, Workers: 4
[34.420s][debug][gc,phases      ] GC(81)     Total                          Min: 0, Avg:  6.8, Max: 27, Diff: 27, Sum: 27, Workers: 4
[34.420s][debug][gc,phases      ] GC(81)   StringDedup Table Weak         Min:  0.0, Avg:  0.0, Max:  0.0, Diff:  0.0, Sum:  0.0, Workers: 4
[34.420s][debug][gc,phases      ] GC(81)     Dead                           Min: 0, Avg:  0.0, Max: 0, Diff: 0, Sum: 0, Workers: 4
[34.420s][debug][gc,phases      ] GC(81)     Total                          Min: 0, Avg:  0.0, Max: 0, Diff: 0, Sum: 0, Workers: 4
[34.420s][debug][gc,phases      ] GC(81)   StringDedup Requests0 Weak     Min:  0.0, Avg:  0.0, Max:  0.0, Diff:  0.0, Sum:  0.0, Workers: 4
[34.420s][debug][gc,phases      ] GC(81)     Dead                           Min: 0, Avg:  0.0, Max: 0, Diff: 0, Sum: 0, Workers: 4
[34.420s][debug][gc,phases      ] GC(81)     Total                          Min: 0, Avg:  0.0, Max: 0, Diff: 0, Sum: 0, Workers: 4
[34.420s][debug][gc,phases      ] GC(81)   StringDedup Requests1 Weak     Min:  0.0, Avg:  0.0, Max:  0.0, Diff:  0.0, Sum:  0.0, Workers: 4
[34.420s][debug][gc,phases      ] GC(81)     Dead                           Min: 0, Avg:  0.0, Max: 0, Diff: 0, Sum: 0, Workers: 4
[34.420s][debug][gc,phases      ] GC(81)     Total                          Min: 0, Avg:  0.0, Max: 0, Diff: 0, Sum: 0, Workers: 4
[34.420s][debug][gc,phases      ] GC(81)   Weak JFR Old Object Samples    Min:  0.0, Avg:  0.0, Max:  0.0, Diff:  0.0, Sum:  0.0, Workers: 4
[34.420s][debug][gc,phases      ] GC(81)     Dead                           Min: 0, Avg:  0.0, Max: 0, Diff: 0, Sum: 0, Workers: 4
[34.420s][debug][gc,phases      ] GC(81)     Total                          Min: 0, Avg:  0.0, Max: 0, Diff: 0, Sum: 0, Workers: 4
[34.420s][debug][gc,phases      ] GC(81) Weak Processing 0.348ms
[34.420s][debug][gc,age         ] GC(81) Desired survivor size 158859264 bytes, new threshold 15 (max threshold 15)
[34.420s][info ][gc,heap        ] GC(81) PSYoungGen: 1767589K(1932288K)->21563K(1925632K) Eden: 1760768K(1760768K)->0K(1760768K) From: 6821K(171520K)->21563K(164864K)
[34.420s][info ][gc,heap        ] GC(81) ParOldGen: 359139K(443904K)->359147K(443904K)
[34.420s][info ][gc,metaspace   ] GC(81) Metaspace: 77586K(78400K)->77586K(78400K) NonClass: 66433K(66880K)->66433K(66880K) Class: 11152K(11520K)->11152K(11520K)
[34.420s][info ][gc             ] GC(81) Pause Young (Allocation Failure) 2076M->371M(2314M) 11.043ms
[34.420s][info ][gc,cpu         ] GC(81) User=0.05s Sys=0.00s Real=0.01s
[34.420s][info ][safepoint      ] Safepoint "ParallelGCFailedAllocation", Time since last: 79037534 ns, Reaching safepoint: 157704 ns, At safepoint: 11161587 ns, Total: 11319291 ns
[34.881s][info ][gc,start       ] GC(82) Pause Young (Allocation Failure)
[34.899s][debug][gc,phases      ] GC(82) Scavenge 18.102ms
[34.899s][debug][gc,ref         ] GC(82) Skipped phase 1 of Reference Processing: no references
[34.899s][debug][gc,ref         ] GC(82) ReferenceProcessor::execute queues: 1, RefProcThreadModel::Single, marks_oops_alive: false
[34.899s][debug][gc,ref         ] GC(82) Skipped phase 3 of Reference Processing: no references
[34.899s][debug][gc,ref         ] GC(82) ReferenceProcessor::execute queues: 1, RefProcThreadModel::Single, marks_oops_alive: false
[34.900s][debug][gc,phases      ] GC(82) Reference Processing 0.147ms
[34.900s][debug][gc,phases      ] GC(82)   VM Weak                        Min:  0.0, Avg:  0.0, Max:  0.0, Diff:  0.0, Sum:  0.0, Workers: 4
[34.900s][debug][gc,phases      ] GC(82)     Dead                           Min: 0, Avg:  0.0, Max: 0, Diff: 0, Sum: 0, Workers: 4
[34.900s][debug][gc,phases      ] GC(82)     Total                          Min: 0, Avg: 157.0, Max: 564, Diff: 564, Sum: 628, Workers: 4
[34.900s][debug][gc,phases      ] GC(82)   ObjectSynchronizer Weak        Min:  0.0, Avg:  0.0, Max:  0.0, Diff:  0.0, Sum:  0.0, Workers: 4
[34.900s][debug][gc,phases      ] GC(82)     Dead                           Min: 0, Avg:  0.0, Max: 0, Diff: 0, Sum: 0, Workers: 4
[34.900s][debug][gc,phases      ] GC(82)     Total                          Min: 9, Avg: 98.2, Max: 192, Diff: 183, Sum: 393, Workers: 4
[34.900s][debug][gc,phases      ] GC(82)   JVMTI Tag Weak OopStorage      Min:  0.0, Avg:  0.0, Max:  0.0, Diff:  0.0, Sum:  0.0, Workers: 4
[34.900s][debug][gc,phases      ] GC(82)     Dead                           Min: 0, Avg:  0.0, Max: 0, Diff: 0, Sum: 0, Workers: 4
[34.900s][debug][gc,phases      ] GC(82)     Total                          Min: 0, Avg:  0.0, Max: 0, Diff: 0, Sum: 0, Workers: 4
[34.900s][debug][gc,phases      ] GC(82)   StringTable Weak               Min:  0.1, Avg:  0.1, Max:  0.1, Diff:  0.0, Sum:  0.5, Workers: 4
[34.900s][debug][gc,phases      ] GC(82)     Dead                           Min: 0, Avg:  0.0, Max: 0, Diff: 0, Sum: 0, Workers: 4
[34.900s][debug][gc,phases      ] GC(82)     Total                          Min: 10368, Avg: 11593.2, Max: 12928, Diff: 2560, Sum: 46373, Workers: 4
[34.900s][debug][gc,phases      ] GC(82)   ResolvedMethodTable Weak       Min:  0.0, Avg:  0.0, Max:  0.0, Diff:  0.0, Sum:  0.1, Workers: 4
[34.900s][debug][gc,phases      ] GC(82)     Dead                           Min: 0, Avg:  5.0, Max: 20, Diff: 20, Sum: 20, Workers: 4
[34.900s][debug][gc,phases      ] GC(82)     Total                          Min: 1720, Avg: 1921.5, Max: 2039, Diff: 319, Sum: 7686, Workers: 4
[34.900s][debug][gc,phases      ] GC(82)   JNI Weak                       Min:  0.0, Avg:  0.0, Max:  0.0, Diff:  0.0, Sum:  0.0, Workers: 4
[34.900s][debug][gc,phases      ] GC(82)     Dead                           Min: 0, Avg:  0.0, Max: 0, Diff: 0, Sum: 0, Workers: 4
[34.900s][debug][gc,phases      ] GC(82)     Total                          Min: 0, Avg:  1.5, Max: 6, Diff: 6, Sum: 6, Workers: 4
[34.900s][debug][gc,phases      ] GC(82)   StringDedup Table Weak         Min:  0.0, Avg:  0.0, Max:  0.0, Diff:  0.0, Sum:  0.0, Workers: 4
[34.900s][debug][gc,phases      ] GC(82)     Dead                           Min: 0, Avg:  0.0, Max: 0, Diff: 0, Sum: 0, Workers: 4
[34.900s][debug][gc,phases      ] GC(82)     Total                          Min: 0, Avg:  0.0, Max: 0, Diff: 0, Sum: 0, Workers: 4
[34.900s][debug][gc,phases      ] GC(82)   StringDedup Requests0 Weak     Min:  0.0, Avg:  0.0, Max:  0.0, Diff:  0.0, Sum:  0.0, Workers: 4
[34.900s][debug][gc,phases      ] GC(82)     Dead                           Min: 0, Avg:  0.0, Max: 0, Diff: 0, Sum: 0, Workers: 4
[34.900s][debug][gc,phases      ] GC(82)     Total                          Min: 0, Avg:  0.0, Max: 0, Diff: 0, Sum: 0, Workers: 4
[34.900s][debug][gc,phases      ] GC(82)   StringDedup Requests1 Weak     Min:  0.0, Avg:  0.0, Max:  0.0, Diff:  0.0, Sum:  0.0, Workers: 4
[34.900s][debug][gc,phases      ] GC(82)     Dead                           Min: 0, Avg:  0.0, Max: 0, Diff: 0, Sum: 0, Workers: 4
[34.900s][debug][gc,phases      ] GC(82)     Total                          Min: 0, Avg:  0.0, Max: 0, Diff: 0, Sum: 0, Workers: 4
[34.900s][debug][gc,phases      ] GC(82)   Weak JFR Old Object Samples    Min:  0.0, Avg:  0.0, Max:  0.0, Diff:  0.0, Sum:  0.0, Workers: 4
[34.900s][debug][gc,phases      ] GC(82)     Dead                           Min: 0, Avg:  0.0, Max: 0, Diff: 0, Sum: 0, Workers: 4
[34.900s][debug][gc,phases      ] GC(82)     Total                          Min: 0, Avg:  0.0, Max: 0, Diff: 0, Sum: 0, Workers: 4
[34.900s][debug][gc,phases      ] GC(82) Weak Processing 0.357ms
[34.900s][debug][gc,age         ] GC(82) Desired survivor size 152043520 bytes, new threshold 15 (max threshold 15)
[34.900s][info ][gc,heap        ] GC(82) PSYoungGen: 1782331K(1925632K)->51638K(1948672K) Eden: 1760768K(1760768K)->0K(1793536K) From: 21563K(164864K)->51638K(155136K)
[34.900s][info ][gc,heap        ] GC(82) ParOldGen: 359147K(443904K)->359147K(443904K)
[34.900s][info ][gc,metaspace   ] GC(82) Metaspace: 77796K(78592K)->77796K(78592K) NonClass: 66613K(67008K)->66613K(67008K) Class: 11183K(11584K)->11183K(11584K)
[34.900s][info ][gc             ] GC(82) Pause Young (Allocation Failure) 2091M->401M(2336M) 18.745ms
[34.900s][info ][gc,cpu         ] GC(82) User=0.07s Sys=0.01s Real=0.02s
[34.900s][info ][safepoint      ] Safepoint "ParallelGCFailedAllocation", Time since last: 460583553 ns, Reaching safepoint: 226106 ns, At safepoint: 18854185 ns, Total: 19080291 ns
[35.313s][info ][gc,start       ] GC(83) Pause Young (Allocation Failure)
[35.331s][debug][gc,phases      ] GC(83) Scavenge 17.973ms
[35.331s][debug][gc,ref         ] GC(83) Skipped phase 1 of Reference Processing: no references
[35.332s][debug][gc,ref         ] GC(83) ReferenceProcessor::execute queues: 1, RefProcThreadModel::Single, marks_oops_alive: false
[35.332s][debug][gc,ref         ] GC(83) Skipped phase 3 of Reference Processing: no references
[35.332s][debug][gc,ref         ] GC(83) ReferenceProcessor::execute queues: 1, RefProcThreadModel::Single, marks_oops_alive: false
[35.332s][debug][gc,phases      ] GC(83) Reference Processing 0.154ms
[35.332s][debug][gc,phases      ] GC(83)   VM Weak                        Min:  0.0, Avg:  0.0, Max:  0.0, Diff:  0.0, Sum:  0.0, Workers: 4
[35.332s][debug][gc,phases      ] GC(83)     Dead                           Min: 0, Avg:  0.0, Max: 0, Diff: 0, Sum: 0, Workers: 4
[35.332s][debug][gc,phases      ] GC(83)     Total                          Min: 0, Avg: 157.0, Max: 576, Diff: 576, Sum: 628, Workers: 4
[35.332s][debug][gc,phases      ] GC(83)   ObjectSynchronizer Weak        Min:  0.0, Avg:  0.0, Max:  0.0, Diff:  0.0, Sum:  0.0, Workers: 4
[35.332s][debug][gc,phases      ] GC(83)     Dead                           Min: 0, Avg:  0.0, Max: 0, Diff: 0, Sum: 0, Workers: 4
[35.332s][debug][gc,phases      ] GC(83)     Total                          Min: 0, Avg: 98.2, Max: 192, Diff: 192, Sum: 393, Workers: 4
[35.332s][debug][gc,phases      ] GC(83)   JVMTI Tag Weak OopStorage      Min:  0.0, Avg:  0.0, Max:  0.0, Diff:  0.0, Sum:  0.0, Workers: 4
[35.332s][debug][gc,phases      ] GC(83)     Dead                           Min: 0, Avg:  0.0, Max: 0, Diff: 0, Sum: 0, Workers: 4
[35.332s][debug][gc,phases      ] GC(83)     Total                          Min: 0, Avg:  0.0, Max: 0, Diff: 0, Sum: 0, Workers: 4
[35.332s][debug][gc,phases      ] GC(83)   StringTable Weak               Min:  0.1, Avg:  0.1, Max:  0.1, Diff:  0.0, Sum:  0.5, Workers: 4
[35.332s][debug][gc,phases      ] GC(83)     Dead                           Min: 0, Avg:  0.0, Max: 0, Diff: 0, Sum: 0, Workers: 4
[35.332s][debug][gc,phases      ] GC(83)     Total                          Min: 10304, Avg: 11593.2, Max: 12837, Diff: 2533, Sum: 46373, Workers: 4
[35.332s][debug][gc,phases      ] GC(83)   ResolvedMethodTable Weak       Min:  0.0, Avg:  0.0, Max:  0.0, Diff:  0.0, Sum:  0.1, Workers: 4
[35.332s][debug][gc,phases      ] GC(83)     Dead                           Min: 0, Avg:  0.0, Max: 0, Diff: 0, Sum: 0, Workers: 4
[35.332s][debug][gc,phases      ] GC(83)     Total                          Min: 1678, Avg: 1921.5, Max: 2112, Diff: 434, Sum: 7686, Workers: 4
[35.332s][debug][gc,phases      ] GC(83)   JNI Weak                       Min:  0.0, Avg:  0.0, Max:  0.0, Diff:  0.0, Sum:  0.0, Workers: 4
[35.332s][debug][gc,phases      ] GC(83)     Dead                           Min: 0, Avg:  0.0, Max: 0, Diff: 0, Sum: 0, Workers: 4
[35.332s][debug][gc,phases      ] GC(83)     Total                          Min: 0, Avg:  0.5, Max: 2, Diff: 2, Sum: 2, Workers: 4
[35.332s][debug][gc,phases      ] GC(83)   StringDedup Table Weak         Min:  0.0, Avg:  0.0, Max:  0.0, Diff:  0.0, Sum:  0.0, Workers: 4
[35.332s][debug][gc,phases      ] GC(83)     Dead                           Min: 0, Avg:  0.0, Max: 0, Diff: 0, Sum: 0, Workers: 4
[35.332s][debug][gc,phases      ] GC(83)     Total                          Min: 0, Avg:  0.0, Max: 0, Diff: 0, Sum: 0, Workers: 4
[35.332s][debug][gc,phases      ] GC(83)   StringDedup Requests0 Weak     Min:  0.0, Avg:  0.0, Max:  0.0, Diff:  0.0, Sum:  0.0, Workers: 4
[35.332s][debug][gc,phases      ] GC(83)     Dead                           Min: 0, Avg:  0.0, Max: 0, Diff: 0, Sum: 0, Workers: 4
[35.332s][debug][gc,phases      ] GC(83)     Total                          Min: 0, Avg:  0.0, Max: 0, Diff: 0, Sum: 0, Workers: 4
[35.332s][debug][gc,phases      ] GC(83)   StringDedup Requests1 Weak     Min:  0.0, Avg:  0.0, Max:  0.0, Diff:  0.0, Sum:  0.0, Workers: 4
[35.332s][debug][gc,phases      ] GC(83)     Dead                           Min: 0, Avg:  0.0, Max: 0, Diff: 0, Sum: 0, Workers: 4
[35.332s][debug][gc,phases      ] GC(83)     Total                          Min: 0, Avg:  0.0, Max: 0, Diff: 0, Sum: 0, Workers: 4
[35.332s][debug][gc,phases      ] GC(83)   Weak JFR Old Object Samples    Min:  0.0, Avg:  0.0, Max:  0.0, Diff:  0.0, Sum:  0.0, Workers: 4
[35.332s][debug][gc,phases      ] GC(83)     Dead                           Min: 0, Avg:  0.0, Max: 0, Diff: 0, Sum: 0, Workers: 4
[35.332s][debug][gc,phases      ] GC(83)     Total                          Min: 0, Avg:  0.0, Max: 0, Diff: 0, Sum: 0, Workers: 4
[35.332s][debug][gc,phases      ] GC(83) Weak Processing 0.384ms
[35.332s][debug][gc,age         ] GC(83) Desired survivor size 149946368 bytes, new threshold 15 (max threshold 15)
[35.332s][info ][gc,heap        ] GC(83) PSYoungGen: 1845174K(1948672K)->61606K(1942016K) Eden: 1793536K(1793536K)->0K(1793536K) From: 51638K(155136K)->61606K(148480K)
[35.332s][info ][gc,heap        ] GC(83) ParOldGen: 359147K(443904K)->359147K(443904K)
[35.332s][info ][gc,metaspace   ] GC(83) Metaspace: 77798K(78592K)->77798K(78592K) NonClass: 66615K(67008K)->66615K(67008K) Class: 11183K(11584K)->11183K(11584K)
[35.332s][info ][gc             ] GC(83) Pause Young (Allocation Failure) 2152M->410M(2330M) 18.642ms
[35.332s][info ][gc,cpu         ] GC(83) User=0.07s Sys=0.00s Real=0.02s
[35.332s][info ][safepoint      ] Safepoint "ParallelGCFailedAllocation", Time since last: 413231335 ns, Reaching safepoint: 154904 ns, At safepoint: 18753582 ns, Total: 18908486 ns
[35.687s][info ][gc,start       ] GC(84) Pause Young (Allocation Failure)
[35.707s][debug][gc,phases      ] GC(84) Scavenge 19.514ms
[35.707s][debug][gc,ref         ] GC(84) Skipped phase 1 of Reference Processing: no references
[35.707s][debug][gc,ref         ] GC(84) ReferenceProcessor::execute queues: 1, RefProcThreadModel::Single, marks_oops_alive: false
[35.707s][debug][gc,ref         ] GC(84) Skipped phase 3 of Reference Processing: no references
[35.707s][debug][gc,ref         ] GC(84) ReferenceProcessor::execute queues: 1, RefProcThreadModel::Single, marks_oops_alive: false
[35.707s][debug][gc,phases      ] GC(84) Reference Processing 0.165ms
[35.707s][debug][gc,phases      ] GC(84)   VM Weak                        Min:  0.0, Avg:  0.0, Max:  0.0, Diff:  0.0, Sum:  0.0, Workers: 4
[35.707s][debug][gc,phases      ] GC(84)     Dead                           Min: 0, Avg:  0.0, Max: 0, Diff: 0, Sum: 0, Workers: 4
[35.707s][debug][gc,phases      ] GC(84)     Total                          Min: 0, Avg: 157.0, Max: 564, Diff: 564, Sum: 628, Workers: 4
[35.707s][debug][gc,phases      ] GC(84)   ObjectSynchronizer Weak        Min:  0.0, Avg:  0.0, Max:  0.0, Diff:  0.0, Sum:  0.0, Workers: 4
[35.707s][debug][gc,phases      ] GC(84)     Dead                           Min: 0, Avg:  0.0, Max: 0, Diff: 0, Sum: 0, Workers: 4
[35.707s][debug][gc,phases      ] GC(84)     Total                          Min: 0, Avg: 98.2, Max: 320, Diff: 320, Sum: 393, Workers: 4
[35.707s][debug][gc,phases      ] GC(84)   JVMTI Tag Weak OopStorage      Min:  0.0, Avg:  0.0, Max:  0.0, Diff:  0.0, Sum:  0.0, Workers: 4
[35.707s][debug][gc,phases      ] GC(84)     Dead                           Min: 0, Avg:  0.0, Max: 0, Diff: 0, Sum: 0, Workers: 4
[35.707s][debug][gc,phases      ] GC(84)     Total                          Min: 0, Avg:  0.0, Max: 0, Diff: 0, Sum: 0, Workers: 4
[35.707s][debug][gc,phases      ] GC(84)   StringTable Weak               Min:  0.1, Avg:  0.1, Max:  0.1, Diff:  0.0, Sum:  0.5, Workers: 4
[35.707s][debug][gc,phases      ] GC(84)     Dead                           Min: 0, Avg:  0.0, Max: 0, Diff: 0, Sum: 0, Workers: 4
[35.707s][debug][gc,phases      ] GC(84)     Total                          Min: 10816, Avg: 11594.0, Max: 12200, Diff: 1384, Sum: 46376, Workers: 4
[35.707s][debug][gc,phases      ] GC(84)   ResolvedMethodTable Weak       Min:  0.0, Avg:  0.0, Max:  0.0, Diff:  0.0, Sum:  0.1, Workers: 4
[35.707s][debug][gc,phases      ] GC(84)     Dead                           Min: 0, Avg:  0.0, Max: 0, Diff: 0, Sum: 0, Workers: 4
[35.707s][debug][gc,phases      ] GC(84)     Total                          Min: 1144, Avg: 1921.5, Max: 2432, Diff: 1288, Sum: 7686, Workers: 4
[35.707s][debug][gc,phases      ] GC(84)   JNI Weak                       Min:  0.0, Avg:  0.0, Max:  0.0, Diff:  0.0, Sum:  0.0, Workers: 4
[35.707s][debug][gc,phases      ] GC(84)     Dead                           Min: 0, Avg:  0.0, Max: 0, Diff: 0, Sum: 0, Workers: 4
[35.707s][debug][gc,phases      ] GC(84)     Total                          Min: 0, Avg:  0.2, Max: 1, Diff: 1, Sum: 1, Workers: 4
[35.707s][debug][gc,phases      ] GC(84)   StringDedup Table Weak         Min:  0.0, Avg:  0.0, Max:  0.0, Diff:  0.0, Sum:  0.0, Workers: 4
[35.707s][debug][gc,phases      ] GC(84)     Dead                           Min: 0, Avg:  0.0, Max: 0, Diff: 0, Sum: 0, Workers: 4
[35.707s][debug][gc,phases      ] GC(84)     Total                          Min: 0, Avg:  0.0, Max: 0, Diff: 0, Sum: 0, Workers: 4
[35.707s][debug][gc,phases      ] GC(84)   StringDedup Requests0 Weak     Min:  0.0, Avg:  0.0, Max:  0.0, Diff:  0.0, Sum:  0.0, Workers: 4
[35.707s][debug][gc,phases      ] GC(84)     Dead                           Min: 0, Avg:  0.0, Max: 0, Diff: 0, Sum: 0, Workers: 4
[35.707s][debug][gc,phases      ] GC(84)     Total                          Min: 0, Avg:  0.0, Max: 0, Diff: 0, Sum: 0, Workers: 4
[35.707s][debug][gc,phases      ] GC(84)   StringDedup Requests1 Weak     Min:  0.0, Avg:  0.0, Max:  0.0, Diff:  0.0, Sum:  0.0, Workers: 4
[35.707s][debug][gc,phases      ] GC(84)     Dead                           Min: 0, Avg:  0.0, Max: 0, Diff: 0, Sum: 0, Workers: 4
[35.707s][debug][gc,phases      ] GC(84)     Total                          Min: 0, Avg:  0.0, Max: 0, Diff: 0, Sum: 0, Workers: 4
[35.707s][debug][gc,phases      ] GC(84)   Weak JFR Old Object Samples    Min:  0.0, Avg:  0.0, Max:  0.0, Diff:  0.0, Sum:  0.0, Workers: 4
[35.707s][debug][gc,phases      ] GC(84)     Dead                           Min: 0, Avg:  0.0, Max: 0, Diff: 0, Sum: 0, Workers: 4
[35.707s][debug][gc,phases      ] GC(84)     Total                          Min: 0, Avg:  0.0, Max: 0, Diff: 0, Sum: 0, Workers: 4
[35.707s][debug][gc,phases      ] GC(84) Weak Processing 0.338ms
[35.707s][debug][gc,age         ] GC(84) Desired survivor size 149422080 bytes, new threshold 15 (max threshold 15)
[35.707s][info ][gc,heap        ] GC(84) PSYoungGen: 1855142K(1942016K)->67917K(1951232K) Eden: 1793536K(1793536K)->0K(1804800K) From: 61606K(148480K)->67917K(146432K)
[35.707s][info ][gc,heap        ] GC(84) ParOldGen: 359147K(443904K)->359147K(443904K)
[35.707s][info ][gc,metaspace   ] GC(84) Metaspace: 77810K(78656K)->77810K(78656K) NonClass: 66626K(67072K)->66626K(67072K) Class: 11183K(11584K)->11183K(11584K)
[35.707s][info ][gc             ] GC(84) Pause Young (Allocation Failure) 2162M->417M(2339M) 20.154ms
[35.707s][info ][gc,cpu         ] GC(84) User=0.08s Sys=0.00s Real=0.02s
[35.707s][info ][safepoint      ] Safepoint "ParallelGCFailedAllocation", Time since last: 354628326 ns, Reaching safepoint: 152204 ns, At safepoint: 20272722 ns, Total: 20424926 ns
[36.087s][info ][safepoint      ] Safepoint "ParallelGCFailedAllocation", Time since last: 379619968 ns, Reaching safepoint: 213806 ns, At safepoint: 36501 ns, Total: 250307 ns
[36.087s][info ][gc,start       ] GC(85) Pause Young (GCLocker Initiated GC)
[36.108s][debug][gc,phases      ] GC(85) Scavenge 21.089ms
[36.108s][debug][gc,ref         ] GC(85) Skipped phase 1 of Reference Processing: no references
[36.108s][debug][gc,ref         ] GC(85) ReferenceProcessor::execute queues: 1, RefProcThreadModel::Single, marks_oops_alive: false
[36.109s][debug][gc,ref         ] GC(85) Skipped phase 3 of Reference Processing: no references
[36.109s][debug][gc,ref         ] GC(85) ReferenceProcessor::execute queues: 1, RefProcThreadModel::Single, marks_oops_alive: false
[36.109s][debug][gc,phases      ] GC(85) Reference Processing 0.160ms
[36.109s][debug][gc,phases      ] GC(85)   VM Weak                        Min:  0.0, Avg:  0.0, Max:  0.0, Diff:  0.0, Sum:  0.0, Workers: 4
[36.109s][debug][gc,phases      ] GC(85)     Dead                           Min: 0, Avg:  0.0, Max: 0, Diff: 0, Sum: 0, Workers: 4
[36.109s][debug][gc,phases      ] GC(85)     Total                          Min: 0, Avg: 157.0, Max: 436, Diff: 436, Sum: 628, Workers: 4
[36.109s][debug][gc,phases      ] GC(85)   ObjectSynchronizer Weak        Min:  0.0, Avg:  0.0, Max:  0.0, Diff:  0.0, Sum:  0.0, Workers: 4
[36.109s][debug][gc,phases      ] GC(85)     Dead                           Min: 0, Avg:  0.0, Max: 0, Diff: 0, Sum: 0, Workers: 4
[36.109s][debug][gc,phases      ] GC(85)     Total                          Min: 64, Avg: 98.2, Max: 137, Diff: 73, Sum: 393, Workers: 4
[36.109s][debug][gc,phases      ] GC(85)   JVMTI Tag Weak OopStorage      Min:  0.0, Avg:  0.0, Max:  0.0, Diff:  0.0, Sum:  0.0, Workers: 4
[36.109s][debug][gc,phases      ] GC(85)     Dead                           Min: 0, Avg:  0.0, Max: 0, Diff: 0, Sum: 0, Workers: 4
[36.109s][debug][gc,phases      ] GC(85)     Total                          Min: 0, Avg:  0.0, Max: 0, Diff: 0, Sum: 0, Workers: 4
[36.109s][debug][gc,phases      ] GC(85)   StringTable Weak               Min:  0.1, Avg:  0.1, Max:  0.1, Diff:  0.0, Sum:  0.5, Workers: 4
[36.109s][debug][gc,phases      ] GC(85)     Dead                           Min: 0, Avg:  0.0, Max: 0, Diff: 0, Sum: 0, Workers: 4
[36.109s][debug][gc,phases      ] GC(85)     Total                          Min: 10944, Avg: 11595.0, Max: 12288, Diff: 1344, Sum: 46380, Workers: 4
[36.109s][debug][gc,phases      ] GC(85)   ResolvedMethodTable Weak       Min:  0.0, Avg:  0.0, Max:  0.0, Diff:  0.0, Sum:  0.1, Workers: 4
[36.109s][debug][gc,phases      ] GC(85)     Dead                           Min: 0, Avg:  0.0, Max: 0, Diff: 0, Sum: 0, Workers: 4
[36.109s][debug][gc,phases      ] GC(85)     Total                          Min: 1784, Avg: 1921.5, Max: 2112, Diff: 328, Sum: 7686, Workers: 4
[36.109s][debug][gc,phases      ] GC(85)   JNI Weak                       Min:  0.0, Avg:  0.0, Max:  0.0, Diff:  0.0, Sum:  0.0, Workers: 4
[36.109s][debug][gc,phases      ] GC(85)     Dead                           Min: 0, Avg:  0.0, Max: 0, Diff: 0, Sum: 0, Workers: 4
[36.109s][debug][gc,phases      ] GC(85)     Total                          Min: 0, Avg:  0.2, Max: 1, Diff: 1, Sum: 1, Workers: 4
[36.109s][debug][gc,phases      ] GC(85)   StringDedup Table Weak         Min:  0.0, Avg:  0.0, Max:  0.0, Diff:  0.0, Sum:  0.0, Workers: 4
[36.109s][debug][gc,phases      ] GC(85)     Dead                           Min: 0, Avg:  0.0, Max: 0, Diff: 0, Sum: 0, Workers: 4
[36.109s][debug][gc,phases      ] GC(85)     Total                          Min: 0, Avg:  0.0, Max: 0, Diff: 0, Sum: 0, Workers: 4
[36.109s][debug][gc,phases      ] GC(85)   StringDedup Requests0 Weak     Min:  0.0, Avg:  0.0, Max:  0.0, Diff:  0.0, Sum:  0.0, Workers: 4
[36.109s][debug][gc,phases      ] GC(85)     Dead                           Min: 0, Avg:  0.0, Max: 0, Diff: 0, Sum: 0, Workers: 4
[36.109s][debug][gc,phases      ] GC(85)     Total                          Min: 0, Avg:  0.0, Max: 0, Diff: 0, Sum: 0, Workers: 4
[36.109s][debug][gc,phases      ] GC(85)   StringDedup Requests1 Weak     Min:  0.0, Avg:  0.0, Max:  0.0, Diff:  0.0, Sum:  0.0, Workers: 4
[36.109s][debug][gc,phases      ] GC(85)     Dead                           Min: 0, Avg:  0.0, Max: 0, Diff: 0, Sum: 0, Workers: 4
[36.109s][debug][gc,phases      ] GC(85)     Total                          Min: 0, Avg:  0.0, Max: 0, Diff: 0, Sum: 0, Workers: 4
[36.109s][debug][gc,phases      ] GC(85)   Weak JFR Old Object Samples    Min:  0.0, Avg:  0.0, Max:  0.0, Diff:  0.0, Sum:  0.0, Workers: 4
[36.109s][debug][gc,phases      ] GC(85)     Dead                           Min: 0, Avg:  0.0, Max: 0, Diff: 0, Sum: 0, Workers: 4
[36.109s][debug][gc,phases      ] GC(85)     Total                          Min: 0, Avg:  0.0, Max: 0, Diff: 0, Sum: 0, Workers: 4
[36.109s][debug][gc,phases      ] GC(85) Weak Processing 0.338ms
[36.109s][debug][gc,age         ] GC(85) Desired survivor size 150470656 bytes, new threshold 15 (max threshold 15)
[36.109s][info ][gc,heap        ] GC(85) PSYoungGen: 1872717K(1951232K)->73583K(1878528K) Eden: 1804800K(1804800K)->0K(1804800K) From: 67917K(146432K)->73583K(73728K)
[36.109s][info ][gc,heap        ] GC(85) ParOldGen: 359147K(443904K)->359147K(443904K)
[36.109s][info ][gc,metaspace   ] GC(85) Metaspace: 77822K(78656K)->77822K(78656K) NonClass: 66638K(67072K)->66638K(67072K) Class: 11184K(11584K)->11184K(11584K)
[36.109s][info ][gc             ] GC(85) Pause Young (GCLocker Initiated GC) 2179M->422M(2268M) 21.697ms
[36.109s][info ][gc,cpu         ] GC(85) User=0.10s Sys=0.01s Real=0.03s
[36.109s][info ][safepoint      ] Safepoint "ParallelGCSystemGC", Time since last: 66501 ns, Reaching safepoint: 87303 ns, At safepoint: 21806361 ns, Total: 21893664 ns
[36.467s][info ][gc,start       ] GC(86) Pause Young (Allocation Failure)
[36.485s][debug][gc,phases      ] GC(86) Scavenge 17.883ms
[36.485s][debug][gc,ref         ] GC(86) Skipped phase 1 of Reference Processing: no references
[36.485s][debug][gc,ref         ] GC(86) ReferenceProcessor::execute queues: 1, RefProcThreadModel::Single, marks_oops_alive: false
[36.485s][debug][gc,ref         ] GC(86) Skipped phase 3 of Reference Processing: no references
[36.485s][debug][gc,ref         ] GC(86) ReferenceProcessor::execute queues: 1, RefProcThreadModel::Single, marks_oops_alive: false
[36.485s][debug][gc,phases      ] GC(86) Reference Processing 0.145ms
[36.485s][debug][gc,phases      ] GC(86)   VM Weak                        Min:  0.0, Avg:  0.0, Max:  0.0, Diff:  0.0, Sum:  0.0, Workers: 4
[36.485s][debug][gc,phases      ] GC(86)     Dead                           Min: 0, Avg:  0.0, Max: 0, Diff: 0, Sum: 0, Workers: 4
[36.485s][debug][gc,phases      ] GC(86)     Total                          Min: 0, Avg: 157.0, Max: 628, Diff: 628, Sum: 628, Workers: 4
[36.485s][debug][gc,phases      ] GC(86)   ObjectSynchronizer Weak        Min:  0.0, Avg:  0.0, Max:  0.0, Diff:  0.0, Sum:  0.0, Workers: 4
[36.485s][debug][gc,phases      ] GC(86)     Dead                           Min: 0, Avg:  0.0, Max: 0, Diff: 0, Sum: 0, Workers: 4
[36.485s][debug][gc,phases      ] GC(86)     Total                          Min: 0, Avg: 98.2, Max: 393, Diff: 393, Sum: 393, Workers: 4
[36.485s][debug][gc,phases      ] GC(86)   JVMTI Tag Weak OopStorage      Min:  0.0, Avg:  0.0, Max:  0.0, Diff:  0.0, Sum:  0.0, Workers: 4
[36.485s][debug][gc,phases      ] GC(86)     Dead                           Min: 0, Avg:  0.0, Max: 0, Diff: 0, Sum: 0, Workers: 4
[36.485s][debug][gc,phases      ] GC(86)     Total                          Min: 0, Avg:  0.0, Max: 0, Diff: 0, Sum: 0, Workers: 4
[36.485s][debug][gc,phases      ] GC(86)   StringTable Weak               Min:  0.1, Avg:  0.1, Max:  0.1, Diff:  0.0, Sum:  0.5, Workers: 4
[36.485s][debug][gc,phases      ] GC(86)     Dead                           Min: 0, Avg:  0.0, Max: 0, Diff: 0, Sum: 0, Workers: 4
[36.486s][debug][gc,phases      ] GC(86)     Total                          Min: 10176, Avg: 11595.5, Max: 13504, Diff: 3328, Sum: 46382, Workers: 4
[36.486s][debug][gc,phases      ] GC(86)   ResolvedMethodTable Weak       Min:  0.0, Avg:  0.0, Max:  0.0, Diff:  0.0, Sum:  0.1, Workers: 4
[36.486s][debug][gc,phases      ] GC(86)     Dead                           Min: 0, Avg:  0.0, Max: 0, Diff: 0, Sum: 0, Workers: 4
[36.486s][debug][gc,phases      ] GC(86)     Total                          Min: 1015, Avg: 1921.5, Max: 2368, Diff: 1353, Sum: 7686, Workers: 4
[36.486s][debug][gc,phases      ] GC(86)   JNI Weak                       Min:  0.0, Avg:  0.0, Max:  0.0, Diff:  0.0, Sum:  0.0, Workers: 4
[36.486s][debug][gc,phases      ] GC(86)     Dead                           Min: 0, Avg:  0.0, Max: 0, Diff: 0, Sum: 0, Workers: 4
[36.486s][debug][gc,phases      ] GC(86)     Total                          Min: 0, Avg:  0.0, Max: 0, Diff: 0, Sum: 0, Workers: 4
[36.486s][debug][gc,phases      ] GC(86)   StringDedup Table Weak         Min:  0.0, Avg:  0.0, Max:  0.0, Diff:  0.0, Sum:  0.0, Workers: 4
[36.486s][debug][gc,phases      ] GC(86)     Dead                           Min: 0, Avg:  0.0, Max: 0, Diff: 0, Sum: 0, Workers: 4
[36.486s][debug][gc,phases      ] GC(86)     Total                          Min: 0, Avg:  0.0, Max: 0, Diff: 0, Sum: 0, Workers: 4
[36.486s][debug][gc,phases      ] GC(86)   StringDedup Requests0 Weak     Min:  0.0, Avg:  0.0, Max:  0.0, Diff:  0.0, Sum:  0.0, Workers: 4
[36.486s][debug][gc,phases      ] GC(86)     Dead                           Min: 0, Avg:  0.0, Max: 0, Diff: 0, Sum: 0, Workers: 4
[36.486s][debug][gc,phases      ] GC(86)     Total                          Min: 0, Avg:  0.0, Max: 0, Diff: 0, Sum: 0, Workers: 4
[36.486s][debug][gc,phases      ] GC(86)   StringDedup Requests1 Weak     Min:  0.0, Avg:  0.0, Max:  0.0, Diff:  0.0, Sum:  0.0, Workers: 4
[36.486s][debug][gc,phases      ] GC(86)     Dead                           Min: 0, Avg:  0.0, Max: 0, Diff: 0, Sum: 0, Workers: 4
[36.486s][debug][gc,phases      ] GC(86)     Total                          Min: 0, Avg:  0.0, Max: 0, Diff: 0, Sum: 0, Workers: 4
[36.486s][debug][gc,phases      ] GC(86)   Weak JFR Old Object Samples    Min:  0.0, Avg:  0.0, Max:  0.0, Diff:  0.0, Sum:  0.0, Workers: 4
[36.486s][debug][gc,phases      ] GC(86)     Dead                           Min: 0, Avg:  0.0, Max: 0, Diff: 0, Sum: 0, Workers: 4
[36.486s][debug][gc,phases      ] GC(86)     Total                          Min: 0, Avg:  0.0, Max: 0, Diff: 0, Sum: 0, Workers: 4
[36.486s][debug][gc,phases      ] GC(86) Weak Processing 0.345ms
[36.486s][debug][gc,age         ] GC(86) Desired survivor size 151519232 bytes, new threshold 15 (max threshold 15)
[36.486s][info ][gc,heap        ] GC(86) PSYoungGen: 1878383K(1878528K)->75951K(1948160K) Eden: 1804800K(1804800K)->0K(1801216K) From: 73583K(73728K)->75951K(146944K)
[36.486s][info ][gc,heap        ] GC(86) ParOldGen: 359148K(443904K)->359148K(443904K)
[36.486s][info ][gc,metaspace   ] GC(86) Metaspace: 77828K(78656K)->77828K(78656K) NonClass: 66644K(67072K)->66644K(67072K) Class: 11184K(11584K)->11184K(11584K)
[36.486s][info ][gc             ] GC(86) Pause Young (Allocation Failure) 2185M->424M(2336M) 18.516ms
[36.486s][info ][gc,cpu         ] GC(86) User=0.08s Sys=0.00s Real=0.02s
[36.486s][info ][safepoint      ] Safepoint "ParallelGCFailedAllocation", Time since last: 357917510 ns, Reaching safepoint: 133703 ns, At safepoint: 18635780 ns, Total: 18769483 ns
[36.812s][info ][safepoint      ] Safepoint "ICBufferFull", Time since last: 325386772 ns, Reaching safepoint: 892723 ns, At safepoint: 34601 ns, Total: 927324 ns
[36.871s][info ][gc,start       ] GC(87) Pause Young (Allocation Failure)
[36.890s][debug][gc,phases      ] GC(87) Scavenge 19.236ms
[36.890s][debug][gc,ref         ] GC(87) Skipped phase 1 of Reference Processing: no references
[36.890s][debug][gc,ref         ] GC(87) ReferenceProcessor::execute queues: 1, RefProcThreadModel::Single, marks_oops_alive: false
[36.890s][debug][gc,ref         ] GC(87) Skipped phase 3 of Reference Processing: no references
[36.890s][debug][gc,ref         ] GC(87) ReferenceProcessor::execute queues: 1, RefProcThreadModel::Single, marks_oops_alive: false
[36.890s][debug][gc,phases      ] GC(87) Reference Processing 0.164ms
[36.890s][debug][gc,phases      ] GC(87)   VM Weak                        Min:  0.0, Avg:  0.0, Max:  0.0, Diff:  0.0, Sum:  0.0, Workers: 4
[36.890s][debug][gc,phases      ] GC(87)     Dead                           Min: 0, Avg:  0.0, Max: 0, Diff: 0, Sum: 0, Workers: 4
[36.890s][debug][gc,phases      ] GC(87)     Total                          Min: 0, Avg: 158.8, Max: 576, Diff: 576, Sum: 635, Workers: 4
[36.890s][debug][gc,phases      ] GC(87)   ObjectSynchronizer Weak        Min:  0.0, Avg:  0.0, Max:  0.0, Diff:  0.0, Sum:  0.0, Workers: 4
[36.890s][debug][gc,phases      ] GC(87)     Dead                           Min: 0, Avg:  0.0, Max: 0, Diff: 0, Sum: 0, Workers: 4
[36.890s][debug][gc,phases      ] GC(87)     Total                          Min: 0, Avg: 98.5, Max: 320, Diff: 320, Sum: 394, Workers: 4
[36.890s][debug][gc,phases      ] GC(87)   JVMTI Tag Weak OopStorage      Min:  0.0, Avg:  0.0, Max:  0.0, Diff:  0.0, Sum:  0.0, Workers: 4
[36.890s][debug][gc,phases      ] GC(87)     Dead                           Min: 0, Avg:  0.0, Max: 0, Diff: 0, Sum: 0, Workers: 4
[36.890s][debug][gc,phases      ] GC(87)     Total                          Min: 0, Avg:  0.0, Max: 0, Diff: 0, Sum: 0, Workers: 4
[36.890s][debug][gc,phases      ] GC(87)   StringTable Weak               Min:  0.1, Avg:  0.1, Max:  0.1, Diff:  0.0, Sum:  0.6, Workers: 4
[36.890s][debug][gc,phases      ] GC(87)     Dead                           Min: 0, Avg:  0.2, Max: 1, Diff: 1, Sum: 1, Workers: 4
[36.890s][debug][gc,phases      ] GC(87)     Total                          Min: 10240, Avg: 11625.8, Max: 13120, Diff: 2880, Sum: 46503, Workers: 4
[36.890s][debug][gc,phases      ] GC(87)   ResolvedMethodTable Weak       Min:  0.0, Avg:  0.0, Max:  0.0, Diff:  0.0, Sum:  0.1, Workers: 4
[36.890s][debug][gc,phases      ] GC(87)     Dead                           Min: 0, Avg:  4.5, Max: 18, Diff: 18, Sum: 18, Workers: 4
[36.890s][debug][gc,phases      ] GC(87)     Total                          Min: 1591, Avg: 1947.8, Max: 2491, Diff: 900, Sum: 7791, Workers: 4
[36.890s][debug][gc,phases      ] GC(87)   JNI Weak                       Min:  0.0, Avg:  0.0, Max:  0.0, Diff:  0.0, Sum:  0.0, Workers: 4
[36.890s][debug][gc,phases      ] GC(87)     Dead                           Min: 0, Avg:  0.0, Max: 0, Diff: 0, Sum: 0, Workers: 4
[36.890s][debug][gc,phases      ] GC(87)     Total                          Min: 0, Avg:  9.5, Max: 38, Diff: 38, Sum: 38, Workers: 4
[36.890s][debug][gc,phases      ] GC(87)   StringDedup Table Weak         Min:  0.0, Avg:  0.0, Max:  0.0, Diff:  0.0, Sum:  0.0, Workers: 4
[36.890s][debug][gc,phases      ] GC(87)     Dead                           Min: 0, Avg:  0.0, Max: 0, Diff: 0, Sum: 0, Workers: 4
[36.890s][debug][gc,phases      ] GC(87)     Total                          Min: 0, Avg:  0.0, Max: 0, Diff: 0, Sum: 0, Workers: 4
[36.890s][debug][gc,phases      ] GC(87)   StringDedup Requests0 Weak     Min:  0.0, Avg:  0.0, Max:  0.0, Diff:  0.0, Sum:  0.0, Workers: 4
[36.890s][debug][gc,phases      ] GC(87)     Dead                           Min: 0, Avg:  0.0, Max: 0, Diff: 0, Sum: 0, Workers: 4
[36.890s][debug][gc,phases      ] GC(87)     Total                          Min: 0, Avg:  0.0, Max: 0, Diff: 0, Sum: 0, Workers: 4
[36.890s][debug][gc,phases      ] GC(87)   StringDedup Requests1 Weak     Min:  0.0, Avg:  0.0, Max:  0.0, Diff:  0.0, Sum:  0.0, Workers: 4
[36.890s][debug][gc,phases      ] GC(87)     Dead                           Min: 0, Avg:  0.0, Max: 0, Diff: 0, Sum: 0, Workers: 4
[36.890s][debug][gc,phases      ] GC(87)     Total                          Min: 0, Avg:  0.0, Max: 0, Diff: 0, Sum: 0, Workers: 4
[36.890s][debug][gc,phases      ] GC(87)   Weak JFR Old Object Samples    Min:  0.0, Avg:  0.0, Max:  0.0, Diff:  0.0, Sum:  0.0, Workers: 4
[36.890s][debug][gc,phases      ] GC(87)     Dead                           Min: 0, Avg:  0.0, Max: 0, Diff: 0, Sum: 0, Workers: 4
[36.890s][debug][gc,phases      ] GC(87)     Total                          Min: 0, Avg:  0.0, Max: 0, Diff: 0, Sum: 0, Workers: 4
[36.890s][debug][gc,phases      ] GC(87) Weak Processing 0.375ms
[36.890s][debug][gc,age         ] GC(87) Desired survivor size 152043520 bytes, new threshold 15 (max threshold 15)
[36.890s][info ][gc,heap        ] GC(87) PSYoungGen: 1877167K(1948160K)->77309K(1878528K) Eden: 1801216K(1801216K)->0K(1801216K) From: 75951K(146944K)->77309K(77312K)
[36.890s][info ][gc,heap        ] GC(87) ParOldGen: 359148K(443904K)->359148K(443904K)
[36.890s][info ][gc,metaspace   ] GC(87) Metaspace: 78206K(79040K)->78206K(79040K) NonClass: 66940K(67392K)->66940K(67392K) Class: 11266K(11648K)->11266K(11648K)
[36.890s][info ][gc             ] GC(87) Pause Young (Allocation Failure) 2183M->426M(2268M) 19.913ms
[36.890s][info ][gc,cpu         ] GC(87) User=0.08s Sys=0.00s Real=0.02s
[36.891s][info ][safepoint      ] Safepoint "ParallelGCFailedAllocation", Time since last: 58258499 ns, Reaching safepoint: 243506 ns, At safepoint: 20031615 ns, Total: 20275121 ns
[37.021s][info ][safepoint      ] Safepoint "ICBufferFull", Time since last: 129774940 ns, Reaching safepoint: 271707 ns, At safepoint: 38201 ns, Total: 309908 ns
[37.287s][info ][safepoint      ] Safepoint "ICBufferFull", Time since last: 265550632 ns, Reaching safepoint: 531114 ns, At safepoint: 28900 ns, Total: 560014 ns
[37.362s][info ][gc,start       ] GC(88) Pause Young (Allocation Failure)
[37.383s][debug][gc,phases      ] GC(88) Scavenge 21.038ms
[37.383s][debug][gc,ref         ] GC(88) Skipped phase 1 of Reference Processing: no references
[37.383s][debug][gc,ref         ] GC(88) ReferenceProcessor::execute queues: 1, RefProcThreadModel::Single, marks_oops_alive: false
[37.383s][debug][gc,ref         ] GC(88) Skipped phase 3 of Reference Processing: no references
[37.383s][debug][gc,ref         ] GC(88) ReferenceProcessor::execute queues: 1, RefProcThreadModel::Single, marks_oops_alive: false
[37.383s][debug][gc,phases      ] GC(88) Reference Processing 0.162ms
[37.383s][debug][gc,phases      ] GC(88)   VM Weak                        Min:  0.0, Avg:  0.0, Max:  0.0, Diff:  0.0, Sum:  0.0, Workers: 4
[37.383s][debug][gc,phases      ] GC(88)     Dead                           Min: 0, Avg:  0.0, Max: 0, Diff: 0, Sum: 0, Workers: 4
[37.383s][debug][gc,phases      ] GC(88)     Total                          Min: 0, Avg: 159.5, Max: 446, Diff: 446, Sum: 638, Workers: 4
[37.383s][debug][gc,phases      ] GC(88)   ObjectSynchronizer Weak        Min:  0.0, Avg:  0.0, Max:  0.0, Diff:  0.0, Sum:  0.0, Workers: 4
[37.383s][debug][gc,phases      ] GC(88)     Dead                           Min: 0, Avg:  0.0, Max: 0, Diff: 0, Sum: 0, Workers: 4
[37.383s][debug][gc,phases      ] GC(88)     Total                          Min: 0, Avg: 98.5, Max: 202, Diff: 202, Sum: 394, Workers: 4
[37.383s][debug][gc,phases      ] GC(88)   JVMTI Tag Weak OopStorage      Min:  0.0, Avg:  0.0, Max:  0.0, Diff:  0.0, Sum:  0.0, Workers: 4
[37.383s][debug][gc,phases      ] GC(88)     Dead                           Min: 0, Avg:  0.0, Max: 0, Diff: 0, Sum: 0, Workers: 4
[37.383s][debug][gc,phases      ] GC(88)     Total                          Min: 0, Avg:  0.0, Max: 0, Diff: 0, Sum: 0, Workers: 4
[37.383s][debug][gc,phases      ] GC(88)   StringTable Weak               Min:  0.1, Avg:  0.1, Max:  0.1, Diff:  0.0, Sum:  0.5, Workers: 4
[37.383s][debug][gc,phases      ] GC(88)     Dead                           Min: 0, Avg:  0.0, Max: 0, Diff: 0, Sum: 0, Workers: 4
[37.383s][debug][gc,phases      ] GC(88)     Total                          Min: 10688, Avg: 11639.5, Max: 12574, Diff: 1886, Sum: 46558, Workers: 4
[37.383s][debug][gc,phases      ] GC(88)   ResolvedMethodTable Weak       Min:  0.0, Avg:  0.0, Max:  0.0, Diff:  0.0, Sum:  0.1, Workers: 4
[37.383s][debug][gc,phases      ] GC(88)     Dead                           Min: 0, Avg:  0.0, Max: 0, Diff: 0, Sum: 0, Workers: 4
[37.383s][debug][gc,phases      ] GC(88)     Total                          Min: 1599, Avg: 1951.2, Max: 2367, Diff: 768, Sum: 7805, Workers: 4
[37.383s][debug][gc,phases      ] GC(88)   JNI Weak                       Min:  0.0, Avg:  0.0, Max:  0.0, Diff:  0.0, Sum:  0.0, Workers: 4
[37.383s][debug][gc,phases      ] GC(88)     Dead                           Min: 0, Avg:  0.0, Max: 0, Diff: 0, Sum: 0, Workers: 4
[37.383s][debug][gc,phases      ] GC(88)     Total                          Min: 0, Avg:  6.2, Max: 25, Diff: 25, Sum: 25, Workers: 4
[37.383s][debug][gc,phases      ] GC(88)   StringDedup Table Weak         Min:  0.0, Avg:  0.0, Max:  0.0, Diff:  0.0, Sum:  0.0, Workers: 4
[37.383s][debug][gc,phases      ] GC(88)     Dead                           Min: 0, Avg:  0.0, Max: 0, Diff: 0, Sum: 0, Workers: 4
[37.383s][debug][gc,phases      ] GC(88)     Total                          Min: 0, Avg:  0.0, Max: 0, Diff: 0, Sum: 0, Workers: 4
[37.383s][debug][gc,phases      ] GC(88)   StringDedup Requests0 Weak     Min:  0.0, Avg:  0.0, Max:  0.0, Diff:  0.0, Sum:  0.0, Workers: 4
[37.383s][debug][gc,phases      ] GC(88)     Dead                           Min: 0, Avg:  0.0, Max: 0, Diff: 0, Sum: 0, Workers: 4
[37.383s][debug][gc,phases      ] GC(88)     Total                          Min: 0, Avg:  0.0, Max: 0, Diff: 0, Sum: 0, Workers: 4
[37.383s][debug][gc,phases      ] GC(88)   StringDedup Requests1 Weak     Min:  0.0, Avg:  0.0, Max:  0.0, Diff:  0.0, Sum:  0.0, Workers: 4
[37.383s][debug][gc,phases      ] GC(88)     Dead                           Min: 0, Avg:  0.0, Max: 0, Diff: 0, Sum: 0, Workers: 4
[37.383s][debug][gc,phases      ] GC(88)     Total                          Min: 0, Avg:  0.0, Max: 0, Diff: 0, Sum: 0, Workers: 4
[37.383s][debug][gc,phases      ] GC(88)   Weak JFR Old Object Samples    Min:  0.0, Avg:  0.0, Max:  0.0, Diff:  0.0, Sum:  0.0, Workers: 4
[37.383s][debug][gc,phases      ] GC(88)     Dead                           Min: 0, Avg:  0.0, Max: 0, Diff: 0, Sum: 0, Workers: 4
[37.383s][debug][gc,phases      ] GC(88)     Total                          Min: 0, Avg:  0.0, Max: 0, Diff: 0, Sum: 0, Workers: 4
[37.383s][debug][gc,phases      ] GC(88) Weak Processing 0.362ms
[37.383s][debug][gc,age         ] GC(88) Desired survivor size 152043520 bytes, new threshold 15 (max threshold 15)
[37.383s][info ][gc,heap        ] GC(88) PSYoungGen: 1878525K(1878528K)->78345K(1948672K) Eden: 1801216K(1801216K)->0K(1800192K) From: 77309K(77312K)->78345K(148480K)
[37.383s][info ][gc,heap        ] GC(88) ParOldGen: 359148K(443904K)->359156K(443904K)
[37.383s][info ][gc,metaspace   ] GC(88) Metaspace: 78529K(79296K)->78529K(79296K) NonClass: 67257K(67648K)->67257K(67648K) Class: 11272K(11648K)->11272K(11648K)
[37.383s][info ][gc             ] GC(88) Pause Young (Allocation Failure) 2185M->427M(2336M) 21.726ms
[37.383s][info ][gc,cpu         ] GC(88) User=0.09s Sys=0.00s Real=0.02s
[37.383s][info ][safepoint      ] Safepoint "ParallelGCFailedAllocation", Time since last: 74621920 ns, Reaching safepoint: 249707 ns, At safepoint: 21848762 ns, Total: 22098469 ns
[37.782s][info ][gc,start       ] GC(89) Pause Young (Allocation Failure)
[37.804s][debug][gc,phases      ] GC(89) Scavenge 21.863ms
[37.804s][debug][gc,ref         ] GC(89) Skipped phase 1 of Reference Processing: no references
[37.804s][debug][gc,ref         ] GC(89) ReferenceProcessor::execute queues: 1, RefProcThreadModel::Single, marks_oops_alive: false
[37.804s][debug][gc,ref         ] GC(89) Skipped phase 3 of Reference Processing: no references
[37.804s][debug][gc,ref         ] GC(89) ReferenceProcessor::execute queues: 1, RefProcThreadModel::Single, marks_oops_alive: false
[37.804s][debug][gc,phases      ] GC(89) Reference Processing 0.153ms
[37.804s][debug][gc,phases      ] GC(89)   VM Weak                        Min:  0.0, Avg:  0.0, Max:  0.0, Diff:  0.0, Sum:  0.0, Workers: 4
[37.804s][debug][gc,phases      ] GC(89)     Dead                           Min: 0, Avg:  0.0, Max: 0, Diff: 0, Sum: 0, Workers: 4
[37.804s][debug][gc,phases      ] GC(89)     Total                          Min: 0, Avg: 159.5, Max: 446, Diff: 446, Sum: 638, Workers: 4
[37.804s][debug][gc,phases      ] GC(89)   ObjectSynchronizer Weak        Min:  0.0, Avg:  0.0, Max:  0.0, Diff:  0.0, Sum:  0.0, Workers: 4
[37.804s][debug][gc,phases      ] GC(89)     Dead                           Min: 0, Avg:  0.0, Max: 0, Diff: 0, Sum: 0, Workers: 4
[37.804s][debug][gc,phases      ] GC(89)     Total                          Min: 0, Avg: 98.5, Max: 266, Diff: 266, Sum: 394, Workers: 4
[37.804s][debug][gc,phases      ] GC(89)   JVMTI Tag Weak OopStorage      Min:  0.0, Avg:  0.0, Max:  0.0, Diff:  0.0, Sum:  0.0, Workers: 4
[37.804s][debug][gc,phases      ] GC(89)     Dead                           Min: 0, Avg:  0.0, Max: 0, Diff: 0, Sum: 0, Workers: 4
[37.804s][debug][gc,phases      ] GC(89)     Total                          Min: 0, Avg:  0.0, Max: 0, Diff: 0, Sum: 0, Workers: 4
[37.804s][debug][gc,phases      ] GC(89)   StringTable Weak               Min:  0.1, Avg:  0.1, Max:  0.1, Diff:  0.0, Sum:  0.6, Workers: 4
[37.804s][debug][gc,phases      ] GC(89)     Dead                           Min: 0, Avg:  0.0, Max: 0, Diff: 0, Sum: 0, Workers: 4
[37.805s][debug][gc,phases      ] GC(89)     Total                          Min: 10411, Avg: 11642.8, Max: 12480, Diff: 2069, Sum: 46571, Workers: 4
[37.805s][debug][gc,phases      ] GC(89)   ResolvedMethodTable Weak       Min:  0.0, Avg:  0.0, Max:  0.0, Diff:  0.0, Sum:  0.1, Workers: 4
[37.805s][debug][gc,phases      ] GC(89)     Dead                           Min: 0, Avg:  0.0, Max: 0, Diff: 0, Sum: 0, Workers: 4
[37.805s][debug][gc,phases      ] GC(89)     Total                          Min: 1536, Avg: 1951.2, Max: 2238, Diff: 702, Sum: 7805, Workers: 4
[37.805s][debug][gc,phases      ] GC(89)   JNI Weak                       Min:  0.0, Avg:  0.0, Max:  0.0, Diff:  0.0, Sum:  0.0, Workers: 4
[37.805s][debug][gc,phases      ] GC(89)     Dead                           Min: 0, Avg:  0.0, Max: 0, Diff: 0, Sum: 0, Workers: 4
[37.805s][debug][gc,phases      ] GC(89)     Total                          Min: 0, Avg:  6.0, Max: 24, Diff: 24, Sum: 24, Workers: 4
[37.805s][debug][gc,phases      ] GC(89)   StringDedup Table Weak         Min:  0.0, Avg:  0.0, Max:  0.0, Diff:  0.0, Sum:  0.0, Workers: 4
[37.805s][debug][gc,phases      ] GC(89)     Dead                           Min: 0, Avg:  0.0, Max: 0, Diff: 0, Sum: 0, Workers: 4
[37.805s][debug][gc,phases      ] GC(89)     Total                          Min: 0, Avg:  0.0, Max: 0, Diff: 0, Sum: 0, Workers: 4
[37.805s][debug][gc,phases      ] GC(89)   StringDedup Requests0 Weak     Min:  0.0, Avg:  0.0, Max:  0.0, Diff:  0.0, Sum:  0.0, Workers: 4
[37.805s][debug][gc,phases      ] GC(89)     Dead                           Min: 0, Avg:  0.0, Max: 0, Diff: 0, Sum: 0, Workers: 4
[37.805s][debug][gc,phases      ] GC(89)     Total                          Min: 0, Avg:  0.0, Max: 0, Diff: 0, Sum: 0, Workers: 4
[37.805s][debug][gc,phases      ] GC(89)   StringDedup Requests1 Weak     Min:  0.0, Avg:  0.0, Max:  0.0, Diff:  0.0, Sum:  0.0, Workers: 4
[37.805s][debug][gc,phases      ] GC(89)     Dead                           Min: 0, Avg:  0.0, Max: 0, Diff: 0, Sum: 0, Workers: 4
[37.805s][debug][gc,phases      ] GC(89)     Total                          Min: 0, Avg:  0.0, Max: 0, Diff: 0, Sum: 0, Workers: 4
[37.805s][debug][gc,phases      ] GC(89)   Weak JFR Old Object Samples    Min:  0.0, Avg:  0.0, Max:  0.0, Diff:  0.0, Sum:  0.0, Workers: 4
[37.805s][debug][gc,phases      ] GC(89)     Dead                           Min: 0, Avg:  0.0, Max: 0, Diff: 0, Sum: 0, Workers: 4
[37.805s][debug][gc,phases      ] GC(89)     Total                          Min: 0, Avg:  0.0, Max: 0, Diff: 0, Sum: 0, Workers: 4
[37.805s][debug][gc,phases      ] GC(89) Weak Processing 0.366ms
[37.805s][debug][gc,age         ] GC(89) Desired survivor size 151519232 bytes, new threshold 15 (max threshold 15)
[37.805s][info ][gc,heap        ] GC(89) PSYoungGen: 1878537K(1948672K)->79149K(1948672K) Eden: 1800192K(1800192K)->0K(1800192K) From: 78345K(148480K)->79149K(148480K)
[37.805s][info ][gc,heap        ] GC(89) ParOldGen: 359156K(443904K)->359164K(443904K)
[37.805s][info ][gc,metaspace   ] GC(89) Metaspace: 78648K(79424K)->78648K(79424K) NonClass: 67375K(67776K)->67375K(67776K) Class: 11272K(11648K)->11272K(11648K)
[37.805s][info ][gc             ] GC(89) Pause Young (Allocation Failure) 2185M->428M(2336M) 22.523ms
[37.805s][info ][gc,cpu         ] GC(89) User=0.11s Sys=0.00s Real=0.02s
[37.805s][info ][safepoint      ] Safepoint "ParallelGCFailedAllocation", Time since last: 398433151 ns, Reaching safepoint: 185005 ns, At safepoint: 22629982 ns, Total: 22814987 ns
[38.253s][info ][gc,start       ] GC(90) Pause Young (Allocation Failure)
[38.274s][debug][gc,phases      ] GC(90) Scavenge 20.811ms
[38.274s][debug][gc,ref         ] GC(90) Skipped phase 1 of Reference Processing: no references
[38.274s][debug][gc,ref         ] GC(90) ReferenceProcessor::execute queues: 1, RefProcThreadModel::Single, marks_oops_alive: false
[38.274s][debug][gc,ref         ] GC(90) Skipped phase 3 of Reference Processing: no references
[38.274s][debug][gc,ref         ] GC(90) ReferenceProcessor::execute queues: 1, RefProcThreadModel::Single, marks_oops_alive: false
[38.274s][debug][gc,phases      ] GC(90) Reference Processing 0.160ms
[38.274s][debug][gc,phases      ] GC(90)   VM Weak                        Min:  0.0, Avg:  0.0, Max:  0.0, Diff:  0.0, Sum:  0.0, Workers: 4
[38.274s][debug][gc,phases      ] GC(90)     Dead                           Min: 0, Avg:  0.0, Max: 0, Diff: 0, Sum: 0, Workers: 4
[38.274s][debug][gc,phases      ] GC(90)     Total                          Min: 0, Avg: 159.5, Max: 512, Diff: 512, Sum: 638, Workers: 4
[38.274s][debug][gc,phases      ] GC(90)   ObjectSynchronizer Weak        Min:  0.0, Avg:  0.0, Max:  0.0, Diff:  0.0, Sum:  0.0, Workers: 4
[38.274s][debug][gc,phases      ] GC(90)     Dead                           Min: 0, Avg:  0.0, Max: 0, Diff: 0, Sum: 0, Workers: 4
[38.274s][debug][gc,phases      ] GC(90)     Total                          Min: 0, Avg: 98.5, Max: 192, Diff: 192, Sum: 394, Workers: 4
[38.274s][debug][gc,phases      ] GC(90)   JVMTI Tag Weak OopStorage      Min:  0.0, Avg:  0.0, Max:  0.0, Diff:  0.0, Sum:  0.0, Workers: 4
[38.274s][debug][gc,phases      ] GC(90)     Dead                           Min: 0, Avg:  0.0, Max: 0, Diff: 0, Sum: 0, Workers: 4
[38.274s][debug][gc,phases      ] GC(90)     Total                          Min: 0, Avg:  0.0, Max: 0, Diff: 0, Sum: 0, Workers: 4
[38.274s][debug][gc,phases      ] GC(90)   StringTable Weak               Min:  0.1, Avg:  0.1, Max:  0.1, Diff:  0.0, Sum:  0.5, Workers: 4
[38.274s][debug][gc,phases      ] GC(90)     Dead                           Min: 0, Avg:  0.0, Max: 0, Diff: 0, Sum: 0, Workers: 4
[38.274s][debug][gc,phases      ] GC(90)     Total                          Min: 10616, Avg: 11646.0, Max: 12672, Diff: 2056, Sum: 46584, Workers: 4
[38.274s][debug][gc,phases      ] GC(90)   ResolvedMethodTable Weak       Min:  0.0, Avg:  0.0, Max:  0.0, Diff:  0.0, Sum:  0.1, Workers: 4
[38.274s][debug][gc,phases      ] GC(90)     Dead                           Min: 0, Avg:  0.0, Max: 0, Diff: 0, Sum: 0, Workers: 4
[38.274s][debug][gc,phases      ] GC(90)     Total                          Min: 1728, Avg: 1951.8, Max: 2239, Diff: 511, Sum: 7807, Workers: 4
[38.274s][debug][gc,phases      ] GC(90)   JNI Weak                       Min:  0.0, Avg:  0.0, Max:  0.0, Diff:  0.0, Sum:  0.0, Workers: 4
[38.274s][debug][gc,phases      ] GC(90)     Dead                           Min: 0, Avg:  0.0, Max: 0, Diff: 0, Sum: 0, Workers: 4
[38.274s][debug][gc,phases      ] GC(90)     Total                          Min: 0, Avg:  4.0, Max: 16, Diff: 16, Sum: 16, Workers: 4
[38.274s][debug][gc,phases      ] GC(90)   StringDedup Table Weak         Min:  0.0, Avg:  0.0, Max:  0.0, Diff:  0.0, Sum:  0.0, Workers: 4
[38.274s][debug][gc,phases      ] GC(90)     Dead                           Min: 0, Avg:  0.0, Max: 0, Diff: 0, Sum: 0, Workers: 4
[38.274s][debug][gc,phases      ] GC(90)     Total                          Min: 0, Avg:  0.0, Max: 0, Diff: 0, Sum: 0, Workers: 4
[38.274s][debug][gc,phases      ] GC(90)   StringDedup Requests0 Weak     Min:  0.0, Avg:  0.0, Max:  0.0, Diff:  0.0, Sum:  0.0, Workers: 4
[38.274s][debug][gc,phases      ] GC(90)     Dead                           Min: 0, Avg:  0.0, Max: 0, Diff: 0, Sum: 0, Workers: 4
[38.274s][debug][gc,phases      ] GC(90)     Total                          Min: 0, Avg:  0.0, Max: 0, Diff: 0, Sum: 0, Workers: 4
[38.274s][debug][gc,phases      ] GC(90)   StringDedup Requests1 Weak     Min:  0.0, Avg:  0.0, Max:  0.0, Diff:  0.0, Sum:  0.0, Workers: 4
[38.274s][debug][gc,phases      ] GC(90)     Dead                           Min: 0, Avg:  0.0, Max: 0, Diff: 0, Sum: 0, Workers: 4
[38.274s][debug][gc,phases      ] GC(90)     Total                          Min: 0, Avg:  0.0, Max: 0, Diff: 0, Sum: 0, Workers: 4
[38.274s][debug][gc,phases      ] GC(90)   Weak JFR Old Object Samples    Min:  0.0, Avg:  0.0, Max:  0.0, Diff:  0.0, Sum:  0.0, Workers: 4
[38.274s][debug][gc,phases      ] GC(90)     Dead                           Min: 0, Avg:  0.0, Max: 0, Diff: 0, Sum: 0, Workers: 4
[38.274s][debug][gc,phases      ] GC(90)     Total                          Min: 0, Avg:  0.0, Max: 0, Diff: 0, Sum: 0, Workers: 4
[38.274s][debug][gc,phases      ] GC(90) Weak Processing 0.342ms
[38.274s][debug][gc,age         ] GC(90) Desired survivor size 150994944 bytes, new threshold 15 (max threshold 15)
[38.274s][info ][gc,heap        ] GC(90) PSYoungGen: 1879341K(1948672K)->79389K(1949696K) Eden: 1800192K(1800192K)->0K(1801728K) From: 79149K(148480K)->79389K(147968K)
[38.274s][info ][gc,heap        ] GC(90) ParOldGen: 359164K(443904K)->359468K(443904K)
[38.274s][info ][gc,metaspace   ] GC(90) Metaspace: 78741K(79552K)->78741K(79552K) NonClass: 67464K(67904K)->67464K(67904K) Class: 11276K(11648K)->11276K(11648K)
[38.274s][info ][gc             ] GC(90) Pause Young (Allocation Failure) 2186M->428M(2337M) 21.458ms
[38.274s][info ][gc,cpu         ] GC(90) User=0.10s Sys=0.00s Real=0.02s
[38.274s][info ][safepoint      ] Safepoint "ParallelGCFailedAllocation", Time since last: 447573215 ns, Reaching safepoint: 367509 ns, At safepoint: 21574455 ns, Total: 21941964 ns
[38.704s][info ][gc,start       ] GC(91) Pause Young (Allocation Failure)
[38.725s][debug][gc,phases      ] GC(91) Scavenge 20.597ms
[38.725s][debug][gc,ref         ] GC(91) Skipped phase 1 of Reference Processing: no references
[38.725s][debug][gc,ref         ] GC(91) ReferenceProcessor::execute queues: 1, RefProcThreadModel::Single, marks_oops_alive: false
[38.725s][debug][gc,ref         ] GC(91) Skipped phase 3 of Reference Processing: no references
[38.725s][debug][gc,ref         ] GC(91) ReferenceProcessor::execute queues: 1, RefProcThreadModel::Single, marks_oops_alive: false
[38.725s][debug][gc,phases      ] GC(91) Reference Processing 0.152ms
[38.725s][debug][gc,phases      ] GC(91)   VM Weak                        Min:  0.0, Avg:  0.0, Max:  0.0, Diff:  0.0, Sum:  0.0, Workers: 4
[38.725s][debug][gc,phases      ] GC(91)     Dead                           Min: 0, Avg:  0.0, Max: 0, Diff: 0, Sum: 0, Workers: 4
[38.725s][debug][gc,phases      ] GC(91)     Total                          Min: 0, Avg: 159.5, Max: 446, Diff: 446, Sum: 638, Workers: 4
[38.725s][debug][gc,phases      ] GC(91)   ObjectSynchronizer Weak        Min:  0.0, Avg:  0.0, Max:  0.0, Diff:  0.0, Sum:  0.0, Workers: 4
[38.725s][debug][gc,phases      ] GC(91)     Dead                           Min: 0, Avg:  0.0, Max: 0, Diff: 0, Sum: 0, Workers: 4
[38.725s][debug][gc,phases      ] GC(91)     Total                          Min: 0, Avg: 98.5, Max: 192, Diff: 192, Sum: 394, Workers: 4
[38.725s][debug][gc,phases      ] GC(91)   JVMTI Tag Weak OopStorage      Min:  0.0, Avg:  0.0, Max:  0.0, Diff:  0.0, Sum:  0.0, Workers: 4
[38.725s][debug][gc,phases      ] GC(91)     Dead                           Min: 0, Avg:  0.0, Max: 0, Diff: 0, Sum: 0, Workers: 4
[38.725s][debug][gc,phases      ] GC(91)     Total                          Min: 0, Avg:  0.0, Max: 0, Diff: 0, Sum: 0, Workers: 4
[38.725s][debug][gc,phases      ] GC(91)   StringTable Weak               Min:  0.1, Avg:  0.1, Max:  0.1, Diff:  0.0, Sum:  0.5, Workers: 4
[38.725s][debug][gc,phases      ] GC(91)     Dead                           Min: 0, Avg:  0.0, Max: 0, Diff: 0, Sum: 0, Workers: 4
[38.725s][debug][gc,phases      ] GC(91)     Total                          Min: 11200, Avg: 11649.0, Max: 12164, Diff: 964, Sum: 46596, Workers: 4
[38.725s][debug][gc,phases      ] GC(91)   ResolvedMethodTable Weak       Min:  0.0, Avg:  0.0, Max:  0.0, Diff:  0.0, Sum:  0.1, Workers: 4
[38.725s][debug][gc,phases      ] GC(91)     Dead                           Min: 0, Avg:  0.0, Max: 0, Diff: 0, Sum: 0, Workers: 4
[38.725s][debug][gc,phases      ] GC(91)     Total                          Min: 1600, Avg: 1952.2, Max: 2432, Diff: 832, Sum: 7809, Workers: 4
[38.725s][debug][gc,phases      ] GC(91)   JNI Weak                       Min:  0.0, Avg:  0.0, Max:  0.0, Diff:  0.0, Sum:  0.0, Workers: 4
[38.725s][debug][gc,phases      ] GC(91)     Dead                           Min: 0, Avg:  0.0, Max: 0, Diff: 0, Sum: 0, Workers: 4
[38.725s][debug][gc,phases      ] GC(91)     Total                          Min: 0, Avg:  5.2, Max: 21, Diff: 21, Sum: 21, Workers: 4
[38.725s][debug][gc,phases      ] GC(91)   StringDedup Table Weak         Min:  0.0, Avg:  0.0, Max:  0.0, Diff:  0.0, Sum:  0.0, Workers: 4
[38.725s][debug][gc,phases      ] GC(91)     Dead                           Min: 0, Avg:  0.0, Max: 0, Diff: 0, Sum: 0, Workers: 4
[38.725s][debug][gc,phases      ] GC(91)     Total                          Min: 0, Avg:  0.0, Max: 0, Diff: 0, Sum: 0, Workers: 4
[38.725s][debug][gc,phases      ] GC(91)   StringDedup Requests0 Weak     Min:  0.0, Avg:  0.0, Max:  0.0, Diff:  0.0, Sum:  0.0, Workers: 4
[38.725s][debug][gc,phases      ] GC(91)     Dead                           Min: 0, Avg:  0.0, Max: 0, Diff: 0, Sum: 0, Workers: 4
[38.725s][debug][gc,phases      ] GC(91)     Total                          Min: 0, Avg:  0.0, Max: 0, Diff: 0, Sum: 0, Workers: 4
[38.725s][debug][gc,phases      ] GC(91)   StringDedup Requests1 Weak     Min:  0.0, Avg:  0.0, Max:  0.0, Diff:  0.0, Sum:  0.0, Workers: 4
[38.725s][debug][gc,phases      ] GC(91)     Dead                           Min: 0, Avg:  0.0, Max: 0, Diff: 0, Sum: 0, Workers: 4
[38.725s][debug][gc,phases      ] GC(91)     Total                          Min: 0, Avg:  0.0, Max: 0, Diff: 0, Sum: 0, Workers: 4
[38.725s][debug][gc,phases      ] GC(91)   Weak JFR Old Object Samples    Min:  0.0, Avg:  0.0, Max:  0.0, Diff:  0.0, Sum:  0.0, Workers: 4
[38.725s][debug][gc,phases      ] GC(91)     Dead                           Min: 0, Avg:  0.0, Max: 0, Diff: 0, Sum: 0, Workers: 4
[38.725s][debug][gc,phases      ] GC(91)     Total                          Min: 0, Avg:  0.0, Max: 0, Diff: 0, Sum: 0, Workers: 4
[38.725s][debug][gc,phases      ] GC(91) Weak Processing 0.337ms
[38.725s][debug][gc,age         ] GC(91) Desired survivor size 149422080 bytes, new threshold 15 (max threshold 15)
[38.725s][info ][gc,heap        ] GC(91) PSYoungGen: 1881117K(1949696K)->79888K(1949184K) Eden: 1801728K(1801728K)->0K(1801728K) From: 79389K(147968K)->79888K(147456K)
[38.725s][info ][gc,heap        ] GC(91) ParOldGen: 359468K(443904K)->359940K(443904K)
[38.725s][info ][gc,metaspace   ] GC(91) Metaspace: 78871K(79616K)->78871K(79616K) NonClass: 67585K(67968K)->67585K(67968K) Class: 11285K(11648K)->11285K(11648K)
[38.725s][info ][gc             ] GC(91) Pause Young (Allocation Failure) 2188M->429M(2337M) 21.246ms
[38.725s][info ][gc,cpu         ] GC(91) User=0.08s Sys=0.01s Real=0.02s
[38.725s][info ][safepoint      ] Safepoint "ParallelGCFailedAllocation", Time since last: 429163341 ns, Reaching safepoint: 596616 ns, At safepoint: 21359849 ns, Total: 21956465 ns
[39.125s][info ][gc,start       ] GC(92) Pause Young (Allocation Failure)
[39.146s][debug][gc,phases      ] GC(92) Scavenge 21.199ms
[39.146s][debug][gc,ref         ] GC(92) Skipped phase 1 of Reference Processing: no references
[39.147s][debug][gc,ref         ] GC(92) ReferenceProcessor::execute queues: 1, RefProcThreadModel::Single, marks_oops_alive: false
[39.147s][debug][gc,ref         ] GC(92) Skipped phase 3 of Reference Processing: no references
[39.147s][debug][gc,ref         ] GC(92) ReferenceProcessor::execute queues: 1, RefProcThreadModel::Single, marks_oops_alive: false
[39.147s][debug][gc,phases      ] GC(92) Reference Processing 0.138ms
[39.147s][debug][gc,phases      ] GC(92)   VM Weak                        Min:  0.0, Avg:  0.0, Max:  0.0, Diff:  0.0, Sum:  0.0, Workers: 4
[39.147s][debug][gc,phases      ] GC(92)     Dead                           Min: 0, Avg:  0.0, Max: 0, Diff: 0, Sum: 0, Workers: 4
[39.147s][debug][gc,phases      ] GC(92)     Total                          Min: 0, Avg: 159.5, Max: 382, Diff: 382, Sum: 638, Workers: 4
[39.147s][debug][gc,phases      ] GC(92)   ObjectSynchronizer Weak        Min:  0.0, Avg:  0.0, Max:  0.0, Diff:  0.0, Sum:  0.0, Workers: 4
[39.147s][debug][gc,phases      ] GC(92)     Dead                           Min: 0, Avg:  0.0, Max: 0, Diff: 0, Sum: 0, Workers: 4
[39.147s][debug][gc,phases      ] GC(92)     Total                          Min: 0, Avg: 98.5, Max: 320, Diff: 320, Sum: 394, Workers: 4
[39.147s][debug][gc,phases      ] GC(92)   JVMTI Tag Weak OopStorage      Min:  0.0, Avg:  0.0, Max:  0.0, Diff:  0.0, Sum:  0.0, Workers: 4
[39.147s][debug][gc,phases      ] GC(92)     Dead                           Min: 0, Avg:  0.0, Max: 0, Diff: 0, Sum: 0, Workers: 4
[39.147s][debug][gc,phases      ] GC(92)     Total                          Min: 0, Avg:  0.0, Max: 0, Diff: 0, Sum: 0, Workers: 4
[39.147s][debug][gc,phases      ] GC(92)   StringTable Weak               Min:  0.1, Avg:  0.1, Max:  0.1, Diff:  0.0, Sum:  0.6, Workers: 4
[39.147s][debug][gc,phases      ] GC(92)     Dead                           Min: 0, Avg:  0.0, Max: 0, Diff: 0, Sum: 0, Workers: 4
[39.147s][debug][gc,phases      ] GC(92)     Total                          Min: 10880, Avg: 11649.8, Max: 12160, Diff: 1280, Sum: 46599, Workers: 4
[39.147s][debug][gc,phases      ] GC(92)   ResolvedMethodTable Weak       Min:  0.0, Avg:  0.0, Max:  0.0, Diff:  0.0, Sum:  0.1, Workers: 4
[39.147s][debug][gc,phases      ] GC(92)     Dead                           Min: 0, Avg:  0.0, Max: 0, Diff: 0, Sum: 0, Workers: 4
[39.147s][debug][gc,phases      ] GC(92)     Total                          Min: 1856, Avg: 1952.8, Max: 2112, Diff: 256, Sum: 7811, Workers: 4
[39.147s][debug][gc,phases      ] GC(92)   JNI Weak                       Min:  0.0, Avg:  0.0, Max:  0.0, Diff:  0.0, Sum:  0.0, Workers: 4
[39.147s][debug][gc,phases      ] GC(92)     Dead                           Min: 0, Avg:  0.0, Max: 0, Diff: 0, Sum: 0, Workers: 4
[39.147s][debug][gc,phases      ] GC(92)     Total                          Min: 0, Avg:  0.0, Max: 0, Diff: 0, Sum: 0, Workers: 4
[39.147s][debug][gc,phases      ] GC(92)   StringDedup Table Weak         Min:  0.0, Avg:  0.0, Max:  0.0, Diff:  0.0, Sum:  0.0, Workers: 4
[39.147s][debug][gc,phases      ] GC(92)     Dead                           Min: 0, Avg:  0.0, Max: 0, Diff: 0, Sum: 0, Workers: 4
[39.147s][debug][gc,phases      ] GC(92)     Total                          Min: 0, Avg:  0.0, Max: 0, Diff: 0, Sum: 0, Workers: 4
[39.147s][debug][gc,phases      ] GC(92)   StringDedup Requests0 Weak     Min:  0.0, Avg:  0.0, Max:  0.0, Diff:  0.0, Sum:  0.0, Workers: 4
[39.147s][debug][gc,phases      ] GC(92)     Dead                           Min: 0, Avg:  0.0, Max: 0, Diff: 0, Sum: 0, Workers: 4
[39.147s][debug][gc,phases      ] GC(92)     Total                          Min: 0, Avg:  0.0, Max: 0, Diff: 0, Sum: 0, Workers: 4
[39.147s][debug][gc,phases      ] GC(92)   StringDedup Requests1 Weak     Min:  0.0, Avg:  0.0, Max:  0.0, Diff:  0.0, Sum:  0.0, Workers: 4
[39.147s][debug][gc,phases      ] GC(92)     Dead                           Min: 0, Avg:  0.0, Max: 0, Diff: 0, Sum: 0, Workers: 4
[39.147s][debug][gc,phases      ] GC(92)     Total                          Min: 0, Avg:  0.0, Max: 0, Diff: 0, Sum: 0, Workers: 4
[39.147s][debug][gc,phases      ] GC(92)   Weak JFR Old Object Samples    Min:  0.0, Avg:  0.0, Max:  0.0, Diff:  0.0, Sum:  0.0, Workers: 4
[39.147s][debug][gc,phases      ] GC(92)     Dead                           Min: 0, Avg:  0.0, Max: 0, Diff: 0, Sum: 0, Workers: 4
[39.147s][debug][gc,phases      ] GC(92)     Total                          Min: 0, Avg:  0.0, Max: 0, Diff: 0, Sum: 0, Workers: 4
[39.147s][debug][gc,phases      ] GC(92) Weak Processing 0.390ms
[39.147s][debug][gc,age         ] GC(92) Desired survivor size 147849216 bytes, new threshold 15 (max threshold 15)
[39.147s][info ][gc,heap        ] GC(92) PSYoungGen: 1881616K(1949184K)->79677K(1952768K) Eden: 1801728K(1801728K)->0K(1806848K) From: 79888K(147456K)->79677K(145920K)
[39.147s][info ][gc,heap        ] GC(92) ParOldGen: 359940K(443904K)->360948K(443904K)
[39.147s][info ][gc,metaspace   ] GC(92) Metaspace: 78913K(79680K)->78913K(79680K) NonClass: 67626K(68032K)->67626K(68032K) Class: 11287K(11648K)->11287K(11648K)
[39.147s][info ][gc             ] GC(92) Pause Young (Allocation Failure) 2189M->430M(2340M) 21.862ms
[39.147s][info ][gc,cpu         ] GC(92) User=0.09s Sys=0.00s Real=0.02s
[39.147s][info ][safepoint      ] Safepoint "ParallelGCFailedAllocation", Time since last: 399604780 ns, Reaching safepoint: 183105 ns, At safepoint: 21989465 ns, Total: 22172570 ns
[39.562s][info ][safepoint      ] Safepoint "ParallelGCFailedAllocation", Time since last: 414891173 ns, Reaching safepoint: 205906 ns, At safepoint: 34400 ns, Total: 240306 ns
[39.563s][info ][gc,start       ] GC(93) Pause Young (GCLocker Initiated GC)
[39.583s][debug][gc,phases      ] GC(93) Scavenge 19.970ms
[39.583s][debug][gc,ref         ] GC(93) Skipped phase 1 of Reference Processing: no references
[39.583s][debug][gc,ref         ] GC(93) ReferenceProcessor::execute queues: 1, RefProcThreadModel::Single, marks_oops_alive: false
[39.583s][debug][gc,ref         ] GC(93) Skipped phase 3 of Reference Processing: no references
[39.583s][debug][gc,ref         ] GC(93) ReferenceProcessor::execute queues: 1, RefProcThreadModel::Single, marks_oops_alive: false
[39.583s][debug][gc,phases      ] GC(93) Reference Processing 0.143ms
[39.584s][debug][gc,phases      ] GC(93)   VM Weak                        Min:  0.0, Avg:  0.0, Max:  0.0, Diff:  0.0, Sum:  0.0, Workers: 4
[39.584s][debug][gc,phases      ] GC(93)     Dead                           Min: 0, Avg:  0.0, Max: 0, Diff: 0, Sum: 0, Workers: 4
[39.584s][debug][gc,phases      ] GC(93)     Total                          Min: 0, Avg: 159.5, Max: 576, Diff: 576, Sum: 638, Workers: 4
[39.584s][debug][gc,phases      ] GC(93)   ObjectSynchronizer Weak        Min:  0.0, Avg:  0.0, Max:  0.0, Diff:  0.0, Sum:  0.0, Workers: 4
[39.584s][debug][gc,phases      ] GC(93)     Dead                           Min: 0, Avg:  0.0, Max: 0, Diff: 0, Sum: 0, Workers: 4
[39.584s][debug][gc,phases      ] GC(93)     Total                          Min: 0, Avg: 98.5, Max: 256, Diff: 256, Sum: 394, Workers: 4
[39.584s][debug][gc,phases      ] GC(93)   JVMTI Tag Weak OopStorage      Min:  0.0, Avg:  0.0, Max:  0.0, Diff:  0.0, Sum:  0.0, Workers: 4
[39.584s][debug][gc,phases      ] GC(93)     Dead                           Min: 0, Avg:  0.0, Max: 0, Diff: 0, Sum: 0, Workers: 4
[39.584s][debug][gc,phases      ] GC(93)     Total                          Min: 0, Avg:  0.0, Max: 0, Diff: 0, Sum: 0, Workers: 4
[39.584s][debug][gc,phases      ] GC(93)   StringTable Weak               Min:  0.1, Avg:  0.1, Max:  0.1, Diff:  0.0, Sum:  0.5, Workers: 4
[39.584s][debug][gc,phases      ] GC(93)     Dead                           Min: 0, Avg:  0.0, Max: 0, Diff: 0, Sum: 0, Workers: 4
[39.584s][debug][gc,phases      ] GC(93)     Total                          Min: 11008, Avg: 11650.0, Max: 12544, Diff: 1536, Sum: 46600, Workers: 4
[39.584s][debug][gc,phases      ] GC(93)   ResolvedMethodTable Weak       Min:  0.0, Avg:  0.0, Max:  0.0, Diff:  0.0, Sum:  0.1, Workers: 4
[39.584s][debug][gc,phases      ] GC(93)     Dead                           Min: 0, Avg:  0.0, Max: 0, Diff: 0, Sum: 0, Workers: 4
[39.584s][debug][gc,phases      ] GC(93)     Total                          Min: 1663, Avg: 1953.0, Max: 2240, Diff: 577, Sum: 7812, Workers: 4
[39.584s][debug][gc,phases      ] GC(93)   JNI Weak                       Min:  0.0, Avg:  0.0, Max:  0.0, Diff:  0.0, Sum:  0.0, Workers: 4
[39.584s][debug][gc,phases      ] GC(93)     Dead                           Min: 0, Avg:  0.0, Max: 0, Diff: 0, Sum: 0, Workers: 4
[39.584s][debug][gc,phases      ] GC(93)     Total                          Min: 0, Avg:  4.8, Max: 19, Diff: 19, Sum: 19, Workers: 4
[39.584s][debug][gc,phases      ] GC(93)   StringDedup Table Weak         Min:  0.0, Avg:  0.0, Max:  0.0, Diff:  0.0, Sum:  0.0, Workers: 4
[39.584s][debug][gc,phases      ] GC(93)     Dead                           Min: 0, Avg:  0.0, Max: 0, Diff: 0, Sum: 0, Workers: 4
[39.584s][debug][gc,phases      ] GC(93)     Total                          Min: 0, Avg:  0.0, Max: 0, Diff: 0, Sum: 0, Workers: 4
[39.584s][debug][gc,phases      ] GC(93)   StringDedup Requests0 Weak     Min:  0.0, Avg:  0.0, Max:  0.0, Diff:  0.0, Sum:  0.0, Workers: 4
[39.584s][debug][gc,phases      ] GC(93)     Dead                           Min: 0, Avg:  0.0, Max: 0, Diff: 0, Sum: 0, Workers: 4
[39.584s][debug][gc,phases      ] GC(93)     Total                          Min: 0, Avg:  0.0, Max: 0, Diff: 0, Sum: 0, Workers: 4
[39.584s][debug][gc,phases      ] GC(93)   StringDedup Requests1 Weak     Min:  0.0, Avg:  0.0, Max:  0.0, Diff:  0.0, Sum:  0.0, Workers: 4
[39.584s][debug][gc,phases      ] GC(93)     Dead                           Min: 0, Avg:  0.0, Max: 0, Diff: 0, Sum: 0, Workers: 4
[39.584s][debug][gc,phases      ] GC(93)     Total                          Min: 0, Avg:  0.0, Max: 0, Diff: 0, Sum: 0, Workers: 4
[39.584s][debug][gc,phases      ] GC(93)   Weak JFR Old Object Samples    Min:  0.0, Avg:  0.0, Max:  0.0, Diff:  0.0, Sum:  0.0, Workers: 4
[39.584s][debug][gc,phases      ] GC(93)     Dead                           Min: 0, Avg:  0.0, Max: 0, Diff: 0, Sum: 0, Workers: 4
[39.584s][debug][gc,phases      ] GC(93)     Total                          Min: 0, Avg:  0.0, Max: 0, Diff: 0, Sum: 0, Workers: 4
[39.584s][debug][gc,phases      ] GC(93) Weak Processing 0.339ms
[39.584s][debug][gc,age         ] GC(93) Desired survivor size 146276352 bytes, new threshold 15 (max threshold 15)
[39.584s][info ][gc,heap        ] GC(93) PSYoungGen: 1886525K(1952768K)->80560K(1951232K) Eden: 1806848K(1806848K)->0K(1806848K) From: 79677K(145920K)->80560K(144384K)
[39.584s][info ][gc,heap        ] GC(93) ParOldGen: 360951K(443904K)->362395K(443904K)
[39.584s][info ][gc,metaspace   ] GC(93) Metaspace: 78997K(79744K)->78997K(79744K) NonClass: 67709K(68096K)->67709K(68096K) Class: 11288K(11648K)->11288K(11648K)
[39.584s][info ][gc             ] GC(93) Pause Young (GCLocker Initiated GC) 2194M->432M(2339M) 20.606ms
[39.584s][info ][gc,cpu         ] GC(93) User=0.09s Sys=0.00s Real=0.02s
[39.584s][info ][safepoint      ] Safepoint "ParallelGCSystemGC", Time since last: 890323 ns, Reaching safepoint: 91903 ns, At safepoint: 20742633 ns, Total: 20834536 ns
[40.024s][info ][gc,start       ] GC(94) Pause Young (Allocation Failure)
[40.053s][debug][gc,phases      ] GC(94) Scavenge 28.234ms
[40.053s][debug][gc,ref         ] GC(94) Skipped phase 1 of Reference Processing: no references
[40.053s][debug][gc,ref         ] GC(94) ReferenceProcessor::execute queues: 1, RefProcThreadModel::Single, marks_oops_alive: false
[40.053s][debug][gc,ref         ] GC(94) Skipped phase 3 of Reference Processing: no references
[40.053s][debug][gc,ref         ] GC(94) ReferenceProcessor::execute queues: 1, RefProcThreadModel::Single, marks_oops_alive: false
[40.053s][debug][gc,phases      ] GC(94) Reference Processing 0.145ms
[40.053s][debug][gc,phases      ] GC(94)   VM Weak                        Min:  0.0, Avg:  0.0, Max:  0.0, Diff:  0.0, Sum:  0.0, Workers: 4
[40.053s][debug][gc,phases      ] GC(94)     Dead                           Min: 0, Avg:  0.0, Max: 0, Diff: 0, Sum: 0, Workers: 4
[40.053s][debug][gc,phases      ] GC(94)     Total                          Min: 0, Avg: 160.0, Max: 448, Diff: 448, Sum: 640, Workers: 4
[40.053s][debug][gc,phases      ] GC(94)   ObjectSynchronizer Weak        Min:  0.0, Avg:  0.0, Max:  0.0, Diff:  0.0, Sum:  0.0, Workers: 4
[40.053s][debug][gc,phases      ] GC(94)     Dead                           Min: 0, Avg:  0.0, Max: 0, Diff: 0, Sum: 0, Workers: 4
[40.053s][debug][gc,phases      ] GC(94)     Total                          Min: 64, Avg: 98.5, Max: 128, Diff: 64, Sum: 394, Workers: 4
[40.053s][debug][gc,phases      ] GC(94)   JVMTI Tag Weak OopStorage      Min:  0.0, Avg:  0.0, Max:  0.0, Diff:  0.0, Sum:  0.0, Workers: 4
[40.053s][debug][gc,phases      ] GC(94)     Dead                           Min: 0, Avg:  0.0, Max: 0, Diff: 0, Sum: 0, Workers: 4
[40.053s][debug][gc,phases      ] GC(94)     Total                          Min: 0, Avg:  0.0, Max: 0, Diff: 0, Sum: 0, Workers: 4
[40.053s][debug][gc,phases      ] GC(94)   StringTable Weak               Min:  0.1, Avg:  0.1, Max:  0.1, Diff:  0.0, Sum:  0.5, Workers: 4
[40.053s][debug][gc,phases      ] GC(94)     Dead                           Min: 0, Avg:  0.0, Max: 0, Diff: 0, Sum: 0, Workers: 4
[40.053s][debug][gc,phases      ] GC(94)     Total                          Min: 11008, Avg: 11652.0, Max: 11968, Diff: 960, Sum: 46608, Workers: 4
[40.053s][debug][gc,phases      ] GC(94)   ResolvedMethodTable Weak       Min:  0.0, Avg:  0.0, Max:  0.0, Diff:  0.0, Sum:  0.1, Workers: 4
[40.053s][debug][gc,phases      ] GC(94)     Dead                           Min: 0, Avg:  0.0, Max: 0, Diff: 0, Sum: 0, Workers: 4
[40.053s][debug][gc,phases      ] GC(94)     Total                          Min: 1727, Avg: 1954.8, Max: 2239, Diff: 512, Sum: 7819, Workers: 4
[40.053s][debug][gc,phases      ] GC(94)   JNI Weak                       Min:  0.0, Avg:  0.0, Max:  0.0, Diff:  0.0, Sum:  0.0, Workers: 4
[40.053s][debug][gc,phases      ] GC(94)     Dead                           Min: 0, Avg:  0.0, Max: 0, Diff: 0, Sum: 0, Workers: 4
[40.053s][debug][gc,phases      ] GC(94)     Total                          Min: 0, Avg:  5.8, Max: 23, Diff: 23, Sum: 23, Workers: 4
[40.053s][debug][gc,phases      ] GC(94)   StringDedup Table Weak         Min:  0.0, Avg:  0.0, Max:  0.0, Diff:  0.0, Sum:  0.0, Workers: 4
[40.053s][debug][gc,phases      ] GC(94)     Dead                           Min: 0, Avg:  0.0, Max: 0, Diff: 0, Sum: 0, Workers: 4
[40.053s][debug][gc,phases      ] GC(94)     Total                          Min: 0, Avg:  0.0, Max: 0, Diff: 0, Sum: 0, Workers: 4
[40.053s][debug][gc,phases      ] GC(94)   StringDedup Requests0 Weak     Min:  0.0, Avg:  0.0, Max:  0.0, Diff:  0.0, Sum:  0.0, Workers: 4
[40.053s][debug][gc,phases      ] GC(94)     Dead                           Min: 0, Avg:  0.0, Max: 0, Diff: 0, Sum: 0, Workers: 4
[40.053s][debug][gc,phases      ] GC(94)     Total                          Min: 0, Avg:  0.0, Max: 0, Diff: 0, Sum: 0, Workers: 4
[40.053s][debug][gc,phases      ] GC(94)   StringDedup Requests1 Weak     Min:  0.0, Avg:  0.0, Max:  0.0, Diff:  0.0, Sum:  0.0, Workers: 4
[40.053s][debug][gc,phases      ] GC(94)     Dead                           Min: 0, Avg:  0.0, Max: 0, Diff: 0, Sum: 0, Workers: 4
[40.053s][debug][gc,phases      ] GC(94)     Total                          Min: 0, Avg:  0.0, Max: 0, Diff: 0, Sum: 0, Workers: 4
[40.053s][debug][gc,phases      ] GC(94)   Weak JFR Old Object Samples    Min:  0.0, Avg:  0.0, Max:  0.0, Diff:  0.0, Sum:  0.0, Workers: 4
[40.053s][debug][gc,phases      ] GC(94)     Dead                           Min: 0, Avg:  0.0, Max: 0, Diff: 0, Sum: 0, Workers: 4
[40.053s][debug][gc,phases      ] GC(94)     Total                          Min: 0, Avg:  0.0, Max: 0, Diff: 0, Sum: 0, Workers: 4
[40.053s][debug][gc,phases      ] GC(94) Weak Processing 0.356ms
[40.053s][debug][gc,age         ] GC(94) Desired survivor size 146800640 bytes, new threshold 15 (max threshold 15)
[40.053s][info ][gc,heap        ] GC(94) PSYoungGen: 1887408K(1951232K)->87960K(1953280K) Eden: 1806848K(1806848K)->0K(1810432K) From: 80560K(144384K)->87960K(142848K)
[40.053s][info ][gc,heap        ] GC(94) ParOldGen: 362397K(443904K)->364501K(443904K)
[40.053s][info ][gc,metaspace   ] GC(94) Metaspace: 79020K(79808K)->79020K(79808K) NonClass: 67727K(68160K)->67727K(68160K) Class: 11292K(11648K)->11292K(11648K)
[40.053s][info ][gc             ] GC(94) Pause Young (Allocation Failure) 2197M->441M(2341M) 28.881ms
[40.053s][info ][gc,cpu         ] GC(94) User=0.14s Sys=0.00s Real=0.03s
[40.053s][info ][safepoint      ] Safepoint "ParallelGCFailedAllocation", Time since last: 436005916 ns, Reaching safepoint: 4271409 ns, At safepoint: 28999846 ns, Total: 33271255 ns
[40.504s][info ][gc,start       ] GC(95) Pause Young (Allocation Failure)
[40.527s][debug][gc,phases      ] GC(95) Scavenge 23.154ms
[40.527s][debug][gc,ref         ] GC(95) Skipped phase 1 of Reference Processing: no references
[40.527s][debug][gc,ref         ] GC(95) ReferenceProcessor::execute queues: 1, RefProcThreadModel::Single, marks_oops_alive: false
[40.527s][debug][gc,ref         ] GC(95) Skipped phase 3 of Reference Processing: no references
[40.527s][debug][gc,ref         ] GC(95) ReferenceProcessor::execute queues: 1, RefProcThreadModel::Single, marks_oops_alive: false
[40.527s][debug][gc,phases      ] GC(95) Reference Processing 0.145ms
[40.527s][debug][gc,phases      ] GC(95)   VM Weak                        Min:  0.0, Avg:  0.0, Max:  0.0, Diff:  0.0, Sum:  0.0, Workers: 4
[40.527s][debug][gc,phases      ] GC(95)     Dead                           Min: 0, Avg:  0.0, Max: 0, Diff: 0, Sum: 0, Workers: 4
[40.527s][debug][gc,phases      ] GC(95)     Total                          Min: 0, Avg: 160.0, Max: 640, Diff: 640, Sum: 640, Workers: 4
[40.527s][debug][gc,phases      ] GC(95)   ObjectSynchronizer Weak        Min:  0.0, Avg:  0.0, Max:  0.0, Diff:  0.0, Sum:  0.0, Workers: 4
[40.527s][debug][gc,phases      ] GC(95)     Dead                           Min: 0, Avg:  0.0, Max: 0, Diff: 0, Sum: 0, Workers: 4
[40.527s][debug][gc,phases      ] GC(95)     Total                          Min: 0, Avg: 98.5, Max: 320, Diff: 320, Sum: 394, Workers: 4
[40.527s][debug][gc,phases      ] GC(95)   JVMTI Tag Weak OopStorage      Min:  0.0, Avg:  0.0, Max:  0.0, Diff:  0.0, Sum:  0.0, Workers: 4
[40.527s][debug][gc,phases      ] GC(95)     Dead                           Min: 0, Avg:  0.0, Max: 0, Diff: 0, Sum: 0, Workers: 4
[40.527s][debug][gc,phases      ] GC(95)     Total                          Min: 0, Avg:  0.0, Max: 0, Diff: 0, Sum: 0, Workers: 4
[40.527s][debug][gc,phases      ] GC(95)   StringTable Weak               Min:  0.1, Avg:  0.1, Max:  0.1, Diff:  0.0, Sum:  0.4, Workers: 4
[40.527s][debug][gc,phases      ] GC(95)     Dead                           Min: 0, Avg:  0.0, Max: 0, Diff: 0, Sum: 0, Workers: 4
[40.527s][debug][gc,phases      ] GC(95)     Total                          Min: 10944, Avg: 11652.2, Max: 12544, Diff: 1600, Sum: 46609, Workers: 4
[40.527s][debug][gc,phases      ] GC(95)   ResolvedMethodTable Weak       Min:  0.0, Avg:  0.0, Max:  0.0, Diff:  0.0, Sum:  0.1, Workers: 4
[40.527s][debug][gc,phases      ] GC(95)     Dead                           Min: 0, Avg:  0.0, Max: 0, Diff: 0, Sum: 0, Workers: 4
[40.527s][debug][gc,phases      ] GC(95)     Total                          Min: 1663, Avg: 1954.8, Max: 2191, Diff: 528, Sum: 7819, Workers: 4
[40.527s][debug][gc,phases      ] GC(95)   JNI Weak                       Min:  0.0, Avg:  0.0, Max:  0.0, Diff:  0.0, Sum:  0.0, Workers: 4
[40.527s][debug][gc,phases      ] GC(95)     Dead                           Min: 0, Avg:  0.0, Max: 0, Diff: 0, Sum: 0, Workers: 4
[40.527s][debug][gc,phases      ] GC(95)     Total                          Min: 0, Avg:  6.2, Max: 25, Diff: 25, Sum: 25, Workers: 4
[40.527s][debug][gc,phases      ] GC(95)   StringDedup Table Weak         Min:  0.0, Avg:  0.0, Max:  0.0, Diff:  0.0, Sum:  0.0, Workers: 4
[40.527s][debug][gc,phases      ] GC(95)     Dead                           Min: 0, Avg:  0.0, Max: 0, Diff: 0, Sum: 0, Workers: 4
[40.527s][debug][gc,phases      ] GC(95)     Total                          Min: 0, Avg:  0.0, Max: 0, Diff: 0, Sum: 0, Workers: 4
[40.527s][debug][gc,phases      ] GC(95)   StringDedup Requests0 Weak     Min:  0.0, Avg:  0.0, Max:  0.0, Diff:  0.0, Sum:  0.0, Workers: 4
[40.527s][debug][gc,phases      ] GC(95)     Dead                           Min: 0, Avg:  0.0, Max: 0, Diff: 0, Sum: 0, Workers: 4
[40.527s][debug][gc,phases      ] GC(95)     Total                          Min: 0, Avg:  0.0, Max: 0, Diff: 0, Sum: 0, Workers: 4
[40.527s][debug][gc,phases      ] GC(95)   StringDedup Requests1 Weak     Min:  0.0, Avg:  0.0, Max:  0.0, Diff:  0.0, Sum:  0.0, Workers: 4
[40.527s][debug][gc,phases      ] GC(95)     Dead                           Min: 0, Avg:  0.0, Max: 0, Diff: 0, Sum: 0, Workers: 4
[40.527s][debug][gc,phases      ] GC(95)     Total                          Min: 0, Avg:  0.0, Max: 0, Diff: 0, Sum: 0, Workers: 4
[40.527s][debug][gc,phases      ] GC(95)   Weak JFR Old Object Samples    Min:  0.0, Avg:  0.0, Max:  0.0, Diff:  0.0, Sum:  0.0, Workers: 4
[40.527s][debug][gc,phases      ] GC(95)     Dead                           Min: 0, Avg:  0.0, Max: 0, Diff: 0, Sum: 0, Workers: 4
[40.527s][debug][gc,phases      ] GC(95)     Total                          Min: 0, Avg:  0.0, Max: 0, Diff: 0, Sum: 0, Workers: 4
[40.527s][debug][gc,phases      ] GC(95) Weak Processing 0.341ms
[40.527s][debug][gc,age         ] GC(95) Desired survivor size 147849216 bytes, new threshold 15 (max threshold 15)
[40.527s][info ][gc,heap        ] GC(95) PSYoungGen: 1898392K(1953280K)->90507K(1901056K) Eden: 1810432K(1810432K)->0K(1810432K) From: 87960K(142848K)->90507K(90624K)
[40.527s][info ][gc,heap        ] GC(95) ParOldGen: 364501K(443904K)->365923K(443904K)
[40.527s][info ][gc,metaspace   ] GC(95) Metaspace: 79049K(79808K)->79049K(79808K) NonClass: 67756K(68160K)->67756K(68160K) Class: 11292K(11648K)->11292K(11648K)
[40.527s][info ][gc             ] GC(95) Pause Young (Allocation Failure) 2209M->445M(2290M) 23.795ms
[40.527s][info ][gc,cpu         ] GC(95) User=0.10s Sys=0.00s Real=0.02s
[40.528s][info ][safepoint      ] Safepoint "ParallelGCFailedAllocation", Time since last: 450197081 ns, Reaching safepoint: 162004 ns, At safepoint: 23918315 ns, Total: 24080319 ns
[40.942s][info ][gc,start       ] GC(96) Pause Young (Allocation Failure)
[40.966s][debug][gc,phases      ] GC(96) Scavenge 24.014ms
[40.966s][debug][gc,ref         ] GC(96) Skipped phase 1 of Reference Processing: no references
[40.967s][debug][gc,ref         ] GC(96) ReferenceProcessor::execute queues: 1, RefProcThreadModel::Single, marks_oops_alive: false
[40.967s][debug][gc,ref         ] GC(96) Skipped phase 3 of Reference Processing: no references
[40.967s][debug][gc,ref         ] GC(96) ReferenceProcessor::execute queues: 1, RefProcThreadModel::Single, marks_oops_alive: false
[40.967s][debug][gc,phases      ] GC(96) Reference Processing 0.142ms
[40.967s][debug][gc,phases      ] GC(96)   VM Weak                        Min:  0.0, Avg:  0.0, Max:  0.0, Diff:  0.0, Sum:  0.0, Workers: 4
[40.967s][debug][gc,phases      ] GC(96)     Dead                           Min: 0, Avg:  0.0, Max: 0, Diff: 0, Sum: 0, Workers: 4
[40.967s][debug][gc,phases      ] GC(96)     Total                          Min: 0, Avg: 160.2, Max: 512, Diff: 512, Sum: 641, Workers: 4
[40.967s][debug][gc,phases      ] GC(96)   ObjectSynchronizer Weak        Min:  0.0, Avg:  0.0, Max:  0.0, Diff:  0.0, Sum:  0.0, Workers: 4
[40.967s][debug][gc,phases      ] GC(96)     Dead                           Min: 0, Avg:  0.0, Max: 0, Diff: 0, Sum: 0, Workers: 4
[40.967s][debug][gc,phases      ] GC(96)     Total                          Min: 0, Avg: 98.5, Max: 202, Diff: 202, Sum: 394, Workers: 4
[40.967s][debug][gc,phases      ] GC(96)   JVMTI Tag Weak OopStorage      Min:  0.0, Avg:  0.0, Max:  0.0, Diff:  0.0, Sum:  0.0, Workers: 4
[40.967s][debug][gc,phases      ] GC(96)     Dead                           Min: 0, Avg:  0.0, Max: 0, Diff: 0, Sum: 0, Workers: 4
[40.967s][debug][gc,phases      ] GC(96)     Total                          Min: 0, Avg:  0.0, Max: 0, Diff: 0, Sum: 0, Workers: 4
[40.967s][debug][gc,phases      ] GC(96)   StringTable Weak               Min:  0.1, Avg:  0.1, Max:  0.1, Diff:  0.0, Sum:  0.5, Workers: 4
[40.967s][debug][gc,phases      ] GC(96)     Dead                           Min: 0, Avg:  0.0, Max: 0, Diff: 0, Sum: 0, Workers: 4
[40.967s][debug][gc,phases      ] GC(96)     Total                          Min: 10904, Avg: 11654.0, Max: 12608, Diff: 1704, Sum: 46616, Workers: 4
[40.967s][debug][gc,phases      ] GC(96)   ResolvedMethodTable Weak       Min:  0.0, Avg:  0.0, Max:  0.0, Diff:  0.0, Sum:  0.1, Workers: 4
[40.967s][debug][gc,phases      ] GC(96)     Dead                           Min: 0, Avg:  0.0, Max: 0, Diff: 0, Sum: 0, Workers: 4
[40.967s][debug][gc,phases      ] GC(96)     Total                          Min: 1790, Avg: 1955.8, Max: 2239, Diff: 449, Sum: 7823, Workers: 4
[40.967s][debug][gc,phases      ] GC(96)   JNI Weak                       Min:  0.0, Avg:  0.0, Max:  0.0, Diff:  0.0, Sum:  0.0, Workers: 4
[40.967s][debug][gc,phases      ] GC(96)     Dead                           Min: 0, Avg:  0.0, Max: 0, Diff: 0, Sum: 0, Workers: 4
[40.967s][debug][gc,phases      ] GC(96)     Total                          Min: 0, Avg:  4.2, Max: 17, Diff: 17, Sum: 17, Workers: 4
[40.967s][debug][gc,phases      ] GC(96)   StringDedup Table Weak         Min:  0.0, Avg:  0.0, Max:  0.0, Diff:  0.0, Sum:  0.0, Workers: 4
[40.967s][debug][gc,phases      ] GC(96)     Dead                           Min: 0, Avg:  0.0, Max: 0, Diff: 0, Sum: 0, Workers: 4
[40.967s][debug][gc,phases      ] GC(96)     Total                          Min: 0, Avg:  0.0, Max: 0, Diff: 0, Sum: 0, Workers: 4
[40.967s][debug][gc,phases      ] GC(96)   StringDedup Requests0 Weak     Min:  0.0, Avg:  0.0, Max:  0.0, Diff:  0.0, Sum:  0.0, Workers: 4
[40.967s][debug][gc,phases      ] GC(96)     Dead                           Min: 0, Avg:  0.0, Max: 0, Diff: 0, Sum: 0, Workers: 4
[40.967s][debug][gc,phases      ] GC(96)     Total                          Min: 0, Avg:  0.0, Max: 0, Diff: 0, Sum: 0, Workers: 4
[40.967s][debug][gc,phases      ] GC(96)   StringDedup Requests1 Weak     Min:  0.0, Avg:  0.0, Max:  0.0, Diff:  0.0, Sum:  0.0, Workers: 4
[40.967s][debug][gc,phases      ] GC(96)     Dead                           Min: 0, Avg:  0.0, Max: 0, Diff: 0, Sum: 0, Workers: 4
[40.967s][debug][gc,phases      ] GC(96)     Total                          Min: 0, Avg:  0.0, Max: 0, Diff: 0, Sum: 0, Workers: 4
[40.967s][debug][gc,phases      ] GC(96)   Weak JFR Old Object Samples    Min:  0.0, Avg:  0.0, Max:  0.0, Diff:  0.0, Sum:  0.0, Workers: 4
[40.967s][debug][gc,phases      ] GC(96)     Dead                           Min: 0, Avg:  0.0, Max: 0, Diff: 0, Sum: 0, Workers: 4
[40.967s][debug][gc,phases      ] GC(96)     Total                          Min: 0, Avg:  0.0, Max: 0, Diff: 0, Sum: 0, Workers: 4
[40.967s][debug][gc,phases      ] GC(96) Weak Processing 0.335ms
[40.967s][debug][gc,age         ] GC(96) Desired survivor size 148897792 bytes, new threshold 15 (max threshold 15)
[40.967s][info ][gc,heap        ] GC(96) PSYoungGen: 1900939K(1901056K)->92309K(1950720K) Eden: 1810432K(1810432K)->0K(1806336K) From: 90507K(90624K)->92309K(144384K)
[40.967s][info ][gc,heap        ] GC(96) ParOldGen: 365923K(443904K)->367956K(443904K)
[40.967s][info ][gc,metaspace   ] GC(96) Metaspace: 79083K(79872K)->79083K(79872K) NonClass: 67786K(68224K)->67786K(68224K) Class: 11296K(11648K)->11296K(11648K)
[40.967s][info ][gc             ] GC(96) Pause Young (Allocation Failure) 2213M->449M(2338M) 24.638ms
[40.967s][info ][gc,cpu         ] GC(96) User=0.10s Sys=0.00s Real=0.02s
[40.967s][info ][safepoint      ] Safepoint "ParallelGCFailedAllocation", Time since last: 413911646 ns, Reaching safepoint: 891523 ns, At safepoint: 24768437 ns, Total: 25659960 ns
[41.374s][info ][gc,start       ] GC(97) Pause Young (Allocation Failure)
[41.401s][debug][gc,phases      ] GC(97) Scavenge 27.202ms
[41.401s][debug][gc,ref         ] GC(97) Skipped phase 1 of Reference Processing: no references
[41.401s][debug][gc,ref         ] GC(97) ReferenceProcessor::execute queues: 1, RefProcThreadModel::Single, marks_oops_alive: false
[41.401s][debug][gc,ref         ] GC(97) Skipped phase 3 of Reference Processing: no references
[41.401s][debug][gc,ref         ] GC(97) ReferenceProcessor::execute queues: 1, RefProcThreadModel::Single, marks_oops_alive: false
[41.401s][debug][gc,phases      ] GC(97) Reference Processing 0.177ms
[41.402s][debug][gc,phases      ] GC(97)   VM Weak                        Min:  0.0, Avg:  0.0, Max:  0.0, Diff:  0.0, Sum:  0.0, Workers: 4
[41.402s][debug][gc,phases      ] GC(97)     Dead                           Min: 0, Avg:  0.0, Max: 0, Diff: 0, Sum: 0, Workers: 4
[41.402s][debug][gc,phases      ] GC(97)     Total                          Min: 0, Avg: 160.2, Max: 641, Diff: 641, Sum: 641, Workers: 4
[41.402s][debug][gc,phases      ] GC(97)   ObjectSynchronizer Weak        Min:  0.0, Avg:  0.0, Max:  0.0, Diff:  0.0, Sum:  0.0, Workers: 4
[41.402s][debug][gc,phases      ] GC(97)     Dead                           Min: 0, Avg:  0.0, Max: 0, Diff: 0, Sum: 0, Workers: 4
[41.402s][debug][gc,phases      ] GC(97)     Total                          Min: 0, Avg: 98.5, Max: 202, Diff: 202, Sum: 394, Workers: 4
[41.402s][debug][gc,phases      ] GC(97)   JVMTI Tag Weak OopStorage      Min:  0.0, Avg:  0.0, Max:  0.0, Diff:  0.0, Sum:  0.0, Workers: 4
[41.402s][debug][gc,phases      ] GC(97)     Dead                           Min: 0, Avg:  0.0, Max: 0, Diff: 0, Sum: 0, Workers: 4
[41.402s][debug][gc,phases      ] GC(97)     Total                          Min: 0, Avg:  0.0, Max: 0, Diff: 0, Sum: 0, Workers: 4
[41.402s][debug][gc,phases      ] GC(97)   StringTable Weak               Min:  0.1, Avg:  0.1, Max:  0.1, Diff:  0.0, Sum:  0.5, Workers: 4
[41.402s][debug][gc,phases      ] GC(97)     Dead                           Min: 0, Avg:  0.0, Max: 0, Diff: 0, Sum: 0, Workers: 4
[41.402s][debug][gc,phases      ] GC(97)     Total                          Min: 10972, Avg: 11655.0, Max: 12416, Diff: 1444, Sum: 46620, Workers: 4
[41.402s][debug][gc,phases      ] GC(97)   ResolvedMethodTable Weak       Min:  0.0, Avg:  0.0, Max:  0.0, Diff:  0.0, Sum:  0.1, Workers: 4
[41.402s][debug][gc,phases      ] GC(97)     Dead                           Min: 0, Avg:  0.0, Max: 0, Diff: 0, Sum: 0, Workers: 4
[41.402s][debug][gc,phases      ] GC(97)     Total                          Min: 1789, Avg: 1956.2, Max: 2175, Diff: 386, Sum: 7825, Workers: 4
[41.402s][debug][gc,phases      ] GC(97)   JNI Weak                       Min:  0.0, Avg:  0.0, Max:  0.0, Diff:  0.0, Sum:  0.0, Workers: 4
[41.402s][debug][gc,phases      ] GC(97)     Dead                           Min: 0, Avg:  0.0, Max: 0, Diff: 0, Sum: 0, Workers: 4
[41.402s][debug][gc,phases      ] GC(97)     Total                          Min: 0, Avg:  3.8, Max: 15, Diff: 15, Sum: 15, Workers: 4
[41.402s][debug][gc,phases      ] GC(97)   StringDedup Table Weak         Min:  0.0, Avg:  0.0, Max:  0.0, Diff:  0.0, Sum:  0.0, Workers: 4
[41.402s][debug][gc,phases      ] GC(97)     Dead                           Min: 0, Avg:  0.0, Max: 0, Diff: 0, Sum: 0, Workers: 4
[41.402s][debug][gc,phases      ] GC(97)     Total                          Min: 0, Avg:  0.0, Max: 0, Diff: 0, Sum: 0, Workers: 4
[41.402s][debug][gc,phases      ] GC(97)   StringDedup Requests0 Weak     Min:  0.0, Avg:  0.0, Max:  0.0, Diff:  0.0, Sum:  0.0, Workers: 4
[41.402s][debug][gc,phases      ] GC(97)     Dead                           Min: 0, Avg:  0.0, Max: 0, Diff: 0, Sum: 0, Workers: 4
[41.402s][debug][gc,phases      ] GC(97)     Total                          Min: 0, Avg:  0.0, Max: 0, Diff: 0, Sum: 0, Workers: 4
[41.402s][debug][gc,phases      ] GC(97)   StringDedup Requests1 Weak     Min:  0.0, Avg:  0.0, Max:  0.0, Diff:  0.0, Sum:  0.0, Workers: 4
[41.402s][debug][gc,phases      ] GC(97)     Dead                           Min: 0, Avg:  0.0, Max: 0, Diff: 0, Sum: 0, Workers: 4
[41.402s][debug][gc,phases      ] GC(97)     Total                          Min: 0, Avg:  0.0, Max: 0, Diff: 0, Sum: 0, Workers: 4
[41.402s][debug][gc,phases      ] GC(97)   Weak JFR Old Object Samples    Min:  0.0, Avg:  0.0, Max:  0.0, Diff:  0.0, Sum:  0.0, Workers: 4
[41.402s][debug][gc,phases      ] GC(97)     Dead                           Min: 0, Avg:  0.0, Max: 0, Diff: 0, Sum: 0, Workers: 4
[41.402s][debug][gc,phases      ] GC(97)     Total                          Min: 0, Avg:  0.0, Max: 0, Diff: 0, Sum: 0, Workers: 4
[41.402s][debug][gc,phases      ] GC(97) Weak Processing 0.423ms
[41.402s][debug][gc,age         ] GC(97) Desired survivor size 142606336 bytes, new threshold 15 (max threshold 15)
[41.402s][info ][gc,heap        ] GC(97) PSYoungGen: 1898645K(1950720K)->65909K(1951744K) Eden: 1806336K(1806336K)->0K(1806336K) From: 92309K(144384K)->65909K(145408K)
[41.402s][info ][gc,heap        ] GC(97) ParOldGen: 367956K(443904K)->399452K(443904K)
[41.402s][info ][gc,metaspace   ] GC(97) Metaspace: 79100K(79936K)->79100K(79936K) NonClass: 67803K(68288K)->67803K(68288K) Class: 11297K(11648K)->11297K(11648K)
[41.402s][info ][gc             ] GC(97) Pause Young (Allocation Failure) 2213M->454M(2339M) 27.953ms
[41.402s][info ][gc,cpu         ] GC(97) User=0.10s Sys=0.00s Real=0.03s
[41.402s][info ][safepoint      ] Safepoint "ParallelGCFailedAllocation", Time since last: 406597958 ns, Reaching safepoint: 117303 ns, At safepoint: 28073922 ns, Total: 28191225 ns
[41.812s][info ][gc,start       ] GC(98) Pause Young (Allocation Failure)
[41.831s][debug][gc,phases      ] GC(98) Scavenge 19.110ms
[41.831s][debug][gc,ref         ] GC(98) Skipped phase 1 of Reference Processing: no references
[41.831s][debug][gc,ref         ] GC(98) ReferenceProcessor::execute queues: 1, RefProcThreadModel::Single, marks_oops_alive: false
[41.831s][debug][gc,ref         ] GC(98) Skipped phase 3 of Reference Processing: no references
[41.831s][debug][gc,ref         ] GC(98) ReferenceProcessor::execute queues: 1, RefProcThreadModel::Single, marks_oops_alive: false
[41.831s][debug][gc,phases      ] GC(98) Reference Processing 0.137ms
[41.832s][debug][gc,phases      ] GC(98)   VM Weak                        Min:  0.0, Avg:  0.0, Max:  0.0, Diff:  0.0, Sum:  0.0, Workers: 4
[41.832s][debug][gc,phases      ] GC(98)     Dead                           Min: 0, Avg:  0.0, Max: 0, Diff: 0, Sum: 0, Workers: 4
[41.832s][debug][gc,phases      ] GC(98)     Total                          Min: 0, Avg: 160.2, Max: 640, Diff: 640, Sum: 641, Workers: 4
[41.832s][debug][gc,phases      ] GC(98)   ObjectSynchronizer Weak        Min:  0.0, Avg:  0.0, Max:  0.0, Diff:  0.0, Sum:  0.0, Workers: 4
[41.832s][debug][gc,phases      ] GC(98)     Dead                           Min: 0, Avg:  0.0, Max: 0, Diff: 0, Sum: 0, Workers: 4
[41.832s][debug][gc,phases      ] GC(98)     Total                          Min: 0, Avg: 98.5, Max: 266, Diff: 266, Sum: 394, Workers: 4
[41.832s][debug][gc,phases      ] GC(98)   JVMTI Tag Weak OopStorage      Min:  0.0, Avg:  0.0, Max:  0.0, Diff:  0.0, Sum:  0.0, Workers: 4
[41.832s][debug][gc,phases      ] GC(98)     Dead                           Min: 0, Avg:  0.0, Max: 0, Diff: 0, Sum: 0, Workers: 4
[41.832s][debug][gc,phases      ] GC(98)     Total                          Min: 0, Avg:  0.0, Max: 0, Diff: 0, Sum: 0, Workers: 4
[41.832s][debug][gc,phases      ] GC(98)   StringTable Weak               Min:  0.1, Avg:  0.1, Max:  0.1, Diff:  0.0, Sum:  0.4, Workers: 4
[41.832s][debug][gc,phases      ] GC(98)     Dead                           Min: 0, Avg:  0.0, Max: 0, Diff: 0, Sum: 0, Workers: 4
[41.832s][debug][gc,phases      ] GC(98)     Total                          Min: 10944, Avg: 11655.2, Max: 12544, Diff: 1600, Sum: 46621, Workers: 4
[41.832s][debug][gc,phases      ] GC(98)   ResolvedMethodTable Weak       Min:  0.0, Avg:  0.0, Max:  0.0, Diff:  0.0, Sum:  0.1, Workers: 4
[41.832s][debug][gc,phases      ] GC(98)     Dead                           Min: 0, Avg:  0.0, Max: 0, Diff: 0, Sum: 0, Workers: 4
[41.832s][debug][gc,phases      ] GC(98)     Total                          Min: 1789, Avg: 1956.2, Max: 2198, Diff: 409, Sum: 7825, Workers: 4
[41.832s][debug][gc,phases      ] GC(98)   JNI Weak                       Min:  0.0, Avg:  0.0, Max:  0.0, Diff:  0.0, Sum:  0.0, Workers: 4
[41.832s][debug][gc,phases      ] GC(98)     Dead                           Min: 0, Avg:  0.0, Max: 0, Diff: 0, Sum: 0, Workers: 4
[41.832s][debug][gc,phases      ] GC(98)     Total                          Min: 0, Avg:  4.0, Max: 16, Diff: 16, Sum: 16, Workers: 4
[41.832s][debug][gc,phases      ] GC(98)   StringDedup Table Weak         Min:  0.0, Avg:  0.0, Max:  0.0, Diff:  0.0, Sum:  0.0, Workers: 4
[41.832s][debug][gc,phases      ] GC(98)     Dead                           Min: 0, Avg:  0.0, Max: 0, Diff: 0, Sum: 0, Workers: 4
[41.832s][debug][gc,phases      ] GC(98)     Total                          Min: 0, Avg:  0.0, Max: 0, Diff: 0, Sum: 0, Workers: 4
[41.832s][debug][gc,phases      ] GC(98)   StringDedup Requests0 Weak     Min:  0.0, Avg:  0.0, Max:  0.0, Diff:  0.0, Sum:  0.0, Workers: 4
[41.832s][debug][gc,phases      ] GC(98)     Dead                           Min: 0, Avg:  0.0, Max: 0, Diff: 0, Sum: 0, Workers: 4
[41.832s][debug][gc,phases      ] GC(98)     Total                          Min: 0, Avg:  0.0, Max: 0, Diff: 0, Sum: 0, Workers: 4
[41.832s][debug][gc,phases      ] GC(98)   StringDedup Requests1 Weak     Min:  0.0, Avg:  0.0, Max:  0.0, Diff:  0.0, Sum:  0.0, Workers: 4
[41.832s][debug][gc,phases      ] GC(98)     Dead                           Min: 0, Avg:  0.0, Max: 0, Diff: 0, Sum: 0, Workers: 4
[41.832s][debug][gc,phases      ] GC(98)     Total                          Min: 0, Avg:  0.0, Max: 0, Diff: 0, Sum: 0, Workers: 4
[41.832s][debug][gc,phases      ] GC(98)   Weak JFR Old Object Samples    Min:  0.0, Avg:  0.0, Max:  0.0, Diff:  0.0, Sum:  0.0, Workers: 4
[41.832s][debug][gc,phases      ] GC(98)     Dead                           Min: 0, Avg:  0.0, Max: 0, Diff: 0, Sum: 0, Workers: 4
[41.832s][debug][gc,phases      ] GC(98)     Total                          Min: 0, Avg:  0.0, Max: 0, Diff: 0, Sum: 0, Workers: 4
[41.832s][debug][gc,phases      ] GC(98) Weak Processing 0.323ms
[41.832s][debug][gc,age         ] GC(98) Desired survivor size 137887744 bytes, new threshold 15 (max threshold 15)
[41.832s][info ][gc,heap        ] GC(98) PSYoungGen: 1872245K(1951744K)->56581K(1962496K) Eden: 1806336K(1806336K)->0K(1823232K) From: 65909K(145408K)->56581K(139264K)
[41.832s][info ][gc,heap        ] GC(98) ParOldGen: 399452K(443904K)->411116K(443904K)
[41.832s][info ][gc,metaspace   ] GC(98) Metaspace: 79125K(79936K)->79125K(79936K) NonClass: 67828K(68288K)->67828K(68288K) Class: 11297K(11648K)->11297K(11648K)
[41.832s][info ][gc             ] GC(98) Pause Young (Allocation Failure) 2218M->456M(2350M) 19.712ms
[41.832s][info ][gc,cpu         ] GC(98) User=0.08s Sys=0.00s Real=0.02s
[41.832s][info ][safepoint      ] Safepoint "ParallelGCFailedAllocation", Time since last: 409955543 ns, Reaching safepoint: 153704 ns, At safepoint: 19840210 ns, Total: 19993914 ns
[42.236s][info ][gc,start       ] GC(99) Pause Young (Allocation Failure)
[42.252s][debug][gc,phases      ] GC(99) Scavenge 15.859ms
[42.252s][debug][gc,ref         ] GC(99) Skipped phase 1 of Reference Processing: no references
[42.252s][debug][gc,ref         ] GC(99) ReferenceProcessor::execute queues: 1, RefProcThreadModel::Single, marks_oops_alive: false
[42.252s][debug][gc,ref         ] GC(99) Skipped phase 3 of Reference Processing: no references
[42.252s][debug][gc,ref         ] GC(99) ReferenceProcessor::execute queues: 1, RefProcThreadModel::Single, marks_oops_alive: false
[42.252s][debug][gc,phases      ] GC(99) Reference Processing 0.132ms
[42.252s][debug][gc,phases      ] GC(99)   VM Weak                        Min:  0.0, Avg:  0.0, Max:  0.0, Diff:  0.0, Sum:  0.1, Workers: 4
[42.252s][debug][gc,phases      ] GC(99)     Dead                           Min: 0, Avg:  0.0, Max: 0, Diff: 0, Sum: 0, Workers: 4
[42.252s][debug][gc,phases      ] GC(99)     Total                          Min: 0, Avg: 160.2, Max: 513, Diff: 513, Sum: 641, Workers: 4
[42.252s][debug][gc,phases      ] GC(99)   ObjectSynchronizer Weak        Min:  0.0, Avg:  0.0, Max:  0.0, Diff:  0.0, Sum:  0.0, Workers: 4
[42.252s][debug][gc,phases      ] GC(99)     Dead                           Min: 0, Avg:  0.0, Max: 0, Diff: 0, Sum: 0, Workers: 4
[42.252s][debug][gc,phases      ] GC(99)     Total                          Min: 0, Avg: 98.5, Max: 256, Diff: 256, Sum: 394, Workers: 4
[42.252s][debug][gc,phases      ] GC(99)   JVMTI Tag Weak OopStorage      Min:  0.0, Avg:  0.0, Max:  0.0, Diff:  0.0, Sum:  0.0, Workers: 4
[42.252s][debug][gc,phases      ] GC(99)     Dead                           Min: 0, Avg:  0.0, Max: 0, Diff: 0, Sum: 0, Workers: 4
[42.252s][debug][gc,phases      ] GC(99)     Total                          Min: 0, Avg:  0.0, Max: 0, Diff: 0, Sum: 0, Workers: 4
[42.252s][debug][gc,phases      ] GC(99)   StringTable Weak               Min:  0.1, Avg:  0.1, Max:  0.1, Diff:  0.0, Sum:  0.5, Workers: 4
[42.252s][debug][gc,phases      ] GC(99)     Dead                           Min: 0, Avg:  0.0, Max: 0, Diff: 0, Sum: 0, Workers: 4
[42.252s][debug][gc,phases      ] GC(99)     Total                          Min: 10432, Avg: 11662.2, Max: 12416, Diff: 1984, Sum: 46649, Workers: 4
[42.252s][debug][gc,phases      ] GC(99)   ResolvedMethodTable Weak       Min:  0.0, Avg:  0.0, Max:  0.0, Diff:  0.0, Sum:  0.1, Workers: 4
[42.252s][debug][gc,phases      ] GC(99)     Dead                           Min: 0, Avg:  0.0, Max: 0, Diff: 0, Sum: 0, Workers: 4
[42.252s][debug][gc,phases      ] GC(99)     Total                          Min: 1663, Avg: 1956.2, Max: 2198, Diff: 535, Sum: 7825, Workers: 4
[42.252s][debug][gc,phases      ] GC(99)   JNI Weak                       Min:  0.0, Avg:  0.0, Max:  0.0, Diff:  0.0, Sum:  0.0, Workers: 4
[42.252s][debug][gc,phases      ] GC(99)     Dead                           Min: 0, Avg:  0.0, Max: 0, Diff: 0, Sum: 0, Workers: 4
[42.252s][debug][gc,phases      ] GC(99)     Total                          Min: 0, Avg:  2.2, Max: 9, Diff: 9, Sum: 9, Workers: 4
[42.252s][debug][gc,phases      ] GC(99)   StringDedup Table Weak         Min:  0.0, Avg:  0.0, Max:  0.0, Diff:  0.0, Sum:  0.0, Workers: 4
[42.252s][debug][gc,phases      ] GC(99)     Dead                           Min: 0, Avg:  0.0, Max: 0, Diff: 0, Sum: 0, Workers: 4
[42.252s][debug][gc,phases      ] GC(99)     Total                          Min: 0, Avg:  0.0, Max: 0, Diff: 0, Sum: 0, Workers: 4
[42.252s][debug][gc,phases      ] GC(99)   StringDedup Requests0 Weak     Min:  0.0, Avg:  0.0, Max:  0.0, Diff:  0.0, Sum:  0.0, Workers: 4
[42.252s][debug][gc,phases      ] GC(99)     Dead                           Min: 0, Avg:  0.0, Max: 0, Diff: 0, Sum: 0, Workers: 4
[42.252s][debug][gc,phases      ] GC(99)     Total                          Min: 0, Avg:  0.0, Max: 0, Diff: 0, Sum: 0, Workers: 4
[42.252s][debug][gc,phases      ] GC(99)   StringDedup Requests1 Weak     Min:  0.0, Avg:  0.0, Max:  0.0, Diff:  0.0, Sum:  0.0, Workers: 4
[42.252s][debug][gc,phases      ] GC(99)     Dead                           Min: 0, Avg:  0.0, Max: 0, Diff: 0, Sum: 0, Workers: 4
[42.252s][debug][gc,phases      ] GC(99)     Total                          Min: 0, Avg:  0.0, Max: 0, Diff: 0, Sum: 0, Workers: 4
[42.252s][debug][gc,phases      ] GC(99)   Weak JFR Old Object Samples    Min:  0.0, Avg:  0.0, Max:  0.0, Diff:  0.0, Sum:  0.0, Workers: 4
[42.252s][debug][gc,phases      ] GC(99)     Dead                           Min: 0, Avg:  0.0, Max: 0, Diff: 0, Sum: 0, Workers: 4
[42.252s][debug][gc,phases      ] GC(99)     Total                          Min: 0, Avg:  0.0, Max: 0, Diff: 0, Sum: 0, Workers: 4
[42.252s][debug][gc,phases      ] GC(99) Weak Processing 0.351ms
[42.252s][debug][gc,age         ] GC(99) Desired survivor size 134742016 bytes, new threshold 15 (max threshold 15)
[42.252s][info ][gc,heap        ] GC(99) PSYoungGen: 1879813K(1962496K)->51733K(1957888K) Eden: 1823232K(1823232K)->0K(1823232K) From: 56581K(139264K)->51733K(134656K)
[42.252s][info ][gc,heap        ] GC(99) ParOldGen: 411116K(443904K)->419180K(443904K)
[42.252s][info ][gc,metaspace   ] GC(99) Metaspace: 79136K(79936K)->79136K(79936K) NonClass: 67837K(68288K)->67837K(68288K) Class: 11299K(11648K)->11299K(11648K)
[42.252s][info ][gc             ] GC(99) Pause Young (Allocation Failure) 2237M->459M(2345M) 16.491ms
[42.252s][info ][gc,cpu         ] GC(99) User=0.06s Sys=0.00s Real=0.02s
[42.252s][info ][safepoint      ] Safepoint "ParallelGCFailedAllocation", Time since last: 403454877 ns, Reaching safepoint: 350109 ns, At safepoint: 16603227 ns, Total: 16953336 ns
[42.707s][info ][gc,start       ] GC(100) Pause Young (Allocation Failure)
[42.725s][debug][gc,phases      ] GC(100) Scavenge 18.181ms
[42.725s][debug][gc,ref         ] GC(100) Skipped phase 1 of Reference Processing: no references
[42.725s][debug][gc,ref         ] GC(100) ReferenceProcessor::execute queues: 1, RefProcThreadModel::Single, marks_oops_alive: false
[42.725s][debug][gc,ref         ] GC(100) Skipped phase 3 of Reference Processing: no references
[42.725s][debug][gc,ref         ] GC(100) ReferenceProcessor::execute queues: 1, RefProcThreadModel::Single, marks_oops_alive: false
[42.725s][debug][gc,phases      ] GC(100) Reference Processing 0.145ms
[42.726s][debug][gc,phases      ] GC(100)   VM Weak                        Min:  0.0, Avg:  0.0, Max:  0.0, Diff:  0.0, Sum:  0.0, Workers: 4
[42.726s][debug][gc,phases      ] GC(100)     Dead                           Min: 0, Avg:  0.0, Max: 0, Diff: 0, Sum: 0, Workers: 4
[42.726s][debug][gc,phases      ] GC(100)     Total                          Min: 0, Avg: 160.2, Max: 384, Diff: 384, Sum: 641, Workers: 4
[42.726s][debug][gc,phases      ] GC(100)   ObjectSynchronizer Weak        Min:  0.0, Avg:  0.0, Max:  0.0, Diff:  0.0, Sum:  0.0, Workers: 4
[42.726s][debug][gc,phases      ] GC(100)     Dead                           Min: 0, Avg:  0.0, Max: 0, Diff: 0, Sum: 0, Workers: 4
[42.726s][debug][gc,phases      ] GC(100)     Total                          Min: 64, Avg: 98.5, Max: 138, Diff: 74, Sum: 394, Workers: 4
[42.726s][debug][gc,phases      ] GC(100)   JVMTI Tag Weak OopStorage      Min:  0.0, Avg:  0.0, Max:  0.0, Diff:  0.0, Sum:  0.0, Workers: 4
[42.726s][debug][gc,phases      ] GC(100)     Dead                           Min: 0, Avg:  0.0, Max: 0, Diff: 0, Sum: 0, Workers: 4
[42.726s][debug][gc,phases      ] GC(100)     Total                          Min: 0, Avg:  0.0, Max: 0, Diff: 0, Sum: 0, Workers: 4
[42.726s][debug][gc,phases      ] GC(100)   StringTable Weak               Min:  0.1, Avg:  0.1, Max:  0.1, Diff:  0.0, Sum:  0.4, Workers: 4
[42.726s][debug][gc,phases      ] GC(100)     Dead                           Min: 0, Avg:  0.0, Max: 0, Diff: 0, Sum: 0, Workers: 4
[42.726s][debug][gc,phases      ] GC(100)     Total                          Min: 11136, Avg: 11666.0, Max: 12104, Diff: 968, Sum: 46664, Workers: 4
[42.726s][debug][gc,phases      ] GC(100)   ResolvedMethodTable Weak       Min:  0.0, Avg:  0.0, Max:  0.0, Diff:  0.0, Sum:  0.1, Workers: 4
[42.726s][debug][gc,phases      ] GC(100)     Dead                           Min: 0, Avg:  0.0, Max: 0, Diff: 0, Sum: 0, Workers: 4
[42.726s][debug][gc,phases      ] GC(100)     Total                          Min: 1854, Avg: 1956.2, Max: 2048, Diff: 194, Sum: 7825, Workers: 4
[42.726s][debug][gc,phases      ] GC(100)   JNI Weak                       Min:  0.0, Avg:  0.0, Max:  0.0, Diff:  0.0, Sum:  0.0, Workers: 4
[42.726s][debug][gc,phases      ] GC(100)     Dead                           Min: 0, Avg:  0.0, Max: 0, Diff: 0, Sum: 0, Workers: 4
[42.726s][debug][gc,phases      ] GC(100)     Total                          Min: 0, Avg:  0.2, Max: 1, Diff: 1, Sum: 1, Workers: 4
[42.726s][debug][gc,phases      ] GC(100)   StringDedup Table Weak         Min:  0.0, Avg:  0.0, Max:  0.0, Diff:  0.0, Sum:  0.0, Workers: 4
[42.726s][debug][gc,phases      ] GC(100)     Dead                           Min: 0, Avg:  0.0, Max: 0, Diff: 0, Sum: 0, Workers: 4
[42.726s][debug][gc,phases      ] GC(100)     Total                          Min: 0, Avg:  0.0, Max: 0, Diff: 0, Sum: 0, Workers: 4
[42.726s][debug][gc,phases      ] GC(100)   StringDedup Requests0 Weak     Min:  0.0, Avg:  0.0, Max:  0.0, Diff:  0.0, Sum:  0.0, Workers: 4
[42.726s][debug][gc,phases      ] GC(100)     Dead                           Min: 0, Avg:  0.0, Max: 0, Diff: 0, Sum: 0, Workers: 4
[42.726s][debug][gc,phases      ] GC(100)     Total                          Min: 0, Avg:  0.0, Max: 0, Diff: 0, Sum: 0, Workers: 4
[42.726s][debug][gc,phases      ] GC(100)   StringDedup Requests1 Weak     Min:  0.0, Avg:  0.0, Max:  0.0, Diff:  0.0, Sum:  0.0, Workers: 4
[42.726s][debug][gc,phases      ] GC(100)     Dead                           Min: 0, Avg:  0.0, Max: 0, Diff: 0, Sum: 0, Workers: 4
[42.726s][debug][gc,phases      ] GC(100)     Total                          Min: 0, Avg:  0.0, Max: 0, Diff: 0, Sum: 0, Workers: 4
[42.726s][debug][gc,phases      ] GC(100)   Weak JFR Old Object Samples    Min:  0.0, Avg:  0.0, Max:  0.0, Diff:  0.0, Sum:  0.0, Workers: 4
[42.726s][debug][gc,phases      ] GC(100)     Dead                           Min: 0, Avg:  0.0, Max: 0, Diff: 0, Sum: 0, Workers: 4
[42.726s][debug][gc,phases      ] GC(100)     Total                          Min: 0, Avg:  0.0, Max: 0, Diff: 0, Sum: 0, Workers: 4
[42.726s][debug][gc,phases      ] GC(100) Weak Processing 0.363ms
[42.726s][debug][gc,age         ] GC(100) Desired survivor size 130547712 bytes, new threshold 15 (max threshold 15)
[42.726s][info ][gc,heap        ] GC(100) PSYoungGen: 1874965K(1957888K)->52901K(1969664K) Eden: 1823232K(1823232K)->0K(1838080K) From: 51733K(134656K)->52901K(131584K)
[42.726s][info ][gc,heap        ] GC(100) ParOldGen: 419180K(443904K)->428916K(443904K)
[42.726s][info ][gc,metaspace   ] GC(100) Metaspace: 79154K(79936K)->79154K(79936K) NonClass: 67854K(68288K)->67854K(68288K) Class: 11299K(11648K)->11299K(11648K)
[42.726s][info ][gc             ] GC(100) Pause Young (Allocation Failure) 2240M->470M(2357M) 18.843ms
[42.726s][info ][gc,cpu         ] GC(100) User=0.08s Sys=0.00s Real=0.02s
[42.726s][debug][gc,phases      ] GC(101) Pre Compact 0.011ms
[42.726s][info ][gc,start       ] GC(101) Pause Full (Ergonomics)
[42.726s][info ][gc,phases,start] GC(101) Marking Phase
[42.859s][debug][gc,phases      ] GC(101) Par Mark 133.471ms
[42.859s][debug][gc,ref         ] GC(101) Skipped phase 1 of Reference Processing: no references
[42.860s][debug][gc,ref         ] GC(101) ReferenceProcessor::execute queues: 4, RefProcThreadModel::Multi, marks_oops_alive: false
[42.860s][debug][gc,ref         ] GC(101) Skipped phase 3 of Reference Processing: no references
[42.860s][debug][gc,ref         ] GC(101) ReferenceProcessor::execute queues: 1, RefProcThreadModel::Single, marks_oops_alive: false
[42.860s][debug][gc,phases      ] GC(101) Reference Processing 0.596ms
[42.860s][debug][gc,phases      ] GC(101)   VM Weak                        Min:  0.0, Avg:  0.0, Max:  0.0, Diff:  0.0, Sum:  0.0, Workers: 4
[42.860s][debug][gc,phases      ] GC(101)     Dead                           Min: 0, Avg:  0.0, Max: 0, Diff: 0, Sum: 0, Workers: 4
[42.860s][debug][gc,phases      ] GC(101)     Total                          Min: 0, Avg: 160.2, Max: 385, Diff: 385, Sum: 641, Workers: 4
[42.860s][debug][gc,phases      ] GC(101)   ObjectSynchronizer Weak        Min:  0.0, Avg:  0.0, Max:  0.0, Diff:  0.0, Sum:  0.0, Workers: 4
[42.860s][debug][gc,phases      ] GC(101)     Dead                           Min: 0, Avg:  0.0, Max: 0, Diff: 0, Sum: 0, Workers: 4
[42.860s][debug][gc,phases      ] GC(101)     Total                          Min: 0, Avg: 98.5, Max: 138, Diff: 138, Sum: 394, Workers: 4
[42.860s][debug][gc,phases      ] GC(101)   JVMTI Tag Weak OopStorage      Min:  0.0, Avg:  0.0, Max:  0.0, Diff:  0.0, Sum:  0.0, Workers: 4
[42.860s][debug][gc,phases      ] GC(101)     Dead                           Min: 0, Avg:  0.0, Max: 0, Diff: 0, Sum: 0, Workers: 4
[42.860s][debug][gc,phases      ] GC(101)     Total                          Min: 0, Avg:  0.0, Max: 0, Diff: 0, Sum: 0, Workers: 4
[42.860s][debug][gc,phases      ] GC(101)   StringTable Weak               Min:  0.2, Avg:  0.2, Max:  0.2, Diff:  0.0, Sum:  0.7, Workers: 4
[42.860s][debug][gc,phases      ] GC(101)     Dead                           Min: 0, Avg:  0.0, Max: 0, Diff: 0, Sum: 0, Workers: 4
[42.860s][debug][gc,phases      ] GC(101)     Total                          Min: 11392, Avg: 11666.0, Max: 11912, Diff: 520, Sum: 46664, Workers: 4
[42.860s][debug][gc,phases      ] GC(101)   ResolvedMethodTable Weak       Min:  0.0, Avg:  0.0, Max:  0.0, Diff:  0.0, Sum:  0.1, Workers: 4
[42.860s][debug][gc,phases      ] GC(101)     Dead                           Min: 0, Avg:  0.0, Max: 0, Diff: 0, Sum: 0, Workers: 4
[42.860s][debug][gc,phases      ] GC(101)     Total                          Min: 1854, Avg: 1956.2, Max: 2111, Diff: 257, Sum: 7825, Workers: 4
[42.860s][debug][gc,phases      ] GC(101)   JNI Weak                       Min:  0.0, Avg:  0.0, Max:  0.0, Diff:  0.0, Sum:  0.0, Workers: 4
[42.860s][debug][gc,phases      ] GC(101)     Dead                           Min: 0, Avg:  0.0, Max: 0, Diff: 0, Sum: 0, Workers: 4
[42.860s][debug][gc,phases      ] GC(101)     Total                          Min: 0, Avg:  0.2, Max: 1, Diff: 1, Sum: 1, Workers: 4
[42.860s][debug][gc,phases      ] GC(101)   StringDedup Table Weak         Min:  0.0, Avg:  0.0, Max:  0.0, Diff:  0.0, Sum:  0.0, Workers: 4
[42.860s][debug][gc,phases      ] GC(101)     Dead                           Min: 0, Avg:  0.0, Max: 0, Diff: 0, Sum: 0, Workers: 4
[42.860s][debug][gc,phases      ] GC(101)     Total                          Min: 0, Avg:  0.0, Max: 0, Diff: 0, Sum: 0, Workers: 4
[42.860s][debug][gc,phases      ] GC(101)   StringDedup Requests0 Weak     Min:  0.0, Avg:  0.0, Max:  0.0, Diff:  0.0, Sum:  0.0, Workers: 4
[42.860s][debug][gc,phases      ] GC(101)     Dead                           Min: 0, Avg:  0.0, Max: 0, Diff: 0, Sum: 0, Workers: 4
[42.860s][debug][gc,phases      ] GC(101)     Total                          Min: 0, Avg:  0.0, Max: 0, Diff: 0, Sum: 0, Workers: 4
[42.860s][debug][gc,phases      ] GC(101)   StringDedup Requests1 Weak     Min:  0.0, Avg:  0.0, Max:  0.0, Diff:  0.0, Sum:  0.0, Workers: 4
[42.860s][debug][gc,phases      ] GC(101)     Dead                           Min: 0, Avg:  0.0, Max: 0, Diff: 0, Sum: 0, Workers: 4
[42.860s][debug][gc,phases      ] GC(101)     Total                          Min: 0, Avg:  0.0, Max: 0, Diff: 0, Sum: 0, Workers: 4
[42.860s][debug][gc,phases      ] GC(101)   Weak JFR Old Object Samples    Min:  0.0, Avg:  0.0, Max:  0.0, Diff:  0.0, Sum:  0.0, Workers: 4
[42.860s][debug][gc,phases      ] GC(101)     Dead                           Min: 0, Avg:  0.0, Max: 0, Diff: 0, Sum: 0, Workers: 4
[42.860s][debug][gc,phases      ] GC(101)     Total                          Min: 0, Avg:  0.0, Max: 0, Diff: 0, Sum: 0, Workers: 4
[42.860s][debug][gc,phases      ] GC(101) Weak Processing 0.409ms
[42.861s][debug][gc,phases      ] GC(101) ClassLoaderData 0.089ms
[42.861s][debug][gc,phases      ] GC(101) Trigger cleanups 0.001ms
[42.873s][debug][gc,phases      ] GC(101) Class Unloading 12.735ms
[42.873s][info ][gc,phases      ] GC(101) Marking Phase 147.394ms
[42.873s][info ][gc,phases,start] GC(101) Summary Phase
[42.873s][info ][gc,phases      ] GC(101) Summary Phase 0.011ms
[42.873s][info ][gc,phases,start] GC(101) Adjust Roots
[42.888s][info ][gc,phases      ] GC(101) Adjust Roots 14.358ms
[42.888s][info ][gc,phases,start] GC(101) Compaction Phase
[43.213s][info ][gc,phases      ] GC(101) Compaction Phase 325.749ms
[43.213s][info ][gc,phases,start] GC(101) Post Compact
[43.215s][info ][gc,phases      ] GC(101) Post Compact 1.378ms
[43.215s][info ][gc,heap        ] GC(101) PSYoungGen: 52901K(1969664K)->31181K(1969664K) Eden: 0K(1838080K)->0K(1838080K) From: 52901K(131584K)->31181K(131584K)
[43.215s][info ][gc,heap        ] GC(101) ParOldGen: 428916K(443904K)->443553K(545280K)
[43.215s][info ][gc,metaspace   ] GC(101) Metaspace: 79154K(79936K)->79154K(79936K) NonClass: 67854K(68288K)->67854K(68288K) Class: 11299K(11648K)->11299K(11648K)
[43.215s][info ][gc             ] GC(101) Pause Full (Ergonomics) 470M->463M(2456M) 489.214ms
[43.215s][info ][gc,cpu         ] GC(101) User=1.83s Sys=0.01s Real=0.49s
[43.215s][info ][safepoint      ] Safepoint "ParallelGCFailedAllocation", Time since last: 454462387 ns, Reaching safepoint: 187505 ns, At safepoint: 508249870 ns, Total: 508437375 ns
[43.630s][info ][gc,start       ] GC(102) Pause Young (Allocation Failure)
[43.694s][debug][gc,phases      ] GC(102) Scavenge 64.155ms
[43.694s][debug][gc,ref         ] GC(102) Skipped phase 1 of Reference Processing: no references
[43.694s][debug][gc,ref         ] GC(102) ReferenceProcessor::execute queues: 1, RefProcThreadModel::Single, marks_oops_alive: false
[43.694s][debug][gc,ref         ] GC(102) Skipped phase 3 of Reference Processing: no references
[43.694s][debug][gc,ref         ] GC(102) ReferenceProcessor::execute queues: 1, RefProcThreadModel::Single, marks_oops_alive: false
[43.694s][debug][gc,phases      ] GC(102) Reference Processing 0.143ms
[43.695s][debug][gc,phases      ] GC(102)   VM Weak                        Min:  0.0, Avg:  0.0, Max:  0.0, Diff:  0.0, Sum:  0.0, Workers: 4
[43.695s][debug][gc,phases      ] GC(102)     Dead                           Min: 0, Avg:  0.0, Max: 0, Diff: 0, Sum: 0, Workers: 4
[43.695s][debug][gc,phases      ] GC(102)     Total                          Min: 0, Avg: 160.2, Max: 513, Diff: 513, Sum: 641, Workers: 4
[43.695s][debug][gc,phases      ] GC(102)   ObjectSynchronizer Weak        Min:  0.0, Avg:  0.0, Max:  0.0, Diff:  0.0, Sum:  0.0, Workers: 4
[43.695s][debug][gc,phases      ] GC(102)     Dead                           Min: 0, Avg:  0.0, Max: 0, Diff: 0, Sum: 0, Workers: 4
[43.695s][debug][gc,phases      ] GC(102)     Total                          Min: 0, Avg: 98.5, Max: 138, Diff: 138, Sum: 394, Workers: 4
[43.695s][debug][gc,phases      ] GC(102)   JVMTI Tag Weak OopStorage      Min:  0.0, Avg:  0.0, Max:  0.0, Diff:  0.0, Sum:  0.0, Workers: 4
[43.695s][debug][gc,phases      ] GC(102)     Dead                           Min: 0, Avg:  0.0, Max: 0, Diff: 0, Sum: 0, Workers: 4
[43.695s][debug][gc,phases      ] GC(102)     Total                          Min: 0, Avg:  0.0, Max: 0, Diff: 0, Sum: 0, Workers: 4
[43.695s][debug][gc,phases      ] GC(102)   StringTable Weak               Min:  0.0, Avg:  0.1, Max:  0.2, Diff:  0.2, Sum:  0.5, Workers: 4
[43.695s][debug][gc,phases      ] GC(102)     Dead                           Min: 0, Avg:  0.2, Max: 1, Diff: 1, Sum: 1, Workers: 4
[43.695s][debug][gc,phases      ] GC(102)     Total                          Min: 0, Avg: 11671.8, Max: 15936, Diff: 15936, Sum: 46687, Workers: 4
[43.695s][debug][gc,phases      ] GC(102)   ResolvedMethodTable Weak       Min:  0.0, Avg:  0.0, Max:  0.0, Diff:  0.0, Sum:  0.1, Workers: 4
[43.695s][debug][gc,phases      ] GC(102)     Dead                           Min: 0, Avg:  0.0, Max: 0, Diff: 0, Sum: 0, Workers: 4
[43.695s][debug][gc,phases      ] GC(102)     Total                          Min: 0, Avg: 1957.5, Max: 2687, Diff: 2687, Sum: 7830, Workers: 4
[43.695s][debug][gc,phases      ] GC(102)   JNI Weak                       Min:  0.0, Avg:  0.0, Max:  0.0, Diff:  0.0, Sum:  0.0, Workers: 4
[43.695s][debug][gc,phases      ] GC(102)     Dead                           Min: 0, Avg:  0.0, Max: 0, Diff: 0, Sum: 0, Workers: 4
[43.695s][debug][gc,phases      ] GC(102)     Total                          Min: 0, Avg:  1.0, Max: 4, Diff: 4, Sum: 4, Workers: 4
[43.695s][debug][gc,phases      ] GC(102)   StringDedup Table Weak         Min:  0.0, Avg:  0.0, Max:  0.0, Diff:  0.0, Sum:  0.0, Workers: 4
[43.695s][debug][gc,phases      ] GC(102)     Dead                           Min: 0, Avg:  0.0, Max: 0, Diff: 0, Sum: 0, Workers: 4
[43.695s][debug][gc,phases      ] GC(102)     Total                          Min: 0, Avg:  0.0, Max: 0, Diff: 0, Sum: 0, Workers: 4
[43.695s][debug][gc,phases      ] GC(102)   StringDedup Requests0 Weak     Min:  0.0, Avg:  0.0, Max:  0.0, Diff:  0.0, Sum:  0.0, Workers: 4
[43.695s][debug][gc,phases      ] GC(102)     Dead                           Min: 0, Avg:  0.0, Max: 0, Diff: 0, Sum: 0, Workers: 4
[43.695s][debug][gc,phases      ] GC(102)     Total                          Min: 0, Avg:  0.0, Max: 0, Diff: 0, Sum: 0, Workers: 4
[43.695s][debug][gc,phases      ] GC(102)   StringDedup Requests1 Weak     Min:  0.0, Avg:  0.0, Max:  0.0, Diff:  0.0, Sum:  0.0, Workers: 4
[43.695s][debug][gc,phases      ] GC(102)     Dead                           Min: 0, Avg:  0.0, Max: 0, Diff: 0, Sum: 0, Workers: 4
[43.695s][debug][gc,phases      ] GC(102)     Total                          Min: 0, Avg:  0.0, Max: 0, Diff: 0, Sum: 0, Workers: 4
[43.695s][debug][gc,phases      ] GC(102)   Weak JFR Old Object Samples    Min:  0.0, Avg:  0.0, Max:  0.0, Diff:  0.0, Sum:  0.0, Workers: 4
[43.695s][debug][gc,phases      ] GC(102)     Dead                           Min: 0, Avg:  0.0, Max: 0, Diff: 0, Sum: 0, Workers: 4
[43.695s][debug][gc,phases      ] GC(102)     Total                          Min: 0, Avg:  0.0, Max: 0, Diff: 0, Sum: 0, Workers: 4
[43.695s][debug][gc,phases      ] GC(102) Weak Processing 0.432ms
[43.695s][debug][gc,age         ] GC(102) Desired survivor size 130023424 bytes, new threshold 15 (max threshold 15)
[43.695s][info ][gc,heap        ] GC(102) PSYoungGen: 1869261K(1969664K)->34148K(1965568K) Eden: 1838080K(1838080K)->0K(1838080K) From: 31181K(131584K)->34148K(127488K)
[43.695s][info ][gc,heap        ] GC(102) ParOldGen: 443553K(545280K)->447809K(545280K)
[43.695s][info ][gc,metaspace   ] GC(102) Metaspace: 79194K(80000K)->79194K(80000K) NonClass: 67891K(68352K)->67891K(68352K) Class: 11303K(11648K)->11303K(11648K)
[43.695s][info ][gc             ] GC(102) Pause Young (Allocation Failure) 2258M->470M(2452M) 64.880ms
[43.695s][info ][gc,cpu         ] GC(102) User=0.25s Sys=0.00s Real=0.06s
[43.695s][info ][safepoint      ] Safepoint "ParallelGCFailedAllocation", Time since last: 414544260 ns, Reaching safepoint: 194305 ns, At safepoint: 64981771 ns, Total: 65176076 ns
[44.219s][info ][gc,start       ] GC(103) Pause Young (Allocation Failure)
[44.232s][debug][gc,phases      ] GC(103) Scavenge 13.874ms
[44.232s][debug][gc,ref         ] GC(103) Skipped phase 1 of Reference Processing: no references
[44.233s][debug][gc,ref         ] GC(103) ReferenceProcessor::execute queues: 1, RefProcThreadModel::Single, marks_oops_alive: false
[44.233s][debug][gc,ref         ] GC(103) Skipped phase 3 of Reference Processing: no references
[44.233s][debug][gc,ref         ] GC(103) ReferenceProcessor::execute queues: 1, RefProcThreadModel::Single, marks_oops_alive: false
[44.233s][debug][gc,phases      ] GC(103) Reference Processing 0.107ms
[44.233s][debug][gc,phases      ] GC(103)   VM Weak                        Min:  0.0, Avg:  0.0, Max:  0.0, Diff:  0.0, Sum:  0.0, Workers: 4
[44.233s][debug][gc,phases      ] GC(103)     Dead                           Min: 0, Avg:  0.0, Max: 0, Diff: 0, Sum: 0, Workers: 4
[44.233s][debug][gc,phases      ] GC(103)     Total                          Min: 0, Avg: 160.2, Max: 320, Diff: 320, Sum: 641, Workers: 4
[44.233s][debug][gc,phases      ] GC(103)   ObjectSynchronizer Weak        Min:  0.0, Avg:  0.0, Max:  0.0, Diff:  0.0, Sum:  0.0, Workers: 4
[44.233s][debug][gc,phases      ] GC(103)     Dead                           Min: 0, Avg:  0.0, Max: 0, Diff: 0, Sum: 0, Workers: 4
[44.233s][debug][gc,phases      ] GC(103)     Total                          Min: 0, Avg: 98.8, Max: 139, Diff: 139, Sum: 395, Workers: 4
[44.233s][debug][gc,phases      ] GC(103)   JVMTI Tag Weak OopStorage      Min:  0.0, Avg:  0.0, Max:  0.0, Diff:  0.0, Sum:  0.0, Workers: 4
[44.233s][debug][gc,phases      ] GC(103)     Dead                           Min: 0, Avg:  0.0, Max: 0, Diff: 0, Sum: 0, Workers: 4
[44.233s][debug][gc,phases      ] GC(103)     Total                          Min: 0, Avg:  0.0, Max: 0, Diff: 0, Sum: 0, Workers: 4
[44.233s][debug][gc,phases      ] GC(103)   StringTable Weak               Min:  0.1, Avg:  0.1, Max:  0.1, Diff:  0.0, Sum:  0.5, Workers: 4
[44.233s][debug][gc,phases      ] GC(103)     Dead                           Min: 0, Avg:  0.0, Max: 0, Diff: 0, Sum: 0, Workers: 4
[44.233s][debug][gc,phases      ] GC(103)     Total                          Min: 10368, Avg: 11689.0, Max: 12900, Diff: 2532, Sum: 46756, Workers: 4
[44.233s][debug][gc,phases      ] GC(103)   ResolvedMethodTable Weak       Min:  0.0, Avg:  0.0, Max:  0.0, Diff:  0.0, Sum:  0.1, Workers: 4
[44.233s][debug][gc,phases      ] GC(103)     Dead                           Min: 0, Avg:  0.0, Max: 0, Diff: 0, Sum: 0, Workers: 4
[44.233s][debug][gc,phases      ] GC(103)     Total                          Min: 1792, Avg: 1957.5, Max: 2239, Diff: 447, Sum: 7830, Workers: 4
[44.233s][debug][gc,phases      ] GC(103)   JNI Weak                       Min:  0.0, Avg:  0.0, Max:  0.0, Diff:  0.0, Sum:  0.0, Workers: 4
[44.233s][debug][gc,phases      ] GC(103)     Dead                           Min: 0, Avg:  0.0, Max: 0, Diff: 0, Sum: 0, Workers: 4
[44.233s][debug][gc,phases      ] GC(103)     Total                          Min: 0, Avg:  0.8, Max: 3, Diff: 3, Sum: 3, Workers: 4
[44.233s][debug][gc,phases      ] GC(103)   StringDedup Table Weak         Min:  0.0, Avg:  0.0, Max:  0.0, Diff:  0.0, Sum:  0.0, Workers: 4
[44.233s][debug][gc,phases      ] GC(103)     Dead                           Min: 0, Avg:  0.0, Max: 0, Diff: 0, Sum: 0, Workers: 4
[44.233s][debug][gc,phases      ] GC(103)     Total                          Min: 0, Avg:  0.0, Max: 0, Diff: 0, Sum: 0, Workers: 4
[44.233s][debug][gc,phases      ] GC(103)   StringDedup Requests0 Weak     Min:  0.0, Avg:  0.0, Max:  0.0, Diff:  0.0, Sum:  0.0, Workers: 4
[44.233s][debug][gc,phases      ] GC(103)     Dead                           Min: 0, Avg:  0.0, Max: 0, Diff: 0, Sum: 0, Workers: 4
[44.233s][debug][gc,phases      ] GC(103)     Total                          Min: 0, Avg:  0.0, Max: 0, Diff: 0, Sum: 0, Workers: 4
[44.233s][debug][gc,phases      ] GC(103)   StringDedup Requests1 Weak     Min:  0.0, Avg:  0.0, Max:  0.0, Diff:  0.0, Sum:  0.0, Workers: 4
[44.233s][debug][gc,phases      ] GC(103)     Dead                           Min: 0, Avg:  0.0, Max: 0, Diff: 0, Sum: 0, Workers: 4
[44.233s][debug][gc,phases      ] GC(103)     Total                          Min: 0, Avg:  0.0, Max: 0, Diff: 0, Sum: 0, Workers: 4
[44.233s][debug][gc,phases      ] GC(103)   Weak JFR Old Object Samples    Min:  0.0, Avg:  0.0, Max:  0.0, Diff:  0.0, Sum:  0.0, Workers: 4
[44.233s][debug][gc,phases      ] GC(103)     Dead                           Min: 0, Avg:  0.0, Max: 0, Diff: 0, Sum: 0, Workers: 4
[44.233s][debug][gc,phases      ] GC(103)     Total                          Min: 0, Avg:  0.0, Max: 0, Diff: 0, Sum: 0, Workers: 4
[44.233s][debug][gc,phases      ] GC(103) Weak Processing 0.337ms
[44.233s][debug][gc,age         ] GC(103) Desired survivor size 127401984 bytes, new threshold 15 (max threshold 15)
[44.233s][info ][gc,heap        ] GC(103) PSYoungGen: 1872228K(1965568K)->40144K(1972736K) Eden: 1838080K(1838080K)->0K(1845760K) From: 34148K(127488K)->40144K(126976K)
[44.233s][info ][gc,heap        ] GC(103) ParOldGen: 447809K(545280K)->448966K(545280K)
[44.233s][info ][gc,metaspace   ] GC(103) Metaspace: 79232K(80000K)->79232K(80000K) NonClass: 67927K(68352K)->67927K(68352K) Class: 11304K(11648K)->11304K(11648K)
[44.233s][info ][gc             ] GC(103) Pause Young (Allocation Failure) 2265M->477M(2459M) 14.440ms
[44.233s][info ][gc,cpu         ] GC(103) User=0.05s Sys=0.00s Real=0.01s
[44.233s][info ][safepoint      ] Safepoint "ParallelGCFailedAllocation", Time since last: 523464860 ns, Reaching safepoint: 153603 ns, At safepoint: 14569675 ns, Total: 14723278 ns
[44.669s][info ][gc,start       ] GC(104) Pause Young (Allocation Failure)
[44.682s][debug][gc,phases      ] GC(104) Scavenge 13.447ms
[44.682s][debug][gc,ref         ] GC(104) Skipped phase 1 of Reference Processing: no references
[44.682s][debug][gc,ref         ] GC(104) ReferenceProcessor::execute queues: 1, RefProcThreadModel::Single, marks_oops_alive: false
[44.682s][debug][gc,ref         ] GC(104) Skipped phase 3 of Reference Processing: no references
[44.682s][debug][gc,ref         ] GC(104) ReferenceProcessor::execute queues: 1, RefProcThreadModel::Single, marks_oops_alive: false
[44.682s][debug][gc,phases      ] GC(104) Reference Processing 0.114ms
[44.682s][debug][gc,phases      ] GC(104)   VM Weak                        Min:  0.0, Avg:  0.0, Max:  0.0, Diff:  0.0, Sum:  0.0, Workers: 4
[44.682s][debug][gc,phases      ] GC(104)     Dead                           Min: 0, Avg:  0.0, Max: 0, Diff: 0, Sum: 0, Workers: 4
[44.682s][debug][gc,phases      ] GC(104)     Total                          Min: 0, Avg: 160.2, Max: 512, Diff: 512, Sum: 641, Workers: 4
[44.682s][debug][gc,phases      ] GC(104)   ObjectSynchronizer Weak        Min:  0.0, Avg:  0.0, Max:  0.0, Diff:  0.0, Sum:  0.0, Workers: 4
[44.682s][debug][gc,phases      ] GC(104)     Dead                           Min: 0, Avg:  0.0, Max: 0, Diff: 0, Sum: 0, Workers: 4
[44.682s][debug][gc,phases      ] GC(104)     Total                          Min: 0, Avg: 98.8, Max: 256, Diff: 256, Sum: 395, Workers: 4
[44.682s][debug][gc,phases      ] GC(104)   JVMTI Tag Weak OopStorage      Min:  0.0, Avg:  0.0, Max:  0.0, Diff:  0.0, Sum:  0.0, Workers: 4
[44.682s][debug][gc,phases      ] GC(104)     Dead                           Min: 0, Avg:  0.0, Max: 0, Diff: 0, Sum: 0, Workers: 4
[44.682s][debug][gc,phases      ] GC(104)     Total                          Min: 0, Avg:  0.0, Max: 0, Diff: 0, Sum: 0, Workers: 4
[44.682s][debug][gc,phases      ] GC(104)   StringTable Weak               Min:  0.1, Avg:  0.1, Max:  0.1, Diff:  0.0, Sum:  0.4, Workers: 4
[44.682s][debug][gc,phases      ] GC(104)     Dead                           Min: 0, Avg:  0.0, Max: 0, Diff: 0, Sum: 0, Workers: 4
[44.682s][debug][gc,phases      ] GC(104)     Total                          Min: 10995, Avg: 11692.8, Max: 12032, Diff: 1037, Sum: 46771, Workers: 4
[44.683s][debug][gc,phases      ] GC(104)   ResolvedMethodTable Weak       Min:  0.0, Avg:  0.0, Max:  0.0, Diff:  0.0, Sum:  0.1, Workers: 4
[44.683s][debug][gc,phases      ] GC(104)     Dead                           Min: 0, Avg:  0.0, Max: 0, Diff: 0, Sum: 0, Workers: 4
[44.683s][debug][gc,phases      ] GC(104)     Total                          Min: 1751, Avg: 1957.5, Max: 2176, Diff: 425, Sum: 7830, Workers: 4
[44.683s][debug][gc,phases      ] GC(104)   JNI Weak                       Min:  0.0, Avg:  0.0, Max:  0.0, Diff:  0.0, Sum:  0.0, Workers: 4
[44.683s][debug][gc,phases      ] GC(104)     Dead                           Min: 0, Avg:  0.0, Max: 0, Diff: 0, Sum: 0, Workers: 4
[44.683s][debug][gc,phases      ] GC(104)     Total                          Min: 0, Avg:  2.2, Max: 9, Diff: 9, Sum: 9, Workers: 4
[44.683s][debug][gc,phases      ] GC(104)   StringDedup Table Weak         Min:  0.0, Avg:  0.0, Max:  0.0, Diff:  0.0, Sum:  0.0, Workers: 4
[44.683s][debug][gc,phases      ] GC(104)     Dead                           Min: 0, Avg:  0.0, Max: 0, Diff: 0, Sum: 0, Workers: 4
[44.683s][debug][gc,phases      ] GC(104)     Total                          Min: 0, Avg:  0.0, Max: 0, Diff: 0, Sum: 0, Workers: 4
[44.683s][debug][gc,phases      ] GC(104)   StringDedup Requests0 Weak     Min:  0.0, Avg:  0.0, Max:  0.0, Diff:  0.0, Sum:  0.0, Workers: 4
[44.683s][debug][gc,phases      ] GC(104)     Dead                           Min: 0, Avg:  0.0, Max: 0, Diff: 0, Sum: 0, Workers: 4
[44.683s][debug][gc,phases      ] GC(104)     Total                          Min: 0, Avg:  0.0, Max: 0, Diff: 0, Sum: 0, Workers: 4
[44.683s][debug][gc,phases      ] GC(104)   StringDedup Requests1 Weak     Min:  0.0, Avg:  0.0, Max:  0.0, Diff:  0.0, Sum:  0.0, Workers: 4
[44.683s][debug][gc,phases      ] GC(104)     Dead                           Min: 0, Avg:  0.0, Max: 0, Diff: 0, Sum: 0, Workers: 4
[44.683s][debug][gc,phases      ] GC(104)     Total                          Min: 0, Avg:  0.0, Max: 0, Diff: 0, Sum: 0, Workers: 4
[44.683s][debug][gc,phases      ] GC(104)   Weak JFR Old Object Samples    Min:  0.0, Avg:  0.0, Max:  0.0, Diff:  0.0, Sum:  0.0, Workers: 4
[44.683s][debug][gc,phases      ] GC(104)     Dead                           Min: 0, Avg:  0.0, Max: 0, Diff: 0, Sum: 0, Workers: 4
[44.683s][debug][gc,phases      ] GC(104)     Total                          Min: 0, Avg:  0.0, Max: 0, Diff: 0, Sum: 0, Workers: 4
[44.683s][debug][gc,phases      ] GC(104) Weak Processing 0.325ms
[44.683s][debug][gc,age         ] GC(104) Desired survivor size 123731968 bytes, new threshold 15 (max threshold 15)
[44.683s][info ][gc,heap        ] GC(104) PSYoungGen: 1885904K(1972736K)->46800K(1970176K) Eden: 1845760K(1845760K)->0K(1845760K) From: 40144K(126976K)->46800K(124416K)
[44.683s][info ][gc,heap        ] GC(104) ParOldGen: 448966K(545280K)->449142K(545280K)
[44.683s][info ][gc,metaspace   ] GC(104) Metaspace: 79284K(80064K)->79284K(80064K) NonClass: 67979K(68416K)->67979K(68416K) Class: 11304K(11648K)->11304K(11648K)
[44.683s][info ][gc             ] GC(104) Pause Young (Allocation Failure) 2280M->484M(2456M) 14.028ms
[44.683s][info ][gc,cpu         ] GC(104) User=0.06s Sys=0.00s Real=0.01s
[44.683s][info ][safepoint      ] Safepoint "ParallelGCFailedAllocation", Time since last: 435347094 ns, Reaching safepoint: 154904 ns, At safepoint: 14149364 ns, Total: 14304268 ns
[45.100s][info ][gc,start       ] GC(105) Pause Young (Allocation Failure)
[45.114s][debug][gc,phases      ] GC(105) Scavenge 14.395ms
[45.114s][debug][gc,ref         ] GC(105) Skipped phase 1 of Reference Processing: no references
[45.115s][debug][gc,ref         ] GC(105) ReferenceProcessor::execute queues: 1, RefProcThreadModel::Single, marks_oops_alive: false
[45.115s][debug][gc,ref         ] GC(105) Skipped phase 3 of Reference Processing: no references
[45.115s][debug][gc,ref         ] GC(105) ReferenceProcessor::execute queues: 1, RefProcThreadModel::Single, marks_oops_alive: false
[45.115s][debug][gc,phases      ] GC(105) Reference Processing 0.118ms
[45.115s][debug][gc,phases      ] GC(105)   VM Weak                        Min:  0.0, Avg:  0.0, Max:  0.0, Diff:  0.0, Sum:  0.0, Workers: 4
[45.115s][debug][gc,phases      ] GC(105)     Dead                           Min: 0, Avg:  0.0, Max: 0, Diff: 0, Sum: 0, Workers: 4
[45.115s][debug][gc,phases      ] GC(105)     Total                          Min: 0, Avg: 160.2, Max: 321, Diff: 321, Sum: 641, Workers: 4
[45.115s][debug][gc,phases      ] GC(105)   ObjectSynchronizer Weak        Min:  0.0, Avg:  0.0, Max:  0.0, Diff:  0.0, Sum:  0.0, Workers: 4
[45.115s][debug][gc,phases      ] GC(105)     Dead                           Min: 0, Avg:  0.0, Max: 0, Diff: 0, Sum: 0, Workers: 4
[45.115s][debug][gc,phases      ] GC(105)     Total                          Min: 0, Avg: 98.8, Max: 203, Diff: 203, Sum: 395, Workers: 4
[45.115s][debug][gc,phases      ] GC(105)   JVMTI Tag Weak OopStorage      Min:  0.0, Avg:  0.0, Max:  0.0, Diff:  0.0, Sum:  0.0, Workers: 4
[45.115s][debug][gc,phases      ] GC(105)     Dead                           Min: 0, Avg:  0.0, Max: 0, Diff: 0, Sum: 0, Workers: 4
[45.115s][debug][gc,phases      ] GC(105)     Total                          Min: 0, Avg:  0.0, Max: 0, Diff: 0, Sum: 0, Workers: 4
[45.115s][debug][gc,phases      ] GC(105)   StringTable Weak               Min:  0.1, Avg:  0.1, Max:  0.1, Diff:  0.0, Sum:  0.4, Workers: 4
[45.115s][debug][gc,phases      ] GC(105)     Dead                           Min: 0, Avg:  0.0, Max: 0, Diff: 0, Sum: 0, Workers: 4
[45.115s][debug][gc,phases      ] GC(105)     Total                          Min: 11072, Avg: 11697.2, Max: 12421, Diff: 1349, Sum: 46789, Workers: 4
[45.115s][debug][gc,phases      ] GC(105)   ResolvedMethodTable Weak       Min:  0.0, Avg:  0.0, Max:  0.0, Diff:  0.0, Sum:  0.1, Workers: 4
[45.115s][debug][gc,phases      ] GC(105)     Dead                           Min: 0, Avg:  0.0, Max: 0, Diff: 0, Sum: 0, Workers: 4
[45.115s][debug][gc,phases      ] GC(105)     Total                          Min: 1856, Avg: 1957.5, Max: 2071, Diff: 215, Sum: 7830, Workers: 4
[45.115s][debug][gc,phases      ] GC(105)   JNI Weak                       Min:  0.0, Avg:  0.0, Max:  0.0, Diff:  0.0, Sum:  0.0, Workers: 4
[45.115s][debug][gc,phases      ] GC(105)     Dead                           Min: 0, Avg:  0.0, Max: 0, Diff: 0, Sum: 0, Workers: 4
[45.115s][debug][gc,phases      ] GC(105)     Total                          Min: 0, Avg:  0.0, Max: 0, Diff: 0, Sum: 0, Workers: 4
[45.115s][debug][gc,phases      ] GC(105)   StringDedup Table Weak         Min:  0.0, Avg:  0.0, Max:  0.0, Diff:  0.0, Sum:  0.0, Workers: 4
[45.115s][debug][gc,phases      ] GC(105)     Dead                           Min: 0, Avg:  0.0, Max: 0, Diff: 0, Sum: 0, Workers: 4
[45.115s][debug][gc,phases      ] GC(105)     Total                          Min: 0, Avg:  0.0, Max: 0, Diff: 0, Sum: 0, Workers: 4
[45.115s][debug][gc,phases      ] GC(105)   StringDedup Requests0 Weak     Min:  0.0, Avg:  0.0, Max:  0.0, Diff:  0.0, Sum:  0.0, Workers: 4
[45.115s][debug][gc,phases      ] GC(105)     Dead                           Min: 0, Avg:  0.0, Max: 0, Diff: 0, Sum: 0, Workers: 4
[45.115s][debug][gc,phases      ] GC(105)     Total                          Min: 0, Avg:  0.0, Max: 0, Diff: 0, Sum: 0, Workers: 4
[45.115s][debug][gc,phases      ] GC(105)   StringDedup Requests1 Weak     Min:  0.0, Avg:  0.0, Max:  0.0, Diff:  0.0, Sum:  0.0, Workers: 4
[45.115s][debug][gc,phases      ] GC(105)     Dead                           Min: 0, Avg:  0.0, Max: 0, Diff: 0, Sum: 0, Workers: 4
[45.115s][debug][gc,phases      ] GC(105)     Total                          Min: 0, Avg:  0.0, Max: 0, Diff: 0, Sum: 0, Workers: 4
[45.115s][debug][gc,phases      ] GC(105)   Weak JFR Old Object Samples    Min:  0.0, Avg:  0.0, Max:  0.0, Diff:  0.0, Sum:  0.0, Workers: 4
[45.115s][debug][gc,phases      ] GC(105)     Dead                           Min: 0, Avg:  0.0, Max: 0, Diff: 0, Sum: 0, Workers: 4
[45.115s][debug][gc,phases      ] GC(105)     Total                          Min: 0, Avg:  0.0, Max: 0, Diff: 0, Sum: 0, Workers: 4
[45.115s][debug][gc,phases      ] GC(105) Weak Processing 0.320ms
[45.115s][debug][gc,age         ] GC(105) Desired survivor size 119013376 bytes, new threshold 15 (max threshold 15)
[45.115s][info ][gc,heap        ] GC(105) PSYoungGen: 1892560K(1970176K)->50320K(1980928K) Eden: 1845760K(1845760K)->0K(1860096K) From: 46800K(124416K)->50320K(120832K)
[45.115s][info ][gc,heap        ] GC(105) ParOldGen: 449142K(545280K)->449374K(545280K)
[45.115s][info ][gc,metaspace   ] GC(105) Metaspace: 79290K(80064K)->79290K(80064K) NonClass: 67984K(68416K)->67984K(68416K) Class: 11306K(11648K)->11306K(11648K)
[45.115s][info ][gc             ] GC(105) Pause Young (Allocation Failure) 2286M->487M(2467M) 14.977ms
[45.115s][info ][gc,cpu         ] GC(105) User=0.06s Sys=0.00s Real=0.01s
[45.115s][info ][safepoint      ] Safepoint "ParallelGCFailedAllocation", Time since last: 416673313 ns, Reaching safepoint: 576215 ns, At safepoint: 15094588 ns, Total: 15670803 ns
[45.554s][info ][gc,start       ] GC(106) Pause Young (Allocation Failure)
[45.570s][debug][gc,phases      ] GC(106) Scavenge 16.346ms
[45.570s][debug][gc,ref         ] GC(106) Skipped phase 1 of Reference Processing: no references
[45.570s][debug][gc,ref         ] GC(106) ReferenceProcessor::execute queues: 1, RefProcThreadModel::Single, marks_oops_alive: false
[45.570s][debug][gc,ref         ] GC(106) Skipped phase 3 of Reference Processing: no references
[45.570s][debug][gc,ref         ] GC(106) ReferenceProcessor::execute queues: 1, RefProcThreadModel::Single, marks_oops_alive: false
[45.570s][debug][gc,phases      ] GC(106) Reference Processing 0.156ms
[45.570s][debug][gc,phases      ] GC(106)   VM Weak                        Min:  0.0, Avg:  0.0, Max:  0.0, Diff:  0.0, Sum:  0.0, Workers: 4
[45.570s][debug][gc,phases      ] GC(106)     Dead                           Min: 0, Avg:  0.0, Max: 0, Diff: 0, Sum: 0, Workers: 4
[45.570s][debug][gc,phases      ] GC(106)     Total                          Min: 0, Avg: 160.2, Max: 449, Diff: 449, Sum: 641, Workers: 4
[45.570s][debug][gc,phases      ] GC(106)   ObjectSynchronizer Weak        Min:  0.0, Avg:  0.0, Max:  0.0, Diff:  0.0, Sum:  0.0, Workers: 4
[45.570s][debug][gc,phases      ] GC(106)     Dead                           Min: 0, Avg:  0.0, Max: 0, Diff: 0, Sum: 0, Workers: 4
[45.570s][debug][gc,phases      ] GC(106)     Total                          Min: 0, Avg: 98.8, Max: 139, Diff: 139, Sum: 395, Workers: 4
[45.570s][debug][gc,phases      ] GC(106)   JVMTI Tag Weak OopStorage      Min:  0.0, Avg:  0.0, Max:  0.0, Diff:  0.0, Sum:  0.0, Workers: 4
[45.570s][debug][gc,phases      ] GC(106)     Dead                           Min: 0, Avg:  0.0, Max: 0, Diff: 0, Sum: 0, Workers: 4
[45.570s][debug][gc,phases      ] GC(106)     Total                          Min: 0, Avg:  0.0, Max: 0, Diff: 0, Sum: 0, Workers: 4
[45.570s][debug][gc,phases      ] GC(106)   StringTable Weak               Min:  0.1, Avg:  0.1, Max:  0.1, Diff:  0.0, Sum:  0.4, Workers: 4
[45.570s][debug][gc,phases      ] GC(106)     Dead                           Min: 0, Avg:  0.0, Max: 0, Diff: 0, Sum: 0, Workers: 4
[45.570s][debug][gc,phases      ] GC(106)     Total                          Min: 11072, Avg: 11702.0, Max: 12480, Diff: 1408, Sum: 46808, Workers: 4
[45.570s][debug][gc,phases      ] GC(106)   ResolvedMethodTable Weak       Min:  0.0, Avg:  0.0, Max:  0.0, Diff:  0.0, Sum:  0.1, Workers: 4
[45.570s][debug][gc,phases      ] GC(106)     Dead                           Min: 0, Avg:  0.0, Max: 0, Diff: 0, Sum: 0, Workers: 4
[45.570s][debug][gc,phases      ] GC(106)     Total                          Min: 1758, Avg: 1959.5, Max: 2176, Diff: 418, Sum: 7838, Workers: 4
[45.570s][debug][gc,phases      ] GC(106)   JNI Weak                       Min:  0.0, Avg:  0.0, Max:  0.0, Diff:  0.0, Sum:  0.0, Workers: 4
[45.570s][debug][gc,phases      ] GC(106)     Dead                           Min: 0, Avg:  0.0, Max: 0, Diff: 0, Sum: 0, Workers: 4
[45.570s][debug][gc,phases      ] GC(106)     Total                          Min: 0, Avg:  0.0, Max: 0, Diff: 0, Sum: 0, Workers: 4
[45.570s][debug][gc,phases      ] GC(106)   StringDedup Table Weak         Min:  0.0, Avg:  0.0, Max:  0.0, Diff:  0.0, Sum:  0.0, Workers: 4
[45.570s][debug][gc,phases      ] GC(106)     Dead                           Min: 0, Avg:  0.0, Max: 0, Diff: 0, Sum: 0, Workers: 4
[45.570s][debug][gc,phases      ] GC(106)     Total                          Min: 0, Avg:  0.0, Max: 0, Diff: 0, Sum: 0, Workers: 4
[45.570s][debug][gc,phases      ] GC(106)   StringDedup Requests0 Weak     Min:  0.0, Avg:  0.0, Max:  0.0, Diff:  0.0, Sum:  0.0, Workers: 4
[45.570s][debug][gc,phases      ] GC(106)     Dead                           Min: 0, Avg:  0.0, Max: 0, Diff: 0, Sum: 0, Workers: 4
[45.570s][debug][gc,phases      ] GC(106)     Total                          Min: 0, Avg:  0.0, Max: 0, Diff: 0, Sum: 0, Workers: 4
[45.570s][debug][gc,phases      ] GC(106)   StringDedup Requests1 Weak     Min:  0.0, Avg:  0.0, Max:  0.0, Diff:  0.0, Sum:  0.0, Workers: 4
[45.570s][debug][gc,phases      ] GC(106)     Dead                           Min: 0, Avg:  0.0, Max: 0, Diff: 0, Sum: 0, Workers: 4
[45.570s][debug][gc,phases      ] GC(106)     Total                          Min: 0, Avg:  0.0, Max: 0, Diff: 0, Sum: 0, Workers: 4
[45.570s][debug][gc,phases      ] GC(106)   Weak JFR Old Object Samples    Min:  0.0, Avg:  0.0, Max:  0.0, Diff:  0.0, Sum:  0.0, Workers: 4
[45.570s][debug][gc,phases      ] GC(106)     Dead                           Min: 0, Avg:  0.0, Max: 0, Diff: 0, Sum: 0, Workers: 4
[45.570s][debug][gc,phases      ] GC(106)     Total                          Min: 0, Avg:  0.0, Max: 0, Diff: 0, Sum: 0, Workers: 4
[45.570s][debug][gc,phases      ] GC(106) Weak Processing 0.313ms
[45.570s][debug][gc,age         ] GC(106) Desired survivor size 113246208 bytes, new threshold 15 (max threshold 15)
[45.570s][info ][gc,heap        ] GC(106) PSYoungGen: 1910416K(1980928K)->58928K(1976320K) Eden: 1860096K(1860096K)->0K(1860096K) From: 50320K(120832K)->58928K(116224K)
[45.571s][info ][gc,heap        ] GC(106) ParOldGen: 449374K(545280K)->449542K(545280K)
[45.571s][info ][gc,metaspace   ] GC(106) Metaspace: 79385K(80192K)->79385K(80192K) NonClass: 68070K(68480K)->68070K(68480K) Class: 11315K(11712K)->11315K(11712K)
[45.571s][info ][gc             ] GC(106) Pause Young (Allocation Failure) 2304M->496M(2462M) 16.953ms
[45.571s][info ][gc,cpu         ] GC(106) User=0.07s Sys=0.00s Real=0.02s
[45.571s][info ][safepoint      ] Safepoint "ParallelGCFailedAllocation", Time since last: 438275468 ns, Reaching safepoint: 191405 ns, At safepoint: 17070139 ns, Total: 17261544 ns
[45.998s][info ][gc,start       ] GC(107) Pause Young (Allocation Failure)
[46.027s][debug][gc,phases      ] GC(107) Scavenge 29.137ms
[46.027s][debug][gc,ref         ] GC(107) Skipped phase 1 of Reference Processing: no references
[46.027s][debug][gc,ref         ] GC(107) ReferenceProcessor::execute queues: 1, RefProcThreadModel::Single, marks_oops_alive: false
[46.027s][debug][gc,ref         ] GC(107) Skipped phase 3 of Reference Processing: no references
[46.027s][debug][gc,ref         ] GC(107) ReferenceProcessor::execute queues: 1, RefProcThreadModel::Single, marks_oops_alive: false
[46.027s][debug][gc,phases      ] GC(107) Reference Processing 0.147ms
[46.028s][debug][gc,phases      ] GC(107)   VM Weak                        Min:  0.0, Avg:  0.0, Max:  0.0, Diff:  0.0, Sum:  0.0, Workers: 4
[46.028s][debug][gc,phases      ] GC(107)     Dead                           Min: 0, Avg:  0.0, Max: 0, Diff: 0, Sum: 0, Workers: 4
[46.028s][debug][gc,phases      ] GC(107)     Total                          Min: 0, Avg: 160.2, Max: 449, Diff: 449, Sum: 641, Workers: 4
[46.028s][debug][gc,phases      ] GC(107)   ObjectSynchronizer Weak        Min:  0.0, Avg:  0.0, Max:  0.0, Diff:  0.0, Sum:  0.0, Workers: 4
[46.028s][debug][gc,phases      ] GC(107)     Dead                           Min: 0, Avg:  0.0, Max: 0, Diff: 0, Sum: 0, Workers: 4
[46.028s][debug][gc,phases      ] GC(107)     Total                          Min: 0, Avg: 98.8, Max: 256, Diff: 256, Sum: 395, Workers: 4
[46.028s][debug][gc,phases      ] GC(107)   JVMTI Tag Weak OopStorage      Min:  0.0, Avg:  0.0, Max:  0.0, Diff:  0.0, Sum:  0.0, Workers: 4
[46.028s][debug][gc,phases      ] GC(107)     Dead                           Min: 0, Avg:  0.0, Max: 0, Diff: 0, Sum: 0, Workers: 4
[46.028s][debug][gc,phases      ] GC(107)     Total                          Min: 0, Avg:  0.0, Max: 0, Diff: 0, Sum: 0, Workers: 4
[46.028s][debug][gc,phases      ] GC(107)   StringTable Weak               Min:  0.0, Avg:  0.1, Max:  0.2, Diff:  0.2, Sum:  0.4, Workers: 4
[46.028s][debug][gc,phases      ] GC(107)     Dead                           Min: 0, Avg:  0.0, Max: 0, Diff: 0, Sum: 0, Workers: 4
[46.028s][debug][gc,phases      ] GC(107)     Total                          Min: 0, Avg: 11704.0, Max: 24416, Diff: 24416, Sum: 46816, Workers: 4
[46.028s][debug][gc,phases      ] GC(107)   ResolvedMethodTable Weak       Min:  0.0, Avg:  0.0, Max:  0.0, Diff:  0.0, Sum:  0.1, Workers: 4
[46.028s][debug][gc,phases      ] GC(107)     Dead                           Min: 0, Avg:  0.0, Max: 0, Diff: 0, Sum: 0, Workers: 4
[46.028s][debug][gc,phases      ] GC(107)     Total                          Min: 0, Avg: 1959.5, Max: 3934, Diff: 3934, Sum: 7838, Workers: 4
[46.028s][debug][gc,phases      ] GC(107)   JNI Weak                       Min:  0.0, Avg:  0.0, Max:  0.0, Diff:  0.0, Sum:  0.0, Workers: 4
[46.028s][debug][gc,phases      ] GC(107)     Dead                           Min: 0, Avg:  0.0, Max: 0, Diff: 0, Sum: 0, Workers: 4
[46.028s][debug][gc,phases      ] GC(107)     Total                          Min: 0, Avg:  0.2, Max: 1, Diff: 1, Sum: 1, Workers: 4
[46.028s][debug][gc,phases      ] GC(107)   StringDedup Table Weak         Min:  0.0, Avg:  0.0, Max:  0.0, Diff:  0.0, Sum:  0.0, Workers: 4
[46.028s][debug][gc,phases      ] GC(107)     Dead                           Min: 0, Avg:  0.0, Max: 0, Diff: 0, Sum: 0, Workers: 4
[46.028s][debug][gc,phases      ] GC(107)     Total                          Min: 0, Avg:  0.0, Max: 0, Diff: 0, Sum: 0, Workers: 4
[46.028s][debug][gc,phases      ] GC(107)   StringDedup Requests0 Weak     Min:  0.0, Avg:  0.0, Max:  0.0, Diff:  0.0, Sum:  0.0, Workers: 4
[46.028s][debug][gc,phases      ] GC(107)     Dead                           Min: 0, Avg:  0.0, Max: 0, Diff: 0, Sum: 0, Workers: 4
[46.028s][debug][gc,phases      ] GC(107)     Total                          Min: 0, Avg:  0.0, Max: 0, Diff: 0, Sum: 0, Workers: 4
[46.028s][debug][gc,phases      ] GC(107)   StringDedup Requests1 Weak     Min:  0.0, Avg:  0.0, Max:  0.0, Diff:  0.0, Sum:  0.0, Workers: 4
[46.028s][debug][gc,phases      ] GC(107)     Dead                           Min: 0, Avg:  0.0, Max: 0, Diff: 0, Sum: 0, Workers: 4
[46.028s][debug][gc,phases      ] GC(107)     Total                          Min: 0, Avg:  0.0, Max: 0, Diff: 0, Sum: 0, Workers: 4
[46.028s][debug][gc,phases      ] GC(107)   Weak JFR Old Object Samples    Min:  0.0, Avg:  0.0, Max:  0.0, Diff:  0.0, Sum:  0.0, Workers: 4
[46.028s][debug][gc,phases      ] GC(107)     Dead                           Min: 0, Avg:  0.0, Max: 0, Diff: 0, Sum: 0, Workers: 4
[46.028s][debug][gc,phases      ] GC(107)     Total                          Min: 0, Avg:  0.0, Max: 0, Diff: 0, Sum: 0, Workers: 4
[46.028s][debug][gc,phases      ] GC(107) Weak Processing 0.503ms
[46.028s][debug][gc,age         ] GC(107) Desired survivor size 109576192 bytes, new threshold 15 (max threshold 15)
[46.028s][info ][gc,heap        ] GC(107) PSYoungGen: 1919024K(1976320K)->63472K(1990144K) Eden: 1860096K(1860096K)->0K(1879552K) From: 58928K(116224K)->63472K(110592K)
[46.028s][info ][gc,heap        ] GC(107) ParOldGen: 449542K(545280K)->449878K(545280K)
[46.028s][info ][gc,metaspace   ] GC(107) Metaspace: 79392K(80256K)->79392K(80256K) NonClass: 68077K(68544K)->68077K(68544K) Class: 11315K(11712K)->11315K(11712K)
[46.028s][info ][gc             ] GC(107) Pause Young (Allocation Failure) 2313M->501M(2476M) 29.933ms
[46.028s][info ][gc,cpu         ] GC(107) User=0.08s Sys=0.01s Real=0.03s
[46.028s][info ][safepoint      ] Safepoint "ParallelGCFailedAllocation", Time since last: 427230683 ns, Reaching safepoint: 245107 ns, At safepoint: 30057872 ns, Total: 30302979 ns
[46.632s][info ][safepoint      ] Safepoint "ICBufferFull", Time since last: 603724621 ns, Reaching safepoint: 460512 ns, At safepoint: 19800 ns, Total: 480312 ns
[46.633s][info ][gc,start       ] GC(108) Pause Young (Allocation Failure)
[46.652s][debug][gc,phases      ] GC(108) Scavenge 19.318ms
[46.652s][debug][gc,ref         ] GC(108) Skipped phase 1 of Reference Processing: no references
[46.652s][debug][gc,ref         ] GC(108) ReferenceProcessor::execute queues: 1, RefProcThreadModel::Single, marks_oops_alive: false
[46.652s][debug][gc,ref         ] GC(108) Skipped phase 3 of Reference Processing: no references
[46.652s][debug][gc,ref         ] GC(108) ReferenceProcessor::execute queues: 1, RefProcThreadModel::Single, marks_oops_alive: false
[46.652s][debug][gc,phases      ] GC(108) Reference Processing 0.147ms
[46.653s][debug][gc,phases      ] GC(108)   VM Weak                        Min:  0.0, Avg:  0.0, Max:  0.0, Diff:  0.0, Sum:  0.0, Workers: 4
[46.653s][debug][gc,phases      ] GC(108)     Dead                           Min: 0, Avg:  0.0, Max: 0, Diff: 0, Sum: 0, Workers: 4
[46.653s][debug][gc,phases      ] GC(108)     Total                          Min: 0, Avg: 160.2, Max: 641, Diff: 641, Sum: 641, Workers: 4
[46.653s][debug][gc,phases      ] GC(108)   ObjectSynchronizer Weak        Min:  0.0, Avg:  0.0, Max:  0.0, Diff:  0.0, Sum:  0.0, Workers: 4
[46.653s][debug][gc,phases      ] GC(108)     Dead                           Min: 0, Avg:  0.0, Max: 0, Diff: 0, Sum: 0, Workers: 4
[46.653s][debug][gc,phases      ] GC(108)     Total                          Min: 0, Avg: 98.8, Max: 192, Diff: 192, Sum: 395, Workers: 4
[46.653s][debug][gc,phases      ] GC(108)   JVMTI Tag Weak OopStorage      Min:  0.0, Avg:  0.0, Max:  0.0, Diff:  0.0, Sum:  0.0, Workers: 4
[46.653s][debug][gc,phases      ] GC(108)     Dead                           Min: 0, Avg:  0.0, Max: 0, Diff: 0, Sum: 0, Workers: 4
[46.653s][debug][gc,phases      ] GC(108)     Total                          Min: 0, Avg:  0.0, Max: 0, Diff: 0, Sum: 0, Workers: 4
[46.653s][debug][gc,phases      ] GC(108)   StringTable Weak               Min:  0.1, Avg:  0.1, Max:  0.1, Diff:  0.0, Sum:  0.5, Workers: 4
[46.653s][debug][gc,phases      ] GC(108)     Dead                           Min: 0, Avg:  0.0, Max: 0, Diff: 0, Sum: 0, Workers: 4
[46.653s][debug][gc,phases      ] GC(108)     Total                          Min: 10467, Avg: 11704.8, Max: 12544, Diff: 2077, Sum: 46819, Workers: 4
[46.653s][debug][gc,phases      ] GC(108)   ResolvedMethodTable Weak       Min:  0.0, Avg:  0.0, Max:  0.0, Diff:  0.0, Sum:  0.1, Workers: 4
[46.653s][debug][gc,phases      ] GC(108)     Dead                           Min: 0, Avg:  0.0, Max: 0, Diff: 0, Sum: 0, Workers: 4
[46.653s][debug][gc,phases      ] GC(108)     Total                          Min: 1728, Avg: 1959.5, Max: 2176, Diff: 448, Sum: 7838, Workers: 4
[46.653s][debug][gc,phases      ] GC(108)   JNI Weak                       Min:  0.0, Avg:  0.0, Max:  0.0, Diff:  0.0, Sum:  0.0, Workers: 4
[46.653s][debug][gc,phases      ] GC(108)     Dead                           Min: 0, Avg:  0.0, Max: 0, Diff: 0, Sum: 0, Workers: 4
[46.653s][debug][gc,phases      ] GC(108)     Total                          Min: 0, Avg:  0.0, Max: 0, Diff: 0, Sum: 0, Workers: 4
[46.653s][debug][gc,phases      ] GC(108)   StringDedup Table Weak         Min:  0.0, Avg:  0.0, Max:  0.0, Diff:  0.0, Sum:  0.0, Workers: 4
[46.653s][debug][gc,phases      ] GC(108)     Dead                           Min: 0, Avg:  0.0, Max: 0, Diff: 0, Sum: 0, Workers: 4
[46.653s][debug][gc,phases      ] GC(108)     Total                          Min: 0, Avg:  0.0, Max: 0, Diff: 0, Sum: 0, Workers: 4
[46.653s][debug][gc,phases      ] GC(108)   StringDedup Requests0 Weak     Min:  0.0, Avg:  0.0, Max:  0.0, Diff:  0.0, Sum:  0.0, Workers: 4
[46.653s][debug][gc,phases      ] GC(108)     Dead                           Min: 0, Avg:  0.0, Max: 0, Diff: 0, Sum: 0, Workers: 4
[46.653s][debug][gc,phases      ] GC(108)     Total                          Min: 0, Avg:  0.0, Max: 0, Diff: 0, Sum: 0, Workers: 4
[46.653s][debug][gc,phases      ] GC(108)   StringDedup Requests1 Weak     Min:  0.0, Avg:  0.0, Max:  0.0, Diff:  0.0, Sum:  0.0, Workers: 4
[46.653s][debug][gc,phases      ] GC(108)     Dead                           Min: 0, Avg:  0.0, Max: 0, Diff: 0, Sum: 0, Workers: 4
[46.653s][debug][gc,phases      ] GC(108)     Total                          Min: 0, Avg:  0.0, Max: 0, Diff: 0, Sum: 0, Workers: 4
[46.653s][debug][gc,phases      ] GC(108)   Weak JFR Old Object Samples    Min:  0.0, Avg:  0.0, Max:  0.0, Diff:  0.0, Sum:  0.0, Workers: 4
[46.653s][debug][gc,phases      ] GC(108)     Dead                           Min: 0, Avg:  0.0, Max: 0, Diff: 0, Sum: 0, Workers: 4
[46.653s][debug][gc,phases      ] GC(108)     Total                          Min: 0, Avg:  0.0, Max: 0, Diff: 0, Sum: 0, Workers: 4
[46.653s][debug][gc,phases      ] GC(108) Weak Processing 0.402ms
[46.653s][debug][gc,age         ] GC(108) Desired survivor size 108003328 bytes, new threshold 15 (max threshold 15)
[46.653s][info ][gc,heap        ] GC(108) PSYoungGen: 1943024K(1990144K)->67728K(1986560K) Eden: 1879552K(1879552K)->0K(1879552K) From: 63472K(110592K)->67728K(107008K)
[46.653s][info ][gc,heap        ] GC(108) ParOldGen: 449878K(545280K)->450022K(545280K)
[46.653s][info ][gc,metaspace   ] GC(108) Metaspace: 79451K(80256K)->79451K(80256K) NonClass: 68136K(68544K)->68136K(68544K) Class: 11315K(11712K)->11315K(11712K)
[46.653s][info ][gc             ] GC(108) Pause Young (Allocation Failure) 2336M->505M(2472M) 20.008ms
[46.653s][info ][gc,cpu         ] GC(108) User=0.08s Sys=0.00s Real=0.02s
[46.653s][info ][safepoint      ] Safepoint "ParallelGCFailedAllocation", Time since last: 496713 ns, Reaching safepoint: 94602 ns, At safepoint: 20119118 ns, Total: 20213720 ns
[47.297s][info ][gc,start       ] GC(109) Pause Young (Allocation Failure)
[47.318s][debug][gc,phases      ] GC(109) Scavenge 21.675ms
[47.318s][debug][gc,ref         ] GC(109) Skipped phase 1 of Reference Processing: no references
[47.319s][debug][gc,ref         ] GC(109) ReferenceProcessor::execute queues: 1, RefProcThreadModel::Single, marks_oops_alive: false
[47.319s][debug][gc,ref         ] GC(109) Skipped phase 3 of Reference Processing: no references
[47.319s][debug][gc,ref         ] GC(109) ReferenceProcessor::execute queues: 1, RefProcThreadModel::Single, marks_oops_alive: false
[47.319s][debug][gc,phases      ] GC(109) Reference Processing 0.126ms
[47.319s][debug][gc,phases      ] GC(109)   VM Weak                        Min:  0.0, Avg:  0.0, Max:  0.0, Diff:  0.0, Sum:  0.0, Workers: 4
[47.319s][debug][gc,phases      ] GC(109)     Dead                           Min: 0, Avg:  0.0, Max: 0, Diff: 0, Sum: 0, Workers: 4
[47.319s][debug][gc,phases      ] GC(109)     Total                          Min: 0, Avg: 160.2, Max: 448, Diff: 448, Sum: 641, Workers: 4
[47.319s][debug][gc,phases      ] GC(109)   ObjectSynchronizer Weak        Min:  0.0, Avg:  0.0, Max:  0.0, Diff:  0.0, Sum:  0.0, Workers: 4
[47.319s][debug][gc,phases      ] GC(109)     Dead                           Min: 0, Avg:  0.0, Max: 0, Diff: 0, Sum: 0, Workers: 4
[47.319s][debug][gc,phases      ] GC(109)     Total                          Min: 0, Avg: 98.8, Max: 139, Diff: 139, Sum: 395, Workers: 4
[47.319s][debug][gc,phases      ] GC(109)   JVMTI Tag Weak OopStorage      Min:  0.0, Avg:  0.0, Max:  0.0, Diff:  0.0, Sum:  0.0, Workers: 4
[47.319s][debug][gc,phases      ] GC(109)     Dead                           Min: 0, Avg:  0.0, Max: 0, Diff: 0, Sum: 0, Workers: 4
[47.319s][debug][gc,phases      ] GC(109)     Total                          Min: 0, Avg:  0.0, Max: 0, Diff: 0, Sum: 0, Workers: 4
[47.319s][debug][gc,phases      ] GC(109)   StringTable Weak               Min:  0.1, Avg:  0.1, Max:  0.1, Diff:  0.0, Sum:  0.4, Workers: 4
[47.319s][debug][gc,phases      ] GC(109)     Dead                           Min: 0, Avg:  0.0, Max: 0, Diff: 0, Sum: 0, Workers: 4
[47.319s][debug][gc,phases      ] GC(109)     Total                          Min: 10368, Avg: 11704.8, Max: 13120, Diff: 2752, Sum: 46819, Workers: 4
[47.319s][debug][gc,phases      ] GC(109)   ResolvedMethodTable Weak       Min:  0.0, Avg:  0.0, Max:  0.0, Diff:  0.0, Sum:  0.1, Workers: 4
[47.319s][debug][gc,phases      ] GC(109)     Dead                           Min: 0, Avg:  0.0, Max: 0, Diff: 0, Sum: 0, Workers: 4
[47.319s][debug][gc,phases      ] GC(109)     Total                          Min: 1792, Avg: 1959.5, Max: 2078, Diff: 286, Sum: 7838, Workers: 4
[47.319s][debug][gc,phases      ] GC(109)   JNI Weak                       Min:  0.0, Avg:  0.0, Max:  0.0, Diff:  0.0, Sum:  0.0, Workers: 4
[47.319s][debug][gc,phases      ] GC(109)     Dead                           Min: 0, Avg:  0.0, Max: 0, Diff: 0, Sum: 0, Workers: 4
[47.319s][debug][gc,phases      ] GC(109)     Total                          Min: 0, Avg:  1.2, Max: 5, Diff: 5, Sum: 5, Workers: 4
[47.319s][debug][gc,phases      ] GC(109)   StringDedup Table Weak         Min:  0.0, Avg:  0.0, Max:  0.0, Diff:  0.0, Sum:  0.0, Workers: 4
[47.319s][debug][gc,phases      ] GC(109)     Dead                           Min: 0, Avg:  0.0, Max: 0, Diff: 0, Sum: 0, Workers: 4
[47.319s][debug][gc,phases      ] GC(109)     Total                          Min: 0, Avg:  0.0, Max: 0, Diff: 0, Sum: 0, Workers: 4
[47.319s][debug][gc,phases      ] GC(109)   StringDedup Requests0 Weak     Min:  0.0, Avg:  0.0, Max:  0.0, Diff:  0.0, Sum:  0.0, Workers: 4
[47.319s][debug][gc,phases      ] GC(109)     Dead                           Min: 0, Avg:  0.0, Max: 0, Diff: 0, Sum: 0, Workers: 4
[47.319s][debug][gc,phases      ] GC(109)     Total                          Min: 0, Avg:  0.0, Max: 0, Diff: 0, Sum: 0, Workers: 4
[47.319s][debug][gc,phases      ] GC(109)   StringDedup Requests1 Weak     Min:  0.0, Avg:  0.0, Max:  0.0, Diff:  0.0, Sum:  0.0, Workers: 4
[47.319s][debug][gc,phases      ] GC(109)     Dead                           Min: 0, Avg:  0.0, Max: 0, Diff: 0, Sum: 0, Workers: 4
[47.319s][debug][gc,phases      ] GC(109)     Total                          Min: 0, Avg:  0.0, Max: 0, Diff: 0, Sum: 0, Workers: 4
[47.319s][debug][gc,phases      ] GC(109)   Weak JFR Old Object Samples    Min:  0.0, Avg:  0.0, Max:  0.0, Diff:  0.0, Sum:  0.0, Workers: 4
[47.319s][debug][gc,phases      ] GC(109)     Dead                           Min: 0, Avg:  0.0, Max: 0, Diff: 0, Sum: 0, Workers: 4
[47.319s][debug][gc,phases      ] GC(109)     Total                          Min: 0, Avg:  0.0, Max: 0, Diff: 0, Sum: 0, Workers: 4
[47.319s][debug][gc,phases      ] GC(109) Weak Processing 0.339ms
[47.319s][debug][gc,age         ] GC(109) Desired survivor size 108003328 bytes, new threshold 15 (max threshold 15)
[47.319s][info ][gc,heap        ] GC(109) PSYoungGen: 1947280K(1986560K)->72352K(1991680K) Eden: 1879552K(1879552K)->0K(1886208K) From: 67728K(107008K)->72352K(105472K)
[47.319s][info ][gc,heap        ] GC(109) ParOldGen: 450022K(545280K)->450622K(545280K)
[47.319s][info ][gc,metaspace   ] GC(109) Metaspace: 79465K(80256K)->79465K(80256K) NonClass: 68150K(68544K)->68150K(68544K) Class: 11315K(11712K)->11315K(11712K)
[47.319s][info ][gc             ] GC(109) Pause Young (Allocation Failure) 2341M->510M(2477M) 22.284ms
[47.319s][info ][gc,cpu         ] GC(109) User=0.11s Sys=0.00s Real=0.02s
[47.319s][info ][safepoint      ] Safepoint "ParallelGCFailedAllocation", Time since last: 641407788 ns, Reaching safepoint: 2174156 ns, At safepoint: 22396875 ns, Total: 24571031 ns
[48.521s][info ][safepoint      ] Safepoint "ICBufferFull", Time since last: 1201906995 ns, Reaching safepoint: 258406 ns, At safepoint: 18901 ns, Total: 277307 ns
[48.602s][info ][gc,start       ] GC(110) Pause Young (Allocation Failure)
[48.627s][debug][gc,phases      ] GC(110) Scavenge 24.382ms
[48.627s][debug][gc,ref         ] GC(110) Skipped phase 1 of Reference Processing: no references
[48.627s][debug][gc,ref         ] GC(110) ReferenceProcessor::execute queues: 1, RefProcThreadModel::Single, marks_oops_alive: false
[48.627s][debug][gc,ref         ] GC(110) Skipped phase 3 of Reference Processing: no references
[48.627s][debug][gc,ref         ] GC(110) ReferenceProcessor::execute queues: 1, RefProcThreadModel::Single, marks_oops_alive: false
[48.627s][debug][gc,phases      ] GC(110) Reference Processing 0.126ms
[48.627s][debug][gc,phases      ] GC(110)   VM Weak                        Min:  0.0, Avg:  0.0, Max:  0.0, Diff:  0.0, Sum:  0.0, Workers: 4
[48.627s][debug][gc,phases      ] GC(110)     Dead                           Min: 0, Avg:  0.0, Max: 0, Diff: 0, Sum: 0, Workers: 4
[48.627s][debug][gc,phases      ] GC(110)     Total                          Min: 0, Avg: 160.2, Max: 385, Diff: 385, Sum: 641, Workers: 4
[48.627s][debug][gc,phases      ] GC(110)   ObjectSynchronizer Weak        Min:  0.0, Avg:  0.0, Max:  0.0, Diff:  0.0, Sum:  0.0, Workers: 4
[48.627s][debug][gc,phases      ] GC(110)     Dead                           Min: 0, Avg:  0.0, Max: 0, Diff: 0, Sum: 0, Workers: 4
[48.627s][debug][gc,phases      ] GC(110)     Total                          Min: 0, Avg: 99.8, Max: 207, Diff: 207, Sum: 399, Workers: 4
[48.627s][debug][gc,phases      ] GC(110)   JVMTI Tag Weak OopStorage      Min:  0.0, Avg:  0.0, Max:  0.0, Diff:  0.0, Sum:  0.0, Workers: 4
[48.627s][debug][gc,phases      ] GC(110)     Dead                           Min: 0, Avg:  0.0, Max: 0, Diff: 0, Sum: 0, Workers: 4
[48.627s][debug][gc,phases      ] GC(110)     Total                          Min: 0, Avg:  0.0, Max: 0, Diff: 0, Sum: 0, Workers: 4
[48.627s][debug][gc,phases      ] GC(110)   StringTable Weak               Min:  0.1, Avg:  0.1, Max:  0.1, Diff:  0.0, Sum:  0.5, Workers: 4
[48.627s][debug][gc,phases      ] GC(110)     Dead                           Min: 0, Avg:  0.0, Max: 0, Diff: 0, Sum: 0, Workers: 4
[48.627s][debug][gc,phases      ] GC(110)     Total                          Min: 11456, Avg: 11716.0, Max: 11904, Diff: 448, Sum: 46864, Workers: 4
[48.627s][debug][gc,phases      ] GC(110)   ResolvedMethodTable Weak       Min:  0.0, Avg:  0.0, Max:  0.0, Diff:  0.0, Sum:  0.1, Workers: 4
[48.627s][debug][gc,phases      ] GC(110)     Dead                           Min: 0, Avg:  0.0, Max: 0, Diff: 0, Sum: 0, Workers: 4
[48.627s][debug][gc,phases      ] GC(110)     Total                          Min: 1856, Avg: 1959.5, Max: 2078, Diff: 222, Sum: 7838, Workers: 4
[48.627s][debug][gc,phases      ] GC(110)   JNI Weak                       Min:  0.0, Avg:  0.0, Max:  0.0, Diff:  0.0, Sum:  0.0, Workers: 4
[48.627s][debug][gc,phases      ] GC(110)     Dead                           Min: 0, Avg:  0.0, Max: 0, Diff: 0, Sum: 0, Workers: 4
[48.627s][debug][gc,phases      ] GC(110)     Total                          Min: 0, Avg:  1.2, Max: 5, Diff: 5, Sum: 5, Workers: 4
[48.627s][debug][gc,phases      ] GC(110)   StringDedup Table Weak         Min:  0.0, Avg:  0.0, Max:  0.0, Diff:  0.0, Sum:  0.0, Workers: 4
[48.627s][debug][gc,phases      ] GC(110)     Dead                           Min: 0, Avg:  0.0, Max: 0, Diff: 0, Sum: 0, Workers: 4
[48.627s][debug][gc,phases      ] GC(110)     Total                          Min: 0, Avg:  0.0, Max: 0, Diff: 0, Sum: 0, Workers: 4
[48.627s][debug][gc,phases      ] GC(110)   StringDedup Requests0 Weak     Min:  0.0, Avg:  0.0, Max:  0.0, Diff:  0.0, Sum:  0.0, Workers: 4
[48.627s][debug][gc,phases      ] GC(110)     Dead                           Min: 0, Avg:  0.0, Max: 0, Diff: 0, Sum: 0, Workers: 4
[48.627s][debug][gc,phases      ] GC(110)     Total                          Min: 0, Avg:  0.0, Max: 0, Diff: 0, Sum: 0, Workers: 4
[48.627s][debug][gc,phases      ] GC(110)   StringDedup Requests1 Weak     Min:  0.0, Avg:  0.0, Max:  0.0, Diff:  0.0, Sum:  0.0, Workers: 4
[48.627s][debug][gc,phases      ] GC(110)     Dead                           Min: 0, Avg:  0.0, Max: 0, Diff: 0, Sum: 0, Workers: 4
[48.627s][debug][gc,phases      ] GC(110)     Total                          Min: 0, Avg:  0.0, Max: 0, Diff: 0, Sum: 0, Workers: 4
[48.627s][debug][gc,phases      ] GC(110)   Weak JFR Old Object Samples    Min:  0.0, Avg:  0.0, Max:  0.0, Diff:  0.0, Sum:  0.0, Workers: 4
[48.627s][debug][gc,phases      ] GC(110)     Dead                           Min: 0, Avg:  0.0, Max: 0, Diff: 0, Sum: 0, Workers: 4
[48.627s][debug][gc,phases      ] GC(110)     Total                          Min: 0, Avg:  0.0, Max: 0, Diff: 0, Sum: 0, Workers: 4
[48.627s][debug][gc,phases      ] GC(110) Weak Processing 0.339ms
[48.627s][debug][gc,age         ] GC(110) Desired survivor size 116391936 bytes, new threshold 15 (max threshold 15)
[48.627s][info ][gc,heap        ] GC(110) PSYoungGen: 1958560K(1991680K)->94336K(1980928K) Eden: 1886208K(1886208K)->0K(1886208K) From: 72352K(105472K)->94336K(94720K)
[48.627s][info ][gc,heap        ] GC(110) ParOldGen: 450622K(545280K)->452350K(545280K)
[48.627s][info ][gc,metaspace   ] GC(110) Metaspace: 79549K(80384K)->79549K(80384K) NonClass: 68230K(68672K)->68230K(68672K) Class: 11319K(11712K)->11319K(11712K)
[48.627s][info ][gc             ] GC(110) Pause Young (Allocation Failure) 2352M->533M(2467M) 24.992ms
[48.627s][info ][gc,cpu         ] GC(110) User=0.12s Sys=0.00s Real=0.02s
[48.627s][info ][safepoint      ] Safepoint "ParallelGCFailedAllocation", Time since last: 80812577 ns, Reaching safepoint: 52801 ns, At safepoint: 25078545 ns, Total: 25131346 ns
[49.200s][info ][safepoint      ] Safepoint "ICBufferFull", Time since last: 572824722 ns, Reaching safepoint: 252107 ns, At safepoint: 22000 ns, Total: 274107 ns
[49.760s][info ][safepoint      ] Safepoint "ICBufferFull", Time since last: 559148471 ns, Reaching safepoint: 280407 ns, At safepoint: 11500 ns, Total: 291907 ns
[50.760s][info ][safepoint      ] Safepoint "Cleanup", Time since last: 1000107101 ns, Reaching safepoint: 165205 ns, At safepoint: 12300 ns, Total: 177505 ns
[51.760s][info ][safepoint      ] Safepoint "Cleanup", Time since last: 1000115999 ns, Reaching safepoint: 68902 ns, At safepoint: 8800 ns, Total: 77702 ns
[52.760s][info ][safepoint      ] Safepoint "Cleanup", Time since last: 1000089697 ns, Reaching safepoint: 69701 ns, At safepoint: 6201 ns, Total: 75902 ns
[53.761s][info ][safepoint      ] Safepoint "Cleanup", Time since last: 1000108394 ns, Reaching safepoint: 61502 ns, At safepoint: 9300 ns, Total: 70802 ns
[54.761s][info ][safepoint      ] Safepoint "Cleanup", Time since last: 1000105492 ns, Reaching safepoint: 72802 ns, At safepoint: 8400 ns, Total: 81202 ns
[55.761s][info ][safepoint      ] Safepoint "Cleanup", Time since last: 1000105290 ns, Reaching safepoint: 55201 ns, At safepoint: 7401 ns, Total: 62602 ns
[56.761s][info ][safepoint      ] Safepoint "Cleanup", Time since last: 1000107687 ns, Reaching safepoint: 127604 ns, At safepoint: 8700 ns, Total: 136304 ns
[57.761s][info ][safepoint      ] Safepoint "Cleanup", Time since last: 1000111585 ns, Reaching safepoint: 82902 ns, At safepoint: 8300 ns, Total: 91202 ns
[58.782s][info ][safepoint      ] Safepoint "Cleanup", Time since last: 1020092197 ns, Reaching safepoint: 134003 ns, At safepoint: 15501 ns, Total: 149504 ns
[59.782s][info ][safepoint      ] Safepoint "Cleanup", Time since last: 1000104080 ns, Reaching safepoint: 56902 ns, At safepoint: 8300 ns, Total: 65202 ns
[60.872s][info ][safepoint      ] Safepoint "Cleanup", Time since last: 1090619602 ns, Reaching safepoint: 88802 ns, At safepoint: 9701 ns, Total: 98503 ns
[61.873s][info ][safepoint      ] Safepoint "Cleanup", Time since last: 1000108775 ns, Reaching safepoint: 49202 ns, At safepoint: 6300 ns, Total: 55502 ns
[62.873s][info ][safepoint      ] Safepoint "Cleanup", Time since last: 1000093773 ns, Reaching safepoint: 56802 ns, At safepoint: 7800 ns, Total: 64602 ns
[63.873s][info ][safepoint      ] Safepoint "Cleanup", Time since last: 1000110071 ns, Reaching safepoint: 61902 ns, At safepoint: 6700 ns, Total: 68602 ns
[64.873s][info ][safepoint      ] Safepoint "Cleanup", Time since last: 1000115869 ns, Reaching safepoint: 74602 ns, At safepoint: 10401 ns, Total: 85003 ns
[65.873s][info ][safepoint      ] Safepoint "Cleanup", Time since last: 1000105766 ns, Reaching safepoint: 48202 ns, At safepoint: 11500 ns, Total: 59702 ns
[66.873s][info ][safepoint      ] Safepoint "Cleanup", Time since last: 1000100964 ns, Reaching safepoint: 50002 ns, At safepoint: 9400 ns, Total: 59402 ns
[67.874s][info ][safepoint      ] Safepoint "Cleanup", Time since last: 1000099962 ns, Reaching safepoint: 113403 ns, At safepoint: 8700 ns, Total: 122103 ns
[68.874s][info ][safepoint      ] Safepoint "Cleanup", Time since last: 1000094660 ns, Reaching safepoint: 56902 ns, At safepoint: 7700 ns, Total: 64602 ns
[69.874s][info ][safepoint      ] Safepoint "Cleanup", Time since last: 1000102258 ns, Reaching safepoint: 86902 ns, At safepoint: 6000 ns, Total: 92902 ns
[70.874s][info ][safepoint      ] Safepoint "Cleanup", Time since last: 1000150657 ns, Reaching safepoint: 81402 ns, At safepoint: 10800 ns, Total: 92202 ns
[71.875s][info ][safepoint      ] Safepoint "Cleanup", Time since last: 1000141354 ns, Reaching safepoint: 135504 ns, At safepoint: 8600 ns, Total: 144104 ns
[72.875s][info ][safepoint      ] Safepoint "Cleanup", Time since last: 1000116352 ns, Reaching safepoint: 103702 ns, At safepoint: 8300 ns, Total: 112002 ns
[74.277s][info ][safepoint      ] Safepoint "Cleanup", Time since last: 1402112059 ns, Reaching safepoint: 156004 ns, At safepoint: 10000 ns, Total: 166004 ns
[75.277s][info ][safepoint      ] Safepoint "Cleanup", Time since last: 1000109046 ns, Reaching safepoint: 94602 ns, At safepoint: 10301 ns, Total: 104903 ns
[76.278s][info ][safepoint      ] Safepoint "Cleanup", Time since last: 1000124744 ns, Reaching safepoint: 76502 ns, At safepoint: 9100 ns, Total: 85602 ns
[77.278s][info ][safepoint      ] Safepoint "Cleanup", Time since last: 1000106241 ns, Reaching safepoint: 68002 ns, At safepoint: 8800 ns, Total: 76802 ns
[78.278s][info ][safepoint      ] Safepoint "Cleanup", Time since last: 1000113540 ns, Reaching safepoint: 49901 ns, At safepoint: 8200 ns, Total: 58101 ns
[79.278s][info ][safepoint      ] Safepoint "Cleanup", Time since last: 1000070136 ns, Reaching safepoint: 48802 ns, At safepoint: 8300 ns, Total: 57102 ns
[80.278s][info ][safepoint      ] Safepoint "Cleanup", Time since last: 1000113135 ns, Reaching safepoint: 74002 ns, At safepoint: 7500 ns, Total: 81502 ns
[81.278s][info ][safepoint      ] Safepoint "Cleanup", Time since last: 1000116133 ns, Reaching safepoint: 58201 ns, At safepoint: 10801 ns, Total: 69002 ns
[82.279s][info ][safepoint      ] Safepoint "Cleanup", Time since last: 1000122831 ns, Reaching safepoint: 130603 ns, At safepoint: 6100 ns, Total: 136703 ns
[83.279s][info ][safepoint      ] Safepoint "Cleanup", Time since last: 1000115429 ns, Reaching safepoint: 156904 ns, At safepoint: 6800 ns, Total: 163704 ns
[84.279s][info ][safepoint      ] Safepoint "Cleanup", Time since last: 1000065325 ns, Reaching safepoint: 72202 ns, At safepoint: 5500 ns, Total: 77702 ns
[85.279s][info ][safepoint      ] Safepoint "Cleanup", Time since last: 1000114324 ns, Reaching safepoint: 108303 ns, At safepoint: 12100 ns, Total: 120403 ns
[86.899s][info ][gc,start       ] GC(111) Pause Young (Allocation Failure)
[86.926s][debug][gc,phases      ] GC(111) Scavenge 27.030ms
[86.926s][debug][gc,ref         ] GC(111) Skipped phase 1 of Reference Processing: no references
[86.926s][debug][gc,ref         ] GC(111) ReferenceProcessor::execute queues: 1, RefProcThreadModel::Single, marks_oops_alive: false
[86.926s][debug][gc,ref         ] GC(111) Skipped phase 3 of Reference Processing: no references
[86.926s][debug][gc,ref         ] GC(111) ReferenceProcessor::execute queues: 1, RefProcThreadModel::Single, marks_oops_alive: false
[86.926s][debug][gc,phases      ] GC(111) Reference Processing 0.153ms
[86.926s][debug][gc,phases      ] GC(111)   VM Weak                        Min:  0.0, Avg:  0.0, Max:  0.0, Diff:  0.0, Sum:  0.0, Workers: 4
[86.926s][debug][gc,phases      ] GC(111)     Dead                           Min: 0, Avg:  0.0, Max: 0, Diff: 0, Sum: 0, Workers: 4
[86.926s][debug][gc,phases      ] GC(111)     Total                          Min: 0, Avg: 161.8, Max: 640, Diff: 640, Sum: 647, Workers: 4
[86.926s][debug][gc,phases      ] GC(111)   ObjectSynchronizer Weak        Min:  0.0, Avg:  0.0, Max:  0.0, Diff:  0.0, Sum:  0.0, Workers: 4
[86.926s][debug][gc,phases      ] GC(111)     Dead                           Min: 0, Avg:  0.0, Max: 0, Diff: 0, Sum: 0, Workers: 4
[86.926s][debug][gc,phases      ] GC(111)     Total                          Min: 0, Avg: 100.0, Max: 192, Diff: 192, Sum: 400, Workers: 4
[86.926s][debug][gc,phases      ] GC(111)   JVMTI Tag Weak OopStorage      Min:  0.0, Avg:  0.0, Max:  0.0, Diff:  0.0, Sum:  0.0, Workers: 4
[86.926s][debug][gc,phases      ] GC(111)     Dead                           Min: 0, Avg:  0.0, Max: 0, Diff: 0, Sum: 0, Workers: 4
[86.926s][debug][gc,phases      ] GC(111)     Total                          Min: 0, Avg:  0.0, Max: 0, Diff: 0, Sum: 0, Workers: 4
[86.926s][debug][gc,phases      ] GC(111)   StringTable Weak               Min:  0.1, Avg:  0.1, Max:  0.1, Diff:  0.0, Sum:  0.5, Workers: 4
[86.926s][debug][gc,phases      ] GC(111)     Dead                           Min: 0, Avg:  0.2, Max: 1, Diff: 1, Sum: 1, Workers: 4
[86.926s][debug][gc,phases      ] GC(111)     Total                          Min: 10675, Avg: 11836.8, Max: 12736, Diff: 2061, Sum: 47347, Workers: 4
[86.926s][debug][gc,phases      ] GC(111)   ResolvedMethodTable Weak       Min:  0.0, Avg:  0.0, Max:  0.0, Diff:  0.0, Sum:  0.1, Workers: 4
[86.926s][debug][gc,phases      ] GC(111)     Dead                           Min: 0, Avg:  0.2, Max: 1, Diff: 1, Sum: 1, Workers: 4
[86.926s][debug][gc,phases      ] GC(111)     Total                          Min: 1855, Avg: 1977.8, Max: 2152, Diff: 297, Sum: 7911, Workers: 4
[86.926s][debug][gc,phases      ] GC(111)   JNI Weak                       Min:  0.0, Avg:  0.0, Max:  0.0, Diff:  0.0, Sum:  0.0, Workers: 4
[86.926s][debug][gc,phases      ] GC(111)     Dead                           Min: 0, Avg:  0.0, Max: 0, Diff: 0, Sum: 0, Workers: 4
[86.926s][debug][gc,phases      ] GC(111)     Total                          Min: 0, Avg:  0.0, Max: 0, Diff: 0, Sum: 0, Workers: 4
[86.926s][debug][gc,phases      ] GC(111)   StringDedup Table Weak         Min:  0.0, Avg:  0.0, Max:  0.0, Diff:  0.0, Sum:  0.0, Workers: 4
[86.926s][debug][gc,phases      ] GC(111)     Dead                           Min: 0, Avg:  0.0, Max: 0, Diff: 0, Sum: 0, Workers: 4
[86.926s][debug][gc,phases      ] GC(111)     Total                          Min: 0, Avg:  0.0, Max: 0, Diff: 0, Sum: 0, Workers: 4
[86.926s][debug][gc,phases      ] GC(111)   StringDedup Requests0 Weak     Min:  0.0, Avg:  0.0, Max:  0.0, Diff:  0.0, Sum:  0.0, Workers: 4
[86.926s][debug][gc,phases      ] GC(111)     Dead                           Min: 0, Avg:  0.0, Max: 0, Diff: 0, Sum: 0, Workers: 4
[86.926s][debug][gc,phases      ] GC(111)     Total                          Min: 0, Avg:  0.0, Max: 0, Diff: 0, Sum: 0, Workers: 4
[86.926s][debug][gc,phases      ] GC(111)   StringDedup Requests1 Weak     Min:  0.0, Avg:  0.0, Max:  0.0, Diff:  0.0, Sum:  0.0, Workers: 4
[86.926s][debug][gc,phases      ] GC(111)     Dead                           Min: 0, Avg:  0.0, Max: 0, Diff: 0, Sum: 0, Workers: 4
[86.926s][debug][gc,phases      ] GC(111)     Total                          Min: 0, Avg:  0.0, Max: 0, Diff: 0, Sum: 0, Workers: 4
[86.926s][debug][gc,phases      ] GC(111)   Weak JFR Old Object Samples    Min:  0.0, Avg:  0.0, Max:  0.0, Diff:  0.0, Sum:  0.0, Workers: 4
[86.926s][debug][gc,phases      ] GC(111)     Dead                           Min: 0, Avg:  0.0, Max: 0, Diff: 0, Sum: 0, Workers: 4
[86.926s][debug][gc,phases      ] GC(111)     Total                          Min: 0, Avg:  0.0, Max: 0, Diff: 0, Sum: 0, Workers: 4
[86.926s][debug][gc,phases      ] GC(111) Weak Processing 0.362ms
[86.927s][debug][gc,age         ] GC(111) Desired survivor size 125304832 bytes, new threshold 15 (max threshold 15)
[86.927s][info ][gc,heap        ] GC(111) PSYoungGen: 1980544K(1980928K)->102384K(1966080K) Eden: 1886208K(1886208K)->0K(1852416K) From: 94336K(94720K)->102384K(113664K)
[86.927s][info ][gc,heap        ] GC(111) ParOldGen: 452350K(545280K)->456526K(545280K)
[86.927s][info ][gc,metaspace   ] GC(111) Metaspace: 80040K(80832K)->80040K(80832K) NonClass: 68681K(69120K)->68681K(69120K) Class: 11358K(11712K)->11358K(11712K)
[86.927s][info ][gc             ] GC(111) Pause Young (Allocation Failure) 2375M->545M(2452M) 27.696ms
[86.927s][info ][gc,cpu         ] GC(111) User=0.11s Sys=0.00s Real=0.02s
[86.927s][info ][safepoint      ] Safepoint "ParallelGCFailedAllocation", Time since last: 1619335985 ns, Reaching safepoint: 181605 ns, At safepoint: 27798812 ns, Total: 27980417 ns
[87.927s][info ][safepoint      ] Safepoint "Cleanup", Time since last: 1000086517 ns, Reaching safepoint: 104903 ns, At safepoint: 8400 ns, Total: 113303 ns
[88.927s][info ][safepoint      ] Safepoint "Cleanup", Time since last: 1000118417 ns, Reaching safepoint: 167604 ns, At safepoint: 12800 ns, Total: 180404 ns
[89.927s][info ][safepoint      ] Safepoint "Cleanup", Time since last: 1000102514 ns, Reaching safepoint: 123103 ns, At safepoint: 6601 ns, Total: 129704 ns
[90.928s][info ][safepoint      ] Safepoint "Cleanup", Time since last: 1000104811 ns, Reaching safepoint: 130204 ns, At safepoint: 10000 ns, Total: 140204 ns
[91.928s][info ][safepoint      ] Safepoint "Cleanup", Time since last: 1000109610 ns, Reaching safepoint: 108302 ns, At safepoint: 20101 ns, Total: 128403 ns
[92.928s][info ][safepoint      ] Safepoint "Cleanup", Time since last: 1000382214 ns, Reaching safepoint: 99703 ns, At safepoint: 9200 ns, Total: 108903 ns
[93.928s][info ][safepoint      ] Safepoint "Cleanup", Time since last: 1000099305 ns, Reaching safepoint: 72302 ns, At safepoint: 6700 ns, Total: 79002 ns
[94.929s][info ][safepoint      ] Safepoint "Cleanup", Time since last: 1000108604 ns, Reaching safepoint: 282907 ns, At safepoint: 12700 ns, Total: 295607 ns
[95.930s][info ][safepoint      ] Safepoint "Cleanup", Time since last: 1000753718 ns, Reaching safepoint: 178305 ns, At safepoint: 6800 ns, Total: 185105 ns
[96.930s][info ][safepoint      ] Safepoint "Cleanup", Time since last: 1000123999 ns, Reaching safepoint: 79102 ns, At safepoint: 9901 ns, Total: 89003 ns
[97.930s][info ][safepoint      ] Safepoint "Cleanup", Time since last: 1000112097 ns, Reaching safepoint: 55601 ns, At safepoint: 4000 ns, Total: 59601 ns
[98.930s][info ][safepoint      ] Safepoint "Cleanup", Time since last: 1000105395 ns, Reaching safepoint: 47601 ns, At safepoint: 11500 ns, Total: 59101 ns
[99.931s][info ][safepoint      ] Safepoint "Cleanup", Time since last: 1000113493 ns, Reaching safepoint: 81802 ns, At safepoint: 9800 ns, Total: 91602 ns
[100.931s][info ][safepoint      ] Safepoint "Cleanup", Time since last: 1000108991 ns, Reaching safepoint: 75902 ns, At safepoint: 8300 ns, Total: 84202 ns
[102.289s][info ][safepoint      ] Safepoint "Cleanup", Time since last: 1358065947 ns, Reaching safepoint: 200805 ns, At safepoint: 12400 ns, Total: 213205 ns
[103.289s][info ][safepoint      ] Safepoint "Cleanup", Time since last: 1000132287 ns, Reaching safepoint: 159904 ns, At safepoint: 10300 ns, Total: 170204 ns
[104.290s][info ][safepoint      ] Safepoint "Cleanup", Time since last: 1000125884 ns, Reaching safepoint: 142304 ns, At safepoint: 11900 ns, Total: 154204 ns
[105.290s][info ][safepoint      ] Safepoint "Cleanup", Time since last: 1000123782 ns, Reaching safepoint: 133703 ns, At safepoint: 11101 ns, Total: 144804 ns
[106.290s][info ][safepoint      ] Safepoint "Cleanup", Time since last: 1000137580 ns, Reaching safepoint: 177804 ns, At safepoint: 8200 ns, Total: 186004 ns
[107.291s][info ][safepoint      ] Safepoint "Cleanup", Time since last: 1000145579 ns, Reaching safepoint: 126103 ns, At safepoint: 11200 ns, Total: 137303 ns
[108.291s][info ][safepoint      ] Safepoint "Cleanup", Time since last: 1000121776 ns, Reaching safepoint: 68201 ns, At safepoint: 9501 ns, Total: 77702 ns
[109.291s][info ][safepoint      ] Safepoint "Cleanup", Time since last: 1000108773 ns, Reaching safepoint: 144904 ns, At safepoint: 8800 ns, Total: 153704 ns
[110.291s][info ][safepoint      ] Safepoint "Cleanup", Time since last: 1000125371 ns, Reaching safepoint: 171505 ns, At safepoint: 13200 ns, Total: 184705 ns
[111.292s][info ][safepoint      ] Safepoint "Cleanup", Time since last: 1000127570 ns, Reaching safepoint: 136503 ns, At safepoint: 13400 ns, Total: 149903 ns
[112.292s][info ][safepoint      ] Safepoint "Cleanup", Time since last: 1000097067 ns, Reaching safepoint: 189505 ns, At safepoint: 12800 ns, Total: 202305 ns
[113.292s][info ][safepoint      ] Safepoint "Cleanup", Time since last: 1000114765 ns, Reaching safepoint: 123004 ns, At safepoint: 9800 ns, Total: 132804 ns
[114.292s][info ][safepoint      ] Safepoint "Cleanup", Time since last: 1000118363 ns, Reaching safepoint: 144804 ns, At safepoint: 12000 ns, Total: 156804 ns
[115.293s][info ][safepoint      ] Safepoint "Cleanup", Time since last: 1000110361 ns, Reaching safepoint: 129703 ns, At safepoint: 8700 ns, Total: 138403 ns
[116.293s][info ][safepoint      ] Safepoint "Cleanup", Time since last: 1000118459 ns, Reaching safepoint: 129404 ns, At safepoint: 8000 ns, Total: 137404 ns
[117.293s][info ][safepoint      ] Safepoint "Cleanup", Time since last: 1000122957 ns, Reaching safepoint: 123103 ns, At safepoint: 8100 ns, Total: 131203 ns
[118.293s][info ][safepoint      ] Safepoint "Cleanup", Time since last: 1000124355 ns, Reaching safepoint: 133604 ns, At safepoint: 12800 ns, Total: 146404 ns
[119.294s][info ][safepoint      ] Safepoint "Cleanup", Time since last: 1000119053 ns, Reaching safepoint: 61502 ns, At safepoint: 3800 ns, Total: 65302 ns
[120.294s][info ][safepoint      ] Safepoint "Cleanup", Time since last: 1000120051 ns, Reaching safepoint: 131503 ns, At safepoint: 10600 ns, Total: 142103 ns
[121.294s][info ][safepoint      ] Safepoint "Cleanup", Time since last: 1000114949 ns, Reaching safepoint: 118203 ns, At safepoint: 8600 ns, Total: 126803 ns
[122.294s][info ][safepoint      ] Safepoint "Cleanup", Time since last: 1000101747 ns, Reaching safepoint: 58501 ns, At safepoint: 6300 ns, Total: 64801 ns
[123.294s][info ][safepoint      ] Safepoint "Cleanup", Time since last: 1000093145 ns, Reaching safepoint: 51401 ns, At safepoint: 9100 ns, Total: 60501 ns
[124.295s][info ][safepoint      ] Safepoint "Cleanup", Time since last: 1000112543 ns, Reaching safepoint: 124503 ns, At safepoint: 13800 ns, Total: 138303 ns
[125.295s][info ][safepoint      ] Safepoint "Cleanup", Time since last: 1000109241 ns, Reaching safepoint: 44601 ns, At safepoint: 4800 ns, Total: 49401 ns
[126.295s][info ][safepoint      ] Safepoint "Cleanup", Time since last: 1000119239 ns, Reaching safepoint: 66402 ns, At safepoint: 10800 ns, Total: 77202 ns
[127.295s][info ][safepoint      ] Safepoint "Cleanup", Time since last: 1000104537 ns, Reaching safepoint: 62701 ns, At safepoint: 9200 ns, Total: 71901 ns
[128.295s][info ][safepoint      ] Safepoint "Cleanup", Time since last: 1000107035 ns, Reaching safepoint: 133203 ns, At safepoint: 9601 ns, Total: 142804 ns
[129.296s][info ][safepoint      ] Safepoint "Cleanup", Time since last: 1000103432 ns, Reaching safepoint: 123903 ns, At safepoint: 9200 ns, Total: 133103 ns
[130.296s][info ][safepoint      ] Safepoint "Cleanup", Time since last: 1000107531 ns, Reaching safepoint: 68502 ns, At safepoint: 4600 ns, Total: 73102 ns
[131.296s][info ][safepoint      ] Safepoint "Cleanup", Time since last: 1000105528 ns, Reaching safepoint: 59002 ns, At safepoint: 6800 ns, Total: 65802 ns
[132.296s][info ][safepoint      ] Safepoint "Cleanup", Time since last: 1000109727 ns, Reaching safepoint: 126903 ns, At safepoint: 9200 ns, Total: 136103 ns
[133.296s][info ][safepoint      ] Safepoint "Cleanup", Time since last: 1000106825 ns, Reaching safepoint: 50501 ns, At safepoint: 5700 ns, Total: 56201 ns
[134.297s][info ][safepoint      ] Safepoint "Cleanup", Time since last: 1000099623 ns, Reaching safepoint: 47501 ns, At safepoint: 8000 ns, Total: 55501 ns
[135.297s][info ][safepoint      ] Safepoint "Cleanup", Time since last: 1000106121 ns, Reaching safepoint: 57301 ns, At safepoint: 8600 ns, Total: 65901 ns
[136.297s][info ][safepoint      ] Safepoint "Cleanup", Time since last: 1000110019 ns, Reaching safepoint: 51602 ns, At safepoint: 6200 ns, Total: 57802 ns
[137.297s][info ][safepoint      ] Safepoint "Cleanup", Time since last: 1000114317 ns, Reaching safepoint: 48301 ns, At safepoint: 8100 ns, Total: 56401 ns
[138.953s][info ][safepoint      ] Safepoint "Cleanup", Time since last: 1655794242 ns, Reaching safepoint: 95302 ns, At safepoint: 11000 ns, Total: 106302 ns
[139.953s][info ][safepoint      ] Safepoint "Cleanup", Time since last: 1000068211 ns, Reaching safepoint: 56101 ns, At safepoint: 16301 ns, Total: 72402 ns
[140.953s][info ][safepoint      ] Safepoint "Cleanup", Time since last: 1000110510 ns, Reaching safepoint: 53901 ns, At safepoint: 8000 ns, Total: 61901 ns
[141.954s][info ][safepoint      ] Safepoint "Cleanup", Time since last: 1000123808 ns, Reaching safepoint: 60502 ns, At safepoint: 8300 ns, Total: 68802 ns
[144.954s][info ][safepoint      ] Safepoint "Cleanup", Time since last: 3000269510 ns, Reaching safepoint: 60102 ns, At safepoint: 4400 ns, Total: 64502 ns
[145.954s][info ][safepoint      ] Safepoint "Cleanup", Time since last: 1000114100 ns, Reaching safepoint: 53301 ns, At safepoint: 7400 ns, Total: 60701 ns
[146.954s][info ][safepoint      ] Safepoint "Cleanup", Time since last: 1000107798 ns, Reaching safepoint: 52202 ns, At safepoint: 8100 ns, Total: 60302 ns
[149.954s][info ][safepoint      ] Safepoint "Cleanup", Time since last: 3000220780 ns, Reaching safepoint: 49201 ns, At safepoint: 8600 ns, Total: 57801 ns
[150.955s][info ][safepoint      ] Safepoint "Cleanup", Time since last: 1000099691 ns, Reaching safepoint: 48501 ns, At safepoint: 6300 ns, Total: 54801 ns
[151.955s][info ][safepoint      ] Safepoint "Cleanup", Time since last: 1000109789 ns, Reaching safepoint: 65301 ns, At safepoint: 13401 ns, Total: 78702 ns
[152.955s][info ][safepoint      ] Safepoint "Cleanup", Time since last: 1000115486 ns, Reaching safepoint: 59002 ns, At safepoint: 14500 ns, Total: 73502 ns
[153.955s][info ][safepoint      ] Safepoint "Cleanup", Time since last: 1000108885 ns, Reaching safepoint: 45801 ns, At safepoint: 7100 ns, Total: 52901 ns
[154.477s][info ][gc,start       ] GC(112) Pause Young (Allocation Failure)
[154.500s][debug][gc,phases      ] GC(112) Scavenge 23.485ms
[154.500s][debug][gc,ref         ] GC(112) Skipped phase 1 of Reference Processing: no references
[154.500s][debug][gc,ref         ] GC(112) ReferenceProcessor::execute queues: 1, RefProcThreadModel::Single, marks_oops_alive: false
[154.500s][debug][gc,ref         ] GC(112) Skipped phase 3 of Reference Processing: no references
[154.500s][debug][gc,ref         ] GC(112) ReferenceProcessor::execute queues: 1, RefProcThreadModel::Single, marks_oops_alive: false
[154.500s][debug][gc,phases      ] GC(112) Reference Processing 0.168ms
[154.501s][debug][gc,phases      ] GC(112)   VM Weak                        Min:  0.0, Avg:  0.0, Max:  0.0, Diff:  0.0, Sum:  0.0, Workers: 4
[154.501s][debug][gc,phases      ] GC(112)     Dead                           Min: 0, Avg:  0.0, Max: 0, Diff: 0, Sum: 0, Workers: 4
[154.501s][debug][gc,phases      ] GC(112)     Total                          Min: 0, Avg: 164.8, Max: 659, Diff: 659, Sum: 659, Workers: 4
[154.501s][debug][gc,phases      ] GC(112)   ObjectSynchronizer Weak        Min:  0.0, Avg:  0.0, Max:  0.0, Diff:  0.0, Sum:  0.0, Workers: 4
[154.501s][debug][gc,phases      ] GC(112)     Dead                           Min: 0, Avg:  0.0, Max: 0, Diff: 0, Sum: 0, Workers: 4
[154.501s][debug][gc,phases      ] GC(112)     Total                          Min: 0, Avg: 100.2, Max: 273, Diff: 273, Sum: 401, Workers: 4
[154.501s][debug][gc,phases      ] GC(112)   JVMTI Tag Weak OopStorage      Min:  0.0, Avg:  0.0, Max:  0.0, Diff:  0.0, Sum:  0.0, Workers: 4
[154.501s][debug][gc,phases      ] GC(112)     Dead                           Min: 0, Avg:  0.0, Max: 0, Diff: 0, Sum: 0, Workers: 4
[154.501s][debug][gc,phases      ] GC(112)     Total                          Min: 0, Avg:  0.0, Max: 0, Diff: 0, Sum: 0, Workers: 4
[154.501s][debug][gc,phases      ] GC(112)   StringTable Weak               Min:  0.1, Avg:  0.1, Max:  0.1, Diff:  0.0, Sum:  0.5, Workers: 4
[154.501s][debug][gc,phases      ] GC(112)     Dead                           Min: 0, Avg:  1.0, Max: 3, Diff: 3, Sum: 4, Workers: 4
[154.501s][debug][gc,phases      ] GC(112)     Total                          Min: 10496, Avg: 11910.8, Max: 12608, Diff: 2112, Sum: 47643, Workers: 4
[154.501s][debug][gc,phases      ] GC(112)   ResolvedMethodTable Weak       Min:  0.0, Avg:  0.0, Max:  0.0, Diff:  0.0, Sum:  0.1, Workers: 4
[154.501s][debug][gc,phases      ] GC(112)     Dead                           Min: 0, Avg:  4.5, Max: 18, Diff: 18, Sum: 18, Workers: 4
[154.501s][debug][gc,phases      ] GC(112)     Total                          Min: 1658, Avg: 2014.2, Max: 2239, Diff: 581, Sum: 8057, Workers: 4
[154.501s][debug][gc,phases      ] GC(112)   JNI Weak                       Min:  0.0, Avg:  0.0, Max:  0.0, Diff:  0.0, Sum:  0.0, Workers: 4
[154.501s][debug][gc,phases      ] GC(112)     Dead                           Min: 0, Avg:  0.0, Max: 0, Diff: 0, Sum: 0, Workers: 4
[154.501s][debug][gc,phases      ] GC(112)     Total                          Min: 0, Avg:  0.0, Max: 0, Diff: 0, Sum: 0, Workers: 4
[154.501s][debug][gc,phases      ] GC(112)   StringDedup Table Weak         Min:  0.0, Avg:  0.0, Max:  0.0, Diff:  0.0, Sum:  0.0, Workers: 4
[154.501s][debug][gc,phases      ] GC(112)     Dead                           Min: 0, Avg:  0.0, Max: 0, Diff: 0, Sum: 0, Workers: 4
[154.501s][debug][gc,phases      ] GC(112)     Total                          Min: 0, Avg:  0.0, Max: 0, Diff: 0, Sum: 0, Workers: 4
[154.501s][debug][gc,phases      ] GC(112)   StringDedup Requests0 Weak     Min:  0.0, Avg:  0.0, Max:  0.0, Diff:  0.0, Sum:  0.0, Workers: 4
[154.501s][debug][gc,phases      ] GC(112)     Dead                           Min: 0, Avg:  0.0, Max: 0, Diff: 0, Sum: 0, Workers: 4
[154.501s][debug][gc,phases      ] GC(112)     Total                          Min: 0, Avg:  0.0, Max: 0, Diff: 0, Sum: 0, Workers: 4
[154.501s][debug][gc,phases      ] GC(112)   StringDedup Requests1 Weak     Min:  0.0, Avg:  0.0, Max:  0.0, Diff:  0.0, Sum:  0.0, Workers: 4
[154.501s][debug][gc,phases      ] GC(112)     Dead                           Min: 0, Avg:  0.0, Max: 0, Diff: 0, Sum: 0, Workers: 4
[154.501s][debug][gc,phases      ] GC(112)     Total                          Min: 0, Avg:  0.0, Max: 0, Diff: 0, Sum: 0, Workers: 4
[154.501s][debug][gc,phases      ] GC(112)   Weak JFR Old Object Samples    Min:  0.0, Avg:  0.0, Max:  0.0, Diff:  0.0, Sum:  0.0, Workers: 4
[154.501s][debug][gc,phases      ] GC(112)     Dead                           Min: 0, Avg:  0.0, Max: 0, Diff: 0, Sum: 0, Workers: 4
[154.501s][debug][gc,phases      ] GC(112)     Total                          Min: 0, Avg:  0.0, Max: 0, Diff: 0, Sum: 0, Workers: 4
[154.501s][debug][gc,phases      ] GC(112) Weak Processing 0.344ms
[154.501s][debug][gc,age         ] GC(112) Desired survivor size 131072000 bytes, new threshold 15 (max threshold 15)
[154.501s][info ][gc,heap        ] GC(112) PSYoungGen: 1954800K(1966080K)->97856K(1950720K) Eden: 1852416K(1852416K)->0K(1852416K) From: 102384K(113664K)->97856K(98304K)
[154.501s][info ][gc,heap        ] GC(112) ParOldGen: 456526K(545280K)->460790K(545280K)
[154.501s][info ][gc,metaspace   ] GC(112) Metaspace: 81354K(82176K)->81354K(82176K) NonClass: 69869K(70336K)->69869K(70336K) Class: 11485K(11840K)->11485K(11840K)
[154.501s][info ][gc             ] GC(112) Pause Young (Allocation Failure) 2354M->545M(2437M) 24.142ms
[154.501s][info ][gc,cpu         ] GC(112) User=0.09s Sys=0.00s Real=0.02s
[154.501s][info ][safepoint      ] Safepoint "ParallelGCFailedAllocation", Time since last: 521423687 ns, Reaching safepoint: 45601 ns, At safepoint: 24240517 ns, Total: 24286118 ns
[155.501s][info ][safepoint      ] Safepoint "Cleanup", Time since last: 1000088482 ns, Reaching safepoint: 88502 ns, At safepoint: 8200 ns, Total: 96702 ns
[156.501s][info ][safepoint      ] Safepoint "Cleanup", Time since last: 1000109780 ns, Reaching safepoint: 43101 ns, At safepoint: 3800 ns, Total: 46901 ns
[157.501s][info ][safepoint      ] Safepoint "Cleanup", Time since last: 1000116978 ns, Reaching safepoint: 127404 ns, At safepoint: 11900 ns, Total: 139304 ns
[158.502s][info ][safepoint      ] Safepoint "Cleanup", Time since last: 1000110776 ns, Reaching safepoint: 50601 ns, At safepoint: 7601 ns, Total: 58202 ns
[159.502s][info ][safepoint      ] Safepoint "Cleanup", Time since last: 1000105274 ns, Reaching safepoint: 57501 ns, At safepoint: 8900 ns, Total: 66401 ns
[160.502s][info ][safepoint      ] Safepoint "Cleanup", Time since last: 1000071872 ns, Reaching safepoint: 51201 ns, At safepoint: 8300 ns, Total: 59501 ns
[162.502s][info ][safepoint      ] Safepoint "Cleanup", Time since last: 2000161638 ns, Reaching safepoint: 48001 ns, At safepoint: 6900 ns, Total: 54901 ns
[163.502s][info ][safepoint      ] Safepoint "Cleanup", Time since last: 1000110767 ns, Reaching safepoint: 44201 ns, At safepoint: 4800 ns, Total: 49001 ns
[164.503s][info ][safepoint      ] Safepoint "Cleanup", Time since last: 1000111965 ns, Reaching safepoint: 61102 ns, At safepoint: 14700 ns, Total: 75802 ns
[166.503s][info ][safepoint      ] Safepoint "Cleanup", Time since last: 2000176524 ns, Reaching safepoint: 50501 ns, At safepoint: 14900 ns, Total: 65401 ns
[170.503s][info ][safepoint      ] Safepoint "Cleanup", Time since last: 4000308323 ns, Reaching safepoint: 49002 ns, At safepoint: 4300 ns, Total: 53302 ns
[171.503s][info ][safepoint      ] Safepoint "Cleanup", Time since last: 1000140152 ns, Reaching safepoint: 58502 ns, At safepoint: 10600 ns, Total: 69102 ns
[172.504s][info ][safepoint      ] Safepoint "Cleanup", Time since last: 1000125551 ns, Reaching safepoint: 49501 ns, At safepoint: 6600 ns, Total: 56101 ns
[173.504s][info ][safepoint      ] Safepoint "Cleanup", Time since last: 1000118349 ns, Reaching safepoint: 47201 ns, At safepoint: 3100 ns, Total: 50301 ns
[174.504s][info ][safepoint      ] Safepoint "Cleanup", Time since last: 1000113447 ns, Reaching safepoint: 60501 ns, At safepoint: 4800 ns, Total: 65301 ns
[175.504s][info ][safepoint      ] Safepoint "Cleanup", Time since last: 1000106445 ns, Reaching safepoint: 49101 ns, At safepoint: 10200 ns, Total: 59301 ns
[176.504s][info ][safepoint      ] Safepoint "Cleanup", Time since last: 1000105643 ns, Reaching safepoint: 58202 ns, At safepoint: 5800 ns, Total: 64002 ns
[180.505s][info ][safepoint      ] Safepoint "Cleanup", Time since last: 4000256149 ns, Reaching safepoint: 80702 ns, At safepoint: 8900 ns, Total: 89602 ns
[181.505s][info ][safepoint      ] Safepoint "Cleanup", Time since last: 1000094333 ns, Reaching safepoint: 43302 ns, At safepoint: 3100 ns, Total: 46402 ns
[183.505s][info ][safepoint      ] Safepoint "Cleanup", Time since last: 2000177261 ns, Reaching safepoint: 49501 ns, At safepoint: 8300 ns, Total: 57801 ns
[185.505s][info ][safepoint      ] Safepoint "Cleanup", Time since last: 2000174654 ns, Reaching safepoint: 98703 ns, At safepoint: 13600 ns, Total: 112303 ns
[186.505s][info ][safepoint      ] Safepoint "Cleanup", Time since last: 1000138026 ns, Reaching safepoint: 58601 ns, At safepoint: 4901 ns, Total: 63502 ns
[187.506s][info ][safepoint      ] Safepoint "Cleanup", Time since last: 1000092622 ns, Reaching safepoint: 62102 ns, At safepoint: 5800 ns, Total: 67902 ns
[189.506s][info ][safepoint      ] Safepoint "Cleanup", Time since last: 2000175040 ns, Reaching safepoint: 52901 ns, At safepoint: 3800 ns, Total: 56701 ns
[190.506s][info ][safepoint      ] Safepoint "Cleanup", Time since last: 1000104218 ns, Reaching safepoint: 54401 ns, At safepoint: 5801 ns, Total: 60202 ns
[191.506s][info ][safepoint      ] Safepoint "Cleanup", Time since last: 1000100015 ns, Reaching safepoint: 47802 ns, At safepoint: 8200 ns, Total: 56002 ns
[192.506s][info ][safepoint      ] Safepoint "Cleanup", Time since last: 1000109914 ns, Reaching safepoint: 49501 ns, At safepoint: 6401 ns, Total: 55902 ns
[193.506s][info ][safepoint      ] Safepoint "Cleanup", Time since last: 1000104912 ns, Reaching safepoint: 46901 ns, At safepoint: 3400 ns, Total: 50301 ns
[194.507s][info ][safepoint      ] Safepoint "Cleanup", Time since last: 1000082310 ns, Reaching safepoint: 54902 ns, At safepoint: 4200 ns, Total: 59102 ns
[195.507s][info ][safepoint      ] Safepoint "Cleanup", Time since last: 1000113909 ns, Reaching safepoint: 48301 ns, At safepoint: 4100 ns, Total: 52401 ns
[196.507s][info ][safepoint      ] Safepoint "Cleanup", Time since last: 1000103508 ns, Reaching safepoint: 46901 ns, At safepoint: 4600 ns, Total: 51501 ns
[197.507s][info ][safepoint      ] Safepoint "Cleanup", Time since last: 1000109905 ns, Reaching safepoint: 57402 ns, At safepoint: 8300 ns, Total: 65702 ns
[198.507s][info ][safepoint      ] Safepoint "Cleanup", Time since last: 1000118504 ns, Reaching safepoint: 44101 ns, At safepoint: 3900 ns, Total: 48001 ns
[199.507s][info ][safepoint      ] Safepoint "Cleanup", Time since last: 1000109402 ns, Reaching safepoint: 46402 ns, At safepoint: 30700 ns, Total: 77102 ns
[200.508s][info ][safepoint      ] Safepoint "Cleanup", Time since last: 1000099600 ns, Reaching safepoint: 47502 ns, At safepoint: 5200 ns, Total: 52702 ns
[201.508s][info ][safepoint      ] Safepoint "Cleanup", Time since last: 1000104298 ns, Reaching safepoint: 60302 ns, At safepoint: 8900 ns, Total: 69202 ns
[202.508s][info ][safepoint      ] Safepoint "Cleanup", Time since last: 1000111597 ns, Reaching safepoint: 46701 ns, At safepoint: 4900 ns, Total: 51601 ns
[203.508s][info ][safepoint      ] Safepoint "Cleanup", Time since last: 1000130196 ns, Reaching safepoint: 53601 ns, At safepoint: 8201 ns, Total: 61802 ns
[206.508s][info ][safepoint      ] Safepoint "Cleanup", Time since last: 3000250073 ns, Reaching safepoint: 48101 ns, At safepoint: 4800 ns, Total: 52901 ns
[208.509s][info ][safepoint      ] Safepoint "Cleanup", Time since last: 2000171074 ns, Reaching safepoint: 99902 ns, At safepoint: 6201 ns, Total: 106103 ns
[209.509s][info ][safepoint      ] Safepoint "Cleanup", Time since last: 1000109584 ns, Reaching safepoint: 54602 ns, At safepoint: 8800 ns, Total: 63402 ns
[210.509s][info ][safepoint      ] Safepoint "Cleanup", Time since last: 1000106483 ns, Reaching safepoint: 50701 ns, At safepoint: 8701 ns, Total: 59402 ns
[211.509s][info ][safepoint      ] Safepoint "Cleanup", Time since last: 1000103681 ns, Reaching safepoint: 56701 ns, At safepoint: 11901 ns, Total: 68602 ns
[217.510s][info ][safepoint      ] Safepoint "Cleanup", Time since last: 6000456548 ns, Reaching safepoint: 59502 ns, At safepoint: 6500 ns, Total: 66002 ns
[218.510s][info ][safepoint      ] Safepoint "Cleanup", Time since last: 1000113570 ns, Reaching safepoint: 50001 ns, At safepoint: 7200 ns, Total: 57201 ns
[221.510s][info ][safepoint      ] Safepoint "Cleanup", Time since last: 3000246197 ns, Reaching safepoint: 48302 ns, At safepoint: 6100 ns, Total: 54402 ns
[222.510s][info ][safepoint      ] Safepoint "Cleanup", Time since last: 1000119263 ns, Reaching safepoint: 73102 ns, At safepoint: 6400 ns, Total: 79502 ns
[223.511s][info ][safepoint      ] Safepoint "Cleanup", Time since last: 1000121562 ns, Reaching safepoint: 69902 ns, At safepoint: 6900 ns, Total: 76802 ns
[225.511s][info ][safepoint      ] Safepoint "Cleanup", Time since last: 2000181417 ns, Reaching safepoint: 54901 ns, At safepoint: 6900 ns, Total: 61801 ns
[226.511s][info ][safepoint      ] Safepoint "Cleanup", Time since last: 1000112157 ns, Reaching safepoint: 52001 ns, At safepoint: 6000 ns, Total: 58001 ns
[228.390s][info ][safepoint      ] Safepoint "Cleanup", Time since last: 1878929934 ns, Reaching safepoint: 239106 ns, At safepoint: 15200 ns, Total: 254306 ns
[229.391s][info ][safepoint      ] Safepoint "Cleanup", Time since last: 1000134852 ns, Reaching safepoint: 174105 ns, At safepoint: 9500 ns, Total: 183605 ns
[230.391s][info ][safepoint      ] Safepoint "Cleanup", Time since last: 1000114050 ns, Reaching safepoint: 138504 ns, At safepoint: 9100 ns, Total: 147604 ns
[231.391s][info ][safepoint      ] Safepoint "Cleanup", Time since last: 1000125749 ns, Reaching safepoint: 138303 ns, At safepoint: 9801 ns, Total: 148104 ns
[232.391s][info ][safepoint      ] Safepoint "Cleanup", Time since last: 1000119947 ns, Reaching safepoint: 142403 ns, At safepoint: 9701 ns, Total: 152104 ns
[233.392s][info ][safepoint      ] Safepoint "Cleanup", Time since last: 1000130645 ns, Reaching safepoint: 131804 ns, At safepoint: 12800 ns, Total: 144604 ns
[234.392s][info ][safepoint      ] Safepoint "Cleanup", Time since last: 1000122644 ns, Reaching safepoint: 126803 ns, At safepoint: 8300 ns, Total: 135103 ns
[236.392s][info ][safepoint      ] Safepoint "Cleanup", Time since last: 2000246483 ns, Reaching safepoint: 122304 ns, At safepoint: 9100 ns, Total: 131404 ns
[239.393s][info ][safepoint      ] Safepoint "Cleanup", Time since last: 3000244809 ns, Reaching safepoint: 127803 ns, At safepoint: 10701 ns, Total: 138504 ns
[240.393s][info ][safepoint      ] Safepoint "Cleanup", Time since last: 1000103733 ns, Reaching safepoint: 126404 ns, At safepoint: 9700 ns, Total: 136104 ns
[241.393s][info ][safepoint      ] Safepoint "Cleanup", Time since last: 1000113332 ns, Reaching safepoint: 127803 ns, At safepoint: 13001 ns, Total: 140804 ns
[242.393s][info ][safepoint      ] Safepoint "Cleanup", Time since last: 1000142031 ns, Reaching safepoint: 128604 ns, At safepoint: 10600 ns, Total: 139204 ns
[244.394s][info ][safepoint      ] Safepoint "Cleanup", Time since last: 2000200156 ns, Reaching safepoint: 75702 ns, At safepoint: 11400 ns, Total: 87102 ns
[245.394s][info ][safepoint      ] Safepoint "Cleanup", Time since last: 1000116126 ns, Reaching safepoint: 117503 ns, At safepoint: 8201 ns, Total: 125704 ns
[246.394s][info ][safepoint      ] Safepoint "Cleanup", Time since last: 1000108624 ns, Reaching safepoint: 127003 ns, At safepoint: 11401 ns, Total: 138404 ns
[247.394s][info ][safepoint      ] Safepoint "Cleanup", Time since last: 1000132423 ns, Reaching safepoint: 67202 ns, At safepoint: 17800 ns, Total: 85002 ns
[248.006s][info ][gc,start       ] GC(113) Pause Young (Allocation Failure)
[248.029s][debug][gc,phases      ] GC(113) Scavenge 23.319ms
[248.029s][debug][gc,ref         ] GC(113) Skipped phase 1 of Reference Processing: no references
[248.029s][debug][gc,ref         ] GC(113) ReferenceProcessor::execute queues: 1, RefProcThreadModel::Single, marks_oops_alive: false
[248.029s][debug][gc,ref         ] GC(113) Skipped phase 3 of Reference Processing: no references
[248.029s][debug][gc,ref         ] GC(113) ReferenceProcessor::execute queues: 1, RefProcThreadModel::Single, marks_oops_alive: false
[248.029s][debug][gc,phases      ] GC(113) Reference Processing 0.203ms
[248.029s][debug][gc,phases      ] GC(113)   VM Weak                        Min:  0.0, Avg:  0.0, Max:  0.0, Diff:  0.0, Sum:  0.0, Workers: 4
[248.029s][debug][gc,phases      ] GC(113)     Dead                           Min: 0, Avg:  0.0, Max: 0, Diff: 0, Sum: 0, Workers: 4
[248.029s][debug][gc,phases      ] GC(113)     Total                          Min: 0, Avg: 165.2, Max: 576, Diff: 576, Sum: 661, Workers: 4
[248.029s][debug][gc,phases      ] GC(113)   ObjectSynchronizer Weak        Min:  0.0, Avg:  0.0, Max:  0.0, Diff:  0.0, Sum:  0.0, Workers: 4
[248.029s][debug][gc,phases      ] GC(113)     Dead                           Min: 0, Avg:  0.0, Max: 0, Diff: 0, Sum: 0, Workers: 4
[248.029s][debug][gc,phases      ] GC(113)     Total                          Min: 0, Avg: 100.2, Max: 192, Diff: 192, Sum: 401, Workers: 4
[248.029s][debug][gc,phases      ] GC(113)   JVMTI Tag Weak OopStorage      Min:  0.0, Avg:  0.0, Max:  0.0, Diff:  0.0, Sum:  0.0, Workers: 4
[248.029s][debug][gc,phases      ] GC(113)     Dead                           Min: 0, Avg:  0.0, Max: 0, Diff: 0, Sum: 0, Workers: 4
[248.029s][debug][gc,phases      ] GC(113)     Total                          Min: 0, Avg:  0.0, Max: 0, Diff: 0, Sum: 0, Workers: 4
[248.029s][debug][gc,phases      ] GC(113)   StringTable Weak               Min:  0.1, Avg:  0.1, Max:  0.1, Diff:  0.0, Sum:  0.5, Workers: 4
[248.030s][debug][gc,phases      ] GC(113)     Dead                           Min: 0, Avg:  0.2, Max: 1, Diff: 1, Sum: 1, Workers: 4
[248.030s][debug][gc,phases      ] GC(113)     Total                          Min: 9920, Avg: 11934.5, Max: 13434, Diff: 3514, Sum: 47738, Workers: 4
[248.030s][debug][gc,phases      ] GC(113)   ResolvedMethodTable Weak       Min:  0.0, Avg:  0.0, Max:  0.0, Diff:  0.0, Sum:  0.1, Workers: 4
[248.030s][debug][gc,phases      ] GC(113)     Dead                           Min: 0, Avg:  0.0, Max: 0, Diff: 0, Sum: 0, Workers: 4
[248.030s][debug][gc,phases      ] GC(113)     Total                          Min: 1811, Avg: 2020.8, Max: 2240, Diff: 429, Sum: 8083, Workers: 4
[248.030s][debug][gc,phases      ] GC(113)   JNI Weak                       Min:  0.0, Avg:  0.0, Max:  0.0, Diff:  0.0, Sum:  0.0, Workers: 4
[248.030s][debug][gc,phases      ] GC(113)     Dead                           Min: 0, Avg:  0.0, Max: 0, Diff: 0, Sum: 0, Workers: 4
[248.030s][debug][gc,phases      ] GC(113)     Total                          Min: 0, Avg:  0.0, Max: 0, Diff: 0, Sum: 0, Workers: 4
[248.030s][debug][gc,phases      ] GC(113)   StringDedup Table Weak         Min:  0.0, Avg:  0.0, Max:  0.0, Diff:  0.0, Sum:  0.0, Workers: 4
[248.030s][debug][gc,phases      ] GC(113)     Dead                           Min: 0, Avg:  0.0, Max: 0, Diff: 0, Sum: 0, Workers: 4
[248.030s][debug][gc,phases      ] GC(113)     Total                          Min: 0, Avg:  0.0, Max: 0, Diff: 0, Sum: 0, Workers: 4
[248.030s][debug][gc,phases      ] GC(113)   StringDedup Requests0 Weak     Min:  0.0, Avg:  0.0, Max:  0.0, Diff:  0.0, Sum:  0.0, Workers: 4
[248.030s][debug][gc,phases      ] GC(113)     Dead                           Min: 0, Avg:  0.0, Max: 0, Diff: 0, Sum: 0, Workers: 4
[248.030s][debug][gc,phases      ] GC(113)     Total                          Min: 0, Avg:  0.0, Max: 0, Diff: 0, Sum: 0, Workers: 4
[248.030s][debug][gc,phases      ] GC(113)   StringDedup Requests1 Weak     Min:  0.0, Avg:  0.0, Max:  0.0, Diff:  0.0, Sum:  0.0, Workers: 4
[248.030s][debug][gc,phases      ] GC(113)     Dead                           Min: 0, Avg:  0.0, Max: 0, Diff: 0, Sum: 0, Workers: 4
[248.030s][debug][gc,phases      ] GC(113)     Total                          Min: 0, Avg:  0.0, Max: 0, Diff: 0, Sum: 0, Workers: 4
[248.030s][debug][gc,phases      ] GC(113)   Weak JFR Old Object Samples    Min:  0.0, Avg:  0.0, Max:  0.0, Diff:  0.0, Sum:  0.0, Workers: 4
[248.030s][debug][gc,phases      ] GC(113)     Dead                           Min: 0, Avg:  0.0, Max: 0, Diff: 0, Sum: 0, Workers: 4
[248.030s][debug][gc,phases      ] GC(113)     Total                          Min: 0, Avg:  0.0, Max: 0, Diff: 0, Sum: 0, Workers: 4
[248.030s][debug][gc,phases      ] GC(113) Weak Processing 0.410ms
[248.030s][debug][gc,age         ] GC(113) Desired survivor size 133693440 bytes, new threshold 15 (max threshold 15)
[248.030s][info ][gc,heap        ] GC(113) PSYoungGen: 1950237K(1950720K)->93837K(1964032K) Eden: 1852380K(1852416K)->0K(1836032K) From: 97856K(98304K)->93837K(128000K)
[248.030s][info ][gc,heap        ] GC(113) ParOldGen: 460790K(545280K)->465558K(545280K)
[248.030s][info ][gc,metaspace   ] GC(113) Metaspace: 81712K(82560K)->81712K(82560K) NonClass: 70208K(70656K)->70208K(70656K) Class: 11503K(11904K)->11503K(11904K)
[248.030s][info ][gc             ] GC(113) Pause Young (Allocation Failure) 2354M->546M(2450M) 24.089ms
[248.030s][info ][gc,cpu         ] GC(113) User=0.09s Sys=0.00s Real=0.03s
[248.030s][info ][safepoint      ] Safepoint "ParallelGCFailedAllocation", Time since last: 611101972 ns, Reaching safepoint: 98603 ns, At safepoint: 24183412 ns, Total: 24282015 ns
[249.030s][info ][safepoint      ] Safepoint "Cleanup", Time since last: 1000092520 ns, Reaching safepoint: 45001 ns, At safepoint: 3800 ns, Total: 48801 ns
[251.030s][info ][safepoint      ] Safepoint "Cleanup", Time since last: 2000185135 ns, Reaching safepoint: 54701 ns, At safepoint: 9801 ns, Total: 64502 ns
[252.030s][info ][safepoint      ] Safepoint "Cleanup", Time since last: 1000110015 ns, Reaching safepoint: 44201 ns, At safepoint: 3700 ns, Total: 47901 ns
[254.030s][info ][safepoint      ] Safepoint "Cleanup", Time since last: 2000133225 ns, Reaching safepoint: 45501 ns, At safepoint: 3100 ns, Total: 48601 ns
[255.031s][info ][safepoint      ] Safepoint "Cleanup", Time since last: 1000107611 ns, Reaching safepoint: 43801 ns, At safepoint: 5600 ns, Total: 49401 ns
[256.031s][info ][safepoint      ] Safepoint "Cleanup", Time since last: 1000107909 ns, Reaching safepoint: 51301 ns, At safepoint: 7300 ns, Total: 58601 ns
[257.031s][info ][safepoint      ] Safepoint "Cleanup", Time since last: 1000106508 ns, Reaching safepoint: 56102 ns, At safepoint: 11500 ns, Total: 67602 ns
[261.031s][info ][safepoint      ] Safepoint "Cleanup", Time since last: 4000301712 ns, Reaching safepoint: 50201 ns, At safepoint: 7500 ns, Total: 57701 ns
[263.032s][info ][safepoint      ] Safepoint "Cleanup", Time since last: 2000179198 ns, Reaching safepoint: 51501 ns, At safepoint: 7600 ns, Total: 59101 ns
[264.032s][info ][safepoint      ] Safepoint "Cleanup", Time since last: 1000102597 ns, Reaching safepoint: 51601 ns, At safepoint: 6701 ns, Total: 58302 ns
[267.032s][info ][safepoint      ] Safepoint "Cleanup", Time since last: 3000234879 ns, Reaching safepoint: 43901 ns, At safepoint: 3600 ns, Total: 47501 ns
[271.032s][info ][safepoint      ] Safepoint "Cleanup", Time since last: 4000295051 ns, Reaching safepoint: 48501 ns, At safepoint: 3100 ns, Total: 51601 ns
[272.406s][info ][safepoint      ] Safepoint "Cleanup", Time since last: 1373785132 ns, Reaching safepoint: 42401 ns, At safepoint: 9300 ns, Total: 51701 ns
[273.406s][info ][safepoint      ] Safepoint "Cleanup", Time since last: 1000093883 ns, Reaching safepoint: 57101 ns, At safepoint: 5900 ns, Total: 63001 ns
[276.407s][info ][safepoint      ] Safepoint "Cleanup", Time since last: 3000236237 ns, Reaching safepoint: 55002 ns, At safepoint: 6600 ns, Total: 61602 ns
[278.407s][info ][safepoint      ] Safepoint "Cleanup", Time since last: 2000177651 ns, Reaching safepoint: 50701 ns, At safepoint: 6300 ns, Total: 57001 ns
[279.407s][info ][safepoint      ] Safepoint "Cleanup", Time since last: 1000108274 ns, Reaching safepoint: 38001 ns, At safepoint: 3900 ns, Total: 41901 ns
[281.407s][info ][safepoint      ] Safepoint "Cleanup", Time since last: 2000159142 ns, Reaching safepoint: 45701 ns, At safepoint: 8400 ns, Total: 54101 ns
[284.408s][info ][safepoint      ] Safepoint "Cleanup", Time since last: 3000228001 ns, Reaching safepoint: 70302 ns, At safepoint: 6300 ns, Total: 76602 ns
[285.408s][info ][safepoint      ] Safepoint "Cleanup", Time since last: 1000116165 ns, Reaching safepoint: 50901 ns, At safepoint: 5801 ns, Total: 56702 ns
[286.408s][info ][safepoint      ] Safepoint "Cleanup", Time since last: 1000082862 ns, Reaching safepoint: 111403 ns, At safepoint: 8700 ns, Total: 120103 ns
[287.408s][info ][safepoint      ] Safepoint "Cleanup", Time since last: 1000106862 ns, Reaching safepoint: 55402 ns, At safepoint: 6500 ns, Total: 61902 ns
[288.408s][info ][safepoint      ] Safepoint "Cleanup", Time since last: 1000111061 ns, Reaching safepoint: 57401 ns, At safepoint: 10400 ns, Total: 67801 ns
[289.408s][info ][safepoint      ] Safepoint "Cleanup", Time since last: 1000109159 ns, Reaching safepoint: 59202 ns, At safepoint: 8400 ns, Total: 67602 ns
[290.409s][info ][safepoint      ] Safepoint "Cleanup", Time since last: 1000139659 ns, Reaching safepoint: 45801 ns, At safepoint: 5600 ns, Total: 51401 ns
[292.409s][info ][safepoint      ] Safepoint "Cleanup", Time since last: 2000141509 ns, Reaching safepoint: 48201 ns, At safepoint: 4700 ns, Total: 52901 ns
[294.409s][info ][safepoint      ] Safepoint "Cleanup", Time since last: 2000165304 ns, Reaching safepoint: 47101 ns, At safepoint: 9400 ns, Total: 56501 ns
[295.409s][info ][safepoint      ] Safepoint "Cleanup", Time since last: 1000115551 ns, Reaching safepoint: 58401 ns, At safepoint: 6801 ns, Total: 65202 ns
[297.409s][info ][safepoint      ] Safepoint "Cleanup", Time since last: 2000167095 ns, Reaching safepoint: 55201 ns, At safepoint: 10701 ns, Total: 65902 ns
[299.411s][info ][safepoint      ] Safepoint "Cleanup", Time since last: 2001108213 ns, Reaching safepoint: 57501 ns, At safepoint: 5000 ns, Total: 62501 ns
[300.411s][info ][safepoint      ] Safepoint "Cleanup", Time since last: 1000112244 ns, Reaching safepoint: 50201 ns, At safepoint: 7700 ns, Total: 57901 ns
[301.411s][info ][safepoint      ] Safepoint "Cleanup", Time since last: 1000109442 ns, Reaching safepoint: 51901 ns, At safepoint: 11601 ns, Total: 63502 ns
[302.411s][info ][safepoint      ] Safepoint "Cleanup", Time since last: 1000118040 ns, Reaching safepoint: 48001 ns, At safepoint: 8901 ns, Total: 56902 ns
[304.411s][info ][safepoint      ] Safepoint "Cleanup", Time since last: 2000174975 ns, Reaching safepoint: 49301 ns, At safepoint: 17801 ns, Total: 67102 ns
[306.412s][info ][safepoint      ] Safepoint "Cleanup", Time since last: 2000183270 ns, Reaching safepoint: 61802 ns, At safepoint: 12400 ns, Total: 74202 ns
[307.412s][info ][safepoint      ] Safepoint "Cleanup", Time since last: 1000105933 ns, Reaching safepoint: 54502 ns, At safepoint: 4100 ns, Total: 58602 ns
[308.412s][info ][safepoint      ] Safepoint "Cleanup", Time since last: 1000108332 ns, Reaching safepoint: 52901 ns, At safepoint: 6000 ns, Total: 58901 ns
[311.412s][info ][safepoint      ] Safepoint "Cleanup", Time since last: 3000237585 ns, Reaching safepoint: 56302 ns, At safepoint: 11900 ns, Total: 68202 ns
[312.413s][info ][safepoint      ] Safepoint "Cleanup", Time since last: 1000129427 ns, Reaching safepoint: 53901 ns, At safepoint: 10500 ns, Total: 64401 ns
[313.413s][info ][safepoint      ] Safepoint "Cleanup", Time since last: 1000109725 ns, Reaching safepoint: 42902 ns, At safepoint: 3700 ns, Total: 46602 ns
[315.413s][info ][safepoint      ] Safepoint "Cleanup", Time since last: 2000166344 ns, Reaching safepoint: 55002 ns, At safepoint: 16000 ns, Total: 71002 ns
[316.413s][info ][safepoint      ] Safepoint "Cleanup", Time since last: 1000057019 ns, Reaching safepoint: 41201 ns, At safepoint: 3101 ns, Total: 44302 ns
[317.413s][info ][safepoint      ] Safepoint "Cleanup", Time since last: 1000109619 ns, Reaching safepoint: 67002 ns, At safepoint: 5900 ns, Total: 72902 ns
[319.244s][info ][safepoint      ] Safepoint "Cleanup", Time since last: 1831079570 ns, Reaching safepoint: 107303 ns, At safepoint: 10600 ns, Total: 117903 ns
[320.245s][info ][safepoint      ] Safepoint "Cleanup", Time since last: 1000104715 ns, Reaching safepoint: 117403 ns, At safepoint: 12501 ns, Total: 129904 ns
[321.245s][info ][safepoint      ] Safepoint "Cleanup", Time since last: 1000082313 ns, Reaching safepoint: 53602 ns, At safepoint: 7600 ns, Total: 61202 ns
[322.245s][info ][safepoint      ] Safepoint "Cleanup", Time since last: 1000117513 ns, Reaching safepoint: 121203 ns, At safepoint: 9800 ns, Total: 131003 ns
[323.245s][info ][safepoint      ] Safepoint "Cleanup", Time since last: 1000115012 ns, Reaching safepoint: 63701 ns, At safepoint: 9901 ns, Total: 73602 ns
[326.245s][info ][safepoint      ] Safepoint "Cleanup", Time since last: 3000241424 ns, Reaching safepoint: 41401 ns, At safepoint: 7200 ns, Total: 48601 ns
[327.246s][info ][safepoint      ] Safepoint "Cleanup", Time since last: 1000119506 ns, Reaching safepoint: 51101 ns, At safepoint: 8901 ns, Total: 60002 ns
[327.710s][info ][gc,start       ] GC(114) Pause Young (Allocation Failure)
[327.732s][debug][gc,phases      ] GC(114) Scavenge 21.890ms
[327.732s][debug][gc,ref         ] GC(114) Skipped phase 1 of Reference Processing: no references
[327.732s][debug][gc,ref         ] GC(114) ReferenceProcessor::execute queues: 1, RefProcThreadModel::Single, marks_oops_alive: false
[327.732s][debug][gc,ref         ] GC(114) Skipped phase 3 of Reference Processing: no references
[327.732s][debug][gc,ref         ] GC(114) ReferenceProcessor::execute queues: 1, RefProcThreadModel::Single, marks_oops_alive: false
[327.732s][debug][gc,phases      ] GC(114) Reference Processing 0.163ms
[327.733s][debug][gc,phases      ] GC(114)   VM Weak                        Min:  0.0, Avg:  0.0, Max:  0.0, Diff:  0.0, Sum:  0.0, Workers: 4
[327.733s][debug][gc,phases      ] GC(114)     Dead                           Min: 0, Avg:  0.0, Max: 0, Diff: 0, Sum: 0, Workers: 4
[327.733s][debug][gc,phases      ] GC(114)     Total                          Min: 0, Avg: 166.2, Max: 345, Diff: 345, Sum: 665, Workers: 4
[327.733s][debug][gc,phases      ] GC(114)   ObjectSynchronizer Weak        Min:  0.0, Avg:  0.0, Max:  0.0, Diff:  0.0, Sum:  0.0, Workers: 4
[327.733s][debug][gc,phases      ] GC(114)     Dead                           Min: 0, Avg:  0.0, Max: 0, Diff: 0, Sum: 0, Workers: 4
[327.733s][debug][gc,phases      ] GC(114)     Total                          Min: 0, Avg: 100.2, Max: 192, Diff: 192, Sum: 401, Workers: 4
[327.733s][debug][gc,phases      ] GC(114)   JVMTI Tag Weak OopStorage      Min:  0.0, Avg:  0.0, Max:  0.0, Diff:  0.0, Sum:  0.0, Workers: 4
[327.733s][debug][gc,phases      ] GC(114)     Dead                           Min: 0, Avg:  0.0, Max: 0, Diff: 0, Sum: 0, Workers: 4
[327.733s][debug][gc,phases      ] GC(114)     Total                          Min: 0, Avg:  0.0, Max: 0, Diff: 0, Sum: 0, Workers: 4
[327.733s][debug][gc,phases      ] GC(114)   StringTable Weak               Min:  0.1, Avg:  0.1, Max:  0.1, Diff:  0.0, Sum:  0.5, Workers: 4
[327.733s][debug][gc,phases      ] GC(114)     Dead                           Min: 0, Avg:  0.0, Max: 0, Diff: 0, Sum: 0, Workers: 4
[327.733s][debug][gc,phases      ] GC(114)     Total                          Min: 11306, Avg: 11962.5, Max: 12608, Diff: 1302, Sum: 47850, Workers: 4
[327.733s][debug][gc,phases      ] GC(114)   ResolvedMethodTable Weak       Min:  0.0, Avg:  0.0, Max:  0.0, Diff:  0.0, Sum:  0.1, Workers: 4
[327.733s][debug][gc,phases      ] GC(114)     Dead                           Min: 0, Avg:  4.5, Max: 18, Diff: 18, Sum: 18, Workers: 4
[327.733s][debug][gc,phases      ] GC(114)     Total                          Min: 1728, Avg: 2031.8, Max: 2367, Diff: 639, Sum: 8127, Workers: 4
[327.733s][debug][gc,phases      ] GC(114)   JNI Weak                       Min:  0.0, Avg:  0.0, Max:  0.0, Diff:  0.0, Sum:  0.0, Workers: 4
[327.733s][debug][gc,phases      ] GC(114)     Dead                           Min: 0, Avg:  0.0, Max: 0, Diff: 0, Sum: 0, Workers: 4
[327.733s][debug][gc,phases      ] GC(114)     Total                          Min: 0, Avg:  0.0, Max: 0, Diff: 0, Sum: 0, Workers: 4
[327.733s][debug][gc,phases      ] GC(114)   StringDedup Table Weak         Min:  0.0, Avg:  0.0, Max:  0.0, Diff:  0.0, Sum:  0.0, Workers: 4
[327.733s][debug][gc,phases      ] GC(114)     Dead                           Min: 0, Avg:  0.0, Max: 0, Diff: 0, Sum: 0, Workers: 4
[327.733s][debug][gc,phases      ] GC(114)     Total                          Min: 0, Avg:  0.0, Max: 0, Diff: 0, Sum: 0, Workers: 4
[327.733s][debug][gc,phases      ] GC(114)   StringDedup Requests0 Weak     Min:  0.0, Avg:  0.0, Max:  0.0, Diff:  0.0, Sum:  0.0, Workers: 4
[327.733s][debug][gc,phases      ] GC(114)     Dead                           Min: 0, Avg:  0.0, Max: 0, Diff: 0, Sum: 0, Workers: 4
[327.733s][debug][gc,phases      ] GC(114)     Total                          Min: 0, Avg:  0.0, Max: 0, Diff: 0, Sum: 0, Workers: 4
[327.733s][debug][gc,phases      ] GC(114)   StringDedup Requests1 Weak     Min:  0.0, Avg:  0.0, Max:  0.0, Diff:  0.0, Sum:  0.0, Workers: 4
[327.733s][debug][gc,phases      ] GC(114)     Dead                           Min: 0, Avg:  0.0, Max: 0, Diff: 0, Sum: 0, Workers: 4
[327.733s][debug][gc,phases      ] GC(114)     Total                          Min: 0, Avg:  0.0, Max: 0, Diff: 0, Sum: 0, Workers: 4
[327.733s][debug][gc,phases      ] GC(114)   Weak JFR Old Object Samples    Min:  0.0, Avg:  0.0, Max:  0.0, Diff:  0.0, Sum:  0.0, Workers: 4
[327.733s][debug][gc,phases      ] GC(114)     Dead                           Min: 0, Avg:  0.0, Max: 0, Diff: 0, Sum: 0, Workers: 4
[327.733s][debug][gc,phases      ] GC(114)     Total                          Min: 0, Avg:  0.0, Max: 0, Diff: 0, Sum: 0, Workers: 4
[327.733s][debug][gc,phases      ] GC(114) Weak Processing 0.339ms
[327.733s][debug][gc,age         ] GC(114) Desired survivor size 134742016 bytes, new threshold 15 (max threshold 15)
[327.733s][info ][gc,heap        ] GC(114) PSYoungGen: 1929869K(1964032K)->90688K(1927168K) Eden: 1836032K(1836032K)->0K(1836032K) From: 93837K(128000K)->90688K(91136K)
[327.733s][info ][gc,heap        ] GC(114) ParOldGen: 465558K(545280K)->468331K(545280K)
[327.733s][info ][gc,metaspace   ] GC(114) Metaspace: 81953K(82816K)->81953K(82816K) NonClass: 70427K(70912K)->70427K(70912K) Class: 11525K(11904K)->11525K(11904K)
[327.733s][info ][gc             ] GC(114) Pause Young (Allocation Failure) 2339M->545M(2414M) 22.523ms
[327.733s][info ][gc,cpu         ] GC(114) User=0.09s Sys=0.00s Real=0.02s
[327.733s][info ][safepoint      ] Safepoint "ParallelGCFailedAllocation", Time since last: 464461405 ns, Reaching safepoint: 32001 ns, At safepoint: 22610270 ns, Total: 22642271 ns
[329.733s][info ][safepoint      ] Safepoint "Cleanup", Time since last: 2000137404 ns, Reaching safepoint: 50802 ns, At safepoint: 8800 ns, Total: 59602 ns
[330.733s][info ][safepoint      ] Safepoint "Cleanup", Time since last: 1000109401 ns, Reaching safepoint: 108703 ns, At safepoint: 7900 ns, Total: 116603 ns
[331.733s][info ][safepoint      ] Safepoint "Cleanup", Time since last: 1000116500 ns, Reaching safepoint: 51002 ns, At safepoint: 8900 ns, Total: 59902 ns
[332.734s][info ][safepoint      ] Safepoint "Cleanup", Time since last: 1000107099 ns, Reaching safepoint: 52901 ns, At safepoint: 3300 ns, Total: 56201 ns
[333.734s][info ][safepoint      ] Safepoint "Cleanup", Time since last: 1000094297 ns, Reaching safepoint: 52801 ns, At safepoint: 14801 ns, Total: 67602 ns
[335.734s][info ][safepoint      ] Safepoint "Cleanup", Time since last: 2000161289 ns, Reaching safepoint: 47401 ns, At safepoint: 8400 ns, Total: 55801 ns
[336.734s][info ][safepoint      ] Safepoint "Cleanup", Time since last: 1000095793 ns, Reaching safepoint: 46901 ns, At safepoint: 7901 ns, Total: 54802 ns
[338.734s][info ][safepoint      ] Safepoint "Cleanup", Time since last: 2000165881 ns, Reaching safepoint: 58701 ns, At safepoint: 14001 ns, Total: 72702 ns
[341.735s][info ][safepoint      ] Safepoint "Cleanup", Time since last: 3000237962 ns, Reaching safepoint: 46601 ns, At safepoint: 9000 ns, Total: 55601 ns
[342.735s][info ][safepoint      ] Safepoint "Cleanup", Time since last: 1000112986 ns, Reaching safepoint: 44601 ns, At safepoint: 3300 ns, Total: 47901 ns
[343.735s][info ][safepoint      ] Safepoint "Cleanup", Time since last: 1000062983 ns, Reaching safepoint: 49201 ns, At safepoint: 13100 ns, Total: 62301 ns
[344.735s][info ][safepoint      ] Safepoint "Cleanup", Time since last: 1000106983 ns, Reaching safepoint: 47501 ns, At safepoint: 13001 ns, Total: 60502 ns
[345.735s][info ][safepoint      ] Safepoint "Cleanup", Time since last: 1000106481 ns, Reaching safepoint: 51901 ns, At safepoint: 11301 ns, Total: 63202 ns
[350.736s][info ][safepoint      ] Safepoint "Cleanup", Time since last: 5000379184 ns, Reaching safepoint: 44101 ns, At safepoint: 7700 ns, Total: 51801 ns
[351.736s][info ][safepoint      ] Safepoint "Cleanup", Time since last: 1000113074 ns, Reaching safepoint: 60601 ns, At safepoint: 9100 ns, Total: 69701 ns
[352.736s][info ][safepoint      ] Safepoint "Cleanup", Time since last: 1000119273 ns, Reaching safepoint: 56102 ns, At safepoint: 9400 ns, Total: 65502 ns
[354.736s][info ][safepoint      ] Safepoint "Cleanup", Time since last: 2000180040 ns, Reaching safepoint: 134903 ns, At safepoint: 14301 ns, Total: 149204 ns
[355.737s][info ][safepoint      ] Safepoint "Cleanup", Time since last: 1000116968 ns, Reaching safepoint: 122403 ns, At safepoint: 11401 ns, Total: 133804 ns
[358.737s][info ][safepoint      ] Safepoint "Cleanup", Time since last: 3000245496 ns, Reaching safepoint: 119703 ns, At safepoint: 6400 ns, Total: 126103 ns
[359.737s][info ][safepoint      ] Safepoint "Cleanup", Time since last: 1000067062 ns, Reaching safepoint: 129904 ns, At safepoint: 11800 ns, Total: 141704 ns
[360.737s][info ][safepoint      ] Safepoint "Cleanup", Time since last: 1000124463 ns, Reaching safepoint: 123503 ns, At safepoint: 17500 ns, Total: 141003 ns
[361.738s][info ][safepoint      ] Safepoint "Cleanup", Time since last: 1000126762 ns, Reaching safepoint: 121703 ns, At safepoint: 6100 ns, Total: 127803 ns
[362.738s][info ][safepoint      ] Safepoint "Cleanup", Time since last: 1000125360 ns, Reaching safepoint: 133703 ns, At safepoint: 11301 ns, Total: 145004 ns
[363.738s][info ][safepoint      ] Safepoint "Cleanup", Time since last: 1000136459 ns, Reaching safepoint: 130803 ns, At safepoint: 9700 ns, Total: 140503 ns
[364.739s][info ][safepoint      ] Safepoint "Cleanup", Time since last: 1000116658 ns, Reaching safepoint: 125403 ns, At safepoint: 10900 ns, Total: 136303 ns
[365.739s][info ][safepoint      ] Safepoint "Cleanup", Time since last: 1000124356 ns, Reaching safepoint: 122303 ns, At safepoint: 12001 ns, Total: 134304 ns
[366.739s][info ][safepoint      ] Safepoint "Cleanup", Time since last: 1000135555 ns, Reaching safepoint: 124003 ns, At safepoint: 8300 ns, Total: 132303 ns
[367.739s][info ][safepoint      ] Safepoint "Cleanup", Time since last: 1000126754 ns, Reaching safepoint: 124503 ns, At safepoint: 11901 ns, Total: 136404 ns
[372.740s][info ][safepoint      ] Safepoint "Cleanup", Time since last: 5000413245 ns, Reaching safepoint: 128103 ns, At safepoint: 11100 ns, Total: 139203 ns
[378.740s][info ][safepoint      ] Safepoint "Cleanup", Time since last: 6000506154 ns, Reaching safepoint: 130804 ns, At safepoint: 11200 ns, Total: 142004 ns
[379.741s][info ][safepoint      ] Safepoint "Cleanup", Time since last: 1000123539 ns, Reaching safepoint: 126703 ns, At safepoint: 11700 ns, Total: 138403 ns
[380.741s][info ][safepoint      ] Safepoint "Cleanup", Time since last: 1000115638 ns, Reaching safepoint: 128103 ns, At safepoint: 7500 ns, Total: 135603 ns
[381.741s][info ][safepoint      ] Safepoint "Cleanup", Time since last: 1000125437 ns, Reaching safepoint: 123103 ns, At safepoint: 9800 ns, Total: 132903 ns
[382.742s][info ][safepoint      ] Safepoint "Cleanup", Time since last: 1000116135 ns, Reaching safepoint: 155904 ns, At safepoint: 8901 ns, Total: 164805 ns
[383.742s][info ][safepoint      ] Safepoint "Cleanup", Time since last: 1000120534 ns, Reaching safepoint: 145703 ns, At safepoint: 11501 ns, Total: 157204 ns
[384.742s][info ][safepoint      ] Safepoint "Cleanup", Time since last: 1000123032 ns, Reaching safepoint: 149204 ns, At safepoint: 9100 ns, Total: 158304 ns
[385.742s][info ][safepoint      ] Safepoint "Cleanup", Time since last: 1000134632 ns, Reaching safepoint: 143704 ns, At safepoint: 8200 ns, Total: 151904 ns
[386.743s][info ][safepoint      ] Safepoint "Cleanup", Time since last: 1000127531 ns, Reaching safepoint: 127803 ns, At safepoint: 10500 ns, Total: 138303 ns
[387.743s][info ][safepoint      ] Safepoint "Cleanup", Time since last: 1000123730 ns, Reaching safepoint: 139803 ns, At safepoint: 10000 ns, Total: 149803 ns
[388.743s][info ][safepoint      ] Safepoint "Cleanup", Time since last: 1000120828 ns, Reaching safepoint: 133204 ns, At safepoint: 15600 ns, Total: 148804 ns
[389.743s][info ][safepoint      ] Safepoint "Cleanup", Time since last: 1000098226 ns, Reaching safepoint: 51002 ns, At safepoint: 4600 ns, Total: 55602 ns
[390.744s][info ][safepoint      ] Safepoint "Cleanup", Time since last: 1000117825 ns, Reaching safepoint: 59302 ns, At safepoint: 3700 ns, Total: 63002 ns
[391.744s][info ][safepoint      ] Safepoint "Cleanup", Time since last: 1000106324 ns, Reaching safepoint: 65502 ns, At safepoint: 4100 ns, Total: 69602 ns
[393.744s][info ][safepoint      ] Safepoint "Cleanup", Time since last: 2000168943 ns, Reaching safepoint: 52002 ns, At safepoint: 3500 ns, Total: 55502 ns
[394.744s][info ][safepoint      ] Safepoint "Cleanup", Time since last: 1000116021 ns, Reaching safepoint: 60501 ns, At safepoint: 4600 ns, Total: 65101 ns
[395.744s][info ][safepoint      ] Safepoint "Cleanup", Time since last: 1000121920 ns, Reaching safepoint: 54601 ns, At safepoint: 4000 ns, Total: 58601 ns
[396.745s][info ][safepoint      ] Safepoint "Cleanup", Time since last: 1000112119 ns, Reaching safepoint: 79902 ns, At safepoint: 9400 ns, Total: 89302 ns
[397.745s][info ][safepoint      ] Safepoint "Cleanup", Time since last: 1000112517 ns, Reaching safepoint: 59102 ns, At safepoint: 8600 ns, Total: 67702 ns
[399.745s][info ][safepoint      ] Safepoint "Cleanup", Time since last: 2000183730 ns, Reaching safepoint: 46801 ns, At safepoint: 3800 ns, Total: 50601 ns
[401.745s][info ][safepoint      ] Safepoint "Cleanup", Time since last: 2000156224 ns, Reaching safepoint: 115703 ns, At safepoint: 13800 ns, Total: 129503 ns
[402.745s][info ][safepoint      ] Safepoint "Cleanup", Time since last: 1000114812 ns, Reaching safepoint: 39801 ns, At safepoint: 4000 ns, Total: 43801 ns
[403.746s][info ][safepoint      ] Safepoint "Cleanup", Time since last: 1000118910 ns, Reaching safepoint: 119903 ns, At safepoint: 9300 ns, Total: 129203 ns
[404.746s][info ][safepoint      ] Safepoint "Cleanup", Time since last: 1000056908 ns, Reaching safepoint: 45701 ns, At safepoint: 3900 ns, Total: 49601 ns
[405.746s][info ][safepoint      ] Safepoint "Cleanup", Time since last: 1000099108 ns, Reaching safepoint: 51901 ns, At safepoint: 6900 ns, Total: 58801 ns
[406.746s][info ][safepoint      ] Safepoint "Cleanup", Time since last: 1000122007 ns, Reaching safepoint: 56701 ns, At safepoint: 3801 ns, Total: 60502 ns
[408.746s][info ][safepoint      ] Safepoint "Cleanup", Time since last: 2000195909 ns, Reaching safepoint: 46301 ns, At safepoint: 3400 ns, Total: 49701 ns
[409.688s][info ][gc,start       ] GC(115) Pause Young (Allocation Failure)
[409.713s][debug][gc,phases      ] GC(115) Scavenge 24.339ms
[409.713s][debug][gc,ref         ] GC(115) Skipped phase 1 of Reference Processing: no references
[409.713s][debug][gc,ref         ] GC(115) ReferenceProcessor::execute queues: 1, RefProcThreadModel::Single, marks_oops_alive: false
[409.713s][debug][gc,ref         ] GC(115) Skipped phase 3 of Reference Processing: no references
[409.713s][debug][gc,ref         ] GC(115) ReferenceProcessor::execute queues: 1, RefProcThreadModel::Single, marks_oops_alive: false
[409.713s][debug][gc,phases      ] GC(115) Reference Processing 0.148ms
[409.713s][debug][gc,phases      ] GC(115)   VM Weak                        Min:  0.0, Avg:  0.0, Max:  0.0, Diff:  0.0, Sum:  0.0, Workers: 4
[409.713s][debug][gc,phases      ] GC(115)     Dead                           Min: 0, Avg:  0.0, Max: 0, Diff: 0, Sum: 0, Workers: 4
[409.713s][debug][gc,phases      ] GC(115)     Total                          Min: 0, Avg: 168.5, Max: 384, Diff: 384, Sum: 674, Workers: 4
[409.713s][debug][gc,phases      ] GC(115)   ObjectSynchronizer Weak        Min:  0.0, Avg:  0.0, Max:  0.0, Diff:  0.0, Sum:  0.0, Workers: 4
[409.713s][debug][gc,phases      ] GC(115)     Dead                           Min: 0, Avg:  0.0, Max: 0, Diff: 0, Sum: 0, Workers: 4
[409.713s][debug][gc,phases      ] GC(115)     Total                          Min: 0, Avg: 100.2, Max: 192, Diff: 192, Sum: 401, Workers: 4
[409.713s][debug][gc,phases      ] GC(115)   JVMTI Tag Weak OopStorage      Min:  0.0, Avg:  0.0, Max:  0.0, Diff:  0.0, Sum:  0.0, Workers: 4
[409.713s][debug][gc,phases      ] GC(115)     Dead                           Min: 0, Avg:  0.0, Max: 0, Diff: 0, Sum: 0, Workers: 4
[409.713s][debug][gc,phases      ] GC(115)     Total                          Min: 0, Avg:  0.0, Max: 0, Diff: 0, Sum: 0, Workers: 4
[409.713s][debug][gc,phases      ] GC(115)   StringTable Weak               Min:  0.1, Avg:  0.1, Max:  0.1, Diff:  0.0, Sum:  0.5, Workers: 4
[409.713s][debug][gc,phases      ] GC(115)     Dead                           Min: 0, Avg:  0.0, Max: 0, Diff: 0, Sum: 0, Workers: 4
[409.713s][debug][gc,phases      ] GC(115)     Total                          Min: 11264, Avg: 11976.8, Max: 13539, Diff: 2275, Sum: 47907, Workers: 4
[409.713s][debug][gc,phases      ] GC(115)   ResolvedMethodTable Weak       Min:  0.0, Avg:  0.0, Max:  0.0, Diff:  0.0, Sum:  0.1, Workers: 4
[409.713s][debug][gc,phases      ] GC(115)     Dead                           Min: 0, Avg:  0.0, Max: 0, Diff: 0, Sum: 0, Workers: 4
[409.713s][debug][gc,phases      ] GC(115)     Total                          Min: 1839, Avg: 2043.8, Max: 2304, Diff: 465, Sum: 8175, Workers: 4
[409.713s][debug][gc,phases      ] GC(115)   JNI Weak                       Min:  0.0, Avg:  0.0, Max:  0.0, Diff:  0.0, Sum:  0.0, Workers: 4
[409.713s][debug][gc,phases      ] GC(115)     Dead                           Min: 0, Avg:  0.0, Max: 0, Diff: 0, Sum: 0, Workers: 4
[409.713s][debug][gc,phases      ] GC(115)     Total                          Min: 0, Avg:  0.0, Max: 0, Diff: 0, Sum: 0, Workers: 4
[409.713s][debug][gc,phases      ] GC(115)   StringDedup Table Weak         Min:  0.0, Avg:  0.0, Max:  0.0, Diff:  0.0, Sum:  0.0, Workers: 4
[409.713s][debug][gc,phases      ] GC(115)     Dead                           Min: 0, Avg:  0.0, Max: 0, Diff: 0, Sum: 0, Workers: 4
[409.713s][debug][gc,phases      ] GC(115)     Total                          Min: 0, Avg:  0.0, Max: 0, Diff: 0, Sum: 0, Workers: 4
[409.713s][debug][gc,phases      ] GC(115)   StringDedup Requests0 Weak     Min:  0.0, Avg:  0.0, Max:  0.0, Diff:  0.0, Sum:  0.0, Workers: 4
[409.713s][debug][gc,phases      ] GC(115)     Dead                           Min: 0, Avg:  0.0, Max: 0, Diff: 0, Sum: 0, Workers: 4
[409.713s][debug][gc,phases      ] GC(115)     Total                          Min: 0, Avg:  0.0, Max: 0, Diff: 0, Sum: 0, Workers: 4
[409.713s][debug][gc,phases      ] GC(115)   StringDedup Requests1 Weak     Min:  0.0, Avg:  0.0, Max:  0.0, Diff:  0.0, Sum:  0.0, Workers: 4
[409.713s][debug][gc,phases      ] GC(115)     Dead                           Min: 0, Avg:  0.0, Max: 0, Diff: 0, Sum: 0, Workers: 4
[409.713s][debug][gc,phases      ] GC(115)     Total                          Min: 0, Avg:  0.0, Max: 0, Diff: 0, Sum: 0, Workers: 4
[409.713s][debug][gc,phases      ] GC(115)   Weak JFR Old Object Samples    Min:  0.0, Avg:  0.0, Max:  0.0, Diff:  0.0, Sum:  0.0, Workers: 4
[409.713s][debug][gc,phases      ] GC(115)     Dead                           Min: 0, Avg:  0.0, Max: 0, Diff: 0, Sum: 0, Workers: 4
[409.713s][debug][gc,phases      ] GC(115)     Total                          Min: 0, Avg:  0.0, Max: 0, Diff: 0, Sum: 0, Workers: 4
[409.713s][debug][gc,phases      ] GC(115) Weak Processing 0.370ms
[409.713s][debug][gc,age         ] GC(115) Desired survivor size 133169152 bytes, new threshold 15 (max threshold 15)
[409.713s][info ][gc,heap        ] GC(115) PSYoungGen: 1926720K(1927168K)->86432K(1967104K) Eden: 1836032K(1836032K)->0K(1835520K) From: 90688K(91136K)->86432K(131584K)
[409.713s][info ][gc,heap        ] GC(115) ParOldGen: 468331K(545280K)->472699K(545280K)
[409.713s][info ][gc,metaspace   ] GC(115) Metaspace: 82202K(83072K)->82202K(83072K) NonClass: 70651K(71104K)->70651K(71104K) Class: 11550K(11968K)->11550K(11968K)
[409.713s][info ][gc             ] GC(115) Pause Young (Allocation Failure) 2338M->546M(2453M) 24.998ms
[409.713s][info ][gc,cpu         ] GC(115) User=0.10s Sys=0.00s Real=0.02s
[409.713s][info ][safepoint      ] Safepoint "ParallelGCFailedAllocation", Time since last: 941755538 ns, Reaching safepoint: 115203 ns, At safepoint: 25089030 ns, Total: 25204233 ns
[410.713s][info ][safepoint      ] Safepoint "Cleanup", Time since last: 1000088501 ns, Reaching safepoint: 47902 ns, At safepoint: 5400 ns, Total: 53302 ns
[412.714s][info ][safepoint      ] Safepoint "Cleanup", Time since last: 2000180299 ns, Reaching safepoint: 45602 ns, At safepoint: 7700 ns, Total: 53302 ns
[414.548s][info ][safepoint      ] Safepoint "Cleanup", Time since last: 1834091527 ns, Reaching safepoint: 96102 ns, At safepoint: 30801 ns, Total: 126903 ns
[416.548s][info ][safepoint      ] Safepoint "Cleanup", Time since last: 2000182491 ns, Reaching safepoint: 69202 ns, At safepoint: 11700 ns, Total: 80902 ns
[418.548s][info ][safepoint      ] Safepoint "Cleanup", Time since last: 2000178486 ns, Reaching safepoint: 48902 ns, At safepoint: 9400 ns, Total: 58302 ns
[419.600s][info ][safepoint      ] Safepoint "Cleanup", Time since last: 1052011894 ns, Reaching safepoint: 91802 ns, At safepoint: 8900 ns, Total: 100702 ns
[420.601s][info ][safepoint      ] Safepoint "Cleanup", Time since last: 1000121791 ns, Reaching safepoint: 53402 ns, At safepoint: 12300 ns, Total: 65702 ns
[421.601s][info ][safepoint      ] Safepoint "Cleanup", Time since last: 1000107890 ns, Reaching safepoint: 51501 ns, At safepoint: 5800 ns, Total: 57301 ns
[422.601s][info ][safepoint      ] Safepoint "Cleanup", Time since last: 1000106089 ns, Reaching safepoint: 81002 ns, At safepoint: 7200 ns, Total: 88202 ns
[423.601s][info ][safepoint      ] Safepoint "Cleanup", Time since last: 1000111987 ns, Reaching safepoint: 55002 ns, At safepoint: 7600 ns, Total: 62602 ns
[424.601s][info ][safepoint      ] Safepoint "Cleanup", Time since last: 1000103686 ns, Reaching safepoint: 75702 ns, At safepoint: 8200 ns, Total: 83902 ns
[425.602s][info ][safepoint      ] Safepoint "Cleanup", Time since last: 1000104785 ns, Reaching safepoint: 63902 ns, At safepoint: 10900 ns, Total: 74802 ns
[428.602s][info ][safepoint      ] Safepoint "Cleanup", Time since last: 3000186445 ns, Reaching safepoint: 47601 ns, At safepoint: 7801 ns, Total: 55402 ns
[429.602s][info ][safepoint      ] Safepoint "Cleanup", Time since last: 1000105180 ns, Reaching safepoint: 60402 ns, At safepoint: 5200 ns, Total: 65602 ns
[430.602s][info ][safepoint      ] Safepoint "Cleanup", Time since last: 1000124680 ns, Reaching safepoint: 53001 ns, At safepoint: 9100 ns, Total: 62101 ns
[432.602s][info ][safepoint      ] Safepoint "Cleanup", Time since last: 2000174555 ns, Reaching safepoint: 41301 ns, At safepoint: 3400 ns, Total: 44701 ns
[435.603s][info ][safepoint      ] Safepoint "Cleanup", Time since last: 3000189522 ns, Reaching safepoint: 57302 ns, At safepoint: 9200 ns, Total: 66502 ns
[436.603s][info ][safepoint      ] Safepoint "Cleanup", Time since last: 1000107473 ns, Reaching safepoint: 68602 ns, At safepoint: 12200 ns, Total: 80802 ns
[437.603s][info ][safepoint      ] Safepoint "Cleanup", Time since last: 1000108572 ns, Reaching safepoint: 48001 ns, At safepoint: 13701 ns, Total: 61702 ns
[438.603s][info ][safepoint      ] Safepoint "Cleanup", Time since last: 1000113071 ns, Reaching safepoint: 50201 ns, At safepoint: 6000 ns, Total: 56201 ns
[439.603s][info ][safepoint      ] Safepoint "Cleanup", Time since last: 1000114470 ns, Reaching safepoint: 49901 ns, At safepoint: 6900 ns, Total: 56801 ns
[440.604s][info ][safepoint      ] Safepoint "Cleanup", Time since last: 1000109069 ns, Reaching safepoint: 59501 ns, At safepoint: 9101 ns, Total: 68602 ns
[441.604s][info ][safepoint      ] Safepoint "Cleanup", Time since last: 1000113267 ns, Reaching safepoint: 46202 ns, At safepoint: 4600 ns, Total: 50802 ns
[442.604s][info ][safepoint      ] Safepoint "Cleanup", Time since last: 1000109766 ns, Reaching safepoint: 57302 ns, At safepoint: 7100 ns, Total: 64402 ns
[445.604s][info ][safepoint      ] Safepoint "Cleanup", Time since last: 3000228590 ns, Reaching safepoint: 39301 ns, At safepoint: 3600 ns, Total: 42901 ns
[446.604s][info ][safepoint      ] Safepoint "Cleanup", Time since last: 1000110763 ns, Reaching safepoint: 116903 ns, At safepoint: 7100 ns, Total: 124003 ns
[447.605s][info ][safepoint      ] Safepoint "Cleanup", Time since last: 1000111361 ns, Reaching safepoint: 45401 ns, At safepoint: 4300 ns, Total: 49701 ns
[449.605s][info ][safepoint      ] Safepoint "Cleanup", Time since last: 2000163818 ns, Reaching safepoint: 45801 ns, At safepoint: 4400 ns, Total: 50201 ns
[453.605s][info ][safepoint      ] Safepoint "Cleanup", Time since last: 4000287622 ns, Reaching safepoint: 48501 ns, At safepoint: 8900 ns, Total: 57401 ns
[454.605s][info ][safepoint      ] Safepoint "Cleanup", Time since last: 1000114054 ns, Reaching safepoint: 54302 ns, At safepoint: 8500 ns, Total: 62802 ns
[455.605s][info ][safepoint      ] Safepoint "Cleanup", Time since last: 1000115853 ns, Reaching safepoint: 45901 ns, At safepoint: 6300 ns, Total: 52201 ns
[458.606s][info ][safepoint      ] Safepoint "Cleanup", Time since last: 3000234449 ns, Reaching safepoint: 50302 ns, At safepoint: 6300 ns, Total: 56602 ns
[462.606s][info ][safepoint      ] Safepoint "Cleanup", Time since last: 4000280084 ns, Reaching safepoint: 47501 ns, At safepoint: 8400 ns, Total: 55901 ns
[464.606s][info ][safepoint      ] Safepoint "Cleanup", Time since last: 2000162486 ns, Reaching safepoint: 43401 ns, At safepoint: 7700 ns, Total: 51101 ns
[465.606s][info ][safepoint      ] Safepoint "Cleanup", Time since last: 1000111543 ns, Reaching safepoint: 44701 ns, At safepoint: 3500 ns, Total: 48201 ns
[473.607s][info ][safepoint      ] Safepoint "Cleanup", Time since last: 8000506492 ns, Reaching safepoint: 39901 ns, At safepoint: 3100 ns, Total: 43001 ns
[477.607s][info ][safepoint      ] Safepoint "Cleanup", Time since last: 4000291823 ns, Reaching safepoint: 53201 ns, At safepoint: 10200 ns, Total: 63401 ns
[479.608s][info ][safepoint      ] Safepoint "Cleanup", Time since last: 2000163356 ns, Reaching safepoint: 50901 ns, At safepoint: 13200 ns, Total: 64101 ns
[482.608s][info ][safepoint      ] Safepoint "Cleanup", Time since last: 3000172275 ns, Reaching safepoint: 46801 ns, At safepoint: 5000 ns, Total: 51801 ns
[483.608s][info ][safepoint      ] Safepoint "Cleanup", Time since last: 1000132225 ns, Reaching safepoint: 50101 ns, At safepoint: 9200 ns, Total: 59301 ns
[484.608s][info ][safepoint      ] Safepoint "Cleanup", Time since last: 1000129624 ns, Reaching safepoint: 42601 ns, At safepoint: 5900 ns, Total: 48501 ns
[486.608s][info ][safepoint      ] Safepoint "Cleanup", Time since last: 2000176542 ns, Reaching safepoint: 47401 ns, At safepoint: 3900 ns, Total: 51301 ns
[490.609s][info ][safepoint      ] Safepoint "Cleanup", Time since last: 4000297371 ns, Reaching safepoint: 43701 ns, At safepoint: 4300 ns, Total: 48001 ns
[492.609s][info ][safepoint      ] Safepoint "Cleanup", Time since last: 2000175430 ns, Reaching safepoint: 51802 ns, At safepoint: 10400 ns, Total: 62202 ns
[493.609s][info ][safepoint      ] Safepoint "Cleanup", Time since last: 1000146715 ns, Reaching safepoint: 54701 ns, At safepoint: 11201 ns, Total: 65902 ns
[495.391s][info ][gc,start       ] GC(116) Pause Young (Allocation Failure)
[495.411s][debug][gc,phases      ] GC(116) Scavenge 19.777ms
[495.411s][debug][gc,ref         ] GC(116) Skipped phase 1 of Reference Processing: no references
[495.411s][debug][gc,ref         ] GC(116) ReferenceProcessor::execute queues: 1, RefProcThreadModel::Single, marks_oops_alive: false
[495.411s][debug][gc,ref         ] GC(116) Skipped phase 3 of Reference Processing: no references
[495.411s][debug][gc,ref         ] GC(116) ReferenceProcessor::execute queues: 1, RefProcThreadModel::Single, marks_oops_alive: false
[495.411s][debug][gc,phases      ] GC(116) Reference Processing 0.154ms
[495.412s][debug][gc,phases      ] GC(116)   VM Weak                        Min:  0.0, Avg:  0.0, Max:  0.0, Diff:  0.0, Sum:  0.0, Workers: 4
[495.412s][debug][gc,phases      ] GC(116)     Dead                           Min: 0, Avg:  0.0, Max: 0, Diff: 0, Sum: 0, Workers: 4
[495.412s][debug][gc,phases      ] GC(116)     Total                          Min: 0, Avg: 170.5, Max: 554, Diff: 554, Sum: 682, Workers: 4
[495.412s][debug][gc,phases      ] GC(116)   ObjectSynchronizer Weak        Min:  0.0, Avg:  0.0, Max:  0.0, Diff:  0.0, Sum:  0.0, Workers: 4
[495.412s][debug][gc,phases      ] GC(116)     Dead                           Min: 0, Avg:  0.0, Max: 0, Diff: 0, Sum: 0, Workers: 4
[495.412s][debug][gc,phases      ] GC(116)     Total                          Min: 0, Avg: 100.2, Max: 256, Diff: 256, Sum: 401, Workers: 4
[495.412s][debug][gc,phases      ] GC(116)   JVMTI Tag Weak OopStorage      Min:  0.0, Avg:  0.0, Max:  0.0, Diff:  0.0, Sum:  0.0, Workers: 4
[495.412s][debug][gc,phases      ] GC(116)     Dead                           Min: 0, Avg:  0.0, Max: 0, Diff: 0, Sum: 0, Workers: 4
[495.412s][debug][gc,phases      ] GC(116)     Total                          Min: 0, Avg:  0.0, Max: 0, Diff: 0, Sum: 0, Workers: 4
[495.412s][debug][gc,phases      ] GC(116)   StringTable Weak               Min:  0.1, Avg:  0.1, Max:  0.1, Diff:  0.0, Sum:  0.5, Workers: 4
[495.412s][debug][gc,phases      ] GC(116)     Dead                           Min: 0, Avg:  0.0, Max: 0, Diff: 0, Sum: 0, Workers: 4
[495.412s][debug][gc,phases      ] GC(116)     Total                          Min: 10112, Avg: 11988.0, Max: 12928, Diff: 2816, Sum: 47952, Workers: 4
[495.412s][debug][gc,phases      ] GC(116)   ResolvedMethodTable Weak       Min:  0.0, Avg:  0.0, Max:  0.0, Diff:  0.0, Sum:  0.1, Workers: 4
[495.412s][debug][gc,phases      ] GC(116)     Dead                           Min: 0, Avg:  0.0, Max: 0, Diff: 0, Sum: 0, Workers: 4
[495.412s][debug][gc,phases      ] GC(116)     Total                          Min: 1728, Avg: 2055.0, Max: 2432, Diff: 704, Sum: 8220, Workers: 4
[495.412s][debug][gc,phases      ] GC(116)   JNI Weak                       Min:  0.0, Avg:  0.0, Max:  0.0, Diff:  0.0, Sum:  0.0, Workers: 4
[495.412s][debug][gc,phases      ] GC(116)     Dead                           Min: 0, Avg:  0.0, Max: 0, Diff: 0, Sum: 0, Workers: 4
[495.412s][debug][gc,phases      ] GC(116)     Total                          Min: 0, Avg:  0.0, Max: 0, Diff: 0, Sum: 0, Workers: 4
[495.412s][debug][gc,phases      ] GC(116)   StringDedup Table Weak         Min:  0.0, Avg:  0.0, Max:  0.0, Diff:  0.0, Sum:  0.0, Workers: 4
[495.412s][debug][gc,phases      ] GC(116)     Dead                           Min: 0, Avg:  0.0, Max: 0, Diff: 0, Sum: 0, Workers: 4
[495.412s][debug][gc,phases      ] GC(116)     Total                          Min: 0, Avg:  0.0, Max: 0, Diff: 0, Sum: 0, Workers: 4
[495.412s][debug][gc,phases      ] GC(116)   StringDedup Requests0 Weak     Min:  0.0, Avg:  0.0, Max:  0.0, Diff:  0.0, Sum:  0.0, Workers: 4
[495.412s][debug][gc,phases      ] GC(116)     Dead                           Min: 0, Avg:  0.0, Max: 0, Diff: 0, Sum: 0, Workers: 4
[495.412s][debug][gc,phases      ] GC(116)     Total                          Min: 0, Avg:  0.0, Max: 0, Diff: 0, Sum: 0, Workers: 4
[495.412s][debug][gc,phases      ] GC(116)   StringDedup Requests1 Weak     Min:  0.0, Avg:  0.0, Max:  0.0, Diff:  0.0, Sum:  0.0, Workers: 4
[495.412s][debug][gc,phases      ] GC(116)     Dead                           Min: 0, Avg:  0.0, Max: 0, Diff: 0, Sum: 0, Workers: 4
[495.412s][debug][gc,phases      ] GC(116)     Total                          Min: 0, Avg:  0.0, Max: 0, Diff: 0, Sum: 0, Workers: 4
[495.412s][debug][gc,phases      ] GC(116)   Weak JFR Old Object Samples    Min:  0.0, Avg:  0.0, Max:  0.0, Diff:  0.0, Sum:  0.0, Workers: 4
[495.412s][debug][gc,phases      ] GC(116)     Dead                           Min: 0, Avg:  0.0, Max: 0, Diff: 0, Sum: 0, Workers: 4
[495.412s][debug][gc,phases      ] GC(116)     Total                          Min: 0, Avg:  0.0, Max: 0, Diff: 0, Sum: 0, Workers: 4
[495.412s][debug][gc,phases      ] GC(116) Weak Processing 0.349ms
[495.412s][debug][gc,age         ] GC(116) Desired survivor size 130023424 bytes, new threshold 15 (max threshold 15)
[495.412s][info ][gc,heap        ] GC(116) PSYoungGen: 1921952K(1967104K)->82816K(1965568K) Eden: 1835520K(1835520K)->0K(1835520K) From: 86432K(131584K)->82816K(130048K)
[495.412s][info ][gc,heap        ] GC(116) ParOldGen: 472699K(545280K)->477059K(545280K)
[495.412s][info ][gc,metaspace   ] GC(116) Metaspace: 82403K(83264K)->82403K(83264K) NonClass: 70834K(71296K)->70834K(71296K) Class: 11568K(11968K)->11568K(11968K)
[495.412s][info ][gc             ] GC(116) Pause Young (Allocation Failure) 2338M->546M(2452M) 20.447ms
[495.412s][info ][gc,cpu         ] GC(116) User=0.08s Sys=0.00s Real=0.02s
[495.412s][info ][safepoint      ] Safepoint "ParallelGCFailedAllocation", Time since last: 1782143371 ns, Reaching safepoint: 49201 ns, At safepoint: 20530314 ns, Total: 20579515 ns
[496.412s][info ][safepoint      ] Safepoint "Cleanup", Time since last: 1000082311 ns, Reaching safepoint: 49201 ns, At safepoint: 6400 ns, Total: 55601 ns
[499.412s][info ][safepoint      ] Safepoint "Cleanup", Time since last: 3000157824 ns, Reaching safepoint: 46401 ns, At safepoint: 8001 ns, Total: 54402 ns
[503.413s][info ][safepoint      ] Safepoint "Cleanup", Time since last: 4000292721 ns, Reaching safepoint: 44001 ns, At safepoint: 4100 ns, Total: 48101 ns
[506.413s][info ][safepoint      ] Safepoint "Cleanup", Time since last: 3000188005 ns, Reaching safepoint: 56801 ns, At safepoint: 9400 ns, Total: 66201 ns
[507.413s][info ][safepoint      ] Safepoint "Cleanup", Time since last: 1000077500 ns, Reaching safepoint: 59802 ns, At safepoint: 16400 ns, Total: 76202 ns
[508.413s][info ][safepoint      ] Safepoint "Cleanup", Time since last: 1000114200 ns, Reaching safepoint: 58502 ns, At safepoint: 11000 ns, Total: 69502 ns
[511.413s][info ][safepoint      ] Safepoint "Cleanup", Time since last: 3000228092 ns, Reaching safepoint: 44801 ns, At safepoint: 8000 ns, Total: 52801 ns
[512.414s][info ][safepoint      ] Safepoint "Cleanup", Time since last: 1000108796 ns, Reaching safepoint: 43701 ns, At safepoint: 4100 ns, Total: 47801 ns
[513.414s][info ][safepoint      ] Safepoint "Cleanup", Time since last: 1000108496 ns, Reaching safepoint: 48701 ns, At safepoint: 3500 ns, Total: 52201 ns
[520.414s][info ][safepoint      ] Safepoint "Cleanup", Time since last: 7000472533 ns, Reaching safepoint: 48401 ns, At safepoint: 3700 ns, Total: 52101 ns
[523.532s][info ][safepoint      ] Safepoint "Cleanup", Time since last: 3117529889 ns, Reaching safepoint: 60801 ns, At safepoint: 6300 ns, Total: 67101 ns
[528.840s][info ][safepoint      ] Safepoint "Cleanup", Time since last: 5308449306 ns, Reaching safepoint: 119103 ns, At safepoint: 6700 ns, Total: 125803 ns
[531.841s][info ][safepoint      ] Safepoint "Cleanup", Time since last: 3000258736 ns, Reaching safepoint: 134003 ns, At safepoint: 6601 ns, Total: 140604 ns
[534.841s][info ][safepoint      ] Safepoint "Cleanup", Time since last: 3000269827 ns, Reaching safepoint: 127904 ns, At safepoint: 9000 ns, Total: 136904 ns
[536.842s][info ][safepoint      ] Safepoint "Cleanup", Time since last: 2000173547 ns, Reaching safepoint: 129003 ns, At safepoint: 13801 ns, Total: 142804 ns
[538.842s][info ][safepoint      ] Safepoint "Cleanup", Time since last: 2000186844 ns, Reaching safepoint: 120503 ns, At safepoint: 6500 ns, Total: 127003 ns
[539.842s][info ][safepoint      ] Safepoint "Cleanup", Time since last: 1000108371 ns, Reaching safepoint: 120103 ns, At safepoint: 5900 ns, Total: 126003 ns
[545.843s][info ][safepoint      ] Safepoint "Cleanup", Time since last: 6000427502 ns, Reaching safepoint: 127103 ns, At safepoint: 7800 ns, Total: 134903 ns
[547.843s][info ][safepoint      ] Safepoint "Cleanup", Time since last: 2000189728 ns, Reaching safepoint: 59102 ns, At safepoint: 5500 ns, Total: 64602 ns
[549.193s][info ][safepoint      ] Safepoint "Cleanup", Time since last: 1349653387 ns, Reaching safepoint: 169805 ns, At safepoint: 13200 ns, Total: 183005 ns
[550.193s][info ][safepoint      ] Safepoint "Cleanup", Time since last: 1000119962 ns, Reaching safepoint: 46401 ns, At safepoint: 3600 ns, Total: 50001 ns
[551.193s][info ][safepoint      ] Safepoint "Cleanup", Time since last: 1000106761 ns, Reaching safepoint: 62002 ns, At safepoint: 10700 ns, Total: 72702 ns
[553.193s][info ][safepoint      ] Safepoint "Cleanup", Time since last: 2000177219 ns, Reaching safepoint: 48701 ns, At safepoint: 8000 ns, Total: 56701 ns
[556.194s][info ][safepoint      ] Safepoint "Cleanup", Time since last: 3000268471 ns, Reaching safepoint: 54501 ns, At safepoint: 8401 ns, Total: 62902 ns
[557.194s][info ][safepoint      ] Safepoint "Cleanup", Time since last: 1000110655 ns, Reaching safepoint: 47802 ns, At safepoint: 3400 ns, Total: 51202 ns
[558.194s][info ][safepoint      ] Safepoint "Cleanup", Time since last: 1000111255 ns, Reaching safepoint: 47901 ns, At safepoint: 7900 ns, Total: 55801 ns
[559.194s][info ][safepoint      ] Safepoint "Cleanup", Time since last: 1000058953 ns, Reaching safepoint: 49801 ns, At safepoint: 6600 ns, Total: 56401 ns
[560.194s][info ][safepoint      ] Safepoint "Cleanup", Time since last: 1000111654 ns, Reaching safepoint: 46301 ns, At safepoint: 4300 ns, Total: 50601 ns
[561.194s][info ][safepoint      ] Safepoint "Cleanup", Time since last: 1000115953 ns, Reaching safepoint: 56201 ns, At safepoint: 10800 ns, Total: 67001 ns
[570.195s][info ][safepoint      ] Safepoint "Cleanup", Time since last: 9000685026 ns, Reaching safepoint: 52501 ns, At safepoint: 6100 ns, Total: 58601 ns
[578.196s][info ][safepoint      ] Safepoint "Cleanup", Time since last: 8000593621 ns, Reaching safepoint: 52102 ns, At safepoint: 4600 ns, Total: 56702 ns
[581.196s][info ][safepoint      ] Safepoint "Cleanup", Time since last: 3000242307 ns, Reaching safepoint: 48101 ns, At safepoint: 7100 ns, Total: 55201 ns
[583.764s][info ][gc,start       ] GC(117) Pause Young (Allocation Failure)
[583.784s][debug][gc,phases      ] GC(117) Scavenge 20.087ms
[583.784s][debug][gc,ref         ] GC(117) Skipped phase 1 of Reference Processing: no references
[583.784s][debug][gc,ref         ] GC(117) ReferenceProcessor::execute queues: 1, RefProcThreadModel::Single, marks_oops_alive: false
[583.784s][debug][gc,ref         ] GC(117) Skipped phase 3 of Reference Processing: no references
[583.784s][debug][gc,ref         ] GC(117) ReferenceProcessor::execute queues: 1, RefProcThreadModel::Single, marks_oops_alive: false
[583.784s][debug][gc,phases      ] GC(117) Reference Processing 0.161ms
[583.785s][debug][gc,phases      ] GC(117)   VM Weak                        Min:  0.0, Avg:  0.0, Max:  0.0, Diff:  0.0, Sum:  0.0, Workers: 4
[583.785s][debug][gc,phases      ] GC(117)     Dead                           Min: 0, Avg:  0.0, Max: 0, Diff: 0, Sum: 0, Workers: 4
[583.785s][debug][gc,phases      ] GC(117)     Total                          Min: 0, Avg: 170.5, Max: 576, Diff: 576, Sum: 682, Workers: 4
[583.785s][debug][gc,phases      ] GC(117)   ObjectSynchronizer Weak        Min:  0.0, Avg:  0.0, Max:  0.0, Diff:  0.0, Sum:  0.0, Workers: 4
[583.785s][debug][gc,phases      ] GC(117)     Dead                           Min: 0, Avg:  0.0, Max: 0, Diff: 0, Sum: 0, Workers: 4
[583.785s][debug][gc,phases      ] GC(117)     Total                          Min: 0, Avg: 100.2, Max: 209, Diff: 209, Sum: 401, Workers: 4
[583.785s][debug][gc,phases      ] GC(117)   JVMTI Tag Weak OopStorage      Min:  0.0, Avg:  0.0, Max:  0.0, Diff:  0.0, Sum:  0.0, Workers: 4
[583.785s][debug][gc,phases      ] GC(117)     Dead                           Min: 0, Avg:  0.0, Max: 0, Diff: 0, Sum: 0, Workers: 4
[583.785s][debug][gc,phases      ] GC(117)     Total                          Min: 0, Avg:  0.0, Max: 0, Diff: 0, Sum: 0, Workers: 4
[583.785s][debug][gc,phases      ] GC(117)   StringTable Weak               Min:  0.1, Avg:  0.1, Max:  0.1, Diff:  0.0, Sum:  0.5, Workers: 4
[583.785s][debug][gc,phases      ] GC(117)     Dead                           Min: 0, Avg:  0.0, Max: 0, Diff: 0, Sum: 0, Workers: 4
[583.785s][debug][gc,phases      ] GC(117)     Total                          Min: 11301, Avg: 11993.2, Max: 12608, Diff: 1307, Sum: 47973, Workers: 4
[583.785s][debug][gc,phases      ] GC(117)   ResolvedMethodTable Weak       Min:  0.0, Avg:  0.0, Max:  0.0, Diff:  0.0, Sum:  0.1, Workers: 4
[583.785s][debug][gc,phases      ] GC(117)     Dead                           Min: 0, Avg:  0.0, Max: 0, Diff: 0, Sum: 0, Workers: 4
[583.785s][debug][gc,phases      ] GC(117)     Total                          Min: 1772, Avg: 1980.0, Max: 2427, Diff: 655, Sum: 7920, Workers: 4
[583.785s][debug][gc,phases      ] GC(117)   JNI Weak                       Min:  0.0, Avg:  0.0, Max:  0.0, Diff:  0.0, Sum:  0.0, Workers: 4
[583.785s][debug][gc,phases      ] GC(117)     Dead                           Min: 0, Avg:  0.0, Max: 0, Diff: 0, Sum: 0, Workers: 4
[583.785s][debug][gc,phases      ] GC(117)     Total                          Min: 0, Avg:  0.0, Max: 0, Diff: 0, Sum: 0, Workers: 4
[583.785s][debug][gc,phases      ] GC(117)   StringDedup Table Weak         Min:  0.0, Avg:  0.0, Max:  0.0, Diff:  0.0, Sum:  0.0, Workers: 4
[583.785s][debug][gc,phases      ] GC(117)     Dead                           Min: 0, Avg:  0.0, Max: 0, Diff: 0, Sum: 0, Workers: 4
[583.785s][debug][gc,phases      ] GC(117)     Total                          Min: 0, Avg:  0.0, Max: 0, Diff: 0, Sum: 0, Workers: 4
[583.785s][debug][gc,phases      ] GC(117)   StringDedup Requests0 Weak     Min:  0.0, Avg:  0.0, Max:  0.0, Diff:  0.0, Sum:  0.0, Workers: 4
[583.785s][debug][gc,phases      ] GC(117)     Dead                           Min: 0, Avg:  0.0, Max: 0, Diff: 0, Sum: 0, Workers: 4
[583.785s][debug][gc,phases      ] GC(117)     Total                          Min: 0, Avg:  0.0, Max: 0, Diff: 0, Sum: 0, Workers: 4
[583.785s][debug][gc,phases      ] GC(117)   StringDedup Requests1 Weak     Min:  0.0, Avg:  0.0, Max:  0.0, Diff:  0.0, Sum:  0.0, Workers: 4
[583.785s][debug][gc,phases      ] GC(117)     Dead                           Min: 0, Avg:  0.0, Max: 0, Diff: 0, Sum: 0, Workers: 4
[583.785s][debug][gc,phases      ] GC(117)     Total                          Min: 0, Avg:  0.0, Max: 0, Diff: 0, Sum: 0, Workers: 4
[583.785s][debug][gc,phases      ] GC(117)   Weak JFR Old Object Samples    Min:  0.0, Avg:  0.0, Max:  0.0, Diff:  0.0, Sum:  0.0, Workers: 4
[583.785s][debug][gc,phases      ] GC(117)     Dead                           Min: 0, Avg:  0.0, Max: 0, Diff: 0, Sum: 0, Workers: 4
[583.785s][debug][gc,phases      ] GC(117)     Total                          Min: 0, Avg:  0.0, Max: 0, Diff: 0, Sum: 0, Workers: 4
[583.785s][debug][gc,phases      ] GC(117) Weak Processing 0.348ms
[583.785s][debug][gc,age         ] GC(117) Desired survivor size 125304832 bytes, new threshold 15 (max threshold 15)
[583.785s][info ][gc,heap        ] GC(117) PSYoungGen: 1918336K(1965568K)->76656K(1974784K) Eden: 1835520K(1835520K)->0K(1847808K) From: 82816K(130048K)->76656K(126976K)
[583.785s][info ][gc,heap        ] GC(117) ParOldGen: 477059K(545280K)->483031K(545280K)
[583.785s][info ][gc,metaspace   ] GC(117) Metaspace: 82439K(83264K)->82439K(83264K) NonClass: 70870K(71296K)->70870K(71296K) Class: 11568K(11968K)->11568K(11968K)
[583.785s][info ][gc             ] GC(117) Pause Young (Allocation Failure) 2339M->546M(2461M) 20.763ms
[583.785s][info ][gc,cpu         ] GC(117) User=0.08s Sys=0.00s Real=0.02s
[583.785s][info ][safepoint      ] Safepoint "ParallelGCFailedAllocation", Time since last: 2567811620 ns, Reaching safepoint: 46001 ns, At safepoint: 20850920 ns, Total: 20896921 ns
[584.785s][info ][safepoint      ] Safepoint "Cleanup", Time since last: 1000084132 ns, Reaching safepoint: 44901 ns, At safepoint: 8600 ns, Total: 53501 ns
[585.785s][info ][safepoint      ] Safepoint "Cleanup", Time since last: 1000094631 ns, Reaching safepoint: 30201 ns, At safepoint: 7200 ns, Total: 37401 ns
[588.785s][info ][safepoint      ] Safepoint "Cleanup", Time since last: 3000200088 ns, Reaching safepoint: 43401 ns, At safepoint: 3200 ns, Total: 46601 ns
[589.786s][info ][safepoint      ] Safepoint "Cleanup", Time since last: 1000109629 ns, Reaching safepoint: 47501 ns, At safepoint: 10600 ns, Total: 58101 ns
[593.786s][info ][safepoint      ] Safepoint "Cleanup", Time since last: 4000300903 ns, Reaching safepoint: 44201 ns, At safepoint: 10600 ns, Total: 54801 ns
[598.786s][info ][safepoint      ] Safepoint "Cleanup", Time since last: 5000385311 ns, Reaching safepoint: 118303 ns, At safepoint: 5700 ns, Total: 124003 ns
[599.787s][info ][safepoint      ] Safepoint "Cleanup", Time since last: 1000110321 ns, Reaching safepoint: 122203 ns, At safepoint: 38101 ns, Total: 160304 ns
[601.787s][info ][safepoint      ] Safepoint "Cleanup", Time since last: 2000177138 ns, Reaching safepoint: 128303 ns, At safepoint: 13000 ns, Total: 141303 ns
[602.787s][info ][safepoint      ] Safepoint "Cleanup", Time since last: 1000117019 ns, Reaching safepoint: 123903 ns, At safepoint: 12000 ns, Total: 135903 ns
[605.788s][info ][safepoint      ] Safepoint "Cleanup", Time since last: 3000258148 ns, Reaching safepoint: 133604 ns, At safepoint: 7200 ns, Total: 140804 ns
[614.789s][info ][safepoint      ] Safepoint "Cleanup", Time since last: 9000682100 ns, Reaching safepoint: 125803 ns, At safepoint: 14001 ns, Total: 139804 ns
[617.789s][info ][safepoint      ] Safepoint "Cleanup", Time since last: 3000265020 ns, Reaching safepoint: 129903 ns, At safepoint: 12401 ns, Total: 142304 ns
[622.789s][info ][safepoint      ] Safepoint "Cleanup", Time since last: 5000378517 ns, Reaching safepoint: 135103 ns, At safepoint: 13201 ns, Total: 148304 ns
[625.790s][info ][safepoint      ] Safepoint "Cleanup", Time since last: 3000247501 ns, Reaching safepoint: 127104 ns, At safepoint: 12300 ns, Total: 139404 ns
[627.790s][info ][safepoint      ] Safepoint "Cleanup", Time since last: 2000199498 ns, Reaching safepoint: 128603 ns, At safepoint: 10201 ns, Total: 138804 ns
[630.791s][info ][safepoint      ] Safepoint "Cleanup", Time since last: 3000258790 ns, Reaching safepoint: 139304 ns, At safepoint: 11200 ns, Total: 150504 ns
[632.791s][info ][safepoint      ] Safepoint "Cleanup", Time since last: 2000180290 ns, Reaching safepoint: 133704 ns, At safepoint: 9600 ns, Total: 143304 ns
[635.791s][info ][safepoint      ] Safepoint "Cleanup", Time since last: 3000272680 ns, Reaching safepoint: 139303 ns, At safepoint: 11901 ns, Total: 151204 ns
[643.792s][info ][safepoint      ] Safepoint "Cleanup", Time since last: 8000650112 ns, Reaching safepoint: 125603 ns, At safepoint: 10900 ns, Total: 136503 ns
[646.792s][info ][safepoint      ] Safepoint "Cleanup", Time since last: 3000249555 ns, Reaching safepoint: 50702 ns, At safepoint: 9500 ns, Total: 60202 ns
[647.793s][info ][safepoint      ] Safepoint "Cleanup", Time since last: 1000123184 ns, Reaching safepoint: 52802 ns, At safepoint: 8600 ns, Total: 61402 ns
[650.793s][info ][safepoint      ] Safepoint "Cleanup", Time since last: 3000240546 ns, Reaching safepoint: 53102 ns, At safepoint: 8100 ns, Total: 61202 ns
[652.793s][info ][safepoint      ] Safepoint "Cleanup", Time since last: 2000185461 ns, Reaching safepoint: 55601 ns, At safepoint: 13301 ns, Total: 68902 ns
[656.794s][info ][safepoint      ] Safepoint "Cleanup", Time since last: 4000267811 ns, Reaching safepoint: 115603 ns, At safepoint: 6000 ns, Total: 121603 ns
[657.794s][info ][safepoint      ] Safepoint "Cleanup", Time since last: 1000117977 ns, Reaching safepoint: 112903 ns, At safepoint: 8000 ns, Total: 120903 ns
[677.013s][info ][gc,start       ] GC(118) Pause Young (Allocation Failure)
[677.031s][debug][gc,phases      ] GC(118) Scavenge 17.947ms
[677.031s][debug][gc,ref         ] GC(118) Skipped phase 1 of Reference Processing: no references
[677.031s][debug][gc,ref         ] GC(118) ReferenceProcessor::execute queues: 1, RefProcThreadModel::Single, marks_oops_alive: false
[677.031s][debug][gc,ref         ] GC(118) Skipped phase 3 of Reference Processing: no references
[677.031s][debug][gc,ref         ] GC(118) ReferenceProcessor::execute queues: 1, RefProcThreadModel::Single, marks_oops_alive: false
[677.031s][debug][gc,phases      ] GC(118) Reference Processing 0.181ms
[677.031s][debug][gc,phases      ] GC(118)   VM Weak                        Min:  0.0, Avg:  0.0, Max:  0.0, Diff:  0.0, Sum:  0.0, Workers: 4
[677.031s][debug][gc,phases      ] GC(118)     Dead                           Min: 0, Avg:  0.0, Max: 0, Diff: 0, Sum: 0, Workers: 4
[677.031s][debug][gc,phases      ] GC(118)     Total                          Min: 0, Avg: 171.5, Max: 448, Diff: 448, Sum: 686, Workers: 4
[677.031s][debug][gc,phases      ] GC(118)   ObjectSynchronizer Weak        Min:  0.0, Avg:  0.0, Max:  0.0, Diff:  0.0, Sum:  0.0, Workers: 4
[677.031s][debug][gc,phases      ] GC(118)     Dead                           Min: 0, Avg:  0.0, Max: 0, Diff: 0, Sum: 0, Workers: 4
[677.031s][debug][gc,phases      ] GC(118)     Total                          Min: 0, Avg: 100.2, Max: 145, Diff: 145, Sum: 401, Workers: 4
[677.031s][debug][gc,phases      ] GC(118)   JVMTI Tag Weak OopStorage      Min:  0.0, Avg:  0.0, Max:  0.0, Diff:  0.0, Sum:  0.0, Workers: 4
[677.031s][debug][gc,phases      ] GC(118)     Dead                           Min: 0, Avg:  0.0, Max: 0, Diff: 0, Sum: 0, Workers: 4
[677.031s][debug][gc,phases      ] GC(118)     Total                          Min: 0, Avg:  0.0, Max: 0, Diff: 0, Sum: 0, Workers: 4
[677.031s][debug][gc,phases      ] GC(118)   StringTable Weak               Min:  0.1, Avg:  0.1, Max:  0.1, Diff:  0.0, Sum:  0.5, Workers: 4
[677.031s][debug][gc,phases      ] GC(118)     Dead                           Min: 0, Avg:  0.0, Max: 0, Diff: 0, Sum: 0, Workers: 4
[677.031s][debug][gc,phases      ] GC(118)     Total                          Min: 11328, Avg: 11996.5, Max: 12352, Diff: 1024, Sum: 47986, Workers: 4
[677.031s][debug][gc,phases      ] GC(118)   ResolvedMethodTable Weak       Min:  0.0, Avg:  0.0, Max:  0.0, Diff:  0.0, Sum:  0.1, Workers: 4
[677.031s][debug][gc,phases      ] GC(118)     Dead                           Min: 0, Avg:  0.0, Max: 0, Diff: 0, Sum: 0, Workers: 4
[677.031s][debug][gc,phases      ] GC(118)     Total                          Min: 1561, Avg: 1982.5, Max: 2635, Diff: 1074, Sum: 7930, Workers: 4
[677.031s][debug][gc,phases      ] GC(118)   JNI Weak                       Min:  0.0, Avg:  0.0, Max:  0.0, Diff:  0.0, Sum:  0.0, Workers: 4
[677.031s][debug][gc,phases      ] GC(118)     Dead                           Min: 0, Avg:  0.0, Max: 0, Diff: 0, Sum: 0, Workers: 4
[677.031s][debug][gc,phases      ] GC(118)     Total                          Min: 0, Avg:  0.0, Max: 0, Diff: 0, Sum: 0, Workers: 4
[677.031s][debug][gc,phases      ] GC(118)   StringDedup Table Weak         Min:  0.0, Avg:  0.0, Max:  0.0, Diff:  0.0, Sum:  0.0, Workers: 4
[677.031s][debug][gc,phases      ] GC(118)     Dead                           Min: 0, Avg:  0.0, Max: 0, Diff: 0, Sum: 0, Workers: 4
[677.031s][debug][gc,phases      ] GC(118)     Total                          Min: 0, Avg:  0.0, Max: 0, Diff: 0, Sum: 0, Workers: 4
[677.031s][debug][gc,phases      ] GC(118)   StringDedup Requests0 Weak     Min:  0.0, Avg:  0.0, Max:  0.0, Diff:  0.0, Sum:  0.0, Workers: 4
[677.031s][debug][gc,phases      ] GC(118)     Dead                           Min: 0, Avg:  0.0, Max: 0, Diff: 0, Sum: 0, Workers: 4
[677.031s][debug][gc,phases      ] GC(118)     Total                          Min: 0, Avg:  0.0, Max: 0, Diff: 0, Sum: 0, Workers: 4
[677.031s][debug][gc,phases      ] GC(118)   StringDedup Requests1 Weak     Min:  0.0, Avg:  0.0, Max:  0.0, Diff:  0.0, Sum:  0.0, Workers: 4
[677.031s][debug][gc,phases      ] GC(118)     Dead                           Min: 0, Avg:  0.0, Max: 0, Diff: 0, Sum: 0, Workers: 4
[677.031s][debug][gc,phases      ] GC(118)     Total                          Min: 0, Avg:  0.0, Max: 0, Diff: 0, Sum: 0, Workers: 4
[677.031s][debug][gc,phases      ] GC(118)   Weak JFR Old Object Samples    Min:  0.0, Avg:  0.0, Max:  0.0, Diff:  0.0, Sum:  0.0, Workers: 4
[677.031s][debug][gc,phases      ] GC(118)     Dead                           Min: 0, Avg:  0.0, Max: 0, Diff: 0, Sum: 0, Workers: 4
[677.031s][debug][gc,phases      ] GC(118)     Total                          Min: 0, Avg:  0.0, Max: 0, Diff: 0, Sum: 0, Workers: 4
[677.031s][debug][gc,phases      ] GC(118) Weak Processing 0.364ms
[677.031s][debug][gc,age         ] GC(118) Desired survivor size 121634816 bytes, new threshold 15 (max threshold 15)
[677.031s][info ][gc,heap        ] GC(118) PSYoungGen: 1924464K(1974784K)->70128K(1970176K) Eden: 1847808K(1847808K)->0K(1847808K) From: 76656K(126976K)->70128K(122368K)
[677.031s][info ][gc,heap        ] GC(118) ParOldGen: 483031K(545280K)->490615K(545280K)
[677.031s][info ][gc,metaspace   ] GC(118) Metaspace: 82504K(83328K)->82504K(83328K) NonClass: 70932K(71360K)->70932K(71360K) Class: 11572K(11968K)->11572K(11968K)
[677.031s][info ][gc             ] GC(118) Pause Young (Allocation Failure) 2351M->547M(2456M) 18.653ms
[677.031s][info ][gc,cpu         ] GC(118) User=0.07s Sys=0.00s Real=0.02s
[677.031s][info ][safepoint      ] Safepoint "ParallelGCFailedAllocation", Time since last: 19218875623 ns, Reaching safepoint: 35100 ns, At safepoint: 18741466 ns, Total: 18776566 ns
[679.032s][info ][safepoint      ] Safepoint "Cleanup", Time since last: 2000158624 ns, Reaching safepoint: 53902 ns, At safepoint: 7500 ns, Total: 61402 ns
[682.032s][info ][safepoint      ] Safepoint "Cleanup", Time since last: 3000234881 ns, Reaching safepoint: 42801 ns, At safepoint: 2800 ns, Total: 45601 ns
[685.032s][info ][safepoint      ] Safepoint "Cleanup", Time since last: 3000236174 ns, Reaching safepoint: 44802 ns, At safepoint: 6400 ns, Total: 51202 ns
[686.032s][info ][safepoint      ] Safepoint "Cleanup", Time since last: 1000103357 ns, Reaching safepoint: 46901 ns, At safepoint: 8801 ns, Total: 55702 ns
[695.033s][info ][safepoint      ] Safepoint "Cleanup", Time since last: 9000523977 ns, Reaching safepoint: 46901 ns, At safepoint: 11801 ns, Total: 58702 ns
[698.033s][info ][safepoint      ] Safepoint "Cleanup", Time since last: 3000233448 ns, Reaching safepoint: 51302 ns, At safepoint: 7500 ns, Total: 58802 ns
[714.034s][info ][safepoint      ] Safepoint "Cleanup", Time since last: 16001019989 ns, Reaching safepoint: 48501 ns, At safepoint: 6301 ns, Total: 54802 ns
[715.034s][info ][safepoint      ] Safepoint "Cleanup", Time since last: 1000095338 ns, Reaching safepoint: 47501 ns, At safepoint: 6100 ns, Total: 53601 ns
[720.035s][info ][safepoint      ] Safepoint "Cleanup", Time since last: 5000362880 ns, Reaching safepoint: 52301 ns, At safepoint: 7201 ns, Total: 59502 ns
[721.035s][info ][safepoint      ] Safepoint "Cleanup", Time since last: 1000108235 ns, Reaching safepoint: 71301 ns, At safepoint: 7901 ns, Total: 79202 ns
[722.035s][info ][safepoint      ] Safepoint "Cleanup", Time since last: 1000130134 ns, Reaching safepoint: 67502 ns, At safepoint: 6000 ns, Total: 73502 ns
[723.035s][info ][safepoint      ] Safepoint "Cleanup", Time since last: 1000118234 ns, Reaching safepoint: 49102 ns, At safepoint: 6400 ns, Total: 55502 ns
[724.036s][info ][safepoint      ] Safepoint "Cleanup", Time since last: 1000070832 ns, Reaching safepoint: 51601 ns, At safepoint: 5600 ns, Total: 57201 ns
[725.036s][info ][safepoint      ] Safepoint "Cleanup", Time since last: 1000107333 ns, Reaching safepoint: 38601 ns, At safepoint: 4100 ns, Total: 42701 ns
[726.036s][info ][safepoint      ] Safepoint "Cleanup", Time since last: 1000105432 ns, Reaching safepoint: 45801 ns, At safepoint: 8500 ns, Total: 54301 ns
[728.036s][info ][safepoint      ] Safepoint "Cleanup", Time since last: 2000136060 ns, Reaching safepoint: 118803 ns, At safepoint: 8600 ns, Total: 127403 ns
[729.036s][info ][safepoint      ] Safepoint "Cleanup", Time since last: 1000107130 ns, Reaching safepoint: 115803 ns, At safepoint: 6300 ns, Total: 122103 ns
[736.037s][info ][safepoint      ] Safepoint "Cleanup", Time since last: 7000465386 ns, Reaching safepoint: 117402 ns, At safepoint: 11601 ns, Total: 129003 ns
[746.038s][info ][safepoint      ] Safepoint "Cleanup", Time since last: 10000700114 ns, Reaching safepoint: 120103 ns, At safepoint: 10701 ns, Total: 130804 ns
[748.038s][info ][safepoint      ] Safepoint "Cleanup", Time since last: 2000174136 ns, Reaching safepoint: 119303 ns, At safepoint: 7400 ns, Total: 126703 ns
[758.039s][info ][safepoint      ] Safepoint "Cleanup", Time since last: 10000735244 ns, Reaching safepoint: 127504 ns, At safepoint: 11600 ns, Total: 139104 ns
[765.040s][info ][safepoint      ] Safepoint "Cleanup", Time since last: 7000516666 ns, Reaching safepoint: 120603 ns, At safepoint: 11500 ns, Total: 132103 ns
[772.040s][info ][safepoint      ] Safepoint "Cleanup", Time since last: 7000556840 ns, Reaching safepoint: 151103 ns, At safepoint: 9601 ns, Total: 160704 ns
[772.491s][info ][gc,start       ] GC(119) Pause Young (Allocation Failure)
[772.508s][debug][gc,phases      ] GC(119) Scavenge 17.828ms
[772.509s][debug][gc,ref         ] GC(119) Skipped phase 1 of Reference Processing: no references
[772.509s][debug][gc,ref         ] GC(119) ReferenceProcessor::execute queues: 1, RefProcThreadModel::Single, marks_oops_alive: false
[772.509s][debug][gc,ref         ] GC(119) Skipped phase 3 of Reference Processing: no references
[772.509s][debug][gc,ref         ] GC(119) ReferenceProcessor::execute queues: 1, RefProcThreadModel::Single, marks_oops_alive: false
[772.509s][debug][gc,phases      ] GC(119) Reference Processing 0.179ms
[772.509s][debug][gc,phases      ] GC(119)   VM Weak                        Min:  0.0, Avg:  0.0, Max:  0.0, Diff:  0.0, Sum:  0.0, Workers: 4
[772.509s][debug][gc,phases      ] GC(119)     Dead                           Min: 0, Avg:  0.0, Max: 0, Diff: 0, Sum: 0, Workers: 4
[772.509s][debug][gc,phases      ] GC(119)     Total                          Min: 0, Avg: 171.5, Max: 640, Diff: 640, Sum: 686, Workers: 4
[772.509s][debug][gc,phases      ] GC(119)   ObjectSynchronizer Weak        Min:  0.0, Avg:  0.0, Max:  0.0, Diff:  0.0, Sum:  0.0, Workers: 4
[772.509s][debug][gc,phases      ] GC(119)     Dead                           Min: 0, Avg:  0.0, Max: 0, Diff: 0, Sum: 0, Workers: 4
[772.509s][debug][gc,phases      ] GC(119)     Total                          Min: 0, Avg: 100.2, Max: 256, Diff: 256, Sum: 401, Workers: 4
[772.509s][debug][gc,phases      ] GC(119)   JVMTI Tag Weak OopStorage      Min:  0.0, Avg:  0.0, Max:  0.0, Diff:  0.0, Sum:  0.0, Workers: 4
[772.509s][debug][gc,phases      ] GC(119)     Dead                           Min: 0, Avg:  0.0, Max: 0, Diff: 0, Sum: 0, Workers: 4
[772.509s][debug][gc,phases      ] GC(119)     Total                          Min: 0, Avg:  0.0, Max: 0, Diff: 0, Sum: 0, Workers: 4
[772.509s][debug][gc,phases      ] GC(119)   StringTable Weak               Min:  0.1, Avg:  0.1, Max:  0.1, Diff:  0.0, Sum:  0.5, Workers: 4
[772.509s][debug][gc,phases      ] GC(119)     Dead                           Min: 0, Avg:  0.0, Max: 0, Diff: 0, Sum: 0, Workers: 4
[772.509s][debug][gc,phases      ] GC(119)     Total                          Min: 11324, Avg: 11999.0, Max: 12352, Diff: 1028, Sum: 47996, Workers: 4
[772.509s][debug][gc,phases      ] GC(119)   ResolvedMethodTable Weak       Min:  0.0, Avg:  0.0, Max:  0.0, Diff:  0.0, Sum:  0.1, Workers: 4
[772.509s][debug][gc,phases      ] GC(119)     Dead                           Min: 0, Avg:  0.0, Max: 0, Diff: 0, Sum: 0, Workers: 4
[772.509s][debug][gc,phases      ] GC(119)     Total                          Min: 1853, Avg: 1982.5, Max: 2092, Diff: 239, Sum: 7930, Workers: 4
[772.509s][debug][gc,phases      ] GC(119)   JNI Weak                       Min:  0.0, Avg:  0.0, Max:  0.0, Diff:  0.0, Sum:  0.0, Workers: 4
[772.509s][debug][gc,phases      ] GC(119)     Dead                           Min: 0, Avg:  0.0, Max: 0, Diff: 0, Sum: 0, Workers: 4
[772.509s][debug][gc,phases      ] GC(119)     Total                          Min: 0, Avg:  0.0, Max: 0, Diff: 0, Sum: 0, Workers: 4
[772.509s][debug][gc,phases      ] GC(119)   StringDedup Table Weak         Min:  0.0, Avg:  0.0, Max:  0.0, Diff:  0.0, Sum:  0.0, Workers: 4
[772.509s][debug][gc,phases      ] GC(119)     Dead                           Min: 0, Avg:  0.0, Max: 0, Diff: 0, Sum: 0, Workers: 4
[772.509s][debug][gc,phases      ] GC(119)     Total                          Min: 0, Avg:  0.0, Max: 0, Diff: 0, Sum: 0, Workers: 4
[772.509s][debug][gc,phases      ] GC(119)   StringDedup Requests0 Weak     Min:  0.0, Avg:  0.0, Max:  0.0, Diff:  0.0, Sum:  0.0, Workers: 4
[772.509s][debug][gc,phases      ] GC(119)     Dead                           Min: 0, Avg:  0.0, Max: 0, Diff: 0, Sum: 0, Workers: 4
[772.509s][debug][gc,phases      ] GC(119)     Total                          Min: 0, Avg:  0.0, Max: 0, Diff: 0, Sum: 0, Workers: 4
[772.509s][debug][gc,phases      ] GC(119)   StringDedup Requests1 Weak     Min:  0.0, Avg:  0.0, Max:  0.0, Diff:  0.0, Sum:  0.0, Workers: 4
[772.509s][debug][gc,phases      ] GC(119)     Dead                           Min: 0, Avg:  0.0, Max: 0, Diff: 0, Sum: 0, Workers: 4
[772.509s][debug][gc,phases      ] GC(119)     Total                          Min: 0, Avg:  0.0, Max: 0, Diff: 0, Sum: 0, Workers: 4
[772.509s][debug][gc,phases      ] GC(119)   Weak JFR Old Object Samples    Min:  0.0, Avg:  0.0, Max:  0.0, Diff:  0.0, Sum:  0.0, Workers: 4
[772.509s][debug][gc,phases      ] GC(119)     Dead                           Min: 0, Avg:  0.0, Max: 0, Diff: 0, Sum: 0, Workers: 4
[772.509s][debug][gc,phases      ] GC(119)     Total                          Min: 0, Avg:  0.0, Max: 0, Diff: 0, Sum: 0, Workers: 4
[772.509s][debug][gc,phases      ] GC(119) Weak Processing 0.342ms
[772.509s][debug][gc,age         ] GC(119) Desired survivor size 119537664 bytes, new threshold 15 (max threshold 15)
[772.509s][info ][gc,heap        ] GC(119) PSYoungGen: 1917936K(1970176K)->63680K(1980416K) Eden: 1847808K(1847808K)->0K(1861632K) From: 70128K(122368K)->63680K(118784K)
[772.509s][info ][gc,heap        ] GC(119) ParOldGen: 490615K(545280K)->497695K(545280K)
[772.509s][info ][gc,metaspace   ] GC(119) Metaspace: 82538K(83392K)->82538K(83392K) NonClass: 70966K(71424K)->70966K(71424K) Class: 11572K(11968K)->11572K(11968K)
[772.509s][info ][gc             ] GC(119) Pause Young (Allocation Failure) 2352M->548M(2466M) 18.492ms
[772.509s][info ][gc,cpu         ] GC(119) User=0.07s Sys=0.00s Real=0.02s
[772.509s][info ][safepoint      ] Safepoint "ParallelGCFailedAllocation", Time since last: 450132264 ns, Reaching safepoint: 44601 ns, At safepoint: 18567260 ns, Total: 18611861 ns
[773.509s][info ][safepoint      ] Safepoint "Cleanup", Time since last: 1000092104 ns, Reaching safepoint: 61401 ns, At safepoint: 7800 ns, Total: 69201 ns
[774.509s][info ][safepoint      ] Safepoint "Cleanup", Time since last: 1000108003 ns, Reaching safepoint: 57602 ns, At safepoint: 6200 ns, Total: 63802 ns
[775.510s][info ][safepoint      ] Safepoint "Cleanup", Time since last: 1000117803 ns, Reaching safepoint: 61701 ns, At safepoint: 7601 ns, Total: 69302 ns
[779.510s][info ][safepoint      ] Safepoint "Cleanup", Time since last: 4000244600 ns, Reaching safepoint: 59701 ns, At safepoint: 8501 ns, Total: 68202 ns
[783.510s][info ][safepoint      ] Safepoint "Cleanup", Time since last: 4000318393 ns, Reaching safepoint: 49701 ns, At safepoint: 30601 ns, Total: 80302 ns
[786.511s][info ][safepoint      ] Safepoint "Cleanup", Time since last: 3000208988 ns, Reaching safepoint: 43201 ns, At safepoint: 4200 ns, Total: 47401 ns
[788.511s][info ][safepoint      ] Safepoint "Cleanup", Time since last: 2000169291 ns, Reaching safepoint: 40901 ns, At safepoint: 3600 ns, Total: 44501 ns
[811.512s][info ][safepoint      ] Safepoint "Cleanup", Time since last: 23001632324 ns, Reaching safepoint: 46701 ns, At safepoint: 3400 ns, Total: 50101 ns
[814.513s][info ][safepoint      ] Safepoint "Cleanup", Time since last: 3000232044 ns, Reaching safepoint: 44501 ns, At safepoint: 3200 ns, Total: 47701 ns
[816.513s][info ][safepoint      ] Safepoint "Cleanup", Time since last: 2000177461 ns, Reaching safepoint: 122003 ns, At safepoint: 10500 ns, Total: 132503 ns
[817.513s][info ][safepoint      ] Safepoint "Cleanup", Time since last: 1000110780 ns, Reaching safepoint: 46301 ns, At safepoint: 3700 ns, Total: 50001 ns
[825.514s][info ][safepoint      ] Safepoint "Cleanup", Time since last: 8000598215 ns, Reaching safepoint: 51801 ns, At safepoint: 6400 ns, Total: 58201 ns
[826.514s][info ][safepoint      ] Safepoint "Cleanup", Time since last: 1000106076 ns, Reaching safepoint: 27200 ns, At safepoint: 3801 ns, Total: 31001 ns
[829.514s][info ][safepoint      ] Safepoint "Cleanup", Time since last: 3000262321 ns, Reaching safepoint: 47901 ns, At safepoint: 8100 ns, Total: 56001 ns
[835.515s][info ][safepoint      ] Safepoint "Cleanup", Time since last: 6000514029 ns, Reaching safepoint: 48101 ns, At safepoint: 7201 ns, Total: 55302 ns
[836.515s][info ][safepoint      ] Safepoint "Cleanup", Time since last: 1000110270 ns, Reaching safepoint: 31501 ns, At safepoint: 6100 ns, Total: 37601 ns
[847.516s][info ][safepoint      ] Safepoint "Cleanup", Time since last: 11000782030 ns, Reaching safepoint: 47502 ns, At safepoint: 8200 ns, Total: 55702 ns
[849.516s][info ][safepoint      ] Safepoint "Cleanup", Time since last: 2000192727 ns, Reaching safepoint: 48602 ns, At safepoint: 3000 ns, Total: 51602 ns
[853.517s][info ][safepoint      ] Safepoint "Cleanup", Time since last: 4000355749 ns, Reaching safepoint: 60601 ns, At safepoint: 9800 ns, Total: 70401 ns
[864.517s][info ][safepoint      ] Safepoint "Cleanup", Time since last: 11000687571 ns, Reaching safepoint: 54001 ns, At safepoint: 3700 ns, Total: 57701 ns
[865.547s][info ][gc,start       ] GC(120) Pause Young (Allocation Failure)
[865.564s][debug][gc,phases      ] GC(120) Scavenge 17.152ms
[865.564s][debug][gc,ref         ] GC(120) Skipped phase 1 of Reference Processing: no references
[865.564s][debug][gc,ref         ] GC(120) ReferenceProcessor::execute queues: 1, RefProcThreadModel::Single, marks_oops_alive: false
[865.565s][debug][gc,ref         ] GC(120) Skipped phase 3 of Reference Processing: no references
[865.565s][debug][gc,ref         ] GC(120) ReferenceProcessor::execute queues: 1, RefProcThreadModel::Single, marks_oops_alive: false
[865.565s][debug][gc,phases      ] GC(120) Reference Processing 0.162ms
[865.565s][debug][gc,phases      ] GC(120)   VM Weak                        Min:  0.0, Avg:  0.0, Max:  0.0, Diff:  0.0, Sum:  0.0, Workers: 4
[865.565s][debug][gc,phases      ] GC(120)     Dead                           Min: 0, Avg:  0.0, Max: 0, Diff: 0, Sum: 0, Workers: 4
[865.565s][debug][gc,phases      ] GC(120)     Total                          Min: 0, Avg: 171.5, Max: 494, Diff: 494, Sum: 686, Workers: 4
[865.565s][debug][gc,phases      ] GC(120)   ObjectSynchronizer Weak        Min:  0.0, Avg:  0.0, Max:  0.0, Diff:  0.0, Sum:  0.0, Workers: 4
[865.565s][debug][gc,phases      ] GC(120)     Dead                           Min: 0, Avg:  0.0, Max: 0, Diff: 0, Sum: 0, Workers: 4
[865.565s][debug][gc,phases      ] GC(120)     Total                          Min: 17, Avg: 100.2, Max: 192, Diff: 175, Sum: 401, Workers: 4
[865.565s][debug][gc,phases      ] GC(120)   JVMTI Tag Weak OopStorage      Min:  0.0, Avg:  0.0, Max:  0.0, Diff:  0.0, Sum:  0.0, Workers: 4
[865.565s][debug][gc,phases      ] GC(120)     Dead                           Min: 0, Avg:  0.0, Max: 0, Diff: 0, Sum: 0, Workers: 4
[865.565s][debug][gc,phases      ] GC(120)     Total                          Min: 0, Avg:  0.0, Max: 0, Diff: 0, Sum: 0, Workers: 4
[865.565s][debug][gc,phases      ] GC(120)   StringTable Weak               Min:  0.1, Avg:  0.1, Max:  0.1, Diff:  0.0, Sum:  0.5, Workers: 4
[865.565s][debug][gc,phases      ] GC(120)     Dead                           Min: 0, Avg:  0.0, Max: 0, Diff: 0, Sum: 0, Workers: 4
[865.565s][debug][gc,phases      ] GC(120)     Total                          Min: 10944, Avg: 12002.2, Max: 13129, Diff: 2185, Sum: 48009, Workers: 4
[865.565s][debug][gc,phases      ] GC(120)   ResolvedMethodTable Weak       Min:  0.0, Avg:  0.0, Max:  0.0, Diff:  0.0, Sum:  0.1, Workers: 4
[865.565s][debug][gc,phases      ] GC(120)     Dead                           Min: 0, Avg:  0.0, Max: 0, Diff: 0, Sum: 0, Workers: 4
[865.565s][debug][gc,phases      ] GC(120)     Total                          Min: 1783, Avg: 1982.5, Max: 2427, Diff: 644, Sum: 7930, Workers: 4
[865.565s][debug][gc,phases      ] GC(120)   JNI Weak                       Min:  0.0, Avg:  0.0, Max:  0.0, Diff:  0.0, Sum:  0.0, Workers: 4
[865.565s][debug][gc,phases      ] GC(120)     Dead                           Min: 0, Avg:  0.0, Max: 0, Diff: 0, Sum: 0, Workers: 4
[865.565s][debug][gc,phases      ] GC(120)     Total                          Min: 0, Avg:  0.0, Max: 0, Diff: 0, Sum: 0, Workers: 4
[865.565s][debug][gc,phases      ] GC(120)   StringDedup Table Weak         Min:  0.0, Avg:  0.0, Max:  0.0, Diff:  0.0, Sum:  0.0, Workers: 4
[865.565s][debug][gc,phases      ] GC(120)     Dead                           Min: 0, Avg:  0.0, Max: 0, Diff: 0, Sum: 0, Workers: 4
[865.565s][debug][gc,phases      ] GC(120)     Total                          Min: 0, Avg:  0.0, Max: 0, Diff: 0, Sum: 0, Workers: 4
[865.565s][debug][gc,phases      ] GC(120)   StringDedup Requests0 Weak     Min:  0.0, Avg:  0.0, Max:  0.0, Diff:  0.0, Sum:  0.0, Workers: 4
[865.565s][debug][gc,phases      ] GC(120)     Dead                           Min: 0, Avg:  0.0, Max: 0, Diff: 0, Sum: 0, Workers: 4
[865.565s][debug][gc,phases      ] GC(120)     Total                          Min: 0, Avg:  0.0, Max: 0, Diff: 0, Sum: 0, Workers: 4
[865.565s][debug][gc,phases      ] GC(120)   StringDedup Requests1 Weak     Min:  0.0, Avg:  0.0, Max:  0.0, Diff:  0.0, Sum:  0.0, Workers: 4
[865.565s][debug][gc,phases      ] GC(120)     Dead                           Min: 0, Avg:  0.0, Max: 0, Diff: 0, Sum: 0, Workers: 4
[865.565s][debug][gc,phases      ] GC(120)     Total                          Min: 0, Avg:  0.0, Max: 0, Diff: 0, Sum: 0, Workers: 4
[865.565s][debug][gc,phases      ] GC(120)   Weak JFR Old Object Samples    Min:  0.0, Avg:  0.0, Max:  0.0, Diff:  0.0, Sum:  0.0, Workers: 4
[865.565s][debug][gc,phases      ] GC(120)     Dead                           Min: 0, Avg:  0.0, Max: 0, Diff: 0, Sum: 0, Workers: 4
[865.565s][debug][gc,phases      ] GC(120)     Total                          Min: 0, Avg:  0.0, Max: 0, Diff: 0, Sum: 0, Workers: 4
[865.565s][debug][gc,phases      ] GC(120) Weak Processing 0.357ms
[865.565s][debug][gc,age         ] GC(120) Desired survivor size 117964800 bytes, new threshold 15 (max threshold 15)
[865.565s][info ][gc,heap        ] GC(120) PSYoungGen: 1925312K(1980416K)->60176K(1978368K) Eden: 1861632K(1861632K)->0K(1861632K) From: 63680K(118784K)->60176K(116736K)
[865.565s][info ][gc,heap        ] GC(120) ParOldGen: 497695K(545280K)->501463K(545280K)
[865.565s][info ][gc,metaspace   ] GC(120) Metaspace: 82571K(83392K)->82571K(83392K) NonClass: 70999K(71424K)->70999K(71424K) Class: 11572K(11968K)->11572K(11968K)
[865.565s][info ][gc             ] GC(120) Pause Young (Allocation Failure) 2366M->548M(2464M) 17.810ms
[865.565s][info ][gc,cpu         ] GC(120) User=0.07s Sys=0.00s Real=0.02s
[865.565s][info ][safepoint      ] Safepoint "ParallelGCFailedAllocation", Time since last: 1029710960 ns, Reaching safepoint: 46701 ns, At safepoint: 17900103 ns, Total: 17946804 ns
[866.565s][info ][safepoint      ] Safepoint "Cleanup", Time since last: 1000093869 ns, Reaching safepoint: 44701 ns, At safepoint: 3900 ns, Total: 48601 ns
[873.566s][info ][safepoint      ] Safepoint "Cleanup", Time since last: 7000547709 ns, Reaching safepoint: 46201 ns, At safepoint: 6000 ns, Total: 52201 ns
[874.566s][info ][safepoint      ] Safepoint "Cleanup", Time since last: 1000101067 ns, Reaching safepoint: 50201 ns, At safepoint: 3300 ns, Total: 53501 ns
[909.568s][info ][safepoint      ] Safepoint "Cleanup", Time since last: 35002290454 ns, Reaching safepoint: 180304 ns, At safepoint: 7700 ns, Total: 188004 ns
[911.373s][info ][safepoint      ] Safepoint "Cleanup", Time since last: 1804682294 ns, Reaching safepoint: 46601 ns, At safepoint: 4500 ns, Total: 51101 ns
[912.373s][info ][safepoint      ] Safepoint "Cleanup", Time since last: 1000111040 ns, Reaching safepoint: 111403 ns, At safepoint: 9300 ns, Total: 120703 ns
[917.374s][info ][safepoint      ] Safepoint "Cleanup", Time since last: 5000385626 ns, Reaching safepoint: 55701 ns, At safepoint: 11501 ns, Total: 67202 ns
[919.374s][info ][safepoint      ] Safepoint "Cleanup", Time since last: 2000178704 ns, Reaching safepoint: 49901 ns, At safepoint: 4000 ns, Total: 53901 ns
[926.375s][info ][safepoint      ] Safepoint "Cleanup", Time since last: 7000542120 ns, Reaching safepoint: 48101 ns, At safepoint: 3900 ns, Total: 52001 ns
[927.375s][info ][safepoint      ] Safepoint "Cleanup", Time since last: 1000114768 ns, Reaching safepoint: 65701 ns, At safepoint: 9001 ns, Total: 74702 ns
[931.375s][info ][safepoint      ] Safepoint "Cleanup", Time since last: 4000337687 ns, Reaching safepoint: 105503 ns, At safepoint: 12400 ns, Total: 117903 ns
[942.377s][info ][safepoint      ] Safepoint "Cleanup", Time since last: 11001427950 ns, Reaching safepoint: 53501 ns, At safepoint: 7901 ns, Total: 61402 ns
[949.377s][info ][safepoint      ] Safepoint "Cleanup", Time since last: 7000522406 ns, Reaching safepoint: 51001 ns, At safepoint: 3900 ns, Total: 54901 ns
[955.422s][info ][gc,start       ] GC(121) Pause Young (Allocation Failure)
[955.441s][debug][gc,phases      ] GC(121) Scavenge 19.092ms
[955.441s][debug][gc,ref         ] GC(121) Skipped phase 1 of Reference Processing: no references
[955.441s][debug][gc,ref         ] GC(121) ReferenceProcessor::execute queues: 1, RefProcThreadModel::Single, marks_oops_alive: false
[955.441s][debug][gc,ref         ] GC(121) Skipped phase 3 of Reference Processing: no references
[955.441s][debug][gc,ref         ] GC(121) ReferenceProcessor::execute queues: 1, RefProcThreadModel::Single, marks_oops_alive: false
[955.441s][debug][gc,phases      ] GC(121) Reference Processing 0.174ms
[955.441s][debug][gc,phases      ] GC(121)   VM Weak                        Min:  0.0, Avg:  0.0, Max:  0.0, Diff:  0.0, Sum:  0.0, Workers: 4
[955.441s][debug][gc,phases      ] GC(121)     Dead                           Min: 0, Avg:  0.0, Max: 0, Diff: 0, Sum: 0, Workers: 4
[955.441s][debug][gc,phases      ] GC(121)     Total                          Min: 0, Avg: 171.5, Max: 366, Diff: 366, Sum: 686, Workers: 4
[955.441s][debug][gc,phases      ] GC(121)   ObjectSynchronizer Weak        Min:  0.0, Avg:  0.0, Max:  0.0, Diff:  0.0, Sum:  0.0, Workers: 4
[955.441s][debug][gc,phases      ] GC(121)     Dead                           Min: 0, Avg:  0.0, Max: 0, Diff: 0, Sum: 0, Workers: 4
[955.441s][debug][gc,phases      ] GC(121)     Total                          Min: 0, Avg: 100.2, Max: 192, Diff: 192, Sum: 401, Workers: 4
[955.441s][debug][gc,phases      ] GC(121)   JVMTI Tag Weak OopStorage      Min:  0.0, Avg:  0.0, Max:  0.0, Diff:  0.0, Sum:  0.0, Workers: 4
[955.441s][debug][gc,phases      ] GC(121)     Dead                           Min: 0, Avg:  0.0, Max: 0, Diff: 0, Sum: 0, Workers: 4
[955.441s][debug][gc,phases      ] GC(121)     Total                          Min: 0, Avg:  0.0, Max: 0, Diff: 0, Sum: 0, Workers: 4
[955.441s][debug][gc,phases      ] GC(121)   StringTable Weak               Min:  0.1, Avg:  0.1, Max:  0.1, Diff:  0.0, Sum:  0.5, Workers: 4
[955.441s][debug][gc,phases      ] GC(121)     Dead                           Min: 0, Avg:  0.0, Max: 0, Diff: 0, Sum: 0, Workers: 4
[955.441s][debug][gc,phases      ] GC(121)     Total                          Min: 11128, Avg: 12014.0, Max: 12480, Diff: 1352, Sum: 48056, Workers: 4
[955.441s][debug][gc,phases      ] GC(121)   ResolvedMethodTable Weak       Min:  0.0, Avg:  0.0, Max:  0.0, Diff:  0.0, Sum:  0.1, Workers: 4
[955.441s][debug][gc,phases      ] GC(121)     Dead                           Min: 0, Avg:  0.0, Max: 0, Diff: 0, Sum: 0, Workers: 4
[955.441s][debug][gc,phases      ] GC(121)     Total                          Min: 1684, Avg: 1982.5, Max: 2385, Diff: 701, Sum: 7930, Workers: 4
[955.441s][debug][gc,phases      ] GC(121)   JNI Weak                       Min:  0.0, Avg:  0.0, Max:  0.0, Diff:  0.0, Sum:  0.0, Workers: 4
[955.441s][debug][gc,phases      ] GC(121)     Dead                           Min: 0, Avg:  0.0, Max: 0, Diff: 0, Sum: 0, Workers: 4
[955.441s][debug][gc,phases      ] GC(121)     Total                          Min: 0, Avg:  0.0, Max: 0, Diff: 0, Sum: 0, Workers: 4
[955.441s][debug][gc,phases      ] GC(121)   StringDedup Table Weak         Min:  0.0, Avg:  0.0, Max:  0.0, Diff:  0.0, Sum:  0.0, Workers: 4
[955.441s][debug][gc,phases      ] GC(121)     Dead                           Min: 0, Avg:  0.0, Max: 0, Diff: 0, Sum: 0, Workers: 4
[955.441s][debug][gc,phases      ] GC(121)     Total                          Min: 0, Avg:  0.0, Max: 0, Diff: 0, Sum: 0, Workers: 4
[955.441s][debug][gc,phases      ] GC(121)   StringDedup Requests0 Weak     Min:  0.0, Avg:  0.0, Max:  0.0, Diff:  0.0, Sum:  0.0, Workers: 4
[955.441s][debug][gc,phases      ] GC(121)     Dead                           Min: 0, Avg:  0.0, Max: 0, Diff: 0, Sum: 0, Workers: 4
[955.442s][debug][gc,phases      ] GC(121)     Total                          Min: 0, Avg:  0.0, Max: 0, Diff: 0, Sum: 0, Workers: 4
[955.442s][debug][gc,phases      ] GC(121)   StringDedup Requests1 Weak     Min:  0.0, Avg:  0.0, Max:  0.0, Diff:  0.0, Sum:  0.0, Workers: 4
[955.442s][debug][gc,phases      ] GC(121)     Dead                           Min: 0, Avg:  0.0, Max: 0, Diff: 0, Sum: 0, Workers: 4
[955.442s][debug][gc,phases      ] GC(121)     Total                          Min: 0, Avg:  0.0, Max: 0, Diff: 0, Sum: 0, Workers: 4
[955.442s][debug][gc,phases      ] GC(121)   Weak JFR Old Object Samples    Min:  0.0, Avg:  0.0, Max:  0.0, Diff:  0.0, Sum:  0.0, Workers: 4
[955.442s][debug][gc,phases      ] GC(121)     Dead                           Min: 0, Avg:  0.0, Max: 0, Diff: 0, Sum: 0, Workers: 4
[955.442s][debug][gc,phases      ] GC(121)     Total                          Min: 0, Avg:  0.0, Max: 0, Diff: 0, Sum: 0, Workers: 4
[955.442s][debug][gc,phases      ] GC(121) Weak Processing 0.359ms
[955.442s][debug][gc,age         ] GC(121) Desired survivor size 116916224 bytes, new threshold 15 (max threshold 15)
[955.442s][info ][gc,heap        ] GC(121) PSYoungGen: 1921808K(1978368K)->54704K(1982976K) Eden: 1861632K(1861632K)->0K(1867776K) From: 60176K(116736K)->54704K(115200K)
[955.442s][info ][gc,heap        ] GC(121) ParOldGen: 501463K(545280K)->506919K(545280K)
[955.442s][info ][gc,metaspace   ] GC(121) Metaspace: 82597K(83456K)->82597K(83456K) NonClass: 71025K(71488K)->71025K(71488K) Class: 11572K(11968K)->11572K(11968K)
[955.442s][info ][gc             ] GC(121) Pause Young (Allocation Failure) 2366M->548M(2469M) 19.769ms
[955.442s][info ][gc,cpu         ] GC(121) User=0.08s Sys=0.00s Real=0.02s
[955.442s][info ][safepoint      ] Safepoint "ParallelGCFailedAllocation", Time since last: 6044417507 ns, Reaching safepoint: 35801 ns, At safepoint: 19848267 ns, Total: 19884068 ns
[959.442s][info ][safepoint      ] Safepoint "Cleanup", Time since last: 4000311484 ns, Reaching safepoint: 136203 ns, At safepoint: 10100 ns, Total: 146303 ns
[963.443s][info ][safepoint      ] Safepoint "Cleanup", Time since last: 4000321112 ns, Reaching safepoint: 121802 ns, At safepoint: 13001 ns, Total: 134803 ns
[973.443s][info ][safepoint      ] Safepoint "Cleanup", Time since last: 10000634892 ns, Reaching safepoint: 120402 ns, At safepoint: 14001 ns, Total: 134403 ns
[978.444s][info ][safepoint      ] Safepoint "Cleanup", Time since last: 5000396860 ns, Reaching safepoint: 51001 ns, At safepoint: 6600 ns, Total: 57601 ns
[983.444s][info ][safepoint      ] Safepoint "Cleanup", Time since last: 5000296399 ns, Reaching safepoint: 52801 ns, At safepoint: 6100 ns, Total: 58901 ns
[989.445s][info ][safepoint      ] Safepoint "Cleanup", Time since last: 6000438014 ns, Reaching safepoint: 54101 ns, At safepoint: 4400 ns, Total: 58501 ns
[994.445s][info ][safepoint      ] Safepoint "Cleanup", Time since last: 5000332188 ns, Reaching safepoint: 56502 ns, At safepoint: 3700 ns, Total: 60202 ns
[1002.446s][info ][safepoint      ] Safepoint "Cleanup", Time since last: 8000565004 ns, Reaching safepoint: 50701 ns, At safepoint: 10400 ns, Total: 61101 ns
[1007.446s][info ][safepoint      ] Safepoint "Cleanup", Time since last: 5000393692 ns, Reaching safepoint: 50101 ns, At safepoint: 10400 ns, Total: 60501 ns
[1014.447s][info ][safepoint      ] Safepoint "Cleanup", Time since last: 7000475752 ns, Reaching safepoint: 65902 ns, At safepoint: 9700 ns, Total: 75602 ns
[1017.447s][info ][safepoint      ] Safepoint "Cleanup", Time since last: 3000212145 ns, Reaching safepoint: 50401 ns, At safepoint: 8601 ns, Total: 59002 ns
[1032.448s][info ][safepoint      ] Safepoint "Cleanup", Time since last: 15000957227 ns, Reaching safepoint: 40501 ns, At safepoint: 3900 ns, Total: 44401 ns
[1045.449s][info ][safepoint      ] Safepoint "Cleanup", Time since last: 13000839239 ns, Reaching safepoint: 48601 ns, At safepoint: 5100 ns, Total: 53701 ns
[1049.449s][info ][safepoint      ] Safepoint "Cleanup", Time since last: 4000299147 ns, Reaching safepoint: 52201 ns, At safepoint: 8600 ns, Total: 60801 ns
[1050.441s][info ][gc,start       ] GC(122) Pause Young (Allocation Failure)
[1050.455s][debug][gc,phases      ] GC(122) Scavenge 14.017ms
[1050.456s][debug][gc,ref         ] GC(122) Skipped phase 1 of Reference Processing: no references
[1050.456s][debug][gc,ref         ] GC(122) ReferenceProcessor::execute queues: 1, RefProcThreadModel::Single, marks_oops_alive: false
[1050.456s][debug][gc,ref         ] GC(122) Skipped phase 3 of Reference Processing: no references
[1050.456s][debug][gc,ref         ] GC(122) ReferenceProcessor::execute queues: 1, RefProcThreadModel::Single, marks_oops_alive: false
[1050.456s][debug][gc,phases      ] GC(122) Reference Processing 0.158ms
[1050.456s][debug][gc,phases      ] GC(122)   VM Weak                        Min:  0.0, Avg:  0.0, Max:  0.0, Diff:  0.0, Sum:  0.0, Workers: 4
[1050.456s][debug][gc,phases      ] GC(122)     Dead                           Min: 0, Avg:  0.0, Max: 0, Diff: 0, Sum: 0, Workers: 4
[1050.456s][debug][gc,phases      ] GC(122)     Total                          Min: 0, Avg: 173.8, Max: 512, Diff: 512, Sum: 695, Workers: 4
[1050.456s][debug][gc,phases      ] GC(122)   ObjectSynchronizer Weak        Min:  0.0, Avg:  0.0, Max:  0.0, Diff:  0.0, Sum:  0.0, Workers: 4
[1050.456s][debug][gc,phases      ] GC(122)     Dead                           Min: 0, Avg:  0.0, Max: 0, Diff: 0, Sum: 0, Workers: 4
[1050.456s][debug][gc,phases      ] GC(122)     Total                          Min: 0, Avg: 100.2, Max: 209, Diff: 209, Sum: 401, Workers: 4
[1050.456s][debug][gc,phases      ] GC(122)   JVMTI Tag Weak OopStorage      Min:  0.0, Avg:  0.0, Max:  0.0, Diff:  0.0, Sum:  0.0, Workers: 4
[1050.456s][debug][gc,phases      ] GC(122)     Dead                           Min: 0, Avg:  0.0, Max: 0, Diff: 0, Sum: 0, Workers: 4
[1050.456s][debug][gc,phases      ] GC(122)     Total                          Min: 0, Avg:  0.0, Max: 0, Diff: 0, Sum: 0, Workers: 4
[1050.456s][debug][gc,phases      ] GC(122)   StringTable Weak               Min:  0.1, Avg:  0.1, Max:  0.1, Diff:  0.0, Sum:  0.5, Workers: 4
[1050.456s][debug][gc,phases      ] GC(122)     Dead                           Min: 0, Avg:  0.2, Max: 1, Diff: 1, Sum: 1, Workers: 4
[1050.456s][debug][gc,phases      ] GC(122)     Total                          Min: 11460, Avg: 12016.8, Max: 12544, Diff: 1084, Sum: 48067, Workers: 4
[1050.456s][debug][gc,phases      ] GC(122)   ResolvedMethodTable Weak       Min:  0.0, Avg:  0.0, Max:  0.0, Diff:  0.0, Sum:  0.1, Workers: 4
[1050.456s][debug][gc,phases      ] GC(122)     Dead                           Min: 0, Avg:  0.0, Max: 0, Diff: 0, Sum: 0, Workers: 4
[1050.456s][debug][gc,phases      ] GC(122)     Total                          Min: 1690, Avg: 1991.0, Max: 2258, Diff: 568, Sum: 7964, Workers: 4
[1050.456s][debug][gc,phases      ] GC(122)   JNI Weak                       Min:  0.0, Avg:  0.0, Max:  0.0, Diff:  0.0, Sum:  0.0, Workers: 4
[1050.456s][debug][gc,phases      ] GC(122)     Dead                           Min: 0, Avg:  0.0, Max: 0, Diff: 0, Sum: 0, Workers: 4
[1050.456s][debug][gc,phases      ] GC(122)     Total                          Min: 0, Avg:  0.0, Max: 0, Diff: 0, Sum: 0, Workers: 4
[1050.456s][debug][gc,phases      ] GC(122)   StringDedup Table Weak         Min:  0.0, Avg:  0.0, Max:  0.0, Diff:  0.0, Sum:  0.0, Workers: 4
[1050.456s][debug][gc,phases      ] GC(122)     Dead                           Min: 0, Avg:  0.0, Max: 0, Diff: 0, Sum: 0, Workers: 4
[1050.456s][debug][gc,phases      ] GC(122)     Total                          Min: 0, Avg:  0.0, Max: 0, Diff: 0, Sum: 0, Workers: 4
[1050.456s][debug][gc,phases      ] GC(122)   StringDedup Requests0 Weak     Min:  0.0, Avg:  0.0, Max:  0.0, Diff:  0.0, Sum:  0.0, Workers: 4
[1050.456s][debug][gc,phases      ] GC(122)     Dead                           Min: 0, Avg:  0.0, Max: 0, Diff: 0, Sum: 0, Workers: 4
[1050.456s][debug][gc,phases      ] GC(122)     Total                          Min: 0, Avg:  0.0, Max: 0, Diff: 0, Sum: 0, Workers: 4
[1050.456s][debug][gc,phases      ] GC(122)   StringDedup Requests1 Weak     Min:  0.0, Avg:  0.0, Max:  0.0, Diff:  0.0, Sum:  0.0, Workers: 4
[1050.456s][debug][gc,phases      ] GC(122)     Dead                           Min: 0, Avg:  0.0, Max: 0, Diff: 0, Sum: 0, Workers: 4
[1050.456s][debug][gc,phases      ] GC(122)     Total                          Min: 0, Avg:  0.0, Max: 0, Diff: 0, Sum: 0, Workers: 4
[1050.456s][debug][gc,phases      ] GC(122)   Weak JFR Old Object Samples    Min:  0.0, Avg:  0.0, Max:  0.0, Diff:  0.0, Sum:  0.0, Workers: 4
[1050.456s][debug][gc,phases      ] GC(122)     Dead                           Min: 0, Avg:  0.0, Max: 0, Diff: 0, Sum: 0, Workers: 4
[1050.456s][debug][gc,phases      ] GC(122)     Total                          Min: 0, Avg:  0.0, Max: 0, Diff: 0, Sum: 0, Workers: 4
[1050.456s][debug][gc,phases      ] GC(122) Weak Processing 0.355ms
[1050.456s][debug][gc,age         ] GC(122) Desired survivor size 116391936 bytes, new threshold 15 (max threshold 15)
[1050.456s][info ][gc,heap        ] GC(122) PSYoungGen: 1922480K(1982976K)->49792K(1981952K) Eden: 1867776K(1867776K)->0K(1867776K) From: 54704K(115200K)->49792K(114176K)
[1050.456s][info ][gc,heap        ] GC(122) ParOldGen: 506919K(545280K)->512655K(545280K)
[1050.456s][info ][gc,metaspace   ] GC(122) Metaspace: 82662K(83520K)->82662K(83520K) NonClass: 71077K(71552K)->71077K(71552K) Class: 11585K(11968K)->11585K(11968K)
[1050.456s][info ][gc             ] GC(122) Pause Young (Allocation Failure) 2372M->549M(2468M) 14.673ms
[1050.456s][info ][gc,cpu         ] GC(122) User=0.06s Sys=0.00s Real=0.02s
[1050.456s][info ][safepoint      ] Safepoint "ParallelGCFailedAllocation", Time since last: 992152078 ns, Reaching safepoint: 43401 ns, At safepoint: 14759149 ns, Total: 14802550 ns
[1053.456s][info ][safepoint      ] Safepoint "Cleanup", Time since last: 3000194304 ns, Reaching safepoint: 46601 ns, At safepoint: 5000 ns, Total: 51601 ns
[1060.457s][info ][safepoint      ] Safepoint "Cleanup", Time since last: 7000511326 ns, Reaching safepoint: 43901 ns, At safepoint: 6800 ns, Total: 50701 ns
[1062.457s][info ][safepoint      ] Safepoint "Cleanup", Time since last: 2000170064 ns, Reaching safepoint: 52401 ns, At safepoint: 6000 ns, Total: 58401 ns
[1065.457s][info ][safepoint      ] Safepoint "Cleanup", Time since last: 3000245255 ns, Reaching safepoint: 54002 ns, At safepoint: 6200 ns, Total: 60202 ns
[1090.459s][info ][safepoint      ] Safepoint "Cleanup", Time since last: 25001450089 ns, Reaching safepoint: 46701 ns, At safepoint: 9201 ns, Total: 55902 ns
[1092.459s][info ][safepoint      ] Safepoint "Cleanup", Time since last: 2000129543 ns, Reaching safepoint: 46201 ns, At safepoint: 10400 ns, Total: 56601 ns
[1099.460s][info ][safepoint      ] Safepoint "Cleanup", Time since last: 7000449994 ns, Reaching safepoint: 49501 ns, At safepoint: 11800 ns, Total: 61301 ns
[1100.460s][info ][safepoint      ] Safepoint "Cleanup", Time since last: 1000106134 ns, Reaching safepoint: 47101 ns, At safepoint: 11100 ns, Total: 58201 ns
[1104.460s][info ][safepoint      ] Safepoint "Cleanup", Time since last: 4000297146 ns, Reaching safepoint: 26500 ns, At safepoint: 3300 ns, Total: 29800 ns
[1119.461s][info ][safepoint      ] Safepoint "Cleanup", Time since last: 15000997123 ns, Reaching safepoint: 54101 ns, At safepoint: 10300 ns, Total: 64401 ns
[1120.461s][info ][safepoint      ] Safepoint "Cleanup", Time since last: 1000107359 ns, Reaching safepoint: 46301 ns, At safepoint: 3401 ns, Total: 49702 ns
[1125.462s][info ][safepoint      ] Safepoint "Cleanup", Time since last: 5000373810 ns, Reaching safepoint: 49601 ns, At safepoint: 4600 ns, Total: 54201 ns
[1126.462s][info ][safepoint      ] Safepoint "Cleanup", Time since last: 1000071766 ns, Reaching safepoint: 58301 ns, At safepoint: 4101 ns, Total: 62402 ns
[1140.463s][info ][safepoint      ] Safepoint "Cleanup", Time since last: 14000892545 ns, Reaching safepoint: 42801 ns, At safepoint: 3900 ns, Total: 46701 ns
[1143.463s][info ][safepoint      ] Safepoint "Cleanup", Time since last: 3000182554 ns, Reaching safepoint: 45901 ns, At safepoint: 5900 ns, Total: 51801 ns
[1146.463s][info ][safepoint      ] Safepoint "Cleanup", Time since last: 3000192966 ns, Reaching safepoint: 44701 ns, At safepoint: 8100 ns, Total: 52801 ns
[1149.943s][info ][gc,start       ] GC(123) Pause Young (Allocation Failure)
[1149.958s][debug][gc,phases      ] GC(123) Scavenge 15.560ms
[1149.958s][debug][gc,ref         ] GC(123) Skipped phase 1 of Reference Processing: no references
[1149.959s][debug][gc,ref         ] GC(123) ReferenceProcessor::execute queues: 1, RefProcThreadModel::Single, marks_oops_alive: false
[1149.959s][debug][gc,ref         ] GC(123) Skipped phase 3 of Reference Processing: no references
[1149.959s][debug][gc,ref         ] GC(123) ReferenceProcessor::execute queues: 1, RefProcThreadModel::Single, marks_oops_alive: false
[1149.959s][debug][gc,phases      ] GC(123) Reference Processing 0.170ms
[1149.959s][debug][gc,phases      ] GC(123)   VM Weak                        Min:  0.0, Avg:  0.0, Max:  0.0, Diff:  0.0, Sum:  0.0, Workers: 4
[1149.959s][debug][gc,phases      ] GC(123)     Dead                           Min: 0, Avg:  0.0, Max: 0, Diff: 0, Sum: 0, Workers: 4
[1149.959s][debug][gc,phases      ] GC(123)     Total                          Min: 0, Avg: 173.8, Max: 512, Diff: 512, Sum: 695, Workers: 4
[1149.959s][debug][gc,phases      ] GC(123)   ObjectSynchronizer Weak        Min:  0.0, Avg:  0.0, Max:  0.0, Diff:  0.0, Sum:  0.0, Workers: 4
[1149.959s][debug][gc,phases      ] GC(123)     Dead                           Min: 0, Avg:  0.0, Max: 0, Diff: 0, Sum: 0, Workers: 4
[1149.959s][debug][gc,phases      ] GC(123)     Total                          Min: 0, Avg: 100.2, Max: 192, Diff: 192, Sum: 401, Workers: 4
[1149.959s][debug][gc,phases      ] GC(123)   JVMTI Tag Weak OopStorage      Min:  0.0, Avg:  0.0, Max:  0.0, Diff:  0.0, Sum:  0.0, Workers: 4
[1149.959s][debug][gc,phases      ] GC(123)     Dead                           Min: 0, Avg:  0.0, Max: 0, Diff: 0, Sum: 0, Workers: 4
[1149.959s][debug][gc,phases      ] GC(123)     Total                          Min: 0, Avg:  0.0, Max: 0, Diff: 0, Sum: 0, Workers: 4
[1149.959s][debug][gc,phases      ] GC(123)   StringTable Weak               Min:  0.1, Avg:  0.1, Max:  0.1, Diff:  0.0, Sum:  0.5, Workers: 4
[1149.959s][debug][gc,phases      ] GC(123)     Dead                           Min: 0, Avg:  0.0, Max: 0, Diff: 0, Sum: 0, Workers: 4
[1149.959s][debug][gc,phases      ] GC(123)     Total                          Min: 11008, Avg: 12023.8, Max: 13120, Diff: 2112, Sum: 48095, Workers: 4
[1149.959s][debug][gc,phases      ] GC(123)   ResolvedMethodTable Weak       Min:  0.0, Avg:  0.0, Max:  0.0, Diff:  0.0, Sum:  0.1, Workers: 4
[1149.959s][debug][gc,phases      ] GC(123)     Dead                           Min: 0, Avg:  0.0, Max: 0, Diff: 0, Sum: 0, Workers: 4
[1149.959s][debug][gc,phases      ] GC(123)     Total                          Min: 1745, Avg: 1991.5, Max: 2232, Diff: 487, Sum: 7966, Workers: 4
[1149.959s][debug][gc,phases      ] GC(123)   JNI Weak                       Min:  0.0, Avg:  0.0, Max:  0.0, Diff:  0.0, Sum:  0.0, Workers: 4
[1149.959s][debug][gc,phases      ] GC(123)     Dead                           Min: 0, Avg:  0.0, Max: 0, Diff: 0, Sum: 0, Workers: 4
[1149.959s][debug][gc,phases      ] GC(123)     Total                          Min: 0, Avg:  0.0, Max: 0, Diff: 0, Sum: 0, Workers: 4
[1149.959s][debug][gc,phases      ] GC(123)   StringDedup Table Weak         Min:  0.0, Avg:  0.0, Max:  0.0, Diff:  0.0, Sum:  0.0, Workers: 4
[1149.959s][debug][gc,phases      ] GC(123)     Dead                           Min: 0, Avg:  0.0, Max: 0, Diff: 0, Sum: 0, Workers: 4
[1149.959s][debug][gc,phases      ] GC(123)     Total                          Min: 0, Avg:  0.0, Max: 0, Diff: 0, Sum: 0, Workers: 4
[1149.959s][debug][gc,phases      ] GC(123)   StringDedup Requests0 Weak     Min:  0.0, Avg:  0.0, Max:  0.0, Diff:  0.0, Sum:  0.0, Workers: 4
[1149.959s][debug][gc,phases      ] GC(123)     Dead                           Min: 0, Avg:  0.0, Max: 0, Diff: 0, Sum: 0, Workers: 4
[1149.959s][debug][gc,phases      ] GC(123)     Total                          Min: 0, Avg:  0.0, Max: 0, Diff: 0, Sum: 0, Workers: 4
[1149.959s][debug][gc,phases      ] GC(123)   StringDedup Requests1 Weak     Min:  0.0, Avg:  0.0, Max:  0.0, Diff:  0.0, Sum:  0.0, Workers: 4
[1149.959s][debug][gc,phases      ] GC(123)     Dead                           Min: 0, Avg:  0.0, Max: 0, Diff: 0, Sum: 0, Workers: 4
[1149.959s][debug][gc,phases      ] GC(123)     Total                          Min: 0, Avg:  0.0, Max: 0, Diff: 0, Sum: 0, Workers: 4
[1149.959s][debug][gc,phases      ] GC(123)   Weak JFR Old Object Samples    Min:  0.0, Avg:  0.0, Max:  0.0, Diff:  0.0, Sum:  0.0, Workers: 4
[1149.959s][debug][gc,phases      ] GC(123)     Dead                           Min: 0, Avg:  0.0, Max: 0, Diff: 0, Sum: 0, Workers: 4
[1149.959s][debug][gc,phases      ] GC(123)     Total                          Min: 0, Avg:  0.0, Max: 0, Diff: 0, Sum: 0, Workers: 4
[1149.959s][debug][gc,phases      ] GC(123) Weak Processing 0.354ms
[1149.959s][debug][gc,age         ] GC(123) Desired survivor size 116391936 bytes, new threshold 15 (max threshold 15)
[1149.959s][info ][gc,heap        ] GC(123) PSYoungGen: 1917568K(1981952K)->44416K(1983488K) Eden: 1867776K(1867776K)->0K(1869824K) From: 49792K(114176K)->44416K(113664K)
[1149.959s][info ][gc,heap        ] GC(123) ParOldGen: 512655K(545280K)->518367K(545280K)
[1149.959s][info ][gc,metaspace   ] GC(123) Metaspace: 82692K(83520K)->82692K(83520K) NonClass: 71106K(71552K)->71106K(71552K) Class: 11585K(11968K)->11585K(11968K)
[1149.959s][info ][gc             ] GC(123) Pause Young (Allocation Failure) 2373M->549M(2469M) 16.242ms
[1149.959s][info ][gc,cpu         ] GC(123) User=0.06s Sys=0.00s Real=0.02s
[1149.959s][info ][safepoint      ] Safepoint "ParallelGCFailedAllocation", Time since last: 3479381977 ns, Reaching safepoint: 25701 ns, At safepoint: 16330688 ns, Total: 16356389 ns
[1152.959s][info ][safepoint      ] Safepoint "Cleanup", Time since last: 3000226789 ns, Reaching safepoint: 44701 ns, At safepoint: 3501 ns, Total: 48202 ns
[1155.960s][info ][safepoint      ] Safepoint "Cleanup", Time since last: 3000239499 ns, Reaching safepoint: 43901 ns, At safepoint: 3000 ns, Total: 46901 ns
[1157.960s][info ][safepoint      ] Safepoint "Cleanup", Time since last: 2000176806 ns, Reaching safepoint: 51502 ns, At safepoint: 8700 ns, Total: 60202 ns
[1166.961s][info ][safepoint      ] Safepoint "Cleanup", Time since last: 9000566079 ns, Reaching safepoint: 57001 ns, At safepoint: 6200 ns, Total: 63201 ns
[1167.961s][info ][safepoint      ] Safepoint "Cleanup", Time since last: 1000112516 ns, Reaching safepoint: 45001 ns, At safepoint: 8000 ns, Total: 53001 ns
[1169.961s][info ][safepoint      ] Safepoint "Cleanup", Time since last: 2000178833 ns, Reaching safepoint: 44801 ns, At safepoint: 4701 ns, Total: 49502 ns
[1171.961s][info ][safepoint      ] Safepoint "Cleanup", Time since last: 2000174037 ns, Reaching safepoint: 47002 ns, At safepoint: 7300 ns, Total: 54302 ns
[1175.961s][info ][safepoint      ] Safepoint "Cleanup", Time since last: 4000298288 ns, Reaching safepoint: 44701 ns, At safepoint: 6100 ns, Total: 50801 ns
[1177.962s][info ][safepoint      ] Safepoint "Cleanup", Time since last: 2000127950 ns, Reaching safepoint: 53101 ns, At safepoint: 45902 ns, Total: 99003 ns
[1178.962s][info ][safepoint      ] Safepoint "Cleanup", Time since last: 1000101427 ns, Reaching safepoint: 37001 ns, At safepoint: 4100 ns, Total: 41101 ns
[1179.962s][info ][safepoint      ] Safepoint "Cleanup", Time since last: 1000106929 ns, Reaching safepoint: 46501 ns, At safepoint: 6400 ns, Total: 52901 ns
[1194.963s][info ][safepoint      ] Safepoint "Cleanup", Time since last: 15000946149 ns, Reaching safepoint: 48302 ns, At safepoint: 8400 ns, Total: 56702 ns
[1199.963s][info ][safepoint      ] Safepoint "Cleanup", Time since last: 5000320437 ns, Reaching safepoint: 47301 ns, At safepoint: 4200 ns, Total: 51501 ns
[1209.964s][info ][safepoint      ] Safepoint "Cleanup", Time since last: 10000629853 ns, Reaching safepoint: 54902 ns, At safepoint: 32801 ns, Total: 87703 ns
[1217.965s][info ][safepoint      ] Safepoint "Cleanup", Time since last: 8000627020 ns, Reaching safepoint: 62602 ns, At safepoint: 5900 ns, Total: 68502 ns
[1218.965s][info ][safepoint      ] Safepoint "Cleanup", Time since last: 1000114170 ns, Reaching safepoint: 53002 ns, At safepoint: 11200 ns, Total: 64202 ns
[1219.965s][info ][safepoint      ] Safepoint "Cleanup", Time since last: 1000112771 ns, Reaching safepoint: 42601 ns, At safepoint: 6301 ns, Total: 48902 ns
[1220.965s][info ][safepoint      ] Safepoint "Cleanup", Time since last: 1000106172 ns, Reaching safepoint: 49501 ns, At safepoint: 6000 ns, Total: 55501 ns
[1228.966s][info ][safepoint      ] Safepoint "Cleanup", Time since last: 8000515408 ns, Reaching safepoint: 46901 ns, At safepoint: 14201 ns, Total: 61102 ns
[1229.966s][info ][safepoint      ] Safepoint "Cleanup", Time since last: 1000106581 ns, Reaching safepoint: 28701 ns, At safepoint: 4300 ns, Total: 33001 ns
[1230.966s][info ][safepoint      ] Safepoint "Cleanup", Time since last: 1000116583 ns, Reaching safepoint: 53001 ns, At safepoint: 5500 ns, Total: 58501 ns
[1233.966s][info ][safepoint      ] Safepoint "Cleanup", Time since last: 3000210051 ns, Reaching safepoint: 50501 ns, At safepoint: 6101 ns, Total: 56602 ns
[1243.967s][info ][safepoint      ] Safepoint "Cleanup", Time since last: 10000588798 ns, Reaching safepoint: 46801 ns, At safepoint: 7600 ns, Total: 54401 ns
[1245.541s][info ][gc,start       ] GC(124) Pause Young (Allocation Failure)
[1245.554s][debug][gc,phases      ] GC(124) Scavenge 13.074ms
[1245.554s][debug][gc,ref         ] GC(124) Skipped phase 1 of Reference Processing: no references
[1245.554s][debug][gc,ref         ] GC(124) ReferenceProcessor::execute queues: 1, RefProcThreadModel::Single, marks_oops_alive: false
[1245.555s][debug][gc,ref         ] GC(124) Skipped phase 3 of Reference Processing: no references
[1245.555s][debug][gc,ref         ] GC(124) ReferenceProcessor::execute queues: 1, RefProcThreadModel::Single, marks_oops_alive: false
[1245.555s][debug][gc,phases      ] GC(124) Reference Processing 0.172ms
[1245.555s][debug][gc,phases      ] GC(124)   VM Weak                        Min:  0.0, Avg:  0.0, Max:  0.0, Diff:  0.0, Sum:  0.0, Workers: 4
[1245.555s][debug][gc,phases      ] GC(124)     Dead                           Min: 0, Avg:  0.0, Max: 0, Diff: 0, Sum: 0, Workers: 4
[1245.555s][debug][gc,phases      ] GC(124)     Total                          Min: 0, Avg: 173.8, Max: 695, Diff: 695, Sum: 695, Workers: 4
[1245.555s][debug][gc,phases      ] GC(124)   ObjectSynchronizer Weak        Min:  0.0, Avg:  0.0, Max:  0.0, Diff:  0.0, Sum:  0.0, Workers: 4
[1245.555s][debug][gc,phases      ] GC(124)     Dead                           Min: 0, Avg:  0.0, Max: 0, Diff: 0, Sum: 0, Workers: 4
[1245.555s][debug][gc,phases      ] GC(124)     Total                          Min: 0, Avg: 100.2, Max: 192, Diff: 192, Sum: 401, Workers: 4
[1245.555s][debug][gc,phases      ] GC(124)   JVMTI Tag Weak OopStorage      Min:  0.0, Avg:  0.0, Max:  0.0, Diff:  0.0, Sum:  0.0, Workers: 4
[1245.555s][debug][gc,phases      ] GC(124)     Dead                           Min: 0, Avg:  0.0, Max: 0, Diff: 0, Sum: 0, Workers: 4
[1245.555s][debug][gc,phases      ] GC(124)     Total                          Min: 0, Avg:  0.0, Max: 0, Diff: 0, Sum: 0, Workers: 4
[1245.555s][debug][gc,phases      ] GC(124)   StringTable Weak               Min:  0.1, Avg:  0.1, Max:  0.1, Diff:  0.0, Sum:  0.5, Workers: 4
[1245.555s][debug][gc,phases      ] GC(124)     Dead                           Min: 0, Avg:  0.0, Max: 0, Diff: 0, Sum: 0, Workers: 4
[1245.555s][debug][gc,phases      ] GC(124)     Total                          Min: 11264, Avg: 12024.2, Max: 12449, Diff: 1185, Sum: 48097, Workers: 4
[1245.555s][debug][gc,phases      ] GC(124)   ResolvedMethodTable Weak       Min:  0.0, Avg:  0.0, Max:  0.0, Diff:  0.0, Sum:  0.1, Workers: 4
[1245.555s][debug][gc,phases      ] GC(124)     Dead                           Min: 0, Avg:  0.0, Max: 0, Diff: 0, Sum: 0, Workers: 4
[1245.555s][debug][gc,phases      ] GC(124)     Total                          Min: 1690, Avg: 1991.5, Max: 2258, Diff: 568, Sum: 7966, Workers: 4
[1245.555s][debug][gc,phases      ] GC(124)   JNI Weak                       Min:  0.0, Avg:  0.0, Max:  0.0, Diff:  0.0, Sum:  0.0, Workers: 4
[1245.555s][debug][gc,phases      ] GC(124)     Dead                           Min: 0, Avg:  0.0, Max: 0, Diff: 0, Sum: 0, Workers: 4
[1245.555s][debug][gc,phases      ] GC(124)     Total                          Min: 0, Avg:  0.0, Max: 0, Diff: 0, Sum: 0, Workers: 4
[1245.555s][debug][gc,phases      ] GC(124)   StringDedup Table Weak         Min:  0.0, Avg:  0.0, Max:  0.0, Diff:  0.0, Sum:  0.0, Workers: 4
[1245.555s][debug][gc,phases      ] GC(124)     Dead                           Min: 0, Avg:  0.0, Max: 0, Diff: 0, Sum: 0, Workers: 4
[1245.555s][debug][gc,phases      ] GC(124)     Total                          Min: 0, Avg:  0.0, Max: 0, Diff: 0, Sum: 0, Workers: 4
[1245.555s][debug][gc,phases      ] GC(124)   StringDedup Requests0 Weak     Min:  0.0, Avg:  0.0, Max:  0.0, Diff:  0.0, Sum:  0.0, Workers: 4
[1245.555s][debug][gc,phases      ] GC(124)     Dead                           Min: 0, Avg:  0.0, Max: 0, Diff: 0, Sum: 0, Workers: 4
[1245.555s][debug][gc,phases      ] GC(124)     Total                          Min: 0, Avg:  0.0, Max: 0, Diff: 0, Sum: 0, Workers: 4
[1245.555s][debug][gc,phases      ] GC(124)   StringDedup Requests1 Weak     Min:  0.0, Avg:  0.0, Max:  0.0, Diff:  0.0, Sum:  0.0, Workers: 4
[1245.555s][debug][gc,phases      ] GC(124)     Dead                           Min: 0, Avg:  0.0, Max: 0, Diff: 0, Sum: 0, Workers: 4
[1245.555s][debug][gc,phases      ] GC(124)     Total                          Min: 0, Avg:  0.0, Max: 0, Diff: 0, Sum: 0, Workers: 4
[1245.555s][debug][gc,phases      ] GC(124)   Weak JFR Old Object Samples    Min:  0.0, Avg:  0.0, Max:  0.0, Diff:  0.0, Sum:  0.0, Workers: 4
[1245.555s][debug][gc,phases      ] GC(124)     Dead                           Min: 0, Avg:  0.0, Max: 0, Diff: 0, Sum: 0, Workers: 4
[1245.555s][debug][gc,phases      ] GC(124)     Total                          Min: 0, Avg:  0.0, Max: 0, Diff: 0, Sum: 0, Workers: 4
[1245.555s][debug][gc,phases      ] GC(124) Weak Processing 0.331ms
[1245.555s][debug][gc,age         ] GC(124) Desired survivor size 116391936 bytes, new threshold 15 (max threshold 15)
[1245.555s][info ][gc,heap        ] GC(124) PSYoungGen: 1914240K(1983488K)->38608K(1983488K) Eden: 1869824K(1869824K)->0K(1869824K) From: 44416K(113664K)->38608K(113664K)
[1245.555s][info ][gc,heap        ] GC(124) ParOldGen: 518367K(545280K)->524863K(545280K)
[1245.555s][info ][gc,metaspace   ] GC(124) Metaspace: 82704K(83520K)->82704K(83520K) NonClass: 71118K(71552K)->71118K(71552K) Class: 11585K(11968K)->11585K(11968K)
[1245.555s][info ][gc             ] GC(124) Pause Young (Allocation Failure) 2375M->550M(2469M) 13.719ms
[1245.555s][info ][gc,cpu         ] GC(124) User=0.05s Sys=0.00s Real=0.01s
[1245.555s][info ][safepoint      ] Safepoint "ParallelGCFailedAllocation", Time since last: 1574039710 ns, Reaching safepoint: 34101 ns, At safepoint: 13794830 ns, Total: 13828931 ns
[1250.555s][info ][safepoint      ] Safepoint "Cleanup", Time since last: 5000335594 ns, Reaching safepoint: 48801 ns, At safepoint: 6000 ns, Total: 54801 ns
[1257.556s][info ][safepoint      ] Safepoint "Cleanup", Time since last: 7000527434 ns, Reaching safepoint: 60502 ns, At safepoint: 12300 ns, Total: 72802 ns
[1284.558s][info ][safepoint      ] Safepoint "Cleanup", Time since last: 27001953259 ns, Reaching safepoint: 57601 ns, At safepoint: 9800 ns, Total: 67401 ns
[1313.560s][info ][safepoint      ] Safepoint "Cleanup", Time since last: 29001919326 ns, Reaching safepoint: 42401 ns, At safepoint: 4200 ns, Total: 46601 ns
[1315.560s][info ][safepoint      ] Safepoint "Cleanup", Time since last: 2000164919 ns, Reaching safepoint: 42701 ns, At safepoint: 3501 ns, Total: 46202 ns
[1316.560s][info ][safepoint      ] Safepoint "Cleanup", Time since last: 1000074560 ns, Reaching safepoint: 38001 ns, At safepoint: 3000 ns, Total: 41001 ns
[1320.561s][info ][safepoint      ] Safepoint "Cleanup", Time since last: 4000310451 ns, Reaching safepoint: 50501 ns, At safepoint: 10201 ns, Total: 60702 ns
[1321.561s][info ][safepoint      ] Safepoint "Cleanup", Time since last: 1000109565 ns, Reaching safepoint: 42201 ns, At safepoint: 3200 ns, Total: 45401 ns
[1324.561s][info ][safepoint      ] Safepoint "Cleanup", Time since last: 3000244500 ns, Reaching safepoint: 79602 ns, At safepoint: 10801 ns, Total: 90403 ns
[1333.562s][info ][safepoint      ] Safepoint "Cleanup", Time since last: 9000670749 ns, Reaching safepoint: 52801 ns, At safepoint: 11601 ns, Total: 64402 ns
[1335.562s][info ][safepoint      ] Safepoint "Cleanup", Time since last: 2000175717 ns, Reaching safepoint: 50502 ns, At safepoint: 3000 ns, Total: 53502 ns
[1336.562s][info ][safepoint      ] Safepoint "Cleanup", Time since last: 1000110161 ns, Reaching safepoint: 50501 ns, At safepoint: 7601 ns, Total: 58102 ns
[1339.238s][info ][gc,start       ] GC(125) Pause Young (Allocation Failure)
[1339.253s][debug][gc,phases      ] GC(125) Scavenge 15.139ms
[1339.253s][debug][gc,ref         ] GC(125) Skipped phase 1 of Reference Processing: no references
[1339.253s][debug][gc,ref         ] GC(125) ReferenceProcessor::execute queues: 1, RefProcThreadModel::Single, marks_oops_alive: false
[1339.253s][debug][gc,ref         ] GC(125) Skipped phase 3 of Reference Processing: no references
[1339.253s][debug][gc,ref         ] GC(125) ReferenceProcessor::execute queues: 1, RefProcThreadModel::Single, marks_oops_alive: false
[1339.253s][debug][gc,phases      ] GC(125) Reference Processing 0.164ms
[1339.254s][debug][gc,phases      ] GC(125)   VM Weak                        Min:  0.0, Avg:  0.0, Max:  0.0, Diff:  0.0, Sum:  0.0, Workers: 4
[1339.254s][debug][gc,phases      ] GC(125)     Dead                           Min: 0, Avg:  0.0, Max: 0, Diff: 0, Sum: 0, Workers: 4
[1339.254s][debug][gc,phases      ] GC(125)     Total                          Min: 0, Avg: 174.0, Max: 568, Diff: 568, Sum: 696, Workers: 4
[1339.254s][debug][gc,phases      ] GC(125)   ObjectSynchronizer Weak        Min:  0.0, Avg:  0.0, Max:  0.0, Diff:  0.0, Sum:  0.0, Workers: 4
[1339.254s][debug][gc,phases      ] GC(125)     Dead                           Min: 0, Avg:  0.0, Max: 0, Diff: 0, Sum: 0, Workers: 4
[1339.254s][debug][gc,phases      ] GC(125)     Total                          Min: 0, Avg: 100.2, Max: 192, Diff: 192, Sum: 401, Workers: 4
[1339.254s][debug][gc,phases      ] GC(125)   JVMTI Tag Weak OopStorage      Min:  0.0, Avg:  0.0, Max:  0.0, Diff:  0.0, Sum:  0.0, Workers: 4
[1339.254s][debug][gc,phases      ] GC(125)     Dead                           Min: 0, Avg:  0.0, Max: 0, Diff: 0, Sum: 0, Workers: 4
[1339.254s][debug][gc,phases      ] GC(125)     Total                          Min: 0, Avg:  0.0, Max: 0, Diff: 0, Sum: 0, Workers: 4
[1339.254s][debug][gc,phases      ] GC(125)   StringTable Weak               Min:  0.1, Avg:  0.1, Max:  0.1, Diff:  0.0, Sum:  0.5, Workers: 4
[1339.254s][debug][gc,phases      ] GC(125)     Dead                           Min: 0, Avg:  0.0, Max: 0, Diff: 0, Sum: 0, Workers: 4
[1339.254s][debug][gc,phases      ] GC(125)     Total                          Min: 10752, Avg: 12035.8, Max: 13199, Diff: 2447, Sum: 48143, Workers: 4
[1339.254s][debug][gc,phases      ] GC(125)   ResolvedMethodTable Weak       Min:  0.0, Avg:  0.0, Max:  0.0, Diff:  0.0, Sum:  0.1, Workers: 4
[1339.254s][debug][gc,phases      ] GC(125)     Dead                           Min: 0, Avg:  0.0, Max: 0, Diff: 0, Sum: 0, Workers: 4
[1339.254s][debug][gc,phases      ] GC(125)     Total                          Min: 1690, Avg: 1993.5, Max: 2354, Diff: 664, Sum: 7974, Workers: 4
[1339.254s][debug][gc,phases      ] GC(125)   JNI Weak                       Min:  0.0, Avg:  0.0, Max:  0.0, Diff:  0.0, Sum:  0.0, Workers: 4
[1339.254s][debug][gc,phases      ] GC(125)     Dead                           Min: 0, Avg:  0.0, Max: 0, Diff: 0, Sum: 0, Workers: 4
[1339.254s][debug][gc,phases      ] GC(125)     Total                          Min: 0, Avg:  0.0, Max: 0, Diff: 0, Sum: 0, Workers: 4
[1339.254s][debug][gc,phases      ] GC(125)   StringDedup Table Weak         Min:  0.0, Avg:  0.0, Max:  0.0, Diff:  0.0, Sum:  0.0, Workers: 4
[1339.254s][debug][gc,phases      ] GC(125)     Dead                           Min: 0, Avg:  0.0, Max: 0, Diff: 0, Sum: 0, Workers: 4
[1339.254s][debug][gc,phases      ] GC(125)     Total                          Min: 0, Avg:  0.0, Max: 0, Diff: 0, Sum: 0, Workers: 4
[1339.254s][debug][gc,phases      ] GC(125)   StringDedup Requests0 Weak     Min:  0.0, Avg:  0.0, Max:  0.0, Diff:  0.0, Sum:  0.0, Workers: 4
[1339.254s][debug][gc,phases      ] GC(125)     Dead                           Min: 0, Avg:  0.0, Max: 0, Diff: 0, Sum: 0, Workers: 4
[1339.254s][debug][gc,phases      ] GC(125)     Total                          Min: 0, Avg:  0.0, Max: 0, Diff: 0, Sum: 0, Workers: 4
[1339.254s][debug][gc,phases      ] GC(125)   StringDedup Requests1 Weak     Min:  0.0, Avg:  0.0, Max:  0.0, Diff:  0.0, Sum:  0.0, Workers: 4
[1339.254s][debug][gc,phases      ] GC(125)     Dead                           Min: 0, Avg:  0.0, Max: 0, Diff: 0, Sum: 0, Workers: 4
[1339.254s][debug][gc,phases      ] GC(125)     Total                          Min: 0, Avg:  0.0, Max: 0, Diff: 0, Sum: 0, Workers: 4
[1339.254s][debug][gc,phases      ] GC(125)   Weak JFR Old Object Samples    Min:  0.0, Avg:  0.0, Max:  0.0, Diff:  0.0, Sum:  0.0, Workers: 4
[1339.254s][debug][gc,phases      ] GC(125)     Dead                           Min: 0, Avg:  0.0, Max: 0, Diff: 0, Sum: 0, Workers: 4
[1339.254s][debug][gc,phases      ] GC(125)     Total                          Min: 0, Avg:  0.0, Max: 0, Diff: 0, Sum: 0, Workers: 4
[1339.254s][debug][gc,phases      ] GC(125) Weak Processing 0.342ms
[1339.254s][debug][gc,age         ] GC(125) Desired survivor size 120061952 bytes, new threshold 15 (max threshold 15)
[1339.254s][info ][gc,heap        ] GC(125) PSYoungGen: 1908432K(1983488K)->14752K(1976320K) Eden: 1869824K(1869824K)->0K(1862656K) From: 38608K(113664K)->14752K(113664K)
[1339.254s][info ][gc,heap        ] GC(125) ParOldGen: 524863K(545280K)->550431K(550912K)
[1339.254s][info ][gc,metaspace   ] GC(125) Metaspace: 82777K(83584K)->82777K(83584K) NonClass: 71187K(71616K)->71187K(71616K) Class: 11590K(11968K)->11590K(11968K)
[1339.254s][info ][gc             ] GC(125) Pause Young (Allocation Failure) 2376M->551M(2468M) 15.791ms
[1339.254s][info ][gc,cpu         ] GC(125) User=0.05s Sys=0.01s Real=0.01s
[1339.254s][debug][gc,phases      ] GC(126) Pre Compact 0.010ms
[1339.254s][info ][gc,start       ] GC(126) Pause Full (Ergonomics)
[1339.254s][info ][gc,phases,start] GC(126) Marking Phase
[1339.388s][debug][gc,phases      ] GC(126) Par Mark 134.587ms
[1339.389s][debug][gc,ref         ] GC(126) Skipped phase 1 of Reference Processing: no references
[1339.389s][debug][gc,ref         ] GC(126) ReferenceProcessor::execute queues: 4, RefProcThreadModel::Multi, marks_oops_alive: false
[1339.389s][debug][gc,ref         ] GC(126) ReferenceProcessor::execute queues: 4, RefProcThreadModel::Multi, marks_oops_alive: true
[1339.389s][debug][gc,ref         ] GC(126) ReferenceProcessor::execute queues: 1, RefProcThreadModel::Single, marks_oops_alive: false
[1339.389s][debug][gc,phases      ] GC(126) Reference Processing 0.734ms
[1339.389s][debug][gc,phases      ] GC(126)   VM Weak                        Min:  0.0, Avg:  0.0, Max:  0.0, Diff:  0.0, Sum:  0.0, Workers: 4
[1339.389s][debug][gc,phases      ] GC(126)     Dead                           Min: 0, Avg:  0.0, Max: 0, Diff: 0, Sum: 0, Workers: 4
[1339.389s][debug][gc,phases      ] GC(126)     Total                          Min: 0, Avg: 174.0, Max: 320, Diff: 320, Sum: 696, Workers: 4
[1339.390s][debug][gc,phases      ] GC(126)   ObjectSynchronizer Weak        Min:  0.0, Avg:  0.0, Max:  0.0, Diff:  0.0, Sum:  0.0, Workers: 4
[1339.390s][debug][gc,phases      ] GC(126)     Dead                           Min: 0, Avg:  0.0, Max: 0, Diff: 0, Sum: 0, Workers: 4
[1339.390s][debug][gc,phases      ] GC(126)     Total                          Min: 17, Avg: 100.2, Max: 128, Diff: 111, Sum: 401, Workers: 4
[1339.390s][debug][gc,phases      ] GC(126)   JVMTI Tag Weak OopStorage      Min:  0.0, Avg:  0.0, Max:  0.0, Diff:  0.0, Sum:  0.0, Workers: 4
[1339.390s][debug][gc,phases      ] GC(126)     Dead                           Min: 0, Avg:  0.0, Max: 0, Diff: 0, Sum: 0, Workers: 4
[1339.390s][debug][gc,phases      ] GC(126)     Total                          Min: 0, Avg:  0.0, Max: 0, Diff: 0, Sum: 0, Workers: 4
[1339.390s][debug][gc,phases      ] GC(126)   StringTable Weak               Min:  0.1, Avg:  0.1, Max:  0.1, Diff:  0.0, Sum:  0.6, Workers: 4
[1339.390s][debug][gc,phases      ] GC(126)     Dead                           Min: 0, Avg:  0.0, Max: 0, Diff: 0, Sum: 0, Workers: 4
[1339.390s][debug][gc,phases      ] GC(126)     Total                          Min: 9728, Avg: 12035.8, Max: 13455, Diff: 3727, Sum: 48143, Workers: 4
[1339.390s][debug][gc,phases      ] GC(126)   ResolvedMethodTable Weak       Min:  0.0, Avg:  0.0, Max:  0.0, Diff:  0.0, Sum:  0.1, Workers: 4
[1339.390s][debug][gc,phases      ] GC(126)     Dead                           Min: 0, Avg:  0.0, Max: 0, Diff: 0, Sum: 0, Workers: 4
[1339.390s][debug][gc,phases      ] GC(126)     Total                          Min: 1690, Avg: 1993.5, Max: 2258, Diff: 568, Sum: 7974, Workers: 4
[1339.390s][debug][gc,phases      ] GC(126)   JNI Weak                       Min:  0.0, Avg:  0.0, Max:  0.0, Diff:  0.0, Sum:  0.0, Workers: 4
[1339.390s][debug][gc,phases      ] GC(126)     Dead                           Min: 0, Avg:  0.0, Max: 0, Diff: 0, Sum: 0, Workers: 4
[1339.390s][debug][gc,phases      ] GC(126)     Total                          Min: 0, Avg:  0.0, Max: 0, Diff: 0, Sum: 0, Workers: 4
[1339.390s][debug][gc,phases      ] GC(126)   StringDedup Table Weak         Min:  0.0, Avg:  0.0, Max:  0.0, Diff:  0.0, Sum:  0.0, Workers: 4
[1339.390s][debug][gc,phases      ] GC(126)     Dead                           Min: 0, Avg:  0.0, Max: 0, Diff: 0, Sum: 0, Workers: 4
[1339.390s][debug][gc,phases      ] GC(126)     Total                          Min: 0, Avg:  0.0, Max: 0, Diff: 0, Sum: 0, Workers: 4
[1339.390s][debug][gc,phases      ] GC(126)   StringDedup Requests0 Weak     Min:  0.0, Avg:  0.0, Max:  0.0, Diff:  0.0, Sum:  0.0, Workers: 4
[1339.390s][debug][gc,phases      ] GC(126)     Dead                           Min: 0, Avg:  0.0, Max: 0, Diff: 0, Sum: 0, Workers: 4
[1339.390s][debug][gc,phases      ] GC(126)     Total                          Min: 0, Avg:  0.0, Max: 0, Diff: 0, Sum: 0, Workers: 4
[1339.390s][debug][gc,phases      ] GC(126)   StringDedup Requests1 Weak     Min:  0.0, Avg:  0.0, Max:  0.0, Diff:  0.0, Sum:  0.0, Workers: 4
[1339.390s][debug][gc,phases      ] GC(126)     Dead                           Min: 0, Avg:  0.0, Max: 0, Diff: 0, Sum: 0, Workers: 4
[1339.390s][debug][gc,phases      ] GC(126)     Total                          Min: 0, Avg:  0.0, Max: 0, Diff: 0, Sum: 0, Workers: 4
[1339.390s][debug][gc,phases      ] GC(126)   Weak JFR Old Object Samples    Min:  0.0, Avg:  0.0, Max:  0.0, Diff:  0.0, Sum:  0.0, Workers: 4
[1339.390s][debug][gc,phases      ] GC(126)     Dead                           Min: 0, Avg:  0.0, Max: 0, Diff: 0, Sum: 0, Workers: 4
[1339.390s][debug][gc,phases      ] GC(126)     Total                          Min: 0, Avg:  0.0, Max: 0, Diff: 0, Sum: 0, Workers: 4
[1339.390s][debug][gc,phases      ] GC(126) Weak Processing 0.371ms
[1339.390s][debug][gc,phases      ] GC(126) ClassLoaderData 0.092ms
[1339.390s][debug][gc,phases      ] GC(126) Trigger cleanups 0.000ms
[1339.407s][debug][gc,phases      ] GC(126) Class Unloading 16.977ms
[1339.407s][info ][gc,phases      ] GC(126) Marking Phase 152.851ms
[1339.407s][info ][gc,phases,start] GC(126) Summary Phase
[1339.407s][info ][gc,phases      ] GC(126) Summary Phase 0.019ms
[1339.407s][info ][gc,phases,start] GC(126) Adjust Roots
[1339.419s][info ][gc,phases      ] GC(126) Adjust Roots 12.239ms
[1339.419s][info ][gc,phases,start] GC(126) Compaction Phase
[1339.521s][info ][gc,phases      ] GC(126) Compaction Phase 102.489ms
[1339.521s][info ][gc,phases,start] GC(126) Post Compact
[1339.523s][info ][gc,phases      ] GC(126) Post Compact 1.839ms
[1339.524s][info ][gc,heap        ] GC(126) PSYoungGen: 14752K(1976320K)->0K(1979904K) Eden: 0K(1862656K)->0K(1862656K) From: 14752K(113664K)->0K(117248K)
[1339.524s][info ][gc,heap        ] GC(126) ParOldGen: 550431K(550912K)->525630K(647168K)
[1339.524s][info ][gc,metaspace   ] GC(126) Metaspace: 82777K(83584K)->82777K(83584K) NonClass: 71187K(71616K)->71187K(71616K) Class: 11590K(11968K)->11590K(11968K)
[1339.524s][info ][gc             ] GC(126) Pause Full (Ergonomics) 551M->513M(2565M) 269.762ms
[1339.524s][info ][gc,cpu         ] GC(126) User=0.99s Sys=0.00s Real=0.27s
[1339.524s][info ][safepoint      ] Safepoint "ParallelGCFailedAllocation", Time since last: 2675528807 ns, Reaching safepoint: 98902 ns, At safepoint: 285701261 ns, Total: 285800163 ns
[1340.524s][info ][safepoint      ] Safepoint "Cleanup", Time since last: 1000084167 ns, Reaching safepoint: 43201 ns, At safepoint: 2900 ns, Total: 46101 ns
[1345.524s][info ][safepoint      ] Safepoint "Cleanup", Time since last: 5000399854 ns, Reaching safepoint: 60201 ns, At safepoint: 4400 ns, Total: 64601 ns
[1353.525s][info ][safepoint      ] Safepoint "Cleanup", Time since last: 8000558838 ns, Reaching safepoint: 42301 ns, At safepoint: 3900 ns, Total: 46201 ns
[1357.525s][info ][safepoint      ] Safepoint "Cleanup", Time since last: 4000299652 ns, Reaching safepoint: 54302 ns, At safepoint: 5100 ns, Total: 59402 ns
[1363.526s][info ][safepoint      ] Safepoint "Cleanup", Time since last: 6000417969 ns, Reaching safepoint: 47401 ns, At safepoint: 5801 ns, Total: 53202 ns
[1367.526s][info ][safepoint      ] Safepoint "Cleanup", Time since last: 4000338408 ns, Reaching safepoint: 39801 ns, At safepoint: 2700 ns, Total: 42501 ns
[1368.526s][info ][safepoint      ] Safepoint "Cleanup", Time since last: 1000124006 ns, Reaching safepoint: 45701 ns, At safepoint: 3400 ns, Total: 49101 ns
[1376.527s][info ][safepoint      ] Safepoint "Cleanup", Time since last: 8000576790 ns, Reaching safepoint: 54401 ns, At safepoint: 10700 ns, Total: 65101 ns
[1377.527s][info ][safepoint      ] Safepoint "Cleanup", Time since last: 1000108119 ns, Reaching safepoint: 47101 ns, At safepoint: 4100 ns, Total: 51201 ns
[1399.529s][info ][safepoint      ] Safepoint "Cleanup", Time since last: 22001487006 ns, Reaching safepoint: 43001 ns, At safepoint: 4800 ns, Total: 47801 ns
[1400.529s][info ][safepoint      ] Safepoint "Cleanup", Time since last: 1000105048 ns, Reaching safepoint: 43501 ns, At safepoint: 3600 ns, Total: 47101 ns
[1423.530s][info ][safepoint      ] Safepoint "Cleanup", Time since last: 23001535522 ns, Reaching safepoint: 53101 ns, At safepoint: 10800 ns, Total: 63901 ns
[1430.106s][info ][gc,start       ] GC(127) Pause Young (Allocation Failure)
[1430.112s][debug][gc,phases      ] GC(127) Scavenge 6.131ms
[1430.112s][debug][gc,ref         ] GC(127) Skipped phase 1 of Reference Processing: no references
[1430.112s][debug][gc,ref         ] GC(127) ReferenceProcessor::execute queues: 1, RefProcThreadModel::Single, marks_oops_alive: false
[1430.112s][debug][gc,ref         ] GC(127) Skipped phase 3 of Reference Processing: no references
[1430.112s][debug][gc,ref         ] GC(127) ReferenceProcessor::execute queues: 1, RefProcThreadModel::Single, marks_oops_alive: false
[1430.112s][debug][gc,phases      ] GC(127) Reference Processing 0.185ms
[1430.112s][debug][gc,phases      ] GC(127)   VM Weak                        Min:  0.0, Avg:  0.0, Max:  0.0, Diff:  0.0, Sum:  0.0, Workers: 4
[1430.112s][debug][gc,phases      ] GC(127)     Dead                           Min: 0, Avg:  0.0, Max: 0, Diff: 0, Sum: 0, Workers: 4
[1430.112s][debug][gc,phases      ] GC(127)     Total                          Min: 56, Avg: 174.0, Max: 512, Diff: 456, Sum: 696, Workers: 4
[1430.112s][debug][gc,phases      ] GC(127)   ObjectSynchronizer Weak        Min:  0.0, Avg:  0.0, Max:  0.0, Diff:  0.0, Sum:  0.0, Workers: 4
[1430.112s][debug][gc,phases      ] GC(127)     Dead                           Min: 0, Avg:  0.0, Max: 0, Diff: 0, Sum: 0, Workers: 4
[1430.112s][debug][gc,phases      ] GC(127)     Total                          Min: 64, Avg: 100.2, Max: 128, Diff: 64, Sum: 401, Workers: 4
[1430.112s][debug][gc,phases      ] GC(127)   JVMTI Tag Weak OopStorage      Min:  0.0, Avg:  0.0, Max:  0.0, Diff:  0.0, Sum:  0.0, Workers: 4
[1430.112s][debug][gc,phases      ] GC(127)     Dead                           Min: 0, Avg:  0.0, Max: 0, Diff: 0, Sum: 0, Workers: 4
[1430.112s][debug][gc,phases      ] GC(127)     Total                          Min: 0, Avg:  0.0, Max: 0, Diff: 0, Sum: 0, Workers: 4
[1430.112s][debug][gc,phases      ] GC(127)   StringTable Weak               Min:  0.1, Avg:  0.1, Max:  0.1, Diff:  0.0, Sum:  0.5, Workers: 4
[1430.112s][debug][gc,phases      ] GC(127)     Dead                           Min: 0, Avg:  0.0, Max: 0, Diff: 0, Sum: 0, Workers: 4
[1430.112s][debug][gc,phases      ] GC(127)     Total                          Min: 11345, Avg: 12036.2, Max: 12928, Diff: 1583, Sum: 48145, Workers: 4
[1430.112s][debug][gc,phases      ] GC(127)   ResolvedMethodTable Weak       Min:  0.0, Avg:  0.0, Max:  0.0, Diff:  0.0, Sum:  0.1, Workers: 4
[1430.112s][debug][gc,phases      ] GC(127)     Dead                           Min: 0, Avg:  0.0, Max: 0, Diff: 0, Sum: 0, Workers: 4
[1430.112s][debug][gc,phases      ] GC(127)     Total                          Min: 1866, Avg: 1993.5, Max: 2098, Diff: 232, Sum: 7974, Workers: 4
[1430.112s][debug][gc,phases      ] GC(127)   JNI Weak                       Min:  0.0, Avg:  0.0, Max:  0.0, Diff:  0.0, Sum:  0.0, Workers: 4
[1430.112s][debug][gc,phases      ] GC(127)     Dead                           Min: 0, Avg:  0.0, Max: 0, Diff: 0, Sum: 0, Workers: 4
[1430.112s][debug][gc,phases      ] GC(127)     Total                          Min: 0, Avg:  0.0, Max: 0, Diff: 0, Sum: 0, Workers: 4
[1430.112s][debug][gc,phases      ] GC(127)   StringDedup Table Weak         Min:  0.0, Avg:  0.0, Max:  0.0, Diff:  0.0, Sum:  0.0, Workers: 4
[1430.112s][debug][gc,phases      ] GC(127)     Dead                           Min: 0, Avg:  0.0, Max: 0, Diff: 0, Sum: 0, Workers: 4
[1430.112s][debug][gc,phases      ] GC(127)     Total                          Min: 0, Avg:  0.0, Max: 0, Diff: 0, Sum: 0, Workers: 4
[1430.112s][debug][gc,phases      ] GC(127)   StringDedup Requests0 Weak     Min:  0.0, Avg:  0.0, Max:  0.0, Diff:  0.0, Sum:  0.0, Workers: 4
[1430.112s][debug][gc,phases      ] GC(127)     Dead                           Min: 0, Avg:  0.0, Max: 0, Diff: 0, Sum: 0, Workers: 4
[1430.112s][debug][gc,phases      ] GC(127)     Total                          Min: 0, Avg:  0.0, Max: 0, Diff: 0, Sum: 0, Workers: 4
[1430.112s][debug][gc,phases      ] GC(127)   StringDedup Requests1 Weak     Min:  0.0, Avg:  0.0, Max:  0.0, Diff:  0.0, Sum:  0.0, Workers: 4
[1430.112s][debug][gc,phases      ] GC(127)     Dead                           Min: 0, Avg:  0.0, Max: 0, Diff: 0, Sum: 0, Workers: 4
[1430.112s][debug][gc,phases      ] GC(127)     Total                          Min: 0, Avg:  0.0, Max: 0, Diff: 0, Sum: 0, Workers: 4
[1430.113s][debug][gc,phases      ] GC(127)   Weak JFR Old Object Samples    Min:  0.0, Avg:  0.0, Max:  0.0, Diff:  0.0, Sum:  0.0, Workers: 4
[1430.113s][debug][gc,phases      ] GC(127)     Dead                           Min: 0, Avg:  0.0, Max: 0, Diff: 0, Sum: 0, Workers: 4
[1430.113s][debug][gc,phases      ] GC(127)     Total                          Min: 0, Avg:  0.0, Max: 0, Diff: 0, Sum: 0, Workers: 4
[1430.113s][debug][gc,phases      ] GC(127) Weak Processing 0.421ms
[1430.113s][debug][gc,age         ] GC(127) Desired survivor size 123731968 bytes, new threshold 15 (max threshold 15)
[1430.113s][info ][gc,heap        ] GC(127) PSYoungGen: 1862656K(1979904K)->2592K(1972736K) Eden: 1862656K(1862656K)->0K(1855488K) From: 0K(117248K)->2592K(117248K)
[1430.113s][info ][gc,heap        ] GC(127) ParOldGen: 525630K(647168K)->525638K(647168K)
[1430.113s][info ][gc,metaspace   ] GC(127) Metaspace: 82799K(83648K)->82799K(83648K) NonClass: 71205K(71680K)->71205K(71680K) Class: 11593K(11968K)->11593K(11968K)
[1430.113s][info ][gc             ] GC(127) Pause Young (Allocation Failure) 2332M->515M(2558M) 6.896ms
[1430.113s][info ][gc,cpu         ] GC(127) User=0.01s Sys=0.00s Real=0.01s
[1430.113s][info ][safepoint      ] Safepoint "ParallelGCFailedAllocation", Time since last: 6574909741 ns, Reaching safepoint: 449511 ns, At safepoint: 7015066 ns, Total: 7464577 ns
[1433.113s][info ][safepoint      ] Safepoint "Cleanup", Time since last: 3000220358 ns, Reaching safepoint: 51801 ns, At safepoint: 4600 ns, Total: 56401 ns
[1436.113s][info ][safepoint      ] Safepoint "Cleanup", Time since last: 3000237069 ns, Reaching safepoint: 52601 ns, At safepoint: 4100 ns, Total: 56701 ns
[1442.114s][info ][safepoint      ] Safepoint "Cleanup", Time since last: 6000374866 ns, Reaching safepoint: 49602 ns, At safepoint: 9900 ns, Total: 59502 ns
[1443.114s][info ][safepoint      ] Safepoint "Cleanup", Time since last: 1000114500 ns, Reaching safepoint: 37701 ns, At safepoint: 3200 ns, Total: 40901 ns
[1456.115s][info ][safepoint      ] Safepoint "Cleanup", Time since last: 13000957289 ns, Reaching safepoint: 61401 ns, At safepoint: 8300 ns, Total: 69701 ns
[1468.116s][info ][safepoint      ] Safepoint "Cleanup", Time since last: 12000815552 ns, Reaching safepoint: 44801 ns, At safepoint: 3700 ns, Total: 48501 ns
[1503.118s][info ][safepoint      ] Safepoint "Cleanup", Time since last: 35002129825 ns, Reaching safepoint: 44901 ns, At safepoint: 3800 ns, Total: 48701 ns
[1504.118s][info ][safepoint      ] Safepoint "Cleanup", Time since last: 1000106867 ns, Reaching safepoint: 45701 ns, At safepoint: 3300 ns, Total: 49001 ns
[1506.118s][info ][safepoint      ] Safepoint "Cleanup", Time since last: 2000174235 ns, Reaching safepoint: 29101 ns, At safepoint: 3100 ns, Total: 32201 ns
[1508.118s][info ][safepoint      ] Safepoint "Cleanup", Time since last: 2000192540 ns, Reaching safepoint: 42901 ns, At safepoint: 5100 ns, Total: 48001 ns
[1522.119s][info ][safepoint      ] Safepoint "Cleanup", Time since last: 14000960384 ns, Reaching safepoint: 44501 ns, At safepoint: 6900 ns, Total: 51401 ns
[1525.120s][info ][safepoint      ] Safepoint "Cleanup", Time since last: 3000241759 ns, Reaching safepoint: 52601 ns, At safepoint: 10000 ns, Total: 62601 ns
[1527.691s][info ][gc,start       ] GC(128) Pause Young (Allocation Failure)
[1527.700s][debug][gc,phases      ] GC(128) Scavenge 8.554ms
[1527.700s][debug][gc,ref         ] GC(128) Skipped phase 1 of Reference Processing: no references
[1527.700s][debug][gc,ref         ] GC(128) ReferenceProcessor::execute queues: 1, RefProcThreadModel::Single, marks_oops_alive: false
[1527.700s][debug][gc,ref         ] GC(128) Skipped phase 3 of Reference Processing: no references
[1527.700s][debug][gc,ref         ] GC(128) ReferenceProcessor::execute queues: 1, RefProcThreadModel::Single, marks_oops_alive: false
[1527.700s][debug][gc,phases      ] GC(128) Reference Processing 0.145ms
[1527.700s][debug][gc,phases      ] GC(128)   VM Weak                        Min:  0.0, Avg:  0.0, Max:  0.0, Diff:  0.0, Sum:  0.0, Workers: 4
[1527.700s][debug][gc,phases      ] GC(128)     Dead                           Min: 0, Avg:  0.0, Max: 0, Diff: 0, Sum: 0, Workers: 4
[1527.700s][debug][gc,phases      ] GC(128)     Total                          Min: 0, Avg: 174.0, Max: 632, Diff: 632, Sum: 696, Workers: 4
[1527.700s][debug][gc,phases      ] GC(128)   ObjectSynchronizer Weak        Min:  0.0, Avg:  0.0, Max:  0.0, Diff:  0.0, Sum:  0.0, Workers: 4
[1527.700s][debug][gc,phases      ] GC(128)     Dead                           Min: 0, Avg:  0.0, Max: 0, Diff: 0, Sum: 0, Workers: 4
[1527.700s][debug][gc,phases      ] GC(128)     Total                          Min: 0, Avg: 100.2, Max: 145, Diff: 145, Sum: 401, Workers: 4
[1527.700s][debug][gc,phases      ] GC(128)   JVMTI Tag Weak OopStorage      Min:  0.0, Avg:  0.0, Max:  0.0, Diff:  0.0, Sum:  0.0, Workers: 4
[1527.700s][debug][gc,phases      ] GC(128)     Dead                           Min: 0, Avg:  0.0, Max: 0, Diff: 0, Sum: 0, Workers: 4
[1527.700s][debug][gc,phases      ] GC(128)     Total                          Min: 0, Avg:  0.0, Max: 0, Diff: 0, Sum: 0, Workers: 4
[1527.700s][debug][gc,phases      ] GC(128)   StringTable Weak               Min:  0.0, Avg:  0.1, Max:  0.1, Diff:  0.1, Sum:  0.4, Workers: 4
[1527.700s][debug][gc,phases      ] GC(128)     Dead                           Min: 0, Avg:  0.0, Max: 0, Diff: 0, Sum: 0, Workers: 4
[1527.700s][debug][gc,phases      ] GC(128)     Total                          Min: 0, Avg: 12037.0, Max: 16724, Diff: 16724, Sum: 48148, Workers: 4
[1527.700s][debug][gc,phases      ] GC(128)   ResolvedMethodTable Weak       Min:  0.0, Avg:  0.0, Max:  0.0, Diff:  0.0, Sum:  0.1, Workers: 4
[1527.700s][debug][gc,phases      ] GC(128)     Dead                           Min: 0, Avg:  4.2, Max: 17, Diff: 17, Sum: 17, Workers: 4
[1527.700s][debug][gc,phases      ] GC(128)     Total                          Min: 0, Avg: 1998.2, Max: 2851, Diff: 2851, Sum: 7993, Workers: 4
[1527.700s][debug][gc,phases      ] GC(128)   JNI Weak                       Min:  0.0, Avg:  0.0, Max:  0.0, Diff:  0.0, Sum:  0.0, Workers: 4
[1527.700s][debug][gc,phases      ] GC(128)     Dead                           Min: 0, Avg:  0.0, Max: 0, Diff: 0, Sum: 0, Workers: 4
[1527.700s][debug][gc,phases      ] GC(128)     Total                          Min: 0, Avg:  0.0, Max: 0, Diff: 0, Sum: 0, Workers: 4
[1527.700s][debug][gc,phases      ] GC(128)   StringDedup Table Weak         Min:  0.0, Avg:  0.0, Max:  0.0, Diff:  0.0, Sum:  0.0, Workers: 4
[1527.700s][debug][gc,phases      ] GC(128)     Dead                           Min: 0, Avg:  0.0, Max: 0, Diff: 0, Sum: 0, Workers: 4
[1527.700s][debug][gc,phases      ] GC(128)     Total                          Min: 0, Avg:  0.0, Max: 0, Diff: 0, Sum: 0, Workers: 4
[1527.700s][debug][gc,phases      ] GC(128)   StringDedup Requests0 Weak     Min:  0.0, Avg:  0.0, Max:  0.0, Diff:  0.0, Sum:  0.0, Workers: 4
[1527.700s][debug][gc,phases      ] GC(128)     Dead                           Min: 0, Avg:  0.0, Max: 0, Diff: 0, Sum: 0, Workers: 4
[1527.700s][debug][gc,phases      ] GC(128)     Total                          Min: 0, Avg:  0.0, Max: 0, Diff: 0, Sum: 0, Workers: 4
[1527.700s][debug][gc,phases      ] GC(128)   StringDedup Requests1 Weak     Min:  0.0, Avg:  0.0, Max:  0.0, Diff:  0.0, Sum:  0.0, Workers: 4
[1527.700s][debug][gc,phases      ] GC(128)     Dead                           Min: 0, Avg:  0.0, Max: 0, Diff: 0, Sum: 0, Workers: 4
[1527.700s][debug][gc,phases      ] GC(128)     Total                          Min: 0, Avg:  0.0, Max: 0, Diff: 0, Sum: 0, Workers: 4
[1527.700s][debug][gc,phases      ] GC(128)   Weak JFR Old Object Samples    Min:  0.0, Avg:  0.0, Max:  0.0, Diff:  0.0, Sum:  0.0, Workers: 4
[1527.700s][debug][gc,phases      ] GC(128)     Dead                           Min: 0, Avg:  0.0, Max: 0, Diff: 0, Sum: 0, Workers: 4
[1527.700s][debug][gc,phases      ] GC(128)     Total                          Min: 0, Avg:  0.0, Max: 0, Diff: 0, Sum: 0, Workers: 4
[1527.700s][debug][gc,phases      ] GC(128) Weak Processing 0.412ms
[1527.700s][debug][gc,age         ] GC(128) Desired survivor size 125829120 bytes, new threshold 15 (max threshold 15)
[1527.700s][info ][gc,heap        ] GC(128) PSYoungGen: 1858080K(1972736K)->2608K(1858560K) Eden: 1855488K(1855488K)->0K(1855488K) From: 2592K(117248K)->2608K(3072K)
[1527.700s][info ][gc,heap        ] GC(128) ParOldGen: 525638K(647168K)->525638K(647168K)
[1527.700s][info ][gc,metaspace   ] GC(128) Metaspace: 82815K(83712K)->82815K(83712K) NonClass: 71221K(71744K)->71221K(71744K) Class: 11594K(11968K)->11594K(11968K)
[1527.701s][info ][gc             ] GC(128) Pause Young (Allocation Failure) 2327M->515M(2447M) 9.256ms
[1527.701s][info ][gc,cpu         ] GC(128) User=0.01s Sys=0.00s Real=0.01s
[1527.701s][info ][safepoint      ] Safepoint "ParallelGCFailedAllocation", Time since last: 2571357022 ns, Reaching safepoint: 45201 ns, At safepoint: 9357024 ns, Total: 9402225 ns
[1528.701s][info ][safepoint      ] Safepoint "Cleanup", Time since last: 1000093191 ns, Reaching safepoint: 126803 ns, At safepoint: 7800 ns, Total: 134603 ns
[1529.701s][info ][safepoint      ] Safepoint "Cleanup", Time since last: 1000118093 ns, Reaching safepoint: 59201 ns, At safepoint: 10001 ns, Total: 69202 ns
[1530.701s][info ][safepoint      ] Safepoint "Cleanup", Time since last: 1000127993 ns, Reaching safepoint: 75002 ns, At safepoint: 9500 ns, Total: 84502 ns
[1532.702s][info ][safepoint      ] Safepoint "Cleanup", Time since last: 2000225290 ns, Reaching safepoint: 228106 ns, At safepoint: 10500 ns, Total: 238606 ns
[1535.702s][info ][safepoint      ] Safepoint "Cleanup", Time since last: 3000255291 ns, Reaching safepoint: 56101 ns, At safepoint: 29901 ns, Total: 86002 ns
[1547.703s][info ][safepoint      ] Safepoint "Cleanup", Time since last: 12000570137 ns, Reaching safepoint: 43501 ns, At safepoint: 3500 ns, Total: 47001 ns
[1550.703s][info ][safepoint      ] Safepoint "Cleanup", Time since last: 3000258234 ns, Reaching safepoint: 48201 ns, At safepoint: 8200 ns, Total: 56401 ns
[1551.703s][info ][safepoint      ] Safepoint "Cleanup", Time since last: 1000110014 ns, Reaching safepoint: 48001 ns, At safepoint: 3000 ns, Total: 51001 ns
[1559.704s][info ][safepoint      ] Safepoint "Cleanup", Time since last: 8000574136 ns, Reaching safepoint: 52201 ns, At safepoint: 3300 ns, Total: 55501 ns
[1561.553s][info ][safepoint      ] Safepoint "Cleanup", Time since last: 1849613542 ns, Reaching safepoint: 68802 ns, At safepoint: 9300 ns, Total: 78102 ns
[1569.554s][info ][safepoint      ] Safepoint "Cleanup", Time since last: 8000565709 ns, Reaching safepoint: 51401 ns, At safepoint: 7600 ns, Total: 59001 ns
[1572.554s][info ][safepoint      ] Safepoint "Cleanup", Time since last: 3000236894 ns, Reaching safepoint: 52701 ns, At safepoint: 3500 ns, Total: 56201 ns
[1587.555s][info ][safepoint      ] Safepoint "Cleanup", Time since last: 15001052887 ns, Reaching safepoint: 44801 ns, At safepoint: 3001 ns, Total: 47802 ns
[1592.556s][info ][safepoint      ] Safepoint "Cleanup", Time since last: 5000376240 ns, Reaching safepoint: 59001 ns, At safepoint: 4201 ns, Total: 63202 ns
[1593.556s][info ][safepoint      ] Safepoint "Cleanup", Time since last: 1000121151 ns, Reaching safepoint: 60202 ns, At safepoint: 10400 ns, Total: 70602 ns
[1604.557s][info ][safepoint      ] Safepoint "Cleanup", Time since last: 11000710812 ns, Reaching safepoint: 48701 ns, At safepoint: 10500 ns, Total: 59201 ns
[1605.557s][info ][safepoint      ] Safepoint "Cleanup", Time since last: 1000068961 ns, Reaching safepoint: 116203 ns, At safepoint: 10500 ns, Total: 126703 ns
[1609.942s][info ][safepoint      ] Safepoint "Cleanup", Time since last: 4384995071 ns, Reaching safepoint: 128703 ns, At safepoint: 6300 ns, Total: 135003 ns
[1610.942s][info ][safepoint      ] Safepoint "Cleanup", Time since last: 1000115067 ns, Reaching safepoint: 109003 ns, At safepoint: 9100 ns, Total: 118103 ns
[1614.943s][info ][safepoint      ] Safepoint "Cleanup", Time since last: 4000345171 ns, Reaching safepoint: 125403 ns, At safepoint: 7301 ns, Total: 132704 ns
[1620.293s][info ][gc,start       ] GC(129) Pause Young (Allocation Failure)
[1620.296s][debug][gc,phases      ] GC(129) Scavenge 2.982ms
[1620.296s][debug][gc,ref         ] GC(129) Skipped phase 1 of Reference Processing: no references
[1620.297s][debug][gc,ref         ] GC(129) ReferenceProcessor::execute queues: 1, RefProcThreadModel::Single, marks_oops_alive: false
[1620.297s][debug][gc,ref         ] GC(129) Skipped phase 3 of Reference Processing: no references
[1620.297s][debug][gc,ref         ] GC(129) ReferenceProcessor::execute queues: 1, RefProcThreadModel::Single, marks_oops_alive: false
[1620.297s][debug][gc,phases      ] GC(129) Reference Processing 0.224ms
[1620.297s][debug][gc,phases      ] GC(129)   VM Weak                        Min:  0.0, Avg:  0.0, Max:  0.0, Diff:  0.0, Sum:  0.0, Workers: 4
[1620.297s][debug][gc,phases      ] GC(129)     Dead                           Min: 0, Avg:  0.0, Max: 0, Diff: 0, Sum: 0, Workers: 4
[1620.297s][debug][gc,phases      ] GC(129)     Total                          Min: 0, Avg: 174.0, Max: 568, Diff: 568, Sum: 696, Workers: 4
[1620.297s][debug][gc,phases      ] GC(129)   ObjectSynchronizer Weak        Min:  0.0, Avg:  0.0, Max:  0.0, Diff:  0.0, Sum:  0.0, Workers: 4
[1620.297s][debug][gc,phases      ] GC(129)     Dead                           Min: 0, Avg:  0.0, Max: 0, Diff: 0, Sum: 0, Workers: 4
[1620.297s][debug][gc,phases      ] GC(129)     Total                          Min: 0, Avg: 100.2, Max: 192, Diff: 192, Sum: 401, Workers: 4
[1620.297s][debug][gc,phases      ] GC(129)   JVMTI Tag Weak OopStorage      Min:  0.0, Avg:  0.0, Max:  0.0, Diff:  0.0, Sum:  0.0, Workers: 4
[1620.297s][debug][gc,phases      ] GC(129)     Dead                           Min: 0, Avg:  0.0, Max: 0, Diff: 0, Sum: 0, Workers: 4
[1620.297s][debug][gc,phases      ] GC(129)     Total                          Min: 0, Avg:  0.0, Max: 0, Diff: 0, Sum: 0, Workers: 4
[1620.297s][debug][gc,phases      ] GC(129)   StringTable Weak               Min:  0.1, Avg:  0.1, Max:  0.1, Diff:  0.0, Sum:  0.5, Workers: 4
[1620.297s][debug][gc,phases      ] GC(129)     Dead                           Min: 0, Avg:  0.0, Max: 0, Diff: 0, Sum: 0, Workers: 4
[1620.297s][debug][gc,phases      ] GC(129)     Total                          Min: 11200, Avg: 12042.2, Max: 12864, Diff: 1664, Sum: 48169, Workers: 4
[1620.297s][debug][gc,phases      ] GC(129)   ResolvedMethodTable Weak       Min:  0.0, Avg:  0.0, Max:  0.0, Diff:  0.0, Sum:  0.1, Workers: 4
[1620.297s][debug][gc,phases      ] GC(129)     Dead                           Min: 0, Avg:  0.0, Max: 0, Diff: 0, Sum: 0, Workers: 4
[1620.297s][debug][gc,phases      ] GC(129)     Total                          Min: 1860, Avg: 1999.0, Max: 2184, Diff: 324, Sum: 7996, Workers: 4
[1620.297s][debug][gc,phases      ] GC(129)   JNI Weak                       Min:  0.0, Avg:  0.0, Max:  0.0, Diff:  0.0, Sum:  0.0, Workers: 4
[1620.297s][debug][gc,phases      ] GC(129)     Dead                           Min: 0, Avg:  0.0, Max: 0, Diff: 0, Sum: 0, Workers: 4
[1620.297s][debug][gc,phases      ] GC(129)     Total                          Min: 0, Avg:  0.0, Max: 0, Diff: 0, Sum: 0, Workers: 4
[1620.297s][debug][gc,phases      ] GC(129)   StringDedup Table Weak         Min:  0.0, Avg:  0.0, Max:  0.0, Diff:  0.0, Sum:  0.0, Workers: 4
[1620.297s][debug][gc,phases      ] GC(129)     Dead                           Min: 0, Avg:  0.0, Max: 0, Diff: 0, Sum: 0, Workers: 4
[1620.297s][debug][gc,phases      ] GC(129)     Total                          Min: 0, Avg:  0.0, Max: 0, Diff: 0, Sum: 0, Workers: 4
[1620.297s][debug][gc,phases      ] GC(129)   StringDedup Requests0 Weak     Min:  0.0, Avg:  0.0, Max:  0.0, Diff:  0.0, Sum:  0.0, Workers: 4
[1620.297s][debug][gc,phases      ] GC(129)     Dead                           Min: 0, Avg:  0.0, Max: 0, Diff: 0, Sum: 0, Workers: 4
[1620.297s][debug][gc,phases      ] GC(129)     Total                          Min: 0, Avg:  0.0, Max: 0, Diff: 0, Sum: 0, Workers: 4
[1620.297s][debug][gc,phases      ] GC(129)   StringDedup Requests1 Weak     Min:  0.0, Avg:  0.0, Max:  0.0, Diff:  0.0, Sum:  0.0, Workers: 4
[1620.297s][debug][gc,phases      ] GC(129)     Dead                           Min: 0, Avg:  0.0, Max: 0, Diff: 0, Sum: 0, Workers: 4
[1620.297s][debug][gc,phases      ] GC(129)     Total                          Min: 0, Avg:  0.0, Max: 0, Diff: 0, Sum: 0, Workers: 4
[1620.297s][debug][gc,phases      ] GC(129)   Weak JFR Old Object Samples    Min:  0.0, Avg:  0.0, Max:  0.0, Diff:  0.0, Sum:  0.0, Workers: 4
[1620.297s][debug][gc,phases      ] GC(129)     Dead                           Min: 0, Avg:  0.0, Max: 0, Diff: 0, Sum: 0, Workers: 4
[1620.297s][debug][gc,phases      ] GC(129)     Total                          Min: 0, Avg:  0.0, Max: 0, Diff: 0, Sum: 0, Workers: 4
[1620.297s][debug][gc,phases      ] GC(129) Weak Processing 0.429ms
[1620.297s][debug][gc,age         ] GC(129) Desired survivor size 126353408 bytes, new threshold 15 (max threshold 15)
[1620.297s][info ][gc,heap        ] GC(129) PSYoungGen: 1858096K(1858560K)->2960K(1973248K) Eden: 1855488K(1855488K)->0K(1850368K) From: 2608K(3072K)->2960K(122880K)
[1620.297s][info ][gc,heap        ] GC(129) ParOldGen: 525638K(647168K)->525638K(647168K)
[1620.297s][info ][gc,metaspace   ] GC(129) Metaspace: 82827K(83712K)->82827K(83712K) NonClass: 71231K(71744K)->71231K(71744K) Class: 11595K(11968K)->11595K(11968K)
[1620.297s][info ][gc             ] GC(129) Pause Young (Allocation Failure) 2327M->516M(2559M) 3.833ms
[1620.297s][info ][gc,cpu         ] GC(129) User=0.01s Sys=0.00s Real=0.01s
[1620.297s][info ][safepoint      ] Safepoint "ParallelGCFailedAllocation", Time since last: 5350301045 ns, Reaching safepoint: 138003 ns, At safepoint: 3953695 ns, Total: 4091698 ns
[1629.298s][info ][safepoint      ] Safepoint "Cleanup", Time since last: 9000655896 ns, Reaching safepoint: 59902 ns, At safepoint: 11100 ns, Total: 71002 ns
[1647.299s][info ][safepoint      ] Safepoint "Cleanup", Time since last: 18001192985 ns, Reaching safepoint: 56402 ns, At safepoint: 9100 ns, Total: 65502 ns
[1655.300s][info ][safepoint      ] Safepoint "Cleanup", Time since last: 8000605488 ns, Reaching safepoint: 49201 ns, At safepoint: 8500 ns, Total: 57701 ns
[1656.300s][info ][safepoint      ] Safepoint "Cleanup", Time since last: 1000103503 ns, Reaching safepoint: 44001 ns, At safepoint: 3200 ns, Total: 47201 ns
[1658.300s][info ][safepoint      ] Safepoint "Cleanup", Time since last: 2000183707 ns, Reaching safepoint: 48202 ns, At safepoint: 26300 ns, Total: 74502 ns
[1665.301s][info ][safepoint      ] Safepoint "Cleanup", Time since last: 7000487045 ns, Reaching safepoint: 41501 ns, At safepoint: 3300 ns, Total: 44801 ns
[1670.301s][info ][safepoint      ] Safepoint "Cleanup", Time since last: 5000368356 ns, Reaching safepoint: 46401 ns, At safepoint: 4200 ns, Total: 50601 ns
[1672.302s][info ][safepoint      ] Safepoint "Cleanup", Time since last: 2000186428 ns, Reaching safepoint: 44001 ns, At safepoint: 8800 ns, Total: 52801 ns
[1674.302s][info ][safepoint      ] Safepoint "Cleanup", Time since last: 2000169631 ns, Reaching safepoint: 45501 ns, At safepoint: 5900 ns, Total: 51401 ns
[1683.302s][info ][safepoint      ] Safepoint "Cleanup", Time since last: 9000624673 ns, Reaching safepoint: 50101 ns, At safepoint: 10700 ns, Total: 60801 ns
[1684.303s][info ][safepoint      ] Safepoint "Cleanup", Time since last: 1000124124 ns, Reaching safepoint: 52301 ns, At safepoint: 8601 ns, Total: 60902 ns
[1688.303s][info ][safepoint      ] Safepoint "Cleanup", Time since last: 4000298598 ns, Reaching safepoint: 47802 ns, At safepoint: 9400 ns, Total: 57202 ns
[1689.303s][info ][safepoint      ] Safepoint "Cleanup", Time since last: 1000110927 ns, Reaching safepoint: 50101 ns, At safepoint: 28701 ns, Total: 78802 ns
[1697.304s][info ][safepoint      ] Safepoint "Cleanup", Time since last: 8000458735 ns, Reaching safepoint: 62101 ns, At safepoint: 9001 ns, Total: 71102 ns
[1700.304s][info ][safepoint      ] Safepoint "Cleanup", Time since last: 3000234201 ns, Reaching safepoint: 31600 ns, At safepoint: 3801 ns, Total: 35401 ns
[1701.304s][info ][safepoint      ] Safepoint "Cleanup", Time since last: 1000110736 ns, Reaching safepoint: 56901 ns, At safepoint: 6200 ns, Total: 63101 ns
[1709.040s][info ][gc,start       ] GC(130) Pause Young (Allocation Failure)
[1709.043s][debug][gc,phases      ] GC(130) Scavenge 2.550ms
[1709.043s][debug][gc,ref         ] GC(130) Skipped phase 1 of Reference Processing: no references
[1709.043s][debug][gc,ref         ] GC(130) ReferenceProcessor::execute queues: 1, RefProcThreadModel::Single, marks_oops_alive: false
[1709.043s][debug][gc,ref         ] GC(130) Skipped phase 3 of Reference Processing: no references
[1709.043s][debug][gc,ref         ] GC(130) ReferenceProcessor::execute queues: 1, RefProcThreadModel::Single, marks_oops_alive: false
[1709.043s][debug][gc,phases      ] GC(130) Reference Processing 0.124ms
[1709.043s][debug][gc,phases      ] GC(130)   VM Weak                        Min:  0.0, Avg:  0.0, Max:  0.0, Diff:  0.0, Sum:  0.0, Workers: 4
[1709.043s][debug][gc,phases      ] GC(130)     Dead                           Min: 0, Avg:  0.0, Max: 0, Diff: 0, Sum: 0, Workers: 4
[1709.043s][debug][gc,phases      ] GC(130)     Total                          Min: 0, Avg: 174.0, Max: 320, Diff: 320, Sum: 696, Workers: 4
[1709.043s][debug][gc,phases      ] GC(130)   ObjectSynchronizer Weak        Min:  0.0, Avg:  0.0, Max:  0.0, Diff:  0.0, Sum:  0.0, Workers: 4
[1709.043s][debug][gc,phases      ] GC(130)     Dead                           Min: 0, Avg:  0.0, Max: 0, Diff: 0, Sum: 0, Workers: 4
[1709.043s][debug][gc,phases      ] GC(130)     Total                          Min: 0, Avg: 100.2, Max: 192, Diff: 192, Sum: 401, Workers: 4
[1709.043s][debug][gc,phases      ] GC(130)   JVMTI Tag Weak OopStorage      Min:  0.0, Avg:  0.0, Max:  0.0, Diff:  0.0, Sum:  0.0, Workers: 4
[1709.043s][debug][gc,phases      ] GC(130)     Dead                           Min: 0, Avg:  0.0, Max: 0, Diff: 0, Sum: 0, Workers: 4
[1709.043s][debug][gc,phases      ] GC(130)     Total                          Min: 0, Avg:  0.0, Max: 0, Diff: 0, Sum: 0, Workers: 4
[1709.043s][debug][gc,phases      ] GC(130)   StringTable Weak               Min:  0.1, Avg:  0.1, Max:  0.1, Diff:  0.0, Sum:  0.4, Workers: 4
[1709.043s][debug][gc,phases      ] GC(130)     Dead                           Min: 0, Avg:  0.0, Max: 0, Diff: 0, Sum: 0, Workers: 4
[1709.043s][debug][gc,phases      ] GC(130)     Total                          Min: 11714, Avg: 12048.5, Max: 12224, Diff: 510, Sum: 48194, Workers: 4
[1709.043s][debug][gc,phases      ] GC(130)   ResolvedMethodTable Weak       Min:  0.0, Avg:  0.0, Max:  0.0, Diff:  0.0, Sum:  0.1, Workers: 4
[1709.043s][debug][gc,phases      ] GC(130)     Dead                           Min: 0, Avg:  0.0, Max: 0, Diff: 0, Sum: 0, Workers: 4
[1709.043s][debug][gc,phases      ] GC(130)     Total                          Min: 1921, Avg: 1999.0, Max: 2063, Diff: 142, Sum: 7996, Workers: 4
[1709.043s][debug][gc,phases      ] GC(130)   JNI Weak                       Min:  0.0, Avg:  0.0, Max:  0.0, Diff:  0.0, Sum:  0.0, Workers: 4
[1709.043s][debug][gc,phases      ] GC(130)     Dead                           Min: 0, Avg:  0.0, Max: 0, Diff: 0, Sum: 0, Workers: 4
[1709.043s][debug][gc,phases      ] GC(130)     Total                          Min: 0, Avg:  0.0, Max: 0, Diff: 0, Sum: 0, Workers: 4
[1709.043s][debug][gc,phases      ] GC(130)   StringDedup Table Weak         Min:  0.0, Avg:  0.0, Max:  0.0, Diff:  0.0, Sum:  0.0, Workers: 4
[1709.043s][debug][gc,phases      ] GC(130)     Dead                           Min: 0, Avg:  0.0, Max: 0, Diff: 0, Sum: 0, Workers: 4
[1709.043s][debug][gc,phases      ] GC(130)     Total                          Min: 0, Avg:  0.0, Max: 0, Diff: 0, Sum: 0, Workers: 4
[1709.043s][debug][gc,phases      ] GC(130)   StringDedup Requests0 Weak     Min:  0.0, Avg:  0.0, Max:  0.0, Diff:  0.0, Sum:  0.0, Workers: 4
[1709.043s][debug][gc,phases      ] GC(130)     Dead                           Min: 0, Avg:  0.0, Max: 0, Diff: 0, Sum: 0, Workers: 4
[1709.043s][debug][gc,phases      ] GC(130)     Total                          Min: 0, Avg:  0.0, Max: 0, Diff: 0, Sum: 0, Workers: 4
[1709.043s][debug][gc,phases      ] GC(130)   StringDedup Requests1 Weak     Min:  0.0, Avg:  0.0, Max:  0.0, Diff:  0.0, Sum:  0.0, Workers: 4
[1709.043s][debug][gc,phases      ] GC(130)     Dead                           Min: 0, Avg:  0.0, Max: 0, Diff: 0, Sum: 0, Workers: 4
[1709.043s][debug][gc,phases      ] GC(130)     Total                          Min: 0, Avg:  0.0, Max: 0, Diff: 0, Sum: 0, Workers: 4
[1709.043s][debug][gc,phases      ] GC(130)   Weak JFR Old Object Samples    Min:  0.0, Avg:  0.0, Max:  0.0, Diff:  0.0, Sum:  0.0, Workers: 4
[1709.043s][debug][gc,phases      ] GC(130)     Dead                           Min: 0, Avg:  0.0, Max: 0, Diff: 0, Sum: 0, Workers: 4
[1709.043s][debug][gc,phases      ] GC(130)     Total                          Min: 0, Avg:  0.0, Max: 0, Diff: 0, Sum: 0, Workers: 4
[1709.043s][debug][gc,phases      ] GC(130) Weak Processing 0.334ms
[1709.043s][debug][gc,age         ] GC(130) Desired survivor size 125304832 bytes, new threshold 15 (max threshold 15)
[1709.043s][info ][gc,heap        ] GC(130) PSYoungGen: 1853328K(1973248K)->3360K(1973760K) Eden: 1850368K(1850368K)->0K(1850368K) From: 2960K(122880K)->3360K(123392K)
[1709.043s][info ][gc,heap        ] GC(130) ParOldGen: 525638K(647168K)->525638K(647168K)
[1709.043s][info ][gc,metaspace   ] GC(130) Metaspace: 82837K(83712K)->82837K(83712K) NonClass: 71241K(71744K)->71241K(71744K) Class: 11595K(11968K)->11595K(11968K)
[1709.043s][info ][gc             ] GC(130) Pause Young (Allocation Failure) 2323M->516M(2559M) 3.139ms
[1709.043s][info ][gc,cpu         ] GC(130) User=0.01s Sys=0.00s Real=0.00s
[1709.043s][info ][safepoint      ] Safepoint "ParallelGCFailedAllocation", Time since last: 7735755839 ns, Reaching safepoint: 45901 ns, At safepoint: 3221278 ns, Total: 3267179 ns
[1710.547s][info ][safepoint      ] Safepoint "Cleanup", Time since last: 1503785450 ns, Reaching safepoint: 43401 ns, At safepoint: 5000 ns, Total: 48401 ns
[1711.547s][info ][safepoint      ] Safepoint "Cleanup", Time since last: 1000107643 ns, Reaching safepoint: 65002 ns, At safepoint: 7300 ns, Total: 72302 ns
[1712.547s][info ][safepoint      ] Safepoint "Cleanup", Time since last: 1000112044 ns, Reaching safepoint: 48001 ns, At safepoint: 9900 ns, Total: 57901 ns
[1713.548s][info ][safepoint      ] Safepoint "Cleanup", Time since last: 1000127445 ns, Reaching safepoint: 58501 ns, At safepoint: 10901 ns, Total: 69402 ns
[1714.548s][info ][safepoint      ] Safepoint "Cleanup", Time since last: 1000121745 ns, Reaching safepoint: 54901 ns, At safepoint: 11501 ns, Total: 66402 ns
[1715.548s][info ][safepoint      ] Safepoint "Cleanup", Time since last: 1000138146 ns, Reaching safepoint: 62702 ns, At safepoint: 7200 ns, Total: 69902 ns
[1716.548s][info ][safepoint      ] Safepoint "Cleanup", Time since last: 1000147647 ns, Reaching safepoint: 38701 ns, At safepoint: 4100 ns, Total: 42801 ns
[1718.548s][info ][safepoint      ] Safepoint "Cleanup", Time since last: 2000181694 ns, Reaching safepoint: 46101 ns, At safepoint: 3700 ns, Total: 49801 ns
[1720.549s][info ][safepoint      ] Safepoint "Cleanup", Time since last: 2000123296 ns, Reaching safepoint: 63801 ns, At safepoint: 14201 ns, Total: 78002 ns
[1723.549s][info ][safepoint      ] Safepoint "Cleanup", Time since last: 3000249450 ns, Reaching safepoint: 51201 ns, At safepoint: 8000 ns, Total: 59201 ns
[1726.549s][info ][safepoint      ] Safepoint "Cleanup", Time since last: 3000246156 ns, Reaching safepoint: 72601 ns, At safepoint: 10401 ns, Total: 83002 ns
[1727.549s][info ][safepoint      ] Safepoint "Cleanup", Time since last: 1000115854 ns, Reaching safepoint: 52301 ns, At safepoint: 3500 ns, Total: 55801 ns
[1728.550s][info ][safepoint      ] Safepoint "Cleanup", Time since last: 1000114155 ns, Reaching safepoint: 51001 ns, At safepoint: 3400 ns, Total: 54401 ns
[1730.550s][info ][safepoint      ] Safepoint "Cleanup", Time since last: 2000183110 ns, Reaching safepoint: 50402 ns, At safepoint: 3100 ns, Total: 53502 ns
[1734.550s][info ][safepoint      ] Safepoint "Cleanup", Time since last: 4000302327 ns, Reaching safepoint: 48201 ns, At safepoint: 3300 ns, Total: 51501 ns
[1740.551s][info ][safepoint      ] Safepoint "Cleanup", Time since last: 6000446160 ns, Reaching safepoint: 64501 ns, At safepoint: 7801 ns, Total: 72302 ns
[1743.551s][info ][safepoint      ] Safepoint "Cleanup", Time since last: 3000265289 ns, Reaching safepoint: 57202 ns, At safepoint: 11500 ns, Total: 68702 ns
[1744.551s][info ][safepoint      ] Safepoint "Cleanup", Time since last: 1000136766 ns, Reaching safepoint: 54401 ns, At safepoint: 7000 ns, Total: 61401 ns
[1745.551s][info ][safepoint      ] Safepoint "Cleanup", Time since last: 1000108266 ns, Reaching safepoint: 56901 ns, At safepoint: 15401 ns, Total: 72302 ns
[1746.551s][info ][safepoint      ] Safepoint "Cleanup", Time since last: 1000103066 ns, Reaching safepoint: 45501 ns, At safepoint: 2800 ns, Total: 48301 ns
[1747.552s][info ][safepoint      ] Safepoint "Cleanup", Time since last: 1000101467 ns, Reaching safepoint: 55101 ns, At safepoint: 9500 ns, Total: 64601 ns
[1758.552s][info ][safepoint      ] Safepoint "Cleanup", Time since last: 11000708368 ns, Reaching safepoint: 53501 ns, At safepoint: 7700 ns, Total: 61201 ns
[1759.553s][info ][safepoint      ] Safepoint "Cleanup", Time since last: 1000114175 ns, Reaching safepoint: 50001 ns, At safepoint: 3300 ns, Total: 53301 ns
[1769.553s][info ][safepoint      ] Safepoint "Cleanup", Time since last: 10000669971 ns, Reaching safepoint: 56801 ns, At safepoint: 9200 ns, Total: 66001 ns
[1773.554s][info ][safepoint      ] Safepoint "Cleanup", Time since last: 4000281426 ns, Reaching safepoint: 57502 ns, At safepoint: 10800 ns, Total: 68302 ns
[1776.554s][info ][safepoint      ] Safepoint "Cleanup", Time since last: 3000238351 ns, Reaching safepoint: 60102 ns, At safepoint: 11800 ns, Total: 71902 ns
[1793.555s][info ][safepoint      ] Safepoint "Cleanup", Time since last: 17001162022 ns, Reaching safepoint: 47101 ns, At safepoint: 2900 ns, Total: 50001 ns
[1795.555s][info ][safepoint      ] Safepoint "Cleanup", Time since last: 2000172992 ns, Reaching safepoint: 54301 ns, At safepoint: 8000 ns, Total: 62301 ns
[1799.623s][info ][gc,start       ] GC(131) Pause Young (Allocation Failure)
[1799.625s][debug][gc,phases      ] GC(131) Scavenge 2.292ms
[1799.625s][debug][gc,ref         ] GC(131) Skipped phase 1 of Reference Processing: no references
[1799.625s][debug][gc,ref         ] GC(131) ReferenceProcessor::execute queues: 1, RefProcThreadModel::Single, marks_oops_alive: false
[1799.625s][debug][gc,ref         ] GC(131) Skipped phase 3 of Reference Processing: no references
[1799.625s][debug][gc,ref         ] GC(131) ReferenceProcessor::execute queues: 1, RefProcThreadModel::Single, marks_oops_alive: false
[1799.625s][debug][gc,phases      ] GC(131) Reference Processing 0.135ms
[1799.626s][debug][gc,phases      ] GC(131)   VM Weak                        Min:  0.0, Avg:  0.0, Max:  0.0, Diff:  0.0, Sum:  0.0, Workers: 4
[1799.626s][debug][gc,phases      ] GC(131)     Dead                           Min: 0, Avg:  0.0, Max: 0, Diff: 0, Sum: 0, Workers: 4
[1799.626s][debug][gc,phases      ] GC(131)     Total                          Min: 0, Avg: 174.0, Max: 504, Diff: 504, Sum: 696, Workers: 4
[1799.626s][debug][gc,phases      ] GC(131)   ObjectSynchronizer Weak        Min:  0.0, Avg:  0.0, Max:  0.0, Diff:  0.0, Sum:  0.0, Workers: 4
[1799.626s][debug][gc,phases      ] GC(131)     Dead                           Min: 0, Avg:  0.0, Max: 0, Diff: 0, Sum: 0, Workers: 4
[1799.626s][debug][gc,phases      ] GC(131)     Total                          Min: 17, Avg: 100.2, Max: 128, Diff: 111, Sum: 401, Workers: 4
[1799.626s][debug][gc,phases      ] GC(131)   JVMTI Tag Weak OopStorage      Min:  0.0, Avg:  0.0, Max:  0.0, Diff:  0.0, Sum:  0.0, Workers: 4
[1799.626s][debug][gc,phases      ] GC(131)     Dead                           Min: 0, Avg:  0.0, Max: 0, Diff: 0, Sum: 0, Workers: 4
[1799.626s][debug][gc,phases      ] GC(131)     Total                          Min: 0, Avg:  0.0, Max: 0, Diff: 0, Sum: 0, Workers: 4
[1799.626s][debug][gc,phases      ] GC(131)   StringTable Weak               Min:  0.1, Avg:  0.1, Max:  0.1, Diff:  0.0, Sum:  0.4, Workers: 4
[1799.626s][debug][gc,phases      ] GC(131)     Dead                           Min: 0, Avg:  0.0, Max: 0, Diff: 0, Sum: 0, Workers: 4
[1799.626s][debug][gc,phases      ] GC(131)     Total                          Min: 11072, Avg: 12053.0, Max: 12628, Diff: 1556, Sum: 48212, Workers: 4
[1799.626s][debug][gc,phases      ] GC(131)   ResolvedMethodTable Weak       Min:  0.0, Avg:  0.0, Max:  0.0, Diff:  0.0, Sum:  0.1, Workers: 4
[1799.626s][debug][gc,phases      ] GC(131)     Dead                           Min: 0, Avg:  0.0, Max: 0, Diff: 0, Sum: 0, Workers: 4
[1799.626s][debug][gc,phases      ] GC(131)     Total                          Min: 1808, Avg: 2003.5, Max: 2140, Diff: 332, Sum: 8014, Workers: 4
[1799.626s][debug][gc,phases      ] GC(131)   JNI Weak                       Min:  0.0, Avg:  0.0, Max:  0.0, Diff:  0.0, Sum:  0.0, Workers: 4
[1799.626s][debug][gc,phases      ] GC(131)     Dead                           Min: 0, Avg:  0.0, Max: 0, Diff: 0, Sum: 0, Workers: 4
[1799.626s][debug][gc,phases      ] GC(131)     Total                          Min: 0, Avg:  0.2, Max: 1, Diff: 1, Sum: 1, Workers: 4
[1799.626s][debug][gc,phases      ] GC(131)   StringDedup Table Weak         Min:  0.0, Avg:  0.0, Max:  0.0, Diff:  0.0, Sum:  0.0, Workers: 4
[1799.626s][debug][gc,phases      ] GC(131)     Dead                           Min: 0, Avg:  0.0, Max: 0, Diff: 0, Sum: 0, Workers: 4
[1799.626s][debug][gc,phases      ] GC(131)     Total                          Min: 0, Avg:  0.0, Max: 0, Diff: 0, Sum: 0, Workers: 4
[1799.626s][debug][gc,phases      ] GC(131)   StringDedup Requests0 Weak     Min:  0.0, Avg:  0.0, Max:  0.0, Diff:  0.0, Sum:  0.0, Workers: 4
[1799.626s][debug][gc,phases      ] GC(131)     Dead                           Min: 0, Avg:  0.0, Max: 0, Diff: 0, Sum: 0, Workers: 4
[1799.626s][debug][gc,phases      ] GC(131)     Total                          Min: 0, Avg:  0.0, Max: 0, Diff: 0, Sum: 0, Workers: 4
[1799.626s][debug][gc,phases      ] GC(131)   StringDedup Requests1 Weak     Min:  0.0, Avg:  0.0, Max:  0.0, Diff:  0.0, Sum:  0.0, Workers: 4
[1799.626s][debug][gc,phases      ] GC(131)     Dead                           Min: 0, Avg:  0.0, Max: 0, Diff: 0, Sum: 0, Workers: 4
[1799.626s][debug][gc,phases      ] GC(131)     Total                          Min: 0, Avg:  0.0, Max: 0, Diff: 0, Sum: 0, Workers: 4
[1799.626s][debug][gc,phases      ] GC(131)   Weak JFR Old Object Samples    Min:  0.0, Avg:  0.0, Max:  0.0, Diff:  0.0, Sum:  0.0, Workers: 4
[1799.626s][debug][gc,phases      ] GC(131)     Dead                           Min: 0, Avg:  0.0, Max: 0, Diff: 0, Sum: 0, Workers: 4
[1799.626s][debug][gc,phases      ] GC(131)     Total                          Min: 0, Avg:  0.0, Max: 0, Diff: 0, Sum: 0, Workers: 4
[1799.626s][debug][gc,phases      ] GC(131) Weak Processing 0.294ms
[1799.626s][debug][gc,age         ] GC(131) Desired survivor size 123207680 bytes, new threshold 15 (max threshold 15)
[1799.626s][info ][gc,heap        ] GC(131) PSYoungGen: 1853728K(1973760K)->3616K(1976832K) Eden: 1850368K(1850368K)->0K(1854464K) From: 3360K(123392K)->3616K(122368K)
[1799.626s][info ][gc,heap        ] GC(131) ParOldGen: 525638K(647168K)->525646K(647168K)
[1799.626s][info ][gc,metaspace   ] GC(131) Metaspace: 82945K(83840K)->82945K(83840K) NonClass: 71339K(71808K)->71339K(71808K) Class: 11606K(12032K)->11606K(12032K)
[1799.626s][info ][gc             ] GC(131) Pause Young (Allocation Failure) 2323M->516M(2562M) 2.822ms
[1799.626s][info ][gc,cpu         ] GC(131) User=0.01s Sys=0.00s Real=0.00s
[1799.626s][info ][safepoint      ] Safepoint "ParallelGCFailedAllocation", Time since last: 4067271502 ns, Reaching safepoint: 115603 ns, At safepoint: 2906170 ns, Total: 3021773 ns
[1817.627s][info ][safepoint      ] Safepoint "Cleanup", Time since last: 18001176858 ns, Reaching safepoint: 49101 ns, At safepoint: 6200 ns, Total: 55301 ns
[1825.628s][info ][safepoint      ] Safepoint "Cleanup", Time since last: 8000483984 ns, Reaching safepoint: 57501 ns, At safepoint: 10000 ns, Total: 67501 ns
[1827.628s][info ][safepoint      ] Safepoint "Cleanup", Time since last: 2000217429 ns, Reaching safepoint: 72302 ns, At safepoint: 17400 ns, Total: 89702 ns
[1828.628s][info ][safepoint      ] Safepoint "Cleanup", Time since last: 1000115016 ns, Reaching safepoint: 46701 ns, At safepoint: 6800 ns, Total: 53501 ns
[1830.628s][info ][safepoint      ] Safepoint "Cleanup", Time since last: 2000166131 ns, Reaching safepoint: 52001 ns, At safepoint: 5900 ns, Total: 57901 ns
[1839.629s][info ][safepoint      ] Safepoint "Cleanup", Time since last: 9000628763 ns, Reaching safepoint: 48401 ns, At safepoint: 3200 ns, Total: 51601 ns
[1842.629s][info ][safepoint      ] Safepoint "Cleanup", Time since last: 3000254565 ns, Reaching safepoint: 37601 ns, At safepoint: 43301 ns, Total: 80902 ns
[1845.630s][info ][safepoint      ] Safepoint "Cleanup", Time since last: 3000229269 ns, Reaching safepoint: 52101 ns, At safepoint: 3600 ns, Total: 55701 ns
[1849.630s][info ][safepoint      ] Safepoint "Cleanup", Time since last: 4000322100 ns, Reaching safepoint: 49601 ns, At safepoint: 7001 ns, Total: 56602 ns
[1859.631s][info ][safepoint      ] Safepoint "Cleanup", Time since last: 10000697384 ns, Reaching safepoint: 43801 ns, At safepoint: 3100 ns, Total: 46901 ns
[1879.632s][info ][safepoint      ] Safepoint "Cleanup", Time since last: 20001357321 ns, Reaching safepoint: 50101 ns, At safepoint: 6200 ns, Total: 56301 ns
[1881.632s][info ][safepoint      ] Safepoint "Cleanup", Time since last: 2000173884 ns, Reaching safepoint: 47501 ns, At safepoint: 4200 ns, Total: 51701 ns
[1891.392s][info ][gc,start       ] GC(132) Pause Young (Allocation Failure)
[1891.394s][debug][gc,phases      ] GC(132) Scavenge 2.605ms
[1891.394s][debug][gc,ref         ] GC(132) Skipped phase 1 of Reference Processing: no references
[1891.395s][debug][gc,ref         ] GC(132) ReferenceProcessor::execute queues: 1, RefProcThreadModel::Single, marks_oops_alive: false
[1891.395s][debug][gc,ref         ] GC(132) Skipped phase 3 of Reference Processing: no references
[1891.395s][debug][gc,ref         ] GC(132) ReferenceProcessor::execute queues: 1, RefProcThreadModel::Single, marks_oops_alive: false
[1891.395s][debug][gc,phases      ] GC(132) Reference Processing 0.126ms
[1891.395s][debug][gc,phases      ] GC(132)   VM Weak                        Min:  0.0, Avg:  0.0, Max:  0.0, Diff:  0.0, Sum:  0.0, Workers: 4
[1891.395s][debug][gc,phases      ] GC(132)     Dead                           Min: 0, Avg:  0.0, Max: 0, Diff: 0, Sum: 0, Workers: 4
[1891.395s][debug][gc,phases      ] GC(132)     Total                          Min: 0, Avg: 174.0, Max: 440, Diff: 440, Sum: 696, Workers: 4
[1891.395s][debug][gc,phases      ] GC(132)   ObjectSynchronizer Weak        Min:  0.0, Avg:  0.0, Max:  0.0, Diff:  0.0, Sum:  0.0, Workers: 4
[1891.395s][debug][gc,phases      ] GC(132)     Dead                           Min: 0, Avg:  0.0, Max: 0, Diff: 0, Sum: 0, Workers: 4
[1891.395s][debug][gc,phases      ] GC(132)     Total                          Min: 0, Avg: 100.2, Max: 192, Diff: 192, Sum: 401, Workers: 4
[1891.395s][debug][gc,phases      ] GC(132)   JVMTI Tag Weak OopStorage      Min:  0.0, Avg:  0.0, Max:  0.0, Diff:  0.0, Sum:  0.0, Workers: 4
[1891.395s][debug][gc,phases      ] GC(132)     Dead                           Min: 0, Avg:  0.0, Max: 0, Diff: 0, Sum: 0, Workers: 4
[1891.395s][debug][gc,phases      ] GC(132)     Total                          Min: 0, Avg:  0.0, Max: 0, Diff: 0, Sum: 0, Workers: 4
[1891.395s][debug][gc,phases      ] GC(132)   StringTable Weak               Min:  0.1, Avg:  0.1, Max:  0.1, Diff:  0.0, Sum:  0.4, Workers: 4
[1891.395s][debug][gc,phases      ] GC(132)     Dead                           Min: 0, Avg:  0.0, Max: 0, Diff: 0, Sum: 0, Workers: 4
[1891.395s][debug][gc,phases      ] GC(132)     Total                          Min: 11648, Avg: 12056.0, Max: 12448, Diff: 800, Sum: 48224, Workers: 4
[1891.395s][debug][gc,phases      ] GC(132)   ResolvedMethodTable Weak       Min:  0.0, Avg:  0.0, Max:  0.0, Diff:  0.0, Sum:  0.1, Workers: 4
[1891.395s][debug][gc,phases      ] GC(132)     Dead                           Min: 0, Avg:  0.0, Max: 0, Diff: 0, Sum: 0, Workers: 4
[1891.395s][debug][gc,phases      ] GC(132)     Total                          Min: 1821, Avg: 2004.0, Max: 2258, Diff: 437, Sum: 8016, Workers: 4
[1891.395s][debug][gc,phases      ] GC(132)   JNI Weak                       Min:  0.0, Avg:  0.0, Max:  0.0, Diff:  0.0, Sum:  0.0, Workers: 4
[1891.395s][debug][gc,phases      ] GC(132)     Dead                           Min: 0, Avg:  0.0, Max: 0, Diff: 0, Sum: 0, Workers: 4
[1891.395s][debug][gc,phases      ] GC(132)     Total                          Min: 0, Avg:  0.0, Max: 0, Diff: 0, Sum: 0, Workers: 4
[1891.395s][debug][gc,phases      ] GC(132)   StringDedup Table Weak         Min:  0.0, Avg:  0.0, Max:  0.0, Diff:  0.0, Sum:  0.0, Workers: 4
[1891.395s][debug][gc,phases      ] GC(132)     Dead                           Min: 0, Avg:  0.0, Max: 0, Diff: 0, Sum: 0, Workers: 4
[1891.395s][debug][gc,phases      ] GC(132)     Total                          Min: 0, Avg:  0.0, Max: 0, Diff: 0, Sum: 0, Workers: 4
[1891.395s][debug][gc,phases      ] GC(132)   StringDedup Requests0 Weak     Min:  0.0, Avg:  0.0, Max:  0.0, Diff:  0.0, Sum:  0.0, Workers: 4
[1891.395s][debug][gc,phases      ] GC(132)     Dead                           Min: 0, Avg:  0.0, Max: 0, Diff: 0, Sum: 0, Workers: 4
[1891.395s][debug][gc,phases      ] GC(132)     Total                          Min: 0, Avg:  0.0, Max: 0, Diff: 0, Sum: 0, Workers: 4
[1891.395s][debug][gc,phases      ] GC(132)   StringDedup Requests1 Weak     Min:  0.0, Avg:  0.0, Max:  0.0, Diff:  0.0, Sum:  0.0, Workers: 4
[1891.395s][debug][gc,phases      ] GC(132)     Dead                           Min: 0, Avg:  0.0, Max: 0, Diff: 0, Sum: 0, Workers: 4
[1891.395s][debug][gc,phases      ] GC(132)     Total                          Min: 0, Avg:  0.0, Max: 0, Diff: 0, Sum: 0, Workers: 4
[1891.395s][debug][gc,phases      ] GC(132)   Weak JFR Old Object Samples    Min:  0.0, Avg:  0.0, Max:  0.0, Diff:  0.0, Sum:  0.0, Workers: 4
[1891.395s][debug][gc,phases      ] GC(132)     Dead                           Min: 0, Avg:  0.0, Max: 0, Diff: 0, Sum: 0, Workers: 4
[1891.395s][debug][gc,phases      ] GC(132)     Total                          Min: 0, Avg:  0.0, Max: 0, Diff: 0, Sum: 0, Workers: 4
[1891.395s][debug][gc,phases      ] GC(132) Weak Processing 0.323ms
[1891.395s][debug][gc,age         ] GC(132) Desired survivor size 120061952 bytes, new threshold 15 (max threshold 15)
[1891.395s][info ][gc,heap        ] GC(132) PSYoungGen: 1858080K(1976832K)->4000K(1974784K) Eden: 1854464K(1854464K)->0K(1854464K) From: 3616K(122368K)->4000K(120320K)
[1891.395s][info ][gc,heap        ] GC(132) ParOldGen: 525646K(647168K)->525654K(647168K)
[1891.395s][info ][gc,metaspace   ] GC(132) Metaspace: 82976K(83904K)->82976K(83904K) NonClass: 71369K(71872K)->71369K(71872K) Class: 11607K(12032K)->11607K(12032K)
[1891.395s][info ][gc             ] GC(132) Pause Young (Allocation Failure) 2327M->517M(2560M) 3.203ms
[1891.395s][info ][gc,cpu         ] GC(132) User=0.00s Sys=0.00s Real=0.00s
[1891.395s][info ][safepoint      ] Safepoint "ParallelGCFailedAllocation", Time since last: 9759337018 ns, Reaching safepoint: 129103 ns, At safepoint: 3294480 ns, Total: 3423583 ns
[1892.395s][info ][safepoint      ] Safepoint "Cleanup", Time since last: 1000112548 ns, Reaching safepoint: 62102 ns, At safepoint: 11900 ns, Total: 74002 ns
[1894.395s][info ][safepoint      ] Safepoint "Cleanup", Time since last: 2000189897 ns, Reaching safepoint: 55601 ns, At safepoint: 3700 ns, Total: 59301 ns
[1895.396s][info ][safepoint      ] Safepoint "Cleanup", Time since last: 1000112250 ns, Reaching safepoint: 69202 ns, At safepoint: 8600 ns, Total: 77802 ns
[1905.396s][info ][safepoint      ] Safepoint "Cleanup", Time since last: 10000720412 ns, Reaching safepoint: 52802 ns, At safepoint: 33200 ns, Total: 86002 ns
[1921.398s][info ][safepoint      ] Safepoint "Cleanup", Time since last: 16001105617 ns, Reaching safepoint: 39301 ns, At safepoint: 4000 ns, Total: 43301 ns
[1947.400s][info ][safepoint      ] Safepoint "Cleanup", Time since last: 26001865439 ns, Reaching safepoint: 50502 ns, At safepoint: 9600 ns, Total: 60102 ns
[1949.400s][info ][safepoint      ] Safepoint "Cleanup", Time since last: 2000174947 ns, Reaching safepoint: 54301 ns, At safepoint: 3000 ns, Total: 57301 ns
[1950.400s][info ][safepoint      ] Safepoint "Cleanup", Time since last: 1000070474 ns, Reaching safepoint: 49701 ns, At safepoint: 3200 ns, Total: 52901 ns
[1951.400s][info ][safepoint      ] Safepoint "Cleanup", Time since last: 1000120076 ns, Reaching safepoint: 44201 ns, At safepoint: 3800 ns, Total: 48001 ns
[1960.401s][info ][safepoint      ] Safepoint "Cleanup", Time since last: 9000594485 ns, Reaching safepoint: 51701 ns, At safepoint: 7701 ns, Total: 59402 ns
[1967.401s][info ][safepoint      ] Safepoint "Cleanup", Time since last: 7000556259 ns, Reaching safepoint: 56901 ns, At safepoint: 6500 ns, Total: 63401 ns
[1970.402s][info ][safepoint      ] Safepoint "Cleanup", Time since last: 3000212546 ns, Reaching safepoint: 40401 ns, At safepoint: 4100 ns, Total: 44501 ns
[1981.402s][info ][safepoint      ] Safepoint "Cleanup", Time since last: 11000702329 ns, Reaching safepoint: 51901 ns, At safepoint: 8200 ns, Total: 60101 ns
[1982.112s][info ][gc,start       ] GC(133) Pause Young (Allocation Failure)
[1982.115s][debug][gc,phases      ] GC(133) Scavenge 2.418ms
[1982.115s][debug][gc,ref         ] GC(133) Skipped phase 1 of Reference Processing: no references
[1982.115s][debug][gc,ref         ] GC(133) ReferenceProcessor::execute queues: 1, RefProcThreadModel::Single, marks_oops_alive: false
[1982.115s][debug][gc,ref         ] GC(133) Skipped phase 3 of Reference Processing: no references
[1982.115s][debug][gc,ref         ] GC(133) ReferenceProcessor::execute queues: 1, RefProcThreadModel::Single, marks_oops_alive: false
[1982.115s][debug][gc,phases      ] GC(133) Reference Processing 0.134ms
[1982.115s][debug][gc,phases      ] GC(133)   VM Weak                        Min:  0.0, Avg:  0.0, Max:  0.0, Diff:  0.0, Sum:  0.0, Workers: 4
[1982.115s][debug][gc,phases      ] GC(133)     Dead                           Min: 0, Avg:  0.0, Max: 0, Diff: 0, Sum: 0, Workers: 4
[1982.115s][debug][gc,phases      ] GC(133)     Total                          Min: 0, Avg: 174.0, Max: 504, Diff: 504, Sum: 696, Workers: 4
[1982.115s][debug][gc,phases      ] GC(133)   ObjectSynchronizer Weak        Min:  0.0, Avg:  0.0, Max:  0.0, Diff:  0.0, Sum:  0.0, Workers: 4
[1982.115s][debug][gc,phases      ] GC(133)     Dead                           Min: 0, Avg:  0.0, Max: 0, Diff: 0, Sum: 0, Workers: 4
[1982.115s][debug][gc,phases      ] GC(133)     Total                          Min: 0, Avg: 100.2, Max: 192, Diff: 192, Sum: 401, Workers: 4
[1982.115s][debug][gc,phases      ] GC(133)   JVMTI Tag Weak OopStorage      Min:  0.0, Avg:  0.0, Max:  0.0, Diff:  0.0, Sum:  0.0, Workers: 4
[1982.115s][debug][gc,phases      ] GC(133)     Dead                           Min: 0, Avg:  0.0, Max: 0, Diff: 0, Sum: 0, Workers: 4
[1982.115s][debug][gc,phases      ] GC(133)     Total                          Min: 0, Avg:  0.0, Max: 0, Diff: 0, Sum: 0, Workers: 4
[1982.115s][debug][gc,phases      ] GC(133)   StringTable Weak               Min:  0.1, Avg:  0.1, Max:  0.1, Diff:  0.0, Sum:  0.4, Workers: 4
[1982.115s][debug][gc,phases      ] GC(133)     Dead                           Min: 0, Avg:  0.0, Max: 0, Diff: 0, Sum: 0, Workers: 4
[1982.115s][debug][gc,phases      ] GC(133)     Total                          Min: 11648, Avg: 12057.8, Max: 12352, Diff: 704, Sum: 48231, Workers: 4
[1982.115s][debug][gc,phases      ] GC(133)   ResolvedMethodTable Weak       Min:  0.0, Avg:  0.0, Max:  0.0, Diff:  0.0, Sum:  0.1, Workers: 4
[1982.115s][debug][gc,phases      ] GC(133)     Dead                           Min: 0, Avg:  0.0, Max: 0, Diff: 0, Sum: 0, Workers: 4
[1982.115s][debug][gc,phases      ] GC(133)     Total                          Min: 1821, Avg: 2004.0, Max: 2258, Diff: 437, Sum: 8016, Workers: 4
[1982.115s][debug][gc,phases      ] GC(133)   JNI Weak                       Min:  0.0, Avg:  0.0, Max:  0.0, Diff:  0.0, Sum:  0.0, Workers: 4
[1982.115s][debug][gc,phases      ] GC(133)     Dead                           Min: 0, Avg:  0.0, Max: 0, Diff: 0, Sum: 0, Workers: 4
[1982.115s][debug][gc,phases      ] GC(133)     Total                          Min: 0, Avg:  0.0, Max: 0, Diff: 0, Sum: 0, Workers: 4
[1982.115s][debug][gc,phases      ] GC(133)   StringDedup Table Weak         Min:  0.0, Avg:  0.0, Max:  0.0, Diff:  0.0, Sum:  0.0, Workers: 4
[1982.115s][debug][gc,phases      ] GC(133)     Dead                           Min: 0, Avg:  0.0, Max: 0, Diff: 0, Sum: 0, Workers: 4
[1982.115s][debug][gc,phases      ] GC(133)     Total                          Min: 0, Avg:  0.0, Max: 0, Diff: 0, Sum: 0, Workers: 4
[1982.115s][debug][gc,phases      ] GC(133)   StringDedup Requests0 Weak     Min:  0.0, Avg:  0.0, Max:  0.0, Diff:  0.0, Sum:  0.0, Workers: 4
[1982.115s][debug][gc,phases      ] GC(133)     Dead                           Min: 0, Avg:  0.0, Max: 0, Diff: 0, Sum: 0, Workers: 4
[1982.115s][debug][gc,phases      ] GC(133)     Total                          Min: 0, Avg:  0.0, Max: 0, Diff: 0, Sum: 0, Workers: 4
[1982.115s][debug][gc,phases      ] GC(133)   StringDedup Requests1 Weak     Min:  0.0, Avg:  0.0, Max:  0.0, Diff:  0.0, Sum:  0.0, Workers: 4
[1982.115s][debug][gc,phases      ] GC(133)     Dead                           Min: 0, Avg:  0.0, Max: 0, Diff: 0, Sum: 0, Workers: 4
[1982.115s][debug][gc,phases      ] GC(133)     Total                          Min: 0, Avg:  0.0, Max: 0, Diff: 0, Sum: 0, Workers: 4
[1982.115s][debug][gc,phases      ] GC(133)   Weak JFR Old Object Samples    Min:  0.0, Avg:  0.0, Max:  0.0, Diff:  0.0, Sum:  0.0, Workers: 4
[1982.115s][debug][gc,phases      ] GC(133)     Dead                           Min: 0, Avg:  0.0, Max: 0, Diff: 0, Sum: 0, Workers: 4
[1982.115s][debug][gc,phases      ] GC(133)     Total                          Min: 0, Avg:  0.0, Max: 0, Diff: 0, Sum: 0, Workers: 4
[1982.115s][debug][gc,phases      ] GC(133) Weak Processing 0.314ms
[1982.115s][debug][gc,age         ] GC(133) Desired survivor size 116391936 bytes, new threshold 15 (max threshold 15)
[1982.115s][info ][gc,heap        ] GC(133) PSYoungGen: 1858464K(1974784K)->3936K(1983488K) Eden: 1854464K(1854464K)->0K(1866240K) From: 4000K(120320K)->3936K(117248K)
[1982.115s][info ][gc,heap        ] GC(133) ParOldGen: 525654K(647168K)->525654K(647168K)
[1982.115s][info ][gc,metaspace   ] GC(133) Metaspace: 82980K(83904K)->82980K(83904K) NonClass: 71372K(71872K)->71372K(71872K) Class: 11607K(12032K)->11607K(12032K)
[1982.115s][info ][gc             ] GC(133) Pause Young (Allocation Failure) 2328M->517M(2569M) 2.995ms
[1982.115s][info ][gc,cpu         ] GC(133) User=0.01s Sys=0.00s Real=0.00s
[1982.115s][info ][safepoint      ] Safepoint "ParallelGCFailedAllocation", Time since last: 709734966 ns, Reaching safepoint: 26800 ns, At safepoint: 3071175 ns, Total: 3097975 ns
[2035.119s][info ][safepoint      ] Safepoint "Cleanup", Time since last: 53003358162 ns, Reaching safepoint: 44902 ns, At safepoint: 7800 ns, Total: 52702 ns
[2047.119s][info ][safepoint      ] Safepoint "Cleanup", Time since last: 12000726015 ns, Reaching safepoint: 41701 ns, At safepoint: 2800 ns, Total: 44501 ns
[2072.121s][info ][safepoint      ] Safepoint "Cleanup", Time since last: 25001512403 ns, Reaching safepoint: 57501 ns, At safepoint: 12200 ns, Total: 69701 ns
[2072.738s][info ][gc,start       ] GC(134) Pause Young (Allocation Failure)
[2072.741s][debug][gc,phases      ] GC(134) Scavenge 2.535ms
[2072.741s][debug][gc,ref         ] GC(134) Skipped phase 1 of Reference Processing: no references
[2072.741s][debug][gc,ref         ] GC(134) ReferenceProcessor::execute queues: 1, RefProcThreadModel::Single, marks_oops_alive: false
[2072.741s][debug][gc,ref         ] GC(134) Skipped phase 3 of Reference Processing: no references
[2072.741s][debug][gc,ref         ] GC(134) ReferenceProcessor::execute queues: 1, RefProcThreadModel::Single, marks_oops_alive: false
[2072.741s][debug][gc,phases      ] GC(134) Reference Processing 0.126ms
[2072.741s][debug][gc,phases      ] GC(134)   VM Weak                        Min:  0.0, Avg:  0.0, Max:  0.0, Diff:  0.0, Sum:  0.0, Workers: 4
[2072.741s][debug][gc,phases      ] GC(134)     Dead                           Min: 0, Avg:  0.0, Max: 0, Diff: 0, Sum: 0, Workers: 4
[2072.741s][debug][gc,phases      ] GC(134)     Total                          Min: 0, Avg: 174.0, Max: 696, Diff: 696, Sum: 696, Workers: 4
[2072.741s][debug][gc,phases      ] GC(134)   ObjectSynchronizer Weak        Min:  0.0, Avg:  0.0, Max:  0.0, Diff:  0.0, Sum:  0.0, Workers: 4
[2072.741s][debug][gc,phases      ] GC(134)     Dead                           Min: 0, Avg:  0.0, Max: 0, Diff: 0, Sum: 0, Workers: 4
[2072.741s][debug][gc,phases      ] GC(134)     Total                          Min: 0, Avg: 100.2, Max: 337, Diff: 337, Sum: 401, Workers: 4
[2072.741s][debug][gc,phases      ] GC(134)   JVMTI Tag Weak OopStorage      Min:  0.0, Avg:  0.0, Max:  0.0, Diff:  0.0, Sum:  0.0, Workers: 4
[2072.741s][debug][gc,phases      ] GC(134)     Dead                           Min: 0, Avg:  0.0, Max: 0, Diff: 0, Sum: 0, Workers: 4
[2072.741s][debug][gc,phases      ] GC(134)     Total                          Min: 0, Avg:  0.0, Max: 0, Diff: 0, Sum: 0, Workers: 4
[2072.741s][debug][gc,phases      ] GC(134)   StringTable Weak               Min:  0.1, Avg:  0.1, Max:  0.1, Diff:  0.0, Sum:  0.4, Workers: 4
[2072.741s][debug][gc,phases      ] GC(134)     Dead                           Min: 0, Avg:  0.0, Max: 0, Diff: 0, Sum: 0, Workers: 4
[2072.741s][debug][gc,phases      ] GC(134)     Total                          Min: 10599, Avg: 12057.8, Max: 13184, Diff: 2585, Sum: 48231, Workers: 4
[2072.741s][debug][gc,phases      ] GC(134)   ResolvedMethodTable Weak       Min:  0.0, Avg:  0.0, Max:  0.0, Diff:  0.0, Sum:  0.1, Workers: 4
[2072.741s][debug][gc,phases      ] GC(134)     Dead                           Min: 0, Avg:  0.0, Max: 0, Diff: 0, Sum: 0, Workers: 4
[2072.741s][debug][gc,phases      ] GC(134)     Total                          Min: 1692, Avg: 2004.0, Max: 2168, Diff: 476, Sum: 8016, Workers: 4
[2072.741s][debug][gc,phases      ] GC(134)   JNI Weak                       Min:  0.0, Avg:  0.0, Max:  0.0, Diff:  0.0, Sum:  0.0, Workers: 4
[2072.741s][debug][gc,phases      ] GC(134)     Dead                           Min: 0, Avg:  0.0, Max: 0, Diff: 0, Sum: 0, Workers: 4
[2072.741s][debug][gc,phases      ] GC(134)     Total                          Min: 0, Avg:  0.0, Max: 0, Diff: 0, Sum: 0, Workers: 4
[2072.741s][debug][gc,phases      ] GC(134)   StringDedup Table Weak         Min:  0.0, Avg:  0.0, Max:  0.0, Diff:  0.0, Sum:  0.0, Workers: 4
[2072.741s][debug][gc,phases      ] GC(134)     Dead                           Min: 0, Avg:  0.0, Max: 0, Diff: 0, Sum: 0, Workers: 4
[2072.741s][debug][gc,phases      ] GC(134)     Total                          Min: 0, Avg:  0.0, Max: 0, Diff: 0, Sum: 0, Workers: 4
[2072.741s][debug][gc,phases      ] GC(134)   StringDedup Requests0 Weak     Min:  0.0, Avg:  0.0, Max:  0.0, Diff:  0.0, Sum:  0.0, Workers: 4
[2072.741s][debug][gc,phases      ] GC(134)     Dead                           Min: 0, Avg:  0.0, Max: 0, Diff: 0, Sum: 0, Workers: 4
[2072.741s][debug][gc,phases      ] GC(134)     Total                          Min: 0, Avg:  0.0, Max: 0, Diff: 0, Sum: 0, Workers: 4
[2072.741s][debug][gc,phases      ] GC(134)   StringDedup Requests1 Weak     Min:  0.0, Avg:  0.0, Max:  0.0, Diff:  0.0, Sum:  0.0, Workers: 4
[2072.741s][debug][gc,phases      ] GC(134)     Dead                           Min: 0, Avg:  0.0, Max: 0, Diff: 0, Sum: 0, Workers: 4
[2072.741s][debug][gc,phases      ] GC(134)     Total                          Min: 0, Avg:  0.0, Max: 0, Diff: 0, Sum: 0, Workers: 4
[2072.741s][debug][gc,phases      ] GC(134)   Weak JFR Old Object Samples    Min:  0.0, Avg:  0.0, Max:  0.0, Diff:  0.0, Sum:  0.0, Workers: 4
[2072.741s][debug][gc,phases      ] GC(134)     Dead                           Min: 0, Avg:  0.0, Max: 0, Diff: 0, Sum: 0, Workers: 4
[2072.741s][debug][gc,phases      ] GC(134)     Total                          Min: 0, Avg:  0.0, Max: 0, Diff: 0, Sum: 0, Workers: 4
[2072.741s][debug][gc,phases      ] GC(134) Weak Processing 0.325ms
[2072.741s][debug][gc,age         ] GC(134) Desired survivor size 112721920 bytes, new threshold 15 (max threshold 15)
[2072.741s][info ][gc,heap        ] GC(134) PSYoungGen: 1870176K(1983488K)->4064K(1979904K) Eden: 1866240K(1866240K)->0K(1866240K) From: 3936K(117248K)->4064K(113664K)
[2072.741s][info ][gc,heap        ] GC(134) ParOldGen: 525654K(647168K)->525654K(647168K)
[2072.741s][info ][gc,metaspace   ] GC(134) Metaspace: 82984K(83904K)->82984K(83904K) NonClass: 71376K(71872K)->71376K(71872K) Class: 11607K(12032K)->11607K(12032K)
[2072.741s][info ][gc             ] GC(134) Pause Young (Allocation Failure) 2339M->517M(2565M) 3.121ms
[2072.741s][info ][gc,cpu         ] GC(134) User=0.01s Sys=0.00s Real=0.00s
[2072.741s][info ][safepoint      ] Safepoint "ParallelGCFailedAllocation", Time since last: 617115746 ns, Reaching safepoint: 102503 ns, At safepoint: 3202877 ns, Total: 3305380 ns
[2078.742s][info ][safepoint      ] Safepoint "Cleanup", Time since last: 6000467033 ns, Reaching safepoint: 127103 ns, At safepoint: 10100 ns, Total: 137203 ns
[2079.742s][info ][safepoint      ] Safepoint "Cleanup", Time since last: 1000127125 ns, Reaching safepoint: 122703 ns, At safepoint: 6100 ns, Total: 128803 ns
[2081.743s][info ][safepoint      ] Safepoint "Cleanup", Time since last: 2000216949 ns, Reaching safepoint: 121503 ns, At safepoint: 8000 ns, Total: 129503 ns
[2082.743s][info ][safepoint      ] Safepoint "Cleanup", Time since last: 1000145126 ns, Reaching safepoint: 117403 ns, At safepoint: 6100 ns, Total: 123503 ns
[2090.744s][info ][safepoint      ] Safepoint "Cleanup", Time since last: 8000569405 ns, Reaching safepoint: 67501 ns, At safepoint: 12401 ns, Total: 79902 ns
[2106.745s][info ][safepoint      ] Safepoint "Cleanup", Time since last: 16001156573 ns, Reaching safepoint: 55501 ns, At safepoint: 6600 ns, Total: 62101 ns
[2125.746s][info ][safepoint      ] Safepoint "Cleanup", Time since last: 19001312866 ns, Reaching safepoint: 46801 ns, At safepoint: 3000 ns, Total: 49801 ns
[2127.746s][info ][safepoint      ] Safepoint "Cleanup", Time since last: 2000181678 ns, Reaching safepoint: 49701 ns, At safepoint: 3900 ns, Total: 53601 ns
[2130.747s][info ][safepoint      ] Safepoint "Cleanup", Time since last: 3000224818 ns, Reaching safepoint: 60201 ns, At safepoint: 9100 ns, Total: 69301 ns
[2131.747s][info ][safepoint      ] Safepoint "Cleanup", Time since last: 1000101141 ns, Reaching safepoint: 47301 ns, At safepoint: 6100 ns, Total: 53401 ns
[2132.747s][info ][safepoint      ] Safepoint "Cleanup", Time since last: 1000120041 ns, Reaching safepoint: 61402 ns, At safepoint: 3800 ns, Total: 65202 ns
[2145.748s][info ][safepoint      ] Safepoint "Cleanup", Time since last: 13000868446 ns, Reaching safepoint: 53501 ns, At safepoint: 6300 ns, Total: 59801 ns
[2154.749s][info ][safepoint      ] Safepoint "Cleanup", Time since last: 9000651809 ns, Reaching safepoint: 53701 ns, At safepoint: 4900 ns, Total: 58601 ns
[2159.742s][info ][gc,start       ] GC(135) Pause Young (Allocation Failure)
[2159.745s][debug][gc,phases      ] GC(135) Scavenge 2.800ms
[2159.745s][debug][gc,ref         ] GC(135) Skipped phase 1 of Reference Processing: no references
[2159.745s][debug][gc,ref         ] GC(135) ReferenceProcessor::execute queues: 1, RefProcThreadModel::Single, marks_oops_alive: false
[2159.745s][debug][gc,ref         ] GC(135) Skipped phase 3 of Reference Processing: no references
[2159.745s][debug][gc,ref         ] GC(135) ReferenceProcessor::execute queues: 1, RefProcThreadModel::Single, marks_oops_alive: false
[2159.745s][debug][gc,phases      ] GC(135) Reference Processing 0.126ms
[2159.745s][debug][gc,phases      ] GC(135)   VM Weak                        Min:  0.0, Avg:  0.0, Max:  0.0, Diff:  0.0, Sum:  0.0, Workers: 4
[2159.745s][debug][gc,phases      ] GC(135)     Dead                           Min: 0, Avg:  0.0, Max: 0, Diff: 0, Sum: 0, Workers: 4
[2159.745s][debug][gc,phases      ] GC(135)     Total                          Min: 0, Avg: 174.0, Max: 384, Diff: 384, Sum: 696, Workers: 4
[2159.745s][debug][gc,phases      ] GC(135)   ObjectSynchronizer Weak        Min:  0.0, Avg:  0.0, Max:  0.0, Diff:  0.0, Sum:  0.0, Workers: 4
[2159.745s][debug][gc,phases      ] GC(135)     Dead                           Min: 0, Avg:  0.0, Max: 0, Diff: 0, Sum: 0, Workers: 4
[2159.745s][debug][gc,phases      ] GC(135)     Total                          Min: 0, Avg: 100.2, Max: 209, Diff: 209, Sum: 401, Workers: 4
[2159.745s][debug][gc,phases      ] GC(135)   JVMTI Tag Weak OopStorage      Min:  0.0, Avg:  0.0, Max:  0.0, Diff:  0.0, Sum:  0.0, Workers: 4
[2159.745s][debug][gc,phases      ] GC(135)     Dead                           Min: 0, Avg:  0.0, Max: 0, Diff: 0, Sum: 0, Workers: 4
[2159.745s][debug][gc,phases      ] GC(135)     Total                          Min: 0, Avg:  0.0, Max: 0, Diff: 0, Sum: 0, Workers: 4
[2159.745s][debug][gc,phases      ] GC(135)   StringTable Weak               Min:  0.1, Avg:  0.1, Max:  0.1, Diff:  0.0, Sum:  0.4, Workers: 4
[2159.745s][debug][gc,phases      ] GC(135)     Dead                           Min: 0, Avg:  0.0, Max: 0, Diff: 0, Sum: 0, Workers: 4
[2159.745s][debug][gc,phases      ] GC(135)     Total                          Min: 10880, Avg: 12059.8, Max: 13184, Diff: 2304, Sum: 48239, Workers: 4
[2159.745s][debug][gc,phases      ] GC(135)   ResolvedMethodTable Weak       Min:  0.0, Avg:  0.0, Max:  0.0, Diff:  0.0, Sum:  0.1, Workers: 4
[2159.745s][debug][gc,phases      ] GC(135)     Dead                           Min: 0, Avg:  0.0, Max: 0, Diff: 0, Sum: 0, Workers: 4
[2159.745s][debug][gc,phases      ] GC(135)     Total                          Min: 1692, Avg: 2004.0, Max: 2204, Diff: 512, Sum: 8016, Workers: 4
[2159.745s][debug][gc,phases      ] GC(135)   JNI Weak                       Min:  0.0, Avg:  0.0, Max:  0.0, Diff:  0.0, Sum:  0.0, Workers: 4
[2159.745s][debug][gc,phases      ] GC(135)     Dead                           Min: 0, Avg:  0.0, Max: 0, Diff: 0, Sum: 0, Workers: 4
[2159.745s][debug][gc,phases      ] GC(135)     Total                          Min: 0, Avg:  0.0, Max: 0, Diff: 0, Sum: 0, Workers: 4
[2159.745s][debug][gc,phases      ] GC(135)   StringDedup Table Weak         Min:  0.0, Avg:  0.0, Max:  0.0, Diff:  0.0, Sum:  0.0, Workers: 4
[2159.745s][debug][gc,phases      ] GC(135)     Dead                           Min: 0, Avg:  0.0, Max: 0, Diff: 0, Sum: 0, Workers: 4
[2159.745s][debug][gc,phases      ] GC(135)     Total                          Min: 0, Avg:  0.0, Max: 0, Diff: 0, Sum: 0, Workers: 4
[2159.745s][debug][gc,phases      ] GC(135)   StringDedup Requests0 Weak     Min:  0.0, Avg:  0.0, Max:  0.0, Diff:  0.0, Sum:  0.0, Workers: 4
[2159.745s][debug][gc,phases      ] GC(135)     Dead                           Min: 0, Avg:  0.0, Max: 0, Diff: 0, Sum: 0, Workers: 4
[2159.745s][debug][gc,phases      ] GC(135)     Total                          Min: 0, Avg:  0.0, Max: 0, Diff: 0, Sum: 0, Workers: 4
[2159.745s][debug][gc,phases      ] GC(135)   StringDedup Requests1 Weak     Min:  0.0, Avg:  0.0, Max:  0.0, Diff:  0.0, Sum:  0.0, Workers: 4
[2159.745s][debug][gc,phases      ] GC(135)     Dead                           Min: 0, Avg:  0.0, Max: 0, Diff: 0, Sum: 0, Workers: 4
[2159.745s][debug][gc,phases      ] GC(135)     Total                          Min: 0, Avg:  0.0, Max: 0, Diff: 0, Sum: 0, Workers: 4
[2159.745s][debug][gc,phases      ] GC(135)   Weak JFR Old Object Samples    Min:  0.0, Avg:  0.0, Max:  0.0, Diff:  0.0, Sum:  0.0, Workers: 4
[2159.745s][debug][gc,phases      ] GC(135)     Dead                           Min: 0, Avg:  0.0, Max: 0, Diff: 0, Sum: 0, Workers: 4
[2159.745s][debug][gc,phases      ] GC(135)     Total                          Min: 0, Avg:  0.0, Max: 0, Diff: 0, Sum: 0, Workers: 4
[2159.745s][debug][gc,phases      ] GC(135) Weak Processing 0.335ms
[2159.745s][debug][gc,age         ] GC(135) Desired survivor size 108003328 bytes, new threshold 15 (max threshold 15)
[2159.745s][info ][gc,heap        ] GC(135) PSYoungGen: 1870304K(1979904K)->4464K(1991680K) Eden: 1866240K(1866240K)->0K(1881600K) From: 4064K(113664K)->4464K(110080K)
[2159.745s][info ][gc,heap        ] GC(135) ParOldGen: 525654K(647168K)->525662K(647168K)
[2159.745s][info ][gc,metaspace   ] GC(135) Metaspace: 83003K(83904K)->83003K(83904K) NonClass: 71396K(71872K)->71396K(71872K) Class: 11607K(12032K)->11607K(12032K)
[2159.745s][info ][gc             ] GC(135) Pause Young (Allocation Failure) 2339M->517M(2577M) 3.397ms
[2159.745s][info ][gc,cpu         ] GC(135) User=0.01s Sys=0.00s Real=0.00s
[2159.745s][info ][safepoint      ] Safepoint "ParallelGCFailedAllocation", Time since last: 4993138962 ns, Reaching safepoint: 51202 ns, At safepoint: 3476684 ns, Total: 3527886 ns
[2162.746s][info ][safepoint      ] Safepoint "Cleanup", Time since last: 3000230946 ns, Reaching safepoint: 135003 ns, At safepoint: 11400 ns, Total: 146403 ns
[2203.749s][info ][safepoint      ] Safepoint "Cleanup", Time since last: 41002896541 ns, Reaching safepoint: 59702 ns, At safepoint: 8400 ns, Total: 68102 ns
[2205.749s][info ][safepoint      ] Safepoint "Cleanup", Time since last: 2000190622 ns, Reaching safepoint: 57302 ns, At safepoint: 3200 ns, Total: 60502 ns
[2210.749s][info ][safepoint      ] Safepoint "Cleanup", Time since last: 5000366207 ns, Reaching safepoint: 60501 ns, At safepoint: 7000 ns, Total: 67501 ns
[2211.749s][info ][safepoint      ] Safepoint "Cleanup", Time since last: 1000112164 ns, Reaching safepoint: 49001 ns, At safepoint: 35001 ns, Total: 84002 ns
[2215.750s][info ][safepoint      ] Safepoint "Cleanup", Time since last: 4000292651 ns, Reaching safepoint: 52301 ns, At safepoint: 7301 ns, Total: 59602 ns
[2220.750s][info ][safepoint      ] Safepoint "Cleanup", Time since last: 5000350819 ns, Reaching safepoint: 46601 ns, At safepoint: 3000 ns, Total: 49601 ns
[2221.750s][info ][safepoint      ] Safepoint "Cleanup", Time since last: 1000112366 ns, Reaching safepoint: 50201 ns, At safepoint: 3601 ns, Total: 53802 ns
[2223.751s][info ][safepoint      ] Safepoint "Cleanup", Time since last: 2000171830 ns, Reaching safepoint: 66402 ns, At safepoint: 13300 ns, Total: 79702 ns
[2233.751s][info ][safepoint      ] Safepoint "Cleanup", Time since last: 10000531462 ns, Reaching safepoint: 48602 ns, At safepoint: 3400 ns, Total: 52002 ns
[2234.751s][info ][safepoint      ] Safepoint "Cleanup", Time since last: 1000072268 ns, Reaching safepoint: 38501 ns, At safepoint: 3500 ns, Total: 42001 ns
[2246.752s][info ][safepoint      ] Safepoint "Cleanup", Time since last: 12000783733 ns, Reaching safepoint: 57902 ns, At safepoint: 3700 ns, Total: 61602 ns
[2247.752s][info ][safepoint      ] Safepoint "Cleanup", Time since last: 1000138672 ns, Reaching safepoint: 48802 ns, At safepoint: 6200 ns, Total: 55002 ns
[2250.688s][info ][gc,start       ] GC(136) Pause Young (Allocation Failure)
[2250.691s][debug][gc,phases      ] GC(136) Scavenge 2.548ms
[2250.691s][debug][gc,ref         ] GC(136) Skipped phase 1 of Reference Processing: no references
[2250.691s][debug][gc,ref         ] GC(136) ReferenceProcessor::execute queues: 1, RefProcThreadModel::Single, marks_oops_alive: false
[2250.691s][debug][gc,ref         ] GC(136) Skipped phase 3 of Reference Processing: no references
[2250.691s][debug][gc,ref         ] GC(136) ReferenceProcessor::execute queues: 1, RefProcThreadModel::Single, marks_oops_alive: false
[2250.691s][debug][gc,phases      ] GC(136) Reference Processing 0.131ms
[2250.691s][debug][gc,phases      ] GC(136)   VM Weak                        Min:  0.0, Avg:  0.0, Max:  0.0, Diff:  0.0, Sum:  0.0, Workers: 4
[2250.691s][debug][gc,phases      ] GC(136)     Dead                           Min: 0, Avg:  0.0, Max: 0, Diff: 0, Sum: 0, Workers: 4
[2250.691s][debug][gc,phases      ] GC(136)     Total                          Min: 0, Avg: 174.0, Max: 696, Diff: 696, Sum: 696, Workers: 4
[2250.691s][debug][gc,phases      ] GC(136)   ObjectSynchronizer Weak        Min:  0.0, Avg:  0.0, Max:  0.0, Diff:  0.0, Sum:  0.0, Workers: 4
[2250.691s][debug][gc,phases      ] GC(136)     Dead                           Min: 0, Avg:  0.0, Max: 0, Diff: 0, Sum: 0, Workers: 4
[2250.691s][debug][gc,phases      ] GC(136)     Total                          Min: 0, Avg: 100.2, Max: 256, Diff: 256, Sum: 401, Workers: 4
[2250.691s][debug][gc,phases      ] GC(136)   JVMTI Tag Weak OopStorage      Min:  0.0, Avg:  0.0, Max:  0.0, Diff:  0.0, Sum:  0.0, Workers: 4
[2250.691s][debug][gc,phases      ] GC(136)     Dead                           Min: 0, Avg:  0.0, Max: 0, Diff: 0, Sum: 0, Workers: 4
[2250.691s][debug][gc,phases      ] GC(136)     Total                          Min: 0, Avg:  0.0, Max: 0, Diff: 0, Sum: 0, Workers: 4
[2250.691s][debug][gc,phases      ] GC(136)   StringTable Weak               Min:  0.1, Avg:  0.1, Max:  0.1, Diff:  0.0, Sum:  0.4, Workers: 4
[2250.691s][debug][gc,phases      ] GC(136)     Dead                           Min: 0, Avg:  0.0, Max: 0, Diff: 0, Sum: 0, Workers: 4
[2250.691s][debug][gc,phases      ] GC(136)     Total                          Min: 11520, Avg: 12062.8, Max: 12800, Diff: 1280, Sum: 48251, Workers: 4
[2250.691s][debug][gc,phases      ] GC(136)   ResolvedMethodTable Weak       Min:  0.0, Avg:  0.0, Max:  0.0, Diff:  0.0, Sum:  0.1, Workers: 4
[2250.691s][debug][gc,phases      ] GC(136)     Dead                           Min: 0, Avg:  0.0, Max: 0, Diff: 0, Sum: 0, Workers: 4
[2250.691s][debug][gc,phases      ] GC(136)     Total                          Min: 1844, Avg: 2005.8, Max: 2204, Diff: 360, Sum: 8023, Workers: 4
[2250.691s][debug][gc,phases      ] GC(136)   JNI Weak                       Min:  0.0, Avg:  0.0, Max:  0.0, Diff:  0.0, Sum:  0.0, Workers: 4
[2250.691s][debug][gc,phases      ] GC(136)     Dead                           Min: 0, Avg:  0.0, Max: 0, Diff: 0, Sum: 0, Workers: 4
[2250.691s][debug][gc,phases      ] GC(136)     Total                          Min: 0, Avg:  0.0, Max: 0, Diff: 0, Sum: 0, Workers: 4
[2250.691s][debug][gc,phases      ] GC(136)   StringDedup Table Weak         Min:  0.0, Avg:  0.0, Max:  0.0, Diff:  0.0, Sum:  0.0, Workers: 4
[2250.691s][debug][gc,phases      ] GC(136)     Dead                           Min: 0, Avg:  0.0, Max: 0, Diff: 0, Sum: 0, Workers: 4
[2250.691s][debug][gc,phases      ] GC(136)     Total                          Min: 0, Avg:  0.0, Max: 0, Diff: 0, Sum: 0, Workers: 4
[2250.691s][debug][gc,phases      ] GC(136)   StringDedup Requests0 Weak     Min:  0.0, Avg:  0.0, Max:  0.0, Diff:  0.0, Sum:  0.0, Workers: 4
[2250.691s][debug][gc,phases      ] GC(136)     Dead                           Min: 0, Avg:  0.0, Max: 0, Diff: 0, Sum: 0, Workers: 4
[2250.691s][debug][gc,phases      ] GC(136)     Total                          Min: 0, Avg:  0.0, Max: 0, Diff: 0, Sum: 0, Workers: 4
[2250.691s][debug][gc,phases      ] GC(136)   StringDedup Requests1 Weak     Min:  0.0, Avg:  0.0, Max:  0.0, Diff:  0.0, Sum:  0.0, Workers: 4
[2250.691s][debug][gc,phases      ] GC(136)     Dead                           Min: 0, Avg:  0.0, Max: 0, Diff: 0, Sum: 0, Workers: 4
[2250.691s][debug][gc,phases      ] GC(136)     Total                          Min: 0, Avg:  0.0, Max: 0, Diff: 0, Sum: 0, Workers: 4
[2250.691s][debug][gc,phases      ] GC(136)   Weak JFR Old Object Samples    Min:  0.0, Avg:  0.0, Max:  0.0, Diff:  0.0, Sum:  0.0, Workers: 4
[2250.691s][debug][gc,phases      ] GC(136)     Dead                           Min: 0, Avg:  0.0, Max: 0, Diff: 0, Sum: 0, Workers: 4
[2250.691s][debug][gc,phases      ] GC(136)     Total                          Min: 0, Avg:  0.0, Max: 0, Diff: 0, Sum: 0, Workers: 4
[2250.691s][debug][gc,phases      ] GC(136) Weak Processing 0.337ms
[2250.691s][debug][gc,age         ] GC(136) Desired survivor size 103809024 bytes, new threshold 15 (max threshold 15)
[2250.691s][info ][gc,heap        ] GC(136) PSYoungGen: 1886064K(1991680K)->4192K(1987072K) Eden: 1881600K(1881600K)->0K(1881600K) From: 4464K(110080K)->4192K(105472K)
[2250.691s][info ][gc,heap        ] GC(136) ParOldGen: 525662K(647168K)->525670K(647168K)
[2250.691s][info ][gc,metaspace   ] GC(136) Metaspace: 83024K(83904K)->83024K(83904K) NonClass: 71414K(71872K)->71414K(71872K) Class: 11610K(12032K)->11610K(12032K)
[2250.691s][info ][gc             ] GC(136) Pause Young (Allocation Failure) 2355M->517M(2572M) 3.142ms
[2250.691s][info ][gc,cpu         ] GC(136) User=0.01s Sys=0.00s Real=0.00s
[2250.692s][info ][safepoint      ] Safepoint "ParallelGCFailedAllocation", Time since last: 2935773351 ns, Reaching safepoint: 114703 ns, At safepoint: 3230278 ns, Total: 3344981 ns
[2254.692s][info ][safepoint      ] Safepoint "Cleanup", Time since last: 4000339291 ns, Reaching safepoint: 121803 ns, At safepoint: 7200 ns, Total: 129003 ns
[2282.694s][info ][safepoint      ] Safepoint "Cleanup", Time since last: 28001992935 ns, Reaching safepoint: 51502 ns, At safepoint: 10000 ns, Total: 61502 ns
[2283.694s][info ][safepoint      ] Safepoint "Cleanup", Time since last: 1000118781 ns, Reaching safepoint: 55001 ns, At safepoint: 9900 ns, Total: 64901 ns
[2284.694s][info ][safepoint      ] Safepoint "Cleanup", Time since last: 1000115981 ns, Reaching safepoint: 54901 ns, At safepoint: 4200 ns, Total: 59101 ns
[2300.393s][info ][safepoint      ] Safepoint "Cleanup", Time since last: 15698845767 ns, Reaching safepoint: 104303 ns, At safepoint: 8500 ns, Total: 112803 ns
[2302.394s][info ][safepoint      ] Safepoint "Cleanup", Time since last: 2000228069 ns, Reaching safepoint: 70202 ns, At safepoint: 5500 ns, Total: 75702 ns
[2339.912s][info ][gc,start       ] GC(137) Pause Young (Allocation Failure)
[2339.914s][debug][gc,phases      ] GC(137) Scavenge 2.682ms
[2339.914s][debug][gc,ref         ] GC(137) Skipped phase 1 of Reference Processing: no references
[2339.915s][debug][gc,ref         ] GC(137) ReferenceProcessor::execute queues: 1, RefProcThreadModel::Single, marks_oops_alive: false
[2339.915s][debug][gc,ref         ] GC(137) Skipped phase 3 of Reference Processing: no references
[2339.915s][debug][gc,ref         ] GC(137) ReferenceProcessor::execute queues: 1, RefProcThreadModel::Single, marks_oops_alive: false
[2339.915s][debug][gc,phases      ] GC(137) Reference Processing 0.129ms
[2339.915s][debug][gc,phases      ] GC(137)   VM Weak                        Min:  0.0, Avg:  0.0, Max:  0.0, Diff:  0.0, Sum:  0.0, Workers: 4
[2339.915s][debug][gc,phases      ] GC(137)     Dead                           Min: 0, Avg:  0.0, Max: 0, Diff: 0, Sum: 0, Workers: 4
[2339.915s][debug][gc,phases      ] GC(137)     Total                          Min: 0, Avg: 174.0, Max: 448, Diff: 448, Sum: 696, Workers: 4
[2339.915s][debug][gc,phases      ] GC(137)   ObjectSynchronizer Weak        Min:  0.0, Avg:  0.0, Max:  0.0, Diff:  0.0, Sum:  0.0, Workers: 4
[2339.915s][debug][gc,phases      ] GC(137)     Dead                           Min: 0, Avg:  0.0, Max: 0, Diff: 0, Sum: 0, Workers: 4
[2339.915s][debug][gc,phases      ] GC(137)     Total                          Min: 0, Avg: 100.2, Max: 209, Diff: 209, Sum: 401, Workers: 4
[2339.915s][debug][gc,phases      ] GC(137)   JVMTI Tag Weak OopStorage      Min:  0.0, Avg:  0.0, Max:  0.0, Diff:  0.0, Sum:  0.0, Workers: 4
[2339.915s][debug][gc,phases      ] GC(137)     Dead                           Min: 0, Avg:  0.0, Max: 0, Diff: 0, Sum: 0, Workers: 4
[2339.915s][debug][gc,phases      ] GC(137)     Total                          Min: 0, Avg:  0.0, Max: 0, Diff: 0, Sum: 0, Workers: 4
[2339.915s][debug][gc,phases      ] GC(137)   StringTable Weak               Min:  0.1, Avg:  0.1, Max:  0.1, Diff:  0.0, Sum:  0.4, Workers: 4
[2339.915s][debug][gc,phases      ] GC(137)     Dead                           Min: 0, Avg:  0.0, Max: 0, Diff: 0, Sum: 0, Workers: 4
[2339.915s][debug][gc,phases      ] GC(137)     Total                          Min: 11324, Avg: 12063.0, Max: 12672, Diff: 1348, Sum: 48252, Workers: 4
[2339.915s][debug][gc,phases      ] GC(137)   ResolvedMethodTable Weak       Min:  0.0, Avg:  0.0, Max:  0.0, Diff:  0.0, Sum:  0.1, Workers: 4
[2339.915s][debug][gc,phases      ] GC(137)     Dead                           Min: 0, Avg:  0.0, Max: 0, Diff: 0, Sum: 0, Workers: 4
[2339.915s][debug][gc,phases      ] GC(137)     Total                          Min: 1759, Avg: 2006.0, Max: 2268, Diff: 509, Sum: 8024, Workers: 4
[2339.915s][debug][gc,phases      ] GC(137)   JNI Weak                       Min:  0.0, Avg:  0.0, Max:  0.0, Diff:  0.0, Sum:  0.0, Workers: 4
[2339.915s][debug][gc,phases      ] GC(137)     Dead                           Min: 0, Avg:  0.0, Max: 0, Diff: 0, Sum: 0, Workers: 4
[2339.915s][debug][gc,phases      ] GC(137)     Total                          Min: 0, Avg:  0.0, Max: 0, Diff: 0, Sum: 0, Workers: 4
[2339.915s][debug][gc,phases      ] GC(137)   StringDedup Table Weak         Min:  0.0, Avg:  0.0, Max:  0.0, Diff:  0.0, Sum:  0.0, Workers: 4
[2339.915s][debug][gc,phases      ] GC(137)     Dead                           Min: 0, Avg:  0.0, Max: 0, Diff: 0, Sum: 0, Workers: 4
[2339.915s][debug][gc,phases      ] GC(137)     Total                          Min: 0, Avg:  0.0, Max: 0, Diff: 0, Sum: 0, Workers: 4
[2339.915s][debug][gc,phases      ] GC(137)   StringDedup Requests0 Weak     Min:  0.0, Avg:  0.0, Max:  0.0, Diff:  0.0, Sum:  0.0, Workers: 4
[2339.915s][debug][gc,phases      ] GC(137)     Dead                           Min: 0, Avg:  0.0, Max: 0, Diff: 0, Sum: 0, Workers: 4
[2339.915s][debug][gc,phases      ] GC(137)     Total                          Min: 0, Avg:  0.0, Max: 0, Diff: 0, Sum: 0, Workers: 4
[2339.915s][debug][gc,phases      ] GC(137)   StringDedup Requests1 Weak     Min:  0.0, Avg:  0.0, Max:  0.0, Diff:  0.0, Sum:  0.0, Workers: 4
[2339.915s][debug][gc,phases      ] GC(137)     Dead                           Min: 0, Avg:  0.0, Max: 0, Diff: 0, Sum: 0, Workers: 4
[2339.915s][debug][gc,phases      ] GC(137)     Total                          Min: 0, Avg:  0.0, Max: 0, Diff: 0, Sum: 0, Workers: 4
[2339.915s][debug][gc,phases      ] GC(137)   Weak JFR Old Object Samples    Min:  0.0, Avg:  0.0, Max:  0.0, Diff:  0.0, Sum:  0.0, Workers: 4
[2339.915s][debug][gc,phases      ] GC(137)     Dead                           Min: 0, Avg:  0.0, Max: 0, Diff: 0, Sum: 0, Workers: 4
[2339.915s][debug][gc,phases      ] GC(137)     Total                          Min: 0, Avg:  0.0, Max: 0, Diff: 0, Sum: 0, Workers: 4
[2339.915s][debug][gc,phases      ] GC(137) Weak Processing 0.309ms
[2339.915s][debug][gc,age         ] GC(137) Desired survivor size 99090432 bytes, new threshold 15 (max threshold 15)
[2339.915s][info ][gc,heap        ] GC(137) PSYoungGen: 1885792K(1987072K)->4352K(2000384K) Eden: 1881600K(1881600K)->0K(1899008K) From: 4192K(105472K)->4352K(101376K)
[2339.915s][info ][gc,heap        ] GC(137) ParOldGen: 525670K(647168K)->525670K(647168K)
[2339.915s][info ][gc,metaspace   ] GC(137) Metaspace: 83063K(83968K)->83063K(83968K) NonClass: 71453K(71936K)->71453K(71936K) Class: 11610K(12032K)->11610K(12032K)
[2339.915s][info ][gc             ] GC(137) Pause Young (Allocation Failure) 2354M->517M(2585M) 3.250ms
[2339.915s][info ][gc,cpu         ] GC(137) User=0.01s Sys=0.00s Real=0.00s
[2339.915s][info ][safepoint      ] Safepoint "ParallelGCFailedAllocation", Time since last: 37517980964 ns, Reaching safepoint: 52502 ns, At safepoint: 3330181 ns, Total: 3382683 ns
[2354.916s][info ][safepoint      ] Safepoint "Cleanup", Time since last: 15001016696 ns, Reaching safepoint: 49701 ns, At safepoint: 13000 ns, Total: 62701 ns
[2358.916s][info ][safepoint      ] Safepoint "Cleanup", Time since last: 4000320381 ns, Reaching safepoint: 48202 ns, At safepoint: 10700 ns, Total: 58902 ns
[2395.919s][info ][safepoint      ] Safepoint "Cleanup", Time since last: 37002241251 ns, Reaching safepoint: 45101 ns, At safepoint: 33101 ns, Total: 78202 ns
[2398.919s][info ][safepoint      ] Safepoint "Cleanup", Time since last: 3000202908 ns, Reaching safepoint: 52601 ns, At safepoint: 8000 ns, Total: 60601 ns
[2399.919s][info ][safepoint      ] Safepoint "Cleanup", Time since last: 1000112504 ns, Reaching safepoint: 49001 ns, At safepoint: 4801 ns, Total: 53802 ns
[2411.920s][info ][safepoint      ] Safepoint "Cleanup", Time since last: 12000782848 ns, Reaching safepoint: 51701 ns, At safepoint: 8000 ns, Total: 59701 ns
[2419.921s][info ][safepoint      ] Safepoint "Cleanup", Time since last: 8000539947 ns, Reaching safepoint: 42101 ns, At safepoint: 4800 ns, Total: 46901 ns
[2420.921s][info ][safepoint      ] Safepoint "Cleanup", Time since last: 1000125708 ns, Reaching safepoint: 56101 ns, At safepoint: 8300 ns, Total: 64401 ns
[2421.921s][info ][safepoint      ] Safepoint "Cleanup", Time since last: 1000109408 ns, Reaching safepoint: 41301 ns, At safepoint: 4900 ns, Total: 46201 ns
[2423.921s][info ][safepoint      ] Safepoint "Cleanup", Time since last: 2000182716 ns, Reaching safepoint: 52501 ns, At safepoint: 10800 ns, Total: 63301 ns
[2424.921s][info ][safepoint      ] Safepoint "Cleanup", Time since last: 1000114809 ns, Reaching safepoint: 50201 ns, At safepoint: 2800 ns, Total: 53001 ns
[2429.922s][info ][safepoint      ] Safepoint "Cleanup", Time since last: 5000362939 ns, Reaching safepoint: 62202 ns, At safepoint: 11300 ns, Total: 73502 ns
[2430.922s][info ][safepoint      ] Safepoint "Cleanup", Time since last: 1000111010 ns, Reaching safepoint: 49001 ns, At safepoint: 8700 ns, Total: 57701 ns
[2431.738s][info ][gc,start       ] GC(138) Pause Young (Allocation Failure)
[2431.741s][debug][gc,phases      ] GC(138) Scavenge 2.962ms
[2431.741s][debug][gc,ref         ] GC(138) Skipped phase 1 of Reference Processing: no references
[2431.741s][debug][gc,ref         ] GC(138) ReferenceProcessor::execute queues: 1, RefProcThreadModel::Single, marks_oops_alive: false
[2431.741s][debug][gc,ref         ] GC(138) Skipped phase 3 of Reference Processing: no references
[2431.741s][debug][gc,ref         ] GC(138) ReferenceProcessor::execute queues: 1, RefProcThreadModel::Single, marks_oops_alive: false
[2431.741s][debug][gc,phases      ] GC(138) Reference Processing 0.186ms
[2431.741s][debug][gc,phases      ] GC(138)   VM Weak                        Min:  0.0, Avg:  0.0, Max:  0.0, Diff:  0.0, Sum:  0.0, Workers: 4
[2431.741s][debug][gc,phases      ] GC(138)     Dead                           Min: 0, Avg:  0.0, Max: 0, Diff: 0, Sum: 0, Workers: 4
[2431.741s][debug][gc,phases      ] GC(138)     Total                          Min: 0, Avg: 175.0, Max: 380, Diff: 380, Sum: 700, Workers: 4
[2431.741s][debug][gc,phases      ] GC(138)   ObjectSynchronizer Weak        Min:  0.0, Avg:  0.0, Max:  0.0, Diff:  0.0, Sum:  0.0, Workers: 4
[2431.741s][debug][gc,phases      ] GC(138)     Dead                           Min: 0, Avg:  0.0, Max: 0, Diff: 0, Sum: 0, Workers: 4
[2431.741s][debug][gc,phases      ] GC(138)     Total                          Min: 0, Avg: 100.2, Max: 209, Diff: 209, Sum: 401, Workers: 4
[2431.741s][debug][gc,phases      ] GC(138)   JVMTI Tag Weak OopStorage      Min:  0.0, Avg:  0.0, Max:  0.0, Diff:  0.0, Sum:  0.0, Workers: 4
[2431.741s][debug][gc,phases      ] GC(138)     Dead                           Min: 0, Avg:  0.0, Max: 0, Diff: 0, Sum: 0, Workers: 4
[2431.741s][debug][gc,phases      ] GC(138)     Total                          Min: 0, Avg:  0.0, Max: 0, Diff: 0, Sum: 0, Workers: 4
[2431.741s][debug][gc,phases      ] GC(138)   StringTable Weak               Min:  0.1, Avg:  0.1, Max:  0.1, Diff:  0.0, Sum:  0.4, Workers: 4
[2431.741s][debug][gc,phases      ] GC(138)     Dead                           Min: 0, Avg:  0.0, Max: 0, Diff: 0, Sum: 0, Workers: 4
[2431.741s][debug][gc,phases      ] GC(138)     Total                          Min: 11008, Avg: 12064.5, Max: 12930, Diff: 1922, Sum: 48258, Workers: 4
[2431.741s][debug][gc,phases      ] GC(138)   ResolvedMethodTable Weak       Min:  0.0, Avg:  0.0, Max:  0.0, Diff:  0.0, Sum:  0.1, Workers: 4
[2431.741s][debug][gc,phases      ] GC(138)     Dead                           Min: 0, Avg:  0.0, Max: 0, Diff: 0, Sum: 0, Workers: 4
[2431.741s][debug][gc,phases      ] GC(138)     Total                          Min: 1763, Avg: 2008.5, Max: 2269, Diff: 506, Sum: 8034, Workers: 4
[2431.741s][debug][gc,phases      ] GC(138)   JNI Weak                       Min:  0.0, Avg:  0.0, Max:  0.0, Diff:  0.0, Sum:  0.0, Workers: 4
[2431.741s][debug][gc,phases      ] GC(138)     Dead                           Min: 0, Avg:  0.0, Max: 0, Diff: 0, Sum: 0, Workers: 4
[2431.741s][debug][gc,phases      ] GC(138)     Total                          Min: 0, Avg:  0.0, Max: 0, Diff: 0, Sum: 0, Workers: 4
[2431.741s][debug][gc,phases      ] GC(138)   StringDedup Table Weak         Min:  0.0, Avg:  0.0, Max:  0.0, Diff:  0.0, Sum:  0.0, Workers: 4
[2431.741s][debug][gc,phases      ] GC(138)     Dead                           Min: 0, Avg:  0.0, Max: 0, Diff: 0, Sum: 0, Workers: 4
[2431.741s][debug][gc,phases      ] GC(138)     Total                          Min: 0, Avg:  0.0, Max: 0, Diff: 0, Sum: 0, Workers: 4
[2431.741s][debug][gc,phases      ] GC(138)   StringDedup Requests0 Weak     Min:  0.0, Avg:  0.0, Max:  0.0, Diff:  0.0, Sum:  0.0, Workers: 4
[2431.741s][debug][gc,phases      ] GC(138)     Dead                           Min: 0, Avg:  0.0, Max: 0, Diff: 0, Sum: 0, Workers: 4
[2431.741s][debug][gc,phases      ] GC(138)     Total                          Min: 0, Avg:  0.0, Max: 0, Diff: 0, Sum: 0, Workers: 4
[2431.741s][debug][gc,phases      ] GC(138)   StringDedup Requests1 Weak     Min:  0.0, Avg:  0.0, Max:  0.0, Diff:  0.0, Sum:  0.0, Workers: 4
[2431.741s][debug][gc,phases      ] GC(138)     Dead                           Min: 0, Avg:  0.0, Max: 0, Diff: 0, Sum: 0, Workers: 4
[2431.741s][debug][gc,phases      ] GC(138)     Total                          Min: 0, Avg:  0.0, Max: 0, Diff: 0, Sum: 0, Workers: 4
[2431.741s][debug][gc,phases      ] GC(138)   Weak JFR Old Object Samples    Min:  0.0, Avg:  0.0, Max:  0.0, Diff:  0.0, Sum:  0.0, Workers: 4
[2431.741s][debug][gc,phases      ] GC(138)     Dead                           Min: 0, Avg:  0.0, Max: 0, Diff: 0, Sum: 0, Workers: 4
[2431.741s][debug][gc,phases      ] GC(138)     Total                          Min: 0, Avg:  0.0, Max: 0, Diff: 0, Sum: 0, Workers: 4
[2431.741s][debug][gc,phases      ] GC(138) Weak Processing 0.321ms
[2431.741s][debug][gc,age         ] GC(138) Desired survivor size 93847552 bytes, new threshold 15 (max threshold 15)
[2431.741s][info ][gc,heap        ] GC(138) PSYoungGen: 1903360K(2000384K)->4672K(1995776K) Eden: 1899008K(1899008K)->0K(1899008K) From: 4352K(101376K)->4672K(96768K)
[2431.741s][info ][gc,heap        ] GC(138) ParOldGen: 525670K(647168K)->525670K(647168K)
[2431.741s][info ][gc,metaspace   ] GC(138) Metaspace: 83082K(83968K)->83082K(83968K) NonClass: 71469K(71936K)->71469K(71936K) Class: 11613K(12032K)->11613K(12032K)
[2431.741s][info ][gc             ] GC(138) Pause Young (Allocation Failure) 2372M->517M(2581M) 3.606ms
[2431.741s][info ][gc,cpu         ] GC(138) User=0.01s Sys=0.00s Real=0.00s
[2431.741s][info ][safepoint      ] Safepoint "ParallelGCFailedAllocation", Time since last: 815729228 ns, Reaching safepoint: 36501 ns, At safepoint: 3687089 ns, Total: 3723590 ns
[2433.742s][info ][safepoint      ] Safepoint "Cleanup", Time since last: 2000170519 ns, Reaching safepoint: 128303 ns, At safepoint: 7500 ns, Total: 135803 ns
[2443.743s][info ][safepoint      ] Safepoint "Cleanup", Time since last: 10000809700 ns, Reaching safepoint: 133403 ns, At safepoint: 12501 ns, Total: 145904 ns
[2450.743s][info ][safepoint      ] Safepoint "Cleanup", Time since last: 7000551579 ns, Reaching safepoint: 129103 ns, At safepoint: 12101 ns, Total: 141204 ns
[2456.744s][info ][safepoint      ] Safepoint "Cleanup", Time since last: 6000405973 ns, Reaching safepoint: 56801 ns, At safepoint: 10200 ns, Total: 67001 ns
[2460.744s][info ][safepoint      ] Safepoint "Cleanup", Time since last: 4000339654 ns, Reaching safepoint: 63301 ns, At safepoint: 11901 ns, Total: 75202 ns
[2470.745s][info ][safepoint      ] Safepoint "Cleanup", Time since last: 10000776343 ns, Reaching safepoint: 124403 ns, At safepoint: 6600 ns, Total: 131003 ns
[2484.746s][info ][safepoint      ] Safepoint "Cleanup", Time since last: 14000917223 ns, Reaching safepoint: 51401 ns, At safepoint: 6900 ns, Total: 58301 ns
[2486.747s][info ][safepoint      ] Safepoint "Cleanup", Time since last: 2000178636 ns, Reaching safepoint: 135403 ns, At safepoint: 7600 ns, Total: 143003 ns
[2487.747s][info ][safepoint      ] Safepoint "Cleanup", Time since last: 1000132619 ns, Reaching safepoint: 65602 ns, At safepoint: 40201 ns, Total: 105803 ns
[2488.747s][info ][safepoint      ] Safepoint "Cleanup", Time since last: 1000117018 ns, Reaching safepoint: 57102 ns, At safepoint: 8500 ns, Total: 65602 ns
[2491.747s][info ][safepoint      ] Safepoint "Cleanup", Time since last: 3000266555 ns, Reaching safepoint: 47601 ns, At safepoint: 9600 ns, Total: 57201 ns
[2492.747s][info ][safepoint      ] Safepoint "Cleanup", Time since last: 1000123820 ns, Reaching safepoint: 47101 ns, At safepoint: 3500 ns, Total: 50601 ns
[2510.749s][info ][safepoint      ] Safepoint "Cleanup", Time since last: 18001292154 ns, Reaching safepoint: 63902 ns, At safepoint: 12400 ns, Total: 76302 ns
[2512.749s][info ][safepoint      ] Safepoint "Cleanup", Time since last: 2000200943 ns, Reaching safepoint: 54002 ns, At safepoint: 12500 ns, Total: 66502 ns
[2518.750s][info ][safepoint      ] Safepoint "Cleanup", Time since last: 6000463531 ns, Reaching safepoint: 50401 ns, At safepoint: 32101 ns, Total: 82502 ns
[2524.338s][info ][gc,start       ] GC(139) Pause Young (Allocation Failure)
[2524.342s][debug][gc,phases      ] GC(139) Scavenge 3.845ms
[2524.342s][debug][gc,ref         ] GC(139) Skipped phase 1 of Reference Processing: no references
[2524.342s][debug][gc,ref         ] GC(139) ReferenceProcessor::execute queues: 1, RefProcThreadModel::Single, marks_oops_alive: false
[2524.342s][debug][gc,ref         ] GC(139) Skipped phase 3 of Reference Processing: no references
[2524.342s][debug][gc,ref         ] GC(139) ReferenceProcessor::execute queues: 1, RefProcThreadModel::Single, marks_oops_alive: false
[2524.342s][debug][gc,phases      ] GC(139) Reference Processing 0.137ms
[2524.342s][debug][gc,phases      ] GC(139)   VM Weak                        Min:  0.0, Avg:  0.0, Max:  0.0, Diff:  0.0, Sum:  0.0, Workers: 4
[2524.342s][debug][gc,phases      ] GC(139)     Dead                           Min: 0, Avg:  0.0, Max: 0, Diff: 0, Sum: 0, Workers: 4
[2524.342s][debug][gc,phases      ] GC(139)     Total                          Min: 0, Avg: 175.0, Max: 576, Diff: 576, Sum: 700, Workers: 4
[2524.342s][debug][gc,phases      ] GC(139)   ObjectSynchronizer Weak        Min:  0.0, Avg:  0.0, Max:  0.0, Diff:  0.0, Sum:  0.0, Workers: 4
[2524.342s][debug][gc,phases      ] GC(139)     Dead                           Min: 0, Avg:  0.0, Max: 0, Diff: 0, Sum: 0, Workers: 4
[2524.342s][debug][gc,phases      ] GC(139)     Total                          Min: 0, Avg: 100.2, Max: 192, Diff: 192, Sum: 401, Workers: 4
[2524.342s][debug][gc,phases      ] GC(139)   JVMTI Tag Weak OopStorage      Min:  0.0, Avg:  0.0, Max:  0.0, Diff:  0.0, Sum:  0.0, Workers: 4
[2524.342s][debug][gc,phases      ] GC(139)     Dead                           Min: 0, Avg:  0.0, Max: 0, Diff: 0, Sum: 0, Workers: 4
[2524.342s][debug][gc,phases      ] GC(139)     Total                          Min: 0, Avg:  0.0, Max: 0, Diff: 0, Sum: 0, Workers: 4
[2524.342s][debug][gc,phases      ] GC(139)   StringTable Weak               Min:  0.1, Avg:  0.1, Max:  0.1, Diff:  0.0, Sum:  0.4, Workers: 4
[2524.342s][debug][gc,phases      ] GC(139)     Dead                           Min: 0, Avg:  0.0, Max: 0, Diff: 0, Sum: 0, Workers: 4
[2524.342s][debug][gc,phases      ] GC(139)     Total                          Min: 10692, Avg: 12065.0, Max: 12992, Diff: 2300, Sum: 48260, Workers: 4
[2524.342s][debug][gc,phases      ] GC(139)   ResolvedMethodTable Weak       Min:  0.0, Avg:  0.0, Max:  0.0, Diff:  0.0, Sum:  0.1, Workers: 4
[2524.342s][debug][gc,phases      ] GC(139)     Dead                           Min: 0, Avg:  0.0, Max: 0, Diff: 0, Sum: 0, Workers: 4
[2524.342s][debug][gc,phases      ] GC(139)     Total                          Min: 1752, Avg: 2008.8, Max: 2232, Diff: 480, Sum: 8035, Workers: 4
[2524.342s][debug][gc,phases      ] GC(139)   JNI Weak                       Min:  0.0, Avg:  0.0, Max:  0.0, Diff:  0.0, Sum:  0.0, Workers: 4
[2524.342s][debug][gc,phases      ] GC(139)     Dead                           Min: 0, Avg:  0.0, Max: 0, Diff: 0, Sum: 0, Workers: 4
[2524.342s][debug][gc,phases      ] GC(139)     Total                          Min: 0, Avg:  0.0, Max: 0, Diff: 0, Sum: 0, Workers: 4
[2524.342s][debug][gc,phases      ] GC(139)   StringDedup Table Weak         Min:  0.0, Avg:  0.0, Max:  0.0, Diff:  0.0, Sum:  0.0, Workers: 4
[2524.342s][debug][gc,phases      ] GC(139)     Dead                           Min: 0, Avg:  0.0, Max: 0, Diff: 0, Sum: 0, Workers: 4
[2524.342s][debug][gc,phases      ] GC(139)     Total                          Min: 0, Avg:  0.0, Max: 0, Diff: 0, Sum: 0, Workers: 4
[2524.343s][debug][gc,phases      ] GC(139)   StringDedup Requests0 Weak     Min:  0.0, Avg:  0.0, Max:  0.0, Diff:  0.0, Sum:  0.0, Workers: 4
[2524.343s][debug][gc,phases      ] GC(139)     Dead                           Min: 0, Avg:  0.0, Max: 0, Diff: 0, Sum: 0, Workers: 4
[2524.343s][debug][gc,phases      ] GC(139)     Total                          Min: 0, Avg:  0.0, Max: 0, Diff: 0, Sum: 0, Workers: 4
[2524.343s][debug][gc,phases      ] GC(139)   StringDedup Requests1 Weak     Min:  0.0, Avg:  0.0, Max:  0.0, Diff:  0.0, Sum:  0.0, Workers: 4
[2524.343s][debug][gc,phases      ] GC(139)     Dead                           Min: 0, Avg:  0.0, Max: 0, Diff: 0, Sum: 0, Workers: 4
[2524.343s][debug][gc,phases      ] GC(139)     Total                          Min: 0, Avg:  0.0, Max: 0, Diff: 0, Sum: 0, Workers: 4
[2524.343s][debug][gc,phases      ] GC(139)   Weak JFR Old Object Samples    Min:  0.0, Avg:  0.0, Max:  0.0, Diff:  0.0, Sum:  0.0, Workers: 4
[2524.343s][debug][gc,phases      ] GC(139)     Dead                           Min: 0, Avg:  0.0, Max: 0, Diff: 0, Sum: 0, Workers: 4
[2524.343s][debug][gc,phases      ] GC(139)     Total                          Min: 0, Avg:  0.0, Max: 0, Diff: 0, Sum: 0, Workers: 4
[2524.343s][debug][gc,phases      ] GC(139) Weak Processing 0.328ms
[2524.343s][debug][gc,age         ] GC(139) Desired survivor size 89128960 bytes, new threshold 15 (max threshold 15)
[2524.343s][info ][gc,heap        ] GC(139) PSYoungGen: 1903680K(1995776K)->4512K(2010112K) Eden: 1899008K(1899008K)->0K(1918464K) From: 4672K(96768K)->4512K(91648K)
[2524.343s][info ][gc,heap        ] GC(139) ParOldGen: 525670K(647168K)->525678K(647168K)
[2524.343s][info ][gc,metaspace   ] GC(139) Metaspace: 83093K(84032K)->83093K(84032K) NonClass: 71480K(72000K)->71480K(72000K) Class: 11613K(12032K)->11613K(12032K)
[2524.343s][info ][gc             ] GC(139) Pause Young (Allocation Failure) 2372M->517M(2595M) 4.448ms
[2524.343s][info ][gc,cpu         ] GC(139) User=0.01s Sys=0.00s Real=0.00s
[2524.343s][info ][safepoint      ] Safepoint "ParallelGCFailedAllocation", Time since last: 5588420015 ns, Reaching safepoint: 57601 ns, At safepoint: 4537611 ns, Total: 4595212 ns
[2531.343s][info ][safepoint      ] Safepoint "Cleanup", Time since last: 7000534664 ns, Reaching safepoint: 50501 ns, At safepoint: 3400 ns, Total: 53901 ns
[2548.344s][info ][safepoint      ] Safepoint "Cleanup", Time since last: 17001219126 ns, Reaching safepoint: 49401 ns, At safepoint: 6001 ns, Total: 55402 ns
[2553.345s][info ][safepoint      ] Safepoint "Cleanup", Time since last: 5000392333 ns, Reaching safepoint: 126403 ns, At safepoint: 7500 ns, Total: 133903 ns
[2611.349s][info ][safepoint      ] Safepoint "Cleanup", Time since last: 58003786165 ns, Reaching safepoint: 59002 ns, At safepoint: 35701 ns, Total: 94703 ns
[2615.743s][info ][gc,start       ] GC(140) Pause Young (Allocation Failure)
[2615.746s][debug][gc,phases      ] GC(140) Scavenge 2.975ms
[2615.746s][debug][gc,ref         ] GC(140) Skipped phase 1 of Reference Processing: no references
[2615.746s][debug][gc,ref         ] GC(140) ReferenceProcessor::execute queues: 1, RefProcThreadModel::Single, marks_oops_alive: false
[2615.746s][debug][gc,ref         ] GC(140) Skipped phase 3 of Reference Processing: no references
[2615.746s][debug][gc,ref         ] GC(140) ReferenceProcessor::execute queues: 1, RefProcThreadModel::Single, marks_oops_alive: false
[2615.746s][debug][gc,phases      ] GC(140) Reference Processing 0.201ms
[2615.746s][debug][gc,phases      ] GC(140)   VM Weak                        Min:  0.0, Avg:  0.0, Max:  0.0, Diff:  0.0, Sum:  0.0, Workers: 4
[2615.746s][debug][gc,phases      ] GC(140)     Dead                           Min: 0, Avg:  0.0, Max: 0, Diff: 0, Sum: 0, Workers: 4
[2615.746s][debug][gc,phases      ] GC(140)     Total                          Min: 0, Avg: 175.0, Max: 448, Diff: 448, Sum: 700, Workers: 4
[2615.746s][debug][gc,phases      ] GC(140)   ObjectSynchronizer Weak        Min:  0.0, Avg:  0.0, Max:  0.0, Diff:  0.0, Sum:  0.0, Workers: 4
[2615.746s][debug][gc,phases      ] GC(140)     Dead                           Min: 0, Avg:  0.0, Max: 0, Diff: 0, Sum: 0, Workers: 4
[2615.746s][debug][gc,phases      ] GC(140)     Total                          Min: 0, Avg: 100.2, Max: 192, Diff: 192, Sum: 401, Workers: 4
[2615.746s][debug][gc,phases      ] GC(140)   JVMTI Tag Weak OopStorage      Min:  0.0, Avg:  0.0, Max:  0.0, Diff:  0.0, Sum:  0.0, Workers: 4
[2615.746s][debug][gc,phases      ] GC(140)     Dead                           Min: 0, Avg:  0.0, Max: 0, Diff: 0, Sum: 0, Workers: 4
[2615.746s][debug][gc,phases      ] GC(140)     Total                          Min: 0, Avg:  0.0, Max: 0, Diff: 0, Sum: 0, Workers: 4
[2615.746s][debug][gc,phases      ] GC(140)   StringTable Weak               Min:  0.1, Avg:  0.1, Max:  0.1, Diff:  0.0, Sum:  0.4, Workers: 4
[2615.746s][debug][gc,phases      ] GC(140)     Dead                           Min: 0, Avg:  0.0, Max: 0, Diff: 0, Sum: 0, Workers: 4
[2615.746s][debug][gc,phases      ] GC(140)     Total                          Min: 11725, Avg: 12067.2, Max: 12224, Diff: 499, Sum: 48269, Workers: 4
[2615.746s][debug][gc,phases      ] GC(140)   ResolvedMethodTable Weak       Min:  0.0, Avg:  0.0, Max:  0.0, Diff:  0.0, Sum:  0.1, Workers: 4
[2615.746s][debug][gc,phases      ] GC(140)     Dead                           Min: 0, Avg:  0.0, Max: 0, Diff: 0, Sum: 0, Workers: 4
[2615.746s][debug][gc,phases      ] GC(140)     Total                          Min: 1888, Avg: 2008.8, Max: 2152, Diff: 264, Sum: 8035, Workers: 4
[2615.746s][debug][gc,phases      ] GC(140)   JNI Weak                       Min:  0.0, Avg:  0.0, Max:  0.0, Diff:  0.0, Sum:  0.0, Workers: 4
[2615.746s][debug][gc,phases      ] GC(140)     Dead                           Min: 0, Avg:  0.0, Max: 0, Diff: 0, Sum: 0, Workers: 4
[2615.746s][debug][gc,phases      ] GC(140)     Total                          Min: 0, Avg:  0.0, Max: 0, Diff: 0, Sum: 0, Workers: 4
[2615.747s][debug][gc,phases      ] GC(140)   StringDedup Table Weak         Min:  0.0, Avg:  0.0, Max:  0.0, Diff:  0.0, Sum:  0.0, Workers: 4
[2615.747s][debug][gc,phases      ] GC(140)     Dead                           Min: 0, Avg:  0.0, Max: 0, Diff: 0, Sum: 0, Workers: 4
[2615.747s][debug][gc,phases      ] GC(140)     Total                          Min: 0, Avg:  0.0, Max: 0, Diff: 0, Sum: 0, Workers: 4
[2615.747s][debug][gc,phases      ] GC(140)   StringDedup Requests0 Weak     Min:  0.0, Avg:  0.0, Max:  0.0, Diff:  0.0, Sum:  0.0, Workers: 4
[2615.747s][debug][gc,phases      ] GC(140)     Dead                           Min: 0, Avg:  0.0, Max: 0, Diff: 0, Sum: 0, Workers: 4
[2615.747s][debug][gc,phases      ] GC(140)     Total                          Min: 0, Avg:  0.0, Max: 0, Diff: 0, Sum: 0, Workers: 4
[2615.747s][debug][gc,phases      ] GC(140)   StringDedup Requests1 Weak     Min:  0.0, Avg:  0.0, Max:  0.0, Diff:  0.0, Sum:  0.0, Workers: 4
[2615.747s][debug][gc,phases      ] GC(140)     Dead                           Min: 0, Avg:  0.0, Max: 0, Diff: 0, Sum: 0, Workers: 4
[2615.747s][debug][gc,phases      ] GC(140)     Total                          Min: 0, Avg:  0.0, Max: 0, Diff: 0, Sum: 0, Workers: 4
[2615.747s][debug][gc,phases      ] GC(140)   Weak JFR Old Object Samples    Min:  0.0, Avg:  0.0, Max:  0.0, Diff:  0.0, Sum:  0.0, Workers: 4
[2615.747s][debug][gc,phases      ] GC(140)     Dead                           Min: 0, Avg:  0.0, Max: 0, Diff: 0, Sum: 0, Workers: 4
[2615.747s][debug][gc,phases      ] GC(140)     Total                          Min: 0, Avg:  0.0, Max: 0, Diff: 0, Sum: 0, Workers: 4
[2615.747s][debug][gc,phases      ] GC(140) Weak Processing 0.401ms
[2615.747s][debug][gc,age         ] GC(140) Desired survivor size 84410368 bytes, new threshold 15 (max threshold 15)
[2615.747s][info ][gc,heap        ] GC(140) PSYoungGen: 1922976K(2010112K)->4576K(2005504K) Eden: 1918464K(1918464K)->0K(1918464K) From: 4512K(91648K)->4576K(87040K)
[2615.747s][info ][gc,heap        ] GC(140) ParOldGen: 525678K(647168K)->525686K(647168K)
[2615.747s][info ][gc,metaspace   ] GC(140) Metaspace: 83101K(84032K)->83101K(84032K) NonClass: 71487K(72000K)->71487K(72000K) Class: 11613K(12032K)->11613K(12032K)
[2615.747s][info ][gc             ] GC(140) Pause Young (Allocation Failure) 2391M->517M(2590M) 3.754ms
[2615.747s][info ][gc,cpu         ] GC(140) User=0.01s Sys=0.00s Real=0.00s
[2615.747s][info ][safepoint      ] Safepoint "ParallelGCFailedAllocation", Time since last: 4393892215 ns, Reaching safepoint: 41401 ns, At safepoint: 3845493 ns, Total: 3886894 ns
[2646.749s][info ][safepoint      ] Safepoint "Cleanup", Time since last: 31002139529 ns, Reaching safepoint: 43101 ns, At safepoint: 16200 ns, Total: 59301 ns
[2652.749s][info ][safepoint      ] Safepoint "Cleanup", Time since last: 6000493533 ns, Reaching safepoint: 56801 ns, At safepoint: 9401 ns, Total: 66202 ns
[2653.750s][info ][safepoint      ] Safepoint "Cleanup", Time since last: 1000112539 ns, Reaching safepoint: 45802 ns, At safepoint: 3600 ns, Total: 49402 ns
[2656.750s][info ][safepoint      ] Safepoint "Cleanup", Time since last: 3000244218 ns, Reaching safepoint: 48801 ns, At safepoint: 11800 ns, Total: 60601 ns
[2657.750s][info ][safepoint      ] Safepoint "Cleanup", Time since last: 1000112241 ns, Reaching safepoint: 48401 ns, At safepoint: 4200 ns, Total: 52601 ns
[2661.750s][info ][safepoint      ] Safepoint "Cleanup", Time since last: 4000336360 ns, Reaching safepoint: 48701 ns, At safepoint: 2900 ns, Total: 51601 ns
[2668.751s][info ][safepoint      ] Safepoint "Cleanup", Time since last: 7000498681 ns, Reaching safepoint: 50202 ns, At safepoint: 3500 ns, Total: 53702 ns
[2670.751s][info ][safepoint      ] Safepoint "Cleanup", Time since last: 2000235483 ns, Reaching safepoint: 63902 ns, At safepoint: 10000 ns, Total: 73902 ns
[2671.751s][info ][safepoint      ] Safepoint "Cleanup", Time since last: 1000118542 ns, Reaching safepoint: 42501 ns, At safepoint: 3800 ns, Total: 46301 ns
[2677.752s][info ][safepoint      ] Safepoint "Cleanup", Time since last: 6000356546 ns, Reaching safepoint: 130803 ns, At safepoint: 8600 ns, Total: 139403 ns
[2687.753s][info ][safepoint      ] Safepoint "Cleanup", Time since last: 10000699121 ns, Reaching safepoint: 47601 ns, At safepoint: 3500 ns, Total: 51101 ns
[2688.753s][info ][safepoint      ] Safepoint "Cleanup", Time since last: 1000117743 ns, Reaching safepoint: 56902 ns, At safepoint: 12600 ns, Total: 69502 ns
[2695.753s][info ][safepoint      ] Safepoint "Cleanup", Time since last: 7000490401 ns, Reaching safepoint: 49101 ns, At safepoint: 10901 ns, Total: 60002 ns
[2701.754s][info ][safepoint      ] Safepoint "Cleanup", Time since last: 6000375760 ns, Reaching safepoint: 47802 ns, At safepoint: 5800 ns, Total: 53602 ns
[2703.754s][info ][safepoint      ] Safepoint "Cleanup", Time since last: 2000175989 ns, Reaching safepoint: 41401 ns, At safepoint: 6200 ns, Total: 47601 ns
[2706.193s][info ][gc,start       ] GC(141) Pause Young (Allocation Failure)
[2706.197s][debug][gc,phases      ] GC(141) Scavenge 3.312ms
[2706.197s][debug][gc,ref         ] GC(141) Skipped phase 1 of Reference Processing: no references
[2706.197s][debug][gc,ref         ] GC(141) ReferenceProcessor::execute queues: 1, RefProcThreadModel::Single, marks_oops_alive: false
[2706.197s][debug][gc,ref         ] GC(141) Skipped phase 3 of Reference Processing: no references
[2706.197s][debug][gc,ref         ] GC(141) ReferenceProcessor::execute queues: 1, RefProcThreadModel::Single, marks_oops_alive: false
[2706.197s][debug][gc,phases      ] GC(141) Reference Processing 0.129ms
[2706.197s][debug][gc,phases      ] GC(141)   VM Weak                        Min:  0.0, Avg:  0.0, Max:  0.0, Diff:  0.0, Sum:  0.0, Workers: 4
[2706.197s][debug][gc,phases      ] GC(141)     Dead                           Min: 0, Avg:  0.0, Max: 0, Diff: 0, Sum: 0, Workers: 4
[2706.197s][debug][gc,phases      ] GC(141)     Total                          Min: 0, Avg: 175.0, Max: 700, Diff: 700, Sum: 700, Workers: 4
[2706.197s][debug][gc,phases      ] GC(141)   ObjectSynchronizer Weak        Min:  0.0, Avg:  0.0, Max:  0.0, Diff:  0.0, Sum:  0.0, Workers: 4
[2706.197s][debug][gc,phases      ] GC(141)     Dead                           Min: 0, Avg:  0.0, Max: 0, Diff: 0, Sum: 0, Workers: 4
[2706.197s][debug][gc,phases      ] GC(141)     Total                          Min: 0, Avg: 100.2, Max: 209, Diff: 209, Sum: 401, Workers: 4
[2706.197s][debug][gc,phases      ] GC(141)   JVMTI Tag Weak OopStorage      Min:  0.0, Avg:  0.0, Max:  0.0, Diff:  0.0, Sum:  0.0, Workers: 4
[2706.197s][debug][gc,phases      ] GC(141)     Dead                           Min: 0, Avg:  0.0, Max: 0, Diff: 0, Sum: 0, Workers: 4
[2706.197s][debug][gc,phases      ] GC(141)     Total                          Min: 0, Avg:  0.0, Max: 0, Diff: 0, Sum: 0, Workers: 4
[2706.197s][debug][gc,phases      ] GC(141)   StringTable Weak               Min:  0.1, Avg:  0.1, Max:  0.1, Diff:  0.0, Sum:  0.4, Workers: 4
[2706.197s][debug][gc,phases      ] GC(141)     Dead                           Min: 0, Avg:  0.0, Max: 0, Diff: 0, Sum: 0, Workers: 4
[2706.197s][debug][gc,phases      ] GC(141)     Total                          Min: 11328, Avg: 12083.2, Max: 12864, Diff: 1536, Sum: 48333, Workers: 4
[2706.197s][debug][gc,phases      ] GC(141)   ResolvedMethodTable Weak       Min:  0.0, Avg:  0.0, Max:  0.0, Diff:  0.0, Sum:  0.1, Workers: 4
[2706.197s][debug][gc,phases      ] GC(141)     Dead                           Min: 0, Avg:  0.0, Max: 0, Diff: 0, Sum: 0, Workers: 4
[2706.197s][debug][gc,phases      ] GC(141)     Total                          Min: 1752, Avg: 2008.8, Max: 2232, Diff: 480, Sum: 8035, Workers: 4
[2706.197s][debug][gc,phases      ] GC(141)   JNI Weak                       Min:  0.0, Avg:  0.0, Max:  0.0, Diff:  0.0, Sum:  0.0, Workers: 4
[2706.197s][debug][gc,phases      ] GC(141)     Dead                           Min: 0, Avg:  0.0, Max: 0, Diff: 0, Sum: 0, Workers: 4
[2706.197s][debug][gc,phases      ] GC(141)     Total                          Min: 0, Avg:  0.0, Max: 0, Diff: 0, Sum: 0, Workers: 4
[2706.197s][debug][gc,phases      ] GC(141)   StringDedup Table Weak         Min:  0.0, Avg:  0.0, Max:  0.0, Diff:  0.0, Sum:  0.0, Workers: 4
[2706.197s][debug][gc,phases      ] GC(141)     Dead                           Min: 0, Avg:  0.0, Max: 0, Diff: 0, Sum: 0, Workers: 4
[2706.197s][debug][gc,phases      ] GC(141)     Total                          Min: 0, Avg:  0.0, Max: 0, Diff: 0, Sum: 0, Workers: 4
[2706.197s][debug][gc,phases      ] GC(141)   StringDedup Requests0 Weak     Min:  0.0, Avg:  0.0, Max:  0.0, Diff:  0.0, Sum:  0.0, Workers: 4
[2706.197s][debug][gc,phases      ] GC(141)     Dead                           Min: 0, Avg:  0.0, Max: 0, Diff: 0, Sum: 0, Workers: 4
[2706.197s][debug][gc,phases      ] GC(141)     Total                          Min: 0, Avg:  0.0, Max: 0, Diff: 0, Sum: 0, Workers: 4
[2706.197s][debug][gc,phases      ] GC(141)   StringDedup Requests1 Weak     Min:  0.0, Avg:  0.0, Max:  0.0, Diff:  0.0, Sum:  0.0, Workers: 4
[2706.197s][debug][gc,phases      ] GC(141)     Dead                           Min: 0, Avg:  0.0, Max: 0, Diff: 0, Sum: 0, Workers: 4
[2706.197s][debug][gc,phases      ] GC(141)     Total                          Min: 0, Avg:  0.0, Max: 0, Diff: 0, Sum: 0, Workers: 4
[2706.197s][debug][gc,phases      ] GC(141)   Weak JFR Old Object Samples    Min:  0.0, Avg:  0.0, Max:  0.0, Diff:  0.0, Sum:  0.0, Workers: 4
[2706.197s][debug][gc,phases      ] GC(141)     Dead                           Min: 0, Avg:  0.0, Max: 0, Diff: 0, Sum: 0, Workers: 4
[2706.197s][debug][gc,phases      ] GC(141)     Total                          Min: 0, Avg:  0.0, Max: 0, Diff: 0, Sum: 0, Workers: 4
[2706.197s][debug][gc,phases      ] GC(141) Weak Processing 0.322ms
[2706.197s][debug][gc,age         ] GC(141) Desired survivor size 80216064 bytes, new threshold 15 (max threshold 15)
[2706.197s][info ][gc,heap        ] GC(141) PSYoungGen: 1923040K(2005504K)->4592K(2018816K) Eden: 1918464K(1918464K)->0K(1936384K) From: 4576K(87040K)->4592K(82432K)
[2706.197s][info ][gc,heap        ] GC(141) ParOldGen: 525686K(647168K)->525686K(647168K)
[2706.197s][info ][gc,metaspace   ] GC(141) Metaspace: 83106K(84032K)->83106K(84032K) NonClass: 71492K(72000K)->71492K(72000K) Class: 11613K(12032K)->11613K(12032K)
[2706.197s][info ][gc             ] GC(141) Pause Young (Allocation Failure) 2391M->517M(2603M) 3.896ms
[2706.197s][info ][gc,cpu         ] GC(141) User=0.02s Sys=0.00s Real=0.01s
[2706.197s][info ][safepoint      ] Safepoint "ParallelGCFailedAllocation", Time since last: 2439042072 ns, Reaching safepoint: 32501 ns, At safepoint: 3977097 ns, Total: 4009598 ns
[2710.198s][info ][safepoint      ] Safepoint "Cleanup", Time since last: 4000278678 ns, Reaching safepoint: 50402 ns, At safepoint: 4700 ns, Total: 55102 ns
[2712.198s][info ][safepoint      ] Safepoint "Cleanup", Time since last: 2000163190 ns, Reaching safepoint: 47701 ns, At safepoint: 8800 ns, Total: 56501 ns
[2717.198s][info ][safepoint      ] Safepoint "Cleanup", Time since last: 5000390127 ns, Reaching safepoint: 53302 ns, At safepoint: 6200 ns, Total: 59502 ns
[2722.199s][info ][safepoint      ] Safepoint "Cleanup", Time since last: 5000352028 ns, Reaching safepoint: 49602 ns, At safepoint: 3300 ns, Total: 52902 ns
[2731.199s][info ][safepoint      ] Safepoint "Cleanup", Time since last: 9000683018 ns, Reaching safepoint: 57002 ns, At safepoint: 6700 ns, Total: 63702 ns
[2735.200s][info ][safepoint      ] Safepoint "Cleanup", Time since last: 4000318389 ns, Reaching safepoint: 49901 ns, At safepoint: 14000 ns, Total: 63901 ns
[2737.200s][info ][safepoint      ] Safepoint "Cleanup", Time since last: 2000138995 ns, Reaching safepoint: 36601 ns, At safepoint: 4200 ns, Total: 40801 ns
[2745.201s][info ][safepoint      ] Safepoint "Cleanup", Time since last: 8000587082 ns, Reaching safepoint: 52501 ns, At safepoint: 10501 ns, Total: 63002 ns
[2749.201s][info ][safepoint      ] Safepoint "Cleanup", Time since last: 4000307093 ns, Reaching safepoint: 49502 ns, At safepoint: 10700 ns, Total: 60202 ns
[2754.201s][info ][safepoint      ] Safepoint "Cleanup", Time since last: 5000385944 ns, Reaching safepoint: 55601 ns, At safepoint: 11401 ns, Total: 67002 ns
[2757.202s][info ][safepoint      ] Safepoint "Cleanup", Time since last: 3000281949 ns, Reaching safepoint: 54401 ns, At safepoint: 7700 ns, Total: 62101 ns
[2760.202s][info ][safepoint      ] Safepoint "Cleanup", Time since last: 3000244049 ns, Reaching safepoint: 52701 ns, At safepoint: 4000 ns, Total: 56701 ns
[2762.202s][info ][safepoint      ] Safepoint "Cleanup", Time since last: 2000171000 ns, Reaching safepoint: 46401 ns, At safepoint: 7700 ns, Total: 54101 ns
[2767.203s][info ][safepoint      ] Safepoint "Cleanup", Time since last: 5000368750 ns, Reaching safepoint: 52801 ns, At safepoint: 7900 ns, Total: 60701 ns
[2771.203s][info ][safepoint      ] Safepoint "Cleanup", Time since last: 4000304902 ns, Reaching safepoint: 49701 ns, At safepoint: 9300 ns, Total: 59001 ns
[2772.203s][info ][safepoint      ] Safepoint "Cleanup", Time since last: 1000112752 ns, Reaching safepoint: 53101 ns, At safepoint: 6100 ns, Total: 59201 ns
[2776.204s][info ][safepoint      ] Safepoint "Cleanup", Time since last: 4000353805 ns, Reaching safepoint: 49301 ns, At safepoint: 6800 ns, Total: 56101 ns
[2777.204s][info ][safepoint      ] Safepoint "Cleanup", Time since last: 1000103652 ns, Reaching safepoint: 43601 ns, At safepoint: 3700 ns, Total: 47301 ns
[2783.204s][info ][safepoint      ] Safepoint "Cleanup", Time since last: 6000473508 ns, Reaching safepoint: 50402 ns, At safepoint: 4300 ns, Total: 54702 ns
[2785.205s][info ][safepoint      ] Safepoint "Cleanup", Time since last: 2000204004 ns, Reaching safepoint: 41701 ns, At safepoint: 3400 ns, Total: 45101 ns
[2786.205s][info ][safepoint      ] Safepoint "Cleanup", Time since last: 1000116253 ns, Reaching safepoint: 50101 ns, At safepoint: 13401 ns, Total: 63502 ns
[2795.205s][info ][safepoint      ] Safepoint "Cleanup", Time since last: 9000677269 ns, Reaching safepoint: 51002 ns, At safepoint: 27500 ns, Total: 78502 ns
[2797.206s][info ][safepoint      ] Safepoint "Cleanup", Time since last: 2000122905 ns, Reaching safepoint: 47801 ns, At safepoint: 9000 ns, Total: 56801 ns
[2800.206s][info ][safepoint      ] Safepoint "Cleanup", Time since last: 3000245759 ns, Reaching safepoint: 48502 ns, At safepoint: 6600 ns, Total: 55102 ns
[2803.206s][info ][safepoint      ] Safepoint "Cleanup", Time since last: 3000252560 ns, Reaching safepoint: 55701 ns, At safepoint: 4300 ns, Total: 60001 ns
[2804.140s][info ][gc,start       ] GC(142) Pause Young (Allocation Failure)
[2804.143s][debug][gc,phases      ] GC(142) Scavenge 2.731ms
[2804.143s][debug][gc,ref         ] GC(142) Skipped phase 1 of Reference Processing: no references
[2804.143s][debug][gc,ref         ] GC(142) ReferenceProcessor::execute queues: 1, RefProcThreadModel::Single, marks_oops_alive: false
[2804.143s][debug][gc,ref         ] GC(142) Skipped phase 3 of Reference Processing: no references
[2804.143s][debug][gc,ref         ] GC(142) ReferenceProcessor::execute queues: 1, RefProcThreadModel::Single, marks_oops_alive: false
[2804.143s][debug][gc,phases      ] GC(142) Reference Processing 0.149ms
[2804.143s][debug][gc,phases      ] GC(142)   VM Weak                        Min:  0.0, Avg:  0.0, Max:  0.0, Diff:  0.0, Sum:  0.0, Workers: 4
[2804.143s][debug][gc,phases      ] GC(142)     Dead                           Min: 0, Avg:  0.0, Max: 0, Diff: 0, Sum: 0, Workers: 4
[2804.143s][debug][gc,phases      ] GC(142)     Total                          Min: 0, Avg: 175.2, Max: 637, Diff: 637, Sum: 701, Workers: 4
[2804.143s][debug][gc,phases      ] GC(142)   ObjectSynchronizer Weak        Min:  0.0, Avg:  0.0, Max:  0.0, Diff:  0.0, Sum:  0.0, Workers: 4
[2804.143s][debug][gc,phases      ] GC(142)     Dead                           Min: 0, Avg:  0.0, Max: 0, Diff: 0, Sum: 0, Workers: 4
[2804.143s][debug][gc,phases      ] GC(142)     Total                          Min: 0, Avg: 100.2, Max: 320, Diff: 320, Sum: 401, Workers: 4
[2804.143s][debug][gc,phases      ] GC(142)   JVMTI Tag Weak OopStorage      Min:  0.0, Avg:  0.0, Max:  0.0, Diff:  0.0, Sum:  0.0, Workers: 4
[2804.143s][debug][gc,phases      ] GC(142)     Dead                           Min: 0, Avg:  0.0, Max: 0, Diff: 0, Sum: 0, Workers: 4
[2804.143s][debug][gc,phases      ] GC(142)     Total                          Min: 0, Avg:  0.0, Max: 0, Diff: 0, Sum: 0, Workers: 4
[2804.143s][debug][gc,phases      ] GC(142)   StringTable Weak               Min:  0.1, Avg:  0.1, Max:  0.1, Diff:  0.0, Sum:  0.4, Workers: 4
[2804.143s][debug][gc,phases      ] GC(142)     Dead                           Min: 0, Avg:  0.0, Max: 0, Diff: 0, Sum: 0, Workers: 4
[2804.143s][debug][gc,phases      ] GC(142)     Total                          Min: 11712, Avg: 12101.0, Max: 12884, Diff: 1172, Sum: 48404, Workers: 4
[2804.143s][debug][gc,phases      ] GC(142)   ResolvedMethodTable Weak       Min:  0.0, Avg:  0.0, Max:  0.0, Diff:  0.0, Sum:  0.1, Workers: 4
[2804.143s][debug][gc,phases      ] GC(142)     Dead                           Min: 0, Avg:  0.0, Max: 0, Diff: 0, Sum: 0, Workers: 4
[2804.143s][debug][gc,phases      ] GC(142)     Total                          Min: 1820, Avg: 2009.8, Max: 2268, Diff: 448, Sum: 8039, Workers: 4
[2804.143s][debug][gc,phases      ] GC(142)   JNI Weak                       Min:  0.0, Avg:  0.0, Max:  0.0, Diff:  0.0, Sum:  0.0, Workers: 4
[2804.143s][debug][gc,phases      ] GC(142)     Dead                           Min: 0, Avg:  0.0, Max: 0, Diff: 0, Sum: 0, Workers: 4
[2804.143s][debug][gc,phases      ] GC(142)     Total                          Min: 0, Avg:  0.0, Max: 0, Diff: 0, Sum: 0, Workers: 4
[2804.143s][debug][gc,phases      ] GC(142)   StringDedup Table Weak         Min:  0.0, Avg:  0.0, Max:  0.0, Diff:  0.0, Sum:  0.0, Workers: 4
[2804.143s][debug][gc,phases      ] GC(142)     Dead                           Min: 0, Avg:  0.0, Max: 0, Diff: 0, Sum: 0, Workers: 4
[2804.143s][debug][gc,phases      ] GC(142)     Total                          Min: 0, Avg:  0.0, Max: 0, Diff: 0, Sum: 0, Workers: 4
[2804.143s][debug][gc,phases      ] GC(142)   StringDedup Requests0 Weak     Min:  0.0, Avg:  0.0, Max:  0.0, Diff:  0.0, Sum:  0.0, Workers: 4
[2804.143s][debug][gc,phases      ] GC(142)     Dead                           Min: 0, Avg:  0.0, Max: 0, Diff: 0, Sum: 0, Workers: 4
[2804.143s][debug][gc,phases      ] GC(142)     Total                          Min: 0, Avg:  0.0, Max: 0, Diff: 0, Sum: 0, Workers: 4
[2804.143s][debug][gc,phases      ] GC(142)   StringDedup Requests1 Weak     Min:  0.0, Avg:  0.0, Max:  0.0, Diff:  0.0, Sum:  0.0, Workers: 4
[2804.144s][debug][gc,phases      ] GC(142)     Dead                           Min: 0, Avg:  0.0, Max: 0, Diff: 0, Sum: 0, Workers: 4
[2804.144s][debug][gc,phases      ] GC(142)     Total                          Min: 0, Avg:  0.0, Max: 0, Diff: 0, Sum: 0, Workers: 4
[2804.144s][debug][gc,phases      ] GC(142)   Weak JFR Old Object Samples    Min:  0.0, Avg:  0.0, Max:  0.0, Diff:  0.0, Sum:  0.0, Workers: 4
[2804.144s][debug][gc,phases      ] GC(142)     Dead                           Min: 0, Avg:  0.0, Max: 0, Diff: 0, Sum: 0, Workers: 4
[2804.144s][debug][gc,phases      ] GC(142)     Total                          Min: 0, Avg:  0.0, Max: 0, Diff: 0, Sum: 0, Workers: 4
[2804.144s][debug][gc,phases      ] GC(142) Weak Processing 0.326ms
[2804.144s][debug][gc,age         ] GC(142) Desired survivor size 75497472 bytes, new threshold 15 (max threshold 15)
[2804.144s][info ][gc,heap        ] GC(142) PSYoungGen: 1940976K(2018816K)->4240K(2014720K) Eden: 1936384K(1936384K)->0K(1936384K) From: 4592K(82432K)->4240K(78336K)
[2804.144s][info ][gc,heap        ] GC(142) ParOldGen: 525686K(647168K)->525939K(647168K)
[2804.144s][info ][gc,metaspace   ] GC(142) Metaspace: 83122K(84032K)->83122K(84032K) NonClass: 71507K(72000K)->71507K(72000K) Class: 11614K(12032K)->11614K(12032K)
[2804.144s][info ][gc             ] GC(142) Pause Young (Allocation Failure) 2408M->517M(2599M) 3.332ms
[2804.144s][info ][gc,cpu         ] GC(142) User=0.01s Sys=0.00s Real=0.00s
[2804.144s][info ][safepoint      ] Safepoint "ParallelGCFailedAllocation", Time since last: 933892742 ns, Reaching safepoint: 41501 ns, At safepoint: 3407683 ns, Total: 3449184 ns
[2818.145s][info ][safepoint      ] Safepoint "Cleanup", Time since last: 14000980752 ns, Reaching safepoint: 128103 ns, At safepoint: 9500 ns, Total: 137603 ns
[2823.145s][info ][safepoint      ] Safepoint "Cleanup", Time since last: 5000397574 ns, Reaching safepoint: 52901 ns, At safepoint: 3700 ns, Total: 56601 ns
[2824.145s][info ][safepoint      ] Safepoint "Cleanup", Time since last: 1000085555 ns, Reaching safepoint: 64202 ns, At safepoint: 11800 ns, Total: 76002 ns
[2832.146s][info ][safepoint      ] Safepoint "Cleanup", Time since last: 8000595042 ns, Reaching safepoint: 44401 ns, At safepoint: 41701 ns, Total: 86102 ns
[2837.146s][info ][safepoint      ] Safepoint "Cleanup", Time since last: 5000364578 ns, Reaching safepoint: 58502 ns, At safepoint: 4000 ns, Total: 62502 ns
[2839.147s][info ][safepoint      ] Safepoint "Cleanup", Time since last: 2000189613 ns, Reaching safepoint: 55401 ns, At safepoint: 6400 ns, Total: 61801 ns
[2840.147s][info ][safepoint      ] Safepoint "Cleanup", Time since last: 1000120057 ns, Reaching safepoint: 50101 ns, At safepoint: 7701 ns, Total: 57802 ns
[2843.147s][info ][safepoint      ] Safepoint "Cleanup", Time since last: 3000253069 ns, Reaching safepoint: 62302 ns, At safepoint: 9100 ns, Total: 71402 ns
[2845.147s][info ][safepoint      ] Safepoint "Cleanup", Time since last: 2000199314 ns, Reaching safepoint: 34301 ns, At safepoint: 3500 ns, Total: 37801 ns
[2847.148s][info ][safepoint      ] Safepoint "Cleanup", Time since last: 2000157013 ns, Reaching safepoint: 51601 ns, At safepoint: 3700 ns, Total: 55301 ns
[2849.148s][info ][safepoint      ] Safepoint "Cleanup", Time since last: 2000173614 ns, Reaching safepoint: 67202 ns, At safepoint: 6300 ns, Total: 73502 ns
[2850.148s][info ][safepoint      ] Safepoint "Cleanup", Time since last: 1000111958 ns, Reaching safepoint: 50101 ns, At safepoint: 3000 ns, Total: 53101 ns
[2851.148s][info ][safepoint      ] Safepoint "Cleanup", Time since last: 1000124058 ns, Reaching safepoint: 71902 ns, At safepoint: 4200 ns, Total: 76102 ns
[2854.149s][info ][safepoint      ] Safepoint "Cleanup", Time since last: 3000247772 ns, Reaching safepoint: 54301 ns, At safepoint: 10601 ns, Total: 64902 ns
[2855.149s][info ][safepoint      ] Safepoint "Cleanup", Time since last: 1000115758 ns, Reaching safepoint: 48801 ns, At safepoint: 3500 ns, Total: 52301 ns
[2858.149s][info ][safepoint      ] Safepoint "Cleanup", Time since last: 3000238172 ns, Reaching safepoint: 127003 ns, At safepoint: 7501 ns, Total: 134504 ns
[2861.149s][info ][safepoint      ] Safepoint "Cleanup", Time since last: 3000208772 ns, Reaching safepoint: 44801 ns, At safepoint: 2900 ns, Total: 47701 ns
[2865.150s][info ][safepoint      ] Safepoint "Cleanup", Time since last: 4000300331 ns, Reaching safepoint: 45602 ns, At safepoint: 3100 ns, Total: 48702 ns
[2866.150s][info ][safepoint      ] Safepoint "Cleanup", Time since last: 1000103958 ns, Reaching safepoint: 54002 ns, At safepoint: 6500 ns, Total: 60502 ns
[2870.150s][info ][safepoint      ] Safepoint "Cleanup", Time since last: 4000297032 ns, Reaching safepoint: 48302 ns, At safepoint: 3600 ns, Total: 51902 ns
[2874.151s][info ][safepoint      ] Safepoint "Cleanup", Time since last: 4000280233 ns, Reaching safepoint: 54901 ns, At safepoint: 3401 ns, Total: 58302 ns
[2875.151s][info ][safepoint      ] Safepoint "Cleanup", Time since last: 1000132460 ns, Reaching safepoint: 52501 ns, At safepoint: 6100 ns, Total: 58601 ns
[2889.152s][info ][safepoint      ] Safepoint "Cleanup", Time since last: 14000891925 ns, Reaching safepoint: 49001 ns, At safepoint: 4100 ns, Total: 53101 ns
[2896.594s][info ][gc,start       ] GC(143) Pause Young (Allocation Failure)
[2896.596s][debug][gc,phases      ] GC(143) Scavenge 2.724ms
[2896.596s][debug][gc,ref         ] GC(143) Skipped phase 1 of Reference Processing: no references
[2896.597s][debug][gc,ref         ] GC(143) ReferenceProcessor::execute queues: 1, RefProcThreadModel::Single, marks_oops_alive: false
[2896.597s][debug][gc,ref         ] GC(143) Skipped phase 3 of Reference Processing: no references
[2896.597s][debug][gc,ref         ] GC(143) ReferenceProcessor::execute queues: 1, RefProcThreadModel::Single, marks_oops_alive: false
[2896.597s][debug][gc,phases      ] GC(143) Reference Processing 0.180ms
[2896.597s][debug][gc,phases      ] GC(143)   VM Weak                        Min:  0.0, Avg:  0.0, Max:  0.0, Diff:  0.0, Sum:  0.0, Workers: 4
[2896.597s][debug][gc,phases      ] GC(143)     Dead                           Min: 0, Avg:  0.0, Max: 0, Diff: 0, Sum: 0, Workers: 4
[2896.597s][debug][gc,phases      ] GC(143)     Total                          Min: 0, Avg: 175.2, Max: 381, Diff: 381, Sum: 701, Workers: 4
[2896.597s][debug][gc,phases      ] GC(143)   ObjectSynchronizer Weak        Min:  0.0, Avg:  0.0, Max:  0.0, Diff:  0.0, Sum:  0.0, Workers: 4
[2896.597s][debug][gc,phases      ] GC(143)     Dead                           Min: 0, Avg:  0.0, Max: 0, Diff: 0, Sum: 0, Workers: 4
[2896.597s][debug][gc,phases      ] GC(143)     Total                          Min: 0, Avg: 100.2, Max: 192, Diff: 192, Sum: 401, Workers: 4
[2896.597s][debug][gc,phases      ] GC(143)   JVMTI Tag Weak OopStorage      Min:  0.0, Avg:  0.0, Max:  0.0, Diff:  0.0, Sum:  0.0, Workers: 4
[2896.597s][debug][gc,phases      ] GC(143)     Dead                           Min: 0, Avg:  0.0, Max: 0, Diff: 0, Sum: 0, Workers: 4
[2896.597s][debug][gc,phases      ] GC(143)     Total                          Min: 0, Avg:  0.0, Max: 0, Diff: 0, Sum: 0, Workers: 4
[2896.597s][debug][gc,phases      ] GC(143)   StringTable Weak               Min:  0.1, Avg:  0.1, Max:  0.1, Diff:  0.0, Sum:  0.4, Workers: 4
[2896.597s][debug][gc,phases      ] GC(143)     Dead                           Min: 0, Avg:  0.0, Max: 0, Diff: 0, Sum: 0, Workers: 4
[2896.597s][debug][gc,phases      ] GC(143)     Total                          Min: 11584, Avg: 12101.5, Max: 13078, Diff: 1494, Sum: 48406, Workers: 4
[2896.597s][debug][gc,phases      ] GC(143)   ResolvedMethodTable Weak       Min:  0.0, Avg:  0.0, Max:  0.0, Diff:  0.0, Sum:  0.1, Workers: 4
[2896.597s][debug][gc,phases      ] GC(143)     Dead                           Min: 0, Avg:  0.0, Max: 0, Diff: 0, Sum: 0, Workers: 4
[2896.597s][debug][gc,phases      ] GC(143)     Total                          Min: 1772, Avg: 2009.8, Max: 2504, Diff: 732, Sum: 8039, Workers: 4
[2896.597s][debug][gc,phases      ] GC(143)   JNI Weak                       Min:  0.0, Avg:  0.0, Max:  0.0, Diff:  0.0, Sum:  0.0, Workers: 4
[2896.597s][debug][gc,phases      ] GC(143)     Dead                           Min: 0, Avg:  0.0, Max: 0, Diff: 0, Sum: 0, Workers: 4
[2896.597s][debug][gc,phases      ] GC(143)     Total                          Min: 0, Avg:  0.0, Max: 0, Diff: 0, Sum: 0, Workers: 4
[2896.597s][debug][gc,phases      ] GC(143)   StringDedup Table Weak         Min:  0.0, Avg:  0.0, Max:  0.0, Diff:  0.0, Sum:  0.0, Workers: 4
[2896.597s][debug][gc,phases      ] GC(143)     Dead                           Min: 0, Avg:  0.0, Max: 0, Diff: 0, Sum: 0, Workers: 4
[2896.597s][debug][gc,phases      ] GC(143)     Total                          Min: 0, Avg:  0.0, Max: 0, Diff: 0, Sum: 0, Workers: 4
[2896.597s][debug][gc,phases      ] GC(143)   StringDedup Requests0 Weak     Min:  0.0, Avg:  0.0, Max:  0.0, Diff:  0.0, Sum:  0.0, Workers: 4
[2896.597s][debug][gc,phases      ] GC(143)     Dead                           Min: 0, Avg:  0.0, Max: 0, Diff: 0, Sum: 0, Workers: 4
[2896.597s][debug][gc,phases      ] GC(143)     Total                          Min: 0, Avg:  0.0, Max: 0, Diff: 0, Sum: 0, Workers: 4
[2896.597s][debug][gc,phases      ] GC(143)   StringDedup Requests1 Weak     Min:  0.0, Avg:  0.0, Max:  0.0, Diff:  0.0, Sum:  0.0, Workers: 4
[2896.597s][debug][gc,phases      ] GC(143)     Dead                           Min: 0, Avg:  0.0, Max: 0, Diff: 0, Sum: 0, Workers: 4
[2896.597s][debug][gc,phases      ] GC(143)     Total                          Min: 0, Avg:  0.0, Max: 0, Diff: 0, Sum: 0, Workers: 4
[2896.597s][debug][gc,phases      ] GC(143)   Weak JFR Old Object Samples    Min:  0.0, Avg:  0.0, Max:  0.0, Diff:  0.0, Sum:  0.0, Workers: 4
[2896.597s][debug][gc,phases      ] GC(143)     Dead                           Min: 0, Avg:  0.0, Max: 0, Diff: 0, Sum: 0, Workers: 4
[2896.597s][debug][gc,phases      ] GC(143)     Total                          Min: 0, Avg:  0.0, Max: 0, Diff: 0, Sum: 0, Workers: 4
[2896.597s][debug][gc,phases      ] GC(143) Weak Processing 0.316ms
[2896.597s][debug][gc,age         ] GC(143) Desired survivor size 71303168 bytes, new threshold 15 (max threshold 15)
[2896.597s][info ][gc,heap        ] GC(143) PSYoungGen: 1940624K(2014720K)->4640K(2027520K) Eden: 1936384K(1936384K)->0K(1953792K) From: 4240K(78336K)->4640K(73728K)
[2896.597s][info ][gc,heap        ] GC(143) ParOldGen: 525939K(647168K)->526011K(647168K)
[2896.597s][info ][gc,metaspace   ] GC(143) Metaspace: 83133K(84032K)->83133K(84032K) NonClass: 71518K(72000K)->71518K(72000K) Class: 11615K(12032K)->11615K(12032K)
[2896.597s][info ][gc             ] GC(143) Pause Young (Allocation Failure) 2408M->518M(2612M) 3.356ms
[2896.597s][info ][gc,cpu         ] GC(143) User=0.01s Sys=0.00s Real=0.01s
[2896.597s][info ][safepoint      ] Safepoint "ParallelGCFailedAllocation", Time since last: 7441829069 ns, Reaching safepoint: 27200 ns, At safepoint: 3433784 ns, Total: 3460984 ns
[2903.598s][info ][safepoint      ] Safepoint "Cleanup", Time since last: 7000440021 ns, Reaching safepoint: 65001 ns, At safepoint: 8801 ns, Total: 73802 ns
[2923.599s][info ][safepoint      ] Safepoint "Cleanup", Time since last: 20001413224 ns, Reaching safepoint: 58601 ns, At safepoint: 10800 ns, Total: 69401 ns
[2926.599s][info ][safepoint      ] Safepoint "Cleanup", Time since last: 3000295888 ns, Reaching safepoint: 57002 ns, At safepoint: 2800 ns, Total: 59802 ns
[2930.600s][info ][safepoint      ] Safepoint "Cleanup", Time since last: 4000327950 ns, Reaching safepoint: 47601 ns, At safepoint: 3200 ns, Total: 50801 ns
[2958.602s][info ][safepoint      ] Safepoint "Cleanup", Time since last: 28001961368 ns, Reaching safepoint: 54102 ns, At safepoint: 9300 ns, Total: 63402 ns
[2988.892s][info ][gc,start       ] GC(144) Pause Young (Allocation Failure)
[2988.895s][debug][gc,phases      ] GC(144) Scavenge 2.486ms
[2988.895s][debug][gc,ref         ] GC(144) Skipped phase 1 of Reference Processing: no references
[2988.895s][debug][gc,ref         ] GC(144) ReferenceProcessor::execute queues: 1, RefProcThreadModel::Single, marks_oops_alive: false
[2988.895s][debug][gc,ref         ] GC(144) Skipped phase 3 of Reference Processing: no references
[2988.895s][debug][gc,ref         ] GC(144) ReferenceProcessor::execute queues: 1, RefProcThreadModel::Single, marks_oops_alive: false
[2988.895s][debug][gc,phases      ] GC(144) Reference Processing 0.188ms
[2988.895s][debug][gc,phases      ] GC(144)   VM Weak                        Min:  0.0, Avg:  0.0, Max:  0.0, Diff:  0.0, Sum:  0.0, Workers: 4
[2988.895s][debug][gc,phases      ] GC(144)     Dead                           Min: 0, Avg:  0.0, Max: 0, Diff: 0, Sum: 0, Workers: 4
[2988.895s][debug][gc,phases      ] GC(144)     Total                          Min: 0, Avg: 175.2, Max: 701, Diff: 701, Sum: 701, Workers: 4
[2988.895s][debug][gc,phases      ] GC(144)   ObjectSynchronizer Weak        Min:  0.0, Avg:  0.0, Max:  0.0, Diff:  0.0, Sum:  0.0, Workers: 4
[2988.895s][debug][gc,phases      ] GC(144)     Dead                           Min: 0, Avg:  0.0, Max: 0, Diff: 0, Sum: 0, Workers: 4
[2988.895s][debug][gc,phases      ] GC(144)     Total                          Min: 0, Avg: 100.2, Max: 209, Diff: 209, Sum: 401, Workers: 4
[2988.895s][debug][gc,phases      ] GC(144)   JVMTI Tag Weak OopStorage      Min:  0.0, Avg:  0.0, Max:  0.0, Diff:  0.0, Sum:  0.0, Workers: 4
[2988.895s][debug][gc,phases      ] GC(144)     Dead                           Min: 0, Avg:  0.0, Max: 0, Diff: 0, Sum: 0, Workers: 4
[2988.895s][debug][gc,phases      ] GC(144)     Total                          Min: 0, Avg:  0.0, Max: 0, Diff: 0, Sum: 0, Workers: 4
[2988.895s][debug][gc,phases      ] GC(144)   StringTable Weak               Min:  0.1, Avg:  0.1, Max:  0.1, Diff:  0.0, Sum:  0.4, Workers: 4
[2988.895s][debug][gc,phases      ] GC(144)     Dead                           Min: 0, Avg:  0.0, Max: 0, Diff: 0, Sum: 0, Workers: 4
[2988.895s][debug][gc,phases      ] GC(144)     Total                          Min: 11008, Avg: 12105.8, Max: 13184, Diff: 2176, Sum: 48423, Workers: 4
[2988.895s][debug][gc,phases      ] GC(144)   ResolvedMethodTable Weak       Min:  0.0, Avg:  0.0, Max:  0.0, Diff:  0.0, Sum:  0.1, Workers: 4
[2988.895s][debug][gc,phases      ] GC(144)     Dead                           Min: 0, Avg:  0.0, Max: 0, Diff: 0, Sum: 0, Workers: 4
[2988.895s][debug][gc,phases      ] GC(144)     Total                          Min: 1800, Avg: 2009.8, Max: 2204, Diff: 404, Sum: 8039, Workers: 4
[2988.895s][debug][gc,phases      ] GC(144)   JNI Weak                       Min:  0.0, Avg:  0.0, Max:  0.0, Diff:  0.0, Sum:  0.0, Workers: 4
[2988.895s][debug][gc,phases      ] GC(144)     Dead                           Min: 0, Avg:  0.0, Max: 0, Diff: 0, Sum: 0, Workers: 4
[2988.895s][debug][gc,phases      ] GC(144)     Total                          Min: 0, Avg:  0.0, Max: 0, Diff: 0, Sum: 0, Workers: 4
[2988.895s][debug][gc,phases      ] GC(144)   StringDedup Table Weak         Min:  0.0, Avg:  0.0, Max:  0.0, Diff:  0.0, Sum:  0.0, Workers: 4
[2988.895s][debug][gc,phases      ] GC(144)     Dead                           Min: 0, Avg:  0.0, Max: 0, Diff: 0, Sum: 0, Workers: 4
[2988.895s][debug][gc,phases      ] GC(144)     Total                          Min: 0, Avg:  0.0, Max: 0, Diff: 0, Sum: 0, Workers: 4
[2988.895s][debug][gc,phases      ] GC(144)   StringDedup Requests0 Weak     Min:  0.0, Avg:  0.0, Max:  0.0, Diff:  0.0, Sum:  0.0, Workers: 4
[2988.895s][debug][gc,phases      ] GC(144)     Dead                           Min: 0, Avg:  0.0, Max: 0, Diff: 0, Sum: 0, Workers: 4
[2988.895s][debug][gc,phases      ] GC(144)     Total                          Min: 0, Avg:  0.0, Max: 0, Diff: 0, Sum: 0, Workers: 4
[2988.895s][debug][gc,phases      ] GC(144)   StringDedup Requests1 Weak     Min:  0.0, Avg:  0.0, Max:  0.0, Diff:  0.0, Sum:  0.0, Workers: 4
[2988.895s][debug][gc,phases      ] GC(144)     Dead                           Min: 0, Avg:  0.0, Max: 0, Diff: 0, Sum: 0, Workers: 4
[2988.895s][debug][gc,phases      ] GC(144)     Total                          Min: 0, Avg:  0.0, Max: 0, Diff: 0, Sum: 0, Workers: 4
[2988.895s][debug][gc,phases      ] GC(144)   Weak JFR Old Object Samples    Min:  0.0, Avg:  0.0, Max:  0.0, Diff:  0.0, Sum:  0.0, Workers: 4
[2988.895s][debug][gc,phases      ] GC(144)     Dead                           Min: 0, Avg:  0.0, Max: 0, Diff: 0, Sum: 0, Workers: 4
[2988.895s][debug][gc,phases      ] GC(144)     Total                          Min: 0, Avg:  0.0, Max: 0, Diff: 0, Sum: 0, Workers: 4
[2988.895s][debug][gc,phases      ] GC(144) Weak Processing 0.394ms
[2988.895s][debug][gc,age         ] GC(144) Desired survivor size 67108864 bytes, new threshold 15 (max threshold 15)
[2988.895s][info ][gc,heap        ] GC(144) PSYoungGen: 1958432K(2027520K)->4544K(2023424K) Eden: 1953792K(1953792K)->0K(1953792K) From: 4640K(73728K)->4544K(69632K)
[2988.895s][info ][gc,heap        ] GC(144) ParOldGen: 526011K(647168K)->526083K(647168K)
[2988.896s][info ][gc,metaspace   ] GC(144) Metaspace: 83149K(84032K)->83149K(84032K) NonClass: 71533K(72000K)->71533K(72000K) Class: 11615K(12032K)->11615K(12032K)
[2988.896s][info ][gc             ] GC(144) Pause Young (Allocation Failure) 2426M->518M(2608M) 3.221ms
[2988.896s][info ][gc,cpu         ] GC(144) User=0.01s Sys=0.00s Real=0.00s
[2988.896s][info ][safepoint      ] Safepoint "ParallelGCFailedAllocation", Time since last: 30290420113 ns, Reaching safepoint: 53402 ns, At safepoint: 3347985 ns, Total: 3401387 ns
[2993.896s][info ][safepoint      ] Safepoint "Cleanup", Time since last: 5000413522 ns, Reaching safepoint: 47701 ns, At safepoint: 8300 ns, Total: 56001 ns
[3000.897s][info ][safepoint      ] Safepoint "Cleanup", Time since last: 7000595700 ns, Reaching safepoint: 43901 ns, At safepoint: 2800 ns, Total: 46701 ns
[3002.897s][info ][safepoint      ] Safepoint "Cleanup", Time since last: 2000236659 ns, Reaching safepoint: 42101 ns, At safepoint: 3800 ns, Total: 45901 ns
[3005.897s][info ][safepoint      ] Safepoint "Cleanup", Time since last: 3000267584 ns, Reaching safepoint: 50002 ns, At safepoint: 4000 ns, Total: 54002 ns
[3012.903s][info ][safepoint      ] Safepoint "Cleanup", Time since last: 7000556493 ns, Reaching safepoint: 5326931 ns, At safepoint: 16500 ns, Total: 5343431 ns
[3021.904s][info ][safepoint      ] Safepoint "Cleanup", Time since last: 9000704344 ns, Reaching safepoint: 60201 ns, At safepoint: 5201 ns, Total: 65402 ns
[3030.912s][info ][safepoint      ] Safepoint "Cleanup", Time since last: 9000658037 ns, Reaching safepoint: 7449783 ns, At safepoint: 18000 ns, Total: 7467783 ns
[3048.914s][info ][safepoint      ] Safepoint "Cleanup", Time since last: 18001320860 ns, Reaching safepoint: 58001 ns, At safepoint: 37401 ns, Total: 95402 ns
[3053.845s][info ][safepoint      ] Safepoint "Cleanup", Time since last: 4930954622 ns, Reaching safepoint: 150703 ns, At safepoint: 11501 ns, Total: 162204 ns
[3074.538s][info ][safepoint      ] Safepoint "Cleanup", Time since last: 20693453850 ns, Reaching safepoint: 123703 ns, At safepoint: 12000 ns, Total: 135703 ns
[3076.539s][info ][safepoint      ] Safepoint "Cleanup", Time since last: 2000182047 ns, Reaching safepoint: 122804 ns, At safepoint: 8000 ns, Total: 130804 ns
[3079.539s][info ][safepoint      ] Safepoint "Cleanup", Time since last: 3000261070 ns, Reaching safepoint: 126303 ns, At safepoint: 36601 ns, Total: 162904 ns
[3082.535s][info ][gc,start       ] GC(145) Pause Young (Allocation Failure)
[3082.538s][debug][gc,phases      ] GC(145) Scavenge 2.887ms
[3082.538s][debug][gc,ref         ] GC(145) Skipped phase 1 of Reference Processing: no references
[3082.538s][debug][gc,ref         ] GC(145) ReferenceProcessor::execute queues: 1, RefProcThreadModel::Single, marks_oops_alive: false
[3082.538s][debug][gc,ref         ] GC(145) Skipped phase 3 of Reference Processing: no references
[3082.538s][debug][gc,ref         ] GC(145) ReferenceProcessor::execute queues: 1, RefProcThreadModel::Single, marks_oops_alive: false
[3082.538s][debug][gc,phases      ] GC(145) Reference Processing 0.164ms
[3082.538s][debug][gc,phases      ] GC(145)   VM Weak                        Min:  0.0, Avg:  0.0, Max:  0.0, Diff:  0.0, Sum:  0.0, Workers: 4
[3082.538s][debug][gc,phases      ] GC(145)     Dead                           Min: 0, Avg:  0.0, Max: 0, Diff: 0, Sum: 0, Workers: 4
[3082.538s][debug][gc,phases      ] GC(145)     Total                          Min: 0, Avg: 175.2, Max: 512, Diff: 512, Sum: 701, Workers: 4
[3082.538s][debug][gc,phases      ] GC(145)   ObjectSynchronizer Weak        Min:  0.0, Avg:  0.0, Max:  0.0, Diff:  0.0, Sum:  0.0, Workers: 4
[3082.538s][debug][gc,phases      ] GC(145)     Dead                           Min: 0, Avg:  0.0, Max: 0, Diff: 0, Sum: 0, Workers: 4
[3082.538s][debug][gc,phases      ] GC(145)     Total                          Min: 0, Avg: 100.2, Max: 256, Diff: 256, Sum: 401, Workers: 4
[3082.538s][debug][gc,phases      ] GC(145)   JVMTI Tag Weak OopStorage      Min:  0.0, Avg:  0.0, Max:  0.0, Diff:  0.0, Sum:  0.0, Workers: 4
[3082.538s][debug][gc,phases      ] GC(145)     Dead                           Min: 0, Avg:  0.0, Max: 0, Diff: 0, Sum: 0, Workers: 4
[3082.538s][debug][gc,phases      ] GC(145)     Total                          Min: 0, Avg:  0.0, Max: 0, Diff: 0, Sum: 0, Workers: 4
[3082.538s][debug][gc,phases      ] GC(145)   StringTable Weak               Min:  0.1, Avg:  0.1, Max:  0.1, Diff:  0.0, Sum:  0.4, Workers: 4
[3082.538s][debug][gc,phases      ] GC(145)     Dead                           Min: 0, Avg:  0.0, Max: 0, Diff: 0, Sum: 0, Workers: 4
[3082.538s][debug][gc,phases      ] GC(145)     Total                          Min: 11688, Avg: 12106.0, Max: 12800, Diff: 1112, Sum: 48424, Workers: 4
[3082.538s][debug][gc,phases      ] GC(145)   ResolvedMethodTable Weak       Min:  0.0, Avg:  0.0, Max:  0.0, Diff:  0.0, Sum:  0.1, Workers: 4
[3082.538s][debug][gc,phases      ] GC(145)     Dead                           Min: 0, Avg:  0.0, Max: 0, Diff: 0, Sum: 0, Workers: 4
[3082.538s][debug][gc,phases      ] GC(145)     Total                          Min: 1851, Avg: 2009.8, Max: 2354, Diff: 503, Sum: 8039, Workers: 4
[3082.538s][debug][gc,phases      ] GC(145)   JNI Weak                       Min:  0.0, Avg:  0.0, Max:  0.0, Diff:  0.0, Sum:  0.0, Workers: 4
[3082.538s][debug][gc,phases      ] GC(145)     Dead                           Min: 0, Avg:  0.0, Max: 0, Diff: 0, Sum: 0, Workers: 4
[3082.538s][debug][gc,phases      ] GC(145)     Total                          Min: 0, Avg:  0.0, Max: 0, Diff: 0, Sum: 0, Workers: 4
[3082.538s][debug][gc,phases      ] GC(145)   StringDedup Table Weak         Min:  0.0, Avg:  0.0, Max:  0.0, Diff:  0.0, Sum:  0.0, Workers: 4
[3082.538s][debug][gc,phases      ] GC(145)     Dead                           Min: 0, Avg:  0.0, Max: 0, Diff: 0, Sum: 0, Workers: 4
[3082.538s][debug][gc,phases      ] GC(145)     Total                          Min: 0, Avg:  0.0, Max: 0, Diff: 0, Sum: 0, Workers: 4
[3082.538s][debug][gc,phases      ] GC(145)   StringDedup Requests0 Weak     Min:  0.0, Avg:  0.0, Max:  0.0, Diff:  0.0, Sum:  0.0, Workers: 4
[3082.538s][debug][gc,phases      ] GC(145)     Dead                           Min: 0, Avg:  0.0, Max: 0, Diff: 0, Sum: 0, Workers: 4
[3082.538s][debug][gc,phases      ] GC(145)     Total                          Min: 0, Avg:  0.0, Max: 0, Diff: 0, Sum: 0, Workers: 4
[3082.538s][debug][gc,phases      ] GC(145)   StringDedup Requests1 Weak     Min:  0.0, Avg:  0.0, Max:  0.0, Diff:  0.0, Sum:  0.0, Workers: 4
[3082.538s][debug][gc,phases      ] GC(145)     Dead                           Min: 0, Avg:  0.0, Max: 0, Diff: 0, Sum: 0, Workers: 4
[3082.538s][debug][gc,phases      ] GC(145)     Total                          Min: 0, Avg:  0.0, Max: 0, Diff: 0, Sum: 0, Workers: 4
[3082.538s][debug][gc,phases      ] GC(145)   Weak JFR Old Object Samples    Min:  0.0, Avg:  0.0, Max:  0.0, Diff:  0.0, Sum:  0.0, Workers: 4
[3082.538s][debug][gc,phases      ] GC(145)     Dead                           Min: 0, Avg:  0.0, Max: 0, Diff: 0, Sum: 0, Workers: 4
[3082.538s][debug][gc,phases      ] GC(145)     Total                          Min: 0, Avg:  0.0, Max: 0, Diff: 0, Sum: 0, Workers: 4
[3082.538s][debug][gc,phases      ] GC(145) Weak Processing 0.323ms
[3082.538s][debug][gc,age         ] GC(145) Desired survivor size 62914560 bytes, new threshold 15 (max threshold 15)
[3082.538s][info ][gc,heap        ] GC(145) PSYoungGen: 1958336K(2023424K)->4958K(2035712K) Eden: 1953792K(1953792K)->0K(1970176K) From: 4544K(69632K)->4958K(65536K)
[3082.538s][info ][gc,heap        ] GC(145) ParOldGen: 526083K(647168K)->526179K(647168K)
[3082.538s][info ][gc,metaspace   ] GC(145) Metaspace: 83191K(84096K)->83191K(84096K) NonClass: 71576K(72064K)->71576K(72064K) Class: 11615K(12032K)->11615K(12032K)
[3082.538s][info ][gc             ] GC(145) Pause Young (Allocation Failure) 2426M->518M(2620M) 3.485ms
[3082.538s][info ][gc,cpu         ] GC(145) User=0.02s Sys=0.00s Real=0.01s
[3082.538s][info ][safepoint      ] Safepoint "ParallelGCFailedAllocation", Time since last: 2995818662 ns, Reaching safepoint: 122003 ns, At safepoint: 3567287 ns, Total: 3689290 ns
[3084.539s][info ][safepoint      ] Safepoint "Cleanup", Time since last: 2000157846 ns, Reaching safepoint: 118303 ns, At safepoint: 5700 ns, Total: 124003 ns
[3085.539s][info ][safepoint      ] Safepoint "Cleanup", Time since last: 1000121824 ns, Reaching safepoint: 124403 ns, At safepoint: 12500 ns, Total: 136903 ns
[3090.846s][info ][safepoint      ] Safepoint "Cleanup", Time since last: 5307026533 ns, Reaching safepoint: 101603 ns, At safepoint: 11100 ns, Total: 112703 ns
[3091.846s][info ][safepoint      ] Safepoint "Cleanup", Time since last: 1000110323 ns, Reaching safepoint: 52002 ns, At safepoint: 3100 ns, Total: 55102 ns
[3098.847s][info ][safepoint      ] Safepoint "Cleanup", Time since last: 7000483855 ns, Reaching safepoint: 46001 ns, At safepoint: 5200 ns, Total: 51201 ns
[3105.847s][info ][safepoint      ] Safepoint "Cleanup", Time since last: 7000508052 ns, Reaching safepoint: 59802 ns, At safepoint: 9200 ns, Total: 69002 ns
[3106.848s][info ][safepoint      ] Safepoint "Cleanup", Time since last: 1000110823 ns, Reaching safepoint: 56901 ns, At safepoint: 4000 ns, Total: 60901 ns
[3108.848s][info ][safepoint      ] Safepoint "Cleanup", Time since last: 2000208545 ns, Reaching safepoint: 43501 ns, At safepoint: 4400 ns, Total: 47901 ns
[3114.848s][info ][safepoint      ] Safepoint "Cleanup", Time since last: 6000457928 ns, Reaching safepoint: 52002 ns, At safepoint: 7100 ns, Total: 59102 ns
[3115.849s][info ][safepoint      ] Safepoint "Cleanup", Time since last: 1000120322 ns, Reaching safepoint: 49901 ns, At safepoint: 6000 ns, Total: 55901 ns
[3116.849s][info ][safepoint      ] Safepoint "Cleanup", Time since last: 1000113522 ns, Reaching safepoint: 37801 ns, At safepoint: 3800 ns, Total: 41601 ns
[3118.849s][info ][safepoint      ] Safepoint "Cleanup", Time since last: 2000181343 ns, Reaching safepoint: 51502 ns, At safepoint: 5900 ns, Total: 57402 ns
[3123.849s][info ][safepoint      ] Safepoint "Cleanup", Time since last: 5000404605 ns, Reaching safepoint: 50501 ns, At safepoint: 4700 ns, Total: 55201 ns
[3127.850s][info ][safepoint      ] Safepoint "Cleanup", Time since last: 4000335583 ns, Reaching safepoint: 50401 ns, At safepoint: 4401 ns, Total: 54802 ns
[3128.850s][info ][safepoint      ] Safepoint "Cleanup", Time since last: 1000117721 ns, Reaching safepoint: 56601 ns, At safepoint: 9601 ns, Total: 66202 ns
[3130.850s][info ][safepoint      ] Safepoint "Cleanup", Time since last: 2000147340 ns, Reaching safepoint: 49202 ns, At safepoint: 10000 ns, Total: 59202 ns
[3132.850s][info ][safepoint      ] Safepoint "Cleanup", Time since last: 2000177541 ns, Reaching safepoint: 57101 ns, At safepoint: 6101 ns, Total: 63202 ns
[3134.851s][info ][safepoint      ] Safepoint "Cleanup", Time since last: 2000181441 ns, Reaching safepoint: 46301 ns, At safepoint: 4000 ns, Total: 50301 ns
[3135.851s][info ][safepoint      ] Safepoint "Cleanup", Time since last: 1000116921 ns, Reaching safepoint: 53601 ns, At safepoint: 5801 ns, Total: 59402 ns
[3139.851s][info ][safepoint      ] Safepoint "Cleanup", Time since last: 4000288879 ns, Reaching safepoint: 49101 ns, At safepoint: 4400 ns, Total: 53501 ns
[3140.851s][info ][safepoint      ] Safepoint "Cleanup", Time since last: 1000109821 ns, Reaching safepoint: 49401 ns, At safepoint: 3700 ns, Total: 53101 ns
[3148.852s][info ][safepoint      ] Safepoint "Cleanup", Time since last: 8000550056 ns, Reaching safepoint: 46301 ns, At safepoint: 4100 ns, Total: 50401 ns
[3171.887s][info ][gc,start       ] GC(146) Pause Young (Allocation Failure)
[3171.890s][debug][gc,phases      ] GC(146) Scavenge 2.945ms
[3171.890s][debug][gc,ref         ] GC(146) Skipped phase 1 of Reference Processing: no references
[3171.890s][debug][gc,ref         ] GC(146) ReferenceProcessor::execute queues: 1, RefProcThreadModel::Single, marks_oops_alive: false
[3171.890s][debug][gc,ref         ] GC(146) Skipped phase 3 of Reference Processing: no references
[3171.890s][debug][gc,ref         ] GC(146) ReferenceProcessor::execute queues: 1, RefProcThreadModel::Single, marks_oops_alive: false
[3171.890s][debug][gc,phases      ] GC(146) Reference Processing 0.191ms
[3171.890s][debug][gc,phases      ] GC(146)   VM Weak                        Min:  0.0, Avg:  0.0, Max:  0.0, Diff:  0.0, Sum:  0.0, Workers: 4
[3171.890s][debug][gc,phases      ] GC(146)     Dead                           Min: 0, Avg:  0.0, Max: 0, Diff: 0, Sum: 0, Workers: 4
[3171.890s][debug][gc,phases      ] GC(146)     Total                          Min: 0, Avg: 175.2, Max: 640, Diff: 640, Sum: 701, Workers: 4
[3171.890s][debug][gc,phases      ] GC(146)   ObjectSynchronizer Weak        Min:  0.0, Avg:  0.0, Max:  0.0, Diff:  0.0, Sum:  0.0, Workers: 4
[3171.890s][debug][gc,phases      ] GC(146)     Dead                           Min: 0, Avg:  0.0, Max: 0, Diff: 0, Sum: 0, Workers: 4
[3171.891s][debug][gc,phases      ] GC(146)     Total                          Min: 0, Avg: 100.2, Max: 145, Diff: 145, Sum: 401, Workers: 4
[3171.891s][debug][gc,phases      ] GC(146)   JVMTI Tag Weak OopStorage      Min:  0.0, Avg:  0.0, Max:  0.0, Diff:  0.0, Sum:  0.0, Workers: 4
[3171.891s][debug][gc,phases      ] GC(146)     Dead                           Min: 0, Avg:  0.0, Max: 0, Diff: 0, Sum: 0, Workers: 4
[3171.891s][debug][gc,phases      ] GC(146)     Total                          Min: 0, Avg:  0.0, Max: 0, Diff: 0, Sum: 0, Workers: 4
[3171.891s][debug][gc,phases      ] GC(146)   StringTable Weak               Min:  0.1, Avg:  0.1, Max:  0.1, Diff:  0.0, Sum:  0.5, Workers: 4
[3171.891s][debug][gc,phases      ] GC(146)     Dead                           Min: 0, Avg:  0.0, Max: 0, Diff: 0, Sum: 0, Workers: 4
[3171.891s][debug][gc,phases      ] GC(146)     Total                          Min: 11520, Avg: 12106.8, Max: 12928, Diff: 1408, Sum: 48427, Workers: 4
[3171.891s][debug][gc,phases      ] GC(146)   ResolvedMethodTable Weak       Min:  0.0, Avg:  0.0, Max:  0.0, Diff:  0.0, Sum:  0.1, Workers: 4
[3171.891s][debug][gc,phases      ] GC(146)     Dead                           Min: 0, Avg:  0.0, Max: 0, Diff: 0, Sum: 0, Workers: 4
[3171.891s][debug][gc,phases      ] GC(146)     Total                          Min: 1816, Avg: 2009.8, Max: 2286, Diff: 470, Sum: 8039, Workers: 4
[3171.891s][debug][gc,phases      ] GC(146)   JNI Weak                       Min:  0.0, Avg:  0.0, Max:  0.0, Diff:  0.0, Sum:  0.0, Workers: 4
[3171.891s][debug][gc,phases      ] GC(146)     Dead                           Min: 0, Avg:  0.0, Max: 0, Diff: 0, Sum: 0, Workers: 4
[3171.891s][debug][gc,phases      ] GC(146)     Total                          Min: 0, Avg:  0.0, Max: 0, Diff: 0, Sum: 0, Workers: 4
[3171.891s][debug][gc,phases      ] GC(146)   StringDedup Table Weak         Min:  0.0, Avg:  0.0, Max:  0.0, Diff:  0.0, Sum:  0.0, Workers: 4
[3171.891s][debug][gc,phases      ] GC(146)     Dead                           Min: 0, Avg:  0.0, Max: 0, Diff: 0, Sum: 0, Workers: 4
[3171.891s][debug][gc,phases      ] GC(146)     Total                          Min: 0, Avg:  0.0, Max: 0, Diff: 0, Sum: 0, Workers: 4
[3171.891s][debug][gc,phases      ] GC(146)   StringDedup Requests0 Weak     Min:  0.0, Avg:  0.0, Max:  0.0, Diff:  0.0, Sum:  0.0, Workers: 4
[3171.891s][debug][gc,phases      ] GC(146)     Dead                           Min: 0, Avg:  0.0, Max: 0, Diff: 0, Sum: 0, Workers: 4
[3171.891s][debug][gc,phases      ] GC(146)     Total                          Min: 0, Avg:  0.0, Max: 0, Diff: 0, Sum: 0, Workers: 4
[3171.891s][debug][gc,phases      ] GC(146)   StringDedup Requests1 Weak     Min:  0.0, Avg:  0.0, Max:  0.0, Diff:  0.0, Sum:  0.0, Workers: 4
[3171.891s][debug][gc,phases      ] GC(146)     Dead                           Min: 0, Avg:  0.0, Max: 0, Diff: 0, Sum: 0, Workers: 4
[3171.891s][debug][gc,phases      ] GC(146)     Total                          Min: 0, Avg:  0.0, Max: 0, Diff: 0, Sum: 0, Workers: 4
[3171.891s][debug][gc,phases      ] GC(146)   Weak JFR Old Object Samples    Min:  0.0, Avg:  0.0, Max:  0.0, Diff:  0.0, Sum:  0.0, Workers: 4
[3171.891s][debug][gc,phases      ] GC(146)     Dead                           Min: 0, Avg:  0.0, Max: 0, Diff: 0, Sum: 0, Workers: 4
[3171.891s][debug][gc,phases      ] GC(146)     Total                          Min: 0, Avg:  0.0, Max: 0, Diff: 0, Sum: 0, Workers: 4
[3171.891s][debug][gc,phases      ] GC(146) Weak Processing 0.425ms
[3171.891s][debug][gc,age         ] GC(146) Desired survivor size 59244544 bytes, new threshold 15 (max threshold 15)
[3171.891s][info ][gc,heap        ] GC(146) PSYoungGen: 1975134K(2035712K)->4624K(2031616K) Eden: 1970176K(1970176K)->0K(1970176K) From: 4958K(65536K)->4624K(61440K)
[3171.891s][info ][gc,heap        ] GC(146) ParOldGen: 526179K(647168K)->526335K(647168K)
[3171.891s][info ][gc,metaspace   ] GC(146) Metaspace: 83196K(84096K)->83196K(84096K) NonClass: 71581K(72064K)->71581K(72064K) Class: 11615K(12032K)->11615K(12032K)
[3171.891s][info ][gc             ] GC(146) Pause Young (Allocation Failure) 2442M->518M(2616M) 3.732ms
[3171.891s][info ][gc,cpu         ] GC(146) User=0.01s Sys=0.00s Real=0.01s
[3171.891s][info ][safepoint      ] Safepoint "ParallelGCFailedAllocation", Time since last: 23034967748 ns, Reaching safepoint: 38901 ns, At safepoint: 3832794 ns, Total: 3871695 ns
[3172.891s][info ][safepoint      ] Safepoint "Cleanup", Time since last: 1000087719 ns, Reaching safepoint: 125303 ns, At safepoint: 6200 ns, Total: 131503 ns
[3177.892s][info ][safepoint      ] Safepoint "Cleanup", Time since last: 5000383991 ns, Reaching safepoint: 139503 ns, At safepoint: 10801 ns, Total: 150304 ns
[3185.892s][info ][safepoint      ] Safepoint "Cleanup", Time since last: 8000626942 ns, Reaching safepoint: 124104 ns, At safepoint: 6500 ns, Total: 130604 ns
[3191.893s][info ][safepoint      ] Safepoint "Cleanup", Time since last: 6000431204 ns, Reaching safepoint: 115103 ns, At safepoint: 5200 ns, Total: 120303 ns
[3192.893s][info ][safepoint      ] Safepoint "Cleanup", Time since last: 1000117218 ns, Reaching safepoint: 79002 ns, At safepoint: 9100 ns, Total: 88102 ns
[3197.893s][info ][safepoint      ] Safepoint "Cleanup", Time since last: 5000383586 ns, Reaching safepoint: 47801 ns, At safepoint: 3401 ns, Total: 51202 ns
[3199.894s][info ][safepoint      ] Safepoint "Cleanup", Time since last: 2000180734 ns, Reaching safepoint: 56802 ns, At safepoint: 3500 ns, Total: 60302 ns
[3202.894s][info ][safepoint      ] Safepoint "Cleanup", Time since last: 3000264451 ns, Reaching safepoint: 42901 ns, At safepoint: 32901 ns, Total: 75802 ns
[3208.895s][info ][safepoint      ] Safepoint "Cleanup", Time since last: 6000421300 ns, Reaching safepoint: 49901 ns, At safepoint: 8000 ns, Total: 57901 ns
[3209.895s][info ][safepoint      ] Safepoint "Cleanup", Time since last: 1000117317 ns, Reaching safepoint: 45102 ns, At safepoint: 3400 ns, Total: 48502 ns
[3212.895s][info ][safepoint      ] Safepoint "Cleanup", Time since last: 3000242849 ns, Reaching safepoint: 44501 ns, At safepoint: 4501 ns, Total: 49002 ns
[3223.896s][info ][safepoint      ] Safepoint "Cleanup", Time since last: 11000630072 ns, Reaching safepoint: 46901 ns, At safepoint: 6500 ns, Total: 53401 ns
[3240.897s][info ][safepoint      ] Safepoint "Cleanup", Time since last: 17001094659 ns, Reaching safepoint: 52502 ns, At safepoint: 5000 ns, Total: 57502 ns
[3245.897s][info ][safepoint      ] Safepoint "Cleanup", Time since last: 5000336474 ns, Reaching safepoint: 45901 ns, At safepoint: 7900 ns, Total: 53801 ns
[3265.341s][info ][gc,start       ] GC(147) Pause Young (Allocation Failure)
[3265.343s][debug][gc,phases      ] GC(147) Scavenge 2.571ms
[3265.343s][debug][gc,ref         ] GC(147) Skipped phase 1 of Reference Processing: no references
[3265.343s][debug][gc,ref         ] GC(147) ReferenceProcessor::execute queues: 1, RefProcThreadModel::Single, marks_oops_alive: false
[3265.343s][debug][gc,ref         ] GC(147) Skipped phase 3 of Reference Processing: no references
[3265.343s][debug][gc,ref         ] GC(147) ReferenceProcessor::execute queues: 1, RefProcThreadModel::Single, marks_oops_alive: false
[3265.343s][debug][gc,phases      ] GC(147) Reference Processing 0.152ms
[3265.344s][debug][gc,phases      ] GC(147)   VM Weak                        Min:  0.0, Avg:  0.0, Max:  0.0, Diff:  0.0, Sum:  0.0, Workers: 4
[3265.344s][debug][gc,phases      ] GC(147)     Dead                           Min: 0, Avg:  0.0, Max: 0, Diff: 0, Sum: 0, Workers: 4
[3265.344s][debug][gc,phases      ] GC(147)     Total                          Min: 0, Avg: 175.2, Max: 701, Diff: 701, Sum: 701, Workers: 4
[3265.344s][debug][gc,phases      ] GC(147)   ObjectSynchronizer Weak        Min:  0.0, Avg:  0.0, Max:  0.0, Diff:  0.0, Sum:  0.0, Workers: 4
[3265.344s][debug][gc,phases      ] GC(147)     Dead                           Min: 0, Avg:  0.0, Max: 0, Diff: 0, Sum: 0, Workers: 4
[3265.344s][debug][gc,phases      ] GC(147)     Total                          Min: 0, Avg: 100.2, Max: 209, Diff: 209, Sum: 401, Workers: 4
[3265.344s][debug][gc,phases      ] GC(147)   JVMTI Tag Weak OopStorage      Min:  0.0, Avg:  0.0, Max:  0.0, Diff:  0.0, Sum:  0.0, Workers: 4
[3265.344s][debug][gc,phases      ] GC(147)     Dead                           Min: 0, Avg:  0.0, Max: 0, Diff: 0, Sum: 0, Workers: 4
[3265.344s][debug][gc,phases      ] GC(147)     Total                          Min: 0, Avg:  0.0, Max: 0, Diff: 0, Sum: 0, Workers: 4
[3265.344s][debug][gc,phases      ] GC(147)   StringTable Weak               Min:  0.1, Avg:  0.1, Max:  0.1, Diff:  0.0, Sum:  0.4, Workers: 4
[3265.344s][debug][gc,phases      ] GC(147)     Dead                           Min: 0, Avg:  0.0, Max: 0, Diff: 0, Sum: 0, Workers: 4
[3265.344s][debug][gc,phases      ] GC(147)     Total                          Min: 11584, Avg: 12109.5, Max: 12736, Diff: 1152, Sum: 48438, Workers: 4
[3265.344s][debug][gc,phases      ] GC(147)   ResolvedMethodTable Weak       Min:  0.0, Avg:  0.0, Max:  0.0, Diff:  0.0, Sum:  0.1, Workers: 4
[3265.344s][debug][gc,phases      ] GC(147)     Dead                           Min: 0, Avg:  0.0, Max: 0, Diff: 0, Sum: 0, Workers: 4
[3265.344s][debug][gc,phases      ] GC(147)     Total                          Min: 1279, Avg: 2009.8, Max: 2471, Diff: 1192, Sum: 8039, Workers: 4
[3265.344s][debug][gc,phases      ] GC(147)   JNI Weak                       Min:  0.0, Avg:  0.0, Max:  0.0, Diff:  0.0, Sum:  0.0, Workers: 4
[3265.344s][debug][gc,phases      ] GC(147)     Dead                           Min: 0, Avg:  0.0, Max: 0, Diff: 0, Sum: 0, Workers: 4
[3265.344s][debug][gc,phases      ] GC(147)     Total                          Min: 0, Avg:  0.0, Max: 0, Diff: 0, Sum: 0, Workers: 4
[3265.344s][debug][gc,phases      ] GC(147)   StringDedup Table Weak         Min:  0.0, Avg:  0.0, Max:  0.0, Diff:  0.0, Sum:  0.0, Workers: 4
[3265.344s][debug][gc,phases      ] GC(147)     Dead                           Min: 0, Avg:  0.0, Max: 0, Diff: 0, Sum: 0, Workers: 4
[3265.344s][debug][gc,phases      ] GC(147)     Total                          Min: 0, Avg:  0.0, Max: 0, Diff: 0, Sum: 0, Workers: 4
[3265.344s][debug][gc,phases      ] GC(147)   StringDedup Requests0 Weak     Min:  0.0, Avg:  0.0, Max:  0.0, Diff:  0.0, Sum:  0.0, Workers: 4
[3265.344s][debug][gc,phases      ] GC(147)     Dead                           Min: 0, Avg:  0.0, Max: 0, Diff: 0, Sum: 0, Workers: 4
[3265.344s][debug][gc,phases      ] GC(147)     Total                          Min: 0, Avg:  0.0, Max: 0, Diff: 0, Sum: 0, Workers: 4
[3265.344s][debug][gc,phases      ] GC(147)   StringDedup Requests1 Weak     Min:  0.0, Avg:  0.0, Max:  0.0, Diff:  0.0, Sum:  0.0, Workers: 4
[3265.344s][debug][gc,phases      ] GC(147)     Dead                           Min: 0, Avg:  0.0, Max: 0, Diff: 0, Sum: 0, Workers: 4
[3265.344s][debug][gc,phases      ] GC(147)     Total                          Min: 0, Avg:  0.0, Max: 0, Diff: 0, Sum: 0, Workers: 4
[3265.344s][debug][gc,phases      ] GC(147)   Weak JFR Old Object Samples    Min:  0.0, Avg:  0.0, Max:  0.0, Diff:  0.0, Sum:  0.0, Workers: 4
[3265.344s][debug][gc,phases      ] GC(147)     Dead                           Min: 0, Avg:  0.0, Max: 0, Diff: 0, Sum: 0, Workers: 4
[3265.344s][debug][gc,phases      ] GC(147)     Total                          Min: 0, Avg:  0.0, Max: 0, Diff: 0, Sum: 0, Workers: 4
[3265.344s][debug][gc,phases      ] GC(147) Weak Processing 0.344ms
[3265.344s][debug][gc,age         ] GC(147) Desired survivor size 55574528 bytes, new threshold 15 (max threshold 15)
[3265.344s][info ][gc,heap        ] GC(147) PSYoungGen: 1974800K(2031616K)->4336K(2042880K) Eden: 1970176K(1970176K)->0K(1985024K) From: 4624K(61440K)->4336K(57856K)
[3265.344s][info ][gc,heap        ] GC(147) ParOldGen: 526335K(647168K)->526375K(647168K)
[3265.344s][info ][gc,metaspace   ] GC(147) Metaspace: 83203K(84096K)->83203K(84096K) NonClass: 71588K(72064K)->71588K(72064K) Class: 11615K(12032K)->11615K(12032K)
[3265.344s][info ][gc             ] GC(147) Pause Young (Allocation Failure) 2442M->518M(2627M) 3.214ms
[3265.344s][info ][gc,cpu         ] GC(147) User=0.01s Sys=0.00s Real=0.00s
[3265.344s][info ][safepoint      ] Safepoint "ParallelGCFailedAllocation", Time since last: 19443194605 ns, Reaching safepoint: 59802 ns, At safepoint: 3303481 ns, Total: 3363283 ns
[3273.344s][info ][safepoint      ] Safepoint "Cleanup", Time since last: 8000515109 ns, Reaching safepoint: 45801 ns, At safepoint: 5900 ns, Total: 51701 ns
[3280.345s][info ][safepoint      ] Safepoint "Cleanup", Time since last: 7000450794 ns, Reaching safepoint: 54502 ns, At safepoint: 4200 ns, Total: 58702 ns
[3323.348s][info ][safepoint      ] Safepoint "Cleanup", Time since last: 43002703133 ns, Reaching safepoint: 49601 ns, At safepoint: 3800 ns, Total: 53401 ns
[3331.352s][info ][safepoint      ] Safepoint "Cleanup", Time since last: 8000595294 ns, Reaching safepoint: 4248005 ns, At safepoint: 15200 ns, Total: 4263205 ns
[3337.353s][info ][safepoint      ] Safepoint "Cleanup", Time since last: 6000413868 ns, Reaching safepoint: 52101 ns, At safepoint: 10001 ns, Total: 62102 ns
[3350.356s][info ][safepoint      ] Safepoint "Cleanup", Time since last: 13002727288 ns, Reaching safepoint: 48801 ns, At safepoint: 14301 ns, Total: 63102 ns
[3351.356s][info ][safepoint      ] Safepoint "Cleanup", Time since last: 1000072010 ns, Reaching safepoint: 77202 ns, At safepoint: 7800 ns, Total: 85002 ns
[3355.342s][info ][gc,start       ] GC(148) Pause Young (Allocation Failure)
[3355.346s][debug][gc,phases      ] GC(148) Scavenge 3.296ms
[3355.346s][debug][gc,ref         ] GC(148) Skipped phase 1 of Reference Processing: no references
[3355.346s][debug][gc,ref         ] GC(148) ReferenceProcessor::execute queues: 1, RefProcThreadModel::Single, marks_oops_alive: false
[3355.346s][debug][gc,ref         ] GC(148) Skipped phase 3 of Reference Processing: no references
[3355.346s][debug][gc,ref         ] GC(148) ReferenceProcessor::execute queues: 1, RefProcThreadModel::Single, marks_oops_alive: false
[3355.346s][debug][gc,phases      ] GC(148) Reference Processing 0.167ms
[3355.346s][debug][gc,phases      ] GC(148)   VM Weak                        Min:  0.0, Avg:  0.0, Max:  0.0, Diff:  0.0, Sum:  0.0, Workers: 4
[3355.346s][debug][gc,phases      ] GC(148)     Dead                           Min: 0, Avg:  0.0, Max: 0, Diff: 0, Sum: 0, Workers: 4
[3355.346s][debug][gc,phases      ] GC(148)     Total                          Min: 0, Avg: 175.2, Max: 701, Diff: 701, Sum: 701, Workers: 4
[3355.346s][debug][gc,phases      ] GC(148)   ObjectSynchronizer Weak        Min:  0.0, Avg:  0.0, Max:  0.0, Diff:  0.0, Sum:  0.0, Workers: 4
[3355.346s][debug][gc,phases      ] GC(148)     Dead                           Min: 0, Avg:  0.0, Max: 0, Diff: 0, Sum: 0, Workers: 4
[3355.346s][debug][gc,phases      ] GC(148)     Total                          Min: 0, Avg: 100.2, Max: 401, Diff: 401, Sum: 401, Workers: 4
[3355.346s][debug][gc,phases      ] GC(148)   JVMTI Tag Weak OopStorage      Min:  0.0, Avg:  0.0, Max:  0.0, Diff:  0.0, Sum:  0.0, Workers: 4
[3355.346s][debug][gc,phases      ] GC(148)     Dead                           Min: 0, Avg:  0.0, Max: 0, Diff: 0, Sum: 0, Workers: 4
[3355.346s][debug][gc,phases      ] GC(148)     Total                          Min: 0, Avg:  0.0, Max: 0, Diff: 0, Sum: 0, Workers: 4
[3355.346s][debug][gc,phases      ] GC(148)   StringTable Weak               Min:  0.1, Avg:  0.1, Max:  0.1, Diff:  0.0, Sum:  0.4, Workers: 4
[3355.346s][debug][gc,phases      ] GC(148)     Dead                           Min: 0, Avg:  0.2, Max: 1, Diff: 1, Sum: 1, Workers: 4
[3355.346s][debug][gc,phases      ] GC(148)     Total                          Min: 11584, Avg: 12112.0, Max: 12736, Diff: 1152, Sum: 48448, Workers: 4
[3355.346s][debug][gc,phases      ] GC(148)   ResolvedMethodTable Weak       Min:  0.0, Avg:  0.0, Max:  0.0, Diff:  0.0, Sum:  0.1, Workers: 4
[3355.346s][debug][gc,phases      ] GC(148)     Dead                           Min: 0, Avg:  0.0, Max: 0, Diff: 0, Sum: 0, Workers: 4
[3355.346s][debug][gc,phases      ] GC(148)     Total                          Min: 1880, Avg: 2012.0, Max: 2232, Diff: 352, Sum: 8048, Workers: 4
[3355.346s][debug][gc,phases      ] GC(148)   JNI Weak                       Min:  0.0, Avg:  0.0, Max:  0.0, Diff:  0.0, Sum:  0.0, Workers: 4
[3355.346s][debug][gc,phases      ] GC(148)     Dead                           Min: 0, Avg:  0.0, Max: 0, Diff: 0, Sum: 0, Workers: 4
[3355.346s][debug][gc,phases      ] GC(148)     Total                          Min: 0, Avg:  0.0, Max: 0, Diff: 0, Sum: 0, Workers: 4
[3355.346s][debug][gc,phases      ] GC(148)   StringDedup Table Weak         Min:  0.0, Avg:  0.0, Max:  0.0, Diff:  0.0, Sum:  0.0, Workers: 4
[3355.346s][debug][gc,phases      ] GC(148)     Dead                           Min: 0, Avg:  0.0, Max: 0, Diff: 0, Sum: 0, Workers: 4
[3355.346s][debug][gc,phases      ] GC(148)     Total                          Min: 0, Avg:  0.0, Max: 0, Diff: 0, Sum: 0, Workers: 4
[3355.346s][debug][gc,phases      ] GC(148)   StringDedup Requests0 Weak     Min:  0.0, Avg:  0.0, Max:  0.0, Diff:  0.0, Sum:  0.0, Workers: 4
[3355.346s][debug][gc,phases      ] GC(148)     Dead                           Min: 0, Avg:  0.0, Max: 0, Diff: 0, Sum: 0, Workers: 4
[3355.346s][debug][gc,phases      ] GC(148)     Total                          Min: 0, Avg:  0.0, Max: 0, Diff: 0, Sum: 0, Workers: 4
[3355.346s][debug][gc,phases      ] GC(148)   StringDedup Requests1 Weak     Min:  0.0, Avg:  0.0, Max:  0.0, Diff:  0.0, Sum:  0.0, Workers: 4
[3355.346s][debug][gc,phases      ] GC(148)     Dead                           Min: 0, Avg:  0.0, Max: 0, Diff: 0, Sum: 0, Workers: 4
[3355.346s][debug][gc,phases      ] GC(148)     Total                          Min: 0, Avg:  0.0, Max: 0, Diff: 0, Sum: 0, Workers: 4
[3355.346s][debug][gc,phases      ] GC(148)   Weak JFR Old Object Samples    Min:  0.0, Avg:  0.0, Max:  0.0, Diff:  0.0, Sum:  0.0, Workers: 4
[3355.346s][debug][gc,phases      ] GC(148)     Dead                           Min: 0, Avg:  0.0, Max: 0, Diff: 0, Sum: 0, Workers: 4
[3355.346s][debug][gc,phases      ] GC(148)     Total                          Min: 0, Avg:  0.0, Max: 0, Diff: 0, Sum: 0, Workers: 4
[3355.346s][debug][gc,phases      ] GC(148) Weak Processing 0.348ms
[3355.346s][debug][gc,age         ] GC(148) Desired survivor size 51904512 bytes, new threshold 15 (max threshold 15)
[3355.346s][info ][gc,heap        ] GC(148) PSYoungGen: 1989360K(2042880K)->4320K(2039296K) Eden: 1985024K(1985024K)->0K(1985024K) From: 4336K(57856K)->4320K(54272K)
[3355.346s][info ][gc,heap        ] GC(148) ParOldGen: 526375K(647168K)->526495K(647168K)
[3355.346s][info ][gc,metaspace   ] GC(148) Metaspace: 83223K(84096K)->83223K(84096K) NonClass: 71605K(72064K)->71605K(72064K) Class: 11618K(12032K)->11618K(12032K)
[3355.346s][info ][gc             ] GC(148) Pause Young (Allocation Failure) 2456M->518M(2623M) 3.946ms
[3355.346s][info ][gc,cpu         ] GC(148) User=0.02s Sys=0.00s Real=0.00s
[3355.346s][info ][safepoint      ] Safepoint "ParallelGCFailedAllocation", Time since last: 3986229799 ns, Reaching safepoint: 108103 ns, At safepoint: 4029198 ns, Total: 4137301 ns
[3358.347s][info ][safepoint      ] Safepoint "Cleanup", Time since last: 3000225933 ns, Reaching safepoint: 60501 ns, At safepoint: 7500 ns, Total: 68001 ns
[3372.348s][info ][safepoint      ] Safepoint "Cleanup", Time since last: 14000949044 ns, Reaching safepoint: 48301 ns, At safepoint: 8201 ns, Total: 56502 ns
[3374.348s][info ][safepoint      ] Safepoint "Cleanup", Time since last: 2000133620 ns, Reaching safepoint: 49001 ns, At safepoint: 9900 ns, Total: 58901 ns
[3375.348s][info ][safepoint      ] Safepoint "Cleanup", Time since last: 1000109811 ns, Reaching safepoint: 56901 ns, At safepoint: 7501 ns, Total: 64402 ns
[3379.348s][info ][safepoint      ] Safepoint "Cleanup", Time since last: 4000301040 ns, Reaching safepoint: 54701 ns, At safepoint: 3300 ns, Total: 58001 ns
[3383.349s][info ][safepoint      ] Safepoint "Cleanup", Time since last: 4000314840 ns, Reaching safepoint: 54602 ns, At safepoint: 7100 ns, Total: 61702 ns
[3389.349s][info ][safepoint      ] Safepoint "Cleanup", Time since last: 6000422258 ns, Reaching safepoint: 50601 ns, At safepoint: 8200 ns, Total: 58801 ns
[3391.349s][info ][safepoint      ] Safepoint "Cleanup", Time since last: 2000159520 ns, Reaching safepoint: 50501 ns, At safepoint: 8300 ns, Total: 58801 ns
[3400.350s][info ][safepoint      ] Safepoint "Cleanup", Time since last: 9000638385 ns, Reaching safepoint: 39000 ns, At safepoint: 3601 ns, Total: 42601 ns
[3403.350s][info ][safepoint      ] Safepoint "Cleanup", Time since last: 3000218427 ns, Reaching safepoint: 43401 ns, At safepoint: 8001 ns, Total: 51402 ns
[3404.350s][info ][safepoint      ] Safepoint "Cleanup", Time since last: 1000112010 ns, Reaching safepoint: 51501 ns, At safepoint: 8500 ns, Total: 60001 ns
[3413.351s][info ][safepoint      ] Safepoint "Cleanup", Time since last: 9000617380 ns, Reaching safepoint: 43501 ns, At safepoint: 8801 ns, Total: 52302 ns
[3416.351s][info ][safepoint      ] Safepoint "Cleanup", Time since last: 3000211426 ns, Reaching safepoint: 42701 ns, At safepoint: 3500 ns, Total: 46201 ns
[3417.352s][info ][safepoint      ] Safepoint "Cleanup", Time since last: 1000104410 ns, Reaching safepoint: 47001 ns, At safepoint: 3600 ns, Total: 50601 ns
[3422.352s][info ][safepoint      ] Safepoint "Cleanup", Time since last: 5000357843 ns, Reaching safepoint: 47101 ns, At safepoint: 7400 ns, Total: 54501 ns
[3426.352s][info ][safepoint      ] Safepoint "Cleanup", Time since last: 4000308335 ns, Reaching safepoint: 42701 ns, At safepoint: 7600 ns, Total: 50301 ns
[3434.353s][info ][safepoint      ] Safepoint "Cleanup", Time since last: 8000555467 ns, Reaching safepoint: 47701 ns, At safepoint: 6600 ns, Total: 54301 ns
[3438.353s][info ][safepoint      ] Safepoint "Cleanup", Time since last: 4000303233 ns, Reaching safepoint: 57201 ns, At safepoint: 9201 ns, Total: 66402 ns
[3441.354s][info ][safepoint      ] Safepoint "Cleanup", Time since last: 3000233824 ns, Reaching safepoint: 39901 ns, At safepoint: 4400 ns, Total: 44301 ns
[3442.354s][info ][safepoint      ] Safepoint "Cleanup", Time since last: 1000109409 ns, Reaching safepoint: 39001 ns, At safepoint: 3700 ns, Total: 42701 ns
[3443.940s][info ][gc,start       ] GC(149) Pause Young (Allocation Failure)
[3443.943s][debug][gc,phases      ] GC(149) Scavenge 2.875ms
[3443.943s][debug][gc,ref         ] GC(149) Skipped phase 1 of Reference Processing: no references
[3443.943s][debug][gc,ref         ] GC(149) ReferenceProcessor::execute queues: 1, RefProcThreadModel::Single, marks_oops_alive: false
[3443.943s][debug][gc,ref         ] GC(149) Skipped phase 3 of Reference Processing: no references
[3443.943s][debug][gc,ref         ] GC(149) ReferenceProcessor::execute queues: 1, RefProcThreadModel::Single, marks_oops_alive: false
[3443.943s][debug][gc,phases      ] GC(149) Reference Processing 0.174ms
[3443.944s][debug][gc,phases      ] GC(149)   VM Weak                        Min:  0.0, Avg:  0.0, Max:  0.0, Diff:  0.0, Sum:  0.0, Workers: 4
[3443.944s][debug][gc,phases      ] GC(149)     Dead                           Min: 0, Avg:  0.0, Max: 0, Diff: 0, Sum: 0, Workers: 4
[3443.944s][debug][gc,phases      ] GC(149)     Total                          Min: 0, Avg: 175.2, Max: 384, Diff: 384, Sum: 701, Workers: 4
[3443.944s][debug][gc,phases      ] GC(149)   ObjectSynchronizer Weak        Min:  0.0, Avg:  0.0, Max:  0.0, Diff:  0.0, Sum:  0.0, Workers: 4
[3443.944s][debug][gc,phases      ] GC(149)     Dead                           Min: 0, Avg:  0.0, Max: 0, Diff: 0, Sum: 0, Workers: 4
[3443.944s][debug][gc,phases      ] GC(149)     Total                          Min: 0, Avg: 100.2, Max: 192, Diff: 192, Sum: 401, Workers: 4
[3443.944s][debug][gc,phases      ] GC(149)   JVMTI Tag Weak OopStorage      Min:  0.0, Avg:  0.0, Max:  0.0, Diff:  0.0, Sum:  0.0, Workers: 4
[3443.944s][debug][gc,phases      ] GC(149)     Dead                           Min: 0, Avg:  0.0, Max: 0, Diff: 0, Sum: 0, Workers: 4
[3443.944s][debug][gc,phases      ] GC(149)     Total                          Min: 0, Avg:  0.0, Max: 0, Diff: 0, Sum: 0, Workers: 4
[3443.944s][debug][gc,phases      ] GC(149)   StringTable Weak               Min:  0.1, Avg:  0.1, Max:  0.1, Diff:  0.0, Sum:  0.4, Workers: 4
[3443.944s][debug][gc,phases      ] GC(149)     Dead                           Min: 0, Avg:  0.0, Max: 0, Diff: 0, Sum: 0, Workers: 4
[3443.944s][debug][gc,phases      ] GC(149)     Total                          Min: 11136, Avg: 12112.2, Max: 13249, Diff: 2113, Sum: 48449, Workers: 4
[3443.944s][debug][gc,phases      ] GC(149)   ResolvedMethodTable Weak       Min:  0.0, Avg:  0.0, Max:  0.0, Diff:  0.0, Sum:  0.1, Workers: 4
[3443.944s][debug][gc,phases      ] GC(149)     Dead                           Min: 0, Avg:  0.0, Max: 0, Diff: 0, Sum: 0, Workers: 4
[3443.944s][debug][gc,phases      ] GC(149)     Total                          Min: 1868, Avg: 2012.0, Max: 2156, Diff: 288, Sum: 8048, Workers: 4
[3443.944s][debug][gc,phases      ] GC(149)   JNI Weak                       Min:  0.0, Avg:  0.0, Max:  0.0, Diff:  0.0, Sum:  0.0, Workers: 4
[3443.944s][debug][gc,phases      ] GC(149)     Dead                           Min: 0, Avg:  0.0, Max: 0, Diff: 0, Sum: 0, Workers: 4
[3443.944s][debug][gc,phases      ] GC(149)     Total                          Min: 0, Avg:  0.0, Max: 0, Diff: 0, Sum: 0, Workers: 4
[3443.944s][debug][gc,phases      ] GC(149)   StringDedup Table Weak         Min:  0.0, Avg:  0.0, Max:  0.0, Diff:  0.0, Sum:  0.0, Workers: 4
[3443.944s][debug][gc,phases      ] GC(149)     Dead                           Min: 0, Avg:  0.0, Max: 0, Diff: 0, Sum: 0, Workers: 4
[3443.944s][debug][gc,phases      ] GC(149)     Total                          Min: 0, Avg:  0.0, Max: 0, Diff: 0, Sum: 0, Workers: 4
[3443.944s][debug][gc,phases      ] GC(149)   StringDedup Requests0 Weak     Min:  0.0, Avg:  0.0, Max:  0.0, Diff:  0.0, Sum:  0.0, Workers: 4
[3443.944s][debug][gc,phases      ] GC(149)     Dead                           Min: 0, Avg:  0.0, Max: 0, Diff: 0, Sum: 0, Workers: 4
[3443.944s][debug][gc,phases      ] GC(149)     Total                          Min: 0, Avg:  0.0, Max: 0, Diff: 0, Sum: 0, Workers: 4
[3443.944s][debug][gc,phases      ] GC(149)   StringDedup Requests1 Weak     Min:  0.0, Avg:  0.0, Max:  0.0, Diff:  0.0, Sum:  0.0, Workers: 4
[3443.944s][debug][gc,phases      ] GC(149)     Dead                           Min: 0, Avg:  0.0, Max: 0, Diff: 0, Sum: 0, Workers: 4
[3443.944s][debug][gc,phases      ] GC(149)     Total                          Min: 0, Avg:  0.0, Max: 0, Diff: 0, Sum: 0, Workers: 4
[3443.944s][debug][gc,phases      ] GC(149)   Weak JFR Old Object Samples    Min:  0.0, Avg:  0.0, Max:  0.0, Diff:  0.0, Sum:  0.0, Workers: 4
[3443.944s][debug][gc,phases      ] GC(149)     Dead                           Min: 0, Avg:  0.0, Max: 0, Diff: 0, Sum: 0, Workers: 4
[3443.944s][debug][gc,phases      ] GC(149)     Total                          Min: 0, Avg:  0.0, Max: 0, Diff: 0, Sum: 0, Workers: 4
[3443.944s][debug][gc,phases      ] GC(149) Weak Processing 0.319ms
[3443.944s][debug][gc,age         ] GC(149) Desired survivor size 48758784 bytes, new threshold 15 (max threshold 15)
[3443.944s][info ][gc,heap        ] GC(149) PSYoungGen: 1989344K(2039296K)->4944K(2049536K) Eden: 1985024K(1985024K)->0K(1998848K) From: 4320K(54272K)->4944K(50688K)
[3443.944s][info ][gc,heap        ] GC(149) ParOldGen: 526495K(647168K)->526559K(647168K)
[3443.944s][info ][gc,metaspace   ] GC(149) Metaspace: 83231K(84160K)->83231K(84160K) NonClass: 71613K(72128K)->71613K(72128K) Class: 11618K(12032K)->11618K(12032K)
[3443.944s][info ][gc             ] GC(149) Pause Young (Allocation Failure) 2456M->519M(2633M) 3.487ms
[3443.944s][info ][gc,cpu         ] GC(149) User=0.01s Sys=0.01s Real=0.00s
[3443.944s][info ][safepoint      ] Safepoint "ParallelGCFailedAllocation", Time since last: 1586480179 ns, Reaching safepoint: 44201 ns, At safepoint: 3593588 ns, Total: 3637789 ns
[3445.944s][info ][safepoint      ] Safepoint "Cleanup", Time since last: 2000176817 ns, Reaching safepoint: 56601 ns, At safepoint: 7900 ns, Total: 64501 ns
[3446.944s][info ][safepoint      ] Safepoint "Cleanup", Time since last: 1000066108 ns, Reaching safepoint: 29701 ns, At safepoint: 3400 ns, Total: 33101 ns
[3448.944s][info ][safepoint      ] Safepoint "Cleanup", Time since last: 2000192717 ns, Reaching safepoint: 49601 ns, At safepoint: 29701 ns, Total: 79302 ns
[3449.945s][info ][safepoint      ] Safepoint "Cleanup", Time since last: 1000099108 ns, Reaching safepoint: 52402 ns, At safepoint: 6600 ns, Total: 59002 ns
[3451.244s][info ][safepoint      ] Safepoint "Cleanup", Time since last: 1299795552 ns, Reaching safepoint: 66602 ns, At safepoint: 8300 ns, Total: 74902 ns
[3452.245s][info ][safepoint      ] Safepoint "Cleanup", Time since last: 1000060008 ns, Reaching safepoint: 66301 ns, At safepoint: 10601 ns, Total: 76902 ns
[3453.245s][info ][safepoint      ] Safepoint "Cleanup", Time since last: 1000113408 ns, Reaching safepoint: 53102 ns, At safepoint: 7400 ns, Total: 60502 ns
[3454.245s][info ][safepoint      ] Safepoint "Cleanup", Time since last: 1000094808 ns, Reaching safepoint: 41201 ns, At safepoint: 8500 ns, Total: 49701 ns
[3455.245s][info ][safepoint      ] Safepoint "Cleanup", Time since last: 1000117609 ns, Reaching safepoint: 45001 ns, At safepoint: 2900 ns, Total: 47901 ns
[3458.245s][info ][safepoint      ] Safepoint "Cleanup", Time since last: 3000215323 ns, Reaching safepoint: 42701 ns, At safepoint: 3700 ns, Total: 46401 ns
[3459.246s][info ][safepoint      ] Safepoint "Cleanup", Time since last: 1000111009 ns, Reaching safepoint: 47201 ns, At safepoint: 8600 ns, Total: 55801 ns
[3460.246s][info ][safepoint      ] Safepoint "Cleanup", Time since last: 1000109708 ns, Reaching safepoint: 41901 ns, At safepoint: 6401 ns, Total: 48302 ns
[3462.246s][info ][safepoint      ] Safepoint "Cleanup", Time since last: 2000158615 ns, Reaching safepoint: 55601 ns, At safepoint: 4600 ns, Total: 60201 ns
[3464.246s][info ][safepoint      ] Safepoint "Cleanup", Time since last: 2000174916 ns, Reaching safepoint: 48401 ns, At safepoint: 9000 ns, Total: 57401 ns
[3465.246s][info ][safepoint      ] Safepoint "Cleanup", Time since last: 1000111009 ns, Reaching safepoint: 58001 ns, At safepoint: 10700 ns, Total: 68701 ns
[3466.247s][info ][safepoint      ] Safepoint "Cleanup", Time since last: 1000112509 ns, Reaching safepoint: 50701 ns, At safepoint: 20601 ns, Total: 71302 ns
[3468.247s][info ][safepoint      ] Safepoint "Cleanup", Time since last: 2000170115 ns, Reaching safepoint: 47201 ns, At safepoint: 7400 ns, Total: 54601 ns
[3474.247s][info ][safepoint      ] Safepoint "Cleanup", Time since last: 6000449344 ns, Reaching safepoint: 52501 ns, At safepoint: 11500 ns, Total: 64001 ns
[3475.247s][info ][safepoint      ] Safepoint "Cleanup", Time since last: 1000114509 ns, Reaching safepoint: 45201 ns, At safepoint: 6700 ns, Total: 51901 ns
[3478.248s][info ][safepoint      ] Safepoint "Cleanup", Time since last: 3000240722 ns, Reaching safepoint: 45901 ns, At safepoint: 3500 ns, Total: 49401 ns
[3481.248s][info ][safepoint      ] Safepoint "Cleanup", Time since last: 3000235421 ns, Reaching safepoint: 107403 ns, At safepoint: 13000 ns, Total: 120403 ns
[3482.248s][info ][safepoint      ] Safepoint "Cleanup", Time since last: 1000106908 ns, Reaching safepoint: 118103 ns, At safepoint: 10100 ns, Total: 128203 ns
[3482.279s][info ][gc,start       ] GC(150) Pause Young (Allocation Failure)
[3482.291s][debug][gc,phases      ] GC(150) Scavenge 11.631ms
[3482.291s][debug][gc,ref         ] GC(150) Skipped phase 1 of Reference Processing: no references
[3482.291s][debug][gc,ref         ] GC(150) ReferenceProcessor::execute queues: 1, RefProcThreadModel::Single, marks_oops_alive: false
[3482.291s][debug][gc,ref         ] GC(150) Skipped phase 3 of Reference Processing: no references
[3482.291s][debug][gc,ref         ] GC(150) ReferenceProcessor::execute queues: 1, RefProcThreadModel::Single, marks_oops_alive: false
[3482.291s][debug][gc,phases      ] GC(150) Reference Processing 0.149ms
[3482.291s][debug][gc,phases      ] GC(150)   VM Weak                        Min:  0.0, Avg:  0.0, Max:  0.0, Diff:  0.0, Sum:  0.0, Workers: 4
[3482.291s][debug][gc,phases      ] GC(150)     Dead                           Min: 0, Avg:  0.0, Max: 0, Diff: 0, Sum: 0, Workers: 4
[3482.291s][debug][gc,phases      ] GC(150)     Total                          Min: 0, Avg: 176.8, Max: 640, Diff: 640, Sum: 707, Workers: 4
[3482.291s][debug][gc,phases      ] GC(150)   ObjectSynchronizer Weak        Min:  0.0, Avg:  0.0, Max:  0.0, Diff:  0.0, Sum:  0.0, Workers: 4
[3482.291s][debug][gc,phases      ] GC(150)     Dead                           Min: 0, Avg:  0.0, Max: 0, Diff: 0, Sum: 0, Workers: 4
[3482.291s][debug][gc,phases      ] GC(150)     Total                          Min: 0, Avg: 100.2, Max: 145, Diff: 145, Sum: 401, Workers: 4
[3482.291s][debug][gc,phases      ] GC(150)   JVMTI Tag Weak OopStorage      Min:  0.0, Avg:  0.0, Max:  0.0, Diff:  0.0, Sum:  0.0, Workers: 4
[3482.291s][debug][gc,phases      ] GC(150)     Dead                           Min: 0, Avg:  0.0, Max: 0, Diff: 0, Sum: 0, Workers: 4
[3482.291s][debug][gc,phases      ] GC(150)     Total                          Min: 0, Avg:  0.0, Max: 0, Diff: 0, Sum: 0, Workers: 4
[3482.291s][debug][gc,phases      ] GC(150)   StringTable Weak               Min:  0.1, Avg:  0.1, Max:  0.1, Diff:  0.0, Sum:  0.4, Workers: 4
[3482.291s][debug][gc,phases      ] GC(150)     Dead                           Min: 0, Avg:  0.5, Max: 2, Diff: 2, Sum: 2, Workers: 4
[3482.291s][debug][gc,phases      ] GC(150)     Total                          Min: 11136, Avg: 12126.5, Max: 12736, Diff: 1600, Sum: 48506, Workers: 4
[3482.291s][debug][gc,phases      ] GC(150)   ResolvedMethodTable Weak       Min:  0.0, Avg:  0.0, Max:  0.0, Diff:  0.0, Sum:  0.1, Workers: 4
[3482.291s][debug][gc,phases      ] GC(150)     Dead                           Min: 0, Avg:  0.0, Max: 0, Diff: 0, Sum: 0, Workers: 4
[3482.291s][debug][gc,phases      ] GC(150)     Total                          Min: 1912, Avg: 2032.0, Max: 2191, Diff: 279, Sum: 8128, Workers: 4
[3482.291s][debug][gc,phases      ] GC(150)   JNI Weak                       Min:  0.0, Avg:  0.0, Max:  0.0, Diff:  0.0, Sum:  0.0, Workers: 4
[3482.291s][debug][gc,phases      ] GC(150)     Dead                           Min: 0, Avg:  0.0, Max: 0, Diff: 0, Sum: 0, Workers: 4
[3482.291s][debug][gc,phases      ] GC(150)     Total                          Min: 0, Avg:  0.0, Max: 0, Diff: 0, Sum: 0, Workers: 4
[3482.291s][debug][gc,phases      ] GC(150)   StringDedup Table Weak         Min:  0.0, Avg:  0.0, Max:  0.0, Diff:  0.0, Sum:  0.0, Workers: 4
[3482.291s][debug][gc,phases      ] GC(150)     Dead                           Min: 0, Avg:  0.0, Max: 0, Diff: 0, Sum: 0, Workers: 4
[3482.291s][debug][gc,phases      ] GC(150)     Total                          Min: 0, Avg:  0.0, Max: 0, Diff: 0, Sum: 0, Workers: 4
[3482.291s][debug][gc,phases      ] GC(150)   StringDedup Requests0 Weak     Min:  0.0, Avg:  0.0, Max:  0.0, Diff:  0.0, Sum:  0.0, Workers: 4
[3482.291s][debug][gc,phases      ] GC(150)     Dead                           Min: 0, Avg:  0.0, Max: 0, Diff: 0, Sum: 0, Workers: 4
[3482.291s][debug][gc,phases      ] GC(150)     Total                          Min: 0, Avg:  0.0, Max: 0, Diff: 0, Sum: 0, Workers: 4
[3482.291s][debug][gc,phases      ] GC(150)   StringDedup Requests1 Weak     Min:  0.0, Avg:  0.0, Max:  0.0, Diff:  0.0, Sum:  0.0, Workers: 4
[3482.291s][debug][gc,phases      ] GC(150)     Dead                           Min: 0, Avg:  0.0, Max: 0, Diff: 0, Sum: 0, Workers: 4
[3482.291s][debug][gc,phases      ] GC(150)     Total                          Min: 0, Avg:  0.0, Max: 0, Diff: 0, Sum: 0, Workers: 4
[3482.291s][debug][gc,phases      ] GC(150)   Weak JFR Old Object Samples    Min:  0.0, Avg:  0.0, Max:  0.0, Diff:  0.0, Sum:  0.0, Workers: 4
[3482.291s][debug][gc,phases      ] GC(150)     Dead                           Min: 0, Avg:  0.0, Max: 0, Diff: 0, Sum: 0, Workers: 4
[3482.291s][debug][gc,phases      ] GC(150)     Total                          Min: 0, Avg:  0.0, Max: 0, Diff: 0, Sum: 0, Workers: 4
[3482.291s][debug][gc,phases      ] GC(150) Weak Processing 0.313ms
[3482.291s][debug][gc,age         ] GC(150) Desired survivor size 57671680 bytes, new threshold 15 (max threshold 15)
[3482.291s][info ][gc,heap        ] GC(150) PSYoungGen: 2003792K(2049536K)->43760K(2042880K) Eden: 1998848K(1998848K)->0K(1998848K) From: 4944K(50688K)->43760K(44032K)
[3482.291s][info ][gc,heap        ] GC(150) ParOldGen: 526559K(647168K)->526599K(647168K)
[3482.291s][info ][gc,metaspace   ] GC(150) Metaspace: 83523K(84416K)->83523K(84416K) NonClass: 71859K(72320K)->71859K(72320K) Class: 11664K(12096K)->11664K(12096K)
[3482.291s][info ][gc             ] GC(150) Pause Young (Allocation Failure) 2471M->556M(2627M) 12.235ms
[3482.291s][info ][gc,cpu         ] GC(150) User=0.04s Sys=0.00s Real=0.01s
[3482.291s][info ][safepoint      ] Safepoint "ParallelGCFailedAllocation", Time since last: 30536648 ns, Reaching safepoint: 20801 ns, At safepoint: 12313702 ns, Total: 12334503 ns
[3483.291s][info ][safepoint      ] Safepoint "Cleanup", Time since last: 1000084007 ns, Reaching safepoint: 106702 ns, At safepoint: 6901 ns, Total: 113603 ns
[3485.292s][info ][safepoint      ] Safepoint "Cleanup", Time since last: 2000202515 ns, Reaching safepoint: 109702 ns, At safepoint: 7701 ns, Total: 117403 ns
[3486.292s][info ][safepoint      ] Safepoint "Cleanup", Time since last: 1000110807 ns, Reaching safepoint: 132704 ns, At safepoint: 9300 ns, Total: 142004 ns
[3487.292s][info ][safepoint      ] Safepoint "Cleanup", Time since last: 1000102907 ns, Reaching safepoint: 106903 ns, At safepoint: 8800 ns, Total: 115703 ns
[3488.292s][info ][safepoint      ] Safepoint "Cleanup", Time since last: 1000095408 ns, Reaching safepoint: 59401 ns, At safepoint: 18000 ns, Total: 77401 ns
[3491.293s][info ][safepoint      ] Safepoint "Cleanup", Time since last: 3000238121 ns, Reaching safepoint: 46001 ns, At safepoint: 8200 ns, Total: 54201 ns
[3492.293s][info ][safepoint      ] Safepoint "Cleanup", Time since last: 1000114208 ns, Reaching safepoint: 45101 ns, At safepoint: 3300 ns, Total: 48401 ns
[3494.293s][info ][safepoint      ] Safepoint "Cleanup", Time since last: 2000176114 ns, Reaching safepoint: 46101 ns, At safepoint: 3701 ns, Total: 49802 ns
[3495.293s][info ][safepoint      ] Safepoint "Cleanup", Time since last: 1000116607 ns, Reaching safepoint: 109603 ns, At safepoint: 6900 ns, Total: 116503 ns
[3496.293s][info ][safepoint      ] Safepoint "Cleanup", Time since last: 1000087707 ns, Reaching safepoint: 38701 ns, At safepoint: 3200 ns, Total: 41901 ns
[3498.294s][info ][safepoint      ] Safepoint "Cleanup", Time since last: 2000192014 ns, Reaching safepoint: 105003 ns, At safepoint: 6800 ns, Total: 111803 ns
[3502.294s][info ][safepoint      ] Safepoint "Cleanup", Time since last: 4000250625 ns, Reaching safepoint: 49301 ns, At safepoint: 14500 ns, Total: 63801 ns
[3503.294s][info ][safepoint      ] Safepoint "Cleanup", Time since last: 1000108708 ns, Reaching safepoint: 48101 ns, At safepoint: 7300 ns, Total: 55401 ns
[3505.294s][info ][safepoint      ] Safepoint "Cleanup", Time since last: 2000188914 ns, Reaching safepoint: 50201 ns, At safepoint: 7500 ns, Total: 57701 ns
[3506.295s][info ][safepoint      ] Safepoint "Cleanup", Time since last: 1000099307 ns, Reaching safepoint: 45401 ns, At safepoint: 3100 ns, Total: 48501 ns
[3508.295s][info ][safepoint      ] Safepoint "Cleanup", Time since last: 2000171314 ns, Reaching safepoint: 40601 ns, At safepoint: 8100 ns, Total: 48701 ns
[3509.295s][info ][safepoint      ] Safepoint "Cleanup", Time since last: 1000089706 ns, Reaching safepoint: 55102 ns, At safepoint: 7900 ns, Total: 63002 ns
[3510.295s][info ][safepoint      ] Safepoint "Cleanup", Time since last: 1000111807 ns, Reaching safepoint: 58002 ns, At safepoint: 8000 ns, Total: 66002 ns
[3511.305s][info ][safepoint      ] Safepoint "Cleanup", Time since last: 1010108552 ns, Reaching safepoint: 90202 ns, At safepoint: 6000 ns, Total: 96202 ns
[3513.305s][info ][safepoint      ] Safepoint "Cleanup", Time since last: 2000132012 ns, Reaching safepoint: 42801 ns, At safepoint: 4300 ns, Total: 47101 ns
[3514.306s][info ][safepoint      ] Safepoint "Cleanup", Time since last: 1000103207 ns, Reaching safepoint: 47501 ns, At safepoint: 4301 ns, Total: 51802 ns
[3515.306s][info ][safepoint      ] Safepoint "Cleanup", Time since last: 1000135507 ns, Reaching safepoint: 53201 ns, At safepoint: 7501 ns, Total: 60702 ns
[3516.306s][info ][safepoint      ] Safepoint "Cleanup", Time since last: 1000114707 ns, Reaching safepoint: 48801 ns, At safepoint: 4300 ns, Total: 53101 ns
[3518.306s][info ][safepoint      ] Safepoint "Cleanup", Time since last: 2000180513 ns, Reaching safepoint: 46201 ns, At safepoint: 3700 ns, Total: 49901 ns
[3519.306s][info ][safepoint      ] Safepoint "Cleanup", Time since last: 1000109607 ns, Reaching safepoint: 52501 ns, At safepoint: 7901 ns, Total: 60402 ns
[3522.307s][info ][safepoint      ] Safepoint "Cleanup", Time since last: 3000285919 ns, Reaching safepoint: 67502 ns, At safepoint: 8000 ns, Total: 75502 ns
[3523.307s][info ][safepoint      ] Safepoint "Cleanup", Time since last: 1000119607 ns, Reaching safepoint: 65102 ns, At safepoint: 10800 ns, Total: 75902 ns
[3524.307s][info ][safepoint      ] Safepoint "Cleanup", Time since last: 1000116307 ns, Reaching safepoint: 48001 ns, At safepoint: 3600 ns, Total: 51601 ns
[3525.307s][info ][safepoint      ] Safepoint "Cleanup", Time since last: 1000133807 ns, Reaching safepoint: 51702 ns, At safepoint: 13300 ns, Total: 65002 ns
[3526.308s][info ][safepoint      ] Safepoint "Cleanup", Time since last: 1000111407 ns, Reaching safepoint: 56701 ns, At safepoint: 8000 ns, Total: 64701 ns
[3527.308s][info ][safepoint      ] Safepoint "Cleanup", Time since last: 1000112607 ns, Reaching safepoint: 46201 ns, At safepoint: 11000 ns, Total: 57201 ns
[3528.308s][info ][safepoint      ] Safepoint "Cleanup", Time since last: 1000123607 ns, Reaching safepoint: 61402 ns, At safepoint: 4200 ns, Total: 65602 ns
[3529.308s][info ][safepoint      ] Safepoint "Cleanup", Time since last: 1000116907 ns, Reaching safepoint: 46401 ns, At safepoint: 10900 ns, Total: 57301 ns
[3530.308s][info ][safepoint      ] Safepoint "Cleanup", Time since last: 1000105707 ns, Reaching safepoint: 52801 ns, At safepoint: 4800 ns, Total: 57601 ns
[3531.344s][info ][safepoint      ] Safepoint "Cleanup", Time since last: 1035776481 ns, Reaching safepoint: 49601 ns, At safepoint: 6200 ns, Total: 55801 ns
[3532.344s][info ][safepoint      ] Safepoint "Cleanup", Time since last: 1000117007 ns, Reaching safepoint: 59801 ns, At safepoint: 7301 ns, Total: 67102 ns
[3533.344s][info ][safepoint      ] Safepoint "Cleanup", Time since last: 1000114106 ns, Reaching safepoint: 50202 ns, At safepoint: 6400 ns, Total: 56602 ns
[3536.345s][info ][safepoint      ] Safepoint "Cleanup", Time since last: 3000220017 ns, Reaching safepoint: 51101 ns, At safepoint: 6200 ns, Total: 57301 ns
[3537.345s][info ][safepoint      ] Safepoint "Cleanup", Time since last: 1000109306 ns, Reaching safepoint: 46202 ns, At safepoint: 6300 ns, Total: 52502 ns
[3542.345s][info ][safepoint      ] Safepoint "Cleanup", Time since last: 5000348527 ns, Reaching safepoint: 51201 ns, At safepoint: 6100 ns, Total: 57301 ns
[3549.346s][info ][safepoint      ] Safepoint "Cleanup", Time since last: 7000495937 ns, Reaching safepoint: 47201 ns, At safepoint: 7301 ns, Total: 54502 ns
[3549.751s][info ][gc,start       ] GC(151) Pause Young (Allocation Failure)
[3549.768s][debug][gc,phases      ] GC(151) Scavenge 17.106ms
[3549.768s][debug][gc,ref         ] GC(151) Skipped phase 1 of Reference Processing: no references
[3549.768s][debug][gc,ref         ] GC(151) ReferenceProcessor::execute queues: 1, RefProcThreadModel::Single, marks_oops_alive: false
[3549.768s][debug][gc,ref         ] GC(151) Skipped phase 3 of Reference Processing: no references
[3549.768s][debug][gc,ref         ] GC(151) ReferenceProcessor::execute queues: 1, RefProcThreadModel::Single, marks_oops_alive: false
[3549.768s][debug][gc,phases      ] GC(151) Reference Processing 0.145ms
[3549.768s][debug][gc,phases      ] GC(151)   VM Weak                        Min:  0.0, Avg:  0.0, Max:  0.0, Diff:  0.0, Sum:  0.0, Workers: 4
[3549.768s][debug][gc,phases      ] GC(151)     Dead                           Min: 0, Avg:  0.0, Max: 0, Diff: 0, Sum: 0, Workers: 4
[3549.768s][debug][gc,phases      ] GC(151)     Total                          Min: 0, Avg: 177.8, Max: 647, Diff: 647, Sum: 711, Workers: 4
[3549.768s][debug][gc,phases      ] GC(151)   ObjectSynchronizer Weak        Min:  0.0, Avg:  0.0, Max:  0.0, Diff:  0.0, Sum:  0.0, Workers: 4
[3549.768s][debug][gc,phases      ] GC(151)     Dead                           Min: 0, Avg:  0.0, Max: 0, Diff: 0, Sum: 0, Workers: 4
[3549.768s][debug][gc,phases      ] GC(151)     Total                          Min: 0, Avg: 100.2, Max: 209, Diff: 209, Sum: 401, Workers: 4
[3549.768s][debug][gc,phases      ] GC(151)   JVMTI Tag Weak OopStorage      Min:  0.0, Avg:  0.0, Max:  0.0, Diff:  0.0, Sum:  0.0, Workers: 4
[3549.768s][debug][gc,phases      ] GC(151)     Dead                           Min: 0, Avg:  0.0, Max: 0, Diff: 0, Sum: 0, Workers: 4
[3549.768s][debug][gc,phases      ] GC(151)     Total                          Min: 0, Avg:  0.0, Max: 0, Diff: 0, Sum: 0, Workers: 4
[3549.768s][debug][gc,phases      ] GC(151)   StringTable Weak               Min:  0.0, Avg:  0.1, Max:  0.2, Diff:  0.2, Sum:  0.4, Workers: 4
[3549.768s][debug][gc,phases      ] GC(151)     Dead                           Min: 0, Avg:  0.0, Max: 0, Diff: 0, Sum: 0, Workers: 4
[3549.768s][debug][gc,phases      ] GC(151)     Total                          Min: 0, Avg: 12131.0, Max: 24512, Diff: 24512, Sum: 48524, Workers: 4
[3549.768s][debug][gc,phases      ] GC(151)   ResolvedMethodTable Weak       Min:  0.0, Avg:  0.0, Max:  0.0, Diff:  0.0, Sum:  0.1, Workers: 4
[3549.768s][debug][gc,phases      ] GC(151)     Dead                           Min: 0, Avg:  0.0, Max: 0, Diff: 0, Sum: 0, Workers: 4
[3549.768s][debug][gc,phases      ] GC(151)     Total                          Min: 0, Avg: 2037.0, Max: 4185, Diff: 4185, Sum: 8148, Workers: 4
[3549.768s][debug][gc,phases      ] GC(151)   JNI Weak                       Min:  0.0, Avg:  0.0, Max:  0.0, Diff:  0.0, Sum:  0.0, Workers: 4
[3549.768s][debug][gc,phases      ] GC(151)     Dead                           Min: 0, Avg:  0.0, Max: 0, Diff: 0, Sum: 0, Workers: 4
[3549.768s][debug][gc,phases      ] GC(151)     Total                          Min: 0, Avg:  0.0, Max: 0, Diff: 0, Sum: 0, Workers: 4
[3549.768s][debug][gc,phases      ] GC(151)   StringDedup Table Weak         Min:  0.0, Avg:  0.0, Max:  0.0, Diff:  0.0, Sum:  0.0, Workers: 4
[3549.768s][debug][gc,phases      ] GC(151)     Dead                           Min: 0, Avg:  0.0, Max: 0, Diff: 0, Sum: 0, Workers: 4
[3549.768s][debug][gc,phases      ] GC(151)     Total                          Min: 0, Avg:  0.0, Max: 0, Diff: 0, Sum: 0, Workers: 4
[3549.768s][debug][gc,phases      ] GC(151)   StringDedup Requests0 Weak     Min:  0.0, Avg:  0.0, Max:  0.0, Diff:  0.0, Sum:  0.0, Workers: 4
[3549.768s][debug][gc,phases      ] GC(151)     Dead                           Min: 0, Avg:  0.0, Max: 0, Diff: 0, Sum: 0, Workers: 4
[3549.768s][debug][gc,phases      ] GC(151)     Total                          Min: 0, Avg:  0.0, Max: 0, Diff: 0, Sum: 0, Workers: 4
[3549.769s][debug][gc,phases      ] GC(151)   StringDedup Requests1 Weak     Min:  0.0, Avg:  0.0, Max:  0.0, Diff:  0.0, Sum:  0.0, Workers: 4
[3549.769s][debug][gc,phases      ] GC(151)     Dead                           Min: 0, Avg:  0.0, Max: 0, Diff: 0, Sum: 0, Workers: 4
[3549.769s][debug][gc,phases      ] GC(151)     Total                          Min: 0, Avg:  0.0, Max: 0, Diff: 0, Sum: 0, Workers: 4
[3549.769s][debug][gc,phases      ] GC(151)   Weak JFR Old Object Samples    Min:  0.0, Avg:  0.0, Max:  0.0, Diff:  0.0, Sum:  0.0, Workers: 4
[3549.769s][debug][gc,phases      ] GC(151)     Dead                           Min: 0, Avg:  0.0, Max: 0, Diff: 0, Sum: 0, Workers: 4
[3549.769s][debug][gc,phases      ] GC(151)     Total                          Min: 0, Avg:  0.0, Max: 0, Diff: 0, Sum: 0, Workers: 4
[3549.769s][debug][gc,phases      ] GC(151) Weak Processing 0.496ms
[3549.769s][debug][gc,age         ] GC(151) Desired survivor size 61341696 bytes, new threshold 15 (max threshold 15)
[3549.769s][info ][gc,heap        ] GC(151) PSYoungGen: 2042608K(2042880K)->33152K(2031616K) Eden: 1998848K(1998848K)->0K(1977344K) From: 43760K(44032K)->33152K(54272K)
[3549.769s][info ][gc,heap        ] GC(151) ParOldGen: 526599K(647168K)->526647K(647168K)
[3549.769s][info ][gc,metaspace   ] GC(151) Metaspace: 83612K(84544K)->83612K(84544K) NonClass: 71940K(72448K)->71940K(72448K) Class: 11671K(12096K)->11671K(12096K)
[3549.769s][info ][gc             ] GC(151) Pause Young (Allocation Failure) 2508M->546M(2616M) 17.885ms
[3549.769s][info ][gc,cpu         ] GC(151) User=0.04s Sys=0.00s Real=0.02s
[3549.769s][info ][safepoint      ] Safepoint "ParallelGCFailedAllocation", Time since last: 404842120 ns, Reaching safepoint: 33000 ns, At safepoint: 17981441 ns, Total: 18014441 ns
[3554.769s][info ][safepoint      ] Safepoint "Cleanup", Time since last: 5000346526 ns, Reaching safepoint: 39401 ns, At safepoint: 3300 ns, Total: 42701 ns
[3559.769s][info ][safepoint      ] Safepoint "Cleanup", Time since last: 5000366225 ns, Reaching safepoint: 46401 ns, At safepoint: 3800 ns, Total: 50201 ns
[3561.770s][info ][safepoint      ] Safepoint "Cleanup", Time since last: 2000178911 ns, Reaching safepoint: 42101 ns, At safepoint: 3400 ns, Total: 45501 ns
[3564.770s][info ][safepoint      ] Safepoint "Cleanup", Time since last: 3000236716 ns, Reaching safepoint: 42901 ns, At safepoint: 6600 ns, Total: 49501 ns
[3569.770s][info ][safepoint      ] Safepoint "Cleanup", Time since last: 5000377524 ns, Reaching safepoint: 50402 ns, At safepoint: 10900 ns, Total: 61302 ns
[3570.771s][info ][safepoint      ] Safepoint "Cleanup", Time since last: 1000117206 ns, Reaching safepoint: 94402 ns, At safepoint: 3700 ns, Total: 98102 ns
[3571.771s][info ][safepoint      ] Safepoint "Cleanup", Time since last: 1000111206 ns, Reaching safepoint: 73502 ns, At safepoint: 31901 ns, Total: 105403 ns
[3582.772s][info ][safepoint      ] Safepoint "Cleanup", Time since last: 11000844552 ns, Reaching safepoint: 48101 ns, At safepoint: 3300 ns, Total: 51401 ns
[3587.772s][info ][safepoint      ] Safepoint "Cleanup", Time since last: 5000377022 ns, Reaching safepoint: 61702 ns, At safepoint: 11400 ns, Total: 73102 ns
[3589.772s][info ][safepoint      ] Safepoint "Cleanup", Time since last: 2000187110 ns, Reaching safepoint: 48901 ns, At safepoint: 7600 ns, Total: 56501 ns
[3592.773s][info ][safepoint      ] Safepoint "Cleanup", Time since last: 3000313016 ns, Reaching safepoint: 38401 ns, At safepoint: 4700 ns, Total: 43101 ns
[3601.774s][info ][safepoint      ] Safepoint "Cleanup", Time since last: 9000657138 ns, Reaching safepoint: 50701 ns, At safepoint: 33101 ns, Total: 83802 ns
[3603.774s][info ][safepoint      ] Safepoint "Cleanup", Time since last: 2000172009 ns, Reaching safepoint: 47901 ns, At safepoint: 7900 ns, Total: 55801 ns
[3604.774s][info ][safepoint      ] Safepoint "Cleanup", Time since last: 1000110605 ns, Reaching safepoint: 49101 ns, At safepoint: 3700 ns, Total: 52801 ns
[3608.774s][info ][safepoint      ] Safepoint "Cleanup", Time since last: 4000358018 ns, Reaching safepoint: 48401 ns, At safepoint: 5600 ns, Total: 54001 ns
[3609.774s][info ][safepoint      ] Safepoint "Cleanup", Time since last: 1000109905 ns, Reaching safepoint: 52001 ns, At safepoint: 3200 ns, Total: 55201 ns
[3613.775s][info ][safepoint      ] Safepoint "Cleanup", Time since last: 4000297816 ns, Reaching safepoint: 46301 ns, At safepoint: 6000 ns, Total: 52301 ns
[3616.775s][info ][safepoint      ] Safepoint "Cleanup", Time since last: 3000266113 ns, Reaching safepoint: 57502 ns, At safepoint: 9700 ns, Total: 67202 ns
[3621.776s][info ][safepoint      ] Safepoint "Cleanup", Time since last: 5000446921 ns, Reaching safepoint: 57401 ns, At safepoint: 7500 ns, Total: 64901 ns
[3624.776s][info ][safepoint      ] Safepoint "Cleanup", Time since last: 3000210611 ns, Reaching safepoint: 46601 ns, At safepoint: 3600 ns, Total: 50201 ns
[3631.776s][info ][safepoint      ] Safepoint "Cleanup", Time since last: 7000456324 ns, Reaching safepoint: 37801 ns, At safepoint: 4900 ns, Total: 42701 ns
[3644.777s][info ][safepoint      ] Safepoint "Cleanup", Time since last: 13000934098 ns, Reaching safepoint: 47001 ns, At safepoint: 5400 ns, Total: 52401 ns
[3644.890s][info ][gc,start       ] GC(152) Pause Young (Allocation Failure)
[3644.897s][debug][gc,phases      ] GC(152) Scavenge 7.239ms
[3644.897s][debug][gc,ref         ] GC(152) Skipped phase 1 of Reference Processing: no references
[3644.897s][debug][gc,ref         ] GC(152) ReferenceProcessor::execute queues: 1, RefProcThreadModel::Single, marks_oops_alive: false
[3644.897s][debug][gc,ref         ] GC(152) Skipped phase 3 of Reference Processing: no references
[3644.897s][debug][gc,ref         ] GC(152) ReferenceProcessor::execute queues: 1, RefProcThreadModel::Single, marks_oops_alive: false
[3644.897s][debug][gc,phases      ] GC(152) Reference Processing 0.155ms
[3644.898s][debug][gc,phases      ] GC(152)   VM Weak                        Min:  0.0, Avg:  0.0, Max:  0.0, Diff:  0.0, Sum:  0.0, Workers: 4
[3644.898s][debug][gc,phases      ] GC(152)     Dead                           Min: 0, Avg:  0.0, Max: 0, Diff: 0, Sum: 0, Workers: 4
[3644.898s][debug][gc,phases      ] GC(152)     Total                          Min: 0, Avg: 177.8, Max: 711, Diff: 711, Sum: 711, Workers: 4
[3644.898s][debug][gc,phases      ] GC(152)   ObjectSynchronizer Weak        Min:  0.0, Avg:  0.0, Max:  0.0, Diff:  0.0, Sum:  0.0, Workers: 4
[3644.898s][debug][gc,phases      ] GC(152)     Dead                           Min: 0, Avg:  0.0, Max: 0, Diff: 0, Sum: 0, Workers: 4
[3644.898s][debug][gc,phases      ] GC(152)     Total                          Min: 0, Avg: 100.2, Max: 209, Diff: 209, Sum: 401, Workers: 4
[3644.898s][debug][gc,phases      ] GC(152)   JVMTI Tag Weak OopStorage      Min:  0.0, Avg:  0.0, Max:  0.0, Diff:  0.0, Sum:  0.0, Workers: 4
[3644.898s][debug][gc,phases      ] GC(152)     Dead                           Min: 0, Avg:  0.0, Max: 0, Diff: 0, Sum: 0, Workers: 4
[3644.898s][debug][gc,phases      ] GC(152)     Total                          Min: 0, Avg:  0.0, Max: 0, Diff: 0, Sum: 0, Workers: 4
[3644.898s][debug][gc,phases      ] GC(152)   StringTable Weak               Min:  0.1, Avg:  0.1, Max:  0.1, Diff:  0.0, Sum:  0.4, Workers: 4
[3644.898s][debug][gc,phases      ] GC(152)     Dead                           Min: 0, Avg:  0.0, Max: 0, Diff: 0, Sum: 0, Workers: 4
[3644.898s][debug][gc,phases      ] GC(152)     Total                          Min: 11584, Avg: 12131.5, Max: 12800, Diff: 1216, Sum: 48526, Workers: 4
[3644.898s][debug][gc,phases      ] GC(152)   ResolvedMethodTable Weak       Min:  0.0, Avg:  0.0, Max:  0.0, Diff:  0.0, Sum:  0.1, Workers: 4
[3644.898s][debug][gc,phases      ] GC(152)     Dead                           Min: 0, Avg:  0.0, Max: 0, Diff: 0, Sum: 0, Workers: 4
[3644.898s][debug][gc,phases      ] GC(152)     Total                          Min: 1789, Avg: 2037.0, Max: 2252, Diff: 463, Sum: 8148, Workers: 4
[3644.898s][debug][gc,phases      ] GC(152)   JNI Weak                       Min:  0.0, Avg:  0.0, Max:  0.0, Diff:  0.0, Sum:  0.0, Workers: 4
[3644.898s][debug][gc,phases      ] GC(152)     Dead                           Min: 0, Avg:  0.0, Max: 0, Diff: 0, Sum: 0, Workers: 4
[3644.898s][debug][gc,phases      ] GC(152)     Total                          Min: 0, Avg:  0.0, Max: 0, Diff: 0, Sum: 0, Workers: 4
[3644.898s][debug][gc,phases      ] GC(152)   StringDedup Table Weak         Min:  0.0, Avg:  0.0, Max:  0.0, Diff:  0.0, Sum:  0.0, Workers: 4
[3644.898s][debug][gc,phases      ] GC(152)     Dead                           Min: 0, Avg:  0.0, Max: 0, Diff: 0, Sum: 0, Workers: 4
[3644.898s][debug][gc,phases      ] GC(152)     Total                          Min: 0, Avg:  0.0, Max: 0, Diff: 0, Sum: 0, Workers: 4
[3644.898s][debug][gc,phases      ] GC(152)   StringDedup Requests0 Weak     Min:  0.0, Avg:  0.0, Max:  0.0, Diff:  0.0, Sum:  0.0, Workers: 4
[3644.898s][debug][gc,phases      ] GC(152)     Dead                           Min: 0, Avg:  0.0, Max: 0, Diff: 0, Sum: 0, Workers: 4
[3644.898s][debug][gc,phases      ] GC(152)     Total                          Min: 0, Avg:  0.0, Max: 0, Diff: 0, Sum: 0, Workers: 4
[3644.898s][debug][gc,phases      ] GC(152)   StringDedup Requests1 Weak     Min:  0.0, Avg:  0.0, Max:  0.0, Diff:  0.0, Sum:  0.0, Workers: 4
[3644.898s][debug][gc,phases      ] GC(152)     Dead                           Min: 0, Avg:  0.0, Max: 0, Diff: 0, Sum: 0, Workers: 4
[3644.898s][debug][gc,phases      ] GC(152)     Total                          Min: 0, Avg:  0.0, Max: 0, Diff: 0, Sum: 0, Workers: 4
[3644.898s][debug][gc,phases      ] GC(152)   Weak JFR Old Object Samples    Min:  0.0, Avg:  0.0, Max:  0.0, Diff:  0.0, Sum:  0.0, Workers: 4
[3644.898s][debug][gc,phases      ] GC(152)     Dead                           Min: 0, Avg:  0.0, Max: 0, Diff: 0, Sum: 0, Workers: 4
[3644.898s][debug][gc,phases      ] GC(152)     Total                          Min: 0, Avg:  0.0, Max: 0, Diff: 0, Sum: 0, Workers: 4
[3644.898s][debug][gc,phases      ] GC(152) Weak Processing 0.310ms
[3644.898s][debug][gc,age         ] GC(152) Desired survivor size 60293120 bytes, new threshold 15 (max threshold 15)
[3644.898s][info ][gc,heap        ] GC(152) PSYoungGen: 2010496K(2031616K)->23984K(2037248K) Eden: 1977344K(1977344K)->0K(1977344K) From: 33152K(54272K)->23984K(59904K)
[3644.898s][info ][gc,heap        ] GC(152) ParOldGen: 526647K(647168K)->526679K(647168K)
[3644.898s][info ][gc,metaspace   ] GC(152) Metaspace: 83631K(84544K)->83631K(84544K) NonClass: 71959K(72448K)->71959K(72448K) Class: 11671K(12096K)->11671K(12096K)
[3644.898s][info ][gc             ] GC(152) Pause Young (Allocation Failure) 2477M->537M(2621M) 7.832ms
[3644.898s][info ][gc,cpu         ] GC(152) User=0.03s Sys=0.00s Real=0.01s
[3644.898s][info ][safepoint      ] Safepoint "ParallelGCFailedAllocation", Time since last: 112394054 ns, Reaching safepoint: 26401 ns, At safepoint: 7909094 ns, Total: 7935495 ns
[3645.898s][info ][safepoint      ] Safepoint "Cleanup", Time since last: 1000087207 ns, Reaching safepoint: 49501 ns, At safepoint: 4000 ns, Total: 53501 ns
[3646.898s][info ][safepoint      ] Safepoint "Cleanup", Time since last: 1000109007 ns, Reaching safepoint: 37801 ns, At safepoint: 3100 ns, Total: 40901 ns
[3653.899s][info ][safepoint      ] Safepoint "Cleanup", Time since last: 7000510848 ns, Reaching safepoint: 53302 ns, At safepoint: 8100 ns, Total: 61402 ns
[3659.899s][info ][safepoint      ] Safepoint "Cleanup", Time since last: 6000502945 ns, Reaching safepoint: 52201 ns, At safepoint: 5400 ns, Total: 57601 ns
[3661.899s][info ][safepoint      ] Safepoint "Cleanup", Time since last: 2000180116 ns, Reaching safepoint: 58701 ns, At safepoint: 15300 ns, Total: 74001 ns
[3666.900s][info ][safepoint      ] Safepoint "Cleanup", Time since last: 5000411840 ns, Reaching safepoint: 49301 ns, At safepoint: 7600 ns, Total: 56901 ns
[3667.900s][info ][safepoint      ] Safepoint "Cleanup", Time since last: 1000102708 ns, Reaching safepoint: 40201 ns, At safepoint: 4001 ns, Total: 44202 ns
[3675.901s][info ][safepoint      ] Safepoint "Cleanup", Time since last: 8000676666 ns, Reaching safepoint: 51101 ns, At safepoint: 6100 ns, Total: 57201 ns
[3677.901s][info ][safepoint      ] Safepoint "Cleanup", Time since last: 2000165517 ns, Reaching safepoint: 58301 ns, At safepoint: 6401 ns, Total: 64702 ns
[3679.901s][info ][safepoint      ] Safepoint "Cleanup", Time since last: 2000170617 ns, Reaching safepoint: 30201 ns, At safepoint: 3500 ns, Total: 33701 ns
[3684.902s][info ][safepoint      ] Safepoint "Cleanup", Time since last: 5000371442 ns, Reaching safepoint: 83503 ns, At safepoint: 6700 ns, Total: 90203 ns
[3690.902s][info ][safepoint      ] Safepoint "Cleanup", Time since last: 6000490354 ns, Reaching safepoint: 69501 ns, At safepoint: 9701 ns, Total: 79202 ns
[3694.903s][info ][safepoint      ] Safepoint "Cleanup", Time since last: 4000350037 ns, Reaching safepoint: 60202 ns, At safepoint: 8800 ns, Total: 69002 ns
[3699.903s][info ][safepoint      ] Safepoint "Cleanup", Time since last: 5000408547 ns, Reaching safepoint: 46502 ns, At safepoint: 5400 ns, Total: 51902 ns
[3700.908s][info ][safepoint      ] Safepoint "Cleanup", Time since last: 1000706025 ns, Reaching safepoint: 4040799 ns, At safepoint: 10000 ns, Total: 4050799 ns
[3702.914s][info ][safepoint      ] Safepoint "Cleanup", Time since last: 2003966013 ns, Reaching safepoint: 1718142 ns, At safepoint: 11200 ns, Total: 1729342 ns
[3705.917s][info ][safepoint      ] Safepoint "Cleanup", Time since last: 3003016497 ns, Reaching safepoint: 64202 ns, At safepoint: 5600 ns, Total: 69802 ns
[3707.928s][info ][safepoint      ] Safepoint "Cleanup", Time since last: 2011175390 ns, Reaching safepoint: 122803 ns, At safepoint: 6800 ns, Total: 129603 ns
[3709.928s][info ][safepoint      ] Safepoint "Cleanup", Time since last: 2000275423 ns, Reaching safepoint: 56501 ns, At safepoint: 4500 ns, Total: 61001 ns
[3716.932s][info ][safepoint      ] Safepoint "Cleanup", Time since last: 7003863353 ns, Reaching safepoint: 55701 ns, At safepoint: 8200 ns, Total: 63901 ns
[3723.933s][info ][safepoint      ] Safepoint "Cleanup", Time since last: 7000541574 ns, Reaching safepoint: 53901 ns, At safepoint: 8600 ns, Total: 62501 ns
[3737.398s][info ][gc,start       ] GC(153) Pause Young (Allocation Failure)
[3737.404s][debug][gc,phases      ] GC(153) Scavenge 6.237ms
[3737.404s][debug][gc,ref         ] GC(153) Skipped phase 1 of Reference Processing: no references
[3737.404s][debug][gc,ref         ] GC(153) ReferenceProcessor::execute queues: 1, RefProcThreadModel::Single, marks_oops_alive: false
[3737.404s][debug][gc,ref         ] GC(153) Skipped phase 3 of Reference Processing: no references
[3737.404s][debug][gc,ref         ] GC(153) ReferenceProcessor::execute queues: 1, RefProcThreadModel::Single, marks_oops_alive: false
[3737.404s][debug][gc,phases      ] GC(153) Reference Processing 0.132ms
[3737.404s][debug][gc,phases      ] GC(153)   VM Weak                        Min:  0.0, Avg:  0.0, Max:  0.0, Diff:  0.0, Sum:  0.0, Workers: 4
[3737.404s][debug][gc,phases      ] GC(153)     Dead                           Min: 0, Avg:  0.0, Max: 0, Diff: 0, Sum: 0, Workers: 4
[3737.404s][debug][gc,phases      ] GC(153)     Total                          Min: 0, Avg: 177.8, Max: 512, Diff: 512, Sum: 711, Workers: 4
[3737.404s][debug][gc,phases      ] GC(153)   ObjectSynchronizer Weak        Min:  0.0, Avg:  0.0, Max:  0.0, Diff:  0.0, Sum:  0.0, Workers: 4
[3737.404s][debug][gc,phases      ] GC(153)     Dead                           Min: 0, Avg:  0.0, Max: 0, Diff: 0, Sum: 0, Workers: 4
[3737.404s][debug][gc,phases      ] GC(153)     Total                          Min: 0, Avg: 100.2, Max: 209, Diff: 209, Sum: 401, Workers: 4
[3737.404s][debug][gc,phases      ] GC(153)   JVMTI Tag Weak OopStorage      Min:  0.0, Avg:  0.0, Max:  0.0, Diff:  0.0, Sum:  0.0, Workers: 4
[3737.404s][debug][gc,phases      ] GC(153)     Dead                           Min: 0, Avg:  0.0, Max: 0, Diff: 0, Sum: 0, Workers: 4
[3737.404s][debug][gc,phases      ] GC(153)     Total                          Min: 0, Avg:  0.0, Max: 0, Diff: 0, Sum: 0, Workers: 4
[3737.404s][debug][gc,phases      ] GC(153)   StringTable Weak               Min:  0.1, Avg:  0.1, Max:  0.1, Diff:  0.0, Sum:  0.4, Workers: 4
[3737.404s][debug][gc,phases      ] GC(153)     Dead                           Min: 0, Avg:  0.0, Max: 0, Diff: 0, Sum: 0, Workers: 4
[3737.404s][debug][gc,phases      ] GC(153)     Total                          Min: 11008, Avg: 12132.5, Max: 13120, Diff: 2112, Sum: 48530, Workers: 4
[3737.404s][debug][gc,phases      ] GC(153)   ResolvedMethodTable Weak       Min:  0.0, Avg:  0.0, Max:  0.0, Diff:  0.0, Sum:  0.1, Workers: 4
[3737.404s][debug][gc,phases      ] GC(153)     Dead                           Min: 0, Avg:  0.0, Max: 0, Diff: 0, Sum: 0, Workers: 4
[3737.404s][debug][gc,phases      ] GC(153)     Total                          Min: 1789, Avg: 2037.0, Max: 2346, Diff: 557, Sum: 8148, Workers: 4
[3737.404s][debug][gc,phases      ] GC(153)   JNI Weak                       Min:  0.0, Avg:  0.0, Max:  0.0, Diff:  0.0, Sum:  0.0, Workers: 4
[3737.404s][debug][gc,phases      ] GC(153)     Dead                           Min: 0, Avg:  0.0, Max: 0, Diff: 0, Sum: 0, Workers: 4
[3737.404s][debug][gc,phases      ] GC(153)     Total                          Min: 0, Avg:  0.0, Max: 0, Diff: 0, Sum: 0, Workers: 4
[3737.404s][debug][gc,phases      ] GC(153)   StringDedup Table Weak         Min:  0.0, Avg:  0.0, Max:  0.0, Diff:  0.0, Sum:  0.0, Workers: 4
[3737.404s][debug][gc,phases      ] GC(153)     Dead                           Min: 0, Avg:  0.0, Max: 0, Diff: 0, Sum: 0, Workers: 4
[3737.404s][debug][gc,phases      ] GC(153)     Total                          Min: 0, Avg:  0.0, Max: 0, Diff: 0, Sum: 0, Workers: 4
[3737.404s][debug][gc,phases      ] GC(153)   StringDedup Requests0 Weak     Min:  0.0, Avg:  0.0, Max:  0.0, Diff:  0.0, Sum:  0.0, Workers: 4
[3737.404s][debug][gc,phases      ] GC(153)     Dead                           Min: 0, Avg:  0.0, Max: 0, Diff: 0, Sum: 0, Workers: 4
[3737.404s][debug][gc,phases      ] GC(153)     Total                          Min: 0, Avg:  0.0, Max: 0, Diff: 0, Sum: 0, Workers: 4
[3737.404s][debug][gc,phases      ] GC(153)   StringDedup Requests1 Weak     Min:  0.0, Avg:  0.0, Max:  0.0, Diff:  0.0, Sum:  0.0, Workers: 4
[3737.404s][debug][gc,phases      ] GC(153)     Dead                           Min: 0, Avg:  0.0, Max: 0, Diff: 0, Sum: 0, Workers: 4
[3737.404s][debug][gc,phases      ] GC(153)     Total                          Min: 0, Avg:  0.0, Max: 0, Diff: 0, Sum: 0, Workers: 4
[3737.404s][debug][gc,phases      ] GC(153)   Weak JFR Old Object Samples    Min:  0.0, Avg:  0.0, Max:  0.0, Diff:  0.0, Sum:  0.0, Workers: 4
[3737.404s][debug][gc,phases      ] GC(153)     Dead                           Min: 0, Avg:  0.0, Max: 0, Diff: 0, Sum: 0, Workers: 4
[3737.404s][debug][gc,phases      ] GC(153)     Total                          Min: 0, Avg:  0.0, Max: 0, Diff: 0, Sum: 0, Workers: 4
[3737.404s][debug][gc,phases      ] GC(153) Weak Processing 0.316ms
[3737.404s][debug][gc,age         ] GC(153) Desired survivor size 56623104 bytes, new threshold 15 (max threshold 15)
[3737.404s][info ][gc,heap        ] GC(153) PSYoungGen: 2001328K(2037248K)->18496K(2041856K) Eden: 1977344K(1977344K)->0K(1982976K) From: 23984K(59904K)->18496K(58880K)
[3737.404s][info ][gc,heap        ] GC(153) ParOldGen: 526679K(647168K)->526739K(647168K)
[3737.404s][info ][gc,metaspace   ] GC(153) Metaspace: 83664K(84544K)->83664K(84544K) NonClass: 71991K(72448K)->71991K(72448K) Class: 11672K(12096K)->11672K(12096K)
[3737.404s][info ][gc             ] GC(153) Pause Young (Allocation Failure) 2468M->532M(2626M) 6.813ms
[3737.404s][info ][gc,cpu         ] GC(153) User=0.02s Sys=0.00s Real=0.00s
[3737.404s][info ][safepoint      ] Safepoint "ParallelGCFailedAllocation", Time since last: 13464514603 ns, Reaching safepoint: 115203 ns, At safepoint: 6918369 ns, Total: 7033572 ns
[3740.405s][info ][safepoint      ] Safepoint "Cleanup", Time since last: 3000222334 ns, Reaching safepoint: 47201 ns, At safepoint: 3301 ns, Total: 50502 ns
[3741.405s][info ][safepoint      ] Safepoint "Cleanup", Time since last: 1000110012 ns, Reaching safepoint: 42701 ns, At safepoint: 4000 ns, Total: 46701 ns
[3748.405s][info ][safepoint      ] Safepoint "Cleanup", Time since last: 7000484080 ns, Reaching safepoint: 33301 ns, At safepoint: 3700 ns, Total: 37001 ns
[3756.406s][info ][safepoint      ] Safepoint "Cleanup", Time since last: 8000474492 ns, Reaching safepoint: 41701 ns, At safepoint: 3500 ns, Total: 45201 ns
[3757.406s][info ][safepoint      ] Safepoint "Cleanup", Time since last: 1000100813 ns, Reaching safepoint: 63601 ns, At safepoint: 8100 ns, Total: 71701 ns
[3788.408s][info ][safepoint      ] Safepoint "Cleanup", Time since last: 31002087991 ns, Reaching safepoint: 51101 ns, At safepoint: 6900 ns, Total: 58001 ns
[3810.410s][info ][safepoint      ] Safepoint "Cleanup", Time since last: 22001511702 ns, Reaching safepoint: 51201 ns, At safepoint: 3400 ns, Total: 54601 ns
[3811.410s][info ][safepoint      ] Safepoint "Cleanup", Time since last: 1000128816 ns, Reaching safepoint: 55101 ns, At safepoint: 8901 ns, Total: 64002 ns
[3816.410s][info ][safepoint      ] Safepoint "Cleanup", Time since last: 5000365672 ns, Reaching safepoint: 49901 ns, At safepoint: 3400 ns, Total: 53301 ns
[3819.411s][info ][safepoint      ] Safepoint "Cleanup", Time since last: 3000247044 ns, Reaching safepoint: 58202 ns, At safepoint: 8300 ns, Total: 66502 ns
[3820.411s][info ][safepoint      ] Safepoint "Cleanup", Time since last: 1000113516 ns, Reaching safepoint: 50601 ns, At safepoint: 7900 ns, Total: 58501 ns
[3826.989s][info ][gc,start       ] GC(154) Pause Young (Allocation Failure)
[3826.997s][debug][gc,phases      ] GC(154) Scavenge 7.307ms
[3826.997s][debug][gc,ref         ] GC(154) Skipped phase 1 of Reference Processing: no references
[3826.997s][debug][gc,ref         ] GC(154) ReferenceProcessor::execute queues: 1, RefProcThreadModel::Single, marks_oops_alive: false
[3826.997s][debug][gc,ref         ] GC(154) Skipped phase 3 of Reference Processing: no references
[3826.997s][debug][gc,ref         ] GC(154) ReferenceProcessor::execute queues: 1, RefProcThreadModel::Single, marks_oops_alive: false
[3826.997s][debug][gc,phases      ] GC(154) Reference Processing 0.131ms
[3826.997s][debug][gc,phases      ] GC(154)   VM Weak                        Min:  0.0, Avg:  0.0, Max:  0.0, Diff:  0.0, Sum:  0.0, Workers: 4
[3826.997s][debug][gc,phases      ] GC(154)     Dead                           Min: 0, Avg:  0.0, Max: 0, Diff: 0, Sum: 0, Workers: 4
[3826.997s][debug][gc,phases      ] GC(154)     Total                          Min: 0, Avg: 177.8, Max: 583, Diff: 583, Sum: 711, Workers: 4
[3826.997s][debug][gc,phases      ] GC(154)   ObjectSynchronizer Weak        Min:  0.0, Avg:  0.0, Max:  0.0, Diff:  0.0, Sum:  0.0, Workers: 4
[3826.997s][debug][gc,phases      ] GC(154)     Dead                           Min: 0, Avg:  0.0, Max: 0, Diff: 0, Sum: 0, Workers: 4
[3826.997s][debug][gc,phases      ] GC(154)     Total                          Min: 0, Avg: 100.2, Max: 192, Diff: 192, Sum: 401, Workers: 4
[3826.997s][debug][gc,phases      ] GC(154)   JVMTI Tag Weak OopStorage      Min:  0.0, Avg:  0.0, Max:  0.0, Diff:  0.0, Sum:  0.0, Workers: 4
[3826.997s][debug][gc,phases      ] GC(154)     Dead                           Min: 0, Avg:  0.0, Max: 0, Diff: 0, Sum: 0, Workers: 4
[3826.997s][debug][gc,phases      ] GC(154)     Total                          Min: 0, Avg:  0.0, Max: 0, Diff: 0, Sum: 0, Workers: 4
[3826.997s][debug][gc,phases      ] GC(154)   StringTable Weak               Min:  0.1, Avg:  0.1, Max:  0.1, Diff:  0.0, Sum:  0.4, Workers: 4
[3826.997s][debug][gc,phases      ] GC(154)     Dead                           Min: 0, Avg:  0.0, Max: 0, Diff: 0, Sum: 0, Workers: 4
[3826.997s][debug][gc,phases      ] GC(154)     Total                          Min: 11648, Avg: 12141.8, Max: 12480, Diff: 832, Sum: 48567, Workers: 4
[3826.997s][debug][gc,phases      ] GC(154)   ResolvedMethodTable Weak       Min:  0.0, Avg:  0.0, Max:  0.0, Diff:  0.0, Sum:  0.1, Workers: 4
[3826.997s][debug][gc,phases      ] GC(154)     Dead                           Min: 0, Avg:  0.0, Max: 0, Diff: 0, Sum: 0, Workers: 4
[3826.997s][debug][gc,phases      ] GC(154)     Total                          Min: 1907, Avg: 2037.0, Max: 2195, Diff: 288, Sum: 8148, Workers: 4
[3826.997s][debug][gc,phases      ] GC(154)   JNI Weak                       Min:  0.0, Avg:  0.0, Max:  0.0, Diff:  0.0, Sum:  0.0, Workers: 4
[3826.997s][debug][gc,phases      ] GC(154)     Dead                           Min: 0, Avg:  0.0, Max: 0, Diff: 0, Sum: 0, Workers: 4
[3826.997s][debug][gc,phases      ] GC(154)     Total                          Min: 0, Avg:  0.0, Max: 0, Diff: 0, Sum: 0, Workers: 4
[3826.997s][debug][gc,phases      ] GC(154)   StringDedup Table Weak         Min:  0.0, Avg:  0.0, Max:  0.0, Diff:  0.0, Sum:  0.0, Workers: 4
[3826.997s][debug][gc,phases      ] GC(154)     Dead                           Min: 0, Avg:  0.0, Max: 0, Diff: 0, Sum: 0, Workers: 4
[3826.997s][debug][gc,phases      ] GC(154)     Total                          Min: 0, Avg:  0.0, Max: 0, Diff: 0, Sum: 0, Workers: 4
[3826.997s][debug][gc,phases      ] GC(154)   StringDedup Requests0 Weak     Min:  0.0, Avg:  0.0, Max:  0.0, Diff:  0.0, Sum:  0.0, Workers: 4
[3826.997s][debug][gc,phases      ] GC(154)     Dead                           Min: 0, Avg:  0.0, Max: 0, Diff: 0, Sum: 0, Workers: 4
[3826.997s][debug][gc,phases      ] GC(154)     Total                          Min: 0, Avg:  0.0, Max: 0, Diff: 0, Sum: 0, Workers: 4
[3826.997s][debug][gc,phases      ] GC(154)   StringDedup Requests1 Weak     Min:  0.0, Avg:  0.0, Max:  0.0, Diff:  0.0, Sum:  0.0, Workers: 4
[3826.997s][debug][gc,phases      ] GC(154)     Dead                           Min: 0, Avg:  0.0, Max: 0, Diff: 0, Sum: 0, Workers: 4
[3826.997s][debug][gc,phases      ] GC(154)     Total                          Min: 0, Avg:  0.0, Max: 0, Diff: 0, Sum: 0, Workers: 4
[3826.997s][debug][gc,phases      ] GC(154)   Weak JFR Old Object Samples    Min:  0.0, Avg:  0.0, Max:  0.0, Diff:  0.0, Sum:  0.0, Workers: 4
[3826.997s][debug][gc,phases      ] GC(154)     Dead                           Min: 0, Avg:  0.0, Max: 0, Diff: 0, Sum: 0, Workers: 4
[3826.997s][debug][gc,phases      ] GC(154)     Total                          Min: 0, Avg:  0.0, Max: 0, Diff: 0, Sum: 0, Workers: 4
[3826.997s][debug][gc,phases      ] GC(154) Weak Processing 0.319ms
[3826.997s][debug][gc,age         ] GC(154) Desired survivor size 53477376 bytes, new threshold 15 (max threshold 15)
[3826.997s][info ][gc,heap        ] GC(154) PSYoungGen: 2001472K(2041856K)->17392K(2038272K) Eden: 1982976K(1982976K)->0K(1982976K) From: 18496K(58880K)->17392K(55296K)
[3826.997s][info ][gc,heap        ] GC(154) ParOldGen: 526739K(647168K)->526815K(647168K)
[3826.997s][info ][gc,metaspace   ] GC(154) Metaspace: 83670K(84544K)->83670K(84544K) NonClass: 71998K(72448K)->71998K(72448K) Class: 11672K(12096K)->11672K(12096K)
[3826.997s][info ][gc             ] GC(154) Pause Young (Allocation Failure) 2468M->531M(2622M) 7.891ms
[3826.997s][info ][gc,cpu         ] GC(154) User=0.03s Sys=0.00s Real=0.01s
[3826.997s][info ][safepoint      ] Safepoint "ParallelGCFailedAllocation", Time since last: 6578229052 ns, Reaching safepoint: 109903 ns, At safepoint: 7970195 ns, Total: 8080098 ns
[3842.998s][info ][safepoint      ] Safepoint "Cleanup", Time since last: 16001081342 ns, Reaching safepoint: 41601 ns, At safepoint: 7600 ns, Total: 49201 ns
[3847.999s][info ][safepoint      ] Safepoint "Cleanup", Time since last: 5000372978 ns, Reaching safepoint: 39601 ns, At safepoint: 7300 ns, Total: 46901 ns
[3865.000s][info ][safepoint      ] Safepoint "Cleanup", Time since last: 17001064168 ns, Reaching safepoint: 51101 ns, At safepoint: 4101 ns, Total: 55202 ns
[3884.001s][info ][safepoint      ] Safepoint "Cleanup", Time since last: 19001190411 ns, Reaching safepoint: 45901 ns, At safepoint: 4100 ns, Total: 50001 ns
[3907.003s][info ][safepoint      ] Safepoint "Cleanup", Time since last: 23001537696 ns, Reaching safepoint: 47302 ns, At safepoint: 3600 ns, Total: 50902 ns
[3919.003s][info ][safepoint      ] Safepoint "Cleanup", Time since last: 12000694411 ns, Reaching safepoint: 47601 ns, At safepoint: 5900 ns, Total: 53501 ns
[3923.556s][info ][gc,start       ] GC(155) Pause Young (Allocation Failure)
[3923.564s][debug][gc,phases      ] GC(155) Scavenge 7.404ms
[3923.564s][debug][gc,ref         ] GC(155) Skipped phase 1 of Reference Processing: no references
[3923.564s][debug][gc,ref         ] GC(155) ReferenceProcessor::execute queues: 1, RefProcThreadModel::Single, marks_oops_alive: false
[3923.564s][debug][gc,ref         ] GC(155) Skipped phase 3 of Reference Processing: no references
[3923.564s][debug][gc,ref         ] GC(155) ReferenceProcessor::execute queues: 1, RefProcThreadModel::Single, marks_oops_alive: false
[3923.564s][debug][gc,phases      ] GC(155) Reference Processing 0.146ms
[3923.564s][debug][gc,phases      ] GC(155)   VM Weak                        Min:  0.0, Avg:  0.0, Max:  0.0, Diff:  0.0, Sum:  0.0, Workers: 4
[3923.564s][debug][gc,phases      ] GC(155)     Dead                           Min: 0, Avg:  0.0, Max: 0, Diff: 0, Sum: 0, Workers: 4
[3923.564s][debug][gc,phases      ] GC(155)     Total                          Min: 0, Avg: 177.8, Max: 711, Diff: 711, Sum: 711, Workers: 4
[3923.564s][debug][gc,phases      ] GC(155)   ObjectSynchronizer Weak        Min:  0.0, Avg:  0.0, Max:  0.0, Diff:  0.0, Sum:  0.0, Workers: 4
[3923.564s][debug][gc,phases      ] GC(155)     Dead                           Min: 0, Avg:  0.0, Max: 0, Diff: 0, Sum: 0, Workers: 4
[3923.564s][debug][gc,phases      ] GC(155)     Total                          Min: 0, Avg: 100.2, Max: 401, Diff: 401, Sum: 401, Workers: 4
[3923.564s][debug][gc,phases      ] GC(155)   JVMTI Tag Weak OopStorage      Min:  0.0, Avg:  0.0, Max:  0.0, Diff:  0.0, Sum:  0.0, Workers: 4
[3923.564s][debug][gc,phases      ] GC(155)     Dead                           Min: 0, Avg:  0.0, Max: 0, Diff: 0, Sum: 0, Workers: 4
[3923.564s][debug][gc,phases      ] GC(155)     Total                          Min: 0, Avg:  0.0, Max: 0, Diff: 0, Sum: 0, Workers: 4
[3923.564s][debug][gc,phases      ] GC(155)   StringTable Weak               Min:  0.1, Avg:  0.1, Max:  0.1, Diff:  0.0, Sum:  0.4, Workers: 4
[3923.564s][debug][gc,phases      ] GC(155)     Dead                           Min: 0, Avg:  0.0, Max: 0, Diff: 0, Sum: 0, Workers: 4
[3923.564s][debug][gc,phases      ] GC(155)     Total                          Min: 11456, Avg: 12144.2, Max: 12737, Diff: 1281, Sum: 48577, Workers: 4
[3923.564s][debug][gc,phases      ] GC(155)   ResolvedMethodTable Weak       Min:  0.0, Avg:  0.0, Max:  0.0, Diff:  0.0, Sum:  0.1, Workers: 4
[3923.564s][debug][gc,phases      ] GC(155)     Dead                           Min: 0, Avg:  0.0, Max: 0, Diff: 0, Sum: 0, Workers: 4
[3923.564s][debug][gc,phases      ] GC(155)     Total                          Min: 1872, Avg: 2037.0, Max: 2288, Diff: 416, Sum: 8148, Workers: 4
[3923.564s][debug][gc,phases      ] GC(155)   JNI Weak                       Min:  0.0, Avg:  0.0, Max:  0.0, Diff:  0.0, Sum:  0.0, Workers: 4
[3923.564s][debug][gc,phases      ] GC(155)     Dead                           Min: 0, Avg:  0.0, Max: 0, Diff: 0, Sum: 0, Workers: 4
[3923.564s][debug][gc,phases      ] GC(155)     Total                          Min: 0, Avg:  0.0, Max: 0, Diff: 0, Sum: 0, Workers: 4
[3923.564s][debug][gc,phases      ] GC(155)   StringDedup Table Weak         Min:  0.0, Avg:  0.0, Max:  0.0, Diff:  0.0, Sum:  0.0, Workers: 4
[3923.564s][debug][gc,phases      ] GC(155)     Dead                           Min: 0, Avg:  0.0, Max: 0, Diff: 0, Sum: 0, Workers: 4
[3923.564s][debug][gc,phases      ] GC(155)     Total                          Min: 0, Avg:  0.0, Max: 0, Diff: 0, Sum: 0, Workers: 4
[3923.564s][debug][gc,phases      ] GC(155)   StringDedup Requests0 Weak     Min:  0.0, Avg:  0.0, Max:  0.0, Diff:  0.0, Sum:  0.0, Workers: 4
[3923.564s][debug][gc,phases      ] GC(155)     Dead                           Min: 0, Avg:  0.0, Max: 0, Diff: 0, Sum: 0, Workers: 4
[3923.564s][debug][gc,phases      ] GC(155)     Total                          Min: 0, Avg:  0.0, Max: 0, Diff: 0, Sum: 0, Workers: 4
[3923.564s][debug][gc,phases      ] GC(155)   StringDedup Requests1 Weak     Min:  0.0, Avg:  0.0, Max:  0.0, Diff:  0.0, Sum:  0.0, Workers: 4
[3923.564s][debug][gc,phases      ] GC(155)     Dead                           Min: 0, Avg:  0.0, Max: 0, Diff: 0, Sum: 0, Workers: 4
[3923.564s][debug][gc,phases      ] GC(155)     Total                          Min: 0, Avg:  0.0, Max: 0, Diff: 0, Sum: 0, Workers: 4
[3923.564s][debug][gc,phases      ] GC(155)   Weak JFR Old Object Samples    Min:  0.0, Avg:  0.0, Max:  0.0, Diff:  0.0, Sum:  0.0, Workers: 4
[3923.564s][debug][gc,phases      ] GC(155)     Dead                           Min: 0, Avg:  0.0, Max: 0, Diff: 0, Sum: 0, Workers: 4
[3923.564s][debug][gc,phases      ] GC(155)     Total                          Min: 0, Avg:  0.0, Max: 0, Diff: 0, Sum: 0, Workers: 4
[3923.564s][debug][gc,phases      ] GC(155) Weak Processing 0.334ms
[3923.564s][debug][gc,age         ] GC(155) Desired survivor size 50331648 bytes, new threshold 15 (max threshold 15)
[3923.564s][info ][gc,heap        ] GC(155) PSYoungGen: 2000368K(2038272K)->18000K(2048000K) Eden: 1982976K(1982976K)->0K(1995776K) From: 17392K(55296K)->18000K(52224K)
[3923.564s][info ][gc,heap        ] GC(155) ParOldGen: 526815K(647168K)->526959K(647168K)
[3923.564s][info ][gc,metaspace   ] GC(155) Metaspace: 83684K(84608K)->83684K(84608K) NonClass: 72011K(72512K)->72011K(72512K) Class: 11672K(12096K)->11672K(12096K)
[3923.564s][info ][gc             ] GC(155) Pause Young (Allocation Failure) 2467M->532M(2632M) 8.032ms
[3923.564s][info ][gc,cpu         ] GC(155) User=0.03s Sys=0.00s Real=0.00s
[3923.564s][info ][safepoint      ] Safepoint "ParallelGCFailedAllocation", Time since last: 4552863920 ns, Reaching safepoint: 47901 ns, At safepoint: 8117699 ns, Total: 8165600 ns
[3926.565s][info ][safepoint      ] Safepoint "Cleanup", Time since last: 3000231155 ns, Reaching safepoint: 54202 ns, At safepoint: 10800 ns, Total: 65002 ns
[3931.594s][info ][safepoint      ] Safepoint "Cleanup", Time since last: 5029052695 ns, Reaching safepoint: 59502 ns, At safepoint: 5900 ns, Total: 65402 ns
[3954.595s][info ][safepoint      ] Safepoint "Cleanup", Time since last: 23001501730 ns, Reaching safepoint: 47501 ns, At safepoint: 7501 ns, Total: 55002 ns
[3955.596s][info ][safepoint      ] Safepoint "Cleanup", Time since last: 1000092819 ns, Reaching safepoint: 52802 ns, At safepoint: 9500 ns, Total: 62302 ns
[3956.596s][info ][safepoint      ] Safepoint "Cleanup", Time since last: 1000112620 ns, Reaching safepoint: 56501 ns, At safepoint: 7201 ns, Total: 63702 ns
[3959.596s][info ][safepoint      ] Safepoint "Cleanup", Time since last: 3000234858 ns, Reaching safepoint: 44601 ns, At safepoint: 7000 ns, Total: 51601 ns
[3961.596s][info ][safepoint      ] Safepoint "Cleanup", Time since last: 2000145639 ns, Reaching safepoint: 47601 ns, At safepoint: 2800 ns, Total: 50401 ns
[3988.544s][info ][safepoint      ] Safepoint "Cleanup", Time since last: 26947359397 ns, Reaching safepoint: 46501 ns, At safepoint: 4100 ns, Total: 50601 ns
[3995.544s][info ][safepoint      ] Safepoint "Cleanup", Time since last: 7000511442 ns, Reaching safepoint: 54702 ns, At safepoint: 7300 ns, Total: 62002 ns
[4012.545s][info ][safepoint      ] Safepoint "Cleanup", Time since last: 17001114248 ns, Reaching safepoint: 71902 ns, At safepoint: 6000 ns, Total: 77902 ns
[4015.159s][info ][safepoint      ] Safepoint "Cleanup", Time since last: 2613601883 ns, Reaching safepoint: 54901 ns, At safepoint: 6500 ns, Total: 61401 ns
[4016.159s][info ][safepoint      ] Safepoint "Cleanup", Time since last: 1000109622 ns, Reaching safepoint: 46001 ns, At safepoint: 3500 ns, Total: 49501 ns
[4020.624s][info ][gc,start       ] GC(156) Pause Young (Allocation Failure)
[4020.629s][debug][gc,phases      ] GC(156) Scavenge 5.065ms
[4020.629s][debug][gc,ref         ] GC(156) Skipped phase 1 of Reference Processing: no references
[4020.629s][debug][gc,ref         ] GC(156) ReferenceProcessor::execute queues: 1, RefProcThreadModel::Single, marks_oops_alive: false
[4020.629s][debug][gc,ref         ] GC(156) Skipped phase 3 of Reference Processing: no references
[4020.629s][debug][gc,ref         ] GC(156) ReferenceProcessor::execute queues: 1, RefProcThreadModel::Single, marks_oops_alive: false
[4020.629s][debug][gc,phases      ] GC(156) Reference Processing 0.134ms
[4020.630s][debug][gc,phases      ] GC(156)   VM Weak                        Min:  0.0, Avg:  0.0, Max:  0.0, Diff:  0.0, Sum:  0.0, Workers: 4
[4020.630s][debug][gc,phases      ] GC(156)     Dead                           Min: 0, Avg:  0.0, Max: 0, Diff: 0, Sum: 0, Workers: 4
[4020.630s][debug][gc,phases      ] GC(156)     Total                          Min: 0, Avg: 177.8, Max: 711, Diff: 711, Sum: 711, Workers: 4
[4020.630s][debug][gc,phases      ] GC(156)   ObjectSynchronizer Weak        Min:  0.0, Avg:  0.0, Max:  0.0, Diff:  0.0, Sum:  0.0, Workers: 4
[4020.630s][debug][gc,phases      ] GC(156)     Dead                           Min: 0, Avg:  0.0, Max: 0, Diff: 0, Sum: 0, Workers: 4
[4020.630s][debug][gc,phases      ] GC(156)     Total                          Min: 0, Avg: 100.2, Max: 384, Diff: 384, Sum: 401, Workers: 4
[4020.630s][debug][gc,phases      ] GC(156)   JVMTI Tag Weak OopStorage      Min:  0.0, Avg:  0.0, Max:  0.0, Diff:  0.0, Sum:  0.0, Workers: 4
[4020.630s][debug][gc,phases      ] GC(156)     Dead                           Min: 0, Avg:  0.0, Max: 0, Diff: 0, Sum: 0, Workers: 4
[4020.630s][debug][gc,phases      ] GC(156)     Total                          Min: 0, Avg:  0.0, Max: 0, Diff: 0, Sum: 0, Workers: 4
[4020.630s][debug][gc,phases      ] GC(156)   StringTable Weak               Min:  0.1, Avg:  0.1, Max:  0.1, Diff:  0.0, Sum:  0.4, Workers: 4
[4020.630s][debug][gc,phases      ] GC(156)     Dead                           Min: 0, Avg:  0.0, Max: 0, Diff: 0, Sum: 0, Workers: 4
[4020.630s][debug][gc,phases      ] GC(156)     Total                          Min: 11520, Avg: 12144.5, Max: 12546, Diff: 1026, Sum: 48578, Workers: 4
[4020.630s][debug][gc,phases      ] GC(156)   ResolvedMethodTable Weak       Min:  0.0, Avg:  0.0, Max:  0.0, Diff:  0.0, Sum:  0.1, Workers: 4
[4020.630s][debug][gc,phases      ] GC(156)     Dead                           Min: 0, Avg:  0.0, Max: 0, Diff: 0, Sum: 0, Workers: 4
[4020.630s][debug][gc,phases      ] GC(156)     Total                          Min: 1972, Avg: 2037.0, Max: 2167, Diff: 195, Sum: 8148, Workers: 4
[4020.630s][debug][gc,phases      ] GC(156)   JNI Weak                       Min:  0.0, Avg:  0.0, Max:  0.0, Diff:  0.0, Sum:  0.0, Workers: 4
[4020.630s][debug][gc,phases      ] GC(156)     Dead                           Min: 0, Avg:  0.0, Max: 0, Diff: 0, Sum: 0, Workers: 4
[4020.630s][debug][gc,phases      ] GC(156)     Total                          Min: 0, Avg:  0.0, Max: 0, Diff: 0, Sum: 0, Workers: 4
[4020.630s][debug][gc,phases      ] GC(156)   StringDedup Table Weak         Min:  0.0, Avg:  0.0, Max:  0.0, Diff:  0.0, Sum:  0.0, Workers: 4
[4020.630s][debug][gc,phases      ] GC(156)     Dead                           Min: 0, Avg:  0.0, Max: 0, Diff: 0, Sum: 0, Workers: 4
[4020.630s][debug][gc,phases      ] GC(156)     Total                          Min: 0, Avg:  0.0, Max: 0, Diff: 0, Sum: 0, Workers: 4
[4020.630s][debug][gc,phases      ] GC(156)   StringDedup Requests0 Weak     Min:  0.0, Avg:  0.0, Max:  0.0, Diff:  0.0, Sum:  0.0, Workers: 4
[4020.630s][debug][gc,phases      ] GC(156)     Dead                           Min: 0, Avg:  0.0, Max: 0, Diff: 0, Sum: 0, Workers: 4
[4020.630s][debug][gc,phases      ] GC(156)     Total                          Min: 0, Avg:  0.0, Max: 0, Diff: 0, Sum: 0, Workers: 4
[4020.630s][debug][gc,phases      ] GC(156)   StringDedup Requests1 Weak     Min:  0.0, Avg:  0.0, Max:  0.0, Diff:  0.0, Sum:  0.0, Workers: 4
[4020.630s][debug][gc,phases      ] GC(156)     Dead                           Min: 0, Avg:  0.0, Max: 0, Diff: 0, Sum: 0, Workers: 4
[4020.630s][debug][gc,phases      ] GC(156)     Total                          Min: 0, Avg:  0.0, Max: 0, Diff: 0, Sum: 0, Workers: 4
[4020.630s][debug][gc,phases      ] GC(156)   Weak JFR Old Object Samples    Min:  0.0, Avg:  0.0, Max:  0.0, Diff:  0.0, Sum:  0.0, Workers: 4
[4020.630s][debug][gc,phases      ] GC(156)     Dead                           Min: 0, Avg:  0.0, Max: 0, Diff: 0, Sum: 0, Workers: 4
[4020.630s][debug][gc,phases      ] GC(156)     Total                          Min: 0, Avg:  0.0, Max: 0, Diff: 0, Sum: 0, Workers: 4
[4020.630s][debug][gc,phases      ] GC(156) Weak Processing 0.318ms
[4020.630s][debug][gc,age         ] GC(156) Desired survivor size 47710208 bytes, new threshold 15 (max threshold 15)
[4020.630s][info ][gc,heap        ] GC(156) PSYoungGen: 2013776K(2048000K)->17744K(2044928K) Eden: 1995776K(1995776K)->0K(1995776K) From: 18000K(52224K)->17744K(49152K)
[4020.630s][info ][gc,heap        ] GC(156) ParOldGen: 526959K(647168K)->527035K(647168K)
[4020.630s][info ][gc,metaspace   ] GC(156) Metaspace: 83688K(84608K)->83688K(84608K) NonClass: 72015K(72512K)->72015K(72512K) Class: 11672K(12096K)->11672K(12096K)
[4020.630s][info ][gc             ] GC(156) Pause Young (Allocation Failure) 2481M->532M(2629M) 5.653ms
[4020.630s][info ][gc,cpu         ] GC(156) User=0.02s Sys=0.00s Real=0.01s
[4020.630s][info ][safepoint      ] Safepoint "ParallelGCFailedAllocation", Time since last: 4464869676 ns, Reaching safepoint: 40701 ns, At safepoint: 5737640 ns, Total: 5778341 ns
[4026.630s][info ][safepoint      ] Safepoint "Cleanup", Time since last: 6000412527 ns, Reaching safepoint: 51301 ns, At safepoint: 7200 ns, Total: 58501 ns
[4028.631s][info ][safepoint      ] Safepoint "Cleanup", Time since last: 2000174743 ns, Reaching safepoint: 51602 ns, At safepoint: 17000 ns, Total: 68602 ns
[4034.631s][info ][safepoint      ] Safepoint "Cleanup", Time since last: 6000419328 ns, Reaching safepoint: 51401 ns, At safepoint: 10400 ns, Total: 61801 ns
[4035.631s][info ][safepoint      ] Safepoint "Cleanup", Time since last: 1000114223 ns, Reaching safepoint: 54101 ns, At safepoint: 6700 ns, Total: 60801 ns
[4037.631s][info ][safepoint      ] Safepoint "Cleanup", Time since last: 2000182944 ns, Reaching safepoint: 47101 ns, At safepoint: 3500 ns, Total: 50601 ns
[4039.632s][info ][safepoint      ] Safepoint "Cleanup", Time since last: 2000177044 ns, Reaching safepoint: 33101 ns, At safepoint: 9500 ns, Total: 42601 ns
[4047.632s][info ][safepoint      ] Safepoint "Cleanup", Time since last: 8000550473 ns, Reaching safepoint: 41001 ns, At safepoint: 4700 ns, Total: 45701 ns
[4060.633s][info ][safepoint      ] Safepoint "Cleanup", Time since last: 13000850883 ns, Reaching safepoint: 50601 ns, At safepoint: 7800 ns, Total: 58401 ns
[4066.634s][info ][safepoint      ] Safepoint "Cleanup", Time since last: 6000419233 ns, Reaching safepoint: 33701 ns, At safepoint: 4900 ns, Total: 38601 ns
[4078.635s][info ][safepoint      ] Safepoint "Cleanup", Time since last: 12000794066 ns, Reaching safepoint: 59802 ns, At safepoint: 11800 ns, Total: 71602 ns
[4082.635s][info ][safepoint      ] Safepoint "Cleanup", Time since last: 4000304891 ns, Reaching safepoint: 46701 ns, At safepoint: 8100 ns, Total: 54801 ns
[4091.636s][info ][safepoint      ] Safepoint "Cleanup", Time since last: 9000667105 ns, Reaching safepoint: 52101 ns, At safepoint: 28401 ns, Total: 80502 ns
[4096.636s][info ][safepoint      ] Safepoint "Cleanup", Time since last: 5000364814 ns, Reaching safepoint: 44401 ns, At safepoint: 6400 ns, Total: 50801 ns
[4117.638s][info ][safepoint      ] Safepoint "Cleanup", Time since last: 21001375683 ns, Reaching safepoint: 123603 ns, At safepoint: 8900 ns, Total: 132503 ns
[4119.441s][info ][gc,start       ] GC(157) Pause Young (Allocation Failure)
[4119.447s][debug][gc,phases      ] GC(157) Scavenge 5.899ms
[4119.447s][debug][gc,ref         ] GC(157) Skipped phase 1 of Reference Processing: no references
[4119.448s][debug][gc,ref         ] GC(157) ReferenceProcessor::execute queues: 1, RefProcThreadModel::Single, marks_oops_alive: false
[4119.448s][debug][gc,ref         ] GC(157) Skipped phase 3 of Reference Processing: no references
[4119.448s][debug][gc,ref         ] GC(157) ReferenceProcessor::execute queues: 1, RefProcThreadModel::Single, marks_oops_alive: false
[4119.448s][debug][gc,phases      ] GC(157) Reference Processing 0.138ms
[4119.448s][debug][gc,phases      ] GC(157)   VM Weak                        Min:  0.0, Avg:  0.0, Max:  0.0, Diff:  0.0, Sum:  0.0, Workers: 4
[4119.448s][debug][gc,phases      ] GC(157)     Dead                           Min: 0, Avg:  0.0, Max: 0, Diff: 0, Sum: 0, Workers: 4
[4119.448s][debug][gc,phases      ] GC(157)     Total                          Min: 0, Avg: 177.8, Max: 384, Diff: 384, Sum: 711, Workers: 4
[4119.448s][debug][gc,phases      ] GC(157)   ObjectSynchronizer Weak        Min:  0.0, Avg:  0.0, Max:  0.0, Diff:  0.0, Sum:  0.0, Workers: 4
[4119.448s][debug][gc,phases      ] GC(157)     Dead                           Min: 0, Avg:  0.0, Max: 0, Diff: 0, Sum: 0, Workers: 4
[4119.448s][debug][gc,phases      ] GC(157)     Total                          Min: 0, Avg: 100.2, Max: 145, Diff: 145, Sum: 401, Workers: 4
[4119.448s][debug][gc,phases      ] GC(157)   JVMTI Tag Weak OopStorage      Min:  0.0, Avg:  0.0, Max:  0.0, Diff:  0.0, Sum:  0.0, Workers: 4
[4119.448s][debug][gc,phases      ] GC(157)     Dead                           Min: 0, Avg:  0.0, Max: 0, Diff: 0, Sum: 0, Workers: 4
[4119.448s][debug][gc,phases      ] GC(157)     Total                          Min: 0, Avg:  0.0, Max: 0, Diff: 0, Sum: 0, Workers: 4
[4119.448s][debug][gc,phases      ] GC(157)   StringTable Weak               Min:  0.1, Avg:  0.1, Max:  0.1, Diff:  0.0, Sum:  0.4, Workers: 4
[4119.448s][debug][gc,phases      ] GC(157)     Dead                           Min: 0, Avg:  0.0, Max: 0, Diff: 0, Sum: 0, Workers: 4
[4119.448s][debug][gc,phases      ] GC(157)     Total                          Min: 11968, Avg: 12144.5, Max: 12352, Diff: 384, Sum: 48578, Workers: 4
[4119.448s][debug][gc,phases      ] GC(157)   ResolvedMethodTable Weak       Min:  0.0, Avg:  0.0, Max:  0.0, Diff:  0.0, Sum:  0.1, Workers: 4
[4119.448s][debug][gc,phases      ] GC(157)     Dead                           Min: 0, Avg:  0.0, Max: 0, Diff: 0, Sum: 0, Workers: 4
[4119.448s][debug][gc,phases      ] GC(157)     Total                          Min: 1753, Avg: 2037.0, Max: 2224, Diff: 471, Sum: 8148, Workers: 4
[4119.448s][debug][gc,phases      ] GC(157)   JNI Weak                       Min:  0.0, Avg:  0.0, Max:  0.0, Diff:  0.0, Sum:  0.0, Workers: 4
[4119.448s][debug][gc,phases      ] GC(157)     Dead                           Min: 0, Avg:  0.0, Max: 0, Diff: 0, Sum: 0, Workers: 4
[4119.448s][debug][gc,phases      ] GC(157)     Total                          Min: 0, Avg:  0.0, Max: 0, Diff: 0, Sum: 0, Workers: 4
[4119.448s][debug][gc,phases      ] GC(157)   StringDedup Table Weak         Min:  0.0, Avg:  0.0, Max:  0.0, Diff:  0.0, Sum:  0.0, Workers: 4
[4119.448s][debug][gc,phases      ] GC(157)     Dead                           Min: 0, Avg:  0.0, Max: 0, Diff: 0, Sum: 0, Workers: 4
[4119.448s][debug][gc,phases      ] GC(157)     Total                          Min: 0, Avg:  0.0, Max: 0, Diff: 0, Sum: 0, Workers: 4
[4119.448s][debug][gc,phases      ] GC(157)   StringDedup Requests0 Weak     Min:  0.0, Avg:  0.0, Max:  0.0, Diff:  0.0, Sum:  0.0, Workers: 4
[4119.448s][debug][gc,phases      ] GC(157)     Dead                           Min: 0, Avg:  0.0, Max: 0, Diff: 0, Sum: 0, Workers: 4
[4119.448s][debug][gc,phases      ] GC(157)     Total                          Min: 0, Avg:  0.0, Max: 0, Diff: 0, Sum: 0, Workers: 4
[4119.448s][debug][gc,phases      ] GC(157)   StringDedup Requests1 Weak     Min:  0.0, Avg:  0.0, Max:  0.0, Diff:  0.0, Sum:  0.0, Workers: 4
[4119.448s][debug][gc,phases      ] GC(157)     Dead                           Min: 0, Avg:  0.0, Max: 0, Diff: 0, Sum: 0, Workers: 4
[4119.448s][debug][gc,phases      ] GC(157)     Total                          Min: 0, Avg:  0.0, Max: 0, Diff: 0, Sum: 0, Workers: 4
[4119.448s][debug][gc,phases      ] GC(157)   Weak JFR Old Object Samples    Min:  0.0, Avg:  0.0, Max:  0.0, Diff:  0.0, Sum:  0.0, Workers: 4
[4119.448s][debug][gc,phases      ] GC(157)     Dead                           Min: 0, Avg:  0.0, Max: 0, Diff: 0, Sum: 0, Workers: 4
[4119.448s][debug][gc,phases      ] GC(157)     Total                          Min: 0, Avg:  0.0, Max: 0, Diff: 0, Sum: 0, Workers: 4
[4119.448s][debug][gc,phases      ] GC(157) Weak Processing 0.355ms
[4119.448s][debug][gc,age         ] GC(157) Desired survivor size 45088768 bytes, new threshold 15 (max threshold 15)
[4119.448s][info ][gc,heap        ] GC(157) PSYoungGen: 2013520K(2044928K)->17472K(2053120K) Eden: 1995776K(1995776K)->0K(2006528K) From: 17744K(49152K)->17472K(46592K)
[4119.448s][info ][gc,heap        ] GC(157) ParOldGen: 527035K(647168K)->527163K(647168K)
[4119.448s][info ][gc,metaspace   ] GC(157) Metaspace: 83702K(84608K)->83702K(84608K) NonClass: 72029K(72512K)->72029K(72512K) Class: 11672K(12096K)->11672K(12096K)
[4119.448s][info ][gc             ] GC(157) Pause Young (Allocation Failure) 2481M->531M(2637M) 6.525ms
[4119.448s][info ][gc,cpu         ] GC(157) User=0.02s Sys=0.00s Real=0.01s
[4119.448s][info ][safepoint      ] Safepoint "ParallelGCFailedAllocation", Time since last: 1803808933 ns, Reaching safepoint: 37101 ns, At safepoint: 6636562 ns, Total: 6673663 ns
[4123.448s][info ][safepoint      ] Safepoint "Cleanup", Time since last: 4000247193 ns, Reaching safepoint: 43401 ns, At safepoint: 4600 ns, Total: 48001 ns
[4127.449s][info ][safepoint      ] Safepoint "Cleanup", Time since last: 4000307595 ns, Reaching safepoint: 53301 ns, At safepoint: 7300 ns, Total: 60601 ns
[4128.449s][info ][safepoint      ] Safepoint "Cleanup", Time since last: 1000109625 ns, Reaching safepoint: 46201 ns, At safepoint: 6800 ns, Total: 53001 ns
[4135.449s][info ][safepoint      ] Safepoint "Cleanup", Time since last: 7000497866 ns, Reaching safepoint: 42101 ns, At safepoint: 3600 ns, Total: 45701 ns
[4139.450s][info ][safepoint      ] Safepoint "Cleanup", Time since last: 4000294895 ns, Reaching safepoint: 50402 ns, At safepoint: 3300 ns, Total: 53702 ns
[4140.450s][info ][safepoint      ] Safepoint "Cleanup", Time since last: 1000119525 ns, Reaching safepoint: 46701 ns, At safepoint: 6000 ns, Total: 52701 ns
[4141.450s][info ][safepoint      ] Safepoint "Cleanup", Time since last: 1000114825 ns, Reaching safepoint: 49601 ns, At safepoint: 3600 ns, Total: 53201 ns
[4142.450s][info ][safepoint      ] Safepoint "Cleanup", Time since last: 1000120225 ns, Reaching safepoint: 46401 ns, At safepoint: 9101 ns, Total: 55502 ns
[4144.450s][info ][safepoint      ] Safepoint "Cleanup", Time since last: 2000181148 ns, Reaching safepoint: 55402 ns, At safepoint: 4100 ns, Total: 59502 ns
[4146.451s][info ][safepoint      ] Safepoint "Cleanup", Time since last: 2000167348 ns, Reaching safepoint: 50402 ns, At safepoint: 6500 ns, Total: 56902 ns
[4149.451s][info ][safepoint      ] Safepoint "Cleanup", Time since last: 3000232372 ns, Reaching safepoint: 45901 ns, At safepoint: 13001 ns, Total: 58902 ns
[4151.451s][info ][safepoint      ] Safepoint "Cleanup", Time since last: 2000170648 ns, Reaching safepoint: 41701 ns, At safepoint: 3301 ns, Total: 45002 ns
[4152.451s][info ][safepoint      ] Safepoint "Cleanup", Time since last: 1000105124 ns, Reaching safepoint: 45002 ns, At safepoint: 4100 ns, Total: 49102 ns
[4153.452s][info ][safepoint      ] Safepoint "Cleanup", Time since last: 1000110525 ns, Reaching safepoint: 48501 ns, At safepoint: 7500 ns, Total: 56001 ns
[4155.452s][info ][safepoint      ] Safepoint "Cleanup", Time since last: 2000170949 ns, Reaching safepoint: 49101 ns, At safepoint: 5000 ns, Total: 54101 ns
[4156.452s][info ][safepoint      ] Safepoint "Cleanup", Time since last: 1000114826 ns, Reaching safepoint: 48001 ns, At safepoint: 6600 ns, Total: 54601 ns
[4159.452s][info ][safepoint      ] Safepoint "Cleanup", Time since last: 3000236773 ns, Reaching safepoint: 55901 ns, At safepoint: 3301 ns, Total: 59202 ns
[4165.453s][info ][safepoint      ] Safepoint "Cleanup", Time since last: 6000423045 ns, Reaching safepoint: 48301 ns, At safepoint: 12401 ns, Total: 60702 ns
[4167.453s][info ][safepoint      ] Safepoint "Cleanup", Time since last: 2000169249 ns, Reaching safepoint: 42901 ns, At safepoint: 3200 ns, Total: 46101 ns
[4172.453s][info ][safepoint      ] Safepoint "Cleanup", Time since last: 5000397423 ns, Reaching safepoint: 88803 ns, At safepoint: 10300 ns, Total: 99103 ns
[4173.454s][info ][safepoint      ] Safepoint "Cleanup", Time since last: 1000113225 ns, Reaching safepoint: 52002 ns, At safepoint: 11700 ns, Total: 63702 ns
[4174.454s][info ][safepoint      ] Safepoint "Cleanup", Time since last: 1000113825 ns, Reaching safepoint: 62202 ns, At safepoint: 6300 ns, Total: 68502 ns
[4175.454s][info ][safepoint      ] Safepoint "Cleanup", Time since last: 1000115226 ns, Reaching safepoint: 59301 ns, At safepoint: 7600 ns, Total: 66901 ns
[4177.138s][info ][gc,start       ] GC(158) Pause Young (Allocation Failure)
[4177.148s][debug][gc,phases      ] GC(158) Scavenge 9.823ms
[4177.148s][debug][gc,ref         ] GC(158) Skipped phase 1 of Reference Processing: no references
[4177.148s][debug][gc,ref         ] GC(158) ReferenceProcessor::execute queues: 1, RefProcThreadModel::Single, marks_oops_alive: false
[4177.148s][debug][gc,ref         ] GC(158) Skipped phase 3 of Reference Processing: no references
[4177.148s][debug][gc,ref         ] GC(158) ReferenceProcessor::execute queues: 1, RefProcThreadModel::Single, marks_oops_alive: false
[4177.148s][debug][gc,phases      ] GC(158) Reference Processing 0.153ms
[4177.148s][debug][gc,phases      ] GC(158)   VM Weak                        Min:  0.0, Avg:  0.0, Max:  0.0, Diff:  0.0, Sum:  0.0, Workers: 4
[4177.148s][debug][gc,phases      ] GC(158)     Dead                           Min: 0, Avg:  0.0, Max: 0, Diff: 0, Sum: 0, Workers: 4
[4177.148s][debug][gc,phases      ] GC(158)     Total                          Min: 0, Avg: 177.8, Max: 391, Diff: 391, Sum: 711, Workers: 4
[4177.148s][debug][gc,phases      ] GC(158)   ObjectSynchronizer Weak        Min:  0.0, Avg:  0.0, Max:  0.0, Diff:  0.0, Sum:  0.0, Workers: 4
[4177.148s][debug][gc,phases      ] GC(158)     Dead                           Min: 0, Avg:  0.0, Max: 0, Diff: 0, Sum: 0, Workers: 4
[4177.148s][debug][gc,phases      ] GC(158)     Total                          Min: 0, Avg: 100.2, Max: 256, Diff: 256, Sum: 401, Workers: 4
[4177.148s][debug][gc,phases      ] GC(158)   JVMTI Tag Weak OopStorage      Min:  0.0, Avg:  0.0, Max:  0.0, Diff:  0.0, Sum:  0.0, Workers: 4
[4177.148s][debug][gc,phases      ] GC(158)     Dead                           Min: 0, Avg:  0.0, Max: 0, Diff: 0, Sum: 0, Workers: 4
[4177.148s][debug][gc,phases      ] GC(158)     Total                          Min: 0, Avg:  0.0, Max: 0, Diff: 0, Sum: 0, Workers: 4
[4177.148s][debug][gc,phases      ] GC(158)   StringTable Weak               Min:  0.1, Avg:  0.1, Max:  0.1, Diff:  0.0, Sum:  0.5, Workers: 4
[4177.148s][debug][gc,phases      ] GC(158)     Dead                           Min: 0, Avg:  0.0, Max: 0, Diff: 0, Sum: 0, Workers: 4
[4177.148s][debug][gc,phases      ] GC(158)     Total                          Min: 11076, Avg: 12145.0, Max: 13056, Diff: 1980, Sum: 48580, Workers: 4
[4177.148s][debug][gc,phases      ] GC(158)   ResolvedMethodTable Weak       Min:  0.0, Avg:  0.0, Max:  0.0, Diff:  0.0, Sum:  0.1, Workers: 4
[4177.148s][debug][gc,phases      ] GC(158)     Dead                           Min: 0, Avg:  0.0, Max: 0, Diff: 0, Sum: 0, Workers: 4
[4177.148s][debug][gc,phases      ] GC(158)     Total                          Min: 1847, Avg: 2037.0, Max: 2288, Diff: 441, Sum: 8148, Workers: 4
[4177.148s][debug][gc,phases      ] GC(158)   JNI Weak                       Min:  0.0, Avg:  0.0, Max:  0.0, Diff:  0.0, Sum:  0.0, Workers: 4
[4177.148s][debug][gc,phases      ] GC(158)     Dead                           Min: 0, Avg:  0.0, Max: 0, Diff: 0, Sum: 0, Workers: 4
[4177.148s][debug][gc,phases      ] GC(158)     Total                          Min: 0, Avg:  0.0, Max: 0, Diff: 0, Sum: 0, Workers: 4
[4177.148s][debug][gc,phases      ] GC(158)   StringDedup Table Weak         Min:  0.0, Avg:  0.0, Max:  0.0, Diff:  0.0, Sum:  0.0, Workers: 4
[4177.148s][debug][gc,phases      ] GC(158)     Dead                           Min: 0, Avg:  0.0, Max: 0, Diff: 0, Sum: 0, Workers: 4
[4177.148s][debug][gc,phases      ] GC(158)     Total                          Min: 0, Avg:  0.0, Max: 0, Diff: 0, Sum: 0, Workers: 4
[4177.148s][debug][gc,phases      ] GC(158)   StringDedup Requests0 Weak     Min:  0.0, Avg:  0.0, Max:  0.0, Diff:  0.0, Sum:  0.0, Workers: 4
[4177.148s][debug][gc,phases      ] GC(158)     Dead                           Min: 0, Avg:  0.0, Max: 0, Diff: 0, Sum: 0, Workers: 4
[4177.148s][debug][gc,phases      ] GC(158)     Total                          Min: 0, Avg:  0.0, Max: 0, Diff: 0, Sum: 0, Workers: 4
[4177.148s][debug][gc,phases      ] GC(158)   StringDedup Requests1 Weak     Min:  0.0, Avg:  0.0, Max:  0.0, Diff:  0.0, Sum:  0.0, Workers: 4
[4177.148s][debug][gc,phases      ] GC(158)     Dead                           Min: 0, Avg:  0.0, Max: 0, Diff: 0, Sum: 0, Workers: 4
[4177.148s][debug][gc,phases      ] GC(158)     Total                          Min: 0, Avg:  0.0, Max: 0, Diff: 0, Sum: 0, Workers: 4
[4177.148s][debug][gc,phases      ] GC(158)   Weak JFR Old Object Samples    Min:  0.0, Avg:  0.0, Max:  0.0, Diff:  0.0, Sum:  0.0, Workers: 4
[4177.148s][debug][gc,phases      ] GC(158)     Dead                           Min: 0, Avg:  0.0, Max: 0, Diff: 0, Sum: 0, Workers: 4
[4177.148s][debug][gc,phases      ] GC(158)     Total                          Min: 0, Avg:  0.0, Max: 0, Diff: 0, Sum: 0, Workers: 4
[4177.148s][debug][gc,phases      ] GC(158) Weak Processing 0.326ms
[4177.148s][debug][gc,age         ] GC(158) Desired survivor size 49807360 bytes, new threshold 15 (max threshold 15)
[4177.148s][info ][gc,heap        ] GC(158) PSYoungGen: 2024000K(2053120K)->36736K(2043392K) Eden: 2006528K(2006528K)->0K(2006528K) From: 17472K(46592K)->36736K(36864K)
[4177.148s][info ][gc,heap        ] GC(158) ParOldGen: 527163K(647168K)->527211K(647168K)
[4177.148s][info ][gc,metaspace   ] GC(158) Metaspace: 83724K(84608K)->83724K(84608K) NonClass: 72051K(72512K)->72051K(72512K) Class: 11672K(12096K)->11672K(12096K)
[4177.148s][info ][gc             ] GC(158) Pause Young (Allocation Failure) 2491M->550M(2627M) 10.445ms
[4177.148s][info ][gc,cpu         ] GC(158) User=0.04s Sys=0.00s Real=0.01s
[4177.148s][info ][safepoint      ] Safepoint "ParallelGCFailedAllocation", Time since last: 1683897894 ns, Reaching safepoint: 57702 ns, At safepoint: 10531958 ns, Total: 10589660 ns
[4178.149s][info ][safepoint      ] Safepoint "Cleanup", Time since last: 1000082725 ns, Reaching safepoint: 46801 ns, At safepoint: 4500 ns, Total: 51301 ns
[4179.149s][info ][safepoint      ] Safepoint "Cleanup", Time since last: 1000108626 ns, Reaching safepoint: 64901 ns, At safepoint: 10501 ns, Total: 75402 ns
[4181.149s][info ][safepoint      ] Safepoint "Cleanup", Time since last: 2000170949 ns, Reaching safepoint: 49602 ns, At safepoint: 6200 ns, Total: 55802 ns
[4183.149s][info ][safepoint      ] Safepoint "Cleanup", Time since last: 2000168150 ns, Reaching safepoint: 49901 ns, At safepoint: 6700 ns, Total: 56601 ns
[4185.149s][info ][safepoint      ] Safepoint "Cleanup", Time since last: 2000170750 ns, Reaching safepoint: 40601 ns, At safepoint: 3100 ns, Total: 43701 ns
[4187.150s][info ][safepoint      ] Safepoint "Cleanup", Time since last: 2000131550 ns, Reaching safepoint: 45101 ns, At safepoint: 4700 ns, Total: 49801 ns
[4188.150s][info ][safepoint      ] Safepoint "Cleanup", Time since last: 1000107626 ns, Reaching safepoint: 48001 ns, At safepoint: 4700 ns, Total: 52701 ns
[4189.150s][info ][safepoint      ] Safepoint "Cleanup", Time since last: 1000099625 ns, Reaching safepoint: 53602 ns, At safepoint: 10300 ns, Total: 63902 ns
[4190.150s][info ][safepoint      ] Safepoint "Cleanup", Time since last: 1000100825 ns, Reaching safepoint: 43801 ns, At safepoint: 3401 ns, Total: 47202 ns
[4191.150s][info ][safepoint      ] Safepoint "Cleanup", Time since last: 1000115025 ns, Reaching safepoint: 41902 ns, At safepoint: 3600 ns, Total: 45502 ns
[4193.150s][info ][safepoint      ] Safepoint "Cleanup", Time since last: 2000167750 ns, Reaching safepoint: 40501 ns, At safepoint: 3600 ns, Total: 44101 ns
[4194.151s][info ][safepoint      ] Safepoint "Cleanup", Time since last: 1000118226 ns, Reaching safepoint: 125503 ns, At safepoint: 12200 ns, Total: 137703 ns
[4195.151s][info ][safepoint      ] Safepoint "Cleanup", Time since last: 1000059825 ns, Reaching safepoint: 45501 ns, At safepoint: 8200 ns, Total: 53701 ns
[4196.151s][info ][safepoint      ] Safepoint "Cleanup", Time since last: 1000060325 ns, Reaching safepoint: 39701 ns, At safepoint: 9700 ns, Total: 49401 ns
[4198.151s][info ][safepoint      ] Safepoint "Cleanup", Time since last: 2000123250 ns, Reaching safepoint: 41101 ns, At safepoint: 4100 ns, Total: 45201 ns
[4202.151s][info ][safepoint      ] Safepoint "Cleanup", Time since last: 4000303700 ns, Reaching safepoint: 49202 ns, At safepoint: 6400 ns, Total: 55602 ns
[4203.152s][info ][safepoint      ] Safepoint "Cleanup", Time since last: 1000125226 ns, Reaching safepoint: 28101 ns, At safepoint: 4400 ns, Total: 32501 ns
[4205.152s][info ][safepoint      ] Safepoint "Cleanup", Time since last: 2000176151 ns, Reaching safepoint: 46001 ns, At safepoint: 3600 ns, Total: 49601 ns
[4207.152s][info ][safepoint      ] Safepoint "Cleanup", Time since last: 2000173651 ns, Reaching safepoint: 45001 ns, At safepoint: 3600 ns, Total: 48601 ns
[4209.152s][info ][safepoint      ] Safepoint "Cleanup", Time since last: 2000161051 ns, Reaching safepoint: 42701 ns, At safepoint: 2900 ns, Total: 45601 ns
[4210.152s][info ][safepoint      ] Safepoint "Cleanup", Time since last: 1000111226 ns, Reaching safepoint: 46201 ns, At safepoint: 4301 ns, Total: 50502 ns
[4213.153s][info ][safepoint      ] Safepoint "Cleanup", Time since last: 3000230876 ns, Reaching safepoint: 43201 ns, At safepoint: 3100 ns, Total: 46301 ns
[4216.153s][info ][safepoint      ] Safepoint "Cleanup", Time since last: 3000219576 ns, Reaching safepoint: 45901 ns, At safepoint: 4900 ns, Total: 50801 ns
[4217.153s][info ][safepoint      ] Safepoint "Cleanup", Time since last: 1000126927 ns, Reaching safepoint: 51901 ns, At safepoint: 3500 ns, Total: 55401 ns
[4220.153s][info ][safepoint      ] Safepoint "Cleanup", Time since last: 3000159775 ns, Reaching safepoint: 55201 ns, At safepoint: 4500 ns, Total: 59701 ns
[4221.154s][info ][safepoint      ] Safepoint "Cleanup", Time since last: 1000108926 ns, Reaching safepoint: 46402 ns, At safepoint: 6400 ns, Total: 52802 ns
[4224.154s][info ][safepoint      ] Safepoint "Cleanup", Time since last: 3000254577 ns, Reaching safepoint: 44001 ns, At safepoint: 8600 ns, Total: 52601 ns
[4226.154s][info ][safepoint      ] Safepoint "Cleanup", Time since last: 2000161152 ns, Reaching safepoint: 43501 ns, At safepoint: 9600 ns, Total: 53101 ns
[4231.155s][info ][safepoint      ] Safepoint "Cleanup", Time since last: 5000377828 ns, Reaching safepoint: 44301 ns, At safepoint: 5400 ns, Total: 49701 ns
[4234.155s][info ][safepoint      ] Safepoint "Cleanup", Time since last: 3000228878 ns, Reaching safepoint: 46501 ns, At safepoint: 4600 ns, Total: 51101 ns
[4235.155s][info ][safepoint      ] Safepoint "Cleanup", Time since last: 1000101826 ns, Reaching safepoint: 46901 ns, At safepoint: 5900 ns, Total: 52801 ns
[4240.155s][info ][safepoint      ] Safepoint "Cleanup", Time since last: 5000373829 ns, Reaching safepoint: 54002 ns, At safepoint: 4000 ns, Total: 58002 ns
[4242.156s][info ][safepoint      ] Safepoint "Cleanup", Time since last: 2000196752 ns, Reaching safepoint: 60302 ns, At safepoint: 36901 ns, Total: 97203 ns
[4245.156s][info ][safepoint      ] Safepoint "Cleanup", Time since last: 3000246578 ns, Reaching safepoint: 53801 ns, At safepoint: 6400 ns, Total: 60201 ns
[4246.156s][info ][safepoint      ] Safepoint "Cleanup", Time since last: 1000114827 ns, Reaching safepoint: 45301 ns, At safepoint: 3301 ns, Total: 48602 ns
[4248.156s][info ][safepoint      ] Safepoint "Cleanup", Time since last: 2000188952 ns, Reaching safepoint: 68102 ns, At safepoint: 5500 ns, Total: 73602 ns
[4249.157s][info ][safepoint      ] Safepoint "Cleanup", Time since last: 1000107727 ns, Reaching safepoint: 35401 ns, At safepoint: 4200 ns, Total: 39601 ns
[4253.091s][info ][gc,start       ] GC(159) Pause Young (Allocation Failure)
[4253.101s][debug][gc,phases      ] GC(159) Scavenge 9.419ms
[4253.101s][debug][gc,ref         ] GC(159) Skipped phase 1 of Reference Processing: no references
[4253.101s][debug][gc,ref         ] GC(159) ReferenceProcessor::execute queues: 1, RefProcThreadModel::Single, marks_oops_alive: false
[4253.101s][debug][gc,ref         ] GC(159) Skipped phase 3 of Reference Processing: no references
[4253.101s][debug][gc,ref         ] GC(159) ReferenceProcessor::execute queues: 1, RefProcThreadModel::Single, marks_oops_alive: false
[4253.101s][debug][gc,phases      ] GC(159) Reference Processing 0.141ms
[4253.101s][debug][gc,phases      ] GC(159)   VM Weak                        Min:  0.0, Avg:  0.0, Max:  0.0, Diff:  0.0, Sum:  0.0, Workers: 4
[4253.101s][debug][gc,phases      ] GC(159)     Dead                           Min: 0, Avg:  0.0, Max: 0, Diff: 0, Sum: 0, Workers: 4
[4253.101s][debug][gc,phases      ] GC(159)     Total                          Min: 0, Avg: 177.8, Max: 448, Diff: 448, Sum: 711, Workers: 4
[4253.101s][debug][gc,phases      ] GC(159)   ObjectSynchronizer Weak        Min:  0.0, Avg:  0.0, Max:  0.0, Diff:  0.0, Sum:  0.0, Workers: 4
[4253.101s][debug][gc,phases      ] GC(159)     Dead                           Min: 0, Avg:  0.0, Max: 0, Diff: 0, Sum: 0, Workers: 4
[4253.101s][debug][gc,phases      ] GC(159)     Total                          Min: 0, Avg: 100.5, Max: 192, Diff: 192, Sum: 402, Workers: 4
[4253.101s][debug][gc,phases      ] GC(159)   JVMTI Tag Weak OopStorage      Min:  0.0, Avg:  0.0, Max:  0.0, Diff:  0.0, Sum:  0.0, Workers: 4
[4253.101s][debug][gc,phases      ] GC(159)     Dead                           Min: 0, Avg:  0.0, Max: 0, Diff: 0, Sum: 0, Workers: 4
[4253.101s][debug][gc,phases      ] GC(159)     Total                          Min: 0, Avg:  0.0, Max: 0, Diff: 0, Sum: 0, Workers: 4
[4253.101s][debug][gc,phases      ] GC(159)   StringTable Weak               Min:  0.1, Avg:  0.1, Max:  0.1, Diff:  0.0, Sum:  0.4, Workers: 4
[4253.101s][debug][gc,phases      ] GC(159)     Dead                           Min: 0, Avg:  0.0, Max: 0, Diff: 0, Sum: 0, Workers: 4
[4253.101s][debug][gc,phases      ] GC(159)     Total                          Min: 11456, Avg: 12149.8, Max: 13271, Diff: 1815, Sum: 48599, Workers: 4
[4253.101s][debug][gc,phases      ] GC(159)   ResolvedMethodTable Weak       Min:  0.0, Avg:  0.0, Max:  0.0, Diff:  0.0, Sum:  0.1, Workers: 4
[4253.101s][debug][gc,phases      ] GC(159)     Dead                           Min: 0, Avg:  0.0, Max: 0, Diff: 0, Sum: 0, Workers: 4
[4253.101s][debug][gc,phases      ] GC(159)     Total                          Min: 1789, Avg: 2037.5, Max: 2252, Diff: 463, Sum: 8150, Workers: 4
[4253.101s][debug][gc,phases      ] GC(159)   JNI Weak                       Min:  0.0, Avg:  0.0, Max:  0.0, Diff:  0.0, Sum:  0.0, Workers: 4
[4253.101s][debug][gc,phases      ] GC(159)     Dead                           Min: 0, Avg:  0.0, Max: 0, Diff: 0, Sum: 0, Workers: 4
[4253.101s][debug][gc,phases      ] GC(159)     Total                          Min: 0, Avg:  0.0, Max: 0, Diff: 0, Sum: 0, Workers: 4
[4253.101s][debug][gc,phases      ] GC(159)   StringDedup Table Weak         Min:  0.0, Avg:  0.0, Max:  0.0, Diff:  0.0, Sum:  0.0, Workers: 4
[4253.101s][debug][gc,phases      ] GC(159)     Dead                           Min: 0, Avg:  0.0, Max: 0, Diff: 0, Sum: 0, Workers: 4
[4253.101s][debug][gc,phases      ] GC(159)     Total                          Min: 0, Avg:  0.0, Max: 0, Diff: 0, Sum: 0, Workers: 4
[4253.101s][debug][gc,phases      ] GC(159)   StringDedup Requests0 Weak     Min:  0.0, Avg:  0.0, Max:  0.0, Diff:  0.0, Sum:  0.0, Workers: 4
[4253.101s][debug][gc,phases      ] GC(159)     Dead                           Min: 0, Avg:  0.0, Max: 0, Diff: 0, Sum: 0, Workers: 4
[4253.101s][debug][gc,phases      ] GC(159)     Total                          Min: 0, Avg:  0.0, Max: 0, Diff: 0, Sum: 0, Workers: 4
[4253.101s][debug][gc,phases      ] GC(159)   StringDedup Requests1 Weak     Min:  0.0, Avg:  0.0, Max:  0.0, Diff:  0.0, Sum:  0.0, Workers: 4
[4253.101s][debug][gc,phases      ] GC(159)     Dead                           Min: 0, Avg:  0.0, Max: 0, Diff: 0, Sum: 0, Workers: 4
[4253.101s][debug][gc,phases      ] GC(159)     Total                          Min: 0, Avg:  0.0, Max: 0, Diff: 0, Sum: 0, Workers: 4
[4253.101s][debug][gc,phases      ] GC(159)   Weak JFR Old Object Samples    Min:  0.0, Avg:  0.0, Max:  0.0, Diff:  0.0, Sum:  0.0, Workers: 4
[4253.101s][debug][gc,phases      ] GC(159)     Dead                           Min: 0, Avg:  0.0, Max: 0, Diff: 0, Sum: 0, Workers: 4
[4253.101s][debug][gc,phases      ] GC(159)     Total                          Min: 0, Avg:  0.0, Max: 0, Diff: 0, Sum: 0, Workers: 4
[4253.101s][debug][gc,phases      ] GC(159) Weak Processing 0.312ms
[4253.101s][debug][gc,age         ] GC(159) Desired survivor size 54001664 bytes, new threshold 15 (max threshold 15)
[4253.101s][info ][gc,heap        ] GC(159) PSYoungGen: 2043264K(2043392K)->37168K(2040320K) Eden: 2006528K(2006528K)->0K(1991680K) From: 36736K(36864K)->37168K(48640K)
[4253.101s][info ][gc,heap        ] GC(159) ParOldGen: 527211K(647168K)->527259K(647168K)
[4253.101s][info ][gc,metaspace   ] GC(159) Metaspace: 83766K(84672K)->83766K(84672K) NonClass: 72092K(72576K)->72092K(72576K) Class: 11674K(12096K)->11674K(12096K)
[4253.101s][info ][gc             ] GC(159) Pause Young (Allocation Failure) 2510M->551M(2624M) 10.015ms
[4253.101s][info ][gc,cpu         ] GC(159) User=0.03s Sys=0.00s Real=0.01s
[4253.101s][info ][safepoint      ] Safepoint "ParallelGCFailedAllocation", Time since last: 3934493790 ns, Reaching safepoint: 96602 ns, At safepoint: 10098848 ns, Total: 10195450 ns
[4257.102s][info ][safepoint      ] Safepoint "Cleanup", Time since last: 4000271204 ns, Reaching safepoint: 119403 ns, At safepoint: 10900 ns, Total: 130303 ns
[4259.102s][info ][safepoint      ] Safepoint "Cleanup", Time since last: 2000173553 ns, Reaching safepoint: 51301 ns, At safepoint: 6700 ns, Total: 58001 ns
[4262.102s][info ][safepoint      ] Safepoint "Cleanup", Time since last: 3000251579 ns, Reaching safepoint: 57702 ns, At safepoint: 8500 ns, Total: 66202 ns
[4263.102s][info ][safepoint      ] Safepoint "Cleanup", Time since last: 1000124927 ns, Reaching safepoint: 44801 ns, At safepoint: 8601 ns, Total: 53402 ns
[4265.103s][info ][safepoint      ] Safepoint "Cleanup", Time since last: 2000133952 ns, Reaching safepoint: 54201 ns, At safepoint: 6100 ns, Total: 60301 ns
[4268.103s][info ][safepoint      ] Safepoint "Cleanup", Time since last: 3000223579 ns, Reaching safepoint: 57701 ns, At safepoint: 4200 ns, Total: 61901 ns
[4269.103s][info ][safepoint      ] Safepoint "Cleanup", Time since last: 1000115928 ns, Reaching safepoint: 34100 ns, At safepoint: 5001 ns, Total: 39101 ns
[4271.103s][info ][safepoint      ] Safepoint "Cleanup", Time since last: 2000178153 ns, Reaching safepoint: 69602 ns, At safepoint: 8600 ns, Total: 78202 ns
[4272.103s][info ][safepoint      ] Safepoint "Cleanup", Time since last: 1000110127 ns, Reaching safepoint: 49001 ns, At safepoint: 10800 ns, Total: 59801 ns
[4275.104s][info ][safepoint      ] Safepoint "Cleanup", Time since last: 3000257780 ns, Reaching safepoint: 59002 ns, At safepoint: 8700 ns, Total: 67702 ns
[4277.104s][info ][safepoint      ] Safepoint "Cleanup", Time since last: 2000173253 ns, Reaching safepoint: 42801 ns, At safepoint: 4001 ns, Total: 46802 ns
[4278.104s][info ][safepoint      ] Safepoint "Cleanup", Time since last: 1000107827 ns, Reaching safepoint: 31901 ns, At safepoint: 4600 ns, Total: 36501 ns
[4283.105s][info ][safepoint      ] Safepoint "Cleanup", Time since last: 5000378232 ns, Reaching safepoint: 52001 ns, At safepoint: 9801 ns, Total: 61802 ns
[4289.105s][info ][safepoint      ] Safepoint "Cleanup", Time since last: 6000433859 ns, Reaching safepoint: 48801 ns, At safepoint: 3900 ns, Total: 52701 ns
[4290.105s][info ][safepoint      ] Safepoint "Cleanup", Time since last: 1000112227 ns, Reaching safepoint: 44002 ns, At safepoint: 3100 ns, Total: 47102 ns
[4294.106s][info ][safepoint      ] Safepoint "Cleanup", Time since last: 4000288406 ns, Reaching safepoint: 50001 ns, At safepoint: 8200 ns, Total: 58201 ns
[4297.106s][info ][safepoint      ] Safepoint "Cleanup", Time since last: 3000246481 ns, Reaching safepoint: 46101 ns, At safepoint: 6200 ns, Total: 52301 ns
[4301.106s][info ][safepoint      ] Safepoint "Cleanup", Time since last: 4000261806 ns, Reaching safepoint: 52002 ns, At safepoint: 3800 ns, Total: 55802 ns
[4304.106s][info ][safepoint      ] Safepoint "Cleanup", Time since last: 3000204080 ns, Reaching safepoint: 57101 ns, At safepoint: 36601 ns, Total: 93702 ns
[4307.107s][info ][safepoint      ] Safepoint "Cleanup", Time since last: 3000222281 ns, Reaching safepoint: 54201 ns, At safepoint: 7700 ns, Total: 61901 ns
[4307.245s][info ][gc,start       ] GC(160) Pause Young (Allocation Failure)
[4307.260s][debug][gc,phases      ] GC(160) Scavenge 15.370ms
[4307.261s][debug][gc,ref         ] GC(160) Skipped phase 1 of Reference Processing: no references
[4307.261s][debug][gc,ref         ] GC(160) ReferenceProcessor::execute queues: 1, RefProcThreadModel::Single, marks_oops_alive: false
[4307.261s][debug][gc,ref         ] GC(160) Skipped phase 3 of Reference Processing: no references
[4307.261s][debug][gc,ref         ] GC(160) ReferenceProcessor::execute queues: 1, RefProcThreadModel::Single, marks_oops_alive: false
[4307.261s][debug][gc,phases      ] GC(160) Reference Processing 0.158ms
[4307.261s][debug][gc,phases      ] GC(160)   VM Weak                        Min:  0.0, Avg:  0.0, Max:  0.0, Diff:  0.0, Sum:  0.0, Workers: 4
[4307.261s][debug][gc,phases      ] GC(160)     Dead                           Min: 0, Avg:  0.0, Max: 0, Diff: 0, Sum: 0, Workers: 4
[4307.261s][debug][gc,phases      ] GC(160)     Total                          Min: 0, Avg: 177.8, Max: 647, Diff: 647, Sum: 711, Workers: 4
[4307.261s][debug][gc,phases      ] GC(160)   ObjectSynchronizer Weak        Min:  0.0, Avg:  0.0, Max:  0.0, Diff:  0.0, Sum:  0.0, Workers: 4
[4307.261s][debug][gc,phases      ] GC(160)     Dead                           Min: 0, Avg:  0.0, Max: 0, Diff: 0, Sum: 0, Workers: 4
[4307.261s][debug][gc,phases      ] GC(160)     Total                          Min: 0, Avg: 100.5, Max: 192, Diff: 192, Sum: 402, Workers: 4
[4307.261s][debug][gc,phases      ] GC(160)   JVMTI Tag Weak OopStorage      Min:  0.0, Avg:  0.0, Max:  0.0, Diff:  0.0, Sum:  0.0, Workers: 4
[4307.261s][debug][gc,phases      ] GC(160)     Dead                           Min: 0, Avg:  0.0, Max: 0, Diff: 0, Sum: 0, Workers: 4
[4307.261s][debug][gc,phases      ] GC(160)     Total                          Min: 0, Avg:  0.0, Max: 0, Diff: 0, Sum: 0, Workers: 4
[4307.261s][debug][gc,phases      ] GC(160)   StringTable Weak               Min:  0.1, Avg:  0.1, Max:  0.1, Diff:  0.0, Sum:  0.4, Workers: 4
[4307.261s][debug][gc,phases      ] GC(160)     Dead                           Min: 0, Avg:  0.0, Max: 0, Diff: 0, Sum: 0, Workers: 4
[4307.261s][debug][gc,phases      ] GC(160)     Total                          Min: 11136, Avg: 12150.0, Max: 12928, Diff: 1792, Sum: 48600, Workers: 4
[4307.261s][debug][gc,phases      ] GC(160)   ResolvedMethodTable Weak       Min:  0.0, Avg:  0.0, Max:  0.0, Diff:  0.0, Sum:  0.1, Workers: 4
[4307.261s][debug][gc,phases      ] GC(160)     Dead                           Min: 0, Avg:  0.0, Max: 0, Diff: 0, Sum: 0, Workers: 4
[4307.261s][debug][gc,phases      ] GC(160)     Total                          Min: 1661, Avg: 2037.5, Max: 2288, Diff: 627, Sum: 8150, Workers: 4
[4307.261s][debug][gc,phases      ] GC(160)   JNI Weak                       Min:  0.0, Avg:  0.0, Max:  0.0, Diff:  0.0, Sum:  0.0, Workers: 4
[4307.261s][debug][gc,phases      ] GC(160)     Dead                           Min: 0, Avg:  0.0, Max: 0, Diff: 0, Sum: 0, Workers: 4
[4307.261s][debug][gc,phases      ] GC(160)     Total                          Min: 0, Avg:  0.0, Max: 0, Diff: 0, Sum: 0, Workers: 4
[4307.261s][debug][gc,phases      ] GC(160)   StringDedup Table Weak         Min:  0.0, Avg:  0.0, Max:  0.0, Diff:  0.0, Sum:  0.0, Workers: 4
[4307.261s][debug][gc,phases      ] GC(160)     Dead                           Min: 0, Avg:  0.0, Max: 0, Diff: 0, Sum: 0, Workers: 4
[4307.261s][debug][gc,phases      ] GC(160)     Total                          Min: 0, Avg:  0.0, Max: 0, Diff: 0, Sum: 0, Workers: 4
[4307.261s][debug][gc,phases      ] GC(160)   StringDedup Requests0 Weak     Min:  0.0, Avg:  0.0, Max:  0.0, Diff:  0.0, Sum:  0.0, Workers: 4
[4307.261s][debug][gc,phases      ] GC(160)     Dead                           Min: 0, Avg:  0.0, Max: 0, Diff: 0, Sum: 0, Workers: 4
[4307.261s][debug][gc,phases      ] GC(160)     Total                          Min: 0, Avg:  0.0, Max: 0, Diff: 0, Sum: 0, Workers: 4
[4307.261s][debug][gc,phases      ] GC(160)   StringDedup Requests1 Weak     Min:  0.0, Avg:  0.0, Max:  0.0, Diff:  0.0, Sum:  0.0, Workers: 4
[4307.261s][debug][gc,phases      ] GC(160)     Dead                           Min: 0, Avg:  0.0, Max: 0, Diff: 0, Sum: 0, Workers: 4
[4307.261s][debug][gc,phases      ] GC(160)     Total                          Min: 0, Avg:  0.0, Max: 0, Diff: 0, Sum: 0, Workers: 4
[4307.261s][debug][gc,phases      ] GC(160)   Weak JFR Old Object Samples    Min:  0.0, Avg:  0.0, Max:  0.0, Diff:  0.0, Sum:  0.0, Workers: 4
[4307.261s][debug][gc,phases      ] GC(160)     Dead                           Min: 0, Avg:  0.0, Max: 0, Diff: 0, Sum: 0, Workers: 4
[4307.261s][debug][gc,phases      ] GC(160)     Total                          Min: 0, Avg:  0.0, Max: 0, Diff: 0, Sum: 0, Workers: 4
[4307.261s][debug][gc,phases      ] GC(160) Weak Processing 0.345ms
[4307.261s][debug][gc,age         ] GC(160) Desired survivor size 66060288 bytes, new threshold 14 (max threshold 15)
[4307.261s][info ][gc,heap        ] GC(160) PSYoungGen: 2028848K(2040320K)->52704K(2044416K) Eden: 1991680K(1991680K)->0K(1991680K) From: 37168K(48640K)->52704K(52736K)
[4307.261s][info ][gc,heap        ] GC(160) ParOldGen: 527259K(647168K)->535287K(647168K)
[4307.261s][info ][gc,metaspace   ] GC(160) Metaspace: 83809K(84672K)->83809K(84672K) NonClass: 72134K(72576K)->72134K(72576K) Class: 11675K(12096K)->11675K(12096K)
[4307.261s][info ][gc             ] GC(160) Pause Young (Allocation Failure) 2496M->574M(2628M) 15.992ms
[4307.261s][info ][gc,cpu         ] GC(160) User=0.06s Sys=0.00s Real=0.02s
[4307.261s][info ][safepoint      ] Safepoint "ParallelGCFailedAllocation", Time since last: 138178589 ns, Reaching safepoint: 92402 ns, At safepoint: 16071394 ns, Total: 16163796 ns
[4308.261s][info ][safepoint      ] Safepoint "Cleanup", Time since last: 1000038726 ns, Reaching safepoint: 57102 ns, At safepoint: 6500 ns, Total: 63602 ns
[4309.261s][info ][safepoint      ] Safepoint "Cleanup", Time since last: 1000107328 ns, Reaching safepoint: 44001 ns, At safepoint: 3200 ns, Total: 47201 ns
[4314.262s][info ][safepoint      ] Safepoint "Cleanup", Time since last: 5000369834 ns, Reaching safepoint: 53202 ns, At safepoint: 11200 ns, Total: 64402 ns
[4315.262s][info ][safepoint      ] Safepoint "Cleanup", Time since last: 1000106528 ns, Reaching safepoint: 48301 ns, At safepoint: 7800 ns, Total: 56101 ns
[4318.262s][info ][safepoint      ] Safepoint "Cleanup", Time since last: 3000213081 ns, Reaching safepoint: 54501 ns, At safepoint: 8000 ns, Total: 62501 ns
[4319.262s][info ][safepoint      ] Safepoint "Cleanup", Time since last: 1000106428 ns, Reaching safepoint: 37301 ns, At safepoint: 4000 ns, Total: 41301 ns
[4320.263s][info ][safepoint      ] Safepoint "Cleanup", Time since last: 1000107128 ns, Reaching safepoint: 52301 ns, At safepoint: 8801 ns, Total: 61102 ns
[4322.263s][info ][safepoint      ] Safepoint "Cleanup", Time since last: 2000174954 ns, Reaching safepoint: 53002 ns, At safepoint: 8900 ns, Total: 61902 ns
[4323.263s][info ][safepoint      ] Safepoint "Cleanup", Time since last: 1000111828 ns, Reaching safepoint: 31801 ns, At safepoint: 8200 ns, Total: 40001 ns
[4331.264s][info ][safepoint      ] Safepoint "Cleanup", Time since last: 8000547616 ns, Reaching safepoint: 50501 ns, At safepoint: 6000 ns, Total: 56501 ns
[4336.264s][info ][safepoint      ] Safepoint "Cleanup", Time since last: 5000360236 ns, Reaching safepoint: 50302 ns, At safepoint: 7300 ns, Total: 57602 ns
[4338.264s][info ][safepoint      ] Safepoint "Cleanup", Time since last: 2000168855 ns, Reaching safepoint: 46101 ns, At safepoint: 6400 ns, Total: 52501 ns
[4339.264s][info ][safepoint      ] Safepoint "Cleanup", Time since last: 1000104728 ns, Reaching safepoint: 52802 ns, At safepoint: 3200 ns, Total: 56002 ns
[4340.264s][info ][safepoint      ] Safepoint "Cleanup", Time since last: 1000103328 ns, Reaching safepoint: 47901 ns, At safepoint: 4300 ns, Total: 52201 ns
[4346.265s][info ][safepoint      ] Safepoint "Cleanup", Time since last: 6000410764 ns, Reaching safepoint: 39200 ns, At safepoint: 7201 ns, Total: 46401 ns
[4348.265s][info ][safepoint      ] Safepoint "Cleanup", Time since last: 2000224856 ns, Reaching safepoint: 40401 ns, At safepoint: 4501 ns, Total: 44902 ns
[4350.265s][info ][safepoint      ] Safepoint "Cleanup", Time since last: 2000178255 ns, Reaching safepoint: 44701 ns, At safepoint: 8801 ns, Total: 53502 ns
[4355.266s][info ][safepoint      ] Safepoint "Cleanup", Time since last: 5000375837 ns, Reaching safepoint: 50501 ns, At safepoint: 9001 ns, Total: 59502 ns
[4357.860s][info ][gc,start       ] GC(161) Pause Young (Allocation Failure)
[4357.875s][debug][gc,phases      ] GC(161) Scavenge 15.029ms
[4357.876s][debug][gc,ref         ] GC(161) Skipped phase 1 of Reference Processing: no references
[4357.876s][debug][gc,ref         ] GC(161) ReferenceProcessor::execute queues: 1, RefProcThreadModel::Single, marks_oops_alive: false
[4357.876s][debug][gc,ref         ] GC(161) Skipped phase 3 of Reference Processing: no references
[4357.876s][debug][gc,ref         ] GC(161) ReferenceProcessor::execute queues: 1, RefProcThreadModel::Single, marks_oops_alive: false
[4357.876s][debug][gc,phases      ] GC(161) Reference Processing 0.146ms
[4357.876s][debug][gc,phases      ] GC(161)   VM Weak                        Min:  0.0, Avg:  0.0, Max:  0.0, Diff:  0.0, Sum:  0.0, Workers: 4
[4357.876s][debug][gc,phases      ] GC(161)     Dead                           Min: 0, Avg:  0.0, Max: 0, Diff: 0, Sum: 0, Workers: 4
[4357.876s][debug][gc,phases      ] GC(161)     Total                          Min: 0, Avg: 177.8, Max: 448, Diff: 448, Sum: 711, Workers: 4
[4357.876s][debug][gc,phases      ] GC(161)   ObjectSynchronizer Weak        Min:  0.0, Avg:  0.0, Max:  0.0, Diff:  0.0, Sum:  0.0, Workers: 4
[4357.876s][debug][gc,phases      ] GC(161)     Dead                           Min: 0, Avg:  0.0, Max: 0, Diff: 0, Sum: 0, Workers: 4
[4357.876s][debug][gc,phases      ] GC(161)     Total                          Min: 0, Avg: 100.5, Max: 192, Diff: 192, Sum: 402, Workers: 4
[4357.876s][debug][gc,phases      ] GC(161)   JVMTI Tag Weak OopStorage      Min:  0.0, Avg:  0.0, Max:  0.0, Diff:  0.0, Sum:  0.0, Workers: 4
[4357.876s][debug][gc,phases      ] GC(161)     Dead                           Min: 0, Avg:  0.0, Max: 0, Diff: 0, Sum: 0, Workers: 4
[4357.876s][debug][gc,phases      ] GC(161)     Total                          Min: 0, Avg:  0.0, Max: 0, Diff: 0, Sum: 0, Workers: 4
[4357.876s][debug][gc,phases      ] GC(161)   StringTable Weak               Min:  0.1, Avg:  0.1, Max:  0.1, Diff:  0.0, Sum:  0.4, Workers: 4
[4357.876s][debug][gc,phases      ] GC(161)     Dead                           Min: 0, Avg:  0.0, Max: 0, Diff: 0, Sum: 0, Workers: 4
[4357.876s][debug][gc,phases      ] GC(161)     Total                          Min: 11136, Avg: 12157.0, Max: 13312, Diff: 2176, Sum: 48628, Workers: 4
[4357.876s][debug][gc,phases      ] GC(161)   ResolvedMethodTable Weak       Min:  0.0, Avg:  0.0, Max:  0.0, Diff:  0.0, Sum:  0.1, Workers: 4
[4357.876s][debug][gc,phases      ] GC(161)     Dead                           Min: 0, Avg:  0.0, Max: 0, Diff: 0, Sum: 0, Workers: 4
[4357.876s][debug][gc,phases      ] GC(161)     Total                          Min: 1875, Avg: 2038.0, Max: 2227, Diff: 352, Sum: 8152, Workers: 4
[4357.876s][debug][gc,phases      ] GC(161)   JNI Weak                       Min:  0.0, Avg:  0.0, Max:  0.0, Diff:  0.0, Sum:  0.0, Workers: 4
[4357.876s][debug][gc,phases      ] GC(161)     Dead                           Min: 0, Avg:  0.0, Max: 0, Diff: 0, Sum: 0, Workers: 4
[4357.876s][debug][gc,phases      ] GC(161)     Total                          Min: 0, Avg:  0.0, Max: 0, Diff: 0, Sum: 0, Workers: 4
[4357.876s][debug][gc,phases      ] GC(161)   StringDedup Table Weak         Min:  0.0, Avg:  0.0, Max:  0.0, Diff:  0.0, Sum:  0.0, Workers: 4
[4357.876s][debug][gc,phases      ] GC(161)     Dead                           Min: 0, Avg:  0.0, Max: 0, Diff: 0, Sum: 0, Workers: 4
[4357.876s][debug][gc,phases      ] GC(161)     Total                          Min: 0, Avg:  0.0, Max: 0, Diff: 0, Sum: 0, Workers: 4
[4357.876s][debug][gc,phases      ] GC(161)   StringDedup Requests0 Weak     Min:  0.0, Avg:  0.0, Max:  0.0, Diff:  0.0, Sum:  0.0, Workers: 4
[4357.876s][debug][gc,phases      ] GC(161)     Dead                           Min: 0, Avg:  0.0, Max: 0, Diff: 0, Sum: 0, Workers: 4
[4357.876s][debug][gc,phases      ] GC(161)     Total                          Min: 0, Avg:  0.0, Max: 0, Diff: 0, Sum: 0, Workers: 4
[4357.876s][debug][gc,phases      ] GC(161)   StringDedup Requests1 Weak     Min:  0.0, Avg:  0.0, Max:  0.0, Diff:  0.0, Sum:  0.0, Workers: 4
[4357.876s][debug][gc,phases      ] GC(161)     Dead                           Min: 0, Avg:  0.0, Max: 0, Diff: 0, Sum: 0, Workers: 4
[4357.876s][debug][gc,phases      ] GC(161)     Total                          Min: 0, Avg:  0.0, Max: 0, Diff: 0, Sum: 0, Workers: 4
[4357.876s][debug][gc,phases      ] GC(161)   Weak JFR Old Object Samples    Min:  0.0, Avg:  0.0, Max:  0.0, Diff:  0.0, Sum:  0.0, Workers: 4
[4357.876s][debug][gc,phases      ] GC(161)     Dead                           Min: 0, Avg:  0.0, Max: 0, Diff: 0, Sum: 0, Workers: 4
[4357.876s][debug][gc,phases      ] GC(161)     Total                          Min: 0, Avg:  0.0, Max: 0, Diff: 0, Sum: 0, Workers: 4
[4357.876s][debug][gc,phases      ] GC(161) Weak Processing 0.335ms
[4357.876s][debug][gc,age         ] GC(161) Desired survivor size 74448896 bytes, new threshold 13 (max threshold 15)
[4357.876s][info ][gc,heap        ] GC(161) PSYoungGen: 2044384K(2044416K)->52704K(2004480K) Eden: 1991680K(1991680K)->0K(1951744K) From: 52704K(52736K)->52704K(52736K)
[4357.876s][info ][gc,heap        ] GC(161) ParOldGen: 535287K(647168K)->540163K(647168K)
[4357.876s][info ][gc,metaspace   ] GC(161) Metaspace: 83851K(84736K)->83851K(84736K) NonClass: 72174K(72640K)->72174K(72640K) Class: 11676K(12096K)->11676K(12096K)
[4357.876s][info ][gc             ] GC(161) Pause Young (Allocation Failure) 2519M->578M(2589M) 15.647ms
[4357.876s][info ][gc,cpu         ] GC(161) User=0.06s Sys=0.00s Real=0.02s
[4357.876s][info ][safepoint      ] Safepoint "ParallelGCFailedAllocation", Time since last: 2594426330 ns, Reaching safepoint: 47201 ns, At safepoint: 15728086 ns, Total: 15775287 ns
[4362.876s][info ][safepoint      ] Safepoint "Cleanup", Time since last: 5000299436 ns, Reaching safepoint: 46701 ns, At safepoint: 9101 ns, Total: 55802 ns
[4367.877s][info ][safepoint      ] Safepoint "Cleanup", Time since last: 5000358438 ns, Reaching safepoint: 51101 ns, At safepoint: 5400 ns, Total: 56501 ns
[4368.877s][info ][safepoint      ] Safepoint "Cleanup", Time since last: 1000106729 ns, Reaching safepoint: 49001 ns, At safepoint: 8900 ns, Total: 57901 ns
[4370.877s][info ][safepoint      ] Safepoint "Cleanup", Time since last: 2000165856 ns, Reaching safepoint: 45701 ns, At safepoint: 6400 ns, Total: 52101 ns
[4372.877s][info ][safepoint      ] Safepoint "Cleanup", Time since last: 2000170556 ns, Reaching safepoint: 47201 ns, At safepoint: 6001 ns, Total: 53202 ns
[4375.878s][info ][safepoint      ] Safepoint "Cleanup", Time since last: 3000229483 ns, Reaching safepoint: 43001 ns, At safepoint: 8600 ns, Total: 51601 ns
[4379.878s][info ][safepoint      ] Safepoint "Cleanup", Time since last: 4000271211 ns, Reaching safepoint: 42201 ns, At safepoint: 3100 ns, Total: 45301 ns
[4380.878s][info ][safepoint      ] Safepoint "Cleanup", Time since last: 1000117629 ns, Reaching safepoint: 50402 ns, At safepoint: 6000 ns, Total: 56402 ns
[4382.878s][info ][safepoint      ] Safepoint "Cleanup", Time since last: 2000164756 ns, Reaching safepoint: 42601 ns, At safepoint: 7700 ns, Total: 50301 ns
[4385.879s][info ][safepoint      ] Safepoint "Cleanup", Time since last: 3000267885 ns, Reaching safepoint: 54101 ns, At safepoint: 11401 ns, Total: 65502 ns
[4387.879s][info ][safepoint      ] Safepoint "Cleanup", Time since last: 2000177256 ns, Reaching safepoint: 92903 ns, At safepoint: 10000 ns, Total: 102903 ns
[4399.406s][info ][safepoint      ] Safepoint "Cleanup", Time since last: 11526715907 ns, Reaching safepoint: 54401 ns, At safepoint: 8600 ns, Total: 63001 ns
[4406.406s][info ][safepoint      ] Safepoint "Cleanup", Time since last: 7000505497 ns, Reaching safepoint: 47201 ns, At safepoint: 9201 ns, Total: 56402 ns
[4407.407s][info ][safepoint      ] Safepoint "Cleanup", Time since last: 1000102629 ns, Reaching safepoint: 48401 ns, At safepoint: 10800 ns, Total: 59201 ns
[4408.407s][info ][safepoint      ] Safepoint "Cleanup", Time since last: 1000103629 ns, Reaching safepoint: 31101 ns, At safepoint: 6800 ns, Total: 37901 ns
[4409.407s][info ][safepoint      ] Safepoint "Cleanup", Time since last: 1000106729 ns, Reaching safepoint: 47401 ns, At safepoint: 3900 ns, Total: 51301 ns
[4411.407s][info ][safepoint      ] Safepoint "Cleanup", Time since last: 2000173157 ns, Reaching safepoint: 49902 ns, At safepoint: 4100 ns, Total: 54002 ns
[4421.408s][info ][safepoint      ] Safepoint "Cleanup", Time since last: 10000657281 ns, Reaching safepoint: 70702 ns, At safepoint: 6000 ns, Total: 76702 ns
[4423.408s][info ][safepoint      ] Safepoint "Cleanup", Time since last: 2000178757 ns, Reaching safepoint: 50502 ns, At safepoint: 6200 ns, Total: 56702 ns
[4426.408s][info ][safepoint      ] Safepoint "Cleanup", Time since last: 3000242986 ns, Reaching safepoint: 46901 ns, At safepoint: 7100 ns, Total: 54001 ns
[4429.409s][info ][safepoint      ] Safepoint "Cleanup", Time since last: 3000247286 ns, Reaching safepoint: 45701 ns, At safepoint: 8000 ns, Total: 53701 ns
[4431.409s][info ][safepoint      ] Safepoint "Cleanup", Time since last: 2000172058 ns, Reaching safepoint: 43701 ns, At safepoint: 3900 ns, Total: 47601 ns
[4435.915s][info ][gc,start       ] GC(162) Pause Young (Allocation Failure)
[4435.928s][debug][gc,phases      ] GC(162) Scavenge 13.619ms
[4435.929s][debug][gc,ref         ] GC(162) Skipped phase 1 of Reference Processing: no references
[4435.929s][debug][gc,ref         ] GC(162) ReferenceProcessor::execute queues: 1, RefProcThreadModel::Single, marks_oops_alive: false
[4435.929s][debug][gc,ref         ] GC(162) Skipped phase 3 of Reference Processing: no references
[4435.929s][debug][gc,ref         ] GC(162) ReferenceProcessor::execute queues: 1, RefProcThreadModel::Single, marks_oops_alive: false
[4435.929s][debug][gc,phases      ] GC(162) Reference Processing 0.129ms
[4435.929s][debug][gc,phases      ] GC(162)   VM Weak                        Min:  0.0, Avg:  0.0, Max:  0.0, Diff:  0.0, Sum:  0.0, Workers: 4
[4435.929s][debug][gc,phases      ] GC(162)     Dead                           Min: 0, Avg:  0.0, Max: 0, Diff: 0, Sum: 0, Workers: 4
[4435.929s][debug][gc,phases      ] GC(162)     Total                          Min: 0, Avg: 177.8, Max: 455, Diff: 455, Sum: 711, Workers: 4
[4435.929s][debug][gc,phases      ] GC(162)   ObjectSynchronizer Weak        Min:  0.0, Avg:  0.0, Max:  0.0, Diff:  0.0, Sum:  0.0, Workers: 4
[4435.929s][debug][gc,phases      ] GC(162)     Dead                           Min: 0, Avg:  0.0, Max: 0, Diff: 0, Sum: 0, Workers: 4
[4435.929s][debug][gc,phases      ] GC(162)     Total                          Min: 0, Avg: 100.5, Max: 146, Diff: 146, Sum: 402, Workers: 4
[4435.929s][debug][gc,phases      ] GC(162)   JVMTI Tag Weak OopStorage      Min:  0.0, Avg:  0.0, Max:  0.0, Diff:  0.0, Sum:  0.0, Workers: 4
[4435.929s][debug][gc,phases      ] GC(162)     Dead                           Min: 0, Avg:  0.0, Max: 0, Diff: 0, Sum: 0, Workers: 4
[4435.929s][debug][gc,phases      ] GC(162)     Total                          Min: 0, Avg:  0.0, Max: 0, Diff: 0, Sum: 0, Workers: 4
[4435.929s][debug][gc,phases      ] GC(162)   StringTable Weak               Min:  0.1, Avg:  0.1, Max:  0.1, Diff:  0.0, Sum:  0.4, Workers: 4
[4435.929s][debug][gc,phases      ] GC(162)     Dead                           Min: 0, Avg:  0.0, Max: 0, Diff: 0, Sum: 0, Workers: 4
[4435.929s][debug][gc,phases      ] GC(162)     Total                          Min: 11895, Avg: 12157.8, Max: 12736, Diff: 841, Sum: 48631, Workers: 4
[4435.929s][debug][gc,phases      ] GC(162)   ResolvedMethodTable Weak       Min:  0.0, Avg:  0.0, Max:  0.0, Diff:  0.0, Sum:  0.1, Workers: 4
[4435.929s][debug][gc,phases      ] GC(162)     Dead                           Min: 0, Avg:  0.0, Max: 0, Diff: 0, Sum: 0, Workers: 4
[4435.929s][debug][gc,phases      ] GC(162)     Total                          Min: 1907, Avg: 2039.0, Max: 2160, Diff: 253, Sum: 8156, Workers: 4
[4435.929s][debug][gc,phases      ] GC(162)   JNI Weak                       Min:  0.0, Avg:  0.0, Max:  0.0, Diff:  0.0, Sum:  0.0, Workers: 4
[4435.929s][debug][gc,phases      ] GC(162)     Dead                           Min: 0, Avg:  0.0, Max: 0, Diff: 0, Sum: 0, Workers: 4
[4435.929s][debug][gc,phases      ] GC(162)     Total                          Min: 0, Avg:  0.0, Max: 0, Diff: 0, Sum: 0, Workers: 4
[4435.929s][debug][gc,phases      ] GC(162)   StringDedup Table Weak         Min:  0.0, Avg:  0.0, Max:  0.0, Diff:  0.0, Sum:  0.0, Workers: 4
[4435.929s][debug][gc,phases      ] GC(162)     Dead                           Min: 0, Avg:  0.0, Max: 0, Diff: 0, Sum: 0, Workers: 4
[4435.929s][debug][gc,phases      ] GC(162)     Total                          Min: 0, Avg:  0.0, Max: 0, Diff: 0, Sum: 0, Workers: 4
[4435.929s][debug][gc,phases      ] GC(162)   StringDedup Requests0 Weak     Min:  0.0, Avg:  0.0, Max:  0.0, Diff:  0.0, Sum:  0.0, Workers: 4
[4435.929s][debug][gc,phases      ] GC(162)     Dead                           Min: 0, Avg:  0.0, Max: 0, Diff: 0, Sum: 0, Workers: 4
[4435.929s][debug][gc,phases      ] GC(162)     Total                          Min: 0, Avg:  0.0, Max: 0, Diff: 0, Sum: 0, Workers: 4
[4435.929s][debug][gc,phases      ] GC(162)   StringDedup Requests1 Weak     Min:  0.0, Avg:  0.0, Max:  0.0, Diff:  0.0, Sum:  0.0, Workers: 4
[4435.929s][debug][gc,phases      ] GC(162)     Dead                           Min: 0, Avg:  0.0, Max: 0, Diff: 0, Sum: 0, Workers: 4
[4435.929s][debug][gc,phases      ] GC(162)     Total                          Min: 0, Avg:  0.0, Max: 0, Diff: 0, Sum: 0, Workers: 4
[4435.929s][debug][gc,phases      ] GC(162)   Weak JFR Old Object Samples    Min:  0.0, Avg:  0.0, Max:  0.0, Diff:  0.0, Sum:  0.0, Workers: 4
[4435.929s][debug][gc,phases      ] GC(162)     Dead                           Min: 0, Avg:  0.0, Max: 0, Diff: 0, Sum: 0, Workers: 4
[4435.929s][debug][gc,phases      ] GC(162)     Total                          Min: 0, Avg:  0.0, Max: 0, Diff: 0, Sum: 0, Workers: 4
[4435.929s][debug][gc,phases      ] GC(162) Weak Processing 0.321ms
[4435.929s][debug][gc,age         ] GC(162) Desired survivor size 79691776 bytes, new threshold 14 (max threshold 15)
[4435.929s][info ][gc,heap        ] GC(162) PSYoungGen: 2004448K(2004480K)->54576K(2006528K) Eden: 1951744K(1951744K)->0K(1951744K) From: 52704K(52736K)->54576K(54784K)
[4435.929s][info ][gc,heap        ] GC(162) ParOldGen: 540163K(647168K)->540635K(647168K)
[4435.929s][info ][gc,metaspace   ] GC(162) Metaspace: 83869K(84736K)->83869K(84736K) NonClass: 72191K(72640K)->72191K(72640K) Class: 11678K(12096K)->11678K(12096K)
[4435.929s][info ][gc             ] GC(162) Pause Young (Allocation Failure) 2484M->581M(2591M) 14.218ms
[4435.929s][info ][gc,cpu         ] GC(162) User=0.05s Sys=0.00s Real=0.02s
[4435.929s][info ][safepoint      ] Safepoint "ParallelGCFailedAllocation", Time since last: 4505824013 ns, Reaching safepoint: 53601 ns, At safepoint: 14303251 ns, Total: 14356852 ns
[4436.929s][info ][safepoint      ] Safepoint "Cleanup", Time since last: 1000070929 ns, Reaching safepoint: 65301 ns, At safepoint: 8501 ns, Total: 73802 ns
[4437.929s][info ][safepoint      ] Safepoint "Cleanup", Time since last: 1000065428 ns, Reaching safepoint: 47101 ns, At safepoint: 5800 ns, Total: 52901 ns
[4438.929s][info ][safepoint      ] Safepoint "Cleanup", Time since last: 1000107930 ns, Reaching safepoint: 45601 ns, At safepoint: 3300 ns, Total: 48901 ns
[4441.930s][info ][safepoint      ] Safepoint "Cleanup", Time since last: 3000220386 ns, Reaching safepoint: 49701 ns, At safepoint: 8400 ns, Total: 58101 ns
[4444.930s][info ][safepoint      ] Safepoint "Cleanup", Time since last: 3000181685 ns, Reaching safepoint: 50101 ns, At safepoint: 10400 ns, Total: 60501 ns
[4454.931s][info ][safepoint      ] Safepoint "Cleanup", Time since last: 10000652386 ns, Reaching safepoint: 41801 ns, At safepoint: 13200 ns, Total: 55001 ns
[4457.931s][info ][safepoint      ] Safepoint "Cleanup", Time since last: 3000196086 ns, Reaching safepoint: 47501 ns, At safepoint: 11200 ns, Total: 58701 ns
[4459.931s][info ][safepoint      ] Safepoint "Cleanup", Time since last: 2000178059 ns, Reaching safepoint: 48001 ns, At safepoint: 6200 ns, Total: 54201 ns
[4468.932s][info ][safepoint      ] Safepoint "Cleanup", Time since last: 9000621259 ns, Reaching safepoint: 52601 ns, At safepoint: 8000 ns, Total: 60601 ns
[4469.932s][info ][safepoint      ] Safepoint "Cleanup", Time since last: 1000110130 ns, Reaching safepoint: 50201 ns, At safepoint: 7300 ns, Total: 57501 ns
[4475.933s][info ][safepoint      ] Safepoint "Cleanup", Time since last: 6000400873 ns, Reaching safepoint: 54202 ns, At safepoint: 3800 ns, Total: 58002 ns
[4482.933s][info ][safepoint      ] Safepoint "Cleanup", Time since last: 7000498503 ns, Reaching safepoint: 48801 ns, At safepoint: 4000 ns, Total: 52801 ns
[4483.933s][info ][safepoint      ] Safepoint "Cleanup", Time since last: 1000110730 ns, Reaching safepoint: 40201 ns, At safepoint: 3400 ns, Total: 43601 ns
[4499.934s][info ][safepoint      ] Safepoint "Cleanup", Time since last: 16001034563 ns, Reaching safepoint: 53401 ns, At safepoint: 7201 ns, Total: 60602 ns
[4501.935s][info ][safepoint      ] Safepoint "Cleanup", Time since last: 2000154558 ns, Reaching safepoint: 46702 ns, At safepoint: 6200 ns, Total: 52902 ns
[4508.935s][info ][safepoint      ] Safepoint "Cleanup", Time since last: 7000454303 ns, Reaching safepoint: 28501 ns, At safepoint: 3700 ns, Total: 32201 ns
[4511.935s][info ][safepoint      ] Safepoint "Cleanup", Time since last: 3000237089 ns, Reaching safepoint: 50601 ns, At safepoint: 4700 ns, Total: 55301 ns
[4521.936s][info ][safepoint      ] Safepoint "Cleanup", Time since last: 10000663492 ns, Reaching safepoint: 44702 ns, At safepoint: 5800 ns, Total: 50502 ns
[4524.156s][info ][gc,start       ] GC(163) Pause Young (Allocation Failure)
[4524.170s][debug][gc,phases      ] GC(163) Scavenge 14.393ms
[4524.170s][debug][gc,ref         ] GC(163) Skipped phase 1 of Reference Processing: no references
[4524.170s][debug][gc,ref         ] GC(163) ReferenceProcessor::execute queues: 1, RefProcThreadModel::Single, marks_oops_alive: false
[4524.170s][debug][gc,ref         ] GC(163) Skipped phase 3 of Reference Processing: no references
[4524.170s][debug][gc,ref         ] GC(163) ReferenceProcessor::execute queues: 1, RefProcThreadModel::Single, marks_oops_alive: false
[4524.170s][debug][gc,phases      ] GC(163) Reference Processing 0.152ms
[4524.170s][debug][gc,phases      ] GC(163)   VM Weak                        Min:  0.0, Avg:  0.0, Max:  0.0, Diff:  0.0, Sum:  0.0, Workers: 4
[4524.170s][debug][gc,phases      ] GC(163)     Dead                           Min: 0, Avg:  0.0, Max: 0, Diff: 0, Sum: 0, Workers: 4
[4524.170s][debug][gc,phases      ] GC(163)     Total                          Min: 0, Avg: 177.8, Max: 640, Diff: 640, Sum: 711, Workers: 4
[4524.170s][debug][gc,phases      ] GC(163)   ObjectSynchronizer Weak        Min:  0.0, Avg:  0.0, Max:  0.0, Diff:  0.0, Sum:  0.0, Workers: 4
[4524.170s][debug][gc,phases      ] GC(163)     Dead                           Min: 0, Avg:  0.0, Max: 0, Diff: 0, Sum: 0, Workers: 4
[4524.170s][debug][gc,phases      ] GC(163)     Total                          Min: 0, Avg: 100.5, Max: 210, Diff: 210, Sum: 402, Workers: 4
[4524.170s][debug][gc,phases      ] GC(163)   JVMTI Tag Weak OopStorage      Min:  0.0, Avg:  0.0, Max:  0.0, Diff:  0.0, Sum:  0.0, Workers: 4
[4524.170s][debug][gc,phases      ] GC(163)     Dead                           Min: 0, Avg:  0.0, Max: 0, Diff: 0, Sum: 0, Workers: 4
[4524.170s][debug][gc,phases      ] GC(163)     Total                          Min: 0, Avg:  0.0, Max: 0, Diff: 0, Sum: 0, Workers: 4
[4524.170s][debug][gc,phases      ] GC(163)   StringTable Weak               Min:  0.1, Avg:  0.1, Max:  0.1, Diff:  0.0, Sum:  0.4, Workers: 4
[4524.170s][debug][gc,phases      ] GC(163)     Dead                           Min: 0, Avg:  0.0, Max: 0, Diff: 0, Sum: 0, Workers: 4
[4524.170s][debug][gc,phases      ] GC(163)     Total                          Min: 10944, Avg: 12159.2, Max: 13184, Diff: 2240, Sum: 48637, Workers: 4
[4524.170s][debug][gc,phases      ] GC(163)   ResolvedMethodTable Weak       Min:  0.0, Avg:  0.0, Max:  0.0, Diff:  0.0, Sum:  0.1, Workers: 4
[4524.170s][debug][gc,phases      ] GC(163)     Dead                           Min: 0, Avg:  0.0, Max: 0, Diff: 0, Sum: 0, Workers: 4
[4524.170s][debug][gc,phases      ] GC(163)     Total                          Min: 1912, Avg: 2039.5, Max: 2160, Diff: 248, Sum: 8158, Workers: 4
[4524.170s][debug][gc,phases      ] GC(163)   JNI Weak                       Min:  0.0, Avg:  0.0, Max:  0.0, Diff:  0.0, Sum:  0.0, Workers: 4
[4524.170s][debug][gc,phases      ] GC(163)     Dead                           Min: 0, Avg:  0.0, Max: 0, Diff: 0, Sum: 0, Workers: 4
[4524.170s][debug][gc,phases      ] GC(163)     Total                          Min: 0, Avg:  0.0, Max: 0, Diff: 0, Sum: 0, Workers: 4
[4524.170s][debug][gc,phases      ] GC(163)   StringDedup Table Weak         Min:  0.0, Avg:  0.0, Max:  0.0, Diff:  0.0, Sum:  0.0, Workers: 4
[4524.170s][debug][gc,phases      ] GC(163)     Dead                           Min: 0, Avg:  0.0, Max: 0, Diff: 0, Sum: 0, Workers: 4
[4524.170s][debug][gc,phases      ] GC(163)     Total                          Min: 0, Avg:  0.0, Max: 0, Diff: 0, Sum: 0, Workers: 4
[4524.170s][debug][gc,phases      ] GC(163)   StringDedup Requests0 Weak     Min:  0.0, Avg:  0.0, Max:  0.0, Diff:  0.0, Sum:  0.0, Workers: 4
[4524.170s][debug][gc,phases      ] GC(163)     Dead                           Min: 0, Avg:  0.0, Max: 0, Diff: 0, Sum: 0, Workers: 4
[4524.170s][debug][gc,phases      ] GC(163)     Total                          Min: 0, Avg:  0.0, Max: 0, Diff: 0, Sum: 0, Workers: 4
[4524.170s][debug][gc,phases      ] GC(163)   StringDedup Requests1 Weak     Min:  0.0, Avg:  0.0, Max:  0.0, Diff:  0.0, Sum:  0.0, Workers: 4
[4524.170s][debug][gc,phases      ] GC(163)     Dead                           Min: 0, Avg:  0.0, Max: 0, Diff: 0, Sum: 0, Workers: 4
[4524.170s][debug][gc,phases      ] GC(163)     Total                          Min: 0, Avg:  0.0, Max: 0, Diff: 0, Sum: 0, Workers: 4
[4524.170s][debug][gc,phases      ] GC(163)   Weak JFR Old Object Samples    Min:  0.0, Avg:  0.0, Max:  0.0, Diff:  0.0, Sum:  0.0, Workers: 4
[4524.170s][debug][gc,phases      ] GC(163)     Dead                           Min: 0, Avg:  0.0, Max: 0, Diff: 0, Sum: 0, Workers: 4
[4524.170s][debug][gc,phases      ] GC(163)     Total                          Min: 0, Avg:  0.0, Max: 0, Diff: 0, Sum: 0, Workers: 4
[4524.170s][debug][gc,phases      ] GC(163) Weak Processing 0.335ms
[4524.170s][debug][gc,age         ] GC(163) Desired survivor size 85983232 bytes, new threshold 15 (max threshold 15)
[4524.171s][info ][gc,heap        ] GC(163) PSYoungGen: 2006320K(2006528K)->59568K(2007040K) Eden: 1951744K(1951744K)->0K(1929216K) From: 54576K(54784K)->59568K(77824K)
[4524.171s][info ][gc,heap        ] GC(163) ParOldGen: 540635K(647168K)->540643K(647168K)
[4524.171s][info ][gc,metaspace   ] GC(163) Metaspace: 83891K(84800K)->83891K(84800K) NonClass: 72212K(72704K)->72212K(72704K) Class: 11679K(12096K)->11679K(12096K)
[4524.171s][info ][gc             ] GC(163) Pause Young (Allocation Failure) 2487M->586M(2592M) 15.009ms
[4524.171s][info ][gc,cpu         ] GC(163) User=0.06s Sys=0.00s Real=0.02s
[4524.171s][info ][safepoint      ] Safepoint "ParallelGCFailedAllocation", Time since last: 2219374736 ns, Reaching safepoint: 108302 ns, At safepoint: 15093271 ns, Total: 15201573 ns
[4525.171s][info ][safepoint      ] Safepoint "Cleanup", Time since last: 1000056629 ns, Reaching safepoint: 116103 ns, At safepoint: 8300 ns, Total: 124403 ns
[4526.171s][info ][safepoint      ] Safepoint "Cleanup", Time since last: 1000101630 ns, Reaching safepoint: 40001 ns, At safepoint: 4900 ns, Total: 44901 ns
[4527.171s][info ][safepoint      ] Safepoint "Cleanup", Time since last: 1000126131 ns, Reaching safepoint: 47601 ns, At safepoint: 4900 ns, Total: 52501 ns
[4529.171s][info ][safepoint      ] Safepoint "Cleanup", Time since last: 2000165060 ns, Reaching safepoint: 56101 ns, At safepoint: 8700 ns, Total: 64801 ns
[4531.172s][info ][safepoint      ] Safepoint "Cleanup", Time since last: 2000174960 ns, Reaching safepoint: 43401 ns, At safepoint: 6600 ns, Total: 50001 ns
[4533.172s][info ][safepoint      ] Safepoint "Cleanup", Time since last: 2000172160 ns, Reaching safepoint: 47301 ns, At safepoint: 6400 ns, Total: 53701 ns
[4534.891s][info ][safepoint      ] Safepoint "Cleanup", Time since last: 1719459675 ns, Reaching safepoint: 39901 ns, At safepoint: 6400 ns, Total: 46301 ns
[4535.892s][info ][safepoint      ] Safepoint "Cleanup", Time since last: 1000092130 ns, Reaching safepoint: 124403 ns, At safepoint: 10400 ns, Total: 134803 ns
[4540.892s][info ][safepoint      ] Safepoint "Cleanup", Time since last: 5000326948 ns, Reaching safepoint: 119703 ns, At safepoint: 9100 ns, Total: 128803 ns
[4541.892s][info ][safepoint      ] Safepoint "Cleanup", Time since last: 1000119831 ns, Reaching safepoint: 124503 ns, At safepoint: 11100 ns, Total: 135603 ns
[4543.893s][info ][safepoint      ] Safepoint "Cleanup", Time since last: 2000189260 ns, Reaching safepoint: 129303 ns, At safepoint: 9501 ns, Total: 138804 ns
[4544.893s][info ][safepoint      ] Safepoint "Cleanup", Time since last: 1000114730 ns, Reaching safepoint: 40401 ns, At safepoint: 4900 ns, Total: 45301 ns
[4550.893s][info ][safepoint      ] Safepoint "Cleanup", Time since last: 6000444079 ns, Reaching safepoint: 57301 ns, At safepoint: 7300 ns, Total: 64601 ns
[4552.893s][info ][safepoint      ] Safepoint "Cleanup", Time since last: 2000177161 ns, Reaching safepoint: 45201 ns, At safepoint: 4700 ns, Total: 49901 ns
[4553.894s][info ][safepoint      ] Safepoint "Cleanup", Time since last: 1000122531 ns, Reaching safepoint: 45601 ns, At safepoint: 3000 ns, Total: 48601 ns
[4554.894s][info ][safepoint      ] Safepoint "Cleanup", Time since last: 1000108631 ns, Reaching safepoint: 44101 ns, At safepoint: 3100 ns, Total: 47201 ns
[4559.894s][info ][safepoint      ] Safepoint "Cleanup", Time since last: 5000329648 ns, Reaching safepoint: 109503 ns, At safepoint: 14700 ns, Total: 124203 ns
[4560.894s][info ][safepoint      ] Safepoint "Cleanup", Time since last: 1000105831 ns, Reaching safepoint: 115503 ns, At safepoint: 9100 ns, Total: 124603 ns
[4561.895s][info ][safepoint      ] Safepoint "Cleanup", Time since last: 1000098130 ns, Reaching safepoint: 43701 ns, At safepoint: 4600 ns, Total: 48301 ns
[4563.895s][info ][safepoint      ] Safepoint "Cleanup", Time since last: 2000143360 ns, Reaching safepoint: 47501 ns, At safepoint: 3200 ns, Total: 50701 ns
[4566.464s][info ][gc,start       ] GC(164) Pause Young (Allocation Failure)
[4566.483s][debug][gc,phases      ] GC(164) Scavenge 19.160ms
[4566.483s][debug][gc,ref         ] GC(164) Skipped phase 1 of Reference Processing: no references
[4566.483s][debug][gc,ref         ] GC(164) ReferenceProcessor::execute queues: 1, RefProcThreadModel::Single, marks_oops_alive: false
[4566.483s][debug][gc,ref         ] GC(164) Skipped phase 3 of Reference Processing: no references
[4566.483s][debug][gc,ref         ] GC(164) ReferenceProcessor::execute queues: 1, RefProcThreadModel::Single, marks_oops_alive: false
[4566.483s][debug][gc,phases      ] GC(164) Reference Processing 0.133ms
[4566.484s][debug][gc,phases      ] GC(164)   VM Weak                        Min:  0.0, Avg:  0.0, Max:  0.0, Diff:  0.0, Sum:  0.0, Workers: 4
[4566.484s][debug][gc,phases      ] GC(164)     Dead                           Min: 0, Avg:  0.0, Max: 0, Diff: 0, Sum: 0, Workers: 4
[4566.484s][debug][gc,phases      ] GC(164)     Total                          Min: 0, Avg: 177.8, Max: 711, Diff: 711, Sum: 711, Workers: 4
[4566.484s][debug][gc,phases      ] GC(164)   ObjectSynchronizer Weak        Min:  0.0, Avg:  0.0, Max:  0.0, Diff:  0.0, Sum:  0.0, Workers: 4
[4566.484s][debug][gc,phases      ] GC(164)     Dead                           Min: 0, Avg:  0.0, Max: 0, Diff: 0, Sum: 0, Workers: 4
[4566.484s][debug][gc,phases      ] GC(164)     Total                          Min: 0, Avg: 100.5, Max: 338, Diff: 338, Sum: 402, Workers: 4
[4566.484s][debug][gc,phases      ] GC(164)   JVMTI Tag Weak OopStorage      Min:  0.0, Avg:  0.0, Max:  0.0, Diff:  0.0, Sum:  0.0, Workers: 4
[4566.484s][debug][gc,phases      ] GC(164)     Dead                           Min: 0, Avg:  0.0, Max: 0, Diff: 0, Sum: 0, Workers: 4
[4566.484s][debug][gc,phases      ] GC(164)     Total                          Min: 0, Avg:  0.0, Max: 0, Diff: 0, Sum: 0, Workers: 4
[4566.484s][debug][gc,phases      ] GC(164)   StringTable Weak               Min:  0.1, Avg:  0.1, Max:  0.1, Diff:  0.0, Sum:  0.4, Workers: 4
[4566.484s][debug][gc,phases      ] GC(164)     Dead                           Min: 0, Avg:  0.0, Max: 0, Diff: 0, Sum: 0, Workers: 4
[4566.484s][debug][gc,phases      ] GC(164)     Total                          Min: 11264, Avg: 12162.5, Max: 12928, Diff: 1664, Sum: 48650, Workers: 4
[4566.484s][debug][gc,phases      ] GC(164)   ResolvedMethodTable Weak       Min:  0.0, Avg:  0.0, Max:  0.0, Diff:  0.0, Sum:  0.1, Workers: 4
[4566.484s][debug][gc,phases      ] GC(164)     Dead                           Min: 0, Avg:  0.0, Max: 0, Diff: 0, Sum: 0, Workers: 4
[4566.484s][debug][gc,phases      ] GC(164)     Total                          Min: 1789, Avg: 2040.8, Max: 2411, Diff: 622, Sum: 8163, Workers: 4
[4566.484s][debug][gc,phases      ] GC(164)   JNI Weak                       Min:  0.0, Avg:  0.0, Max:  0.0, Diff:  0.0, Sum:  0.0, Workers: 4
[4566.484s][debug][gc,phases      ] GC(164)     Dead                           Min: 0, Avg:  0.0, Max: 0, Diff: 0, Sum: 0, Workers: 4
[4566.484s][debug][gc,phases      ] GC(164)     Total                          Min: 0, Avg:  0.0, Max: 0, Diff: 0, Sum: 0, Workers: 4
[4566.484s][debug][gc,phases      ] GC(164)   StringDedup Table Weak         Min:  0.0, Avg:  0.0, Max:  0.0, Diff:  0.0, Sum:  0.0, Workers: 4
[4566.484s][debug][gc,phases      ] GC(164)     Dead                           Min: 0, Avg:  0.0, Max: 0, Diff: 0, Sum: 0, Workers: 4
[4566.484s][debug][gc,phases      ] GC(164)     Total                          Min: 0, Avg:  0.0, Max: 0, Diff: 0, Sum: 0, Workers: 4
[4566.484s][debug][gc,phases      ] GC(164)   StringDedup Requests0 Weak     Min:  0.0, Avg:  0.0, Max:  0.0, Diff:  0.0, Sum:  0.0, Workers: 4
[4566.484s][debug][gc,phases      ] GC(164)     Dead                           Min: 0, Avg:  0.0, Max: 0, Diff: 0, Sum: 0, Workers: 4
[4566.484s][debug][gc,phases      ] GC(164)     Total                          Min: 0, Avg:  0.0, Max: 0, Diff: 0, Sum: 0, Workers: 4
[4566.484s][debug][gc,phases      ] GC(164)   StringDedup Requests1 Weak     Min:  0.0, Avg:  0.0, Max:  0.0, Diff:  0.0, Sum:  0.0, Workers: 4
[4566.484s][debug][gc,phases      ] GC(164)     Dead                           Min: 0, Avg:  0.0, Max: 0, Diff: 0, Sum: 0, Workers: 4
[4566.484s][debug][gc,phases      ] GC(164)     Total                          Min: 0, Avg:  0.0, Max: 0, Diff: 0, Sum: 0, Workers: 4
[4566.484s][debug][gc,phases      ] GC(164)   Weak JFR Old Object Samples    Min:  0.0, Avg:  0.0, Max:  0.0, Diff:  0.0, Sum:  0.0, Workers: 4
[4566.484s][debug][gc,phases      ] GC(164)     Dead                           Min: 0, Avg:  0.0, Max: 0, Diff: 0, Sum: 0, Workers: 4
[4566.484s][debug][gc,phases      ] GC(164)     Total                          Min: 0, Avg:  0.0, Max: 0, Diff: 0, Sum: 0, Workers: 4
[4566.484s][debug][gc,phases      ] GC(164) Weak Processing 0.347ms
[4566.484s][debug][gc,age         ] GC(164) Desired survivor size 100139008 bytes, new threshold 15 (max threshold 15)
[4566.484s][info ][gc,heap        ] GC(164) PSYoungGen: 1988784K(2007040K)->83688K(2013184K) Eden: 1929216K(1929216K)->0K(1929216K) From: 59568K(77824K)->83688K(83968K)
[4566.484s][info ][gc,heap        ] GC(164) ParOldGen: 540643K(647168K)->540643K(647168K)
[4566.484s][info ][gc,metaspace   ] GC(164) Metaspace: 83930K(84800K)->83930K(84800K) NonClass: 72246K(72704K)->72246K(72704K) Class: 11683K(12096K)->11683K(12096K)
[4566.484s][info ][gc             ] GC(164) Pause Young (Allocation Failure) 2470M->609M(2598M) 19.790ms
[4566.484s][info ][gc,cpu         ] GC(164) User=0.07s Sys=0.00s Real=0.02s
[4566.484s][info ][safepoint      ] Safepoint "ParallelGCFailedAllocation", Time since last: 2569048414 ns, Reaching safepoint: 58002 ns, At safepoint: 19908088 ns, Total: 19966090 ns
[4567.484s][info ][safepoint      ] Safepoint "Cleanup", Time since last: 1000076530 ns, Reaching safepoint: 45901 ns, At safepoint: 5600 ns, Total: 51501 ns
[4572.484s][info ][safepoint      ] Safepoint "Cleanup", Time since last: 5000370850 ns, Reaching safepoint: 46001 ns, At safepoint: 7400 ns, Total: 53401 ns
[4574.485s][info ][safepoint      ] Safepoint "Cleanup", Time since last: 2000175161 ns, Reaching safepoint: 48101 ns, At safepoint: 6200 ns, Total: 54301 ns
[4575.485s][info ][safepoint      ] Safepoint "Cleanup", Time since last: 1000108531 ns, Reaching safepoint: 55901 ns, At safepoint: 5900 ns, Total: 61801 ns
[4576.485s][info ][safepoint      ] Safepoint "Cleanup", Time since last: 1000112631 ns, Reaching safepoint: 45801 ns, At safepoint: 4001 ns, Total: 49802 ns
[4577.485s][info ][safepoint      ] Safepoint "Cleanup", Time since last: 1000109530 ns, Reaching safepoint: 48602 ns, At safepoint: 4100 ns, Total: 52702 ns
[4578.485s][info ][safepoint      ] Safepoint "Cleanup", Time since last: 1000099330 ns, Reaching safepoint: 50902 ns, At safepoint: 10400 ns, Total: 61302 ns
[4591.486s][info ][safepoint      ] Safepoint "Cleanup", Time since last: 13000773586 ns, Reaching safepoint: 54801 ns, At safepoint: 9901 ns, Total: 64702 ns
[4599.487s][info ][safepoint      ] Safepoint "Cleanup", Time since last: 8000523139 ns, Reaching safepoint: 114703 ns, At safepoint: 20401 ns, Total: 135104 ns
[4599.751s][info ][gc,start       ] GC(165) Pause Young (Allocation Failure)
[4599.787s][debug][gc,phases      ] GC(165) Scavenge 35.979ms
[4599.787s][debug][gc,ref         ] GC(165) Skipped phase 1 of Reference Processing: no references
[4599.788s][debug][gc,ref         ] GC(165) ReferenceProcessor::execute queues: 1, RefProcThreadModel::Single, marks_oops_alive: false
[4599.788s][debug][gc,ref         ] GC(165) Skipped phase 3 of Reference Processing: no references
[4599.788s][debug][gc,ref         ] GC(165) ReferenceProcessor::execute queues: 1, RefProcThreadModel::Single, marks_oops_alive: false
[4599.788s][debug][gc,phases      ] GC(165) Reference Processing 0.145ms
[4599.788s][debug][gc,phases      ] GC(165)   VM Weak                        Min:  0.0, Avg:  0.0, Max:  0.0, Diff:  0.0, Sum:  0.0, Workers: 4
[4599.788s][debug][gc,phases      ] GC(165)     Dead                           Min: 0, Avg:  0.0, Max: 0, Diff: 0, Sum: 0, Workers: 4
[4599.788s][debug][gc,phases      ] GC(165)     Total                          Min: 0, Avg: 177.8, Max: 512, Diff: 512, Sum: 711, Workers: 4
[4599.788s][debug][gc,phases      ] GC(165)   ObjectSynchronizer Weak        Min:  0.0, Avg:  0.0, Max:  0.0, Diff:  0.0, Sum:  0.0, Workers: 4
[4599.788s][debug][gc,phases      ] GC(165)     Dead                           Min: 0, Avg:  0.0, Max: 0, Diff: 0, Sum: 0, Workers: 4
[4599.788s][debug][gc,phases      ] GC(165)     Total                          Min: 0, Avg: 100.5, Max: 210, Diff: 210, Sum: 402, Workers: 4
[4599.788s][debug][gc,phases      ] GC(165)   JVMTI Tag Weak OopStorage      Min:  0.0, Avg:  0.0, Max:  0.0, Diff:  0.0, Sum:  0.0, Workers: 4
[4599.788s][debug][gc,phases      ] GC(165)     Dead                           Min: 0, Avg:  0.0, Max: 0, Diff: 0, Sum: 0, Workers: 4
[4599.788s][debug][gc,phases      ] GC(165)     Total                          Min: 0, Avg:  0.0, Max: 0, Diff: 0, Sum: 0, Workers: 4
[4599.788s][debug][gc,phases      ] GC(165)   StringTable Weak               Min:  0.1, Avg:  0.1, Max:  0.1, Diff:  0.0, Sum:  0.5, Workers: 4
[4599.788s][debug][gc,phases      ] GC(165)     Dead                           Min: 0, Avg:  0.0, Max: 0, Diff: 0, Sum: 0, Workers: 4
[4599.788s][debug][gc,phases      ] GC(165)     Total                          Min: 11520, Avg: 12167.0, Max: 12864, Diff: 1344, Sum: 48668, Workers: 4
[4599.788s][debug][gc,phases      ] GC(165)   ResolvedMethodTable Weak       Min:  0.0, Avg:  0.0, Max:  0.0, Diff:  0.0, Sum:  0.1, Workers: 4
[4599.788s][debug][gc,phases      ] GC(165)     Dead                           Min: 0, Avg:  0.0, Max: 0, Diff: 0, Sum: 0, Workers: 4
[4599.788s][debug][gc,phases      ] GC(165)     Total                          Min: 1912, Avg: 2040.8, Max: 2224, Diff: 312, Sum: 8163, Workers: 4
[4599.788s][debug][gc,phases      ] GC(165)   JNI Weak                       Min:  0.0, Avg:  0.0, Max:  0.0, Diff:  0.0, Sum:  0.0, Workers: 4
[4599.788s][debug][gc,phases      ] GC(165)     Dead                           Min: 0, Avg:  0.0, Max: 0, Diff: 0, Sum: 0, Workers: 4
[4599.788s][debug][gc,phases      ] GC(165)     Total                          Min: 0, Avg:  0.0, Max: 0, Diff: 0, Sum: 0, Workers: 4
[4599.788s][debug][gc,phases      ] GC(165)   StringDedup Table Weak         Min:  0.0, Avg:  0.0, Max:  0.0, Diff:  0.0, Sum:  0.0, Workers: 4
[4599.788s][debug][gc,phases      ] GC(165)     Dead                           Min: 0, Avg:  0.0, Max: 0, Diff: 0, Sum: 0, Workers: 4
[4599.788s][debug][gc,phases      ] GC(165)     Total                          Min: 0, Avg:  0.0, Max: 0, Diff: 0, Sum: 0, Workers: 4
[4599.788s][debug][gc,phases      ] GC(165)   StringDedup Requests0 Weak     Min:  0.0, Avg:  0.0, Max:  0.0, Diff:  0.0, Sum:  0.0, Workers: 4
[4599.788s][debug][gc,phases      ] GC(165)     Dead                           Min: 0, Avg:  0.0, Max: 0, Diff: 0, Sum: 0, Workers: 4
[4599.788s][debug][gc,phases      ] GC(165)     Total                          Min: 0, Avg:  0.0, Max: 0, Diff: 0, Sum: 0, Workers: 4
[4599.788s][debug][gc,phases      ] GC(165)   StringDedup Requests1 Weak     Min:  0.0, Avg:  0.0, Max:  0.0, Diff:  0.0, Sum:  0.0, Workers: 4
[4599.788s][debug][gc,phases      ] GC(165)     Dead                           Min: 0, Avg:  0.0, Max: 0, Diff: 0, Sum: 0, Workers: 4
[4599.788s][debug][gc,phases      ] GC(165)     Total                          Min: 0, Avg:  0.0, Max: 0, Diff: 0, Sum: 0, Workers: 4
[4599.788s][debug][gc,phases      ] GC(165)   Weak JFR Old Object Samples    Min:  0.0, Avg:  0.0, Max:  0.0, Diff:  0.0, Sum:  0.0, Workers: 4
[4599.788s][debug][gc,phases      ] GC(165)     Dead                           Min: 0, Avg:  0.0, Max: 0, Diff: 0, Sum: 0, Workers: 4
[4599.788s][debug][gc,phases      ] GC(165)     Total                          Min: 0, Avg:  0.0, Max: 0, Diff: 0, Sum: 0, Workers: 4
[4599.788s][debug][gc,phases      ] GC(165) Weak Processing 0.373ms
[4599.788s][debug][gc,age         ] GC(165) Desired survivor size 124780544 bytes, new threshold 14 (max threshold 15)
[4599.788s][info ][gc,heap        ] GC(165) PSYoungGen: 2012904K(2013184K)->83936K(1937408K) Eden: 1929216K(1929216K)->0K(1853440K) From: 83688K(83968K)->83936K(83968K)
[4599.788s][info ][gc,heap        ] GC(165) ParOldGen: 540643K(647168K)->576170K(647168K)
[4599.788s][info ][gc,metaspace   ] GC(165) Metaspace: 83939K(84800K)->83939K(84800K) NonClass: 72255K(72704K)->72255K(72704K) Class: 11683K(12096K)->11683K(12096K)
[4599.788s][info ][gc             ] GC(165) Pause Young (Allocation Failure) 2493M->644M(2524M) 36.665ms
[4599.788s][info ][gc,cpu         ] GC(165) User=0.18s Sys=0.01s Real=0.04s
[4599.788s][info ][safepoint      ] Safepoint "ParallelGCFailedAllocation", Time since last: 264451386 ns, Reaching safepoint: 94602 ns, At safepoint: 36754502 ns, Total: 36849104 ns
[4600.915s][info ][safepoint      ] Safepoint "Cleanup", Time since last: 1126934542 ns, Reaching safepoint: 67202 ns, At safepoint: 9600 ns, Total: 76802 ns
[4601.915s][info ][safepoint      ] Safepoint "Cleanup", Time since last: 1000112031 ns, Reaching safepoint: 46601 ns, At safepoint: 3900 ns, Total: 50501 ns
[4602.915s][info ][safepoint      ] Safepoint "Cleanup", Time since last: 1000101331 ns, Reaching safepoint: 46601 ns, At safepoint: 10800 ns, Total: 57401 ns
[4603.916s][info ][safepoint      ] Safepoint "Cleanup", Time since last: 1000128132 ns, Reaching safepoint: 51801 ns, At safepoint: 6300 ns, Total: 58101 ns
[4604.916s][info ][safepoint      ] Safepoint "Cleanup", Time since last: 1000110632 ns, Reaching safepoint: 44501 ns, At safepoint: 3500 ns, Total: 48001 ns
[4608.419s][info ][safepoint      ] Safepoint "Cleanup", Time since last: 3503038724 ns, Reaching safepoint: 57101 ns, At safepoint: 7300 ns, Total: 64401 ns
[4610.419s][info ][safepoint      ] Safepoint "Cleanup", Time since last: 2000176562 ns, Reaching safepoint: 41301 ns, At safepoint: 6100 ns, Total: 47401 ns
[4613.419s][info ][safepoint      ] Safepoint "Cleanup", Time since last: 3000241791 ns, Reaching safepoint: 45701 ns, At safepoint: 3900 ns, Total: 49601 ns
[4614.419s][info ][safepoint      ] Safepoint "Cleanup", Time since last: 1000106131 ns, Reaching safepoint: 48202 ns, At safepoint: 5900 ns, Total: 54102 ns
[4618.420s][info ][safepoint      ] Safepoint "Cleanup", Time since last: 4000274621 ns, Reaching safepoint: 66701 ns, At safepoint: 9500 ns, Total: 76201 ns
[4626.420s][info ][safepoint      ] Safepoint "Cleanup", Time since last: 8000556243 ns, Reaching safepoint: 54201 ns, At safepoint: 10800 ns, Total: 65001 ns
[4630.421s][info ][safepoint      ] Safepoint "Cleanup", Time since last: 4000265221 ns, Reaching safepoint: 57902 ns, At safepoint: 8900 ns, Total: 66802 ns
[4640.422s][info ][safepoint      ] Safepoint "Cleanup", Time since last: 10000678203 ns, Reaching safepoint: 48501 ns, At safepoint: 6701 ns, Total: 55202 ns
[4652.422s][info ][safepoint      ] Safepoint "Cleanup", Time since last: 12000784564 ns, Reaching safepoint: 47501 ns, At safepoint: 22501 ns, Total: 70002 ns
[4658.423s][info ][safepoint      ] Safepoint "Cleanup", Time since last: 6000405083 ns, Reaching safepoint: 45601 ns, At safepoint: 4500 ns, Total: 50101 ns
[4660.423s][info ][safepoint      ] Safepoint "Cleanup", Time since last: 2000199662 ns, Reaching safepoint: 61302 ns, At safepoint: 5100 ns, Total: 66402 ns
[4662.990s][info ][gc,start       ] GC(166) Pause Young (Allocation Failure)
[4663.010s][debug][gc,phases      ] GC(166) Scavenge 20.357ms
[4663.010s][debug][gc,ref         ] GC(166) Skipped phase 1 of Reference Processing: no references
[4663.010s][debug][gc,ref         ] GC(166) ReferenceProcessor::execute queues: 1, RefProcThreadModel::Single, marks_oops_alive: false
[4663.010s][debug][gc,ref         ] GC(166) Skipped phase 3 of Reference Processing: no references
[4663.010s][debug][gc,ref         ] GC(166) ReferenceProcessor::execute queues: 1, RefProcThreadModel::Single, marks_oops_alive: false
[4663.010s][debug][gc,phases      ] GC(166) Reference Processing 0.139ms
[4663.010s][debug][gc,phases      ] GC(166)   VM Weak                        Min:  0.0, Avg:  0.0, Max:  0.0, Diff:  0.0, Sum:  0.0, Workers: 4
[4663.010s][debug][gc,phases      ] GC(166)     Dead                           Min: 0, Avg:  0.0, Max: 0, Diff: 0, Sum: 0, Workers: 4
[4663.010s][debug][gc,phases      ] GC(166)     Total                          Min: 0, Avg: 177.8, Max: 704, Diff: 704, Sum: 711, Workers: 4
[4663.010s][debug][gc,phases      ] GC(166)   ObjectSynchronizer Weak        Min:  0.0, Avg:  0.0, Max:  0.0, Diff:  0.0, Sum:  0.0, Workers: 4
[4663.010s][debug][gc,phases      ] GC(166)     Dead                           Min: 0, Avg:  0.0, Max: 0, Diff: 0, Sum: 0, Workers: 4
[4663.010s][debug][gc,phases      ] GC(166)     Total                          Min: 0, Avg: 100.5, Max: 192, Diff: 192, Sum: 402, Workers: 4
[4663.010s][debug][gc,phases      ] GC(166)   JVMTI Tag Weak OopStorage      Min:  0.0, Avg:  0.0, Max:  0.0, Diff:  0.0, Sum:  0.0, Workers: 4
[4663.011s][debug][gc,phases      ] GC(166)     Dead                           Min: 0, Avg:  0.0, Max: 0, Diff: 0, Sum: 0, Workers: 4
[4663.011s][debug][gc,phases      ] GC(166)     Total                          Min: 0, Avg:  0.0, Max: 0, Diff: 0, Sum: 0, Workers: 4
[4663.011s][debug][gc,phases      ] GC(166)   StringTable Weak               Min:  0.1, Avg:  0.1, Max:  0.1, Diff:  0.0, Sum:  0.4, Workers: 4
[4663.011s][debug][gc,phases      ] GC(166)     Dead                           Min: 0, Avg:  0.0, Max: 0, Diff: 0, Sum: 0, Workers: 4
[4663.011s][debug][gc,phases      ] GC(166)     Total                          Min: 11486, Avg: 12167.5, Max: 13376, Diff: 1890, Sum: 48670, Workers: 4
[4663.011s][debug][gc,phases      ] GC(166)   ResolvedMethodTable Weak       Min:  0.0, Avg:  0.0, Max:  0.0, Diff:  0.0, Sum:  0.1, Workers: 4
[4663.011s][debug][gc,phases      ] GC(166)     Dead                           Min: 0, Avg:  0.0, Max: 0, Diff: 0, Sum: 0, Workers: 4
[4663.011s][debug][gc,phases      ] GC(166)     Total                          Min: 1907, Avg: 2040.8, Max: 2224, Diff: 317, Sum: 8163, Workers: 4
[4663.011s][debug][gc,phases      ] GC(166)   JNI Weak                       Min:  0.0, Avg:  0.0, Max:  0.0, Diff:  0.0, Sum:  0.0, Workers: 4
[4663.011s][debug][gc,phases      ] GC(166)     Dead                           Min: 0, Avg:  0.0, Max: 0, Diff: 0, Sum: 0, Workers: 4
[4663.011s][debug][gc,phases      ] GC(166)     Total                          Min: 0, Avg:  0.0, Max: 0, Diff: 0, Sum: 0, Workers: 4
[4663.011s][debug][gc,phases      ] GC(166)   StringDedup Table Weak         Min:  0.0, Avg:  0.0, Max:  0.0, Diff:  0.0, Sum:  0.0, Workers: 4
[4663.011s][debug][gc,phases      ] GC(166)     Dead                           Min: 0, Avg:  0.0, Max: 0, Diff: 0, Sum: 0, Workers: 4
[4663.011s][debug][gc,phases      ] GC(166)     Total                          Min: 0, Avg:  0.0, Max: 0, Diff: 0, Sum: 0, Workers: 4
[4663.011s][debug][gc,phases      ] GC(166)   StringDedup Requests0 Weak     Min:  0.0, Avg:  0.0, Max:  0.0, Diff:  0.0, Sum:  0.0, Workers: 4
[4663.011s][debug][gc,phases      ] GC(166)     Dead                           Min: 0, Avg:  0.0, Max: 0, Diff: 0, Sum: 0, Workers: 4
[4663.011s][debug][gc,phases      ] GC(166)     Total                          Min: 0, Avg:  0.0, Max: 0, Diff: 0, Sum: 0, Workers: 4
[4663.011s][debug][gc,phases      ] GC(166)   StringDedup Requests1 Weak     Min:  0.0, Avg:  0.0, Max:  0.0, Diff:  0.0, Sum:  0.0, Workers: 4
[4663.011s][debug][gc,phases      ] GC(166)     Dead                           Min: 0, Avg:  0.0, Max: 0, Diff: 0, Sum: 0, Workers: 4
[4663.011s][debug][gc,phases      ] GC(166)     Total                          Min: 0, Avg:  0.0, Max: 0, Diff: 0, Sum: 0, Workers: 4
[4663.011s][debug][gc,phases      ] GC(166)   Weak JFR Old Object Samples    Min:  0.0, Avg:  0.0, Max:  0.0, Diff:  0.0, Sum:  0.0, Workers: 4
[4663.011s][debug][gc,phases      ] GC(166)     Dead                           Min: 0, Avg:  0.0, Max: 0, Diff: 0, Sum: 0, Workers: 4
[4663.011s][debug][gc,phases      ] GC(166)     Total                          Min: 0, Avg:  0.0, Max: 0, Diff: 0, Sum: 0, Workers: 4
[4663.011s][debug][gc,phases      ] GC(166) Weak Processing 0.322ms
[4663.011s][debug][gc,age         ] GC(166) Desired survivor size 131596288 bytes, new threshold 15 (max threshold 15)
[4663.011s][info ][gc,heap        ] GC(166) PSYoungGen: 1937376K(1937408K)->85344K(1938944K) Eden: 1853440K(1853440K)->0K(1853440K) From: 83936K(83968K)->85344K(85504K)
[4663.011s][info ][gc,heap        ] GC(166) ParOldGen: 576170K(647168K)->576642K(647168K)
[4663.011s][info ][gc,metaspace   ] GC(166) Metaspace: 83946K(84800K)->83946K(84800K) NonClass: 72262K(72704K)->72262K(72704K) Class: 11683K(12096K)->11683K(12096K)
[4663.011s][info ][gc             ] GC(166) Pause Young (Allocation Failure) 2454M->646M(2525M) 20.959ms
[4663.011s][info ][gc,cpu         ] GC(166) User=0.08s Sys=0.00s Real=0.02s
[4663.011s][info ][safepoint      ] Safepoint "ParallelGCFailedAllocation", Time since last: 2566446452 ns, Reaching safepoint: 112103 ns, At safepoint: 21048816 ns, Total: 21160919 ns
[4664.011s][info ][safepoint      ] Safepoint "Cleanup", Time since last: 1000086231 ns, Reaching safepoint: 41901 ns, At safepoint: 3200 ns, Total: 45101 ns
[4666.011s][info ][safepoint      ] Safepoint "Cleanup", Time since last: 2000178462 ns, Reaching safepoint: 47502 ns, At safepoint: 5800 ns, Total: 53302 ns
[4667.198s][info ][safepoint      ] Safepoint "Cleanup", Time since last: 1186522304 ns, Reaching safepoint: 55201 ns, At safepoint: 9600 ns, Total: 64801 ns
[4668.198s][info ][safepoint      ] Safepoint "Cleanup", Time since last: 1000113232 ns, Reaching safepoint: 48301 ns, At safepoint: 7700 ns, Total: 56001 ns
[4679.199s][info ][safepoint      ] Safepoint "Cleanup", Time since last: 11000723437 ns, Reaching safepoint: 47501 ns, At safepoint: 29301 ns, Total: 76802 ns
[4680.199s][info ][safepoint      ] Safepoint "Cleanup", Time since last: 1000100231 ns, Reaching safepoint: 47001 ns, At safepoint: 3900 ns, Total: 50901 ns
[4682.199s][info ][safepoint      ] Safepoint "Cleanup", Time since last: 2000180263 ns, Reaching safepoint: 47401 ns, At safepoint: 7300 ns, Total: 54701 ns
[4685.199s][info ][safepoint      ] Safepoint "Cleanup", Time since last: 3000253593 ns, Reaching safepoint: 51902 ns, At safepoint: 7500 ns, Total: 59402 ns
[4688.200s][info ][safepoint      ] Safepoint "Cleanup", Time since last: 3000236193 ns, Reaching safepoint: 44101 ns, At safepoint: 5600 ns, Total: 49701 ns
[4689.200s][info ][safepoint      ] Safepoint "Cleanup", Time since last: 1000113632 ns, Reaching safepoint: 46101 ns, At safepoint: 3300 ns, Total: 49401 ns
[4691.200s][info ][safepoint      ] Safepoint "Cleanup", Time since last: 2000176763 ns, Reaching safepoint: 47501 ns, At safepoint: 6700 ns, Total: 54201 ns
[4695.200s][info ][safepoint      ] Safepoint "Cleanup", Time since last: 4000389926 ns, Reaching safepoint: 49801 ns, At safepoint: 3100 ns, Total: 52901 ns
[4697.201s][info ][safepoint      ] Safepoint "Cleanup", Time since last: 2000171963 ns, Reaching safepoint: 46201 ns, At safepoint: 3300 ns, Total: 49501 ns
[4705.201s][info ][safepoint      ] Safepoint "Cleanup", Time since last: 8000578947 ns, Reaching safepoint: 50002 ns, At safepoint: 30300 ns, Total: 80302 ns
[4706.201s][info ][safepoint      ] Safepoint "Cleanup", Time since last: 1000097432 ns, Reaching safepoint: 42501 ns, At safepoint: 3200 ns, Total: 45701 ns
[4709.202s][info ][safepoint      ] Safepoint "Cleanup", Time since last: 3000241394 ns, Reaching safepoint: 53601 ns, At safepoint: 10000 ns, Total: 63601 ns
[4710.202s][info ][safepoint      ] Safepoint "Cleanup", Time since last: 1000111332 ns, Reaching safepoint: 42601 ns, At safepoint: 2900 ns, Total: 45501 ns
[4711.202s][info ][safepoint      ] Safepoint "Cleanup", Time since last: 1000113432 ns, Reaching safepoint: 54702 ns, At safepoint: 4200 ns, Total: 58902 ns
[4713.202s][info ][safepoint      ] Safepoint "Cleanup", Time since last: 2000207863 ns, Reaching safepoint: 48701 ns, At safepoint: 8301 ns, Total: 57002 ns
[4714.059s][info ][gc,start       ] GC(167) Pause Young (Allocation Failure)
[4714.084s][debug][gc,phases      ] GC(167) Scavenge 25.069ms
[4714.084s][debug][gc,ref         ] GC(167) Skipped phase 1 of Reference Processing: no references
[4714.084s][debug][gc,ref         ] GC(167) ReferenceProcessor::execute queues: 1, RefProcThreadModel::Single, marks_oops_alive: false
[4714.084s][debug][gc,ref         ] GC(167) Skipped phase 3 of Reference Processing: no references
[4714.084s][debug][gc,ref         ] GC(167) ReferenceProcessor::execute queues: 1, RefProcThreadModel::Single, marks_oops_alive: false
[4714.084s][debug][gc,phases      ] GC(167) Reference Processing 0.128ms
[4714.084s][debug][gc,phases      ] GC(167)   VM Weak                        Min:  0.0, Avg:  0.0, Max:  0.0, Diff:  0.0, Sum:  0.0, Workers: 4
[4714.084s][debug][gc,phases      ] GC(167)     Dead                           Min: 0, Avg:  0.0, Max: 0, Diff: 0, Sum: 0, Workers: 4
[4714.084s][debug][gc,phases      ] GC(167)     Total                          Min: 0, Avg: 177.8, Max: 704, Diff: 704, Sum: 711, Workers: 4
[4714.084s][debug][gc,phases      ] GC(167)   ObjectSynchronizer Weak        Min:  0.0, Avg:  0.0, Max:  0.0, Diff:  0.0, Sum:  0.0, Workers: 4
[4714.084s][debug][gc,phases      ] GC(167)     Dead                           Min: 0, Avg:  0.0, Max: 0, Diff: 0, Sum: 0, Workers: 4
[4714.084s][debug][gc,phases      ] GC(167)     Total                          Min: 0, Avg: 100.5, Max: 210, Diff: 210, Sum: 402, Workers: 4
[4714.084s][debug][gc,phases      ] GC(167)   JVMTI Tag Weak OopStorage      Min:  0.0, Avg:  0.0, Max:  0.0, Diff:  0.0, Sum:  0.0, Workers: 4
[4714.084s][debug][gc,phases      ] GC(167)     Dead                           Min: 0, Avg:  0.0, Max: 0, Diff: 0, Sum: 0, Workers: 4
[4714.084s][debug][gc,phases      ] GC(167)     Total                          Min: 0, Avg:  0.0, Max: 0, Diff: 0, Sum: 0, Workers: 4
[4714.084s][debug][gc,phases      ] GC(167)   StringTable Weak               Min:  0.1, Avg:  0.1, Max:  0.1, Diff:  0.0, Sum:  0.4, Workers: 4
[4714.084s][debug][gc,phases      ] GC(167)     Dead                           Min: 0, Avg:  0.0, Max: 0, Diff: 0, Sum: 0, Workers: 4
[4714.084s][debug][gc,phases      ] GC(167)     Total                          Min: 10880, Avg: 12167.8, Max: 13248, Diff: 2368, Sum: 48671, Workers: 4
[4714.084s][debug][gc,phases      ] GC(167)   ResolvedMethodTable Weak       Min:  0.0, Avg:  0.0, Max:  0.0, Diff:  0.0, Sum:  0.1, Workers: 4
[4714.084s][debug][gc,phases      ] GC(167)     Dead                           Min: 0, Avg:  0.0, Max: 0, Diff: 0, Sum: 0, Workers: 4
[4714.084s][debug][gc,phases      ] GC(167)     Total                          Min: 1940, Avg: 2040.8, Max: 2224, Diff: 284, Sum: 8163, Workers: 4
[4714.084s][debug][gc,phases      ] GC(167)   JNI Weak                       Min:  0.0, Avg:  0.0, Max:  0.0, Diff:  0.0, Sum:  0.0, Workers: 4
[4714.084s][debug][gc,phases      ] GC(167)     Dead                           Min: 0, Avg:  0.0, Max: 0, Diff: 0, Sum: 0, Workers: 4
[4714.084s][debug][gc,phases      ] GC(167)     Total                          Min: 0, Avg:  0.0, Max: 0, Diff: 0, Sum: 0, Workers: 4
[4714.084s][debug][gc,phases      ] GC(167)   StringDedup Table Weak         Min:  0.0, Avg:  0.0, Max:  0.0, Diff:  0.0, Sum:  0.0, Workers: 4
[4714.084s][debug][gc,phases      ] GC(167)     Dead                           Min: 0, Avg:  0.0, Max: 0, Diff: 0, Sum: 0, Workers: 4
[4714.084s][debug][gc,phases      ] GC(167)     Total                          Min: 0, Avg:  0.0, Max: 0, Diff: 0, Sum: 0, Workers: 4
[4714.084s][debug][gc,phases      ] GC(167)   StringDedup Requests0 Weak     Min:  0.0, Avg:  0.0, Max:  0.0, Diff:  0.0, Sum:  0.0, Workers: 4
[4714.084s][debug][gc,phases      ] GC(167)     Dead                           Min: 0, Avg:  0.0, Max: 0, Diff: 0, Sum: 0, Workers: 4
[4714.084s][debug][gc,phases      ] GC(167)     Total                          Min: 0, Avg:  0.0, Max: 0, Diff: 0, Sum: 0, Workers: 4
[4714.084s][debug][gc,phases      ] GC(167)   StringDedup Requests1 Weak     Min:  0.0, Avg:  0.0, Max:  0.0, Diff:  0.0, Sum:  0.0, Workers: 4
[4714.084s][debug][gc,phases      ] GC(167)     Dead                           Min: 0, Avg:  0.0, Max: 0, Diff: 0, Sum: 0, Workers: 4
[4714.084s][debug][gc,phases      ] GC(167)     Total                          Min: 0, Avg:  0.0, Max: 0, Diff: 0, Sum: 0, Workers: 4
[4714.084s][debug][gc,phases      ] GC(167)   Weak JFR Old Object Samples    Min:  0.0, Avg:  0.0, Max:  0.0, Diff:  0.0, Sum:  0.0, Workers: 4
[4714.084s][debug][gc,phases      ] GC(167)     Dead                           Min: 0, Avg:  0.0, Max: 0, Diff: 0, Sum: 0, Workers: 4
[4714.084s][debug][gc,phases      ] GC(167)     Total                          Min: 0, Avg:  0.0, Max: 0, Diff: 0, Sum: 0, Workers: 4
[4714.084s][debug][gc,phases      ] GC(167) Weak Processing 0.335ms
[4714.084s][debug][gc,age         ] GC(167) Desired survivor size 142082048 bytes, new threshold 15 (max threshold 15)
[4714.084s][info ][gc,heap        ] GC(167) PSYoungGen: 1938784K(1938944K)->98256K(1948160K) Eden: 1853440K(1853440K)->0K(1819648K) From: 85344K(85504K)->98256K(128512K)
[4714.084s][info ][gc,heap        ] GC(167) ParOldGen: 576642K(647168K)->576642K(647168K)
[4714.084s][info ][gc,metaspace   ] GC(167) Metaspace: 83957K(84800K)->83957K(84800K) NonClass: 72273K(72704K)->72273K(72704K) Class: 11683K(12096K)->11683K(12096K)
[4714.085s][info ][gc             ] GC(167) Pause Young (Allocation Failure) 2456M->659M(2534M) 25.676ms
[4714.085s][info ][gc,cpu         ] GC(167) User=0.11s Sys=0.00s Real=0.02s
[4714.085s][info ][safepoint      ] Safepoint "ParallelGCFailedAllocation", Time since last: 856396306 ns, Reaching safepoint: 25201 ns, At safepoint: 25753132 ns, Total: 25778333 ns
[4715.085s][info ][safepoint      ] Safepoint "Cleanup", Time since last: 1000087831 ns, Reaching safepoint: 47401 ns, At safepoint: 6800 ns, Total: 54201 ns
[4718.085s][info ][safepoint      ] Safepoint "Cleanup", Time since last: 3000186193 ns, Reaching safepoint: 45101 ns, At safepoint: 3200 ns, Total: 48301 ns
[4724.085s][info ][safepoint      ] Safepoint "Cleanup", Time since last: 6000442487 ns, Reaching safepoint: 53601 ns, At safepoint: 5900 ns, Total: 59501 ns
[4736.086s][info ][safepoint      ] Safepoint "Cleanup", Time since last: 12000761671 ns, Reaching safepoint: 119203 ns, At safepoint: 34201 ns, Total: 153404 ns
[4742.087s][info ][safepoint      ] Safepoint "Cleanup", Time since last: 6000456587 ns, Reaching safepoint: 122503 ns, At safepoint: 6501 ns, Total: 129004 ns
[4748.088s][info ][safepoint      ] Safepoint "Cleanup", Time since last: 6000448887 ns, Reaching safepoint: 122003 ns, At safepoint: 16101 ns, Total: 138104 ns
[4749.088s][info ][safepoint      ] Safepoint "Cleanup", Time since last: 1000122132 ns, Reaching safepoint: 123203 ns, At safepoint: 6200 ns, Total: 129403 ns
[4753.088s][info ][safepoint      ] Safepoint "Cleanup", Time since last: 4000308326 ns, Reaching safepoint: 135003 ns, At safepoint: 10100 ns, Total: 145103 ns
[4757.089s][info ][safepoint      ] Safepoint "Cleanup", Time since last: 4000296326 ns, Reaching safepoint: 107002 ns, At safepoint: 9701 ns, Total: 116703 ns
[4761.089s][info ][safepoint      ] Safepoint "Cleanup", Time since last: 4000337426 ns, Reaching safepoint: 114203 ns, At safepoint: 13100 ns, Total: 127303 ns
[4769.090s][info ][safepoint      ] Safepoint "Cleanup", Time since last: 8000569151 ns, Reaching safepoint: 111502 ns, At safepoint: 3500 ns, Total: 115002 ns
[4771.090s][info ][safepoint      ] Safepoint "Cleanup", Time since last: 2000172364 ns, Reaching safepoint: 113703 ns, At safepoint: 5900 ns, Total: 119603 ns
[4778.091s][info ][safepoint      ] Safepoint "Cleanup", Time since last: 7000558321 ns, Reaching safepoint: 123303 ns, At safepoint: 10100 ns, Total: 133403 ns
[4779.091s][info ][safepoint      ] Safepoint "Cleanup", Time since last: 1000103832 ns, Reaching safepoint: 113603 ns, At safepoint: 7200 ns, Total: 120803 ns
[4780.091s][info ][safepoint      ] Safepoint "Cleanup", Time since last: 1000083232 ns, Reaching safepoint: 111503 ns, At safepoint: 6000 ns, Total: 117503 ns
[4792.092s][info ][safepoint      ] Safepoint "Cleanup", Time since last: 12000875278 ns, Reaching safepoint: 120303 ns, At safepoint: 6200 ns, Total: 126503 ns
[4796.093s][info ][safepoint      ] Safepoint "Cleanup", Time since last: 4000310827 ns, Reaching safepoint: 49401 ns, At safepoint: 7900 ns, Total: 57301 ns
[4799.093s][info ][safepoint      ] Safepoint "Cleanup", Time since last: 3000233595 ns, Reaching safepoint: 46401 ns, At safepoint: 3900 ns, Total: 50301 ns
[4812.188s][info ][gc,start       ] GC(168) Pause Young (Allocation Failure)
[4812.209s][debug][gc,phases      ] GC(168) Scavenge 21.036ms
[4812.209s][debug][gc,ref         ] GC(168) Skipped phase 1 of Reference Processing: no references
[4812.209s][debug][gc,ref         ] GC(168) ReferenceProcessor::execute queues: 1, RefProcThreadModel::Single, marks_oops_alive: false
[4812.209s][debug][gc,ref         ] GC(168) Skipped phase 3 of Reference Processing: no references
[4812.209s][debug][gc,ref         ] GC(168) ReferenceProcessor::execute queues: 1, RefProcThreadModel::Single, marks_oops_alive: false
[4812.209s][debug][gc,phases      ] GC(168) Reference Processing 0.135ms
[4812.209s][debug][gc,phases      ] GC(168)   VM Weak                        Min:  0.0, Avg:  0.0, Max:  0.0, Diff:  0.0, Sum:  0.0, Workers: 4
[4812.209s][debug][gc,phases      ] GC(168)     Dead                           Min: 0, Avg:  0.0, Max: 0, Diff: 0, Sum: 0, Workers: 4
[4812.209s][debug][gc,phases      ] GC(168)     Total                          Min: 0, Avg: 177.8, Max: 320, Diff: 320, Sum: 711, Workers: 4
[4812.209s][debug][gc,phases      ] GC(168)   ObjectSynchronizer Weak        Min:  0.0, Avg:  0.0, Max:  0.0, Diff:  0.0, Sum:  0.0, Workers: 4
[4812.209s][debug][gc,phases      ] GC(168)     Dead                           Min: 0, Avg:  0.0, Max: 0, Diff: 0, Sum: 0, Workers: 4
[4812.209s][debug][gc,phases      ] GC(168)     Total                          Min: 18, Avg: 100.5, Max: 192, Diff: 174, Sum: 402, Workers: 4
[4812.209s][debug][gc,phases      ] GC(168)   JVMTI Tag Weak OopStorage      Min:  0.0, Avg:  0.0, Max:  0.0, Diff:  0.0, Sum:  0.0, Workers: 4
[4812.209s][debug][gc,phases      ] GC(168)     Dead                           Min: 0, Avg:  0.0, Max: 0, Diff: 0, Sum: 0, Workers: 4
[4812.209s][debug][gc,phases      ] GC(168)     Total                          Min: 0, Avg:  0.0, Max: 0, Diff: 0, Sum: 0, Workers: 4
[4812.209s][debug][gc,phases      ] GC(168)   StringTable Weak               Min:  0.1, Avg:  0.1, Max:  0.1, Diff:  0.0, Sum:  0.4, Workers: 4
[4812.209s][debug][gc,phases      ] GC(168)     Dead                           Min: 0, Avg:  0.0, Max: 0, Diff: 0, Sum: 0, Workers: 4
[4812.209s][debug][gc,phases      ] GC(168)     Total                          Min: 11456, Avg: 12168.8, Max: 13027, Diff: 1571, Sum: 48675, Workers: 4
[4812.209s][debug][gc,phases      ] GC(168)   ResolvedMethodTable Weak       Min:  0.0, Avg:  0.0, Max:  0.0, Diff:  0.0, Sum:  0.1, Workers: 4
[4812.209s][debug][gc,phases      ] GC(168)     Dead                           Min: 0, Avg:  0.0, Max: 0, Diff: 0, Sum: 0, Workers: 4
[4812.209s][debug][gc,phases      ] GC(168)     Total                          Min: 1486, Avg: 2040.8, Max: 2365, Diff: 879, Sum: 8163, Workers: 4
[4812.209s][debug][gc,phases      ] GC(168)   JNI Weak                       Min:  0.0, Avg:  0.0, Max:  0.0, Diff:  0.0, Sum:  0.0, Workers: 4
[4812.209s][debug][gc,phases      ] GC(168)     Dead                           Min: 0, Avg:  0.0, Max: 0, Diff: 0, Sum: 0, Workers: 4
[4812.209s][debug][gc,phases      ] GC(168)     Total                          Min: 0, Avg:  0.0, Max: 0, Diff: 0, Sum: 0, Workers: 4
[4812.209s][debug][gc,phases      ] GC(168)   StringDedup Table Weak         Min:  0.0, Avg:  0.0, Max:  0.0, Diff:  0.0, Sum:  0.0, Workers: 4
[4812.209s][debug][gc,phases      ] GC(168)     Dead                           Min: 0, Avg:  0.0, Max: 0, Diff: 0, Sum: 0, Workers: 4
[4812.209s][debug][gc,phases      ] GC(168)     Total                          Min: 0, Avg:  0.0, Max: 0, Diff: 0, Sum: 0, Workers: 4
[4812.209s][debug][gc,phases      ] GC(168)   StringDedup Requests0 Weak     Min:  0.0, Avg:  0.0, Max:  0.0, Diff:  0.0, Sum:  0.0, Workers: 4
[4812.209s][debug][gc,phases      ] GC(168)     Dead                           Min: 0, Avg:  0.0, Max: 0, Diff: 0, Sum: 0, Workers: 4
[4812.209s][debug][gc,phases      ] GC(168)     Total                          Min: 0, Avg:  0.0, Max: 0, Diff: 0, Sum: 0, Workers: 4
[4812.209s][debug][gc,phases      ] GC(168)   StringDedup Requests1 Weak     Min:  0.0, Avg:  0.0, Max:  0.0, Diff:  0.0, Sum:  0.0, Workers: 4
[4812.209s][debug][gc,phases      ] GC(168)     Dead                           Min: 0, Avg:  0.0, Max: 0, Diff: 0, Sum: 0, Workers: 4
[4812.209s][debug][gc,phases      ] GC(168)     Total                          Min: 0, Avg:  0.0, Max: 0, Diff: 0, Sum: 0, Workers: 4
[4812.209s][debug][gc,phases      ] GC(168)   Weak JFR Old Object Samples    Min:  0.0, Avg:  0.0, Max:  0.0, Diff:  0.0, Sum:  0.0, Workers: 4
[4812.209s][debug][gc,phases      ] GC(168)     Dead                           Min: 0, Avg:  0.0, Max: 0, Diff: 0, Sum: 0, Workers: 4
[4812.209s][debug][gc,phases      ] GC(168)     Total                          Min: 0, Avg:  0.0, Max: 0, Diff: 0, Sum: 0, Workers: 4
[4812.209s][debug][gc,phases      ] GC(168) Weak Processing 0.337ms
[4812.209s][debug][gc,age         ] GC(168) Desired survivor size 149422080 bytes, new threshold 15 (max threshold 15)
[4812.209s][info ][gc,heap        ] GC(168) PSYoungGen: 1917904K(1948160K)->98144K(1917952K) Eden: 1819648K(1819648K)->0K(1819648K) From: 98256K(128512K)->98144K(98304K)
[4812.209s][info ][gc,heap        ] GC(168) ParOldGen: 576642K(647168K)->576778K(647168K)
[4812.209s][info ][gc,metaspace   ] GC(168) Metaspace: 83973K(84864K)->83973K(84864K) NonClass: 72289K(72768K)->72289K(72768K) Class: 11683K(12096K)->11683K(12096K)
[4812.209s][info ][gc             ] GC(168) Pause Young (Allocation Failure) 2436M->659M(2505M) 21.649ms
[4812.209s][info ][gc,cpu         ] GC(168) User=0.08s Sys=0.00s Real=0.03s
[4812.209s][info ][safepoint      ] Safepoint "ParallelGCFailedAllocation", Time since last: 13094731812 ns, Reaching safepoint: 108802 ns, At safepoint: 21736833 ns, Total: 21845635 ns
[4840.211s][info ][safepoint      ] Safepoint "Cleanup", Time since last: 28001760081 ns, Reaching safepoint: 49902 ns, At safepoint: 7700 ns, Total: 57602 ns
[4842.211s][info ][safepoint      ] Safepoint "Cleanup", Time since last: 2000154164 ns, Reaching safepoint: 40401 ns, At safepoint: 3800 ns, Total: 44201 ns
[4858.213s][info ][safepoint      ] Safepoint "Cleanup", Time since last: 16001087207 ns, Reaching safepoint: 110603 ns, At safepoint: 13800 ns, Total: 124403 ns
[4859.213s][info ][safepoint      ] Safepoint "Cleanup", Time since last: 1000112133 ns, Reaching safepoint: 42401 ns, At safepoint: 4500 ns, Total: 46901 ns
[4860.213s][info ][safepoint      ] Safepoint "Cleanup", Time since last: 1000116233 ns, Reaching safepoint: 47301 ns, At safepoint: 3401 ns, Total: 50702 ns
[4863.213s][info ][safepoint      ] Safepoint "Cleanup", Time since last: 3000207495 ns, Reaching safepoint: 44501 ns, At safepoint: 3400 ns, Total: 47901 ns
[4871.214s][info ][safepoint      ] Safepoint "Cleanup", Time since last: 8000540855 ns, Reaching safepoint: 40101 ns, At safepoint: 7900 ns, Total: 48001 ns
[4875.214s][info ][safepoint      ] Safepoint "Cleanup", Time since last: 4000245826 ns, Reaching safepoint: 42401 ns, At safepoint: 3101 ns, Total: 45502 ns
[4876.757s][info ][gc,start       ] GC(169) Pause Young (Allocation Failure)
[4876.784s][debug][gc,phases      ] GC(169) Scavenge 27.335ms
[4876.784s][debug][gc,ref         ] GC(169) Skipped phase 1 of Reference Processing: no references
[4876.784s][debug][gc,ref         ] GC(169) ReferenceProcessor::execute queues: 1, RefProcThreadModel::Single, marks_oops_alive: false
[4876.784s][debug][gc,ref         ] GC(169) Skipped phase 3 of Reference Processing: no references
[4876.784s][debug][gc,ref         ] GC(169) ReferenceProcessor::execute queues: 1, RefProcThreadModel::Single, marks_oops_alive: false
[4876.784s][debug][gc,phases      ] GC(169) Reference Processing 0.171ms
[4876.784s][debug][gc,phases      ] GC(169)   VM Weak                        Min:  0.0, Avg:  0.0, Max:  0.0, Diff:  0.0, Sum:  0.0, Workers: 4
[4876.784s][debug][gc,phases      ] GC(169)     Dead                           Min: 0, Avg:  0.0, Max: 0, Diff: 0, Sum: 0, Workers: 4
[4876.784s][debug][gc,phases      ] GC(169)     Total                          Min: 0, Avg: 177.8, Max: 711, Diff: 711, Sum: 711, Workers: 4
[4876.784s][debug][gc,phases      ] GC(169)   ObjectSynchronizer Weak        Min:  0.0, Avg:  0.0, Max:  0.0, Diff:  0.0, Sum:  0.0, Workers: 4
[4876.784s][debug][gc,phases      ] GC(169)     Dead                           Min: 0, Avg:  0.0, Max: 0, Diff: 0, Sum: 0, Workers: 4
[4876.784s][debug][gc,phases      ] GC(169)     Total                          Min: 0, Avg: 100.5, Max: 256, Diff: 256, Sum: 402, Workers: 4
[4876.784s][debug][gc,phases      ] GC(169)   JVMTI Tag Weak OopStorage      Min:  0.0, Avg:  0.0, Max:  0.0, Diff:  0.0, Sum:  0.0, Workers: 4
[4876.784s][debug][gc,phases      ] GC(169)     Dead                           Min: 0, Avg:  0.0, Max: 0, Diff: 0, Sum: 0, Workers: 4
[4876.784s][debug][gc,phases      ] GC(169)     Total                          Min: 0, Avg:  0.0, Max: 0, Diff: 0, Sum: 0, Workers: 4
[4876.784s][debug][gc,phases      ] GC(169)   StringTable Weak               Min:  0.1, Avg:  0.1, Max:  0.1, Diff:  0.0, Sum:  0.4, Workers: 4
[4876.784s][debug][gc,phases      ] GC(169)     Dead                           Min: 0, Avg:  0.0, Max: 0, Diff: 0, Sum: 0, Workers: 4
[4876.784s][debug][gc,phases      ] GC(169)     Total                          Min: 10560, Avg: 12168.8, Max: 13824, Diff: 3264, Sum: 48675, Workers: 4
[4876.784s][debug][gc,phases      ] GC(169)   ResolvedMethodTable Weak       Min:  0.0, Avg:  0.0, Max:  0.0, Diff:  0.0, Sum:  0.1, Workers: 4
[4876.784s][debug][gc,phases      ] GC(169)     Dead                           Min: 0, Avg:  0.0, Max: 0, Diff: 0, Sum: 0, Workers: 4
[4876.784s][debug][gc,phases      ] GC(169)     Total                          Min: 1907, Avg: 2040.8, Max: 2132, Diff: 225, Sum: 8163, Workers: 4
[4876.784s][debug][gc,phases      ] GC(169)   JNI Weak                       Min:  0.0, Avg:  0.0, Max:  0.0, Diff:  0.0, Sum:  0.0, Workers: 4
[4876.784s][debug][gc,phases      ] GC(169)     Dead                           Min: 0, Avg:  0.0, Max: 0, Diff: 0, Sum: 0, Workers: 4
[4876.784s][debug][gc,phases      ] GC(169)     Total                          Min: 0, Avg:  0.0, Max: 0, Diff: 0, Sum: 0, Workers: 4
[4876.784s][debug][gc,phases      ] GC(169)   StringDedup Table Weak         Min:  0.0, Avg:  0.0, Max:  0.0, Diff:  0.0, Sum:  0.0, Workers: 4
[4876.784s][debug][gc,phases      ] GC(169)     Dead                           Min: 0, Avg:  0.0, Max: 0, Diff: 0, Sum: 0, Workers: 4
[4876.784s][debug][gc,phases      ] GC(169)     Total                          Min: 0, Avg:  0.0, Max: 0, Diff: 0, Sum: 0, Workers: 4
[4876.784s][debug][gc,phases      ] GC(169)   StringDedup Requests0 Weak     Min:  0.0, Avg:  0.0, Max:  0.0, Diff:  0.0, Sum:  0.0, Workers: 4
[4876.784s][debug][gc,phases      ] GC(169)     Dead                           Min: 0, Avg:  0.0, Max: 0, Diff: 0, Sum: 0, Workers: 4
[4876.784s][debug][gc,phases      ] GC(169)     Total                          Min: 0, Avg:  0.0, Max: 0, Diff: 0, Sum: 0, Workers: 4
[4876.784s][debug][gc,phases      ] GC(169)   StringDedup Requests1 Weak     Min:  0.0, Avg:  0.0, Max:  0.0, Diff:  0.0, Sum:  0.0, Workers: 4
[4876.784s][debug][gc,phases      ] GC(169)     Dead                           Min: 0, Avg:  0.0, Max: 0, Diff: 0, Sum: 0, Workers: 4
[4876.784s][debug][gc,phases      ] GC(169)     Total                          Min: 0, Avg:  0.0, Max: 0, Diff: 0, Sum: 0, Workers: 4
[4876.784s][debug][gc,phases      ] GC(169)   Weak JFR Old Object Samples    Min:  0.0, Avg:  0.0, Max:  0.0, Diff:  0.0, Sum:  0.0, Workers: 4
[4876.784s][debug][gc,phases      ] GC(169)     Dead                           Min: 0, Avg:  0.0, Max: 0, Diff: 0, Sum: 0, Workers: 4
[4876.784s][debug][gc,phases      ] GC(169)     Total                          Min: 0, Avg:  0.0, Max: 0, Diff: 0, Sum: 0, Workers: 4
[4876.785s][debug][gc,phases      ] GC(169) Weak Processing 0.341ms
[4876.785s][debug][gc,age         ] GC(169) Desired survivor size 162004992 bytes, new threshold 15 (max threshold 15)
[4876.785s][info ][gc,heap        ] GC(169) PSYoungGen: 1917792K(1917952K)->115920K(1926656K) Eden: 1819648K(1819648K)->0K(1780736K) From: 98144K(98304K)->115920K(145920K)
[4876.785s][info ][gc,heap        ] GC(169) ParOldGen: 576778K(647168K)->576930K(647168K)
[4876.785s][info ][gc,metaspace   ] GC(169) Metaspace: 83990K(84864K)->83990K(84864K) NonClass: 72306K(72768K)->72306K(72768K) Class: 11683K(12096K)->11683K(12096K)
[4876.785s][info ][gc             ] GC(169) Pause Young (Allocation Failure) 2436M->676M(2513M) 28.010ms
[4876.785s][info ][gc,cpu         ] GC(169) User=0.11s Sys=0.00s Real=0.02s
[4876.785s][info ][safepoint      ] Safepoint "ParallelGCFailedAllocation", Time since last: 1542357734 ns, Reaching safepoint: 37001 ns, At safepoint: 28112989 ns, Total: 28149990 ns
[4897.786s][info ][safepoint      ] Safepoint "Cleanup", Time since last: 21001340468 ns, Reaching safepoint: 55402 ns, At safepoint: 11200 ns, Total: 66602 ns
[4900.786s][info ][safepoint      ] Safepoint "Cleanup", Time since last: 3000206896 ns, Reaching safepoint: 111303 ns, At safepoint: 7700 ns, Total: 119003 ns
[4946.789s][info ][safepoint      ] Safepoint "Cleanup", Time since last: 46002988872 ns, Reaching safepoint: 118103 ns, At safepoint: 10900 ns, Total: 129003 ns
[4962.791s][info ][safepoint      ] Safepoint "Cleanup", Time since last: 16000981113 ns, Reaching safepoint: 114303 ns, At safepoint: 7300 ns, Total: 121603 ns
[4963.841s][info ][gc,start       ] GC(170) Pause Young (Allocation Failure)
[4963.866s][debug][gc,phases      ] GC(170) Scavenge 24.796ms
[4963.866s][debug][gc,ref         ] GC(170) Skipped phase 1 of Reference Processing: no references
[4963.866s][debug][gc,ref         ] GC(170) ReferenceProcessor::execute queues: 1, RefProcThreadModel::Single, marks_oops_alive: false
[4963.866s][debug][gc,ref         ] GC(170) Skipped phase 3 of Reference Processing: no references
[4963.866s][debug][gc,ref         ] GC(170) ReferenceProcessor::execute queues: 1, RefProcThreadModel::Single, marks_oops_alive: false
[4963.866s][debug][gc,phases      ] GC(170) Reference Processing 0.139ms
[4963.866s][debug][gc,phases      ] GC(170)   VM Weak                        Min:  0.0, Avg:  0.0, Max:  0.0, Diff:  0.0, Sum:  0.0, Workers: 4
[4963.866s][debug][gc,phases      ] GC(170)     Dead                           Min: 0, Avg:  0.0, Max: 0, Diff: 0, Sum: 0, Workers: 4
[4963.866s][debug][gc,phases      ] GC(170)     Total                          Min: 0, Avg: 177.8, Max: 711, Diff: 711, Sum: 711, Workers: 4
[4963.866s][debug][gc,phases      ] GC(170)   ObjectSynchronizer Weak        Min:  0.0, Avg:  0.0, Max:  0.0, Diff:  0.0, Sum:  0.0, Workers: 4
[4963.866s][debug][gc,phases      ] GC(170)     Dead                           Min: 0, Avg:  0.0, Max: 0, Diff: 0, Sum: 0, Workers: 4
[4963.866s][debug][gc,phases      ] GC(170)     Total                          Min: 0, Avg: 100.5, Max: 256, Diff: 256, Sum: 402, Workers: 4
[4963.866s][debug][gc,phases      ] GC(170)   JVMTI Tag Weak OopStorage      Min:  0.0, Avg:  0.0, Max:  0.0, Diff:  0.0, Sum:  0.0, Workers: 4
[4963.866s][debug][gc,phases      ] GC(170)     Dead                           Min: 0, Avg:  0.0, Max: 0, Diff: 0, Sum: 0, Workers: 4
[4963.866s][debug][gc,phases      ] GC(170)     Total                          Min: 0, Avg:  0.0, Max: 0, Diff: 0, Sum: 0, Workers: 4
[4963.866s][debug][gc,phases      ] GC(170)   StringTable Weak               Min:  0.1, Avg:  0.1, Max:  0.1, Diff:  0.0, Sum:  0.4, Workers: 4
[4963.866s][debug][gc,phases      ] GC(170)     Dead                           Min: 0, Avg:  0.0, Max: 0, Diff: 0, Sum: 0, Workers: 4
[4963.867s][debug][gc,phases      ] GC(170)     Total                          Min: 11440, Avg: 12172.0, Max: 13568, Diff: 2128, Sum: 48688, Workers: 4
[4963.867s][debug][gc,phases      ] GC(170)   ResolvedMethodTable Weak       Min:  0.0, Avg:  0.0, Max:  0.0, Diff:  0.0, Sum:  0.1, Workers: 4
[4963.867s][debug][gc,phases      ] GC(170)     Dead                           Min: 0, Avg:  0.0, Max: 0, Diff: 0, Sum: 0, Workers: 4
[4963.867s][debug][gc,phases      ] GC(170)     Total                          Min: 1876, Avg: 2040.8, Max: 2288, Diff: 412, Sum: 8163, Workers: 4
[4963.867s][debug][gc,phases      ] GC(170)   JNI Weak                       Min:  0.0, Avg:  0.0, Max:  0.0, Diff:  0.0, Sum:  0.0, Workers: 4
[4963.867s][debug][gc,phases      ] GC(170)     Dead                           Min: 0, Avg:  0.0, Max: 0, Diff: 0, Sum: 0, Workers: 4
[4963.867s][debug][gc,phases      ] GC(170)     Total                          Min: 0, Avg:  0.0, Max: 0, Diff: 0, Sum: 0, Workers: 4
[4963.867s][debug][gc,phases      ] GC(170)   StringDedup Table Weak         Min:  0.0, Avg:  0.0, Max:  0.0, Diff:  0.0, Sum:  0.0, Workers: 4
[4963.867s][debug][gc,phases      ] GC(170)     Dead                           Min: 0, Avg:  0.0, Max: 0, Diff: 0, Sum: 0, Workers: 4
[4963.867s][debug][gc,phases      ] GC(170)     Total                          Min: 0, Avg:  0.0, Max: 0, Diff: 0, Sum: 0, Workers: 4
[4963.867s][debug][gc,phases      ] GC(170)   StringDedup Requests0 Weak     Min:  0.0, Avg:  0.0, Max:  0.0, Diff:  0.0, Sum:  0.0, Workers: 4
[4963.867s][debug][gc,phases      ] GC(170)     Dead                           Min: 0, Avg:  0.0, Max: 0, Diff: 0, Sum: 0, Workers: 4
[4963.867s][debug][gc,phases      ] GC(170)     Total                          Min: 0, Avg:  0.0, Max: 0, Diff: 0, Sum: 0, Workers: 4
[4963.867s][debug][gc,phases      ] GC(170)   StringDedup Requests1 Weak     Min:  0.0, Avg:  0.0, Max:  0.0, Diff:  0.0, Sum:  0.0, Workers: 4
[4963.867s][debug][gc,phases      ] GC(170)     Dead                           Min: 0, Avg:  0.0, Max: 0, Diff: 0, Sum: 0, Workers: 4
[4963.867s][debug][gc,phases      ] GC(170)     Total                          Min: 0, Avg:  0.0, Max: 0, Diff: 0, Sum: 0, Workers: 4
[4963.867s][debug][gc,phases      ] GC(170)   Weak JFR Old Object Samples    Min:  0.0, Avg:  0.0, Max:  0.0, Diff:  0.0, Sum:  0.0, Workers: 4
[4963.867s][debug][gc,phases      ] GC(170)     Dead                           Min: 0, Avg:  0.0, Max: 0, Diff: 0, Sum: 0, Workers: 4
[4963.867s][debug][gc,phases      ] GC(170)     Total                          Min: 0, Avg:  0.0, Max: 0, Diff: 0, Sum: 0, Workers: 4
[4963.867s][debug][gc,phases      ] GC(170) Weak Processing 0.352ms
[4963.867s][debug][gc,age         ] GC(170) Desired survivor size 171966464 bytes, new threshold 15 (max threshold 15)
[4963.867s][info ][gc,heap        ] GC(170) PSYoungGen: 1896656K(1926656K)->115808K(1896960K) Eden: 1780736K(1780736K)->0K(1780736K) From: 115920K(145920K)->115808K(116224K)
[4963.867s][info ][gc,heap        ] GC(170) ParOldGen: 576930K(647168K)->577010K(647168K)
[4963.867s][info ][gc,metaspace   ] GC(170) Metaspace: 84011K(84864K)->84011K(84864K) NonClass: 72327K(72768K)->72327K(72768K) Class: 11683K(12096K)->11683K(12096K)
[4963.867s][info ][gc             ] GC(170) Pause Young (Allocation Failure) 2415M->676M(2484M) 25.438ms
[4963.867s][info ][gc,cpu         ] GC(170) User=0.10s Sys=0.00s Real=0.02s
[4963.867s][info ][safepoint      ] Safepoint "ParallelGCFailedAllocation", Time since last: 1050556370 ns, Reaching safepoint: 46002 ns, At safepoint: 25524426 ns, Total: 25570428 ns
[4968.867s][info ][safepoint      ] Safepoint "Cleanup", Time since last: 5000352561 ns, Reaching safepoint: 52202 ns, At safepoint: 6000 ns, Total: 58202 ns
[4986.868s][info ][safepoint      ] Safepoint "Cleanup", Time since last: 18001276083 ns, Reaching safepoint: 47001 ns, At safepoint: 3800 ns, Total: 50801 ns
[5011.870s][info ][safepoint      ] Safepoint "Cleanup", Time since last: 25001707310 ns, Reaching safepoint: 134203 ns, At safepoint: 5800 ns, Total: 140003 ns
[5012.870s][info ][safepoint      ] Safepoint "Cleanup", Time since last: 1000073533 ns, Reaching safepoint: 120003 ns, At safepoint: 8100 ns, Total: 128103 ns
[5018.871s][info ][safepoint      ] Safepoint "Cleanup", Time since last: 6000445296 ns, Reaching safepoint: 47001 ns, At safepoint: 5900 ns, Total: 52901 ns
[5071.874s][info ][safepoint      ] Safepoint "Cleanup", Time since last: 53003387420 ns, Reaching safepoint: 40201 ns, At safepoint: 3200 ns, Total: 43401 ns
[5234.013s][info ][gc,start       ] GC(171) Pause Young (Allocation Failure)
[5234.032s][debug][gc,phases      ] GC(171) Scavenge 18.703ms
[5234.032s][debug][gc,ref         ] GC(171) Skipped phase 1 of Reference Processing: no references
[5234.032s][debug][gc,ref         ] GC(171) ReferenceProcessor::execute queues: 1, RefProcThreadModel::Single, marks_oops_alive: false
[5234.032s][debug][gc,ref         ] GC(171) ReferenceProcessor::execute queues: 4, RefProcThreadModel::Multi, marks_oops_alive: true
[5234.032s][debug][gc,ref         ] GC(171) ReferenceProcessor::execute queues: 1, RefProcThreadModel::Single, marks_oops_alive: false
[5234.032s][debug][gc,phases      ] GC(171) Reference Processing 0.221ms
[5234.032s][debug][gc,phases      ] GC(171)   VM Weak                        Min:  0.0, Avg:  0.0, Max:  0.0, Diff:  0.0, Sum:  0.0, Workers: 4
[5234.032s][debug][gc,phases      ] GC(171)     Dead                           Min: 0, Avg:  0.0, Max: 0, Diff: 0, Sum: 0, Workers: 4
[5234.032s][debug][gc,phases      ] GC(171)     Total                          Min: 0, Avg: 177.8, Max: 704, Diff: 704, Sum: 711, Workers: 4
[5234.032s][debug][gc,phases      ] GC(171)   ObjectSynchronizer Weak        Min:  0.0, Avg:  0.0, Max:  0.0, Diff:  0.0, Sum:  0.0, Workers: 4
[5234.032s][debug][gc,phases      ] GC(171)     Dead                           Min: 0, Avg:  0.0, Max: 0, Diff: 0, Sum: 0, Workers: 4
[5234.032s][debug][gc,phases      ] GC(171)     Total                          Min: 0, Avg: 100.8, Max: 192, Diff: 192, Sum: 403, Workers: 4
[5234.032s][debug][gc,phases      ] GC(171)   JVMTI Tag Weak OopStorage      Min:  0.0, Avg:  0.0, Max:  0.0, Diff:  0.0, Sum:  0.0, Workers: 4
[5234.032s][debug][gc,phases      ] GC(171)     Dead                           Min: 0, Avg:  0.0, Max: 0, Diff: 0, Sum: 0, Workers: 4
[5234.032s][debug][gc,phases      ] GC(171)     Total                          Min: 0, Avg:  0.0, Max: 0, Diff: 0, Sum: 0, Workers: 4
[5234.032s][debug][gc,phases      ] GC(171)   StringTable Weak               Min:  0.1, Avg:  0.1, Max:  0.1, Diff:  0.0, Sum:  0.4, Workers: 4
[5234.032s][debug][gc,phases      ] GC(171)     Dead                           Min: 0, Avg:  0.0, Max: 0, Diff: 0, Sum: 0, Workers: 4
[5234.032s][debug][gc,phases      ] GC(171)     Total                          Min: 10944, Avg: 12174.2, Max: 12800, Diff: 1856, Sum: 48697, Workers: 4
[5234.032s][debug][gc,phases      ] GC(171)   ResolvedMethodTable Weak       Min:  0.0, Avg:  0.0, Max:  0.0, Diff:  0.0, Sum:  0.1, Workers: 4
[5234.032s][debug][gc,phases      ] GC(171)     Dead                           Min: 0, Avg:  0.0, Max: 0, Diff: 0, Sum: 0, Workers: 4
[5234.032s][debug][gc,phases      ] GC(171)     Total                          Min: 1817, Avg: 2040.8, Max: 2162, Diff: 345, Sum: 8163, Workers: 4
[5234.032s][debug][gc,phases      ] GC(171)   JNI Weak                       Min:  0.0, Avg:  0.0, Max:  0.0, Diff:  0.0, Sum:  0.0, Workers: 4
[5234.032s][debug][gc,phases      ] GC(171)     Dead                           Min: 0, Avg:  0.0, Max: 0, Diff: 0, Sum: 0, Workers: 4
[5234.032s][debug][gc,phases      ] GC(171)     Total                          Min: 0, Avg:  0.0, Max: 0, Diff: 0, Sum: 0, Workers: 4
[5234.032s][debug][gc,phases      ] GC(171)   StringDedup Table Weak         Min:  0.0, Avg:  0.0, Max:  0.0, Diff:  0.0, Sum:  0.0, Workers: 4
[5234.032s][debug][gc,phases      ] GC(171)     Dead                           Min: 0, Avg:  0.0, Max: 0, Diff: 0, Sum: 0, Workers: 4
[5234.032s][debug][gc,phases      ] GC(171)     Total                          Min: 0, Avg:  0.0, Max: 0, Diff: 0, Sum: 0, Workers: 4
[5234.032s][debug][gc,phases      ] GC(171)   StringDedup Requests0 Weak     Min:  0.0, Avg:  0.0, Max:  0.0, Diff:  0.0, Sum:  0.0, Workers: 4
[5234.032s][debug][gc,phases      ] GC(171)     Dead                           Min: 0, Avg:  0.0, Max: 0, Diff: 0, Sum: 0, Workers: 4
[5234.032s][debug][gc,phases      ] GC(171)     Total                          Min: 0, Avg:  0.0, Max: 0, Diff: 0, Sum: 0, Workers: 4
[5234.032s][debug][gc,phases      ] GC(171)   StringDedup Requests1 Weak     Min:  0.0, Avg:  0.0, Max:  0.0, Diff:  0.0, Sum:  0.0, Workers: 4
[5234.032s][debug][gc,phases      ] GC(171)     Dead                           Min: 0, Avg:  0.0, Max: 0, Diff: 0, Sum: 0, Workers: 4
[5234.032s][debug][gc,phases      ] GC(171)     Total                          Min: 0, Avg:  0.0, Max: 0, Diff: 0, Sum: 0, Workers: 4
[5234.032s][debug][gc,phases      ] GC(171)   Weak JFR Old Object Samples    Min:  0.0, Avg:  0.0, Max:  0.0, Diff:  0.0, Sum:  0.0, Workers: 4
[5234.032s][debug][gc,phases      ] GC(171)     Dead                           Min: 0, Avg:  0.0, Max: 0, Diff: 0, Sum: 0, Workers: 4
[5234.032s][debug][gc,phases      ] GC(171)     Total                          Min: 0, Avg:  0.0, Max: 0, Diff: 0, Sum: 0, Workers: 4
[5234.033s][debug][gc,phases      ] GC(171) Weak Processing 0.315ms
[5234.033s][debug][gc,age         ] GC(171) Desired survivor size 166723584 bytes, new threshold 15 (max threshold 15)
[5234.033s][info ][gc,heap        ] GC(171) PSYoungGen: 1896544K(1896960K)->83424K(1934336K) Eden: 1780736K(1780736K)->0K(1766400K) From: 115808K(116224K)->83424K(167936K)
[5234.033s][info ][gc,heap        ] GC(171) ParOldGen: 577010K(647168K)->577082K(647168K)
[5234.033s][info ][gc,metaspace   ] GC(171) Metaspace: 84072K(84992K)->84072K(84992K) NonClass: 72385K(72896K)->72385K(72896K) Class: 11687K(12096K)->11687K(12096K)
[5234.033s][info ][gc             ] GC(171) Pause Young (Allocation Failure) 2415M->645M(2521M) 19.386ms
[5234.033s][info ][gc,cpu         ] GC(171) User=0.08s Sys=0.00s Real=0.02s
[5234.033s][info ][safepoint      ] Safepoint "ParallelGCFailedAllocation", Time since last: 162138658261 ns, Reaching safepoint: 26901 ns, At safepoint: 19512678 ns, Total: 19539579 ns
[5369.041s][info ][safepoint      ] Safepoint "Cleanup", Time since last: 135008438674 ns, Reaching safepoint: 128903 ns, At safepoint: 13600 ns, Total: 142503 ns
[5369.184s][info ][gc,heap,exit   ] Heap
[5369.184s][info ][gc,heap,exit   ]  PSYoungGen      total 1934336K, used 472885K [0x0000000780000000, 0x0000000800000000, 0x0000000800000000)
[5369.184s][info ][gc,heap,exit   ]   eden space 1766400K, 22% used [0x0000000780000000,0x0000000797c55158,0x00000007ebd00000)
[5369.184s][info ][gc,heap,exit   ]   from space 167936K, 49% used [0x00000007f5c00000,0x00000007fad78310,0x0000000800000000)
[5369.184s][info ][gc,heap,exit   ]   to   space 162816K, 0% used [0x00000007ebd00000,0x00000007ebd00000,0x00000007f5c00000)
[5369.184s][info ][gc,heap,exit   ]  ParOldGen       total 647168K, used 577082K [0x0000000740000000, 0x0000000767800000, 0x0000000780000000)
[5369.184s][info ][gc,heap,exit   ]   object space 647168K, 89% used [0x0000000740000000,0x000000076338eae8,0x0000000767800000)
[5369.184s][info ][gc,heap,exit   ]  Metaspace       used 84112K, committed 84992K, reserved 1122304K
[5369.184s][info ][gc,heap,exit   ]   class space    used 11693K, committed 12096K, reserved 1048576K
