[0.003s][info][gc] Using Parallel
[0.003s][info][gc,init] Version: 17.0.3+7-LTS (release)
[0.003s][info][gc,init] CPUs: 8 total, 8 available
[0.003s][info][gc,init] Memory: 32112M
[0.003s][info][gc,init] Large Page Support: Disabled
[0.003s][info][gc,init] NUMA Support: Disabled
[0.003s][info][gc,init] Compressed Oops: Enabled (Zero based)
[0.004s][info][gc,init] Alignments: Space 512K, Generation 512K, Heap 2M
[0.004s][info][gc,init] Heap Min Capacity: 2054M
[0.004s][info][gc,init] Heap Initial Capacity: 2054M
[0.004s][info][gc,init] Heap Max Capacity: 3G
[0.004s][info][gc,init] Pre-touch: Disabled
[0.004s][info][gc,init] Parallel Workers: 4
[0.004s][info][gc,metaspace] CDS archive(s) not mapped
[0.004s][info][gc,metaspace] Compressed class space mapped at: 0x0000000800000000-0x0000000840000000, reserved size: 1073741824
[0.004s][info][gc,metaspace] Narrow klass base: 0x0000000800000000, Narrow klass shift: 0, Narrow klass range: 0x40000000
[0.711s][info][safepoint   ] Safepoint "ICBufferFull", Time since last: 689901238 ns, Reaching safepoint: 152303 ns, At safepoint: 2500 ns, Total: 154803 ns
[0.987s][info][safepoint   ] Safepoint "ICBufferFull", Time since last: 275947834 ns, Reaching safepoint: 215605 ns, At safepoint: 5000 ns, Total: 220605 ns
[1.184s][info][gc,start    ] GC(0) Pause Young (Metadata GC Threshold)
[1.197s][debug][gc,phases   ] GC(0) Scavenge 8.579ms
[1.197s][debug][gc,ref      ] GC(0) Skipped phase 1 of Reference Processing: no references
[1.197s][debug][gc,ref      ] GC(0) ReferenceProcessor::execute queues: 1, RefProcThreadModel::Single, marks_oops_alive: false
[1.198s][debug][gc,ref      ] GC(0) Skipped phase 3 of Reference Processing: no references
[1.198s][debug][gc,ref      ] GC(0) ReferenceProcessor::execute queues: 1, RefProcThreadModel::Single, marks_oops_alive: false
[1.198s][debug][gc,phases   ] GC(0) Reference Processing 0.224ms
[1.198s][debug][gc,phases   ] GC(0)   VM Weak                        Min:  0.0, Avg:  0.0, Max:  0.0, Diff:  0.0, Sum:  0.0, Workers: 4
[1.198s][debug][gc,phases   ] GC(0)     Dead                           Min: 0, Avg:  0.0, Max: 0, Diff: 0, Sum: 0, Workers: 4
[1.198s][debug][gc,phases   ] GC(0)     Total                          Min: 0, Avg: 27.8, Max: 64, Diff: 64, Sum: 111, Workers: 4
[1.198s][debug][gc,phases   ] GC(0)   ObjectSynchronizer Weak        Min:  0.0, Avg:  0.0, Max:  0.0, Diff:  0.0, Sum:  0.0, Workers: 4
[1.198s][debug][gc,phases   ] GC(0)     Dead                           Min: 0, Avg:  0.2, Max: 1, Diff: 1, Sum: 1, Workers: 4
[1.198s][debug][gc,phases   ] GC(0)     Total                          Min: 0, Avg:  1.5, Max: 6, Diff: 6, Sum: 6, Workers: 4
[1.198s][debug][gc,phases   ] GC(0)   JVMTI Tag Weak OopStorage      Min:  0.0, Avg:  0.0, Max:  0.0, Diff:  0.0, Sum:  0.0, Workers: 4
[1.198s][debug][gc,phases   ] GC(0)     Dead                           Min: 0, Avg:  0.0, Max: 0, Diff: 0, Sum: 0, Workers: 4
[1.198s][debug][gc,phases   ] GC(0)     Total                          Min: 0, Avg:  0.0, Max: 0, Diff: 0, Sum: 0, Workers: 4
[1.198s][debug][gc,phases   ] GC(0)   StringTable Weak               Min:  0.0, Avg:  0.1, Max:  0.1, Diff:  0.1, Sum:  0.4, Workers: 4
[1.198s][debug][gc,phases   ] GC(0)     Dead                           Min: 0, Avg:  7.5, Max: 17, Diff: 17, Sum: 30, Workers: 4
[1.198s][debug][gc,phases   ] GC(0)     Total                          Min: 0, Avg: 2863.2, Max: 4669, Diff: 4669, Sum: 11453, Workers: 4
[1.198s][debug][gc,phases   ] GC(0)   ResolvedMethodTable Weak       Min:  0.0, Avg:  0.0, Max:  0.0, Diff:  0.0, Sum:  0.0, Workers: 4
[1.198s][debug][gc,phases   ] GC(0)     Dead                           Min: 0, Avg:  6.8, Max: 22, Diff: 22, Sum: 27, Workers: 4
[1.198s][debug][gc,phases   ] GC(0)     Total                          Min: 0, Avg: 148.2, Max: 256, Diff: 256, Sum: 593, Workers: 4
[1.198s][debug][gc,phases   ] GC(0)   JNI Weak                       Min:  0.0, Avg:  0.0, Max:  0.0, Diff:  0.0, Sum:  0.0, Workers: 4
[1.198s][debug][gc,phases   ] GC(0)     Dead                           Min: 0, Avg:  0.0, Max: 0, Diff: 0, Sum: 0, Workers: 4
[1.198s][debug][gc,phases   ] GC(0)     Total                          Min: 0, Avg:  0.0, Max: 0, Diff: 0, Sum: 0, Workers: 4
[1.198s][debug][gc,phases   ] GC(0)   StringDedup Table Weak         Min:  0.0, Avg:  0.0, Max:  0.0, Diff:  0.0, Sum:  0.0, Workers: 4
[1.198s][debug][gc,phases   ] GC(0)     Dead                           Min: 0, Avg:  0.0, Max: 0, Diff: 0, Sum: 0, Workers: 4
[1.198s][debug][gc,phases   ] GC(0)     Total                          Min: 0, Avg:  0.0, Max: 0, Diff: 0, Sum: 0, Workers: 4
[1.198s][debug][gc,phases   ] GC(0)   StringDedup Requests0 Weak     Min:  0.0, Avg:  0.0, Max:  0.0, Diff:  0.0, Sum:  0.0, Workers: 4
[1.198s][debug][gc,phases   ] GC(0)     Dead                           Min: 0, Avg:  0.0, Max: 0, Diff: 0, Sum: 0, Workers: 4
[1.198s][debug][gc,phases   ] GC(0)     Total                          Min: 0, Avg:  0.0, Max: 0, Diff: 0, Sum: 0, Workers: 4
[1.198s][debug][gc,phases   ] GC(0)   StringDedup Requests1 Weak     Min:  0.0, Avg:  0.0, Max:  0.0, Diff:  0.0, Sum:  0.0, Workers: 4
[1.198s][debug][gc,phases   ] GC(0)     Dead                           Min: 0, Avg:  0.0, Max: 0, Diff: 0, Sum: 0, Workers: 4
[1.198s][debug][gc,phases   ] GC(0)     Total                          Min: 0, Avg:  0.0, Max: 0, Diff: 0, Sum: 0, Workers: 4
[1.198s][debug][gc,phases   ] GC(0)   Weak JFR Old Object Samples    Min:  0.0, Avg:  0.0, Max:  0.0, Diff:  0.0, Sum:  0.0, Workers: 4
[1.198s][debug][gc,phases   ] GC(0)     Dead                           Min: 0, Avg:  0.0, Max: 0, Diff: 0, Sum: 0, Workers: 4
[1.198s][debug][gc,phases   ] GC(0)     Total                          Min: 0, Avg:  0.0, Max: 0, Diff: 0, Sum: 0, Workers: 4
[1.198s][debug][gc,phases   ] GC(0) Weak Processing 0.338ms
[1.198s][debug][gc,age      ] GC(0) Desired survivor size 536870912 bytes, new threshold 7 (max threshold 15)
[1.198s][info ][gc,heap     ] GC(0) PSYoungGen: 274529K(1572864K)->16952K(1572864K) Eden: 274529K(1048576K)->0K(1048576K) From: 0K(524288K)->16952K(524288K)
[1.198s][info ][gc,heap     ] GC(0) ParOldGen: 0K(6144K)->88K(6144K)
[1.198s][info ][gc,metaspace] GC(0) Metaspace: 21326K(21504K)->21326K(21504K) NonClass: 18839K(18944K)->18839K(18944K) Class: 2487K(2560K)->2487K(2560K)
[1.198s][info ][gc          ] GC(0) Pause Young (Metadata GC Threshold) 268M->16M(1542M) 13.952ms
[1.198s][info ][gc,cpu      ] GC(0) User=0.01s Sys=0.03s Real=0.02s
[1.198s][debug][gc,phases   ] GC(1) Pre Compact 0.011ms
[1.198s][info ][gc,start    ] GC(1) Pause Full (Metadata GC Threshold)
[1.198s][info ][gc,phases,start] GC(1) Marking Phase
[1.203s][debug][gc,phases      ] GC(1) Par Mark 5.404ms
[1.204s][debug][gc,ref         ] GC(1) Skipped phase 1 of Reference Processing: no references
[1.204s][debug][gc,ref         ] GC(1) ReferenceProcessor::execute queues: 1, RefProcThreadModel::Single, marks_oops_alive: false
[1.204s][debug][gc,ref         ] GC(1) Skipped phase 3 of Reference Processing: no references
[1.204s][debug][gc,ref         ] GC(1) ReferenceProcessor::execute queues: 1, RefProcThreadModel::Single, marks_oops_alive: false
[1.204s][debug][gc,phases      ] GC(1) Reference Processing 0.061ms
[1.204s][debug][gc,phases      ] GC(1)   VM Weak                        Min:  0.0, Avg:  0.0, Max:  0.0, Diff:  0.0, Sum:  0.0, Workers: 4
[1.204s][debug][gc,phases      ] GC(1)     Dead                           Min: 0, Avg:  0.0, Max: 0, Diff: 0, Sum: 0, Workers: 4
[1.204s][debug][gc,phases      ] GC(1)     Total                          Min: 0, Avg: 27.8, Max: 111, Diff: 111, Sum: 111, Workers: 4
[1.204s][debug][gc,phases      ] GC(1)   ObjectSynchronizer Weak        Min:  0.0, Avg:  0.0, Max:  0.0, Diff:  0.0, Sum:  0.0, Workers: 4
[1.204s][debug][gc,phases      ] GC(1)     Dead                           Min: 0, Avg:  0.0, Max: 0, Diff: 0, Sum: 0, Workers: 4
[1.204s][debug][gc,phases      ] GC(1)     Total                          Min: 0, Avg:  1.5, Max: 6, Diff: 6, Sum: 6, Workers: 4
[1.204s][debug][gc,phases      ] GC(1)   JVMTI Tag Weak OopStorage      Min:  0.0, Avg:  0.0, Max:  0.0, Diff:  0.0, Sum:  0.0, Workers: 4
[1.204s][debug][gc,phases      ] GC(1)     Dead                           Min: 0, Avg:  0.0, Max: 0, Diff: 0, Sum: 0, Workers: 4
[1.204s][debug][gc,phases      ] GC(1)     Total                          Min: 0, Avg:  0.0, Max: 0, Diff: 0, Sum: 0, Workers: 4
[1.204s][debug][gc,phases      ] GC(1)   StringTable Weak               Min:  0.0, Avg:  0.0, Max:  0.0, Diff:  0.0, Sum:  0.1, Workers: 4
[1.204s][debug][gc,phases      ] GC(1)     Dead                           Min: 0, Avg:  0.0, Max: 0, Diff: 0, Sum: 0, Workers: 4
[1.204s][debug][gc,phases      ] GC(1)     Total                          Min: 2557, Avg: 2863.2, Max: 3264, Diff: 707, Sum: 11453, Workers: 4
[1.204s][debug][gc,phases      ] GC(1)   ResolvedMethodTable Weak       Min:  0.0, Avg:  0.0, Max:  0.0, Diff:  0.0, Sum:  0.0, Workers: 4
[1.204s][debug][gc,phases      ] GC(1)     Dead                           Min: 0, Avg:  0.0, Max: 0, Diff: 0, Sum: 0, Workers: 4
[1.204s][debug][gc,phases      ] GC(1)     Total                          Min: 81, Avg: 148.2, Max: 192, Diff: 111, Sum: 593, Workers: 4
[1.204s][debug][gc,phases      ] GC(1)   JNI Weak                       Min:  0.0, Avg:  0.0, Max:  0.0, Diff:  0.0, Sum:  0.0, Workers: 4
[1.204s][debug][gc,phases      ] GC(1)     Dead                           Min: 0, Avg:  0.0, Max: 0, Diff: 0, Sum: 0, Workers: 4
[1.204s][debug][gc,phases      ] GC(1)     Total                          Min: 0, Avg:  0.0, Max: 0, Diff: 0, Sum: 0, Workers: 4
[1.204s][debug][gc,phases      ] GC(1)   StringDedup Table Weak         Min:  0.0, Avg:  0.0, Max:  0.0, Diff:  0.0, Sum:  0.0, Workers: 4
[1.204s][debug][gc,phases      ] GC(1)     Dead                           Min: 0, Avg:  0.0, Max: 0, Diff: 0, Sum: 0, Workers: 4
[1.204s][debug][gc,phases      ] GC(1)     Total                          Min: 0, Avg:  0.0, Max: 0, Diff: 0, Sum: 0, Workers: 4
[1.204s][debug][gc,phases      ] GC(1)   StringDedup Requests0 Weak     Min:  0.0, Avg:  0.0, Max:  0.0, Diff:  0.0, Sum:  0.0, Workers: 4
[1.204s][debug][gc,phases      ] GC(1)     Dead                           Min: 0, Avg:  0.0, Max: 0, Diff: 0, Sum: 0, Workers: 4
[1.204s][debug][gc,phases      ] GC(1)     Total                          Min: 0, Avg:  0.0, Max: 0, Diff: 0, Sum: 0, Workers: 4
[1.204s][debug][gc,phases      ] GC(1)   StringDedup Requests1 Weak     Min:  0.0, Avg:  0.0, Max:  0.0, Diff:  0.0, Sum:  0.0, Workers: 4
[1.204s][debug][gc,phases      ] GC(1)     Dead                           Min: 0, Avg:  0.0, Max: 0, Diff: 0, Sum: 0, Workers: 4
[1.204s][debug][gc,phases      ] GC(1)     Total                          Min: 0, Avg:  0.0, Max: 0, Diff: 0, Sum: 0, Workers: 4
[1.204s][debug][gc,phases      ] GC(1)   Weak JFR Old Object Samples    Min:  0.0, Avg:  0.0, Max:  0.0, Diff:  0.0, Sum:  0.0, Workers: 4
[1.204s][debug][gc,phases      ] GC(1)     Dead                           Min: 0, Avg:  0.0, Max: 0, Diff: 0, Sum: 0, Workers: 4
[1.204s][debug][gc,phases      ] GC(1)     Total                          Min: 0, Avg:  0.0, Max: 0, Diff: 0, Sum: 0, Workers: 4
[1.204s][debug][gc,phases      ] GC(1) Weak Processing 0.229ms
[1.204s][debug][gc,phases      ] GC(1) ClassLoaderData 0.015ms
[1.204s][debug][gc,phases      ] GC(1) Trigger cleanups 0.000ms
[1.206s][debug][gc,phases      ] GC(1) Class Unloading 1.970ms
[1.206s][info ][gc,phases      ] GC(1) Marking Phase 7.764ms
[1.206s][info ][gc,phases,start] GC(1) Summary Phase
[1.206s][info ][gc,phases      ] GC(1) Summary Phase 0.006ms
[1.206s][info ][gc,phases,start] GC(1) Adjust Roots
[1.208s][info ][gc,phases      ] GC(1) Adjust Roots 2.601ms
[1.208s][info ][gc,phases,start] GC(1) Compaction Phase
[1.219s][info ][gc,phases      ] GC(1) Compaction Phase 10.405ms
[1.219s][info ][gc,phases,start] GC(1) Post Compact
[1.219s][info ][gc,phases      ] GC(1) Post Compact 0.504ms
[1.219s][info ][gc,heap        ] GC(1) PSYoungGen: 16952K(1572864K)->11201K(1572864K) Eden: 0K(1048576K)->0K(1048576K) From: 16952K(524288K)->11201K(524288K)
[1.219s][info ][gc,heap        ] GC(1) ParOldGen: 88K(6144K)->5663K(6144K)
[1.219s][info ][gc,metaspace   ] GC(1) Metaspace: 21326K(21504K)->21326K(21504K) NonClass: 18839K(18944K)->18839K(18944K) Class: 2487K(2560K)->2487K(2560K)
[1.219s][info ][gc             ] GC(1) Pause Full (Metadata GC Threshold) 16M->16M(1542M) 21.434ms
[1.219s][info ][gc,cpu         ] GC(1) User=0.07s Sys=0.00s Real=0.02s
[1.220s][info ][safepoint      ] Safepoint "CollectForMetadataAllocation", Time since last: 196966450 ns, Reaching safepoint: 239905 ns, At safepoint: 35511212 ns, Total: 35751117 ns
[1.611s][info ][safepoint      ] Safepoint "ICBufferFull", Time since last: 391085444 ns, Reaching safepoint: 118203 ns, At safepoint: 10200 ns, Total: 128403 ns
[1.627s][info ][safepoint      ] Safepoint "ICBufferFull", Time since last: 16235326 ns, Reaching safepoint: 46501 ns, At safepoint: 5200 ns, Total: 51701 ns
[1.634s][info ][safepoint      ] Safepoint "ICBufferFull", Time since last: 7118542 ns, Reaching safepoint: 57202 ns, At safepoint: 3700 ns, Total: 60902 ns
[1.645s][info ][safepoint      ] Safepoint "ICBufferFull", Time since last: 10306606 ns, Reaching safepoint: 118403 ns, At safepoint: 5200 ns, Total: 123603 ns
[1.648s][info ][safepoint      ] Safepoint "ICBufferFull", Time since last: 3533471 ns, Reaching safepoint: 34500 ns, At safepoint: 4700 ns, Total: 39200 ns
[1.651s][info ][safepoint      ] Safepoint "ICBufferFull", Time since last: 2828957 ns, Reaching safepoint: 42801 ns, At safepoint: 1800 ns, Total: 44601 ns
[1.654s][info ][safepoint      ] Safepoint "ICBufferFull", Time since last: 3253365 ns, Reaching safepoint: 52101 ns, At safepoint: 4801 ns, Total: 56902 ns
[1.658s][info ][safepoint      ] Safepoint "ICBufferFull", Time since last: 3832176 ns, Reaching safepoint: 108203 ns, At safepoint: 8200 ns, Total: 116403 ns
[1.661s][info ][safepoint      ] Safepoint "ICBufferFull", Time since last: 2584452 ns, Reaching safepoint: 34200 ns, At safepoint: 4800 ns, Total: 39000 ns
[1.667s][info ][safepoint      ] Safepoint "ICBufferFull", Time since last: 6400229 ns, Reaching safepoint: 53701 ns, At safepoint: 3200 ns, Total: 56901 ns
[1.669s][info ][safepoint      ] Safepoint "ICBufferFull", Time since last: 1846637 ns, Reaching safepoint: 42301 ns, At safepoint: 5900 ns, Total: 48201 ns
[1.670s][info ][safepoint      ] Safepoint "ICBufferFull", Time since last: 622612 ns, Reaching safepoint: 36501 ns, At safepoint: 4800 ns, Total: 41301 ns
[1.716s][info ][safepoint      ] Safepoint "ICBufferFull", Time since last: 45443812 ns, Reaching safepoint: 196904 ns, At safepoint: 8800 ns, Total: 205704 ns
[1.742s][info ][safepoint      ] Safepoint "ICBufferFull", Time since last: 25856018 ns, Reaching safepoint: 69402 ns, At safepoint: 4800 ns, Total: 74202 ns
[1.743s][info ][safepoint      ] Safepoint "ICBufferFull", Time since last: 1471929 ns, Reaching safepoint: 34901 ns, At safepoint: 1900 ns, Total: 36801 ns
[1.744s][info ][safepoint      ] Safepoint "ICBufferFull", Time since last: 1348527 ns, Reaching safepoint: 28101 ns, At safepoint: 7600 ns, Total: 35701 ns
[1.745s][info ][safepoint      ] Safepoint "ICBufferFull", Time since last: 972019 ns, Reaching safepoint: 28501 ns, At safepoint: 6300 ns, Total: 34801 ns
[1.747s][info ][safepoint      ] Safepoint "ICBufferFull", Time since last: 1205624 ns, Reaching safepoint: 210504 ns, At safepoint: 2100 ns, Total: 212604 ns
[1.748s][info ][safepoint      ] Safepoint "ICBufferFull", Time since last: 882818 ns, Reaching safepoint: 15701 ns, At safepoint: 5400 ns, Total: 21101 ns
[1.749s][info ][safepoint      ] Safepoint "ICBufferFull", Time since last: 1257625 ns, Reaching safepoint: 19000 ns, At safepoint: 1900 ns, Total: 20900 ns
[1.750s][info ][safepoint      ] Safepoint "ICBufferFull", Time since last: 857117 ns, Reaching safepoint: 92902 ns, At safepoint: 5000 ns, Total: 97902 ns
[1.751s][info ][safepoint      ] Safepoint "ICBufferFull", Time since last: 1136223 ns, Reaching safepoint: 27001 ns, At safepoint: 2400 ns, Total: 29401 ns
[1.752s][info ][safepoint      ] Safepoint "ICBufferFull", Time since last: 854517 ns, Reaching safepoint: 15500 ns, At safepoint: 1700 ns, Total: 17200 ns
[1.754s][info ][safepoint      ] Safepoint "ICBufferFull", Time since last: 1523131 ns, Reaching safepoint: 16400 ns, At safepoint: 1700 ns, Total: 18100 ns
[1.754s][info ][safepoint      ] Safepoint "ICBufferFull", Time since last: 528311 ns, Reaching safepoint: 24600 ns, At safepoint: 1600 ns, Total: 26200 ns
[1.755s][info ][safepoint      ] Safepoint "ICBufferFull", Time since last: 1293826 ns, Reaching safepoint: 18201 ns, At safepoint: 1700 ns, Total: 19901 ns
[1.758s][info ][safepoint      ] Safepoint "ICBufferFull", Time since last: 1983739 ns, Reaching safepoint: 100002 ns, At safepoint: 6001 ns, Total: 106003 ns
[1.759s][info ][safepoint      ] Safepoint "ICBufferFull", Time since last: 1705134 ns, Reaching safepoint: 50401 ns, At safepoint: 6700 ns, Total: 57101 ns
[1.768s][info ][safepoint      ] Safepoint "ICBufferFull", Time since last: 8455870 ns, Reaching safepoint: 50801 ns, At safepoint: 10000 ns, Total: 60801 ns
[1.780s][info ][safepoint      ] Safepoint "ICBufferFull", Time since last: 12524851 ns, Reaching safepoint: 55501 ns, At safepoint: 2500 ns, Total: 58001 ns
[1.800s][info ][safepoint      ] Safepoint "ICBufferFull", Time since last: 19470491 ns, Reaching safepoint: 34300 ns, At safepoint: 2700 ns, Total: 37000 ns
[1.836s][info ][safepoint      ] Safepoint "ICBufferFull", Time since last: 36018123 ns, Reaching safepoint: 54301 ns, At safepoint: 5500 ns, Total: 59801 ns
[1.837s][info ][safepoint      ] Safepoint "ICBufferFull", Time since last: 553411 ns, Reaching safepoint: 17000 ns, At safepoint: 2300 ns, Total: 19300 ns
[1.842s][info ][safepoint      ] Safepoint "ICBufferFull", Time since last: 4916599 ns, Reaching safepoint: 38701 ns, At safepoint: 5000 ns, Total: 43701 ns
[1.843s][info ][safepoint      ] Safepoint "ICBufferFull", Time since last: 971819 ns, Reaching safepoint: 29801 ns, At safepoint: 2000 ns, Total: 31801 ns
[1.893s][info ][safepoint      ] Safepoint "ICBufferFull", Time since last: 50691617 ns, Reaching safepoint: 82101 ns, At safepoint: 2701 ns, Total: 84802 ns
[1.896s][info ][safepoint      ] Safepoint "ICBufferFull", Time since last: 2711454 ns, Reaching safepoint: 37801 ns, At safepoint: 2500 ns, Total: 40301 ns
[1.897s][info ][safepoint      ] Safepoint "ICBufferFull", Time since last: 1313626 ns, Reaching safepoint: 29601 ns, At safepoint: 8900 ns, Total: 38501 ns
[1.899s][info ][safepoint      ] Safepoint "ICBufferFull", Time since last: 1588932 ns, Reaching safepoint: 30800 ns, At safepoint: 4600 ns, Total: 35400 ns
[1.900s][info ][safepoint      ] Safepoint "ICBufferFull", Time since last: 1046621 ns, Reaching safepoint: 17501 ns, At safepoint: 2200 ns, Total: 19701 ns
[1.901s][info ][safepoint      ] Safepoint "ICBufferFull", Time since last: 1249225 ns, Reaching safepoint: 17600 ns, At safepoint: 6200 ns, Total: 23800 ns
[1.903s][info ][safepoint      ] Safepoint "ICBufferFull", Time since last: 1978640 ns, Reaching safepoint: 23700 ns, At safepoint: 2301 ns, Total: 26001 ns
[1.904s][info ][safepoint      ] Safepoint "ICBufferFull", Time since last: 539610 ns, Reaching safepoint: 15401 ns, At safepoint: 1700 ns, Total: 17101 ns
[1.905s][info ][safepoint      ] Safepoint "ICBufferFull", Time since last: 866917 ns, Reaching safepoint: 59301 ns, At safepoint: 2500 ns, Total: 61801 ns
[1.907s][info ][safepoint      ] Safepoint "ICBufferFull", Time since last: 1780136 ns, Reaching safepoint: 20700 ns, At safepoint: 2200 ns, Total: 22900 ns
[1.907s][info ][safepoint      ] Safepoint "ICBufferFull", Time since last: 798316 ns, Reaching safepoint: 17501 ns, At safepoint: 8100 ns, Total: 25601 ns
[1.908s][info ][safepoint      ] Safepoint "ICBufferFull", Time since last: 640713 ns, Reaching safepoint: 16500 ns, At safepoint: 7400 ns, Total: 23900 ns
[1.909s][info ][safepoint      ] Safepoint "ICBufferFull", Time since last: 775016 ns, Reaching safepoint: 19700 ns, At safepoint: 5400 ns, Total: 25100 ns
[1.911s][info ][safepoint      ] Safepoint "ICBufferFull", Time since last: 1939839 ns, Reaching safepoint: 17901 ns, At safepoint: 1900 ns, Total: 19801 ns
[1.912s][info ][safepoint      ] Safepoint "ICBufferFull", Time since last: 624812 ns, Reaching safepoint: 19301 ns, At safepoint: 2000 ns, Total: 21301 ns
[1.913s][info ][safepoint      ] Safepoint "ICBufferFull", Time since last: 1861237 ns, Reaching safepoint: 17000 ns, At safepoint: 2200 ns, Total: 19200 ns
[1.915s][info ][safepoint      ] Safepoint "ICBufferFull", Time since last: 1191324 ns, Reaching safepoint: 43801 ns, At safepoint: 4800 ns, Total: 48601 ns
[1.916s][info ][safepoint      ] Safepoint "ICBufferFull", Time since last: 818317 ns, Reaching safepoint: 19600 ns, At safepoint: 5700 ns, Total: 25300 ns
[1.919s][info ][safepoint      ] Safepoint "ICBufferFull", Time since last: 3017461 ns, Reaching safepoint: 44501 ns, At safepoint: 2400 ns, Total: 46901 ns
[1.921s][info ][safepoint      ] Safepoint "ICBufferFull", Time since last: 1839337 ns, Reaching safepoint: 115402 ns, At safepoint: 9600 ns, Total: 125002 ns
[1.928s][info ][safepoint      ] Safepoint "ICBufferFull", Time since last: 7102342 ns, Reaching safepoint: 66002 ns, At safepoint: 3400 ns, Total: 69402 ns
[1.929s][info ][safepoint      ] Safepoint "ICBufferFull", Time since last: 1258425 ns, Reaching safepoint: 21801 ns, At safepoint: 2000 ns, Total: 23801 ns
[1.931s][info ][safepoint      ] Safepoint "ICBufferFull", Time since last: 2430248 ns, Reaching safepoint: 29201 ns, At safepoint: 5000 ns, Total: 34201 ns
[1.933s][info ][safepoint      ] Safepoint "ICBufferFull", Time since last: 1747735 ns, Reaching safepoint: 22501 ns, At safepoint: 2200 ns, Total: 24701 ns
[1.935s][info ][safepoint      ] Safepoint "ICBufferFull", Time since last: 1513830 ns, Reaching safepoint: 45501 ns, At safepoint: 1900 ns, Total: 47401 ns
[1.936s][info ][safepoint      ] Safepoint "ICBufferFull", Time since last: 1632833 ns, Reaching safepoint: 34800 ns, At safepoint: 1800 ns, Total: 36600 ns
[1.938s][info ][safepoint      ] Safepoint "ICBufferFull", Time since last: 1425729 ns, Reaching safepoint: 20400 ns, At safepoint: 2100 ns, Total: 22500 ns
[1.939s][info ][safepoint      ] Safepoint "ICBufferFull", Time since last: 1464730 ns, Reaching safepoint: 18900 ns, At safepoint: 5500 ns, Total: 24400 ns
[1.942s][info ][safepoint      ] Safepoint "ICBufferFull", Time since last: 2681854 ns, Reaching safepoint: 34901 ns, At safepoint: 1900 ns, Total: 36801 ns
[1.944s][info ][safepoint      ] Safepoint "ICBufferFull", Time since last: 1699434 ns, Reaching safepoint: 17300 ns, At safepoint: 1700 ns, Total: 19000 ns
[1.945s][info ][safepoint      ] Safepoint "ICBufferFull", Time since last: 1608733 ns, Reaching safepoint: 18500 ns, At safepoint: 1700 ns, Total: 20200 ns
[1.947s][info ][safepoint      ] Safepoint "ICBufferFull", Time since last: 1493930 ns, Reaching safepoint: 17300 ns, At safepoint: 1600 ns, Total: 18900 ns
[1.948s][info ][safepoint      ] Safepoint "ICBufferFull", Time since last: 1397928 ns, Reaching safepoint: 33701 ns, At safepoint: 2400 ns, Total: 36101 ns
[1.950s][info ][safepoint      ] Safepoint "ICBufferFull", Time since last: 1848937 ns, Reaching safepoint: 107302 ns, At safepoint: 5100 ns, Total: 112402 ns
[1.952s][info ][safepoint      ] Safepoint "ICBufferFull", Time since last: 1738035 ns, Reaching safepoint: 39401 ns, At safepoint: 4800 ns, Total: 44201 ns
[1.954s][info ][safepoint      ] Safepoint "ICBufferFull", Time since last: 2188444 ns, Reaching safepoint: 33501 ns, At safepoint: 6000 ns, Total: 39501 ns
[1.963s][info ][safepoint      ] Safepoint "ICBufferFull", Time since last: 8348167 ns, Reaching safepoint: 47601 ns, At safepoint: 2200 ns, Total: 49801 ns
[1.964s][info ][safepoint      ] Safepoint "ICBufferFull", Time since last: 949319 ns, Reaching safepoint: 13301 ns, At safepoint: 1800 ns, Total: 15101 ns
[1.964s][info ][safepoint      ] Safepoint "ICBufferFull", Time since last: 501610 ns, Reaching safepoint: 32500 ns, At safepoint: 6500 ns, Total: 39000 ns
[1.966s][info ][safepoint      ] Safepoint "ICBufferFull", Time since last: 1560432 ns, Reaching safepoint: 17000 ns, At safepoint: 6800 ns, Total: 23800 ns
[1.968s][info ][safepoint      ] Safepoint "ICBufferFull", Time since last: 1777736 ns, Reaching safepoint: 23900 ns, At safepoint: 2500 ns, Total: 26400 ns
[1.970s][info ][safepoint      ] Safepoint "ICBufferFull", Time since last: 2704055 ns, Reaching safepoint: 29400 ns, At safepoint: 5600 ns, Total: 35000 ns
[1.971s][info ][safepoint      ] Safepoint "ICBufferFull", Time since last: 502110 ns, Reaching safepoint: 19601 ns, At safepoint: 2400 ns, Total: 22001 ns
[1.977s][info ][safepoint      ] Safepoint "ICBufferFull", Time since last: 5558211 ns, Reaching safepoint: 98602 ns, At safepoint: 8400 ns, Total: 107002 ns
[1.983s][info ][safepoint      ] Safepoint "ICBufferFull", Time since last: 6169024 ns, Reaching safepoint: 48301 ns, At safepoint: 6300 ns, Total: 54601 ns
[1.984s][info ][safepoint      ] Safepoint "ICBufferFull", Time since last: 707414 ns, Reaching safepoint: 38901 ns, At safepoint: 2500 ns, Total: 41401 ns
[1.986s][info ][safepoint      ] Safepoint "ICBufferFull", Time since last: 2755056 ns, Reaching safepoint: 20200 ns, At safepoint: 2300 ns, Total: 22500 ns
[1.988s][info ][safepoint      ] Safepoint "ICBufferFull", Time since last: 1250225 ns, Reaching safepoint: 17600 ns, At safepoint: 1800 ns, Total: 19400 ns
[1.988s][info ][safepoint      ] Safepoint "ICBufferFull", Time since last: 491910 ns, Reaching safepoint: 17801 ns, At safepoint: 2000 ns, Total: 19801 ns
[1.991s][info ][safepoint      ] Safepoint "ICBufferFull", Time since last: 2795856 ns, Reaching safepoint: 56701 ns, At safepoint: 7700 ns, Total: 64401 ns
[1.993s][info ][safepoint      ] Safepoint "ICBufferFull", Time since last: 1970440 ns, Reaching safepoint: 28200 ns, At safepoint: 1800 ns, Total: 30000 ns
[1.994s][info ][safepoint      ] Safepoint "ICBufferFull", Time since last: 497310 ns, Reaching safepoint: 26101 ns, At safepoint: 4800 ns, Total: 30901 ns
[1.995s][info ][safepoint      ] Safepoint "ICBufferFull", Time since last: 1848837 ns, Reaching safepoint: 23000 ns, At safepoint: 1700 ns, Total: 24700 ns
[1.998s][info ][safepoint      ] Safepoint "ICBufferFull", Time since last: 2495450 ns, Reaching safepoint: 25301 ns, At safepoint: 1700 ns, Total: 27001 ns
[2.000s][info ][safepoint      ] Safepoint "ICBufferFull", Time since last: 1614032 ns, Reaching safepoint: 25001 ns, At safepoint: 1800 ns, Total: 26801 ns
[2.016s][info ][safepoint      ] Safepoint "ICBufferFull", Time since last: 16259926 ns, Reaching safepoint: 59901 ns, At safepoint: 3100 ns, Total: 63001 ns
[2.041s][info ][safepoint      ] Safepoint "ICBufferFull", Time since last: 24962301 ns, Reaching safepoint: 98702 ns, At safepoint: 4100 ns, Total: 102802 ns
[2.042s][info ][safepoint      ] Safepoint "ICBufferFull", Time since last: 1313126 ns, Reaching safepoint: 20201 ns, At safepoint: 2500 ns, Total: 22701 ns
[2.044s][info ][safepoint      ] Safepoint "ICBufferFull", Time since last: 1262425 ns, Reaching safepoint: 23001 ns, At safepoint: 2500 ns, Total: 25501 ns
[2.045s][info ][safepoint      ] Safepoint "ICBufferFull", Time since last: 1086521 ns, Reaching safepoint: 202605 ns, At safepoint: 3100 ns, Total: 205705 ns
[2.046s][info ][safepoint      ] Safepoint "ICBufferFull", Time since last: 1126122 ns, Reaching safepoint: 26601 ns, At safepoint: 2500 ns, Total: 29101 ns
[2.049s][info ][safepoint      ] Safepoint "ICBufferFull", Time since last: 3314666 ns, Reaching safepoint: 32601 ns, At safepoint: 2900 ns, Total: 35501 ns
[2.060s][info ][safepoint      ] Safepoint "ICBufferFull", Time since last: 10247905 ns, Reaching safepoint: 40801 ns, At safepoint: 7100 ns, Total: 47901 ns
[2.061s][info ][safepoint      ] Safepoint "ICBufferFull", Time since last: 1749636 ns, Reaching safepoint: 22600 ns, At safepoint: 2900 ns, Total: 25500 ns
[2.062s][info ][safepoint      ] Safepoint "ICBufferFull", Time since last: 950419 ns, Reaching safepoint: 19700 ns, At safepoint: 2501 ns, Total: 22201 ns
[2.065s][info ][safepoint      ] Safepoint "ICBufferFull", Time since last: 3010760 ns, Reaching safepoint: 20800 ns, At safepoint: 2500 ns, Total: 23300 ns
[2.067s][info ][safepoint      ] Safepoint "ICBufferFull", Time since last: 1817137 ns, Reaching safepoint: 23600 ns, At safepoint: 2400 ns, Total: 26000 ns
[2.069s][info ][safepoint      ] Safepoint "ICBufferFull", Time since last: 1886238 ns, Reaching safepoint: 21401 ns, At safepoint: 2200 ns, Total: 23601 ns
[2.079s][info ][safepoint      ] Safepoint "ICBufferFull", Time since last: 9454089 ns, Reaching safepoint: 22701 ns, At safepoint: 6100 ns, Total: 28801 ns
[2.080s][info ][safepoint      ] Safepoint "ICBufferFull", Time since last: 1150323 ns, Reaching safepoint: 44801 ns, At safepoint: 4900 ns, Total: 49701 ns
[2.080s][info ][safepoint      ] Safepoint "ICBufferFull", Time since last: 559711 ns, Reaching safepoint: 19501 ns, At safepoint: 2300 ns, Total: 21801 ns
[2.083s][info ][safepoint      ] Safepoint "ICBufferFull", Time since last: 2010240 ns, Reaching safepoint: 25000 ns, At safepoint: 2300 ns, Total: 27300 ns
[2.084s][info ][safepoint      ] Safepoint "ICBufferFull", Time since last: 1256926 ns, Reaching safepoint: 30300 ns, At safepoint: 6100 ns, Total: 36400 ns
[2.085s][info ][safepoint      ] Safepoint "ICBufferFull", Time since last: 1280726 ns, Reaching safepoint: 20601 ns, At safepoint: 2400 ns, Total: 23001 ns
[2.087s][info ][safepoint      ] Safepoint "ICBufferFull", Time since last: 1618032 ns, Reaching safepoint: 26201 ns, At safepoint: 2400 ns, Total: 28601 ns
[2.088s][info ][safepoint      ] Safepoint "ICBufferFull", Time since last: 1329826 ns, Reaching safepoint: 49501 ns, At safepoint: 2900 ns, Total: 52401 ns
[2.090s][info ][safepoint      ] Safepoint "ICBufferFull", Time since last: 2205245 ns, Reaching safepoint: 108702 ns, At safepoint: 11100 ns, Total: 119802 ns
[2.092s][info ][safepoint      ] Safepoint "ICBufferFull", Time since last: 1633033 ns, Reaching safepoint: 27900 ns, At safepoint: 3400 ns, Total: 31300 ns
[2.094s][info ][safepoint      ] Safepoint "ICBufferFull", Time since last: 1442329 ns, Reaching safepoint: 97302 ns, At safepoint: 5400 ns, Total: 102702 ns
[2.096s][info ][safepoint      ] Safepoint "ICBufferFull", Time since last: 1805637 ns, Reaching safepoint: 345706 ns, At safepoint: 6001 ns, Total: 351707 ns
[2.100s][info ][safepoint      ] Safepoint "ICBufferFull", Time since last: 2284845 ns, Reaching safepoint: 2084142 ns, At safepoint: 4900 ns, Total: 2089042 ns
[2.105s][info ][safepoint      ] Safepoint "ICBufferFull", Time since last: 2397748 ns, Reaching safepoint: 1962240 ns, At safepoint: 3600 ns, Total: 1965840 ns
[2.107s][info ][safepoint      ] Safepoint "ICBufferFull", Time since last: 2222444 ns, Reaching safepoint: 45201 ns, At safepoint: 3100 ns, Total: 48301 ns
[2.110s][info ][safepoint      ] Safepoint "ICBufferFull", Time since last: 2864458 ns, Reaching safepoint: 36301 ns, At safepoint: 6300 ns, Total: 42601 ns
[2.114s][info ][safepoint      ] Safepoint "ICBufferFull", Time since last: 3878477 ns, Reaching safepoint: 63002 ns, At safepoint: 8400 ns, Total: 71402 ns
[2.116s][info ][safepoint      ] Safepoint "ICBufferFull", Time since last: 1831837 ns, Reaching safepoint: 29000 ns, At safepoint: 2200 ns, Total: 31200 ns
[2.117s][info ][safepoint      ] Safepoint "ICBufferFull", Time since last: 1634933 ns, Reaching safepoint: 17700 ns, At safepoint: 2500 ns, Total: 20200 ns
[2.119s][info ][safepoint      ] Safepoint "ICBufferFull", Time since last: 1576632 ns, Reaching safepoint: 13800 ns, At safepoint: 1900 ns, Total: 15700 ns
[2.121s][info ][safepoint      ] Safepoint "ICBufferFull", Time since last: 1679734 ns, Reaching safepoint: 15500 ns, At safepoint: 1800 ns, Total: 17300 ns
[2.123s][info ][safepoint      ] Safepoint "ICBufferFull", Time since last: 2236545 ns, Reaching safepoint: 30501 ns, At safepoint: 2300 ns, Total: 32801 ns
[2.126s][info ][safepoint      ] Safepoint "ICBufferFull", Time since last: 3344867 ns, Reaching safepoint: 44601 ns, At safepoint: 5900 ns, Total: 50501 ns
[2.128s][info ][safepoint      ] Safepoint "ICBufferFull", Time since last: 1673034 ns, Reaching safepoint: 101002 ns, At safepoint: 3900 ns, Total: 104902 ns
[2.130s][info ][safepoint      ] Safepoint "ICBufferFull", Time since last: 1905538 ns, Reaching safepoint: 29901 ns, At safepoint: 2300 ns, Total: 32201 ns
[2.132s][info ][safepoint      ] Safepoint "ICBufferFull", Time since last: 2299746 ns, Reaching safepoint: 32700 ns, At safepoint: 3000 ns, Total: 35700 ns
[2.133s][info ][safepoint      ] Safepoint "ICBufferFull", Time since last: 747215 ns, Reaching safepoint: 20401 ns, At safepoint: 2000 ns, Total: 22401 ns
[2.135s][info ][safepoint      ] Safepoint "ICBufferFull", Time since last: 2235945 ns, Reaching safepoint: 16500 ns, At safepoint: 10900 ns, Total: 27400 ns
[2.138s][info ][safepoint      ] Safepoint "ICBufferFull", Time since last: 2439449 ns, Reaching safepoint: 24101 ns, At safepoint: 2500 ns, Total: 26601 ns
[2.139s][info ][safepoint      ] Safepoint "ICBufferFull", Time since last: 1086822 ns, Reaching safepoint: 26200 ns, At safepoint: 2000 ns, Total: 28200 ns
[2.141s][info ][safepoint      ] Safepoint "ICBufferFull", Time since last: 1810936 ns, Reaching safepoint: 36301 ns, At safepoint: 2900 ns, Total: 39201 ns
[2.142s][info ][safepoint      ] Safepoint "ICBufferFull", Time since last: 1527631 ns, Reaching safepoint: 28700 ns, At safepoint: 3500 ns, Total: 32200 ns
[2.143s][info ][safepoint      ] Safepoint "ICBufferFull", Time since last: 1105923 ns, Reaching safepoint: 33400 ns, At safepoint: 2300 ns, Total: 35700 ns
[2.144s][info ][safepoint      ] Safepoint "ICBufferFull", Time since last: 879518 ns, Reaching safepoint: 26801 ns, At safepoint: 6900 ns, Total: 33701 ns
[2.145s][info ][safepoint      ] Safepoint "ICBufferFull", Time since last: 1114022 ns, Reaching safepoint: 14800 ns, At safepoint: 2300 ns, Total: 17100 ns
[2.150s][info ][safepoint      ] Safepoint "ICBufferFull", Time since last: 3421769 ns, Reaching safepoint: 643113 ns, At safepoint: 6600 ns, Total: 649713 ns
[2.151s][info ][safepoint      ] Safepoint "ICBufferFull", Time since last: 991320 ns, Reaching safepoint: 28300 ns, At safepoint: 1801 ns, Total: 30101 ns
[2.152s][info ][safepoint      ] Safepoint "ICBufferFull", Time since last: 1172123 ns, Reaching safepoint: 17600 ns, At safepoint: 2300 ns, Total: 19900 ns
[2.153s][info ][safepoint      ] Safepoint "ICBufferFull", Time since last: 781516 ns, Reaching safepoint: 17500 ns, At safepoint: 2100 ns, Total: 19600 ns
[2.153s][info ][safepoint      ] Safepoint "ICBufferFull", Time since last: 732715 ns, Reaching safepoint: 17601 ns, At safepoint: 2100 ns, Total: 19701 ns
[2.154s][info ][safepoint      ] Safepoint "ICBufferFull", Time since last: 704514 ns, Reaching safepoint: 18100 ns, At safepoint: 2200 ns, Total: 20300 ns
[2.155s][info ][safepoint      ] Safepoint "ICBufferFull", Time since last: 731415 ns, Reaching safepoint: 15200 ns, At safepoint: 2000 ns, Total: 17200 ns
[2.155s][info ][safepoint      ] Safepoint "ICBufferFull", Time since last: 648013 ns, Reaching safepoint: 96802 ns, At safepoint: 5800 ns, Total: 102602 ns
[2.157s][info ][safepoint      ] Safepoint "ICBufferFull", Time since last: 1363228 ns, Reaching safepoint: 19300 ns, At safepoint: 2000 ns, Total: 21300 ns
[2.158s][info ][safepoint      ] Safepoint "ICBufferFull", Time since last: 906118 ns, Reaching safepoint: 19201 ns, At safepoint: 2300 ns, Total: 21501 ns
[2.285s][info ][safepoint      ] Safepoint "ICBufferFull", Time since last: 126813043 ns, Reaching safepoint: 107702 ns, At safepoint: 6400 ns, Total: 114102 ns
[2.508s][info ][safepoint      ] Safepoint "ICBufferFull", Time since last: 222601665 ns, Reaching safepoint: 182404 ns, At safepoint: 7300 ns, Total: 189704 ns
[2.682s][info ][gc,start       ] GC(2) Pause Young (Metadata GC Threshold)
[2.716s][debug][gc,phases      ] GC(2) Scavenge 34.599ms
[2.716s][debug][gc,ref         ] GC(2) Skipped phase 1 of Reference Processing: no references
[2.717s][debug][gc,ref         ] GC(2) ReferenceProcessor::execute queues: 2, RefProcThreadModel::Multi, marks_oops_alive: false
[2.717s][debug][gc,ref         ] GC(2) Skipped phase 3 of Reference Processing: no references
[2.717s][debug][gc,ref         ] GC(2) ReferenceProcessor::execute queues: 1, RefProcThreadModel::Single, marks_oops_alive: false
[2.717s][debug][gc,phases      ] GC(2) Reference Processing 0.371ms
[2.717s][debug][gc,phases      ] GC(2)   VM Weak                        Min:  0.0, Avg:  0.0, Max:  0.0, Diff:  0.0, Sum:  0.0, Workers: 4
[2.717s][debug][gc,phases      ] GC(2)     Dead                           Min: 0, Avg:  0.0, Max: 0, Diff: 0, Sum: 0, Workers: 4
[2.717s][debug][gc,phases      ] GC(2)     Total                          Min: 0, Avg: 68.2, Max: 209, Diff: 209, Sum: 273, Workers: 4
[2.717s][debug][gc,phases      ] GC(2)   ObjectSynchronizer Weak        Min:  0.0, Avg:  0.0, Max:  0.0, Diff:  0.0, Sum:  0.0, Workers: 4
[2.717s][debug][gc,phases      ] GC(2)     Dead                           Min: 0, Avg:  1.0, Max: 4, Diff: 4, Sum: 4, Workers: 4
[2.717s][debug][gc,phases      ] GC(2)     Total                          Min: 0, Avg:  3.5, Max: 14, Diff: 14, Sum: 14, Workers: 4
[2.717s][debug][gc,phases      ] GC(2)   JVMTI Tag Weak OopStorage      Min:  0.0, Avg:  0.0, Max:  0.0, Diff:  0.0, Sum:  0.0, Workers: 4
[2.717s][debug][gc,phases      ] GC(2)     Dead                           Min: 0, Avg:  0.0, Max: 0, Diff: 0, Sum: 0, Workers: 4
[2.717s][debug][gc,phases      ] GC(2)     Total                          Min: 0, Avg:  0.0, Max: 0, Diff: 0, Sum: 0, Workers: 4
[2.717s][debug][gc,phases      ] GC(2)   StringTable Weak               Min:  0.0, Avg:  0.2, Max:  0.2, Diff:  0.2, Sum:  0.7, Workers: 4
[2.717s][debug][gc,phases      ] GC(2)     Dead                           Min: 0, Avg:  6.0, Max: 15, Diff: 15, Sum: 24, Workers: 4
[2.717s][debug][gc,phases      ] GC(2)     Total                          Min: 0, Avg: 4933.0, Max: 7808, Diff: 7808, Sum: 19732, Workers: 4
[2.717s][debug][gc,phases      ] GC(2)   ResolvedMethodTable Weak       Min:  0.0, Avg:  0.0, Max:  0.0, Diff:  0.0, Sum:  0.1, Workers: 4
[2.717s][debug][gc,phases      ] GC(2)     Dead                           Min: 0, Avg: 18.2, Max: 36, Diff: 36, Sum: 73, Workers: 4
[2.717s][debug][gc,phases      ] GC(2)     Total                          Min: 0, Avg: 472.0, Max: 768, Diff: 768, Sum: 1888, Workers: 4
[2.717s][debug][gc,phases      ] GC(2)   JNI Weak                       Min:  0.0, Avg:  0.0, Max:  0.0, Diff:  0.0, Sum:  0.0, Workers: 4
[2.717s][debug][gc,phases      ] GC(2)     Dead                           Min: 0, Avg:  0.0, Max: 0, Diff: 0, Sum: 0, Workers: 4
[2.717s][debug][gc,phases      ] GC(2)     Total                          Min: 0, Avg:  0.0, Max: 0, Diff: 0, Sum: 0, Workers: 4
[2.717s][debug][gc,phases      ] GC(2)   StringDedup Table Weak         Min:  0.0, Avg:  0.0, Max:  0.0, Diff:  0.0, Sum:  0.0, Workers: 4
[2.717s][debug][gc,phases      ] GC(2)     Dead                           Min: 0, Avg:  0.0, Max: 0, Diff: 0, Sum: 0, Workers: 4
[2.717s][debug][gc,phases      ] GC(2)     Total                          Min: 0, Avg:  0.0, Max: 0, Diff: 0, Sum: 0, Workers: 4
[2.717s][debug][gc,phases      ] GC(2)   StringDedup Requests0 Weak     Min:  0.0, Avg:  0.0, Max:  0.0, Diff:  0.0, Sum:  0.0, Workers: 4
[2.717s][debug][gc,phases      ] GC(2)     Dead                           Min: 0, Avg:  0.0, Max: 0, Diff: 0, Sum: 0, Workers: 4
[2.717s][debug][gc,phases      ] GC(2)     Total                          Min: 0, Avg:  0.0, Max: 0, Diff: 0, Sum: 0, Workers: 4
[2.717s][debug][gc,phases      ] GC(2)   StringDedup Requests1 Weak     Min:  0.0, Avg:  0.0, Max:  0.0, Diff:  0.0, Sum:  0.0, Workers: 4
[2.717s][debug][gc,phases      ] GC(2)     Dead                           Min: 0, Avg:  0.0, Max: 0, Diff: 0, Sum: 0, Workers: 4
[2.717s][debug][gc,phases      ] GC(2)     Total                          Min: 0, Avg:  0.0, Max: 0, Diff: 0, Sum: 0, Workers: 4
[2.717s][debug][gc,phases      ] GC(2)   Weak JFR Old Object Samples    Min:  0.0, Avg:  0.0, Max:  0.0, Diff:  0.0, Sum:  0.0, Workers: 4
[2.717s][debug][gc,phases      ] GC(2)     Dead                           Min: 0, Avg:  0.0, Max: 0, Diff: 0, Sum: 0, Workers: 4
[2.717s][debug][gc,phases      ] GC(2)     Total                          Min: 0, Avg:  0.0, Max: 0, Diff: 0, Sum: 0, Workers: 4
[2.717s][debug][gc,phases      ] GC(2) Weak Processing 0.518ms
[2.717s][debug][gc,age         ] GC(2) Desired survivor size 536870912 bytes, new threshold 7 (max threshold 15)
[2.717s][info ][gc,heap        ] GC(2) PSYoungGen: 459993K(1572864K)->56630K(1572864K) Eden: 448791K(1048576K)->0K(1048576K) From: 11201K(524288K)->56630K(524288K)
[2.717s][info ][gc,heap        ] GC(2) ParOldGen: 5663K(6144K)->5679K(6144K)
[2.717s][info ][gc,metaspace   ] GC(2) Metaspace: 35469K(35840K)->35469K(35840K) NonClass: 31005K(31168K)->31005K(31168K) Class: 4464K(4672K)->4464K(4672K)
[2.717s][info ][gc             ] GC(2) Pause Young (Metadata GC Threshold) 454M->60M(1542M) 35.641ms
[2.717s][info ][gc,cpu         ] GC(2) User=0.08s Sys=0.05s Real=0.04s
[2.717s][debug][gc,phases      ] GC(3) Pre Compact 0.013ms
[2.717s][info ][gc,start       ] GC(3) Pause Full (Metadata GC Threshold)
[2.717s][info ][gc,phases,start] GC(3) Marking Phase
[2.739s][debug][gc,phases      ] GC(3) Par Mark 21.827ms
[2.739s][debug][gc,ref         ] GC(3) Skipped phase 1 of Reference Processing: no references
[2.739s][debug][gc,ref         ] GC(3) ReferenceProcessor::execute queues: 2, RefProcThreadModel::Multi, marks_oops_alive: false
[2.740s][debug][gc,ref         ] GC(3) Skipped phase 3 of Reference Processing: no references
[2.740s][debug][gc,ref         ] GC(3) ReferenceProcessor::execute queues: 1, RefProcThreadModel::Single, marks_oops_alive: false
[2.740s][debug][gc,phases      ] GC(3) Reference Processing 0.226ms
[2.740s][debug][gc,phases      ] GC(3)   VM Weak                        Min:  0.0, Avg:  0.0, Max:  0.0, Diff:  0.0, Sum:  0.0, Workers: 4
[2.740s][debug][gc,phases      ] GC(3)     Dead                           Min: 0, Avg:  0.0, Max: 0, Diff: 0, Sum: 0, Workers: 4
[2.740s][debug][gc,phases      ] GC(3)     Total                          Min: 0, Avg: 68.2, Max: 273, Diff: 273, Sum: 273, Workers: 4
[2.740s][debug][gc,phases      ] GC(3)   ObjectSynchronizer Weak        Min:  0.0, Avg:  0.0, Max:  0.0, Diff:  0.0, Sum:  0.0, Workers: 4
[2.740s][debug][gc,phases      ] GC(3)     Dead                           Min: 0, Avg:  0.0, Max: 0, Diff: 0, Sum: 0, Workers: 4
[2.740s][debug][gc,phases      ] GC(3)     Total                          Min: 0, Avg:  3.5, Max: 14, Diff: 14, Sum: 14, Workers: 4
[2.740s][debug][gc,phases      ] GC(3)   JVMTI Tag Weak OopStorage      Min:  0.0, Avg:  0.0, Max:  0.0, Diff:  0.0, Sum:  0.0, Workers: 4
[2.740s][debug][gc,phases      ] GC(3)     Dead                           Min: 0, Avg:  0.0, Max: 0, Diff: 0, Sum: 0, Workers: 4
[2.740s][debug][gc,phases      ] GC(3)     Total                          Min: 0, Avg:  0.0, Max: 0, Diff: 0, Sum: 0, Workers: 4
[2.740s][debug][gc,phases      ] GC(3)   StringTable Weak               Min:  0.0, Avg:  0.1, Max:  0.1, Diff:  0.1, Sum:  0.3, Workers: 4
[2.740s][debug][gc,phases      ] GC(3)     Dead                           Min: 0, Avg:  0.0, Max: 0, Diff: 0, Sum: 0, Workers: 4
[2.740s][debug][gc,phases      ] GC(3)     Total                          Min: 0, Avg: 4933.0, Max: 6912, Diff: 6912, Sum: 19732, Workers: 4
[2.740s][debug][gc,phases      ] GC(3)   ResolvedMethodTable Weak       Min:  0.0, Avg:  0.0, Max:  0.0, Diff:  0.0, Sum:  0.0, Workers: 4
[2.740s][debug][gc,phases      ] GC(3)     Dead                           Min: 0, Avg:  0.0, Max: 0, Diff: 0, Sum: 0, Workers: 4
[2.740s][debug][gc,phases      ] GC(3)     Total                          Min: 0, Avg: 472.0, Max: 640, Diff: 640, Sum: 1888, Workers: 4
[2.740s][debug][gc,phases      ] GC(3)   JNI Weak                       Min:  0.0, Avg:  0.0, Max:  0.0, Diff:  0.0, Sum:  0.0, Workers: 4
[2.740s][debug][gc,phases      ] GC(3)     Dead                           Min: 0, Avg:  0.0, Max: 0, Diff: 0, Sum: 0, Workers: 4
[2.740s][debug][gc,phases      ] GC(3)     Total                          Min: 0, Avg:  0.0, Max: 0, Diff: 0, Sum: 0, Workers: 4
[2.740s][debug][gc,phases      ] GC(3)   StringDedup Table Weak         Min:  0.0, Avg:  0.0, Max:  0.0, Diff:  0.0, Sum:  0.0, Workers: 4
[2.740s][debug][gc,phases      ] GC(3)     Dead                           Min: 0, Avg:  0.0, Max: 0, Diff: 0, Sum: 0, Workers: 4
[2.740s][debug][gc,phases      ] GC(3)     Total                          Min: 0, Avg:  0.0, Max: 0, Diff: 0, Sum: 0, Workers: 4
[2.740s][debug][gc,phases      ] GC(3)   StringDedup Requests0 Weak     Min:  0.0, Avg:  0.0, Max:  0.0, Diff:  0.0, Sum:  0.0, Workers: 4
[2.740s][debug][gc,phases      ] GC(3)     Dead                           Min: 0, Avg:  0.0, Max: 0, Diff: 0, Sum: 0, Workers: 4
[2.740s][debug][gc,phases      ] GC(3)     Total                          Min: 0, Avg:  0.0, Max: 0, Diff: 0, Sum: 0, Workers: 4
[2.740s][debug][gc,phases      ] GC(3)   StringDedup Requests1 Weak     Min:  0.0, Avg:  0.0, Max:  0.0, Diff:  0.0, Sum:  0.0, Workers: 4
[2.740s][debug][gc,phases      ] GC(3)     Dead                           Min: 0, Avg:  0.0, Max: 0, Diff: 0, Sum: 0, Workers: 4
[2.740s][debug][gc,phases      ] GC(3)     Total                          Min: 0, Avg:  0.0, Max: 0, Diff: 0, Sum: 0, Workers: 4
[2.740s][debug][gc,phases      ] GC(3)   Weak JFR Old Object Samples    Min:  0.0, Avg:  0.0, Max:  0.0, Diff:  0.0, Sum:  0.0, Workers: 4
[2.740s][debug][gc,phases      ] GC(3)     Dead                           Min: 0, Avg:  0.0, Max: 0, Diff: 0, Sum: 0, Workers: 4
[2.740s][debug][gc,phases      ] GC(3)     Total                          Min: 0, Avg:  0.0, Max: 0, Diff: 0, Sum: 0, Workers: 4
[2.740s][debug][gc,phases      ] GC(3) Weak Processing 0.357ms
[2.740s][debug][gc,phases      ] GC(3) ClassLoaderData 0.039ms
[2.740s][debug][gc,phases      ] GC(3) Trigger cleanups 0.001ms
[2.745s][debug][gc,phases      ] GC(3) Class Unloading 4.562ms
[2.745s][info ][gc,phases      ] GC(3) Marking Phase 27.078ms
[2.745s][info ][gc,phases,start] GC(3) Summary Phase
[2.745s][info ][gc,phases      ] GC(3) Summary Phase 0.008ms
[2.745s][info ][gc,phases,start] GC(3) Adjust Roots
[2.749s][info ][gc,phases      ] GC(3) Adjust Roots 4.885ms
[2.749s][info ][gc,phases,start] GC(3) Compaction Phase
[2.996s][info ][gc,phases      ] GC(3) Compaction Phase 246.056ms
[2.996s][info ][gc,phases,start] GC(3) Post Compact
[2.996s][info ][gc,phases      ] GC(3) Post Compact 0.561ms
[2.996s][info ][gc,heap        ] GC(3) PSYoungGen: 56630K(1572864K)->55923K(1572864K) Eden: 0K(1048576K)->0K(1048576K) From: 56630K(524288K)->55923K(524288K)
[2.996s][info ][gc,heap        ] GC(3) ParOldGen: 5679K(6144K)->6115K(6144K)
[2.996s][info ][gc,metaspace   ] GC(3) Metaspace: 35469K(35840K)->35469K(35840K) NonClass: 31005K(31168K)->31005K(31168K) Class: 4464K(4672K)->4464K(4672K)
[2.996s][info ][gc             ] GC(3) Pause Full (Metadata GC Threshold) 60M->60M(1542M) 278.709ms
[2.996s][info ][gc,cpu         ] GC(3) User=0.60s Sys=0.00s Real=0.28s
[2.996s][info ][safepoint      ] Safepoint "CollectForMetadataAllocation", Time since last: 174100892 ns, Reaching safepoint: 72801 ns, At safepoint: 314486808 ns, Total: 314559609 ns
[3.206s][info ][safepoint      ] Safepoint "ICBufferFull", Time since last: 210161015 ns, Reaching safepoint: 138603 ns, At safepoint: 6000 ns, Total: 144603 ns
[3.335s][info ][safepoint      ] Safepoint "ICBufferFull", Time since last: 128126269 ns, Reaching safepoint: 223105 ns, At safepoint: 8800 ns, Total: 231905 ns
[3.514s][info ][safepoint      ] Safepoint "ICBufferFull", Time since last: 178626683 ns, Reaching safepoint: 230204 ns, At safepoint: 32801 ns, Total: 263005 ns
[3.613s][info ][safepoint      ] Safepoint "ICBufferFull", Time since last: 99501096 ns, Reaching safepoint: 200904 ns, At safepoint: 28500 ns, Total: 229404 ns
[3.734s][info ][safepoint      ] Safepoint "ICBufferFull", Time since last: 120634020 ns, Reaching safepoint: 183303 ns, At safepoint: 18201 ns, Total: 201504 ns
[3.735s][info ][safepoint      ] Safepoint "ICBufferFull", Time since last: 98702 ns, Reaching safepoint: 97102 ns, At safepoint: 17800 ns, Total: 114902 ns
[3.806s][info ][safepoint      ] Safepoint "ICBufferFull", Time since last: 70846521 ns, Reaching safepoint: 186604 ns, At safepoint: 16800 ns, Total: 203404 ns
[3.806s][info ][safepoint      ] Safepoint "ICBufferFull", Time since last: 96102 ns, Reaching safepoint: 99102 ns, At safepoint: 22100 ns, Total: 121202 ns
[3.806s][info ][safepoint      ] Safepoint "ICBufferFull", Time since last: 40801 ns, Reaching safepoint: 92102 ns, At safepoint: 21700 ns, Total: 113802 ns
[4.054s][info ][safepoint      ] Safepoint "ICBufferFull", Time since last: 247368362 ns, Reaching safepoint: 190804 ns, At safepoint: 16700 ns, Total: 207504 ns
[4.054s][info ][safepoint      ] Safepoint "ICBufferFull", Time since last: 64401 ns, Reaching safepoint: 54601 ns, At safepoint: 23101 ns, Total: 77702 ns
[4.246s][info ][safepoint      ] Safepoint "ICBufferFull", Time since last: 191747445 ns, Reaching safepoint: 252406 ns, At safepoint: 32600 ns, Total: 285006 ns
[4.447s][info ][safepoint      ] Safepoint "ICBufferFull", Time since last: 201217436 ns, Reaching safepoint: 235905 ns, At safepoint: 29600 ns, Total: 265505 ns
[4.455s][debug][gc,phases      ] GC(4) Pre Compact 0.022ms
[4.455s][info ][gc,start       ] GC(4) Pause Full (Ergonomics)
[4.455s][info ][gc,phases,start] GC(4) Marking Phase
[4.559s][debug][gc,phases      ] GC(4) Par Mark 103.830ms
[4.559s][debug][gc,ref         ] GC(4) Skipped phase 1 of Reference Processing: no references
[4.559s][debug][gc,ref         ] GC(4) ReferenceProcessor::execute queues: 4, RefProcThreadModel::Multi, marks_oops_alive: false
[4.560s][debug][gc,ref         ] GC(4) Skipped phase 3 of Reference Processing: no references
[4.560s][debug][gc,ref         ] GC(4) ReferenceProcessor::execute queues: 3, RefProcThreadModel::Multi, marks_oops_alive: false
[4.560s][debug][gc,phases      ] GC(4) Reference Processing 0.999ms
[4.560s][debug][gc,phases      ] GC(4)   VM Weak                        Min:  0.0, Avg:  0.0, Max:  0.0, Diff:  0.0, Sum:  0.0, Workers: 4
[4.560s][debug][gc,phases      ] GC(4)     Dead                           Min: 0, Avg:  1.8, Max: 7, Diff: 7, Sum: 7, Workers: 4
[4.560s][debug][gc,phases      ] GC(4)     Total                          Min: 0, Avg: 105.0, Max: 384, Diff: 384, Sum: 420, Workers: 4
[4.560s][debug][gc,phases      ] GC(4)   ObjectSynchronizer Weak        Min:  0.0, Avg:  0.0, Max:  0.0, Diff:  0.0, Sum:  0.0, Workers: 4
[4.560s][debug][gc,phases      ] GC(4)     Dead                           Min: 17, Avg: 73.5, Max: 122, Diff: 105, Sum: 294, Workers: 4
[4.560s][debug][gc,phases      ] GC(4)     Total                          Min: 26, Avg: 86.5, Max: 128, Diff: 102, Sum: 346, Workers: 4
[4.560s][debug][gc,phases      ] GC(4)   JVMTI Tag Weak OopStorage      Min:  0.0, Avg:  0.0, Max:  0.0, Diff:  0.0, Sum:  0.0, Workers: 4
[4.560s][debug][gc,phases      ] GC(4)     Dead                           Min: 0, Avg:  0.0, Max: 0, Diff: 0, Sum: 0, Workers: 4
[4.560s][debug][gc,phases      ] GC(4)     Total                          Min: 0, Avg:  0.0, Max: 0, Diff: 0, Sum: 0, Workers: 4
[4.560s][debug][gc,phases      ] GC(4)   StringTable Weak               Min:  0.1, Avg:  0.1, Max:  0.1, Diff:  0.0, Sum:  0.6, Workers: 4
[4.560s][debug][gc,phases      ] GC(4)     Dead                           Min: 1, Avg:  6.5, Max: 16, Diff: 15, Sum: 26, Workers: 4
[4.560s][debug][gc,phases      ] GC(4)     Total                          Min: 8194, Avg: 9520.5, Max: 11136, Diff: 2942, Sum: 38082, Workers: 4
[4.560s][debug][gc,phases      ] GC(4)   ResolvedMethodTable Weak       Min:  0.0, Avg:  0.0, Max:  0.0, Diff:  0.0, Sum:  0.1, Workers: 4
[4.560s][debug][gc,phases      ] GC(4)     Dead                           Min: 14, Avg: 46.5, Max: 91, Diff: 77, Sum: 186, Workers: 4
[4.560s][debug][gc,phases      ] GC(4)     Total                          Min: 1089, Avg: 1216.2, Max: 1408, Diff: 319, Sum: 4865, Workers: 4
[4.560s][debug][gc,phases      ] GC(4)   JNI Weak                       Min:  0.0, Avg:  0.0, Max:  0.0, Diff:  0.0, Sum:  0.0, Workers: 4
[4.560s][debug][gc,phases      ] GC(4)     Dead                           Min: 0, Avg:  0.0, Max: 0, Diff: 0, Sum: 0, Workers: 4
[4.560s][debug][gc,phases      ] GC(4)     Total                          Min: 0, Avg:  6.8, Max: 27, Diff: 27, Sum: 27, Workers: 4
[4.560s][debug][gc,phases      ] GC(4)   StringDedup Table Weak         Min:  0.0, Avg:  0.0, Max:  0.0, Diff:  0.0, Sum:  0.0, Workers: 4
[4.560s][debug][gc,phases      ] GC(4)     Dead                           Min: 0, Avg:  0.0, Max: 0, Diff: 0, Sum: 0, Workers: 4
[4.560s][debug][gc,phases      ] GC(4)     Total                          Min: 0, Avg:  0.0, Max: 0, Diff: 0, Sum: 0, Workers: 4
[4.560s][debug][gc,phases      ] GC(4)   StringDedup Requests0 Weak     Min:  0.0, Avg:  0.0, Max:  0.0, Diff:  0.0, Sum:  0.0, Workers: 4
[4.560s][debug][gc,phases      ] GC(4)     Dead                           Min: 0, Avg:  0.0, Max: 0, Diff: 0, Sum: 0, Workers: 4
[4.560s][debug][gc,phases      ] GC(4)     Total                          Min: 0, Avg:  0.0, Max: 0, Diff: 0, Sum: 0, Workers: 4
[4.560s][debug][gc,phases      ] GC(4)   StringDedup Requests1 Weak     Min:  0.0, Avg:  0.0, Max:  0.0, Diff:  0.0, Sum:  0.0, Workers: 4
[4.560s][debug][gc,phases      ] GC(4)     Dead                           Min: 0, Avg:  0.0, Max: 0, Diff: 0, Sum: 0, Workers: 4
[4.560s][debug][gc,phases      ] GC(4)     Total                          Min: 0, Avg:  0.0, Max: 0, Diff: 0, Sum: 0, Workers: 4
[4.560s][debug][gc,phases      ] GC(4)   Weak JFR Old Object Samples    Min:  0.0, Avg:  0.0, Max:  0.0, Diff:  0.0, Sum:  0.0, Workers: 4
[4.560s][debug][gc,phases      ] GC(4)     Dead                           Min: 0, Avg:  0.0, Max: 0, Diff: 0, Sum: 0, Workers: 4
[4.560s][debug][gc,phases      ] GC(4)     Total                          Min: 0, Avg:  0.0, Max: 0, Diff: 0, Sum: 0, Workers: 4
[4.560s][debug][gc,phases      ] GC(4) Weak Processing 0.356ms
[4.560s][debug][gc,phases      ] GC(4) ClassLoaderData 0.154ms
[4.560s][debug][gc,phases      ] GC(4) Trigger cleanups 0.002ms
[4.568s][debug][gc,phases      ] GC(4) Class Unloading 8.195ms
[4.568s][info ][gc,phases      ] GC(4) Marking Phase 113.545ms
[4.569s][info ][gc,phases,start] GC(4) Summary Phase
[4.569s][info ][gc,phases      ] GC(4) Summary Phase 0.031ms
[4.569s][info ][gc,phases,start] GC(4) Adjust Roots
[4.576s][info ][gc,phases      ] GC(4) Adjust Roots 7.517ms
[4.576s][info ][gc,phases,start] GC(4) Compaction Phase
[4.811s][info ][gc,phases      ] GC(4) Compaction Phase 234.707ms
[4.811s][info ][gc,phases,start] GC(4) Post Compact
[4.814s][info ][gc,phases      ] GC(4) Post Compact 3.230ms
[4.814s][info ][gc,heap        ] GC(4) PSYoungGen: 1104499K(1572864K)->167493K(1572864K) Eden: 1048576K(1048576K)->167493K(1048576K) From: 55923K(524288K)->0K(524288K)
[4.814s][info ][gc,heap        ] GC(4) ParOldGen: 6115K(6144K)->6127K(18944K)
[4.814s][info ][gc,metaspace   ] GC(4) Metaspace: 53221K(53824K)->53209K(53824K) NonClass: 45343K(45696K)->45334K(45696K) Class: 7877K(8128K)->7874K(8128K)
[4.814s][info ][gc             ] GC(4) Pause Full (Ergonomics) 1084M->169M(1554M) 359.277ms
[4.814s][info ][gc,cpu         ] GC(4) User=1.26s Sys=0.03s Real=0.36s
[4.824s][info ][safepoint      ] Safepoint "ParallelGCFailedAllocation", Time since last: 7368348 ns, Reaching safepoint: 323306 ns, At safepoint: 369279607 ns, Total: 369602913 ns
[4.934s][info ][safepoint      ] Safepoint "ICBufferFull", Time since last: 109155789 ns, Reaching safepoint: 201004 ns, At safepoint: 32201 ns, Total: 233205 ns
[4.956s][info ][safepoint      ] Safepoint "ICBufferFull", Time since last: 22011041 ns, Reaching safepoint: 130903 ns, At safepoint: 23400 ns, Total: 154303 ns
[4.961s][info ][safepoint      ] Safepoint "ICBufferFull", Time since last: 4668794 ns, Reaching safepoint: 129402 ns, At safepoint: 29901 ns, Total: 159303 ns
[4.964s][info ][safepoint      ] Safepoint "ICBufferFull", Time since last: 2836057 ns, Reaching safepoint: 119602 ns, At safepoint: 25901 ns, Total: 145503 ns
[4.995s][info ][safepoint      ] Safepoint "ICBufferFull", Time since last: 29379589 ns, Reaching safepoint: 2116543 ns, At safepoint: 34800 ns, Total: 2151343 ns
[4.999s][info ][gc,start       ] GC(5) Pause Young (Allocation Failure)
[5.102s][debug][gc,phases      ] GC(5) Scavenge 102.359ms
[5.102s][debug][gc,ref         ] GC(5) Skipped phase 1 of Reference Processing: no references
[5.102s][debug][gc,ref         ] GC(5) ReferenceProcessor::execute queues: 4, RefProcThreadModel::Multi, marks_oops_alive: false
[5.102s][debug][gc,ref         ] GC(5) Skipped phase 3 of Reference Processing: no references
[5.102s][debug][gc,ref         ] GC(5) ReferenceProcessor::execute queues: 1, RefProcThreadModel::Single, marks_oops_alive: false
[5.102s][debug][gc,phases      ] GC(5) Reference Processing 0.304ms
[5.102s][debug][gc,phases      ] GC(5)   VM Weak                        Min:  0.0, Avg:  0.0, Max:  0.0, Diff:  0.0, Sum:  0.0, Workers: 4
[5.102s][debug][gc,phases      ] GC(5)     Dead                           Min: 0, Avg:  0.0, Max: 0, Diff: 0, Sum: 0, Workers: 4
[5.102s][debug][gc,phases      ] GC(5)     Total                          Min: 0, Avg: 103.8, Max: 415, Diff: 415, Sum: 415, Workers: 4
[5.102s][debug][gc,phases      ] GC(5)   ObjectSynchronizer Weak        Min:  0.0, Avg:  0.0, Max:  0.0, Diff:  0.0, Sum:  0.0, Workers: 4
[5.102s][debug][gc,phases      ] GC(5)     Dead                           Min: 0, Avg:  0.2, Max: 1, Diff: 1, Sum: 1, Workers: 4
[5.102s][debug][gc,phases      ] GC(5)     Total                          Min: 0, Avg: 87.0, Max: 220, Diff: 220, Sum: 348, Workers: 4
[5.102s][debug][gc,phases      ] GC(5)   JVMTI Tag Weak OopStorage      Min:  0.0, Avg:  0.0, Max:  0.0, Diff:  0.0, Sum:  0.0, Workers: 4
[5.102s][debug][gc,phases      ] GC(5)     Dead                           Min: 0, Avg:  0.0, Max: 0, Diff: 0, Sum: 0, Workers: 4
[5.103s][debug][gc,phases      ] GC(5)     Total                          Min: 0, Avg:  0.0, Max: 0, Diff: 0, Sum: 0, Workers: 4
[5.103s][debug][gc,phases      ] GC(5)   StringTable Weak               Min:  0.3, Avg:  0.3, Max:  0.3, Diff:  0.0, Sum:  1.2, Workers: 4
[5.103s][debug][gc,phases      ] GC(5)     Dead                           Min: 0, Avg:  3.2, Max: 12, Diff: 12, Sum: 13, Workers: 4
[5.103s][debug][gc,phases      ] GC(5)     Total                          Min: 6848, Avg: 9526.2, Max: 12084, Diff: 5236, Sum: 38105, Workers: 4
[5.103s][debug][gc,phases      ] GC(5)   ResolvedMethodTable Weak       Min:  0.0, Avg:  0.0, Max:  0.0, Diff:  0.0, Sum:  0.2, Workers: 4
[5.103s][debug][gc,phases      ] GC(5)     Dead                           Min: 0, Avg:  0.0, Max: 0, Diff: 0, Sum: 0, Workers: 4
[5.103s][debug][gc,phases      ] GC(5)     Total                          Min: 781, Avg: 1177.2, Max: 1708, Diff: 927, Sum: 4709, Workers: 4
[5.103s][debug][gc,phases      ] GC(5)   JNI Weak                       Min:  0.0, Avg:  0.0, Max:  0.0, Diff:  0.0, Sum:  0.0, Workers: 4
[5.103s][debug][gc,phases      ] GC(5)     Dead                           Min: 0, Avg:  0.0, Max: 0, Diff: 0, Sum: 0, Workers: 4
[5.103s][debug][gc,phases      ] GC(5)     Total                          Min: 0, Avg:  0.5, Max: 2, Diff: 2, Sum: 2, Workers: 4
[5.103s][debug][gc,phases      ] GC(5)   StringDedup Table Weak         Min:  0.0, Avg:  0.0, Max:  0.0, Diff:  0.0, Sum:  0.0, Workers: 4
[5.103s][debug][gc,phases      ] GC(5)     Dead                           Min: 0, Avg:  0.0, Max: 0, Diff: 0, Sum: 0, Workers: 4
[5.103s][debug][gc,phases      ] GC(5)     Total                          Min: 0, Avg:  0.0, Max: 0, Diff: 0, Sum: 0, Workers: 4
[5.103s][debug][gc,phases      ] GC(5)   StringDedup Requests0 Weak     Min:  0.0, Avg:  0.0, Max:  0.0, Diff:  0.0, Sum:  0.0, Workers: 4
[5.103s][debug][gc,phases      ] GC(5)     Dead                           Min: 0, Avg:  0.0, Max: 0, Diff: 0, Sum: 0, Workers: 4
[5.103s][debug][gc,phases      ] GC(5)     Total                          Min: 0, Avg:  0.0, Max: 0, Diff: 0, Sum: 0, Workers: 4
[5.103s][debug][gc,phases      ] GC(5)   StringDedup Requests1 Weak     Min:  0.0, Avg:  0.0, Max:  0.0, Diff:  0.0, Sum:  0.0, Workers: 4
[5.103s][debug][gc,phases      ] GC(5)     Dead                           Min: 0, Avg:  0.0, Max: 0, Diff: 0, Sum: 0, Workers: 4
[5.103s][debug][gc,phases      ] GC(5)     Total                          Min: 0, Avg:  0.0, Max: 0, Diff: 0, Sum: 0, Workers: 4
[5.103s][debug][gc,phases      ] GC(5)   Weak JFR Old Object Samples    Min:  0.0, Avg:  0.0, Max:  0.0, Diff:  0.0, Sum:  0.0, Workers: 4
[5.103s][debug][gc,phases      ] GC(5)     Dead                           Min: 0, Avg:  0.0, Max: 0, Diff: 0, Sum: 0, Workers: 4
[5.103s][debug][gc,phases      ] GC(5)     Total                          Min: 0, Avg:  0.0, Max: 0, Diff: 0, Sum: 0, Workers: 4
[5.103s][debug][gc,phases      ] GC(5) Weak Processing 0.548ms
[5.103s][debug][gc,age         ] GC(5) Desired survivor size 536870912 bytes, new threshold 7 (max threshold 15)
[5.103s][info ][gc,heap        ] GC(5) PSYoungGen: 1048576K(1572864K)->175530K(1572864K) Eden: 1048576K(1048576K)->0K(1048576K) From: 0K(524288K)->175530K(524288K)
[5.103s][info ][gc,heap        ] GC(5) ParOldGen: 6127K(18944K)->6135K(18944K)
[5.103s][info ][gc,metaspace   ] GC(5) Metaspace: 53291K(53824K)->53291K(53824K) NonClass: 45404K(45696K)->45404K(45696K) Class: 7887K(8128K)->7887K(8128K)
[5.103s][info ][gc             ] GC(5) Pause Young (Allocation Failure) 1029M->177M(1554M) 103.364ms
[5.103s][info ][gc,cpu         ] GC(5) User=0.30s Sys=0.10s Real=0.10s
[5.103s][info ][safepoint      ] Safepoint "ParallelGCFailedAllocation", Time since last: 4121683 ns, Reaching safepoint: 92302 ns, At safepoint: 103458275 ns, Total: 103550577 ns
[5.109s][info ][safepoint      ] Safepoint "ICBufferFull", Time since last: 6197424 ns, Reaching safepoint: 121202 ns, At safepoint: 28101 ns, Total: 149303 ns
[5.113s][info ][safepoint      ] Safepoint "ICBufferFull", Time since last: 4185184 ns, Reaching safepoint: 109302 ns, At safepoint: 30001 ns, Total: 139303 ns
[5.128s][info ][safepoint      ] Safepoint "ICBufferFull", Time since last: 11954439 ns, Reaching safepoint: 2177644 ns, At safepoint: 29701 ns, Total: 2207345 ns
[5.134s][info ][safepoint      ] Safepoint "ICBufferFull", Time since last: 5814616 ns, Reaching safepoint: 129803 ns, At safepoint: 27001 ns, Total: 156804 ns
[5.140s][info ][safepoint      ] Safepoint "ICBufferFull", Time since last: 6294826 ns, Reaching safepoint: 84601 ns, At safepoint: 29401 ns, Total: 114002 ns
[5.144s][info ][safepoint      ] Safepoint "ICBufferFull", Time since last: 3644873 ns, Reaching safepoint: 112802 ns, At safepoint: 26001 ns, Total: 138803 ns
[5.159s][info ][safepoint      ] Safepoint "ICBufferFull", Time since last: 14641194 ns, Reaching safepoint: 122002 ns, At safepoint: 29201 ns, Total: 151203 ns
[5.315s][info ][gc,start       ] GC(6) Pause Young (Allocation Failure)
[5.402s][debug][gc,phases      ] GC(6) Scavenge 87.159ms
[5.402s][debug][gc,ref         ] GC(6) Skipped phase 1 of Reference Processing: no references
[5.402s][debug][gc,ref         ] GC(6) ReferenceProcessor::execute queues: 4, RefProcThreadModel::Multi, marks_oops_alive: false
[5.403s][debug][gc,ref         ] GC(6) Skipped phase 3 of Reference Processing: no references
[5.403s][debug][gc,ref         ] GC(6) ReferenceProcessor::execute queues: 1, RefProcThreadModel::Single, marks_oops_alive: false
[5.403s][debug][gc,phases      ] GC(6) Reference Processing 0.318ms
[5.403s][debug][gc,phases      ] GC(6)   VM Weak                        Min:  0.0, Avg:  0.0, Max:  0.0, Diff:  0.0, Sum:  0.0, Workers: 4
[5.403s][debug][gc,phases      ] GC(6)     Dead                           Min: 0, Avg:  0.0, Max: 0, Diff: 0, Sum: 0, Workers: 4
[5.403s][debug][gc,phases      ] GC(6)     Total                          Min: 0, Avg: 105.5, Max: 320, Diff: 320, Sum: 422, Workers: 4
[5.403s][debug][gc,phases      ] GC(6)   ObjectSynchronizer Weak        Min:  0.0, Avg:  0.0, Max:  0.0, Diff:  0.0, Sum:  0.0, Workers: 4
[5.403s][debug][gc,phases      ] GC(6)     Dead                           Min: 0, Avg:  0.0, Max: 0, Diff: 0, Sum: 0, Workers: 4
[5.403s][debug][gc,phases      ] GC(6)     Total                          Min: 0, Avg: 87.0, Max: 192, Diff: 192, Sum: 348, Workers: 4
[5.403s][debug][gc,phases      ] GC(6)   JVMTI Tag Weak OopStorage      Min:  0.0, Avg:  0.0, Max:  0.0, Diff:  0.0, Sum:  0.0, Workers: 4
[5.403s][debug][gc,phases      ] GC(6)     Dead                           Min: 0, Avg:  0.0, Max: 0, Diff: 0, Sum: 0, Workers: 4
[5.403s][debug][gc,phases      ] GC(6)     Total                          Min: 0, Avg:  0.0, Max: 0, Diff: 0, Sum: 0, Workers: 4
[5.403s][debug][gc,phases      ] GC(6)   StringTable Weak               Min:  0.3, Avg:  0.3, Max:  0.3, Diff:  0.0, Sum:  1.3, Workers: 4
[5.403s][debug][gc,phases      ] GC(6)     Dead                           Min: 0, Avg:  0.2, Max: 1, Diff: 1, Sum: 1, Workers: 4
[5.403s][debug][gc,phases      ] GC(6)     Total                          Min: 7424, Avg: 9540.8, Max: 11987, Diff: 4563, Sum: 38163, Workers: 4
[5.403s][debug][gc,phases      ] GC(6)   ResolvedMethodTable Weak       Min:  0.0, Avg:  0.0, Max:  0.0, Diff:  0.0, Sum:  0.2, Workers: 4
[5.403s][debug][gc,phases      ] GC(6)     Dead                           Min: 0, Avg:  0.0, Max: 0, Diff: 0, Sum: 0, Workers: 4
[5.403s][debug][gc,phases      ] GC(6)     Total                          Min: 736, Avg: 1188.5, Max: 1647, Diff: 911, Sum: 4754, Workers: 4
[5.403s][debug][gc,phases      ] GC(6)   JNI Weak                       Min:  0.0, Avg:  0.0, Max:  0.0, Diff:  0.0, Sum:  0.0, Workers: 4
[5.403s][debug][gc,phases      ] GC(6)     Dead                           Min: 0, Avg:  0.0, Max: 0, Diff: 0, Sum: 0, Workers: 4
[5.403s][debug][gc,phases      ] GC(6)     Total                          Min: 0, Avg:  2.0, Max: 8, Diff: 8, Sum: 8, Workers: 4
[5.403s][debug][gc,phases      ] GC(6)   StringDedup Table Weak         Min:  0.0, Avg:  0.0, Max:  0.0, Diff:  0.0, Sum:  0.0, Workers: 4
[5.403s][debug][gc,phases      ] GC(6)     Dead                           Min: 0, Avg:  0.0, Max: 0, Diff: 0, Sum: 0, Workers: 4
[5.403s][debug][gc,phases      ] GC(6)     Total                          Min: 0, Avg:  0.0, Max: 0, Diff: 0, Sum: 0, Workers: 4
[5.403s][debug][gc,phases      ] GC(6)   StringDedup Requests0 Weak     Min:  0.0, Avg:  0.0, Max:  0.0, Diff:  0.0, Sum:  0.0, Workers: 4
[5.403s][debug][gc,phases      ] GC(6)     Dead                           Min: 0, Avg:  0.0, Max: 0, Diff: 0, Sum: 0, Workers: 4
[5.403s][debug][gc,phases      ] GC(6)     Total                          Min: 0, Avg:  0.0, Max: 0, Diff: 0, Sum: 0, Workers: 4
[5.403s][debug][gc,phases      ] GC(6)   StringDedup Requests1 Weak     Min:  0.0, Avg:  0.0, Max:  0.0, Diff:  0.0, Sum:  0.0, Workers: 4
[5.403s][debug][gc,phases      ] GC(6)     Dead                           Min: 0, Avg:  0.0, Max: 0, Diff: 0, Sum: 0, Workers: 4
[5.403s][debug][gc,phases      ] GC(6)     Total                          Min: 0, Avg:  0.0, Max: 0, Diff: 0, Sum: 0, Workers: 4
[5.403s][debug][gc,phases      ] GC(6)   Weak JFR Old Object Samples    Min:  0.0, Avg:  0.0, Max:  0.0, Diff:  0.0, Sum:  0.0, Workers: 4
[5.403s][debug][gc,phases      ] GC(6)     Dead                           Min: 0, Avg:  0.0, Max: 0, Diff: 0, Sum: 0, Workers: 4
[5.403s][debug][gc,phases      ] GC(6)     Total                          Min: 0, Avg:  0.0, Max: 0, Diff: 0, Sum: 0, Workers: 4
[5.403s][debug][gc,phases      ] GC(6) Weak Processing 0.554ms
[5.403s][debug][gc,age         ] GC(6) Desired survivor size 536870912 bytes, new threshold 7 (max threshold 15)
[5.403s][info ][gc,heap        ] GC(6) PSYoungGen: 1224106K(1572864K)->179162K(1572864K) Eden: 1048576K(1048576K)->0K(1048576K) From: 175530K(524288K)->179162K(524288K)
[5.403s][info ][gc,heap        ] GC(6) ParOldGen: 6135K(18944K)->6143K(18944K)
[5.403s][info ][gc,metaspace   ] GC(6) Metaspace: 53505K(54144K)->53505K(54144K) NonClass: 45600K(45952K)->45600K(45952K) Class: 7905K(8192K)->7905K(8192K)
[5.403s][info ][gc             ] GC(6) Pause Young (Allocation Failure) 1201M->180M(1554M) 88.173ms
[5.403s][info ][gc,cpu         ] GC(6) User=0.33s Sys=0.02s Real=0.08s
[5.403s][info ][safepoint      ] Safepoint "ParallelGCFailedAllocation", Time since last: 156285734 ns, Reaching safepoint: 192204 ns, At safepoint: 88282471 ns, Total: 88474675 ns
[5.576s][info ][safepoint      ] Safepoint "ICBufferFull", Time since last: 167014749 ns, Reaching safepoint: 5409709 ns, At safepoint: 25300 ns, Total: 5435009 ns
[5.577s][info ][safepoint      ] Safepoint "ICBufferFull", Time since last: 1163123 ns, Reaching safepoint: 93902 ns, At safepoint: 18401 ns, Total: 112303 ns
[5.581s][info ][safepoint      ] Safepoint "ICBufferFull", Time since last: 3440869 ns, Reaching safepoint: 111502 ns, At safepoint: 24500 ns, Total: 136002 ns
[5.581s][info ][safepoint      ] Safepoint "ICBufferFull", Time since last: 75502 ns, Reaching safepoint: 87102 ns, At safepoint: 26900 ns, Total: 114002 ns
[5.581s][info ][safepoint      ] Safepoint "ICBufferFull", Time since last: 178504 ns, Reaching safepoint: 90302 ns, At safepoint: 25100 ns, Total: 115402 ns
[5.583s][info ][safepoint      ] Safepoint "ICBufferFull", Time since last: 1816537 ns, Reaching safepoint: 114102 ns, At safepoint: 29300 ns, Total: 143402 ns
[5.630s][info ][safepoint      ] Safepoint "ICBufferFull", Time since last: 44618395 ns, Reaching safepoint: 2148443 ns, At safepoint: 31901 ns, Total: 2180344 ns
[5.643s][info ][safepoint      ] Safepoint "ICBufferFull", Time since last: 12860858 ns, Reaching safepoint: 121902 ns, At safepoint: 29301 ns, Total: 151203 ns
[5.673s][info ][safepoint      ] Safepoint "ICBufferFull", Time since last: 30118504 ns, Reaching safepoint: 127903 ns, At safepoint: 27200 ns, Total: 155103 ns
[5.690s][info ][safepoint      ] Safepoint "ICBufferFull", Time since last: 17210745 ns, Reaching safepoint: 121103 ns, At safepoint: 26500 ns, Total: 147603 ns
[5.691s][info ][safepoint      ] Safepoint "ICBufferFull", Time since last: 109402 ns, Reaching safepoint: 84402 ns, At safepoint: 28001 ns, Total: 112403 ns
[5.719s][info ][safepoint      ] Safepoint "ICBufferFull", Time since last: 27485451 ns, Reaching safepoint: 467009 ns, At safepoint: 25401 ns, Total: 492410 ns
[5.741s][info ][safepoint      ] Safepoint "ICBufferFull", Time since last: 22451750 ns, Reaching safepoint: 122303 ns, At safepoint: 22100 ns, Total: 144403 ns
[5.749s][info ][safepoint      ] Safepoint "ICBufferFull", Time since last: 7529951 ns, Reaching safepoint: 124403 ns, At safepoint: 22900 ns, Total: 147303 ns
[5.756s][info ][safepoint      ] Safepoint "ICBufferFull", Time since last: 6517631 ns, Reaching safepoint: 126402 ns, At safepoint: 32701 ns, Total: 159103 ns
[5.765s][info ][safepoint      ] Safepoint "ICBufferFull", Time since last: 6419929 ns, Reaching safepoint: 3187564 ns, At safepoint: 26900 ns, Total: 3214464 ns
[5.780s][info ][safepoint      ] Safepoint "ICBufferFull", Time since last: 15062402 ns, Reaching safepoint: 113803 ns, At safepoint: 23500 ns, Total: 137303 ns
[5.786s][info ][safepoint      ] Safepoint "ICBufferFull", Time since last: 5351307 ns, Reaching safepoint: 108202 ns, At safepoint: 29301 ns, Total: 137503 ns
[5.791s][info ][safepoint      ] Safepoint "ICBufferFull", Time since last: 5206404 ns, Reaching safepoint: 123303 ns, At safepoint: 26200 ns, Total: 149503 ns
[5.799s][info ][safepoint      ] Safepoint "ICBufferFull", Time since last: 7581953 ns, Reaching safepoint: 119602 ns, At safepoint: 26500 ns, Total: 146102 ns
[5.809s][info ][safepoint      ] Safepoint "ICBufferFull", Time since last: 8290667 ns, Reaching safepoint: 2096542 ns, At safepoint: 27000 ns, Total: 2123542 ns
[5.817s][info ][safepoint      ] Safepoint "ICBufferFull", Time since last: 6954540 ns, Reaching safepoint: 574411 ns, At safepoint: 30101 ns, Total: 604512 ns
[5.823s][info ][safepoint      ] Safepoint "ICBufferFull", Time since last: 5673714 ns, Reaching safepoint: 126502 ns, At safepoint: 26601 ns, Total: 153103 ns
[5.846s][info ][safepoint      ] Safepoint "ICBufferFull", Time since last: 23511671 ns, Reaching safepoint: 119603 ns, At safepoint: 28000 ns, Total: 147603 ns
[5.850s][info ][safepoint      ] Safepoint "ICBufferFull", Time since last: 2983960 ns, Reaching safepoint: 111502 ns, At safepoint: 24501 ns, Total: 136003 ns
[5.854s][info ][safepoint      ] Safepoint "ICBufferFull", Time since last: 4646393 ns, Reaching safepoint: 97702 ns, At safepoint: 22600 ns, Total: 120302 ns
[5.859s][info ][safepoint      ] Safepoint "ICBufferFull", Time since last: 4061882 ns, Reaching safepoint: 95702 ns, At safepoint: 30500 ns, Total: 126202 ns
[5.865s][info ][safepoint      ] Safepoint "ICBufferFull", Time since last: 6387429 ns, Reaching safepoint: 113802 ns, At safepoint: 24400 ns, Total: 138202 ns
[5.867s][info ][safepoint      ] Safepoint "ICBufferFull", Time since last: 2216245 ns, Reaching safepoint: 113902 ns, At safepoint: 23301 ns, Total: 137203 ns
[5.883s][info ][safepoint      ] Safepoint "ICBufferFull", Time since last: 15771816 ns, Reaching safepoint: 108702 ns, At safepoint: 20300 ns, Total: 129002 ns
[5.886s][info ][safepoint      ] Safepoint "ICBufferFull", Time since last: 2444450 ns, Reaching safepoint: 115402 ns, At safepoint: 25300 ns, Total: 140702 ns
[5.888s][info ][gc,start       ] GC(7) Pause Young (Allocation Failure)
[5.960s][debug][gc,phases      ] GC(7) Scavenge 72.094ms
[5.960s][debug][gc,ref         ] GC(7) Skipped phase 1 of Reference Processing: no references
[5.960s][debug][gc,ref         ] GC(7) ReferenceProcessor::execute queues: 4, RefProcThreadModel::Multi, marks_oops_alive: false
[5.961s][debug][gc,ref         ] GC(7) Skipped phase 3 of Reference Processing: no references
[5.961s][debug][gc,ref         ] GC(7) ReferenceProcessor::execute queues: 1, RefProcThreadModel::Single, marks_oops_alive: false
[5.961s][debug][gc,phases      ] GC(7) Reference Processing 0.330ms
[5.961s][debug][gc,phases      ] GC(7)   VM Weak                        Min:  0.0, Avg:  0.0, Max:  0.0, Diff:  0.0, Sum:  0.0, Workers: 4
[5.961s][debug][gc,phases      ] GC(7)     Dead                           Min: 0, Avg:  0.0, Max: 0, Diff: 0, Sum: 0, Workers: 4
[5.961s][debug][gc,phases      ] GC(7)     Total                          Min: 0, Avg: 109.2, Max: 309, Diff: 309, Sum: 437, Workers: 4
[5.961s][debug][gc,phases      ] GC(7)   ObjectSynchronizer Weak        Min:  0.0, Avg:  0.0, Max:  0.0, Diff:  0.0, Sum:  0.0, Workers: 4
[5.961s][debug][gc,phases      ] GC(7)     Dead                           Min: 0, Avg:  0.0, Max: 0, Diff: 0, Sum: 0, Workers: 4
[5.961s][debug][gc,phases      ] GC(7)     Total                          Min: 0, Avg: 87.0, Max: 128, Diff: 128, Sum: 348, Workers: 4
[5.961s][debug][gc,phases      ] GC(7)   JVMTI Tag Weak OopStorage      Min:  0.0, Avg:  0.0, Max:  0.0, Diff:  0.0, Sum:  0.0, Workers: 4
[5.961s][debug][gc,phases      ] GC(7)     Dead                           Min: 0, Avg:  0.0, Max: 0, Diff: 0, Sum: 0, Workers: 4
[5.961s][debug][gc,phases      ] GC(7)     Total                          Min: 0, Avg:  0.0, Max: 0, Diff: 0, Sum: 0, Workers: 4
[5.961s][debug][gc,phases      ] GC(7)   StringTable Weak               Min:  0.3, Avg:  0.4, Max:  0.4, Diff:  0.1, Sum:  1.4, Workers: 4
[5.961s][debug][gc,phases      ] GC(7)     Dead                           Min: 0, Avg:  3.5, Max: 13, Diff: 13, Sum: 14, Workers: 4
[5.961s][debug][gc,phases      ] GC(7)     Total                          Min: 7744, Avg: 9583.0, Max: 12668, Diff: 4924, Sum: 38332, Workers: 4
[5.961s][debug][gc,phases      ] GC(7)   ResolvedMethodTable Weak       Min:  0.0, Avg:  0.0, Max:  0.0, Diff:  0.0, Sum:  0.2, Workers: 4
[5.961s][debug][gc,phases      ] GC(7)     Dead                           Min: 0, Avg:  0.0, Max: 0, Diff: 0, Sum: 0, Workers: 4
[5.961s][debug][gc,phases      ] GC(7)     Total                          Min: 896, Avg: 1228.0, Max: 1600, Diff: 704, Sum: 4912, Workers: 4
[5.961s][debug][gc,phases      ] GC(7)   JNI Weak                       Min:  0.0, Avg:  0.0, Max:  0.0, Diff:  0.0, Sum:  0.0, Workers: 4
[5.961s][debug][gc,phases      ] GC(7)     Dead                           Min: 0, Avg:  0.0, Max: 0, Diff: 0, Sum: 0, Workers: 4
[5.961s][debug][gc,phases      ] GC(7)     Total                          Min: 0, Avg:  1.5, Max: 6, Diff: 6, Sum: 6, Workers: 4
[5.961s][debug][gc,phases      ] GC(7)   StringDedup Table Weak         Min:  0.0, Avg:  0.0, Max:  0.0, Diff:  0.0, Sum:  0.0, Workers: 4
[5.961s][debug][gc,phases      ] GC(7)     Dead                           Min: 0, Avg:  0.0, Max: 0, Diff: 0, Sum: 0, Workers: 4
[5.961s][debug][gc,phases      ] GC(7)     Total                          Min: 0, Avg:  0.0, Max: 0, Diff: 0, Sum: 0, Workers: 4
[5.961s][debug][gc,phases      ] GC(7)   StringDedup Requests0 Weak     Min:  0.0, Avg:  0.0, Max:  0.0, Diff:  0.0, Sum:  0.0, Workers: 4
[5.961s][debug][gc,phases      ] GC(7)     Dead                           Min: 0, Avg:  0.0, Max: 0, Diff: 0, Sum: 0, Workers: 4
[5.961s][debug][gc,phases      ] GC(7)     Total                          Min: 0, Avg:  0.0, Max: 0, Diff: 0, Sum: 0, Workers: 4
[5.961s][debug][gc,phases      ] GC(7)   StringDedup Requests1 Weak     Min:  0.0, Avg:  0.0, Max:  0.0, Diff:  0.0, Sum:  0.0, Workers: 4
[5.961s][debug][gc,phases      ] GC(7)     Dead                           Min: 0, Avg:  0.0, Max: 0, Diff: 0, Sum: 0, Workers: 4
[5.961s][debug][gc,phases      ] GC(7)     Total                          Min: 0, Avg:  0.0, Max: 0, Diff: 0, Sum: 0, Workers: 4
[5.961s][debug][gc,phases      ] GC(7)   Weak JFR Old Object Samples    Min:  0.0, Avg:  0.0, Max:  0.0, Diff:  0.0, Sum:  0.0, Workers: 4
[5.961s][debug][gc,phases      ] GC(7)     Dead                           Min: 0, Avg:  0.0, Max: 0, Diff: 0, Sum: 0, Workers: 4
[5.961s][debug][gc,phases      ] GC(7)     Total                          Min: 0, Avg:  0.0, Max: 0, Diff: 0, Sum: 0, Workers: 4
[5.961s][debug][gc,phases      ] GC(7) Weak Processing 0.608ms
[5.961s][debug][gc,age         ] GC(7) Desired survivor size 275251200 bytes, new threshold 8 (max threshold 15)
[5.961s][info ][gc,heap        ] GC(7) PSYoungGen: 1227738K(1572864K)->182291K(1828352K) Eden: 1048576K(1048576K)->0K(1304064K) From: 179162K(524288K)->182291K(524288K)
[5.961s][info ][gc,heap        ] GC(7) ParOldGen: 6143K(18944K)->6151K(18944K)
[5.961s][info ][gc,metaspace   ] GC(7) Metaspace: 54045K(54656K)->54045K(54656K) NonClass: 46058K(46400K)->46058K(46400K) Class: 7987K(8256K)->7987K(8256K)
[5.961s][info ][gc             ] GC(7) Pause Young (Allocation Failure) 1204M->184M(1804M) 73.159ms
[5.961s][info ][gc,cpu         ] GC(7) User=0.28s Sys=0.02s Real=0.07s
[5.961s][info ][safepoint      ] Safepoint "ParallelGCFailedAllocation", Time since last: 2075542 ns, Reaching safepoint: 100902 ns, At safepoint: 73276870 ns, Total: 73377772 ns
[5.966s][info ][safepoint      ] Safepoint "ICBufferFull", Time since last: 4982000 ns, Reaching safepoint: 114302 ns, At safepoint: 28400 ns, Total: 142702 ns
[5.973s][info ][safepoint      ] Safepoint "ICBufferFull", Time since last: 3285366 ns, Reaching safepoint: 3194364 ns, At safepoint: 24701 ns, Total: 3219065 ns
[5.983s][info ][safepoint      ] Safepoint "ICBufferFull", Time since last: 10324207 ns, Reaching safepoint: 115402 ns, At safepoint: 29801 ns, Total: 145203 ns
[5.984s][info ][safepoint      ] Safepoint "ICBufferFull", Time since last: 58301 ns, Reaching safepoint: 97602 ns, At safepoint: 24800 ns, Total: 122402 ns
[5.987s][info ][safepoint      ] Safepoint "ICBufferFull", Time since last: 2921859 ns, Reaching safepoint: 175904 ns, At safepoint: 28400 ns, Total: 204304 ns
[5.993s][info ][safepoint      ] Safepoint "ICBufferFull", Time since last: 6437929 ns, Reaching safepoint: 108402 ns, At safepoint: 29801 ns, Total: 138203 ns
[6.000s][info ][safepoint      ] Safepoint "ICBufferFull", Time since last: 6805237 ns, Reaching safepoint: 113702 ns, At safepoint: 24200 ns, Total: 137902 ns
[6.003s][info ][safepoint      ] Safepoint "ICBufferFull", Time since last: 2382348 ns, Reaching safepoint: 103002 ns, At safepoint: 26901 ns, Total: 129903 ns
[6.069s][info ][safepoint      ] Safepoint "ICBufferFull", Time since last: 64068385 ns, Reaching safepoint: 2169043 ns, At safepoint: 33301 ns, Total: 2202344 ns
[6.097s][info ][safepoint      ] Safepoint "ICBufferFull", Time since last: 25791117 ns, Reaching safepoint: 2141443 ns, At safepoint: 25500 ns, Total: 2166943 ns
[6.123s][info ][safepoint      ] Safepoint "ICBufferFull", Time since last: 25643115 ns, Reaching safepoint: 124102 ns, At safepoint: 24001 ns, Total: 148103 ns
[6.134s][info ][safepoint      ] Safepoint "ICBufferFull", Time since last: 7699554 ns, Reaching safepoint: 3180064 ns, At safepoint: 33101 ns, Total: 3213165 ns
[6.207s][info ][safepoint      ] Safepoint "ICBufferFull", Time since last: 73089565 ns, Reaching safepoint: 155504 ns, At safepoint: 24500 ns, Total: 180004 ns
[6.210s][info ][safepoint      ] Safepoint "ICBufferFull", Time since last: 762115 ns, Reaching safepoint: 2085742 ns, At safepoint: 35401 ns, Total: 2121143 ns
[6.225s][info ][safepoint      ] Safepoint "ICBufferFull", Time since last: 14743496 ns, Reaching safepoint: 132302 ns, At safepoint: 19001 ns, Total: 151303 ns
[6.226s][info ][safepoint      ] Safepoint "ICBufferFull", Time since last: 710714 ns, Reaching safepoint: 89802 ns, At safepoint: 20100 ns, Total: 109902 ns
[6.226s][info ][safepoint      ] Safepoint "ICBufferFull", Time since last: 726015 ns, Reaching safepoint: 88201 ns, At safepoint: 18701 ns, Total: 106902 ns
[6.227s][info ][safepoint      ] Safepoint "ICBufferFull", Time since last: 723114 ns, Reaching safepoint: 97502 ns, At safepoint: 22601 ns, Total: 120103 ns
[6.228s][info ][safepoint      ] Safepoint "ICBufferFull", Time since last: 685113 ns, Reaching safepoint: 44401 ns, At safepoint: 18201 ns, Total: 62602 ns
[6.238s][info ][safepoint      ] Safepoint "ICBufferFull", Time since last: 9528291 ns, Reaching safepoint: 68401 ns, At safepoint: 20801 ns, Total: 89202 ns
[6.239s][info ][safepoint      ] Safepoint "ICBufferFull", Time since last: 809716 ns, Reaching safepoint: 102402 ns, At safepoint: 15900 ns, Total: 118302 ns
[6.239s][info ][safepoint      ] Safepoint "ICBufferFull", Time since last: 767216 ns, Reaching safepoint: 100802 ns, At safepoint: 18200 ns, Total: 119002 ns
[6.240s][info ][safepoint      ] Safepoint "ICBufferFull", Time since last: 754115 ns, Reaching safepoint: 92502 ns, At safepoint: 18400 ns, Total: 110902 ns
[6.241s][info ][safepoint      ] Safepoint "ICBufferFull", Time since last: 771016 ns, Reaching safepoint: 95602 ns, At safepoint: 19800 ns, Total: 115402 ns
[6.242s][info ][safepoint      ] Safepoint "ICBufferFull", Time since last: 771916 ns, Reaching safepoint: 97202 ns, At safepoint: 19200 ns, Total: 116402 ns
[6.243s][info ][safepoint      ] Safepoint "ICBufferFull", Time since last: 788116 ns, Reaching safepoint: 99102 ns, At safepoint: 16300 ns, Total: 115402 ns
[6.244s][info ][safepoint      ] Safepoint "ICBufferFull", Time since last: 685714 ns, Reaching safepoint: 93802 ns, At safepoint: 16100 ns, Total: 109902 ns
[6.245s][info ][safepoint      ] Safepoint "ICBufferFull", Time since last: 663013 ns, Reaching safepoint: 93202 ns, At safepoint: 18501 ns, Total: 111703 ns
[6.245s][info ][safepoint      ] Safepoint "ICBufferFull", Time since last: 678813 ns, Reaching safepoint: 85602 ns, At safepoint: 20100 ns, Total: 105702 ns
[6.246s][info ][safepoint      ] Safepoint "ICBufferFull", Time since last: 766916 ns, Reaching safepoint: 66701 ns, At safepoint: 21700 ns, Total: 88401 ns
[6.247s][info ][safepoint      ] Safepoint "ICBufferFull", Time since last: 762316 ns, Reaching safepoint: 95602 ns, At safepoint: 21300 ns, Total: 116902 ns
[6.248s][info ][safepoint      ] Safepoint "ICBufferFull", Time since last: 752815 ns, Reaching safepoint: 98702 ns, At safepoint: 17600 ns, Total: 116302 ns
[6.249s][info ][safepoint      ] Safepoint "ICBufferFull", Time since last: 944919 ns, Reaching safepoint: 85002 ns, At safepoint: 23001 ns, Total: 108003 ns
[6.250s][info ][safepoint      ] Safepoint "ICBufferFull", Time since last: 785915 ns, Reaching safepoint: 100102 ns, At safepoint: 20701 ns, Total: 120803 ns
[6.251s][info ][safepoint      ] Safepoint "ICBufferFull", Time since last: 759415 ns, Reaching safepoint: 90002 ns, At safepoint: 22600 ns, Total: 112602 ns
[6.252s][info ][safepoint      ] Safepoint "ICBufferFull", Time since last: 764416 ns, Reaching safepoint: 106602 ns, At safepoint: 19200 ns, Total: 125802 ns
[6.253s][info ][safepoint      ] Safepoint "ICBufferFull", Time since last: 768116 ns, Reaching safepoint: 94601 ns, At safepoint: 23501 ns, Total: 118102 ns
[6.253s][info ][safepoint      ] Safepoint "ICBufferFull", Time since last: 675213 ns, Reaching safepoint: 89502 ns, At safepoint: 20001 ns, Total: 109503 ns
[6.258s][info ][safepoint      ] Safepoint "ICBufferFull", Time since last: 4366087 ns, Reaching safepoint: 104502 ns, At safepoint: 22901 ns, Total: 127403 ns
[6.282s][info ][safepoint      ] Safepoint "ICBufferFull", Time since last: 20823117 ns, Reaching safepoint: 3196564 ns, At safepoint: 25301 ns, Total: 3221865 ns
[6.283s][info ][safepoint      ] Safepoint "ICBufferFull", Time since last: 731015 ns, Reaching safepoint: 644213 ns, At safepoint: 19400 ns, Total: 663613 ns
[6.284s][info ][safepoint      ] Safepoint "ICBufferFull", Time since last: 697814 ns, Reaching safepoint: 101902 ns, At safepoint: 17200 ns, Total: 119102 ns
[6.285s][info ][safepoint      ] Safepoint "ICBufferFull", Time since last: 691514 ns, Reaching safepoint: 103902 ns, At safepoint: 20001 ns, Total: 123903 ns
[6.286s][info ][safepoint      ] Safepoint "ICBufferFull", Time since last: 663913 ns, Reaching safepoint: 99402 ns, At safepoint: 18700 ns, Total: 118102 ns
[6.287s][info ][safepoint      ] Safepoint "ICBufferFull", Time since last: 704415 ns, Reaching safepoint: 97201 ns, At safepoint: 20501 ns, Total: 117702 ns
[6.287s][info ][safepoint      ] Safepoint "ICBufferFull", Time since last: 697514 ns, Reaching safepoint: 99802 ns, At safepoint: 19700 ns, Total: 119502 ns
[6.288s][info ][safepoint      ] Safepoint "ICBufferFull", Time since last: 687814 ns, Reaching safepoint: 90502 ns, At safepoint: 23400 ns, Total: 113902 ns
[6.289s][info ][safepoint      ] Safepoint "ICBufferFull", Time since last: 888118 ns, Reaching safepoint: 104602 ns, At safepoint: 19001 ns, Total: 123603 ns
[6.290s][info ][safepoint      ] Safepoint "ICBufferFull", Time since last: 731614 ns, Reaching safepoint: 88402 ns, At safepoint: 21001 ns, Total: 109403 ns
[6.291s][info ][safepoint      ] Safepoint "ICBufferFull", Time since last: 671013 ns, Reaching safepoint: 220604 ns, At safepoint: 23901 ns, Total: 244505 ns
[6.292s][info ][safepoint      ] Safepoint "ICBufferFull", Time since last: 672113 ns, Reaching safepoint: 88302 ns, At safepoint: 21201 ns, Total: 109503 ns
[6.292s][info ][safepoint      ] Safepoint "ICBufferFull", Time since last: 669613 ns, Reaching safepoint: 88902 ns, At safepoint: 23300 ns, Total: 112202 ns
[6.293s][info ][safepoint      ] Safepoint "ICBufferFull", Time since last: 689114 ns, Reaching safepoint: 92502 ns, At safepoint: 20500 ns, Total: 113002 ns
[6.294s][info ][safepoint      ] Safepoint "ICBufferFull", Time since last: 661714 ns, Reaching safepoint: 92901 ns, At safepoint: 17101 ns, Total: 110002 ns
[6.295s][info ][safepoint      ] Safepoint "ICBufferFull", Time since last: 688314 ns, Reaching safepoint: 158003 ns, At safepoint: 25300 ns, Total: 183303 ns
[6.296s][info ][safepoint      ] Safepoint "ICBufferFull", Time since last: 669714 ns, Reaching safepoint: 90202 ns, At safepoint: 17900 ns, Total: 108102 ns
[6.296s][info ][safepoint      ] Safepoint "ICBufferFull", Time since last: 550911 ns, Reaching safepoint: 92602 ns, At safepoint: 17000 ns, Total: 109602 ns
[6.297s][info ][safepoint      ] Safepoint "ICBufferFull", Time since last: 751615 ns, Reaching safepoint: 155603 ns, At safepoint: 22801 ns, Total: 178404 ns
[6.306s][info ][safepoint      ] Safepoint "ICBufferFull", Time since last: 8486470 ns, Reaching safepoint: 86502 ns, At safepoint: 27300 ns, Total: 113802 ns
[6.310s][info ][gc,start       ] GC(8) Pause Young (Allocation Failure)
[6.401s][debug][gc,phases      ] GC(8) Scavenge 90.937ms
[6.401s][debug][gc,ref         ] GC(8) Skipped phase 1 of Reference Processing: no references
[6.401s][debug][gc,ref         ] GC(8) ReferenceProcessor::execute queues: 4, RefProcThreadModel::Multi, marks_oops_alive: false
[6.402s][debug][gc,ref         ] GC(8) Skipped phase 3 of Reference Processing: no references
[6.402s][debug][gc,ref         ] GC(8) ReferenceProcessor::execute queues: 1, RefProcThreadModel::Single, marks_oops_alive: false
[6.402s][debug][gc,phases      ] GC(8) Reference Processing 0.314ms
[6.402s][debug][gc,phases      ] GC(8)   VM Weak                        Min:  0.0, Avg:  0.0, Max:  0.0, Diff:  0.0, Sum:  0.0, Workers: 4
[6.402s][debug][gc,phases      ] GC(8)     Dead                           Min: 0, Avg:  0.0, Max: 0, Diff: 0, Sum: 0, Workers: 4
[6.402s][debug][gc,phases      ] GC(8)     Total                          Min: 0, Avg: 110.0, Max: 248, Diff: 248, Sum: 440, Workers: 4
[6.402s][debug][gc,phases      ] GC(8)   ObjectSynchronizer Weak        Min:  0.0, Avg:  0.0, Max:  0.0, Diff:  0.0, Sum:  0.0, Workers: 4
[6.402s][debug][gc,phases      ] GC(8)     Dead                           Min: 0, Avg:  0.0, Max: 0, Diff: 0, Sum: 0, Workers: 4
[6.402s][debug][gc,phases      ] GC(8)     Total                          Min: 0, Avg: 87.0, Max: 156, Diff: 156, Sum: 348, Workers: 4
[6.402s][debug][gc,phases      ] GC(8)   JVMTI Tag Weak OopStorage      Min:  0.0, Avg:  0.0, Max:  0.0, Diff:  0.0, Sum:  0.0, Workers: 4
[6.402s][debug][gc,phases      ] GC(8)     Dead                           Min: 0, Avg:  0.0, Max: 0, Diff: 0, Sum: 0, Workers: 4
[6.402s][debug][gc,phases      ] GC(8)     Total                          Min: 0, Avg:  0.0, Max: 0, Diff: 0, Sum: 0, Workers: 4
[6.402s][debug][gc,phases      ] GC(8)   StringTable Weak               Min:  0.3, Avg:  0.3, Max:  0.3, Diff:  0.0, Sum:  1.3, Workers: 4
[6.402s][debug][gc,phases      ] GC(8)     Dead                           Min: 0, Avg:  3.8, Max: 13, Diff: 13, Sum: 15, Workers: 4
[6.402s][debug][gc,phases      ] GC(8)     Total                          Min: 7424, Avg: 9594.5, Max: 12864, Diff: 5440, Sum: 38378, Workers: 4
[6.402s][debug][gc,phases      ] GC(8)   ResolvedMethodTable Weak       Min:  0.0, Avg:  0.0, Max:  0.0, Diff:  0.0, Sum:  0.2, Workers: 4
[6.402s][debug][gc,phases      ] GC(8)     Dead                           Min: 0, Avg:  3.5, Max: 14, Diff: 14, Sum: 14, Workers: 4
[6.402s][debug][gc,phases      ] GC(8)     Total                          Min: 824, Avg: 1246.0, Max: 1728, Diff: 904, Sum: 4984, Workers: 4
[6.402s][debug][gc,phases      ] GC(8)   JNI Weak                       Min:  0.0, Avg:  0.0, Max:  0.0, Diff:  0.0, Sum:  0.0, Workers: 4
[6.402s][debug][gc,phases      ] GC(8)     Dead                           Min: 0, Avg:  0.0, Max: 0, Diff: 0, Sum: 0, Workers: 4
[6.402s][debug][gc,phases      ] GC(8)     Total                          Min: 0, Avg:  1.8, Max: 7, Diff: 7, Sum: 7, Workers: 4
[6.402s][debug][gc,phases      ] GC(8)   StringDedup Table Weak         Min:  0.0, Avg:  0.0, Max:  0.0, Diff:  0.0, Sum:  0.0, Workers: 4
[6.402s][debug][gc,phases      ] GC(8)     Dead                           Min: 0, Avg:  0.0, Max: 0, Diff: 0, Sum: 0, Workers: 4
[6.402s][debug][gc,phases      ] GC(8)     Total                          Min: 0, Avg:  0.0, Max: 0, Diff: 0, Sum: 0, Workers: 4
[6.402s][debug][gc,phases      ] GC(8)   StringDedup Requests0 Weak     Min:  0.0, Avg:  0.0, Max:  0.0, Diff:  0.0, Sum:  0.0, Workers: 4
[6.402s][debug][gc,phases      ] GC(8)     Dead                           Min: 0, Avg:  0.0, Max: 0, Diff: 0, Sum: 0, Workers: 4
[6.402s][debug][gc,phases      ] GC(8)     Total                          Min: 0, Avg:  0.0, Max: 0, Diff: 0, Sum: 0, Workers: 4
[6.402s][debug][gc,phases      ] GC(8)   StringDedup Requests1 Weak     Min:  0.0, Avg:  0.0, Max:  0.0, Diff:  0.0, Sum:  0.0, Workers: 4
[6.402s][debug][gc,phases      ] GC(8)     Dead                           Min: 0, Avg:  0.0, Max: 0, Diff: 0, Sum: 0, Workers: 4
[6.402s][debug][gc,phases      ] GC(8)     Total                          Min: 0, Avg:  0.0, Max: 0, Diff: 0, Sum: 0, Workers: 4
[6.402s][debug][gc,phases      ] GC(8)   Weak JFR Old Object Samples    Min:  0.0, Avg:  0.0, Max:  0.0, Diff:  0.0, Sum:  0.0, Workers: 4
[6.402s][debug][gc,phases      ] GC(8)     Dead                           Min: 0, Avg:  0.0, Max: 0, Diff: 0, Sum: 0, Workers: 4
[6.402s][debug][gc,phases      ] GC(8)     Total                          Min: 0, Avg:  0.0, Max: 0, Diff: 0, Sum: 0, Workers: 4
[6.402s][debug][gc,phases      ] GC(8) Weak Processing 0.549ms
[6.402s][debug][gc,age         ] GC(8) Desired survivor size 286261248 bytes, new threshold 9 (max threshold 15)
[6.402s][info ][gc,heap        ] GC(8) PSYoungGen: 1486355K(1828352K)->182005K(1572864K) Eden: 1304064K(1304064K)->0K(1304064K) From: 182291K(524288K)->182005K(268800K)
[6.402s][info ][gc,heap        ] GC(8) ParOldGen: 6151K(18944K)->6159K(18944K)
[6.402s][info ][gc,metaspace   ] GC(8) Metaspace: 54373K(55040K)->54373K(55040K) NonClass: 46343K(46720K)->46343K(46720K) Class: 8030K(8320K)->8030K(8320K)
[6.402s][info ][gc             ] GC(8) Pause Young (Allocation Failure) 1457M->183M(1554M) 91.953ms
[6.402s][info ][gc,cpu         ] GC(8) User=0.33s Sys=0.04s Real=0.09s
[6.402s][info ][safepoint      ] Safepoint "ParallelGCFailedAllocation", Time since last: 4340987 ns, Reaching safepoint: 90502 ns, At safepoint: 92062546 ns, Total: 92153048 ns
[6.403s][info ][safepoint      ] Safepoint "ICBufferFull", Time since last: 703815 ns, Reaching safepoint: 104202 ns, At safepoint: 21800 ns, Total: 126002 ns
[6.404s][info ][safepoint      ] Safepoint "ICBufferFull", Time since last: 681514 ns, Reaching safepoint: 88102 ns, At safepoint: 22400 ns, Total: 110502 ns
[6.405s][info ][safepoint      ] Safepoint "ICBufferFull", Time since last: 694314 ns, Reaching safepoint: 98902 ns, At safepoint: 22800 ns, Total: 121702 ns
[6.406s][info ][safepoint      ] Safepoint "ICBufferFull", Time since last: 694514 ns, Reaching safepoint: 91202 ns, At safepoint: 22501 ns, Total: 113703 ns
[6.803s][info ][gc,start       ] GC(9) Pause Young (Allocation Failure)
[6.889s][debug][gc,phases      ] GC(9) Scavenge 85.886ms
[6.889s][debug][gc,ref         ] GC(9) Skipped phase 1 of Reference Processing: no references
[6.889s][debug][gc,ref         ] GC(9) ReferenceProcessor::execute queues: 4, RefProcThreadModel::Multi, marks_oops_alive: false
[6.889s][debug][gc,ref         ] GC(9) Skipped phase 3 of Reference Processing: no references
[6.889s][debug][gc,ref         ] GC(9) ReferenceProcessor::execute queues: 1, RefProcThreadModel::Single, marks_oops_alive: false
[6.889s][debug][gc,phases      ] GC(9) Reference Processing 0.291ms
[6.890s][debug][gc,phases      ] GC(9)   VM Weak                        Min:  0.0, Avg:  0.0, Max:  0.0, Diff:  0.0, Sum:  0.0, Workers: 4
[6.890s][debug][gc,phases      ] GC(9)     Dead                           Min: 0, Avg:  0.0, Max: 0, Diff: 0, Sum: 0, Workers: 4
[6.890s][debug][gc,phases      ] GC(9)     Total                          Min: 0, Avg: 117.5, Max: 256, Diff: 256, Sum: 470, Workers: 4
[6.890s][debug][gc,phases      ] GC(9)   ObjectSynchronizer Weak        Min:  0.0, Avg:  0.0, Max:  0.0, Diff:  0.0, Sum:  0.0, Workers: 4
[6.890s][debug][gc,phases      ] GC(9)     Dead                           Min: 0, Avg:  0.0, Max: 0, Diff: 0, Sum: 0, Workers: 4
[6.890s][debug][gc,phases      ] GC(9)     Total                          Min: 0, Avg: 87.0, Max: 192, Diff: 192, Sum: 348, Workers: 4
[6.890s][debug][gc,phases      ] GC(9)   JVMTI Tag Weak OopStorage      Min:  0.0, Avg:  0.0, Max:  0.0, Diff:  0.0, Sum:  0.0, Workers: 4
[6.890s][debug][gc,phases      ] GC(9)     Dead                           Min: 0, Avg:  0.0, Max: 0, Diff: 0, Sum: 0, Workers: 4
[6.890s][debug][gc,phases      ] GC(9)     Total                          Min: 0, Avg:  0.0, Max: 0, Diff: 0, Sum: 0, Workers: 4
[6.890s][debug][gc,phases      ] GC(9)   StringTable Weak               Min:  0.3, Avg:  0.3, Max:  0.3, Diff:  0.0, Sum:  1.1, Workers: 4
[6.890s][debug][gc,phases      ] GC(9)     Dead                           Min: 0, Avg:  3.5, Max: 8, Diff: 8, Sum: 14, Workers: 4
[6.890s][debug][gc,phases      ] GC(9)     Total                          Min: 8000, Avg: 9610.8, Max: 10303, Diff: 2303, Sum: 38443, Workers: 4
[6.890s][debug][gc,phases      ] GC(9)   ResolvedMethodTable Weak       Min:  0.0, Avg:  0.0, Max:  0.0, Diff:  0.0, Sum:  0.2, Workers: 4
[6.890s][debug][gc,phases      ] GC(9)     Dead                           Min: 0, Avg:  0.2, Max: 1, Diff: 1, Sum: 1, Workers: 4
[6.890s][debug][gc,phases      ] GC(9)     Total                          Min: 1152, Avg: 1262.5, Max: 1408, Diff: 256, Sum: 5050, Workers: 4
[6.890s][debug][gc,phases      ] GC(9)   JNI Weak                       Min:  0.0, Avg:  0.0, Max:  0.0, Diff:  0.0, Sum:  0.0, Workers: 4
[6.890s][debug][gc,phases      ] GC(9)     Dead                           Min: 0, Avg:  0.0, Max: 0, Diff: 0, Sum: 0, Workers: 4
[6.890s][debug][gc,phases      ] GC(9)     Total                          Min: 0, Avg:  0.0, Max: 0, Diff: 0, Sum: 0, Workers: 4
[6.890s][debug][gc,phases      ] GC(9)   StringDedup Table Weak         Min:  0.0, Avg:  0.0, Max:  0.0, Diff:  0.0, Sum:  0.0, Workers: 4
[6.890s][debug][gc,phases      ] GC(9)     Dead                           Min: 0, Avg:  0.0, Max: 0, Diff: 0, Sum: 0, Workers: 4
[6.890s][debug][gc,phases      ] GC(9)     Total                          Min: 0, Avg:  0.0, Max: 0, Diff: 0, Sum: 0, Workers: 4
[6.890s][debug][gc,phases      ] GC(9)   StringDedup Requests0 Weak     Min:  0.0, Avg:  0.0, Max:  0.0, Diff:  0.0, Sum:  0.0, Workers: 4
[6.890s][debug][gc,phases      ] GC(9)     Dead                           Min: 0, Avg:  0.0, Max: 0, Diff: 0, Sum: 0, Workers: 4
[6.890s][debug][gc,phases      ] GC(9)     Total                          Min: 0, Avg:  0.0, Max: 0, Diff: 0, Sum: 0, Workers: 4
[6.890s][debug][gc,phases      ] GC(9)   StringDedup Requests1 Weak     Min:  0.0, Avg:  0.0, Max:  0.0, Diff:  0.0, Sum:  0.0, Workers: 4
[6.890s][debug][gc,phases      ] GC(9)     Dead                           Min: 0, Avg:  0.0, Max: 0, Diff: 0, Sum: 0, Workers: 4
[6.890s][debug][gc,phases      ] GC(9)     Total                          Min: 0, Avg:  0.0, Max: 0, Diff: 0, Sum: 0, Workers: 4
[6.890s][debug][gc,phases      ] GC(9)   Weak JFR Old Object Samples    Min:  0.0, Avg:  0.0, Max:  0.0, Diff:  0.0, Sum:  0.0, Workers: 4
[6.890s][debug][gc,phases      ] GC(9)     Dead                           Min: 0, Avg:  0.0, Max: 0, Diff: 0, Sum: 0, Workers: 4
[6.890s][debug][gc,phases      ] GC(9)     Total                          Min: 0, Avg:  0.0, Max: 0, Diff: 0, Sum: 0, Workers: 4
[6.890s][debug][gc,phases      ] GC(9) Weak Processing 0.511ms
[6.890s][debug][gc,age         ] GC(9) Desired survivor size 292028416 bytes, new threshold 10 (max threshold 15)
[6.890s][info ][gc,heap        ] GC(9) PSYoungGen: 1486069K(1572864K)->184105K(1806336K) Eden: 1304064K(1304064K)->0K(1526784K) From: 182005K(268800K)->184105K(279552K)
[6.890s][info ][gc,heap        ] GC(9) ParOldGen: 6159K(18944K)->6167K(18944K)
[6.890s][info ][gc,metaspace   ] GC(9) Metaspace: 54663K(55360K)->54663K(55360K) NonClass: 46591K(46976K)->46591K(46976K) Class: 8072K(8384K)->8072K(8384K)
[6.890s][info ][gc             ] GC(9) Pause Young (Allocation Failure) 1457M->185M(1782M) 86.836ms
[6.890s][info ][gc,cpu         ] GC(9) User=0.31s Sys=0.05s Real=0.09s
[6.890s][info ][safepoint      ] Safepoint "ParallelGCFailedAllocation", Time since last: 397374269 ns, Reaching safepoint: 169404 ns, At safepoint: 86945943 ns, Total: 87115347 ns
[7.141s][info ][gc,start       ] GC(10) Pause Young (Allocation Failure)
[7.236s][debug][gc,phases      ] GC(10) Scavenge 95.283ms
[7.236s][debug][gc,ref         ] GC(10) Skipped phase 1 of Reference Processing: no references
[7.237s][debug][gc,ref         ] GC(10) ReferenceProcessor::execute queues: 4, RefProcThreadModel::Multi, marks_oops_alive: false
[7.237s][debug][gc,ref         ] GC(10) Skipped phase 3 of Reference Processing: no references
[7.237s][debug][gc,ref         ] GC(10) ReferenceProcessor::execute queues: 1, RefProcThreadModel::Single, marks_oops_alive: false
[7.237s][debug][gc,phases      ] GC(10) Reference Processing 0.749ms
[7.241s][debug][gc,phases      ] GC(10)   VM Weak                        Min:  0.0, Avg:  0.0, Max:  0.0, Diff:  0.0, Sum:  0.0, Workers: 4
[7.241s][debug][gc,phases      ] GC(10)     Dead                           Min: 0, Avg:  0.0, Max: 0, Diff: 0, Sum: 0, Workers: 4
[7.241s][debug][gc,phases      ] GC(10)     Total                          Min: 0, Avg: 127.8, Max: 511, Diff: 511, Sum: 511, Workers: 4
[7.241s][debug][gc,phases      ] GC(10)   ObjectSynchronizer Weak        Min:  0.0, Avg:  0.0, Max:  0.0, Diff:  0.0, Sum:  0.0, Workers: 4
[7.241s][debug][gc,phases      ] GC(10)     Dead                           Min: 0, Avg:  0.0, Max: 0, Diff: 0, Sum: 0, Workers: 4
[7.241s][debug][gc,phases      ] GC(10)     Total                          Min: 0, Avg: 87.0, Max: 348, Diff: 348, Sum: 348, Workers: 4
[7.241s][debug][gc,phases      ] GC(10)   JVMTI Tag Weak OopStorage      Min:  0.0, Avg:  0.0, Max:  0.0, Diff:  0.0, Sum:  0.0, Workers: 4
[7.241s][debug][gc,phases      ] GC(10)     Dead                           Min: 0, Avg:  0.0, Max: 0, Diff: 0, Sum: 0, Workers: 4
[7.241s][debug][gc,phases      ] GC(10)     Total                          Min: 0, Avg:  0.0, Max: 0, Diff: 0, Sum: 0, Workers: 4
[7.241s][debug][gc,phases      ] GC(10)   StringTable Weak               Min:  0.0, Avg:  0.3, Max:  1.2, Diff:  1.2, Sum:  1.2, Workers: 4
[7.241s][debug][gc,phases      ] GC(10)     Dead                           Min: 0, Avg:  4.2, Max: 17, Diff: 17, Sum: 17, Workers: 4
[7.241s][debug][gc,phases      ] GC(10)     Total                          Min: 0, Avg: 9720.8, Max: 38883, Diff: 38883, Sum: 38883, Workers: 4
[7.241s][debug][gc,phases      ] GC(10)   ResolvedMethodTable Weak       Min:  0.0, Avg:  0.1, Max:  0.2, Diff:  0.2, Sum:  0.2, Workers: 4
[7.241s][debug][gc,phases      ] GC(10)     Dead                           Min: 0, Avg:  7.8, Max: 31, Diff: 31, Sum: 31, Workers: 4
[7.241s][debug][gc,phases      ] GC(10)     Total                          Min: 0, Avg: 1379.0, Max: 5516, Diff: 5516, Sum: 5516, Workers: 4
[7.241s][debug][gc,phases      ] GC(10)   JNI Weak                       Min:  0.0, Avg:  0.0, Max:  0.0, Diff:  0.0, Sum:  0.0, Workers: 4
[7.241s][debug][gc,phases      ] GC(10)     Dead                           Min: 0, Avg:  0.0, Max: 0, Diff: 0, Sum: 0, Workers: 4
[7.241s][debug][gc,phases      ] GC(10)     Total                          Min: 0, Avg:  0.8, Max: 3, Diff: 3, Sum: 3, Workers: 4
[7.241s][debug][gc,phases      ] GC(10)   StringDedup Table Weak         Min:  0.0, Avg:  0.0, Max:  0.0, Diff:  0.0, Sum:  0.0, Workers: 4
[7.241s][debug][gc,phases      ] GC(10)     Dead                           Min: 0, Avg:  0.0, Max: 0, Diff: 0, Sum: 0, Workers: 4
[7.241s][debug][gc,phases      ] GC(10)     Total                          Min: 0, Avg:  0.0, Max: 0, Diff: 0, Sum: 0, Workers: 4
[7.241s][debug][gc,phases      ] GC(10)   StringDedup Requests0 Weak     Min:  0.0, Avg:  0.0, Max:  0.0, Diff:  0.0, Sum:  0.0, Workers: 4
[7.241s][debug][gc,phases      ] GC(10)     Dead                           Min: 0, Avg:  0.0, Max: 0, Diff: 0, Sum: 0, Workers: 4
[7.241s][debug][gc,phases      ] GC(10)     Total                          Min: 0, Avg:  0.0, Max: 0, Diff: 0, Sum: 0, Workers: 4
[7.241s][debug][gc,phases      ] GC(10)   StringDedup Requests1 Weak     Min:  0.0, Avg:  0.0, Max:  0.0, Diff:  0.0, Sum:  0.0, Workers: 4
[7.241s][debug][gc,phases      ] GC(10)     Dead                           Min: 0, Avg:  0.0, Max: 0, Diff: 0, Sum: 0, Workers: 4
[7.241s][debug][gc,phases      ] GC(10)     Total                          Min: 0, Avg:  0.0, Max: 0, Diff: 0, Sum: 0, Workers: 4
[7.241s][debug][gc,phases      ] GC(10)   Weak JFR Old Object Samples    Min:  0.0, Avg:  0.0, Max:  0.0, Diff:  0.0, Sum:  0.0, Workers: 4
[7.241s][debug][gc,phases      ] GC(10)     Dead                           Min: 0, Avg:  0.0, Max: 0, Diff: 0, Sum: 0, Workers: 4
[7.241s][debug][gc,phases      ] GC(10)     Total                          Min: 0, Avg:  0.0, Max: 0, Diff: 0, Sum: 0, Workers: 4
[7.241s][debug][gc,phases      ] GC(10) Weak Processing 3.829ms
[7.241s][debug][gc,age         ] GC(10) Desired survivor size 294649856 bytes, new threshold 11 (max threshold 15)
[7.241s][info ][gc,heap        ] GC(10) PSYoungGen: 1710889K(1806336K)->185345K(1712640K) Eden: 1526784K(1526784K)->0K(1526784K) From: 184105K(279552K)->185345K(185856K)
[7.241s][info ][gc,heap        ] GC(10) ParOldGen: 6167K(18944K)->6175K(18944K)
[7.241s][info ][gc,metaspace   ] GC(10) Metaspace: 56060K(56768K)->56060K(56768K) NonClass: 47723K(48128K)->47723K(48128K) Class: 8337K(8640K)->8337K(8640K)
[7.241s][info ][gc             ] GC(10) Pause Young (Allocation Failure) 1676M->187M(1691M) 100.033ms
[7.241s][info ][gc,cpu         ] GC(10) User=0.31s Sys=0.02s Real=0.10s
[7.241s][info ][safepoint      ] Safepoint "ParallelGCFailedAllocation", Time since last: 250763730 ns, Reaching safepoint: 186703 ns, At safepoint: 100134808 ns, Total: 100321511 ns
[7.695s][info ][gc,start       ] GC(11) Pause Young (Allocation Failure)
[7.780s][debug][gc,phases      ] GC(11) Scavenge 84.513ms
[7.780s][debug][gc,ref         ] GC(11) Skipped phase 1 of Reference Processing: no references
[7.780s][debug][gc,ref         ] GC(11) ReferenceProcessor::execute queues: 4, RefProcThreadModel::Multi, marks_oops_alive: false
[7.780s][debug][gc,ref         ] GC(11) Skipped phase 3 of Reference Processing: no references
[7.780s][debug][gc,ref         ] GC(11) ReferenceProcessor::execute queues: 1, RefProcThreadModel::Single, marks_oops_alive: false
[7.780s][debug][gc,phases      ] GC(11) Reference Processing 0.475ms
[7.785s][debug][gc,phases      ] GC(11)   VM Weak                        Min:  0.0, Avg:  0.0, Max:  0.0, Diff:  0.0, Sum:  0.0, Workers: 4
[7.785s][debug][gc,phases      ] GC(11)     Dead                           Min: 0, Avg:  0.0, Max: 0, Diff: 0, Sum: 0, Workers: 4
[7.785s][debug][gc,phases      ] GC(11)     Total                          Min: 0, Avg: 130.8, Max: 523, Diff: 523, Sum: 523, Workers: 4
[7.785s][debug][gc,phases      ] GC(11)   ObjectSynchronizer Weak        Min:  0.0, Avg:  0.0, Max:  0.0, Diff:  0.0, Sum:  0.0, Workers: 4
[7.785s][debug][gc,phases      ] GC(11)     Dead                           Min: 0, Avg:  0.0, Max: 0, Diff: 0, Sum: 0, Workers: 4
[7.785s][debug][gc,phases      ] GC(11)     Total                          Min: 0, Avg: 87.0, Max: 348, Diff: 348, Sum: 348, Workers: 4
[7.785s][debug][gc,phases      ] GC(11)   JVMTI Tag Weak OopStorage      Min:  0.0, Avg:  0.0, Max:  0.0, Diff:  0.0, Sum:  0.0, Workers: 4
[7.785s][debug][gc,phases      ] GC(11)     Dead                           Min: 0, Avg:  0.0, Max: 0, Diff: 0, Sum: 0, Workers: 4
[7.785s][debug][gc,phases      ] GC(11)     Total                          Min: 0, Avg:  0.0, Max: 0, Diff: 0, Sum: 0, Workers: 4
[7.785s][debug][gc,phases      ] GC(11)   StringTable Weak               Min:  0.0, Avg:  0.3, Max:  1.3, Diff:  1.3, Sum:  1.3, Workers: 4
[7.785s][debug][gc,phases      ] GC(11)     Dead                           Min: 0, Avg:  3.8, Max: 15, Diff: 15, Sum: 15, Workers: 4
[7.785s][debug][gc,phases      ] GC(11)     Total                          Min: 0, Avg: 9867.0, Max: 39468, Diff: 39468, Sum: 39468, Workers: 4
[7.785s][debug][gc,phases      ] GC(11)   ResolvedMethodTable Weak       Min:  0.0, Avg:  0.1, Max:  0.2, Diff:  0.2, Sum:  0.2, Workers: 4
[7.785s][debug][gc,phases      ] GC(11)     Dead                           Min: 0, Avg:  7.2, Max: 29, Diff: 29, Sum: 29, Workers: 4
[7.785s][debug][gc,phases      ] GC(11)     Total                          Min: 0, Avg: 1476.0, Max: 5904, Diff: 5904, Sum: 5904, Workers: 4
[7.785s][debug][gc,phases      ] GC(11)   JNI Weak                       Min:  0.0, Avg:  0.0, Max:  0.0, Diff:  0.0, Sum:  0.0, Workers: 4
[7.785s][debug][gc,phases      ] GC(11)     Dead                           Min: 0, Avg:  0.0, Max: 0, Diff: 0, Sum: 0, Workers: 4
[7.785s][debug][gc,phases      ] GC(11)     Total                          Min: 0, Avg:  0.5, Max: 2, Diff: 2, Sum: 2, Workers: 4
[7.785s][debug][gc,phases      ] GC(11)   StringDedup Table Weak         Min:  0.0, Avg:  0.0, Max:  0.0, Diff:  0.0, Sum:  0.0, Workers: 4
[7.785s][debug][gc,phases      ] GC(11)     Dead                           Min: 0, Avg:  0.0, Max: 0, Diff: 0, Sum: 0, Workers: 4
[7.785s][debug][gc,phases      ] GC(11)     Total                          Min: 0, Avg:  0.0, Max: 0, Diff: 0, Sum: 0, Workers: 4
[7.785s][debug][gc,phases      ] GC(11)   StringDedup Requests0 Weak     Min:  0.0, Avg:  0.0, Max:  0.0, Diff:  0.0, Sum:  0.0, Workers: 4
[7.785s][debug][gc,phases      ] GC(11)     Dead                           Min: 0, Avg:  0.0, Max: 0, Diff: 0, Sum: 0, Workers: 4
[7.785s][debug][gc,phases      ] GC(11)     Total                          Min: 0, Avg:  0.0, Max: 0, Diff: 0, Sum: 0, Workers: 4
[7.785s][debug][gc,phases      ] GC(11)   StringDedup Requests1 Weak     Min:  0.0, Avg:  0.0, Max:  0.0, Diff:  0.0, Sum:  0.0, Workers: 4
[7.785s][debug][gc,phases      ] GC(11)     Dead                           Min: 0, Avg:  0.0, Max: 0, Diff: 0, Sum: 0, Workers: 4
[7.785s][debug][gc,phases      ] GC(11)     Total                          Min: 0, Avg:  0.0, Max: 0, Diff: 0, Sum: 0, Workers: 4
[7.785s][debug][gc,phases      ] GC(11)   Weak JFR Old Object Samples    Min:  0.0, Avg:  0.0, Max:  0.0, Diff:  0.0, Sum:  0.0, Workers: 4
[7.785s][debug][gc,phases      ] GC(11)     Dead                           Min: 0, Avg:  0.0, Max: 0, Diff: 0, Sum: 0, Workers: 4
[7.785s][debug][gc,phases      ] GC(11)     Total                          Min: 0, Avg:  0.0, Max: 0, Diff: 0, Sum: 0, Workers: 4
[7.785s][debug][gc,phases      ] GC(11) Weak Processing 4.789ms
[7.785s][debug][gc,age         ] GC(11) Desired survivor size 296222720 bytes, new threshold 12 (max threshold 15)
[7.785s][info ][gc,heap        ] GC(11) PSYoungGen: 1712129K(1712640K)->187389K(1806336K) Eden: 1526784K(1526784K)->0K(1518592K) From: 185345K(185856K)->187389K(287744K)
[7.785s][info ][gc,heap        ] GC(11) ParOldGen: 6175K(18944K)->6183K(18944K)
[7.785s][info ][gc,metaspace   ] GC(11) Metaspace: 57939K(58624K)->57939K(58624K) NonClass: 49285K(49664K)->49285K(49664K) Class: 8654K(8960K)->8654K(8960K)
[7.785s][info ][gc             ] GC(11) Pause Young (Allocation Failure) 1678M->189M(1782M) 89.936ms
[7.785s][info ][gc,cpu         ] GC(11) User=0.34s Sys=0.00s Real=0.09s
[7.785s][info ][safepoint      ] Safepoint "ParallelGCFailedAllocation", Time since last: 451779761 ns, Reaching safepoint: 2197344 ns, At safepoint: 90048206 ns, Total: 92245550 ns
[8.290s][info ][gc,start       ] GC(12) Pause Young (Allocation Failure)
[8.391s][debug][gc,phases      ] GC(12) Scavenge 100.716ms
[8.391s][debug][gc,ref         ] GC(12) Skipped phase 1 of Reference Processing: no references
[8.391s][debug][gc,ref         ] GC(12) ReferenceProcessor::execute queues: 4, RefProcThreadModel::Multi, marks_oops_alive: false
[8.391s][debug][gc,ref         ] GC(12) Skipped phase 3 of Reference Processing: no references
[8.391s][debug][gc,ref         ] GC(12) ReferenceProcessor::execute queues: 1, RefProcThreadModel::Single, marks_oops_alive: false
[8.391s][debug][gc,phases      ] GC(12) Reference Processing 0.391ms
[8.392s][debug][gc,phases      ] GC(12)   VM Weak                        Min:  0.0, Avg:  0.0, Max:  0.0, Diff:  0.0, Sum:  0.0, Workers: 4
[8.392s][debug][gc,phases      ] GC(12)     Dead                           Min: 0, Avg:  0.0, Max: 0, Diff: 0, Sum: 0, Workers: 4
[8.392s][debug][gc,phases      ] GC(12)     Total                          Min: 0, Avg: 131.0, Max: 268, Diff: 268, Sum: 524, Workers: 4
[8.392s][debug][gc,phases      ] GC(12)   ObjectSynchronizer Weak        Min:  0.0, Avg:  0.0, Max:  0.0, Diff:  0.0, Sum:  0.0, Workers: 4
[8.392s][debug][gc,phases      ] GC(12)     Dead                           Min: 0, Avg:  0.2, Max: 1, Diff: 1, Sum: 1, Workers: 4
[8.392s][debug][gc,phases      ] GC(12)     Total                          Min: 0, Avg: 91.0, Max: 128, Diff: 128, Sum: 364, Workers: 4
[8.392s][debug][gc,phases      ] GC(12)   JVMTI Tag Weak OopStorage      Min:  0.0, Avg:  0.0, Max:  0.0, Diff:  0.0, Sum:  0.0, Workers: 4
[8.392s][debug][gc,phases      ] GC(12)     Dead                           Min: 0, Avg:  0.0, Max: 0, Diff: 0, Sum: 0, Workers: 4
[8.392s][debug][gc,phases      ] GC(12)     Total                          Min: 0, Avg:  0.0, Max: 0, Diff: 0, Sum: 0, Workers: 4
[8.392s][debug][gc,phases      ] GC(12)   StringTable Weak               Min:  0.4, Avg:  0.4, Max:  0.4, Diff:  0.0, Sum:  1.5, Workers: 4
[8.392s][debug][gc,phases      ] GC(12)     Dead                           Min: 0, Avg:  3.5, Max: 12, Diff: 12, Sum: 14, Workers: 4
[8.392s][debug][gc,phases      ] GC(12)     Total                          Min: 8000, Avg: 9933.0, Max: 12096, Diff: 4096, Sum: 39732, Workers: 4
[8.392s][debug][gc,phases      ] GC(12)   ResolvedMethodTable Weak       Min:  0.1, Avg:  0.1, Max:  0.1, Diff:  0.0, Sum:  0.2, Workers: 4
[8.392s][debug][gc,phases      ] GC(12)     Dead                           Min: 0, Avg:  3.8, Max: 15, Diff: 15, Sum: 15, Workers: 4
[8.392s][debug][gc,phases      ] GC(12)     Total                          Min: 1280, Avg: 1505.5, Max: 1926, Diff: 646, Sum: 6022, Workers: 4
[8.392s][debug][gc,phases      ] GC(12)   JNI Weak                       Min:  0.0, Avg:  0.0, Max:  0.0, Diff:  0.0, Sum:  0.0, Workers: 4
[8.392s][debug][gc,phases      ] GC(12)     Dead                           Min: 0, Avg:  0.0, Max: 0, Diff: 0, Sum: 0, Workers: 4
[8.392s][debug][gc,phases      ] GC(12)     Total                          Min: 0, Avg:  0.5, Max: 2, Diff: 2, Sum: 2, Workers: 4
[8.392s][debug][gc,phases      ] GC(12)   StringDedup Table Weak         Min:  0.0, Avg:  0.0, Max:  0.0, Diff:  0.0, Sum:  0.0, Workers: 4
[8.392s][debug][gc,phases      ] GC(12)     Dead                           Min: 0, Avg:  0.0, Max: 0, Diff: 0, Sum: 0, Workers: 4
[8.392s][debug][gc,phases      ] GC(12)     Total                          Min: 0, Avg:  0.0, Max: 0, Diff: 0, Sum: 0, Workers: 4
[8.392s][debug][gc,phases      ] GC(12)   StringDedup Requests0 Weak     Min:  0.0, Avg:  0.0, Max:  0.0, Diff:  0.0, Sum:  0.0, Workers: 4
[8.392s][debug][gc,phases      ] GC(12)     Dead                           Min: 0, Avg:  0.0, Max: 0, Diff: 0, Sum: 0, Workers: 4
[8.392s][debug][gc,phases      ] GC(12)     Total                          Min: 0, Avg:  0.0, Max: 0, Diff: 0, Sum: 0, Workers: 4
[8.392s][debug][gc,phases      ] GC(12)   StringDedup Requests1 Weak     Min:  0.0, Avg:  0.0, Max:  0.0, Diff:  0.0, Sum:  0.0, Workers: 4
[8.392s][debug][gc,phases      ] GC(12)     Dead                           Min: 0, Avg:  0.0, Max: 0, Diff: 0, Sum: 0, Workers: 4
[8.392s][debug][gc,phases      ] GC(12)     Total                          Min: 0, Avg:  0.0, Max: 0, Diff: 0, Sum: 0, Workers: 4
[8.392s][debug][gc,phases      ] GC(12)   Weak JFR Old Object Samples    Min:  0.0, Avg:  0.0, Max:  0.0, Diff:  0.0, Sum:  0.0, Workers: 4
[8.392s][debug][gc,phases      ] GC(12)     Dead                           Min: 0, Avg:  0.0, Max: 0, Diff: 0, Sum: 0, Workers: 4
[8.392s][debug][gc,phases      ] GC(12)     Total                          Min: 0, Avg:  0.0, Max: 0, Diff: 0, Sum: 0, Workers: 4
[8.392s][debug][gc,phases      ] GC(12) Weak Processing 0.652ms
[8.392s][debug][gc,age         ] GC(12) Desired survivor size 299368448 bytes, new threshold 13 (max threshold 15)
[8.392s][info ][gc,heap        ] GC(12) PSYoungGen: 1705981K(1806336K)->194780K(1713664K) Eden: 1518592K(1518592K)->0K(1518592K) From: 187389K(287744K)->194780K(195072K)
[8.392s][info ][gc,heap        ] GC(12) ParOldGen: 6183K(18944K)->6191K(18944K)
[8.392s][info ][gc,metaspace   ] GC(12) Metaspace: 58576K(59328K)->58576K(59328K) NonClass: 49845K(50240K)->49845K(50240K) Class: 8731K(9088K)->8731K(9088K)
[8.392s][info ][gc             ] GC(12) Pause Young (Allocation Failure) 1672M->196M(1692M) 101.903ms
[8.392s][info ][gc,cpu         ] GC(12) User=0.35s Sys=0.00s Real=0.10s
[8.392s][info ][safepoint      ] Safepoint "ParallelGCFailedAllocation", Time since last: 500258433 ns, Reaching safepoint: 4323087 ns, At safepoint: 102030946 ns, Total: 106354033 ns
[8.753s][info ][safepoint      ] Safepoint "ParallelGCFailedAllocation", Time since last: 361027040 ns, Reaching safepoint: 163203 ns, At safepoint: 36701 ns, Total: 199904 ns
[8.753s][info ][gc,start       ] GC(13) Pause Young (Allocation Failure)
[8.831s][debug][gc,phases      ] GC(13) Scavenge 77.329ms
[8.831s][debug][gc,ref         ] GC(13) Skipped phase 1 of Reference Processing: no references
[8.831s][debug][gc,ref         ] GC(13) ReferenceProcessor::execute queues: 4, RefProcThreadModel::Multi, marks_oops_alive: false
[8.831s][debug][gc,ref         ] GC(13) Skipped phase 3 of Reference Processing: no references
[8.831s][debug][gc,ref         ] GC(13) ReferenceProcessor::execute queues: 1, RefProcThreadModel::Single, marks_oops_alive: false
[8.831s][debug][gc,phases      ] GC(13) Reference Processing 0.396ms
[8.832s][debug][gc,phases      ] GC(13)   VM Weak                        Min:  0.0, Avg:  0.0, Max:  0.0, Diff:  0.0, Sum:  0.0, Workers: 4
[8.832s][debug][gc,phases      ] GC(13)     Dead                           Min: 0, Avg:  0.0, Max: 0, Diff: 0, Sum: 0, Workers: 4
[8.832s][debug][gc,phases      ] GC(13)     Total                          Min: 0, Avg: 131.0, Max: 268, Diff: 268, Sum: 524, Workers: 4
[8.832s][debug][gc,phases      ] GC(13)   ObjectSynchronizer Weak        Min:  0.0, Avg:  0.0, Max:  0.0, Diff:  0.0, Sum:  0.0, Workers: 4
[8.832s][debug][gc,phases      ] GC(13)     Dead                           Min: 0, Avg:  0.0, Max: 0, Diff: 0, Sum: 0, Workers: 4
[8.832s][debug][gc,phases      ] GC(13)     Total                          Min: 45, Avg: 91.2, Max: 128, Diff: 83, Sum: 365, Workers: 4
[8.832s][debug][gc,phases      ] GC(13)   JVMTI Tag Weak OopStorage      Min:  0.0, Avg:  0.0, Max:  0.0, Diff:  0.0, Sum:  0.0, Workers: 4
[8.832s][debug][gc,phases      ] GC(13)     Dead                           Min: 0, Avg:  0.0, Max: 0, Diff: 0, Sum: 0, Workers: 4
[8.832s][debug][gc,phases      ] GC(13)     Total                          Min: 0, Avg:  0.0, Max: 0, Diff: 0, Sum: 0, Workers: 4
[8.832s][debug][gc,phases      ] GC(13)   StringTable Weak               Min:  0.3, Avg:  0.3, Max:  0.3, Diff:  0.0, Sum:  1.3, Workers: 4
[8.832s][debug][gc,phases      ] GC(13)     Dead                           Min: 0, Avg:  3.8, Max: 14, Diff: 14, Sum: 15, Workers: 4
[8.832s][debug][gc,phases      ] GC(13)     Total                          Min: 7680, Avg: 9987.8, Max: 12160, Diff: 4480, Sum: 39951, Workers: 4
[8.832s][debug][gc,phases      ] GC(13)   ResolvedMethodTable Weak       Min:  0.1, Avg:  0.1, Max:  0.1, Diff:  0.0, Sum:  0.2, Workers: 4
[8.832s][debug][gc,phases      ] GC(13)     Dead                           Min: 0, Avg:  8.2, Max: 16, Diff: 16, Sum: 33, Workers: 4
[8.832s][debug][gc,phases      ] GC(13)     Total                          Min: 1023, Avg: 1529.8, Max: 2176, Diff: 1153, Sum: 6119, Workers: 4
[8.832s][debug][gc,phases      ] GC(13)   JNI Weak                       Min:  0.0, Avg:  0.0, Max:  0.0, Diff:  0.0, Sum:  0.0, Workers: 4
[8.832s][debug][gc,phases      ] GC(13)     Dead                           Min: 0, Avg:  0.0, Max: 0, Diff: 0, Sum: 0, Workers: 4
[8.832s][debug][gc,phases      ] GC(13)     Total                          Min: 0, Avg:  1.5, Max: 6, Diff: 6, Sum: 6, Workers: 4
[8.832s][debug][gc,phases      ] GC(13)   StringDedup Table Weak         Min:  0.0, Avg:  0.0, Max:  0.0, Diff:  0.0, Sum:  0.0, Workers: 4
[8.832s][debug][gc,phases      ] GC(13)     Dead                           Min: 0, Avg:  0.0, Max: 0, Diff: 0, Sum: 0, Workers: 4
[8.832s][debug][gc,phases      ] GC(13)     Total                          Min: 0, Avg:  0.0, Max: 0, Diff: 0, Sum: 0, Workers: 4
[8.832s][debug][gc,phases      ] GC(13)   StringDedup Requests0 Weak     Min:  0.0, Avg:  0.0, Max:  0.0, Diff:  0.0, Sum:  0.0, Workers: 4
[8.832s][debug][gc,phases      ] GC(13)     Dead                           Min: 0, Avg:  0.0, Max: 0, Diff: 0, Sum: 0, Workers: 4
[8.832s][debug][gc,phases      ] GC(13)     Total                          Min: 0, Avg:  0.0, Max: 0, Diff: 0, Sum: 0, Workers: 4
[8.832s][debug][gc,phases      ] GC(13)   StringDedup Requests1 Weak     Min:  0.0, Avg:  0.0, Max:  0.0, Diff:  0.0, Sum:  0.0, Workers: 4
[8.832s][debug][gc,phases      ] GC(13)     Dead                           Min: 0, Avg:  0.0, Max: 0, Diff: 0, Sum: 0, Workers: 4
[8.832s][debug][gc,phases      ] GC(13)     Total                          Min: 0, Avg:  0.0, Max: 0, Diff: 0, Sum: 0, Workers: 4
[8.832s][debug][gc,phases      ] GC(13)   Weak JFR Old Object Samples    Min:  0.0, Avg:  0.0, Max:  0.0, Diff:  0.0, Sum:  0.0, Workers: 4
[8.832s][debug][gc,phases      ] GC(13)     Dead                           Min: 0, Avg:  0.0, Max: 0, Diff: 0, Sum: 0, Workers: 4
[8.832s][debug][gc,phases      ] GC(13)     Total                          Min: 0, Avg:  0.0, Max: 0, Diff: 0, Sum: 0, Workers: 4
[8.832s][debug][gc,phases      ] GC(13) Weak Processing 0.587ms
[8.832s][debug][gc,age         ] GC(13) Desired survivor size 303038464 bytes, new threshold 14 (max threshold 15)
[8.832s][info ][gc,heap        ] GC(13) PSYoungGen: 1713372K(1713664K)->200253K(1797632K) Eden: 1518592K(1518592K)->0K(1505280K) From: 194780K(195072K)->200253K(292352K)
[8.832s][info ][gc,heap        ] GC(13) ParOldGen: 6192K(18944K)->6200K(18944K)
[8.832s][info ][gc,metaspace   ] GC(13) Metaspace: 59166K(59904K)->59166K(59904K) NonClass: 50348K(50752K)->50348K(50752K) Class: 8817K(9152K)->8817K(9152K)
[8.832s][info ][gc             ] GC(13) Pause Young (Allocation Failure) 1679M->201M(1774M) 78.431ms
[8.832s][info ][gc,cpu         ] GC(13) User=0.37s Sys=0.02s Real=0.07s
[8.832s][info ][safepoint      ] Safepoint "ParallelGCFailedAllocation", Time since last: 86502 ns, Reaching safepoint: 89502 ns, At safepoint: 78528075 ns, Total: 78617577 ns
[9.147s][info ][safepoint      ] Safepoint "ICBufferFull", Time since last: 314773012 ns, Reaching safepoint: 259806 ns, At safepoint: 29100 ns, Total: 288906 ns
[9.158s][info ][gc,start       ] GC(14) Pause Young (Allocation Failure)
[9.234s][debug][gc,phases      ] GC(14) Scavenge 75.685ms
[9.234s][debug][gc,ref         ] GC(14) Skipped phase 1 of Reference Processing: no references
[9.234s][debug][gc,ref         ] GC(14) ReferenceProcessor::execute queues: 4, RefProcThreadModel::Multi, marks_oops_alive: false
[9.234s][debug][gc,ref         ] GC(14) Skipped phase 3 of Reference Processing: no references
[9.234s][debug][gc,ref         ] GC(14) ReferenceProcessor::execute queues: 1, RefProcThreadModel::Single, marks_oops_alive: false
[9.234s][debug][gc,phases      ] GC(14) Reference Processing 0.360ms
[9.234s][debug][gc,phases      ] GC(14)   VM Weak                        Min:  0.0, Avg:  0.0, Max:  0.0, Diff:  0.0, Sum:  0.0, Workers: 4
[9.234s][debug][gc,phases      ] GC(14)     Dead                           Min: 0, Avg:  0.0, Max: 0, Diff: 0, Sum: 0, Workers: 4
[9.234s][debug][gc,phases      ] GC(14)     Total                          Min: 0, Avg: 131.8, Max: 256, Diff: 256, Sum: 527, Workers: 4
[9.234s][debug][gc,phases      ] GC(14)   ObjectSynchronizer Weak        Min:  0.0, Avg:  0.0, Max:  0.0, Diff:  0.0, Sum:  0.0, Workers: 4
[9.235s][debug][gc,phases      ] GC(14)     Dead                           Min: 0, Avg:  0.0, Max: 0, Diff: 0, Sum: 0, Workers: 4
[9.235s][debug][gc,phases      ] GC(14)     Total                          Min: 0, Avg: 91.2, Max: 237, Diff: 237, Sum: 365, Workers: 4
[9.235s][debug][gc,phases      ] GC(14)   JVMTI Tag Weak OopStorage      Min:  0.0, Avg:  0.0, Max:  0.0, Diff:  0.0, Sum:  0.0, Workers: 4
[9.235s][debug][gc,phases      ] GC(14)     Dead                           Min: 0, Avg:  0.0, Max: 0, Diff: 0, Sum: 0, Workers: 4
[9.235s][debug][gc,phases      ] GC(14)     Total                          Min: 0, Avg:  0.0, Max: 0, Diff: 0, Sum: 0, Workers: 4
[9.235s][debug][gc,phases      ] GC(14)   StringTable Weak               Min:  0.3, Avg:  0.3, Max:  0.3, Diff:  0.0, Sum:  1.3, Workers: 4
[9.235s][debug][gc,phases      ] GC(14)     Dead                           Min: 0, Avg:  3.8, Max: 14, Diff: 14, Sum: 15, Workers: 4
[9.235s][debug][gc,phases      ] GC(14)     Total                          Min: 8000, Avg: 10071.2, Max: 11584, Diff: 3584, Sum: 40285, Workers: 4
[9.235s][debug][gc,phases      ] GC(14)   ResolvedMethodTable Weak       Min:  0.0, Avg:  0.1, Max:  0.1, Diff:  0.0, Sum:  0.2, Workers: 4
[9.235s][debug][gc,phases      ] GC(14)     Dead                           Min: 0, Avg:  8.5, Max: 24, Diff: 24, Sum: 34, Workers: 4
[9.235s][debug][gc,phases      ] GC(14)     Total                          Min: 1152, Avg: 1554.5, Max: 1792, Diff: 640, Sum: 6218, Workers: 4
[9.235s][debug][gc,phases      ] GC(14)   JNI Weak                       Min:  0.0, Avg:  0.0, Max:  0.0, Diff:  0.0, Sum:  0.0, Workers: 4
[9.235s][debug][gc,phases      ] GC(14)     Dead                           Min: 0, Avg:  0.0, Max: 0, Diff: 0, Sum: 0, Workers: 4
[9.235s][debug][gc,phases      ] GC(14)     Total                          Min: 0, Avg:  2.2, Max: 9, Diff: 9, Sum: 9, Workers: 4
[9.235s][debug][gc,phases      ] GC(14)   StringDedup Table Weak         Min:  0.0, Avg:  0.0, Max:  0.0, Diff:  0.0, Sum:  0.0, Workers: 4
[9.235s][debug][gc,phases      ] GC(14)     Dead                           Min: 0, Avg:  0.0, Max: 0, Diff: 0, Sum: 0, Workers: 4
[9.235s][debug][gc,phases      ] GC(14)     Total                          Min: 0, Avg:  0.0, Max: 0, Diff: 0, Sum: 0, Workers: 4
[9.235s][debug][gc,phases      ] GC(14)   StringDedup Requests0 Weak     Min:  0.0, Avg:  0.0, Max:  0.0, Diff:  0.0, Sum:  0.0, Workers: 4
[9.235s][debug][gc,phases      ] GC(14)     Dead                           Min: 0, Avg:  0.0, Max: 0, Diff: 0, Sum: 0, Workers: 4
[9.235s][debug][gc,phases      ] GC(14)     Total                          Min: 0, Avg:  0.0, Max: 0, Diff: 0, Sum: 0, Workers: 4
[9.235s][debug][gc,phases      ] GC(14)   StringDedup Requests1 Weak     Min:  0.0, Avg:  0.0, Max:  0.0, Diff:  0.0, Sum:  0.0, Workers: 4
[9.235s][debug][gc,phases      ] GC(14)     Dead                           Min: 0, Avg:  0.0, Max: 0, Diff: 0, Sum: 0, Workers: 4
[9.235s][debug][gc,phases      ] GC(14)     Total                          Min: 0, Avg:  0.0, Max: 0, Diff: 0, Sum: 0, Workers: 4
[9.235s][debug][gc,phases      ] GC(14)   Weak JFR Old Object Samples    Min:  0.0, Avg:  0.0, Max:  0.0, Diff:  0.0, Sum:  0.0, Workers: 4
[9.235s][debug][gc,phases      ] GC(14)     Dead                           Min: 0, Avg:  0.0, Max: 0, Diff: 0, Sum: 0, Workers: 4
[9.235s][debug][gc,phases      ] GC(14)     Total                          Min: 0, Avg:  0.0, Max: 0, Diff: 0, Sum: 0, Workers: 4
[9.235s][debug][gc,phases      ] GC(14) Weak Processing 0.585ms
[9.235s][debug][gc,age         ] GC(14) Desired survivor size 303038464 bytes, new threshold 15 (max threshold 15)
[9.235s][info ][gc,heap        ] GC(14) PSYoungGen: 1705533K(1797632K)->196253K(1801216K) Eden: 1505280K(1505280K)->0K(1505280K) From: 200253K(292352K)->196253K(295936K)
[9.235s][info ][gc,heap        ] GC(14) ParOldGen: 6200K(18944K)->6208K(18944K)
[9.235s][info ][gc,metaspace   ] GC(14) Metaspace: 60007K(60736K)->60007K(60736K) NonClass: 51078K(51456K)->51078K(51456K) Class: 8928K(9280K)->8928K(9280K)
[9.235s][info ][gc             ] GC(14) Pause Young (Allocation Failure) 1671M->197M(1777M) 76.778ms
[9.235s][info ][gc,cpu         ] GC(14) User=0.31s Sys=0.00s Real=0.08s
[9.235s][info ][safepoint      ] Safepoint "ParallelGCFailedAllocation", Time since last: 10169404 ns, Reaching safepoint: 866818 ns, At safepoint: 76893942 ns, Total: 77760760 ns
[9.521s][info ][safepoint      ] Safepoint "ICBufferFull", Time since last: 280460424 ns, Reaching safepoint: 259705 ns, At safepoint: 36401 ns, Total: 296106 ns
[9.593s][info ][gc,start       ] GC(15) Pause Young (Allocation Failure)
[9.669s][debug][gc,phases      ] GC(15) Scavenge 76.268ms
[9.669s][debug][gc,ref         ] GC(15) Skipped phase 1 of Reference Processing: no references
[9.669s][debug][gc,ref         ] GC(15) ReferenceProcessor::execute queues: 4, RefProcThreadModel::Multi, marks_oops_alive: false
[9.670s][debug][gc,ref         ] GC(15) Skipped phase 3 of Reference Processing: no references
[9.670s][debug][gc,ref         ] GC(15) ReferenceProcessor::execute queues: 1, RefProcThreadModel::Single, marks_oops_alive: false
[9.670s][debug][gc,phases      ] GC(15) Reference Processing 0.355ms
[9.670s][debug][gc,phases      ] GC(15)   VM Weak                        Min:  0.0, Avg:  0.0, Max:  0.0, Diff:  0.0, Sum:  0.0, Workers: 4
[9.670s][debug][gc,phases      ] GC(15)     Dead                           Min: 0, Avg:  0.0, Max: 0, Diff: 0, Sum: 0, Workers: 4
[9.670s][debug][gc,phases      ] GC(15)     Total                          Min: 32, Avg: 136.0, Max: 256, Diff: 224, Sum: 544, Workers: 4
[9.670s][debug][gc,phases      ] GC(15)   ObjectSynchronizer Weak        Min:  0.0, Avg:  0.0, Max:  0.0, Diff:  0.0, Sum:  0.0, Workers: 4
[9.670s][debug][gc,phases      ] GC(15)     Dead                           Min: 0, Avg:  0.0, Max: 0, Diff: 0, Sum: 0, Workers: 4
[9.670s][debug][gc,phases      ] GC(15)     Total                          Min: 0, Avg: 91.2, Max: 192, Diff: 192, Sum: 365, Workers: 4
[9.670s][debug][gc,phases      ] GC(15)   JVMTI Tag Weak OopStorage      Min:  0.0, Avg:  0.0, Max:  0.0, Diff:  0.0, Sum:  0.0, Workers: 4
[9.670s][debug][gc,phases      ] GC(15)     Dead                           Min: 0, Avg:  0.0, Max: 0, Diff: 0, Sum: 0, Workers: 4
[9.670s][debug][gc,phases      ] GC(15)     Total                          Min: 0, Avg:  0.0, Max: 0, Diff: 0, Sum: 0, Workers: 4
[9.670s][debug][gc,phases      ] GC(15)   StringTable Weak               Min:  0.4, Avg:  0.4, Max:  0.4, Diff:  0.0, Sum:  1.5, Workers: 4
[9.670s][debug][gc,phases      ] GC(15)     Dead                           Min: 0, Avg:  3.0, Max: 12, Diff: 12, Sum: 12, Workers: 4
[9.670s][debug][gc,phases      ] GC(15)     Total                          Min: 8078, Avg: 10097.2, Max: 14007, Diff: 5929, Sum: 40389, Workers: 4
[9.670s][debug][gc,phases      ] GC(15)   ResolvedMethodTable Weak       Min:  0.1, Avg:  0.1, Max:  0.1, Diff:  0.0, Sum:  0.2, Workers: 4
[9.670s][debug][gc,phases      ] GC(15)     Dead                           Min: 0, Avg:  0.5, Max: 2, Diff: 2, Sum: 2, Workers: 4
[9.670s][debug][gc,phases      ] GC(15)     Total                          Min: 1168, Avg: 1572.0, Max: 2304, Diff: 1136, Sum: 6288, Workers: 4
[9.670s][debug][gc,phases      ] GC(15)   JNI Weak                       Min:  0.0, Avg:  0.0, Max:  0.0, Diff:  0.0, Sum:  0.0, Workers: 4
[9.670s][debug][gc,phases      ] GC(15)     Dead                           Min: 0, Avg:  0.0, Max: 0, Diff: 0, Sum: 0, Workers: 4
[9.670s][debug][gc,phases      ] GC(15)     Total                          Min: 0, Avg:  6.0, Max: 24, Diff: 24, Sum: 24, Workers: 4
[9.670s][debug][gc,phases      ] GC(15)   StringDedup Table Weak         Min:  0.0, Avg:  0.0, Max:  0.0, Diff:  0.0, Sum:  0.0, Workers: 4
[9.670s][debug][gc,phases      ] GC(15)     Dead                           Min: 0, Avg:  0.0, Max: 0, Diff: 0, Sum: 0, Workers: 4
[9.670s][debug][gc,phases      ] GC(15)     Total                          Min: 0, Avg:  0.0, Max: 0, Diff: 0, Sum: 0, Workers: 4
[9.670s][debug][gc,phases      ] GC(15)   StringDedup Requests0 Weak     Min:  0.0, Avg:  0.0, Max:  0.0, Diff:  0.0, Sum:  0.0, Workers: 4
[9.670s][debug][gc,phases      ] GC(15)     Dead                           Min: 0, Avg:  0.0, Max: 0, Diff: 0, Sum: 0, Workers: 4
[9.670s][debug][gc,phases      ] GC(15)     Total                          Min: 0, Avg:  0.0, Max: 0, Diff: 0, Sum: 0, Workers: 4
[9.670s][debug][gc,phases      ] GC(15)   StringDedup Requests1 Weak     Min:  0.0, Avg:  0.0, Max:  0.0, Diff:  0.0, Sum:  0.0, Workers: 4
[9.670s][debug][gc,phases      ] GC(15)     Dead                           Min: 0, Avg:  0.0, Max: 0, Diff: 0, Sum: 0, Workers: 4
[9.670s][debug][gc,phases      ] GC(15)     Total                          Min: 0, Avg:  0.0, Max: 0, Diff: 0, Sum: 0, Workers: 4
[9.670s][debug][gc,phases      ] GC(15)   Weak JFR Old Object Samples    Min:  0.0, Avg:  0.0, Max:  0.0, Diff:  0.0, Sum:  0.0, Workers: 4
[9.670s][debug][gc,phases      ] GC(15)     Dead                           Min: 0, Avg:  0.0, Max: 0, Diff: 0, Sum: 0, Workers: 4
[9.670s][debug][gc,phases      ] GC(15)     Total                          Min: 0, Avg:  0.0, Max: 0, Diff: 0, Sum: 0, Workers: 4
[9.670s][debug][gc,phases      ] GC(15) Weak Processing 0.634ms
[9.670s][debug][gc,age         ] GC(15) Desired survivor size 300941312 bytes, new threshold 15 (max threshold 15)
[9.670s][info ][gc,heap        ] GC(15) PSYoungGen: 1701533K(1801216K)->193013K(1803264K) Eden: 1505280K(1505280K)->0K(1507328K) From: 196253K(295936K)->193013K(295936K)
[9.670s][info ][gc,heap        ] GC(15) ParOldGen: 6208K(18944K)->6216K(18944K)
[9.670s][info ][gc,metaspace   ] GC(15) Metaspace: 60435K(61184K)->60435K(61184K) NonClass: 51450K(51840K)->51450K(51840K) Class: 8985K(9344K)->8985K(9344K)
[9.670s][info ][gc             ] GC(15) Pause Young (Allocation Failure) 1667M->194M(1779M) 77.398ms
[9.670s][info ][gc,cpu         ] GC(15) User=0.31s Sys=0.00s Real=0.07s
[9.670s][info ][safepoint      ] Safepoint "ParallelGCFailedAllocation", Time since last: 77180648 ns, Reaching safepoint: 266005 ns, At safepoint: 77504855 ns, Total: 77770860 ns
[9.968s][info ][gc,start       ] GC(16) Pause Young (Allocation Failure)
[10.036s][debug][gc,phases      ] GC(16) Scavenge 68.743ms
[10.036s][debug][gc,ref         ] GC(16) Skipped phase 1 of Reference Processing: no references
[10.036s][debug][gc,ref         ] GC(16) ReferenceProcessor::execute queues: 4, RefProcThreadModel::Multi, marks_oops_alive: false
[10.037s][debug][gc,ref         ] GC(16) Skipped phase 3 of Reference Processing: no references
[10.037s][debug][gc,ref         ] GC(16) ReferenceProcessor::execute queues: 1, RefProcThreadModel::Single, marks_oops_alive: false
[10.037s][debug][gc,phases      ] GC(16) Reference Processing 0.301ms
[10.037s][debug][gc,phases      ] GC(16)   VM Weak                        Min:  0.0, Avg:  0.0, Max:  0.0, Diff:  0.0, Sum:  0.0, Workers: 4
[10.037s][debug][gc,phases      ] GC(16)     Dead                           Min: 0, Avg:  0.0, Max: 0, Diff: 0, Sum: 0, Workers: 4
[10.037s][debug][gc,phases      ] GC(16)     Total                          Min: 0, Avg: 136.0, Max: 256, Diff: 256, Sum: 544, Workers: 4
[10.037s][debug][gc,phases      ] GC(16)   ObjectSynchronizer Weak        Min:  0.0, Avg:  0.0, Max:  0.0, Diff:  0.0, Sum:  0.0, Workers: 4
[10.037s][debug][gc,phases      ] GC(16)     Dead                           Min: 0, Avg:  0.0, Max: 0, Diff: 0, Sum: 0, Workers: 4
[10.037s][debug][gc,phases      ] GC(16)     Total                          Min: 0, Avg: 91.2, Max: 128, Diff: 128, Sum: 365, Workers: 4
[10.037s][debug][gc,phases      ] GC(16)   JVMTI Tag Weak OopStorage      Min:  0.0, Avg:  0.0, Max:  0.0, Diff:  0.0, Sum:  0.0, Workers: 4
[10.037s][debug][gc,phases      ] GC(16)     Dead                           Min: 0, Avg:  0.0, Max: 0, Diff: 0, Sum: 0, Workers: 4
[10.037s][debug][gc,phases      ] GC(16)     Total                          Min: 0, Avg:  0.0, Max: 0, Diff: 0, Sum: 0, Workers: 4
[10.037s][debug][gc,phases      ] GC(16)   StringTable Weak               Min:  0.3, Avg:  0.3, Max:  0.3, Diff:  0.0, Sum:  1.3, Workers: 4
[10.037s][debug][gc,phases      ] GC(16)     Dead                           Min: 0, Avg:  0.0, Max: 0, Diff: 0, Sum: 0, Workers: 4
[10.037s][debug][gc,phases      ] GC(16)     Total                          Min: 9472, Avg: 10134.8, Max: 11136, Diff: 1664, Sum: 40539, Workers: 4
[10.037s][debug][gc,phases      ] GC(16)   ResolvedMethodTable Weak       Min:  0.0, Avg:  0.0, Max:  0.0, Diff:  0.0, Sum:  0.2, Workers: 4
[10.037s][debug][gc,phases      ] GC(16)     Dead                           Min: 0, Avg:  0.0, Max: 0, Diff: 0, Sum: 0, Workers: 4
[10.037s][debug][gc,phases      ] GC(16)     Total                          Min: 1536, Avg: 1574.5, Max: 1690, Diff: 154, Sum: 6298, Workers: 4
[10.037s][debug][gc,phases      ] GC(16)   JNI Weak                       Min:  0.0, Avg:  0.0, Max:  0.0, Diff:  0.0, Sum:  0.0, Workers: 4
[10.037s][debug][gc,phases      ] GC(16)     Dead                           Min: 0, Avg:  0.0, Max: 0, Diff: 0, Sum: 0, Workers: 4
[10.037s][debug][gc,phases      ] GC(16)     Total                          Min: 0, Avg:  6.0, Max: 24, Diff: 24, Sum: 24, Workers: 4
[10.037s][debug][gc,phases      ] GC(16)   StringDedup Table Weak         Min:  0.0, Avg:  0.0, Max:  0.0, Diff:  0.0, Sum:  0.0, Workers: 4
[10.037s][debug][gc,phases      ] GC(16)     Dead                           Min: 0, Avg:  0.0, Max: 0, Diff: 0, Sum: 0, Workers: 4
[10.037s][debug][gc,phases      ] GC(16)     Total                          Min: 0, Avg:  0.0, Max: 0, Diff: 0, Sum: 0, Workers: 4
[10.037s][debug][gc,phases      ] GC(16)   StringDedup Requests0 Weak     Min:  0.0, Avg:  0.0, Max:  0.0, Diff:  0.0, Sum:  0.0, Workers: 4
[10.037s][debug][gc,phases      ] GC(16)     Dead                           Min: 0, Avg:  0.0, Max: 0, Diff: 0, Sum: 0, Workers: 4
[10.037s][debug][gc,phases      ] GC(16)     Total                          Min: 0, Avg:  0.0, Max: 0, Diff: 0, Sum: 0, Workers: 4
[10.037s][debug][gc,phases      ] GC(16)   StringDedup Requests1 Weak     Min:  0.0, Avg:  0.0, Max:  0.0, Diff:  0.0, Sum:  0.0, Workers: 4
[10.037s][debug][gc,phases      ] GC(16)     Dead                           Min: 0, Avg:  0.0, Max: 0, Diff: 0, Sum: 0, Workers: 4
[10.037s][debug][gc,phases      ] GC(16)     Total                          Min: 0, Avg:  0.0, Max: 0, Diff: 0, Sum: 0, Workers: 4
[10.037s][debug][gc,phases      ] GC(16)   Weak JFR Old Object Samples    Min:  0.0, Avg:  0.0, Max:  0.0, Diff:  0.0, Sum:  0.0, Workers: 4
[10.037s][debug][gc,phases      ] GC(16)     Dead                           Min: 0, Avg:  0.0, Max: 0, Diff: 0, Sum: 0, Workers: 4
[10.037s][debug][gc,phases      ] GC(16)     Total                          Min: 0, Avg:  0.0, Max: 0, Diff: 0, Sum: 0, Workers: 4
[10.037s][debug][gc,phases      ] GC(16) Weak Processing 0.571ms
[10.037s][debug][gc,age         ] GC(16) Desired survivor size 298844160 bytes, new threshold 15 (max threshold 15)
[10.037s][info ][gc,heap        ] GC(16) PSYoungGen: 1700341K(1803264K)->193869K(1801216K) Eden: 1507328K(1507328K)->0K(1507328K) From: 193013K(295936K)->193869K(293888K)
[10.037s][info ][gc,heap        ] GC(16) ParOldGen: 6216K(18944K)->6224K(18944K)
[10.037s][info ][gc,metaspace   ] GC(16) Metaspace: 60753K(61504K)->60753K(61504K) NonClass: 51735K(52160K)->51735K(52160K) Class: 9018K(9344K)->9018K(9344K)
[10.037s][info ][gc             ] GC(16) Pause Young (Allocation Failure) 1666M->195M(1777M) 69.758ms
[10.037s][info ][gc,cpu         ] GC(16) User=0.28s Sys=0.00s Real=0.07s
[10.037s][info ][safepoint      ] Safepoint "ParallelGCFailedAllocation", Time since last: 296016036 ns, Reaching safepoint: 977920 ns, At safepoint: 69872501 ns, Total: 70850421 ns
[10.395s][info ][gc,start       ] GC(17) Pause Young (Allocation Failure)
[10.472s][debug][gc,phases      ] GC(17) Scavenge 77.902ms
[10.473s][debug][gc,ref         ] GC(17) Skipped phase 1 of Reference Processing: no references
[10.473s][debug][gc,ref         ] GC(17) ReferenceProcessor::execute queues: 4, RefProcThreadModel::Multi, marks_oops_alive: false
[10.473s][debug][gc,ref         ] GC(17) Skipped phase 3 of Reference Processing: no references
[10.473s][debug][gc,ref         ] GC(17) ReferenceProcessor::execute queues: 1, RefProcThreadModel::Single, marks_oops_alive: false
[10.473s][debug][gc,phases      ] GC(17) Reference Processing 0.411ms
[10.473s][debug][gc,phases      ] GC(17)   VM Weak                        Min:  0.0, Avg:  0.0, Max:  0.0, Diff:  0.0, Sum:  0.0, Workers: 4
[10.473s][debug][gc,phases      ] GC(17)     Dead                           Min: 0, Avg:  0.0, Max: 0, Diff: 0, Sum: 0, Workers: 4
[10.473s][debug][gc,phases      ] GC(17)     Total                          Min: 0, Avg: 136.0, Max: 352, Diff: 352, Sum: 544, Workers: 4
[10.473s][debug][gc,phases      ] GC(17)   ObjectSynchronizer Weak        Min:  0.0, Avg:  0.0, Max:  0.0, Diff:  0.0, Sum:  0.0, Workers: 4
[10.473s][debug][gc,phases      ] GC(17)     Dead                           Min: 0, Avg:  0.0, Max: 0, Diff: 0, Sum: 0, Workers: 4
[10.473s][debug][gc,phases      ] GC(17)     Total                          Min: 0, Avg: 91.2, Max: 173, Diff: 173, Sum: 365, Workers: 4
[10.473s][debug][gc,phases      ] GC(17)   JVMTI Tag Weak OopStorage      Min:  0.0, Avg:  0.0, Max:  0.0, Diff:  0.0, Sum:  0.0, Workers: 4
[10.473s][debug][gc,phases      ] GC(17)     Dead                           Min: 0, Avg:  0.0, Max: 0, Diff: 0, Sum: 0, Workers: 4
[10.473s][debug][gc,phases      ] GC(17)     Total                          Min: 0, Avg:  0.0, Max: 0, Diff: 0, Sum: 0, Workers: 4
[10.473s][debug][gc,phases      ] GC(17)   StringTable Weak               Min:  0.3, Avg:  0.3, Max:  0.3, Diff:  0.0, Sum:  1.3, Workers: 4
[10.473s][debug][gc,phases      ] GC(17)     Dead                           Min: 0, Avg:  2.8, Max: 11, Diff: 11, Sum: 11, Workers: 4
[10.473s][debug][gc,phases      ] GC(17)     Total                          Min: 7531, Avg: 10136.0, Max: 12352, Diff: 4821, Sum: 40544, Workers: 4
[10.473s][debug][gc,phases      ] GC(17)   ResolvedMethodTable Weak       Min:  0.1, Avg:  0.1, Max:  0.1, Diff:  0.0, Sum:  0.2, Workers: 4
[10.473s][debug][gc,phases      ] GC(17)     Dead                           Min: 0, Avg:  0.0, Max: 0, Diff: 0, Sum: 0, Workers: 4
[10.473s][debug][gc,phases      ] GC(17)     Total                          Min: 1024, Avg: 1574.5, Max: 2176, Diff: 1152, Sum: 6298, Workers: 4
[10.473s][debug][gc,phases      ] GC(17)   JNI Weak                       Min:  0.0, Avg:  0.0, Max:  0.0, Diff:  0.0, Sum:  0.0, Workers: 4
[10.473s][debug][gc,phases      ] GC(17)     Dead                           Min: 0, Avg:  0.0, Max: 0, Diff: 0, Sum: 0, Workers: 4
[10.473s][debug][gc,phases      ] GC(17)     Total                          Min: 0, Avg:  7.5, Max: 30, Diff: 30, Sum: 30, Workers: 4
[10.473s][debug][gc,phases      ] GC(17)   StringDedup Table Weak         Min:  0.0, Avg:  0.0, Max:  0.0, Diff:  0.0, Sum:  0.0, Workers: 4
[10.473s][debug][gc,phases      ] GC(17)     Dead                           Min: 0, Avg:  0.0, Max: 0, Diff: 0, Sum: 0, Workers: 4
[10.473s][debug][gc,phases      ] GC(17)     Total                          Min: 0, Avg:  0.0, Max: 0, Diff: 0, Sum: 0, Workers: 4
[10.473s][debug][gc,phases      ] GC(17)   StringDedup Requests0 Weak     Min:  0.0, Avg:  0.0, Max:  0.0, Diff:  0.0, Sum:  0.0, Workers: 4
[10.473s][debug][gc,phases      ] GC(17)     Dead                           Min: 0, Avg:  0.0, Max: 0, Diff: 0, Sum: 0, Workers: 4
[10.473s][debug][gc,phases      ] GC(17)     Total                          Min: 0, Avg:  0.0, Max: 0, Diff: 0, Sum: 0, Workers: 4
[10.473s][debug][gc,phases      ] GC(17)   StringDedup Requests1 Weak     Min:  0.0, Avg:  0.0, Max:  0.0, Diff:  0.0, Sum:  0.0, Workers: 4
[10.474s][debug][gc,phases      ] GC(17)     Dead                           Min: 0, Avg:  0.0, Max: 0, Diff: 0, Sum: 0, Workers: 4
[10.474s][debug][gc,phases      ] GC(17)     Total                          Min: 0, Avg:  0.0, Max: 0, Diff: 0, Sum: 0, Workers: 4
[10.474s][debug][gc,phases      ] GC(17)   Weak JFR Old Object Samples    Min:  0.0, Avg:  0.0, Max:  0.0, Diff:  0.0, Sum:  0.0, Workers: 4
[10.474s][debug][gc,phases      ] GC(17)     Dead                           Min: 0, Avg:  0.0, Max: 0, Diff: 0, Sum: 0, Workers: 4
[10.474s][debug][gc,phases      ] GC(17)     Total                          Min: 0, Avg:  0.0, Max: 0, Diff: 0, Sum: 0, Workers: 4
[10.474s][debug][gc,phases      ] GC(17) Weak Processing 0.581ms
[10.474s][debug][gc,age         ] GC(17) Desired survivor size 296747008 bytes, new threshold 15 (max threshold 15)
[10.474s][info ][gc,heap        ] GC(17) PSYoungGen: 1701197K(1801216K)->195565K(1807360K) Eden: 1507328K(1507328K)->0K(1515520K) From: 193869K(293888K)->195565K(291840K)
[10.474s][info ][gc,heap        ] GC(17) ParOldGen: 6224K(18944K)->6232K(18944K)
[10.474s][info ][gc,metaspace   ] GC(17) Metaspace: 60773K(61504K)->60773K(61504K) NonClass: 51753K(52160K)->51753K(52160K) Class: 9019K(9344K)->9019K(9344K)
[10.474s][info ][gc             ] GC(17) Pause Young (Allocation Failure) 1667M->197M(1783M) 79.039ms
[10.474s][info ][gc,cpu         ] GC(17) User=0.33s Sys=0.00s Real=0.08s
[10.474s][info ][safepoint      ] Safepoint "ParallelGCFailedAllocation", Time since last: 356999060 ns, Reaching safepoint: 162303 ns, At safepoint: 79154687 ns, Total: 79316990 ns
[10.781s][info ][gc,start       ] GC(18) Pause Young (Allocation Failure)
[10.858s][debug][gc,phases      ] GC(18) Scavenge 76.913ms
[10.858s][debug][gc,ref         ] GC(18) Skipped phase 1 of Reference Processing: no references
[10.858s][debug][gc,ref         ] GC(18) ReferenceProcessor::execute queues: 4, RefProcThreadModel::Multi, marks_oops_alive: false
[10.858s][debug][gc,ref         ] GC(18) Skipped phase 3 of Reference Processing: no references
[10.858s][debug][gc,ref         ] GC(18) ReferenceProcessor::execute queues: 1, RefProcThreadModel::Single, marks_oops_alive: false
[10.858s][debug][gc,phases      ] GC(18) Reference Processing 0.420ms
[10.859s][debug][gc,phases      ] GC(18)   VM Weak                        Min:  0.0, Avg:  0.0, Max:  0.0, Diff:  0.0, Sum:  0.0, Workers: 4
[10.859s][debug][gc,phases      ] GC(18)     Dead                           Min: 0, Avg:  0.0, Max: 0, Diff: 0, Sum: 0, Workers: 4
[10.859s][debug][gc,phases      ] GC(18)     Total                          Min: 0, Avg: 136.0, Max: 256, Diff: 256, Sum: 544, Workers: 4
[10.859s][debug][gc,phases      ] GC(18)   ObjectSynchronizer Weak        Min:  0.0, Avg:  0.0, Max:  0.0, Diff:  0.0, Sum:  0.0, Workers: 4
[10.859s][debug][gc,phases      ] GC(18)     Dead                           Min: 0, Avg:  0.0, Max: 0, Diff: 0, Sum: 0, Workers: 4
[10.859s][debug][gc,phases      ] GC(18)     Total                          Min: 0, Avg: 91.2, Max: 128, Diff: 128, Sum: 365, Workers: 4
[10.859s][debug][gc,phases      ] GC(18)   JVMTI Tag Weak OopStorage      Min:  0.0, Avg:  0.0, Max:  0.0, Diff:  0.0, Sum:  0.0, Workers: 4
[10.859s][debug][gc,phases      ] GC(18)     Dead                           Min: 0, Avg:  0.0, Max: 0, Diff: 0, Sum: 0, Workers: 4
[10.859s][debug][gc,phases      ] GC(18)     Total                          Min: 0, Avg:  0.0, Max: 0, Diff: 0, Sum: 0, Workers: 4
[10.859s][debug][gc,phases      ] GC(18)   StringTable Weak               Min:  0.3, Avg:  0.3, Max:  0.3, Diff:  0.0, Sum:  1.3, Workers: 4
[10.859s][debug][gc,phases      ] GC(18)     Dead                           Min: 0, Avg:  2.8, Max: 11, Diff: 11, Sum: 11, Workers: 4
[10.859s][debug][gc,phases      ] GC(18)     Total                          Min: 7797, Avg: 10136.0, Max: 12800, Diff: 5003, Sum: 40544, Workers: 4
[10.859s][debug][gc,phases      ] GC(18)   ResolvedMethodTable Weak       Min:  0.1, Avg:  0.1, Max:  0.1, Diff:  0.0, Sum:  0.2, Workers: 4
[10.859s][debug][gc,phases      ] GC(18)     Dead                           Min: 0, Avg:  0.0, Max: 0, Diff: 0, Sum: 0, Workers: 4
[10.859s][debug][gc,phases      ] GC(18)     Total                          Min: 1024, Avg: 1574.5, Max: 2138, Diff: 1114, Sum: 6298, Workers: 4
[10.859s][debug][gc,phases      ] GC(18)   JNI Weak                       Min:  0.0, Avg:  0.0, Max:  0.0, Diff:  0.0, Sum:  0.0, Workers: 4
[10.859s][debug][gc,phases      ] GC(18)     Dead                           Min: 0, Avg:  0.0, Max: 0, Diff: 0, Sum: 0, Workers: 4
[10.859s][debug][gc,phases      ] GC(18)     Total                          Min: 0, Avg:  8.2, Max: 33, Diff: 33, Sum: 33, Workers: 4
[10.859s][debug][gc,phases      ] GC(18)   StringDedup Table Weak         Min:  0.0, Avg:  0.0, Max:  0.0, Diff:  0.0, Sum:  0.0, Workers: 4
[10.859s][debug][gc,phases      ] GC(18)     Dead                           Min: 0, Avg:  0.0, Max: 0, Diff: 0, Sum: 0, Workers: 4
[10.859s][debug][gc,phases      ] GC(18)     Total                          Min: 0, Avg:  0.0, Max: 0, Diff: 0, Sum: 0, Workers: 4
[10.859s][debug][gc,phases      ] GC(18)   StringDedup Requests0 Weak     Min:  0.0, Avg:  0.0, Max:  0.0, Diff:  0.0, Sum:  0.0, Workers: 4
[10.859s][debug][gc,phases      ] GC(18)     Dead                           Min: 0, Avg:  0.0, Max: 0, Diff: 0, Sum: 0, Workers: 4
[10.859s][debug][gc,phases      ] GC(18)     Total                          Min: 0, Avg:  0.0, Max: 0, Diff: 0, Sum: 0, Workers: 4
[10.859s][debug][gc,phases      ] GC(18)   StringDedup Requests1 Weak     Min:  0.0, Avg:  0.0, Max:  0.0, Diff:  0.0, Sum:  0.0, Workers: 4
[10.859s][debug][gc,phases      ] GC(18)     Dead                           Min: 0, Avg:  0.0, Max: 0, Diff: 0, Sum: 0, Workers: 4
[10.859s][debug][gc,phases      ] GC(18)     Total                          Min: 0, Avg:  0.0, Max: 0, Diff: 0, Sum: 0, Workers: 4
[10.859s][debug][gc,phases      ] GC(18)   Weak JFR Old Object Samples    Min:  0.0, Avg:  0.0, Max:  0.0, Diff:  0.0, Sum:  0.0, Workers: 4
[10.859s][debug][gc,phases      ] GC(18)     Dead                           Min: 0, Avg:  0.0, Max: 0, Diff: 0, Sum: 0, Workers: 4
[10.859s][debug][gc,phases      ] GC(18)     Total                          Min: 0, Avg:  0.0, Max: 0, Diff: 0, Sum: 0, Workers: 4
[10.859s][debug][gc,phases      ] GC(18) Weak Processing 0.572ms
[10.859s][debug][gc,age         ] GC(18) Desired survivor size 290979840 bytes, new threshold 15 (max threshold 15)
[10.859s][info ][gc,heap        ] GC(18) PSYoungGen: 1711085K(1807360K)->187799K(1805312K) Eden: 1515520K(1515520K)->0K(1515520K) From: 195565K(291840K)->187799K(289792K)
[10.859s][info ][gc,heap        ] GC(18) ParOldGen: 6232K(18944K)->16259K(18944K)
[10.859s][info ][gc,metaspace   ] GC(18) Metaspace: 60777K(61504K)->60777K(61504K) NonClass: 51758K(52160K)->51758K(52160K) Class: 9019K(9344K)->9019K(9344K)
[10.859s][info ][gc             ] GC(18) Pause Young (Allocation Failure) 1677M->199M(1781M) 78.055ms
[10.859s][info ][gc,cpu         ] GC(18) User=0.34s Sys=0.00s Real=0.08s
[10.859s][debug][gc,phases      ] GC(19) Pre Compact 0.011ms
[10.859s][info ][gc,start       ] GC(19) Pause Full (Ergonomics)
[10.859s][info ][gc,phases,start] GC(19) Marking Phase
[10.941s][debug][gc,phases      ] GC(19) Par Mark 82.426ms
[10.941s][debug][gc,ref         ] GC(19) Skipped phase 1 of Reference Processing: no references
[10.941s][debug][gc,ref         ] GC(19) ReferenceProcessor::execute queues: 4, RefProcThreadModel::Multi, marks_oops_alive: false
[10.942s][debug][gc,ref         ] GC(19) Skipped phase 3 of Reference Processing: no references
[10.942s][debug][gc,ref         ] GC(19) ReferenceProcessor::execute queues: 1, RefProcThreadModel::Single, marks_oops_alive: false
[10.942s][debug][gc,phases      ] GC(19) Reference Processing 0.272ms
[10.942s][debug][gc,phases      ] GC(19)   VM Weak                        Min:  0.0, Avg:  0.0, Max:  0.0, Diff:  0.0, Sum:  0.0, Workers: 4
[10.942s][debug][gc,phases      ] GC(19)     Dead                           Min: 0, Avg:  0.0, Max: 0, Diff: 0, Sum: 0, Workers: 4
[10.942s][debug][gc,phases      ] GC(19)     Total                          Min: 0, Avg: 136.0, Max: 256, Diff: 256, Sum: 544, Workers: 4
[10.942s][debug][gc,phases      ] GC(19)   ObjectSynchronizer Weak        Min:  0.0, Avg:  0.0, Max:  0.0, Diff:  0.0, Sum:  0.0, Workers: 4
[10.942s][debug][gc,phases      ] GC(19)     Dead                           Min: 0, Avg:  0.0, Max: 0, Diff: 0, Sum: 0, Workers: 4
[10.942s][debug][gc,phases      ] GC(19)     Total                          Min: 0, Avg: 91.2, Max: 128, Diff: 128, Sum: 365, Workers: 4
[10.942s][debug][gc,phases      ] GC(19)   JVMTI Tag Weak OopStorage      Min:  0.0, Avg:  0.0, Max:  0.0, Diff:  0.0, Sum:  0.0, Workers: 4
[10.942s][debug][gc,phases      ] GC(19)     Dead                           Min: 0, Avg:  0.0, Max: 0, Diff: 0, Sum: 0, Workers: 4
[10.942s][debug][gc,phases      ] GC(19)     Total                          Min: 0, Avg:  0.0, Max: 0, Diff: 0, Sum: 0, Workers: 4
[10.942s][debug][gc,phases      ] GC(19)   StringTable Weak               Min:  0.1, Avg:  0.1, Max:  0.1, Diff:  0.0, Sum:  0.5, Workers: 4
[10.942s][debug][gc,phases      ] GC(19)     Dead                           Min: 0, Avg:  0.0, Max: 0, Diff: 0, Sum: 0, Workers: 4
[10.942s][debug][gc,phases      ] GC(19)     Total                          Min: 9536, Avg: 10136.0, Max: 10933, Diff: 1397, Sum: 40544, Workers: 4
[10.942s][debug][gc,phases      ] GC(19)   ResolvedMethodTable Weak       Min:  0.0, Avg:  0.0, Max:  0.0, Diff:  0.0, Sum:  0.1, Workers: 4
[10.942s][debug][gc,phases      ] GC(19)     Dead                           Min: 0, Avg:  0.0, Max: 0, Diff: 0, Sum: 0, Workers: 4
[10.942s][debug][gc,phases      ] GC(19)     Total                          Min: 1472, Avg: 1574.5, Max: 1690, Diff: 218, Sum: 6298, Workers: 4
[10.942s][debug][gc,phases      ] GC(19)   JNI Weak                       Min:  0.0, Avg:  0.0, Max:  0.0, Diff:  0.0, Sum:  0.0, Workers: 4
[10.942s][debug][gc,phases      ] GC(19)     Dead                           Min: 0, Avg:  0.0, Max: 0, Diff: 0, Sum: 0, Workers: 4
[10.942s][debug][gc,phases      ] GC(19)     Total                          Min: 0, Avg:  8.2, Max: 33, Diff: 33, Sum: 33, Workers: 4
[10.942s][debug][gc,phases      ] GC(19)   StringDedup Table Weak         Min:  0.0, Avg:  0.0, Max:  0.0, Diff:  0.0, Sum:  0.0, Workers: 4
[10.942s][debug][gc,phases      ] GC(19)     Dead                           Min: 0, Avg:  0.0, Max: 0, Diff: 0, Sum: 0, Workers: 4
[10.942s][debug][gc,phases      ] GC(19)     Total                          Min: 0, Avg:  0.0, Max: 0, Diff: 0, Sum: 0, Workers: 4
[10.942s][debug][gc,phases      ] GC(19)   StringDedup Requests0 Weak     Min:  0.0, Avg:  0.0, Max:  0.0, Diff:  0.0, Sum:  0.0, Workers: 4
[10.942s][debug][gc,phases      ] GC(19)     Dead                           Min: 0, Avg:  0.0, Max: 0, Diff: 0, Sum: 0, Workers: 4
[10.942s][debug][gc,phases      ] GC(19)     Total                          Min: 0, Avg:  0.0, Max: 0, Diff: 0, Sum: 0, Workers: 4
[10.942s][debug][gc,phases      ] GC(19)   StringDedup Requests1 Weak     Min:  0.0, Avg:  0.0, Max:  0.0, Diff:  0.0, Sum:  0.0, Workers: 4
[10.942s][debug][gc,phases      ] GC(19)     Dead                           Min: 0, Avg:  0.0, Max: 0, Diff: 0, Sum: 0, Workers: 4
[10.942s][debug][gc,phases      ] GC(19)     Total                          Min: 0, Avg:  0.0, Max: 0, Diff: 0, Sum: 0, Workers: 4
[10.942s][debug][gc,phases      ] GC(19)   Weak JFR Old Object Samples    Min:  0.0, Avg:  0.0, Max:  0.0, Diff:  0.0, Sum:  0.0, Workers: 4
[10.942s][debug][gc,phases      ] GC(19)     Dead                           Min: 0, Avg:  0.0, Max: 0, Diff: 0, Sum: 0, Workers: 4
[10.942s][debug][gc,phases      ] GC(19)     Total                          Min: 0, Avg:  0.0, Max: 0, Diff: 0, Sum: 0, Workers: 4
[10.942s][debug][gc,phases      ] GC(19) Weak Processing 0.326ms
[10.942s][debug][gc,phases      ] GC(19) ClassLoaderData 0.074ms
[10.942s][debug][gc,phases      ] GC(19) Trigger cleanups 0.000ms
[10.949s][debug][gc,phases      ] GC(19) Class Unloading 7.255ms
[10.949s][info ][gc,phases      ] GC(19) Marking Phase 90.427ms
[10.949s][info ][gc,phases,start] GC(19) Summary Phase
[10.949s][info ][gc,phases      ] GC(19) Summary Phase 0.009ms
[10.949s][info ][gc,phases,start] GC(19) Adjust Roots
[10.959s][info ][gc,phases      ] GC(19) Adjust Roots 9.298ms
[10.959s][info ][gc,phases,start] GC(19) Compaction Phase
[11.268s][info ][gc,phases      ] GC(19) Compaction Phase 309.728ms
[11.268s][info ][gc,phases,start] GC(19) Post Compact
[11.270s][info ][gc,phases      ] GC(19) Post Compact 1.374ms
[11.270s][info ][gc,heap        ] GC(19) PSYoungGen: 187799K(1805312K)->184935K(1805312K) Eden: 0K(1515520K)->0K(1515520K) From: 187799K(289792K)->184935K(289792K)
[11.270s][info ][gc,heap        ] GC(19) ParOldGen: 16259K(18944K)->18673K(39936K)
[11.270s][info ][gc,metaspace   ] GC(19) Metaspace: 60777K(61504K)->60777K(61504K) NonClass: 51758K(52160K)->51758K(52160K) Class: 9019K(9344K)->9019K(9344K)
[11.270s][info ][gc             ] GC(19) Pause Full (Ergonomics) 199M->198M(1802M) 411.033ms
[11.270s][info ][gc,cpu         ] GC(19) User=1.51s Sys=0.00s Real=0.41s
[11.285s][info ][safepoint      ] Safepoint "ParallelGCFailedAllocation", Time since last: 306669850 ns, Reaching safepoint: 285606 ns, At safepoint: 504243512 ns, Total: 504529118 ns
[11.634s][info ][gc,start       ] GC(20) Pause Young (Allocation Failure)
[11.730s][debug][gc,phases      ] GC(20) Scavenge 96.549ms
[11.730s][debug][gc,ref         ] GC(20) Skipped phase 1 of Reference Processing: no references
[11.730s][debug][gc,ref         ] GC(20) ReferenceProcessor::execute queues: 4, RefProcThreadModel::Multi, marks_oops_alive: false
[11.731s][debug][gc,ref         ] GC(20) Skipped phase 3 of Reference Processing: no references
[11.731s][debug][gc,ref         ] GC(20) ReferenceProcessor::execute queues: 1, RefProcThreadModel::Single, marks_oops_alive: false
[11.731s][debug][gc,phases      ] GC(20) Reference Processing 0.379ms
[11.731s][debug][gc,phases      ] GC(20)   VM Weak                        Min:  0.0, Avg:  0.0, Max:  0.0, Diff:  0.0, Sum:  0.0, Workers: 4
[11.731s][debug][gc,phases      ] GC(20)     Dead                           Min: 0, Avg:  0.0, Max: 0, Diff: 0, Sum: 0, Workers: 4
[11.731s][debug][gc,phases      ] GC(20)     Total                          Min: 0, Avg: 136.0, Max: 288, Diff: 288, Sum: 544, Workers: 4
[11.731s][debug][gc,phases      ] GC(20)   ObjectSynchronizer Weak        Min:  0.0, Avg:  0.0, Max:  0.0, Diff:  0.0, Sum:  0.0, Workers: 4
[11.731s][debug][gc,phases      ] GC(20)     Dead                           Min: 0, Avg:  0.0, Max: 0, Diff: 0, Sum: 0, Workers: 4
[11.731s][debug][gc,phases      ] GC(20)     Total                          Min: 0, Avg: 91.2, Max: 128, Diff: 128, Sum: 365, Workers: 4
[11.731s][debug][gc,phases      ] GC(20)   JVMTI Tag Weak OopStorage      Min:  0.0, Avg:  0.0, Max:  0.0, Diff:  0.0, Sum:  0.0, Workers: 4
[11.731s][debug][gc,phases      ] GC(20)     Dead                           Min: 0, Avg:  0.0, Max: 0, Diff: 0, Sum: 0, Workers: 4
[11.731s][debug][gc,phases      ] GC(20)     Total                          Min: 0, Avg:  0.0, Max: 0, Diff: 0, Sum: 0, Workers: 4
[11.731s][debug][gc,phases      ] GC(20)   StringTable Weak               Min:  0.0, Avg:  0.3, Max:  0.4, Diff:  0.4, Sum:  1.2, Workers: 4
[11.731s][debug][gc,phases      ] GC(20)     Dead                           Min: 0, Avg:  2.8, Max: 11, Diff: 11, Sum: 11, Workers: 4
[11.731s][debug][gc,phases      ] GC(20)     Total                          Min: 0, Avg: 10136.5, Max: 13997, Diff: 13997, Sum: 40546, Workers: 4
[11.731s][debug][gc,phases      ] GC(20)   ResolvedMethodTable Weak       Min:  0.0, Avg:  0.1, Max:  0.1, Diff:  0.1, Sum:  0.3, Workers: 4
[11.731s][debug][gc,phases      ] GC(20)     Dead                           Min: 0, Avg:  0.0, Max: 0, Diff: 0, Sum: 0, Workers: 4
[11.731s][debug][gc,phases      ] GC(20)     Total                          Min: 0, Avg: 1574.5, Max: 2368, Diff: 2368, Sum: 6298, Workers: 4
[11.731s][debug][gc,phases      ] GC(20)   JNI Weak                       Min:  0.0, Avg:  0.0, Max:  0.0, Diff:  0.0, Sum:  0.0, Workers: 4
[11.731s][debug][gc,phases      ] GC(20)     Dead                           Min: 0, Avg:  0.0, Max: 0, Diff: 0, Sum: 0, Workers: 4
[11.731s][debug][gc,phases      ] GC(20)     Total                          Min: 0, Avg:  4.8, Max: 19, Diff: 19, Sum: 19, Workers: 4
[11.731s][debug][gc,phases      ] GC(20)   StringDedup Table Weak         Min:  0.0, Avg:  0.0, Max:  0.0, Diff:  0.0, Sum:  0.0, Workers: 4
[11.731s][debug][gc,phases      ] GC(20)     Dead                           Min: 0, Avg:  0.0, Max: 0, Diff: 0, Sum: 0, Workers: 4
[11.731s][debug][gc,phases      ] GC(20)     Total                          Min: 0, Avg:  0.0, Max: 0, Diff: 0, Sum: 0, Workers: 4
[11.731s][debug][gc,phases      ] GC(20)   StringDedup Requests0 Weak     Min:  0.0, Avg:  0.0, Max:  0.0, Diff:  0.0, Sum:  0.0, Workers: 4
[11.731s][debug][gc,phases      ] GC(20)     Dead                           Min: 0, Avg:  0.0, Max: 0, Diff: 0, Sum: 0, Workers: 4
[11.731s][debug][gc,phases      ] GC(20)     Total                          Min: 0, Avg:  0.0, Max: 0, Diff: 0, Sum: 0, Workers: 4
[11.731s][debug][gc,phases      ] GC(20)   StringDedup Requests1 Weak     Min:  0.0, Avg:  0.0, Max:  0.0, Diff:  0.0, Sum:  0.0, Workers: 4
[11.731s][debug][gc,phases      ] GC(20)     Dead                           Min: 0, Avg:  0.0, Max: 0, Diff: 0, Sum: 0, Workers: 4
[11.731s][debug][gc,phases      ] GC(20)     Total                          Min: 0, Avg:  0.0, Max: 0, Diff: 0, Sum: 0, Workers: 4
[11.731s][debug][gc,phases      ] GC(20)   Weak JFR Old Object Samples    Min:  0.0, Avg:  0.0, Max:  0.0, Diff:  0.0, Sum:  0.0, Workers: 4
[11.731s][debug][gc,phases      ] GC(20)     Dead                           Min: 0, Avg:  0.0, Max: 0, Diff: 0, Sum: 0, Workers: 4
[11.731s][debug][gc,phases      ] GC(20)     Total                          Min: 0, Avg:  0.0, Max: 0, Diff: 0, Sum: 0, Workers: 4
[11.731s][debug][gc,phases      ] GC(20) Weak Processing 0.707ms
[11.731s][debug][gc,age         ] GC(20) Desired survivor size 284688384 bytes, new threshold 14 (max threshold 15)
[11.731s][info ][gc,heap        ] GC(20) PSYoungGen: 1700455K(1805312K)->142404K(1819136K) Eden: 1515520K(1515520K)->0K(1534976K) From: 184935K(289792K)->142404K(284160K)
[11.731s][info ][gc,heap        ] GC(20) ParOldGen: 18673K(39936K)->62922K(62976K)
[11.732s][info ][gc,metaspace   ] GC(20) Metaspace: 60778K(61504K)->60778K(61504K) NonClass: 51759K(52160K)->51759K(52160K) Class: 9019K(9344K)->9019K(9344K)
[11.732s][info ][gc             ] GC(20) Pause Young (Allocation Failure) 1678M->200M(1838M) 97.779ms
[11.732s][info ][gc,cpu         ] GC(20) User=0.36s Sys=0.01s Real=0.09s
[11.732s][debug][gc,phases      ] GC(21) Pre Compact 0.010ms
[11.732s][info ][gc,start       ] GC(21) Pause Full (Ergonomics)
[11.732s][info ][gc,phases,start] GC(21) Marking Phase
[11.841s][debug][gc,phases      ] GC(21) Par Mark 109.255ms
[11.841s][debug][gc,ref         ] GC(21) Skipped phase 1 of Reference Processing: no references
[11.841s][debug][gc,ref         ] GC(21) ReferenceProcessor::execute queues: 1, RefProcThreadModel::Single, marks_oops_alive: false
[11.841s][debug][gc,ref         ] GC(21) Skipped phase 3 of Reference Processing: no references
[11.841s][debug][gc,ref         ] GC(21) ReferenceProcessor::execute queues: 1, RefProcThreadModel::Single, marks_oops_alive: false
[11.841s][debug][gc,phases      ] GC(21) Reference Processing 0.160ms
[11.841s][debug][gc,phases      ] GC(21)   VM Weak                        Min:  0.0, Avg:  0.0, Max:  0.0, Diff:  0.0, Sum:  0.0, Workers: 4
[11.841s][debug][gc,phases      ] GC(21)     Dead                           Min: 0, Avg:  0.0, Max: 0, Diff: 0, Sum: 0, Workers: 4
[11.841s][debug][gc,phases      ] GC(21)     Total                          Min: 0, Avg: 136.0, Max: 320, Diff: 320, Sum: 544, Workers: 4
[11.841s][debug][gc,phases      ] GC(21)   ObjectSynchronizer Weak        Min:  0.0, Avg:  0.0, Max:  0.0, Diff:  0.0, Sum:  0.0, Workers: 4
[11.841s][debug][gc,phases      ] GC(21)     Dead                           Min: 0, Avg:  0.0, Max: 0, Diff: 0, Sum: 0, Workers: 4
[11.841s][debug][gc,phases      ] GC(21)     Total                          Min: 0, Avg: 91.2, Max: 128, Diff: 128, Sum: 365, Workers: 4
[11.841s][debug][gc,phases      ] GC(21)   JVMTI Tag Weak OopStorage      Min:  0.0, Avg:  0.0, Max:  0.0, Diff:  0.0, Sum:  0.0, Workers: 4
[11.841s][debug][gc,phases      ] GC(21)     Dead                           Min: 0, Avg:  0.0, Max: 0, Diff: 0, Sum: 0, Workers: 4
[11.841s][debug][gc,phases      ] GC(21)     Total                          Min: 0, Avg:  0.0, Max: 0, Diff: 0, Sum: 0, Workers: 4
[11.841s][debug][gc,phases      ] GC(21)   StringTable Weak               Min:  0.2, Avg:  0.2, Max:  0.2, Diff:  0.0, Sum:  0.6, Workers: 4
[11.841s][debug][gc,phases      ] GC(21)     Dead                           Min: 0, Avg:  0.0, Max: 0, Diff: 0, Sum: 0, Workers: 4
[11.841s][debug][gc,phases      ] GC(21)     Total                          Min: 9525, Avg: 10136.5, Max: 11520, Diff: 1995, Sum: 40546, Workers: 4
[11.841s][debug][gc,phases      ] GC(21)   ResolvedMethodTable Weak       Min:  0.0, Avg:  0.0, Max:  0.0, Diff:  0.0, Sum:  0.1, Workers: 4
[11.841s][debug][gc,phases      ] GC(21)     Dead                           Min: 0, Avg:  0.0, Max: 0, Diff: 0, Sum: 0, Workers: 4
[11.841s][debug][gc,phases      ] GC(21)     Total                          Min: 1472, Avg: 1574.5, Max: 1882, Diff: 410, Sum: 6298, Workers: 4
[11.841s][debug][gc,phases      ] GC(21)   JNI Weak                       Min:  0.0, Avg:  0.0, Max:  0.0, Diff:  0.0, Sum:  0.0, Workers: 4
[11.841s][debug][gc,phases      ] GC(21)     Dead                           Min: 0, Avg:  0.0, Max: 0, Diff: 0, Sum: 0, Workers: 4
[11.841s][debug][gc,phases      ] GC(21)     Total                          Min: 0, Avg:  4.8, Max: 19, Diff: 19, Sum: 19, Workers: 4
[11.841s][debug][gc,phases      ] GC(21)   StringDedup Table Weak         Min:  0.0, Avg:  0.0, Max:  0.0, Diff:  0.0, Sum:  0.0, Workers: 4
[11.841s][debug][gc,phases      ] GC(21)     Dead                           Min: 0, Avg:  0.0, Max: 0, Diff: 0, Sum: 0, Workers: 4
[11.841s][debug][gc,phases      ] GC(21)     Total                          Min: 0, Avg:  0.0, Max: 0, Diff: 0, Sum: 0, Workers: 4
[11.841s][debug][gc,phases      ] GC(21)   StringDedup Requests0 Weak     Min:  0.0, Avg:  0.0, Max:  0.0, Diff:  0.0, Sum:  0.0, Workers: 4
[11.841s][debug][gc,phases      ] GC(21)     Dead                           Min: 0, Avg:  0.0, Max: 0, Diff: 0, Sum: 0, Workers: 4
[11.841s][debug][gc,phases      ] GC(21)     Total                          Min: 0, Avg:  0.0, Max: 0, Diff: 0, Sum: 0, Workers: 4
[11.841s][debug][gc,phases      ] GC(21)   StringDedup Requests1 Weak     Min:  0.0, Avg:  0.0, Max:  0.0, Diff:  0.0, Sum:  0.0, Workers: 4
[11.841s][debug][gc,phases      ] GC(21)     Dead                           Min: 0, Avg:  0.0, Max: 0, Diff: 0, Sum: 0, Workers: 4
[11.841s][debug][gc,phases      ] GC(21)     Total                          Min: 0, Avg:  0.0, Max: 0, Diff: 0, Sum: 0, Workers: 4
[11.841s][debug][gc,phases      ] GC(21)   Weak JFR Old Object Samples    Min:  0.0, Avg:  0.0, Max:  0.0, Diff:  0.0, Sum:  0.0, Workers: 4
[11.841s][debug][gc,phases      ] GC(21)     Dead                           Min: 0, Avg:  0.0, Max: 0, Diff: 0, Sum: 0, Workers: 4
[11.841s][debug][gc,phases      ] GC(21)     Total                          Min: 0, Avg:  0.0, Max: 0, Diff: 0, Sum: 0, Workers: 4
[11.841s][debug][gc,phases      ] GC(21) Weak Processing 0.391ms
[11.842s][debug][gc,phases      ] GC(21) ClassLoaderData 0.078ms
[11.842s][debug][gc,phases      ] GC(21) Trigger cleanups 0.001ms
[11.849s][debug][gc,phases      ] GC(21) Class Unloading 7.703ms
[11.849s][info ][gc,phases      ] GC(21) Marking Phase 117.664ms
[11.849s][info ][gc,phases,start] GC(21) Summary Phase
[11.849s][info ][gc,phases      ] GC(21) Summary Phase 0.009ms
[11.849s][info ][gc,phases,start] GC(21) Adjust Roots
[11.859s][info ][gc,phases      ] GC(21) Adjust Roots 9.601ms
[11.859s][info ][gc,phases,start] GC(21) Compaction Phase
[12.734s][info ][gc,phases      ] GC(21) Compaction Phase 874.651ms
[12.734s][info ][gc,phases,start] GC(21) Post Compact
[12.734s][info ][gc,phases      ] GC(21) Post Compact 0.833ms
[12.735s][info ][gc,heap        ] GC(21) PSYoungGen: 142404K(1819136K)->142182K(1819136K) Eden: 0K(1534976K)->0K(1534976K) From: 142404K(284160K)->142182K(284160K)
[12.735s][info ][gc,heap        ] GC(21) ParOldGen: 62922K(62976K)->62729K(107008K)
[12.735s][info ][gc,metaspace   ] GC(21) Metaspace: 60778K(61504K)->60778K(61504K) NonClass: 51759K(52160K)->51759K(52160K) Class: 9019K(9344K)->9019K(9344K)
[12.735s][info ][gc             ] GC(21) Pause Full (Ergonomics) 200M->200M(1881M) 1002.980ms
[12.735s][info ][gc,cpu         ] GC(21) User=2.23s Sys=0.02s Real=1.01s
[12.735s][info ][safepoint      ] Safepoint "ParallelGCFailedAllocation", Time since last: 343217683 ns, Reaching safepoint: 5617913 ns, At safepoint: 1100942078 ns, Total: 1106559991 ns
[13.016s][info ][safepoint      ] Safepoint "ICBufferFull", Time since last: 281248441 ns, Reaching safepoint: 248804 ns, At safepoint: 27801 ns, Total: 276605 ns
[13.022s][info ][gc,start       ] GC(22) Pause Young (Allocation Failure)
[13.125s][debug][gc,phases      ] GC(22) Scavenge 102.837ms
[13.125s][debug][gc,ref         ] GC(22) Skipped phase 1 of Reference Processing: no references
[13.125s][debug][gc,ref         ] GC(22) ReferenceProcessor::execute queues: 2, RefProcThreadModel::Multi, marks_oops_alive: false
[13.125s][debug][gc,ref         ] GC(22) Skipped phase 3 of Reference Processing: no references
[13.125s][debug][gc,ref         ] GC(22) Skipped phase 4 of Reference Processing: no references
[13.125s][debug][gc,phases      ] GC(22) Reference Processing 0.186ms
[13.126s][debug][gc,phases      ] GC(22)   VM Weak                        Min:  0.0, Avg:  0.0, Max:  0.0, Diff:  0.0, Sum:  0.0, Workers: 4
[13.126s][debug][gc,phases      ] GC(22)     Dead                           Min: 0, Avg:  0.0, Max: 0, Diff: 0, Sum: 0, Workers: 4
[13.126s][debug][gc,phases      ] GC(22)     Total                          Min: 0, Avg: 136.0, Max: 256, Diff: 256, Sum: 544, Workers: 4
[13.126s][debug][gc,phases      ] GC(22)   ObjectSynchronizer Weak        Min:  0.0, Avg:  0.0, Max:  0.0, Diff:  0.0, Sum:  0.0, Workers: 4
[13.126s][debug][gc,phases      ] GC(22)     Dead                           Min: 0, Avg:  0.0, Max: 0, Diff: 0, Sum: 0, Workers: 4
[13.126s][debug][gc,phases      ] GC(22)     Total                          Min: 0, Avg: 91.2, Max: 128, Diff: 128, Sum: 365, Workers: 4
[13.126s][debug][gc,phases      ] GC(22)   JVMTI Tag Weak OopStorage      Min:  0.0, Avg:  0.0, Max:  0.0, Diff:  0.0, Sum:  0.0, Workers: 4
[13.126s][debug][gc,phases      ] GC(22)     Dead                           Min: 0, Avg:  0.0, Max: 0, Diff: 0, Sum: 0, Workers: 4
[13.126s][debug][gc,phases      ] GC(22)     Total                          Min: 0, Avg:  0.0, Max: 0, Diff: 0, Sum: 0, Workers: 4
[13.126s][debug][gc,phases      ] GC(22)   StringTable Weak               Min:  0.2, Avg:  0.2, Max:  0.3, Diff:  0.0, Sum:  1.0, Workers: 4
[13.126s][debug][gc,phases      ] GC(22)     Dead                           Min: 0, Avg:  2.8, Max: 11, Diff: 11, Sum: 11, Workers: 4
[13.126s][debug][gc,phases      ] GC(22)     Total                          Min: 9397, Avg: 10137.5, Max: 11825, Diff: 2428, Sum: 40550, Workers: 4
[13.126s][debug][gc,phases      ] GC(22)   ResolvedMethodTable Weak       Min:  0.0, Avg:  0.1, Max:  0.1, Diff:  0.0, Sum:  0.2, Workers: 4
[13.126s][debug][gc,phases      ] GC(22)     Dead                           Min: 0, Avg:  0.0, Max: 0, Diff: 0, Sum: 0, Workers: 4
[13.126s][debug][gc,phases      ] GC(22)     Total                          Min: 1024, Avg: 1574.5, Max: 2240, Diff: 1216, Sum: 6298, Workers: 4
[13.126s][debug][gc,phases      ] GC(22)   JNI Weak                       Min:  0.0, Avg:  0.0, Max:  0.0, Diff:  0.0, Sum:  0.0, Workers: 4
[13.126s][debug][gc,phases      ] GC(22)     Dead                           Min: 0, Avg:  0.0, Max: 0, Diff: 0, Sum: 0, Workers: 4
[13.126s][debug][gc,phases      ] GC(22)     Total                          Min: 0, Avg:  1.2, Max: 5, Diff: 5, Sum: 5, Workers: 4
[13.126s][debug][gc,phases      ] GC(22)   StringDedup Table Weak         Min:  0.0, Avg:  0.0, Max:  0.0, Diff:  0.0, Sum:  0.0, Workers: 4
[13.126s][debug][gc,phases      ] GC(22)     Dead                           Min: 0, Avg:  0.0, Max: 0, Diff: 0, Sum: 0, Workers: 4
[13.126s][debug][gc,phases      ] GC(22)     Total                          Min: 0, Avg:  0.0, Max: 0, Diff: 0, Sum: 0, Workers: 4
[13.126s][debug][gc,phases      ] GC(22)   StringDedup Requests0 Weak     Min:  0.0, Avg:  0.0, Max:  0.0, Diff:  0.0, Sum:  0.0, Workers: 4
[13.126s][debug][gc,phases      ] GC(22)     Dead                           Min: 0, Avg:  0.0, Max: 0, Diff: 0, Sum: 0, Workers: 4
[13.126s][debug][gc,phases      ] GC(22)     Total                          Min: 0, Avg:  0.0, Max: 0, Diff: 0, Sum: 0, Workers: 4
[13.126s][debug][gc,phases      ] GC(22)   StringDedup Requests1 Weak     Min:  0.0, Avg:  0.0, Max:  0.0, Diff:  0.0, Sum:  0.0, Workers: 4
[13.126s][debug][gc,phases      ] GC(22)     Dead                           Min: 0, Avg:  0.0, Max: 0, Diff: 0, Sum: 0, Workers: 4
[13.126s][debug][gc,phases      ] GC(22)     Total                          Min: 0, Avg:  0.0, Max: 0, Diff: 0, Sum: 0, Workers: 4
[13.126s][debug][gc,phases      ] GC(22)   Weak JFR Old Object Samples    Min:  0.0, Avg:  0.0, Max:  0.0, Diff:  0.0, Sum:  0.0, Workers: 4
[13.126s][debug][gc,phases      ] GC(22)     Dead                           Min: 0, Avg:  0.0, Max: 0, Diff: 0, Sum: 0, Workers: 4
[13.126s][debug][gc,phases      ] GC(22)     Total                          Min: 0, Avg:  0.0, Max: 0, Diff: 0, Sum: 0, Workers: 4
[13.126s][debug][gc,phases      ] GC(22) Weak Processing 0.506ms
[13.126s][debug][gc,age         ] GC(22) Desired survivor size 298844160 bytes, new threshold 15 (max threshold 15)
[13.126s][info ][gc,heap        ] GC(22) PSYoungGen: 1677158K(1819136K)->26133K(1561600K) Eden: 1534976K(1534976K)->0K(1534976K) From: 142182K(284160K)->26133K(26624K)
[13.126s][info ][gc,heap        ] GC(22) ParOldGen: 62729K(107008K)->181175K(181248K)
[13.126s][info ][gc,metaspace   ] GC(22) Metaspace: 60781K(61504K)->60781K(61504K) NonClass: 51761K(52160K)->51761K(52160K) Class: 9019K(9344K)->9019K(9344K)
[13.126s][info ][gc             ] GC(22) Pause Young (Allocation Failure) 1699M->202M(1702M) 103.667ms
[13.126s][info ][gc,cpu         ] GC(22) User=0.38s Sys=0.03s Real=0.11s
[13.126s][debug][gc,phases      ] GC(23) Pre Compact 0.011ms
[13.126s][info ][gc,start       ] GC(23) Pause Full (Ergonomics)
[13.126s][info ][gc,phases,start] GC(23) Marking Phase
[13.209s][debug][gc,phases      ] GC(23) Par Mark 83.123ms
[13.209s][debug][gc,ref         ] GC(23) Skipped phase 1 of Reference Processing: no references
[13.210s][debug][gc,ref         ] GC(23) ReferenceProcessor::execute queues: 4, RefProcThreadModel::Multi, marks_oops_alive: false
[13.210s][debug][gc,ref         ] GC(23) Skipped phase 3 of Reference Processing: no references
[13.210s][debug][gc,ref         ] GC(23) ReferenceProcessor::execute queues: 1, RefProcThreadModel::Single, marks_oops_alive: false
[13.210s][debug][gc,phases      ] GC(23) Reference Processing 0.421ms
[13.210s][debug][gc,phases      ] GC(23)   VM Weak                        Min:  0.0, Avg:  0.0, Max:  0.0, Diff:  0.0, Sum:  0.0, Workers: 4
[13.210s][debug][gc,phases      ] GC(23)     Dead                           Min: 0, Avg:  0.0, Max: 0, Diff: 0, Sum: 0, Workers: 4
[13.210s][debug][gc,phases      ] GC(23)     Total                          Min: 0, Avg: 136.0, Max: 320, Diff: 320, Sum: 544, Workers: 4
[13.210s][debug][gc,phases      ] GC(23)   ObjectSynchronizer Weak        Min:  0.0, Avg:  0.0, Max:  0.0, Diff:  0.0, Sum:  0.0, Workers: 4
[13.210s][debug][gc,phases      ] GC(23)     Dead                           Min: 0, Avg:  0.0, Max: 0, Diff: 0, Sum: 0, Workers: 4
[13.210s][debug][gc,phases      ] GC(23)     Total                          Min: 0, Avg: 91.2, Max: 128, Diff: 128, Sum: 365, Workers: 4
[13.210s][debug][gc,phases      ] GC(23)   JVMTI Tag Weak OopStorage      Min:  0.0, Avg:  0.0, Max:  0.0, Diff:  0.0, Sum:  0.0, Workers: 4
[13.210s][debug][gc,phases      ] GC(23)     Dead                           Min: 0, Avg:  0.0, Max: 0, Diff: 0, Sum: 0, Workers: 4
[13.210s][debug][gc,phases      ] GC(23)     Total                          Min: 0, Avg:  0.0, Max: 0, Diff: 0, Sum: 0, Workers: 4
[13.210s][debug][gc,phases      ] GC(23)   StringTable Weak               Min:  0.1, Avg:  0.1, Max:  0.1, Diff:  0.0, Sum:  0.6, Workers: 4
[13.210s][debug][gc,phases      ] GC(23)     Dead                           Min: 0, Avg:  0.0, Max: 0, Diff: 0, Sum: 0, Workers: 4
[13.210s][debug][gc,phases      ] GC(23)     Total                          Min: 8817, Avg: 10137.5, Max: 11328, Diff: 2511, Sum: 40550, Workers: 4
[13.210s][debug][gc,phases      ] GC(23)   ResolvedMethodTable Weak       Min:  0.0, Avg:  0.0, Max:  0.0, Diff:  0.0, Sum:  0.1, Workers: 4
[13.210s][debug][gc,phases      ] GC(23)     Dead                           Min: 0, Avg:  0.0, Max: 0, Diff: 0, Sum: 0, Workers: 4
[13.210s][debug][gc,phases      ] GC(23)     Total                          Min: 1472, Avg: 1574.5, Max: 1728, Diff: 256, Sum: 6298, Workers: 4
[13.210s][debug][gc,phases      ] GC(23)   JNI Weak                       Min:  0.0, Avg:  0.0, Max:  0.0, Diff:  0.0, Sum:  0.0, Workers: 4
[13.210s][debug][gc,phases      ] GC(23)     Dead                           Min: 0, Avg:  0.0, Max: 0, Diff: 0, Sum: 0, Workers: 4
[13.210s][debug][gc,phases      ] GC(23)     Total                          Min: 0, Avg:  1.2, Max: 5, Diff: 5, Sum: 5, Workers: 4
[13.210s][debug][gc,phases      ] GC(23)   StringDedup Table Weak         Min:  0.0, Avg:  0.0, Max:  0.0, Diff:  0.0, Sum:  0.0, Workers: 4
[13.210s][debug][gc,phases      ] GC(23)     Dead                           Min: 0, Avg:  0.0, Max: 0, Diff: 0, Sum: 0, Workers: 4
[13.210s][debug][gc,phases      ] GC(23)     Total                          Min: 0, Avg:  0.0, Max: 0, Diff: 0, Sum: 0, Workers: 4
[13.210s][debug][gc,phases      ] GC(23)   StringDedup Requests0 Weak     Min:  0.0, Avg:  0.0, Max:  0.0, Diff:  0.0, Sum:  0.0, Workers: 4
[13.210s][debug][gc,phases      ] GC(23)     Dead                           Min: 0, Avg:  0.0, Max: 0, Diff: 0, Sum: 0, Workers: 4
[13.210s][debug][gc,phases      ] GC(23)     Total                          Min: 0, Avg:  0.0, Max: 0, Diff: 0, Sum: 0, Workers: 4
[13.210s][debug][gc,phases      ] GC(23)   StringDedup Requests1 Weak     Min:  0.0, Avg:  0.0, Max:  0.0, Diff:  0.0, Sum:  0.0, Workers: 4
[13.210s][debug][gc,phases      ] GC(23)     Dead                           Min: 0, Avg:  0.0, Max: 0, Diff: 0, Sum: 0, Workers: 4
[13.210s][debug][gc,phases      ] GC(23)     Total                          Min: 0, Avg:  0.0, Max: 0, Diff: 0, Sum: 0, Workers: 4
[13.210s][debug][gc,phases      ] GC(23)   Weak JFR Old Object Samples    Min:  0.0, Avg:  0.0, Max:  0.0, Diff:  0.0, Sum:  0.0, Workers: 4
[13.210s][debug][gc,phases      ] GC(23)     Dead                           Min: 0, Avg:  0.0, Max: 0, Diff: 0, Sum: 0, Workers: 4
[13.210s][debug][gc,phases      ] GC(23)     Total                          Min: 0, Avg:  0.0, Max: 0, Diff: 0, Sum: 0, Workers: 4
[13.210s][debug][gc,phases      ] GC(23) Weak Processing 0.345ms
[13.210s][debug][gc,phases      ] GC(23) ClassLoaderData 0.074ms
[13.210s][debug][gc,phases      ] GC(23) Trigger cleanups 0.001ms
[13.218s][debug][gc,phases      ] GC(23) Class Unloading 7.506ms
[13.218s][info ][gc,phases      ] GC(23) Marking Phase 91.571ms
[13.218s][info ][gc,phases,start] GC(23) Summary Phase
[13.218s][info ][gc,phases      ] GC(23) Summary Phase 0.011ms
[13.218s][info ][gc,phases,start] GC(23) Adjust Roots
[13.226s][info ][gc,phases      ] GC(23) Adjust Roots 7.908ms
[13.226s][info ][gc,phases,start] GC(23) Compaction Phase
[13.473s][info ][gc,phases      ] GC(23) Compaction Phase 247.313ms
[13.473s][info ][gc,phases,start] GC(23) Post Compact
[13.474s][info ][gc,phases      ] GC(23) Post Compact 0.574ms
[13.474s][info ][gc,heap        ] GC(23) PSYoungGen: 26133K(1561600K)->26034K(1561600K) Eden: 0K(1534976K)->0K(1534976K) From: 26133K(26624K)->26034K(26624K)
[13.474s][info ][gc,heap        ] GC(23) ParOldGen: 181175K(181248K)->180745K(276480K)
[13.474s][info ][gc,metaspace   ] GC(23) Metaspace: 60781K(61504K)->60781K(61504K) NonClass: 51761K(52160K)->51761K(52160K) Class: 9019K(9344K)->9019K(9344K)
[13.474s][info ][gc             ] GC(23) Pause Full (Ergonomics) 202M->201M(1795M) 347.664ms
[13.474s][info ][gc,cpu         ] GC(23) User=1.27s Sys=0.01s Real=0.35s
[13.474s][info ][safepoint      ] Safepoint "ParallelGCFailedAllocation", Time since last: 6090322 ns, Reaching safepoint: 114202 ns, At safepoint: 451502855 ns, Total: 451617057 ns
[13.817s][info ][gc,start       ] GC(24) Pause Young (Allocation Failure)
[13.854s][debug][gc,phases      ] GC(24) Scavenge 37.004ms
[13.854s][debug][gc,ref         ] GC(24) Skipped phase 1 of Reference Processing: no references
[13.854s][debug][gc,ref         ] GC(24) ReferenceProcessor::execute queues: 1, RefProcThreadModel::Single, marks_oops_alive: false
[13.855s][debug][gc,ref         ] GC(24) Skipped phase 3 of Reference Processing: no references
[13.855s][debug][gc,ref         ] GC(24) Skipped phase 4 of Reference Processing: no references
[13.855s][debug][gc,phases      ] GC(24) Reference Processing 0.173ms
[13.855s][debug][gc,phases      ] GC(24)   VM Weak                        Min:  0.0, Avg:  0.0, Max:  0.0, Diff:  0.0, Sum:  0.0, Workers: 4
[13.855s][debug][gc,phases      ] GC(24)     Dead                           Min: 0, Avg:  0.0, Max: 0, Diff: 0, Sum: 0, Workers: 4
[13.855s][debug][gc,phases      ] GC(24)     Total                          Min: 0, Avg: 136.0, Max: 416, Diff: 416, Sum: 544, Workers: 4
[13.855s][debug][gc,phases      ] GC(24)   ObjectSynchronizer Weak        Min:  0.0, Avg:  0.0, Max:  0.0, Diff:  0.0, Sum:  0.0, Workers: 4
[13.855s][debug][gc,phases      ] GC(24)     Dead                           Min: 0, Avg:  0.0, Max: 0, Diff: 0, Sum: 0, Workers: 4
[13.855s][debug][gc,phases      ] GC(24)     Total                          Min: 0, Avg: 91.2, Max: 192, Diff: 192, Sum: 365, Workers: 4
[13.855s][debug][gc,phases      ] GC(24)   JVMTI Tag Weak OopStorage      Min:  0.0, Avg:  0.0, Max:  0.0, Diff:  0.0, Sum:  0.0, Workers: 4
[13.855s][debug][gc,phases      ] GC(24)     Dead                           Min: 0, Avg:  0.0, Max: 0, Diff: 0, Sum: 0, Workers: 4
[13.855s][debug][gc,phases      ] GC(24)     Total                          Min: 0, Avg:  0.0, Max: 0, Diff: 0, Sum: 0, Workers: 4
[13.855s][debug][gc,phases      ] GC(24)   StringTable Weak               Min:  0.1, Avg:  0.1, Max:  0.1, Diff:  0.0, Sum:  0.4, Workers: 4
[13.855s][debug][gc,phases      ] GC(24)     Dead                           Min: 0, Avg:  2.8, Max: 11, Diff: 11, Sum: 11, Workers: 4
[13.855s][debug][gc,phases      ] GC(24)     Total                          Min: 9472, Avg: 10138.2, Max: 11328, Diff: 1856, Sum: 40553, Workers: 4
[13.855s][debug][gc,phases      ] GC(24)   ResolvedMethodTable Weak       Min:  0.0, Avg:  0.0, Max:  0.0, Diff:  0.0, Sum:  0.1, Workers: 4
[13.855s][debug][gc,phases      ] GC(24)     Dead                           Min: 0, Avg:  0.0, Max: 0, Diff: 0, Sum: 0, Workers: 4
[13.855s][debug][gc,phases      ] GC(24)     Total                          Min: 1280, Avg: 1574.5, Max: 1754, Diff: 474, Sum: 6298, Workers: 4
[13.855s][debug][gc,phases      ] GC(24)   JNI Weak                       Min:  0.0, Avg:  0.0, Max:  0.0, Diff:  0.0, Sum:  0.0, Workers: 4
[13.855s][debug][gc,phases      ] GC(24)     Dead                           Min: 0, Avg:  0.0, Max: 0, Diff: 0, Sum: 0, Workers: 4
[13.855s][debug][gc,phases      ] GC(24)     Total                          Min: 0, Avg:  0.5, Max: 2, Diff: 2, Sum: 2, Workers: 4
[13.855s][debug][gc,phases      ] GC(24)   StringDedup Table Weak         Min:  0.0, Avg:  0.0, Max:  0.0, Diff:  0.0, Sum:  0.0, Workers: 4
[13.855s][debug][gc,phases      ] GC(24)     Dead                           Min: 0, Avg:  0.0, Max: 0, Diff: 0, Sum: 0, Workers: 4
[13.855s][debug][gc,phases      ] GC(24)     Total                          Min: 0, Avg:  0.0, Max: 0, Diff: 0, Sum: 0, Workers: 4
[13.855s][debug][gc,phases      ] GC(24)   StringDedup Requests0 Weak     Min:  0.0, Avg:  0.0, Max:  0.0, Diff:  0.0, Sum:  0.0, Workers: 4
[13.855s][debug][gc,phases      ] GC(24)     Dead                           Min: 0, Avg:  0.0, Max: 0, Diff: 0, Sum: 0, Workers: 4
[13.855s][debug][gc,phases      ] GC(24)     Total                          Min: 0, Avg:  0.0, Max: 0, Diff: 0, Sum: 0, Workers: 4
[13.855s][debug][gc,phases      ] GC(24)   StringDedup Requests1 Weak     Min:  0.0, Avg:  0.0, Max:  0.0, Diff:  0.0, Sum:  0.0, Workers: 4
[13.855s][debug][gc,phases      ] GC(24)     Dead                           Min: 0, Avg:  0.0, Max: 0, Diff: 0, Sum: 0, Workers: 4
[13.855s][debug][gc,phases      ] GC(24)     Total                          Min: 0, Avg:  0.0, Max: 0, Diff: 0, Sum: 0, Workers: 4
[13.855s][debug][gc,phases      ] GC(24)   Weak JFR Old Object Samples    Min:  0.0, Avg:  0.0, Max:  0.0, Diff:  0.0, Sum:  0.0, Workers: 4
[13.855s][debug][gc,phases      ] GC(24)     Dead                           Min: 0, Avg:  0.0, Max: 0, Diff: 0, Sum: 0, Workers: 4
[13.855s][debug][gc,phases      ] GC(24)     Total                          Min: 0, Avg:  0.0, Max: 0, Diff: 0, Sum: 0, Workers: 4
[13.855s][debug][gc,phases      ] GC(24) Weak Processing 0.320ms
[13.855s][debug][gc,age         ] GC(24) Desired survivor size 306708480 bytes, new threshold 15 (max threshold 15)
[13.855s][info ][gc,heap        ] GC(24) PSYoungGen: 1561010K(1561600K)->29779K(1789952K) Eden: 1534976K(1534976K)->0K(1498112K) From: 26034K(26624K)->29779K(291840K)
[13.855s][info ][gc,heap        ] GC(24) ParOldGen: 180745K(276480K)->180753K(276480K)
[13.855s][info ][gc,metaspace   ] GC(24) Metaspace: 60785K(61504K)->60785K(61504K) NonClass: 51765K(52160K)->51765K(52160K) Class: 9019K(9344K)->9019K(9344K)
[13.855s][info ][gc             ] GC(24) Pause Young (Allocation Failure) 1700M->205M(2018M) 37.639ms
[13.855s][info ][gc,cpu         ] GC(24) User=0.15s Sys=0.00s Real=0.04s
[13.855s][info ][safepoint      ] Safepoint "ParallelGCFailedAllocation", Time since last: 343245883 ns, Reaching safepoint: 175304 ns, At safepoint: 37745557 ns, Total: 37920861 ns
[14.119s][info ][gc,start       ] GC(25) Pause Young (Allocation Failure)
[14.135s][debug][gc,phases      ] GC(25) Scavenge 15.602ms
[14.135s][debug][gc,ref         ] GC(25) Skipped phase 1 of Reference Processing: no references
[14.135s][debug][gc,ref         ] GC(25) ReferenceProcessor::execute queues: 1, RefProcThreadModel::Single, marks_oops_alive: false
[14.135s][debug][gc,ref         ] GC(25) Skipped phase 3 of Reference Processing: no references
[14.135s][debug][gc,ref         ] GC(25) ReferenceProcessor::execute queues: 1, RefProcThreadModel::Single, marks_oops_alive: false
[14.135s][debug][gc,phases      ] GC(25) Reference Processing 0.179ms
[14.135s][debug][gc,phases      ] GC(25)   VM Weak                        Min:  0.0, Avg:  0.0, Max:  0.0, Diff:  0.0, Sum:  0.0, Workers: 4
[14.135s][debug][gc,phases      ] GC(25)     Dead                           Min: 0, Avg:  0.0, Max: 0, Diff: 0, Sum: 0, Workers: 4
[14.135s][debug][gc,phases      ] GC(25)     Total                          Min: 0, Avg: 137.2, Max: 512, Diff: 512, Sum: 549, Workers: 4
[14.135s][debug][gc,phases      ] GC(25)   ObjectSynchronizer Weak        Min:  0.0, Avg:  0.0, Max:  0.0, Diff:  0.0, Sum:  0.0, Workers: 4
[14.135s][debug][gc,phases      ] GC(25)     Dead                           Min: 0, Avg:  0.0, Max: 0, Diff: 0, Sum: 0, Workers: 4
[14.135s][debug][gc,phases      ] GC(25)     Total                          Min: 0, Avg: 91.2, Max: 237, Diff: 237, Sum: 365, Workers: 4
[14.135s][debug][gc,phases      ] GC(25)   JVMTI Tag Weak OopStorage      Min:  0.0, Avg:  0.0, Max:  0.0, Diff:  0.0, Sum:  0.0, Workers: 4
[14.135s][debug][gc,phases      ] GC(25)     Dead                           Min: 0, Avg:  0.0, Max: 0, Diff: 0, Sum: 0, Workers: 4
[14.135s][debug][gc,phases      ] GC(25)     Total                          Min: 0, Avg:  0.0, Max: 0, Diff: 0, Sum: 0, Workers: 4
[14.135s][debug][gc,phases      ] GC(25)   StringTable Weak               Min:  0.1, Avg:  0.1, Max:  0.1, Diff:  0.0, Sum:  0.4, Workers: 4
[14.135s][debug][gc,phases      ] GC(25)     Dead                           Min: 0, Avg:  4.2, Max: 12, Diff: 12, Sum: 17, Workers: 4
[14.135s][debug][gc,phases      ] GC(25)     Total                          Min: 9434, Avg: 10166.5, Max: 10944, Diff: 1510, Sum: 40666, Workers: 4
[14.135s][debug][gc,phases      ] GC(25)   ResolvedMethodTable Weak       Min:  0.0, Avg:  0.0, Max:  0.0, Diff:  0.0, Sum:  0.1, Workers: 4
[14.135s][debug][gc,phases      ] GC(25)     Dead                           Min: 0, Avg:  6.2, Max: 16, Diff: 16, Sum: 25, Workers: 4
[14.135s][debug][gc,phases      ] GC(25)     Total                          Min: 1471, Avg: 1591.8, Max: 1696, Diff: 225, Sum: 6367, Workers: 4
[14.135s][debug][gc,phases      ] GC(25)   JNI Weak                       Min:  0.0, Avg:  0.0, Max:  0.0, Diff:  0.0, Sum:  0.0, Workers: 4
[14.135s][debug][gc,phases      ] GC(25)     Dead                           Min: 0, Avg:  0.0, Max: 0, Diff: 0, Sum: 0, Workers: 4
[14.135s][debug][gc,phases      ] GC(25)     Total                          Min: 0, Avg:  0.0, Max: 0, Diff: 0, Sum: 0, Workers: 4
[14.135s][debug][gc,phases      ] GC(25)   StringDedup Table Weak         Min:  0.0, Avg:  0.0, Max:  0.0, Diff:  0.0, Sum:  0.0, Workers: 4
[14.135s][debug][gc,phases      ] GC(25)     Dead                           Min: 0, Avg:  0.0, Max: 0, Diff: 0, Sum: 0, Workers: 4
[14.135s][debug][gc,phases      ] GC(25)     Total                          Min: 0, Avg:  0.0, Max: 0, Diff: 0, Sum: 0, Workers: 4
[14.135s][debug][gc,phases      ] GC(25)   StringDedup Requests0 Weak     Min:  0.0, Avg:  0.0, Max:  0.0, Diff:  0.0, Sum:  0.0, Workers: 4
[14.135s][debug][gc,phases      ] GC(25)     Dead                           Min: 0, Avg:  0.0, Max: 0, Diff: 0, Sum: 0, Workers: 4
[14.135s][debug][gc,phases      ] GC(25)     Total                          Min: 0, Avg:  0.0, Max: 0, Diff: 0, Sum: 0, Workers: 4
[14.135s][debug][gc,phases      ] GC(25)   StringDedup Requests1 Weak     Min:  0.0, Avg:  0.0, Max:  0.0, Diff:  0.0, Sum:  0.0, Workers: 4
[14.135s][debug][gc,phases      ] GC(25)     Dead                           Min: 0, Avg:  0.0, Max: 0, Diff: 0, Sum: 0, Workers: 4
[14.135s][debug][gc,phases      ] GC(25)     Total                          Min: 0, Avg:  0.0, Max: 0, Diff: 0, Sum: 0, Workers: 4
[14.135s][debug][gc,phases      ] GC(25)   Weak JFR Old Object Samples    Min:  0.0, Avg:  0.0, Max:  0.0, Diff:  0.0, Sum:  0.0, Workers: 4
[14.135s][debug][gc,phases      ] GC(25)     Dead                           Min: 0, Avg:  0.0, Max: 0, Diff: 0, Sum: 0, Workers: 4
[14.135s][debug][gc,phases      ] GC(25)     Total                          Min: 0, Avg:  0.0, Max: 0, Diff: 0, Sum: 0, Workers: 4
[14.136s][debug][gc,phases      ] GC(25) Weak Processing 0.338ms
[14.136s][debug][gc,age         ] GC(25) Desired survivor size 310378496 bytes, new threshold 15 (max threshold 15)
[14.136s][info ][gc,heap        ] GC(25) PSYoungGen: 1527891K(1789952K)->27875K(1526272K) Eden: 1498112K(1498112K)->0K(1498112K) From: 29779K(291840K)->27875K(28160K)
[14.136s][info ][gc,heap        ] GC(25) ParOldGen: 180753K(276480K)->183197K(276480K)
[14.136s][info ][gc,metaspace   ] GC(25) Metaspace: 61322K(62016K)->61322K(62016K) NonClass: 52238K(52608K)->52238K(52608K) Class: 9084K(9408K)->9084K(9408K)
[14.136s][info ][gc             ] GC(25) Pause Young (Allocation Failure) 1668M->206M(1760M) 16.252ms
[14.136s][info ][gc,cpu         ] GC(25) User=0.07s Sys=0.00s Real=0.02s
[14.136s][info ][safepoint      ] Safepoint "ParallelGCFailedAllocation", Time since last: 263768889 ns, Reaching safepoint: 465209 ns, At safepoint: 16362129 ns, Total: 16827338 ns
[14.501s][info ][gc,start       ] GC(26) Pause Young (Allocation Failure)
[14.517s][debug][gc,phases      ] GC(26) Scavenge 16.760ms
[14.517s][debug][gc,ref         ] GC(26) Skipped phase 1 of Reference Processing: no references
[14.517s][debug][gc,ref         ] GC(26) ReferenceProcessor::execute queues: 2, RefProcThreadModel::Multi, marks_oops_alive: false
[14.518s][debug][gc,ref         ] GC(26) Skipped phase 3 of Reference Processing: no references
[14.518s][debug][gc,ref         ] GC(26) ReferenceProcessor::execute queues: 1, RefProcThreadModel::Single, marks_oops_alive: false
[14.518s][debug][gc,phases      ] GC(26) Reference Processing 0.216ms
[14.518s][debug][gc,phases      ] GC(26)   VM Weak                        Min:  0.0, Avg:  0.0, Max:  0.0, Diff:  0.0, Sum:  0.0, Workers: 4
[14.518s][debug][gc,phases      ] GC(26)     Dead                           Min: 0, Avg:  0.0, Max: 0, Diff: 0, Sum: 0, Workers: 4
[14.518s][debug][gc,phases      ] GC(26)     Total                          Min: 0, Avg: 137.2, Max: 485, Diff: 485, Sum: 549, Workers: 4
[14.518s][debug][gc,phases      ] GC(26)   ObjectSynchronizer Weak        Min:  0.0, Avg:  0.0, Max:  0.0, Diff:  0.0, Sum:  0.0, Workers: 4
[14.518s][debug][gc,phases      ] GC(26)     Dead                           Min: 0, Avg:  0.0, Max: 0, Diff: 0, Sum: 0, Workers: 4
[14.518s][debug][gc,phases      ] GC(26)     Total                          Min: 0, Avg: 91.5, Max: 192, Diff: 192, Sum: 366, Workers: 4
[14.518s][debug][gc,phases      ] GC(26)   JVMTI Tag Weak OopStorage      Min:  0.0, Avg:  0.0, Max:  0.0, Diff:  0.0, Sum:  0.0, Workers: 4
[14.518s][debug][gc,phases      ] GC(26)     Dead                           Min: 0, Avg:  0.0, Max: 0, Diff: 0, Sum: 0, Workers: 4
[14.518s][debug][gc,phases      ] GC(26)     Total                          Min: 0, Avg:  0.0, Max: 0, Diff: 0, Sum: 0, Workers: 4
[14.518s][debug][gc,phases      ] GC(26)   StringTable Weak               Min:  0.1, Avg:  0.1, Max:  0.1, Diff:  0.0, Sum:  0.5, Workers: 4
[14.518s][debug][gc,phases      ] GC(26)     Dead                           Min: 0, Avg:  3.0, Max: 11, Diff: 11, Sum: 12, Workers: 4
[14.518s][debug][gc,phases      ] GC(26)     Total                          Min: 9728, Avg: 10439.8, Max: 11359, Diff: 1631, Sum: 41759, Workers: 4
[14.518s][debug][gc,phases      ] GC(26)   ResolvedMethodTable Weak       Min:  0.0, Avg:  0.0, Max:  0.0, Diff:  0.0, Sum:  0.1, Workers: 4
[14.518s][debug][gc,phases      ] GC(26)     Dead                           Min: 0, Avg: 25.0, Max: 68, Diff: 68, Sum: 100, Workers: 4
[14.518s][debug][gc,phases      ] GC(26)     Total                          Min: 1470, Avg: 1615.0, Max: 1727, Diff: 257, Sum: 6460, Workers: 4
[14.518s][debug][gc,phases      ] GC(26)   JNI Weak                       Min:  0.0, Avg:  0.0, Max:  0.0, Diff:  0.0, Sum:  0.0, Workers: 4
[14.518s][debug][gc,phases      ] GC(26)     Dead                           Min: 0, Avg:  0.0, Max: 0, Diff: 0, Sum: 0, Workers: 4
[14.518s][debug][gc,phases      ] GC(26)     Total                          Min: 0, Avg:  0.0, Max: 0, Diff: 0, Sum: 0, Workers: 4
[14.518s][debug][gc,phases      ] GC(26)   StringDedup Table Weak         Min:  0.0, Avg:  0.0, Max:  0.0, Diff:  0.0, Sum:  0.0, Workers: 4
[14.518s][debug][gc,phases      ] GC(26)     Dead                           Min: 0, Avg:  0.0, Max: 0, Diff: 0, Sum: 0, Workers: 4
[14.518s][debug][gc,phases      ] GC(26)     Total                          Min: 0, Avg:  0.0, Max: 0, Diff: 0, Sum: 0, Workers: 4
[14.518s][debug][gc,phases      ] GC(26)   StringDedup Requests0 Weak     Min:  0.0, Avg:  0.0, Max:  0.0, Diff:  0.0, Sum:  0.0, Workers: 4
[14.518s][debug][gc,phases      ] GC(26)     Dead                           Min: 0, Avg:  0.0, Max: 0, Diff: 0, Sum: 0, Workers: 4
[14.518s][debug][gc,phases      ] GC(26)     Total                          Min: 0, Avg:  0.0, Max: 0, Diff: 0, Sum: 0, Workers: 4
[14.518s][debug][gc,phases      ] GC(26)   StringDedup Requests1 Weak     Min:  0.0, Avg:  0.0, Max:  0.0, Diff:  0.0, Sum:  0.0, Workers: 4
[14.518s][debug][gc,phases      ] GC(26)     Dead                           Min: 0, Avg:  0.0, Max: 0, Diff: 0, Sum: 0, Workers: 4
[14.518s][debug][gc,phases      ] GC(26)     Total                          Min: 0, Avg:  0.0, Max: 0, Diff: 0, Sum: 0, Workers: 4
[14.518s][debug][gc,phases      ] GC(26)   Weak JFR Old Object Samples    Min:  0.0, Avg:  0.0, Max:  0.0, Diff:  0.0, Sum:  0.0, Workers: 4
[14.518s][debug][gc,phases      ] GC(26)     Dead                           Min: 0, Avg:  0.0, Max: 0, Diff: 0, Sum: 0, Workers: 4
[14.518s][debug][gc,phases      ] GC(26)     Total                          Min: 0, Avg:  0.0, Max: 0, Diff: 0, Sum: 0, Workers: 4
[14.518s][debug][gc,phases      ] GC(26) Weak Processing 0.432ms
[14.518s][debug][gc,age         ] GC(26) Desired survivor size 311427072 bytes, new threshold 15 (max threshold 15)
[14.518s][info ][gc,heap        ] GC(26) PSYoungGen: 1525987K(1526272K)->25354K(1792000K) Eden: 1498112K(1498112K)->0K(1488896K) From: 27875K(28160K)->25354K(303104K)
[14.518s][info ][gc,heap        ] GC(26) ParOldGen: 183197K(276480K)->187218K(276480K)
[14.518s][info ][gc,metaspace   ] GC(26) Metaspace: 64199K(64896K)->64199K(64896K) NonClass: 54757K(55168K)->54757K(55168K) Class: 9442K(9728K)->9442K(9728K)
[14.518s][info ][gc             ] GC(26) Pause Young (Allocation Failure) 1669M->207M(2020M) 17.579ms
[14.518s][info ][gc,cpu         ] GC(26) User=0.04s Sys=0.04s Real=0.02s
[14.518s][info ][safepoint      ] Safepoint "ParallelGCFailedAllocation", Time since last: 364759314 ns, Reaching safepoint: 103902 ns, At safepoint: 17693255 ns, Total: 17797157 ns
[14.802s][info ][gc,start       ] GC(27) Pause Young (Allocation Failure)
[14.816s][debug][gc,phases      ] GC(27) Scavenge 13.731ms
[14.816s][debug][gc,ref         ] GC(27) Skipped phase 1 of Reference Processing: no references
[14.816s][debug][gc,ref         ] GC(27) ReferenceProcessor::execute queues: 1, RefProcThreadModel::Single, marks_oops_alive: false
[14.816s][debug][gc,ref         ] GC(27) Skipped phase 3 of Reference Processing: no references
[14.816s][debug][gc,ref         ] GC(27) ReferenceProcessor::execute queues: 1, RefProcThreadModel::Single, marks_oops_alive: false
[14.816s][debug][gc,phases      ] GC(27) Reference Processing 0.204ms
[14.817s][debug][gc,phases      ] GC(27)   VM Weak                        Min:  0.0, Avg:  0.0, Max:  0.0, Diff:  0.0, Sum:  0.0, Workers: 4
[14.817s][debug][gc,phases      ] GC(27)     Dead                           Min: 0, Avg:  0.0, Max: 0, Diff: 0, Sum: 0, Workers: 4
[14.817s][debug][gc,phases      ] GC(27)     Total                          Min: 0, Avg: 139.5, Max: 494, Diff: 494, Sum: 558, Workers: 4
[14.817s][debug][gc,phases      ] GC(27)   ObjectSynchronizer Weak        Min:  0.0, Avg:  0.0, Max:  0.0, Diff:  0.0, Sum:  0.0, Workers: 4
[14.817s][debug][gc,phases      ] GC(27)     Dead                           Min: 0, Avg:  0.0, Max: 0, Diff: 0, Sum: 0, Workers: 4
[14.817s][debug][gc,phases      ] GC(27)     Total                          Min: 0, Avg: 91.5, Max: 256, Diff: 256, Sum: 366, Workers: 4
[14.817s][debug][gc,phases      ] GC(27)   JVMTI Tag Weak OopStorage      Min:  0.0, Avg:  0.0, Max:  0.0, Diff:  0.0, Sum:  0.0, Workers: 4
[14.817s][debug][gc,phases      ] GC(27)     Dead                           Min: 0, Avg:  0.0, Max: 0, Diff: 0, Sum: 0, Workers: 4
[14.817s][debug][gc,phases      ] GC(27)     Total                          Min: 0, Avg:  0.0, Max: 0, Diff: 0, Sum: 0, Workers: 4
[14.817s][debug][gc,phases      ] GC(27)   StringTable Weak               Min:  0.1, Avg:  0.1, Max:  0.1, Diff:  0.0, Sum:  0.6, Workers: 4
[14.817s][debug][gc,phases      ] GC(27)     Dead                           Min: 0, Avg:  0.5, Max: 1, Diff: 1, Sum: 2, Workers: 4
[14.817s][debug][gc,phases      ] GC(27)     Total                          Min: 9984, Avg: 10502.0, Max: 11200, Diff: 1216, Sum: 42008, Workers: 4
[14.817s][debug][gc,phases      ] GC(27)   ResolvedMethodTable Weak       Min:  0.0, Avg:  0.0, Max:  0.0, Diff:  0.0, Sum:  0.1, Workers: 4
[14.817s][debug][gc,phases      ] GC(27)     Dead                           Min: 3, Avg: 10.0, Max: 19, Diff: 16, Sum: 40, Workers: 4
[14.817s][debug][gc,phases      ] GC(27)     Total                          Min: 1536, Avg: 1641.2, Max: 1727, Diff: 191, Sum: 6565, Workers: 4
[14.817s][debug][gc,phases      ] GC(27)   JNI Weak                       Min:  0.0, Avg:  0.0, Max:  0.0, Diff:  0.0, Sum:  0.0, Workers: 4
[14.817s][debug][gc,phases      ] GC(27)     Dead                           Min: 0, Avg:  0.0, Max: 0, Diff: 0, Sum: 0, Workers: 4
[14.817s][debug][gc,phases      ] GC(27)     Total                          Min: 0, Avg:  4.8, Max: 19, Diff: 19, Sum: 19, Workers: 4
[14.817s][debug][gc,phases      ] GC(27)   StringDedup Table Weak         Min:  0.0, Avg:  0.0, Max:  0.0, Diff:  0.0, Sum:  0.0, Workers: 4
[14.817s][debug][gc,phases      ] GC(27)     Dead                           Min: 0, Avg:  0.0, Max: 0, Diff: 0, Sum: 0, Workers: 4
[14.817s][debug][gc,phases      ] GC(27)     Total                          Min: 0, Avg:  0.0, Max: 0, Diff: 0, Sum: 0, Workers: 4
[14.817s][debug][gc,phases      ] GC(27)   StringDedup Requests0 Weak     Min:  0.0, Avg:  0.0, Max:  0.0, Diff:  0.0, Sum:  0.0, Workers: 4
[14.817s][debug][gc,phases      ] GC(27)     Dead                           Min: 0, Avg:  0.0, Max: 0, Diff: 0, Sum: 0, Workers: 4
[14.817s][debug][gc,phases      ] GC(27)     Total                          Min: 0, Avg:  0.0, Max: 0, Diff: 0, Sum: 0, Workers: 4
[14.817s][debug][gc,phases      ] GC(27)   StringDedup Requests1 Weak     Min:  0.0, Avg:  0.0, Max:  0.0, Diff:  0.0, Sum:  0.0, Workers: 4
[14.817s][debug][gc,phases      ] GC(27)     Dead                           Min: 0, Avg:  0.0, Max: 0, Diff: 0, Sum: 0, Workers: 4
[14.817s][debug][gc,phases      ] GC(27)     Total                          Min: 0, Avg:  0.0, Max: 0, Diff: 0, Sum: 0, Workers: 4
[14.817s][debug][gc,phases      ] GC(27)   Weak JFR Old Object Samples    Min:  0.0, Avg:  0.0, Max:  0.0, Diff:  0.0, Sum:  0.0, Workers: 4
[14.817s][debug][gc,phases      ] GC(27)     Dead                           Min: 0, Avg:  0.0, Max: 0, Diff: 0, Sum: 0, Workers: 4
[14.817s][debug][gc,phases      ] GC(27)     Total                          Min: 0, Avg:  0.0, Max: 0, Diff: 0, Sum: 0, Workers: 4
[14.817s][debug][gc,phases      ] GC(27) Weak Processing 0.393ms
[14.817s][debug][gc,age         ] GC(27) Desired survivor size 309329920 bytes, new threshold 15 (max threshold 15)
[14.817s][info ][gc,heap        ] GC(27) PSYoungGen: 1514250K(1792000K)->24310K(1793024K) Eden: 1488896K(1488896K)->0K(1488896K) From: 25354K(303104K)->24310K(304128K)
[14.817s][info ][gc,heap        ] GC(27) ParOldGen: 187218K(276480K)->189466K(276480K)
[14.817s][info ][gc,metaspace   ] GC(27) Metaspace: 65716K(66496K)->65716K(66496K) NonClass: 56098K(56512K)->56098K(56512K) Class: 9617K(9984K)->9617K(9984K)
[14.817s][info ][gc             ] GC(27) Pause Young (Allocation Failure) 1661M->208M(2021M) 14.476ms
[14.817s][info ][gc,cpu         ] GC(27) User=0.06s Sys=0.01s Real=0.02s
[14.817s][info ][safepoint      ] Safepoint "ParallelGCFailedAllocation", Time since last: 284045796 ns, Reaching safepoint: 168304 ns, At safepoint: 14585692 ns, Total: 14753996 ns
[15.144s][info ][gc,start       ] GC(28) Pause Young (Allocation Failure)
[15.170s][debug][gc,phases      ] GC(28) Scavenge 26.229ms
[15.170s][debug][gc,ref         ] GC(28) Skipped phase 1 of Reference Processing: no references
[15.170s][debug][gc,ref         ] GC(28) ReferenceProcessor::execute queues: 1, RefProcThreadModel::Single, marks_oops_alive: false
[15.170s][debug][gc,ref         ] GC(28) Skipped phase 3 of Reference Processing: no references
[15.170s][debug][gc,ref         ] GC(28) ReferenceProcessor::execute queues: 1, RefProcThreadModel::Single, marks_oops_alive: false
[15.170s][debug][gc,phases      ] GC(28) Reference Processing 0.202ms
[15.170s][debug][gc,phases      ] GC(28)   VM Weak                        Min:  0.0, Avg:  0.0, Max:  0.0, Diff:  0.0, Sum:  0.0, Workers: 4
[15.170s][debug][gc,phases      ] GC(28)     Dead                           Min: 0, Avg:  0.0, Max: 0, Diff: 0, Sum: 0, Workers: 4
[15.170s][debug][gc,phases      ] GC(28)     Total                          Min: 0, Avg: 142.8, Max: 384, Diff: 384, Sum: 571, Workers: 4
[15.170s][debug][gc,phases      ] GC(28)   ObjectSynchronizer Weak        Min:  0.0, Avg:  0.0, Max:  0.0, Diff:  0.0, Sum:  0.0, Workers: 4
[15.170s][debug][gc,phases      ] GC(28)     Dead                           Min: 0, Avg:  0.0, Max: 0, Diff: 0, Sum: 0, Workers: 4
[15.170s][debug][gc,phases      ] GC(28)     Total                          Min: 0, Avg: 91.5, Max: 192, Diff: 192, Sum: 366, Workers: 4
[15.170s][debug][gc,phases      ] GC(28)   JVMTI Tag Weak OopStorage      Min:  0.0, Avg:  0.0, Max:  0.0, Diff:  0.0, Sum:  0.0, Workers: 4
[15.170s][debug][gc,phases      ] GC(28)     Dead                           Min: 0, Avg:  0.0, Max: 0, Diff: 0, Sum: 0, Workers: 4
[15.170s][debug][gc,phases      ] GC(28)     Total                          Min: 0, Avg:  0.0, Max: 0, Diff: 0, Sum: 0, Workers: 4
[15.171s][debug][gc,phases      ] GC(28)   StringTable Weak               Min:  0.1, Avg:  0.1, Max:  0.1, Diff:  0.0, Sum:  0.5, Workers: 4
[15.171s][debug][gc,phases      ] GC(28)     Dead                           Min: 0, Avg:  3.5, Max: 13, Diff: 13, Sum: 14, Workers: 4
[15.171s][debug][gc,phases      ] GC(28)     Total                          Min: 9728, Avg: 10537.8, Max: 11367, Diff: 1639, Sum: 42151, Workers: 4
[15.171s][debug][gc,phases      ] GC(28)   ResolvedMethodTable Weak       Min:  0.0, Avg:  0.0, Max:  0.0, Diff:  0.0, Sum:  0.1, Workers: 4
[15.171s][debug][gc,phases      ] GC(28)     Dead                           Min: 0, Avg:  4.0, Max: 15, Diff: 15, Sum: 16, Workers: 4
[15.171s][debug][gc,phases      ] GC(28)     Total                          Min: 1536, Avg: 1661.5, Max: 1792, Diff: 256, Sum: 6646, Workers: 4
[15.171s][debug][gc,phases      ] GC(28)   JNI Weak                       Min:  0.0, Avg:  0.0, Max:  0.0, Diff:  0.0, Sum:  0.0, Workers: 4
[15.171s][debug][gc,phases      ] GC(28)     Dead                           Min: 0, Avg:  0.0, Max: 0, Diff: 0, Sum: 0, Workers: 4
[15.171s][debug][gc,phases      ] GC(28)     Total                          Min: 0, Avg:  1.0, Max: 4, Diff: 4, Sum: 4, Workers: 4
[15.171s][debug][gc,phases      ] GC(28)   StringDedup Table Weak         Min:  0.0, Avg:  0.0, Max:  0.0, Diff:  0.0, Sum:  0.0, Workers: 4
[15.171s][debug][gc,phases      ] GC(28)     Dead                           Min: 0, Avg:  0.0, Max: 0, Diff: 0, Sum: 0, Workers: 4
[15.171s][debug][gc,phases      ] GC(28)     Total                          Min: 0, Avg:  0.0, Max: 0, Diff: 0, Sum: 0, Workers: 4
[15.171s][debug][gc,phases      ] GC(28)   StringDedup Requests0 Weak     Min:  0.0, Avg:  0.0, Max:  0.0, Diff:  0.0, Sum:  0.0, Workers: 4
[15.171s][debug][gc,phases      ] GC(28)     Dead                           Min: 0, Avg:  0.0, Max: 0, Diff: 0, Sum: 0, Workers: 4
[15.171s][debug][gc,phases      ] GC(28)     Total                          Min: 0, Avg:  0.0, Max: 0, Diff: 0, Sum: 0, Workers: 4
[15.171s][debug][gc,phases      ] GC(28)   StringDedup Requests1 Weak     Min:  0.0, Avg:  0.0, Max:  0.0, Diff:  0.0, Sum:  0.0, Workers: 4
[15.171s][debug][gc,phases      ] GC(28)     Dead                           Min: 0, Avg:  0.0, Max: 0, Diff: 0, Sum: 0, Workers: 4
[15.171s][debug][gc,phases      ] GC(28)     Total                          Min: 0, Avg:  0.0, Max: 0, Diff: 0, Sum: 0, Workers: 4
[15.171s][debug][gc,phases      ] GC(28)   Weak JFR Old Object Samples    Min:  0.0, Avg:  0.0, Max:  0.0, Diff:  0.0, Sum:  0.0, Workers: 4
[15.171s][debug][gc,phases      ] GC(28)     Dead                           Min: 0, Avg:  0.0, Max: 0, Diff: 0, Sum: 0, Workers: 4
[15.171s][debug][gc,phases      ] GC(28)     Total                          Min: 0, Avg:  0.0, Max: 0, Diff: 0, Sum: 0, Workers: 4
[15.171s][debug][gc,phases      ] GC(28) Weak Processing 0.344ms
[15.171s][debug][gc,age         ] GC(28) Desired survivor size 300941312 bytes, new threshold 15 (max threshold 15)
[15.171s][info ][gc,heap        ] GC(28) PSYoungGen: 1513206K(1793024K)->45466K(1803264K) Eden: 1488896K(1488896K)->0K(1501184K) From: 24310K(304128K)->45466K(302080K)
[15.171s][info ][gc,heap        ] GC(28) ParOldGen: 189466K(276480K)->190674K(276480K)
[15.171s][info ][gc,metaspace   ] GC(28) Metaspace: 66118K(66880K)->66118K(66880K) NonClass: 56443K(56832K)->56443K(56832K) Class: 9674K(10048K)->9674K(10048K)
[15.171s][info ][gc             ] GC(28) Pause Young (Allocation Failure) 1662M->230M(2031M) 26.904ms
[15.171s][info ][gc,cpu         ] GC(28) User=0.09s Sys=0.01s Real=0.03s
[15.171s][info ][safepoint      ] Safepoint "ParallelGCFailedAllocation", Time since last: 326587649 ns, Reaching safepoint: 143703 ns, At safepoint: 27012742 ns, Total: 27156445 ns
[15.553s][info ][gc,start       ] GC(29) Pause Young (Allocation Failure)
[15.609s][debug][gc,phases      ] GC(29) Scavenge 55.974ms
[15.609s][debug][gc,ref         ] GC(29) Skipped phase 1 of Reference Processing: no references
[15.609s][debug][gc,ref         ] GC(29) ReferenceProcessor::execute queues: 1, RefProcThreadModel::Single, marks_oops_alive: false
[15.609s][debug][gc,ref         ] GC(29) Skipped phase 3 of Reference Processing: no references
[15.609s][debug][gc,ref         ] GC(29) ReferenceProcessor::execute queues: 1, RefProcThreadModel::Single, marks_oops_alive: false
[15.609s][debug][gc,phases      ] GC(29) Reference Processing 0.182ms
[15.609s][debug][gc,phases      ] GC(29)   VM Weak                        Min:  0.0, Avg:  0.0, Max:  0.0, Diff:  0.0, Sum:  0.0, Workers: 4
[15.609s][debug][gc,phases      ] GC(29)     Dead                           Min: 0, Avg:  0.0, Max: 0, Diff: 0, Sum: 0, Workers: 4
[15.609s][debug][gc,phases      ] GC(29)     Total                          Min: 0, Avg: 142.8, Max: 507, Diff: 507, Sum: 571, Workers: 4
[15.609s][debug][gc,phases      ] GC(29)   ObjectSynchronizer Weak        Min:  0.0, Avg:  0.0, Max:  0.0, Diff:  0.0, Sum:  0.0, Workers: 4
[15.609s][debug][gc,phases      ] GC(29)     Dead                           Min: 0, Avg:  0.0, Max: 0, Diff: 0, Sum: 0, Workers: 4
[15.609s][debug][gc,phases      ] GC(29)     Total                          Min: 0, Avg: 91.5, Max: 192, Diff: 192, Sum: 366, Workers: 4
[15.609s][debug][gc,phases      ] GC(29)   JVMTI Tag Weak OopStorage      Min:  0.0, Avg:  0.0, Max:  0.0, Diff:  0.0, Sum:  0.0, Workers: 4
[15.609s][debug][gc,phases      ] GC(29)     Dead                           Min: 0, Avg:  0.0, Max: 0, Diff: 0, Sum: 0, Workers: 4
[15.609s][debug][gc,phases      ] GC(29)     Total                          Min: 0, Avg:  0.0, Max: 0, Diff: 0, Sum: 0, Workers: 4
[15.609s][debug][gc,phases      ] GC(29)   StringTable Weak               Min:  0.1, Avg:  0.1, Max:  0.1, Diff:  0.0, Sum:  0.5, Workers: 4
[15.609s][debug][gc,phases      ] GC(29)     Dead                           Min: 0, Avg:  2.8, Max: 11, Diff: 11, Sum: 11, Workers: 4
[15.609s][debug][gc,phases      ] GC(29)     Total                          Min: 9664, Avg: 10541.2, Max: 11254, Diff: 1590, Sum: 42165, Workers: 4
[15.609s][debug][gc,phases      ] GC(29)   ResolvedMethodTable Weak       Min:  0.0, Avg:  0.0, Max:  0.0, Diff:  0.0, Sum:  0.1, Workers: 4
[15.609s][debug][gc,phases      ] GC(29)     Dead                           Min: 0, Avg:  0.0, Max: 0, Diff: 0, Sum: 0, Workers: 4
[15.609s][debug][gc,phases      ] GC(29)     Total                          Min: 1472, Avg: 1664.0, Max: 1856, Diff: 384, Sum: 6656, Workers: 4
[15.609s][debug][gc,phases      ] GC(29)   JNI Weak                       Min:  0.0, Avg:  0.0, Max:  0.0, Diff:  0.0, Sum:  0.0, Workers: 4
[15.609s][debug][gc,phases      ] GC(29)     Dead                           Min: 0, Avg:  0.0, Max: 0, Diff: 0, Sum: 0, Workers: 4
[15.609s][debug][gc,phases      ] GC(29)     Total                          Min: 0, Avg:  3.8, Max: 15, Diff: 15, Sum: 15, Workers: 4
[15.609s][debug][gc,phases      ] GC(29)   StringDedup Table Weak         Min:  0.0, Avg:  0.0, Max:  0.0, Diff:  0.0, Sum:  0.0, Workers: 4
[15.609s][debug][gc,phases      ] GC(29)     Dead                           Min: 0, Avg:  0.0, Max: 0, Diff: 0, Sum: 0, Workers: 4
[15.609s][debug][gc,phases      ] GC(29)     Total                          Min: 0, Avg:  0.0, Max: 0, Diff: 0, Sum: 0, Workers: 4
[15.609s][debug][gc,phases      ] GC(29)   StringDedup Requests0 Weak     Min:  0.0, Avg:  0.0, Max:  0.0, Diff:  0.0, Sum:  0.0, Workers: 4
[15.609s][debug][gc,phases      ] GC(29)     Dead                           Min: 0, Avg:  0.0, Max: 0, Diff: 0, Sum: 0, Workers: 4
[15.609s][debug][gc,phases      ] GC(29)     Total                          Min: 0, Avg:  0.0, Max: 0, Diff: 0, Sum: 0, Workers: 4
[15.609s][debug][gc,phases      ] GC(29)   StringDedup Requests1 Weak     Min:  0.0, Avg:  0.0, Max:  0.0, Diff:  0.0, Sum:  0.0, Workers: 4
[15.609s][debug][gc,phases      ] GC(29)     Dead                           Min: 0, Avg:  0.0, Max: 0, Diff: 0, Sum: 0, Workers: 4
[15.609s][debug][gc,phases      ] GC(29)     Total                          Min: 0, Avg:  0.0, Max: 0, Diff: 0, Sum: 0, Workers: 4
[15.609s][debug][gc,phases      ] GC(29)   Weak JFR Old Object Samples    Min:  0.0, Avg:  0.0, Max:  0.0, Diff:  0.0, Sum:  0.0, Workers: 4
[15.609s][debug][gc,phases      ] GC(29)     Dead                           Min: 0, Avg:  0.0, Max: 0, Diff: 0, Sum: 0, Workers: 4
[15.609s][debug][gc,phases      ] GC(29)     Total                          Min: 0, Avg:  0.0, Max: 0, Diff: 0, Sum: 0, Workers: 4
[15.609s][debug][gc,phases      ] GC(29) Weak Processing 0.342ms
[15.609s][debug][gc,age         ] GC(29) Desired survivor size 284688384 bytes, new threshold 15 (max threshold 15)
[15.609s][info ][gc,heap        ] GC(29) PSYoungGen: 1546650K(1803264K)->88390K(1795072K) Eden: 1501184K(1501184K)->0K(1501184K) From: 45466K(302080K)->88390K(293888K)
[15.609s][info ][gc,heap        ] GC(29) ParOldGen: 190674K(276480K)->192694K(276480K)
[15.609s][info ][gc,metaspace   ] GC(29) Metaspace: 66136K(66944K)->66136K(66944K) NonClass: 56457K(56896K)->56457K(56896K) Class: 9678K(10048K)->9678K(10048K)
[15.609s][info ][gc             ] GC(29) Pause Young (Allocation Failure) 1696M->274M(2023M) 56.641ms
[15.609s][info ][gc,cpu         ] GC(29) User=0.23s Sys=0.00s Real=0.05s
[15.610s][info ][safepoint      ] Safepoint "ParallelGCFailedAllocation", Time since last: 381922959 ns, Reaching safepoint: 147303 ns, At safepoint: 56765338 ns, Total: 56912641 ns
[15.946s][info ][gc,start       ] GC(30) Pause Young (Allocation Failure)
[16.008s][debug][gc,phases      ] GC(30) Scavenge 61.638ms
[16.008s][debug][gc,ref         ] GC(30) Skipped phase 1 of Reference Processing: no references
[16.008s][debug][gc,ref         ] GC(30) ReferenceProcessor::execute queues: 1, RefProcThreadModel::Single, marks_oops_alive: false
[16.008s][debug][gc,ref         ] GC(30) Skipped phase 3 of Reference Processing: no references
[16.008s][debug][gc,ref         ] GC(30) ReferenceProcessor::execute queues: 1, RefProcThreadModel::Single, marks_oops_alive: false
[16.008s][debug][gc,phases      ] GC(30) Reference Processing 0.189ms
[16.008s][debug][gc,phases      ] GC(30)   VM Weak                        Min:  0.0, Avg:  0.0, Max:  0.0, Diff:  0.0, Sum:  0.0, Workers: 4
[16.008s][debug][gc,phases      ] GC(30)     Dead                           Min: 0, Avg:  0.0, Max: 0, Diff: 0, Sum: 0, Workers: 4
[16.008s][debug][gc,phases      ] GC(30)     Total                          Min: 0, Avg: 142.8, Max: 571, Diff: 571, Sum: 571, Workers: 4
[16.008s][debug][gc,phases      ] GC(30)   ObjectSynchronizer Weak        Min:  0.0, Avg:  0.0, Max:  0.0, Diff:  0.0, Sum:  0.0, Workers: 4
[16.008s][debug][gc,phases      ] GC(30)     Dead                           Min: 0, Avg:  0.0, Max: 0, Diff: 0, Sum: 0, Workers: 4
[16.008s][debug][gc,phases      ] GC(30)     Total                          Min: 0, Avg: 91.5, Max: 174, Diff: 174, Sum: 366, Workers: 4
[16.008s][debug][gc,phases      ] GC(30)   JVMTI Tag Weak OopStorage      Min:  0.0, Avg:  0.0, Max:  0.0, Diff:  0.0, Sum:  0.0, Workers: 4
[16.008s][debug][gc,phases      ] GC(30)     Dead                           Min: 0, Avg:  0.0, Max: 0, Diff: 0, Sum: 0, Workers: 4
[16.008s][debug][gc,phases      ] GC(30)     Total                          Min: 0, Avg:  0.0, Max: 0, Diff: 0, Sum: 0, Workers: 4
[16.008s][debug][gc,phases      ] GC(30)   StringTable Weak               Min:  0.1, Avg:  0.1, Max:  0.1, Diff:  0.0, Sum:  0.5, Workers: 4
[16.008s][debug][gc,phases      ] GC(30)     Dead                           Min: 0, Avg:  0.0, Max: 0, Diff: 0, Sum: 0, Workers: 4
[16.008s][debug][gc,phases      ] GC(30)     Total                          Min: 10112, Avg: 10541.2, Max: 11446, Diff: 1334, Sum: 42165, Workers: 4
[16.008s][debug][gc,phases      ] GC(30)   ResolvedMethodTable Weak       Min:  0.0, Avg:  0.0, Max:  0.0, Diff:  0.0, Sum:  0.1, Workers: 4
[16.008s][debug][gc,phases      ] GC(30)     Dead                           Min: 0, Avg:  0.0, Max: 0, Diff: 0, Sum: 0, Workers: 4
[16.008s][debug][gc,phases      ] GC(30)     Total                          Min: 1408, Avg: 1664.0, Max: 1856, Diff: 448, Sum: 6656, Workers: 4
[16.008s][debug][gc,phases      ] GC(30)   JNI Weak                       Min:  0.0, Avg:  0.0, Max:  0.0, Diff:  0.0, Sum:  0.0, Workers: 4
[16.008s][debug][gc,phases      ] GC(30)     Dead                           Min: 0, Avg:  0.0, Max: 0, Diff: 0, Sum: 0, Workers: 4
[16.008s][debug][gc,phases      ] GC(30)     Total                          Min: 0, Avg:  5.2, Max: 21, Diff: 21, Sum: 21, Workers: 4
[16.008s][debug][gc,phases      ] GC(30)   StringDedup Table Weak         Min:  0.0, Avg:  0.0, Max:  0.0, Diff:  0.0, Sum:  0.0, Workers: 4
[16.008s][debug][gc,phases      ] GC(30)     Dead                           Min: 0, Avg:  0.0, Max: 0, Diff: 0, Sum: 0, Workers: 4
[16.008s][debug][gc,phases      ] GC(30)     Total                          Min: 0, Avg:  0.0, Max: 0, Diff: 0, Sum: 0, Workers: 4
[16.008s][debug][gc,phases      ] GC(30)   StringDedup Requests0 Weak     Min:  0.0, Avg:  0.0, Max:  0.0, Diff:  0.0, Sum:  0.0, Workers: 4
[16.008s][debug][gc,phases      ] GC(30)     Dead                           Min: 0, Avg:  0.0, Max: 0, Diff: 0, Sum: 0, Workers: 4
[16.008s][debug][gc,phases      ] GC(30)     Total                          Min: 0, Avg:  0.0, Max: 0, Diff: 0, Sum: 0, Workers: 4
[16.008s][debug][gc,phases      ] GC(30)   StringDedup Requests1 Weak     Min:  0.0, Avg:  0.0, Max:  0.0, Diff:  0.0, Sum:  0.0, Workers: 4
[16.008s][debug][gc,phases      ] GC(30)     Dead                           Min: 0, Avg:  0.0, Max: 0, Diff: 0, Sum: 0, Workers: 4
[16.008s][debug][gc,phases      ] GC(30)     Total                          Min: 0, Avg:  0.0, Max: 0, Diff: 0, Sum: 0, Workers: 4
[16.008s][debug][gc,phases      ] GC(30)   Weak JFR Old Object Samples    Min:  0.0, Avg:  0.0, Max:  0.0, Diff:  0.0, Sum:  0.0, Workers: 4
[16.008s][debug][gc,phases      ] GC(30)     Dead                           Min: 0, Avg:  0.0, Max: 0, Diff: 0, Sum: 0, Workers: 4
[16.008s][debug][gc,phases      ] GC(30)     Total                          Min: 0, Avg:  0.0, Max: 0, Diff: 0, Sum: 0, Workers: 4
[16.008s][debug][gc,phases      ] GC(30) Weak Processing 0.322ms
[16.008s][debug][gc,age         ] GC(30) Desired survivor size 274202624 bytes, new threshold 15 (max threshold 15)
[16.008s][info ][gc,heap        ] GC(30) PSYoungGen: 1589574K(1795072K)->123336K(1829376K) Eden: 1501184K(1501184K)->0K(1551360K) From: 88390K(293888K)->123336K(278016K)
[16.008s][info ][gc,heap        ] GC(30) ParOldGen: 192694K(276480K)->194406K(276480K)
[16.008s][info ][gc,metaspace   ] GC(30) Metaspace: 66136K(66944K)->66136K(66944K) NonClass: 56457K(56896K)->56457K(56896K) Class: 9678K(10048K)->9678K(10048K)
[16.008s][info ][gc             ] GC(30) Pause Young (Allocation Failure) 1740M->310M(2056M) 62.296ms
[16.008s][info ][gc,cpu         ] GC(30) User=0.24s Sys=0.00s Real=0.06s
[16.008s][info ][safepoint      ] Safepoint "ParallelGCFailedAllocation", Time since last: 336264043 ns, Reaching safepoint: 183904 ns, At safepoint: 62417751 ns, Total: 62601655 ns
[16.349s][info ][gc,start       ] GC(31) Pause Young (Allocation Failure)
[16.419s][debug][gc,phases      ] GC(31) Scavenge 70.429ms
[16.419s][debug][gc,ref         ] GC(31) Skipped phase 1 of Reference Processing: no references
[16.419s][debug][gc,ref         ] GC(31) ReferenceProcessor::execute queues: 1, RefProcThreadModel::Single, marks_oops_alive: false
[16.420s][debug][gc,ref         ] GC(31) Skipped phase 3 of Reference Processing: no references
[16.420s][debug][gc,ref         ] GC(31) ReferenceProcessor::execute queues: 1, RefProcThreadModel::Single, marks_oops_alive: false
[16.420s][debug][gc,phases      ] GC(31) Reference Processing 0.152ms
[16.420s][debug][gc,phases      ] GC(31)   VM Weak                        Min:  0.0, Avg:  0.0, Max:  0.0, Diff:  0.0, Sum:  0.0, Workers: 4
[16.420s][debug][gc,phases      ] GC(31)     Dead                           Min: 0, Avg:  0.0, Max: 0, Diff: 0, Sum: 0, Workers: 4
[16.420s][debug][gc,phases      ] GC(31)     Total                          Min: 0, Avg: 142.8, Max: 571, Diff: 571, Sum: 571, Workers: 4
[16.420s][debug][gc,phases      ] GC(31)   ObjectSynchronizer Weak        Min:  0.0, Avg:  0.0, Max:  0.0, Diff:  0.0, Sum:  0.0, Workers: 4
[16.420s][debug][gc,phases      ] GC(31)     Dead                           Min: 0, Avg:  0.0, Max: 0, Diff: 0, Sum: 0, Workers: 4
[16.420s][debug][gc,phases      ] GC(31)     Total                          Min: 0, Avg: 91.5, Max: 238, Diff: 238, Sum: 366, Workers: 4
[16.420s][debug][gc,phases      ] GC(31)   JVMTI Tag Weak OopStorage      Min:  0.0, Avg:  0.0, Max:  0.0, Diff:  0.0, Sum:  0.0, Workers: 4
[16.420s][debug][gc,phases      ] GC(31)     Dead                           Min: 0, Avg:  0.0, Max: 0, Diff: 0, Sum: 0, Workers: 4
[16.420s][debug][gc,phases      ] GC(31)     Total                          Min: 0, Avg:  0.0, Max: 0, Diff: 0, Sum: 0, Workers: 4
[16.420s][debug][gc,phases      ] GC(31)   StringTable Weak               Min:  0.1, Avg:  0.1, Max:  0.1, Diff:  0.0, Sum:  0.5, Workers: 4
[16.420s][debug][gc,phases      ] GC(31)     Dead                           Min: 0, Avg:  2.8, Max: 11, Diff: 11, Sum: 11, Workers: 4
[16.420s][debug][gc,phases      ] GC(31)     Total                          Min: 9717, Avg: 10541.2, Max: 11584, Diff: 1867, Sum: 42165, Workers: 4
[16.420s][debug][gc,phases      ] GC(31)   ResolvedMethodTable Weak       Min:  0.0, Avg:  0.0, Max:  0.0, Diff:  0.0, Sum:  0.1, Workers: 4
[16.420s][debug][gc,phases      ] GC(31)     Dead                           Min: 0, Avg:  0.0, Max: 0, Diff: 0, Sum: 0, Workers: 4
[16.420s][debug][gc,phases      ] GC(31)     Total                          Min: 1472, Avg: 1664.0, Max: 1920, Diff: 448, Sum: 6656, Workers: 4
[16.420s][debug][gc,phases      ] GC(31)   JNI Weak                       Min:  0.0, Avg:  0.0, Max:  0.0, Diff:  0.0, Sum:  0.0, Workers: 4
[16.420s][debug][gc,phases      ] GC(31)     Dead                           Min: 0, Avg:  0.0, Max: 0, Diff: 0, Sum: 0, Workers: 4
[16.420s][debug][gc,phases      ] GC(31)     Total                          Min: 0, Avg:  4.8, Max: 19, Diff: 19, Sum: 19, Workers: 4
[16.420s][debug][gc,phases      ] GC(31)   StringDedup Table Weak         Min:  0.0, Avg:  0.0, Max:  0.0, Diff:  0.0, Sum:  0.0, Workers: 4
[16.420s][debug][gc,phases      ] GC(31)     Dead                           Min: 0, Avg:  0.0, Max: 0, Diff: 0, Sum: 0, Workers: 4
[16.420s][debug][gc,phases      ] GC(31)     Total                          Min: 0, Avg:  0.0, Max: 0, Diff: 0, Sum: 0, Workers: 4
[16.420s][debug][gc,phases      ] GC(31)   StringDedup Requests0 Weak     Min:  0.0, Avg:  0.0, Max:  0.0, Diff:  0.0, Sum:  0.0, Workers: 4
[16.420s][debug][gc,phases      ] GC(31)     Dead                           Min: 0, Avg:  0.0, Max: 0, Diff: 0, Sum: 0, Workers: 4
[16.420s][debug][gc,phases      ] GC(31)     Total                          Min: 0, Avg:  0.0, Max: 0, Diff: 0, Sum: 0, Workers: 4
[16.420s][debug][gc,phases      ] GC(31)   StringDedup Requests1 Weak     Min:  0.0, Avg:  0.0, Max:  0.0, Diff:  0.0, Sum:  0.0, Workers: 4
[16.420s][debug][gc,phases      ] GC(31)     Dead                           Min: 0, Avg:  0.0, Max: 0, Diff: 0, Sum: 0, Workers: 4
[16.420s][debug][gc,phases      ] GC(31)     Total                          Min: 0, Avg:  0.0, Max: 0, Diff: 0, Sum: 0, Workers: 4
[16.420s][debug][gc,phases      ] GC(31)   Weak JFR Old Object Samples    Min:  0.0, Avg:  0.0, Max:  0.0, Diff:  0.0, Sum:  0.0, Workers: 4
[16.420s][debug][gc,phases      ] GC(31)     Dead                           Min: 0, Avg:  0.0, Max: 0, Diff: 0, Sum: 0, Workers: 4
[16.420s][debug][gc,phases      ] GC(31)     Total                          Min: 0, Avg:  0.0, Max: 0, Diff: 0, Sum: 0, Workers: 4
[16.420s][debug][gc,phases      ] GC(31) Weak Processing 0.332ms
[16.420s][debug][gc,age         ] GC(31) Desired survivor size 273154048 bytes, new threshold 15 (max threshold 15)
[16.420s][info ][gc,heap        ] GC(31) PSYoungGen: 1674696K(1829376K)->145086K(1819136K) Eden: 1551360K(1551360K)->0K(1551360K) From: 123336K(278016K)->145086K(267776K)
[16.420s][info ][gc,heap        ] GC(31) ParOldGen: 194406K(276480K)->196107K(276480K)
[16.420s][info ][gc,metaspace   ] GC(31) Metaspace: 66149K(66944K)->66149K(66944K) NonClass: 56470K(56896K)->56470K(56896K) Class: 9678K(10048K)->9678K(10048K)
[16.420s][info ][gc             ] GC(31) Pause Young (Allocation Failure) 1825M->333M(2046M) 71.063ms
[16.420s][info ][gc,cpu         ] GC(31) User=0.28s Sys=0.00s Real=0.07s
[16.420s][info ][safepoint      ] Safepoint "ParallelGCFailedAllocation", Time since last: 340241223 ns, Reaching safepoint: 184304 ns, At safepoint: 71183828 ns, Total: 71368132 ns
[16.701s][info ][gc,start       ] GC(32) Pause Young (Allocation Failure)
[16.843s][debug][gc,phases      ] GC(32) Scavenge 141.924ms
[16.843s][debug][gc,ref         ] GC(32) Skipped phase 1 of Reference Processing: no references
[16.843s][debug][gc,ref         ] GC(32) ReferenceProcessor::execute queues: 1, RefProcThreadModel::Single, marks_oops_alive: false
[16.843s][debug][gc,ref         ] GC(32) Skipped phase 3 of Reference Processing: no references
[16.843s][debug][gc,ref         ] GC(32) ReferenceProcessor::execute queues: 1, RefProcThreadModel::Single, marks_oops_alive: false
[16.843s][debug][gc,phases      ] GC(32) Reference Processing 0.178ms
[16.843s][debug][gc,phases      ] GC(32)   VM Weak                        Min:  0.0, Avg:  0.0, Max:  0.0, Diff:  0.0, Sum:  0.0, Workers: 4
[16.843s][debug][gc,phases      ] GC(32)     Dead                           Min: 0, Avg:  0.0, Max: 0, Diff: 0, Sum: 0, Workers: 4
[16.843s][debug][gc,phases      ] GC(32)     Total                          Min: 0, Avg: 142.8, Max: 571, Diff: 571, Sum: 571, Workers: 4
[16.843s][debug][gc,phases      ] GC(32)   ObjectSynchronizer Weak        Min:  0.0, Avg:  0.0, Max:  0.0, Diff:  0.0, Sum:  0.0, Workers: 4
[16.843s][debug][gc,phases      ] GC(32)     Dead                           Min: 0, Avg:  0.0, Max: 0, Diff: 0, Sum: 0, Workers: 4
[16.844s][debug][gc,phases      ] GC(32)     Total                          Min: 0, Avg: 91.5, Max: 238, Diff: 238, Sum: 366, Workers: 4
[16.844s][debug][gc,phases      ] GC(32)   JVMTI Tag Weak OopStorage      Min:  0.0, Avg:  0.0, Max:  0.0, Diff:  0.0, Sum:  0.0, Workers: 4
[16.844s][debug][gc,phases      ] GC(32)     Dead                           Min: 0, Avg:  0.0, Max: 0, Diff: 0, Sum: 0, Workers: 4
[16.844s][debug][gc,phases      ] GC(32)     Total                          Min: 0, Avg:  0.0, Max: 0, Diff: 0, Sum: 0, Workers: 4
[16.844s][debug][gc,phases      ] GC(32)   StringTable Weak               Min:  0.1, Avg:  0.1, Max:  0.1, Diff:  0.0, Sum:  0.4, Workers: 4
[16.844s][debug][gc,phases      ] GC(32)     Dead                           Min: 0, Avg:  2.8, Max: 11, Diff: 11, Sum: 11, Workers: 4
[16.844s][debug][gc,phases      ] GC(32)     Total                          Min: 8896, Avg: 10541.5, Max: 14016, Diff: 5120, Sum: 42166, Workers: 4
[16.844s][debug][gc,phases      ] GC(32)   ResolvedMethodTable Weak       Min:  0.0, Avg:  0.0, Max:  0.0, Diff:  0.0, Sum:  0.1, Workers: 4
[16.844s][debug][gc,phases      ] GC(32)     Dead                           Min: 0, Avg:  0.0, Max: 0, Diff: 0, Sum: 0, Workers: 4
[16.844s][debug][gc,phases      ] GC(32)     Total                          Min: 1472, Avg: 1664.0, Max: 1856, Diff: 384, Sum: 6656, Workers: 4
[16.844s][debug][gc,phases      ] GC(32)   JNI Weak                       Min:  0.0, Avg:  0.0, Max:  0.0, Diff:  0.0, Sum:  0.0, Workers: 4
[16.844s][debug][gc,phases      ] GC(32)     Dead                           Min: 0, Avg:  0.0, Max: 0, Diff: 0, Sum: 0, Workers: 4
[16.844s][debug][gc,phases      ] GC(32)     Total                          Min: 0, Avg:  0.0, Max: 0, Diff: 0, Sum: 0, Workers: 4
[16.844s][debug][gc,phases      ] GC(32)   StringDedup Table Weak         Min:  0.0, Avg:  0.0, Max:  0.0, Diff:  0.0, Sum:  0.0, Workers: 4
[16.844s][debug][gc,phases      ] GC(32)     Dead                           Min: 0, Avg:  0.0, Max: 0, Diff: 0, Sum: 0, Workers: 4
[16.844s][debug][gc,phases      ] GC(32)     Total                          Min: 0, Avg:  0.0, Max: 0, Diff: 0, Sum: 0, Workers: 4
[16.844s][debug][gc,phases      ] GC(32)   StringDedup Requests0 Weak     Min:  0.0, Avg:  0.0, Max:  0.0, Diff:  0.0, Sum:  0.0, Workers: 4
[16.844s][debug][gc,phases      ] GC(32)     Dead                           Min: 0, Avg:  0.0, Max: 0, Diff: 0, Sum: 0, Workers: 4
[16.844s][debug][gc,phases      ] GC(32)     Total                          Min: 0, Avg:  0.0, Max: 0, Diff: 0, Sum: 0, Workers: 4
[16.844s][debug][gc,phases      ] GC(32)   StringDedup Requests1 Weak     Min:  0.0, Avg:  0.0, Max:  0.0, Diff:  0.0, Sum:  0.0, Workers: 4
[16.844s][debug][gc,phases      ] GC(32)     Dead                           Min: 0, Avg:  0.0, Max: 0, Diff: 0, Sum: 0, Workers: 4
[16.844s][debug][gc,phases      ] GC(32)     Total                          Min: 0, Avg:  0.0, Max: 0, Diff: 0, Sum: 0, Workers: 4
[16.844s][debug][gc,phases      ] GC(32)   Weak JFR Old Object Samples    Min:  0.0, Avg:  0.0, Max:  0.0, Diff:  0.0, Sum:  0.0, Workers: 4
[16.844s][debug][gc,phases      ] GC(32)     Dead                           Min: 0, Avg:  0.0, Max: 0, Diff: 0, Sum: 0, Workers: 4
[16.844s][debug][gc,phases      ] GC(32)     Total                          Min: 0, Avg:  0.0, Max: 0, Diff: 0, Sum: 0, Workers: 4
[16.844s][debug][gc,phases      ] GC(32) Weak Processing 0.329ms
[16.844s][debug][gc,age         ] GC(32) Desired survivor size 312999936 bytes, new threshold 15 (max threshold 15)
[16.844s][info ][gc,heap        ] GC(32) PSYoungGen: 1696446K(1819136K)->257134K(1752576K) Eden: 1551360K(1551360K)->0K(1485824K) From: 145086K(267776K)->257134K(266752K)
[16.844s][info ][gc,heap        ] GC(32) ParOldGen: 196107K(276480K)->197539K(276480K)
[16.844s][info ][gc,metaspace   ] GC(32) Metaspace: 66158K(66944K)->66158K(66944K) NonClass: 56480K(56896K)->56480K(56896K) Class: 9678K(10048K)->9678K(10048K)
[16.844s][info ][gc             ] GC(32) Pause Young (Allocation Failure) 1848M->444M(1981M) 142.579ms
[16.844s][info ][gc,cpu         ] GC(32) User=0.55s Sys=0.01s Real=0.14s
[16.844s][info ][safepoint      ] Safepoint "ParallelGCFailedAllocation", Time since last: 280861632 ns, Reaching safepoint: 143502 ns, At safepoint: 142677262 ns, Total: 142820764 ns
[17.196s][info ][gc,start       ] GC(33) Pause Young (Allocation Failure)
[17.354s][debug][gc,phases      ] GC(33) Scavenge 157.493ms
[17.354s][debug][gc,ref         ] GC(33) Skipped phase 1 of Reference Processing: no references
[17.354s][debug][gc,ref         ] GC(33) ReferenceProcessor::execute queues: 1, RefProcThreadModel::Single, marks_oops_alive: false
[17.354s][debug][gc,ref         ] GC(33) Skipped phase 3 of Reference Processing: no references
[17.354s][debug][gc,ref         ] GC(33) ReferenceProcessor::execute queues: 1, RefProcThreadModel::Single, marks_oops_alive: false
[17.354s][debug][gc,phases      ] GC(33) Reference Processing 0.168ms
[17.354s][debug][gc,phases      ] GC(33)   VM Weak                        Min:  0.0, Avg:  0.0, Max:  0.0, Diff:  0.0, Sum:  0.0, Workers: 4
[17.354s][debug][gc,phases      ] GC(33)     Dead                           Min: 0, Avg:  0.0, Max: 0, Diff: 0, Sum: 0, Workers: 4
[17.354s][debug][gc,phases      ] GC(33)     Total                          Min: 0, Avg: 145.0, Max: 256, Diff: 256, Sum: 580, Workers: 4
[17.354s][debug][gc,phases      ] GC(33)   ObjectSynchronizer Weak        Min:  0.0, Avg:  0.0, Max:  0.0, Diff:  0.0, Sum:  0.0, Workers: 4
[17.354s][debug][gc,phases      ] GC(33)     Dead                           Min: 0, Avg:  0.0, Max: 0, Diff: 0, Sum: 0, Workers: 4
[17.354s][debug][gc,phases      ] GC(33)     Total                          Min: 0, Avg: 91.5, Max: 174, Diff: 174, Sum: 366, Workers: 4
[17.354s][debug][gc,phases      ] GC(33)   JVMTI Tag Weak OopStorage      Min:  0.0, Avg:  0.0, Max:  0.0, Diff:  0.0, Sum:  0.0, Workers: 4
[17.354s][debug][gc,phases      ] GC(33)     Dead                           Min: 0, Avg:  0.0, Max: 0, Diff: 0, Sum: 0, Workers: 4
[17.354s][debug][gc,phases      ] GC(33)     Total                          Min: 0, Avg:  0.0, Max: 0, Diff: 0, Sum: 0, Workers: 4
[17.354s][debug][gc,phases      ] GC(33)   StringTable Weak               Min:  0.1, Avg:  0.1, Max:  0.1, Diff:  0.0, Sum:  0.4, Workers: 4
[17.354s][debug][gc,phases      ] GC(33)     Dead                           Min: 0, Avg:  4.0, Max: 9, Diff: 9, Sum: 16, Workers: 4
[17.354s][debug][gc,phases      ] GC(33)     Total                          Min: 9984, Avg: 10569.2, Max: 11392, Diff: 1408, Sum: 42277, Workers: 4
[17.354s][debug][gc,phases      ] GC(33)   ResolvedMethodTable Weak       Min:  0.0, Avg:  0.0, Max:  0.0, Diff:  0.0, Sum:  0.1, Workers: 4
[17.354s][debug][gc,phases      ] GC(33)     Dead                           Min: 0, Avg:  8.8, Max: 27, Diff: 27, Sum: 35, Workers: 4
[17.354s][debug][gc,phases      ] GC(33)     Total                          Min: 1418, Avg: 1698.2, Max: 2111, Diff: 693, Sum: 6793, Workers: 4
[17.354s][debug][gc,phases      ] GC(33)   JNI Weak                       Min:  0.0, Avg:  0.0, Max:  0.0, Diff:  0.0, Sum:  0.0, Workers: 4
[17.354s][debug][gc,phases      ] GC(33)     Dead                           Min: 0, Avg:  0.0, Max: 0, Diff: 0, Sum: 0, Workers: 4
[17.354s][debug][gc,phases      ] GC(33)     Total                          Min: 0, Avg:  1.5, Max: 6, Diff: 6, Sum: 6, Workers: 4
[17.354s][debug][gc,phases      ] GC(33)   StringDedup Table Weak         Min:  0.0, Avg:  0.0, Max:  0.0, Diff:  0.0, Sum:  0.0, Workers: 4
[17.354s][debug][gc,phases      ] GC(33)     Dead                           Min: 0, Avg:  0.0, Max: 0, Diff: 0, Sum: 0, Workers: 4
[17.354s][debug][gc,phases      ] GC(33)     Total                          Min: 0, Avg:  0.0, Max: 0, Diff: 0, Sum: 0, Workers: 4
[17.354s][debug][gc,phases      ] GC(33)   StringDedup Requests0 Weak     Min:  0.0, Avg:  0.0, Max:  0.0, Diff:  0.0, Sum:  0.0, Workers: 4
[17.354s][debug][gc,phases      ] GC(33)     Dead                           Min: 0, Avg:  0.0, Max: 0, Diff: 0, Sum: 0, Workers: 4
[17.354s][debug][gc,phases      ] GC(33)     Total                          Min: 0, Avg:  0.0, Max: 0, Diff: 0, Sum: 0, Workers: 4
[17.354s][debug][gc,phases      ] GC(33)   StringDedup Requests1 Weak     Min:  0.0, Avg:  0.0, Max:  0.0, Diff:  0.0, Sum:  0.0, Workers: 4
[17.354s][debug][gc,phases      ] GC(33)     Dead                           Min: 0, Avg:  0.0, Max: 0, Diff: 0, Sum: 0, Workers: 4
[17.354s][debug][gc,phases      ] GC(33)     Total                          Min: 0, Avg:  0.0, Max: 0, Diff: 0, Sum: 0, Workers: 4
[17.354s][debug][gc,phases      ] GC(33)   Weak JFR Old Object Samples    Min:  0.0, Avg:  0.0, Max:  0.0, Diff:  0.0, Sum:  0.0, Workers: 4
[17.354s][debug][gc,phases      ] GC(33)     Dead                           Min: 0, Avg:  0.0, Max: 0, Diff: 0, Sum: 0, Workers: 4
[17.354s][debug][gc,phases      ] GC(33)     Total                          Min: 0, Avg:  0.0, Max: 0, Diff: 0, Sum: 0, Workers: 4
[17.354s][debug][gc,phases      ] GC(33) Weak Processing 0.330ms
[17.354s][debug][gc,age         ] GC(33) Desired survivor size 373293056 bytes, new threshold 14 (max threshold 15)
[17.354s][info ][gc,heap        ] GC(33) PSYoungGen: 1742958K(1752576K)->305632K(1791488K) Eden: 1485824K(1485824K)->0K(1485824K) From: 257134K(266752K)->305632K(305664K)
[17.354s][info ][gc,heap        ] GC(33) ParOldGen: 197539K(276480K)->224128K(276480K)
[17.354s][info ][gc,metaspace   ] GC(33) Metaspace: 66728K(67456K)->66728K(67456K) NonClass: 56966K(57344K)->56966K(57344K) Class: 9762K(10112K)->9762K(10112K)
[17.354s][info ][gc             ] GC(33) Pause Young (Allocation Failure) 1895M->517M(2019M) 158.130ms
[17.354s][info ][gc,cpu         ] GC(33) User=0.62s Sys=0.03s Real=0.16s
[17.354s][info ][safepoint      ] Safepoint "ParallelGCFailedAllocation", Time since last: 352172162 ns, Reaching safepoint: 186003 ns, At safepoint: 158235273 ns, Total: 158421276 ns
[17.394s][info ][safepoint      ] Safepoint "ICBufferFull", Time since last: 39997002 ns, Reaching safepoint: 124603 ns, At safepoint: 30601 ns, Total: 155204 ns
[17.421s][info ][safepoint      ] Safepoint "ICBufferFull", Time since last: 25927619 ns, Reaching safepoint: 579612 ns, At safepoint: 31501 ns, Total: 611113 ns
[17.430s][info ][safepoint      ] Safepoint "ICBufferFull", Time since last: 9115583 ns, Reaching safepoint: 120702 ns, At safepoint: 24800 ns, Total: 145502 ns
[17.448s][info ][safepoint      ] Safepoint "ICBufferFull", Time since last: 17142044 ns, Reaching safepoint: 273106 ns, At safepoint: 28100 ns, Total: 301206 ns
[17.470s][info ][safepoint      ] Safepoint "ICBufferFull", Time since last: 22320548 ns, Reaching safepoint: 148503 ns, At safepoint: 29800 ns, Total: 178303 ns
[17.496s][info ][safepoint      ] Safepoint "ICBufferFull", Time since last: 25440411 ns, Reaching safepoint: 122002 ns, At safepoint: 34201 ns, Total: 156203 ns
[17.543s][info ][safepoint      ] Safepoint "ICBufferFull", Time since last: 46822339 ns, Reaching safepoint: 129002 ns, At safepoint: 32701 ns, Total: 161703 ns
[17.564s][info ][safepoint      ] Safepoint "ICBufferFull", Time since last: 21404429 ns, Reaching safepoint: 128403 ns, At safepoint: 31800 ns, Total: 160203 ns
[17.590s][info ][safepoint      ] Safepoint "ICBufferFull", Time since last: 25896820 ns, Reaching safepoint: 131402 ns, At safepoint: 25701 ns, Total: 157103 ns
[17.608s][info ][safepoint      ] Safepoint "ICBufferFull", Time since last: 17228445 ns, Reaching safepoint: 110402 ns, At safepoint: 24401 ns, Total: 134803 ns
[17.637s][info ][safepoint      ] Safepoint "ICBufferFull", Time since last: 28651874 ns, Reaching safepoint: 538011 ns, At safepoint: 27501 ns, Total: 565512 ns
[17.652s][info ][safepoint      ] Safepoint "ICBufferFull", Time since last: 15185304 ns, Reaching safepoint: 123503 ns, At safepoint: 29600 ns, Total: 153103 ns
[17.669s][info ][safepoint      ] Safepoint "ICBufferFull", Time since last: 13729576 ns, Reaching safepoint: 3172163 ns, At safepoint: 31701 ns, Total: 3203864 ns
[17.693s][info ][safepoint      ] Safepoint "ICBufferFull", Time since last: 23267166 ns, Reaching safepoint: 117803 ns, At safepoint: 36601 ns, Total: 154404 ns
[17.699s][info ][safepoint      ] Safepoint "ICBufferFull", Time since last: 5752615 ns, Reaching safepoint: 116902 ns, At safepoint: 29801 ns, Total: 146703 ns
[17.701s][info ][gc,start       ] GC(34) Pause Young (Allocation Failure)
[17.840s][debug][gc,phases      ] GC(34) Scavenge 138.894ms
[17.840s][debug][gc,ref         ] GC(34) Skipped phase 1 of Reference Processing: no references
[17.840s][debug][gc,ref         ] GC(34) ReferenceProcessor::execute queues: 1, RefProcThreadModel::Single, marks_oops_alive: false
[17.840s][debug][gc,ref         ] GC(34) Skipped phase 3 of Reference Processing: no references
[17.840s][debug][gc,ref         ] GC(34) ReferenceProcessor::execute queues: 1, RefProcThreadModel::Single, marks_oops_alive: false
[17.840s][debug][gc,phases      ] GC(34) Reference Processing 0.163ms
[17.840s][debug][gc,phases      ] GC(34)   VM Weak                        Min:  0.0, Avg:  0.0, Max:  0.0, Diff:  0.0, Sum:  0.0, Workers: 4
[17.840s][debug][gc,phases      ] GC(34)     Dead                           Min: 0, Avg:  0.0, Max: 0, Diff: 0, Sum: 0, Workers: 4
[17.840s][debug][gc,phases      ] GC(34)     Total                          Min: 0, Avg: 146.0, Max: 584, Diff: 584, Sum: 584, Workers: 4
[17.840s][debug][gc,phases      ] GC(34)   ObjectSynchronizer Weak        Min:  0.0, Avg:  0.0, Max:  0.0, Diff:  0.0, Sum:  0.0, Workers: 4
[17.840s][debug][gc,phases      ] GC(34)     Dead                           Min: 0, Avg:  0.0, Max: 0, Diff: 0, Sum: 0, Workers: 4
[17.840s][debug][gc,phases      ] GC(34)     Total                          Min: 0, Avg: 91.5, Max: 238, Diff: 238, Sum: 366, Workers: 4
[17.840s][debug][gc,phases      ] GC(34)   JVMTI Tag Weak OopStorage      Min:  0.0, Avg:  0.0, Max:  0.0, Diff:  0.0, Sum:  0.0, Workers: 4
[17.840s][debug][gc,phases      ] GC(34)     Dead                           Min: 0, Avg:  0.0, Max: 0, Diff: 0, Sum: 0, Workers: 4
[17.840s][debug][gc,phases      ] GC(34)     Total                          Min: 0, Avg:  0.0, Max: 0, Diff: 0, Sum: 0, Workers: 4
[17.840s][debug][gc,phases      ] GC(34)   StringTable Weak               Min:  0.1, Avg:  0.1, Max:  0.1, Diff:  0.0, Sum:  0.4, Workers: 4
[17.840s][debug][gc,phases      ] GC(34)     Dead                           Min: 0, Avg:  3.2, Max: 13, Diff: 13, Sum: 13, Workers: 4
[17.840s][debug][gc,phases      ] GC(34)     Total                          Min: 10112, Avg: 10593.0, Max: 11136, Diff: 1024, Sum: 42372, Workers: 4
[17.840s][debug][gc,phases      ] GC(34)   ResolvedMethodTable Weak       Min:  0.0, Avg:  0.0, Max:  0.0, Diff:  0.0, Sum:  0.1, Workers: 4
[17.840s][debug][gc,phases      ] GC(34)     Dead                           Min: 0, Avg:  4.5, Max: 18, Diff: 18, Sum: 18, Workers: 4
[17.840s][debug][gc,phases      ] GC(34)     Total                          Min: 1472, Avg: 1706.5, Max: 1856, Diff: 384, Sum: 6826, Workers: 4
[17.840s][debug][gc,phases      ] GC(34)   JNI Weak                       Min:  0.0, Avg:  0.0, Max:  0.0, Diff:  0.0, Sum:  0.0, Workers: 4
[17.840s][debug][gc,phases      ] GC(34)     Dead                           Min: 0, Avg:  0.0, Max: 0, Diff: 0, Sum: 0, Workers: 4
[17.840s][debug][gc,phases      ] GC(34)     Total                          Min: 0, Avg:  1.8, Max: 7, Diff: 7, Sum: 7, Workers: 4
[17.840s][debug][gc,phases      ] GC(34)   StringDedup Table Weak         Min:  0.0, Avg:  0.0, Max:  0.0, Diff:  0.0, Sum:  0.0, Workers: 4
[17.840s][debug][gc,phases      ] GC(34)     Dead                           Min: 0, Avg:  0.0, Max: 0, Diff: 0, Sum: 0, Workers: 4
[17.840s][debug][gc,phases      ] GC(34)     Total                          Min: 0, Avg:  0.0, Max: 0, Diff: 0, Sum: 0, Workers: 4
[17.840s][debug][gc,phases      ] GC(34)   StringDedup Requests0 Weak     Min:  0.0, Avg:  0.0, Max:  0.0, Diff:  0.0, Sum:  0.0, Workers: 4
[17.840s][debug][gc,phases      ] GC(34)     Dead                           Min: 0, Avg:  0.0, Max: 0, Diff: 0, Sum: 0, Workers: 4
[17.840s][debug][gc,phases      ] GC(34)     Total                          Min: 0, Avg:  0.0, Max: 0, Diff: 0, Sum: 0, Workers: 4
[17.840s][debug][gc,phases      ] GC(34)   StringDedup Requests1 Weak     Min:  0.0, Avg:  0.0, Max:  0.0, Diff:  0.0, Sum:  0.0, Workers: 4
[17.840s][debug][gc,phases      ] GC(34)     Dead                           Min: 0, Avg:  0.0, Max: 0, Diff: 0, Sum: 0, Workers: 4
[17.840s][debug][gc,phases      ] GC(34)     Total                          Min: 0, Avg:  0.0, Max: 0, Diff: 0, Sum: 0, Workers: 4
[17.840s][debug][gc,phases      ] GC(34)   Weak JFR Old Object Samples    Min:  0.0, Avg:  0.0, Max:  0.0, Diff:  0.0, Sum:  0.0, Workers: 4
[17.840s][debug][gc,phases      ] GC(34)     Dead                           Min: 0, Avg:  0.0, Max: 0, Diff: 0, Sum: 0, Workers: 4
[17.840s][debug][gc,phases      ] GC(34)     Total                          Min: 0, Avg:  0.0, Max: 0, Diff: 0, Sum: 0, Workers: 4
[17.840s][debug][gc,phases      ] GC(34) Weak Processing 0.329ms
[17.840s][debug][gc,age         ] GC(34) Desired survivor size 411566080 bytes, new threshold 15 (max threshold 15)
[17.840s][info ][gc,heap        ] GC(34) PSYoungGen: 1791456K(1791488K)->304384K(1598976K) Eden: 1485824K(1485824K)->0K(1293312K) From: 305632K(305664K)->304384K(305664K)
[17.840s][info ][gc,heap        ] GC(34) ParOldGen: 224128K(276480K)->226072K(276480K)
[17.840s][info ][gc,metaspace   ] GC(34) Metaspace: 67137K(67904K)->67137K(67904K) NonClass: 57333K(57728K)->57333K(57728K) Class: 9803K(10176K)->9803K(10176K)
[17.840s][info ][gc             ] GC(34) Pause Young (Allocation Failure) 1968M->518M(1831M) 139.506ms
[17.840s][info ][gc,cpu         ] GC(34) User=0.60s Sys=0.01s Real=0.14s
[17.840s][info ][safepoint      ] Safepoint "ParallelGCFailedAllocation", Time since last: 1858937 ns, Reaching safepoint: 98102 ns, At safepoint: 139612200 ns, Total: 139710302 ns
[17.860s][info ][safepoint      ] Safepoint "ICBufferFull", Time since last: 19734595 ns, Reaching safepoint: 89702 ns, At safepoint: 32501 ns, Total: 122203 ns
[17.869s][info ][safepoint      ] Safepoint "ICBufferFull", Time since last: 8348067 ns, Reaching safepoint: 810517 ns, At safepoint: 26700 ns, Total: 837217 ns
[17.882s][info ][safepoint      ] Safepoint "ICBufferFull", Time since last: 12073142 ns, Reaching safepoint: 388008 ns, At safepoint: 26100 ns, Total: 414108 ns
[17.905s][info ][safepoint      ] Safepoint "ICBufferFull", Time since last: 22861659 ns, Reaching safepoint: 124602 ns, At safepoint: 27201 ns, Total: 151803 ns
[17.913s][info ][safepoint      ] Safepoint "ICBufferFull", Time since last: 7801456 ns, Reaching safepoint: 115903 ns, At safepoint: 47301 ns, Total: 163204 ns
[17.925s][info ][safepoint      ] Safepoint "ICBufferFull", Time since last: 11798636 ns, Reaching safepoint: 139003 ns, At safepoint: 23200 ns, Total: 162203 ns
[17.945s][info ][safepoint      ] Safepoint "ICBufferFull", Time since last: 20450011 ns, Reaching safepoint: 116302 ns, At safepoint: 28100 ns, Total: 144402 ns
[17.959s][info ][safepoint      ] Safepoint "ICBufferFull", Time since last: 13906979 ns, Reaching safepoint: 123803 ns, At safepoint: 24700 ns, Total: 148503 ns
[17.973s][info ][safepoint      ] Safepoint "ICBufferFull", Time since last: 10691615 ns, Reaching safepoint: 3178763 ns, At safepoint: 34901 ns, Total: 3213664 ns
[17.982s][info ][safepoint      ] Safepoint "ICBufferFull", Time since last: 8556672 ns, Reaching safepoint: 127602 ns, At safepoint: 30801 ns, Total: 158403 ns
[17.987s][info ][safepoint      ] Safepoint "ICBufferFull", Time since last: 5189004 ns, Reaching safepoint: 118602 ns, At safepoint: 32601 ns, Total: 151203 ns
[17.993s][info ][safepoint      ] Safepoint "ICBufferFull", Time since last: 5380308 ns, Reaching safepoint: 119402 ns, At safepoint: 29501 ns, Total: 148903 ns
[18.000s][info ][safepoint      ] Safepoint "ICBufferFull", Time since last: 6823437 ns, Reaching safepoint: 119002 ns, At safepoint: 23301 ns, Total: 142303 ns
[18.005s][info ][safepoint      ] Safepoint "ICBufferFull", Time since last: 5242805 ns, Reaching safepoint: 114602 ns, At safepoint: 25701 ns, Total: 140303 ns
[18.010s][info ][safepoint      ] Safepoint "ICBufferFull", Time since last: 5252205 ns, Reaching safepoint: 107002 ns, At safepoint: 36201 ns, Total: 143203 ns
[18.033s][info ][safepoint      ] Safepoint "ICBufferFull", Time since last: 21726835 ns, Reaching safepoint: 757616 ns, At safepoint: 33600 ns, Total: 791216 ns
[18.043s][info ][safepoint      ] Safepoint "ICBufferFull", Time since last: 10235105 ns, Reaching safepoint: 115003 ns, At safepoint: 28000 ns, Total: 143003 ns
[18.064s][info ][safepoint      ] Safepoint "ICBufferFull", Time since last: 20572413 ns, Reaching safepoint: 122902 ns, At safepoint: 29101 ns, Total: 152003 ns
[18.069s][info ][safepoint      ] Safepoint "ICBufferFull", Time since last: 4138683 ns, Reaching safepoint: 742415 ns, At safepoint: 27000 ns, Total: 769415 ns
[18.081s][info ][safepoint      ] Safepoint "ICBufferFull", Time since last: 9940500 ns, Reaching safepoint: 2113842 ns, At safepoint: 26201 ns, Total: 2140043 ns
[18.088s][info ][safepoint      ] Safepoint "ICBufferFull", Time since last: 6247125 ns, Reaching safepoint: 132603 ns, At safepoint: 27500 ns, Total: 160103 ns
[18.102s][info ][safepoint      ] Safepoint "ICBufferFull", Time since last: 14637194 ns, Reaching safepoint: 130602 ns, At safepoint: 24601 ns, Total: 155203 ns
[18.266s][info ][gc,start       ] GC(35) Pause Young (Allocation Failure)
[18.399s][debug][gc,phases      ] GC(35) Scavenge 132.828ms
[18.399s][debug][gc,ref         ] GC(35) Skipped phase 1 of Reference Processing: no references
[18.399s][debug][gc,ref         ] GC(35) ReferenceProcessor::execute queues: 1, RefProcThreadModel::Single, marks_oops_alive: false
[18.399s][debug][gc,ref         ] GC(35) Skipped phase 3 of Reference Processing: no references
[18.399s][debug][gc,ref         ] GC(35) ReferenceProcessor::execute queues: 1, RefProcThreadModel::Single, marks_oops_alive: false
[18.399s][debug][gc,phases      ] GC(35) Reference Processing 0.161ms
[18.399s][debug][gc,phases      ] GC(35)   VM Weak                        Min:  0.0, Avg:  0.0, Max:  0.0, Diff:  0.0, Sum:  0.0, Workers: 4
[18.399s][debug][gc,phases      ] GC(35)     Dead                           Min: 0, Avg:  0.0, Max: 0, Diff: 0, Sum: 0, Workers: 4
[18.399s][debug][gc,phases      ] GC(35)     Total                          Min: 0, Avg: 146.0, Max: 512, Diff: 512, Sum: 584, Workers: 4
[18.399s][debug][gc,phases      ] GC(35)   ObjectSynchronizer Weak        Min:  0.0, Avg:  0.0, Max:  0.0, Diff:  0.0, Sum:  0.0, Workers: 4
[18.399s][debug][gc,phases      ] GC(35)     Dead                           Min: 0, Avg:  0.0, Max: 0, Diff: 0, Sum: 0, Workers: 4
[18.399s][debug][gc,phases      ] GC(35)     Total                          Min: 0, Avg: 91.5, Max: 174, Diff: 174, Sum: 366, Workers: 4
[18.399s][debug][gc,phases      ] GC(35)   JVMTI Tag Weak OopStorage      Min:  0.0, Avg:  0.0, Max:  0.0, Diff:  0.0, Sum:  0.0, Workers: 4
[18.399s][debug][gc,phases      ] GC(35)     Dead                           Min: 0, Avg:  0.0, Max: 0, Diff: 0, Sum: 0, Workers: 4
[18.399s][debug][gc,phases      ] GC(35)     Total                          Min: 0, Avg:  0.0, Max: 0, Diff: 0, Sum: 0, Workers: 4
[18.399s][debug][gc,phases      ] GC(35)   StringTable Weak               Min:  0.1, Avg:  0.1, Max:  0.1, Diff:  0.0, Sum:  0.4, Workers: 4
[18.399s][debug][gc,phases      ] GC(35)     Dead                           Min: 0, Avg:  2.8, Max: 11, Diff: 11, Sum: 11, Workers: 4
[18.399s][debug][gc,phases      ] GC(35)     Total                          Min: 9975, Avg: 10602.2, Max: 11392, Diff: 1417, Sum: 42409, Workers: 4
[18.399s][debug][gc,phases      ] GC(35)   ResolvedMethodTable Weak       Min:  0.0, Avg:  0.0, Max:  0.0, Diff:  0.0, Sum:  0.1, Workers: 4
[18.399s][debug][gc,phases      ] GC(35)     Dead                           Min: 0, Avg:  0.0, Max: 0, Diff: 0, Sum: 0, Workers: 4
[18.399s][debug][gc,phases      ] GC(35)     Total                          Min: 1408, Avg: 1706.5, Max: 1848, Diff: 440, Sum: 6826, Workers: 4
[18.399s][debug][gc,phases      ] GC(35)   JNI Weak                       Min:  0.0, Avg:  0.0, Max:  0.0, Diff:  0.0, Sum:  0.0, Workers: 4
[18.399s][debug][gc,phases      ] GC(35)     Dead                           Min: 0, Avg:  0.0, Max: 0, Diff: 0, Sum: 0, Workers: 4
[18.399s][debug][gc,phases      ] GC(35)     Total                          Min: 0, Avg:  1.8, Max: 7, Diff: 7, Sum: 7, Workers: 4
[18.399s][debug][gc,phases      ] GC(35)   StringDedup Table Weak         Min:  0.0, Avg:  0.0, Max:  0.0, Diff:  0.0, Sum:  0.0, Workers: 4
[18.399s][debug][gc,phases      ] GC(35)     Dead                           Min: 0, Avg:  0.0, Max: 0, Diff: 0, Sum: 0, Workers: 4
[18.399s][debug][gc,phases      ] GC(35)     Total                          Min: 0, Avg:  0.0, Max: 0, Diff: 0, Sum: 0, Workers: 4
[18.399s][debug][gc,phases      ] GC(35)   StringDedup Requests0 Weak     Min:  0.0, Avg:  0.0, Max:  0.0, Diff:  0.0, Sum:  0.0, Workers: 4
[18.399s][debug][gc,phases      ] GC(35)     Dead                           Min: 0, Avg:  0.0, Max: 0, Diff: 0, Sum: 0, Workers: 4
[18.399s][debug][gc,phases      ] GC(35)     Total                          Min: 0, Avg:  0.0, Max: 0, Diff: 0, Sum: 0, Workers: 4
[18.399s][debug][gc,phases      ] GC(35)   StringDedup Requests1 Weak     Min:  0.0, Avg:  0.0, Max:  0.0, Diff:  0.0, Sum:  0.0, Workers: 4
[18.399s][debug][gc,phases      ] GC(35)     Dead                           Min: 0, Avg:  0.0, Max: 0, Diff: 0, Sum: 0, Workers: 4
[18.399s][debug][gc,phases      ] GC(35)     Total                          Min: 0, Avg:  0.0, Max: 0, Diff: 0, Sum: 0, Workers: 4
[18.399s][debug][gc,phases      ] GC(35)   Weak JFR Old Object Samples    Min:  0.0, Avg:  0.0, Max:  0.0, Diff:  0.0, Sum:  0.0, Workers: 4
[18.399s][debug][gc,phases      ] GC(35)     Dead                           Min: 0, Avg:  0.0, Max: 0, Diff: 0, Sum: 0, Workers: 4
[18.399s][debug][gc,phases      ] GC(35)     Total                          Min: 0, Avg:  0.0, Max: 0, Diff: 0, Sum: 0, Workers: 4
[18.399s][debug][gc,phases      ] GC(35) Weak Processing 0.311ms
[18.399s][debug][gc,age         ] GC(35) Desired survivor size 440926208 bytes, new threshold 15 (max threshold 15)
[18.399s][info ][gc,heap        ] GC(35) PSYoungGen: 1597696K(1598976K)->303056K(1596416K) Eden: 1293312K(1293312K)->0K(1293312K) From: 304384K(305664K)->303056K(303104K)
[18.399s][info ][gc,heap        ] GC(35) ParOldGen: 226072K(276480K)->226080K(276480K)
[18.399s][info ][gc,metaspace   ] GC(35) Metaspace: 67273K(68096K)->67273K(68096K) NonClass: 57470K(57920K)->57470K(57920K) Class: 9803K(10176K)->9803K(10176K)
[18.399s][info ][gc             ] GC(35) Pause Young (Allocation Failure) 1781M->516M(1829M) 133.445ms
[18.399s][info ][gc,cpu         ] GC(35) User=0.53s Sys=0.00s Real=0.13s
[18.399s][info ][safepoint      ] Safepoint "ParallelGCFailedAllocation", Time since last: 163112171 ns, Reaching safepoint: 185503 ns, At safepoint: 133552878 ns, Total: 133738381 ns
[18.687s][info ][gc,start       ] GC(36) Pause Young (Allocation Failure)
[18.825s][debug][gc,phases      ] GC(36) Scavenge 138.495ms
[18.825s][debug][gc,ref         ] GC(36) Skipped phase 1 of Reference Processing: no references
[18.825s][debug][gc,ref         ] GC(36) ReferenceProcessor::execute queues: 1, RefProcThreadModel::Single, marks_oops_alive: false
[18.825s][debug][gc,ref         ] GC(36) Skipped phase 3 of Reference Processing: no references
[18.825s][debug][gc,ref         ] GC(36) ReferenceProcessor::execute queues: 1, RefProcThreadModel::Single, marks_oops_alive: false
[18.825s][debug][gc,phases      ] GC(36) Reference Processing 0.180ms
[18.826s][debug][gc,phases      ] GC(36)   VM Weak                        Min:  0.0, Avg:  0.0, Max:  0.0, Diff:  0.0, Sum:  0.0, Workers: 4
[18.826s][debug][gc,phases      ] GC(36)     Dead                           Min: 0, Avg:  0.0, Max: 0, Diff: 0, Sum: 0, Workers: 4
[18.826s][debug][gc,phases      ] GC(36)     Total                          Min: 0, Avg: 147.2, Max: 512, Diff: 512, Sum: 589, Workers: 4
[18.826s][debug][gc,phases      ] GC(36)   ObjectSynchronizer Weak        Min:  0.0, Avg:  0.0, Max:  0.0, Diff:  0.0, Sum:  0.0, Workers: 4
[18.826s][debug][gc,phases      ] GC(36)     Dead                           Min: 0, Avg:  0.0, Max: 0, Diff: 0, Sum: 0, Workers: 4
[18.826s][debug][gc,phases      ] GC(36)     Total                          Min: 0, Avg: 91.5, Max: 174, Diff: 174, Sum: 366, Workers: 4
[18.826s][debug][gc,phases      ] GC(36)   JVMTI Tag Weak OopStorage      Min:  0.0, Avg:  0.0, Max:  0.0, Diff:  0.0, Sum:  0.0, Workers: 4
[18.826s][debug][gc,phases      ] GC(36)     Dead                           Min: 0, Avg:  0.0, Max: 0, Diff: 0, Sum: 0, Workers: 4
[18.826s][debug][gc,phases      ] GC(36)     Total                          Min: 0, Avg:  0.0, Max: 0, Diff: 0, Sum: 0, Workers: 4
[18.826s][debug][gc,phases      ] GC(36)   StringTable Weak               Min:  0.1, Avg:  0.1, Max:  0.1, Diff:  0.0, Sum:  0.5, Workers: 4
[18.826s][debug][gc,phases      ] GC(36)     Dead                           Min: 0, Avg:  3.2, Max: 13, Diff: 13, Sum: 13, Workers: 4
[18.826s][debug][gc,phases      ] GC(36)     Total                          Min: 9920, Avg: 10622.0, Max: 11392, Diff: 1472, Sum: 42488, Workers: 4
[18.826s][debug][gc,phases      ] GC(36)   ResolvedMethodTable Weak       Min:  0.0, Avg:  0.0, Max:  0.0, Diff:  0.0, Sum:  0.1, Workers: 4
[18.826s][debug][gc,phases      ] GC(36)     Dead                           Min: 0, Avg:  7.5, Max: 15, Diff: 15, Sum: 30, Workers: 4
[18.826s][debug][gc,phases      ] GC(36)     Total                          Min: 1408, Avg: 1723.0, Max: 2047, Diff: 639, Sum: 6892, Workers: 4
[18.826s][debug][gc,phases      ] GC(36)   JNI Weak                       Min:  0.0, Avg:  0.0, Max:  0.0, Diff:  0.0, Sum:  0.0, Workers: 4
[18.826s][debug][gc,phases      ] GC(36)     Dead                           Min: 0, Avg:  0.0, Max: 0, Diff: 0, Sum: 0, Workers: 4
[18.826s][debug][gc,phases      ] GC(36)     Total                          Min: 0, Avg:  1.0, Max: 4, Diff: 4, Sum: 4, Workers: 4
[18.826s][debug][gc,phases      ] GC(36)   StringDedup Table Weak         Min:  0.0, Avg:  0.0, Max:  0.0, Diff:  0.0, Sum:  0.0, Workers: 4
[18.826s][debug][gc,phases      ] GC(36)     Dead                           Min: 0, Avg:  0.0, Max: 0, Diff: 0, Sum: 0, Workers: 4
[18.826s][debug][gc,phases      ] GC(36)     Total                          Min: 0, Avg:  0.0, Max: 0, Diff: 0, Sum: 0, Workers: 4
[18.826s][debug][gc,phases      ] GC(36)   StringDedup Requests0 Weak     Min:  0.0, Avg:  0.0, Max:  0.0, Diff:  0.0, Sum:  0.0, Workers: 4
[18.826s][debug][gc,phases      ] GC(36)     Dead                           Min: 0, Avg:  0.0, Max: 0, Diff: 0, Sum: 0, Workers: 4
[18.826s][debug][gc,phases      ] GC(36)     Total                          Min: 0, Avg:  0.0, Max: 0, Diff: 0, Sum: 0, Workers: 4
[18.826s][debug][gc,phases      ] GC(36)   StringDedup Requests1 Weak     Min:  0.0, Avg:  0.0, Max:  0.0, Diff:  0.0, Sum:  0.0, Workers: 4
[18.826s][debug][gc,phases      ] GC(36)     Dead                           Min: 0, Avg:  0.0, Max: 0, Diff: 0, Sum: 0, Workers: 4
[18.826s][debug][gc,phases      ] GC(36)     Total                          Min: 0, Avg:  0.0, Max: 0, Diff: 0, Sum: 0, Workers: 4
[18.826s][debug][gc,phases      ] GC(36)   Weak JFR Old Object Samples    Min:  0.0, Avg:  0.0, Max:  0.0, Diff:  0.0, Sum:  0.0, Workers: 4
[18.826s][debug][gc,phases      ] GC(36)     Dead                           Min: 0, Avg:  0.0, Max: 0, Diff: 0, Sum: 0, Workers: 4
[18.826s][debug][gc,phases      ] GC(36)     Total                          Min: 0, Avg:  0.0, Max: 0, Diff: 0, Sum: 0, Workers: 4
[18.826s][debug][gc,phases      ] GC(36) Weak Processing 0.333ms
[18.826s][debug][gc,age         ] GC(36) Desired survivor size 461373440 bytes, new threshold 15 (max threshold 15)
[18.826s][info ][gc,heap        ] GC(36) PSYoungGen: 1596368K(1596416K)->297600K(1626624K) Eden: 1293312K(1293312K)->0K(1196032K) From: 303056K(303104K)->297600K(430592K)
[18.826s][info ][gc,heap        ] GC(36) ParOldGen: 226080K(276480K)->227880K(276480K)
[18.826s][info ][gc,metaspace   ] GC(36) Metaspace: 67604K(68352K)->67604K(68352K) NonClass: 57764K(58176K)->57764K(58176K) Class: 9839K(10176K)->9839K(10176K)
[18.826s][info ][gc             ] GC(36) Pause Young (Allocation Failure) 1779M->513M(1858M) 139.150ms
[18.826s][info ][gc,cpu         ] GC(36) User=0.55s Sys=0.01s Real=0.14s
[18.826s][info ][safepoint      ] Safepoint "ParallelGCFailedAllocation", Time since last: 287229260 ns, Reaching safepoint: 248305 ns, At safepoint: 139261092 ns, Total: 139509397 ns
[19.130s][info ][gc,start       ] GC(37) Pause Young (Allocation Failure)
[19.267s][debug][gc,phases      ] GC(37) Scavenge 136.883ms
[19.267s][debug][gc,ref         ] GC(37) Skipped phase 1 of Reference Processing: no references
[19.267s][debug][gc,ref         ] GC(37) ReferenceProcessor::execute queues: 1, RefProcThreadModel::Single, marks_oops_alive: false
[19.267s][debug][gc,ref         ] GC(37) Skipped phase 3 of Reference Processing: no references
[19.267s][debug][gc,ref         ] GC(37) ReferenceProcessor::execute queues: 1, RefProcThreadModel::Single, marks_oops_alive: false
[19.267s][debug][gc,phases      ] GC(37) Reference Processing 0.167ms
[19.267s][debug][gc,phases      ] GC(37)   VM Weak                        Min:  0.0, Avg:  0.0, Max:  0.0, Diff:  0.0, Sum:  0.0, Workers: 4
[19.267s][debug][gc,phases      ] GC(37)     Dead                           Min: 0, Avg:  0.0, Max: 0, Diff: 0, Sum: 0, Workers: 4
[19.267s][debug][gc,phases      ] GC(37)     Total                          Min: 0, Avg: 147.2, Max: 589, Diff: 589, Sum: 589, Workers: 4
[19.267s][debug][gc,phases      ] GC(37)   ObjectSynchronizer Weak        Min:  0.0, Avg:  0.0, Max:  0.0, Diff:  0.0, Sum:  0.0, Workers: 4
[19.267s][debug][gc,phases      ] GC(37)     Dead                           Min: 0, Avg:  0.0, Max: 0, Diff: 0, Sum: 0, Workers: 4
[19.267s][debug][gc,phases      ] GC(37)     Total                          Min: 0, Avg: 91.5, Max: 192, Diff: 192, Sum: 366, Workers: 4
[19.267s][debug][gc,phases      ] GC(37)   JVMTI Tag Weak OopStorage      Min:  0.0, Avg:  0.0, Max:  0.0, Diff:  0.0, Sum:  0.0, Workers: 4
[19.267s][debug][gc,phases      ] GC(37)     Dead                           Min: 0, Avg:  0.0, Max: 0, Diff: 0, Sum: 0, Workers: 4
[19.267s][debug][gc,phases      ] GC(37)     Total                          Min: 0, Avg:  0.0, Max: 0, Diff: 0, Sum: 0, Workers: 4
[19.267s][debug][gc,phases      ] GC(37)   StringTable Weak               Min:  0.1, Avg:  0.1, Max:  0.1, Diff:  0.1, Sum:  0.4, Workers: 4
[19.267s][debug][gc,phases      ] GC(37)     Dead                           Min: 0, Avg:  2.8, Max: 11, Diff: 11, Sum: 11, Workers: 4
[19.267s][debug][gc,phases      ] GC(37)     Total                          Min: 4434, Avg: 10625.8, Max: 12736, Diff: 8302, Sum: 42503, Workers: 4
[19.267s][debug][gc,phases      ] GC(37)   ResolvedMethodTable Weak       Min:  0.0, Avg:  0.0, Max:  0.0, Diff:  0.0, Sum:  0.1, Workers: 4
[19.267s][debug][gc,phases      ] GC(37)     Dead                           Min: 0, Avg:  4.0, Max: 14, Diff: 14, Sum: 16, Workers: 4
[19.267s][debug][gc,phases      ] GC(37)     Total                          Min: 1472, Avg: 1724.2, Max: 1914, Diff: 442, Sum: 6897, Workers: 4
[19.267s][debug][gc,phases      ] GC(37)   JNI Weak                       Min:  0.0, Avg:  0.0, Max:  0.0, Diff:  0.0, Sum:  0.0, Workers: 4
[19.267s][debug][gc,phases      ] GC(37)     Dead                           Min: 0, Avg:  0.0, Max: 0, Diff: 0, Sum: 0, Workers: 4
[19.267s][debug][gc,phases      ] GC(37)     Total                          Min: 0, Avg:  2.2, Max: 9, Diff: 9, Sum: 9, Workers: 4
[19.267s][debug][gc,phases      ] GC(37)   StringDedup Table Weak         Min:  0.0, Avg:  0.0, Max:  0.0, Diff:  0.0, Sum:  0.0, Workers: 4
[19.267s][debug][gc,phases      ] GC(37)     Dead                           Min: 0, Avg:  0.0, Max: 0, Diff: 0, Sum: 0, Workers: 4
[19.267s][debug][gc,phases      ] GC(37)     Total                          Min: 0, Avg:  0.0, Max: 0, Diff: 0, Sum: 0, Workers: 4
[19.267s][debug][gc,phases      ] GC(37)   StringDedup Requests0 Weak     Min:  0.0, Avg:  0.0, Max:  0.0, Diff:  0.0, Sum:  0.0, Workers: 4
[19.267s][debug][gc,phases      ] GC(37)     Dead                           Min: 0, Avg:  0.0, Max: 0, Diff: 0, Sum: 0, Workers: 4
[19.267s][debug][gc,phases      ] GC(37)     Total                          Min: 0, Avg:  0.0, Max: 0, Diff: 0, Sum: 0, Workers: 4
[19.267s][debug][gc,phases      ] GC(37)   StringDedup Requests1 Weak     Min:  0.0, Avg:  0.0, Max:  0.0, Diff:  0.0, Sum:  0.0, Workers: 4
[19.267s][debug][gc,phases      ] GC(37)     Dead                           Min: 0, Avg:  0.0, Max: 0, Diff: 0, Sum: 0, Workers: 4
[19.267s][debug][gc,phases      ] GC(37)     Total                          Min: 0, Avg:  0.0, Max: 0, Diff: 0, Sum: 0, Workers: 4
[19.267s][debug][gc,phases      ] GC(37)   Weak JFR Old Object Samples    Min:  0.0, Avg:  0.0, Max:  0.0, Diff:  0.0, Sum:  0.0, Workers: 4
[19.267s][debug][gc,phases      ] GC(37)     Dead                           Min: 0, Avg:  0.0, Max: 0, Diff: 0, Sum: 0, Workers: 4
[19.267s][debug][gc,phases      ] GC(37)     Total                          Min: 0, Avg:  0.0, Max: 0, Diff: 0, Sum: 0, Workers: 4
[19.267s][debug][gc,phases      ] GC(37) Weak Processing 0.351ms
[19.267s][debug][gc,age         ] GC(37) Desired survivor size 475004928 bytes, new threshold 15 (max threshold 15)
[19.267s][info ][gc,heap        ] GC(37) PSYoungGen: 1493632K(1626624K)->294288K(1490432K) Eden: 1196032K(1196032K)->0K(1196032K) From: 297600K(430592K)->294288K(294400K)
[19.267s][info ][gc,heap        ] GC(37) ParOldGen: 227880K(276480K)->228864K(276480K)
[19.267s][info ][gc,metaspace   ] GC(37) Metaspace: 67652K(68416K)->67652K(68416K) NonClass: 57811K(58240K)->57811K(58240K) Class: 9841K(10176K)->9841K(10176K)
[19.267s][info ][gc             ] GC(37) Pause Young (Allocation Failure) 1681M->510M(1725M) 137.547ms
[19.267s][info ][gc,cpu         ] GC(37) User=0.55s Sys=0.00s Real=0.14s
[19.267s][info ][safepoint      ] Safepoint "ParallelGCFailedAllocation", Time since last: 299284702 ns, Reaching safepoint: 4334387 ns, At safepoint: 137677460 ns, Total: 142011847 ns
[19.490s][info ][gc,start       ] GC(38) Pause Young (Allocation Failure)
[19.618s][debug][gc,phases      ] GC(38) Scavenge 127.858ms
[19.618s][debug][gc,ref         ] GC(38) Skipped phase 1 of Reference Processing: no references
[19.618s][debug][gc,ref         ] GC(38) ReferenceProcessor::execute queues: 1, RefProcThreadModel::Single, marks_oops_alive: false
[19.618s][debug][gc,ref         ] GC(38) Skipped phase 3 of Reference Processing: no references
[19.618s][debug][gc,ref         ] GC(38) ReferenceProcessor::execute queues: 1, RefProcThreadModel::Single, marks_oops_alive: false
[19.618s][debug][gc,phases      ] GC(38) Reference Processing 0.166ms
[19.619s][debug][gc,phases      ] GC(38)   VM Weak                        Min:  0.0, Avg:  0.0, Max:  0.0, Diff:  0.0, Sum:  0.0, Workers: 4
[19.619s][debug][gc,phases      ] GC(38)     Dead                           Min: 0, Avg:  0.0, Max: 0, Diff: 0, Sum: 0, Workers: 4
[19.619s][debug][gc,phases      ] GC(38)     Total                          Min: 0, Avg: 147.2, Max: 320, Diff: 320, Sum: 589, Workers: 4
[19.619s][debug][gc,phases      ] GC(38)   ObjectSynchronizer Weak        Min:  0.0, Avg:  0.0, Max:  0.0, Diff:  0.0, Sum:  0.0, Workers: 4
[19.619s][debug][gc,phases      ] GC(38)     Dead                           Min: 0, Avg:  0.0, Max: 0, Diff: 0, Sum: 0, Workers: 4
[19.619s][debug][gc,phases      ] GC(38)     Total                          Min: 46, Avg: 91.5, Max: 128, Diff: 82, Sum: 366, Workers: 4
[19.619s][debug][gc,phases      ] GC(38)   JVMTI Tag Weak OopStorage      Min:  0.0, Avg:  0.0, Max:  0.0, Diff:  0.0, Sum:  0.0, Workers: 4
[19.619s][debug][gc,phases      ] GC(38)     Dead                           Min: 0, Avg:  0.0, Max: 0, Diff: 0, Sum: 0, Workers: 4
[19.619s][debug][gc,phases      ] GC(38)     Total                          Min: 0, Avg:  0.0, Max: 0, Diff: 0, Sum: 0, Workers: 4
[19.619s][debug][gc,phases      ] GC(38)   StringTable Weak               Min:  0.1, Avg:  0.1, Max:  0.1, Diff:  0.0, Sum:  0.5, Workers: 4
[19.619s][debug][gc,phases      ] GC(38)     Dead                           Min: 0, Avg:  0.0, Max: 0, Diff: 0, Sum: 0, Workers: 4
[19.619s][debug][gc,phases      ] GC(38)     Total                          Min: 9984, Avg: 10627.0, Max: 11031, Diff: 1047, Sum: 42508, Workers: 4
[19.619s][debug][gc,phases      ] GC(38)   ResolvedMethodTable Weak       Min:  0.0, Avg:  0.0, Max:  0.0, Diff:  0.0, Sum:  0.1, Workers: 4
[19.619s][debug][gc,phases      ] GC(38)     Dead                           Min: 0, Avg:  0.2, Max: 1, Diff: 1, Sum: 1, Workers: 4
[19.619s][debug][gc,phases      ] GC(38)     Total                          Min: 1536, Avg: 1724.2, Max: 1914, Diff: 378, Sum: 6897, Workers: 4
[19.619s][debug][gc,phases      ] GC(38)   JNI Weak                       Min:  0.0, Avg:  0.0, Max:  0.0, Diff:  0.0, Sum:  0.0, Workers: 4
[19.619s][debug][gc,phases      ] GC(38)     Dead                           Min: 0, Avg:  0.0, Max: 0, Diff: 0, Sum: 0, Workers: 4
[19.619s][debug][gc,phases      ] GC(38)     Total                          Min: 0, Avg:  0.2, Max: 1, Diff: 1, Sum: 1, Workers: 4
[19.619s][debug][gc,phases      ] GC(38)   StringDedup Table Weak         Min:  0.0, Avg:  0.0, Max:  0.0, Diff:  0.0, Sum:  0.0, Workers: 4
[19.619s][debug][gc,phases      ] GC(38)     Dead                           Min: 0, Avg:  0.0, Max: 0, Diff: 0, Sum: 0, Workers: 4
[19.619s][debug][gc,phases      ] GC(38)     Total                          Min: 0, Avg:  0.0, Max: 0, Diff: 0, Sum: 0, Workers: 4
[19.619s][debug][gc,phases      ] GC(38)   StringDedup Requests0 Weak     Min:  0.0, Avg:  0.0, Max:  0.0, Diff:  0.0, Sum:  0.0, Workers: 4
[19.619s][debug][gc,phases      ] GC(38)     Dead                           Min: 0, Avg:  0.0, Max: 0, Diff: 0, Sum: 0, Workers: 4
[19.619s][debug][gc,phases      ] GC(38)     Total                          Min: 0, Avg:  0.0, Max: 0, Diff: 0, Sum: 0, Workers: 4
[19.619s][debug][gc,phases      ] GC(38)   StringDedup Requests1 Weak     Min:  0.0, Avg:  0.0, Max:  0.0, Diff:  0.0, Sum:  0.0, Workers: 4
[19.619s][debug][gc,phases      ] GC(38)     Dead                           Min: 0, Avg:  0.0, Max: 0, Diff: 0, Sum: 0, Workers: 4
[19.619s][debug][gc,phases      ] GC(38)     Total                          Min: 0, Avg:  0.0, Max: 0, Diff: 0, Sum: 0, Workers: 4
[19.619s][debug][gc,phases      ] GC(38)   Weak JFR Old Object Samples    Min:  0.0, Avg:  0.0, Max:  0.0, Diff:  0.0, Sum:  0.0, Workers: 4
[19.619s][debug][gc,phases      ] GC(38)     Dead                           Min: 0, Avg:  0.0, Max: 0, Diff: 0, Sum: 0, Workers: 4
[19.619s][debug][gc,phases      ] GC(38)     Total                          Min: 0, Avg:  0.0, Max: 0, Diff: 0, Sum: 0, Workers: 4
[19.619s][debug][gc,phases      ] GC(38) Weak Processing 0.493ms
[19.619s][debug][gc,age         ] GC(38) Desired survivor size 483393536 bytes, new threshold 15 (max threshold 15)
[19.619s][info ][gc,heap        ] GC(38) PSYoungGen: 1490320K(1490432K)->291680K(1616896K) Eden: 1196032K(1196032K)->0K(1153024K) From: 294288K(294400K)->291680K(463872K)
[19.619s][info ][gc,heap        ] GC(38) ParOldGen: 228864K(276480K)->230296K(276480K)
[19.619s][info ][gc,metaspace   ] GC(38) Metaspace: 67670K(68416K)->67670K(68416K) NonClass: 57828K(58240K)->57828K(58240K) Class: 9841K(10176K)->9841K(10176K)
[19.619s][info ][gc             ] GC(38) Pause Young (Allocation Failure) 1678M->509M(1849M) 128.654ms
[19.619s][info ][gc,cpu         ] GC(38) User=0.51s Sys=0.00s Real=0.13s
[19.619s][info ][safepoint      ] Safepoint "ParallelGCFailedAllocation", Time since last: 222987972 ns, Reaching safepoint: 170103 ns, At safepoint: 128776182 ns, Total: 128946285 ns
[19.869s][info ][gc,start       ] GC(39) Pause Young (Allocation Failure)
[20.003s][debug][gc,phases      ] GC(39) Scavenge 133.251ms
[20.003s][debug][gc,ref         ] GC(39) Skipped phase 1 of Reference Processing: no references
[20.003s][debug][gc,ref         ] GC(39) ReferenceProcessor::execute queues: 1, RefProcThreadModel::Single, marks_oops_alive: false
[20.003s][debug][gc,ref         ] GC(39) Skipped phase 3 of Reference Processing: no references
[20.003s][debug][gc,ref         ] GC(39) ReferenceProcessor::execute queues: 1, RefProcThreadModel::Single, marks_oops_alive: false
[20.003s][debug][gc,phases      ] GC(39) Reference Processing 0.169ms
[20.003s][debug][gc,phases      ] GC(39)   VM Weak                        Min:  0.0, Avg:  0.0, Max:  0.0, Diff:  0.0, Sum:  0.0, Workers: 4
[20.003s][debug][gc,phases      ] GC(39)     Dead                           Min: 0, Avg:  0.0, Max: 0, Diff: 0, Sum: 0, Workers: 4
[20.003s][debug][gc,phases      ] GC(39)     Total                          Min: 0, Avg: 147.2, Max: 589, Diff: 589, Sum: 589, Workers: 4
[20.003s][debug][gc,phases      ] GC(39)   ObjectSynchronizer Weak        Min:  0.0, Avg:  0.0, Max:  0.0, Diff:  0.0, Sum:  0.0, Workers: 4
[20.003s][debug][gc,phases      ] GC(39)     Dead                           Min: 0, Avg:  0.0, Max: 0, Diff: 0, Sum: 0, Workers: 4
[20.003s][debug][gc,phases      ] GC(39)     Total                          Min: 0, Avg: 91.5, Max: 238, Diff: 238, Sum: 366, Workers: 4
[20.003s][debug][gc,phases      ] GC(39)   JVMTI Tag Weak OopStorage      Min:  0.0, Avg:  0.0, Max:  0.0, Diff:  0.0, Sum:  0.0, Workers: 4
[20.003s][debug][gc,phases      ] GC(39)     Dead                           Min: 0, Avg:  0.0, Max: 0, Diff: 0, Sum: 0, Workers: 4
[20.003s][debug][gc,phases      ] GC(39)     Total                          Min: 0, Avg:  0.0, Max: 0, Diff: 0, Sum: 0, Workers: 4
[20.003s][debug][gc,phases      ] GC(39)   StringTable Weak               Min:  0.1, Avg:  0.1, Max:  0.1, Diff:  0.0, Sum:  0.4, Workers: 4
[20.003s][debug][gc,phases      ] GC(39)     Dead                           Min: 0, Avg:  2.8, Max: 11, Diff: 11, Sum: 11, Workers: 4
[20.003s][debug][gc,phases      ] GC(39)     Total                          Min: 10253, Avg: 10627.2, Max: 10816, Diff: 563, Sum: 42509, Workers: 4
[20.003s][debug][gc,phases      ] GC(39)   ResolvedMethodTable Weak       Min:  0.0, Avg:  0.0, Max:  0.0, Diff:  0.0, Sum:  0.1, Workers: 4
[20.003s][debug][gc,phases      ] GC(39)     Dead                           Min: 0, Avg:  0.0, Max: 0, Diff: 0, Sum: 0, Workers: 4
[20.003s][debug][gc,phases      ] GC(39)     Total                          Min: 1600, Avg: 1724.2, Max: 1920, Diff: 320, Sum: 6897, Workers: 4
[20.003s][debug][gc,phases      ] GC(39)   JNI Weak                       Min:  0.0, Avg:  0.0, Max:  0.0, Diff:  0.0, Sum:  0.0, Workers: 4
[20.003s][debug][gc,phases      ] GC(39)     Dead                           Min: 0, Avg:  0.0, Max: 0, Diff: 0, Sum: 0, Workers: 4
[20.003s][debug][gc,phases      ] GC(39)     Total                          Min: 0, Avg:  1.2, Max: 5, Diff: 5, Sum: 5, Workers: 4
[20.003s][debug][gc,phases      ] GC(39)   StringDedup Table Weak         Min:  0.0, Avg:  0.0, Max:  0.0, Diff:  0.0, Sum:  0.0, Workers: 4
[20.003s][debug][gc,phases      ] GC(39)     Dead                           Min: 0, Avg:  0.0, Max: 0, Diff: 0, Sum: 0, Workers: 4
[20.003s][debug][gc,phases      ] GC(39)     Total                          Min: 0, Avg:  0.0, Max: 0, Diff: 0, Sum: 0, Workers: 4
[20.003s][debug][gc,phases      ] GC(39)   StringDedup Requests0 Weak     Min:  0.0, Avg:  0.0, Max:  0.0, Diff:  0.0, Sum:  0.0, Workers: 4
[20.003s][debug][gc,phases      ] GC(39)     Dead                           Min: 0, Avg:  0.0, Max: 0, Diff: 0, Sum: 0, Workers: 4
[20.003s][debug][gc,phases      ] GC(39)     Total                          Min: 0, Avg:  0.0, Max: 0, Diff: 0, Sum: 0, Workers: 4
[20.003s][debug][gc,phases      ] GC(39)   StringDedup Requests1 Weak     Min:  0.0, Avg:  0.0, Max:  0.0, Diff:  0.0, Sum:  0.0, Workers: 4
[20.003s][debug][gc,phases      ] GC(39)     Dead                           Min: 0, Avg:  0.0, Max: 0, Diff: 0, Sum: 0, Workers: 4
[20.003s][debug][gc,phases      ] GC(39)     Total                          Min: 0, Avg:  0.0, Max: 0, Diff: 0, Sum: 0, Workers: 4
[20.003s][debug][gc,phases      ] GC(39)   Weak JFR Old Object Samples    Min:  0.0, Avg:  0.0, Max:  0.0, Diff:  0.0, Sum:  0.0, Workers: 4
[20.003s][debug][gc,phases      ] GC(39)     Dead                           Min: 0, Avg:  0.0, Max: 0, Diff: 0, Sum: 0, Workers: 4
[20.003s][debug][gc,phases      ] GC(39)     Total                          Min: 0, Avg:  0.0, Max: 0, Diff: 0, Sum: 0, Workers: 4
[20.003s][debug][gc,phases      ] GC(39) Weak Processing 0.331ms
[20.003s][debug][gc,age         ] GC(39) Desired survivor size 487063552 bytes, new threshold 15 (max threshold 15)
[20.003s][info ][gc,heap        ] GC(39) PSYoungGen: 1444704K(1616896K)->288592K(1441792K) Eden: 1153024K(1153024K)->0K(1153024K) From: 291680K(463872K)->288592K(288768K)
[20.003s][info ][gc,heap        ] GC(39) ParOldGen: 230296K(276480K)->231736K(276480K)
[20.003s][info ][gc,metaspace   ] GC(39) Metaspace: 67689K(68416K)->67689K(68416K) NonClass: 57847K(58240K)->57847K(58240K) Class: 9841K(10176K)->9841K(10176K)
[20.003s][info ][gc             ] GC(39) Pause Young (Allocation Failure) 1635M->508M(1678M) 133.892ms
[20.003s][info ][gc,cpu         ] GC(39) User=0.53s Sys=0.01s Real=0.13s
[20.003s][info ][safepoint      ] Safepoint "ParallelGCFailedAllocation", Time since last: 245954832 ns, Reaching safepoint: 4295987 ns, At safepoint: 134008087 ns, Total: 138304074 ns
[20.290s][info ][gc,start       ] GC(40) Pause Young (Allocation Failure)
[20.415s][debug][gc,phases      ] GC(40) Scavenge 124.769ms
[20.415s][debug][gc,ref         ] GC(40) Skipped phase 1 of Reference Processing: no references
[20.415s][debug][gc,ref         ] GC(40) ReferenceProcessor::execute queues: 1, RefProcThreadModel::Single, marks_oops_alive: false
[20.415s][debug][gc,ref         ] GC(40) Skipped phase 3 of Reference Processing: no references
[20.415s][debug][gc,ref         ] GC(40) ReferenceProcessor::execute queues: 1, RefProcThreadModel::Single, marks_oops_alive: false
[20.415s][debug][gc,phases      ] GC(40) Reference Processing 0.143ms
[20.415s][debug][gc,phases      ] GC(40)   VM Weak                        Min:  0.0, Avg:  0.0, Max:  0.0, Diff:  0.0, Sum:  0.0, Workers: 4
[20.415s][debug][gc,phases      ] GC(40)     Dead                           Min: 0, Avg:  0.0, Max: 0, Diff: 0, Sum: 0, Workers: 4
[20.415s][debug][gc,phases      ] GC(40)     Total                          Min: 0, Avg: 147.2, Max: 576, Diff: 576, Sum: 589, Workers: 4
[20.415s][debug][gc,phases      ] GC(40)   ObjectSynchronizer Weak        Min:  0.0, Avg:  0.0, Max:  0.0, Diff:  0.0, Sum:  0.0, Workers: 4
[20.415s][debug][gc,phases      ] GC(40)     Dead                           Min: 0, Avg:  0.0, Max: 0, Diff: 0, Sum: 0, Workers: 4
[20.415s][debug][gc,phases      ] GC(40)     Total                          Min: 0, Avg: 91.5, Max: 192, Diff: 192, Sum: 366, Workers: 4
[20.415s][debug][gc,phases      ] GC(40)   JVMTI Tag Weak OopStorage      Min:  0.0, Avg:  0.0, Max:  0.0, Diff:  0.0, Sum:  0.0, Workers: 4
[20.415s][debug][gc,phases      ] GC(40)     Dead                           Min: 0, Avg:  0.0, Max: 0, Diff: 0, Sum: 0, Workers: 4
[20.415s][debug][gc,phases      ] GC(40)     Total                          Min: 0, Avg:  0.0, Max: 0, Diff: 0, Sum: 0, Workers: 4
[20.415s][debug][gc,phases      ] GC(40)   StringTable Weak               Min:  0.1, Avg:  0.1, Max:  0.1, Diff:  0.0, Sum:  0.4, Workers: 4
[20.415s][debug][gc,phases      ] GC(40)     Dead                           Min: 0, Avg:  2.8, Max: 11, Diff: 11, Sum: 11, Workers: 4
[20.415s][debug][gc,phases      ] GC(40)     Total                          Min: 9947, Avg: 10628.0, Max: 11381, Diff: 1434, Sum: 42512, Workers: 4
[20.415s][debug][gc,phases      ] GC(40)   ResolvedMethodTable Weak       Min:  0.0, Avg:  0.0, Max:  0.0, Diff:  0.0, Sum:  0.1, Workers: 4
[20.415s][debug][gc,phases      ] GC(40)     Dead                           Min: 0, Avg:  0.0, Max: 0, Diff: 0, Sum: 0, Workers: 4
[20.415s][debug][gc,phases      ] GC(40)     Total                          Min: 1472, Avg: 1724.2, Max: 1914, Diff: 442, Sum: 6897, Workers: 4
[20.415s][debug][gc,phases      ] GC(40)   JNI Weak                       Min:  0.0, Avg:  0.0, Max:  0.0, Diff:  0.0, Sum:  0.0, Workers: 4
[20.415s][debug][gc,phases      ] GC(40)     Dead                           Min: 0, Avg:  0.0, Max: 0, Diff: 0, Sum: 0, Workers: 4
[20.415s][debug][gc,phases      ] GC(40)     Total                          Min: 0, Avg:  1.0, Max: 4, Diff: 4, Sum: 4, Workers: 4
[20.415s][debug][gc,phases      ] GC(40)   StringDedup Table Weak         Min:  0.0, Avg:  0.0, Max:  0.0, Diff:  0.0, Sum:  0.0, Workers: 4
[20.415s][debug][gc,phases      ] GC(40)     Dead                           Min: 0, Avg:  0.0, Max: 0, Diff: 0, Sum: 0, Workers: 4
[20.415s][debug][gc,phases      ] GC(40)     Total                          Min: 0, Avg:  0.0, Max: 0, Diff: 0, Sum: 0, Workers: 4
[20.415s][debug][gc,phases      ] GC(40)   StringDedup Requests0 Weak     Min:  0.0, Avg:  0.0, Max:  0.0, Diff:  0.0, Sum:  0.0, Workers: 4
[20.415s][debug][gc,phases      ] GC(40)     Dead                           Min: 0, Avg:  0.0, Max: 0, Diff: 0, Sum: 0, Workers: 4
[20.415s][debug][gc,phases      ] GC(40)     Total                          Min: 0, Avg:  0.0, Max: 0, Diff: 0, Sum: 0, Workers: 4
[20.415s][debug][gc,phases      ] GC(40)   StringDedup Requests1 Weak     Min:  0.0, Avg:  0.0, Max:  0.0, Diff:  0.0, Sum:  0.0, Workers: 4
[20.415s][debug][gc,phases      ] GC(40)     Dead                           Min: 0, Avg:  0.0, Max: 0, Diff: 0, Sum: 0, Workers: 4
[20.415s][debug][gc,phases      ] GC(40)     Total                          Min: 0, Avg:  0.0, Max: 0, Diff: 0, Sum: 0, Workers: 4
[20.415s][debug][gc,phases      ] GC(40)   Weak JFR Old Object Samples    Min:  0.0, Avg:  0.0, Max:  0.0, Diff:  0.0, Sum:  0.0, Workers: 4
[20.415s][debug][gc,phases      ] GC(40)     Dead                           Min: 0, Avg:  0.0, Max: 0, Diff: 0, Sum: 0, Workers: 4
[20.415s][debug][gc,phases      ] GC(40)     Total                          Min: 0, Avg:  0.0, Max: 0, Diff: 0, Sum: 0, Workers: 4
[20.415s][debug][gc,phases      ] GC(40) Weak Processing 0.321ms
[20.415s][debug][gc,age         ] GC(40) Desired survivor size 487063552 bytes, new threshold 15 (max threshold 15)
[20.415s][info ][gc,heap        ] GC(40) PSYoungGen: 1441616K(1441792K)->285920K(1621504K) Eden: 1153024K(1153024K)->0K(1145856K) From: 288592K(288768K)->285920K(475648K)
[20.415s][info ][gc,heap        ] GC(40) ParOldGen: 231736K(276480K)->231972K(276480K)
[20.415s][info ][gc,metaspace   ] GC(40) Metaspace: 67716K(68416K)->67716K(68416K) NonClass: 57874K(58240K)->57874K(58240K) Class: 9841K(10176K)->9841K(10176K)
[20.415s][info ][gc             ] GC(40) Pause Young (Allocation Failure) 1634M->505M(1853M) 125.362ms
[20.415s][info ][gc,cpu         ] GC(40) User=0.49s Sys=0.00s Real=0.13s
[20.415s][info ][safepoint      ] Safepoint "ParallelGCFailedAllocation", Time since last: 285715629 ns, Reaching safepoint: 629012 ns, At safepoint: 125470316 ns, Total: 126099328 ns
[20.641s][info ][gc,start       ] GC(41) Pause Young (Allocation Failure)
[20.764s][debug][gc,phases      ] GC(41) Scavenge 122.705ms
[20.764s][debug][gc,ref         ] GC(41) Skipped phase 1 of Reference Processing: no references
[20.764s][debug][gc,ref         ] GC(41) ReferenceProcessor::execute queues: 1, RefProcThreadModel::Single, marks_oops_alive: false
[20.764s][debug][gc,ref         ] GC(41) Skipped phase 3 of Reference Processing: no references
[20.764s][debug][gc,ref         ] GC(41) ReferenceProcessor::execute queues: 1, RefProcThreadModel::Single, marks_oops_alive: false
[20.764s][debug][gc,phases      ] GC(41) Reference Processing 0.153ms
[20.764s][debug][gc,phases      ] GC(41)   VM Weak                        Min:  0.0, Avg:  0.0, Max:  0.0, Diff:  0.0, Sum:  0.0, Workers: 4
[20.764s][debug][gc,phases      ] GC(41)     Dead                           Min: 0, Avg:  0.0, Max: 0, Diff: 0, Sum: 0, Workers: 4
[20.764s][debug][gc,phases      ] GC(41)     Total                          Min: 0, Avg: 147.2, Max: 397, Diff: 397, Sum: 589, Workers: 4
[20.764s][debug][gc,phases      ] GC(41)   ObjectSynchronizer Weak        Min:  0.0, Avg:  0.0, Max:  0.0, Diff:  0.0, Sum:  0.0, Workers: 4
[20.764s][debug][gc,phases      ] GC(41)     Dead                           Min: 0, Avg:  0.0, Max: 0, Diff: 0, Sum: 0, Workers: 4
[20.764s][debug][gc,phases      ] GC(41)     Total                          Min: 0, Avg: 91.5, Max: 192, Diff: 192, Sum: 366, Workers: 4
[20.764s][debug][gc,phases      ] GC(41)   JVMTI Tag Weak OopStorage      Min:  0.0, Avg:  0.0, Max:  0.0, Diff:  0.0, Sum:  0.0, Workers: 4
[20.764s][debug][gc,phases      ] GC(41)     Dead                           Min: 0, Avg:  0.0, Max: 0, Diff: 0, Sum: 0, Workers: 4
[20.764s][debug][gc,phases      ] GC(41)     Total                          Min: 0, Avg:  0.0, Max: 0, Diff: 0, Sum: 0, Workers: 4
[20.764s][debug][gc,phases      ] GC(41)   StringTable Weak               Min:  0.1, Avg:  0.1, Max:  0.1, Diff:  0.0, Sum:  0.4, Workers: 4
[20.764s][debug][gc,phases      ] GC(41)     Dead                           Min: 0, Avg:  2.8, Max: 6, Diff: 6, Sum: 11, Workers: 4
[20.764s][debug][gc,phases      ] GC(41)     Total                          Min: 9792, Avg: 10629.5, Max: 11904, Diff: 2112, Sum: 42518, Workers: 4
[20.764s][debug][gc,phases      ] GC(41)   ResolvedMethodTable Weak       Min:  0.0, Avg:  0.0, Max:  0.0, Diff:  0.0, Sum:  0.1, Workers: 4
[20.764s][debug][gc,phases      ] GC(41)     Dead                           Min: 0, Avg:  0.0, Max: 0, Diff: 0, Sum: 0, Workers: 4
[20.764s][debug][gc,phases      ] GC(41)     Total                          Min: 1592, Avg: 1724.2, Max: 1850, Diff: 258, Sum: 6897, Workers: 4
[20.764s][debug][gc,phases      ] GC(41)   JNI Weak                       Min:  0.0, Avg:  0.0, Max:  0.0, Diff:  0.0, Sum:  0.0, Workers: 4
[20.764s][debug][gc,phases      ] GC(41)     Dead                           Min: 0, Avg:  0.0, Max: 0, Diff: 0, Sum: 0, Workers: 4
[20.764s][debug][gc,phases      ] GC(41)     Total                          Min: 0, Avg:  0.5, Max: 2, Diff: 2, Sum: 2, Workers: 4
[20.764s][debug][gc,phases      ] GC(41)   StringDedup Table Weak         Min:  0.0, Avg:  0.0, Max:  0.0, Diff:  0.0, Sum:  0.0, Workers: 4
[20.764s][debug][gc,phases      ] GC(41)     Dead                           Min: 0, Avg:  0.0, Max: 0, Diff: 0, Sum: 0, Workers: 4
[20.764s][debug][gc,phases      ] GC(41)     Total                          Min: 0, Avg:  0.0, Max: 0, Diff: 0, Sum: 0, Workers: 4
[20.764s][debug][gc,phases      ] GC(41)   StringDedup Requests0 Weak     Min:  0.0, Avg:  0.0, Max:  0.0, Diff:  0.0, Sum:  0.0, Workers: 4
[20.764s][debug][gc,phases      ] GC(41)     Dead                           Min: 0, Avg:  0.0, Max: 0, Diff: 0, Sum: 0, Workers: 4
[20.764s][debug][gc,phases      ] GC(41)     Total                          Min: 0, Avg:  0.0, Max: 0, Diff: 0, Sum: 0, Workers: 4
[20.764s][debug][gc,phases      ] GC(41)   StringDedup Requests1 Weak     Min:  0.0, Avg:  0.0, Max:  0.0, Diff:  0.0, Sum:  0.0, Workers: 4
[20.764s][debug][gc,phases      ] GC(41)     Dead                           Min: 0, Avg:  0.0, Max: 0, Diff: 0, Sum: 0, Workers: 4
[20.764s][debug][gc,phases      ] GC(41)     Total                          Min: 0, Avg:  0.0, Max: 0, Diff: 0, Sum: 0, Workers: 4
[20.764s][debug][gc,phases      ] GC(41)   Weak JFR Old Object Samples    Min:  0.0, Avg:  0.0, Max:  0.0, Diff:  0.0, Sum:  0.0, Workers: 4
[20.764s][debug][gc,phases      ] GC(41)     Dead                           Min: 0, Avg:  0.0, Max: 0, Diff: 0, Sum: 0, Workers: 4
[20.764s][debug][gc,phases      ] GC(41)     Total                          Min: 0, Avg:  0.0, Max: 0, Diff: 0, Sum: 0, Workers: 4
[20.764s][debug][gc,phases      ] GC(41) Weak Processing 0.322ms
[20.764s][debug][gc,age         ] GC(41) Desired survivor size 482344960 bytes, new threshold 15 (max threshold 15)
[20.764s][info ][gc,heap        ] GC(41) PSYoungGen: 1431776K(1621504K)->278080K(1621504K) Eden: 1145856K(1145856K)->0K(1145856K) From: 285920K(475648K)->278080K(475648K)
[20.764s][info ][gc,heap        ] GC(41) ParOldGen: 231972K(276480K)->233481K(276480K)
[20.764s][info ][gc,metaspace   ] GC(41) Metaspace: 67729K(68480K)->67729K(68480K) NonClass: 57888K(58304K)->57888K(58304K) Class: 9841K(10176K)->9841K(10176K)
[20.764s][info ][gc             ] GC(41) Pause Young (Allocation Failure) 1624M->499M(1853M) 123.349ms
[20.764s][info ][gc,cpu         ] GC(41) User=0.49s Sys=0.00s Real=0.12s
[20.764s][info ][safepoint      ] Safepoint "ParallelGCFailedAllocation", Time since last: 225569323 ns, Reaching safepoint: 169104 ns, At safepoint: 123461975 ns, Total: 123631079 ns
[21.078s][info ][gc,start       ] GC(42) Pause Young (Allocation Failure)
[21.246s][debug][gc,phases      ] GC(42) Scavenge 167.841ms
[21.246s][debug][gc,ref         ] GC(42) Skipped phase 1 of Reference Processing: no references
[21.246s][debug][gc,ref         ] GC(42) ReferenceProcessor::execute queues: 1, RefProcThreadModel::Single, marks_oops_alive: false
[21.246s][debug][gc,ref         ] GC(42) Skipped phase 3 of Reference Processing: no references
[21.246s][debug][gc,ref         ] GC(42) ReferenceProcessor::execute queues: 1, RefProcThreadModel::Single, marks_oops_alive: false
[21.246s][debug][gc,phases      ] GC(42) Reference Processing 0.156ms
[21.246s][debug][gc,phases      ] GC(42)   VM Weak                        Min:  0.0, Avg:  0.0, Max:  0.0, Diff:  0.0, Sum:  0.0, Workers: 4
[21.246s][debug][gc,phases      ] GC(42)     Dead                           Min: 0, Avg:  0.0, Max: 0, Diff: 0, Sum: 0, Workers: 4
[21.246s][debug][gc,phases      ] GC(42)     Total                          Min: 0, Avg: 147.2, Max: 525, Diff: 525, Sum: 589, Workers: 4
[21.246s][debug][gc,phases      ] GC(42)   ObjectSynchronizer Weak        Min:  0.0, Avg:  0.0, Max:  0.0, Diff:  0.0, Sum:  0.0, Workers: 4
[21.246s][debug][gc,phases      ] GC(42)     Dead                           Min: 0, Avg:  0.0, Max: 0, Diff: 0, Sum: 0, Workers: 4
[21.246s][debug][gc,phases      ] GC(42)     Total                          Min: 0, Avg: 91.5, Max: 238, Diff: 238, Sum: 366, Workers: 4
[21.246s][debug][gc,phases      ] GC(42)   JVMTI Tag Weak OopStorage      Min:  0.0, Avg:  0.0, Max:  0.0, Diff:  0.0, Sum:  0.0, Workers: 4
[21.246s][debug][gc,phases      ] GC(42)     Dead                           Min: 0, Avg:  0.0, Max: 0, Diff: 0, Sum: 0, Workers: 4
[21.246s][debug][gc,phases      ] GC(42)     Total                          Min: 0, Avg:  0.0, Max: 0, Diff: 0, Sum: 0, Workers: 4
[21.246s][debug][gc,phases      ] GC(42)   StringTable Weak               Min:  0.1, Avg:  0.1, Max:  0.1, Diff:  0.0, Sum:  0.4, Workers: 4
[21.246s][debug][gc,phases      ] GC(42)     Dead                           Min: 0, Avg:  0.2, Max: 1, Diff: 1, Sum: 1, Workers: 4
[21.246s][debug][gc,phases      ] GC(42)     Total                          Min: 9449, Avg: 10634.0, Max: 11648, Diff: 2199, Sum: 42536, Workers: 4
[21.246s][debug][gc,phases      ] GC(42)   ResolvedMethodTable Weak       Min:  0.0, Avg:  0.0, Max:  0.0, Diff:  0.0, Sum:  0.1, Workers: 4
[21.246s][debug][gc,phases      ] GC(42)     Dead                           Min: 0, Avg:  0.0, Max: 0, Diff: 0, Sum: 0, Workers: 4
[21.246s][debug][gc,phases      ] GC(42)     Total                          Min: 1408, Avg: 1727.0, Max: 2046, Diff: 638, Sum: 6908, Workers: 4
[21.246s][debug][gc,phases      ] GC(42)   JNI Weak                       Min:  0.0, Avg:  0.0, Max:  0.0, Diff:  0.0, Sum:  0.0, Workers: 4
[21.246s][debug][gc,phases      ] GC(42)     Dead                           Min: 0, Avg:  0.0, Max: 0, Diff: 0, Sum: 0, Workers: 4
[21.246s][debug][gc,phases      ] GC(42)     Total                          Min: 0, Avg:  2.5, Max: 10, Diff: 10, Sum: 10, Workers: 4
[21.246s][debug][gc,phases      ] GC(42)   StringDedup Table Weak         Min:  0.0, Avg:  0.0, Max:  0.0, Diff:  0.0, Sum:  0.0, Workers: 4
[21.246s][debug][gc,phases      ] GC(42)     Dead                           Min: 0, Avg:  0.0, Max: 0, Diff: 0, Sum: 0, Workers: 4
[21.246s][debug][gc,phases      ] GC(42)     Total                          Min: 0, Avg:  0.0, Max: 0, Diff: 0, Sum: 0, Workers: 4
[21.246s][debug][gc,phases      ] GC(42)   StringDedup Requests0 Weak     Min:  0.0, Avg:  0.0, Max:  0.0, Diff:  0.0, Sum:  0.0, Workers: 4
[21.246s][debug][gc,phases      ] GC(42)     Dead                           Min: 0, Avg:  0.0, Max: 0, Diff: 0, Sum: 0, Workers: 4
[21.246s][debug][gc,phases      ] GC(42)     Total                          Min: 0, Avg:  0.0, Max: 0, Diff: 0, Sum: 0, Workers: 4
[21.246s][debug][gc,phases      ] GC(42)   StringDedup Requests1 Weak     Min:  0.0, Avg:  0.0, Max:  0.0, Diff:  0.0, Sum:  0.0, Workers: 4
[21.246s][debug][gc,phases      ] GC(42)     Dead                           Min: 0, Avg:  0.0, Max: 0, Diff: 0, Sum: 0, Workers: 4
[21.246s][debug][gc,phases      ] GC(42)     Total                          Min: 0, Avg:  0.0, Max: 0, Diff: 0, Sum: 0, Workers: 4
[21.246s][debug][gc,phases      ] GC(42)   Weak JFR Old Object Samples    Min:  0.0, Avg:  0.0, Max:  0.0, Diff:  0.0, Sum:  0.0, Workers: 4
[21.246s][debug][gc,phases      ] GC(42)     Dead                           Min: 0, Avg:  0.0, Max: 0, Diff: 0, Sum: 0, Workers: 4
[21.246s][debug][gc,phases      ] GC(42)     Total                          Min: 0, Avg:  0.0, Max: 0, Diff: 0, Sum: 0, Workers: 4
[21.246s][debug][gc,phases      ] GC(42) Weak Processing 0.318ms
[21.246s][debug][gc,age         ] GC(42) Desired survivor size 473956352 bytes, new threshold 15 (max threshold 15)
[21.246s][info ][gc,heap        ] GC(42) PSYoungGen: 1423936K(1621504K)->271584K(1634304K) Eden: 1145856K(1145856K)->0K(1163264K) From: 278080K(475648K)->271584K(471040K)
[21.246s][info ][gc,heap        ] GC(42) ParOldGen: 233481K(276480K)->234575K(276480K)
[21.246s][info ][gc,metaspace   ] GC(42) Metaspace: 67800K(68544K)->67800K(68544K) NonClass: 57953K(58368K)->57953K(58368K) Class: 9846K(10176K)->9846K(10176K)
[21.246s][info ][gc             ] GC(42) Pause Young (Allocation Failure) 1618M->494M(1866M) 168.450ms
[21.247s][info ][gc,cpu         ] GC(42) User=0.55s Sys=0.00s Real=0.17s
[21.247s][info ][safepoint      ] Safepoint "ParallelGCFailedAllocation", Time since last: 307890874 ns, Reaching safepoint: 5705615 ns, At safepoint: 168586580 ns, Total: 174292195 ns
[21.613s][info ][gc,start       ] GC(43) Pause Young (Allocation Failure)
[21.765s][debug][gc,phases      ] GC(43) Scavenge 152.020ms
[21.765s][debug][gc,ref         ] GC(43) Skipped phase 1 of Reference Processing: no references
[21.765s][debug][gc,ref         ] GC(43) ReferenceProcessor::execute queues: 1, RefProcThreadModel::Single, marks_oops_alive: false
[21.765s][debug][gc,ref         ] GC(43) Skipped phase 3 of Reference Processing: no references
[21.765s][debug][gc,ref         ] GC(43) ReferenceProcessor::execute queues: 1, RefProcThreadModel::Single, marks_oops_alive: false
[21.765s][debug][gc,phases      ] GC(43) Reference Processing 0.184ms
[21.766s][debug][gc,phases      ] GC(43)   VM Weak                        Min:  0.0, Avg:  0.0, Max:  0.0, Diff:  0.0, Sum:  0.0, Workers: 4
[21.766s][debug][gc,phases      ] GC(43)     Dead                           Min: 0, Avg:  0.0, Max: 0, Diff: 0, Sum: 0, Workers: 4
[21.766s][debug][gc,phases      ] GC(43)     Total                          Min: 0, Avg: 147.2, Max: 461, Diff: 461, Sum: 589, Workers: 4
[21.766s][debug][gc,phases      ] GC(43)   ObjectSynchronizer Weak        Min:  0.0, Avg:  0.0, Max:  0.0, Diff:  0.0, Sum:  0.0, Workers: 4
[21.766s][debug][gc,phases      ] GC(43)     Dead                           Min: 0, Avg:  0.0, Max: 0, Diff: 0, Sum: 0, Workers: 4
[21.766s][debug][gc,phases      ] GC(43)     Total                          Min: 0, Avg: 91.5, Max: 192, Diff: 192, Sum: 366, Workers: 4
[21.766s][debug][gc,phases      ] GC(43)   JVMTI Tag Weak OopStorage      Min:  0.0, Avg:  0.0, Max:  0.0, Diff:  0.0, Sum:  0.0, Workers: 4
[21.766s][debug][gc,phases      ] GC(43)     Dead                           Min: 0, Avg:  0.0, Max: 0, Diff: 0, Sum: 0, Workers: 4
[21.766s][debug][gc,phases      ] GC(43)     Total                          Min: 0, Avg:  0.0, Max: 0, Diff: 0, Sum: 0, Workers: 4
[21.766s][debug][gc,phases      ] GC(43)   StringTable Weak               Min:  0.0, Avg:  0.1, Max:  0.2, Diff:  0.2, Sum:  0.4, Workers: 4
[21.766s][debug][gc,phases      ] GC(43)     Dead                           Min: 0, Avg:  3.0, Max: 11, Diff: 11, Sum: 12, Workers: 4
[21.766s][debug][gc,phases      ] GC(43)     Total                          Min: 0, Avg: 10635.2, Max: 21755, Diff: 21755, Sum: 42541, Workers: 4
[21.766s][debug][gc,phases      ] GC(43)   ResolvedMethodTable Weak       Min:  0.0, Avg:  0.0, Max:  0.0, Diff:  0.0, Sum:  0.1, Workers: 4
[21.766s][debug][gc,phases      ] GC(43)     Dead                           Min: 0, Avg:  0.0, Max: 0, Diff: 0, Sum: 0, Workers: 4
[21.766s][debug][gc,phases      ] GC(43)     Total                          Min: 0, Avg: 1729.2, Max: 3462, Diff: 3462, Sum: 6917, Workers: 4
[21.766s][debug][gc,phases      ] GC(43)   JNI Weak                       Min:  0.0, Avg:  0.0, Max:  0.0, Diff:  0.0, Sum:  0.0, Workers: 4
[21.766s][debug][gc,phases      ] GC(43)     Dead                           Min: 0, Avg:  0.0, Max: 0, Diff: 0, Sum: 0, Workers: 4
[21.766s][debug][gc,phases      ] GC(43)     Total                          Min: 0, Avg:  1.5, Max: 6, Diff: 6, Sum: 6, Workers: 4
[21.766s][debug][gc,phases      ] GC(43)   StringDedup Table Weak         Min:  0.0, Avg:  0.0, Max:  0.0, Diff:  0.0, Sum:  0.0, Workers: 4
[21.766s][debug][gc,phases      ] GC(43)     Dead                           Min: 0, Avg:  0.0, Max: 0, Diff: 0, Sum: 0, Workers: 4
[21.766s][debug][gc,phases      ] GC(43)     Total                          Min: 0, Avg:  0.0, Max: 0, Diff: 0, Sum: 0, Workers: 4
[21.766s][debug][gc,phases      ] GC(43)   StringDedup Requests0 Weak     Min:  0.0, Avg:  0.0, Max:  0.0, Diff:  0.0, Sum:  0.0, Workers: 4
[21.766s][debug][gc,phases      ] GC(43)     Dead                           Min: 0, Avg:  0.0, Max: 0, Diff: 0, Sum: 0, Workers: 4
[21.766s][debug][gc,phases      ] GC(43)     Total                          Min: 0, Avg:  0.0, Max: 0, Diff: 0, Sum: 0, Workers: 4
[21.766s][debug][gc,phases      ] GC(43)   StringDedup Requests1 Weak     Min:  0.0, Avg:  0.0, Max:  0.0, Diff:  0.0, Sum:  0.0, Workers: 4
[21.766s][debug][gc,phases      ] GC(43)     Dead                           Min: 0, Avg:  0.0, Max: 0, Diff: 0, Sum: 0, Workers: 4
[21.766s][debug][gc,phases      ] GC(43)     Total                          Min: 0, Avg:  0.0, Max: 0, Diff: 0, Sum: 0, Workers: 4
[21.766s][debug][gc,phases      ] GC(43)   Weak JFR Old Object Samples    Min:  0.0, Avg:  0.0, Max:  0.0, Diff:  0.0, Sum:  0.0, Workers: 4
[21.766s][debug][gc,phases      ] GC(43)     Dead                           Min: 0, Avg:  0.0, Max: 0, Diff: 0, Sum: 0, Workers: 4
[21.766s][debug][gc,phases      ] GC(43)     Total                          Min: 0, Avg:  0.0, Max: 0, Diff: 0, Sum: 0, Workers: 4
[21.766s][debug][gc,phases      ] GC(43) Weak Processing 0.514ms
[21.766s][debug][gc,age         ] GC(43) Desired survivor size 462422016 bytes, new threshold 15 (max threshold 15)
[21.766s][info ][gc,heap        ] GC(43) PSYoungGen: 1434848K(1634304K)->263520K(1626112K) Eden: 1163264K(1163264K)->0K(1163264K) From: 271584K(471040K)->263520K(462848K)
[21.766s][info ][gc,heap        ] GC(43) ParOldGen: 234575K(276480K)->237129K(276480K)
[21.766s][info ][gc,metaspace   ] GC(43) Metaspace: 67814K(68544K)->67814K(68544K) NonClass: 57964K(58368K)->57964K(58368K) Class: 9849K(10176K)->9849K(10176K)
[21.766s][info ][gc             ] GC(43) Pause Young (Allocation Failure) 1630M->488M(1858M) 152.920ms
[21.766s][info ][gc,cpu         ] GC(43) User=0.54s Sys=0.00s Real=0.15s
[21.766s][info ][safepoint      ] Safepoint "ParallelGCFailedAllocation", Time since last: 364093901 ns, Reaching safepoint: 2145643 ns, At safepoint: 153060269 ns, Total: 155205912 ns
[22.193s][info ][gc,start       ] GC(44) Pause Young (Allocation Failure)
[22.320s][debug][gc,phases      ] GC(44) Scavenge 126.746ms
[22.320s][debug][gc,ref         ] GC(44) Skipped phase 1 of Reference Processing: no references
[22.320s][debug][gc,ref         ] GC(44) ReferenceProcessor::execute queues: 1, RefProcThreadModel::Single, marks_oops_alive: false
[22.320s][debug][gc,ref         ] GC(44) Skipped phase 3 of Reference Processing: no references
[22.320s][debug][gc,ref         ] GC(44) ReferenceProcessor::execute queues: 1, RefProcThreadModel::Single, marks_oops_alive: false
[22.320s][debug][gc,phases      ] GC(44) Reference Processing 0.206ms
[22.321s][debug][gc,phases      ] GC(44)   VM Weak                        Min:  0.0, Avg:  0.0, Max:  0.0, Diff:  0.0, Sum:  0.0, Workers: 4
[22.321s][debug][gc,phases      ] GC(44)     Dead                           Min: 0, Avg:  0.0, Max: 0, Diff: 0, Sum: 0, Workers: 4
[22.321s][debug][gc,phases      ] GC(44)     Total                          Min: 0, Avg: 147.2, Max: 448, Diff: 448, Sum: 589, Workers: 4
[22.321s][debug][gc,phases      ] GC(44)   ObjectSynchronizer Weak        Min:  0.0, Avg:  0.0, Max:  0.0, Diff:  0.0, Sum:  0.0, Workers: 4
[22.321s][debug][gc,phases      ] GC(44)     Dead                           Min: 0, Avg:  0.0, Max: 0, Diff: 0, Sum: 0, Workers: 4
[22.321s][debug][gc,phases      ] GC(44)     Total                          Min: 0, Avg: 91.5, Max: 192, Diff: 192, Sum: 366, Workers: 4
[22.321s][debug][gc,phases      ] GC(44)   JVMTI Tag Weak OopStorage      Min:  0.0, Avg:  0.0, Max:  0.0, Diff:  0.0, Sum:  0.0, Workers: 4
[22.321s][debug][gc,phases      ] GC(44)     Dead                           Min: 0, Avg:  0.0, Max: 0, Diff: 0, Sum: 0, Workers: 4
[22.321s][debug][gc,phases      ] GC(44)     Total                          Min: 0, Avg:  0.0, Max: 0, Diff: 0, Sum: 0, Workers: 4
[22.321s][debug][gc,phases      ] GC(44)   StringTable Weak               Min:  0.0, Avg:  0.1, Max:  0.2, Diff:  0.2, Sum:  0.5, Workers: 4
[22.321s][debug][gc,phases      ] GC(44)     Dead                           Min: 0, Avg:  2.8, Max: 11, Diff: 11, Sum: 11, Workers: 4
[22.321s][debug][gc,phases      ] GC(44)     Total                          Min: 0, Avg: 10643.5, Max: 14671, Diff: 14671, Sum: 42574, Workers: 4
[22.321s][debug][gc,phases      ] GC(44)   ResolvedMethodTable Weak       Min:  0.0, Avg:  0.0, Max:  0.0, Diff:  0.0, Sum:  0.1, Workers: 4
[22.321s][debug][gc,phases      ] GC(44)     Dead                           Min: 0, Avg:  0.0, Max: 0, Diff: 0, Sum: 0, Workers: 4
[22.321s][debug][gc,phases      ] GC(44)     Total                          Min: 0, Avg: 1729.8, Max: 2439, Diff: 2439, Sum: 6919, Workers: 4
[22.321s][debug][gc,phases      ] GC(44)   JNI Weak                       Min:  0.0, Avg:  0.0, Max:  0.0, Diff:  0.0, Sum:  0.0, Workers: 4
[22.321s][debug][gc,phases      ] GC(44)     Dead                           Min: 0, Avg:  0.0, Max: 0, Diff: 0, Sum: 0, Workers: 4
[22.321s][debug][gc,phases      ] GC(44)     Total                          Min: 0, Avg:  1.2, Max: 5, Diff: 5, Sum: 5, Workers: 4
[22.321s][debug][gc,phases      ] GC(44)   StringDedup Table Weak         Min:  0.0, Avg:  0.0, Max:  0.0, Diff:  0.0, Sum:  0.0, Workers: 4
[22.321s][debug][gc,phases      ] GC(44)     Dead                           Min: 0, Avg:  0.0, Max: 0, Diff: 0, Sum: 0, Workers: 4
[22.321s][debug][gc,phases      ] GC(44)     Total                          Min: 0, Avg:  0.0, Max: 0, Diff: 0, Sum: 0, Workers: 4
[22.321s][debug][gc,phases      ] GC(44)   StringDedup Requests0 Weak     Min:  0.0, Avg:  0.0, Max:  0.0, Diff:  0.0, Sum:  0.0, Workers: 4
[22.321s][debug][gc,phases      ] GC(44)     Dead                           Min: 0, Avg:  0.0, Max: 0, Diff: 0, Sum: 0, Workers: 4
[22.321s][debug][gc,phases      ] GC(44)     Total                          Min: 0, Avg:  0.0, Max: 0, Diff: 0, Sum: 0, Workers: 4
[22.321s][debug][gc,phases      ] GC(44)   StringDedup Requests1 Weak     Min:  0.0, Avg:  0.0, Max:  0.0, Diff:  0.0, Sum:  0.0, Workers: 4
[22.321s][debug][gc,phases      ] GC(44)     Dead                           Min: 0, Avg:  0.0, Max: 0, Diff: 0, Sum: 0, Workers: 4
[22.321s][debug][gc,phases      ] GC(44)     Total                          Min: 0, Avg:  0.0, Max: 0, Diff: 0, Sum: 0, Workers: 4
[22.321s][debug][gc,phases      ] GC(44)   Weak JFR Old Object Samples    Min:  0.0, Avg:  0.0, Max:  0.0, Diff:  0.0, Sum:  0.0, Workers: 4
[22.321s][debug][gc,phases      ] GC(44)     Dead                           Min: 0, Avg:  0.0, Max: 0, Diff: 0, Sum: 0, Workers: 4
[22.321s][debug][gc,phases      ] GC(44)     Total                          Min: 0, Avg:  0.0, Max: 0, Diff: 0, Sum: 0, Workers: 4
[22.321s][debug][gc,phases      ] GC(44) Weak Processing 0.435ms
[22.321s][debug][gc,age         ] GC(44) Desired survivor size 440926208 bytes, new threshold 15 (max threshold 15)
[22.321s][info ][gc,heap        ] GC(44) PSYoungGen: 1426784K(1626112K)->231888K(1666560K) Eden: 1163264K(1163264K)->0K(1214976K) From: 263520K(462848K)->231888K(451584K)
[22.321s][info ][gc,heap        ] GC(44) ParOldGen: 237129K(276480K)->261289K(276480K)
[22.321s][info ][gc,metaspace   ] GC(44) Metaspace: 67856K(68608K)->67856K(68608K) NonClass: 58005K(58432K)->58005K(58432K) Class: 9850K(10176K)->9850K(10176K)
[22.321s][info ][gc             ] GC(44) Pause Young (Allocation Failure) 1624M->481M(1897M) 127.558ms
[22.321s][info ][gc,cpu         ] GC(44) User=0.52s Sys=0.02s Real=0.12s
[22.321s][debug][gc,phases      ] GC(45) Pre Compact 0.017ms
[22.321s][info ][gc,start       ] GC(45) Pause Full (Ergonomics)
[22.321s][info ][gc,phases,start] GC(45) Marking Phase
[22.520s][debug][gc,phases      ] GC(45) Par Mark 198.986ms
[22.520s][debug][gc,ref         ] GC(45) Skipped phase 1 of Reference Processing: no references
[22.520s][debug][gc,ref         ] GC(45) ReferenceProcessor::execute queues: 4, RefProcThreadModel::Multi, marks_oops_alive: false
[22.521s][debug][gc,ref         ] GC(45) Skipped phase 3 of Reference Processing: no references
[22.521s][debug][gc,ref         ] GC(45) ReferenceProcessor::execute queues: 1, RefProcThreadModel::Single, marks_oops_alive: false
[22.521s][debug][gc,phases      ] GC(45) Reference Processing 0.537ms
[22.521s][debug][gc,phases      ] GC(45)   VM Weak                        Min:  0.0, Avg:  0.0, Max:  0.0, Diff:  0.0, Sum:  0.0, Workers: 4
[22.521s][debug][gc,phases      ] GC(45)     Dead                           Min: 0, Avg:  0.0, Max: 0, Diff: 0, Sum: 0, Workers: 4
[22.521s][debug][gc,phases      ] GC(45)     Total                          Min: 0, Avg: 147.2, Max: 512, Diff: 512, Sum: 589, Workers: 4
[22.521s][debug][gc,phases      ] GC(45)   ObjectSynchronizer Weak        Min:  0.0, Avg:  0.0, Max:  0.0, Diff:  0.0, Sum:  0.0, Workers: 4
[22.521s][debug][gc,phases      ] GC(45)     Dead                           Min: 0, Avg:  0.0, Max: 0, Diff: 0, Sum: 0, Workers: 4
[22.521s][debug][gc,phases      ] GC(45)     Total                          Min: 46, Avg: 91.5, Max: 128, Diff: 82, Sum: 366, Workers: 4
[22.521s][debug][gc,phases      ] GC(45)   JVMTI Tag Weak OopStorage      Min:  0.0, Avg:  0.0, Max:  0.0, Diff:  0.0, Sum:  0.0, Workers: 4
[22.521s][debug][gc,phases      ] GC(45)     Dead                           Min: 0, Avg:  0.0, Max: 0, Diff: 0, Sum: 0, Workers: 4
[22.521s][debug][gc,phases      ] GC(45)     Total                          Min: 0, Avg:  0.0, Max: 0, Diff: 0, Sum: 0, Workers: 4
[22.521s][debug][gc,phases      ] GC(45)   StringTable Weak               Min:  0.2, Avg:  0.2, Max:  0.2, Diff:  0.0, Sum:  0.6, Workers: 4
[22.521s][debug][gc,phases      ] GC(45)     Dead                           Min: 0, Avg:  0.0, Max: 0, Diff: 0, Sum: 0, Workers: 4
[22.521s][debug][gc,phases      ] GC(45)     Total                          Min: 9408, Avg: 10643.5, Max: 11968, Diff: 2560, Sum: 42574, Workers: 4
[22.521s][debug][gc,phases      ] GC(45)   ResolvedMethodTable Weak       Min:  0.0, Avg:  0.0, Max:  0.0, Diff:  0.0, Sum:  0.1, Workers: 4
[22.521s][debug][gc,phases      ] GC(45)     Dead                           Min: 0, Avg:  0.2, Max: 1, Diff: 1, Sum: 1, Workers: 4
[22.521s][debug][gc,phases      ] GC(45)     Total                          Min: 1416, Avg: 1729.8, Max: 2111, Diff: 695, Sum: 6919, Workers: 4
[22.521s][debug][gc,phases      ] GC(45)   JNI Weak                       Min:  0.0, Avg:  0.0, Max:  0.0, Diff:  0.0, Sum:  0.0, Workers: 4
[22.521s][debug][gc,phases      ] GC(45)     Dead                           Min: 0, Avg:  0.0, Max: 0, Diff: 0, Sum: 0, Workers: 4
[22.521s][debug][gc,phases      ] GC(45)     Total                          Min: 0, Avg:  1.2, Max: 5, Diff: 5, Sum: 5, Workers: 4
[22.521s][debug][gc,phases      ] GC(45)   StringDedup Table Weak         Min:  0.0, Avg:  0.0, Max:  0.0, Diff:  0.0, Sum:  0.0, Workers: 4
[22.521s][debug][gc,phases      ] GC(45)     Dead                           Min: 0, Avg:  0.0, Max: 0, Diff: 0, Sum: 0, Workers: 4
[22.521s][debug][gc,phases      ] GC(45)     Total                          Min: 0, Avg:  0.0, Max: 0, Diff: 0, Sum: 0, Workers: 4
[22.521s][debug][gc,phases      ] GC(45)   StringDedup Requests0 Weak     Min:  0.0, Avg:  0.0, Max:  0.0, Diff:  0.0, Sum:  0.0, Workers: 4
[22.521s][debug][gc,phases      ] GC(45)     Dead                           Min: 0, Avg:  0.0, Max: 0, Diff: 0, Sum: 0, Workers: 4
[22.521s][debug][gc,phases      ] GC(45)     Total                          Min: 0, Avg:  0.0, Max: 0, Diff: 0, Sum: 0, Workers: 4
[22.521s][debug][gc,phases      ] GC(45)   StringDedup Requests1 Weak     Min:  0.0, Avg:  0.0, Max:  0.0, Diff:  0.0, Sum:  0.0, Workers: 4
[22.521s][debug][gc,phases      ] GC(45)     Dead                           Min: 0, Avg:  0.0, Max: 0, Diff: 0, Sum: 0, Workers: 4
[22.521s][debug][gc,phases      ] GC(45)     Total                          Min: 0, Avg:  0.0, Max: 0, Diff: 0, Sum: 0, Workers: 4
[22.521s][debug][gc,phases      ] GC(45)   Weak JFR Old Object Samples    Min:  0.0, Avg:  0.0, Max:  0.0, Diff:  0.0, Sum:  0.0, Workers: 4
[22.521s][debug][gc,phases      ] GC(45)     Dead                           Min: 0, Avg:  0.0, Max: 0, Diff: 0, Sum: 0, Workers: 4
[22.521s][debug][gc,phases      ] GC(45)     Total                          Min: 0, Avg:  0.0, Max: 0, Diff: 0, Sum: 0, Workers: 4
[22.521s][debug][gc,phases      ] GC(45) Weak Processing 0.402ms
[22.521s][debug][gc,phases      ] GC(45) ClassLoaderData 0.080ms
[22.521s][debug][gc,phases      ] GC(45) Trigger cleanups 0.000ms
[22.530s][debug][gc,phases      ] GC(45) Class Unloading 9.357ms
[22.530s][info ][gc,phases      ] GC(45) Marking Phase 209.473ms
[22.530s][info ][gc,phases,start] GC(45) Summary Phase
[22.530s][info ][gc,phases      ] GC(45) Summary Phase 0.024ms
[22.530s][info ][gc,phases,start] GC(45) Adjust Roots
[22.541s][info ][gc,phases      ] GC(45) Adjust Roots 10.742ms
[22.541s][info ][gc,phases,start] GC(45) Compaction Phase
[23.063s][info ][gc,phases      ] GC(45) Compaction Phase 522.145ms
[23.063s][info ][gc,phases,start] GC(45) Post Compact
[23.065s][info ][gc,phases      ] GC(45) Post Compact 1.643ms
[23.065s][info ][gc,heap        ] GC(45) PSYoungGen: 231888K(1666560K)->212588K(1666560K) Eden: 0K(1214976K)->0K(1214976K) From: 231888K(451584K)->212588K(451584K)
[23.065s][info ][gc,heap        ] GC(45) ParOldGen: 261289K(276480K)->276237K(348672K)
[23.065s][info ][gc,metaspace   ] GC(45) Metaspace: 67856K(68608K)->67856K(68608K) NonClass: 58005K(58432K)->58005K(58432K) Class: 9850K(10176K)->9850K(10176K)
[23.065s][info ][gc             ] GC(45) Pause Full (Ergonomics) 481M->477M(1968M) 744.306ms
[23.065s][info ][gc,cpu         ] GC(45) User=2.88s Sys=0.02s Real=0.75s
[23.066s][info ][safepoint      ] Safepoint "ParallelGCFailedAllocation", Time since last: 426972561 ns, Reaching safepoint: 346507 ns, At safepoint: 873011905 ns, Total: 873358412 ns
[23.377s][info ][gc,start       ] GC(46) Pause Young (Allocation Failure)
[23.481s][debug][gc,phases      ] GC(46) Scavenge 103.358ms
[23.481s][debug][gc,ref         ] GC(46) Skipped phase 1 of Reference Processing: no references
[23.481s][debug][gc,ref         ] GC(46) ReferenceProcessor::execute queues: 1, RefProcThreadModel::Single, marks_oops_alive: false
[23.481s][debug][gc,ref         ] GC(46) Skipped phase 3 of Reference Processing: no references
[23.481s][debug][gc,ref         ] GC(46) ReferenceProcessor::execute queues: 1, RefProcThreadModel::Single, marks_oops_alive: false
[23.481s][debug][gc,phases      ] GC(46) Reference Processing 0.136ms
[23.481s][debug][gc,phases      ] GC(46)   VM Weak                        Min:  0.0, Avg:  0.0, Max:  0.0, Diff:  0.0, Sum:  0.0, Workers: 4
[23.481s][debug][gc,phases      ] GC(46)     Dead                           Min: 0, Avg:  0.0, Max: 0, Diff: 0, Sum: 0, Workers: 4
[23.481s][debug][gc,phases      ] GC(46)     Total                          Min: 0, Avg: 147.2, Max: 589, Diff: 589, Sum: 589, Workers: 4
[23.481s][debug][gc,phases      ] GC(46)   ObjectSynchronizer Weak        Min:  0.0, Avg:  0.0, Max:  0.0, Diff:  0.0, Sum:  0.0, Workers: 4
[23.481s][debug][gc,phases      ] GC(46)     Dead                           Min: 0, Avg:  0.0, Max: 0, Diff: 0, Sum: 0, Workers: 4
[23.481s][debug][gc,phases      ] GC(46)     Total                          Min: 0, Avg: 91.5, Max: 238, Diff: 238, Sum: 366, Workers: 4
[23.481s][debug][gc,phases      ] GC(46)   JVMTI Tag Weak OopStorage      Min:  0.0, Avg:  0.0, Max:  0.0, Diff:  0.0, Sum:  0.0, Workers: 4
[23.481s][debug][gc,phases      ] GC(46)     Dead                           Min: 0, Avg:  0.0, Max: 0, Diff: 0, Sum: 0, Workers: 4
[23.481s][debug][gc,phases      ] GC(46)     Total                          Min: 0, Avg:  0.0, Max: 0, Diff: 0, Sum: 0, Workers: 4
[23.481s][debug][gc,phases      ] GC(46)   StringTable Weak               Min:  0.1, Avg:  0.1, Max:  0.1, Diff:  0.0, Sum:  0.4, Workers: 4
[23.481s][debug][gc,phases      ] GC(46)     Dead                           Min: 0, Avg:  2.8, Max: 11, Diff: 11, Sum: 11, Workers: 4
[23.481s][debug][gc,phases      ] GC(46)     Total                          Min: 9501, Avg: 10644.5, Max: 11648, Diff: 2147, Sum: 42578, Workers: 4
[23.481s][debug][gc,phases      ] GC(46)   ResolvedMethodTable Weak       Min:  0.0, Avg:  0.0, Max:  0.0, Diff:  0.0, Sum:  0.1, Workers: 4
[23.481s][debug][gc,phases      ] GC(46)     Dead                           Min: 0, Avg:  0.0, Max: 0, Diff: 0, Sum: 0, Workers: 4
[23.481s][debug][gc,phases      ] GC(46)     Total                          Min: 1479, Avg: 1729.8, Max: 1920, Diff: 441, Sum: 6919, Workers: 4
[23.481s][debug][gc,phases      ] GC(46)   JNI Weak                       Min:  0.0, Avg:  0.0, Max:  0.0, Diff:  0.0, Sum:  0.0, Workers: 4
[23.481s][debug][gc,phases      ] GC(46)     Dead                           Min: 0, Avg:  0.0, Max: 0, Diff: 0, Sum: 0, Workers: 4
[23.481s][debug][gc,phases      ] GC(46)     Total                          Min: 0, Avg:  0.5, Max: 2, Diff: 2, Sum: 2, Workers: 4
[23.481s][debug][gc,phases      ] GC(46)   StringDedup Table Weak         Min:  0.0, Avg:  0.0, Max:  0.0, Diff:  0.0, Sum:  0.0, Workers: 4
[23.481s][debug][gc,phases      ] GC(46)     Dead                           Min: 0, Avg:  0.0, Max: 0, Diff: 0, Sum: 0, Workers: 4
[23.481s][debug][gc,phases      ] GC(46)     Total                          Min: 0, Avg:  0.0, Max: 0, Diff: 0, Sum: 0, Workers: 4
[23.481s][debug][gc,phases      ] GC(46)   StringDedup Requests0 Weak     Min:  0.0, Avg:  0.0, Max:  0.0, Diff:  0.0, Sum:  0.0, Workers: 4
[23.481s][debug][gc,phases      ] GC(46)     Dead                           Min: 0, Avg:  0.0, Max: 0, Diff: 0, Sum: 0, Workers: 4
[23.481s][debug][gc,phases      ] GC(46)     Total                          Min: 0, Avg:  0.0, Max: 0, Diff: 0, Sum: 0, Workers: 4
[23.481s][debug][gc,phases      ] GC(46)   StringDedup Requests1 Weak     Min:  0.0, Avg:  0.0, Max:  0.0, Diff:  0.0, Sum:  0.0, Workers: 4
[23.481s][debug][gc,phases      ] GC(46)     Dead                           Min: 0, Avg:  0.0, Max: 0, Diff: 0, Sum: 0, Workers: 4
[23.481s][debug][gc,phases      ] GC(46)     Total                          Min: 0, Avg:  0.0, Max: 0, Diff: 0, Sum: 0, Workers: 4
[23.481s][debug][gc,phases      ] GC(46)   Weak JFR Old Object Samples    Min:  0.0, Avg:  0.0, Max:  0.0, Diff:  0.0, Sum:  0.0, Workers: 4
[23.481s][debug][gc,phases      ] GC(46)     Dead                           Min: 0, Avg:  0.0, Max: 0, Diff: 0, Sum: 0, Workers: 4
[23.481s][debug][gc,phases      ] GC(46)     Total                          Min: 0, Avg:  0.0, Max: 0, Diff: 0, Sum: 0, Workers: 4
[23.481s][debug][gc,phases      ] GC(46) Weak Processing 0.306ms
[23.481s][debug][gc,age         ] GC(46) Desired survivor size 428867584 bytes, new threshold 15 (max threshold 15)
[23.481s][info ][gc,heap        ] GC(46) PSYoungGen: 1427564K(1666560K)->189968K(1645568K) Eden: 1214976K(1214976K)->0K(1214976K) From: 212588K(451584K)->189968K(430592K)
[23.481s][info ][gc,heap        ] GC(46) ParOldGen: 276237K(348672K)->300885K(348672K)
[23.481s][info ][gc,metaspace   ] GC(46) Metaspace: 67858K(68608K)->67858K(68608K) NonClass: 58007K(58432K)->58007K(58432K) Class: 9850K(10176K)->9850K(10176K)
[23.481s][info ][gc             ] GC(46) Pause Young (Allocation Failure) 1663M->479M(1947M) 103.944ms
[23.481s][info ][gc,cpu         ] GC(46) User=0.40s Sys=0.02s Real=0.10s
[23.481s][info ][safepoint      ] Safepoint "ParallelGCFailedAllocation", Time since last: 310958135 ns, Reaching safepoint: 167104 ns, At safepoint: 104058786 ns, Total: 104225890 ns
[23.740s][info ][gc,start       ] GC(47) Pause Young (Allocation Failure)
[23.816s][debug][gc,phases      ] GC(47) Scavenge 76.038ms
[23.816s][debug][gc,ref         ] GC(47) Skipped phase 1 of Reference Processing: no references
[23.816s][debug][gc,ref         ] GC(47) ReferenceProcessor::execute queues: 1, RefProcThreadModel::Single, marks_oops_alive: false
[23.816s][debug][gc,ref         ] GC(47) Skipped phase 3 of Reference Processing: no references
[23.816s][debug][gc,ref         ] GC(47) ReferenceProcessor::execute queues: 1, RefProcThreadModel::Single, marks_oops_alive: false
[23.816s][debug][gc,phases      ] GC(47) Reference Processing 0.121ms
[23.816s][debug][gc,phases      ] GC(47)   VM Weak                        Min:  0.0, Avg:  0.0, Max:  0.0, Diff:  0.0, Sum:  0.0, Workers: 4
[23.816s][debug][gc,phases      ] GC(47)     Dead                           Min: 0, Avg:  0.0, Max: 0, Diff: 0, Sum: 0, Workers: 4
[23.816s][debug][gc,phases      ] GC(47)     Total                          Min: 0, Avg: 147.2, Max: 589, Diff: 589, Sum: 589, Workers: 4
[23.816s][debug][gc,phases      ] GC(47)   ObjectSynchronizer Weak        Min:  0.0, Avg:  0.0, Max:  0.0, Diff:  0.0, Sum:  0.0, Workers: 4
[23.816s][debug][gc,phases      ] GC(47)     Dead                           Min: 0, Avg:  0.0, Max: 0, Diff: 0, Sum: 0, Workers: 4
[23.816s][debug][gc,phases      ] GC(47)     Total                          Min: 0, Avg: 91.5, Max: 256, Diff: 256, Sum: 366, Workers: 4
[23.816s][debug][gc,phases      ] GC(47)   JVMTI Tag Weak OopStorage      Min:  0.0, Avg:  0.0, Max:  0.0, Diff:  0.0, Sum:  0.0, Workers: 4
[23.816s][debug][gc,phases      ] GC(47)     Dead                           Min: 0, Avg:  0.0, Max: 0, Diff: 0, Sum: 0, Workers: 4
[23.816s][debug][gc,phases      ] GC(47)     Total                          Min: 0, Avg:  0.0, Max: 0, Diff: 0, Sum: 0, Workers: 4
[23.816s][debug][gc,phases      ] GC(47)   StringTable Weak               Min:  0.1, Avg:  0.1, Max:  0.1, Diff:  0.0, Sum:  0.5, Workers: 4
[23.816s][debug][gc,phases      ] GC(47)     Dead                           Min: 0, Avg:  2.8, Max: 10, Diff: 10, Sum: 11, Workers: 4
[23.816s][debug][gc,phases      ] GC(47)     Total                          Min: 9984, Avg: 10644.8, Max: 11136, Diff: 1152, Sum: 42579, Workers: 4
[23.816s][debug][gc,phases      ] GC(47)   ResolvedMethodTable Weak       Min:  0.0, Avg:  0.0, Max:  0.0, Diff:  0.0, Sum:  0.1, Workers: 4
[23.816s][debug][gc,phases      ] GC(47)     Dead                           Min: 0, Avg:  0.0, Max: 0, Diff: 0, Sum: 0, Workers: 4
[23.816s][debug][gc,phases      ] GC(47)     Total                          Min: 1535, Avg: 1729.8, Max: 1920, Diff: 385, Sum: 6919, Workers: 4
[23.816s][debug][gc,phases      ] GC(47)   JNI Weak                       Min:  0.0, Avg:  0.0, Max:  0.0, Diff:  0.0, Sum:  0.0, Workers: 4
[23.816s][debug][gc,phases      ] GC(47)     Dead                           Min: 0, Avg:  0.0, Max: 0, Diff: 0, Sum: 0, Workers: 4
[23.816s][debug][gc,phases      ] GC(47)     Total                          Min: 0, Avg:  0.5, Max: 2, Diff: 2, Sum: 2, Workers: 4
[23.816s][debug][gc,phases      ] GC(47)   StringDedup Table Weak         Min:  0.0, Avg:  0.0, Max:  0.0, Diff:  0.0, Sum:  0.0, Workers: 4
[23.816s][debug][gc,phases      ] GC(47)     Dead                           Min: 0, Avg:  0.0, Max: 0, Diff: 0, Sum: 0, Workers: 4
[23.816s][debug][gc,phases      ] GC(47)     Total                          Min: 0, Avg:  0.0, Max: 0, Diff: 0, Sum: 0, Workers: 4
[23.816s][debug][gc,phases      ] GC(47)   StringDedup Requests0 Weak     Min:  0.0, Avg:  0.0, Max:  0.0, Diff:  0.0, Sum:  0.0, Workers: 4
[23.816s][debug][gc,phases      ] GC(47)     Dead                           Min: 0, Avg:  0.0, Max: 0, Diff: 0, Sum: 0, Workers: 4
[23.816s][debug][gc,phases      ] GC(47)     Total                          Min: 0, Avg:  0.0, Max: 0, Diff: 0, Sum: 0, Workers: 4
[23.816s][debug][gc,phases      ] GC(47)   StringDedup Requests1 Weak     Min:  0.0, Avg:  0.0, Max:  0.0, Diff:  0.0, Sum:  0.0, Workers: 4
[23.816s][debug][gc,phases      ] GC(47)     Dead                           Min: 0, Avg:  0.0, Max: 0, Diff: 0, Sum: 0, Workers: 4
[23.816s][debug][gc,phases      ] GC(47)     Total                          Min: 0, Avg:  0.0, Max: 0, Diff: 0, Sum: 0, Workers: 4
[23.816s][debug][gc,phases      ] GC(47)   Weak JFR Old Object Samples    Min:  0.0, Avg:  0.0, Max:  0.0, Diff:  0.0, Sum:  0.0, Workers: 4
[23.816s][debug][gc,phases      ] GC(47)     Dead                           Min: 0, Avg:  0.0, Max: 0, Diff: 0, Sum: 0, Workers: 4
[23.816s][debug][gc,phases      ] GC(47)     Total                          Min: 0, Avg:  0.0, Max: 0, Diff: 0, Sum: 0, Workers: 4
[23.816s][debug][gc,phases      ] GC(47) Weak Processing 0.404ms
[23.816s][debug][gc,age         ] GC(47) Desired survivor size 418906112 bytes, new threshold 15 (max threshold 15)
[23.816s][info ][gc,heap        ] GC(47) PSYoungGen: 1404944K(1645568K)->175264K(1688064K) Eden: 1214976K(1214976K)->0K(1269248K) From: 189968K(430592K)->175264K(418816K)
[23.816s][info ][gc,heap        ] GC(47) ParOldGen: 300885K(348672K)->316869K(348672K)
[23.816s][info ][gc,metaspace   ] GC(47) Metaspace: 67859K(68608K)->67859K(68608K) NonClass: 58008K(58432K)->58008K(58432K) Class: 9850K(10176K)->9850K(10176K)
[23.816s][info ][gc             ] GC(47) Pause Young (Allocation Failure) 1665M->480M(1989M) 76.714ms
[23.816s][info ][gc,cpu         ] GC(47) User=0.29s Sys=0.02s Real=0.08s
[23.816s][debug][gc,phases      ] GC(48) Pre Compact 0.016ms
[23.816s][info ][gc,start       ] GC(48) Pause Full (Ergonomics)
[23.816s][info ][gc,phases,start] GC(48) Marking Phase
[23.985s][debug][gc,phases      ] GC(48) Par Mark 168.375ms
[23.985s][debug][gc,ref         ] GC(48) Skipped phase 1 of Reference Processing: no references
[23.985s][debug][gc,ref         ] GC(48) ReferenceProcessor::execute queues: 2, RefProcThreadModel::Multi, marks_oops_alive: false
[23.985s][debug][gc,ref         ] GC(48) Skipped phase 3 of Reference Processing: no references
[23.985s][debug][gc,ref         ] GC(48) ReferenceProcessor::execute queues: 1, RefProcThreadModel::Single, marks_oops_alive: false
[23.985s][debug][gc,phases      ] GC(48) Reference Processing 0.333ms
[23.986s][debug][gc,phases      ] GC(48)   VM Weak                        Min:  0.0, Avg:  0.0, Max:  0.0, Diff:  0.0, Sum:  0.0, Workers: 4
[23.986s][debug][gc,phases      ] GC(48)     Dead                           Min: 0, Avg:  0.0, Max: 0, Diff: 0, Sum: 0, Workers: 4
[23.986s][debug][gc,phases      ] GC(48)     Total                          Min: 0, Avg: 147.2, Max: 269, Diff: 269, Sum: 589, Workers: 4
[23.986s][debug][gc,phases      ] GC(48)   ObjectSynchronizer Weak        Min:  0.0, Avg:  0.0, Max:  0.0, Diff:  0.0, Sum:  0.0, Workers: 4
[23.986s][debug][gc,phases      ] GC(48)     Dead                           Min: 0, Avg:  0.0, Max: 0, Diff: 0, Sum: 0, Workers: 4
[23.986s][debug][gc,phases      ] GC(48)     Total                          Min: 0, Avg: 91.5, Max: 128, Diff: 128, Sum: 366, Workers: 4
[23.986s][debug][gc,phases      ] GC(48)   JVMTI Tag Weak OopStorage      Min:  0.0, Avg:  0.0, Max:  0.0, Diff:  0.0, Sum:  0.0, Workers: 4
[23.986s][debug][gc,phases      ] GC(48)     Dead                           Min: 0, Avg:  0.0, Max: 0, Diff: 0, Sum: 0, Workers: 4
[23.986s][debug][gc,phases      ] GC(48)     Total                          Min: 0, Avg:  0.0, Max: 0, Diff: 0, Sum: 0, Workers: 4
[23.986s][debug][gc,phases      ] GC(48)   StringTable Weak               Min:  0.2, Avg:  0.2, Max:  0.2, Diff:  0.0, Sum:  0.7, Workers: 4
[23.986s][debug][gc,phases      ] GC(48)     Dead                           Min: 0, Avg:  0.0, Max: 0, Diff: 0, Sum: 0, Workers: 4
[23.986s][debug][gc,phases      ] GC(48)     Total                          Min: 10067, Avg: 10644.8, Max: 11200, Diff: 1133, Sum: 42579, Workers: 4
[23.986s][debug][gc,phases      ] GC(48)   ResolvedMethodTable Weak       Min:  0.0, Avg:  0.0, Max:  0.0, Diff:  0.0, Sum:  0.1, Workers: 4
[23.986s][debug][gc,phases      ] GC(48)     Dead                           Min: 0, Avg:  0.0, Max: 0, Diff: 0, Sum: 0, Workers: 4
[23.986s][debug][gc,phases      ] GC(48)     Total                          Min: 1663, Avg: 1729.8, Max: 1792, Diff: 129, Sum: 6919, Workers: 4
[23.986s][debug][gc,phases      ] GC(48)   JNI Weak                       Min:  0.0, Avg:  0.0, Max:  0.0, Diff:  0.0, Sum:  0.0, Workers: 4
[23.986s][debug][gc,phases      ] GC(48)     Dead                           Min: 0, Avg:  0.0, Max: 0, Diff: 0, Sum: 0, Workers: 4
[23.986s][debug][gc,phases      ] GC(48)     Total                          Min: 0, Avg:  0.5, Max: 2, Diff: 2, Sum: 2, Workers: 4
[23.986s][debug][gc,phases      ] GC(48)   StringDedup Table Weak         Min:  0.0, Avg:  0.0, Max:  0.0, Diff:  0.0, Sum:  0.0, Workers: 4
[23.986s][debug][gc,phases      ] GC(48)     Dead                           Min: 0, Avg:  0.0, Max: 0, Diff: 0, Sum: 0, Workers: 4
[23.986s][debug][gc,phases      ] GC(48)     Total                          Min: 0, Avg:  0.0, Max: 0, Diff: 0, Sum: 0, Workers: 4
[23.986s][debug][gc,phases      ] GC(48)   StringDedup Requests0 Weak     Min:  0.0, Avg:  0.0, Max:  0.0, Diff:  0.0, Sum:  0.0, Workers: 4
[23.986s][debug][gc,phases      ] GC(48)     Dead                           Min: 0, Avg:  0.0, Max: 0, Diff: 0, Sum: 0, Workers: 4
[23.986s][debug][gc,phases      ] GC(48)     Total                          Min: 0, Avg:  0.0, Max: 0, Diff: 0, Sum: 0, Workers: 4
[23.986s][debug][gc,phases      ] GC(48)   StringDedup Requests1 Weak     Min:  0.0, Avg:  0.0, Max:  0.0, Diff:  0.0, Sum:  0.0, Workers: 4
[23.986s][debug][gc,phases      ] GC(48)     Dead                           Min: 0, Avg:  0.0, Max: 0, Diff: 0, Sum: 0, Workers: 4
[23.986s][debug][gc,phases      ] GC(48)     Total                          Min: 0, Avg:  0.0, Max: 0, Diff: 0, Sum: 0, Workers: 4
[23.986s][debug][gc,phases      ] GC(48)   Weak JFR Old Object Samples    Min:  0.0, Avg:  0.0, Max:  0.0, Diff:  0.0, Sum:  0.0, Workers: 4
[23.986s][debug][gc,phases      ] GC(48)     Dead                           Min: 0, Avg:  0.0, Max: 0, Diff: 0, Sum: 0, Workers: 4
[23.986s][debug][gc,phases      ] GC(48)     Total                          Min: 0, Avg:  0.0, Max: 0, Diff: 0, Sum: 0, Workers: 4
[23.986s][debug][gc,phases      ] GC(48) Weak Processing 0.469ms
[23.986s][debug][gc,phases      ] GC(48) ClassLoaderData 0.087ms
[23.986s][debug][gc,phases      ] GC(48) Trigger cleanups 0.001ms
[23.996s][debug][gc,phases      ] GC(48) Class Unloading 9.852ms
[23.996s][info ][gc,phases      ] GC(48) Marking Phase 179.208ms
[23.996s][info ][gc,phases,start] GC(48) Summary Phase
[23.996s][info ][gc,phases      ] GC(48) Summary Phase 0.012ms
[23.996s][info ][gc,phases,start] GC(48) Adjust Roots
[24.002s][info ][gc,phases      ] GC(48) Adjust Roots 6.584ms
[24.002s][info ][gc,phases,start] GC(48) Compaction Phase
[24.369s][info ][gc,phases      ] GC(48) Compaction Phase 367.004ms
[24.369s][info ][gc,phases,start] GC(48) Post Compact
[24.371s][info ][gc,phases      ] GC(48) Post Compact 1.301ms
[24.371s][info ][gc,heap        ] GC(48) PSYoungGen: 175264K(1688064K)->129649K(1688064K) Eden: 0K(1269248K)->0K(1269248K) From: 175264K(418816K)->129649K(418816K)
[24.371s][info ][gc,heap        ] GC(48) ParOldGen: 316869K(348672K)->348390K(436224K)
[24.371s][info ][gc,metaspace   ] GC(48) Metaspace: 67859K(68608K)->67859K(68608K) NonClass: 58008K(58432K)->58008K(58432K) Class: 9850K(10176K)->9850K(10176K)
[24.371s][info ][gc             ] GC(48) Pause Full (Ergonomics) 480M->466M(2074M) 554.412ms
[24.371s][info ][gc,cpu         ] GC(48) User=2.14s Sys=0.01s Real=0.55s
[24.371s][info ][safepoint      ] Safepoint "ParallelGCFailedAllocation", Time since last: 257989973 ns, Reaching safepoint: 204504 ns, At safepoint: 631338659 ns, Total: 631543163 ns
[24.688s][info ][gc,start       ] GC(49) Pause Young (Allocation Failure)
[24.780s][debug][gc,phases      ] GC(49) Scavenge 91.781ms
[24.780s][debug][gc,ref         ] GC(49) Skipped phase 1 of Reference Processing: no references
[24.780s][debug][gc,ref         ] GC(49) ReferenceProcessor::execute queues: 1, RefProcThreadModel::Single, marks_oops_alive: false
[24.780s][debug][gc,ref         ] GC(49) Skipped phase 3 of Reference Processing: no references
[24.780s][debug][gc,ref         ] GC(49) ReferenceProcessor::execute queues: 1, RefProcThreadModel::Single, marks_oops_alive: false
[24.780s][debug][gc,phases      ] GC(49) Reference Processing 0.119ms
[24.781s][debug][gc,phases      ] GC(49)   VM Weak                        Min:  0.0, Avg:  0.0, Max:  0.0, Diff:  0.0, Sum:  0.0, Workers: 4
[24.781s][debug][gc,phases      ] GC(49)     Dead                           Min: 0, Avg:  0.0, Max: 0, Diff: 0, Sum: 0, Workers: 4
[24.781s][debug][gc,phases      ] GC(49)     Total                          Min: 0, Avg: 147.2, Max: 589, Diff: 589, Sum: 589, Workers: 4
[24.781s][debug][gc,phases      ] GC(49)   ObjectSynchronizer Weak        Min:  0.0, Avg:  0.0, Max:  0.0, Diff:  0.0, Sum:  0.0, Workers: 4
[24.781s][debug][gc,phases      ] GC(49)     Dead                           Min: 0, Avg:  0.0, Max: 0, Diff: 0, Sum: 0, Workers: 4
[24.781s][debug][gc,phases      ] GC(49)     Total                          Min: 0, Avg: 91.5, Max: 238, Diff: 238, Sum: 366, Workers: 4
[24.781s][debug][gc,phases      ] GC(49)   JVMTI Tag Weak OopStorage      Min:  0.0, Avg:  0.0, Max:  0.0, Diff:  0.0, Sum:  0.0, Workers: 4
[24.781s][debug][gc,phases      ] GC(49)     Dead                           Min: 0, Avg:  0.0, Max: 0, Diff: 0, Sum: 0, Workers: 4
[24.781s][debug][gc,phases      ] GC(49)     Total                          Min: 0, Avg:  0.0, Max: 0, Diff: 0, Sum: 0, Workers: 4
[24.781s][debug][gc,phases      ] GC(49)   StringTable Weak               Min:  0.1, Avg:  0.1, Max:  0.1, Diff:  0.0, Sum:  0.4, Workers: 4
[24.781s][debug][gc,phases      ] GC(49)     Dead                           Min: 0, Avg:  2.8, Max: 11, Diff: 11, Sum: 11, Workers: 4
[24.781s][debug][gc,phases      ] GC(49)     Total                          Min: 10176, Avg: 10647.8, Max: 11382, Diff: 1206, Sum: 42591, Workers: 4
[24.781s][debug][gc,phases      ] GC(49)   ResolvedMethodTable Weak       Min:  0.0, Avg:  0.0, Max:  0.0, Diff:  0.0, Sum:  0.1, Workers: 4
[24.781s][debug][gc,phases      ] GC(49)     Dead                           Min: 0, Avg:  0.0, Max: 0, Diff: 0, Sum: 0, Workers: 4
[24.781s][debug][gc,phases      ] GC(49)     Total                          Min: 1280, Avg: 1729.8, Max: 2048, Diff: 768, Sum: 6919, Workers: 4
[24.781s][debug][gc,phases      ] GC(49)   JNI Weak                       Min:  0.0, Avg:  0.0, Max:  0.0, Diff:  0.0, Sum:  0.0, Workers: 4
[24.781s][debug][gc,phases      ] GC(49)     Dead                           Min: 0, Avg:  0.0, Max: 0, Diff: 0, Sum: 0, Workers: 4
[24.781s][debug][gc,phases      ] GC(49)     Total                          Min: 0, Avg:  1.2, Max: 5, Diff: 5, Sum: 5, Workers: 4
[24.781s][debug][gc,phases      ] GC(49)   StringDedup Table Weak         Min:  0.0, Avg:  0.0, Max:  0.0, Diff:  0.0, Sum:  0.0, Workers: 4
[24.781s][debug][gc,phases      ] GC(49)     Dead                           Min: 0, Avg:  0.0, Max: 0, Diff: 0, Sum: 0, Workers: 4
[24.781s][debug][gc,phases      ] GC(49)     Total                          Min: 0, Avg:  0.0, Max: 0, Diff: 0, Sum: 0, Workers: 4
[24.781s][debug][gc,phases      ] GC(49)   StringDedup Requests0 Weak     Min:  0.0, Avg:  0.0, Max:  0.0, Diff:  0.0, Sum:  0.0, Workers: 4
[24.781s][debug][gc,phases      ] GC(49)     Dead                           Min: 0, Avg:  0.0, Max: 0, Diff: 0, Sum: 0, Workers: 4
[24.781s][debug][gc,phases      ] GC(49)     Total                          Min: 0, Avg:  0.0, Max: 0, Diff: 0, Sum: 0, Workers: 4
[24.781s][debug][gc,phases      ] GC(49)   StringDedup Requests1 Weak     Min:  0.0, Avg:  0.0, Max:  0.0, Diff:  0.0, Sum:  0.0, Workers: 4
[24.781s][debug][gc,phases      ] GC(49)     Dead                           Min: 0, Avg:  0.0, Max: 0, Diff: 0, Sum: 0, Workers: 4
[24.781s][debug][gc,phases      ] GC(49)     Total                          Min: 0, Avg:  0.0, Max: 0, Diff: 0, Sum: 0, Workers: 4
[24.781s][debug][gc,phases      ] GC(49)   Weak JFR Old Object Samples    Min:  0.0, Avg:  0.0, Max:  0.0, Diff:  0.0, Sum:  0.0, Workers: 4
[24.781s][debug][gc,phases      ] GC(49)     Dead                           Min: 0, Avg:  0.0, Max: 0, Diff: 0, Sum: 0, Workers: 4
[24.781s][debug][gc,phases      ] GC(49)     Total                          Min: 0, Avg:  0.0, Max: 0, Diff: 0, Sum: 0, Workers: 4
[24.781s][debug][gc,phases      ] GC(49) Weak Processing 0.313ms
[24.781s][debug][gc,age         ] GC(49) Desired survivor size 427819008 bytes, new threshold 15 (max threshold 15)
[24.781s][info ][gc,heap        ] GC(49) PSYoungGen: 1398897K(1688064K)->67328K(1678336K) Eden: 1269248K(1269248K)->0K(1269248K) From: 129649K(418816K)->67328K(409088K)
[24.781s][info ][gc,heap        ] GC(49) ParOldGen: 348390K(436224K)->414470K(436224K)
[24.781s][info ][gc,metaspace   ] GC(49) Metaspace: 67869K(68608K)->67869K(68608K) NonClass: 58019K(58432K)->58019K(58432K) Class: 9850K(10176K)->9850K(10176K)
[24.781s][info ][gc             ] GC(49) Pause Young (Allocation Failure) 1706M->470M(2065M) 92.348ms
[24.781s][info ][gc,cpu         ] GC(49) User=0.34s Sys=0.02s Real=0.09s
[24.781s][debug][gc,phases      ] GC(50) Pre Compact 0.010ms
[24.781s][info ][gc,start       ] GC(50) Pause Full (Ergonomics)
[24.781s][info ][gc,phases,start] GC(50) Marking Phase
[24.938s][debug][gc,phases      ] GC(50) Par Mark 157.273ms
[24.938s][debug][gc,ref         ] GC(50) Skipped phase 1 of Reference Processing: no references
[24.938s][debug][gc,ref         ] GC(50) ReferenceProcessor::execute queues: 4, RefProcThreadModel::Multi, marks_oops_alive: false
[24.939s][debug][gc,ref         ] GC(50) Skipped phase 3 of Reference Processing: no references
[24.939s][debug][gc,ref         ] GC(50) ReferenceProcessor::execute queues: 1, RefProcThreadModel::Single, marks_oops_alive: false
[24.939s][debug][gc,phases      ] GC(50) Reference Processing 0.544ms
[24.939s][debug][gc,phases      ] GC(50)   VM Weak                        Min:  0.0, Avg:  0.0, Max:  0.0, Diff:  0.0, Sum:  0.0, Workers: 4
[24.939s][debug][gc,phases      ] GC(50)     Dead                           Min: 0, Avg:  0.0, Max: 0, Diff: 0, Sum: 0, Workers: 4
[24.939s][debug][gc,phases      ] GC(50)     Total                          Min: 0, Avg: 147.2, Max: 320, Diff: 320, Sum: 589, Workers: 4
[24.939s][debug][gc,phases      ] GC(50)   ObjectSynchronizer Weak        Min:  0.0, Avg:  0.0, Max:  0.0, Diff:  0.0, Sum:  0.0, Workers: 4
[24.939s][debug][gc,phases      ] GC(50)     Dead                           Min: 0, Avg:  0.0, Max: 0, Diff: 0, Sum: 0, Workers: 4
[24.939s][debug][gc,phases      ] GC(50)     Total                          Min: 0, Avg: 91.5, Max: 238, Diff: 238, Sum: 366, Workers: 4
[24.939s][debug][gc,phases      ] GC(50)   JVMTI Tag Weak OopStorage      Min:  0.0, Avg:  0.0, Max:  0.0, Diff:  0.0, Sum:  0.0, Workers: 4
[24.939s][debug][gc,phases      ] GC(50)     Dead                           Min: 0, Avg:  0.0, Max: 0, Diff: 0, Sum: 0, Workers: 4
[24.939s][debug][gc,phases      ] GC(50)     Total                          Min: 0, Avg:  0.0, Max: 0, Diff: 0, Sum: 0, Workers: 4
[24.939s][debug][gc,phases      ] GC(50)   StringTable Weak               Min:  0.0, Avg:  0.1, Max:  0.2, Diff:  0.1, Sum:  0.6, Workers: 4
[24.939s][debug][gc,phases      ] GC(50)     Dead                           Min: 0, Avg:  0.0, Max: 0, Diff: 0, Sum: 0, Workers: 4
[24.939s][debug][gc,phases      ] GC(50)     Total                          Min: 2281, Avg: 10647.8, Max: 14070, Diff: 11789, Sum: 42591, Workers: 4
[24.939s][debug][gc,phases      ] GC(50)   ResolvedMethodTable Weak       Min:  0.0, Avg:  0.0, Max:  0.0, Diff:  0.0, Sum:  0.1, Workers: 4
[24.939s][debug][gc,phases      ] GC(50)     Dead                           Min: 0, Avg:  0.0, Max: 0, Diff: 0, Sum: 0, Workers: 4
[24.939s][debug][gc,phases      ] GC(50)     Total                          Min: 1663, Avg: 1729.8, Max: 1864, Diff: 201, Sum: 6919, Workers: 4
[24.939s][debug][gc,phases      ] GC(50)   JNI Weak                       Min:  0.0, Avg:  0.0, Max:  0.0, Diff:  0.0, Sum:  0.0, Workers: 4
[24.939s][debug][gc,phases      ] GC(50)     Dead                           Min: 0, Avg:  0.0, Max: 0, Diff: 0, Sum: 0, Workers: 4
[24.939s][debug][gc,phases      ] GC(50)     Total                          Min: 0, Avg:  1.2, Max: 5, Diff: 5, Sum: 5, Workers: 4
[24.939s][debug][gc,phases      ] GC(50)   StringDedup Table Weak         Min:  0.0, Avg:  0.0, Max:  0.0, Diff:  0.0, Sum:  0.0, Workers: 4
[24.939s][debug][gc,phases      ] GC(50)     Dead                           Min: 0, Avg:  0.0, Max: 0, Diff: 0, Sum: 0, Workers: 4
[24.939s][debug][gc,phases      ] GC(50)     Total                          Min: 0, Avg:  0.0, Max: 0, Diff: 0, Sum: 0, Workers: 4
[24.939s][debug][gc,phases      ] GC(50)   StringDedup Requests0 Weak     Min:  0.0, Avg:  0.0, Max:  0.0, Diff:  0.0, Sum:  0.0, Workers: 4
[24.939s][debug][gc,phases      ] GC(50)     Dead                           Min: 0, Avg:  0.0, Max: 0, Diff: 0, Sum: 0, Workers: 4
[24.939s][debug][gc,phases      ] GC(50)     Total                          Min: 0, Avg:  0.0, Max: 0, Diff: 0, Sum: 0, Workers: 4
[24.939s][debug][gc,phases      ] GC(50)   StringDedup Requests1 Weak     Min:  0.0, Avg:  0.0, Max:  0.0, Diff:  0.0, Sum:  0.0, Workers: 4
[24.939s][debug][gc,phases      ] GC(50)     Dead                           Min: 0, Avg:  0.0, Max: 0, Diff: 0, Sum: 0, Workers: 4
[24.939s][debug][gc,phases      ] GC(50)     Total                          Min: 0, Avg:  0.0, Max: 0, Diff: 0, Sum: 0, Workers: 4
[24.939s][debug][gc,phases      ] GC(50)   Weak JFR Old Object Samples    Min:  0.0, Avg:  0.0, Max:  0.0, Diff:  0.0, Sum:  0.0, Workers: 4
[24.939s][debug][gc,phases      ] GC(50)     Dead                           Min: 0, Avg:  0.0, Max: 0, Diff: 0, Sum: 0, Workers: 4
[24.939s][debug][gc,phases      ] GC(50)     Total                          Min: 0, Avg:  0.0, Max: 0, Diff: 0, Sum: 0, Workers: 4
[24.939s][debug][gc,phases      ] GC(50) Weak Processing 0.395ms
[24.939s][debug][gc,phases      ] GC(50) ClassLoaderData 0.079ms
[24.939s][debug][gc,phases      ] GC(50) Trigger cleanups 0.000ms
[24.948s][debug][gc,phases      ] GC(50) Class Unloading 8.986ms
[24.948s][info ][gc,phases      ] GC(50) Marking Phase 167.354ms
[24.948s][info ][gc,phases,start] GC(50) Summary Phase
[24.948s][info ][gc,phases      ] GC(50) Summary Phase 0.022ms
[24.948s][info ][gc,phases,start] GC(50) Adjust Roots
[24.955s][info ][gc,phases      ] GC(50) Adjust Roots 6.495ms
[24.955s][info ][gc,phases,start] GC(50) Compaction Phase
[25.231s][info ][gc,phases      ] GC(50) Compaction Phase 275.979ms
[25.231s][info ][gc,phases,start] GC(50) Post Compact
[25.232s][info ][gc,phases      ] GC(50) Post Compact 1.279ms
[25.232s][info ][gc,heap        ] GC(50) PSYoungGen: 67328K(1678336K)->38975K(1678336K) Eden: 0K(1269248K)->0K(1269248K) From: 67328K(409088K)->38975K(409088K)
[25.232s][info ][gc,heap        ] GC(50) ParOldGen: 414470K(436224K)->435789K(552448K)
[25.232s][info ][gc,metaspace   ] GC(50) Metaspace: 67869K(68608K)->67869K(68608K) NonClass: 58019K(58432K)->58019K(58432K) Class: 9850K(10176K)->9850K(10176K)
[25.232s][info ][gc             ] GC(50) Pause Full (Ergonomics) 470M->463M(2178M) 451.427ms
[25.232s][info ][gc,cpu         ] GC(50) User=1.75s Sys=0.00s Real=0.45s
[25.238s][info ][safepoint      ] Safepoint "ParallelGCFailedAllocation", Time since last: 317220261 ns, Reaching safepoint: 139203 ns, At safepoint: 549440116 ns, Total: 549579319 ns
[25.482s][info ][gc,start       ] GC(51) Pause Young (Allocation Failure)
[25.546s][debug][gc,phases      ] GC(51) Scavenge 63.465ms
[25.546s][debug][gc,ref         ] GC(51) Skipped phase 1 of Reference Processing: no references
[25.546s][debug][gc,ref         ] GC(51) ReferenceProcessor::execute queues: 1, RefProcThreadModel::Single, marks_oops_alive: false
[25.546s][debug][gc,ref         ] GC(51) Skipped phase 3 of Reference Processing: no references
[25.546s][debug][gc,ref         ] GC(51) Skipped phase 4 of Reference Processing: no references
[25.546s][debug][gc,phases      ] GC(51) Reference Processing 0.111ms
[25.546s][debug][gc,phases      ] GC(51)   VM Weak                        Min:  0.0, Avg:  0.0, Max:  0.0, Diff:  0.0, Sum:  0.0, Workers: 4
[25.546s][debug][gc,phases      ] GC(51)     Dead                           Min: 0, Avg:  0.0, Max: 0, Diff: 0, Sum: 0, Workers: 4
[25.546s][debug][gc,phases      ] GC(51)     Total                          Min: 0, Avg: 147.2, Max: 448, Diff: 448, Sum: 589, Workers: 4
[25.546s][debug][gc,phases      ] GC(51)   ObjectSynchronizer Weak        Min:  0.0, Avg:  0.0, Max:  0.0, Diff:  0.0, Sum:  0.0, Workers: 4
[25.546s][debug][gc,phases      ] GC(51)     Dead                           Min: 0, Avg:  0.0, Max: 0, Diff: 0, Sum: 0, Workers: 4
[25.546s][debug][gc,phases      ] GC(51)     Total                          Min: 0, Avg: 91.5, Max: 128, Diff: 128, Sum: 366, Workers: 4
[25.546s][debug][gc,phases      ] GC(51)   JVMTI Tag Weak OopStorage      Min:  0.0, Avg:  0.0, Max:  0.0, Diff:  0.0, Sum:  0.0, Workers: 4
[25.546s][debug][gc,phases      ] GC(51)     Dead                           Min: 0, Avg:  0.0, Max: 0, Diff: 0, Sum: 0, Workers: 4
[25.546s][debug][gc,phases      ] GC(51)     Total                          Min: 0, Avg:  0.0, Max: 0, Diff: 0, Sum: 0, Workers: 4
[25.546s][debug][gc,phases      ] GC(51)   StringTable Weak               Min:  0.1, Avg:  0.1, Max:  0.1, Diff:  0.0, Sum:  0.3, Workers: 4
[25.546s][debug][gc,phases      ] GC(51)     Dead                           Min: 0, Avg:  2.8, Max: 10, Diff: 10, Sum: 11, Workers: 4
[25.546s][debug][gc,phases      ] GC(51)     Total                          Min: 9984, Avg: 10649.5, Max: 11776, Diff: 1792, Sum: 42598, Workers: 4
[25.546s][debug][gc,phases      ] GC(51)   ResolvedMethodTable Weak       Min:  0.0, Avg:  0.0, Max:  0.0, Diff:  0.0, Sum:  0.1, Workers: 4
[25.546s][debug][gc,phases      ] GC(51)     Dead                           Min: 0, Avg:  0.0, Max: 0, Diff: 0, Sum: 0, Workers: 4
[25.546s][debug][gc,phases      ] GC(51)     Total                          Min: 1599, Avg: 1729.8, Max: 1856, Diff: 257, Sum: 6919, Workers: 4
[25.546s][debug][gc,phases      ] GC(51)   JNI Weak                       Min:  0.0, Avg:  0.0, Max:  0.0, Diff:  0.0, Sum:  0.0, Workers: 4
[25.546s][debug][gc,phases      ] GC(51)     Dead                           Min: 0, Avg:  0.0, Max: 0, Diff: 0, Sum: 0, Workers: 4
[25.546s][debug][gc,phases      ] GC(51)     Total                          Min: 0, Avg:  2.2, Max: 9, Diff: 9, Sum: 9, Workers: 4
[25.546s][debug][gc,phases      ] GC(51)   StringDedup Table Weak         Min:  0.0, Avg:  0.0, Max:  0.0, Diff:  0.0, Sum:  0.0, Workers: 4
[25.546s][debug][gc,phases      ] GC(51)     Dead                           Min: 0, Avg:  0.0, Max: 0, Diff: 0, Sum: 0, Workers: 4
[25.546s][debug][gc,phases      ] GC(51)     Total                          Min: 0, Avg:  0.0, Max: 0, Diff: 0, Sum: 0, Workers: 4
[25.546s][debug][gc,phases      ] GC(51)   StringDedup Requests0 Weak     Min:  0.0, Avg:  0.0, Max:  0.0, Diff:  0.0, Sum:  0.0, Workers: 4
[25.546s][debug][gc,phases      ] GC(51)     Dead                           Min: 0, Avg:  0.0, Max: 0, Diff: 0, Sum: 0, Workers: 4
[25.546s][debug][gc,phases      ] GC(51)     Total                          Min: 0, Avg:  0.0, Max: 0, Diff: 0, Sum: 0, Workers: 4
[25.546s][debug][gc,phases      ] GC(51)   StringDedup Requests1 Weak     Min:  0.0, Avg:  0.0, Max:  0.0, Diff:  0.0, Sum:  0.0, Workers: 4
[25.546s][debug][gc,phases      ] GC(51)     Dead                           Min: 0, Avg:  0.0, Max: 0, Diff: 0, Sum: 0, Workers: 4
[25.546s][debug][gc,phases      ] GC(51)     Total                          Min: 0, Avg:  0.0, Max: 0, Diff: 0, Sum: 0, Workers: 4
[25.546s][debug][gc,phases      ] GC(51)   Weak JFR Old Object Samples    Min:  0.0, Avg:  0.0, Max:  0.0, Diff:  0.0, Sum:  0.0, Workers: 4
[25.546s][debug][gc,phases      ] GC(51)     Dead                           Min: 0, Avg:  0.0, Max: 0, Diff: 0, Sum: 0, Workers: 4
[25.546s][debug][gc,phases      ] GC(51)     Total                          Min: 0, Avg:  0.0, Max: 0, Diff: 0, Sum: 0, Workers: 4
[25.546s][debug][gc,phases      ] GC(51) Weak Processing 0.307ms
[25.546s][debug][gc,age         ] GC(51) Desired survivor size 436207616 bytes, new threshold 15 (max threshold 15)
[25.546s][info ][gc,heap        ] GC(51) PSYoungGen: 1308223K(1678336K)->37232K(1662976K) Eden: 1269248K(1269248K)->0K(1245184K) From: 38975K(409088K)->37232K(417792K)
[25.546s][info ][gc,heap        ] GC(51) ParOldGen: 435789K(552448K)->442529K(552448K)
[25.546s][info ][gc,metaspace   ] GC(51) Metaspace: 67884K(68608K)->67884K(68608K) NonClass: 58034K(58432K)->58034K(58432K) Class: 9850K(10176K)->9850K(10176K)
[25.546s][info ][gc             ] GC(51) Pause Young (Allocation Failure) 1703M->468M(2163M) 64.053ms
[25.546s][info ][gc,cpu         ] GC(51) User=0.25s Sys=0.00s Real=0.07s
[25.546s][info ][safepoint      ] Safepoint "ParallelGCFailedAllocation", Time since last: 244130395 ns, Reaching safepoint: 143103 ns, At safepoint: 64170787 ns, Total: 64313890 ns
[25.858s][info ][gc,start       ] GC(52) Pause Young (Allocation Failure)
[25.872s][debug][gc,phases      ] GC(52) Scavenge 13.554ms
[25.872s][debug][gc,ref         ] GC(52) Skipped phase 1 of Reference Processing: no references
[25.872s][debug][gc,ref         ] GC(52) ReferenceProcessor::execute queues: 1, RefProcThreadModel::Single, marks_oops_alive: false
[25.872s][debug][gc,ref         ] GC(52) Skipped phase 3 of Reference Processing: no references
[25.872s][debug][gc,ref         ] GC(52) ReferenceProcessor::execute queues: 1, RefProcThreadModel::Single, marks_oops_alive: false
[25.872s][debug][gc,phases      ] GC(52) Reference Processing 0.112ms
[25.872s][debug][gc,phases      ] GC(52)   VM Weak                        Min:  0.0, Avg:  0.0, Max:  0.0, Diff:  0.0, Sum:  0.0, Workers: 4
[25.872s][debug][gc,phases      ] GC(52)     Dead                           Min: 0, Avg:  0.0, Max: 0, Diff: 0, Sum: 0, Workers: 4
[25.872s][debug][gc,phases      ] GC(52)     Total                          Min: 0, Avg: 147.2, Max: 589, Diff: 589, Sum: 589, Workers: 4
[25.872s][debug][gc,phases      ] GC(52)   ObjectSynchronizer Weak        Min:  0.0, Avg:  0.0, Max:  0.0, Diff:  0.0, Sum:  0.0, Workers: 4
[25.872s][debug][gc,phases      ] GC(52)     Dead                           Min: 0, Avg:  0.0, Max: 0, Diff: 0, Sum: 0, Workers: 4
[25.872s][debug][gc,phases      ] GC(52)     Total                          Min: 0, Avg: 91.5, Max: 192, Diff: 192, Sum: 366, Workers: 4
[25.872s][debug][gc,phases      ] GC(52)   JVMTI Tag Weak OopStorage      Min:  0.0, Avg:  0.0, Max:  0.0, Diff:  0.0, Sum:  0.0, Workers: 4
[25.872s][debug][gc,phases      ] GC(52)     Dead                           Min: 0, Avg:  0.0, Max: 0, Diff: 0, Sum: 0, Workers: 4
[25.872s][debug][gc,phases      ] GC(52)     Total                          Min: 0, Avg:  0.0, Max: 0, Diff: 0, Sum: 0, Workers: 4
[25.872s][debug][gc,phases      ] GC(52)   StringTable Weak               Min:  0.1, Avg:  0.1, Max:  0.1, Diff:  0.0, Sum:  0.4, Workers: 4
[25.872s][debug][gc,phases      ] GC(52)     Dead                           Min: 0, Avg:  2.8, Max: 11, Diff: 11, Sum: 11, Workers: 4
[25.872s][debug][gc,phases      ] GC(52)     Total                          Min: 8448, Avg: 10650.0, Max: 12022, Diff: 3574, Sum: 42600, Workers: 4
[25.872s][debug][gc,phases      ] GC(52)   ResolvedMethodTable Weak       Min:  0.0, Avg:  0.0, Max:  0.0, Diff:  0.0, Sum:  0.1, Workers: 4
[25.872s][debug][gc,phases      ] GC(52)     Dead                           Min: 0, Avg:  0.0, Max: 0, Diff: 0, Sum: 0, Workers: 4
[25.872s][debug][gc,phases      ] GC(52)     Total                          Min: 1408, Avg: 1729.8, Max: 1864, Diff: 456, Sum: 6919, Workers: 4
[25.872s][debug][gc,phases      ] GC(52)   JNI Weak                       Min:  0.0, Avg:  0.0, Max:  0.0, Diff:  0.0, Sum:  0.0, Workers: 4
[25.872s][debug][gc,phases      ] GC(52)     Dead                           Min: 0, Avg:  0.0, Max: 0, Diff: 0, Sum: 0, Workers: 4
[25.872s][debug][gc,phases      ] GC(52)     Total                          Min: 0, Avg:  0.5, Max: 2, Diff: 2, Sum: 2, Workers: 4
[25.872s][debug][gc,phases      ] GC(52)   StringDedup Table Weak         Min:  0.0, Avg:  0.0, Max:  0.0, Diff:  0.0, Sum:  0.0, Workers: 4
[25.872s][debug][gc,phases      ] GC(52)     Dead                           Min: 0, Avg:  0.0, Max: 0, Diff: 0, Sum: 0, Workers: 4
[25.872s][debug][gc,phases      ] GC(52)     Total                          Min: 0, Avg:  0.0, Max: 0, Diff: 0, Sum: 0, Workers: 4
[25.872s][debug][gc,phases      ] GC(52)   StringDedup Requests0 Weak     Min:  0.0, Avg:  0.0, Max:  0.0, Diff:  0.0, Sum:  0.0, Workers: 4
[25.872s][debug][gc,phases      ] GC(52)     Dead                           Min: 0, Avg:  0.0, Max: 0, Diff: 0, Sum: 0, Workers: 4
[25.872s][debug][gc,phases      ] GC(52)     Total                          Min: 0, Avg:  0.0, Max: 0, Diff: 0, Sum: 0, Workers: 4
[25.872s][debug][gc,phases      ] GC(52)   StringDedup Requests1 Weak     Min:  0.0, Avg:  0.0, Max:  0.0, Diff:  0.0, Sum:  0.0, Workers: 4
[25.872s][debug][gc,phases      ] GC(52)     Dead                           Min: 0, Avg:  0.0, Max: 0, Diff: 0, Sum: 0, Workers: 4
[25.872s][debug][gc,phases      ] GC(52)     Total                          Min: 0, Avg:  0.0, Max: 0, Diff: 0, Sum: 0, Workers: 4
[25.872s][debug][gc,phases      ] GC(52)   Weak JFR Old Object Samples    Min:  0.0, Avg:  0.0, Max:  0.0, Diff:  0.0, Sum:  0.0, Workers: 4
[25.872s][debug][gc,phases      ] GC(52)     Dead                           Min: 0, Avg:  0.0, Max: 0, Diff: 0, Sum: 0, Workers: 4
[25.872s][debug][gc,phases      ] GC(52)     Total                          Min: 0, Avg:  0.0, Max: 0, Diff: 0, Sum: 0, Workers: 4
[25.873s][debug][gc,phases      ] GC(52) Weak Processing 0.310ms
[25.873s][debug][gc,age         ] GC(52) Desired survivor size 438304768 bytes, new threshold 15 (max threshold 15)
[25.873s][info ][gc,heap        ] GC(52) PSYoungGen: 1282416K(1662976K)->42448K(1287680K) Eden: 1245184K(1245184K)->0K(1245184K) From: 37232K(417792K)->42448K(42496K)
[25.873s][info ][gc,heap        ] GC(52) ParOldGen: 442529K(552448K)->443654K(552448K)
[25.873s][info ][gc,metaspace   ] GC(52) Metaspace: 67884K(68608K)->67884K(68608K) NonClass: 58034K(58432K)->58034K(58432K) Class: 9850K(10176K)->9850K(10176K)
[25.873s][info ][gc             ] GC(52) Pause Young (Allocation Failure) 1684M->474M(1797M) 14.110ms
[25.873s][info ][gc,cpu         ] GC(52) User=0.05s Sys=0.00s Real=0.01s
[25.873s][info ][safepoint      ] Safepoint "ParallelGCFailedAllocation", Time since last: 312088757 ns, Reaching safepoint: 140803 ns, At safepoint: 14216185 ns, Total: 14356988 ns
[26.162s][info ][gc,start       ] GC(53) Pause Young (Allocation Failure)
[26.178s][debug][gc,phases      ] GC(53) Scavenge 16.234ms
[26.179s][debug][gc,ref         ] GC(53) Skipped phase 1 of Reference Processing: no references
[26.179s][debug][gc,ref         ] GC(53) ReferenceProcessor::execute queues: 1, RefProcThreadModel::Single, marks_oops_alive: false
[26.179s][debug][gc,ref         ] GC(53) Skipped phase 3 of Reference Processing: no references
[26.179s][debug][gc,ref         ] GC(53) ReferenceProcessor::execute queues: 1, RefProcThreadModel::Single, marks_oops_alive: false
[26.179s][debug][gc,phases      ] GC(53) Reference Processing 0.086ms
[26.179s][debug][gc,phases      ] GC(53)   VM Weak                        Min:  0.0, Avg:  0.0, Max:  0.0, Diff:  0.0, Sum:  0.0, Workers: 4
[26.179s][debug][gc,phases      ] GC(53)     Dead                           Min: 0, Avg:  0.0, Max: 0, Diff: 0, Sum: 0, Workers: 4
[26.179s][debug][gc,phases      ] GC(53)     Total                          Min: 0, Avg: 147.2, Max: 525, Diff: 525, Sum: 589, Workers: 4
[26.179s][debug][gc,phases      ] GC(53)   ObjectSynchronizer Weak        Min:  0.0, Avg:  0.0, Max:  0.0, Diff:  0.0, Sum:  0.0, Workers: 4
[26.179s][debug][gc,phases      ] GC(53)     Dead                           Min: 0, Avg:  0.0, Max: 0, Diff: 0, Sum: 0, Workers: 4
[26.179s][debug][gc,phases      ] GC(53)     Total                          Min: 0, Avg: 91.5, Max: 174, Diff: 174, Sum: 366, Workers: 4
[26.179s][debug][gc,phases      ] GC(53)   JVMTI Tag Weak OopStorage      Min:  0.0, Avg:  0.0, Max:  0.0, Diff:  0.0, Sum:  0.0, Workers: 4
[26.179s][debug][gc,phases      ] GC(53)     Dead                           Min: 0, Avg:  0.0, Max: 0, Diff: 0, Sum: 0, Workers: 4
[26.179s][debug][gc,phases      ] GC(53)     Total                          Min: 0, Avg:  0.0, Max: 0, Diff: 0, Sum: 0, Workers: 4
[26.179s][debug][gc,phases      ] GC(53)   StringTable Weak               Min:  0.1, Avg:  0.1, Max:  0.1, Diff:  0.0, Sum:  0.4, Workers: 4
[26.179s][debug][gc,phases      ] GC(53)     Dead                           Min: 0, Avg:  0.0, Max: 0, Diff: 0, Sum: 0, Workers: 4
[26.179s][debug][gc,phases      ] GC(53)     Total                          Min: 9984, Avg: 10650.0, Max: 11574, Diff: 1590, Sum: 42600, Workers: 4
[26.179s][debug][gc,phases      ] GC(53)   ResolvedMethodTable Weak       Min:  0.0, Avg:  0.0, Max:  0.0, Diff:  0.0, Sum:  0.1, Workers: 4
[26.179s][debug][gc,phases      ] GC(53)     Dead                           Min: 0, Avg:  0.0, Max: 0, Diff: 0, Sum: 0, Workers: 4
[26.179s][debug][gc,phases      ] GC(53)     Total                          Min: 1416, Avg: 1729.8, Max: 2112, Diff: 696, Sum: 6919, Workers: 4
[26.179s][debug][gc,phases      ] GC(53)   JNI Weak                       Min:  0.0, Avg:  0.0, Max:  0.0, Diff:  0.0, Sum:  0.0, Workers: 4
[26.179s][debug][gc,phases      ] GC(53)     Dead                           Min: 0, Avg:  0.0, Max: 0, Diff: 0, Sum: 0, Workers: 4
[26.179s][debug][gc,phases      ] GC(53)     Total                          Min: 0, Avg:  0.0, Max: 0, Diff: 0, Sum: 0, Workers: 4
[26.179s][debug][gc,phases      ] GC(53)   StringDedup Table Weak         Min:  0.0, Avg:  0.0, Max:  0.0, Diff:  0.0, Sum:  0.0, Workers: 4
[26.179s][debug][gc,phases      ] GC(53)     Dead                           Min: 0, Avg:  0.0, Max: 0, Diff: 0, Sum: 0, Workers: 4
[26.179s][debug][gc,phases      ] GC(53)     Total                          Min: 0, Avg:  0.0, Max: 0, Diff: 0, Sum: 0, Workers: 4
[26.179s][debug][gc,phases      ] GC(53)   StringDedup Requests0 Weak     Min:  0.0, Avg:  0.0, Max:  0.0, Diff:  0.0, Sum:  0.0, Workers: 4
[26.179s][debug][gc,phases      ] GC(53)     Dead                           Min: 0, Avg:  0.0, Max: 0, Diff: 0, Sum: 0, Workers: 4
[26.179s][debug][gc,phases      ] GC(53)     Total                          Min: 0, Avg:  0.0, Max: 0, Diff: 0, Sum: 0, Workers: 4
[26.179s][debug][gc,phases      ] GC(53)   StringDedup Requests1 Weak     Min:  0.0, Avg:  0.0, Max:  0.0, Diff:  0.0, Sum:  0.0, Workers: 4
[26.179s][debug][gc,phases      ] GC(53)     Dead                           Min: 0, Avg:  0.0, Max: 0, Diff: 0, Sum: 0, Workers: 4
[26.179s][debug][gc,phases      ] GC(53)     Total                          Min: 0, Avg:  0.0, Max: 0, Diff: 0, Sum: 0, Workers: 4
[26.179s][debug][gc,phases      ] GC(53)   Weak JFR Old Object Samples    Min:  0.0, Avg:  0.0, Max:  0.0, Diff:  0.0, Sum:  0.0, Workers: 4
[26.179s][debug][gc,phases      ] GC(53)     Dead                           Min: 0, Avg:  0.0, Max: 0, Diff: 0, Sum: 0, Workers: 4
[26.179s][debug][gc,phases      ] GC(53)     Total                          Min: 0, Avg:  0.0, Max: 0, Diff: 0, Sum: 0, Workers: 4
[26.179s][debug][gc,phases      ] GC(53) Weak Processing 0.303ms
[26.179s][debug][gc,age         ] GC(53) Desired survivor size 435159040 bytes, new threshold 15 (max threshold 15)
[26.179s][info ][gc,heap        ] GC(53) PSYoungGen: 1287632K(1287680K)->46816K(1672192K) Eden: 1245184K(1245184K)->0K(1244160K) From: 42448K(42496K)->46816K(428032K)
[26.179s][info ][gc,heap        ] GC(53) ParOldGen: 443654K(552448K)->445894K(552448K)
[26.179s][info ][gc,metaspace   ] GC(53) Metaspace: 67886K(68608K)->67886K(68608K) NonClass: 58035K(58432K)->58035K(58432K) Class: 9850K(10176K)->9850K(10176K)
[26.179s][info ][gc             ] GC(53) Pause Young (Allocation Failure) 1690M->481M(2172M) 16.739ms
[26.179s][info ][gc,cpu         ] GC(53) User=0.05s Sys=0.01s Real=0.02s
[26.179s][info ][safepoint      ] Safepoint "ParallelGCFailedAllocation", Time since last: 289409003 ns, Reaching safepoint: 154603 ns, At safepoint: 16857538 ns, Total: 17012141 ns
[26.545s][info ][gc,start       ] GC(54) Pause Young (Allocation Failure)
[26.564s][debug][gc,phases      ] GC(54) Scavenge 19.344ms
[26.564s][debug][gc,ref         ] GC(54) Skipped phase 1 of Reference Processing: no references
[26.564s][debug][gc,ref         ] GC(54) ReferenceProcessor::execute queues: 1, RefProcThreadModel::Single, marks_oops_alive: false
[26.564s][debug][gc,ref         ] GC(54) Skipped phase 3 of Reference Processing: no references
[26.564s][debug][gc,ref         ] GC(54) ReferenceProcessor::execute queues: 1, RefProcThreadModel::Single, marks_oops_alive: false
[26.564s][debug][gc,phases      ] GC(54) Reference Processing 0.123ms
[26.565s][debug][gc,phases      ] GC(54)   VM Weak                        Min:  0.0, Avg:  0.0, Max:  0.0, Diff:  0.0, Sum:  0.0, Workers: 4
[26.565s][debug][gc,phases      ] GC(54)     Dead                           Min: 0, Avg:  0.0, Max: 0, Diff: 0, Sum: 0, Workers: 4
[26.565s][debug][gc,phases      ] GC(54)     Total                          Min: 0, Avg: 147.2, Max: 525, Diff: 525, Sum: 589, Workers: 4
[26.565s][debug][gc,phases      ] GC(54)   ObjectSynchronizer Weak        Min:  0.0, Avg:  0.0, Max:  0.0, Diff:  0.0, Sum:  0.0, Workers: 4
[26.565s][debug][gc,phases      ] GC(54)     Dead                           Min: 0, Avg:  0.0, Max: 0, Diff: 0, Sum: 0, Workers: 4
[26.565s][debug][gc,phases      ] GC(54)     Total                          Min: 0, Avg: 91.5, Max: 192, Diff: 192, Sum: 366, Workers: 4
[26.565s][debug][gc,phases      ] GC(54)   JVMTI Tag Weak OopStorage      Min:  0.0, Avg:  0.0, Max:  0.0, Diff:  0.0, Sum:  0.0, Workers: 4
[26.565s][debug][gc,phases      ] GC(54)     Dead                           Min: 0, Avg:  0.0, Max: 0, Diff: 0, Sum: 0, Workers: 4
[26.565s][debug][gc,phases      ] GC(54)     Total                          Min: 0, Avg:  0.0, Max: 0, Diff: 0, Sum: 0, Workers: 4
[26.565s][debug][gc,phases      ] GC(54)   StringTable Weak               Min:  0.1, Avg:  0.1, Max:  0.1, Diff:  0.0, Sum:  0.4, Workers: 4
[26.565s][debug][gc,phases      ] GC(54)     Dead                           Min: 0, Avg:  2.8, Max: 10, Diff: 10, Sum: 11, Workers: 4
[26.565s][debug][gc,phases      ] GC(54)     Total                          Min: 9984, Avg: 10650.5, Max: 11306, Diff: 1322, Sum: 42602, Workers: 4
[26.565s][debug][gc,phases      ] GC(54)   ResolvedMethodTable Weak       Min:  0.0, Avg:  0.0, Max:  0.0, Diff:  0.0, Sum:  0.1, Workers: 4
[26.565s][debug][gc,phases      ] GC(54)     Dead                           Min: 0, Avg:  0.0, Max: 0, Diff: 0, Sum: 0, Workers: 4
[26.565s][debug][gc,phases      ] GC(54)     Total                          Min: 640, Avg: 1729.8, Max: 2248, Diff: 1608, Sum: 6919, Workers: 4
[26.565s][debug][gc,phases      ] GC(54)   JNI Weak                       Min:  0.0, Avg:  0.0, Max:  0.0, Diff:  0.0, Sum:  0.0, Workers: 4
[26.565s][debug][gc,phases      ] GC(54)     Dead                           Min: 0, Avg:  0.0, Max: 0, Diff: 0, Sum: 0, Workers: 4
[26.565s][debug][gc,phases      ] GC(54)     Total                          Min: 0, Avg:  0.5, Max: 2, Diff: 2, Sum: 2, Workers: 4
[26.565s][debug][gc,phases      ] GC(54)   StringDedup Table Weak         Min:  0.0, Avg:  0.0, Max:  0.0, Diff:  0.0, Sum:  0.0, Workers: 4
[26.565s][debug][gc,phases      ] GC(54)     Dead                           Min: 0, Avg:  0.0, Max: 0, Diff: 0, Sum: 0, Workers: 4
[26.565s][debug][gc,phases      ] GC(54)     Total                          Min: 0, Avg:  0.0, Max: 0, Diff: 0, Sum: 0, Workers: 4
[26.565s][debug][gc,phases      ] GC(54)   StringDedup Requests0 Weak     Min:  0.0, Avg:  0.0, Max:  0.0, Diff:  0.0, Sum:  0.0, Workers: 4
[26.565s][debug][gc,phases      ] GC(54)     Dead                           Min: 0, Avg:  0.0, Max: 0, Diff: 0, Sum: 0, Workers: 4
[26.565s][debug][gc,phases      ] GC(54)     Total                          Min: 0, Avg:  0.0, Max: 0, Diff: 0, Sum: 0, Workers: 4
[26.565s][debug][gc,phases      ] GC(54)   StringDedup Requests1 Weak     Min:  0.0, Avg:  0.0, Max:  0.0, Diff:  0.0, Sum:  0.0, Workers: 4
[26.565s][debug][gc,phases      ] GC(54)     Dead                           Min: 0, Avg:  0.0, Max: 0, Diff: 0, Sum: 0, Workers: 4
[26.565s][debug][gc,phases      ] GC(54)     Total                          Min: 0, Avg:  0.0, Max: 0, Diff: 0, Sum: 0, Workers: 4
[26.565s][debug][gc,phases      ] GC(54)   Weak JFR Old Object Samples    Min:  0.0, Avg:  0.0, Max:  0.0, Diff:  0.0, Sum:  0.0, Workers: 4
[26.565s][debug][gc,phases      ] GC(54)     Dead                           Min: 0, Avg:  0.0, Max: 0, Diff: 0, Sum: 0, Workers: 4
[26.565s][debug][gc,phases      ] GC(54)     Total                          Min: 0, Avg:  0.0, Max: 0, Diff: 0, Sum: 0, Workers: 4
[26.565s][debug][gc,phases      ] GC(54) Weak Processing 0.345ms
[26.565s][debug][gc,age         ] GC(54) Desired survivor size 428343296 bytes, new threshold 15 (max threshold 15)
[26.565s][info ][gc,heap        ] GC(54) PSYoungGen: 1290976K(1672192K)->51960K(1669120K) Eden: 1244160K(1244160K)->0K(1244160K) From: 46816K(428032K)->51960K(424960K)
[26.565s][info ][gc,heap        ] GC(54) ParOldGen: 445894K(552448K)->447334K(552448K)
[26.565s][info ][gc,metaspace   ] GC(54) Metaspace: 67891K(68608K)->67891K(68608K) NonClass: 58040K(58432K)->58040K(58432K) Class: 9850K(10176K)->9850K(10176K)
[26.565s][info ][gc             ] GC(54) Pause Young (Allocation Failure) 1696M->487M(2169M) 19.993ms
[26.565s][info ][gc,cpu         ] GC(54) User=0.06s Sys=0.00s Real=0.02s
[26.565s][info ][safepoint      ] Safepoint "ParallelGCFailedAllocation", Time since last: 363555090 ns, Reaching safepoint: 2201144 ns, At safepoint: 20133403 ns, Total: 22334547 ns
[26.954s][info ][gc,start       ] GC(55) Pause Young (Allocation Failure)
[26.976s][debug][gc,phases      ] GC(55) Scavenge 21.763ms
[26.976s][debug][gc,ref         ] GC(55) Skipped phase 1 of Reference Processing: no references
[26.976s][debug][gc,ref         ] GC(55) ReferenceProcessor::execute queues: 1, RefProcThreadModel::Single, marks_oops_alive: false
[26.976s][debug][gc,ref         ] GC(55) Skipped phase 3 of Reference Processing: no references
[26.976s][debug][gc,ref         ] GC(55) ReferenceProcessor::execute queues: 1, RefProcThreadModel::Single, marks_oops_alive: false
[26.976s][debug][gc,phases      ] GC(55) Reference Processing 0.119ms
[26.977s][debug][gc,phases      ] GC(55)   VM Weak                        Min:  0.0, Avg:  0.0, Max:  0.0, Diff:  0.0, Sum:  0.0, Workers: 4
[26.977s][debug][gc,phases      ] GC(55)     Dead                           Min: 0, Avg:  0.0, Max: 0, Diff: 0, Sum: 0, Workers: 4
[26.977s][debug][gc,phases      ] GC(55)     Total                          Min: 0, Avg: 147.5, Max: 448, Diff: 448, Sum: 590, Workers: 4
[26.977s][debug][gc,phases      ] GC(55)   ObjectSynchronizer Weak        Min:  0.0, Avg:  0.0, Max:  0.0, Diff:  0.0, Sum:  0.0, Workers: 4
[26.977s][debug][gc,phases      ] GC(55)     Dead                           Min: 0, Avg:  0.0, Max: 0, Diff: 0, Sum: 0, Workers: 4
[26.977s][debug][gc,phases      ] GC(55)     Total                          Min: 0, Avg: 91.5, Max: 128, Diff: 128, Sum: 366, Workers: 4
[26.977s][debug][gc,phases      ] GC(55)   JVMTI Tag Weak OopStorage      Min:  0.0, Avg:  0.0, Max:  0.0, Diff:  0.0, Sum:  0.0, Workers: 4
[26.977s][debug][gc,phases      ] GC(55)     Dead                           Min: 0, Avg:  0.0, Max: 0, Diff: 0, Sum: 0, Workers: 4
[26.977s][debug][gc,phases      ] GC(55)     Total                          Min: 0, Avg:  0.0, Max: 0, Diff: 0, Sum: 0, Workers: 4
[26.977s][debug][gc,phases      ] GC(55)   StringTable Weak               Min:  0.1, Avg:  0.1, Max:  0.1, Diff:  0.0, Sum:  0.5, Workers: 4
[26.977s][debug][gc,phases      ] GC(55)     Dead                           Min: 0, Avg:  2.8, Max: 11, Diff: 11, Sum: 11, Workers: 4
[26.977s][debug][gc,phases      ] GC(55)     Total                          Min: 10239, Avg: 10664.5, Max: 11072, Diff: 833, Sum: 42658, Workers: 4
[26.977s][debug][gc,phases      ] GC(55)   ResolvedMethodTable Weak       Min:  0.0, Avg:  0.0, Max:  0.0, Diff:  0.0, Sum:  0.1, Workers: 4
[26.977s][debug][gc,phases      ] GC(55)     Dead                           Min: 0, Avg:  4.2, Max: 16, Diff: 16, Sum: 17, Workers: 4
[26.977s][debug][gc,phases      ] GC(55)     Total                          Min: 1662, Avg: 1734.0, Max: 1909, Diff: 247, Sum: 6936, Workers: 4
[26.977s][debug][gc,phases      ] GC(55)   JNI Weak                       Min:  0.0, Avg:  0.0, Max:  0.0, Diff:  0.0, Sum:  0.0, Workers: 4
[26.977s][debug][gc,phases      ] GC(55)     Dead                           Min: 0, Avg:  0.0, Max: 0, Diff: 0, Sum: 0, Workers: 4
[26.977s][debug][gc,phases      ] GC(55)     Total                          Min: 0, Avg:  1.2, Max: 5, Diff: 5, Sum: 5, Workers: 4
[26.977s][debug][gc,phases      ] GC(55)   StringDedup Table Weak         Min:  0.0, Avg:  0.0, Max:  0.0, Diff:  0.0, Sum:  0.0, Workers: 4
[26.977s][debug][gc,phases      ] GC(55)     Dead                           Min: 0, Avg:  0.0, Max: 0, Diff: 0, Sum: 0, Workers: 4
[26.977s][debug][gc,phases      ] GC(55)     Total                          Min: 0, Avg:  0.0, Max: 0, Diff: 0, Sum: 0, Workers: 4
[26.977s][debug][gc,phases      ] GC(55)   StringDedup Requests0 Weak     Min:  0.0, Avg:  0.0, Max:  0.0, Diff:  0.0, Sum:  0.0, Workers: 4
[26.977s][debug][gc,phases      ] GC(55)     Dead                           Min: 0, Avg:  0.0, Max: 0, Diff: 0, Sum: 0, Workers: 4
[26.977s][debug][gc,phases      ] GC(55)     Total                          Min: 0, Avg:  0.0, Max: 0, Diff: 0, Sum: 0, Workers: 4
[26.977s][debug][gc,phases      ] GC(55)   StringDedup Requests1 Weak     Min:  0.0, Avg:  0.0, Max:  0.0, Diff:  0.0, Sum:  0.0, Workers: 4
[26.977s][debug][gc,phases      ] GC(55)     Dead                           Min: 0, Avg:  0.0, Max: 0, Diff: 0, Sum: 0, Workers: 4
[26.977s][debug][gc,phases      ] GC(55)     Total                          Min: 0, Avg:  0.0, Max: 0, Diff: 0, Sum: 0, Workers: 4
[26.977s][debug][gc,phases      ] GC(55)   Weak JFR Old Object Samples    Min:  0.0, Avg:  0.0, Max:  0.0, Diff:  0.0, Sum:  0.0, Workers: 4
[26.977s][debug][gc,phases      ] GC(55)     Dead                           Min: 0, Avg:  0.0, Max: 0, Diff: 0, Sum: 0, Workers: 4
[26.977s][debug][gc,phases      ] GC(55)     Total                          Min: 0, Avg:  0.0, Max: 0, Diff: 0, Sum: 0, Workers: 4
[26.977s][debug][gc,phases      ] GC(55) Weak Processing 0.331ms
[26.977s][debug][gc,age         ] GC(55) Desired survivor size 417333248 bytes, new threshold 15 (max threshold 15)
[26.977s][info ][gc,heap        ] GC(55) PSYoungGen: 1296120K(1669120K)->57976K(1689600K) Eden: 1244160K(1244160K)->0K(1271296K) From: 51960K(424960K)->57976K(418304K)
[26.977s][info ][gc,heap        ] GC(55) ParOldGen: 447334K(552448K)->448870K(552448K)
[26.977s][info ][gc,metaspace   ] GC(55) Metaspace: 67909K(68736K)->67909K(68736K) NonClass: 58049K(58496K)->58049K(58496K) Class: 9860K(10240K)->9860K(10240K)
[26.977s][info ][gc             ] GC(55) Pause Young (Allocation Failure) 1702M->494M(2189M) 22.361ms
[26.977s][info ][gc,cpu         ] GC(55) User=0.09s Sys=0.00s Real=0.02s
[26.977s][info ][safepoint      ] Safepoint "ParallelGCFailedAllocation", Time since last: 389343407 ns, Reaching safepoint: 144703 ns, At safepoint: 22497451 ns, Total: 22642154 ns
[27.293s][info ][gc,start       ] GC(56) Pause Young (Allocation Failure)
[27.312s][debug][gc,phases      ] GC(56) Scavenge 18.604ms
[27.312s][debug][gc,ref         ] GC(56) Skipped phase 1 of Reference Processing: no references
[27.312s][debug][gc,ref         ] GC(56) ReferenceProcessor::execute queues: 1, RefProcThreadModel::Single, marks_oops_alive: false
[27.312s][debug][gc,ref         ] GC(56) Skipped phase 3 of Reference Processing: no references
[27.312s][debug][gc,ref         ] GC(56) ReferenceProcessor::execute queues: 1, RefProcThreadModel::Single, marks_oops_alive: false
[27.312s][debug][gc,phases      ] GC(56) Reference Processing 0.134ms
[27.312s][debug][gc,phases      ] GC(56)   VM Weak                        Min:  0.0, Avg:  0.0, Max:  0.0, Diff:  0.0, Sum:  0.0, Workers: 4
[27.312s][debug][gc,phases      ] GC(56)     Dead                           Min: 0, Avg:  0.0, Max: 0, Diff: 0, Sum: 0, Workers: 4
[27.312s][debug][gc,phases      ] GC(56)     Total                          Min: 0, Avg: 147.5, Max: 590, Diff: 590, Sum: 590, Workers: 4
[27.312s][debug][gc,phases      ] GC(56)   ObjectSynchronizer Weak        Min:  0.0, Avg:  0.0, Max:  0.0, Diff:  0.0, Sum:  0.0, Workers: 4
[27.312s][debug][gc,phases      ] GC(56)     Dead                           Min: 0, Avg:  0.0, Max: 0, Diff: 0, Sum: 0, Workers: 4
[27.312s][debug][gc,phases      ] GC(56)     Total                          Min: 0, Avg: 91.5, Max: 238, Diff: 238, Sum: 366, Workers: 4
[27.312s][debug][gc,phases      ] GC(56)   JVMTI Tag Weak OopStorage      Min:  0.0, Avg:  0.0, Max:  0.0, Diff:  0.0, Sum:  0.0, Workers: 4
[27.312s][debug][gc,phases      ] GC(56)     Dead                           Min: 0, Avg:  0.0, Max: 0, Diff: 0, Sum: 0, Workers: 4
[27.312s][debug][gc,phases      ] GC(56)     Total                          Min: 0, Avg:  0.0, Max: 0, Diff: 0, Sum: 0, Workers: 4
[27.312s][debug][gc,phases      ] GC(56)   StringTable Weak               Min:  0.1, Avg:  0.1, Max:  0.1, Diff:  0.0, Sum:  0.4, Workers: 4
[27.312s][debug][gc,phases      ] GC(56)     Dead                           Min: 0, Avg:  2.8, Max: 11, Diff: 11, Sum: 11, Workers: 4
[27.312s][debug][gc,phases      ] GC(56)     Total                          Min: 9920, Avg: 10664.5, Max: 11501, Diff: 1581, Sum: 42658, Workers: 4
[27.312s][debug][gc,phases      ] GC(56)   ResolvedMethodTable Weak       Min:  0.0, Avg:  0.0, Max:  0.0, Diff:  0.0, Sum:  0.1, Workers: 4
[27.312s][debug][gc,phases      ] GC(56)     Dead                           Min: 0, Avg:  0.0, Max: 0, Diff: 0, Sum: 0, Workers: 4
[27.312s][debug][gc,phases      ] GC(56)     Total                          Min: 1408, Avg: 1734.0, Max: 2023, Diff: 615, Sum: 6936, Workers: 4
[27.312s][debug][gc,phases      ] GC(56)   JNI Weak                       Min:  0.0, Avg:  0.0, Max:  0.0, Diff:  0.0, Sum:  0.0, Workers: 4
[27.312s][debug][gc,phases      ] GC(56)     Dead                           Min: 0, Avg:  0.0, Max: 0, Diff: 0, Sum: 0, Workers: 4
[27.312s][debug][gc,phases      ] GC(56)     Total                          Min: 0, Avg:  2.5, Max: 10, Diff: 10, Sum: 10, Workers: 4
[27.312s][debug][gc,phases      ] GC(56)   StringDedup Table Weak         Min:  0.0, Avg:  0.0, Max:  0.0, Diff:  0.0, Sum:  0.0, Workers: 4
[27.312s][debug][gc,phases      ] GC(56)     Dead                           Min: 0, Avg:  0.0, Max: 0, Diff: 0, Sum: 0, Workers: 4
[27.312s][debug][gc,phases      ] GC(56)     Total                          Min: 0, Avg:  0.0, Max: 0, Diff: 0, Sum: 0, Workers: 4
[27.312s][debug][gc,phases      ] GC(56)   StringDedup Requests0 Weak     Min:  0.0, Avg:  0.0, Max:  0.0, Diff:  0.0, Sum:  0.0, Workers: 4
[27.312s][debug][gc,phases      ] GC(56)     Dead                           Min: 0, Avg:  0.0, Max: 0, Diff: 0, Sum: 0, Workers: 4
[27.312s][debug][gc,phases      ] GC(56)     Total                          Min: 0, Avg:  0.0, Max: 0, Diff: 0, Sum: 0, Workers: 4
[27.312s][debug][gc,phases      ] GC(56)   StringDedup Requests1 Weak     Min:  0.0, Avg:  0.0, Max:  0.0, Diff:  0.0, Sum:  0.0, Workers: 4
[27.312s][debug][gc,phases      ] GC(56)     Dead                           Min: 0, Avg:  0.0, Max: 0, Diff: 0, Sum: 0, Workers: 4
[27.312s][debug][gc,phases      ] GC(56)     Total                          Min: 0, Avg:  0.0, Max: 0, Diff: 0, Sum: 0, Workers: 4
[27.312s][debug][gc,phases      ] GC(56)   Weak JFR Old Object Samples    Min:  0.0, Avg:  0.0, Max:  0.0, Diff:  0.0, Sum:  0.0, Workers: 4
[27.312s][debug][gc,phases      ] GC(56)     Dead                           Min: 0, Avg:  0.0, Max: 0, Diff: 0, Sum: 0, Workers: 4
[27.312s][debug][gc,phases      ] GC(56)     Total                          Min: 0, Avg:  0.0, Max: 0, Diff: 0, Sum: 0, Workers: 4
[27.312s][debug][gc,phases      ] GC(56) Weak Processing 0.302ms
[27.312s][debug][gc,age         ] GC(56) Desired survivor size 404226048 bytes, new threshold 15 (max threshold 15)
[27.312s][info ][gc,heap        ] GC(56) PSYoungGen: 1329272K(1689600K)->63280K(1678848K) Eden: 1271296K(1271296K)->0K(1271296K) From: 57976K(418304K)->63280K(407552K)
[27.312s][info ][gc,heap        ] GC(56) ParOldGen: 448870K(552448K)->450038K(552448K)
[27.312s][info ][gc,metaspace   ] GC(56) Metaspace: 67909K(68736K)->67909K(68736K) NonClass: 58049K(58496K)->58049K(58496K) Class: 9860K(10240K)->9860K(10240K)
[27.312s][info ][gc             ] GC(56) Pause Young (Allocation Failure) 1736M->501M(2179M) 19.199ms
[27.312s][info ][gc,cpu         ] GC(56) User=0.09s Sys=0.00s Real=0.01s
[27.312s][info ][safepoint      ] Safepoint "ParallelGCFailedAllocation", Time since last: 315859533 ns, Reaching safepoint: 138503 ns, At safepoint: 19313187 ns, Total: 19451690 ns
[27.630s][info ][safepoint      ] Safepoint "ParallelGCFailedAllocation", Time since last: 317220060 ns, Reaching safepoint: 163603 ns, At safepoint: 41301 ns, Total: 204904 ns
[27.633s][info ][gc,start       ] GC(57) Pause Young (GCLocker Initiated GC)
[27.654s][debug][gc,phases      ] GC(57) Scavenge 20.415ms
[27.654s][debug][gc,ref         ] GC(57) Skipped phase 1 of Reference Processing: no references
[27.654s][debug][gc,ref         ] GC(57) ReferenceProcessor::execute queues: 1, RefProcThreadModel::Single, marks_oops_alive: false
[27.654s][debug][gc,ref         ] GC(57) Skipped phase 3 of Reference Processing: no references
[27.654s][debug][gc,ref         ] GC(57) ReferenceProcessor::execute queues: 1, RefProcThreadModel::Single, marks_oops_alive: false
[27.654s][debug][gc,phases      ] GC(57) Reference Processing 0.112ms
[27.654s][debug][gc,phases      ] GC(57)   VM Weak                        Min:  0.0, Avg:  0.0, Max:  0.0, Diff:  0.0, Sum:  0.0, Workers: 4
[27.654s][debug][gc,phases      ] GC(57)     Dead                           Min: 0, Avg:  0.0, Max: 0, Diff: 0, Sum: 0, Workers: 4
[27.654s][debug][gc,phases      ] GC(57)     Total                          Min: 0, Avg: 147.5, Max: 590, Diff: 590, Sum: 590, Workers: 4
[27.654s][debug][gc,phases      ] GC(57)   ObjectSynchronizer Weak        Min:  0.0, Avg:  0.0, Max:  0.0, Diff:  0.0, Sum:  0.0, Workers: 4
[27.654s][debug][gc,phases      ] GC(57)     Dead                           Min: 0, Avg:  0.0, Max: 0, Diff: 0, Sum: 0, Workers: 4
[27.654s][debug][gc,phases      ] GC(57)     Total                          Min: 0, Avg: 91.5, Max: 238, Diff: 238, Sum: 366, Workers: 4
[27.654s][debug][gc,phases      ] GC(57)   JVMTI Tag Weak OopStorage      Min:  0.0, Avg:  0.0, Max:  0.0, Diff:  0.0, Sum:  0.0, Workers: 4
[27.654s][debug][gc,phases      ] GC(57)     Dead                           Min: 0, Avg:  0.0, Max: 0, Diff: 0, Sum: 0, Workers: 4
[27.654s][debug][gc,phases      ] GC(57)     Total                          Min: 0, Avg:  0.0, Max: 0, Diff: 0, Sum: 0, Workers: 4
[27.654s][debug][gc,phases      ] GC(57)   StringTable Weak               Min:  0.1, Avg:  0.1, Max:  0.1, Diff:  0.0, Sum:  0.4, Workers: 4
[27.654s][debug][gc,phases      ] GC(57)     Dead                           Min: 0, Avg:  0.0, Max: 0, Diff: 0, Sum: 0, Workers: 4
[27.654s][debug][gc,phases      ] GC(57)     Total                          Min: 10240, Avg: 10669.8, Max: 10944, Diff: 704, Sum: 42679, Workers: 4
[27.654s][debug][gc,phases      ] GC(57)   ResolvedMethodTable Weak       Min:  0.0, Avg:  0.0, Max:  0.0, Diff:  0.0, Sum:  0.1, Workers: 4
[27.654s][debug][gc,phases      ] GC(57)     Dead                           Min: 0, Avg:  4.2, Max: 17, Diff: 17, Sum: 17, Workers: 4
[27.654s][debug][gc,phases      ] GC(57)     Total                          Min: 1580, Avg: 1735.8, Max: 1792, Diff: 212, Sum: 6943, Workers: 4
[27.654s][debug][gc,phases      ] GC(57)   JNI Weak                       Min:  0.0, Avg:  0.0, Max:  0.0, Diff:  0.0, Sum:  0.0, Workers: 4
[27.654s][debug][gc,phases      ] GC(57)     Dead                           Min: 0, Avg:  0.0, Max: 0, Diff: 0, Sum: 0, Workers: 4
[27.654s][debug][gc,phases      ] GC(57)     Total                          Min: 0, Avg:  1.0, Max: 4, Diff: 4, Sum: 4, Workers: 4
[27.654s][debug][gc,phases      ] GC(57)   StringDedup Table Weak         Min:  0.0, Avg:  0.0, Max:  0.0, Diff:  0.0, Sum:  0.0, Workers: 4
[27.654s][debug][gc,phases      ] GC(57)     Dead                           Min: 0, Avg:  0.0, Max: 0, Diff: 0, Sum: 0, Workers: 4
[27.654s][debug][gc,phases      ] GC(57)     Total                          Min: 0, Avg:  0.0, Max: 0, Diff: 0, Sum: 0, Workers: 4
[27.654s][debug][gc,phases      ] GC(57)   StringDedup Requests0 Weak     Min:  0.0, Avg:  0.0, Max:  0.0, Diff:  0.0, Sum:  0.0, Workers: 4
[27.654s][debug][gc,phases      ] GC(57)     Dead                           Min: 0, Avg:  0.0, Max: 0, Diff: 0, Sum: 0, Workers: 4
[27.654s][debug][gc,phases      ] GC(57)     Total                          Min: 0, Avg:  0.0, Max: 0, Diff: 0, Sum: 0, Workers: 4
[27.654s][debug][gc,phases      ] GC(57)   StringDedup Requests1 Weak     Min:  0.0, Avg:  0.0, Max:  0.0, Diff:  0.0, Sum:  0.0, Workers: 4
[27.654s][debug][gc,phases      ] GC(57)     Dead                           Min: 0, Avg:  0.0, Max: 0, Diff: 0, Sum: 0, Workers: 4
[27.654s][debug][gc,phases      ] GC(57)     Total                          Min: 0, Avg:  0.0, Max: 0, Diff: 0, Sum: 0, Workers: 4
[27.654s][debug][gc,phases      ] GC(57)   Weak JFR Old Object Samples    Min:  0.0, Avg:  0.0, Max:  0.0, Diff:  0.0, Sum:  0.0, Workers: 4
[27.654s][debug][gc,phases      ] GC(57)     Dead                           Min: 0, Avg:  0.0, Max: 0, Diff: 0, Sum: 0, Workers: 4
[27.654s][debug][gc,phases      ] GC(57)     Total                          Min: 0, Avg:  0.0, Max: 0, Diff: 0, Sum: 0, Workers: 4
[27.654s][debug][gc,phases      ] GC(57) Weak Processing 0.299ms
[27.654s][debug][gc,age         ] GC(57) Desired survivor size 389545984 bytes, new threshold 15 (max threshold 15)
[27.654s][info ][gc,heap        ] GC(57) PSYoungGen: 1334576K(1678848K)->67472K(1716736K) Eden: 1271296K(1271296K)->0K(1321984K) From: 63280K(407552K)->67472K(394752K)
[27.654s][info ][gc,heap        ] GC(57) ParOldGen: 450038K(552448K)->452022K(552448K)
[27.654s][info ][gc,metaspace   ] GC(57) Metaspace: 67922K(68736K)->67922K(68736K) NonClass: 58058K(58496K)->58058K(58496K) Class: 9863K(10240K)->9863K(10240K)
[27.654s][info ][gc             ] GC(57) Pause Young (GCLocker Initiated GC) 1742M->507M(2216M) 20.952ms
[27.654s][info ][gc,cpu         ] GC(57) User=0.08s Sys=0.00s Real=0.02s
[27.654s][info ][safepoint      ] Safepoint "ParallelGCSystemGC", Time since last: 3690774 ns, Reaching safepoint: 96102 ns, At safepoint: 21047822 ns, Total: 21143924 ns
[27.969s][info ][gc,start       ] GC(58) Pause Young (Allocation Failure)
[27.995s][debug][gc,phases      ] GC(58) Scavenge 25.804ms
[27.995s][debug][gc,ref         ] GC(58) Skipped phase 1 of Reference Processing: no references
[27.995s][debug][gc,ref         ] GC(58) ReferenceProcessor::execute queues: 1, RefProcThreadModel::Single, marks_oops_alive: false
[27.995s][debug][gc,ref         ] GC(58) Skipped phase 3 of Reference Processing: no references
[27.995s][debug][gc,ref         ] GC(58) ReferenceProcessor::execute queues: 1, RefProcThreadModel::Single, marks_oops_alive: false
[27.995s][debug][gc,phases      ] GC(58) Reference Processing 0.118ms
[27.996s][debug][gc,phases      ] GC(58)   VM Weak                        Min:  0.0, Avg:  0.0, Max:  0.0, Diff:  0.0, Sum:  0.0, Workers: 4
[27.996s][debug][gc,phases      ] GC(58)     Dead                           Min: 0, Avg:  0.0, Max: 0, Diff: 0, Sum: 0, Workers: 4
[27.996s][debug][gc,phases      ] GC(58)     Total                          Min: 0, Avg: 147.5, Max: 512, Diff: 512, Sum: 590, Workers: 4
[27.996s][debug][gc,phases      ] GC(58)   ObjectSynchronizer Weak        Min:  0.0, Avg:  0.0, Max:  0.0, Diff:  0.0, Sum:  0.0, Workers: 4
[27.996s][debug][gc,phases      ] GC(58)     Dead                           Min: 0, Avg:  0.0, Max: 0, Diff: 0, Sum: 0, Workers: 4
[27.996s][debug][gc,phases      ] GC(58)     Total                          Min: 0, Avg: 91.5, Max: 238, Diff: 238, Sum: 366, Workers: 4
[27.996s][debug][gc,phases      ] GC(58)   JVMTI Tag Weak OopStorage      Min:  0.0, Avg:  0.0, Max:  0.0, Diff:  0.0, Sum:  0.0, Workers: 4
[27.996s][debug][gc,phases      ] GC(58)     Dead                           Min: 0, Avg:  0.0, Max: 0, Diff: 0, Sum: 0, Workers: 4
[27.996s][debug][gc,phases      ] GC(58)     Total                          Min: 0, Avg:  0.0, Max: 0, Diff: 0, Sum: 0, Workers: 4
[27.996s][debug][gc,phases      ] GC(58)   StringTable Weak               Min:  0.1, Avg:  0.1, Max:  0.1, Diff:  0.0, Sum:  0.4, Workers: 4
[27.996s][debug][gc,phases      ] GC(58)     Dead                           Min: 0, Avg:  2.8, Max: 6, Diff: 6, Sum: 11, Workers: 4
[27.996s][debug][gc,phases      ] GC(58)     Total                          Min: 9792, Avg: 10672.8, Max: 11840, Diff: 2048, Sum: 42691, Workers: 4
[27.996s][debug][gc,phases      ] GC(58)   ResolvedMethodTable Weak       Min:  0.0, Avg:  0.0, Max:  0.0, Diff:  0.0, Sum:  0.1, Workers: 4
[27.996s][debug][gc,phases      ] GC(58)     Dead                           Min: 0, Avg:  0.0, Max: 0, Diff: 0, Sum: 0, Workers: 4
[27.996s][debug][gc,phases      ] GC(58)     Total                          Min: 1598, Avg: 1735.8, Max: 1847, Diff: 249, Sum: 6943, Workers: 4
[27.996s][debug][gc,phases      ] GC(58)   JNI Weak                       Min:  0.0, Avg:  0.0, Max:  0.0, Diff:  0.0, Sum:  0.0, Workers: 4
[27.996s][debug][gc,phases      ] GC(58)     Dead                           Min: 0, Avg:  0.0, Max: 0, Diff: 0, Sum: 0, Workers: 4
[27.996s][debug][gc,phases      ] GC(58)     Total                          Min: 0, Avg:  1.5, Max: 6, Diff: 6, Sum: 6, Workers: 4
[27.996s][debug][gc,phases      ] GC(58)   StringDedup Table Weak         Min:  0.0, Avg:  0.0, Max:  0.0, Diff:  0.0, Sum:  0.0, Workers: 4
[27.996s][debug][gc,phases      ] GC(58)     Dead                           Min: 0, Avg:  0.0, Max: 0, Diff: 0, Sum: 0, Workers: 4
[27.996s][debug][gc,phases      ] GC(58)     Total                          Min: 0, Avg:  0.0, Max: 0, Diff: 0, Sum: 0, Workers: 4
[27.996s][debug][gc,phases      ] GC(58)   StringDedup Requests0 Weak     Min:  0.0, Avg:  0.0, Max:  0.0, Diff:  0.0, Sum:  0.0, Workers: 4
[27.996s][debug][gc,phases      ] GC(58)     Dead                           Min: 0, Avg:  0.0, Max: 0, Diff: 0, Sum: 0, Workers: 4
[27.996s][debug][gc,phases      ] GC(58)     Total                          Min: 0, Avg:  0.0, Max: 0, Diff: 0, Sum: 0, Workers: 4
[27.996s][debug][gc,phases      ] GC(58)   StringDedup Requests1 Weak     Min:  0.0, Avg:  0.0, Max:  0.0, Diff:  0.0, Sum:  0.0, Workers: 4
[27.996s][debug][gc,phases      ] GC(58)     Dead                           Min: 0, Avg:  0.0, Max: 0, Diff: 0, Sum: 0, Workers: 4
[27.996s][debug][gc,phases      ] GC(58)     Total                          Min: 0, Avg:  0.0, Max: 0, Diff: 0, Sum: 0, Workers: 4
[27.996s][debug][gc,phases      ] GC(58)   Weak JFR Old Object Samples    Min:  0.0, Avg:  0.0, Max:  0.0, Diff:  0.0, Sum:  0.0, Workers: 4
[27.996s][debug][gc,phases      ] GC(58)     Dead                           Min: 0, Avg:  0.0, Max: 0, Diff: 0, Sum: 0, Workers: 4
[27.996s][debug][gc,phases      ] GC(58)     Total                          Min: 0, Avg:  0.0, Max: 0, Diff: 0, Sum: 0, Workers: 4
[27.996s][debug][gc,phases      ] GC(58) Weak Processing 0.315ms
[27.996s][debug][gc,age         ] GC(58) Desired survivor size 373293056 bytes, new threshold 15 (max threshold 15)
[27.996s][info ][gc,heap        ] GC(58) PSYoungGen: 1389456K(1716736K)->73568K(1702400K) Eden: 1321984K(1321984K)->0K(1321984K) From: 67472K(394752K)->73568K(380416K)
[27.996s][info ][gc,heap        ] GC(58) ParOldGen: 452023K(552448K)->455407K(552448K)
[27.996s][info ][gc,metaspace   ] GC(58) Metaspace: 67943K(68800K)->67943K(68800K) NonClass: 58080K(58560K)->58080K(58560K) Class: 9863K(10240K)->9863K(10240K)
[27.996s][info ][gc             ] GC(58) Pause Young (Allocation Failure) 1798M->516M(2202M) 26.387ms
[27.996s][info ][gc,cpu         ] GC(58) User=0.13s Sys=0.00s Real=0.03s
[27.996s][info ][safepoint      ] Safepoint "ParallelGCFailedAllocation", Time since last: 314443505 ns, Reaching safepoint: 441909 ns, At safepoint: 26500431 ns, Total: 26942340 ns
[28.308s][info ][gc,start       ] GC(59) Pause Young (Allocation Failure)
[28.341s][debug][gc,phases      ] GC(59) Scavenge 33.619ms
[28.341s][debug][gc,ref         ] GC(59) Skipped phase 1 of Reference Processing: no references
[28.341s][debug][gc,ref         ] GC(59) ReferenceProcessor::execute queues: 1, RefProcThreadModel::Single, marks_oops_alive: false
[28.341s][debug][gc,ref         ] GC(59) Skipped phase 3 of Reference Processing: no references
[28.341s][debug][gc,ref         ] GC(59) ReferenceProcessor::execute queues: 1, RefProcThreadModel::Single, marks_oops_alive: false
[28.341s][debug][gc,phases      ] GC(59) Reference Processing 0.125ms
[28.342s][debug][gc,phases      ] GC(59)   VM Weak                        Min:  0.0, Avg:  0.0, Max:  0.0, Diff:  0.0, Sum:  0.0, Workers: 4
[28.342s][debug][gc,phases      ] GC(59)     Dead                           Min: 0, Avg:  0.0, Max: 0, Diff: 0, Sum: 0, Workers: 4
[28.342s][debug][gc,phases      ] GC(59)     Total                          Min: 0, Avg: 147.5, Max: 590, Diff: 590, Sum: 590, Workers: 4
[28.342s][debug][gc,phases      ] GC(59)   ObjectSynchronizer Weak        Min:  0.0, Avg:  0.0, Max:  0.0, Diff:  0.0, Sum:  0.0, Workers: 4
[28.342s][debug][gc,phases      ] GC(59)     Dead                           Min: 0, Avg:  0.0, Max: 0, Diff: 0, Sum: 0, Workers: 4
[28.342s][debug][gc,phases      ] GC(59)     Total                          Min: 0, Avg: 91.5, Max: 238, Diff: 238, Sum: 366, Workers: 4
[28.342s][debug][gc,phases      ] GC(59)   JVMTI Tag Weak OopStorage      Min:  0.0, Avg:  0.0, Max:  0.0, Diff:  0.0, Sum:  0.0, Workers: 4
[28.342s][debug][gc,phases      ] GC(59)     Dead                           Min: 0, Avg:  0.0, Max: 0, Diff: 0, Sum: 0, Workers: 4
[28.342s][debug][gc,phases      ] GC(59)     Total                          Min: 0, Avg:  0.0, Max: 0, Diff: 0, Sum: 0, Workers: 4
[28.342s][debug][gc,phases      ] GC(59)   StringTable Weak               Min:  0.1, Avg:  0.1, Max:  0.1, Diff:  0.0, Sum:  0.4, Workers: 4
[28.342s][debug][gc,phases      ] GC(59)     Dead                           Min: 0, Avg:  2.8, Max: 11, Diff: 11, Sum: 11, Workers: 4
[28.342s][debug][gc,phases      ] GC(59)     Total                          Min: 9920, Avg: 10672.8, Max: 11214, Diff: 1294, Sum: 42691, Workers: 4
[28.342s][debug][gc,phases      ] GC(59)   ResolvedMethodTable Weak       Min:  0.0, Avg:  0.0, Max:  0.0, Diff:  0.0, Sum:  0.1, Workers: 4
[28.342s][debug][gc,phases      ] GC(59)     Dead                           Min: 0, Avg:  0.0, Max: 0, Diff: 0, Sum: 0, Workers: 4
[28.342s][debug][gc,phases      ] GC(59)     Total                          Min: 1598, Avg: 1735.8, Max: 1847, Diff: 249, Sum: 6943, Workers: 4
[28.342s][debug][gc,phases      ] GC(59)   JNI Weak                       Min:  0.0, Avg:  0.0, Max:  0.0, Diff:  0.0, Sum:  0.0, Workers: 4
[28.342s][debug][gc,phases      ] GC(59)     Dead                           Min: 0, Avg:  0.0, Max: 0, Diff: 0, Sum: 0, Workers: 4
[28.342s][debug][gc,phases      ] GC(59)     Total                          Min: 0, Avg:  1.5, Max: 6, Diff: 6, Sum: 6, Workers: 4
[28.342s][debug][gc,phases      ] GC(59)   StringDedup Table Weak         Min:  0.0, Avg:  0.0, Max:  0.0, Diff:  0.0, Sum:  0.0, Workers: 4
[28.342s][debug][gc,phases      ] GC(59)     Dead                           Min: 0, Avg:  0.0, Max: 0, Diff: 0, Sum: 0, Workers: 4
[28.342s][debug][gc,phases      ] GC(59)     Total                          Min: 0, Avg:  0.0, Max: 0, Diff: 0, Sum: 0, Workers: 4
[28.342s][debug][gc,phases      ] GC(59)   StringDedup Requests0 Weak     Min:  0.0, Avg:  0.0, Max:  0.0, Diff:  0.0, Sum:  0.0, Workers: 4
[28.342s][debug][gc,phases      ] GC(59)     Dead                           Min: 0, Avg:  0.0, Max: 0, Diff: 0, Sum: 0, Workers: 4
[28.342s][debug][gc,phases      ] GC(59)     Total                          Min: 0, Avg:  0.0, Max: 0, Diff: 0, Sum: 0, Workers: 4
[28.342s][debug][gc,phases      ] GC(59)   StringDedup Requests1 Weak     Min:  0.0, Avg:  0.0, Max:  0.0, Diff:  0.0, Sum:  0.0, Workers: 4
[28.342s][debug][gc,phases      ] GC(59)     Dead                           Min: 0, Avg:  0.0, Max: 0, Diff: 0, Sum: 0, Workers: 4
[28.342s][debug][gc,phases      ] GC(59)     Total                          Min: 0, Avg:  0.0, Max: 0, Diff: 0, Sum: 0, Workers: 4
[28.342s][debug][gc,phases      ] GC(59)   Weak JFR Old Object Samples    Min:  0.0, Avg:  0.0, Max:  0.0, Diff:  0.0, Sum:  0.0, Workers: 4
[28.342s][debug][gc,phases      ] GC(59)     Dead                           Min: 0, Avg:  0.0, Max: 0, Diff: 0, Sum: 0, Workers: 4
[28.342s][debug][gc,phases      ] GC(59)     Total                          Min: 0, Avg:  0.0, Max: 0, Diff: 0, Sum: 0, Workers: 4
[28.342s][debug][gc,phases      ] GC(59) Weak Processing 0.323ms
[28.342s][debug][gc,age         ] GC(59) Desired survivor size 356515840 bytes, new threshold 15 (max threshold 15)
[28.342s][info ][gc,heap        ] GC(59) PSYoungGen: 1395552K(1702400K)->79080K(1748992K) Eden: 1321984K(1321984K)->0K(1384448K) From: 73568K(380416K)->79080K(364544K)
[28.342s][info ][gc,heap        ] GC(59) ParOldGen: 455407K(552448K)->457559K(552448K)
[28.342s][info ][gc,metaspace   ] GC(59) Metaspace: 67952K(68800K)->67952K(68800K) NonClass: 58088K(58560K)->58088K(58560K) Class: 9863K(10240K)->9863K(10240K)
[28.342s][info ][gc             ] GC(59) Pause Young (Allocation Failure) 1807M->524M(2247M) 34.210ms
[28.342s][info ][gc,cpu         ] GC(59) User=0.13s Sys=0.00s Real=0.03s
[28.342s][info ][safepoint      ] Safepoint "ParallelGCFailedAllocation", Time since last: 311303142 ns, Reaching safepoint: 296605 ns, At safepoint: 34337789 ns, Total: 34634394 ns
[28.653s][info ][gc,start       ] GC(60) Pause Young (Allocation Failure)
[28.688s][debug][gc,phases      ] GC(60) Scavenge 35.094ms
[28.688s][debug][gc,ref         ] GC(60) Skipped phase 1 of Reference Processing: no references
[28.688s][debug][gc,ref         ] GC(60) ReferenceProcessor::execute queues: 1, RefProcThreadModel::Single, marks_oops_alive: false
[28.688s][debug][gc,ref         ] GC(60) Skipped phase 3 of Reference Processing: no references
[28.688s][debug][gc,ref         ] GC(60) ReferenceProcessor::execute queues: 1, RefProcThreadModel::Single, marks_oops_alive: false
[28.688s][debug][gc,phases      ] GC(60) Reference Processing 0.112ms
[28.689s][debug][gc,phases      ] GC(60)   VM Weak                        Min:  0.0, Avg:  0.0, Max:  0.0, Diff:  0.0, Sum:  0.0, Workers: 4
[28.689s][debug][gc,phases      ] GC(60)     Dead                           Min: 0, Avg:  0.0, Max: 0, Diff: 0, Sum: 0, Workers: 4
[28.689s][debug][gc,phases      ] GC(60)     Total                          Min: 0, Avg: 147.5, Max: 384, Diff: 384, Sum: 590, Workers: 4
[28.689s][debug][gc,phases      ] GC(60)   ObjectSynchronizer Weak        Min:  0.0, Avg:  0.0, Max:  0.0, Diff:  0.0, Sum:  0.0, Workers: 4
[28.689s][debug][gc,phases      ] GC(60)     Dead                           Min: 0, Avg:  0.0, Max: 0, Diff: 0, Sum: 0, Workers: 4
[28.689s][debug][gc,phases      ] GC(60)     Total                          Min: 0, Avg: 91.5, Max: 128, Diff: 128, Sum: 366, Workers: 4
[28.689s][debug][gc,phases      ] GC(60)   JVMTI Tag Weak OopStorage      Min:  0.0, Avg:  0.0, Max:  0.0, Diff:  0.0, Sum:  0.0, Workers: 4
[28.689s][debug][gc,phases      ] GC(60)     Dead                           Min: 0, Avg:  0.0, Max: 0, Diff: 0, Sum: 0, Workers: 4
[28.689s][debug][gc,phases      ] GC(60)     Total                          Min: 0, Avg:  0.0, Max: 0, Diff: 0, Sum: 0, Workers: 4
[28.689s][debug][gc,phases      ] GC(60)   StringTable Weak               Min:  0.1, Avg:  0.1, Max:  0.1, Diff:  0.0, Sum:  0.4, Workers: 4
[28.689s][debug][gc,phases      ] GC(60)     Dead                           Min: 0, Avg:  0.0, Max: 0, Diff: 0, Sum: 0, Workers: 4
[28.689s][debug][gc,phases      ] GC(60)     Total                          Min: 9876, Avg: 10677.0, Max: 11712, Diff: 1836, Sum: 42708, Workers: 4
[28.689s][debug][gc,phases      ] GC(60)   ResolvedMethodTable Weak       Min:  0.0, Avg:  0.0, Max:  0.0, Diff:  0.0, Sum:  0.1, Workers: 4
[28.689s][debug][gc,phases      ] GC(60)     Dead                           Min: 0, Avg:  0.0, Max: 0, Diff: 0, Sum: 0, Workers: 4
[28.689s][debug][gc,phases      ] GC(60)     Total                          Min: 1580, Avg: 1735.8, Max: 1983, Diff: 403, Sum: 6943, Workers: 4
[28.689s][debug][gc,phases      ] GC(60)   JNI Weak                       Min:  0.0, Avg:  0.0, Max:  0.0, Diff:  0.0, Sum:  0.0, Workers: 4
[28.689s][debug][gc,phases      ] GC(60)     Dead                           Min: 0, Avg:  0.0, Max: 0, Diff: 0, Sum: 0, Workers: 4
[28.689s][debug][gc,phases      ] GC(60)     Total                          Min: 0, Avg:  0.5, Max: 2, Diff: 2, Sum: 2, Workers: 4
[28.689s][debug][gc,phases      ] GC(60)   StringDedup Table Weak         Min:  0.0, Avg:  0.0, Max:  0.0, Diff:  0.0, Sum:  0.0, Workers: 4
[28.689s][debug][gc,phases      ] GC(60)     Dead                           Min: 0, Avg:  0.0, Max: 0, Diff: 0, Sum: 0, Workers: 4
[28.689s][debug][gc,phases      ] GC(60)     Total                          Min: 0, Avg:  0.0, Max: 0, Diff: 0, Sum: 0, Workers: 4
[28.689s][debug][gc,phases      ] GC(60)   StringDedup Requests0 Weak     Min:  0.0, Avg:  0.0, Max:  0.0, Diff:  0.0, Sum:  0.0, Workers: 4
[28.689s][debug][gc,phases      ] GC(60)     Dead                           Min: 0, Avg:  0.0, Max: 0, Diff: 0, Sum: 0, Workers: 4
[28.689s][debug][gc,phases      ] GC(60)     Total                          Min: 0, Avg:  0.0, Max: 0, Diff: 0, Sum: 0, Workers: 4
[28.689s][debug][gc,phases      ] GC(60)   StringDedup Requests1 Weak     Min:  0.0, Avg:  0.0, Max:  0.0, Diff:  0.0, Sum:  0.0, Workers: 4
[28.689s][debug][gc,phases      ] GC(60)     Dead                           Min: 0, Avg:  0.0, Max: 0, Diff: 0, Sum: 0, Workers: 4
[28.689s][debug][gc,phases      ] GC(60)     Total                          Min: 0, Avg:  0.0, Max: 0, Diff: 0, Sum: 0, Workers: 4
[28.689s][debug][gc,phases      ] GC(60)   Weak JFR Old Object Samples    Min:  0.0, Avg:  0.0, Max:  0.0, Diff:  0.0, Sum:  0.0, Workers: 4
[28.689s][debug][gc,phases      ] GC(60)     Dead                           Min: 0, Avg:  0.0, Max: 0, Diff: 0, Sum: 0, Workers: 4
[28.689s][debug][gc,phases      ] GC(60)     Total                          Min: 0, Avg:  0.0, Max: 0, Diff: 0, Sum: 0, Workers: 4
[28.689s][debug][gc,phases      ] GC(60) Weak Processing 0.314ms
[28.689s][debug][gc,age         ] GC(60) Desired survivor size 339214336 bytes, new threshold 15 (max threshold 15)
[28.689s][info ][gc,heap        ] GC(60) PSYoungGen: 1463528K(1748992K)->83840K(1732608K) Eden: 1384448K(1384448K)->0K(1384448K) From: 79080K(364544K)->83840K(348160K)
[28.689s][info ][gc,heap        ] GC(60) ParOldGen: 457559K(552448K)->459463K(552448K)
[28.689s][info ][gc,metaspace   ] GC(60) Metaspace: 68093K(68864K)->68093K(68864K) NonClass: 58215K(58624K)->58215K(58624K) Class: 9877K(10240K)->9877K(10240K)
[28.689s][info ][gc             ] GC(60) Pause Young (Allocation Failure) 1876M->530M(2231M) 35.649ms
[28.689s][info ][gc,cpu         ] GC(60) User=0.13s Sys=0.00s Real=0.03s
[28.689s][info ][safepoint      ] Safepoint "ParallelGCFailedAllocation", Time since last: 311101937 ns, Reaching safepoint: 129003 ns, At safepoint: 35760117 ns, Total: 35889120 ns
[28.977s][info ][gc,start       ] GC(61) Pause Young (Allocation Failure)
[29.017s][debug][gc,phases      ] GC(61) Scavenge 39.392ms
[29.017s][debug][gc,ref         ] GC(61) Skipped phase 1 of Reference Processing: no references
[29.017s][debug][gc,ref         ] GC(61) ReferenceProcessor::execute queues: 1, RefProcThreadModel::Single, marks_oops_alive: false
[29.017s][debug][gc,ref         ] GC(61) Skipped phase 3 of Reference Processing: no references
[29.017s][debug][gc,ref         ] GC(61) ReferenceProcessor::execute queues: 1, RefProcThreadModel::Single, marks_oops_alive: false
[29.017s][debug][gc,phases      ] GC(61) Reference Processing 0.138ms
[29.027s][debug][gc,phases      ] GC(61)   VM Weak                        Min:  0.0, Avg:  0.0, Max:  0.0, Diff:  0.0, Sum:  0.0, Workers: 4
[29.027s][debug][gc,phases      ] GC(61)     Dead                           Min: 0, Avg:  0.0, Max: 0, Diff: 0, Sum: 0, Workers: 4
[29.027s][debug][gc,phases      ] GC(61)     Total                          Min: 0, Avg: 147.5, Max: 320, Diff: 320, Sum: 590, Workers: 4
[29.027s][debug][gc,phases      ] GC(61)   ObjectSynchronizer Weak        Min:  0.0, Avg:  0.0, Max:  0.0, Diff:  0.0, Sum:  0.0, Workers: 4
[29.027s][debug][gc,phases      ] GC(61)     Dead                           Min: 0, Avg:  0.0, Max: 0, Diff: 0, Sum: 0, Workers: 4
[29.027s][debug][gc,phases      ] GC(61)     Total                          Min: 0, Avg: 91.5, Max: 192, Diff: 192, Sum: 366, Workers: 4
[29.027s][debug][gc,phases      ] GC(61)   JVMTI Tag Weak OopStorage      Min:  0.0, Avg:  0.0, Max:  0.0, Diff:  0.0, Sum:  0.0, Workers: 4
[29.027s][debug][gc,phases      ] GC(61)     Dead                           Min: 0, Avg:  0.0, Max: 0, Diff: 0, Sum: 0, Workers: 4
[29.027s][debug][gc,phases      ] GC(61)     Total                          Min: 0, Avg:  0.0, Max: 0, Diff: 0, Sum: 0, Workers: 4
[29.027s][debug][gc,phases      ] GC(61)   StringTable Weak               Min:  0.2, Avg:  5.0, Max:  9.8, Diff:  9.6, Sum: 19.9, Workers: 4
[29.027s][debug][gc,phases      ] GC(61)     Dead                           Min: 0, Avg:  2.8, Max: 11, Diff: 11, Sum: 11, Workers: 4
[29.027s][debug][gc,phases      ] GC(61)     Total                          Min: 3200, Avg: 10680.8, Max: 19107, Diff: 15907, Sum: 42723, Workers: 4
[29.027s][debug][gc,phases      ] GC(61)   ResolvedMethodTable Weak       Min:  0.0, Avg:  0.0, Max:  0.0, Diff:  0.0, Sum:  0.1, Workers: 4
[29.027s][debug][gc,phases      ] GC(61)     Dead                           Min: 0, Avg:  0.0, Max: 0, Diff: 0, Sum: 0, Workers: 4
[29.027s][debug][gc,phases      ] GC(61)     Total                          Min: 0, Avg: 1735.8, Max: 3565, Diff: 3565, Sum: 6943, Workers: 4
[29.027s][debug][gc,phases      ] GC(61)   JNI Weak                       Min:  0.0, Avg:  0.0, Max:  0.0, Diff:  0.0, Sum:  0.0, Workers: 4
[29.027s][debug][gc,phases      ] GC(61)     Dead                           Min: 0, Avg:  0.0, Max: 0, Diff: 0, Sum: 0, Workers: 4
[29.027s][debug][gc,phases      ] GC(61)     Total                          Min: 0, Avg:  1.2, Max: 5, Diff: 5, Sum: 5, Workers: 4
[29.027s][debug][gc,phases      ] GC(61)   StringDedup Table Weak         Min:  0.0, Avg:  0.0, Max:  0.0, Diff:  0.0, Sum:  0.0, Workers: 4
[29.027s][debug][gc,phases      ] GC(61)     Dead                           Min: 0, Avg:  0.0, Max: 0, Diff: 0, Sum: 0, Workers: 4
[29.027s][debug][gc,phases      ] GC(61)     Total                          Min: 0, Avg:  0.0, Max: 0, Diff: 0, Sum: 0, Workers: 4
[29.027s][debug][gc,phases      ] GC(61)   StringDedup Requests0 Weak     Min:  0.0, Avg:  0.0, Max:  0.0, Diff:  0.0, Sum:  0.0, Workers: 4
[29.027s][debug][gc,phases      ] GC(61)     Dead                           Min: 0, Avg:  0.0, Max: 0, Diff: 0, Sum: 0, Workers: 4
[29.027s][debug][gc,phases      ] GC(61)     Total                          Min: 0, Avg:  0.0, Max: 0, Diff: 0, Sum: 0, Workers: 4
[29.027s][debug][gc,phases      ] GC(61)   StringDedup Requests1 Weak     Min:  0.0, Avg:  0.0, Max:  0.0, Diff:  0.0, Sum:  0.0, Workers: 4
[29.027s][debug][gc,phases      ] GC(61)     Dead                           Min: 0, Avg:  0.0, Max: 0, Diff: 0, Sum: 0, Workers: 4
[29.027s][debug][gc,phases      ] GC(61)     Total                          Min: 0, Avg:  0.0, Max: 0, Diff: 0, Sum: 0, Workers: 4
[29.027s][debug][gc,phases      ] GC(61)   Weak JFR Old Object Samples    Min:  0.0, Avg:  0.0, Max:  0.0, Diff:  0.0, Sum:  0.0, Workers: 4
[29.027s][debug][gc,phases      ] GC(61)     Dead                           Min: 0, Avg:  0.0, Max: 0, Diff: 0, Sum: 0, Workers: 4
[29.027s][debug][gc,phases      ] GC(61)     Total                          Min: 0, Avg:  0.0, Max: 0, Diff: 0, Sum: 0, Workers: 4
[29.027s][debug][gc,phases      ] GC(61) Weak Processing 10.106ms
[29.027s][debug][gc,age         ] GC(61) Desired survivor size 321912832 bytes, new threshold 15 (max threshold 15)
[29.027s][info ][gc,heap        ] GC(61) PSYoungGen: 1468288K(1732608K)->88304K(1782784K) Eden: 1384448K(1384448K)->0K(1451520K) From: 83840K(348160K)->88304K(331264K)
[29.027s][info ][gc,heap        ] GC(61) ParOldGen: 459463K(552448K)->463359K(552448K)
[29.027s][info ][gc,metaspace   ] GC(61) Metaspace: 68097K(68864K)->68097K(68864K) NonClass: 58220K(58624K)->58220K(58624K) Class: 9877K(10240K)->9877K(10240K)
[29.027s][info ][gc             ] GC(61) Pause Young (Allocation Failure) 1882M->538M(2280M) 49.810ms
[29.027s][info ][gc,cpu         ] GC(61) User=0.20s Sys=0.01s Real=0.05s
[29.027s][info ][safepoint      ] Safepoint "ParallelGCFailedAllocation", Time since last: 288405283 ns, Reaching safepoint: 227404 ns, At safepoint: 49945601 ns, Total: 50173005 ns
[29.286s][info ][gc,start       ] GC(62) Pause Young (Allocation Failure)
[29.321s][debug][gc,phases      ] GC(62) Scavenge 34.656ms
[29.321s][debug][gc,ref         ] GC(62) Skipped phase 1 of Reference Processing: no references
[29.321s][debug][gc,ref         ] GC(62) ReferenceProcessor::execute queues: 1, RefProcThreadModel::Single, marks_oops_alive: false
[29.321s][debug][gc,ref         ] GC(62) Skipped phase 3 of Reference Processing: no references
[29.321s][debug][gc,ref         ] GC(62) ReferenceProcessor::execute queues: 1, RefProcThreadModel::Single, marks_oops_alive: false
[29.321s][debug][gc,phases      ] GC(62) Reference Processing 0.139ms
[29.321s][debug][gc,phases      ] GC(62)   VM Weak                        Min:  0.0, Avg:  0.0, Max:  0.0, Diff:  0.0, Sum:  0.0, Workers: 4
[29.321s][debug][gc,phases      ] GC(62)     Dead                           Min: 0, Avg:  0.0, Max: 0, Diff: 0, Sum: 0, Workers: 4
[29.321s][debug][gc,phases      ] GC(62)     Total                          Min: 0, Avg: 147.5, Max: 512, Diff: 512, Sum: 590, Workers: 4
[29.321s][debug][gc,phases      ] GC(62)   ObjectSynchronizer Weak        Min:  0.0, Avg:  0.0, Max:  0.0, Diff:  0.0, Sum:  0.0, Workers: 4
[29.321s][debug][gc,phases      ] GC(62)     Dead                           Min: 0, Avg:  0.0, Max: 0, Diff: 0, Sum: 0, Workers: 4
[29.321s][debug][gc,phases      ] GC(62)     Total                          Min: 0, Avg: 91.5, Max: 174, Diff: 174, Sum: 366, Workers: 4
[29.321s][debug][gc,phases      ] GC(62)   JVMTI Tag Weak OopStorage      Min:  0.0, Avg:  0.0, Max:  0.0, Diff:  0.0, Sum:  0.0, Workers: 4
[29.321s][debug][gc,phases      ] GC(62)     Dead                           Min: 0, Avg:  0.0, Max: 0, Diff: 0, Sum: 0, Workers: 4
[29.321s][debug][gc,phases      ] GC(62)     Total                          Min: 0, Avg:  0.0, Max: 0, Diff: 0, Sum: 0, Workers: 4
[29.321s][debug][gc,phases      ] GC(62)   StringTable Weak               Min:  0.1, Avg:  0.1, Max:  0.1, Diff:  0.0, Sum:  0.4, Workers: 4
[29.321s][debug][gc,phases      ] GC(62)     Dead                           Min: 0, Avg:  2.8, Max: 11, Diff: 11, Sum: 11, Workers: 4
[29.321s][debug][gc,phases      ] GC(62)     Total                          Min: 10020, Avg: 10681.0, Max: 11136, Diff: 1116, Sum: 42724, Workers: 4
[29.321s][debug][gc,phases      ] GC(62)   ResolvedMethodTable Weak       Min:  0.0, Avg:  0.0, Max:  0.0, Diff:  0.0, Sum:  0.1, Workers: 4
[29.321s][debug][gc,phases      ] GC(62)     Dead                           Min: 0, Avg:  0.0, Max: 0, Diff: 0, Sum: 0, Workers: 4
[29.321s][debug][gc,phases      ] GC(62)     Total                          Min: 1661, Avg: 1735.8, Max: 1902, Diff: 241, Sum: 6943, Workers: 4
[29.321s][debug][gc,phases      ] GC(62)   JNI Weak                       Min:  0.0, Avg:  0.0, Max:  0.0, Diff:  0.0, Sum:  0.0, Workers: 4
[29.321s][debug][gc,phases      ] GC(62)     Dead                           Min: 0, Avg:  0.0, Max: 0, Diff: 0, Sum: 0, Workers: 4
[29.321s][debug][gc,phases      ] GC(62)     Total                          Min: 0, Avg:  0.8, Max: 3, Diff: 3, Sum: 3, Workers: 4
[29.321s][debug][gc,phases      ] GC(62)   StringDedup Table Weak         Min:  0.0, Avg:  0.0, Max:  0.0, Diff:  0.0, Sum:  0.0, Workers: 4
[29.321s][debug][gc,phases      ] GC(62)     Dead                           Min: 0, Avg:  0.0, Max: 0, Diff: 0, Sum: 0, Workers: 4
[29.321s][debug][gc,phases      ] GC(62)     Total                          Min: 0, Avg:  0.0, Max: 0, Diff: 0, Sum: 0, Workers: 4
[29.321s][debug][gc,phases      ] GC(62)   StringDedup Requests0 Weak     Min:  0.0, Avg:  0.0, Max:  0.0, Diff:  0.0, Sum:  0.0, Workers: 4
[29.321s][debug][gc,phases      ] GC(62)     Dead                           Min: 0, Avg:  0.0, Max: 0, Diff: 0, Sum: 0, Workers: 4
[29.321s][debug][gc,phases      ] GC(62)     Total                          Min: 0, Avg:  0.0, Max: 0, Diff: 0, Sum: 0, Workers: 4
[29.321s][debug][gc,phases      ] GC(62)   StringDedup Requests1 Weak     Min:  0.0, Avg:  0.0, Max:  0.0, Diff:  0.0, Sum:  0.0, Workers: 4
[29.321s][debug][gc,phases      ] GC(62)     Dead                           Min: 0, Avg:  0.0, Max: 0, Diff: 0, Sum: 0, Workers: 4
[29.321s][debug][gc,phases      ] GC(62)     Total                          Min: 0, Avg:  0.0, Max: 0, Diff: 0, Sum: 0, Workers: 4
[29.321s][debug][gc,phases      ] GC(62)   Weak JFR Old Object Samples    Min:  0.0, Avg:  0.0, Max:  0.0, Diff:  0.0, Sum:  0.0, Workers: 4
[29.321s][debug][gc,phases      ] GC(62)     Dead                           Min: 0, Avg:  0.0, Max: 0, Diff: 0, Sum: 0, Workers: 4
[29.321s][debug][gc,phases      ] GC(62)     Total                          Min: 0, Avg:  0.0, Max: 0, Diff: 0, Sum: 0, Workers: 4
[29.321s][debug][gc,phases      ] GC(62) Weak Processing 0.310ms
[29.321s][debug][gc,age         ] GC(62) Desired survivor size 305135616 bytes, new threshold 15 (max threshold 15)
[29.321s][info ][gc,heap        ] GC(62) PSYoungGen: 1539824K(1782784K)->88480K(1765888K) Eden: 1451520K(1451520K)->0K(1451520K) From: 88304K(331264K)->88480K(314368K)
[29.321s][info ][gc,heap        ] GC(62) ParOldGen: 463359K(552448K)->468567K(552448K)
[29.321s][info ][gc,metaspace   ] GC(62) Metaspace: 68104K(68864K)->68104K(68864K) NonClass: 58226K(58624K)->58226K(58624K) Class: 9877K(10240K)->9877K(10240K)
[29.321s][info ][gc             ] GC(62) Pause Young (Allocation Failure) 1956M->543M(2264M) 35.252ms
[29.321s][info ][gc,cpu         ] GC(62) User=0.13s Sys=0.00s Real=0.03s
[29.321s][info ][safepoint      ] Safepoint "ParallelGCFailedAllocation", Time since last: 258418082 ns, Reaching safepoint: 166503 ns, At safepoint: 35378009 ns, Total: 35544512 ns
[29.614s][info ][gc,start       ] GC(63) Pause Young (Allocation Failure)
[29.659s][debug][gc,phases      ] GC(63) Scavenge 44.611ms
[29.659s][debug][gc,ref         ] GC(63) Skipped phase 1 of Reference Processing: no references
[29.659s][debug][gc,ref         ] GC(63) ReferenceProcessor::execute queues: 1, RefProcThreadModel::Single, marks_oops_alive: false
[29.659s][debug][gc,ref         ] GC(63) Skipped phase 3 of Reference Processing: no references
[29.659s][debug][gc,ref         ] GC(63) ReferenceProcessor::execute queues: 1, RefProcThreadModel::Single, marks_oops_alive: false
[29.659s][debug][gc,phases      ] GC(63) Reference Processing 0.124ms
[29.659s][debug][gc,phases      ] GC(63)   VM Weak                        Min:  0.0, Avg:  0.0, Max:  0.0, Diff:  0.0, Sum:  0.0, Workers: 4
[29.659s][debug][gc,phases      ] GC(63)     Dead                           Min: 0, Avg:  0.0, Max: 0, Diff: 0, Sum: 0, Workers: 4
[29.659s][debug][gc,phases      ] GC(63)     Total                          Min: 0, Avg: 147.5, Max: 448, Diff: 448, Sum: 590, Workers: 4
[29.659s][debug][gc,phases      ] GC(63)   ObjectSynchronizer Weak        Min:  0.0, Avg:  0.0, Max:  0.0, Diff:  0.0, Sum:  0.0, Workers: 4
[29.659s][debug][gc,phases      ] GC(63)     Dead                           Min: 0, Avg:  0.0, Max: 0, Diff: 0, Sum: 0, Workers: 4
[29.659s][debug][gc,phases      ] GC(63)     Total                          Min: 0, Avg: 91.5, Max: 192, Diff: 192, Sum: 366, Workers: 4
[29.659s][debug][gc,phases      ] GC(63)   JVMTI Tag Weak OopStorage      Min:  0.0, Avg:  0.0, Max:  0.0, Diff:  0.0, Sum:  0.0, Workers: 4
[29.659s][debug][gc,phases      ] GC(63)     Dead                           Min: 0, Avg:  0.0, Max: 0, Diff: 0, Sum: 0, Workers: 4
[29.659s][debug][gc,phases      ] GC(63)     Total                          Min: 0, Avg:  0.0, Max: 0, Diff: 0, Sum: 0, Workers: 4
[29.659s][debug][gc,phases      ] GC(63)   StringTable Weak               Min:  0.1, Avg:  0.1, Max:  0.1, Diff:  0.0, Sum:  0.4, Workers: 4
[29.659s][debug][gc,phases      ] GC(63)     Dead                           Min: 0, Avg:  0.0, Max: 0, Diff: 0, Sum: 0, Workers: 4
[29.659s][debug][gc,phases      ] GC(63)     Total                          Min: 10048, Avg: 10681.5, Max: 11840, Diff: 1792, Sum: 42726, Workers: 4
[29.659s][debug][gc,phases      ] GC(63)   ResolvedMethodTable Weak       Min:  0.0, Avg:  0.0, Max:  0.0, Diff:  0.0, Sum:  0.1, Workers: 4
[29.659s][debug][gc,phases      ] GC(63)     Dead                           Min: 0, Avg:  0.0, Max: 0, Diff: 0, Sum: 0, Workers: 4
[29.659s][debug][gc,phases      ] GC(63)     Total                          Min: 1661, Avg: 1735.8, Max: 1792, Diff: 131, Sum: 6943, Workers: 4
[29.659s][debug][gc,phases      ] GC(63)   JNI Weak                       Min:  0.0, Avg:  0.0, Max:  0.0, Diff:  0.0, Sum:  0.0, Workers: 4
[29.659s][debug][gc,phases      ] GC(63)     Dead                           Min: 0, Avg:  0.0, Max: 0, Diff: 0, Sum: 0, Workers: 4
[29.659s][debug][gc,phases      ] GC(63)     Total                          Min: 0, Avg:  0.5, Max: 2, Diff: 2, Sum: 2, Workers: 4
[29.659s][debug][gc,phases      ] GC(63)   StringDedup Table Weak         Min:  0.0, Avg:  0.0, Max:  0.0, Diff:  0.0, Sum:  0.0, Workers: 4
[29.659s][debug][gc,phases      ] GC(63)     Dead                           Min: 0, Avg:  0.0, Max: 0, Diff: 0, Sum: 0, Workers: 4
[29.659s][debug][gc,phases      ] GC(63)     Total                          Min: 0, Avg:  0.0, Max: 0, Diff: 0, Sum: 0, Workers: 4
[29.659s][debug][gc,phases      ] GC(63)   StringDedup Requests0 Weak     Min:  0.0, Avg:  0.0, Max:  0.0, Diff:  0.0, Sum:  0.0, Workers: 4
[29.659s][debug][gc,phases      ] GC(63)     Dead                           Min: 0, Avg:  0.0, Max: 0, Diff: 0, Sum: 0, Workers: 4
[29.659s][debug][gc,phases      ] GC(63)     Total                          Min: 0, Avg:  0.0, Max: 0, Diff: 0, Sum: 0, Workers: 4
[29.659s][debug][gc,phases      ] GC(63)   StringDedup Requests1 Weak     Min:  0.0, Avg:  0.0, Max:  0.0, Diff:  0.0, Sum:  0.0, Workers: 4
[29.659s][debug][gc,phases      ] GC(63)     Dead                           Min: 0, Avg:  0.0, Max: 0, Diff: 0, Sum: 0, Workers: 4
[29.659s][debug][gc,phases      ] GC(63)     Total                          Min: 0, Avg:  0.0, Max: 0, Diff: 0, Sum: 0, Workers: 4
[29.659s][debug][gc,phases      ] GC(63)   Weak JFR Old Object Samples    Min:  0.0, Avg:  0.0, Max:  0.0, Diff:  0.0, Sum:  0.0, Workers: 4
[29.659s][debug][gc,phases      ] GC(63)     Dead                           Min: 0, Avg:  0.0, Max: 0, Diff: 0, Sum: 0, Workers: 4
[29.659s][debug][gc,phases      ] GC(63)     Total                          Min: 0, Avg:  0.0, Max: 0, Diff: 0, Sum: 0, Workers: 4
[29.659s][debug][gc,phases      ] GC(63) Weak Processing 0.319ms
[29.660s][debug][gc,age         ] GC(63) Desired survivor size 289406976 bytes, new threshold 15 (max threshold 15)
[29.660s][info ][gc,heap        ] GC(63) PSYoungGen: 1540000K(1765888K)->91080K(1814528K) Eden: 1451520K(1451520K)->0K(1516544K) From: 88480K(314368K)->91080K(297984K)
[29.660s][info ][gc,heap        ] GC(63) ParOldGen: 468567K(552448K)->473095K(552448K)
[29.660s][info ][gc,metaspace   ] GC(63) Metaspace: 68107K(68864K)->68107K(68864K) NonClass: 58230K(58624K)->58230K(58624K) Class: 9877K(10240K)->9877K(10240K)
[29.660s][info ][gc             ] GC(63) Pause Young (Allocation Failure) 1961M->550M(2311M) 45.200ms
[29.660s][info ][gc,cpu         ] GC(63) User=0.17s Sys=0.00s Real=0.04s
[29.660s][info ][safepoint      ] Safepoint "ParallelGCFailedAllocation", Time since last: 292818071 ns, Reaching safepoint: 147703 ns, At safepoint: 45312709 ns, Total: 45460412 ns
[29.966s][info ][gc,start       ] GC(64) Pause Young (Allocation Failure)
[30.006s][debug][gc,phases      ] GC(64) Scavenge 39.684ms
[30.006s][debug][gc,ref         ] GC(64) Skipped phase 1 of Reference Processing: no references
[30.006s][debug][gc,ref         ] GC(64) ReferenceProcessor::execute queues: 1, RefProcThreadModel::Single, marks_oops_alive: false
[30.006s][debug][gc,ref         ] GC(64) Skipped phase 3 of Reference Processing: no references
[30.006s][debug][gc,ref         ] GC(64) ReferenceProcessor::execute queues: 1, RefProcThreadModel::Single, marks_oops_alive: false
[30.006s][debug][gc,phases      ] GC(64) Reference Processing 0.154ms
[30.006s][debug][gc,phases      ] GC(64)   VM Weak                        Min:  0.0, Avg:  0.0, Max:  0.0, Diff:  0.0, Sum:  0.0, Workers: 4
[30.006s][debug][gc,phases      ] GC(64)     Dead                           Min: 0, Avg:  0.0, Max: 0, Diff: 0, Sum: 0, Workers: 4
[30.006s][debug][gc,phases      ] GC(64)     Total                          Min: 0, Avg: 147.5, Max: 590, Diff: 590, Sum: 590, Workers: 4
[30.006s][debug][gc,phases      ] GC(64)   ObjectSynchronizer Weak        Min:  0.0, Avg:  0.0, Max:  0.0, Diff:  0.0, Sum:  0.0, Workers: 4
[30.006s][debug][gc,phases      ] GC(64)     Dead                           Min: 0, Avg:  0.0, Max: 0, Diff: 0, Sum: 0, Workers: 4
[30.007s][debug][gc,phases      ] GC(64)     Total                          Min: 0, Avg: 91.5, Max: 238, Diff: 238, Sum: 366, Workers: 4
[30.007s][debug][gc,phases      ] GC(64)   JVMTI Tag Weak OopStorage      Min:  0.0, Avg:  0.0, Max:  0.0, Diff:  0.0, Sum:  0.0, Workers: 4
[30.007s][debug][gc,phases      ] GC(64)     Dead                           Min: 0, Avg:  0.0, Max: 0, Diff: 0, Sum: 0, Workers: 4
[30.007s][debug][gc,phases      ] GC(64)     Total                          Min: 0, Avg:  0.0, Max: 0, Diff: 0, Sum: 0, Workers: 4
[30.007s][debug][gc,phases      ] GC(64)   StringTable Weak               Min:  0.1, Avg:  0.1, Max:  0.1, Diff:  0.0, Sum:  0.4, Workers: 4
[30.007s][debug][gc,phases      ] GC(64)     Dead                           Min: 0, Avg:  2.8, Max: 11, Diff: 11, Sum: 11, Workers: 4
[30.007s][debug][gc,phases      ] GC(64)     Total                          Min: 10496, Avg: 10704.5, Max: 10818, Diff: 322, Sum: 42818, Workers: 4
[30.007s][debug][gc,phases      ] GC(64)   ResolvedMethodTable Weak       Min:  0.0, Avg:  0.0, Max:  0.0, Diff:  0.0, Sum:  0.1, Workers: 4
[30.007s][debug][gc,phases      ] GC(64)     Dead                           Min: 0, Avg:  0.0, Max: 0, Diff: 0, Sum: 0, Workers: 4
[30.007s][debug][gc,phases      ] GC(64)     Total                          Min: 1597, Avg: 1737.8, Max: 1984, Diff: 387, Sum: 6951, Workers: 4
[30.007s][debug][gc,phases      ] GC(64)   JNI Weak                       Min:  0.0, Avg:  0.0, Max:  0.0, Diff:  0.0, Sum:  0.0, Workers: 4
[30.007s][debug][gc,phases      ] GC(64)     Dead                           Min: 0, Avg:  0.0, Max: 0, Diff: 0, Sum: 0, Workers: 4
[30.007s][debug][gc,phases      ] GC(64)     Total                          Min: 0, Avg:  2.8, Max: 11, Diff: 11, Sum: 11, Workers: 4
[30.007s][debug][gc,phases      ] GC(64)   StringDedup Table Weak         Min:  0.0, Avg:  0.0, Max:  0.0, Diff:  0.0, Sum:  0.0, Workers: 4
[30.007s][debug][gc,phases      ] GC(64)     Dead                           Min: 0, Avg:  0.0, Max: 0, Diff: 0, Sum: 0, Workers: 4
[30.007s][debug][gc,phases      ] GC(64)     Total                          Min: 0, Avg:  0.0, Max: 0, Diff: 0, Sum: 0, Workers: 4
[30.007s][debug][gc,phases      ] GC(64)   StringDedup Requests0 Weak     Min:  0.0, Avg:  0.0, Max:  0.0, Diff:  0.0, Sum:  0.0, Workers: 4
[30.007s][debug][gc,phases      ] GC(64)     Dead                           Min: 0, Avg:  0.0, Max: 0, Diff: 0, Sum: 0, Workers: 4
[30.007s][debug][gc,phases      ] GC(64)     Total                          Min: 0, Avg:  0.0, Max: 0, Diff: 0, Sum: 0, Workers: 4
[30.007s][debug][gc,phases      ] GC(64)   StringDedup Requests1 Weak     Min:  0.0, Avg:  0.0, Max:  0.0, Diff:  0.0, Sum:  0.0, Workers: 4
[30.007s][debug][gc,phases      ] GC(64)     Dead                           Min: 0, Avg:  0.0, Max: 0, Diff: 0, Sum: 0, Workers: 4
[30.007s][debug][gc,phases      ] GC(64)     Total                          Min: 0, Avg:  0.0, Max: 0, Diff: 0, Sum: 0, Workers: 4
[30.007s][debug][gc,phases      ] GC(64)   Weak JFR Old Object Samples    Min:  0.0, Avg:  0.0, Max:  0.0, Diff:  0.0, Sum:  0.0, Workers: 4
[30.007s][debug][gc,phases      ] GC(64)     Dead                           Min: 0, Avg:  0.0, Max: 0, Diff: 0, Sum: 0, Workers: 4
[30.007s][debug][gc,phases      ] GC(64)     Total                          Min: 0, Avg:  0.0, Max: 0, Diff: 0, Sum: 0, Workers: 4
[30.007s][debug][gc,phases      ] GC(64) Weak Processing 0.346ms
[30.007s][debug][gc,age         ] GC(64) Desired survivor size 273154048 bytes, new threshold 15 (max threshold 15)
[30.007s][info ][gc,heap        ] GC(64) PSYoungGen: 1607624K(1814528K)->97432K(1799168K) Eden: 1516544K(1516544K)->0K(1516544K) From: 91080K(297984K)->97432K(282624K)
[30.007s][info ][gc,heap        ] GC(64) ParOldGen: 473095K(552448K)->475319K(552448K)
[30.007s][info ][gc,metaspace   ] GC(64) Metaspace: 68129K(68928K)->68129K(68928K) NonClass: 58249K(58688K)->58249K(58688K) Class: 9880K(10240K)->9880K(10240K)
[30.007s][info ][gc             ] GC(64) Pause Young (Allocation Failure) 2031M->559M(2296M) 40.344ms
[30.007s][info ][gc,cpu         ] GC(64) User=0.19s Sys=0.00s Real=0.04s
[30.007s][info ][safepoint      ] Safepoint "ParallelGCFailedAllocation", Time since last: 306326041 ns, Reaching safepoint: 353107 ns, At safepoint: 40458812 ns, Total: 40811919 ns
[30.311s][info ][safepoint      ] Safepoint "ICBufferFull", Time since last: 304253900 ns, Reaching safepoint: 228004 ns, At safepoint: 23901 ns, Total: 251905 ns
[30.410s][info ][gc,start       ] GC(65) Pause Young (Allocation Failure)
[30.444s][debug][gc,phases      ] GC(65) Scavenge 34.006ms
[30.444s][debug][gc,ref         ] GC(65) Skipped phase 1 of Reference Processing: no references
[30.444s][debug][gc,ref         ] GC(65) ReferenceProcessor::execute queues: 1, RefProcThreadModel::Single, marks_oops_alive: false
[30.444s][debug][gc,ref         ] GC(65) Skipped phase 3 of Reference Processing: no references
[30.444s][debug][gc,ref         ] GC(65) ReferenceProcessor::execute queues: 1, RefProcThreadModel::Single, marks_oops_alive: false
[30.444s][debug][gc,phases      ] GC(65) Reference Processing 0.155ms
[30.444s][debug][gc,phases      ] GC(65)   VM Weak                        Min:  0.0, Avg:  0.0, Max:  0.0, Diff:  0.0, Sum:  0.0, Workers: 4
[30.444s][debug][gc,phases      ] GC(65)     Dead                           Min: 0, Avg:  0.0, Max: 0, Diff: 0, Sum: 0, Workers: 4
[30.444s][debug][gc,phases      ] GC(65)     Total                          Min: 0, Avg: 147.8, Max: 384, Diff: 384, Sum: 591, Workers: 4
[30.444s][debug][gc,phases      ] GC(65)   ObjectSynchronizer Weak        Min:  0.0, Avg:  0.0, Max:  0.0, Diff:  0.0, Sum:  0.0, Workers: 4
[30.444s][debug][gc,phases      ] GC(65)     Dead                           Min: 0, Avg:  0.0, Max: 0, Diff: 0, Sum: 0, Workers: 4
[30.444s][debug][gc,phases      ] GC(65)     Total                          Min: 0, Avg: 91.8, Max: 175, Diff: 175, Sum: 367, Workers: 4
[30.444s][debug][gc,phases      ] GC(65)   JVMTI Tag Weak OopStorage      Min:  0.0, Avg:  0.0, Max:  0.0, Diff:  0.0, Sum:  0.0, Workers: 4
[30.444s][debug][gc,phases      ] GC(65)     Dead                           Min: 0, Avg:  0.0, Max: 0, Diff: 0, Sum: 0, Workers: 4
[30.444s][debug][gc,phases      ] GC(65)     Total                          Min: 0, Avg:  0.0, Max: 0, Diff: 0, Sum: 0, Workers: 4
[30.444s][debug][gc,phases      ] GC(65)   StringTable Weak               Min:  0.1, Avg:  0.1, Max:  0.1, Diff:  0.0, Sum:  0.4, Workers: 4
[30.444s][debug][gc,phases      ] GC(65)     Dead                           Min: 0, Avg:  2.8, Max: 8, Diff: 8, Sum: 11, Workers: 4
[30.444s][debug][gc,phases      ] GC(65)     Total                          Min: 9152, Avg: 10764.0, Max: 11840, Diff: 2688, Sum: 43056, Workers: 4
[30.444s][debug][gc,phases      ] GC(65)   ResolvedMethodTable Weak       Min:  0.0, Avg:  0.0, Max:  0.0, Diff:  0.0, Sum:  0.1, Workers: 4
[30.444s][debug][gc,phases      ] GC(65)     Dead                           Min: 0, Avg:  6.2, Max: 21, Diff: 21, Sum: 25, Workers: 4
[30.444s][debug][gc,phases      ] GC(65)     Total                          Min: 1598, Avg: 1763.0, Max: 2190, Diff: 592, Sum: 7052, Workers: 4
[30.444s][debug][gc,phases      ] GC(65)   JNI Weak                       Min:  0.0, Avg:  0.0, Max:  0.0, Diff:  0.0, Sum:  0.0, Workers: 4
[30.444s][debug][gc,phases      ] GC(65)     Dead                           Min: 0, Avg:  0.0, Max: 0, Diff: 0, Sum: 0, Workers: 4
[30.444s][debug][gc,phases      ] GC(65)     Total                          Min: 0, Avg:  2.2, Max: 9, Diff: 9, Sum: 9, Workers: 4
[30.444s][debug][gc,phases      ] GC(65)   StringDedup Table Weak         Min:  0.0, Avg:  0.0, Max:  0.0, Diff:  0.0, Sum:  0.0, Workers: 4
[30.444s][debug][gc,phases      ] GC(65)     Dead                           Min: 0, Avg:  0.0, Max: 0, Diff: 0, Sum: 0, Workers: 4
[30.444s][debug][gc,phases      ] GC(65)     Total                          Min: 0, Avg:  0.0, Max: 0, Diff: 0, Sum: 0, Workers: 4
[30.444s][debug][gc,phases      ] GC(65)   StringDedup Requests0 Weak     Min:  0.0, Avg:  0.0, Max:  0.0, Diff:  0.0, Sum:  0.0, Workers: 4
[30.444s][debug][gc,phases      ] GC(65)     Dead                           Min: 0, Avg:  0.0, Max: 0, Diff: 0, Sum: 0, Workers: 4
[30.444s][debug][gc,phases      ] GC(65)     Total                          Min: 0, Avg:  0.0, Max: 0, Diff: 0, Sum: 0, Workers: 4
[30.444s][debug][gc,phases      ] GC(65)   StringDedup Requests1 Weak     Min:  0.0, Avg:  0.0, Max:  0.0, Diff:  0.0, Sum:  0.0, Workers: 4
[30.444s][debug][gc,phases      ] GC(65)     Dead                           Min: 0, Avg:  0.0, Max: 0, Diff: 0, Sum: 0, Workers: 4
[30.444s][debug][gc,phases      ] GC(65)     Total                          Min: 0, Avg:  0.0, Max: 0, Diff: 0, Sum: 0, Workers: 4
[30.444s][debug][gc,phases      ] GC(65)   Weak JFR Old Object Samples    Min:  0.0, Avg:  0.0, Max:  0.0, Diff:  0.0, Sum:  0.0, Workers: 4
[30.444s][debug][gc,phases      ] GC(65)     Dead                           Min: 0, Avg:  0.0, Max: 0, Diff: 0, Sum: 0, Workers: 4
[30.444s][debug][gc,phases      ] GC(65)     Total                          Min: 0, Avg:  0.0, Max: 0, Diff: 0, Sum: 0, Workers: 4
[30.444s][debug][gc,phases      ] GC(65) Weak Processing 0.333ms
[30.444s][debug][gc,age         ] GC(65) Desired survivor size 260046848 bytes, new threshold 15 (max threshold 15)
[30.444s][info ][gc,heap        ] GC(65) PSYoungGen: 1613976K(1799168K)->89792K(1843200K) Eden: 1516544K(1516544K)->0K(1576448K) From: 97432K(282624K)->89792K(266752K)
[30.444s][info ][gc,heap        ] GC(65) ParOldGen: 475319K(552448K)->478859K(552448K)
[30.444s][info ][gc,metaspace   ] GC(65) Metaspace: 68720K(69440K)->68720K(69440K) NonClass: 58748K(59136K)->58748K(59136K) Class: 9971K(10304K)->9971K(10304K)
[30.444s][info ][gc             ] GC(65) Pause Young (Allocation Failure) 2040M->555M(2339M) 34.646ms
[30.444s][info ][gc,cpu         ] GC(65) User=0.14s Sys=0.00s Real=0.03s
[30.444s][info ][safepoint      ] Safepoint "ParallelGCFailedAllocation", Time since last: 98151268 ns, Reaching safepoint: 165503 ns, At safepoint: 34778497 ns, Total: 34944000 ns
[30.790s][info ][gc,start       ] GC(66) Pause Young (Allocation Failure)
[30.819s][debug][gc,phases      ] GC(66) Scavenge 28.849ms
[30.819s][debug][gc,ref         ] GC(66) Skipped phase 1 of Reference Processing: no references
[30.819s][debug][gc,ref         ] GC(66) ReferenceProcessor::execute queues: 1, RefProcThreadModel::Single, marks_oops_alive: false
[30.820s][debug][gc,ref         ] GC(66) Skipped phase 3 of Reference Processing: no references
[30.820s][debug][gc,ref         ] GC(66) ReferenceProcessor::execute queues: 1, RefProcThreadModel::Single, marks_oops_alive: false
[30.820s][debug][gc,phases      ] GC(66) Reference Processing 0.161ms
[30.820s][debug][gc,phases      ] GC(66)   VM Weak                        Min:  0.0, Avg:  0.0, Max:  0.0, Diff:  0.0, Sum:  0.0, Workers: 4
[30.820s][debug][gc,phases      ] GC(66)     Dead                           Min: 0, Avg:  0.0, Max: 0, Diff: 0, Sum: 0, Workers: 4
[30.820s][debug][gc,phases      ] GC(66)     Total                          Min: 0, Avg: 148.5, Max: 338, Diff: 338, Sum: 594, Workers: 4
[30.820s][debug][gc,phases      ] GC(66)   ObjectSynchronizer Weak        Min:  0.0, Avg:  0.0, Max:  0.0, Diff:  0.0, Sum:  0.0, Workers: 4
[30.820s][debug][gc,phases      ] GC(66)     Dead                           Min: 0, Avg:  0.0, Max: 0, Diff: 0, Sum: 0, Workers: 4
[30.820s][debug][gc,phases      ] GC(66)     Total                          Min: 0, Avg: 91.8, Max: 192, Diff: 192, Sum: 367, Workers: 4
[30.820s][debug][gc,phases      ] GC(66)   JVMTI Tag Weak OopStorage      Min:  0.0, Avg:  0.0, Max:  0.0, Diff:  0.0, Sum:  0.0, Workers: 4
[30.820s][debug][gc,phases      ] GC(66)     Dead                           Min: 0, Avg:  0.0, Max: 0, Diff: 0, Sum: 0, Workers: 4
[30.820s][debug][gc,phases      ] GC(66)     Total                          Min: 0, Avg:  0.0, Max: 0, Diff: 0, Sum: 0, Workers: 4
[30.820s][debug][gc,phases      ] GC(66)   StringTable Weak               Min:  0.1, Avg:  0.1, Max:  0.1, Diff:  0.0, Sum:  0.4, Workers: 4
[30.820s][debug][gc,phases      ] GC(66)     Dead                           Min: 0, Avg:  0.2, Max: 1, Diff: 1, Sum: 1, Workers: 4
[30.820s][debug][gc,phases      ] GC(66)     Total                          Min: 10368, Avg: 10817.8, Max: 11520, Diff: 1152, Sum: 43271, Workers: 4
[30.820s][debug][gc,phases      ] GC(66)   ResolvedMethodTable Weak       Min:  0.0, Avg:  0.0, Max:  0.0, Diff:  0.0, Sum:  0.1, Workers: 4
[30.820s][debug][gc,phases      ] GC(66)     Dead                           Min: 0, Avg:  9.8, Max: 18, Diff: 18, Sum: 39, Workers: 4
[30.820s][debug][gc,phases      ] GC(66)     Total                          Min: 1595, Avg: 1790.2, Max: 1983, Diff: 388, Sum: 7161, Workers: 4
[30.820s][debug][gc,phases      ] GC(66)   JNI Weak                       Min:  0.0, Avg:  0.0, Max:  0.0, Diff:  0.0, Sum:  0.0, Workers: 4
[30.820s][debug][gc,phases      ] GC(66)     Dead                           Min: 0, Avg:  0.0, Max: 0, Diff: 0, Sum: 0, Workers: 4
[30.820s][debug][gc,phases      ] GC(66)     Total                          Min: 0, Avg:  1.0, Max: 4, Diff: 4, Sum: 4, Workers: 4
[30.820s][debug][gc,phases      ] GC(66)   StringDedup Table Weak         Min:  0.0, Avg:  0.0, Max:  0.0, Diff:  0.0, Sum:  0.0, Workers: 4
[30.820s][debug][gc,phases      ] GC(66)     Dead                           Min: 0, Avg:  0.0, Max: 0, Diff: 0, Sum: 0, Workers: 4
[30.820s][debug][gc,phases      ] GC(66)     Total                          Min: 0, Avg:  0.0, Max: 0, Diff: 0, Sum: 0, Workers: 4
[30.820s][debug][gc,phases      ] GC(66)   StringDedup Requests0 Weak     Min:  0.0, Avg:  0.0, Max:  0.0, Diff:  0.0, Sum:  0.0, Workers: 4
[30.820s][debug][gc,phases      ] GC(66)     Dead                           Min: 0, Avg:  0.0, Max: 0, Diff: 0, Sum: 0, Workers: 4
[30.820s][debug][gc,phases      ] GC(66)     Total                          Min: 0, Avg:  0.0, Max: 0, Diff: 0, Sum: 0, Workers: 4
[30.820s][debug][gc,phases      ] GC(66)   StringDedup Requests1 Weak     Min:  0.0, Avg:  0.0, Max:  0.0, Diff:  0.0, Sum:  0.0, Workers: 4
[30.820s][debug][gc,phases      ] GC(66)     Dead                           Min: 0, Avg:  0.0, Max: 0, Diff: 0, Sum: 0, Workers: 4
[30.820s][debug][gc,phases      ] GC(66)     Total                          Min: 0, Avg:  0.0, Max: 0, Diff: 0, Sum: 0, Workers: 4
[30.820s][debug][gc,phases      ] GC(66)   Weak JFR Old Object Samples    Min:  0.0, Avg:  0.0, Max:  0.0, Diff:  0.0, Sum:  0.0, Workers: 4
[30.820s][debug][gc,phases      ] GC(66)     Dead                           Min: 0, Avg:  0.0, Max: 0, Diff: 0, Sum: 0, Workers: 4
[30.820s][debug][gc,phases      ] GC(66)     Total                          Min: 0, Avg:  0.0, Max: 0, Diff: 0, Sum: 0, Workers: 4
[30.820s][debug][gc,phases      ] GC(66) Weak Processing 0.345ms
[30.820s][debug][gc,age         ] GC(66) Desired survivor size 247988224 bytes, new threshold 15 (max threshold 15)
[30.820s][info ][gc,heap        ] GC(66) PSYoungGen: 1666240K(1843200K)->86672K(1830400K) Eden: 1576448K(1576448K)->0K(1576448K) From: 89792K(266752K)->86672K(253952K)
[30.820s][info ][gc,heap        ] GC(66) ParOldGen: 478859K(552448K)->483099K(552448K)
[30.820s][info ][gc,metaspace   ] GC(66) Metaspace: 69373K(70208K)->69373K(70208K) NonClass: 59309K(59776K)->59309K(59776K) Class: 10064K(10432K)->10064K(10432K)
[30.820s][info ][gc             ] GC(66) Pause Young (Allocation Failure) 2094M->556M(2327M) 29.488ms
[30.820s][info ][gc,cpu         ] GC(66) User=0.11s Sys=0.00s Real=0.03s
[30.820s][info ][safepoint      ] Safepoint "ParallelGCFailedAllocation", Time since last: 345862735 ns, Reaching safepoint: 199103 ns, At safepoint: 29591694 ns, Total: 29790797 ns
[31.194s][info ][safepoint      ] Safepoint "ICBufferFull", Time since last: 373266083 ns, Reaching safepoint: 275506 ns, At safepoint: 29101 ns, Total: 304607 ns
[31.194s][info ][gc,start       ] GC(67) Pause Young (Allocation Failure)
[31.225s][debug][gc,phases      ] GC(67) Scavenge 30.680ms
[31.225s][debug][gc,ref         ] GC(67) Skipped phase 1 of Reference Processing: no references
[31.225s][debug][gc,ref         ] GC(67) ReferenceProcessor::execute queues: 1, RefProcThreadModel::Single, marks_oops_alive: false
[31.225s][debug][gc,ref         ] GC(67) Skipped phase 3 of Reference Processing: no references
[31.225s][debug][gc,ref         ] GC(67) ReferenceProcessor::execute queues: 1, RefProcThreadModel::Single, marks_oops_alive: false
[31.225s][debug][gc,phases      ] GC(67) Reference Processing 0.177ms
[31.225s][debug][gc,phases      ] GC(67)   VM Weak                        Min:  0.0, Avg:  0.0, Max:  0.0, Diff:  0.0, Sum:  0.0, Workers: 4
[31.225s][debug][gc,phases      ] GC(67)     Dead                           Min: 0, Avg:  0.0, Max: 0, Diff: 0, Sum: 0, Workers: 4
[31.225s][debug][gc,phases      ] GC(67)     Total                          Min: 0, Avg: 150.5, Max: 448, Diff: 448, Sum: 602, Workers: 4
[31.225s][debug][gc,phases      ] GC(67)   ObjectSynchronizer Weak        Min:  0.0, Avg:  0.0, Max:  0.0, Diff:  0.0, Sum:  0.0, Workers: 4
[31.225s][debug][gc,phases      ] GC(67)     Dead                           Min: 0, Avg:  0.0, Max: 0, Diff: 0, Sum: 0, Workers: 4
[31.225s][debug][gc,phases      ] GC(67)     Total                          Min: 0, Avg: 91.8, Max: 239, Diff: 239, Sum: 367, Workers: 4
[31.225s][debug][gc,phases      ] GC(67)   JVMTI Tag Weak OopStorage      Min:  0.0, Avg:  0.0, Max:  0.0, Diff:  0.0, Sum:  0.0, Workers: 4
[31.225s][debug][gc,phases      ] GC(67)     Dead                           Min: 0, Avg:  0.0, Max: 0, Diff: 0, Sum: 0, Workers: 4
[31.225s][debug][gc,phases      ] GC(67)     Total                          Min: 0, Avg:  0.0, Max: 0, Diff: 0, Sum: 0, Workers: 4
[31.225s][debug][gc,phases      ] GC(67)   StringTable Weak               Min:  0.1, Avg:  0.1, Max:  0.1, Diff:  0.0, Sum:  0.4, Workers: 4
[31.225s][debug][gc,phases      ] GC(67)     Dead                           Min: 0, Avg:  1.0, Max: 3, Diff: 3, Sum: 4, Workers: 4
[31.225s][debug][gc,phases      ] GC(67)     Total                          Min: 10304, Avg: 10849.0, Max: 11776, Diff: 1472, Sum: 43396, Workers: 4
[31.225s][debug][gc,phases      ] GC(67)   ResolvedMethodTable Weak       Min:  0.0, Avg:  0.0, Max:  0.0, Diff:  0.0, Sum:  0.1, Workers: 4
[31.225s][debug][gc,phases      ] GC(67)     Dead                           Min: 0, Avg:  4.0, Max: 16, Diff: 16, Sum: 16, Workers: 4
[31.225s][debug][gc,phases      ] GC(67)     Total                          Min: 1727, Avg: 1807.0, Max: 1981, Diff: 254, Sum: 7228, Workers: 4
[31.225s][debug][gc,phases      ] GC(67)   JNI Weak                       Min:  0.0, Avg:  0.0, Max:  0.0, Diff:  0.0, Sum:  0.0, Workers: 4
[31.225s][debug][gc,phases      ] GC(67)     Dead                           Min: 0, Avg:  0.0, Max: 0, Diff: 0, Sum: 0, Workers: 4
[31.225s][debug][gc,phases      ] GC(67)     Total                          Min: 0, Avg:  0.5, Max: 2, Diff: 2, Sum: 2, Workers: 4
[31.225s][debug][gc,phases      ] GC(67)   StringDedup Table Weak         Min:  0.0, Avg:  0.0, Max:  0.0, Diff:  0.0, Sum:  0.0, Workers: 4
[31.225s][debug][gc,phases      ] GC(67)     Dead                           Min: 0, Avg:  0.0, Max: 0, Diff: 0, Sum: 0, Workers: 4
[31.225s][debug][gc,phases      ] GC(67)     Total                          Min: 0, Avg:  0.0, Max: 0, Diff: 0, Sum: 0, Workers: 4
[31.225s][debug][gc,phases      ] GC(67)   StringDedup Requests0 Weak     Min:  0.0, Avg:  0.0, Max:  0.0, Diff:  0.0, Sum:  0.0, Workers: 4
[31.225s][debug][gc,phases      ] GC(67)     Dead                           Min: 0, Avg:  0.0, Max: 0, Diff: 0, Sum: 0, Workers: 4
[31.225s][debug][gc,phases      ] GC(67)     Total                          Min: 0, Avg:  0.0, Max: 0, Diff: 0, Sum: 0, Workers: 4
[31.225s][debug][gc,phases      ] GC(67)   StringDedup Requests1 Weak     Min:  0.0, Avg:  0.0, Max:  0.0, Diff:  0.0, Sum:  0.0, Workers: 4
[31.225s][debug][gc,phases      ] GC(67)     Dead                           Min: 0, Avg:  0.0, Max: 0, Diff: 0, Sum: 0, Workers: 4
[31.225s][debug][gc,phases      ] GC(67)     Total                          Min: 0, Avg:  0.0, Max: 0, Diff: 0, Sum: 0, Workers: 4
[31.225s][debug][gc,phases      ] GC(67)   Weak JFR Old Object Samples    Min:  0.0, Avg:  0.0, Max:  0.0, Diff:  0.0, Sum:  0.0, Workers: 4
[31.225s][debug][gc,phases      ] GC(67)     Dead                           Min: 0, Avg:  0.0, Max: 0, Diff: 0, Sum: 0, Workers: 4
[31.225s][debug][gc,phases      ] GC(67)     Total                          Min: 0, Avg:  0.0, Max: 0, Diff: 0, Sum: 0, Workers: 4
[31.225s][debug][gc,phases      ] GC(67) Weak Processing 0.332ms
[31.225s][debug][gc,age         ] GC(67) Desired survivor size 238026752 bytes, new threshold 15 (max threshold 15)
[31.225s][info ][gc,heap        ] GC(67) PSYoungGen: 1663120K(1830400K)->81136K(1864704K) Eden: 1576448K(1576448K)->0K(1622528K) From: 86672K(253952K)->81136K(242176K)
[31.225s][info ][gc,heap        ] GC(67) ParOldGen: 483099K(552448K)->489403K(552448K)
[31.225s][info ][gc,metaspace   ] GC(67) Metaspace: 69765K(70528K)->69765K(70528K) NonClass: 59656K(60096K)->59656K(60096K) Class: 10108K(10432K)->10108K(10432K)
[31.225s][info ][gc             ] GC(67) Pause Young (Allocation Failure) 2095M->557M(2360M) 31.307ms
[31.225s][info ][gc,cpu         ] GC(67) User=0.12s Sys=0.00s Real=0.03s
[31.225s][info ][safepoint      ] Safepoint "ParallelGCFailedAllocation", Time since last: 318806 ns, Reaching safepoint: 88802 ns, At safepoint: 31421030 ns, Total: 31509832 ns
[31.502s][info ][safepoint      ] Safepoint "ICBufferFull", Time since last: 276246538 ns, Reaching safepoint: 275306 ns, At safepoint: 29600 ns, Total: 304906 ns
[31.533s][info ][gc,start       ] GC(68) Pause Young (Allocation Failure)
[31.562s][debug][gc,phases      ] GC(68) Scavenge 28.537ms
[31.562s][debug][gc,ref         ] GC(68) Skipped phase 1 of Reference Processing: no references
[31.562s][debug][gc,ref         ] GC(68) ReferenceProcessor::execute queues: 1, RefProcThreadModel::Single, marks_oops_alive: false
[31.562s][debug][gc,ref         ] GC(68) Skipped phase 3 of Reference Processing: no references
[31.562s][debug][gc,ref         ] GC(68) ReferenceProcessor::execute queues: 1, RefProcThreadModel::Single, marks_oops_alive: false
[31.562s][debug][gc,phases      ] GC(68) Reference Processing 0.163ms
[31.562s][debug][gc,phases      ] GC(68)   VM Weak                        Min:  0.0, Avg:  0.0, Max:  0.0, Diff:  0.0, Sum:  0.0, Workers: 4
[31.562s][debug][gc,phases      ] GC(68)     Dead                           Min: 0, Avg:  0.0, Max: 0, Diff: 0, Sum: 0, Workers: 4
[31.562s][debug][gc,phases      ] GC(68)     Total                          Min: 0, Avg: 150.8, Max: 448, Diff: 448, Sum: 603, Workers: 4
[31.562s][debug][gc,phases      ] GC(68)   ObjectSynchronizer Weak        Min:  0.0, Avg:  0.0, Max:  0.0, Diff:  0.0, Sum:  0.0, Workers: 4
[31.562s][debug][gc,phases      ] GC(68)     Dead                           Min: 0, Avg:  0.0, Max: 0, Diff: 0, Sum: 0, Workers: 4
[31.562s][debug][gc,phases      ] GC(68)     Total                          Min: 0, Avg: 91.8, Max: 175, Diff: 175, Sum: 367, Workers: 4
[31.562s][debug][gc,phases      ] GC(68)   JVMTI Tag Weak OopStorage      Min:  0.0, Avg:  0.0, Max:  0.0, Diff:  0.0, Sum:  0.0, Workers: 4
[31.562s][debug][gc,phases      ] GC(68)     Dead                           Min: 0, Avg:  0.0, Max: 0, Diff: 0, Sum: 0, Workers: 4
[31.562s][debug][gc,phases      ] GC(68)     Total                          Min: 0, Avg:  0.0, Max: 0, Diff: 0, Sum: 0, Workers: 4
[31.562s][debug][gc,phases      ] GC(68)   StringTable Weak               Min:  0.1, Avg:  0.1, Max:  0.2, Diff:  0.0, Sum:  0.6, Workers: 4
[31.562s][debug][gc,phases      ] GC(68)     Dead                           Min: 0, Avg:  0.5, Max: 2, Diff: 2, Sum: 2, Workers: 4
[31.562s][debug][gc,phases      ] GC(68)     Total                          Min: 5120, Avg: 10863.2, Max: 13696, Diff: 8576, Sum: 43453, Workers: 4
[31.562s][debug][gc,phases      ] GC(68)   ResolvedMethodTable Weak       Min:  0.0, Avg:  0.0, Max:  0.0, Diff:  0.0, Sum:  0.1, Workers: 4
[31.562s][debug][gc,phases      ] GC(68)     Dead                           Min: 0, Avg:  0.0, Max: 0, Diff: 0, Sum: 0, Workers: 4
[31.562s][debug][gc,phases      ] GC(68)     Total                          Min: 128, Avg: 1813.2, Max: 2645, Diff: 2517, Sum: 7253, Workers: 4
[31.562s][debug][gc,phases      ] GC(68)   JNI Weak                       Min:  0.0, Avg:  0.0, Max:  0.0, Diff:  0.0, Sum:  0.0, Workers: 4
[31.562s][debug][gc,phases      ] GC(68)     Dead                           Min: 0, Avg:  0.0, Max: 0, Diff: 0, Sum: 0, Workers: 4
[31.562s][debug][gc,phases      ] GC(68)     Total                          Min: 0, Avg:  5.8, Max: 23, Diff: 23, Sum: 23, Workers: 4
[31.562s][debug][gc,phases      ] GC(68)   StringDedup Table Weak         Min:  0.0, Avg:  0.0, Max:  0.0, Diff:  0.0, Sum:  0.0, Workers: 4
[31.562s][debug][gc,phases      ] GC(68)     Dead                           Min: 0, Avg:  0.0, Max: 0, Diff: 0, Sum: 0, Workers: 4
[31.562s][debug][gc,phases      ] GC(68)     Total                          Min: 0, Avg:  0.0, Max: 0, Diff: 0, Sum: 0, Workers: 4
[31.562s][debug][gc,phases      ] GC(68)   StringDedup Requests0 Weak     Min:  0.0, Avg:  0.0, Max:  0.0, Diff:  0.0, Sum:  0.0, Workers: 4
[31.562s][debug][gc,phases      ] GC(68)     Dead                           Min: 0, Avg:  0.0, Max: 0, Diff: 0, Sum: 0, Workers: 4
[31.562s][debug][gc,phases      ] GC(68)     Total                          Min: 0, Avg:  0.0, Max: 0, Diff: 0, Sum: 0, Workers: 4
[31.562s][debug][gc,phases      ] GC(68)   StringDedup Requests1 Weak     Min:  0.0, Avg:  0.0, Max:  0.0, Diff:  0.0, Sum:  0.0, Workers: 4
[31.562s][debug][gc,phases      ] GC(68)     Dead                           Min: 0, Avg:  0.0, Max: 0, Diff: 0, Sum: 0, Workers: 4
[31.562s][debug][gc,phases      ] GC(68)     Total                          Min: 0, Avg:  0.0, Max: 0, Diff: 0, Sum: 0, Workers: 4
[31.562s][debug][gc,phases      ] GC(68)   Weak JFR Old Object Samples    Min:  0.0, Avg:  0.0, Max:  0.0, Diff:  0.0, Sum:  0.0, Workers: 4
[31.562s][debug][gc,phases      ] GC(68)     Dead                           Min: 0, Avg:  0.0, Max: 0, Diff: 0, Sum: 0, Workers: 4
[31.562s][debug][gc,phases      ] GC(68)     Total                          Min: 0, Avg:  0.0, Max: 0, Diff: 0, Sum: 0, Workers: 4
[31.562s][debug][gc,phases      ] GC(68) Weak Processing 0.375ms
[31.562s][debug][gc,age         ] GC(68) Desired survivor size 229113856 bytes, new threshold 15 (max threshold 15)
[31.562s][info ][gc,heap        ] GC(68) PSYoungGen: 1703664K(1864704K)->75744K(1854976K) Eden: 1622528K(1622528K)->0K(1622528K) From: 81136K(242176K)->75744K(232448K)
[31.562s][info ][gc,heap        ] GC(68) ParOldGen: 489403K(552448K)->496043K(552448K)
[31.562s][info ][gc,metaspace   ] GC(68) Metaspace: 70031K(70848K)->70031K(70848K) NonClass: 59903K(60352K)->59903K(60352K) Class: 10128K(10496K)->10128K(10496K)
[31.562s][info ][gc             ] GC(68) Pause Young (Allocation Failure) 2141M->558M(2351M) 29.231ms
[31.562s][info ][gc,cpu         ] GC(68) User=0.11s Sys=0.01s Real=0.02s
[31.562s][info ][safepoint      ] Safepoint "ParallelGCFailedAllocation", Time since last: 30379109 ns, Reaching safepoint: 625313 ns, At safepoint: 29353588 ns, Total: 29978901 ns
[31.925s][info ][gc,start       ] GC(69) Pause Young (Allocation Failure)
[31.964s][debug][gc,phases      ] GC(69) Scavenge 38.994ms
[31.964s][debug][gc,ref         ] GC(69) Skipped phase 1 of Reference Processing: no references
[31.964s][debug][gc,ref         ] GC(69) ReferenceProcessor::execute queues: 1, RefProcThreadModel::Single, marks_oops_alive: false
[31.964s][debug][gc,ref         ] GC(69) Skipped phase 3 of Reference Processing: no references
[31.964s][debug][gc,ref         ] GC(69) ReferenceProcessor::execute queues: 1, RefProcThreadModel::Single, marks_oops_alive: false
[31.964s][debug][gc,phases      ] GC(69) Reference Processing 0.166ms
[31.965s][debug][gc,phases      ] GC(69)   VM Weak                        Min:  0.0, Avg:  0.0, Max:  0.0, Diff:  0.0, Sum:  0.0, Workers: 4
[31.965s][debug][gc,phases      ] GC(69)     Dead                           Min: 0, Avg:  0.0, Max: 0, Diff: 0, Sum: 0, Workers: 4
[31.965s][debug][gc,phases      ] GC(69)     Total                          Min: 0, Avg: 150.8, Max: 384, Diff: 384, Sum: 603, Workers: 4
[31.965s][debug][gc,phases      ] GC(69)   ObjectSynchronizer Weak        Min:  0.0, Avg:  0.0, Max:  0.0, Diff:  0.0, Sum:  0.0, Workers: 4
[31.965s][debug][gc,phases      ] GC(69)     Dead                           Min: 0, Avg:  0.0, Max: 0, Diff: 0, Sum: 0, Workers: 4
[31.965s][debug][gc,phases      ] GC(69)     Total                          Min: 0, Avg: 91.8, Max: 128, Diff: 128, Sum: 367, Workers: 4
[31.965s][debug][gc,phases      ] GC(69)   JVMTI Tag Weak OopStorage      Min:  0.0, Avg:  0.0, Max:  0.0, Diff:  0.0, Sum:  0.0, Workers: 4
[31.965s][debug][gc,phases      ] GC(69)     Dead                           Min: 0, Avg:  0.0, Max: 0, Diff: 0, Sum: 0, Workers: 4
[31.965s][debug][gc,phases      ] GC(69)     Total                          Min: 0, Avg:  0.0, Max: 0, Diff: 0, Sum: 0, Workers: 4
[31.965s][debug][gc,phases      ] GC(69)   StringTable Weak               Min:  0.1, Avg:  0.1, Max:  0.1, Diff:  0.0, Sum:  0.5, Workers: 4
[31.965s][debug][gc,phases      ] GC(69)     Dead                           Min: 0, Avg:  0.0, Max: 0, Diff: 0, Sum: 0, Workers: 4
[31.965s][debug][gc,phases      ] GC(69)     Total                          Min: 10432, Avg: 10865.2, Max: 11712, Diff: 1280, Sum: 43461, Workers: 4
[31.965s][debug][gc,phases      ] GC(69)   ResolvedMethodTable Weak       Min:  0.0, Avg:  0.0, Max:  0.0, Diff:  0.0, Sum:  0.1, Workers: 4
[31.965s][debug][gc,phases      ] GC(69)     Dead                           Min: 0, Avg:  0.0, Max: 0, Diff: 0, Sum: 0, Workers: 4
[31.965s][debug][gc,phases      ] GC(69)     Total                          Min: 1600, Avg: 1815.0, Max: 1984, Diff: 384, Sum: 7260, Workers: 4
[31.965s][debug][gc,phases      ] GC(69)   JNI Weak                       Min:  0.0, Avg:  0.0, Max:  0.0, Diff:  0.0, Sum:  0.0, Workers: 4
[31.965s][debug][gc,phases      ] GC(69)     Dead                           Min: 0, Avg:  0.0, Max: 0, Diff: 0, Sum: 0, Workers: 4
[31.965s][debug][gc,phases      ] GC(69)     Total                          Min: 0, Avg:  3.8, Max: 15, Diff: 15, Sum: 15, Workers: 4
[31.965s][debug][gc,phases      ] GC(69)   StringDedup Table Weak         Min:  0.0, Avg:  0.0, Max:  0.0, Diff:  0.0, Sum:  0.0, Workers: 4
[31.965s][debug][gc,phases      ] GC(69)     Dead                           Min: 0, Avg:  0.0, Max: 0, Diff: 0, Sum: 0, Workers: 4
[31.965s][debug][gc,phases      ] GC(69)     Total                          Min: 0, Avg:  0.0, Max: 0, Diff: 0, Sum: 0, Workers: 4
[31.965s][debug][gc,phases      ] GC(69)   StringDedup Requests0 Weak     Min:  0.0, Avg:  0.0, Max:  0.0, Diff:  0.0, Sum:  0.0, Workers: 4
[31.965s][debug][gc,phases      ] GC(69)     Dead                           Min: 0, Avg:  0.0, Max: 0, Diff: 0, Sum: 0, Workers: 4
[31.965s][debug][gc,phases      ] GC(69)     Total                          Min: 0, Avg:  0.0, Max: 0, Diff: 0, Sum: 0, Workers: 4
[31.965s][debug][gc,phases      ] GC(69)   StringDedup Requests1 Weak     Min:  0.0, Avg:  0.0, Max:  0.0, Diff:  0.0, Sum:  0.0, Workers: 4
[31.965s][debug][gc,phases      ] GC(69)     Dead                           Min: 0, Avg:  0.0, Max: 0, Diff: 0, Sum: 0, Workers: 4
[31.965s][debug][gc,phases      ] GC(69)     Total                          Min: 0, Avg:  0.0, Max: 0, Diff: 0, Sum: 0, Workers: 4
[31.965s][debug][gc,phases      ] GC(69)   Weak JFR Old Object Samples    Min:  0.0, Avg:  0.0, Max:  0.0, Diff:  0.0, Sum:  0.0, Workers: 4
[31.965s][debug][gc,phases      ] GC(69)     Dead                           Min: 0, Avg:  0.0, Max: 0, Diff: 0, Sum: 0, Workers: 4
[31.965s][debug][gc,phases      ] GC(69)     Total                          Min: 0, Avg:  0.0, Max: 0, Diff: 0, Sum: 0, Workers: 4
[31.965s][debug][gc,phases      ] GC(69) Weak Processing 0.336ms
[31.965s][debug][gc,age         ] GC(69) Desired survivor size 219676672 bytes, new threshold 15 (max threshold 15)
[31.965s][info ][gc,heap        ] GC(69) PSYoungGen: 1698272K(1854976K)->77536K(1882624K) Eden: 1622528K(1622528K)->0K(1658880K) From: 75744K(232448K)->77536K(223744K)
[31.965s][info ][gc,heap        ] GC(69) ParOldGen: 496043K(552448K)->502451K(552448K)
[31.965s][info ][gc,metaspace   ] GC(69) Metaspace: 70251K(71040K)->70251K(71040K) NonClass: 60119K(60544K)->60119K(60544K) Class: 10131K(10496K)->10131K(10496K)
[31.965s][info ][gc             ] GC(69) Pause Young (Allocation Failure) 2142M->566M(2378M) 39.656ms
[31.965s][info ][gc,cpu         ] GC(69) User=0.14s Sys=0.01s Real=0.03s
[31.965s][info ][safepoint      ] Safepoint "ParallelGCFailedAllocation", Time since last: 362580570 ns, Reaching safepoint: 210104 ns, At safepoint: 39772797 ns, Total: 39982901 ns
[32.304s][info ][gc,start       ] GC(70) Pause Young (Allocation Failure)
[32.343s][debug][gc,phases      ] GC(70) Scavenge 38.764ms
[32.343s][debug][gc,ref         ] GC(70) Skipped phase 1 of Reference Processing: no references
[32.343s][debug][gc,ref         ] GC(70) ReferenceProcessor::execute queues: 1, RefProcThreadModel::Single, marks_oops_alive: false
[32.343s][debug][gc,ref         ] GC(70) Skipped phase 3 of Reference Processing: no references
[32.343s][debug][gc,ref         ] GC(70) ReferenceProcessor::execute queues: 1, RefProcThreadModel::Single, marks_oops_alive: false
[32.343s][debug][gc,phases      ] GC(70) Reference Processing 0.160ms
[32.343s][debug][gc,phases      ] GC(70)   VM Weak                        Min:  0.0, Avg:  0.0, Max:  0.0, Diff:  0.0, Sum:  0.0, Workers: 4
[32.343s][debug][gc,phases      ] GC(70)     Dead                           Min: 0, Avg:  0.0, Max: 0, Diff: 0, Sum: 0, Workers: 4
[32.343s][debug][gc,phases      ] GC(70)     Total                          Min: 0, Avg: 150.8, Max: 347, Diff: 347, Sum: 603, Workers: 4
[32.344s][debug][gc,phases      ] GC(70)   ObjectSynchronizer Weak        Min:  0.0, Avg:  0.0, Max:  0.0, Diff:  0.0, Sum:  0.0, Workers: 4
[32.344s][debug][gc,phases      ] GC(70)     Dead                           Min: 0, Avg:  0.0, Max: 0, Diff: 0, Sum: 0, Workers: 4
[32.344s][debug][gc,phases      ] GC(70)     Total                          Min: 0, Avg: 91.8, Max: 128, Diff: 128, Sum: 367, Workers: 4
[32.344s][debug][gc,phases      ] GC(70)   JVMTI Tag Weak OopStorage      Min:  0.0, Avg:  0.0, Max:  0.0, Diff:  0.0, Sum:  0.0, Workers: 4
[32.344s][debug][gc,phases      ] GC(70)     Dead                           Min: 0, Avg:  0.0, Max: 0, Diff: 0, Sum: 0, Workers: 4
[32.344s][debug][gc,phases      ] GC(70)     Total                          Min: 0, Avg:  0.0, Max: 0, Diff: 0, Sum: 0, Workers: 4
[32.344s][debug][gc,phases      ] GC(70)   StringTable Weak               Min:  0.1, Avg:  0.1, Max:  0.1, Diff:  0.0, Sum:  0.5, Workers: 4
[32.344s][debug][gc,phases      ] GC(70)     Dead                           Min: 0, Avg:  0.0, Max: 0, Diff: 0, Sum: 0, Workers: 4
[32.344s][debug][gc,phases      ] GC(70)     Total                          Min: 10304, Avg: 10866.2, Max: 11200, Diff: 896, Sum: 43465, Workers: 4
[32.344s][debug][gc,phases      ] GC(70)   ResolvedMethodTable Weak       Min:  0.0, Avg:  0.0, Max:  0.0, Diff:  0.0, Sum:  0.1, Workers: 4
[32.344s][debug][gc,phases      ] GC(70)     Dead                           Min: 0, Avg:  0.0, Max: 0, Diff: 0, Sum: 0, Workers: 4
[32.344s][debug][gc,phases      ] GC(70)     Total                          Min: 1664, Avg: 1815.0, Max: 1984, Diff: 320, Sum: 7260, Workers: 4
[32.344s][debug][gc,phases      ] GC(70)   JNI Weak                       Min:  0.0, Avg:  0.0, Max:  0.0, Diff:  0.0, Sum:  0.0, Workers: 4
[32.344s][debug][gc,phases      ] GC(70)     Dead                           Min: 0, Avg:  0.0, Max: 0, Diff: 0, Sum: 0, Workers: 4
[32.344s][debug][gc,phases      ] GC(70)     Total                          Min: 0, Avg:  3.0, Max: 12, Diff: 12, Sum: 12, Workers: 4
[32.344s][debug][gc,phases      ] GC(70)   StringDedup Table Weak         Min:  0.0, Avg:  0.0, Max:  0.0, Diff:  0.0, Sum:  0.0, Workers: 4
[32.344s][debug][gc,phases      ] GC(70)     Dead                           Min: 0, Avg:  0.0, Max: 0, Diff: 0, Sum: 0, Workers: 4
[32.344s][debug][gc,phases      ] GC(70)     Total                          Min: 0, Avg:  0.0, Max: 0, Diff: 0, Sum: 0, Workers: 4
[32.344s][debug][gc,phases      ] GC(70)   StringDedup Requests0 Weak     Min:  0.0, Avg:  0.0, Max:  0.0, Diff:  0.0, Sum:  0.0, Workers: 4
[32.344s][debug][gc,phases      ] GC(70)     Dead                           Min: 0, Avg:  0.0, Max: 0, Diff: 0, Sum: 0, Workers: 4
[32.344s][debug][gc,phases      ] GC(70)     Total                          Min: 0, Avg:  0.0, Max: 0, Diff: 0, Sum: 0, Workers: 4
[32.344s][debug][gc,phases      ] GC(70)   StringDedup Requests1 Weak     Min:  0.0, Avg:  0.0, Max:  0.0, Diff:  0.0, Sum:  0.0, Workers: 4
[32.344s][debug][gc,phases      ] GC(70)     Dead                           Min: 0, Avg:  0.0, Max: 0, Diff: 0, Sum: 0, Workers: 4
[32.344s][debug][gc,phases      ] GC(70)     Total                          Min: 0, Avg:  0.0, Max: 0, Diff: 0, Sum: 0, Workers: 4
[32.344s][debug][gc,phases      ] GC(70)   Weak JFR Old Object Samples    Min:  0.0, Avg:  0.0, Max:  0.0, Diff:  0.0, Sum:  0.0, Workers: 4
[32.344s][debug][gc,phases      ] GC(70)     Dead                           Min: 0, Avg:  0.0, Max: 0, Diff: 0, Sum: 0, Workers: 4
[32.344s][debug][gc,phases      ] GC(70)     Total                          Min: 0, Avg:  0.0, Max: 0, Diff: 0, Sum: 0, Workers: 4
[32.344s][debug][gc,phases      ] GC(70) Weak Processing 0.333ms
[32.344s][debug][gc,age         ] GC(70) Desired survivor size 210763776 bytes, new threshold 15 (max threshold 15)
[32.344s][info ][gc,heap        ] GC(70) PSYoungGen: 1736416K(1882624K)->78880K(1873408K) Eden: 1658880K(1658880K)->0K(1658880K) From: 77536K(223744K)->78880K(214528K)
[32.344s][info ][gc,heap        ] GC(70) ParOldGen: 502451K(552448K)->510371K(552448K)
[32.344s][info ][gc,metaspace   ] GC(70) Metaspace: 70309K(71104K)->70309K(71104K) NonClass: 60178K(60608K)->60178K(60608K) Class: 10131K(10496K)->10131K(10496K)
[32.344s][info ][gc             ] GC(70) Pause Young (Allocation Failure) 2186M->575M(2369M) 39.399ms
[32.344s][info ][gc,cpu         ] GC(70) User=0.15s Sys=0.00s Real=0.04s
[32.344s][info ][safepoint      ] Safepoint "ParallelGCFailedAllocation", Time since last: 338205181 ns, Reaching safepoint: 1152923 ns, At safepoint: 39520193 ns, Total: 40673116 ns
[32.601s][info ][gc,start       ] GC(71) Pause Young (Allocation Failure)
[32.635s][debug][gc,phases      ] GC(71) Scavenge 33.693ms
[32.635s][debug][gc,ref         ] GC(71) Skipped phase 1 of Reference Processing: no references
[32.635s][debug][gc,ref         ] GC(71) ReferenceProcessor::execute queues: 1, RefProcThreadModel::Single, marks_oops_alive: false
[32.635s][debug][gc,ref         ] GC(71) Skipped phase 3 of Reference Processing: no references
[32.635s][debug][gc,ref         ] GC(71) ReferenceProcessor::execute queues: 1, RefProcThreadModel::Single, marks_oops_alive: false
[32.635s][debug][gc,phases      ] GC(71) Reference Processing 0.209ms
[32.635s][debug][gc,phases      ] GC(71)   VM Weak                        Min:  0.0, Avg:  0.0, Max:  0.0, Diff:  0.0, Sum:  0.0, Workers: 4
[32.635s][debug][gc,phases      ] GC(71)     Dead                           Min: 0, Avg:  0.0, Max: 0, Diff: 0, Sum: 0, Workers: 4
[32.635s][debug][gc,phases      ] GC(71)     Total                          Min: 0, Avg: 150.8, Max: 603, Diff: 603, Sum: 603, Workers: 4
[32.635s][debug][gc,phases      ] GC(71)   ObjectSynchronizer Weak        Min:  0.0, Avg:  0.0, Max:  0.0, Diff:  0.0, Sum:  0.0, Workers: 4
[32.635s][debug][gc,phases      ] GC(71)     Dead                           Min: 0, Avg:  0.0, Max: 0, Diff: 0, Sum: 0, Workers: 4
[32.635s][debug][gc,phases      ] GC(71)     Total                          Min: 0, Avg: 91.8, Max: 192, Diff: 192, Sum: 367, Workers: 4
[32.635s][debug][gc,phases      ] GC(71)   JVMTI Tag Weak OopStorage      Min:  0.0, Avg:  0.0, Max:  0.0, Diff:  0.0, Sum:  0.0, Workers: 4
[32.635s][debug][gc,phases      ] GC(71)     Dead                           Min: 0, Avg:  0.0, Max: 0, Diff: 0, Sum: 0, Workers: 4
[32.635s][debug][gc,phases      ] GC(71)     Total                          Min: 0, Avg:  0.0, Max: 0, Diff: 0, Sum: 0, Workers: 4
[32.635s][debug][gc,phases      ] GC(71)   StringTable Weak               Min:  0.1, Avg:  0.1, Max:  0.1, Diff:  0.0, Sum:  0.5, Workers: 4
[32.635s][debug][gc,phases      ] GC(71)     Dead                           Min: 0, Avg:  0.0, Max: 0, Diff: 0, Sum: 0, Workers: 4
[32.635s][debug][gc,phases      ] GC(71)     Total                          Min: 10368, Avg: 10867.0, Max: 11392, Diff: 1024, Sum: 43468, Workers: 4
[32.635s][debug][gc,phases      ] GC(71)   ResolvedMethodTable Weak       Min:  0.0, Avg:  0.0, Max:  0.0, Diff:  0.0, Sum:  0.1, Workers: 4
[32.635s][debug][gc,phases      ] GC(71)     Dead                           Min: 0, Avg:  0.0, Max: 0, Diff: 0, Sum: 0, Workers: 4
[32.635s][debug][gc,phases      ] GC(71)     Total                          Min: 1728, Avg: 1815.0, Max: 1984, Diff: 256, Sum: 7260, Workers: 4
[32.635s][debug][gc,phases      ] GC(71)   JNI Weak                       Min:  0.0, Avg:  0.0, Max:  0.0, Diff:  0.0, Sum:  0.0, Workers: 4
[32.635s][debug][gc,phases      ] GC(71)     Dead                           Min: 0, Avg:  0.0, Max: 0, Diff: 0, Sum: 0, Workers: 4
[32.635s][debug][gc,phases      ] GC(71)     Total                          Min: 0, Avg:  3.2, Max: 13, Diff: 13, Sum: 13, Workers: 4
[32.635s][debug][gc,phases      ] GC(71)   StringDedup Table Weak         Min:  0.0, Avg:  0.0, Max:  0.0, Diff:  0.0, Sum:  0.0, Workers: 4
[32.635s][debug][gc,phases      ] GC(71)     Dead                           Min: 0, Avg:  0.0, Max: 0, Diff: 0, Sum: 0, Workers: 4
[32.635s][debug][gc,phases      ] GC(71)     Total                          Min: 0, Avg:  0.0, Max: 0, Diff: 0, Sum: 0, Workers: 4
[32.635s][debug][gc,phases      ] GC(71)   StringDedup Requests0 Weak     Min:  0.0, Avg:  0.0, Max:  0.0, Diff:  0.0, Sum:  0.0, Workers: 4
[32.635s][debug][gc,phases      ] GC(71)     Dead                           Min: 0, Avg:  0.0, Max: 0, Diff: 0, Sum: 0, Workers: 4
[32.635s][debug][gc,phases      ] GC(71)     Total                          Min: 0, Avg:  0.0, Max: 0, Diff: 0, Sum: 0, Workers: 4
[32.635s][debug][gc,phases      ] GC(71)   StringDedup Requests1 Weak     Min:  0.0, Avg:  0.0, Max:  0.0, Diff:  0.0, Sum:  0.0, Workers: 4
[32.635s][debug][gc,phases      ] GC(71)     Dead                           Min: 0, Avg:  0.0, Max: 0, Diff: 0, Sum: 0, Workers: 4
[32.635s][debug][gc,phases      ] GC(71)     Total                          Min: 0, Avg:  0.0, Max: 0, Diff: 0, Sum: 0, Workers: 4
[32.635s][debug][gc,phases      ] GC(71)   Weak JFR Old Object Samples    Min:  0.0, Avg:  0.0, Max:  0.0, Diff:  0.0, Sum:  0.0, Workers: 4
[32.635s][debug][gc,phases      ] GC(71)     Dead                           Min: 0, Avg:  0.0, Max: 0, Diff: 0, Sum: 0, Workers: 4
[32.635s][debug][gc,phases      ] GC(71)     Total                          Min: 0, Avg:  0.0, Max: 0, Diff: 0, Sum: 0, Workers: 4
[32.635s][debug][gc,phases      ] GC(71) Weak Processing 0.391ms
[32.635s][debug][gc,age         ] GC(71) Desired survivor size 201850880 bytes, new threshold 15 (max threshold 15)
[32.635s][info ][gc,heap        ] GC(71) PSYoungGen: 1737760K(1873408K)->81088K(1900032K) Eden: 1658880K(1658880K)->0K(1694208K) From: 78880K(214528K)->81088K(205824K)
[32.636s][info ][gc,heap        ] GC(71) ParOldGen: 510371K(552448K)->516843K(552448K)
[32.636s][info ][gc,metaspace   ] GC(71) Metaspace: 70364K(71168K)->70364K(71168K) NonClass: 60232K(60672K)->60232K(60672K) Class: 10132K(10496K)->10132K(10496K)
[32.636s][info ][gc             ] GC(71) Pause Young (Allocation Failure) 2195M->583M(2395M) 34.460ms
[32.636s][info ][gc,cpu         ] GC(71) User=0.14s Sys=0.00s Real=0.04s
[32.636s][info ][safepoint      ] Safepoint "ParallelGCFailedAllocation", Time since last: 257105254 ns, Reaching safepoint: 161203 ns, At safepoint: 34602194 ns, Total: 34763397 ns
[32.963s][info ][gc,start       ] GC(72) Pause Young (Allocation Failure)
[32.999s][debug][gc,phases      ] GC(72) Scavenge 35.607ms
[32.999s][debug][gc,ref         ] GC(72) Skipped phase 1 of Reference Processing: no references
[32.999s][debug][gc,ref         ] GC(72) ReferenceProcessor::execute queues: 1, RefProcThreadModel::Single, marks_oops_alive: false
[32.999s][debug][gc,ref         ] GC(72) Skipped phase 3 of Reference Processing: no references
[32.999s][debug][gc,ref         ] GC(72) ReferenceProcessor::execute queues: 1, RefProcThreadModel::Single, marks_oops_alive: false
[32.999s][debug][gc,phases      ] GC(72) Reference Processing 0.172ms
[32.999s][debug][gc,phases      ] GC(72)   VM Weak                        Min:  0.0, Avg:  0.0, Max:  0.0, Diff:  0.0, Sum:  0.0, Workers: 4
[32.999s][debug][gc,phases      ] GC(72)     Dead                           Min: 0, Avg:  0.0, Max: 0, Diff: 0, Sum: 0, Workers: 4
[32.999s][debug][gc,phases      ] GC(72)     Total                          Min: 0, Avg: 150.8, Max: 475, Diff: 475, Sum: 603, Workers: 4
[32.999s][debug][gc,phases      ] GC(72)   ObjectSynchronizer Weak        Min:  0.0, Avg:  0.0, Max:  0.0, Diff:  0.0, Sum:  0.0, Workers: 4
[32.999s][debug][gc,phases      ] GC(72)     Dead                           Min: 0, Avg:  0.0, Max: 0, Diff: 0, Sum: 0, Workers: 4
[32.999s][debug][gc,phases      ] GC(72)     Total                          Min: 47, Avg: 91.8, Max: 128, Diff: 81, Sum: 367, Workers: 4
[32.999s][debug][gc,phases      ] GC(72)   JVMTI Tag Weak OopStorage      Min:  0.0, Avg:  0.0, Max:  0.0, Diff:  0.0, Sum:  0.0, Workers: 4
[32.999s][debug][gc,phases      ] GC(72)     Dead                           Min: 0, Avg:  0.0, Max: 0, Diff: 0, Sum: 0, Workers: 4
[32.999s][debug][gc,phases      ] GC(72)     Total                          Min: 0, Avg:  0.0, Max: 0, Diff: 0, Sum: 0, Workers: 4
[32.999s][debug][gc,phases      ] GC(72)   StringTable Weak               Min:  0.1, Avg:  0.1, Max:  0.1, Diff:  0.0, Sum:  0.5, Workers: 4
[32.999s][debug][gc,phases      ] GC(72)     Dead                           Min: 0, Avg:  0.0, Max: 0, Diff: 0, Sum: 0, Workers: 4
[32.999s][debug][gc,phases      ] GC(72)     Total                          Min: 10432, Avg: 10873.0, Max: 11648, Diff: 1216, Sum: 43492, Workers: 4
[32.999s][debug][gc,phases      ] GC(72)   ResolvedMethodTable Weak       Min:  0.0, Avg:  0.0, Max:  0.0, Diff:  0.0, Sum:  0.1, Workers: 4
[32.999s][debug][gc,phases      ] GC(72)     Dead                           Min: 0, Avg:  0.0, Max: 0, Diff: 0, Sum: 0, Workers: 4
[32.999s][debug][gc,phases      ] GC(72)     Total                          Min: 1664, Avg: 1816.8, Max: 1955, Diff: 291, Sum: 7267, Workers: 4
[32.999s][debug][gc,phases      ] GC(72)   JNI Weak                       Min:  0.0, Avg:  0.0, Max:  0.0, Diff:  0.0, Sum:  0.0, Workers: 4
[32.999s][debug][gc,phases      ] GC(72)     Dead                           Min: 0, Avg:  0.0, Max: 0, Diff: 0, Sum: 0, Workers: 4
[32.999s][debug][gc,phases      ] GC(72)     Total                          Min: 0, Avg:  1.2, Max: 5, Diff: 5, Sum: 5, Workers: 4
[32.999s][debug][gc,phases      ] GC(72)   StringDedup Table Weak         Min:  0.0, Avg:  0.0, Max:  0.0, Diff:  0.0, Sum:  0.0, Workers: 4
[32.999s][debug][gc,phases      ] GC(72)     Dead                           Min: 0, Avg:  0.0, Max: 0, Diff: 0, Sum: 0, Workers: 4
[32.999s][debug][gc,phases      ] GC(72)     Total                          Min: 0, Avg:  0.0, Max: 0, Diff: 0, Sum: 0, Workers: 4
[32.999s][debug][gc,phases      ] GC(72)   StringDedup Requests0 Weak     Min:  0.0, Avg:  0.0, Max:  0.0, Diff:  0.0, Sum:  0.0, Workers: 4
[32.999s][debug][gc,phases      ] GC(72)     Dead                           Min: 0, Avg:  0.0, Max: 0, Diff: 0, Sum: 0, Workers: 4
[32.999s][debug][gc,phases      ] GC(72)     Total                          Min: 0, Avg:  0.0, Max: 0, Diff: 0, Sum: 0, Workers: 4
[32.999s][debug][gc,phases      ] GC(72)   StringDedup Requests1 Weak     Min:  0.0, Avg:  0.0, Max:  0.0, Diff:  0.0, Sum:  0.0, Workers: 4
[32.999s][debug][gc,phases      ] GC(72)     Dead                           Min: 0, Avg:  0.0, Max: 0, Diff: 0, Sum: 0, Workers: 4
[32.999s][debug][gc,phases      ] GC(72)     Total                          Min: 0, Avg:  0.0, Max: 0, Diff: 0, Sum: 0, Workers: 4
[32.999s][debug][gc,phases      ] GC(72)   Weak JFR Old Object Samples    Min:  0.0, Avg:  0.0, Max:  0.0, Diff:  0.0, Sum:  0.0, Workers: 4
[32.999s][debug][gc,phases      ] GC(72)     Dead                           Min: 0, Avg:  0.0, Max: 0, Diff: 0, Sum: 0, Workers: 4
[32.999s][debug][gc,phases      ] GC(72)     Total                          Min: 0, Avg:  0.0, Max: 0, Diff: 0, Sum: 0, Workers: 4
[32.999s][debug][gc,phases      ] GC(72) Weak Processing 0.350ms
[32.999s][debug][gc,age         ] GC(72) Desired survivor size 192413696 bytes, new threshold 15 (max threshold 15)
[32.999s][info ][gc,heap        ] GC(72) PSYoungGen: 1775296K(1900032K)->86880K(1891328K) Eden: 1694208K(1694208K)->0K(1694208K) From: 81088K(205824K)->86880K(197120K)
[32.999s][info ][gc,heap        ] GC(72) ParOldGen: 516843K(552448K)->522860K(552448K)
[32.999s][info ][gc,metaspace   ] GC(72) Metaspace: 70423K(71168K)->70423K(71168K) NonClass: 60286K(60672K)->60286K(60672K) Class: 10136K(10496K)->10136K(10496K)
[32.999s][info ][gc             ] GC(72) Pause Young (Allocation Failure) 2238M->595M(2386M) 36.285ms
[32.999s][info ][gc,cpu         ] GC(72) User=0.15s Sys=0.00s Real=0.04s
[33.000s][info ][safepoint      ] Safepoint "ParallelGCFailedAllocation", Time since last: 327300662 ns, Reaching safepoint: 186204 ns, At safepoint: 36408330 ns, Total: 36594534 ns
[33.339s][info ][gc,start       ] GC(73) Pause Young (Allocation Failure)
[33.373s][debug][gc,phases      ] GC(73) Scavenge 34.204ms
[33.373s][debug][gc,ref         ] GC(73) Skipped phase 1 of Reference Processing: no references
[33.373s][debug][gc,ref         ] GC(73) ReferenceProcessor::execute queues: 1, RefProcThreadModel::Single, marks_oops_alive: false
[33.373s][debug][gc,ref         ] GC(73) Skipped phase 3 of Reference Processing: no references
[33.373s][debug][gc,ref         ] GC(73) ReferenceProcessor::execute queues: 1, RefProcThreadModel::Single, marks_oops_alive: false
[33.373s][debug][gc,phases      ] GC(73) Reference Processing 0.172ms
[33.373s][debug][gc,phases      ] GC(73)   VM Weak                        Min:  0.0, Avg:  0.0, Max:  0.0, Diff:  0.0, Sum:  0.0, Workers: 4
[33.373s][debug][gc,phases      ] GC(73)     Dead                           Min: 0, Avg:  0.0, Max: 0, Diff: 0, Sum: 0, Workers: 4
[33.373s][debug][gc,phases      ] GC(73)     Total                          Min: 0, Avg: 151.0, Max: 384, Diff: 384, Sum: 604, Workers: 4
[33.373s][debug][gc,phases      ] GC(73)   ObjectSynchronizer Weak        Min:  0.0, Avg:  0.0, Max:  0.0, Diff:  0.0, Sum:  0.0, Workers: 4
[33.373s][debug][gc,phases      ] GC(73)     Dead                           Min: 0, Avg:  0.0, Max: 0, Diff: 0, Sum: 0, Workers: 4
[33.373s][debug][gc,phases      ] GC(73)     Total                          Min: 0, Avg: 91.8, Max: 128, Diff: 128, Sum: 367, Workers: 4
[33.373s][debug][gc,phases      ] GC(73)   JVMTI Tag Weak OopStorage      Min:  0.0, Avg:  0.0, Max:  0.0, Diff:  0.0, Sum:  0.0, Workers: 4
[33.373s][debug][gc,phases      ] GC(73)     Dead                           Min: 0, Avg:  0.0, Max: 0, Diff: 0, Sum: 0, Workers: 4
[33.373s][debug][gc,phases      ] GC(73)     Total                          Min: 0, Avg:  0.0, Max: 0, Diff: 0, Sum: 0, Workers: 4
[33.373s][debug][gc,phases      ] GC(73)   StringTable Weak               Min:  0.1, Avg:  0.1, Max:  0.1, Diff:  0.0, Sum:  0.5, Workers: 4
[33.373s][debug][gc,phases      ] GC(73)     Dead                           Min: 0, Avg:  0.0, Max: 0, Diff: 0, Sum: 0, Workers: 4
[33.373s][debug][gc,phases      ] GC(73)     Total                          Min: 9216, Avg: 10958.0, Max: 12472, Diff: 3256, Sum: 43832, Workers: 4
[33.373s][debug][gc,phases      ] GC(73)   ResolvedMethodTable Weak       Min:  0.0, Avg:  0.0, Max:  0.0, Diff:  0.0, Sum:  0.1, Workers: 4
[33.373s][debug][gc,phases      ] GC(73)     Dead                           Min: 2, Avg: 18.2, Max: 34, Diff: 32, Sum: 73, Workers: 4
[33.373s][debug][gc,phases      ] GC(73)     Total                          Min: 1728, Avg: 1872.0, Max: 2112, Diff: 384, Sum: 7488, Workers: 4
[33.373s][debug][gc,phases      ] GC(73)   JNI Weak                       Min:  0.0, Avg:  0.0, Max:  0.0, Diff:  0.0, Sum:  0.0, Workers: 4
[33.373s][debug][gc,phases      ] GC(73)     Dead                           Min: 0, Avg:  0.0, Max: 0, Diff: 0, Sum: 0, Workers: 4
[33.373s][debug][gc,phases      ] GC(73)     Total                          Min: 0, Avg:  1.8, Max: 7, Diff: 7, Sum: 7, Workers: 4
[33.373s][debug][gc,phases      ] GC(73)   StringDedup Table Weak         Min:  0.0, Avg:  0.0, Max:  0.0, Diff:  0.0, Sum:  0.0, Workers: 4
[33.373s][debug][gc,phases      ] GC(73)     Dead                           Min: 0, Avg:  0.0, Max: 0, Diff: 0, Sum: 0, Workers: 4
[33.373s][debug][gc,phases      ] GC(73)     Total                          Min: 0, Avg:  0.0, Max: 0, Diff: 0, Sum: 0, Workers: 4
[33.373s][debug][gc,phases      ] GC(73)   StringDedup Requests0 Weak     Min:  0.0, Avg:  0.0, Max:  0.0, Diff:  0.0, Sum:  0.0, Workers: 4
[33.373s][debug][gc,phases      ] GC(73)     Dead                           Min: 0, Avg:  0.0, Max: 0, Diff: 0, Sum: 0, Workers: 4
[33.373s][debug][gc,phases      ] GC(73)     Total                          Min: 0, Avg:  0.0, Max: 0, Diff: 0, Sum: 0, Workers: 4
[33.373s][debug][gc,phases      ] GC(73)   StringDedup Requests1 Weak     Min:  0.0, Avg:  0.0, Max:  0.0, Diff:  0.0, Sum:  0.0, Workers: 4
[33.373s][debug][gc,phases      ] GC(73)     Dead                           Min: 0, Avg:  0.0, Max: 0, Diff: 0, Sum: 0, Workers: 4
[33.373s][debug][gc,phases      ] GC(73)     Total                          Min: 0, Avg:  0.0, Max: 0, Diff: 0, Sum: 0, Workers: 4
[33.373s][debug][gc,phases      ] GC(73)   Weak JFR Old Object Samples    Min:  0.0, Avg:  0.0, Max:  0.0, Diff:  0.0, Sum:  0.0, Workers: 4
[33.373s][debug][gc,phases      ] GC(73)     Dead                           Min: 0, Avg:  0.0, Max: 0, Diff: 0, Sum: 0, Workers: 4
[33.373s][debug][gc,phases      ] GC(73)     Total                          Min: 0, Avg:  0.0, Max: 0, Diff: 0, Sum: 0, Workers: 4
[33.373s][debug][gc,phases      ] GC(73) Weak Processing 0.352ms
[33.373s][debug][gc,age         ] GC(73) Desired survivor size 183500800 bytes, new threshold 15 (max threshold 15)
[33.373s][info ][gc,heap        ] GC(73) PSYoungGen: 1781088K(1891328K)->87168K(1917952K) Eden: 1694208K(1694208K)->0K(1730048K) From: 86880K(197120K)->87168K(187904K)
[33.373s][info ][gc,heap        ] GC(73) ParOldGen: 522860K(552448K)->531632K(552448K)
[33.373s][info ][gc,metaspace   ] GC(73) Metaspace: 72331K(73088K)->72331K(73088K) NonClass: 61855K(62272K)->61855K(62272K) Class: 10476K(10816K)->10476K(10816K)
[33.373s][info ][gc             ] GC(73) Pause Young (Allocation Failure) 2249M->604M(2412M) 34.908ms
[33.373s][info ][gc,cpu         ] GC(73) User=0.17s Sys=0.01s Real=0.04s
[33.374s][info ][safepoint      ] Safepoint "ParallelGCFailedAllocation", Time since last: 338794592 ns, Reaching safepoint: 198504 ns, At safepoint: 35031902 ns, Total: 35230406 ns
[33.803s][info ][gc,start       ] GC(74) Pause Young (Allocation Failure)
[33.828s][debug][gc,phases      ] GC(74) Scavenge 25.492ms
[33.828s][debug][gc,ref         ] GC(74) Skipped phase 1 of Reference Processing: no references
[33.828s][debug][gc,ref         ] GC(74) ReferenceProcessor::execute queues: 1, RefProcThreadModel::Single, marks_oops_alive: false
[33.828s][debug][gc,ref         ] GC(74) Skipped phase 3 of Reference Processing: no references
[33.828s][debug][gc,ref         ] GC(74) ReferenceProcessor::execute queues: 1, RefProcThreadModel::Single, marks_oops_alive: false
[33.828s][debug][gc,phases      ] GC(74) Reference Processing 0.190ms
[33.829s][debug][gc,phases      ] GC(74)   VM Weak                        Min:  0.0, Avg:  0.0, Max:  0.0, Diff:  0.0, Sum:  0.0, Workers: 4
[33.829s][debug][gc,phases      ] GC(74)     Dead                           Min: 0, Avg:  0.0, Max: 0, Diff: 0, Sum: 0, Workers: 4
[33.829s][debug][gc,phases      ] GC(74)     Total                          Min: 0, Avg: 153.8, Max: 256, Diff: 256, Sum: 615, Workers: 4
[33.829s][debug][gc,phases      ] GC(74)   ObjectSynchronizer Weak        Min:  0.0, Avg:  0.0, Max:  0.0, Diff:  0.0, Sum:  0.0, Workers: 4
[33.829s][debug][gc,phases      ] GC(74)     Dead                           Min: 0, Avg:  0.0, Max: 0, Diff: 0, Sum: 0, Workers: 4
[33.829s][debug][gc,phases      ] GC(74)     Total                          Min: 0, Avg: 91.8, Max: 175, Diff: 175, Sum: 367, Workers: 4
[33.829s][debug][gc,phases      ] GC(74)   JVMTI Tag Weak OopStorage      Min:  0.0, Avg:  0.0, Max:  0.0, Diff:  0.0, Sum:  0.0, Workers: 4
[33.829s][debug][gc,phases      ] GC(74)     Dead                           Min: 0, Avg:  0.0, Max: 0, Diff: 0, Sum: 0, Workers: 4
[33.829s][debug][gc,phases      ] GC(74)     Total                          Min: 0, Avg:  0.0, Max: 0, Diff: 0, Sum: 0, Workers: 4
[33.829s][debug][gc,phases      ] GC(74)   StringTable Weak               Min:  0.1, Avg:  0.1, Max:  0.1, Diff:  0.0, Sum:  0.5, Workers: 4
[33.829s][debug][gc,phases      ] GC(74)     Dead                           Min: 0, Avg:  0.2, Max: 1, Diff: 1, Sum: 1, Workers: 4
[33.829s][debug][gc,phases      ] GC(74)     Total                          Min: 10708, Avg: 11397.0, Max: 13120, Diff: 2412, Sum: 45588, Workers: 4
[33.829s][debug][gc,phases      ] GC(74)   ResolvedMethodTable Weak       Min:  0.0, Avg:  0.0, Max:  0.0, Diff:  0.0, Sum:  0.1, Workers: 4
[33.829s][debug][gc,phases      ] GC(74)     Dead                           Min: 0, Avg:  0.2, Max: 1, Diff: 1, Sum: 1, Workers: 4
[33.829s][debug][gc,phases      ] GC(74)     Total                          Min: 1627, Avg: 1878.2, Max: 2174, Diff: 547, Sum: 7513, Workers: 4
[33.829s][debug][gc,phases      ] GC(74)   JNI Weak                       Min:  0.0, Avg:  0.0, Max:  0.0, Diff:  0.0, Sum:  0.0, Workers: 4
[33.829s][debug][gc,phases      ] GC(74)     Dead                           Min: 0, Avg:  0.0, Max: 0, Diff: 0, Sum: 0, Workers: 4
[33.829s][debug][gc,phases      ] GC(74)     Total                          Min: 0, Avg:  0.2, Max: 1, Diff: 1, Sum: 1, Workers: 4
[33.829s][debug][gc,phases      ] GC(74)   StringDedup Table Weak         Min:  0.0, Avg:  0.0, Max:  0.0, Diff:  0.0, Sum:  0.0, Workers: 4
[33.829s][debug][gc,phases      ] GC(74)     Dead                           Min: 0, Avg:  0.0, Max: 0, Diff: 0, Sum: 0, Workers: 4
[33.829s][debug][gc,phases      ] GC(74)     Total                          Min: 0, Avg:  0.0, Max: 0, Diff: 0, Sum: 0, Workers: 4
[33.829s][debug][gc,phases      ] GC(74)   StringDedup Requests0 Weak     Min:  0.0, Avg:  0.0, Max:  0.0, Diff:  0.0, Sum:  0.0, Workers: 4
[33.829s][debug][gc,phases      ] GC(74)     Dead                           Min: 0, Avg:  0.0, Max: 0, Diff: 0, Sum: 0, Workers: 4
[33.829s][debug][gc,phases      ] GC(74)     Total                          Min: 0, Avg:  0.0, Max: 0, Diff: 0, Sum: 0, Workers: 4
[33.829s][debug][gc,phases      ] GC(74)   StringDedup Requests1 Weak     Min:  0.0, Avg:  0.0, Max:  0.0, Diff:  0.0, Sum:  0.0, Workers: 4
[33.829s][debug][gc,phases      ] GC(74)     Dead                           Min: 0, Avg:  0.0, Max: 0, Diff: 0, Sum: 0, Workers: 4
[33.829s][debug][gc,phases      ] GC(74)     Total                          Min: 0, Avg:  0.0, Max: 0, Diff: 0, Sum: 0, Workers: 4
[33.829s][debug][gc,phases      ] GC(74)   Weak JFR Old Object Samples    Min:  0.0, Avg:  0.0, Max:  0.0, Diff:  0.0, Sum:  0.0, Workers: 4
[33.829s][debug][gc,phases      ] GC(74)     Dead                           Min: 0, Avg:  0.0, Max: 0, Diff: 0, Sum: 0, Workers: 4
[33.829s][debug][gc,phases      ] GC(74)     Total                          Min: 0, Avg:  0.0, Max: 0, Diff: 0, Sum: 0, Workers: 4
[33.829s][debug][gc,phases      ] GC(74) Weak Processing 0.383ms
[33.829s][debug][gc,age         ] GC(74) Desired survivor size 178257920 bytes, new threshold 15 (max threshold 15)
[33.829s][info ][gc,heap        ] GC(74) PSYoungGen: 1817216K(1917952K)->71989K(1909248K) Eden: 1730048K(1730048K)->0K(1730048K) From: 87168K(187904K)->71989K(179200K)
[33.829s][info ][gc,heap        ] GC(74) ParOldGen: 531632K(552448K)->538824K(552448K)
[33.829s][info ][gc,metaspace   ] GC(74) Metaspace: 74765K(75520K)->74765K(75520K) NonClass: 63993K(64384K)->63993K(64384K) Class: 10771K(11136K)->10771K(11136K)
[33.829s][info ][gc             ] GC(74) Pause Young (Allocation Failure) 2293M->596M(2404M) 26.214ms
[33.829s][info ][gc,cpu         ] GC(74) User=0.10s Sys=0.00s Real=0.03s
[33.829s][debug][gc,phases      ] GC(75) Pre Compact 0.011ms
[33.829s][info ][gc,start       ] GC(75) Pause Full (Ergonomics)
[33.829s][info ][gc,phases,start] GC(75) Marking Phase
[33.944s][debug][gc,phases      ] GC(75) Par Mark 114.903ms
[33.944s][debug][gc,ref         ] GC(75) Skipped phase 1 of Reference Processing: no references
[33.945s][debug][gc,ref         ] GC(75) ReferenceProcessor::execute queues: 4, RefProcThreadModel::Multi, marks_oops_alive: false
[33.945s][debug][gc,ref         ] GC(75) Skipped phase 3 of Reference Processing: no references
[33.945s][debug][gc,ref         ] GC(75) ReferenceProcessor::execute queues: 1, RefProcThreadModel::Single, marks_oops_alive: false
[33.945s][debug][gc,phases      ] GC(75) Reference Processing 1.147ms
[33.945s][debug][gc,phases      ] GC(75)   VM Weak                        Min:  0.0, Avg:  0.0, Max:  0.0, Diff:  0.0, Sum:  0.0, Workers: 4
[33.945s][debug][gc,phases      ] GC(75)     Dead                           Min: 0, Avg:  0.0, Max: 0, Diff: 0, Sum: 0, Workers: 4
[33.945s][debug][gc,phases      ] GC(75)     Total                          Min: 0, Avg: 153.8, Max: 423, Diff: 423, Sum: 615, Workers: 4
[33.945s][debug][gc,phases      ] GC(75)   ObjectSynchronizer Weak        Min:  0.0, Avg:  0.0, Max:  0.0, Diff:  0.0, Sum:  0.0, Workers: 4
[33.945s][debug][gc,phases      ] GC(75)     Dead                           Min: 0, Avg:  0.0, Max: 0, Diff: 0, Sum: 0, Workers: 4
[33.945s][debug][gc,phases      ] GC(75)     Total                          Min: 0, Avg: 91.8, Max: 239, Diff: 239, Sum: 367, Workers: 4
[33.945s][debug][gc,phases      ] GC(75)   JVMTI Tag Weak OopStorage      Min:  0.0, Avg:  0.0, Max:  0.0, Diff:  0.0, Sum:  0.0, Workers: 4
[33.945s][debug][gc,phases      ] GC(75)     Dead                           Min: 0, Avg:  0.0, Max: 0, Diff: 0, Sum: 0, Workers: 4
[33.945s][debug][gc,phases      ] GC(75)     Total                          Min: 0, Avg:  0.0, Max: 0, Diff: 0, Sum: 0, Workers: 4
[33.946s][debug][gc,phases      ] GC(75)   StringTable Weak               Min:  0.2, Avg:  0.2, Max:  0.2, Diff:  0.0, Sum:  0.7, Workers: 4
[33.946s][debug][gc,phases      ] GC(75)     Dead                           Min: 0, Avg:  0.0, Max: 0, Diff: 0, Sum: 0, Workers: 4
[33.946s][debug][gc,phases      ] GC(75)     Total                          Min: 8960, Avg: 11397.0, Max: 14420, Diff: 5460, Sum: 45588, Workers: 4
[33.946s][debug][gc,phases      ] GC(75)   ResolvedMethodTable Weak       Min:  0.0, Avg:  0.0, Max:  0.0, Diff:  0.0, Sum:  0.1, Workers: 4
[33.946s][debug][gc,phases      ] GC(75)     Dead                           Min: 0, Avg:  0.0, Max: 0, Diff: 0, Sum: 0, Workers: 4
[33.946s][debug][gc,phases      ] GC(75)     Total                          Min: 1280, Avg: 1878.2, Max: 2368, Diff: 1088, Sum: 7513, Workers: 4
[33.946s][debug][gc,phases      ] GC(75)   JNI Weak                       Min:  0.0, Avg:  0.0, Max:  0.0, Diff:  0.0, Sum:  0.0, Workers: 4
[33.946s][debug][gc,phases      ] GC(75)     Dead                           Min: 0, Avg:  0.0, Max: 0, Diff: 0, Sum: 0, Workers: 4
[33.946s][debug][gc,phases      ] GC(75)     Total                          Min: 0, Avg:  0.2, Max: 1, Diff: 1, Sum: 1, Workers: 4
[33.946s][debug][gc,phases      ] GC(75)   StringDedup Table Weak         Min:  0.0, Avg:  0.0, Max:  0.0, Diff:  0.0, Sum:  0.0, Workers: 4
[33.946s][debug][gc,phases      ] GC(75)     Dead                           Min: 0, Avg:  0.0, Max: 0, Diff: 0, Sum: 0, Workers: 4
[33.946s][debug][gc,phases      ] GC(75)     Total                          Min: 0, Avg:  0.0, Max: 0, Diff: 0, Sum: 0, Workers: 4
[33.946s][debug][gc,phases      ] GC(75)   StringDedup Requests0 Weak     Min:  0.0, Avg:  0.0, Max:  0.0, Diff:  0.0, Sum:  0.0, Workers: 4
[33.946s][debug][gc,phases      ] GC(75)     Dead                           Min: 0, Avg:  0.0, Max: 0, Diff: 0, Sum: 0, Workers: 4
[33.946s][debug][gc,phases      ] GC(75)     Total                          Min: 0, Avg:  0.0, Max: 0, Diff: 0, Sum: 0, Workers: 4
[33.946s][debug][gc,phases      ] GC(75)   StringDedup Requests1 Weak     Min:  0.0, Avg:  0.0, Max:  0.0, Diff:  0.0, Sum:  0.0, Workers: 4
[33.946s][debug][gc,phases      ] GC(75)     Dead                           Min: 0, Avg:  0.0, Max: 0, Diff: 0, Sum: 0, Workers: 4
[33.946s][debug][gc,phases      ] GC(75)     Total                          Min: 0, Avg:  0.0, Max: 0, Diff: 0, Sum: 0, Workers: 4
[33.946s][debug][gc,phases      ] GC(75)   Weak JFR Old Object Samples    Min:  0.0, Avg:  0.0, Max:  0.0, Diff:  0.0, Sum:  0.0, Workers: 4
[33.946s][debug][gc,phases      ] GC(75)     Dead                           Min: 0, Avg:  0.0, Max: 0, Diff: 0, Sum: 0, Workers: 4
[33.946s][debug][gc,phases      ] GC(75)     Total                          Min: 0, Avg:  0.0, Max: 0, Diff: 0, Sum: 0, Workers: 4
[33.946s][debug][gc,phases      ] GC(75) Weak Processing 0.442ms
[33.946s][debug][gc,phases      ] GC(75) ClassLoaderData 0.084ms
[33.946s][debug][gc,phases      ] GC(75) Trigger cleanups 0.001ms
[33.957s][debug][gc,phases      ] GC(75) Class Unloading 10.874ms
[33.957s][info ][gc,phases      ] GC(75) Marking Phase 127.550ms
[33.957s][info ][gc,phases,start] GC(75) Summary Phase
[33.957s][info ][gc,phases      ] GC(75) Summary Phase 0.020ms
[33.957s][info ][gc,phases,start] GC(75) Adjust Roots
[33.965s][info ][gc,phases      ] GC(75) Adjust Roots 8.032ms
[33.965s][info ][gc,phases,start] GC(75) Compaction Phase
[34.130s][info ][gc,phases      ] GC(75) Compaction Phase 165.663ms
[34.130s][info ][gc,phases,start] GC(75) Post Compact
[34.132s][info ][gc,phases      ] GC(75) Post Compact 2.043ms
[34.133s][info ][gc,heap        ] GC(75) PSYoungGen: 71989K(1909248K)->0K(1923072K) Eden: 0K(1730048K)->0K(1748992K) From: 71989K(179200K)->0K(174080K)
[34.133s][info ][gc,heap        ] GC(75) ParOldGen: 538824K(552448K)->392286K(485888K)
[34.133s][info ][gc,metaspace   ] GC(75) Metaspace: 74765K(75520K)->74765K(75520K) NonClass: 63993K(64384K)->63993K(64384K) Class: 10771K(11136K)->10771K(11136K)
[34.133s][info ][gc             ] GC(75) Pause Full (Ergonomics) 596M->383M(2352M) 303.701ms
[34.133s][info ][gc,cpu         ] GC(75) User=1.15s Sys=0.00s Real=0.30s
[34.142s][info ][safepoint      ] Safepoint "ParallelGCFailedAllocation", Time since last: 428616494 ns, Reaching safepoint: 500910 ns, At safepoint: 339180400 ns, Total: 339681310 ns
[34.573s][info ][gc,start       ] GC(76) Pause Young (Allocation Failure)
[34.582s][debug][gc,phases      ] GC(76) Scavenge 8.909ms
[34.582s][debug][gc,ref         ] GC(76) Skipped phase 1 of Reference Processing: no references
[34.582s][debug][gc,ref         ] GC(76) ReferenceProcessor::execute queues: 1, RefProcThreadModel::Single, marks_oops_alive: false
[34.582s][debug][gc,ref         ] GC(76) Skipped phase 3 of Reference Processing: no references
[34.582s][debug][gc,ref         ] GC(76) ReferenceProcessor::execute queues: 1, RefProcThreadModel::Single, marks_oops_alive: false
[34.582s][debug][gc,phases      ] GC(76) Reference Processing 0.140ms
[34.583s][debug][gc,phases      ] GC(76)   VM Weak                        Min:  0.0, Avg:  0.0, Max:  0.0, Diff:  0.0, Sum:  0.0, Workers: 4
[34.583s][debug][gc,phases      ] GC(76)     Dead                           Min: 0, Avg:  0.0, Max: 0, Diff: 0, Sum: 0, Workers: 4
[34.583s][debug][gc,phases      ] GC(76)     Total                          Min: 0, Avg: 154.8, Max: 619, Diff: 619, Sum: 619, Workers: 4
[34.583s][debug][gc,phases      ] GC(76)   ObjectSynchronizer Weak        Min:  0.0, Avg:  0.0, Max:  0.0, Diff:  0.0, Sum:  0.0, Workers: 4
[34.583s][debug][gc,phases      ] GC(76)     Dead                           Min: 0, Avg:  0.0, Max: 0, Diff: 0, Sum: 0, Workers: 4
[34.583s][debug][gc,phases      ] GC(76)     Total                          Min: 0, Avg: 91.8, Max: 367, Diff: 367, Sum: 367, Workers: 4
[34.583s][debug][gc,phases      ] GC(76)   JVMTI Tag Weak OopStorage      Min:  0.0, Avg:  0.0, Max:  0.0, Diff:  0.0, Sum:  0.0, Workers: 4
[34.583s][debug][gc,phases      ] GC(76)     Dead                           Min: 0, Avg:  0.0, Max: 0, Diff: 0, Sum: 0, Workers: 4
[34.583s][debug][gc,phases      ] GC(76)     Total                          Min: 0, Avg:  0.0, Max: 0, Diff: 0, Sum: 0, Workers: 4
[34.583s][debug][gc,phases      ] GC(76)   StringTable Weak               Min:  0.0, Avg:  0.1, Max:  0.3, Diff:  0.3, Sum:  0.5, Workers: 4
[34.583s][debug][gc,phases      ] GC(76)     Dead                           Min: 0, Avg:  0.0, Max: 0, Diff: 0, Sum: 0, Workers: 4
[34.583s][debug][gc,phases      ] GC(76)     Total                          Min: 0, Avg: 11478.8, Max: 27904, Diff: 27904, Sum: 45915, Workers: 4
[34.583s][debug][gc,phases      ] GC(76)   ResolvedMethodTable Weak       Min:  0.0, Avg:  0.0, Max:  0.0, Diff:  0.0, Sum:  0.1, Workers: 4
[34.583s][debug][gc,phases      ] GC(76)     Dead                           Min: 0, Avg:  0.8, Max: 3, Diff: 3, Sum: 3, Workers: 4
[34.583s][debug][gc,phases      ] GC(76)     Total                          Min: 0, Avg: 1880.5, Max: 3812, Diff: 3812, Sum: 7522, Workers: 4
[34.583s][debug][gc,phases      ] GC(76)   JNI Weak                       Min:  0.0, Avg:  0.0, Max:  0.0, Diff:  0.0, Sum:  0.0, Workers: 4
[34.583s][debug][gc,phases      ] GC(76)     Dead                           Min: 0, Avg:  0.0, Max: 0, Diff: 0, Sum: 0, Workers: 4
[34.583s][debug][gc,phases      ] GC(76)     Total                          Min: 0, Avg:  1.5, Max: 6, Diff: 6, Sum: 6, Workers: 4
[34.583s][debug][gc,phases      ] GC(76)   StringDedup Table Weak         Min:  0.0, Avg:  0.0, Max:  0.0, Diff:  0.0, Sum:  0.0, Workers: 4
[34.583s][debug][gc,phases      ] GC(76)     Dead                           Min: 0, Avg:  0.0, Max: 0, Diff: 0, Sum: 0, Workers: 4
[34.583s][debug][gc,phases      ] GC(76)     Total                          Min: 0, Avg:  0.0, Max: 0, Diff: 0, Sum: 0, Workers: 4
[34.583s][debug][gc,phases      ] GC(76)   StringDedup Requests0 Weak     Min:  0.0, Avg:  0.0, Max:  0.0, Diff:  0.0, Sum:  0.0, Workers: 4
[34.583s][debug][gc,phases      ] GC(76)     Dead                           Min: 0, Avg:  0.0, Max: 0, Diff: 0, Sum: 0, Workers: 4
[34.583s][debug][gc,phases      ] GC(76)     Total                          Min: 0, Avg:  0.0, Max: 0, Diff: 0, Sum: 0, Workers: 4
[34.583s][debug][gc,phases      ] GC(76)   StringDedup Requests1 Weak     Min:  0.0, Avg:  0.0, Max:  0.0, Diff:  0.0, Sum:  0.0, Workers: 4
[34.583s][debug][gc,phases      ] GC(76)     Dead                           Min: 0, Avg:  0.0, Max: 0, Diff: 0, Sum: 0, Workers: 4
[34.583s][debug][gc,phases      ] GC(76)     Total                          Min: 0, Avg:  0.0, Max: 0, Diff: 0, Sum: 0, Workers: 4
[34.583s][debug][gc,phases      ] GC(76)   Weak JFR Old Object Samples    Min:  0.0, Avg:  0.0, Max:  0.0, Diff:  0.0, Sum:  0.0, Workers: 4
[34.583s][debug][gc,phases      ] GC(76)     Dead                           Min: 0, Avg:  0.0, Max: 0, Diff: 0, Sum: 0, Workers: 4
[34.583s][debug][gc,phases      ] GC(76)     Total                          Min: 0, Avg:  0.0, Max: 0, Diff: 0, Sum: 0, Workers: 4
[34.583s][debug][gc,phases      ] GC(76) Weak Processing 0.560ms
[34.583s][debug][gc,age         ] GC(76) Desired survivor size 185073664 bytes, new threshold 15 (max threshold 15)
[34.583s][info ][gc,heap        ] GC(76) PSYoungGen: 1748992K(1923072K)->1264K(1750528K) Eden: 1748992K(1748992K)->0K(1748992K) From: 0K(174080K)->1264K(1536K)
[34.583s][info ][gc,heap        ] GC(76) ParOldGen: 392286K(485888K)->392294K(485888K)
[34.583s][info ][gc,metaspace   ] GC(76) Metaspace: 76394K(77248K)->76394K(77248K) NonClass: 65396K(65856K)->65396K(65856K) Class: 10998K(11392K)->10998K(11392K)
[34.583s][info ][gc             ] GC(76) Pause Young (Allocation Failure) 2091M->384M(2184M) 9.805ms
[34.583s][info ][gc,cpu         ] GC(76) User=0.01s Sys=0.00s Real=0.00s
[34.583s][info ][safepoint      ] Safepoint "ParallelGCFailedAllocation", Time since last: 425927639 ns, Reaching safepoint: 5185504 ns, At safepoint: 9916199 ns, Total: 15101703 ns
[35.069s][info ][gc,start       ] GC(77) Pause Young (Allocation Failure)
[35.081s][debug][gc,phases      ] GC(77) Scavenge 11.459ms
[35.081s][debug][gc,ref         ] GC(77) Skipped phase 1 of Reference Processing: no references
[35.081s][debug][gc,ref         ] GC(77) ReferenceProcessor::execute queues: 1, RefProcThreadModel::Single, marks_oops_alive: false
[35.081s][debug][gc,ref         ] GC(77) Skipped phase 3 of Reference Processing: no references
[35.081s][debug][gc,ref         ] GC(77) ReferenceProcessor::execute queues: 1, RefProcThreadModel::Single, marks_oops_alive: false
[35.081s][debug][gc,phases      ] GC(77) Reference Processing 0.142ms
[35.081s][debug][gc,phases      ] GC(77)   VM Weak                        Min:  0.0, Avg:  0.0, Max:  0.0, Diff:  0.0, Sum:  0.0, Workers: 4
[35.081s][debug][gc,phases      ] GC(77)     Dead                           Min: 0, Avg:  0.0, Max: 0, Diff: 0, Sum: 0, Workers: 4
[35.081s][debug][gc,phases      ] GC(77)     Total                          Min: 0, Avg: 154.8, Max: 619, Diff: 619, Sum: 619, Workers: 4
[35.081s][debug][gc,phases      ] GC(77)   ObjectSynchronizer Weak        Min:  0.0, Avg:  0.0, Max:  0.0, Diff:  0.0, Sum:  0.0, Workers: 4
[35.081s][debug][gc,phases      ] GC(77)     Dead                           Min: 0, Avg:  0.0, Max: 0, Diff: 0, Sum: 0, Workers: 4
[35.081s][debug][gc,phases      ] GC(77)     Total                          Min: 0, Avg: 91.8, Max: 367, Diff: 367, Sum: 367, Workers: 4
[35.081s][debug][gc,phases      ] GC(77)   JVMTI Tag Weak OopStorage      Min:  0.0, Avg:  0.0, Max:  0.0, Diff:  0.0, Sum:  0.0, Workers: 4
[35.081s][debug][gc,phases      ] GC(77)     Dead                           Min: 0, Avg:  0.0, Max: 0, Diff: 0, Sum: 0, Workers: 4
[35.081s][debug][gc,phases      ] GC(77)     Total                          Min: 0, Avg:  0.0, Max: 0, Diff: 0, Sum: 0, Workers: 4
[35.081s][debug][gc,phases      ] GC(77)   StringTable Weak               Min:  0.0, Avg:  0.1, Max:  0.4, Diff:  0.4, Sum:  0.4, Workers: 4
[35.081s][debug][gc,phases      ] GC(77)     Dead                           Min: 0, Avg:  0.8, Max: 3, Diff: 3, Sum: 3, Workers: 4
[35.081s][debug][gc,phases      ] GC(77)     Total                          Min: 0, Avg: 11517.8, Max: 46071, Diff: 46071, Sum: 46071, Workers: 4
[35.081s][debug][gc,phases      ] GC(77)   ResolvedMethodTable Weak       Min:  0.0, Avg:  0.0, Max:  0.1, Diff:  0.1, Sum:  0.1, Workers: 4
[35.081s][debug][gc,phases      ] GC(77)     Dead                           Min: 0, Avg:  7.0, Max: 28, Diff: 28, Sum: 28, Workers: 4
[35.081s][debug][gc,phases      ] GC(77)     Total                          Min: 0, Avg: 1892.2, Max: 7569, Diff: 7569, Sum: 7569, Workers: 4
[35.081s][debug][gc,phases      ] GC(77)   JNI Weak                       Min:  0.0, Avg:  0.0, Max:  0.0, Diff:  0.0, Sum:  0.0, Workers: 4
[35.081s][debug][gc,phases      ] GC(77)     Dead                           Min: 0, Avg:  0.0, Max: 0, Diff: 0, Sum: 0, Workers: 4
[35.081s][debug][gc,phases      ] GC(77)     Total                          Min: 0, Avg:  1.5, Max: 6, Diff: 6, Sum: 6, Workers: 4
[35.081s][debug][gc,phases      ] GC(77)   StringDedup Table Weak         Min:  0.0, Avg:  0.0, Max:  0.0, Diff:  0.0, Sum:  0.0, Workers: 4
[35.081s][debug][gc,phases      ] GC(77)     Dead                           Min: 0, Avg:  0.0, Max: 0, Diff: 0, Sum: 0, Workers: 4
[35.081s][debug][gc,phases      ] GC(77)     Total                          Min: 0, Avg:  0.0, Max: 0, Diff: 0, Sum: 0, Workers: 4
[35.081s][debug][gc,phases      ] GC(77)   StringDedup Requests0 Weak     Min:  0.0, Avg:  0.0, Max:  0.0, Diff:  0.0, Sum:  0.0, Workers: 4
[35.081s][debug][gc,phases      ] GC(77)     Dead                           Min: 0, Avg:  0.0, Max: 0, Diff: 0, Sum: 0, Workers: 4
[35.081s][debug][gc,phases      ] GC(77)     Total                          Min: 0, Avg:  0.0, Max: 0, Diff: 0, Sum: 0, Workers: 4
[35.081s][debug][gc,phases      ] GC(77)   StringDedup Requests1 Weak     Min:  0.0, Avg:  0.0, Max:  0.0, Diff:  0.0, Sum:  0.0, Workers: 4
[35.081s][debug][gc,phases      ] GC(77)     Dead                           Min: 0, Avg:  0.0, Max: 0, Diff: 0, Sum: 0, Workers: 4
[35.081s][debug][gc,phases      ] GC(77)     Total                          Min: 0, Avg:  0.0, Max: 0, Diff: 0, Sum: 0, Workers: 4
[35.081s][debug][gc,phases      ] GC(77)   Weak JFR Old Object Samples    Min:  0.0, Avg:  0.0, Max:  0.0, Diff:  0.0, Sum:  0.0, Workers: 4
[35.081s][debug][gc,phases      ] GC(77)     Dead                           Min: 0, Avg:  0.0, Max: 0, Diff: 0, Sum: 0, Workers: 4
[35.082s][debug][gc,phases      ] GC(77)     Total                          Min: 0, Avg:  0.0, Max: 0, Diff: 0, Sum: 0, Workers: 4
[35.082s][debug][gc,phases      ] GC(77) Weak Processing 0.764ms
[35.082s][debug][gc,age         ] GC(77) Desired survivor size 188743680 bytes, new threshold 15 (max threshold 15)
[35.082s][info ][gc,heap        ] GC(77) PSYoungGen: 1750256K(1750528K)->2864K(1909248K) Eden: 1748992K(1748992K)->0K(1728512K) From: 1264K(1536K)->2864K(180736K)
[35.082s][info ][gc,heap        ] GC(77) ParOldGen: 392294K(485888K)->392302K(485888K)
[35.082s][info ][gc,metaspace   ] GC(77) Metaspace: 77011K(77760K)->77011K(77760K) NonClass: 65944K(66368K)->65944K(66368K) Class: 11066K(11392K)->11066K(11392K)
[35.082s][info ][gc             ] GC(77) Pause Young (Allocation Failure) 2092M->385M(2339M) 12.517ms
[35.082s][info ][gc,cpu         ] GC(77) User=0.03s Sys=0.00s Real=0.01s
[35.082s][info ][safepoint      ] Safepoint "ParallelGCFailedAllocation", Time since last: 485881841 ns, Reaching safepoint: 250105 ns, At safepoint: 12638653 ns, Total: 12888758 ns
[35.449s][info ][safepoint      ] Safepoint "ICBufferFull", Time since last: 363492387 ns, Reaching safepoint: 3916579 ns, At safepoint: 42601 ns, Total: 3959180 ns
[35.826s][info ][gc,start       ] GC(78) Pause Young (Allocation Failure)
[35.848s][debug][gc,phases      ] GC(78) Scavenge 21.421ms
[35.848s][debug][gc,ref         ] GC(78) Skipped phase 1 of Reference Processing: no references
[35.848s][debug][gc,ref         ] GC(78) ReferenceProcessor::execute queues: 1, RefProcThreadModel::Single, marks_oops_alive: false
[35.848s][debug][gc,ref         ] GC(78) Skipped phase 3 of Reference Processing: no references
[35.848s][debug][gc,ref         ] GC(78) ReferenceProcessor::execute queues: 1, RefProcThreadModel::Single, marks_oops_alive: false
[35.848s][debug][gc,phases      ] GC(78) Reference Processing 0.128ms
[35.848s][debug][gc,phases      ] GC(78)   VM Weak                        Min:  0.0, Avg:  0.0, Max:  0.0, Diff:  0.0, Sum:  0.0, Workers: 4
[35.848s][debug][gc,phases      ] GC(78)     Dead                           Min: 0, Avg:  0.0, Max: 0, Diff: 0, Sum: 0, Workers: 4
[35.848s][debug][gc,phases      ] GC(78)     Total                          Min: 0, Avg: 157.0, Max: 512, Diff: 512, Sum: 628, Workers: 4
[35.848s][debug][gc,phases      ] GC(78)   ObjectSynchronizer Weak        Min:  0.0, Avg:  0.0, Max:  0.0, Diff:  0.0, Sum:  0.0, Workers: 4
[35.848s][debug][gc,phases      ] GC(78)     Dead                           Min: 0, Avg:  0.0, Max: 0, Diff: 0, Sum: 0, Workers: 4
[35.848s][debug][gc,phases      ] GC(78)     Total                          Min: 0, Avg: 92.5, Max: 128, Diff: 128, Sum: 370, Workers: 4
[35.848s][debug][gc,phases      ] GC(78)   JVMTI Tag Weak OopStorage      Min:  0.0, Avg:  0.0, Max:  0.0, Diff:  0.0, Sum:  0.0, Workers: 4
[35.848s][debug][gc,phases      ] GC(78)     Dead                           Min: 0, Avg:  0.0, Max: 0, Diff: 0, Sum: 0, Workers: 4
[35.848s][debug][gc,phases      ] GC(78)     Total                          Min: 0, Avg:  0.0, Max: 0, Diff: 0, Sum: 0, Workers: 4
[35.848s][debug][gc,phases      ] GC(78)   StringTable Weak               Min:  0.1, Avg:  0.1, Max:  0.1, Diff:  0.0, Sum:  0.5, Workers: 4
[35.848s][debug][gc,phases      ] GC(78)     Dead                           Min: 0, Avg:  0.5, Max: 1, Diff: 1, Sum: 2, Workers: 4
[35.848s][debug][gc,phases      ] GC(78)     Total                          Min: 10899, Avg: 11556.8, Max: 12672, Diff: 1773, Sum: 46227, Workers: 4
[35.848s][debug][gc,phases      ] GC(78)   ResolvedMethodTable Weak       Min:  0.0, Avg:  0.0, Max:  0.0, Diff:  0.0, Sum:  0.1, Workers: 4
[35.848s][debug][gc,phases      ] GC(78)     Dead                           Min: 0, Avg:  5.0, Max: 18, Diff: 18, Sum: 20, Workers: 4
[35.848s][debug][gc,phases      ] GC(78)     Total                          Min: 1726, Avg: 1917.0, Max: 2166, Diff: 440, Sum: 7668, Workers: 4
[35.848s][debug][gc,phases      ] GC(78)   JNI Weak                       Min:  0.0, Avg:  0.0, Max:  0.0, Diff:  0.0, Sum:  0.0, Workers: 4
[35.848s][debug][gc,phases      ] GC(78)     Dead                           Min: 0, Avg:  0.0, Max: 0, Diff: 0, Sum: 0, Workers: 4
[35.848s][debug][gc,phases      ] GC(78)     Total                          Min: 0, Avg:  1.2, Max: 5, Diff: 5, Sum: 5, Workers: 4
[35.848s][debug][gc,phases      ] GC(78)   StringDedup Table Weak         Min:  0.0, Avg:  0.0, Max:  0.0, Diff:  0.0, Sum:  0.0, Workers: 4
[35.848s][debug][gc,phases      ] GC(78)     Dead                           Min: 0, Avg:  0.0, Max: 0, Diff: 0, Sum: 0, Workers: 4
[35.848s][debug][gc,phases      ] GC(78)     Total                          Min: 0, Avg:  0.0, Max: 0, Diff: 0, Sum: 0, Workers: 4
[35.848s][debug][gc,phases      ] GC(78)   StringDedup Requests0 Weak     Min:  0.0, Avg:  0.0, Max:  0.0, Diff:  0.0, Sum:  0.0, Workers: 4
[35.848s][debug][gc,phases      ] GC(78)     Dead                           Min: 0, Avg:  0.0, Max: 0, Diff: 0, Sum: 0, Workers: 4
[35.848s][debug][gc,phases      ] GC(78)     Total                          Min: 0, Avg:  0.0, Max: 0, Diff: 0, Sum: 0, Workers: 4
[35.848s][debug][gc,phases      ] GC(78)   StringDedup Requests1 Weak     Min:  0.0, Avg:  0.0, Max:  0.0, Diff:  0.0, Sum:  0.0, Workers: 4
[35.848s][debug][gc,phases      ] GC(78)     Dead                           Min: 0, Avg:  0.0, Max: 0, Diff: 0, Sum: 0, Workers: 4
[35.848s][debug][gc,phases      ] GC(78)     Total                          Min: 0, Avg:  0.0, Max: 0, Diff: 0, Sum: 0, Workers: 4
[35.848s][debug][gc,phases      ] GC(78)   Weak JFR Old Object Samples    Min:  0.0, Avg:  0.0, Max:  0.0, Diff:  0.0, Sum:  0.0, Workers: 4
[35.848s][debug][gc,phases      ] GC(78)     Dead                           Min: 0, Avg:  0.0, Max: 0, Diff: 0, Sum: 0, Workers: 4
[35.848s][debug][gc,phases      ] GC(78)     Total                          Min: 0, Avg:  0.0, Max: 0, Diff: 0, Sum: 0, Workers: 4
[35.848s][debug][gc,phases      ] GC(78) Weak Processing 0.344ms
[35.848s][debug][gc,age         ] GC(78) Desired survivor size 185597952 bytes, new threshold 15 (max threshold 15)
[35.848s][info ][gc,heap        ] GC(78) PSYoungGen: 1731376K(1909248K)->27269K(1912832K) Eden: 1728512K(1728512K)->0K(1728512K) From: 2864K(180736K)->27269K(184320K)
[35.848s][info ][gc,heap        ] GC(78) ParOldGen: 392302K(485888K)->392310K(485888K)
[35.848s][info ][gc,metaspace   ] GC(78) Metaspace: 77592K(78400K)->77592K(78400K) NonClass: 66434K(66880K)->66434K(66880K) Class: 11157K(11520K)->11157K(11520K)
[35.848s][info ][gc             ] GC(78) Pause Young (Allocation Failure) 2073M->409M(2342M) 22.017ms
[35.848s][info ][gc,cpu         ] GC(78) User=0.07s Sys=0.01s Real=0.02s
[35.848s][info ][safepoint      ] Safepoint "ParallelGCFailedAllocation", Time since last: 377093660 ns, Reaching safepoint: 150003 ns, At safepoint: 22116143 ns, Total: 22266146 ns
[36.161s][info ][gc,start       ] GC(79) Pause Young (Allocation Failure)
[36.179s][debug][gc,phases      ] GC(79) Scavenge 17.948ms
[36.179s][debug][gc,ref         ] GC(79) Skipped phase 1 of Reference Processing: no references
[36.179s][debug][gc,ref         ] GC(79) ReferenceProcessor::execute queues: 1, RefProcThreadModel::Single, marks_oops_alive: false
[36.179s][debug][gc,ref         ] GC(79) Skipped phase 3 of Reference Processing: no references
[36.179s][debug][gc,ref         ] GC(79) ReferenceProcessor::execute queues: 1, RefProcThreadModel::Single, marks_oops_alive: false
[36.179s][debug][gc,phases      ] GC(79) Reference Processing 0.119ms
[36.179s][debug][gc,phases      ] GC(79)   VM Weak                        Min:  0.0, Avg:  0.0, Max:  0.0, Diff:  0.0, Sum:  0.0, Workers: 4
[36.179s][debug][gc,phases      ] GC(79)     Dead                           Min: 0, Avg:  0.0, Max: 0, Diff: 0, Sum: 0, Workers: 4
[36.179s][debug][gc,phases      ] GC(79)     Total                          Min: 0, Avg: 157.0, Max: 320, Diff: 320, Sum: 628, Workers: 4
[36.179s][debug][gc,phases      ] GC(79)   ObjectSynchronizer Weak        Min:  0.0, Avg:  0.0, Max:  0.0, Diff:  0.0, Sum:  0.0, Workers: 4
[36.179s][debug][gc,phases      ] GC(79)     Dead                           Min: 0, Avg:  0.0, Max: 0, Diff: 0, Sum: 0, Workers: 4
[36.179s][debug][gc,phases      ] GC(79)     Total                          Min: 0, Avg: 92.5, Max: 178, Diff: 178, Sum: 370, Workers: 4
[36.179s][debug][gc,phases      ] GC(79)   JVMTI Tag Weak OopStorage      Min:  0.0, Avg:  0.0, Max:  0.0, Diff:  0.0, Sum:  0.0, Workers: 4
[36.179s][debug][gc,phases      ] GC(79)     Dead                           Min: 0, Avg:  0.0, Max: 0, Diff: 0, Sum: 0, Workers: 4
[36.179s][debug][gc,phases      ] GC(79)     Total                          Min: 0, Avg:  0.0, Max: 0, Diff: 0, Sum: 0, Workers: 4
[36.179s][debug][gc,phases      ] GC(79)   StringTable Weak               Min:  0.1, Avg:  0.1, Max:  0.1, Diff:  0.0, Sum:  0.5, Workers: 4
[36.179s][debug][gc,phases      ] GC(79)     Dead                           Min: 0, Avg:  0.0, Max: 0, Diff: 0, Sum: 0, Workers: 4
[36.179s][debug][gc,phases      ] GC(79)     Total                          Min: 10176, Avg: 11558.0, Max: 12928, Diff: 2752, Sum: 46232, Workers: 4
[36.179s][debug][gc,phases      ] GC(79)   ResolvedMethodTable Weak       Min:  0.0, Avg:  0.0, Max:  0.0, Diff:  0.0, Sum:  0.1, Workers: 4
[36.179s][debug][gc,phases      ] GC(79)     Dead                           Min: 0, Avg:  0.0, Max: 0, Diff: 0, Sum: 0, Workers: 4
[36.179s][debug][gc,phases      ] GC(79)     Total                          Min: 1662, Avg: 1917.0, Max: 2103, Diff: 441, Sum: 7668, Workers: 4
[36.179s][debug][gc,phases      ] GC(79)   JNI Weak                       Min:  0.0, Avg:  0.0, Max:  0.0, Diff:  0.0, Sum:  0.0, Workers: 4
[36.179s][debug][gc,phases      ] GC(79)     Dead                           Min: 0, Avg:  0.0, Max: 0, Diff: 0, Sum: 0, Workers: 4
[36.179s][debug][gc,phases      ] GC(79)     Total                          Min: 0, Avg:  0.0, Max: 0, Diff: 0, Sum: 0, Workers: 4
[36.179s][debug][gc,phases      ] GC(79)   StringDedup Table Weak         Min:  0.0, Avg:  0.0, Max:  0.0, Diff:  0.0, Sum:  0.0, Workers: 4
[36.179s][debug][gc,phases      ] GC(79)     Dead                           Min: 0, Avg:  0.0, Max: 0, Diff: 0, Sum: 0, Workers: 4
[36.179s][debug][gc,phases      ] GC(79)     Total                          Min: 0, Avg:  0.0, Max: 0, Diff: 0, Sum: 0, Workers: 4
[36.179s][debug][gc,phases      ] GC(79)   StringDedup Requests0 Weak     Min:  0.0, Avg:  0.0, Max:  0.0, Diff:  0.0, Sum:  0.0, Workers: 4
[36.179s][debug][gc,phases      ] GC(79)     Dead                           Min: 0, Avg:  0.0, Max: 0, Diff: 0, Sum: 0, Workers: 4
[36.179s][debug][gc,phases      ] GC(79)     Total                          Min: 0, Avg:  0.0, Max: 0, Diff: 0, Sum: 0, Workers: 4
[36.179s][debug][gc,phases      ] GC(79)   StringDedup Requests1 Weak     Min:  0.0, Avg:  0.0, Max:  0.0, Diff:  0.0, Sum:  0.0, Workers: 4
[36.179s][debug][gc,phases      ] GC(79)     Dead                           Min: 0, Avg:  0.0, Max: 0, Diff: 0, Sum: 0, Workers: 4
[36.179s][debug][gc,phases      ] GC(79)     Total                          Min: 0, Avg:  0.0, Max: 0, Diff: 0, Sum: 0, Workers: 4
[36.179s][debug][gc,phases      ] GC(79)   Weak JFR Old Object Samples    Min:  0.0, Avg:  0.0, Max:  0.0, Diff:  0.0, Sum:  0.0, Workers: 4
[36.179s][debug][gc,phases      ] GC(79)     Dead                           Min: 0, Avg:  0.0, Max: 0, Diff: 0, Sum: 0, Workers: 4
[36.179s][debug][gc,phases      ] GC(79)     Total                          Min: 0, Avg:  0.0, Max: 0, Diff: 0, Sum: 0, Workers: 4
[36.179s][debug][gc,phases      ] GC(79) Weak Processing 0.397ms
[36.179s][debug][gc,age         ] GC(79) Desired survivor size 180355072 bytes, new threshold 15 (max threshold 15)
[36.179s][info ][gc,heap        ] GC(79) PSYoungGen: 1755781K(1912832K)->33509K(1921024K) Eden: 1728512K(1728512K)->0K(1739776K) From: 27269K(184320K)->33509K(181248K)
[36.179s][info ][gc,heap        ] GC(79) ParOldGen: 392310K(485888K)->392310K(485888K)
[36.179s][info ][gc,metaspace   ] GC(79) Metaspace: 77592K(78400K)->77592K(78400K) NonClass: 66434K(66880K)->66434K(66880K) Class: 11157K(11520K)->11157K(11520K)
[36.179s][info ][gc             ] GC(79) Pause Young (Allocation Failure) 2097M->415M(2350M) 18.608ms
[36.179s][info ][gc,cpu         ] GC(79) User=0.07s Sys=0.01s Real=0.02s
[36.179s][info ][safepoint      ] Safepoint "ParallelGCFailedAllocation", Time since last: 312029356 ns, Reaching safepoint: 151103 ns, At safepoint: 18735575 ns, Total: 18886678 ns
[36.518s][info ][gc,start       ] GC(80) Pause Young (Allocation Failure)
[36.536s][debug][gc,phases      ] GC(80) Scavenge 18.512ms
[36.536s][debug][gc,ref         ] GC(80) Skipped phase 1 of Reference Processing: no references
[36.536s][debug][gc,ref         ] GC(80) ReferenceProcessor::execute queues: 1, RefProcThreadModel::Single, marks_oops_alive: false
[36.536s][debug][gc,ref         ] GC(80) Skipped phase 3 of Reference Processing: no references
[36.536s][debug][gc,ref         ] GC(80) ReferenceProcessor::execute queues: 1, RefProcThreadModel::Single, marks_oops_alive: false
[36.536s][debug][gc,phases      ] GC(80) Reference Processing 0.139ms
[36.536s][debug][gc,phases      ] GC(80)   VM Weak                        Min:  0.0, Avg:  0.0, Max:  0.0, Diff:  0.0, Sum:  0.0, Workers: 4
[36.536s][debug][gc,phases      ] GC(80)     Dead                           Min: 0, Avg:  0.0, Max: 0, Diff: 0, Sum: 0, Workers: 4
[36.536s][debug][gc,phases      ] GC(80)     Total                          Min: 0, Avg: 157.0, Max: 628, Diff: 628, Sum: 628, Workers: 4
[36.536s][debug][gc,phases      ] GC(80)   ObjectSynchronizer Weak        Min:  0.0, Avg:  0.0, Max:  0.0, Diff:  0.0, Sum:  0.0, Workers: 4
[36.536s][debug][gc,phases      ] GC(80)     Dead                           Min: 0, Avg:  0.0, Max: 0, Diff: 0, Sum: 0, Workers: 4
[36.536s][debug][gc,phases      ] GC(80)     Total                          Min: 0, Avg: 92.5, Max: 192, Diff: 192, Sum: 370, Workers: 4
[36.536s][debug][gc,phases      ] GC(80)   JVMTI Tag Weak OopStorage      Min:  0.0, Avg:  0.0, Max:  0.0, Diff:  0.0, Sum:  0.0, Workers: 4
[36.536s][debug][gc,phases      ] GC(80)     Dead                           Min: 0, Avg:  0.0, Max: 0, Diff: 0, Sum: 0, Workers: 4
[36.537s][debug][gc,phases      ] GC(80)     Total                          Min: 0, Avg:  0.0, Max: 0, Diff: 0, Sum: 0, Workers: 4
[36.537s][debug][gc,phases      ] GC(80)   StringTable Weak               Min:  0.1, Avg:  0.1, Max:  0.1, Diff:  0.0, Sum:  0.5, Workers: 4
[36.537s][debug][gc,phases      ] GC(80)     Dead                           Min: 0, Avg:  0.0, Max: 0, Diff: 0, Sum: 0, Workers: 4
[36.537s][debug][gc,phases      ] GC(80)     Total                          Min: 11136, Avg: 11558.8, Max: 11904, Diff: 768, Sum: 46235, Workers: 4
[36.537s][debug][gc,phases      ] GC(80)   ResolvedMethodTable Weak       Min:  0.0, Avg:  0.0, Max:  0.0, Diff:  0.0, Sum:  0.1, Workers: 4
[36.537s][debug][gc,phases      ] GC(80)     Dead                           Min: 0, Avg:  0.0, Max: 0, Diff: 0, Sum: 0, Workers: 4
[36.537s][debug][gc,phases      ] GC(80)     Total                          Min: 1726, Avg: 1917.0, Max: 2103, Diff: 377, Sum: 7668, Workers: 4
[36.537s][debug][gc,phases      ] GC(80)   JNI Weak                       Min:  0.0, Avg:  0.0, Max:  0.0, Diff:  0.0, Sum:  0.0, Workers: 4
[36.537s][debug][gc,phases      ] GC(80)     Dead                           Min: 0, Avg:  0.0, Max: 0, Diff: 0, Sum: 0, Workers: 4
[36.537s][debug][gc,phases      ] GC(80)     Total                          Min: 0, Avg:  0.8, Max: 3, Diff: 3, Sum: 3, Workers: 4
[36.537s][debug][gc,phases      ] GC(80)   StringDedup Table Weak         Min:  0.0, Avg:  0.0, Max:  0.0, Diff:  0.0, Sum:  0.0, Workers: 4
[36.537s][debug][gc,phases      ] GC(80)     Dead                           Min: 0, Avg:  0.0, Max: 0, Diff: 0, Sum: 0, Workers: 4
[36.537s][debug][gc,phases      ] GC(80)     Total                          Min: 0, Avg:  0.0, Max: 0, Diff: 0, Sum: 0, Workers: 4
[36.537s][debug][gc,phases      ] GC(80)   StringDedup Requests0 Weak     Min:  0.0, Avg:  0.0, Max:  0.0, Diff:  0.0, Sum:  0.0, Workers: 4
[36.537s][debug][gc,phases      ] GC(80)     Dead                           Min: 0, Avg:  0.0, Max: 0, Diff: 0, Sum: 0, Workers: 4
[36.537s][debug][gc,phases      ] GC(80)     Total                          Min: 0, Avg:  0.0, Max: 0, Diff: 0, Sum: 0, Workers: 4
[36.537s][debug][gc,phases      ] GC(80)   StringDedup Requests1 Weak     Min:  0.0, Avg:  0.0, Max:  0.0, Diff:  0.0, Sum:  0.0, Workers: 4
[36.537s][debug][gc,phases      ] GC(80)     Dead                           Min: 0, Avg:  0.0, Max: 0, Diff: 0, Sum: 0, Workers: 4
[36.537s][debug][gc,phases      ] GC(80)     Total                          Min: 0, Avg:  0.0, Max: 0, Diff: 0, Sum: 0, Workers: 4
[36.537s][debug][gc,phases      ] GC(80)   Weak JFR Old Object Samples    Min:  0.0, Avg:  0.0, Max:  0.0, Diff:  0.0, Sum:  0.0, Workers: 4
[36.537s][debug][gc,phases      ] GC(80)     Dead                           Min: 0, Avg:  0.0, Max: 0, Diff: 0, Sum: 0, Workers: 4
[36.537s][debug][gc,phases      ] GC(80)     Total                          Min: 0, Avg:  0.0, Max: 0, Diff: 0, Sum: 0, Workers: 4
[36.537s][debug][gc,phases      ] GC(80) Weak Processing 0.353ms
[36.537s][debug][gc,age         ] GC(80) Desired survivor size 173539328 bytes, new threshold 15 (max threshold 15)
[36.537s][info ][gc,heap        ] GC(80) PSYoungGen: 1773285K(1921024K)->39219K(1915904K) Eden: 1739776K(1739776K)->0K(1739776K) From: 33509K(181248K)->39219K(176128K)
[36.537s][info ][gc,heap        ] GC(80) ParOldGen: 392310K(485888K)->392318K(485888K)
[36.537s][info ][gc,metaspace   ] GC(80) Metaspace: 77592K(78400K)->77592K(78400K) NonClass: 66434K(66880K)->66434K(66880K) Class: 11157K(11520K)->11157K(11520K)
[36.537s][info ][gc             ] GC(80) Pause Young (Allocation Failure) 2114M->421M(2345M) 19.153ms
[36.537s][info ][gc,cpu         ] GC(80) User=0.06s Sys=0.01s Real=0.02s
[36.537s][info ][safepoint      ] Safepoint "ParallelGCFailedAllocation", Time since last: 337972776 ns, Reaching safepoint: 127202 ns, At safepoint: 19267187 ns, Total: 19394389 ns
[36.863s][info ][gc,start       ] GC(81) Pause Young (Allocation Failure)
[36.884s][debug][gc,phases      ] GC(81) Scavenge 21.102ms
[36.884s][debug][gc,ref         ] GC(81) Skipped phase 1 of Reference Processing: no references
[36.884s][debug][gc,ref         ] GC(81) ReferenceProcessor::execute queues: 1, RefProcThreadModel::Single, marks_oops_alive: false
[36.884s][debug][gc,ref         ] GC(81) Skipped phase 3 of Reference Processing: no references
[36.884s][debug][gc,ref         ] GC(81) ReferenceProcessor::execute queues: 1, RefProcThreadModel::Single, marks_oops_alive: false
[36.884s][debug][gc,phases      ] GC(81) Reference Processing 0.126ms
[36.884s][debug][gc,phases      ] GC(81)   VM Weak                        Min:  0.0, Avg:  0.0, Max:  0.0, Diff:  0.0, Sum:  0.0, Workers: 4
[36.884s][debug][gc,phases      ] GC(81)     Dead                           Min: 0, Avg:  0.0, Max: 0, Diff: 0, Sum: 0, Workers: 4
[36.884s][debug][gc,phases      ] GC(81)     Total                          Min: 0, Avg: 157.0, Max: 576, Diff: 576, Sum: 628, Workers: 4
[36.884s][debug][gc,phases      ] GC(81)   ObjectSynchronizer Weak        Min:  0.0, Avg:  0.0, Max:  0.0, Diff:  0.0, Sum:  0.0, Workers: 4
[36.884s][debug][gc,phases      ] GC(81)     Dead                           Min: 0, Avg:  0.0, Max: 0, Diff: 0, Sum: 0, Workers: 4
[36.884s][debug][gc,phases      ] GC(81)     Total                          Min: 0, Avg: 92.5, Max: 242, Diff: 242, Sum: 370, Workers: 4
[36.884s][debug][gc,phases      ] GC(81)   JVMTI Tag Weak OopStorage      Min:  0.0, Avg:  0.0, Max:  0.0, Diff:  0.0, Sum:  0.0, Workers: 4
[36.884s][debug][gc,phases      ] GC(81)     Dead                           Min: 0, Avg:  0.0, Max: 0, Diff: 0, Sum: 0, Workers: 4
[36.884s][debug][gc,phases      ] GC(81)     Total                          Min: 0, Avg:  0.0, Max: 0, Diff: 0, Sum: 0, Workers: 4
[36.884s][debug][gc,phases      ] GC(81)   StringTable Weak               Min:  0.1, Avg:  0.1, Max:  0.1, Diff:  0.0, Sum:  0.5, Workers: 4
[36.884s][debug][gc,phases      ] GC(81)     Dead                           Min: 0, Avg:  0.0, Max: 0, Diff: 0, Sum: 0, Workers: 4
[36.884s][debug][gc,phases      ] GC(81)     Total                          Min: 10944, Avg: 11560.2, Max: 12641, Diff: 1697, Sum: 46241, Workers: 4
[36.884s][debug][gc,phases      ] GC(81)   ResolvedMethodTable Weak       Min:  0.0, Avg:  0.0, Max:  0.0, Diff:  0.0, Sum:  0.1, Workers: 4
[36.884s][debug][gc,phases      ] GC(81)     Dead                           Min: 1, Avg:  4.5, Max: 9, Diff: 8, Sum: 18, Workers: 4
[36.884s][debug][gc,phases      ] GC(81)     Total                          Min: 1792, Avg: 1918.8, Max: 2048, Diff: 256, Sum: 7675, Workers: 4
[36.884s][debug][gc,phases      ] GC(81)   JNI Weak                       Min:  0.0, Avg:  0.0, Max:  0.0, Diff:  0.0, Sum:  0.0, Workers: 4
[36.884s][debug][gc,phases      ] GC(81)     Dead                           Min: 0, Avg:  0.0, Max: 0, Diff: 0, Sum: 0, Workers: 4
[36.884s][debug][gc,phases      ] GC(81)     Total                          Min: 0, Avg:  1.0, Max: 4, Diff: 4, Sum: 4, Workers: 4
[36.884s][debug][gc,phases      ] GC(81)   StringDedup Table Weak         Min:  0.0, Avg:  0.0, Max:  0.0, Diff:  0.0, Sum:  0.0, Workers: 4
[36.884s][debug][gc,phases      ] GC(81)     Dead                           Min: 0, Avg:  0.0, Max: 0, Diff: 0, Sum: 0, Workers: 4
[36.884s][debug][gc,phases      ] GC(81)     Total                          Min: 0, Avg:  0.0, Max: 0, Diff: 0, Sum: 0, Workers: 4
[36.884s][debug][gc,phases      ] GC(81)   StringDedup Requests0 Weak     Min:  0.0, Avg:  0.0, Max:  0.0, Diff:  0.0, Sum:  0.0, Workers: 4
[36.884s][debug][gc,phases      ] GC(81)     Dead                           Min: 0, Avg:  0.0, Max: 0, Diff: 0, Sum: 0, Workers: 4
[36.884s][debug][gc,phases      ] GC(81)     Total                          Min: 0, Avg:  0.0, Max: 0, Diff: 0, Sum: 0, Workers: 4
[36.884s][debug][gc,phases      ] GC(81)   StringDedup Requests1 Weak     Min:  0.0, Avg:  0.0, Max:  0.0, Diff:  0.0, Sum:  0.0, Workers: 4
[36.884s][debug][gc,phases      ] GC(81)     Dead                           Min: 0, Avg:  0.0, Max: 0, Diff: 0, Sum: 0, Workers: 4
[36.884s][debug][gc,phases      ] GC(81)     Total                          Min: 0, Avg:  0.0, Max: 0, Diff: 0, Sum: 0, Workers: 4
[36.884s][debug][gc,phases      ] GC(81)   Weak JFR Old Object Samples    Min:  0.0, Avg:  0.0, Max:  0.0, Diff:  0.0, Sum:  0.0, Workers: 4
[36.884s][debug][gc,phases      ] GC(81)     Dead                           Min: 0, Avg:  0.0, Max: 0, Diff: 0, Sum: 0, Workers: 4
[36.884s][debug][gc,phases      ] GC(81)     Total                          Min: 0, Avg:  0.0, Max: 0, Diff: 0, Sum: 0, Workers: 4
[36.884s][debug][gc,phases      ] GC(81) Weak Processing 0.333ms
[36.884s][debug][gc,age         ] GC(81) Desired survivor size 163053568 bytes, new threshold 15 (max threshold 15)
[36.884s][info ][gc,heap        ] GC(81) PSYoungGen: 1778995K(1915904K)->59957K(1937920K) Eden: 1739776K(1739776K)->0K(1768448K) From: 39219K(176128K)->59957K(169472K)
[36.884s][info ][gc,heap        ] GC(81) ParOldGen: 392318K(485888K)->392318K(485888K)
[36.884s][info ][gc,metaspace   ] GC(81) Metaspace: 77614K(78464K)->77614K(78464K) NonClass: 66453K(66880K)->66453K(66880K) Class: 11161K(11584K)->11161K(11584K)
[36.884s][info ][gc             ] GC(81) Pause Young (Allocation Failure) 2120M->441M(2367M) 21.718ms
[36.884s][info ][gc,cpu         ] GC(81) User=0.10s Sys=0.00s Real=0.02s
[36.885s][info ][safepoint      ] Safepoint "ParallelGCFailedAllocation", Time since last: 325842732 ns, Reaching safepoint: 132403 ns, At safepoint: 21835237 ns, Total: 21967640 ns
[37.292s][info ][gc,start       ] GC(82) Pause Young (Allocation Failure)
[37.309s][debug][gc,phases      ] GC(82) Scavenge 17.335ms
[37.309s][debug][gc,ref         ] GC(82) Skipped phase 1 of Reference Processing: no references
[37.309s][debug][gc,ref         ] GC(82) ReferenceProcessor::execute queues: 1, RefProcThreadModel::Single, marks_oops_alive: false
[37.309s][debug][gc,ref         ] GC(82) Skipped phase 3 of Reference Processing: no references
[37.309s][debug][gc,ref         ] GC(82) ReferenceProcessor::execute queues: 1, RefProcThreadModel::Single, marks_oops_alive: false
[37.309s][debug][gc,phases      ] GC(82) Reference Processing 0.146ms
[37.309s][debug][gc,phases      ] GC(82)   VM Weak                        Min:  0.0, Avg:  0.0, Max:  0.0, Diff:  0.0, Sum:  0.0, Workers: 4
[37.309s][debug][gc,phases      ] GC(82)     Dead                           Min: 0, Avg:  0.0, Max: 0, Diff: 0, Sum: 0, Workers: 4
[37.309s][debug][gc,phases      ] GC(82)     Total                          Min: 0, Avg: 158.2, Max: 320, Diff: 320, Sum: 633, Workers: 4
[37.309s][debug][gc,phases      ] GC(82)   ObjectSynchronizer Weak        Min:  0.0, Avg:  0.0, Max:  0.0, Diff:  0.0, Sum:  0.0, Workers: 4
[37.309s][debug][gc,phases      ] GC(82)     Dead                           Min: 0, Avg:  0.0, Max: 0, Diff: 0, Sum: 0, Workers: 4
[37.309s][debug][gc,phases      ] GC(82)     Total                          Min: 0, Avg: 92.5, Max: 242, Diff: 242, Sum: 370, Workers: 4
[37.309s][debug][gc,phases      ] GC(82)   JVMTI Tag Weak OopStorage      Min:  0.0, Avg:  0.0, Max:  0.0, Diff:  0.0, Sum:  0.0, Workers: 4
[37.309s][debug][gc,phases      ] GC(82)     Dead                           Min: 0, Avg:  0.0, Max: 0, Diff: 0, Sum: 0, Workers: 4
[37.310s][debug][gc,phases      ] GC(82)     Total                          Min: 0, Avg:  0.0, Max: 0, Diff: 0, Sum: 0, Workers: 4
[37.310s][debug][gc,phases      ] GC(82)   StringTable Weak               Min:  0.1, Avg:  0.1, Max:  0.1, Diff:  0.0, Sum:  0.4, Workers: 4
[37.310s][debug][gc,phases      ] GC(82)     Dead                           Min: 0, Avg:  0.2, Max: 1, Diff: 1, Sum: 1, Workers: 4
[37.310s][debug][gc,phases      ] GC(82)     Total                          Min: 10688, Avg: 11572.0, Max: 12288, Diff: 1600, Sum: 46288, Workers: 4
[37.310s][debug][gc,phases      ] GC(82)   ResolvedMethodTable Weak       Min:  0.0, Avg:  0.0, Max:  0.0, Diff:  0.0, Sum:  0.1, Workers: 4
[37.310s][debug][gc,phases      ] GC(82)     Dead                           Min: 0, Avg:  0.0, Max: 0, Diff: 0, Sum: 0, Workers: 4
[37.310s][debug][gc,phases      ] GC(82)     Total                          Min: 1664, Avg: 1935.5, Max: 2175, Diff: 511, Sum: 7742, Workers: 4
[37.310s][debug][gc,phases      ] GC(82)   JNI Weak                       Min:  0.0, Avg:  0.0, Max:  0.0, Diff:  0.0, Sum:  0.0, Workers: 4
[37.310s][debug][gc,phases      ] GC(82)     Dead                           Min: 0, Avg:  0.0, Max: 0, Diff: 0, Sum: 0, Workers: 4
[37.310s][debug][gc,phases      ] GC(82)     Total                          Min: 0, Avg: 11.0, Max: 44, Diff: 44, Sum: 44, Workers: 4
[37.310s][debug][gc,phases      ] GC(82)   StringDedup Table Weak         Min:  0.0, Avg:  0.0, Max:  0.0, Diff:  0.0, Sum:  0.0, Workers: 4
[37.310s][debug][gc,phases      ] GC(82)     Dead                           Min: 0, Avg:  0.0, Max: 0, Diff: 0, Sum: 0, Workers: 4
[37.310s][debug][gc,phases      ] GC(82)     Total                          Min: 0, Avg:  0.0, Max: 0, Diff: 0, Sum: 0, Workers: 4
[37.310s][debug][gc,phases      ] GC(82)   StringDedup Requests0 Weak     Min:  0.0, Avg:  0.0, Max:  0.0, Diff:  0.0, Sum:  0.0, Workers: 4
[37.310s][debug][gc,phases      ] GC(82)     Dead                           Min: 0, Avg:  0.0, Max: 0, Diff: 0, Sum: 0, Workers: 4
[37.310s][debug][gc,phases      ] GC(82)     Total                          Min: 0, Avg:  0.0, Max: 0, Diff: 0, Sum: 0, Workers: 4
[37.310s][debug][gc,phases      ] GC(82)   StringDedup Requests1 Weak     Min:  0.0, Avg:  0.0, Max:  0.0, Diff:  0.0, Sum:  0.0, Workers: 4
[37.310s][debug][gc,phases      ] GC(82)     Dead                           Min: 0, Avg:  0.0, Max: 0, Diff: 0, Sum: 0, Workers: 4
[37.310s][debug][gc,phases      ] GC(82)     Total                          Min: 0, Avg:  0.0, Max: 0, Diff: 0, Sum: 0, Workers: 4
[37.310s][debug][gc,phases      ] GC(82)   Weak JFR Old Object Samples    Min:  0.0, Avg:  0.0, Max:  0.0, Diff:  0.0, Sum:  0.0, Workers: 4
[37.310s][debug][gc,phases      ] GC(82)     Dead                           Min: 0, Avg:  0.0, Max: 0, Diff: 0, Sum: 0, Workers: 4
[37.310s][debug][gc,phases      ] GC(82)     Total                          Min: 0, Avg:  0.0, Max: 0, Diff: 0, Sum: 0, Workers: 4
[37.310s][debug][gc,phases      ] GC(82) Weak Processing 0.325ms
[37.310s][debug][gc,age         ] GC(82) Desired survivor size 153616384 bytes, new threshold 15 (max threshold 15)
[37.310s][info ][gc,heap        ] GC(82) PSYoungGen: 1828405K(1937920K)->64141K(1927680K) Eden: 1768448K(1768448K)->0K(1768448K) From: 59957K(169472K)->64141K(159232K)
[37.310s][info ][gc,heap        ] GC(82) ParOldGen: 392318K(485888K)->392326K(485888K)
[37.310s][info ][gc,metaspace   ] GC(82) Metaspace: 77818K(78656K)->77818K(78656K) NonClass: 66620K(67072K)->66620K(67072K) Class: 11198K(11584K)->11198K(11584K)
[37.310s][info ][gc             ] GC(82) Pause Young (Allocation Failure) 2168M->445M(2357M) 17.948ms
[37.310s][info ][gc,cpu         ] GC(82) User=0.07s Sys=0.00s Real=0.02s
[37.310s][info ][safepoint      ] Safepoint "ParallelGCFailedAllocation", Time since last: 406868157 ns, Reaching safepoint: 245805 ns, At safepoint: 18072662 ns, Total: 18318467 ns
[37.505s][info ][safepoint      ] Safepoint "ICBufferFull", Time since last: 194924908 ns, Reaching safepoint: 270106 ns, At safepoint: 14400 ns, Total: 284506 ns
[37.838s][info ][gc,start       ] GC(83) Pause Young (Allocation Failure)
[37.860s][debug][gc,phases      ] GC(83) Scavenge 22.066ms
[37.860s][debug][gc,ref         ] GC(83) Skipped phase 1 of Reference Processing: no references
[37.860s][debug][gc,ref         ] GC(83) ReferenceProcessor::execute queues: 1, RefProcThreadModel::Single, marks_oops_alive: false
[37.860s][debug][gc,ref         ] GC(83) Skipped phase 3 of Reference Processing: no references
[37.860s][debug][gc,ref         ] GC(83) ReferenceProcessor::execute queues: 1, RefProcThreadModel::Single, marks_oops_alive: false
[37.860s][debug][gc,phases      ] GC(83) Reference Processing 0.149ms
[37.860s][debug][gc,phases      ] GC(83)   VM Weak                        Min:  0.0, Avg:  0.0, Max:  0.0, Diff:  0.0, Sum:  0.0, Workers: 4
[37.860s][debug][gc,phases      ] GC(83)     Dead                           Min: 0, Avg:  0.0, Max: 0, Diff: 0, Sum: 0, Workers: 4
[37.860s][debug][gc,phases      ] GC(83)     Total                          Min: 0, Avg: 161.0, Max: 512, Diff: 512, Sum: 644, Workers: 4
[37.860s][debug][gc,phases      ] GC(83)   ObjectSynchronizer Weak        Min:  0.0, Avg:  0.0, Max:  0.0, Diff:  0.0, Sum:  0.0, Workers: 4
[37.860s][debug][gc,phases      ] GC(83)     Dead                           Min: 0, Avg:  0.0, Max: 0, Diff: 0, Sum: 0, Workers: 4
[37.860s][debug][gc,phases      ] GC(83)     Total                          Min: 50, Avg: 92.5, Max: 128, Diff: 78, Sum: 370, Workers: 4
[37.860s][debug][gc,phases      ] GC(83)   JVMTI Tag Weak OopStorage      Min:  0.0, Avg:  0.0, Max:  0.0, Diff:  0.0, Sum:  0.0, Workers: 4
[37.860s][debug][gc,phases      ] GC(83)     Dead                           Min: 0, Avg:  0.0, Max: 0, Diff: 0, Sum: 0, Workers: 4
[37.860s][debug][gc,phases      ] GC(83)     Total                          Min: 0, Avg:  0.0, Max: 0, Diff: 0, Sum: 0, Workers: 4
[37.860s][debug][gc,phases      ] GC(83)   StringTable Weak               Min:  0.1, Avg:  0.1, Max:  0.1, Diff:  0.0, Sum:  0.5, Workers: 4
[37.860s][debug][gc,phases      ] GC(83)     Dead                           Min: 0, Avg:  0.5, Max: 2, Diff: 2, Sum: 2, Workers: 4
[37.860s][debug][gc,phases      ] GC(83)     Total                          Min: 10880, Avg: 11604.5, Max: 12626, Diff: 1746, Sum: 46418, Workers: 4
[37.860s][debug][gc,phases      ] GC(83)   ResolvedMethodTable Weak       Min:  0.0, Avg:  0.0, Max:  0.0, Diff:  0.0, Sum:  0.1, Workers: 4
[37.860s][debug][gc,phases      ] GC(83)     Dead                           Min: 0, Avg:  4.5, Max: 18, Diff: 18, Sum: 18, Workers: 4
[37.860s][debug][gc,phases      ] GC(83)     Total                          Min: 1724, Avg: 1960.8, Max: 2236, Diff: 512, Sum: 7843, Workers: 4
[37.860s][debug][gc,phases      ] GC(83)   JNI Weak                       Min:  0.0, Avg:  0.0, Max:  0.0, Diff:  0.0, Sum:  0.0, Workers: 4
[37.860s][debug][gc,phases      ] GC(83)     Dead                           Min: 0, Avg:  0.0, Max: 0, Diff: 0, Sum: 0, Workers: 4
[37.860s][debug][gc,phases      ] GC(83)     Total                          Min: 0, Avg:  9.5, Max: 38, Diff: 38, Sum: 38, Workers: 4
[37.860s][debug][gc,phases      ] GC(83)   StringDedup Table Weak         Min:  0.0, Avg:  0.0, Max:  0.0, Diff:  0.0, Sum:  0.0, Workers: 4
[37.860s][debug][gc,phases      ] GC(83)     Dead                           Min: 0, Avg:  0.0, Max: 0, Diff: 0, Sum: 0, Workers: 4
[37.860s][debug][gc,phases      ] GC(83)     Total                          Min: 0, Avg:  0.0, Max: 0, Diff: 0, Sum: 0, Workers: 4
[37.860s][debug][gc,phases      ] GC(83)   StringDedup Requests0 Weak     Min:  0.0, Avg:  0.0, Max:  0.0, Diff:  0.0, Sum:  0.0, Workers: 4
[37.860s][debug][gc,phases      ] GC(83)     Dead                           Min: 0, Avg:  0.0, Max: 0, Diff: 0, Sum: 0, Workers: 4
[37.860s][debug][gc,phases      ] GC(83)     Total                          Min: 0, Avg:  0.0, Max: 0, Diff: 0, Sum: 0, Workers: 4
[37.860s][debug][gc,phases      ] GC(83)   StringDedup Requests1 Weak     Min:  0.0, Avg:  0.0, Max:  0.0, Diff:  0.0, Sum:  0.0, Workers: 4
[37.860s][debug][gc,phases      ] GC(83)     Dead                           Min: 0, Avg:  0.0, Max: 0, Diff: 0, Sum: 0, Workers: 4
[37.860s][debug][gc,phases      ] GC(83)     Total                          Min: 0, Avg:  0.0, Max: 0, Diff: 0, Sum: 0, Workers: 4
[37.860s][debug][gc,phases      ] GC(83)   Weak JFR Old Object Samples    Min:  0.0, Avg:  0.0, Max:  0.0, Diff:  0.0, Sum:  0.0, Workers: 4
[37.860s][debug][gc,phases      ] GC(83)     Dead                           Min: 0, Avg:  0.0, Max: 0, Diff: 0, Sum: 0, Workers: 4
[37.860s][debug][gc,phases      ] GC(83)     Total                          Min: 0, Avg:  0.0, Max: 0, Diff: 0, Sum: 0, Workers: 4
[37.860s][debug][gc,phases      ] GC(83) Weak Processing 0.342ms
[37.860s][debug][gc,age         ] GC(83) Desired survivor size 146276352 bytes, new threshold 15 (max threshold 15)
[37.860s][info ][gc,heap        ] GC(83) PSYoungGen: 1832589K(1927680K)->66296K(1954304K) Eden: 1768448K(1768448K)->0K(1804288K) From: 64141K(159232K)->66296K(150016K)
[37.860s][info ][gc,heap        ] GC(83) ParOldGen: 392326K(485888K)->392334K(485888K)
[37.860s][info ][gc,metaspace   ] GC(83) Metaspace: 78544K(79424K)->78544K(79424K) NonClass: 67258K(67712K)->67258K(67712K) Class: 11286K(11712K)->11286K(11712K)
[37.860s][info ][gc             ] GC(83) Pause Young (Allocation Failure) 2172M->447M(2383M) 22.695ms
[37.860s][info ][gc,cpu         ] GC(83) User=0.10s Sys=0.00s Real=0.02s
[37.861s][info ][safepoint      ] Safepoint "ParallelGCFailedAllocation", Time since last: 332472865 ns, Reaching safepoint: 284906 ns, At safepoint: 22820657 ns, Total: 23105563 ns
[38.248s][info ][safepoint      ] Safepoint "ICBufferFull", Time since last: 387547170 ns, Reaching safepoint: 264905 ns, At safepoint: 28001 ns, Total: 292906 ns
[38.286s][info ][gc,start       ] GC(84) Pause Young (Allocation Failure)
[38.303s][debug][gc,phases      ] GC(84) Scavenge 17.509ms
[38.303s][debug][gc,ref         ] GC(84) Skipped phase 1 of Reference Processing: no references
[38.303s][debug][gc,ref         ] GC(84) ReferenceProcessor::execute queues: 1, RefProcThreadModel::Single, marks_oops_alive: false
[38.304s][debug][gc,ref         ] GC(84) Skipped phase 3 of Reference Processing: no references
[38.304s][debug][gc,ref         ] GC(84) ReferenceProcessor::execute queues: 1, RefProcThreadModel::Single, marks_oops_alive: false
[38.304s][debug][gc,phases      ] GC(84) Reference Processing 0.147ms
[38.304s][debug][gc,phases      ] GC(84)   VM Weak                        Min:  0.0, Avg:  0.0, Max:  0.0, Diff:  0.0, Sum:  0.0, Workers: 4
[38.304s][debug][gc,phases      ] GC(84)     Dead                           Min: 0, Avg:  0.0, Max: 0, Diff: 0, Sum: 0, Workers: 4
[38.304s][debug][gc,phases      ] GC(84)     Total                          Min: 0, Avg: 161.0, Max: 580, Diff: 580, Sum: 644, Workers: 4
[38.304s][debug][gc,phases      ] GC(84)   ObjectSynchronizer Weak        Min:  0.0, Avg:  0.0, Max:  0.0, Diff:  0.0, Sum:  0.0, Workers: 4
[38.304s][debug][gc,phases      ] GC(84)     Dead                           Min: 0, Avg:  0.0, Max: 0, Diff: 0, Sum: 0, Workers: 4
[38.304s][debug][gc,phases      ] GC(84)     Total                          Min: 0, Avg: 92.5, Max: 192, Diff: 192, Sum: 370, Workers: 4
[38.304s][debug][gc,phases      ] GC(84)   JVMTI Tag Weak OopStorage      Min:  0.0, Avg:  0.0, Max:  0.0, Diff:  0.0, Sum:  0.0, Workers: 4
[38.304s][debug][gc,phases      ] GC(84)     Dead                           Min: 0, Avg:  0.0, Max: 0, Diff: 0, Sum: 0, Workers: 4
[38.304s][debug][gc,phases      ] GC(84)     Total                          Min: 0, Avg:  0.0, Max: 0, Diff: 0, Sum: 0, Workers: 4
[38.304s][debug][gc,phases      ] GC(84)   StringTable Weak               Min:  0.1, Avg:  0.1, Max:  0.1, Diff:  0.0, Sum:  0.4, Workers: 4
[38.304s][debug][gc,phases      ] GC(84)     Dead                           Min: 0, Avg:  0.0, Max: 0, Diff: 0, Sum: 0, Workers: 4
[38.304s][debug][gc,phases      ] GC(84)     Total                          Min: 11200, Avg: 11608.5, Max: 12160, Diff: 960, Sum: 46434, Workers: 4
[38.304s][debug][gc,phases      ] GC(84)   ResolvedMethodTable Weak       Min:  0.0, Avg:  0.0, Max:  0.0, Diff:  0.0, Sum:  0.1, Workers: 4
[38.304s][debug][gc,phases      ] GC(84)     Dead                           Min: 0, Avg:  0.0, Max: 0, Diff: 0, Sum: 0, Workers: 4
[38.304s][debug][gc,phases      ] GC(84)     Total                          Min: 1723, Avg: 1960.8, Max: 2222, Diff: 499, Sum: 7843, Workers: 4
[38.304s][debug][gc,phases      ] GC(84)   JNI Weak                       Min:  0.0, Avg:  0.0, Max:  0.0, Diff:  0.0, Sum:  0.0, Workers: 4
[38.304s][debug][gc,phases      ] GC(84)     Dead                           Min: 0, Avg:  0.0, Max: 0, Diff: 0, Sum: 0, Workers: 4
[38.304s][debug][gc,phases      ] GC(84)     Total                          Min: 0, Avg:  3.5, Max: 14, Diff: 14, Sum: 14, Workers: 4
[38.304s][debug][gc,phases      ] GC(84)   StringDedup Table Weak         Min:  0.0, Avg:  0.0, Max:  0.0, Diff:  0.0, Sum:  0.0, Workers: 4
[38.304s][debug][gc,phases      ] GC(84)     Dead                           Min: 0, Avg:  0.0, Max: 0, Diff: 0, Sum: 0, Workers: 4
[38.304s][debug][gc,phases      ] GC(84)     Total                          Min: 0, Avg:  0.0, Max: 0, Diff: 0, Sum: 0, Workers: 4
[38.304s][debug][gc,phases      ] GC(84)   StringDedup Requests0 Weak     Min:  0.0, Avg:  0.0, Max:  0.0, Diff:  0.0, Sum:  0.0, Workers: 4
[38.304s][debug][gc,phases      ] GC(84)     Dead                           Min: 0, Avg:  0.0, Max: 0, Diff: 0, Sum: 0, Workers: 4
[38.304s][debug][gc,phases      ] GC(84)     Total                          Min: 0, Avg:  0.0, Max: 0, Diff: 0, Sum: 0, Workers: 4
[38.304s][debug][gc,phases      ] GC(84)   StringDedup Requests1 Weak     Min:  0.0, Avg:  0.0, Max:  0.0, Diff:  0.0, Sum:  0.0, Workers: 4
[38.304s][debug][gc,phases      ] GC(84)     Dead                           Min: 0, Avg:  0.0, Max: 0, Diff: 0, Sum: 0, Workers: 4
[38.304s][debug][gc,phases      ] GC(84)     Total                          Min: 0, Avg:  0.0, Max: 0, Diff: 0, Sum: 0, Workers: 4
[38.304s][debug][gc,phases      ] GC(84)   Weak JFR Old Object Samples    Min:  0.0, Avg:  0.0, Max:  0.0, Diff:  0.0, Sum:  0.0, Workers: 4
[38.304s][debug][gc,phases      ] GC(84)     Dead                           Min: 0, Avg:  0.0, Max: 0, Diff: 0, Sum: 0, Workers: 4
[38.304s][debug][gc,phases      ] GC(84)     Total                          Min: 0, Avg:  0.0, Max: 0, Diff: 0, Sum: 0, Workers: 4
[38.304s][debug][gc,phases      ] GC(84) Weak Processing 0.324ms
[38.304s][debug][gc,age         ] GC(84) Desired survivor size 139460608 bytes, new threshold 15 (max threshold 15)
[38.304s][info ][gc,heap        ] GC(84) PSYoungGen: 1870584K(1954304K)->66821K(1947136K) Eden: 1804288K(1804288K)->0K(1804288K) From: 66296K(150016K)->66821K(142848K)
[38.304s][info ][gc,heap        ] GC(84) ParOldGen: 392334K(485888K)->392342K(485888K)
[38.304s][info ][gc,metaspace   ] GC(84) Metaspace: 78730K(79616K)->78730K(79616K) NonClass: 67443K(67904K)->67443K(67904K) Class: 11287K(11712K)->11287K(11712K)
[38.304s][info ][gc             ] GC(84) Pause Young (Allocation Failure) 2209M->448M(2376M) 18.121ms
[38.304s][info ][gc,cpu         ] GC(84) User=0.07s Sys=0.00s Real=0.01s
[38.304s][info ][safepoint      ] Safepoint "ParallelGCFailedAllocation", Time since last: 37267247 ns, Reaching safepoint: 111302 ns, At safepoint: 18238566 ns, Total: 18349868 ns
[38.657s][info ][safepoint      ] Safepoint "ICBufferFull", Time since last: 352712870 ns, Reaching safepoint: 320807 ns, At safepoint: 32601 ns, Total: 353408 ns
[38.746s][info ][gc,start       ] GC(85) Pause Young (Allocation Failure)
[38.768s][debug][gc,phases      ] GC(85) Scavenge 22.580ms
[38.768s][debug][gc,ref         ] GC(85) Skipped phase 1 of Reference Processing: no references
[38.768s][debug][gc,ref         ] GC(85) ReferenceProcessor::execute queues: 1, RefProcThreadModel::Single, marks_oops_alive: false
[38.768s][debug][gc,ref         ] GC(85) Skipped phase 3 of Reference Processing: no references
[38.768s][debug][gc,ref         ] GC(85) ReferenceProcessor::execute queues: 1, RefProcThreadModel::Single, marks_oops_alive: false
[38.768s][debug][gc,phases      ] GC(85) Reference Processing 0.137ms
[38.769s][debug][gc,phases      ] GC(85)   VM Weak                        Min:  0.0, Avg:  0.0, Max:  0.0, Diff:  0.0, Sum:  0.0, Workers: 4
[38.769s][debug][gc,phases      ] GC(85)     Dead                           Min: 0, Avg:  0.0, Max: 0, Diff: 0, Sum: 0, Workers: 4
[38.769s][debug][gc,phases      ] GC(85)     Total                          Min: 0, Avg: 161.0, Max: 384, Diff: 384, Sum: 644, Workers: 4
[38.769s][debug][gc,phases      ] GC(85)   ObjectSynchronizer Weak        Min:  0.0, Avg:  0.0, Max:  0.0, Diff:  0.0, Sum:  0.0, Workers: 4
[38.769s][debug][gc,phases      ] GC(85)     Dead                           Min: 0, Avg:  0.0, Max: 0, Diff: 0, Sum: 0, Workers: 4
[38.769s][debug][gc,phases      ] GC(85)     Total                          Min: 0, Avg: 92.5, Max: 128, Diff: 128, Sum: 370, Workers: 4
[38.769s][debug][gc,phases      ] GC(85)   JVMTI Tag Weak OopStorage      Min:  0.0, Avg:  0.0, Max:  0.0, Diff:  0.0, Sum:  0.0, Workers: 4
[38.769s][debug][gc,phases      ] GC(85)     Dead                           Min: 0, Avg:  0.0, Max: 0, Diff: 0, Sum: 0, Workers: 4
[38.769s][debug][gc,phases      ] GC(85)     Total                          Min: 0, Avg:  0.0, Max: 0, Diff: 0, Sum: 0, Workers: 4
[38.769s][debug][gc,phases      ] GC(85)   StringTable Weak               Min:  0.1, Avg:  0.1, Max:  0.1, Diff:  0.0, Sum:  0.4, Workers: 4
[38.769s][debug][gc,phases      ] GC(85)     Dead                           Min: 0, Avg:  0.0, Max: 0, Diff: 0, Sum: 0, Workers: 4
[38.769s][debug][gc,phases      ] GC(85)     Total                          Min: 10624, Avg: 11609.8, Max: 12711, Diff: 2087, Sum: 46439, Workers: 4
[38.769s][debug][gc,phases      ] GC(85)   ResolvedMethodTable Weak       Min:  0.0, Avg:  0.0, Max:  0.0, Diff:  0.0, Sum:  0.1, Workers: 4
[38.769s][debug][gc,phases      ] GC(85)     Dead                           Min: 0, Avg:  0.0, Max: 0, Diff: 0, Sum: 0, Workers: 4
[38.769s][debug][gc,phases      ] GC(85)     Total                          Min: 1851, Avg: 1961.0, Max: 2173, Diff: 322, Sum: 7844, Workers: 4
[38.769s][debug][gc,phases      ] GC(85)   JNI Weak                       Min:  0.0, Avg:  0.0, Max:  0.0, Diff:  0.0, Sum:  0.0, Workers: 4
[38.769s][debug][gc,phases      ] GC(85)     Dead                           Min: 0, Avg:  0.0, Max: 0, Diff: 0, Sum: 0, Workers: 4
[38.769s][debug][gc,phases      ] GC(85)     Total                          Min: 0, Avg:  3.8, Max: 15, Diff: 15, Sum: 15, Workers: 4
[38.769s][debug][gc,phases      ] GC(85)   StringDedup Table Weak         Min:  0.0, Avg:  0.0, Max:  0.0, Diff:  0.0, Sum:  0.0, Workers: 4
[38.769s][debug][gc,phases      ] GC(85)     Dead                           Min: 0, Avg:  0.0, Max: 0, Diff: 0, Sum: 0, Workers: 4
[38.769s][debug][gc,phases      ] GC(85)     Total                          Min: 0, Avg:  0.0, Max: 0, Diff: 0, Sum: 0, Workers: 4
[38.769s][debug][gc,phases      ] GC(85)   StringDedup Requests0 Weak     Min:  0.0, Avg:  0.0, Max:  0.0, Diff:  0.0, Sum:  0.0, Workers: 4
[38.769s][debug][gc,phases      ] GC(85)     Dead                           Min: 0, Avg:  0.0, Max: 0, Diff: 0, Sum: 0, Workers: 4
[38.769s][debug][gc,phases      ] GC(85)     Total                          Min: 0, Avg:  0.0, Max: 0, Diff: 0, Sum: 0, Workers: 4
[38.769s][debug][gc,phases      ] GC(85)   StringDedup Requests1 Weak     Min:  0.0, Avg:  0.0, Max:  0.0, Diff:  0.0, Sum:  0.0, Workers: 4
[38.769s][debug][gc,phases      ] GC(85)     Dead                           Min: 0, Avg:  0.0, Max: 0, Diff: 0, Sum: 0, Workers: 4
[38.769s][debug][gc,phases      ] GC(85)     Total                          Min: 0, Avg:  0.0, Max: 0, Diff: 0, Sum: 0, Workers: 4
[38.769s][debug][gc,phases      ] GC(85)   Weak JFR Old Object Samples    Min:  0.0, Avg:  0.0, Max:  0.0, Diff:  0.0, Sum:  0.0, Workers: 4
[38.769s][debug][gc,phases      ] GC(85)     Dead                           Min: 0, Avg:  0.0, Max: 0, Diff: 0, Sum: 0, Workers: 4
[38.769s][debug][gc,phases      ] GC(85)     Total                          Min: 0, Avg:  0.0, Max: 0, Diff: 0, Sum: 0, Workers: 4
[38.769s][debug][gc,phases      ] GC(85) Weak Processing 0.335ms
[38.769s][debug][gc,age         ] GC(85) Desired survivor size 135266304 bytes, new threshold 15 (max threshold 15)
[38.769s][info ][gc,heap        ] GC(85) PSYoungGen: 1871109K(1947136K)->72104K(1965056K) Eden: 1804288K(1804288K)->0K(1828864K) From: 66821K(142848K)->72104K(136192K)
[38.769s][info ][gc,heap        ] GC(85) ParOldGen: 392342K(485888K)->392350K(485888K)
[38.769s][info ][gc,metaspace   ] GC(85) Metaspace: 78817K(79680K)->78817K(79680K) NonClass: 67529K(67968K)->67529K(67968K) Class: 11287K(11712K)->11287K(11712K)
[38.769s][info ][gc             ] GC(85) Pause Young (Allocation Failure) 2210M->453M(2393M) 23.188ms
[38.769s][info ][gc,cpu         ] GC(85) User=0.11s Sys=0.00s Real=0.02s
[38.769s][info ][safepoint      ] Safepoint "ParallelGCFailedAllocation", Time since last: 88308470 ns, Reaching safepoint: 136303 ns, At safepoint: 23297367 ns, Total: 23433670 ns
[39.213s][info ][gc,start       ] GC(86) Pause Young (Allocation Failure)
[39.239s][debug][gc,phases      ] GC(86) Scavenge 26.652ms
[39.239s][debug][gc,ref         ] GC(86) Skipped phase 1 of Reference Processing: no references
[39.240s][debug][gc,ref         ] GC(86) ReferenceProcessor::execute queues: 1, RefProcThreadModel::Single, marks_oops_alive: false
[39.240s][debug][gc,ref         ] GC(86) Skipped phase 3 of Reference Processing: no references
[39.240s][debug][gc,ref         ] GC(86) ReferenceProcessor::execute queues: 1, RefProcThreadModel::Single, marks_oops_alive: false
[39.240s][debug][gc,phases      ] GC(86) Reference Processing 0.127ms
[39.240s][debug][gc,phases      ] GC(86)   VM Weak                        Min:  0.0, Avg:  0.0, Max:  0.0, Diff:  0.0, Sum:  0.0, Workers: 4
[39.240s][debug][gc,phases      ] GC(86)     Dead                           Min: 0, Avg:  0.0, Max: 0, Diff: 0, Sum: 0, Workers: 4
[39.240s][debug][gc,phases      ] GC(86)     Total                          Min: 0, Avg: 161.0, Max: 324, Diff: 324, Sum: 644, Workers: 4
[39.240s][debug][gc,phases      ] GC(86)   ObjectSynchronizer Weak        Min:  0.0, Avg:  0.0, Max:  0.0, Diff:  0.0, Sum:  0.0, Workers: 4
[39.240s][debug][gc,phases      ] GC(86)     Dead                           Min: 0, Avg:  0.0, Max: 0, Diff: 0, Sum: 0, Workers: 4
[39.240s][debug][gc,phases      ] GC(86)     Total                          Min: 0, Avg: 92.5, Max: 192, Diff: 192, Sum: 370, Workers: 4
[39.240s][debug][gc,phases      ] GC(86)   JVMTI Tag Weak OopStorage      Min:  0.0, Avg:  0.0, Max:  0.0, Diff:  0.0, Sum:  0.0, Workers: 4
[39.240s][debug][gc,phases      ] GC(86)     Dead                           Min: 0, Avg:  0.0, Max: 0, Diff: 0, Sum: 0, Workers: 4
[39.240s][debug][gc,phases      ] GC(86)     Total                          Min: 0, Avg:  0.0, Max: 0, Diff: 0, Sum: 0, Workers: 4
[39.240s][debug][gc,phases      ] GC(86)   StringTable Weak               Min:  0.0, Avg:  0.1, Max:  0.2, Diff:  0.2, Sum:  0.4, Workers: 4
[39.240s][debug][gc,phases      ] GC(86)     Dead                           Min: 0, Avg:  0.0, Max: 0, Diff: 0, Sum: 0, Workers: 4
[39.240s][debug][gc,phases      ] GC(86)     Total                          Min: 0, Avg: 11626.0, Max: 23336, Diff: 23336, Sum: 46504, Workers: 4
[39.240s][debug][gc,phases      ] GC(86)   ResolvedMethodTable Weak       Min:  0.0, Avg:  0.0, Max:  0.0, Diff:  0.0, Sum:  0.1, Workers: 4
[39.240s][debug][gc,phases      ] GC(86)     Dead                           Min: 0, Avg:  0.0, Max: 0, Diff: 0, Sum: 0, Workers: 4
[39.240s][debug][gc,phases      ] GC(86)     Total                          Min: 0, Avg: 1961.0, Max: 4073, Diff: 4073, Sum: 7844, Workers: 4
[39.240s][debug][gc,phases      ] GC(86)   JNI Weak                       Min:  0.0, Avg:  0.0, Max:  0.0, Diff:  0.0, Sum:  0.0, Workers: 4
[39.240s][debug][gc,phases      ] GC(86)     Dead                           Min: 0, Avg:  0.0, Max: 0, Diff: 0, Sum: 0, Workers: 4
[39.240s][debug][gc,phases      ] GC(86)     Total                          Min: 0, Avg:  4.0, Max: 16, Diff: 16, Sum: 16, Workers: 4
[39.240s][debug][gc,phases      ] GC(86)   StringDedup Table Weak         Min:  0.0, Avg:  0.0, Max:  0.0, Diff:  0.0, Sum:  0.0, Workers: 4
[39.240s][debug][gc,phases      ] GC(86)     Dead                           Min: 0, Avg:  0.0, Max: 0, Diff: 0, Sum: 0, Workers: 4
[39.240s][debug][gc,phases      ] GC(86)     Total                          Min: 0, Avg:  0.0, Max: 0, Diff: 0, Sum: 0, Workers: 4
[39.240s][debug][gc,phases      ] GC(86)   StringDedup Requests0 Weak     Min:  0.0, Avg:  0.0, Max:  0.0, Diff:  0.0, Sum:  0.0, Workers: 4
[39.240s][debug][gc,phases      ] GC(86)     Dead                           Min: 0, Avg:  0.0, Max: 0, Diff: 0, Sum: 0, Workers: 4
[39.240s][debug][gc,phases      ] GC(86)     Total                          Min: 0, Avg:  0.0, Max: 0, Diff: 0, Sum: 0, Workers: 4
[39.240s][debug][gc,phases      ] GC(86)   StringDedup Requests1 Weak     Min:  0.0, Avg:  0.0, Max:  0.0, Diff:  0.0, Sum:  0.0, Workers: 4
[39.240s][debug][gc,phases      ] GC(86)     Dead                           Min: 0, Avg:  0.0, Max: 0, Diff: 0, Sum: 0, Workers: 4
[39.240s][debug][gc,phases      ] GC(86)     Total                          Min: 0, Avg:  0.0, Max: 0, Diff: 0, Sum: 0, Workers: 4
[39.240s][debug][gc,phases      ] GC(86)   Weak JFR Old Object Samples    Min:  0.0, Avg:  0.0, Max:  0.0, Diff:  0.0, Sum:  0.0, Workers: 4
[39.240s][debug][gc,phases      ] GC(86)     Dead                           Min: 0, Avg:  0.0, Max: 0, Diff: 0, Sum: 0, Workers: 4
[39.240s][debug][gc,phases      ] GC(86)     Total                          Min: 0, Avg:  0.0, Max: 0, Diff: 0, Sum: 0, Workers: 4
[39.240s][debug][gc,phases      ] GC(86) Weak Processing 0.458ms
[39.240s][debug][gc,age         ] GC(86) Desired survivor size 133693440 bytes, new threshold 15 (max threshold 15)
[39.240s][info ][gc,heap        ] GC(86) PSYoungGen: 1900968K(1965056K)->77448K(1960960K) Eden: 1828864K(1828864K)->0K(1828864K) From: 72104K(136192K)->77448K(132096K)
[39.240s][info ][gc,heap        ] GC(86) ParOldGen: 392350K(485888K)->392358K(485888K)
[39.240s][info ][gc,metaspace   ] GC(86) Metaspace: 78961K(79808K)->78961K(79808K) NonClass: 67670K(68096K)->67670K(68096K) Class: 11290K(11712K)->11290K(11712K)
[39.240s][info ][gc             ] GC(86) Pause Young (Allocation Failure) 2239M->458M(2389M) 27.371ms
[39.240s][info ][gc,cpu         ] GC(86) User=0.10s Sys=0.00s Real=0.03s
[39.240s][info ][safepoint      ] Safepoint "ParallelGCFailedAllocation", Time since last: 443667694 ns, Reaching safepoint: 228005 ns, At safepoint: 27486151 ns, Total: 27714156 ns
[39.683s][info ][gc,start       ] GC(87) Pause Young (Allocation Failure)
[39.709s][debug][gc,phases      ] GC(87) Scavenge 25.968ms
[39.709s][debug][gc,ref         ] GC(87) Skipped phase 1 of Reference Processing: no references
[39.709s][debug][gc,ref         ] GC(87) ReferenceProcessor::execute queues: 1, RefProcThreadModel::Single, marks_oops_alive: false
[39.709s][debug][gc,ref         ] GC(87) Skipped phase 3 of Reference Processing: no references
[39.709s][debug][gc,ref         ] GC(87) ReferenceProcessor::execute queues: 1, RefProcThreadModel::Single, marks_oops_alive: false
[39.709s][debug][gc,phases      ] GC(87) Reference Processing 0.139ms
[39.709s][debug][gc,phases      ] GC(87)   VM Weak                        Min:  0.0, Avg:  0.0, Max:  0.0, Diff:  0.0, Sum:  0.0, Workers: 4
[39.709s][debug][gc,phases      ] GC(87)     Dead                           Min: 0, Avg:  0.0, Max: 0, Diff: 0, Sum: 0, Workers: 4
[39.709s][debug][gc,phases      ] GC(87)     Total                          Min: 0, Avg: 161.0, Max: 644, Diff: 644, Sum: 644, Workers: 4
[39.709s][debug][gc,phases      ] GC(87)   ObjectSynchronizer Weak        Min:  0.0, Avg:  0.0, Max:  0.0, Diff:  0.0, Sum:  0.0, Workers: 4
[39.709s][debug][gc,phases      ] GC(87)     Dead                           Min: 0, Avg:  0.0, Max: 0, Diff: 0, Sum: 0, Workers: 4
[39.709s][debug][gc,phases      ] GC(87)     Total                          Min: 0, Avg: 92.8, Max: 179, Diff: 179, Sum: 371, Workers: 4
[39.709s][debug][gc,phases      ] GC(87)   JVMTI Tag Weak OopStorage      Min:  0.0, Avg:  0.0, Max:  0.0, Diff:  0.0, Sum:  0.0, Workers: 4
[39.709s][debug][gc,phases      ] GC(87)     Dead                           Min: 0, Avg:  0.0, Max: 0, Diff: 0, Sum: 0, Workers: 4
[39.709s][debug][gc,phases      ] GC(87)     Total                          Min: 0, Avg:  0.0, Max: 0, Diff: 0, Sum: 0, Workers: 4
[39.709s][debug][gc,phases      ] GC(87)   StringTable Weak               Min:  0.1, Avg:  0.1, Max:  0.1, Diff:  0.0, Sum:  0.5, Workers: 4
[39.709s][debug][gc,phases      ] GC(87)     Dead                           Min: 0, Avg:  0.0, Max: 0, Diff: 0, Sum: 0, Workers: 4
[39.709s][debug][gc,phases      ] GC(87)     Total                          Min: 10223, Avg: 11627.8, Max: 13376, Diff: 3153, Sum: 46511, Workers: 4
[39.709s][debug][gc,phases      ] GC(87)   ResolvedMethodTable Weak       Min:  0.0, Avg:  0.0, Max:  0.0, Diff:  0.0, Sum:  0.1, Workers: 4
[39.709s][debug][gc,phases      ] GC(87)     Dead                           Min: 0, Avg:  0.0, Max: 0, Diff: 0, Sum: 0, Workers: 4
[39.709s][debug][gc,phases      ] GC(87)     Total                          Min: 1790, Avg: 1961.5, Max: 2297, Diff: 507, Sum: 7846, Workers: 4
[39.709s][debug][gc,phases      ] GC(87)   JNI Weak                       Min:  0.0, Avg:  0.0, Max:  0.0, Diff:  0.0, Sum:  0.0, Workers: 4
[39.709s][debug][gc,phases      ] GC(87)     Dead                           Min: 0, Avg:  0.0, Max: 0, Diff: 0, Sum: 0, Workers: 4
[39.709s][debug][gc,phases      ] GC(87)     Total                          Min: 0, Avg:  2.8, Max: 11, Diff: 11, Sum: 11, Workers: 4
[39.709s][debug][gc,phases      ] GC(87)   StringDedup Table Weak         Min:  0.0, Avg:  0.0, Max:  0.0, Diff:  0.0, Sum:  0.0, Workers: 4
[39.709s][debug][gc,phases      ] GC(87)     Dead                           Min: 0, Avg:  0.0, Max: 0, Diff: 0, Sum: 0, Workers: 4
[39.709s][debug][gc,phases      ] GC(87)     Total                          Min: 0, Avg:  0.0, Max: 0, Diff: 0, Sum: 0, Workers: 4
[39.709s][debug][gc,phases      ] GC(87)   StringDedup Requests0 Weak     Min:  0.0, Avg:  0.0, Max:  0.0, Diff:  0.0, Sum:  0.0, Workers: 4
[39.709s][debug][gc,phases      ] GC(87)     Dead                           Min: 0, Avg:  0.0, Max: 0, Diff: 0, Sum: 0, Workers: 4
[39.709s][debug][gc,phases      ] GC(87)     Total                          Min: 0, Avg:  0.0, Max: 0, Diff: 0, Sum: 0, Workers: 4
[39.709s][debug][gc,phases      ] GC(87)   StringDedup Requests1 Weak     Min:  0.0, Avg:  0.0, Max:  0.0, Diff:  0.0, Sum:  0.0, Workers: 4
[39.709s][debug][gc,phases      ] GC(87)     Dead                           Min: 0, Avg:  0.0, Max: 0, Diff: 0, Sum: 0, Workers: 4
[39.709s][debug][gc,phases      ] GC(87)     Total                          Min: 0, Avg:  0.0, Max: 0, Diff: 0, Sum: 0, Workers: 4
[39.709s][debug][gc,phases      ] GC(87)   Weak JFR Old Object Samples    Min:  0.0, Avg:  0.0, Max:  0.0, Diff:  0.0, Sum:  0.0, Workers: 4
[39.709s][debug][gc,phases      ] GC(87)     Dead                           Min: 0, Avg:  0.0, Max: 0, Diff: 0, Sum: 0, Workers: 4
[39.709s][debug][gc,phases      ] GC(87)     Total                          Min: 0, Avg:  0.0, Max: 0, Diff: 0, Sum: 0, Workers: 4
[39.709s][debug][gc,phases      ] GC(87) Weak Processing 0.342ms
[39.709s][debug][gc,age         ] GC(87) Desired survivor size 132644864 bytes, new threshold 15 (max threshold 15)
[39.709s][info ][gc,heap        ] GC(87) PSYoungGen: 1906312K(1960960K)->80669K(1967616K) Eden: 1828864K(1828864K)->0K(1837056K) From: 77448K(132096K)->80669K(130560K)
[39.709s][info ][gc,heap        ] GC(87) ParOldGen: 392358K(485888K)->392366K(485888K)
[39.709s][info ][gc,metaspace   ] GC(87) Metaspace: 79084K(79936K)->79084K(79936K) NonClass: 67792K(68224K)->67792K(68224K) Class: 11292K(11712K)->11292K(11712K)
[39.709s][info ][gc             ] GC(87) Pause Young (Allocation Failure) 2244M->461M(2396M) 26.615ms
[39.709s][info ][gc,cpu         ] GC(87) User=0.11s Sys=0.01s Real=0.03s
[39.709s][info ][safepoint      ] Safepoint "ParallelGCFailedAllocation", Time since last: 442286966 ns, Reaching safepoint: 279206 ns, At safepoint: 26746436 ns, Total: 27025642 ns
[40.084s][info ][gc,start       ] GC(88) Pause Young (Allocation Failure)
[40.109s][debug][gc,phases      ] GC(88) Scavenge 25.264ms
[40.109s][debug][gc,ref         ] GC(88) Skipped phase 1 of Reference Processing: no references
[40.110s][debug][gc,ref         ] GC(88) ReferenceProcessor::execute queues: 1, RefProcThreadModel::Single, marks_oops_alive: false
[40.110s][debug][gc,ref         ] GC(88) Skipped phase 3 of Reference Processing: no references
[40.110s][debug][gc,ref         ] GC(88) ReferenceProcessor::execute queues: 1, RefProcThreadModel::Single, marks_oops_alive: false
[40.110s][debug][gc,phases      ] GC(88) Reference Processing 0.134ms
[40.110s][debug][gc,phases      ] GC(88)   VM Weak                        Min:  0.0, Avg:  0.0, Max:  0.0, Diff:  0.0, Sum:  0.0, Workers: 4
[40.110s][debug][gc,phases      ] GC(88)     Dead                           Min: 0, Avg:  0.0, Max: 0, Diff: 0, Sum: 0, Workers: 4
[40.110s][debug][gc,phases      ] GC(88)     Total                          Min: 0, Avg: 161.2, Max: 325, Diff: 325, Sum: 645, Workers: 4
[40.110s][debug][gc,phases      ] GC(88)   ObjectSynchronizer Weak        Min:  0.0, Avg:  0.0, Max:  0.0, Diff:  0.0, Sum:  0.0, Workers: 4
[40.110s][debug][gc,phases      ] GC(88)     Dead                           Min: 0, Avg:  0.0, Max: 0, Diff: 0, Sum: 0, Workers: 4
[40.110s][debug][gc,phases      ] GC(88)     Total                          Min: 0, Avg: 92.8, Max: 179, Diff: 179, Sum: 371, Workers: 4
[40.110s][debug][gc,phases      ] GC(88)   JVMTI Tag Weak OopStorage      Min:  0.0, Avg:  0.0, Max:  0.0, Diff:  0.0, Sum:  0.0, Workers: 4
[40.110s][debug][gc,phases      ] GC(88)     Dead                           Min: 0, Avg:  0.0, Max: 0, Diff: 0, Sum: 0, Workers: 4
[40.110s][debug][gc,phases      ] GC(88)     Total                          Min: 0, Avg:  0.0, Max: 0, Diff: 0, Sum: 0, Workers: 4
[40.110s][debug][gc,phases      ] GC(88)   StringTable Weak               Min:  0.1, Avg:  0.1, Max:  0.1, Diff:  0.0, Sum:  0.5, Workers: 4
[40.110s][debug][gc,phases      ] GC(88)     Dead                           Min: 0, Avg:  0.0, Max: 0, Diff: 0, Sum: 0, Workers: 4
[40.110s][debug][gc,phases      ] GC(88)     Total                          Min: 10880, Avg: 11630.8, Max: 12411, Diff: 1531, Sum: 46523, Workers: 4
[40.110s][debug][gc,phases      ] GC(88)   ResolvedMethodTable Weak       Min:  0.0, Avg:  0.0, Max:  0.0, Diff:  0.0, Sum:  0.1, Workers: 4
[40.110s][debug][gc,phases      ] GC(88)     Dead                           Min: 0, Avg:  0.0, Max: 0, Diff: 0, Sum: 0, Workers: 4
[40.110s][debug][gc,phases      ] GC(88)     Total                          Min: 1725, Avg: 1962.5, Max: 2239, Diff: 514, Sum: 7850, Workers: 4
[40.110s][debug][gc,phases      ] GC(88)   JNI Weak                       Min:  0.0, Avg:  0.0, Max:  0.0, Diff:  0.0, Sum:  0.0, Workers: 4
[40.110s][debug][gc,phases      ] GC(88)     Dead                           Min: 0, Avg:  0.0, Max: 0, Diff: 0, Sum: 0, Workers: 4
[40.110s][debug][gc,phases      ] GC(88)     Total                          Min: 0, Avg:  3.2, Max: 13, Diff: 13, Sum: 13, Workers: 4
[40.110s][debug][gc,phases      ] GC(88)   StringDedup Table Weak         Min:  0.0, Avg:  0.0, Max:  0.0, Diff:  0.0, Sum:  0.0, Workers: 4
[40.110s][debug][gc,phases      ] GC(88)     Dead                           Min: 0, Avg:  0.0, Max: 0, Diff: 0, Sum: 0, Workers: 4
[40.110s][debug][gc,phases      ] GC(88)     Total                          Min: 0, Avg:  0.0, Max: 0, Diff: 0, Sum: 0, Workers: 4
[40.110s][debug][gc,phases      ] GC(88)   StringDedup Requests0 Weak     Min:  0.0, Avg:  0.0, Max:  0.0, Diff:  0.0, Sum:  0.0, Workers: 4
[40.110s][debug][gc,phases      ] GC(88)     Dead                           Min: 0, Avg:  0.0, Max: 0, Diff: 0, Sum: 0, Workers: 4
[40.110s][debug][gc,phases      ] GC(88)     Total                          Min: 0, Avg:  0.0, Max: 0, Diff: 0, Sum: 0, Workers: 4
[40.110s][debug][gc,phases      ] GC(88)   StringDedup Requests1 Weak     Min:  0.0, Avg:  0.0, Max:  0.0, Diff:  0.0, Sum:  0.0, Workers: 4
[40.110s][debug][gc,phases      ] GC(88)     Dead                           Min: 0, Avg:  0.0, Max: 0, Diff: 0, Sum: 0, Workers: 4
[40.110s][debug][gc,phases      ] GC(88)     Total                          Min: 0, Avg:  0.0, Max: 0, Diff: 0, Sum: 0, Workers: 4
[40.110s][debug][gc,phases      ] GC(88)   Weak JFR Old Object Samples    Min:  0.0, Avg:  0.0, Max:  0.0, Diff:  0.0, Sum:  0.0, Workers: 4
[40.110s][debug][gc,phases      ] GC(88)     Dead                           Min: 0, Avg:  0.0, Max: 0, Diff: 0, Sum: 0, Workers: 4
[40.110s][debug][gc,phases      ] GC(88)     Total                          Min: 0, Avg:  0.0, Max: 0, Diff: 0, Sum: 0, Workers: 4
[40.110s][debug][gc,phases      ] GC(88) Weak Processing 0.340ms
[40.110s][debug][gc,age         ] GC(88) Desired survivor size 131596288 bytes, new threshold 15 (max threshold 15)
[40.110s][info ][gc,heap        ] GC(88) PSYoungGen: 1917725K(1967616K)->81032K(1966592K) Eden: 1837056K(1837056K)->0K(1837056K) From: 80669K(130560K)->81032K(129536K)
[40.110s][info ][gc,heap        ] GC(88) ParOldGen: 392366K(485888K)->392374K(485888K)
[40.110s][info ][gc,metaspace   ] GC(88) Metaspace: 79157K(80000K)->79157K(80000K) NonClass: 67860K(68288K)->67860K(68288K) Class: 11296K(11712K)->11296K(11712K)
[40.110s][info ][gc             ] GC(88) Pause Young (Allocation Failure) 2255M->462M(2395M) 25.884ms
[40.110s][info ][gc,cpu         ] GC(88) User=0.11s Sys=0.00s Real=0.03s
[40.110s][info ][safepoint      ] Safepoint "ParallelGCFailedAllocation", Time since last: 374138200 ns, Reaching safepoint: 450109 ns, At safepoint: 26006922 ns, Total: 26457031 ns
[40.544s][info ][gc,start       ] GC(89) Pause Young (Allocation Failure)
[40.576s][debug][gc,phases      ] GC(89) Scavenge 31.959ms
[40.576s][debug][gc,ref         ] GC(89) Skipped phase 1 of Reference Processing: no references
[40.576s][debug][gc,ref         ] GC(89) ReferenceProcessor::execute queues: 1, RefProcThreadModel::Single, marks_oops_alive: false
[40.576s][debug][gc,ref         ] GC(89) Skipped phase 3 of Reference Processing: no references
[40.576s][debug][gc,ref         ] GC(89) ReferenceProcessor::execute queues: 1, RefProcThreadModel::Single, marks_oops_alive: false
[40.576s][debug][gc,phases      ] GC(89) Reference Processing 0.130ms
[40.577s][debug][gc,phases      ] GC(89)   VM Weak                        Min:  0.0, Avg:  0.0, Max:  0.0, Diff:  0.0, Sum:  0.0, Workers: 4
[40.577s][debug][gc,phases      ] GC(89)     Dead                           Min: 0, Avg:  0.0, Max: 0, Diff: 0, Sum: 0, Workers: 4
[40.577s][debug][gc,phases      ] GC(89)     Total                          Min: 0, Avg: 161.2, Max: 645, Diff: 645, Sum: 645, Workers: 4
[40.577s][debug][gc,phases      ] GC(89)   ObjectSynchronizer Weak        Min:  0.0, Avg:  0.0, Max:  0.0, Diff:  0.0, Sum:  0.0, Workers: 4
[40.577s][debug][gc,phases      ] GC(89)     Dead                           Min: 0, Avg:  0.0, Max: 0, Diff: 0, Sum: 0, Workers: 4
[40.577s][debug][gc,phases      ] GC(89)     Total                          Min: 0, Avg: 92.8, Max: 243, Diff: 243, Sum: 371, Workers: 4
[40.577s][debug][gc,phases      ] GC(89)   JVMTI Tag Weak OopStorage      Min:  0.0, Avg:  0.0, Max:  0.0, Diff:  0.0, Sum:  0.0, Workers: 4
[40.577s][debug][gc,phases      ] GC(89)     Dead                           Min: 0, Avg:  0.0, Max: 0, Diff: 0, Sum: 0, Workers: 4
[40.577s][debug][gc,phases      ] GC(89)     Total                          Min: 0, Avg:  0.0, Max: 0, Diff: 0, Sum: 0, Workers: 4
[40.577s][debug][gc,phases      ] GC(89)   StringTable Weak               Min:  0.1, Avg:  0.1, Max:  0.1, Diff:  0.0, Sum:  0.5, Workers: 4
[40.577s][debug][gc,phases      ] GC(89)     Dead                           Min: 0, Avg:  0.0, Max: 0, Diff: 0, Sum: 0, Workers: 4
[40.577s][debug][gc,phases      ] GC(89)     Total                          Min: 10432, Avg: 11634.5, Max: 12746, Diff: 2314, Sum: 46538, Workers: 4
[40.577s][debug][gc,phases      ] GC(89)   ResolvedMethodTable Weak       Min:  0.0, Avg:  0.0, Max:  0.0, Diff:  0.0, Sum:  0.1, Workers: 4
[40.577s][debug][gc,phases      ] GC(89)     Dead                           Min: 0, Avg:  0.0, Max: 0, Diff: 0, Sum: 0, Workers: 4
[40.577s][debug][gc,phases      ] GC(89)     Total                          Min: 1662, Avg: 1962.5, Max: 2417, Diff: 755, Sum: 7850, Workers: 4
[40.577s][debug][gc,phases      ] GC(89)   JNI Weak                       Min:  0.0, Avg:  0.0, Max:  0.0, Diff:  0.0, Sum:  0.0, Workers: 4
[40.577s][debug][gc,phases      ] GC(89)     Dead                           Min: 0, Avg:  0.0, Max: 0, Diff: 0, Sum: 0, Workers: 4
[40.577s][debug][gc,phases      ] GC(89)     Total                          Min: 0, Avg:  0.8, Max: 3, Diff: 3, Sum: 3, Workers: 4
[40.577s][debug][gc,phases      ] GC(89)   StringDedup Table Weak         Min:  0.0, Avg:  0.0, Max:  0.0, Diff:  0.0, Sum:  0.0, Workers: 4
[40.577s][debug][gc,phases      ] GC(89)     Dead                           Min: 0, Avg:  0.0, Max: 0, Diff: 0, Sum: 0, Workers: 4
[40.577s][debug][gc,phases      ] GC(89)     Total                          Min: 0, Avg:  0.0, Max: 0, Diff: 0, Sum: 0, Workers: 4
[40.577s][debug][gc,phases      ] GC(89)   StringDedup Requests0 Weak     Min:  0.0, Avg:  0.0, Max:  0.0, Diff:  0.0, Sum:  0.0, Workers: 4
[40.577s][debug][gc,phases      ] GC(89)     Dead                           Min: 0, Avg:  0.0, Max: 0, Diff: 0, Sum: 0, Workers: 4
[40.577s][debug][gc,phases      ] GC(89)     Total                          Min: 0, Avg:  0.0, Max: 0, Diff: 0, Sum: 0, Workers: 4
[40.577s][debug][gc,phases      ] GC(89)   StringDedup Requests1 Weak     Min:  0.0, Avg:  0.0, Max:  0.0, Diff:  0.0, Sum:  0.0, Workers: 4
[40.577s][debug][gc,phases      ] GC(89)     Dead                           Min: 0, Avg:  0.0, Max: 0, Diff: 0, Sum: 0, Workers: 4
[40.577s][debug][gc,phases      ] GC(89)     Total                          Min: 0, Avg:  0.0, Max: 0, Diff: 0, Sum: 0, Workers: 4
[40.577s][debug][gc,phases      ] GC(89)   Weak JFR Old Object Samples    Min:  0.0, Avg:  0.0, Max:  0.0, Diff:  0.0, Sum:  0.0, Workers: 4
[40.577s][debug][gc,phases      ] GC(89)     Dead                           Min: 0, Avg:  0.0, Max: 0, Diff: 0, Sum: 0, Workers: 4
[40.577s][debug][gc,phases      ] GC(89)     Total                          Min: 0, Avg:  0.0, Max: 0, Diff: 0, Sum: 0, Workers: 4
[40.577s][debug][gc,phases      ] GC(89) Weak Processing 0.341ms
[40.577s][debug][gc,age         ] GC(89) Desired survivor size 133693440 bytes, new threshold 15 (max threshold 15)
[40.577s][info ][gc,heap        ] GC(89) PSYoungGen: 1918088K(1966592K)->90424K(1964544K) Eden: 1837056K(1837056K)->0K(1836032K) From: 81032K(129536K)->90424K(128512K)
[40.577s][info ][gc,heap        ] GC(89) ParOldGen: 392374K(485888K)->392382K(485888K)
[40.577s][info ][gc,metaspace   ] GC(89) Metaspace: 79172K(80000K)->79172K(80000K) NonClass: 67876K(68288K)->67876K(68288K) Class: 11296K(11712K)->11296K(11712K)
[40.577s][info ][gc             ] GC(89) Pause Young (Allocation Failure) 2256M->471M(2393M) 32.569ms
[40.577s][info ][gc,cpu         ] GC(89) User=0.13s Sys=0.00s Real=0.04s
[40.577s][info ][safepoint      ] Safepoint "ParallelGCFailedAllocation", Time since last: 433804596 ns, Reaching safepoint: 259105 ns, At safepoint: 32680555 ns, Total: 32939660 ns
[41.081s][info ][gc,start       ] GC(90) Pause Young (Allocation Failure)
[41.132s][debug][gc,phases      ] GC(90) Scavenge 50.826ms
[41.132s][debug][gc,ref         ] GC(90) Skipped phase 1 of Reference Processing: no references
[41.132s][debug][gc,ref         ] GC(90) ReferenceProcessor::execute queues: 1, RefProcThreadModel::Single, marks_oops_alive: false
[41.132s][debug][gc,ref         ] GC(90) Skipped phase 3 of Reference Processing: no references
[41.132s][debug][gc,ref         ] GC(90) ReferenceProcessor::execute queues: 1, RefProcThreadModel::Single, marks_oops_alive: false
[41.132s][debug][gc,phases      ] GC(90) Reference Processing 0.151ms
[41.132s][debug][gc,phases      ] GC(90)   VM Weak                        Min:  0.0, Avg:  0.0, Max:  0.0, Diff:  0.0, Sum:  0.0, Workers: 4
[41.133s][debug][gc,phases      ] GC(90)     Dead                           Min: 0, Avg:  0.0, Max: 0, Diff: 0, Sum: 0, Workers: 4
[41.133s][debug][gc,phases      ] GC(90)     Total                          Min: 0, Avg: 161.2, Max: 512, Diff: 512, Sum: 645, Workers: 4
[41.133s][debug][gc,phases      ] GC(90)   ObjectSynchronizer Weak        Min:  0.0, Avg:  0.0, Max:  0.0, Diff:  0.0, Sum:  0.0, Workers: 4
[41.133s][debug][gc,phases      ] GC(90)     Dead                           Min: 0, Avg:  0.0, Max: 0, Diff: 0, Sum: 0, Workers: 4
[41.133s][debug][gc,phases      ] GC(90)     Total                          Min: 0, Avg: 92.8, Max: 179, Diff: 179, Sum: 371, Workers: 4
[41.133s][debug][gc,phases      ] GC(90)   JVMTI Tag Weak OopStorage      Min:  0.0, Avg:  0.0, Max:  0.0, Diff:  0.0, Sum:  0.0, Workers: 4
[41.133s][debug][gc,phases      ] GC(90)     Dead                           Min: 0, Avg:  0.0, Max: 0, Diff: 0, Sum: 0, Workers: 4
[41.133s][debug][gc,phases      ] GC(90)     Total                          Min: 0, Avg:  0.0, Max: 0, Diff: 0, Sum: 0, Workers: 4
[41.133s][debug][gc,phases      ] GC(90)   StringTable Weak               Min:  0.1, Avg:  0.2, Max:  0.2, Diff:  0.1, Sum:  0.7, Workers: 4
[41.133s][debug][gc,phases      ] GC(90)     Dead                           Min: 0, Avg:  0.0, Max: 0, Diff: 0, Sum: 0, Workers: 4
[41.133s][debug][gc,phases      ] GC(90)     Total                          Min: 1280, Avg: 11636.8, Max: 17235, Diff: 15955, Sum: 46547, Workers: 4
[41.133s][debug][gc,phases      ] GC(90)   ResolvedMethodTable Weak       Min:  0.0, Avg:  0.0, Max:  0.0, Diff:  0.0, Sum:  0.1, Workers: 4
[41.133s][debug][gc,phases      ] GC(90)     Dead                           Min: 0, Avg:  0.0, Max: 0, Diff: 0, Sum: 0, Workers: 4
[41.133s][debug][gc,phases      ] GC(90)     Total                          Min: 127, Avg: 1962.8, Max: 3248, Diff: 3121, Sum: 7851, Workers: 4
[41.133s][debug][gc,phases      ] GC(90)   JNI Weak                       Min:  0.0, Avg:  0.0, Max:  0.0, Diff:  0.0, Sum:  0.0, Workers: 4
[41.133s][debug][gc,phases      ] GC(90)     Dead                           Min: 0, Avg:  0.0, Max: 0, Diff: 0, Sum: 0, Workers: 4
[41.133s][debug][gc,phases      ] GC(90)     Total                          Min: 0, Avg:  1.8, Max: 7, Diff: 7, Sum: 7, Workers: 4
[41.133s][debug][gc,phases      ] GC(90)   StringDedup Table Weak         Min:  0.0, Avg:  0.0, Max:  0.0, Diff:  0.0, Sum:  0.0, Workers: 4
[41.133s][debug][gc,phases      ] GC(90)     Dead                           Min: 0, Avg:  0.0, Max: 0, Diff: 0, Sum: 0, Workers: 4
[41.133s][debug][gc,phases      ] GC(90)     Total                          Min: 0, Avg:  0.0, Max: 0, Diff: 0, Sum: 0, Workers: 4
[41.133s][debug][gc,phases      ] GC(90)   StringDedup Requests0 Weak     Min:  0.0, Avg:  0.0, Max:  0.0, Diff:  0.0, Sum:  0.0, Workers: 4
[41.133s][debug][gc,phases      ] GC(90)     Dead                           Min: 0, Avg:  0.0, Max: 0, Diff: 0, Sum: 0, Workers: 4
[41.133s][debug][gc,phases      ] GC(90)     Total                          Min: 0, Avg:  0.0, Max: 0, Diff: 0, Sum: 0, Workers: 4
[41.133s][debug][gc,phases      ] GC(90)   StringDedup Requests1 Weak     Min:  0.0, Avg:  0.0, Max:  0.0, Diff:  0.0, Sum:  0.0, Workers: 4
[41.133s][debug][gc,phases      ] GC(90)     Dead                           Min: 0, Avg:  0.0, Max: 0, Diff: 0, Sum: 0, Workers: 4
[41.133s][debug][gc,phases      ] GC(90)     Total                          Min: 0, Avg:  0.0, Max: 0, Diff: 0, Sum: 0, Workers: 4
[41.133s][debug][gc,phases      ] GC(90)   Weak JFR Old Object Samples    Min:  0.0, Avg:  0.0, Max:  0.0, Diff:  0.0, Sum:  0.0, Workers: 4
[41.133s][debug][gc,phases      ] GC(90)     Dead                           Min: 0, Avg:  0.0, Max: 0, Diff: 0, Sum: 0, Workers: 4
[41.133s][debug][gc,phases      ] GC(90)     Total                          Min: 0, Avg:  0.0, Max: 0, Diff: 0, Sum: 0, Workers: 4
[41.133s][debug][gc,phases      ] GC(90) Weak Processing 0.414ms
[41.133s][debug][gc,age         ] GC(90) Desired survivor size 136314880 bytes, new threshold 15 (max threshold 15)
[41.133s][info ][gc,heap        ] GC(90) PSYoungGen: 1926456K(1964544K)->93131K(1929216K) Eden: 1836032K(1836032K)->0K(1836032K) From: 90424K(128512K)->93131K(93184K)
[41.133s][info ][gc,heap        ] GC(90) ParOldGen: 392382K(485888K)->392382K(485888K)
[41.133s][info ][gc,metaspace   ] GC(90) Metaspace: 79217K(80064K)->79217K(80064K) NonClass: 67916K(68352K)->67916K(68352K) Class: 11301K(11712K)->11301K(11712K)
[41.133s][info ][gc             ] GC(90) Pause Young (Allocation Failure) 2264M->474M(2358M) 51.543ms
[41.133s][info ][gc,cpu         ] GC(90) User=0.15s Sys=0.00s Real=0.05s
[41.133s][info ][safepoint      ] Safepoint "ParallelGCFailedAllocation", Time since last: 499956323 ns, Reaching safepoint: 4313786 ns, At safepoint: 51667736 ns, Total: 55981522 ns
[41.686s][info ][gc,start       ] GC(91) Pause Young (Allocation Failure)
[41.722s][debug][gc,phases      ] GC(91) Scavenge 36.620ms
[41.723s][debug][gc,ref         ] GC(91) Skipped phase 1 of Reference Processing: no references
[41.723s][debug][gc,ref         ] GC(91) ReferenceProcessor::execute queues: 1, RefProcThreadModel::Single, marks_oops_alive: false
[41.723s][debug][gc,ref         ] GC(91) Skipped phase 3 of Reference Processing: no references
[41.723s][debug][gc,ref         ] GC(91) ReferenceProcessor::execute queues: 1, RefProcThreadModel::Single, marks_oops_alive: false
[41.723s][debug][gc,phases      ] GC(91) Reference Processing 0.136ms
[41.723s][debug][gc,phases      ] GC(91)   VM Weak                        Min:  0.0, Avg:  0.0, Max:  0.0, Diff:  0.0, Sum:  0.0, Workers: 4
[41.723s][debug][gc,phases      ] GC(91)     Dead                           Min: 0, Avg:  0.0, Max: 0, Diff: 0, Sum: 0, Workers: 4
[41.723s][debug][gc,phases      ] GC(91)     Total                          Min: 0, Avg: 161.2, Max: 325, Diff: 325, Sum: 645, Workers: 4
[41.723s][debug][gc,phases      ] GC(91)   ObjectSynchronizer Weak        Min:  0.0, Avg:  0.0, Max:  0.0, Diff:  0.0, Sum:  0.0, Workers: 4
[41.723s][debug][gc,phases      ] GC(91)     Dead                           Min: 0, Avg:  0.0, Max: 0, Diff: 0, Sum: 0, Workers: 4
[41.723s][debug][gc,phases      ] GC(91)     Total                          Min: 0, Avg: 92.8, Max: 192, Diff: 192, Sum: 371, Workers: 4
[41.723s][debug][gc,phases      ] GC(91)   JVMTI Tag Weak OopStorage      Min:  0.0, Avg:  0.0, Max:  0.0, Diff:  0.0, Sum:  0.0, Workers: 4
[41.723s][debug][gc,phases      ] GC(91)     Dead                           Min: 0, Avg:  0.0, Max: 0, Diff: 0, Sum: 0, Workers: 4
[41.723s][debug][gc,phases      ] GC(91)     Total                          Min: 0, Avg:  0.0, Max: 0, Diff: 0, Sum: 0, Workers: 4
[41.723s][debug][gc,phases      ] GC(91)   StringTable Weak               Min:  0.1, Avg:  0.1, Max:  0.1, Diff:  0.0, Sum:  0.5, Workers: 4
[41.723s][debug][gc,phases      ] GC(91)     Dead                           Min: 0, Avg:  0.0, Max: 0, Diff: 0, Sum: 0, Workers: 4
[41.723s][debug][gc,phases      ] GC(91)     Total                          Min: 11072, Avg: 11638.5, Max: 13018, Diff: 1946, Sum: 46554, Workers: 4
[41.723s][debug][gc,phases      ] GC(91)   ResolvedMethodTable Weak       Min:  0.0, Avg:  0.0, Max:  0.0, Diff:  0.0, Sum:  0.1, Workers: 4
[41.723s][debug][gc,phases      ] GC(91)     Dead                           Min: 0, Avg:  0.0, Max: 0, Diff: 0, Sum: 0, Workers: 4
[41.723s][debug][gc,phases      ] GC(91)     Total                          Min: 1789, Avg: 1962.8, Max: 2290, Diff: 501, Sum: 7851, Workers: 4
[41.723s][debug][gc,phases      ] GC(91)   JNI Weak                       Min:  0.0, Avg:  0.0, Max:  0.0, Diff:  0.0, Sum:  0.0, Workers: 4
[41.723s][debug][gc,phases      ] GC(91)     Dead                           Min: 0, Avg:  0.0, Max: 0, Diff: 0, Sum: 0, Workers: 4
[41.723s][debug][gc,phases      ] GC(91)     Total                          Min: 0, Avg:  0.8, Max: 3, Diff: 3, Sum: 3, Workers: 4
[41.723s][debug][gc,phases      ] GC(91)   StringDedup Table Weak         Min:  0.0, Avg:  0.0, Max:  0.0, Diff:  0.0, Sum:  0.0, Workers: 4
[41.723s][debug][gc,phases      ] GC(91)     Dead                           Min: 0, Avg:  0.0, Max: 0, Diff: 0, Sum: 0, Workers: 4
[41.723s][debug][gc,phases      ] GC(91)     Total                          Min: 0, Avg:  0.0, Max: 0, Diff: 0, Sum: 0, Workers: 4
[41.723s][debug][gc,phases      ] GC(91)   StringDedup Requests0 Weak     Min:  0.0, Avg:  0.0, Max:  0.0, Diff:  0.0, Sum:  0.0, Workers: 4
[41.723s][debug][gc,phases      ] GC(91)     Dead                           Min: 0, Avg:  0.0, Max: 0, Diff: 0, Sum: 0, Workers: 4
[41.723s][debug][gc,phases      ] GC(91)     Total                          Min: 0, Avg:  0.0, Max: 0, Diff: 0, Sum: 0, Workers: 4
[41.723s][debug][gc,phases      ] GC(91)   StringDedup Requests1 Weak     Min:  0.0, Avg:  0.0, Max:  0.0, Diff:  0.0, Sum:  0.0, Workers: 4
[41.723s][debug][gc,phases      ] GC(91)     Dead                           Min: 0, Avg:  0.0, Max: 0, Diff: 0, Sum: 0, Workers: 4
[41.723s][debug][gc,phases      ] GC(91)     Total                          Min: 0, Avg:  0.0, Max: 0, Diff: 0, Sum: 0, Workers: 4
[41.723s][debug][gc,phases      ] GC(91)   Weak JFR Old Object Samples    Min:  0.0, Avg:  0.0, Max:  0.0, Diff:  0.0, Sum:  0.0, Workers: 4
[41.723s][debug][gc,phases      ] GC(91)     Dead                           Min: 0, Avg:  0.0, Max: 0, Diff: 0, Sum: 0, Workers: 4
[41.723s][debug][gc,phases      ] GC(91)     Total                          Min: 0, Avg:  0.0, Max: 0, Diff: 0, Sum: 0, Workers: 4
[41.723s][debug][gc,phases      ] GC(91) Weak Processing 0.341ms
[41.723s][debug][gc,age         ] GC(91) Desired survivor size 138412032 bytes, new threshold 15 (max threshold 15)
[41.723s][info ][gc,heap        ] GC(91) PSYoungGen: 1929163K(1929216K)->95771K(1959936K) Eden: 1836032K(1836032K)->0K(1826816K) From: 93131K(93184K)->95771K(133120K)
[41.723s][info ][gc,heap        ] GC(91) ParOldGen: 392382K(485888K)->393408K(485888K)
[41.723s][info ][gc,metaspace   ] GC(91) Metaspace: 79233K(80064K)->79233K(80064K) NonClass: 67932K(68352K)->67932K(68352K) Class: 11301K(11712K)->11301K(11712K)
[41.723s][info ][gc             ] GC(91) Pause Young (Allocation Failure) 2267M->477M(2388M) 37.264ms
[41.723s][info ][gc,cpu         ] GC(91) User=0.13s Sys=0.00s Real=0.03s
[41.723s][info ][safepoint      ] Safepoint "ParallelGCFailedAllocation", Time since last: 552779581 ns, Reaching safepoint: 170204 ns, At safepoint: 37381649 ns, Total: 37551853 ns
[42.221s][info ][gc,start       ] GC(92) Pause Young (Allocation Failure)
[42.251s][debug][gc,phases      ] GC(92) Scavenge 29.812ms
[42.251s][debug][gc,ref         ] GC(92) Skipped phase 1 of Reference Processing: no references
[42.251s][debug][gc,ref         ] GC(92) ReferenceProcessor::execute queues: 1, RefProcThreadModel::Single, marks_oops_alive: false
[42.251s][debug][gc,ref         ] GC(92) Skipped phase 3 of Reference Processing: no references
[42.251s][debug][gc,ref         ] GC(92) ReferenceProcessor::execute queues: 1, RefProcThreadModel::Single, marks_oops_alive: false
[42.251s][debug][gc,phases      ] GC(92) Reference Processing 0.119ms
[42.251s][debug][gc,phases      ] GC(92)   VM Weak                        Min:  0.0, Avg:  0.0, Max:  0.0, Diff:  0.0, Sum:  0.0, Workers: 4
[42.251s][debug][gc,phases      ] GC(92)     Dead                           Min: 0, Avg:  0.0, Max: 0, Diff: 0, Sum: 0, Workers: 4
[42.251s][debug][gc,phases      ] GC(92)     Total                          Min: 0, Avg: 161.2, Max: 517, Diff: 517, Sum: 645, Workers: 4
[42.251s][debug][gc,phases      ] GC(92)   ObjectSynchronizer Weak        Min:  0.0, Avg:  0.0, Max:  0.0, Diff:  0.0, Sum:  0.0, Workers: 4
[42.251s][debug][gc,phases      ] GC(92)     Dead                           Min: 0, Avg:  0.0, Max: 0, Diff: 0, Sum: 0, Workers: 4
[42.251s][debug][gc,phases      ] GC(92)     Total                          Min: 0, Avg: 92.8, Max: 179, Diff: 179, Sum: 371, Workers: 4
[42.251s][debug][gc,phases      ] GC(92)   JVMTI Tag Weak OopStorage      Min:  0.0, Avg:  0.0, Max:  0.0, Diff:  0.0, Sum:  0.0, Workers: 4
[42.251s][debug][gc,phases      ] GC(92)     Dead                           Min: 0, Avg:  0.0, Max: 0, Diff: 0, Sum: 0, Workers: 4
[42.251s][debug][gc,phases      ] GC(92)     Total                          Min: 0, Avg:  0.0, Max: 0, Diff: 0, Sum: 0, Workers: 4
[42.251s][debug][gc,phases      ] GC(92)   StringTable Weak               Min:  0.1, Avg:  0.1, Max:  0.1, Diff:  0.0, Sum:  0.5, Workers: 4
[42.251s][debug][gc,phases      ] GC(92)     Dead                           Min: 0, Avg:  0.0, Max: 0, Diff: 0, Sum: 0, Workers: 4
[42.251s][debug][gc,phases      ] GC(92)     Total                          Min: 10395, Avg: 11638.8, Max: 12992, Diff: 2597, Sum: 46555, Workers: 4
[42.251s][debug][gc,phases      ] GC(92)   ResolvedMethodTable Weak       Min:  0.0, Avg:  0.0, Max:  0.0, Diff:  0.0, Sum:  0.1, Workers: 4
[42.251s][debug][gc,phases      ] GC(92)     Dead                           Min: 0, Avg:  0.0, Max: 0, Diff: 0, Sum: 0, Workers: 4
[42.251s][debug][gc,phases      ] GC(92)     Total                          Min: 1840, Avg: 1962.8, Max: 2239, Diff: 399, Sum: 7851, Workers: 4
[42.251s][debug][gc,phases      ] GC(92)   JNI Weak                       Min:  0.0, Avg:  0.0, Max:  0.0, Diff:  0.0, Sum:  0.0, Workers: 4
[42.251s][debug][gc,phases      ] GC(92)     Dead                           Min: 0, Avg:  0.0, Max: 0, Diff: 0, Sum: 0, Workers: 4
[42.251s][debug][gc,phases      ] GC(92)     Total                          Min: 0, Avg:  1.2, Max: 5, Diff: 5, Sum: 5, Workers: 4
[42.251s][debug][gc,phases      ] GC(92)   StringDedup Table Weak         Min:  0.0, Avg:  0.0, Max:  0.0, Diff:  0.0, Sum:  0.0, Workers: 4
[42.251s][debug][gc,phases      ] GC(92)     Dead                           Min: 0, Avg:  0.0, Max: 0, Diff: 0, Sum: 0, Workers: 4
[42.251s][debug][gc,phases      ] GC(92)     Total                          Min: 0, Avg:  0.0, Max: 0, Diff: 0, Sum: 0, Workers: 4
[42.251s][debug][gc,phases      ] GC(92)   StringDedup Requests0 Weak     Min:  0.0, Avg:  0.0, Max:  0.0, Diff:  0.0, Sum:  0.0, Workers: 4
[42.251s][debug][gc,phases      ] GC(92)     Dead                           Min: 0, Avg:  0.0, Max: 0, Diff: 0, Sum: 0, Workers: 4
[42.251s][debug][gc,phases      ] GC(92)     Total                          Min: 0, Avg:  0.0, Max: 0, Diff: 0, Sum: 0, Workers: 4
[42.251s][debug][gc,phases      ] GC(92)   StringDedup Requests1 Weak     Min:  0.0, Avg:  0.0, Max:  0.0, Diff:  0.0, Sum:  0.0, Workers: 4
[42.251s][debug][gc,phases      ] GC(92)     Dead                           Min: 0, Avg:  0.0, Max: 0, Diff: 0, Sum: 0, Workers: 4
[42.251s][debug][gc,phases      ] GC(92)     Total                          Min: 0, Avg:  0.0, Max: 0, Diff: 0, Sum: 0, Workers: 4
[42.251s][debug][gc,phases      ] GC(92)   Weak JFR Old Object Samples    Min:  0.0, Avg:  0.0, Max:  0.0, Diff:  0.0, Sum:  0.0, Workers: 4
[42.251s][debug][gc,phases      ] GC(92)     Dead                           Min: 0, Avg:  0.0, Max: 0, Diff: 0, Sum: 0, Workers: 4
[42.251s][debug][gc,phases      ] GC(92)     Total                          Min: 0, Avg:  0.0, Max: 0, Diff: 0, Sum: 0, Workers: 4
[42.251s][debug][gc,phases      ] GC(92) Weak Processing 0.343ms
[42.251s][debug][gc,age         ] GC(92) Desired survivor size 141033472 bytes, new threshold 15 (max threshold 15)
[42.251s][info ][gc,heap        ] GC(92) PSYoungGen: 1922587K(1959936K)->97544K(1924608K) Eden: 1826816K(1826816K)->0K(1826816K) From: 95771K(133120K)->97544K(97792K)
[42.251s][info ][gc,heap        ] GC(92) ParOldGen: 393408K(485888K)->394928K(485888K)
[42.251s][info ][gc,metaspace   ] GC(92) Metaspace: 79255K(80064K)->79255K(80064K) NonClass: 67954K(68352K)->67954K(68352K) Class: 11301K(11712K)->11301K(11712K)
[42.251s][info ][gc             ] GC(92) Pause Young (Allocation Failure) 2261M->480M(2354M) 30.430ms
[42.251s][info ][gc,cpu         ] GC(92) User=0.11s Sys=0.00s Real=0.03s
[42.251s][info ][safepoint      ] Safepoint "ParallelGCFailedAllocation", Time since last: 495466132 ns, Reaching safepoint: 2190844 ns, At safepoint: 30549513 ns, Total: 32740357 ns
[42.703s][info ][gc,start       ] GC(93) Pause Young (Allocation Failure)
[42.757s][debug][gc,phases      ] GC(93) Scavenge 53.416ms
[42.757s][debug][gc,ref         ] GC(93) Skipped phase 1 of Reference Processing: no references
[42.757s][debug][gc,ref         ] GC(93) ReferenceProcessor::execute queues: 1, RefProcThreadModel::Single, marks_oops_alive: false
[42.757s][debug][gc,ref         ] GC(93) Skipped phase 3 of Reference Processing: no references
[42.757s][debug][gc,ref         ] GC(93) ReferenceProcessor::execute queues: 1, RefProcThreadModel::Single, marks_oops_alive: false
[42.757s][debug][gc,phases      ] GC(93) Reference Processing 0.149ms
[42.758s][debug][gc,phases      ] GC(93)   VM Weak                        Min:  0.0, Avg:  0.0, Max:  0.0, Diff:  0.0, Sum:  0.0, Workers: 4
[42.758s][debug][gc,phases      ] GC(93)     Dead                           Min: 0, Avg:  0.0, Max: 0, Diff: 0, Sum: 0, Workers: 4
[42.758s][debug][gc,phases      ] GC(93)     Total                          Min: 0, Avg: 161.2, Max: 645, Diff: 645, Sum: 645, Workers: 4
[42.758s][debug][gc,phases      ] GC(93)   ObjectSynchronizer Weak        Min:  0.0, Avg:  0.0, Max:  0.0, Diff:  0.0, Sum:  0.0, Workers: 4
[42.758s][debug][gc,phases      ] GC(93)     Dead                           Min: 0, Avg:  0.0, Max: 0, Diff: 0, Sum: 0, Workers: 4
[42.758s][debug][gc,phases      ] GC(93)     Total                          Min: 0, Avg: 92.8, Max: 371, Diff: 371, Sum: 371, Workers: 4
[42.758s][debug][gc,phases      ] GC(93)   JVMTI Tag Weak OopStorage      Min:  0.0, Avg:  0.0, Max:  0.0, Diff:  0.0, Sum:  0.0, Workers: 4
[42.758s][debug][gc,phases      ] GC(93)     Dead                           Min: 0, Avg:  0.0, Max: 0, Diff: 0, Sum: 0, Workers: 4
[42.758s][debug][gc,phases      ] GC(93)     Total                          Min: 0, Avg:  0.0, Max: 0, Diff: 0, Sum: 0, Workers: 4
[42.758s][debug][gc,phases      ] GC(93)   StringTable Weak               Min:  0.0, Avg:  0.1, Max:  0.4, Diff:  0.4, Sum:  0.4, Workers: 4
[42.758s][debug][gc,phases      ] GC(93)     Dead                           Min: 0, Avg:  0.0, Max: 0, Diff: 0, Sum: 0, Workers: 4
[42.758s][debug][gc,phases      ] GC(93)     Total                          Min: 0, Avg: 11638.8, Max: 46555, Diff: 46555, Sum: 46555, Workers: 4
[42.758s][debug][gc,phases      ] GC(93)   ResolvedMethodTable Weak       Min:  0.0, Avg:  0.0, Max:  0.1, Diff:  0.1, Sum:  0.1, Workers: 4
[42.758s][debug][gc,phases      ] GC(93)     Dead                           Min: 0, Avg:  0.0, Max: 0, Diff: 0, Sum: 0, Workers: 4
[42.758s][debug][gc,phases      ] GC(93)     Total                          Min: 0, Avg: 1962.8, Max: 5999, Diff: 5999, Sum: 7851, Workers: 4
[42.758s][debug][gc,phases      ] GC(93)   JNI Weak                       Min:  0.0, Avg:  0.0, Max:  0.0, Diff:  0.0, Sum:  0.0, Workers: 4
[42.758s][debug][gc,phases      ] GC(93)     Dead                           Min: 0, Avg:  0.0, Max: 0, Diff: 0, Sum: 0, Workers: 4
[42.758s][debug][gc,phases      ] GC(93)     Total                          Min: 0, Avg:  1.5, Max: 6, Diff: 6, Sum: 6, Workers: 4
[42.758s][debug][gc,phases      ] GC(93)   StringDedup Table Weak         Min:  0.0, Avg:  0.0, Max:  0.0, Diff:  0.0, Sum:  0.0, Workers: 4
[42.758s][debug][gc,phases      ] GC(93)     Dead                           Min: 0, Avg:  0.0, Max: 0, Diff: 0, Sum: 0, Workers: 4
[42.758s][debug][gc,phases      ] GC(93)     Total                          Min: 0, Avg:  0.0, Max: 0, Diff: 0, Sum: 0, Workers: 4
[42.758s][debug][gc,phases      ] GC(93)   StringDedup Requests0 Weak     Min:  0.0, Avg:  0.0, Max:  0.0, Diff:  0.0, Sum:  0.0, Workers: 4
[42.758s][debug][gc,phases      ] GC(93)     Dead                           Min: 0, Avg:  0.0, Max: 0, Diff: 0, Sum: 0, Workers: 4
[42.758s][debug][gc,phases      ] GC(93)     Total                          Min: 0, Avg:  0.0, Max: 0, Diff: 0, Sum: 0, Workers: 4
[42.758s][debug][gc,phases      ] GC(93)   StringDedup Requests1 Weak     Min:  0.0, Avg:  0.0, Max:  0.0, Diff:  0.0, Sum:  0.0, Workers: 4
[42.758s][debug][gc,phases      ] GC(93)     Dead                           Min: 0, Avg:  0.0, Max: 0, Diff: 0, Sum: 0, Workers: 4
[42.758s][debug][gc,phases      ] GC(93)     Total                          Min: 0, Avg:  0.0, Max: 0, Diff: 0, Sum: 0, Workers: 4
[42.758s][debug][gc,phases      ] GC(93)   Weak JFR Old Object Samples    Min:  0.0, Avg:  0.0, Max:  0.0, Diff:  0.0, Sum:  0.0, Workers: 4
[42.758s][debug][gc,phases      ] GC(93)     Dead                           Min: 0, Avg:  0.0, Max: 0, Diff: 0, Sum: 0, Workers: 4
[42.758s][debug][gc,phases      ] GC(93)     Total                          Min: 0, Avg:  0.0, Max: 0, Diff: 0, Sum: 0, Workers: 4
[42.758s][debug][gc,phases      ] GC(93) Weak Processing 0.777ms
[42.758s][debug][gc,age         ] GC(93) Desired survivor size 138412032 bytes, new threshold 15 (max threshold 15)
[42.758s][info ][gc,heap        ] GC(93) PSYoungGen: 1924360K(1924608K)->86757K(1961984K) Eden: 1826816K(1826816K)->0K(1824256K) From: 97544K(97792K)->86757K(137728K)
[42.758s][info ][gc,heap        ] GC(93) ParOldGen: 394928K(485888K)->409182K(485888K)
[42.758s][info ][gc,metaspace   ] GC(93) Metaspace: 79273K(80128K)->79273K(80128K) NonClass: 67972K(68416K)->67972K(68416K) Class: 11301K(11712K)->11301K(11712K)
[42.758s][info ][gc             ] GC(93) Pause Young (Allocation Failure) 2264M->484M(2390M) 54.507ms
[42.758s][info ][gc,cpu         ] GC(93) User=0.14s Sys=0.00s Real=0.06s
[42.758s][info ][safepoint      ] Safepoint "ParallelGCFailedAllocation", Time since last: 446734755 ns, Reaching safepoint: 5344707 ns, At safepoint: 54649396 ns, Total: 59994103 ns
[43.264s][info ][gc,start       ] GC(94) Pause Young (Allocation Failure)
[43.294s][debug][gc,phases      ] GC(94) Scavenge 29.772ms
[43.294s][debug][gc,ref         ] GC(94) Skipped phase 1 of Reference Processing: no references
[43.294s][debug][gc,ref         ] GC(94) ReferenceProcessor::execute queues: 1, RefProcThreadModel::Single, marks_oops_alive: false
[43.294s][debug][gc,ref         ] GC(94) Skipped phase 3 of Reference Processing: no references
[43.294s][debug][gc,ref         ] GC(94) ReferenceProcessor::execute queues: 1, RefProcThreadModel::Single, marks_oops_alive: false
[43.294s][debug][gc,phases      ] GC(94) Reference Processing 0.130ms
[43.294s][debug][gc,phases      ] GC(94)   VM Weak                        Min:  0.0, Avg:  0.0, Max:  0.0, Diff:  0.0, Sum:  0.0, Workers: 4
[43.294s][debug][gc,phases      ] GC(94)     Dead                           Min: 0, Avg:  0.0, Max: 0, Diff: 0, Sum: 0, Workers: 4
[43.294s][debug][gc,phases      ] GC(94)     Total                          Min: 0, Avg: 161.2, Max: 581, Diff: 581, Sum: 645, Workers: 4
[43.294s][debug][gc,phases      ] GC(94)   ObjectSynchronizer Weak        Min:  0.0, Avg:  0.0, Max:  0.0, Diff:  0.0, Sum:  0.0, Workers: 4
[43.294s][debug][gc,phases      ] GC(94)     Dead                           Min: 0, Avg:  0.0, Max: 0, Diff: 0, Sum: 0, Workers: 4
[43.294s][debug][gc,phases      ] GC(94)     Total                          Min: 0, Avg: 92.8, Max: 179, Diff: 179, Sum: 371, Workers: 4
[43.294s][debug][gc,phases      ] GC(94)   JVMTI Tag Weak OopStorage      Min:  0.0, Avg:  0.0, Max:  0.0, Diff:  0.0, Sum:  0.0, Workers: 4
[43.294s][debug][gc,phases      ] GC(94)     Dead                           Min: 0, Avg:  0.0, Max: 0, Diff: 0, Sum: 0, Workers: 4
[43.294s][debug][gc,phases      ] GC(94)     Total                          Min: 0, Avg:  0.0, Max: 0, Diff: 0, Sum: 0, Workers: 4
[43.294s][debug][gc,phases      ] GC(94)   StringTable Weak               Min:  0.1, Avg:  0.1, Max:  0.1, Diff:  0.0, Sum:  0.5, Workers: 4
[43.294s][debug][gc,phases      ] GC(94)     Dead                           Min: 0, Avg:  0.0, Max: 0, Diff: 0, Sum: 0, Workers: 4
[43.294s][debug][gc,phases      ] GC(94)     Total                          Min: 10917, Avg: 11641.2, Max: 13120, Diff: 2203, Sum: 46565, Workers: 4
[43.294s][debug][gc,phases      ] GC(94)   ResolvedMethodTable Weak       Min:  0.0, Avg:  0.0, Max:  0.0, Diff:  0.0, Sum:  0.1, Workers: 4
[43.294s][debug][gc,phases      ] GC(94)     Dead                           Min: 0, Avg:  0.0, Max: 0, Diff: 0, Sum: 0, Workers: 4
[43.294s][debug][gc,phases      ] GC(94)     Total                          Min: 1662, Avg: 1962.8, Max: 2161, Diff: 499, Sum: 7851, Workers: 4
[43.294s][debug][gc,phases      ] GC(94)   JNI Weak                       Min:  0.0, Avg:  0.0, Max:  0.0, Diff:  0.0, Sum:  0.0, Workers: 4
[43.294s][debug][gc,phases      ] GC(94)     Dead                           Min: 0, Avg:  0.0, Max: 0, Diff: 0, Sum: 0, Workers: 4
[43.294s][debug][gc,phases      ] GC(94)     Total                          Min: 0, Avg:  8.2, Max: 33, Diff: 33, Sum: 33, Workers: 4
[43.294s][debug][gc,phases      ] GC(94)   StringDedup Table Weak         Min:  0.0, Avg:  0.0, Max:  0.0, Diff:  0.0, Sum:  0.0, Workers: 4
[43.294s][debug][gc,phases      ] GC(94)     Dead                           Min: 0, Avg:  0.0, Max: 0, Diff: 0, Sum: 0, Workers: 4
[43.294s][debug][gc,phases      ] GC(94)     Total                          Min: 0, Avg:  0.0, Max: 0, Diff: 0, Sum: 0, Workers: 4
[43.294s][debug][gc,phases      ] GC(94)   StringDedup Requests0 Weak     Min:  0.0, Avg:  0.0, Max:  0.0, Diff:  0.0, Sum:  0.0, Workers: 4
[43.294s][debug][gc,phases      ] GC(94)     Dead                           Min: 0, Avg:  0.0, Max: 0, Diff: 0, Sum: 0, Workers: 4
[43.294s][debug][gc,phases      ] GC(94)     Total                          Min: 0, Avg:  0.0, Max: 0, Diff: 0, Sum: 0, Workers: 4
[43.294s][debug][gc,phases      ] GC(94)   StringDedup Requests1 Weak     Min:  0.0, Avg:  0.0, Max:  0.0, Diff:  0.0, Sum:  0.0, Workers: 4
[43.294s][debug][gc,phases      ] GC(94)     Dead                           Min: 0, Avg:  0.0, Max: 0, Diff: 0, Sum: 0, Workers: 4
[43.294s][debug][gc,phases      ] GC(94)     Total                          Min: 0, Avg:  0.0, Max: 0, Diff: 0, Sum: 0, Workers: 4
[43.294s][debug][gc,phases      ] GC(94)   Weak JFR Old Object Samples    Min:  0.0, Avg:  0.0, Max:  0.0, Diff:  0.0, Sum:  0.0, Workers: 4
[43.294s][debug][gc,phases      ] GC(94)     Dead                           Min: 0, Avg:  0.0, Max: 0, Diff: 0, Sum: 0, Workers: 4
[43.294s][debug][gc,phases      ] GC(94)     Total                          Min: 0, Avg:  0.0, Max: 0, Diff: 0, Sum: 0, Workers: 4
[43.294s][debug][gc,phases      ] GC(94) Weak Processing 0.334ms
[43.294s][debug][gc,age         ] GC(94) Desired survivor size 133693440 bytes, new threshold 15 (max threshold 15)
[43.294s][info ][gc,heap        ] GC(94) PSYoungGen: 1911013K(1961984K)->81941K(1959424K) Eden: 1824256K(1824256K)->0K(1824256K) From: 86757K(137728K)->81941K(135168K)
[43.294s][info ][gc,heap        ] GC(94) ParOldGen: 409182K(485888K)->417238K(485888K)
[43.294s][info ][gc,metaspace   ] GC(94) Metaspace: 79305K(80128K)->79305K(80128K) NonClass: 67999K(68416K)->67999K(68416K) Class: 11306K(11712K)->11306K(11712K)
[43.294s][info ][gc             ] GC(94) Pause Young (Allocation Failure) 2265M->487M(2388M) 30.384ms
[43.294s][info ][gc,cpu         ] GC(94) User=0.11s Sys=0.00s Real=0.04s
[43.294s][info ][safepoint      ] Safepoint "ParallelGCFailedAllocation", Time since last: 504640816 ns, Reaching safepoint: 1156323 ns, At safepoint: 30506812 ns, Total: 31663135 ns
[43.665s][info ][safepoint      ] Safepoint "ICBufferFull", Time since last: 370794333 ns, Reaching safepoint: 270205 ns, At safepoint: 20600 ns, Total: 290805 ns
[43.669s][info ][safepoint      ] Safepoint "ICBufferFull", Time since last: 1872038 ns, Reaching safepoint: 2132543 ns, At safepoint: 24900 ns, Total: 2157443 ns
[43.670s][info ][safepoint      ] Safepoint "ICBufferFull", Time since last: 290906 ns, Reaching safepoint: 93702 ns, At safepoint: 23600 ns, Total: 117302 ns
[43.838s][info ][gc,start       ] GC(95) Pause Young (Allocation Failure)
[43.863s][debug][gc,phases      ] GC(95) Scavenge 24.613ms
[43.863s][debug][gc,ref         ] GC(95) Skipped phase 1 of Reference Processing: no references
[43.863s][debug][gc,ref         ] GC(95) ReferenceProcessor::execute queues: 1, RefProcThreadModel::Single, marks_oops_alive: false
[43.863s][debug][gc,ref         ] GC(95) Skipped phase 3 of Reference Processing: no references
[43.863s][debug][gc,ref         ] GC(95) ReferenceProcessor::execute queues: 1, RefProcThreadModel::Single, marks_oops_alive: false
[43.863s][debug][gc,phases      ] GC(95) Reference Processing 0.123ms
[43.863s][debug][gc,phases      ] GC(95)   VM Weak                        Min:  0.0, Avg:  0.0, Max:  0.0, Diff:  0.0, Sum:  0.0, Workers: 4
[43.863s][debug][gc,phases      ] GC(95)     Dead                           Min: 0, Avg:  0.0, Max: 0, Diff: 0, Sum: 0, Workers: 4
[43.863s][debug][gc,phases      ] GC(95)     Total                          Min: 0, Avg: 161.2, Max: 645, Diff: 645, Sum: 645, Workers: 4
[43.863s][debug][gc,phases      ] GC(95)   ObjectSynchronizer Weak        Min:  0.0, Avg:  0.0, Max:  0.0, Diff:  0.0, Sum:  0.0, Workers: 4
[43.863s][debug][gc,phases      ] GC(95)     Dead                           Min: 0, Avg:  0.0, Max: 0, Diff: 0, Sum: 0, Workers: 4
[43.863s][debug][gc,phases      ] GC(95)     Total                          Min: 0, Avg: 92.8, Max: 192, Diff: 192, Sum: 371, Workers: 4
[43.863s][debug][gc,phases      ] GC(95)   JVMTI Tag Weak OopStorage      Min:  0.0, Avg:  0.0, Max:  0.0, Diff:  0.0, Sum:  0.0, Workers: 4
[43.863s][debug][gc,phases      ] GC(95)     Dead                           Min: 0, Avg:  0.0, Max: 0, Diff: 0, Sum: 0, Workers: 4
[43.863s][debug][gc,phases      ] GC(95)     Total                          Min: 0, Avg:  0.0, Max: 0, Diff: 0, Sum: 0, Workers: 4
[43.863s][debug][gc,phases      ] GC(95)   StringTable Weak               Min:  0.0, Avg:  0.1, Max:  0.1, Diff:  0.1, Sum:  0.4, Workers: 4
[43.863s][debug][gc,phases      ] GC(95)     Dead                           Min: 0, Avg:  0.0, Max: 0, Diff: 0, Sum: 0, Workers: 4
[43.863s][debug][gc,phases      ] GC(95)     Total                          Min: 0, Avg: 11641.5, Max: 16704, Diff: 16704, Sum: 46566, Workers: 4
[43.863s][debug][gc,phases      ] GC(95)   ResolvedMethodTable Weak       Min:  0.0, Avg:  0.0, Max:  0.0, Diff:  0.0, Sum:  0.1, Workers: 4
[43.863s][debug][gc,phases      ] GC(95)     Dead                           Min: 0, Avg:  0.0, Max: 0, Diff: 0, Sum: 0, Workers: 4
[43.863s][debug][gc,phases      ] GC(95)     Total                          Min: 0, Avg: 1962.8, Max: 2814, Diff: 2814, Sum: 7851, Workers: 4
[43.863s][debug][gc,phases      ] GC(95)   JNI Weak                       Min:  0.0, Avg:  0.0, Max:  0.0, Diff:  0.0, Sum:  0.0, Workers: 4
[43.863s][debug][gc,phases      ] GC(95)     Dead                           Min: 0, Avg:  0.0, Max: 0, Diff: 0, Sum: 0, Workers: 4
[43.863s][debug][gc,phases      ] GC(95)     Total                          Min: 0, Avg:  0.0, Max: 0, Diff: 0, Sum: 0, Workers: 4
[43.863s][debug][gc,phases      ] GC(95)   StringDedup Table Weak         Min:  0.0, Avg:  0.0, Max:  0.0, Diff:  0.0, Sum:  0.0, Workers: 4
[43.863s][debug][gc,phases      ] GC(95)     Dead                           Min: 0, Avg:  0.0, Max: 0, Diff: 0, Sum: 0, Workers: 4
[43.863s][debug][gc,phases      ] GC(95)     Total                          Min: 0, Avg:  0.0, Max: 0, Diff: 0, Sum: 0, Workers: 4
[43.863s][debug][gc,phases      ] GC(95)   StringDedup Requests0 Weak     Min:  0.0, Avg:  0.0, Max:  0.0, Diff:  0.0, Sum:  0.0, Workers: 4
[43.863s][debug][gc,phases      ] GC(95)     Dead                           Min: 0, Avg:  0.0, Max: 0, Diff: 0, Sum: 0, Workers: 4
[43.863s][debug][gc,phases      ] GC(95)     Total                          Min: 0, Avg:  0.0, Max: 0, Diff: 0, Sum: 0, Workers: 4
[43.863s][debug][gc,phases      ] GC(95)   StringDedup Requests1 Weak     Min:  0.0, Avg:  0.0, Max:  0.0, Diff:  0.0, Sum:  0.0, Workers: 4
[43.863s][debug][gc,phases      ] GC(95)     Dead                           Min: 0, Avg:  0.0, Max: 0, Diff: 0, Sum: 0, Workers: 4
[43.863s][debug][gc,phases      ] GC(95)     Total                          Min: 0, Avg:  0.0, Max: 0, Diff: 0, Sum: 0, Workers: 4
[43.863s][debug][gc,phases      ] GC(95)   Weak JFR Old Object Samples    Min:  0.0, Avg:  0.0, Max:  0.0, Diff:  0.0, Sum:  0.0, Workers: 4
[43.863s][debug][gc,phases      ] GC(95)     Dead                           Min: 0, Avg:  0.0, Max: 0, Diff: 0, Sum: 0, Workers: 4
[43.863s][debug][gc,phases      ] GC(95)     Total                          Min: 0, Avg:  0.0, Max: 0, Diff: 0, Sum: 0, Workers: 4
[43.863s][debug][gc,phases      ] GC(95) Weak Processing 0.392ms
[43.863s][debug][gc,age         ] GC(95) Desired survivor size 128974848 bytes, new threshold 15 (max threshold 15)
[43.863s][info ][gc,heap        ] GC(95) PSYoungGen: 1906197K(1959424K)->76885K(1971200K) Eden: 1824256K(1824256K)->0K(1840640K) From: 81941K(135168K)->76885K(130560K)
[43.863s][info ][gc,heap        ] GC(95) ParOldGen: 417238K(485888K)->424870K(485888K)
[43.863s][info ][gc,metaspace   ] GC(95) Metaspace: 79309K(80128K)->79309K(80128K) NonClass: 68003K(68416K)->68003K(68416K) Class: 11306K(11712K)->11306K(11712K)
[43.863s][info ][gc             ] GC(95) Pause Young (Allocation Failure) 2268M->489M(2399M) 25.284ms
[43.863s][info ][gc,cpu         ] GC(95) User=0.10s Sys=0.00s Real=0.02s
[43.863s][info ][safepoint      ] Safepoint "ParallelGCFailedAllocation", Time since last: 167841465 ns, Reaching safepoint: 282006 ns, At safepoint: 25416509 ns, Total: 25698515 ns
[44.408s][info ][safepoint      ] Safepoint "ICBufferFull", Time since last: 544556316 ns, Reaching safepoint: 247405 ns, At safepoint: 25601 ns, Total: 273006 ns
[44.497s][info ][gc,start       ] GC(96) Pause Young (Allocation Failure)
[44.526s][debug][gc,phases      ] GC(96) Scavenge 29.359ms
[44.526s][debug][gc,ref         ] GC(96) Skipped phase 1 of Reference Processing: no references
[44.527s][debug][gc,ref         ] GC(96) ReferenceProcessor::execute queues: 1, RefProcThreadModel::Single, marks_oops_alive: false
[44.527s][debug][gc,ref         ] GC(96) Skipped phase 3 of Reference Processing: no references
[44.527s][debug][gc,ref         ] GC(96) ReferenceProcessor::execute queues: 1, RefProcThreadModel::Single, marks_oops_alive: false
[44.527s][debug][gc,phases      ] GC(96) Reference Processing 0.132ms
[44.527s][debug][gc,phases      ] GC(96)   VM Weak                        Min:  0.0, Avg:  0.0, Max:  0.0, Diff:  0.0, Sum:  0.0, Workers: 4
[44.527s][debug][gc,phases      ] GC(96)     Dead                           Min: 0, Avg:  0.0, Max: 0, Diff: 0, Sum: 0, Workers: 4
[44.527s][debug][gc,phases      ] GC(96)     Total                          Min: 0, Avg: 161.2, Max: 384, Diff: 384, Sum: 645, Workers: 4
[44.527s][debug][gc,phases      ] GC(96)   ObjectSynchronizer Weak        Min:  0.0, Avg:  0.0, Max:  0.0, Diff:  0.0, Sum:  0.0, Workers: 4
[44.527s][debug][gc,phases      ] GC(96)     Dead                           Min: 0, Avg:  0.0, Max: 0, Diff: 0, Sum: 0, Workers: 4
[44.527s][debug][gc,phases      ] GC(96)     Total                          Min: 0, Avg: 92.8, Max: 192, Diff: 192, Sum: 371, Workers: 4
[44.527s][debug][gc,phases      ] GC(96)   JVMTI Tag Weak OopStorage      Min:  0.0, Avg:  0.0, Max:  0.0, Diff:  0.0, Sum:  0.0, Workers: 4
[44.527s][debug][gc,phases      ] GC(96)     Dead                           Min: 0, Avg:  0.0, Max: 0, Diff: 0, Sum: 0, Workers: 4
[44.527s][debug][gc,phases      ] GC(96)     Total                          Min: 0, Avg:  0.0, Max: 0, Diff: 0, Sum: 0, Workers: 4
[44.527s][debug][gc,phases      ] GC(96)   StringTable Weak               Min:  0.1, Avg:  0.1, Max:  0.1, Diff:  0.0, Sum:  0.5, Workers: 4
[44.527s][debug][gc,phases      ] GC(96)     Dead                           Min: 0, Avg:  0.0, Max: 0, Diff: 0, Sum: 0, Workers: 4
[44.527s][debug][gc,phases      ] GC(96)     Total                          Min: 10048, Avg: 11647.5, Max: 12542, Diff: 2494, Sum: 46590, Workers: 4
[44.527s][debug][gc,phases      ] GC(96)   ResolvedMethodTable Weak       Min:  0.0, Avg:  0.0, Max:  0.0, Diff:  0.0, Sum:  0.1, Workers: 4
[44.527s][debug][gc,phases      ] GC(96)     Dead                           Min: 0, Avg:  0.0, Max: 0, Diff: 0, Sum: 0, Workers: 4
[44.527s][debug][gc,phases      ] GC(96)     Total                          Min: 1663, Avg: 1964.0, Max: 2354, Diff: 691, Sum: 7856, Workers: 4
[44.527s][debug][gc,phases      ] GC(96)   JNI Weak                       Min:  0.0, Avg:  0.0, Max:  0.0, Diff:  0.0, Sum:  0.0, Workers: 4
[44.527s][debug][gc,phases      ] GC(96)     Dead                           Min: 0, Avg:  0.0, Max: 0, Diff: 0, Sum: 0, Workers: 4
[44.527s][debug][gc,phases      ] GC(96)     Total                          Min: 0, Avg:  1.2, Max: 5, Diff: 5, Sum: 5, Workers: 4
[44.527s][debug][gc,phases      ] GC(96)   StringDedup Table Weak         Min:  0.0, Avg:  0.0, Max:  0.0, Diff:  0.0, Sum:  0.0, Workers: 4
[44.527s][debug][gc,phases      ] GC(96)     Dead                           Min: 0, Avg:  0.0, Max: 0, Diff: 0, Sum: 0, Workers: 4
[44.527s][debug][gc,phases      ] GC(96)     Total                          Min: 0, Avg:  0.0, Max: 0, Diff: 0, Sum: 0, Workers: 4
[44.527s][debug][gc,phases      ] GC(96)   StringDedup Requests0 Weak     Min:  0.0, Avg:  0.0, Max:  0.0, Diff:  0.0, Sum:  0.0, Workers: 4
[44.527s][debug][gc,phases      ] GC(96)     Dead                           Min: 0, Avg:  0.0, Max: 0, Diff: 0, Sum: 0, Workers: 4
[44.527s][debug][gc,phases      ] GC(96)     Total                          Min: 0, Avg:  0.0, Max: 0, Diff: 0, Sum: 0, Workers: 4
[44.527s][debug][gc,phases      ] GC(96)   StringDedup Requests1 Weak     Min:  0.0, Avg:  0.0, Max:  0.0, Diff:  0.0, Sum:  0.0, Workers: 4
[44.527s][debug][gc,phases      ] GC(96)     Dead                           Min: 0, Avg:  0.0, Max: 0, Diff: 0, Sum: 0, Workers: 4
[44.527s][debug][gc,phases      ] GC(96)     Total                          Min: 0, Avg:  0.0, Max: 0, Diff: 0, Sum: 0, Workers: 4
[44.527s][debug][gc,phases      ] GC(96)   Weak JFR Old Object Samples    Min:  0.0, Avg:  0.0, Max:  0.0, Diff:  0.0, Sum:  0.0, Workers: 4
[44.527s][debug][gc,phases      ] GC(96)     Dead                           Min: 0, Avg:  0.0, Max: 0, Diff: 0, Sum: 0, Workers: 4
[44.527s][debug][gc,phases      ] GC(96)     Total                          Min: 0, Avg:  0.0, Max: 0, Diff: 0, Sum: 0, Workers: 4
[44.527s][debug][gc,phases      ] GC(96) Weak Processing 0.392ms
[44.527s][debug][gc,age         ] GC(96) Desired survivor size 125304832 bytes, new threshold 15 (max threshold 15)
[44.527s][info ][gc,heap        ] GC(96) PSYoungGen: 1917525K(1971200K)->71125K(1966592K) Eden: 1840640K(1840640K)->0K(1840640K) From: 76885K(130560K)->71125K(125952K)
[44.527s][info ][gc,heap        ] GC(96) ParOldGen: 424870K(485888K)->449414K(485888K)
[44.527s][info ][gc,metaspace   ] GC(96) Metaspace: 79400K(80192K)->79400K(80192K) NonClass: 68084K(68480K)->68084K(68480K) Class: 11315K(11712K)->11315K(11712K)
[44.527s][info ][gc             ] GC(96) Pause Young (Allocation Failure) 2287M->508M(2395M) 30.036ms
[44.527s][info ][gc,cpu         ] GC(96) User=0.13s Sys=0.00s Real=0.03s
[44.527s][info ][safepoint      ] Safepoint "ParallelGCFailedAllocation", Time since last: 88433172 ns, Reaching safepoint: 299206 ns, At safepoint: 30160805 ns, Total: 30460011 ns
[44.932s][info ][gc,start       ] GC(97) Pause Young (Allocation Failure)
[44.956s][debug][gc,phases      ] GC(97) Scavenge 24.240ms
[44.956s][debug][gc,ref         ] GC(97) Skipped phase 1 of Reference Processing: no references
[44.956s][debug][gc,ref         ] GC(97) ReferenceProcessor::execute queues: 1, RefProcThreadModel::Single, marks_oops_alive: false
[44.956s][debug][gc,ref         ] GC(97) Skipped phase 3 of Reference Processing: no references
[44.956s][debug][gc,ref         ] GC(97) ReferenceProcessor::execute queues: 1, RefProcThreadModel::Single, marks_oops_alive: false
[44.957s][debug][gc,phases      ] GC(97) Reference Processing 0.122ms
[44.957s][debug][gc,phases      ] GC(97)   VM Weak                        Min:  0.0, Avg:  0.0, Max:  0.0, Diff:  0.0, Sum:  0.0, Workers: 4
[44.957s][debug][gc,phases      ] GC(97)     Dead                           Min: 0, Avg:  0.0, Max: 0, Diff: 0, Sum: 0, Workers: 4
[44.957s][debug][gc,phases      ] GC(97)     Total                          Min: 0, Avg: 161.2, Max: 640, Diff: 640, Sum: 645, Workers: 4
[44.957s][debug][gc,phases      ] GC(97)   ObjectSynchronizer Weak        Min:  0.0, Avg:  0.0, Max:  0.0, Diff:  0.0, Sum:  0.0, Workers: 4
[44.957s][debug][gc,phases      ] GC(97)     Dead                           Min: 0, Avg:  0.0, Max: 0, Diff: 0, Sum: 0, Workers: 4
[44.957s][debug][gc,phases      ] GC(97)     Total                          Min: 0, Avg: 92.8, Max: 243, Diff: 243, Sum: 371, Workers: 4
[44.957s][debug][gc,phases      ] GC(97)   JVMTI Tag Weak OopStorage      Min:  0.0, Avg:  0.0, Max:  0.0, Diff:  0.0, Sum:  0.0, Workers: 4
[44.957s][debug][gc,phases      ] GC(97)     Dead                           Min: 0, Avg:  0.0, Max: 0, Diff: 0, Sum: 0, Workers: 4
[44.957s][debug][gc,phases      ] GC(97)     Total                          Min: 0, Avg:  0.0, Max: 0, Diff: 0, Sum: 0, Workers: 4
[44.957s][debug][gc,phases      ] GC(97)   StringTable Weak               Min:  0.1, Avg:  0.1, Max:  0.2, Diff:  0.1, Sum:  0.6, Workers: 4
[44.957s][debug][gc,phases      ] GC(97)     Dead                           Min: 0, Avg:  0.0, Max: 0, Diff: 0, Sum: 0, Workers: 4
[44.957s][debug][gc,phases      ] GC(97)     Total                          Min: 9600, Avg: 11669.2, Max: 13312, Diff: 3712, Sum: 46677, Workers: 4
[44.957s][debug][gc,phases      ] GC(97)   ResolvedMethodTable Weak       Min:  0.0, Avg:  0.0, Max:  0.0, Diff:  0.0, Sum:  0.1, Workers: 4
[44.957s][debug][gc,phases      ] GC(97)     Dead                           Min: 0, Avg:  0.0, Max: 0, Diff: 0, Sum: 0, Workers: 4
[44.957s][debug][gc,phases      ] GC(97)     Total                          Min: 0, Avg: 1964.0, Max: 2816, Diff: 2816, Sum: 7856, Workers: 4
[44.957s][debug][gc,phases      ] GC(97)   JNI Weak                       Min:  0.0, Avg:  0.0, Max:  0.0, Diff:  0.0, Sum:  0.0, Workers: 4
[44.957s][debug][gc,phases      ] GC(97)     Dead                           Min: 0, Avg:  0.0, Max: 0, Diff: 0, Sum: 0, Workers: 4
[44.957s][debug][gc,phases      ] GC(97)     Total                          Min: 0, Avg:  1.5, Max: 6, Diff: 6, Sum: 6, Workers: 4
[44.957s][debug][gc,phases      ] GC(97)   StringDedup Table Weak         Min:  0.0, Avg:  0.0, Max:  0.0, Diff:  0.0, Sum:  0.0, Workers: 4
[44.957s][debug][gc,phases      ] GC(97)     Dead                           Min: 0, Avg:  0.0, Max: 0, Diff: 0, Sum: 0, Workers: 4
[44.957s][debug][gc,phases      ] GC(97)     Total                          Min: 0, Avg:  0.0, Max: 0, Diff: 0, Sum: 0, Workers: 4
[44.957s][debug][gc,phases      ] GC(97)   StringDedup Requests0 Weak     Min:  0.0, Avg:  0.0, Max:  0.0, Diff:  0.0, Sum:  0.0, Workers: 4
[44.957s][debug][gc,phases      ] GC(97)     Dead                           Min: 0, Avg:  0.0, Max: 0, Diff: 0, Sum: 0, Workers: 4
[44.957s][debug][gc,phases      ] GC(97)     Total                          Min: 0, Avg:  0.0, Max: 0, Diff: 0, Sum: 0, Workers: 4
[44.957s][debug][gc,phases      ] GC(97)   StringDedup Requests1 Weak     Min:  0.0, Avg:  0.0, Max:  0.0, Diff:  0.0, Sum:  0.0, Workers: 4
[44.957s][debug][gc,phases      ] GC(97)     Dead                           Min: 0, Avg:  0.0, Max: 0, Diff: 0, Sum: 0, Workers: 4
[44.957s][debug][gc,phases      ] GC(97)     Total                          Min: 0, Avg:  0.0, Max: 0, Diff: 0, Sum: 0, Workers: 4
[44.957s][debug][gc,phases      ] GC(97)   Weak JFR Old Object Samples    Min:  0.0, Avg:  0.0, Max:  0.0, Diff:  0.0, Sum:  0.0, Workers: 4
[44.957s][debug][gc,phases      ] GC(97)     Dead                           Min: 0, Avg:  0.0, Max: 0, Diff: 0, Sum: 0, Workers: 4
[44.957s][debug][gc,phases      ] GC(97)     Total                          Min: 0, Avg:  0.0, Max: 0, Diff: 0, Sum: 0, Workers: 4
[44.957s][debug][gc,phases      ] GC(97) Weak Processing 0.405ms
[44.957s][debug][gc,age         ] GC(97) Desired survivor size 122683392 bytes, new threshold 15 (max threshold 15)
[44.957s][info ][gc,heap        ] GC(97) PSYoungGen: 1911765K(1966592K)->66933K(1977344K) Eden: 1840640K(1840640K)->0K(1854976K) From: 71125K(125952K)->66933K(122368K)
[44.957s][info ][gc,heap        ] GC(97) ParOldGen: 449414K(485888K)->457431K(485888K)
[44.957s][info ][gc,metaspace   ] GC(97) Metaspace: 79435K(80256K)->79435K(80256K) NonClass: 68115K(68544K)->68115K(68544K) Class: 11319K(11712K)->11319K(11712K)
[44.957s][info ][gc             ] GC(97) Pause Young (Allocation Failure) 2305M->512M(2405M) 24.914ms
[44.957s][info ][gc,cpu         ] GC(97) User=0.09s Sys=0.00s Real=0.03s
[44.957s][info ][safepoint      ] Safepoint "ParallelGCFailedAllocation", Time since last: 404705213 ns, Reaching safepoint: 171203 ns, At safepoint: 25034502 ns, Total: 25205705 ns
[45.350s][info ][gc,start       ] GC(98) Pause Young (Allocation Failure)
[45.376s][debug][gc,phases      ] GC(98) Scavenge 25.495ms
[45.376s][debug][gc,ref         ] GC(98) Skipped phase 1 of Reference Processing: no references
[45.376s][debug][gc,ref         ] GC(98) ReferenceProcessor::execute queues: 1, RefProcThreadModel::Single, marks_oops_alive: false
[45.376s][debug][gc,ref         ] GC(98) Skipped phase 3 of Reference Processing: no references
[45.376s][debug][gc,ref         ] GC(98) ReferenceProcessor::execute queues: 1, RefProcThreadModel::Single, marks_oops_alive: false
[45.376s][debug][gc,phases      ] GC(98) Reference Processing 0.139ms
[45.376s][debug][gc,phases      ] GC(98)   VM Weak                        Min:  0.0, Avg:  0.0, Max:  0.0, Diff:  0.0, Sum:  0.0, Workers: 4
[45.376s][debug][gc,phases      ] GC(98)     Dead                           Min: 0, Avg:  0.0, Max: 0, Diff: 0, Sum: 0, Workers: 4
[45.376s][debug][gc,phases      ] GC(98)     Total                          Min: 0, Avg: 161.2, Max: 645, Diff: 645, Sum: 645, Workers: 4
[45.376s][debug][gc,phases      ] GC(98)   ObjectSynchronizer Weak        Min:  0.0, Avg:  0.0, Max:  0.0, Diff:  0.0, Sum:  0.0, Workers: 4
[45.376s][debug][gc,phases      ] GC(98)     Dead                           Min: 0, Avg:  0.0, Max: 0, Diff: 0, Sum: 0, Workers: 4
[45.376s][debug][gc,phases      ] GC(98)     Total                          Min: 0, Avg: 92.8, Max: 192, Diff: 192, Sum: 371, Workers: 4
[45.376s][debug][gc,phases      ] GC(98)   JVMTI Tag Weak OopStorage      Min:  0.0, Avg:  0.0, Max:  0.0, Diff:  0.0, Sum:  0.0, Workers: 4
[45.376s][debug][gc,phases      ] GC(98)     Dead                           Min: 0, Avg:  0.0, Max: 0, Diff: 0, Sum: 0, Workers: 4
[45.376s][debug][gc,phases      ] GC(98)     Total                          Min: 0, Avg:  0.0, Max: 0, Diff: 0, Sum: 0, Workers: 4
[45.376s][debug][gc,phases      ] GC(98)   StringTable Weak               Min:  0.1, Avg:  0.1, Max:  0.1, Diff:  0.0, Sum:  0.5, Workers: 4
[45.376s][debug][gc,phases      ] GC(98)     Dead                           Min: 0, Avg:  0.0, Max: 0, Diff: 0, Sum: 0, Workers: 4
[45.376s][debug][gc,phases      ] GC(98)     Total                          Min: 10560, Avg: 11676.8, Max: 12659, Diff: 2099, Sum: 46707, Workers: 4
[45.376s][debug][gc,phases      ] GC(98)   ResolvedMethodTable Weak       Min:  0.0, Avg:  0.0, Max:  0.0, Diff:  0.0, Sum:  0.1, Workers: 4
[45.376s][debug][gc,phases      ] GC(98)     Dead                           Min: 0, Avg:  0.0, Max: 0, Diff: 0, Sum: 0, Workers: 4
[45.376s][debug][gc,phases      ] GC(98)     Total                          Min: 1791, Avg: 1964.5, Max: 2240, Diff: 449, Sum: 7858, Workers: 4
[45.376s][debug][gc,phases      ] GC(98)   JNI Weak                       Min:  0.0, Avg:  0.0, Max:  0.0, Diff:  0.0, Sum:  0.0, Workers: 4
[45.376s][debug][gc,phases      ] GC(98)     Dead                           Min: 0, Avg:  0.0, Max: 0, Diff: 0, Sum: 0, Workers: 4
[45.376s][debug][gc,phases      ] GC(98)     Total                          Min: 0, Avg:  1.5, Max: 6, Diff: 6, Sum: 6, Workers: 4
[45.376s][debug][gc,phases      ] GC(98)   StringDedup Table Weak         Min:  0.0, Avg:  0.0, Max:  0.0, Diff:  0.0, Sum:  0.0, Workers: 4
[45.376s][debug][gc,phases      ] GC(98)     Dead                           Min: 0, Avg:  0.0, Max: 0, Diff: 0, Sum: 0, Workers: 4
[45.376s][debug][gc,phases      ] GC(98)     Total                          Min: 0, Avg:  0.0, Max: 0, Diff: 0, Sum: 0, Workers: 4
[45.376s][debug][gc,phases      ] GC(98)   StringDedup Requests0 Weak     Min:  0.0, Avg:  0.0, Max:  0.0, Diff:  0.0, Sum:  0.0, Workers: 4
[45.376s][debug][gc,phases      ] GC(98)     Dead                           Min: 0, Avg:  0.0, Max: 0, Diff: 0, Sum: 0, Workers: 4
[45.376s][debug][gc,phases      ] GC(98)     Total                          Min: 0, Avg:  0.0, Max: 0, Diff: 0, Sum: 0, Workers: 4
[45.376s][debug][gc,phases      ] GC(98)   StringDedup Requests1 Weak     Min:  0.0, Avg:  0.0, Max:  0.0, Diff:  0.0, Sum:  0.0, Workers: 4
[45.376s][debug][gc,phases      ] GC(98)     Dead                           Min: 0, Avg:  0.0, Max: 0, Diff: 0, Sum: 0, Workers: 4
[45.376s][debug][gc,phases      ] GC(98)     Total                          Min: 0, Avg:  0.0, Max: 0, Diff: 0, Sum: 0, Workers: 4
[45.376s][debug][gc,phases      ] GC(98)   Weak JFR Old Object Samples    Min:  0.0, Avg:  0.0, Max:  0.0, Diff:  0.0, Sum:  0.0, Workers: 4
[45.376s][debug][gc,phases      ] GC(98)     Dead                           Min: 0, Avg:  0.0, Max: 0, Diff: 0, Sum: 0, Workers: 4
[45.376s][debug][gc,phases      ] GC(98)     Total                          Min: 0, Avg:  0.0, Max: 0, Diff: 0, Sum: 0, Workers: 4
[45.376s][debug][gc,phases      ] GC(98) Weak Processing 0.319ms
[45.376s][debug][gc,age         ] GC(98) Desired survivor size 120061952 bytes, new threshold 15 (max threshold 15)
[45.376s][info ][gc,heap        ] GC(98) PSYoungGen: 1921909K(1977344K)->68176K(1974784K) Eden: 1854976K(1854976K)->0K(1854976K) From: 66933K(122368K)->68176K(119808K)
[45.376s][info ][gc,heap        ] GC(98) ParOldGen: 457431K(485888K)->460307K(485888K)
[45.376s][info ][gc,metaspace   ] GC(98) Metaspace: 79455K(80320K)->79455K(80320K) NonClass: 68135K(68608K)->68135K(68608K) Class: 11320K(11712K)->11320K(11712K)
[45.376s][info ][gc             ] GC(98) Pause Young (Allocation Failure) 2323M->516M(2403M) 26.103ms
[45.376s][info ][gc,cpu         ] GC(98) User=0.10s Sys=0.00s Real=0.03s
[45.376s][info ][safepoint      ] Safepoint "ParallelGCFailedAllocation", Time since last: 393003378 ns, Reaching safepoint: 188104 ns, At safepoint: 26229325 ns, Total: 26417429 ns
[45.800s][info ][gc,start       ] GC(99) Pause Young (Allocation Failure)
[45.822s][debug][gc,phases      ] GC(99) Scavenge 21.636ms
[45.822s][debug][gc,ref         ] GC(99) Skipped phase 1 of Reference Processing: no references
[45.822s][debug][gc,ref         ] GC(99) ReferenceProcessor::execute queues: 1, RefProcThreadModel::Single, marks_oops_alive: false
[45.822s][debug][gc,ref         ] GC(99) Skipped phase 3 of Reference Processing: no references
[45.822s][debug][gc,ref         ] GC(99) ReferenceProcessor::execute queues: 1, RefProcThreadModel::Single, marks_oops_alive: false
[45.822s][debug][gc,phases      ] GC(99) Reference Processing 0.114ms
[45.822s][debug][gc,phases      ] GC(99)   VM Weak                        Min:  0.0, Avg:  0.0, Max:  0.0, Diff:  0.0, Sum:  0.0, Workers: 4
[45.822s][debug][gc,phases      ] GC(99)     Dead                           Min: 0, Avg:  0.0, Max: 0, Diff: 0, Sum: 0, Workers: 4
[45.822s][debug][gc,phases      ] GC(99)     Total                          Min: 0, Avg: 161.2, Max: 645, Diff: 645, Sum: 645, Workers: 4
[45.822s][debug][gc,phases      ] GC(99)   ObjectSynchronizer Weak        Min:  0.0, Avg:  0.0, Max:  0.0, Diff:  0.0, Sum:  0.0, Workers: 4
[45.822s][debug][gc,phases      ] GC(99)     Dead                           Min: 0, Avg:  0.0, Max: 0, Diff: 0, Sum: 0, Workers: 4
[45.822s][debug][gc,phases      ] GC(99)     Total                          Min: 0, Avg: 92.8, Max: 320, Diff: 320, Sum: 371, Workers: 4
[45.822s][debug][gc,phases      ] GC(99)   JVMTI Tag Weak OopStorage      Min:  0.0, Avg:  0.0, Max:  0.0, Diff:  0.0, Sum:  0.0, Workers: 4
[45.822s][debug][gc,phases      ] GC(99)     Dead                           Min: 0, Avg:  0.0, Max: 0, Diff: 0, Sum: 0, Workers: 4
[45.822s][debug][gc,phases      ] GC(99)     Total                          Min: 0, Avg:  0.0, Max: 0, Diff: 0, Sum: 0, Workers: 4
[45.822s][debug][gc,phases      ] GC(99)   StringTable Weak               Min:  0.1, Avg:  0.1, Max:  0.1, Diff:  0.0, Sum:  0.4, Workers: 4
[45.822s][debug][gc,phases      ] GC(99)     Dead                           Min: 0, Avg:  0.0, Max: 0, Diff: 0, Sum: 0, Workers: 4
[45.822s][debug][gc,phases      ] GC(99)     Total                          Min: 11008, Avg: 11678.2, Max: 12608, Diff: 1600, Sum: 46713, Workers: 4
[45.822s][debug][gc,phases      ] GC(99)   ResolvedMethodTable Weak       Min:  0.0, Avg:  0.0, Max:  0.0, Diff:  0.0, Sum:  0.1, Workers: 4
[45.822s][debug][gc,phases      ] GC(99)     Dead                           Min: 0, Avg:  0.0, Max: 0, Diff: 0, Sum: 0, Workers: 4
[45.822s][debug][gc,phases      ] GC(99)     Total                          Min: 1663, Avg: 1964.5, Max: 2227, Diff: 564, Sum: 7858, Workers: 4
[45.822s][debug][gc,phases      ] GC(99)   JNI Weak                       Min:  0.0, Avg:  0.0, Max:  0.0, Diff:  0.0, Sum:  0.0, Workers: 4
[45.822s][debug][gc,phases      ] GC(99)     Dead                           Min: 0, Avg:  0.0, Max: 0, Diff: 0, Sum: 0, Workers: 4
[45.822s][debug][gc,phases      ] GC(99)     Total                          Min: 0, Avg:  0.5, Max: 2, Diff: 2, Sum: 2, Workers: 4
[45.822s][debug][gc,phases      ] GC(99)   StringDedup Table Weak         Min:  0.0, Avg:  0.0, Max:  0.0, Diff:  0.0, Sum:  0.0, Workers: 4
[45.822s][debug][gc,phases      ] GC(99)     Dead                           Min: 0, Avg:  0.0, Max: 0, Diff: 0, Sum: 0, Workers: 4
[45.822s][debug][gc,phases      ] GC(99)     Total                          Min: 0, Avg:  0.0, Max: 0, Diff: 0, Sum: 0, Workers: 4
[45.822s][debug][gc,phases      ] GC(99)   StringDedup Requests0 Weak     Min:  0.0, Avg:  0.0, Max:  0.0, Diff:  0.0, Sum:  0.0, Workers: 4
[45.822s][debug][gc,phases      ] GC(99)     Dead                           Min: 0, Avg:  0.0, Max: 0, Diff: 0, Sum: 0, Workers: 4
[45.822s][debug][gc,phases      ] GC(99)     Total                          Min: 0, Avg:  0.0, Max: 0, Diff: 0, Sum: 0, Workers: 4
[45.822s][debug][gc,phases      ] GC(99)   StringDedup Requests1 Weak     Min:  0.0, Avg:  0.0, Max:  0.0, Diff:  0.0, Sum:  0.0, Workers: 4
[45.822s][debug][gc,phases      ] GC(99)     Dead                           Min: 0, Avg:  0.0, Max: 0, Diff: 0, Sum: 0, Workers: 4
[45.822s][debug][gc,phases      ] GC(99)     Total                          Min: 0, Avg:  0.0, Max: 0, Diff: 0, Sum: 0, Workers: 4
[45.822s][debug][gc,phases      ] GC(99)   Weak JFR Old Object Samples    Min:  0.0, Avg:  0.0, Max:  0.0, Diff:  0.0, Sum:  0.0, Workers: 4
[45.822s][debug][gc,phases      ] GC(99)     Dead                           Min: 0, Avg:  0.0, Max: 0, Diff: 0, Sum: 0, Workers: 4
[45.822s][debug][gc,phases      ] GC(99)     Total                          Min: 0, Avg:  0.0, Max: 0, Diff: 0, Sum: 0, Workers: 4
[45.822s][debug][gc,phases      ] GC(99) Weak Processing 0.326ms
[45.822s][debug][gc,age         ] GC(99) Desired survivor size 116391936 bytes, new threshold 15 (max threshold 15)
[45.822s][info ][gc,heap        ] GC(99) PSYoungGen: 1923152K(1974784K)->71792K(1983488K) Eden: 1854976K(1854976K)->0K(1866240K) From: 68176K(119808K)->71792K(117248K)
[45.822s][info ][gc,heap        ] GC(99) ParOldGen: 460307K(485888K)->461280K(485888K)
[45.822s][info ][gc,metaspace   ] GC(99) Metaspace: 79464K(80320K)->79464K(80320K) NonClass: 68144K(68608K)->68144K(68608K) Class: 11320K(11712K)->11320K(11712K)
[45.822s][info ][gc             ] GC(99) Pause Young (Allocation Failure) 2327M->520M(2411M) 22.215ms
[45.822s][info ][gc,cpu         ] GC(99) User=0.09s Sys=0.00s Real=0.02s
[45.822s][info ][safepoint      ] Safepoint "ParallelGCFailedAllocation", Time since last: 423327286 ns, Reaching safepoint: 220805 ns, At safepoint: 22334947 ns, Total: 22555752 ns
[46.214s][info ][gc,start       ] GC(100) Pause Young (Allocation Failure)
[46.237s][debug][gc,phases      ] GC(100) Scavenge 22.767ms
[46.237s][debug][gc,ref         ] GC(100) Skipped phase 1 of Reference Processing: no references
[46.237s][debug][gc,ref         ] GC(100) ReferenceProcessor::execute queues: 1, RefProcThreadModel::Single, marks_oops_alive: false
[46.237s][debug][gc,ref         ] GC(100) Skipped phase 3 of Reference Processing: no references
[46.237s][debug][gc,ref         ] GC(100) ReferenceProcessor::execute queues: 1, RefProcThreadModel::Single, marks_oops_alive: false
[46.237s][debug][gc,phases      ] GC(100) Reference Processing 0.148ms
[46.238s][debug][gc,phases      ] GC(100)   VM Weak                        Min:  0.0, Avg:  0.0, Max:  0.0, Diff:  0.0, Sum:  0.0, Workers: 4
[46.238s][debug][gc,phases      ] GC(100)     Dead                           Min: 0, Avg:  0.0, Max: 0, Diff: 0, Sum: 0, Workers: 4
[46.238s][debug][gc,phases      ] GC(100)     Total                          Min: 0, Avg: 161.2, Max: 517, Diff: 517, Sum: 645, Workers: 4
[46.238s][debug][gc,phases      ] GC(100)   ObjectSynchronizer Weak        Min:  0.0, Avg:  0.0, Max:  0.0, Diff:  0.0, Sum:  0.0, Workers: 4
[46.238s][debug][gc,phases      ] GC(100)     Dead                           Min: 0, Avg:  0.0, Max: 0, Diff: 0, Sum: 0, Workers: 4
[46.238s][debug][gc,phases      ] GC(100)     Total                          Min: 0, Avg: 92.8, Max: 192, Diff: 192, Sum: 371, Workers: 4
[46.238s][debug][gc,phases      ] GC(100)   JVMTI Tag Weak OopStorage      Min:  0.0, Avg:  0.0, Max:  0.0, Diff:  0.0, Sum:  0.0, Workers: 4
[46.238s][debug][gc,phases      ] GC(100)     Dead                           Min: 0, Avg:  0.0, Max: 0, Diff: 0, Sum: 0, Workers: 4
[46.238s][debug][gc,phases      ] GC(100)     Total                          Min: 0, Avg:  0.0, Max: 0, Diff: 0, Sum: 0, Workers: 4
[46.238s][debug][gc,phases      ] GC(100)   StringTable Weak               Min:  0.1, Avg:  0.1, Max:  0.1, Diff:  0.0, Sum:  0.4, Workers: 4
[46.238s][debug][gc,phases      ] GC(100)     Dead                           Min: 0, Avg:  0.0, Max: 0, Diff: 0, Sum: 0, Workers: 4
[46.238s][debug][gc,phases      ] GC(100)     Total                          Min: 11328, Avg: 11678.2, Max: 12160, Diff: 832, Sum: 46713, Workers: 4
[46.238s][debug][gc,phases      ] GC(100)   ResolvedMethodTable Weak       Min:  0.0, Avg:  0.0, Max:  0.0, Diff:  0.0, Sum:  0.1, Workers: 4
[46.238s][debug][gc,phases      ] GC(100)     Dead                           Min: 0, Avg:  0.0, Max: 0, Diff: 0, Sum: 0, Workers: 4
[46.238s][debug][gc,phases      ] GC(100)     Total                          Min: 1791, Avg: 1964.5, Max: 2112, Diff: 321, Sum: 7858, Workers: 4
[46.238s][debug][gc,phases      ] GC(100)   JNI Weak                       Min:  0.0, Avg:  0.0, Max:  0.0, Diff:  0.0, Sum:  0.0, Workers: 4
[46.238s][debug][gc,phases      ] GC(100)     Dead                           Min: 0, Avg:  0.0, Max: 0, Diff: 0, Sum: 0, Workers: 4
[46.238s][debug][gc,phases      ] GC(100)     Total                          Min: 0, Avg:  1.5, Max: 6, Diff: 6, Sum: 6, Workers: 4
[46.238s][debug][gc,phases      ] GC(100)   StringDedup Table Weak         Min:  0.0, Avg:  0.0, Max:  0.0, Diff:  0.0, Sum:  0.0, Workers: 4
[46.238s][debug][gc,phases      ] GC(100)     Dead                           Min: 0, Avg:  0.0, Max: 0, Diff: 0, Sum: 0, Workers: 4
[46.238s][debug][gc,phases      ] GC(100)     Total                          Min: 0, Avg:  0.0, Max: 0, Diff: 0, Sum: 0, Workers: 4
[46.238s][debug][gc,phases      ] GC(100)   StringDedup Requests0 Weak     Min:  0.0, Avg:  0.0, Max:  0.0, Diff:  0.0, Sum:  0.0, Workers: 4
[46.238s][debug][gc,phases      ] GC(100)     Dead                           Min: 0, Avg:  0.0, Max: 0, Diff: 0, Sum: 0, Workers: 4
[46.238s][debug][gc,phases      ] GC(100)     Total                          Min: 0, Avg:  0.0, Max: 0, Diff: 0, Sum: 0, Workers: 4
[46.238s][debug][gc,phases      ] GC(100)   StringDedup Requests1 Weak     Min:  0.0, Avg:  0.0, Max:  0.0, Diff:  0.0, Sum:  0.0, Workers: 4
[46.238s][debug][gc,phases      ] GC(100)     Dead                           Min: 0, Avg:  0.0, Max: 0, Diff: 0, Sum: 0, Workers: 4
[46.238s][debug][gc,phases      ] GC(100)     Total                          Min: 0, Avg:  0.0, Max: 0, Diff: 0, Sum: 0, Workers: 4
[46.238s][debug][gc,phases      ] GC(100)   Weak JFR Old Object Samples    Min:  0.0, Avg:  0.0, Max:  0.0, Diff:  0.0, Sum:  0.0, Workers: 4
[46.238s][debug][gc,phases      ] GC(100)     Dead                           Min: 0, Avg:  0.0, Max: 0, Diff: 0, Sum: 0, Workers: 4
[46.238s][debug][gc,phases      ] GC(100)     Total                          Min: 0, Avg:  0.0, Max: 0, Diff: 0, Sum: 0, Workers: 4
[46.238s][debug][gc,phases      ] GC(100) Weak Processing 0.400ms
[46.238s][debug][gc,age         ] GC(100) Desired survivor size 113770496 bytes, new threshold 15 (max threshold 15)
[46.238s][info ][gc,heap        ] GC(100) PSYoungGen: 1938032K(1983488K)->67920K(1979904K) Eden: 1866240K(1866240K)->0K(1866240K) From: 71792K(117248K)->67920K(113664K)
[46.238s][info ][gc,heap        ] GC(100) ParOldGen: 461280K(485888K)->466744K(485888K)
[46.238s][info ][gc,metaspace   ] GC(100) Metaspace: 79488K(80320K)->79488K(80320K) NonClass: 68168K(68608K)->68168K(68608K) Class: 11320K(11712K)->11320K(11712K)
[46.238s][info ][gc             ] GC(100) Pause Young (Allocation Failure) 2343M->522M(2408M) 23.472ms
[46.238s][info ][gc,cpu         ] GC(100) User=0.09s Sys=0.00s Real=0.02s
[46.238s][info ][safepoint      ] Safepoint "ParallelGCFailedAllocation", Time since last: 391733753 ns, Reaching safepoint: 202604 ns, At safepoint: 23609273 ns, Total: 23811877 ns
[46.661s][info ][gc,start       ] GC(101) Pause Young (Allocation Failure)
[46.683s][debug][gc,phases      ] GC(101) Scavenge 22.567ms
[46.683s][debug][gc,ref         ] GC(101) Skipped phase 1 of Reference Processing: no references
[46.683s][debug][gc,ref         ] GC(101) ReferenceProcessor::execute queues: 1, RefProcThreadModel::Single, marks_oops_alive: false
[46.683s][debug][gc,ref         ] GC(101) Skipped phase 3 of Reference Processing: no references
[46.683s][debug][gc,ref         ] GC(101) ReferenceProcessor::execute queues: 1, RefProcThreadModel::Single, marks_oops_alive: false
[46.683s][debug][gc,phases      ] GC(101) Reference Processing 0.123ms
[46.684s][debug][gc,phases      ] GC(101)   VM Weak                        Min:  0.0, Avg:  0.0, Max:  0.0, Diff:  0.0, Sum:  0.0, Workers: 4
[46.684s][debug][gc,phases      ] GC(101)     Dead                           Min: 0, Avg:  0.0, Max: 0, Diff: 0, Sum: 0, Workers: 4
[46.684s][debug][gc,phases      ] GC(101)     Total                          Min: 0, Avg: 161.2, Max: 320, Diff: 320, Sum: 645, Workers: 4
[46.684s][debug][gc,phases      ] GC(101)   ObjectSynchronizer Weak        Min:  0.0, Avg:  0.0, Max:  0.0, Diff:  0.0, Sum:  0.0, Workers: 4
[46.684s][debug][gc,phases      ] GC(101)     Dead                           Min: 0, Avg:  0.0, Max: 0, Diff: 0, Sum: 0, Workers: 4
[46.684s][debug][gc,phases      ] GC(101)     Total                          Min: 0, Avg: 92.8, Max: 179, Diff: 179, Sum: 371, Workers: 4
[46.684s][debug][gc,phases      ] GC(101)   JVMTI Tag Weak OopStorage      Min:  0.0, Avg:  0.0, Max:  0.0, Diff:  0.0, Sum:  0.0, Workers: 4
[46.684s][debug][gc,phases      ] GC(101)     Dead                           Min: 0, Avg:  0.0, Max: 0, Diff: 0, Sum: 0, Workers: 4
[46.684s][debug][gc,phases      ] GC(101)     Total                          Min: 0, Avg:  0.0, Max: 0, Diff: 0, Sum: 0, Workers: 4
[46.684s][debug][gc,phases      ] GC(101)   StringTable Weak               Min:  0.1, Avg:  0.1, Max:  0.1, Diff:  0.0, Sum:  0.5, Workers: 4
[46.684s][debug][gc,phases      ] GC(101)     Dead                           Min: 0, Avg:  0.0, Max: 0, Diff: 0, Sum: 0, Workers: 4
[46.684s][debug][gc,phases      ] GC(101)     Total                          Min: 11264, Avg: 11678.2, Max: 12160, Diff: 896, Sum: 46713, Workers: 4
[46.684s][debug][gc,phases      ] GC(101)   ResolvedMethodTable Weak       Min:  0.0, Avg:  0.0, Max:  0.0, Diff:  0.0, Sum:  0.1, Workers: 4
[46.684s][debug][gc,phases      ] GC(101)     Dead                           Min: 0, Avg:  0.0, Max: 0, Diff: 0, Sum: 0, Workers: 4
[46.684s][debug][gc,phases      ] GC(101)     Total                          Min: 1727, Avg: 1964.5, Max: 2112, Diff: 385, Sum: 7858, Workers: 4
[46.684s][debug][gc,phases      ] GC(101)   JNI Weak                       Min:  0.0, Avg:  0.0, Max:  0.0, Diff:  0.0, Sum:  0.0, Workers: 4
[46.684s][debug][gc,phases      ] GC(101)     Dead                           Min: 0, Avg:  0.0, Max: 0, Diff: 0, Sum: 0, Workers: 4
[46.684s][debug][gc,phases      ] GC(101)     Total                          Min: 0, Avg:  2.0, Max: 8, Diff: 8, Sum: 8, Workers: 4
[46.684s][debug][gc,phases      ] GC(101)   StringDedup Table Weak         Min:  0.0, Avg:  0.0, Max:  0.0, Diff:  0.0, Sum:  0.0, Workers: 4
[46.684s][debug][gc,phases      ] GC(101)     Dead                           Min: 0, Avg:  0.0, Max: 0, Diff: 0, Sum: 0, Workers: 4
[46.684s][debug][gc,phases      ] GC(101)     Total                          Min: 0, Avg:  0.0, Max: 0, Diff: 0, Sum: 0, Workers: 4
[46.684s][debug][gc,phases      ] GC(101)   StringDedup Requests0 Weak     Min:  0.0, Avg:  0.0, Max:  0.0, Diff:  0.0, Sum:  0.0, Workers: 4
[46.684s][debug][gc,phases      ] GC(101)     Dead                           Min: 0, Avg:  0.0, Max: 0, Diff: 0, Sum: 0, Workers: 4
[46.684s][debug][gc,phases      ] GC(101)     Total                          Min: 0, Avg:  0.0, Max: 0, Diff: 0, Sum: 0, Workers: 4
[46.684s][debug][gc,phases      ] GC(101)   StringDedup Requests1 Weak     Min:  0.0, Avg:  0.0, Max:  0.0, Diff:  0.0, Sum:  0.0, Workers: 4
[46.684s][debug][gc,phases      ] GC(101)     Dead                           Min: 0, Avg:  0.0, Max: 0, Diff: 0, Sum: 0, Workers: 4
[46.684s][debug][gc,phases      ] GC(101)     Total                          Min: 0, Avg:  0.0, Max: 0, Diff: 0, Sum: 0, Workers: 4
[46.684s][debug][gc,phases      ] GC(101)   Weak JFR Old Object Samples    Min:  0.0, Avg:  0.0, Max:  0.0, Diff:  0.0, Sum:  0.0, Workers: 4
[46.684s][debug][gc,phases      ] GC(101)     Dead                           Min: 0, Avg:  0.0, Max: 0, Diff: 0, Sum: 0, Workers: 4
[46.684s][debug][gc,phases      ] GC(101)     Total                          Min: 0, Avg:  0.0, Max: 0, Diff: 0, Sum: 0, Workers: 4
[46.684s][debug][gc,phases      ] GC(101) Weak Processing 0.346ms
[46.684s][debug][gc,age         ] GC(101) Desired survivor size 111673344 bytes, new threshold 15 (max threshold 15)
[46.684s][info ][gc,heap        ] GC(101) PSYoungGen: 1934160K(1979904K)->64160K(1988096K) Eden: 1866240K(1866240K)->0K(1876992K) From: 67920K(113664K)->64160K(111104K)
[46.684s][info ][gc,heap        ] GC(101) ParOldGen: 466744K(485888K)->472152K(485888K)
[46.684s][info ][gc,metaspace   ] GC(101) Metaspace: 79509K(80320K)->79509K(80320K) NonClass: 68189K(68608K)->68189K(68608K) Class: 11320K(11712K)->11320K(11712K)
[46.684s][info ][gc             ] GC(101) Pause Young (Allocation Failure) 2344M->523M(2416M) 23.212ms
[46.684s][info ][gc,cpu         ] GC(101) User=0.10s Sys=0.00s Real=0.02s
[46.684s][debug][gc,phases      ] GC(102) Pre Compact 0.012ms
[46.684s][info ][gc,start       ] GC(102) Pause Full (Ergonomics)
[46.684s][info ][gc,phases,start] GC(102) Marking Phase
[46.831s][debug][gc,phases      ] GC(102) Par Mark 146.891ms
[46.831s][debug][gc,ref         ] GC(102) Skipped phase 1 of Reference Processing: no references
[46.831s][debug][gc,ref         ] GC(102) ReferenceProcessor::execute queues: 4, RefProcThreadModel::Multi, marks_oops_alive: false
[46.832s][debug][gc,ref         ] GC(102) ReferenceProcessor::execute queues: 4, RefProcThreadModel::Multi, marks_oops_alive: true
[46.832s][debug][gc,ref         ] GC(102) ReferenceProcessor::execute queues: 1, RefProcThreadModel::Single, marks_oops_alive: false
[46.832s][debug][gc,phases      ] GC(102) Reference Processing 0.776ms
[46.832s][debug][gc,phases      ] GC(102)   VM Weak                        Min:  0.0, Avg:  0.0, Max:  0.0, Diff:  0.0, Sum:  0.0, Workers: 4
[46.832s][debug][gc,phases      ] GC(102)     Dead                           Min: 0, Avg:  0.0, Max: 0, Diff: 0, Sum: 0, Workers: 4
[46.832s][debug][gc,phases      ] GC(102)     Total                          Min: 0, Avg: 161.2, Max: 448, Diff: 448, Sum: 645, Workers: 4
[46.832s][debug][gc,phases      ] GC(102)   ObjectSynchronizer Weak        Min:  0.0, Avg:  0.0, Max:  0.0, Diff:  0.0, Sum:  0.0, Workers: 4
[46.832s][debug][gc,phases      ] GC(102)     Dead                           Min: 0, Avg:  0.0, Max: 0, Diff: 0, Sum: 0, Workers: 4
[46.832s][debug][gc,phases      ] GC(102)     Total                          Min: 51, Avg: 92.8, Max: 128, Diff: 77, Sum: 371, Workers: 4
[46.832s][debug][gc,phases      ] GC(102)   JVMTI Tag Weak OopStorage      Min:  0.0, Avg:  0.0, Max:  0.0, Diff:  0.0, Sum:  0.0, Workers: 4
[46.832s][debug][gc,phases      ] GC(102)     Dead                           Min: 0, Avg:  0.0, Max: 0, Diff: 0, Sum: 0, Workers: 4
[46.832s][debug][gc,phases      ] GC(102)     Total                          Min: 0, Avg:  0.0, Max: 0, Diff: 0, Sum: 0, Workers: 4
[46.832s][debug][gc,phases      ] GC(102)   StringTable Weak               Min:  0.2, Avg:  0.2, Max:  0.2, Diff:  0.0, Sum:  0.7, Workers: 4
[46.832s][debug][gc,phases      ] GC(102)     Dead                           Min: 0, Avg:  0.0, Max: 0, Diff: 0, Sum: 0, Workers: 4
[46.832s][debug][gc,phases      ] GC(102)     Total                          Min: 10624, Avg: 11678.2, Max: 14265, Diff: 3641, Sum: 46713, Workers: 4
[46.832s][debug][gc,phases      ] GC(102)   ResolvedMethodTable Weak       Min:  0.0, Avg:  0.0, Max:  0.0, Diff:  0.0, Sum:  0.1, Workers: 4
[46.832s][debug][gc,phases      ] GC(102)     Dead                           Min: 0, Avg:  0.0, Max: 0, Diff: 0, Sum: 0, Workers: 4
[46.832s][debug][gc,phases      ] GC(102)     Total                          Min: 1727, Avg: 1964.5, Max: 2547, Diff: 820, Sum: 7858, Workers: 4
[46.832s][debug][gc,phases      ] GC(102)   JNI Weak                       Min:  0.0, Avg:  0.0, Max:  0.0, Diff:  0.0, Sum:  0.0, Workers: 4
[46.832s][debug][gc,phases      ] GC(102)     Dead                           Min: 0, Avg:  0.0, Max: 0, Diff: 0, Sum: 0, Workers: 4
[46.832s][debug][gc,phases      ] GC(102)     Total                          Min: 0, Avg:  2.0, Max: 8, Diff: 8, Sum: 8, Workers: 4
[46.832s][debug][gc,phases      ] GC(102)   StringDedup Table Weak         Min:  0.0, Avg:  0.0, Max:  0.0, Diff:  0.0, Sum:  0.0, Workers: 4
[46.832s][debug][gc,phases      ] GC(102)     Dead                           Min: 0, Avg:  0.0, Max: 0, Diff: 0, Sum: 0, Workers: 4
[46.832s][debug][gc,phases      ] GC(102)     Total                          Min: 0, Avg:  0.0, Max: 0, Diff: 0, Sum: 0, Workers: 4
[46.832s][debug][gc,phases      ] GC(102)   StringDedup Requests0 Weak     Min:  0.0, Avg:  0.0, Max:  0.0, Diff:  0.0, Sum:  0.0, Workers: 4
[46.832s][debug][gc,phases      ] GC(102)     Dead                           Min: 0, Avg:  0.0, Max: 0, Diff: 0, Sum: 0, Workers: 4
[46.832s][debug][gc,phases      ] GC(102)     Total                          Min: 0, Avg:  0.0, Max: 0, Diff: 0, Sum: 0, Workers: 4
[46.832s][debug][gc,phases      ] GC(102)   StringDedup Requests1 Weak     Min:  0.0, Avg:  0.0, Max:  0.0, Diff:  0.0, Sum:  0.0, Workers: 4
[46.832s][debug][gc,phases      ] GC(102)     Dead                           Min: 0, Avg:  0.0, Max: 0, Diff: 0, Sum: 0, Workers: 4
[46.832s][debug][gc,phases      ] GC(102)     Total                          Min: 0, Avg:  0.0, Max: 0, Diff: 0, Sum: 0, Workers: 4
[46.832s][debug][gc,phases      ] GC(102)   Weak JFR Old Object Samples    Min:  0.0, Avg:  0.0, Max:  0.0, Diff:  0.0, Sum:  0.0, Workers: 4
[46.832s][debug][gc,phases      ] GC(102)     Dead                           Min: 0, Avg:  0.0, Max: 0, Diff: 0, Sum: 0, Workers: 4
[46.832s][debug][gc,phases      ] GC(102)     Total                          Min: 0, Avg:  0.0, Max: 0, Diff: 0, Sum: 0, Workers: 4
[46.832s][debug][gc,phases      ] GC(102) Weak Processing 0.396ms
[46.832s][debug][gc,phases      ] GC(102) ClassLoaderData 0.090ms
[46.832s][debug][gc,phases      ] GC(102) Trigger cleanups 0.000ms
[46.846s][debug][gc,phases      ] GC(102) Class Unloading 13.671ms
[46.846s][info ][gc,phases      ] GC(102) Marking Phase 161.920ms
[46.846s][info ][gc,phases,start] GC(102) Summary Phase
[46.846s][info ][gc,phases      ] GC(102) Summary Phase 0.012ms
[46.846s][info ][gc,phases,start] GC(102) Adjust Roots
[46.860s][info ][gc,phases      ] GC(102) Adjust Roots 14.029ms
[46.860s][info ][gc,phases,start] GC(102) Compaction Phase
[47.176s][info ][gc,phases      ] GC(102) Compaction Phase 315.869ms
[47.176s][info ][gc,phases,start] GC(102) Post Compact
[47.178s][info ][gc,phases      ] GC(102) Post Compact 1.612ms
[47.178s][info ][gc,heap        ] GC(102) PSYoungGen: 64160K(1988096K)->9208K(1988096K) Eden: 0K(1876992K)->0K(1876992K) From: 64160K(111104K)->9208K(111104K)
[47.178s][info ][gc,heap        ] GC(102) ParOldGen: 472152K(485888K)->485631K(595968K)
[47.178s][info ][gc,metaspace   ] GC(102) Metaspace: 79509K(80320K)->79509K(80320K) NonClass: 68189K(68608K)->68189K(68608K) Class: 11320K(11712K)->11320K(11712K)
[47.178s][info ][gc             ] GC(102) Pause Full (Ergonomics) 523M->483M(2523M) 493.753ms
[47.178s][info ][gc,cpu         ] GC(102) User=1.87s Sys=0.00s Real=0.50s
[47.201s][info ][safepoint      ] Safepoint "ParallelGCFailedAllocation", Time since last: 422636972 ns, Reaching safepoint: 140203 ns, At safepoint: 540184228 ns, Total: 540324431 ns
[47.641s][info ][gc,start       ] GC(103) Pause Young (Allocation Failure)
[47.725s][debug][gc,phases      ] GC(103) Scavenge 84.093ms
[47.725s][debug][gc,ref         ] GC(103) Skipped phase 1 of Reference Processing: no references
[47.726s][debug][gc,ref         ] GC(103) ReferenceProcessor::execute queues: 1, RefProcThreadModel::Single, marks_oops_alive: false
[47.726s][debug][gc,ref         ] GC(103) Skipped phase 3 of Reference Processing: no references
[47.726s][debug][gc,ref         ] GC(103) ReferenceProcessor::execute queues: 1, RefProcThreadModel::Single, marks_oops_alive: false
[47.726s][debug][gc,phases      ] GC(103) Reference Processing 0.123ms
[47.726s][debug][gc,phases      ] GC(103)   VM Weak                        Min:  0.0, Avg:  0.0, Max:  0.0, Diff:  0.0, Sum:  0.0, Workers: 4
[47.726s][debug][gc,phases      ] GC(103)     Dead                           Min: 0, Avg:  0.0, Max: 0, Diff: 0, Sum: 0, Workers: 4
[47.726s][debug][gc,phases      ] GC(103)     Total                          Min: 0, Avg: 161.2, Max: 640, Diff: 640, Sum: 645, Workers: 4
[47.726s][debug][gc,phases      ] GC(103)   ObjectSynchronizer Weak        Min:  0.0, Avg:  0.0, Max:  0.0, Diff:  0.0, Sum:  0.0, Workers: 4
[47.726s][debug][gc,phases      ] GC(103)     Dead                           Min: 0, Avg:  0.0, Max: 0, Diff: 0, Sum: 0, Workers: 4
[47.726s][debug][gc,phases      ] GC(103)     Total                          Min: 0, Avg: 92.8, Max: 179, Diff: 179, Sum: 371, Workers: 4
[47.726s][debug][gc,phases      ] GC(103)   JVMTI Tag Weak OopStorage      Min:  0.0, Avg:  0.0, Max:  0.0, Diff:  0.0, Sum:  0.0, Workers: 4
[47.726s][debug][gc,phases      ] GC(103)     Dead                           Min: 0, Avg:  0.0, Max: 0, Diff: 0, Sum: 0, Workers: 4
[47.726s][debug][gc,phases      ] GC(103)     Total                          Min: 0, Avg:  0.0, Max: 0, Diff: 0, Sum: 0, Workers: 4
[47.726s][debug][gc,phases      ] GC(103)   StringTable Weak               Min:  0.1, Avg:  0.1, Max:  0.1, Diff:  0.0, Sum:  0.4, Workers: 4
[47.726s][debug][gc,phases      ] GC(103)     Dead                           Min: 0, Avg:  0.2, Max: 1, Diff: 1, Sum: 1, Workers: 4
[47.726s][debug][gc,phases      ] GC(103)     Total                          Min: 11136, Avg: 11682.8, Max: 12416, Diff: 1280, Sum: 46731, Workers: 4
[47.726s][debug][gc,phases      ] GC(103)   ResolvedMethodTable Weak       Min:  0.0, Avg:  0.0, Max:  0.0, Diff:  0.0, Sum:  0.1, Workers: 4
[47.726s][debug][gc,phases      ] GC(103)     Dead                           Min: 0, Avg:  0.0, Max: 0, Diff: 0, Sum: 0, Workers: 4
[47.726s][debug][gc,phases      ] GC(103)     Total                          Min: 1854, Avg: 1968.0, Max: 2176, Diff: 322, Sum: 7872, Workers: 4
[47.726s][debug][gc,phases      ] GC(103)   JNI Weak                       Min:  0.0, Avg:  0.0, Max:  0.0, Diff:  0.0, Sum:  0.0, Workers: 4
[47.726s][debug][gc,phases      ] GC(103)     Dead                           Min: 0, Avg:  0.0, Max: 0, Diff: 0, Sum: 0, Workers: 4
[47.726s][debug][gc,phases      ] GC(103)     Total                          Min: 0, Avg:  1.5, Max: 6, Diff: 6, Sum: 6, Workers: 4
[47.726s][debug][gc,phases      ] GC(103)   StringDedup Table Weak         Min:  0.0, Avg:  0.0, Max:  0.0, Diff:  0.0, Sum:  0.0, Workers: 4
[47.726s][debug][gc,phases      ] GC(103)     Dead                           Min: 0, Avg:  0.0, Max: 0, Diff: 0, Sum: 0, Workers: 4
[47.726s][debug][gc,phases      ] GC(103)     Total                          Min: 0, Avg:  0.0, Max: 0, Diff: 0, Sum: 0, Workers: 4
[47.726s][debug][gc,phases      ] GC(103)   StringDedup Requests0 Weak     Min:  0.0, Avg:  0.0, Max:  0.0, Diff:  0.0, Sum:  0.0, Workers: 4
[47.726s][debug][gc,phases      ] GC(103)     Dead                           Min: 0, Avg:  0.0, Max: 0, Diff: 0, Sum: 0, Workers: 4
[47.726s][debug][gc,phases      ] GC(103)     Total                          Min: 0, Avg:  0.0, Max: 0, Diff: 0, Sum: 0, Workers: 4
[47.726s][debug][gc,phases      ] GC(103)   StringDedup Requests1 Weak     Min:  0.0, Avg:  0.0, Max:  0.0, Diff:  0.0, Sum:  0.0, Workers: 4
[47.726s][debug][gc,phases      ] GC(103)     Dead                           Min: 0, Avg:  0.0, Max: 0, Diff: 0, Sum: 0, Workers: 4
[47.726s][debug][gc,phases      ] GC(103)     Total                          Min: 0, Avg:  0.0, Max: 0, Diff: 0, Sum: 0, Workers: 4
[47.726s][debug][gc,phases      ] GC(103)   Weak JFR Old Object Samples    Min:  0.0, Avg:  0.0, Max:  0.0, Diff:  0.0, Sum:  0.0, Workers: 4
[47.726s][debug][gc,phases      ] GC(103)     Dead                           Min: 0, Avg:  0.0, Max: 0, Diff: 0, Sum: 0, Workers: 4
[47.726s][debug][gc,phases      ] GC(103)     Total                          Min: 0, Avg:  0.0, Max: 0, Diff: 0, Sum: 0, Workers: 4
[47.726s][debug][gc,phases      ] GC(103) Weak Processing 0.327ms
[47.726s][debug][gc,age         ] GC(103) Desired survivor size 117964800 bytes, new threshold 15 (max threshold 15)
[47.726s][info ][gc,heap        ] GC(103) PSYoungGen: 1886200K(1988096K)->19376K(1896448K) Eden: 1876992K(1876992K)->0K(1876992K) From: 9208K(111104K)->19376K(19456K)
[47.726s][info ][gc,heap        ] GC(103) ParOldGen: 485631K(595968K)->486655K(595968K)
[47.726s][info ][gc,metaspace   ] GC(103) Metaspace: 79553K(80384K)->79553K(80384K) NonClass: 68226K(68672K)->68226K(68672K) Class: 11326K(11712K)->11326K(11712K)
[47.726s][info ][gc             ] GC(103) Pause Young (Allocation Failure) 2316M->494M(2434M) 84.700ms
[47.726s][info ][gc,cpu         ] GC(103) User=0.25s Sys=0.00s Real=0.09s
[47.726s][info ][safepoint      ] Safepoint "ParallelGCFailedAllocation", Time since last: 433414288 ns, Reaching safepoint: 6954239 ns, At safepoint: 84830800 ns, Total: 91785039 ns
[48.345s][info ][gc,start       ] GC(104) Pause Young (Allocation Failure)
[48.355s][debug][gc,phases      ] GC(104) Scavenge 9.925ms
[48.355s][debug][gc,ref         ] GC(104) Skipped phase 1 of Reference Processing: no references
[48.355s][debug][gc,ref         ] GC(104) ReferenceProcessor::execute queues: 1, RefProcThreadModel::Single, marks_oops_alive: false
[48.355s][debug][gc,ref         ] GC(104) Skipped phase 3 of Reference Processing: no references
[48.355s][debug][gc,ref         ] GC(104) Skipped phase 4 of Reference Processing: no references
[48.355s][debug][gc,phases      ] GC(104) Reference Processing 0.114ms
[48.355s][debug][gc,phases      ] GC(104)   VM Weak                        Min:  0.0, Avg:  0.0, Max:  0.0, Diff:  0.0, Sum:  0.0, Workers: 4
[48.355s][debug][gc,phases      ] GC(104)     Dead                           Min: 0, Avg:  0.0, Max: 0, Diff: 0, Sum: 0, Workers: 4
[48.355s][debug][gc,phases      ] GC(104)     Total                          Min: 0, Avg: 161.2, Max: 389, Diff: 389, Sum: 645, Workers: 4
[48.355s][debug][gc,phases      ] GC(104)   ObjectSynchronizer Weak        Min:  0.0, Avg:  0.0, Max:  0.0, Diff:  0.0, Sum:  0.0, Workers: 4
[48.355s][debug][gc,phases      ] GC(104)     Dead                           Min: 0, Avg:  0.0, Max: 0, Diff: 0, Sum: 0, Workers: 4
[48.355s][debug][gc,phases      ] GC(104)     Total                          Min: 0, Avg: 92.8, Max: 192, Diff: 192, Sum: 371, Workers: 4
[48.355s][debug][gc,phases      ] GC(104)   JVMTI Tag Weak OopStorage      Min:  0.0, Avg:  0.0, Max:  0.0, Diff:  0.0, Sum:  0.0, Workers: 4
[48.355s][debug][gc,phases      ] GC(104)     Dead                           Min: 0, Avg:  0.0, Max: 0, Diff: 0, Sum: 0, Workers: 4
[48.355s][debug][gc,phases      ] GC(104)     Total                          Min: 0, Avg:  0.0, Max: 0, Diff: 0, Sum: 0, Workers: 4
[48.355s][debug][gc,phases      ] GC(104)   StringTable Weak               Min:  0.1, Avg:  0.1, Max:  0.1, Diff:  0.0, Sum:  0.5, Workers: 4
[48.355s][debug][gc,phases      ] GC(104)     Dead                           Min: 0, Avg:  0.0, Max: 0, Diff: 0, Sum: 0, Workers: 4
[48.355s][debug][gc,phases      ] GC(104)     Total                          Min: 10752, Avg: 11689.0, Max: 12900, Diff: 2148, Sum: 46756, Workers: 4
[48.355s][debug][gc,phases      ] GC(104)   ResolvedMethodTable Weak       Min:  0.0, Avg:  0.0, Max:  0.0, Diff:  0.0, Sum:  0.1, Workers: 4
[48.355s][debug][gc,phases      ] GC(104)     Dead                           Min: 0, Avg:  0.0, Max: 0, Diff: 0, Sum: 0, Workers: 4
[48.355s][debug][gc,phases      ] GC(104)     Total                          Min: 1794, Avg: 1968.0, Max: 2240, Diff: 446, Sum: 7872, Workers: 4
[48.355s][debug][gc,phases      ] GC(104)   JNI Weak                       Min:  0.0, Avg:  0.0, Max:  0.0, Diff:  0.0, Sum:  0.0, Workers: 4
[48.355s][debug][gc,phases      ] GC(104)     Dead                           Min: 0, Avg:  0.0, Max: 0, Diff: 0, Sum: 0, Workers: 4
[48.355s][debug][gc,phases      ] GC(104)     Total                          Min: 0, Avg:  1.2, Max: 5, Diff: 5, Sum: 5, Workers: 4
[48.355s][debug][gc,phases      ] GC(104)   StringDedup Table Weak         Min:  0.0, Avg:  0.0, Max:  0.0, Diff:  0.0, Sum:  0.0, Workers: 4
[48.355s][debug][gc,phases      ] GC(104)     Dead                           Min: 0, Avg:  0.0, Max: 0, Diff: 0, Sum: 0, Workers: 4
[48.355s][debug][gc,phases      ] GC(104)     Total                          Min: 0, Avg:  0.0, Max: 0, Diff: 0, Sum: 0, Workers: 4
[48.355s][debug][gc,phases      ] GC(104)   StringDedup Requests0 Weak     Min:  0.0, Avg:  0.0, Max:  0.0, Diff:  0.0, Sum:  0.0, Workers: 4
[48.355s][debug][gc,phases      ] GC(104)     Dead                           Min: 0, Avg:  0.0, Max: 0, Diff: 0, Sum: 0, Workers: 4
[48.355s][debug][gc,phases      ] GC(104)     Total                          Min: 0, Avg:  0.0, Max: 0, Diff: 0, Sum: 0, Workers: 4
[48.355s][debug][gc,phases      ] GC(104)   StringDedup Requests1 Weak     Min:  0.0, Avg:  0.0, Max:  0.0, Diff:  0.0, Sum:  0.0, Workers: 4
[48.355s][debug][gc,phases      ] GC(104)     Dead                           Min: 0, Avg:  0.0, Max: 0, Diff: 0, Sum: 0, Workers: 4
[48.355s][debug][gc,phases      ] GC(104)     Total                          Min: 0, Avg:  0.0, Max: 0, Diff: 0, Sum: 0, Workers: 4
[48.355s][debug][gc,phases      ] GC(104)   Weak JFR Old Object Samples    Min:  0.0, Avg:  0.0, Max:  0.0, Diff:  0.0, Sum:  0.0, Workers: 4
[48.355s][debug][gc,phases      ] GC(104)     Dead                           Min: 0, Avg:  0.0, Max: 0, Diff: 0, Sum: 0, Workers: 4
[48.355s][debug][gc,phases      ] GC(104)     Total                          Min: 0, Avg:  0.0, Max: 0, Diff: 0, Sum: 0, Workers: 4
[48.355s][debug][gc,phases      ] GC(104) Weak Processing 0.348ms
[48.355s][debug][gc,age         ] GC(104) Desired survivor size 120586240 bytes, new threshold 15 (max threshold 15)
[48.355s][info ][gc,heap        ] GC(104) PSYoungGen: 1896368K(1896448K)->24960K(1976832K) Eden: 1876992K(1876992K)->0K(1861632K) From: 19376K(19456K)->24960K(115200K)
[48.355s][info ][gc,heap        ] GC(104) ParOldGen: 486655K(595968K)->486883K(595968K)
[48.355s][info ][gc,metaspace   ] GC(104) Metaspace: 79570K(80384K)->79570K(80384K) NonClass: 68243K(68672K)->68243K(68672K) Class: 11326K(11712K)->11326K(11712K)
[48.355s][info ][gc             ] GC(104) Pause Young (Allocation Failure) 2327M->499M(2512M) 10.530ms
[48.355s][info ][gc,cpu         ] GC(104) User=0.04s Sys=0.00s Real=0.01s
[48.355s][info ][safepoint      ] Safepoint "ParallelGCFailedAllocation", Time since last: 613399796 ns, Reaching safepoint: 5360807 ns, At safepoint: 10671714 ns, Total: 16032521 ns
[48.913s][info ][gc,start       ] GC(105) Pause Young (Allocation Failure)
[48.926s][debug][gc,phases      ] GC(105) Scavenge 12.482ms
[48.926s][debug][gc,ref         ] GC(105) Skipped phase 1 of Reference Processing: no references
[48.926s][debug][gc,ref         ] GC(105) ReferenceProcessor::execute queues: 1, RefProcThreadModel::Single, marks_oops_alive: false
[48.926s][debug][gc,ref         ] GC(105) Skipped phase 3 of Reference Processing: no references
[48.926s][debug][gc,ref         ] GC(105) Skipped phase 4 of Reference Processing: no references
[48.926s][debug][gc,phases      ] GC(105) Reference Processing 0.141ms
[48.926s][debug][gc,phases      ] GC(105)   VM Weak                        Min:  0.0, Avg:  0.0, Max:  0.0, Diff:  0.0, Sum:  0.0, Workers: 4
[48.926s][debug][gc,phases      ] GC(105)     Dead                           Min: 0, Avg:  0.0, Max: 0, Diff: 0, Sum: 0, Workers: 4
[48.926s][debug][gc,phases      ] GC(105)     Total                          Min: 0, Avg: 161.2, Max: 581, Diff: 581, Sum: 645, Workers: 4
[48.926s][debug][gc,phases      ] GC(105)   ObjectSynchronizer Weak        Min:  0.0, Avg:  0.0, Max:  0.0, Diff:  0.0, Sum:  0.0, Workers: 4
[48.926s][debug][gc,phases      ] GC(105)     Dead                           Min: 0, Avg:  0.0, Max: 0, Diff: 0, Sum: 0, Workers: 4
[48.926s][debug][gc,phases      ] GC(105)     Total                          Min: 0, Avg: 92.8, Max: 192, Diff: 192, Sum: 371, Workers: 4
[48.926s][debug][gc,phases      ] GC(105)   JVMTI Tag Weak OopStorage      Min:  0.0, Avg:  0.0, Max:  0.0, Diff:  0.0, Sum:  0.0, Workers: 4
[48.926s][debug][gc,phases      ] GC(105)     Dead                           Min: 0, Avg:  0.0, Max: 0, Diff: 0, Sum: 0, Workers: 4
[48.926s][debug][gc,phases      ] GC(105)     Total                          Min: 0, Avg:  0.0, Max: 0, Diff: 0, Sum: 0, Workers: 4
[48.926s][debug][gc,phases      ] GC(105)   StringTable Weak               Min:  0.0, Avg:  0.1, Max:  0.2, Diff:  0.2, Sum:  0.5, Workers: 4
[48.926s][debug][gc,phases      ] GC(105)     Dead                           Min: 0, Avg:  0.0, Max: 0, Diff: 0, Sum: 0, Workers: 4
[48.926s][debug][gc,phases      ] GC(105)     Total                          Min: 0, Avg: 11689.0, Max: 16320, Diff: 16320, Sum: 46756, Workers: 4
[48.926s][debug][gc,phases      ] GC(105)   ResolvedMethodTable Weak       Min:  0.0, Avg:  0.0, Max:  0.0, Diff:  0.0, Sum:  0.1, Workers: 4
[48.926s][debug][gc,phases      ] GC(105)     Dead                           Min: 0, Avg:  0.0, Max: 0, Diff: 0, Sum: 0, Workers: 4
[48.926s][debug][gc,phases      ] GC(105)     Total                          Min: 0, Avg: 1968.0, Max: 2752, Diff: 2752, Sum: 7872, Workers: 4
[48.926s][debug][gc,phases      ] GC(105)   JNI Weak                       Min:  0.0, Avg:  0.0, Max:  0.0, Diff:  0.0, Sum:  0.0, Workers: 4
[48.926s][debug][gc,phases      ] GC(105)     Dead                           Min: 0, Avg:  0.0, Max: 0, Diff: 0, Sum: 0, Workers: 4
[48.926s][debug][gc,phases      ] GC(105)     Total                          Min: 0, Avg:  1.8, Max: 7, Diff: 7, Sum: 7, Workers: 4
[48.926s][debug][gc,phases      ] GC(105)   StringDedup Table Weak         Min:  0.0, Avg:  0.0, Max:  0.0, Diff:  0.0, Sum:  0.0, Workers: 4
[48.926s][debug][gc,phases      ] GC(105)     Dead                           Min: 0, Avg:  0.0, Max: 0, Diff: 0, Sum: 0, Workers: 4
[48.926s][debug][gc,phases      ] GC(105)     Total                          Min: 0, Avg:  0.0, Max: 0, Diff: 0, Sum: 0, Workers: 4
[48.926s][debug][gc,phases      ] GC(105)   StringDedup Requests0 Weak     Min:  0.0, Avg:  0.0, Max:  0.0, Diff:  0.0, Sum:  0.0, Workers: 4
[48.926s][debug][gc,phases      ] GC(105)     Dead                           Min: 0, Avg:  0.0, Max: 0, Diff: 0, Sum: 0, Workers: 4
[48.926s][debug][gc,phases      ] GC(105)     Total                          Min: 0, Avg:  0.0, Max: 0, Diff: 0, Sum: 0, Workers: 4
[48.926s][debug][gc,phases      ] GC(105)   StringDedup Requests1 Weak     Min:  0.0, Avg:  0.0, Max:  0.0, Diff:  0.0, Sum:  0.0, Workers: 4
[48.926s][debug][gc,phases      ] GC(105)     Dead                           Min: 0, Avg:  0.0, Max: 0, Diff: 0, Sum: 0, Workers: 4
[48.926s][debug][gc,phases      ] GC(105)     Total                          Min: 0, Avg:  0.0, Max: 0, Diff: 0, Sum: 0, Workers: 4
[48.926s][debug][gc,phases      ] GC(105)   Weak JFR Old Object Samples    Min:  0.0, Avg:  0.0, Max:  0.0, Diff:  0.0, Sum:  0.0, Workers: 4
[48.926s][debug][gc,phases      ] GC(105)     Dead                           Min: 0, Avg:  0.0, Max: 0, Diff: 0, Sum: 0, Workers: 4
[48.926s][debug][gc,phases      ] GC(105)     Total                          Min: 0, Avg:  0.0, Max: 0, Diff: 0, Sum: 0, Workers: 4
[48.926s][debug][gc,phases      ] GC(105) Weak Processing 0.442ms
[48.926s][debug][gc,age         ] GC(105) Desired survivor size 120586240 bytes, new threshold 15 (max threshold 15)
[48.926s][info ][gc,heap        ] GC(105) PSYoungGen: 1886592K(1976832K)->31920K(1979392K) Eden: 1861632K(1861632K)->0K(1861632K) From: 24960K(115200K)->31920K(117760K)
[48.926s][info ][gc,heap        ] GC(105) ParOldGen: 486883K(595968K)->487707K(595968K)
[48.926s][info ][gc,metaspace   ] GC(105) Metaspace: 79573K(80384K)->79573K(80384K) NonClass: 68246K(68672K)->68246K(68672K) Class: 11326K(11712K)->11326K(11712K)
[48.926s][info ][gc             ] GC(105) Pause Young (Allocation Failure) 2317M->507M(2515M) 13.249ms
[48.926s][info ][gc,cpu         ] GC(105) User=0.06s Sys=0.00s Real=0.01s
[48.926s][info ][safepoint      ] Safepoint "ParallelGCFailedAllocation", Time since last: 557146268 ns, Reaching safepoint: 367808 ns, At safepoint: 13368868 ns, Total: 13736676 ns
[49.469s][info ][gc,start       ] GC(106) Pause Young (Allocation Failure)
[49.493s][debug][gc,phases      ] GC(106) Scavenge 24.077ms
[49.493s][debug][gc,ref         ] GC(106) Skipped phase 1 of Reference Processing: no references
[49.493s][debug][gc,ref         ] GC(106) ReferenceProcessor::execute queues: 1, RefProcThreadModel::Single, marks_oops_alive: false
[49.493s][debug][gc,ref         ] GC(106) Skipped phase 3 of Reference Processing: no references
[49.493s][debug][gc,ref         ] GC(106) Skipped phase 4 of Reference Processing: no references
[49.493s][debug][gc,phases      ] GC(106) Reference Processing 0.135ms
[49.493s][debug][gc,phases      ] GC(106)   VM Weak                        Min:  0.0, Avg:  0.0, Max:  0.0, Diff:  0.0, Sum:  0.0, Workers: 4
[49.493s][debug][gc,phases      ] GC(106)     Dead                           Min: 0, Avg:  0.0, Max: 0, Diff: 0, Sum: 0, Workers: 4
[49.493s][debug][gc,phases      ] GC(106)     Total                          Min: 0, Avg: 161.2, Max: 517, Diff: 517, Sum: 645, Workers: 4
[49.493s][debug][gc,phases      ] GC(106)   ObjectSynchronizer Weak        Min:  0.0, Avg:  0.0, Max:  0.0, Diff:  0.0, Sum:  0.0, Workers: 4
[49.493s][debug][gc,phases      ] GC(106)     Dead                           Min: 0, Avg:  0.0, Max: 0, Diff: 0, Sum: 0, Workers: 4
[49.493s][debug][gc,phases      ] GC(106)     Total                          Min: 0, Avg: 92.8, Max: 192, Diff: 192, Sum: 371, Workers: 4
[49.493s][debug][gc,phases      ] GC(106)   JVMTI Tag Weak OopStorage      Min:  0.0, Avg:  0.0, Max:  0.0, Diff:  0.0, Sum:  0.0, Workers: 4
[49.493s][debug][gc,phases      ] GC(106)     Dead                           Min: 0, Avg:  0.0, Max: 0, Diff: 0, Sum: 0, Workers: 4
[49.493s][debug][gc,phases      ] GC(106)     Total                          Min: 0, Avg:  0.0, Max: 0, Diff: 0, Sum: 0, Workers: 4
[49.493s][debug][gc,phases      ] GC(106)   StringTable Weak               Min:  0.0, Avg:  0.1, Max:  0.2, Diff:  0.2, Sum:  0.5, Workers: 4
[49.493s][debug][gc,phases      ] GC(106)     Dead                           Min: 0, Avg:  0.0, Max: 0, Diff: 0, Sum: 0, Workers: 4
[49.493s][debug][gc,phases      ] GC(106)     Total                          Min: 0, Avg: 11690.5, Max: 16618, Diff: 16618, Sum: 46762, Workers: 4
[49.493s][debug][gc,phases      ] GC(106)   ResolvedMethodTable Weak       Min:  0.0, Avg:  0.0, Max:  0.0, Diff:  0.0, Sum:  0.1, Workers: 4
[49.493s][debug][gc,phases      ] GC(106)     Dead                           Min: 0, Avg:  0.0, Max: 0, Diff: 0, Sum: 0, Workers: 4
[49.493s][debug][gc,phases      ] GC(106)     Total                          Min: 0, Avg: 1968.0, Max: 2882, Diff: 2882, Sum: 7872, Workers: 4
[49.493s][debug][gc,phases      ] GC(106)   JNI Weak                       Min:  0.0, Avg:  0.0, Max:  0.0, Diff:  0.0, Sum:  0.0, Workers: 4
[49.493s][debug][gc,phases      ] GC(106)     Dead                           Min: 0, Avg:  0.0, Max: 0, Diff: 0, Sum: 0, Workers: 4
[49.493s][debug][gc,phases      ] GC(106)     Total                          Min: 0, Avg:  1.2, Max: 5, Diff: 5, Sum: 5, Workers: 4
[49.493s][debug][gc,phases      ] GC(106)   StringDedup Table Weak         Min:  0.0, Avg:  0.0, Max:  0.0, Diff:  0.0, Sum:  0.0, Workers: 4
[49.493s][debug][gc,phases      ] GC(106)     Dead                           Min: 0, Avg:  0.0, Max: 0, Diff: 0, Sum: 0, Workers: 4
[49.493s][debug][gc,phases      ] GC(106)     Total                          Min: 0, Avg:  0.0, Max: 0, Diff: 0, Sum: 0, Workers: 4
[49.493s][debug][gc,phases      ] GC(106)   StringDedup Requests0 Weak     Min:  0.0, Avg:  0.0, Max:  0.0, Diff:  0.0, Sum:  0.0, Workers: 4
[49.493s][debug][gc,phases      ] GC(106)     Dead                           Min: 0, Avg:  0.0, Max: 0, Diff: 0, Sum: 0, Workers: 4
[49.493s][debug][gc,phases      ] GC(106)     Total                          Min: 0, Avg:  0.0, Max: 0, Diff: 0, Sum: 0, Workers: 4
[49.493s][debug][gc,phases      ] GC(106)   StringDedup Requests1 Weak     Min:  0.0, Avg:  0.0, Max:  0.0, Diff:  0.0, Sum:  0.0, Workers: 4
[49.493s][debug][gc,phases      ] GC(106)     Dead                           Min: 0, Avg:  0.0, Max: 0, Diff: 0, Sum: 0, Workers: 4
[49.493s][debug][gc,phases      ] GC(106)     Total                          Min: 0, Avg:  0.0, Max: 0, Diff: 0, Sum: 0, Workers: 4
[49.494s][debug][gc,phases      ] GC(106)   Weak JFR Old Object Samples    Min:  0.0, Avg:  0.0, Max:  0.0, Diff:  0.0, Sum:  0.0, Workers: 4
[49.494s][debug][gc,phases      ] GC(106)     Dead                           Min: 0, Avg:  0.0, Max: 0, Diff: 0, Sum: 0, Workers: 4
[49.494s][debug][gc,phases      ] GC(106)     Total                          Min: 0, Avg:  0.0, Max: 0, Diff: 0, Sum: 0, Workers: 4
[49.494s][debug][gc,phases      ] GC(106) Weak Processing 0.461ms
[49.494s][debug][gc,age         ] GC(106) Desired survivor size 118489088 bytes, new threshold 15 (max threshold 15)
[49.494s][info ][gc,heap        ] GC(106) PSYoungGen: 1893552K(1979392K)->39504K(1981440K) Eden: 1861632K(1861632K)->0K(1863680K) From: 31920K(117760K)->39504K(117760K)
[49.494s][info ][gc,heap        ] GC(106) ParOldGen: 487707K(595968K)->488923K(595968K)
[49.494s][info ][gc,metaspace   ] GC(106) Metaspace: 79581K(80384K)->79581K(80384K) NonClass: 68255K(68672K)->68255K(68672K) Class: 11326K(11712K)->11326K(11712K)
[49.494s][info ][gc             ] GC(106) Pause Young (Allocation Failure) 2325M->516M(2517M) 24.839ms
[49.494s][info ][gc,cpu         ] GC(106) User=0.05s Sys=0.01s Real=0.03s
[49.494s][info ][safepoint      ] Safepoint "ParallelGCFailedAllocation", Time since last: 537073565 ns, Reaching safepoint: 5256405 ns, At safepoint: 24973301 ns, Total: 30229706 ns
[50.109s][info ][gc,start       ] GC(107) Pause Young (Allocation Failure)
[50.126s][debug][gc,phases      ] GC(107) Scavenge 16.862ms
[50.126s][debug][gc,ref         ] GC(107) Skipped phase 1 of Reference Processing: no references
[50.126s][debug][gc,ref         ] GC(107) ReferenceProcessor::execute queues: 1, RefProcThreadModel::Single, marks_oops_alive: false
[50.126s][debug][gc,ref         ] GC(107) Skipped phase 3 of Reference Processing: no references
[50.126s][debug][gc,ref         ] GC(107) ReferenceProcessor::execute queues: 1, RefProcThreadModel::Single, marks_oops_alive: false
[50.126s][debug][gc,phases      ] GC(107) Reference Processing 0.131ms
[50.126s][debug][gc,phases      ] GC(107)   VM Weak                        Min:  0.0, Avg:  0.0, Max:  0.0, Diff:  0.0, Sum:  0.0, Workers: 4
[50.126s][debug][gc,phases      ] GC(107)     Dead                           Min: 0, Avg:  0.0, Max: 0, Diff: 0, Sum: 0, Workers: 4
[50.126s][debug][gc,phases      ] GC(107)     Total                          Min: 0, Avg: 161.2, Max: 517, Diff: 517, Sum: 645, Workers: 4
[50.126s][debug][gc,phases      ] GC(107)   ObjectSynchronizer Weak        Min:  0.0, Avg:  0.0, Max:  0.0, Diff:  0.0, Sum:  0.0, Workers: 4
[50.126s][debug][gc,phases      ] GC(107)     Dead                           Min: 0, Avg:  0.0, Max: 0, Diff: 0, Sum: 0, Workers: 4
[50.126s][debug][gc,phases      ] GC(107)     Total                          Min: 0, Avg: 92.8, Max: 128, Diff: 128, Sum: 371, Workers: 4
[50.126s][debug][gc,phases      ] GC(107)   JVMTI Tag Weak OopStorage      Min:  0.0, Avg:  0.0, Max:  0.0, Diff:  0.0, Sum:  0.0, Workers: 4
[50.126s][debug][gc,phases      ] GC(107)     Dead                           Min: 0, Avg:  0.0, Max: 0, Diff: 0, Sum: 0, Workers: 4
[50.126s][debug][gc,phases      ] GC(107)     Total                          Min: 0, Avg:  0.0, Max: 0, Diff: 0, Sum: 0, Workers: 4
[50.126s][debug][gc,phases      ] GC(107)   StringTable Weak               Min:  0.0, Avg:  0.1, Max:  0.2, Diff:  0.2, Sum:  0.5, Workers: 4
[50.126s][debug][gc,phases      ] GC(107)     Dead                           Min: 0, Avg:  0.0, Max: 0, Diff: 0, Sum: 0, Workers: 4
[50.126s][debug][gc,phases      ] GC(107)     Total                          Min: 0, Avg: 11693.5, Max: 15808, Diff: 15808, Sum: 46774, Workers: 4
[50.126s][debug][gc,phases      ] GC(107)   ResolvedMethodTable Weak       Min:  0.0, Avg:  0.0, Max:  0.0, Diff:  0.0, Sum:  0.1, Workers: 4
[50.126s][debug][gc,phases      ] GC(107)     Dead                           Min: 0, Avg:  0.0, Max: 0, Diff: 0, Sum: 0, Workers: 4
[50.126s][debug][gc,phases      ] GC(107)     Total                          Min: 0, Avg: 1968.0, Max: 2816, Diff: 2816, Sum: 7872, Workers: 4
[50.126s][debug][gc,phases      ] GC(107)   JNI Weak                       Min:  0.0, Avg:  0.0, Max:  0.0, Diff:  0.0, Sum:  0.0, Workers: 4
[50.126s][debug][gc,phases      ] GC(107)     Dead                           Min: 0, Avg:  0.0, Max: 0, Diff: 0, Sum: 0, Workers: 4
[50.126s][debug][gc,phases      ] GC(107)     Total                          Min: 0, Avg:  2.2, Max: 9, Diff: 9, Sum: 9, Workers: 4
[50.126s][debug][gc,phases      ] GC(107)   StringDedup Table Weak         Min:  0.0, Avg:  0.0, Max:  0.0, Diff:  0.0, Sum:  0.0, Workers: 4
[50.126s][debug][gc,phases      ] GC(107)     Dead                           Min: 0, Avg:  0.0, Max: 0, Diff: 0, Sum: 0, Workers: 4
[50.126s][debug][gc,phases      ] GC(107)     Total                          Min: 0, Avg:  0.0, Max: 0, Diff: 0, Sum: 0, Workers: 4
[50.126s][debug][gc,phases      ] GC(107)   StringDedup Requests0 Weak     Min:  0.0, Avg:  0.0, Max:  0.0, Diff:  0.0, Sum:  0.0, Workers: 4
[50.126s][debug][gc,phases      ] GC(107)     Dead                           Min: 0, Avg:  0.0, Max: 0, Diff: 0, Sum: 0, Workers: 4
[50.126s][debug][gc,phases      ] GC(107)     Total                          Min: 0, Avg:  0.0, Max: 0, Diff: 0, Sum: 0, Workers: 4
[50.126s][debug][gc,phases      ] GC(107)   StringDedup Requests1 Weak     Min:  0.0, Avg:  0.0, Max:  0.0, Diff:  0.0, Sum:  0.0, Workers: 4
[50.126s][debug][gc,phases      ] GC(107)     Dead                           Min: 0, Avg:  0.0, Max: 0, Diff: 0, Sum: 0, Workers: 4
[50.126s][debug][gc,phases      ] GC(107)     Total                          Min: 0, Avg:  0.0, Max: 0, Diff: 0, Sum: 0, Workers: 4
[50.126s][debug][gc,phases      ] GC(107)   Weak JFR Old Object Samples    Min:  0.0, Avg:  0.0, Max:  0.0, Diff:  0.0, Sum:  0.0, Workers: 4
[50.126s][debug][gc,phases      ] GC(107)     Dead                           Min: 0, Avg:  0.0, Max: 0, Diff: 0, Sum: 0, Workers: 4
[50.126s][debug][gc,phases      ] GC(107)     Total                          Min: 0, Avg:  0.0, Max: 0, Diff: 0, Sum: 0, Workers: 4
[50.126s][debug][gc,phases      ] GC(107) Weak Processing 0.385ms
[50.126s][debug][gc,age         ] GC(107) Desired survivor size 115867648 bytes, new threshold 15 (max threshold 15)
[50.126s][info ][gc,heap        ] GC(107) PSYoungGen: 1903184K(1981440K)->40243K(1979392K) Eden: 1863680K(1863680K)->0K(1863680K) From: 39504K(117760K)->40243K(115712K)
[50.126s][info ][gc,heap        ] GC(107) ParOldGen: 488923K(595968K)->489155K(595968K)
[50.126s][info ][gc,metaspace   ] GC(107) Metaspace: 79599K(80384K)->79599K(80384K) NonClass: 68272K(68672K)->68272K(68672K) Class: 11326K(11712K)->11326K(11712K)
[50.126s][info ][gc             ] GC(107) Pause Young (Allocation Failure) 2336M->516M(2515M) 17.546ms
[50.126s][info ][gc,cpu         ] GC(107) User=0.05s Sys=0.00s Real=0.02s
[50.126s][info ][safepoint      ] Safepoint "ParallelGCFailedAllocation", Time since last: 609257112 ns, Reaching safepoint: 5627213 ns, At safepoint: 17666554 ns, Total: 23293767 ns
[50.693s][info ][gc,start       ] GC(108) Pause Young (Allocation Failure)
[50.709s][debug][gc,phases      ] GC(108) Scavenge 15.581ms
[50.709s][debug][gc,ref         ] GC(108) Skipped phase 1 of Reference Processing: no references
[50.709s][debug][gc,ref         ] GC(108) ReferenceProcessor::execute queues: 1, RefProcThreadModel::Single, marks_oops_alive: false
[50.709s][debug][gc,ref         ] GC(108) Skipped phase 3 of Reference Processing: no references
[50.709s][debug][gc,ref         ] GC(108) ReferenceProcessor::execute queues: 1, RefProcThreadModel::Single, marks_oops_alive: false
[50.709s][debug][gc,phases      ] GC(108) Reference Processing 0.146ms
[50.709s][debug][gc,phases      ] GC(108)   VM Weak                        Min:  0.0, Avg:  0.0, Max:  0.0, Diff:  0.0, Sum:  0.0, Workers: 4
[50.709s][debug][gc,phases      ] GC(108)     Dead                           Min: 0, Avg:  0.0, Max: 0, Diff: 0, Sum: 0, Workers: 4
[50.709s][debug][gc,phases      ] GC(108)     Total                          Min: 0, Avg: 161.2, Max: 453, Diff: 453, Sum: 645, Workers: 4
[50.709s][debug][gc,phases      ] GC(108)   ObjectSynchronizer Weak        Min:  0.0, Avg:  0.0, Max:  0.0, Diff:  0.0, Sum:  0.0, Workers: 4
[50.709s][debug][gc,phases      ] GC(108)     Dead                           Min: 0, Avg:  0.0, Max: 0, Diff: 0, Sum: 0, Workers: 4
[50.709s][debug][gc,phases      ] GC(108)     Total                          Min: 0, Avg: 92.8, Max: 179, Diff: 179, Sum: 371, Workers: 4
[50.709s][debug][gc,phases      ] GC(108)   JVMTI Tag Weak OopStorage      Min:  0.0, Avg:  0.0, Max:  0.0, Diff:  0.0, Sum:  0.0, Workers: 4
[50.709s][debug][gc,phases      ] GC(108)     Dead                           Min: 0, Avg:  0.0, Max: 0, Diff: 0, Sum: 0, Workers: 4
[50.709s][debug][gc,phases      ] GC(108)     Total                          Min: 0, Avg:  0.0, Max: 0, Diff: 0, Sum: 0, Workers: 4
[50.709s][debug][gc,phases      ] GC(108)   StringTable Weak               Min:  0.1, Avg:  0.1, Max:  0.1, Diff:  0.0, Sum:  0.4, Workers: 4
[50.709s][debug][gc,phases      ] GC(108)     Dead                           Min: 0, Avg:  0.0, Max: 0, Diff: 0, Sum: 0, Workers: 4
[50.709s][debug][gc,phases      ] GC(108)     Total                          Min: 11254, Avg: 11693.5, Max: 11968, Diff: 714, Sum: 46774, Workers: 4
[50.709s][debug][gc,phases      ] GC(108)   ResolvedMethodTable Weak       Min:  0.0, Avg:  0.0, Max:  0.0, Diff:  0.0, Sum:  0.1, Workers: 4
[50.709s][debug][gc,phases      ] GC(108)     Dead                           Min: 0, Avg:  0.0, Max: 0, Diff: 0, Sum: 0, Workers: 4
[50.709s][debug][gc,phases      ] GC(108)     Total                          Min: 1280, Avg: 1968.0, Max: 2238, Diff: 958, Sum: 7872, Workers: 4
[50.709s][debug][gc,phases      ] GC(108)   JNI Weak                       Min:  0.0, Avg:  0.0, Max:  0.0, Diff:  0.0, Sum:  0.0, Workers: 4
[50.709s][debug][gc,phases      ] GC(108)     Dead                           Min: 0, Avg:  0.0, Max: 0, Diff: 0, Sum: 0, Workers: 4
[50.709s][debug][gc,phases      ] GC(108)     Total                          Min: 0, Avg:  1.0, Max: 4, Diff: 4, Sum: 4, Workers: 4
[50.710s][debug][gc,phases      ] GC(108)   StringDedup Table Weak         Min:  0.0, Avg:  0.0, Max:  0.0, Diff:  0.0, Sum:  0.0, Workers: 4
[50.710s][debug][gc,phases      ] GC(108)     Dead                           Min: 0, Avg:  0.0, Max: 0, Diff: 0, Sum: 0, Workers: 4
[50.710s][debug][gc,phases      ] GC(108)     Total                          Min: 0, Avg:  0.0, Max: 0, Diff: 0, Sum: 0, Workers: 4
[50.710s][debug][gc,phases      ] GC(108)   StringDedup Requests0 Weak     Min:  0.0, Avg:  0.0, Max:  0.0, Diff:  0.0, Sum:  0.0, Workers: 4
[50.710s][debug][gc,phases      ] GC(108)     Dead                           Min: 0, Avg:  0.0, Max: 0, Diff: 0, Sum: 0, Workers: 4
[50.710s][debug][gc,phases      ] GC(108)     Total                          Min: 0, Avg:  0.0, Max: 0, Diff: 0, Sum: 0, Workers: 4
[50.710s][debug][gc,phases      ] GC(108)   StringDedup Requests1 Weak     Min:  0.0, Avg:  0.0, Max:  0.0, Diff:  0.0, Sum:  0.0, Workers: 4
[50.710s][debug][gc,phases      ] GC(108)     Dead                           Min: 0, Avg:  0.0, Max: 0, Diff: 0, Sum: 0, Workers: 4
[50.710s][debug][gc,phases      ] GC(108)     Total                          Min: 0, Avg:  0.0, Max: 0, Diff: 0, Sum: 0, Workers: 4
[50.710s][debug][gc,phases      ] GC(108)   Weak JFR Old Object Samples    Min:  0.0, Avg:  0.0, Max:  0.0, Diff:  0.0, Sum:  0.0, Workers: 4
[50.710s][debug][gc,phases      ] GC(108)     Dead                           Min: 0, Avg:  0.0, Max: 0, Diff: 0, Sum: 0, Workers: 4
[50.710s][debug][gc,phases      ] GC(108)     Total                          Min: 0, Avg:  0.0, Max: 0, Diff: 0, Sum: 0, Workers: 4
[50.710s][debug][gc,phases      ] GC(108) Weak Processing 0.342ms
[50.710s][debug][gc,age         ] GC(108) Desired survivor size 111673344 bytes, new threshold 15 (max threshold 15)
[50.710s][info ][gc,heap        ] GC(108) PSYoungGen: 1903923K(1979392K)->47216K(1988096K) Eden: 1863680K(1863680K)->0K(1874944K) From: 40243K(115712K)->47216K(113152K)
[50.710s][info ][gc,heap        ] GC(108) ParOldGen: 489155K(595968K)->489307K(595968K)
[50.710s][info ][gc,metaspace   ] GC(108) Metaspace: 79659K(80448K)->79659K(80448K) NonClass: 68332K(68736K)->68332K(68736K) Class: 11326K(11712K)->11326K(11712K)
[50.710s][info ][gc             ] GC(108) Pause Young (Allocation Failure) 2336M->523M(2523M) 16.213ms
[50.710s][info ][gc,cpu         ] GC(108) User=0.06s Sys=0.00s Real=0.01s
[50.710s][info ][safepoint      ] Safepoint "ParallelGCFailedAllocation", Time since last: 566952764 ns, Reaching safepoint: 174004 ns, At safepoint: 16326927 ns, Total: 16500931 ns
[51.265s][info ][gc,start       ] GC(109) Pause Young (Allocation Failure)
[51.281s][debug][gc,phases      ] GC(109) Scavenge 15.742ms
[51.281s][debug][gc,ref         ] GC(109) Skipped phase 1 of Reference Processing: no references
[51.281s][debug][gc,ref         ] GC(109) ReferenceProcessor::execute queues: 1, RefProcThreadModel::Single, marks_oops_alive: false
[51.281s][debug][gc,ref         ] GC(109) Skipped phase 3 of Reference Processing: no references
[51.281s][debug][gc,ref         ] GC(109) ReferenceProcessor::execute queues: 1, RefProcThreadModel::Single, marks_oops_alive: false
[51.281s][debug][gc,phases      ] GC(109) Reference Processing 0.116ms
[51.282s][debug][gc,phases      ] GC(109)   VM Weak                        Min:  0.0, Avg:  0.0, Max:  0.0, Diff:  0.0, Sum:  0.0, Workers: 4
[51.282s][debug][gc,phases      ] GC(109)     Dead                           Min: 0, Avg:  0.0, Max: 0, Diff: 0, Sum: 0, Workers: 4
[51.282s][debug][gc,phases      ] GC(109)     Total                          Min: 0, Avg: 161.2, Max: 645, Diff: 645, Sum: 645, Workers: 4
[51.282s][debug][gc,phases      ] GC(109)   ObjectSynchronizer Weak        Min:  0.0, Avg:  0.0, Max:  0.0, Diff:  0.0, Sum:  0.0, Workers: 4
[51.282s][debug][gc,phases      ] GC(109)     Dead                           Min: 0, Avg:  0.0, Max: 0, Diff: 0, Sum: 0, Workers: 4
[51.282s][debug][gc,phases      ] GC(109)     Total                          Min: 0, Avg: 92.8, Max: 192, Diff: 192, Sum: 371, Workers: 4
[51.282s][debug][gc,phases      ] GC(109)   JVMTI Tag Weak OopStorage      Min:  0.0, Avg:  0.0, Max:  0.0, Diff:  0.0, Sum:  0.0, Workers: 4
[51.282s][debug][gc,phases      ] GC(109)     Dead                           Min: 0, Avg:  0.0, Max: 0, Diff: 0, Sum: 0, Workers: 4
[51.282s][debug][gc,phases      ] GC(109)     Total                          Min: 0, Avg:  0.0, Max: 0, Diff: 0, Sum: 0, Workers: 4
[51.282s][debug][gc,phases      ] GC(109)   StringTable Weak               Min:  0.1, Avg:  0.1, Max:  0.1, Diff:  0.0, Sum:  0.5, Workers: 4
[51.282s][debug][gc,phases      ] GC(109)     Dead                           Min: 0, Avg:  0.0, Max: 0, Diff: 0, Sum: 0, Workers: 4
[51.282s][debug][gc,phases      ] GC(109)     Total                          Min: 11072, Avg: 11701.5, Max: 12182, Diff: 1110, Sum: 46806, Workers: 4
[51.282s][debug][gc,phases      ] GC(109)   ResolvedMethodTable Weak       Min:  0.0, Avg:  0.0, Max:  0.0, Diff:  0.0, Sum:  0.1, Workers: 4
[51.282s][debug][gc,phases      ] GC(109)     Dead                           Min: 0, Avg:  0.0, Max: 0, Diff: 0, Sum: 0, Workers: 4
[51.282s][debug][gc,phases      ] GC(109)     Total                          Min: 1792, Avg: 1968.0, Max: 2178, Diff: 386, Sum: 7872, Workers: 4
[51.282s][debug][gc,phases      ] GC(109)   JNI Weak                       Min:  0.0, Avg:  0.0, Max:  0.0, Diff:  0.0, Sum:  0.0, Workers: 4
[51.282s][debug][gc,phases      ] GC(109)     Dead                           Min: 0, Avg:  0.0, Max: 0, Diff: 0, Sum: 0, Workers: 4
[51.282s][debug][gc,phases      ] GC(109)     Total                          Min: 0, Avg:  1.2, Max: 5, Diff: 5, Sum: 5, Workers: 4
[51.282s][debug][gc,phases      ] GC(109)   StringDedup Table Weak         Min:  0.0, Avg:  0.0, Max:  0.0, Diff:  0.0, Sum:  0.0, Workers: 4
[51.282s][debug][gc,phases      ] GC(109)     Dead                           Min: 0, Avg:  0.0, Max: 0, Diff: 0, Sum: 0, Workers: 4
[51.282s][debug][gc,phases      ] GC(109)     Total                          Min: 0, Avg:  0.0, Max: 0, Diff: 0, Sum: 0, Workers: 4
[51.282s][debug][gc,phases      ] GC(109)   StringDedup Requests0 Weak     Min:  0.0, Avg:  0.0, Max:  0.0, Diff:  0.0, Sum:  0.0, Workers: 4
[51.282s][debug][gc,phases      ] GC(109)     Dead                           Min: 0, Avg:  0.0, Max: 0, Diff: 0, Sum: 0, Workers: 4
[51.282s][debug][gc,phases      ] GC(109)     Total                          Min: 0, Avg:  0.0, Max: 0, Diff: 0, Sum: 0, Workers: 4
[51.282s][debug][gc,phases      ] GC(109)   StringDedup Requests1 Weak     Min:  0.0, Avg:  0.0, Max:  0.0, Diff:  0.0, Sum:  0.0, Workers: 4
[51.282s][debug][gc,phases      ] GC(109)     Dead                           Min: 0, Avg:  0.0, Max: 0, Diff: 0, Sum: 0, Workers: 4
[51.282s][debug][gc,phases      ] GC(109)     Total                          Min: 0, Avg:  0.0, Max: 0, Diff: 0, Sum: 0, Workers: 4
[51.282s][debug][gc,phases      ] GC(109)   Weak JFR Old Object Samples    Min:  0.0, Avg:  0.0, Max:  0.0, Diff:  0.0, Sum:  0.0, Workers: 4
[51.282s][debug][gc,phases      ] GC(109)     Dead                           Min: 0, Avg:  0.0, Max: 0, Diff: 0, Sum: 0, Workers: 4
[51.282s][debug][gc,phases      ] GC(109)     Total                          Min: 0, Avg:  0.0, Max: 0, Diff: 0, Sum: 0, Workers: 4
[51.282s][debug][gc,phases      ] GC(109) Weak Processing 0.345ms
[51.282s][debug][gc,age         ] GC(109) Desired survivor size 107479040 bytes, new threshold 15 (max threshold 15)
[51.282s][info ][gc,heap        ] GC(109) PSYoungGen: 1922160K(1988096K)->49328K(1984000K) Eden: 1874944K(1874944K)->0K(1874944K) From: 47216K(113152K)->49328K(109056K)
[51.282s][info ][gc,heap        ] GC(109) ParOldGen: 489307K(595968K)->490239K(595968K)
[51.282s][info ][gc,metaspace   ] GC(109) Metaspace: 79659K(80448K)->79659K(80448K) NonClass: 68332K(68736K)->68332K(68736K) Class: 11326K(11712K)->11326K(11712K)
[51.282s][info ][gc             ] GC(109) Pause Young (Allocation Failure) 2354M->526M(2519M) 16.350ms
[51.282s][info ][gc,cpu         ] GC(109) User=0.06s Sys=0.00s Real=0.01s
[51.282s][info ][safepoint      ] Safepoint "ParallelGCFailedAllocation", Time since last: 555378432 ns, Reaching safepoint: 301106 ns, At safepoint: 16477130 ns, Total: 16778236 ns
[51.739s][info ][gc,start       ] GC(110) Pause Young (Allocation Failure)
[51.753s][debug][gc,phases      ] GC(110) Scavenge 13.861ms
[51.753s][debug][gc,ref         ] GC(110) Skipped phase 1 of Reference Processing: no references
[51.753s][debug][gc,ref         ] GC(110) ReferenceProcessor::execute queues: 1, RefProcThreadModel::Single, marks_oops_alive: false
[51.753s][debug][gc,ref         ] GC(110) Skipped phase 3 of Reference Processing: no references
[51.753s][debug][gc,ref         ] GC(110) ReferenceProcessor::execute queues: 1, RefProcThreadModel::Single, marks_oops_alive: false
[51.753s][debug][gc,phases      ] GC(110) Reference Processing 0.131ms
[51.754s][debug][gc,phases      ] GC(110)   VM Weak                        Min:  0.0, Avg:  0.0, Max:  0.0, Diff:  0.0, Sum:  0.0, Workers: 4
[51.754s][debug][gc,phases      ] GC(110)     Dead                           Min: 0, Avg:  0.0, Max: 0, Diff: 0, Sum: 0, Workers: 4
[51.754s][debug][gc,phases      ] GC(110)     Total                          Min: 0, Avg: 162.2, Max: 384, Diff: 384, Sum: 649, Workers: 4
[51.754s][debug][gc,phases      ] GC(110)   ObjectSynchronizer Weak        Min:  0.0, Avg:  0.0, Max:  0.0, Diff:  0.0, Sum:  0.0, Workers: 4
[51.754s][debug][gc,phases      ] GC(110)     Dead                           Min: 0, Avg:  0.0, Max: 0, Diff: 0, Sum: 0, Workers: 4
[51.754s][debug][gc,phases      ] GC(110)     Total                          Min: 0, Avg: 93.0, Max: 244, Diff: 244, Sum: 372, Workers: 4
[51.754s][debug][gc,phases      ] GC(110)   JVMTI Tag Weak OopStorage      Min:  0.0, Avg:  0.0, Max:  0.0, Diff:  0.0, Sum:  0.0, Workers: 4
[51.754s][debug][gc,phases      ] GC(110)     Dead                           Min: 0, Avg:  0.0, Max: 0, Diff: 0, Sum: 0, Workers: 4
[51.754s][debug][gc,phases      ] GC(110)     Total                          Min: 0, Avg:  0.0, Max: 0, Diff: 0, Sum: 0, Workers: 4
[51.754s][debug][gc,phases      ] GC(110)   StringTable Weak               Min:  0.1, Avg:  0.1, Max:  0.1, Diff:  0.0, Sum:  0.4, Workers: 4
[51.754s][debug][gc,phases      ] GC(110)     Dead                           Min: 0, Avg:  0.2, Max: 1, Diff: 1, Sum: 1, Workers: 4
[51.754s][debug][gc,phases      ] GC(110)     Total                          Min: 11066, Avg: 11758.5, Max: 12800, Diff: 1734, Sum: 47034, Workers: 4
[51.754s][debug][gc,phases      ] GC(110)   ResolvedMethodTable Weak       Min:  0.0, Avg:  0.0, Max:  0.0, Diff:  0.0, Sum:  0.1, Workers: 4
[51.754s][debug][gc,phases      ] GC(110)     Dead                           Min: 0, Avg:  0.0, Max: 0, Diff: 0, Sum: 0, Workers: 4
[51.754s][debug][gc,phases      ] GC(110)     Total                          Min: 1855, Avg: 1981.0, Max: 2047, Diff: 192, Sum: 7924, Workers: 4
[51.754s][debug][gc,phases      ] GC(110)   JNI Weak                       Min:  0.0, Avg:  0.0, Max:  0.0, Diff:  0.0, Sum:  0.0, Workers: 4
[51.754s][debug][gc,phases      ] GC(110)     Dead                           Min: 0, Avg:  0.0, Max: 0, Diff: 0, Sum: 0, Workers: 4
[51.754s][debug][gc,phases      ] GC(110)     Total                          Min: 0, Avg:  1.2, Max: 5, Diff: 5, Sum: 5, Workers: 4
[51.754s][debug][gc,phases      ] GC(110)   StringDedup Table Weak         Min:  0.0, Avg:  0.0, Max:  0.0, Diff:  0.0, Sum:  0.0, Workers: 4
[51.754s][debug][gc,phases      ] GC(110)     Dead                           Min: 0, Avg:  0.0, Max: 0, Diff: 0, Sum: 0, Workers: 4
[51.754s][debug][gc,phases      ] GC(110)     Total                          Min: 0, Avg:  0.0, Max: 0, Diff: 0, Sum: 0, Workers: 4
[51.754s][debug][gc,phases      ] GC(110)   StringDedup Requests0 Weak     Min:  0.0, Avg:  0.0, Max:  0.0, Diff:  0.0, Sum:  0.0, Workers: 4
[51.754s][debug][gc,phases      ] GC(110)     Dead                           Min: 0, Avg:  0.0, Max: 0, Diff: 0, Sum: 0, Workers: 4
[51.754s][debug][gc,phases      ] GC(110)     Total                          Min: 0, Avg:  0.0, Max: 0, Diff: 0, Sum: 0, Workers: 4
[51.754s][debug][gc,phases      ] GC(110)   StringDedup Requests1 Weak     Min:  0.0, Avg:  0.0, Max:  0.0, Diff:  0.0, Sum:  0.0, Workers: 4
[51.754s][debug][gc,phases      ] GC(110)     Dead                           Min: 0, Avg:  0.0, Max: 0, Diff: 0, Sum: 0, Workers: 4
[51.754s][debug][gc,phases      ] GC(110)     Total                          Min: 0, Avg:  0.0, Max: 0, Diff: 0, Sum: 0, Workers: 4
[51.754s][debug][gc,phases      ] GC(110)   Weak JFR Old Object Samples    Min:  0.0, Avg:  0.0, Max:  0.0, Diff:  0.0, Sum:  0.0, Workers: 4
[51.754s][debug][gc,phases      ] GC(110)     Dead                           Min: 0, Avg:  0.0, Max: 0, Diff: 0, Sum: 0, Workers: 4
[51.754s][debug][gc,phases      ] GC(110)     Total                          Min: 0, Avg:  0.0, Max: 0, Diff: 0, Sum: 0, Workers: 4
[51.754s][debug][gc,phases      ] GC(110) Weak Processing 0.326ms
[51.754s][debug][gc,age         ] GC(110) Desired survivor size 103284736 bytes, new threshold 15 (max threshold 15)
[51.754s][info ][gc,heap        ] GC(110) PSYoungGen: 1924272K(1984000K)->49776K(1996288K) Eden: 1874944K(1874944K)->0K(1891328K) From: 49328K(109056K)->49776K(104960K)
[51.754s][info ][gc,heap        ] GC(110) ParOldGen: 490239K(595968K)->491059K(595968K)
[51.754s][info ][gc,metaspace   ] GC(110) Metaspace: 80167K(80960K)->80167K(80960K) NonClass: 68773K(69184K)->68773K(69184K) Class: 11394K(11776K)->11394K(11776K)
[51.754s][info ][gc             ] GC(110) Pause Young (Allocation Failure) 2357M->528M(2531M) 14.459ms
[51.754s][info ][gc,cpu         ] GC(110) User=0.08s Sys=0.00s Real=0.02s
[51.754s][info ][safepoint      ] Safepoint "ParallelGCFailedAllocation", Time since last: 457367768 ns, Reaching safepoint: 170403 ns, At safepoint: 14577692 ns, Total: 14748095 ns
[52.230s][info ][gc,start       ] GC(111) Pause Young (Allocation Failure)
[52.243s][debug][gc,phases      ] GC(111) Scavenge 13.422ms
[52.243s][debug][gc,ref         ] GC(111) Skipped phase 1 of Reference Processing: no references
[52.243s][debug][gc,ref         ] GC(111) ReferenceProcessor::execute queues: 1, RefProcThreadModel::Single, marks_oops_alive: false
[52.243s][debug][gc,ref         ] GC(111) Skipped phase 3 of Reference Processing: no references
[52.243s][debug][gc,ref         ] GC(111) ReferenceProcessor::execute queues: 1, RefProcThreadModel::Single, marks_oops_alive: false
[52.243s][debug][gc,phases      ] GC(111) Reference Processing 0.125ms
[52.244s][debug][gc,phases      ] GC(111)   VM Weak                        Min:  0.0, Avg:  0.0, Max:  0.0, Diff:  0.0, Sum:  0.0, Workers: 4
[52.244s][debug][gc,phases      ] GC(111)     Dead                           Min: 0, Avg:  0.0, Max: 0, Diff: 0, Sum: 0, Workers: 4
[52.244s][debug][gc,phases      ] GC(111)     Total                          Min: 0, Avg: 162.2, Max: 393, Diff: 393, Sum: 649, Workers: 4
[52.244s][debug][gc,phases      ] GC(111)   ObjectSynchronizer Weak        Min:  0.0, Avg:  0.0, Max:  0.0, Diff:  0.0, Sum:  0.0, Workers: 4
[52.244s][debug][gc,phases      ] GC(111)     Dead                           Min: 0, Avg:  0.0, Max: 0, Diff: 0, Sum: 0, Workers: 4
[52.244s][debug][gc,phases      ] GC(111)     Total                          Min: 0, Avg: 93.0, Max: 192, Diff: 192, Sum: 372, Workers: 4
[52.244s][debug][gc,phases      ] GC(111)   JVMTI Tag Weak OopStorage      Min:  0.0, Avg:  0.0, Max:  0.0, Diff:  0.0, Sum:  0.0, Workers: 4
[52.244s][debug][gc,phases      ] GC(111)     Dead                           Min: 0, Avg:  0.0, Max: 0, Diff: 0, Sum: 0, Workers: 4
[52.244s][debug][gc,phases      ] GC(111)     Total                          Min: 0, Avg:  0.0, Max: 0, Diff: 0, Sum: 0, Workers: 4
[52.244s][debug][gc,phases      ] GC(111)   StringTable Weak               Min:  0.1, Avg:  0.1, Max:  0.1, Diff:  0.0, Sum:  0.5, Workers: 4
[52.244s][debug][gc,phases      ] GC(111)     Dead                           Min: 0, Avg:  0.0, Max: 0, Diff: 0, Sum: 0, Workers: 4
[52.244s][debug][gc,phases      ] GC(111)     Total                          Min: 10304, Avg: 11764.5, Max: 13248, Diff: 2944, Sum: 47058, Workers: 4
[52.244s][debug][gc,phases      ] GC(111)   ResolvedMethodTable Weak       Min:  0.0, Avg:  0.0, Max:  0.0, Diff:  0.0, Sum:  0.1, Workers: 4
[52.244s][debug][gc,phases      ] GC(111)     Dead                           Min: 0, Avg:  0.0, Max: 0, Diff: 0, Sum: 0, Workers: 4
[52.244s][debug][gc,phases      ] GC(111)     Total                          Min: 1599, Avg: 1982.8, Max: 2238, Diff: 639, Sum: 7931, Workers: 4
[52.244s][debug][gc,phases      ] GC(111)   JNI Weak                       Min:  0.0, Avg:  0.0, Max:  0.0, Diff:  0.0, Sum:  0.0, Workers: 4
[52.244s][debug][gc,phases      ] GC(111)     Dead                           Min: 0, Avg:  0.0, Max: 0, Diff: 0, Sum: 0, Workers: 4
[52.244s][debug][gc,phases      ] GC(111)     Total                          Min: 0, Avg:  1.8, Max: 7, Diff: 7, Sum: 7, Workers: 4
[52.244s][debug][gc,phases      ] GC(111)   StringDedup Table Weak         Min:  0.0, Avg:  0.0, Max:  0.0, Diff:  0.0, Sum:  0.0, Workers: 4
[52.244s][debug][gc,phases      ] GC(111)     Dead                           Min: 0, Avg:  0.0, Max: 0, Diff: 0, Sum: 0, Workers: 4
[52.244s][debug][gc,phases      ] GC(111)     Total                          Min: 0, Avg:  0.0, Max: 0, Diff: 0, Sum: 0, Workers: 4
[52.244s][debug][gc,phases      ] GC(111)   StringDedup Requests0 Weak     Min:  0.0, Avg:  0.0, Max:  0.0, Diff:  0.0, Sum:  0.0, Workers: 4
[52.244s][debug][gc,phases      ] GC(111)     Dead                           Min: 0, Avg:  0.0, Max: 0, Diff: 0, Sum: 0, Workers: 4
[52.244s][debug][gc,phases      ] GC(111)     Total                          Min: 0, Avg:  0.0, Max: 0, Diff: 0, Sum: 0, Workers: 4
[52.244s][debug][gc,phases      ] GC(111)   StringDedup Requests1 Weak     Min:  0.0, Avg:  0.0, Max:  0.0, Diff:  0.0, Sum:  0.0, Workers: 4
[52.244s][debug][gc,phases      ] GC(111)     Dead                           Min: 0, Avg:  0.0, Max: 0, Diff: 0, Sum: 0, Workers: 4
[52.244s][debug][gc,phases      ] GC(111)     Total                          Min: 0, Avg:  0.0, Max: 0, Diff: 0, Sum: 0, Workers: 4
[52.244s][debug][gc,phases      ] GC(111)   Weak JFR Old Object Samples    Min:  0.0, Avg:  0.0, Max:  0.0, Diff:  0.0, Sum:  0.0, Workers: 4
[52.244s][debug][gc,phases      ] GC(111)     Dead                           Min: 0, Avg:  0.0, Max: 0, Diff: 0, Sum: 0, Workers: 4
[52.244s][debug][gc,phases      ] GC(111)     Total                          Min: 0, Avg:  0.0, Max: 0, Diff: 0, Sum: 0, Workers: 4
[52.244s][debug][gc,phases      ] GC(111) Weak Processing 0.345ms
[52.244s][debug][gc,age         ] GC(111) Desired survivor size 99614720 bytes, new threshold 15 (max threshold 15)
[52.244s][info ][gc,heap        ] GC(111) PSYoungGen: 1941104K(1996288K)->48736K(1992192K) Eden: 1891328K(1891328K)->0K(1891328K) From: 49776K(104960K)->48736K(100864K)
[52.244s][info ][gc,heap        ] GC(111) ParOldGen: 491059K(595968K)->492855K(595968K)
[52.244s][info ][gc,metaspace   ] GC(111) Metaspace: 80215K(81024K)->80215K(81024K) NonClass: 68819K(69248K)->68819K(69248K) Class: 11396K(11776K)->11396K(11776K)
[52.244s][info ][gc             ] GC(111) Pause Young (Allocation Failure) 2375M->528M(2527M) 14.135ms
[52.244s][info ][gc,cpu         ] GC(111) User=0.05s Sys=0.00s Real=0.01s
[52.244s][info ][safepoint      ] Safepoint "ParallelGCFailedAllocation", Time since last: 472421570 ns, Reaching safepoint: 3258465 ns, At safepoint: 14276686 ns, Total: 17535151 ns
[52.762s][info ][gc,start       ] GC(112) Pause Young (Allocation Failure)
[52.777s][debug][gc,phases      ] GC(112) Scavenge 15.093ms
[52.777s][debug][gc,ref         ] GC(112) Skipped phase 1 of Reference Processing: no references
[52.777s][debug][gc,ref         ] GC(112) ReferenceProcessor::execute queues: 1, RefProcThreadModel::Single, marks_oops_alive: false
[52.777s][debug][gc,ref         ] GC(112) Skipped phase 3 of Reference Processing: no references
[52.777s][debug][gc,ref         ] GC(112) ReferenceProcessor::execute queues: 1, RefProcThreadModel::Single, marks_oops_alive: false
[52.777s][debug][gc,phases      ] GC(112) Reference Processing 0.129ms
[52.777s][debug][gc,phases      ] GC(112)   VM Weak                        Min:  0.0, Avg:  0.0, Max:  0.0, Diff:  0.0, Sum:  0.0, Workers: 4
[52.777s][debug][gc,phases      ] GC(112)     Dead                           Min: 0, Avg:  0.0, Max: 0, Diff: 0, Sum: 0, Workers: 4
[52.777s][debug][gc,phases      ] GC(112)     Total                          Min: 0, Avg: 162.2, Max: 384, Diff: 384, Sum: 649, Workers: 4
[52.777s][debug][gc,phases      ] GC(112)   ObjectSynchronizer Weak        Min:  0.0, Avg:  0.0, Max:  0.0, Diff:  0.0, Sum:  0.0, Workers: 4
[52.777s][debug][gc,phases      ] GC(112)     Dead                           Min: 0, Avg:  0.0, Max: 0, Diff: 0, Sum: 0, Workers: 4
[52.777s][debug][gc,phases      ] GC(112)     Total                          Min: 0, Avg: 93.2, Max: 181, Diff: 181, Sum: 373, Workers: 4
[52.777s][debug][gc,phases      ] GC(112)   JVMTI Tag Weak OopStorage      Min:  0.0, Avg:  0.0, Max:  0.0, Diff:  0.0, Sum:  0.0, Workers: 4
[52.777s][debug][gc,phases      ] GC(112)     Dead                           Min: 0, Avg:  0.0, Max: 0, Diff: 0, Sum: 0, Workers: 4
[52.777s][debug][gc,phases      ] GC(112)     Total                          Min: 0, Avg:  0.0, Max: 0, Diff: 0, Sum: 0, Workers: 4
[52.777s][debug][gc,phases      ] GC(112)   StringTable Weak               Min:  0.1, Avg:  0.1, Max:  0.1, Diff:  0.0, Sum:  0.5, Workers: 4
[52.777s][debug][gc,phases      ] GC(112)     Dead                           Min: 0, Avg:  0.0, Max: 0, Diff: 0, Sum: 0, Workers: 4
[52.777s][debug][gc,phases      ] GC(112)     Total                          Min: 10176, Avg: 11767.8, Max: 13184, Diff: 3008, Sum: 47071, Workers: 4
[52.777s][debug][gc,phases      ] GC(112)   ResolvedMethodTable Weak       Min:  0.0, Avg:  0.0, Max:  0.0, Diff:  0.0, Sum:  0.1, Workers: 4
[52.777s][debug][gc,phases      ] GC(112)     Dead                           Min: 0, Avg:  0.0, Max: 0, Diff: 0, Sum: 0, Workers: 4
[52.777s][debug][gc,phases      ] GC(112)     Total                          Min: 1728, Avg: 1986.0, Max: 2240, Diff: 512, Sum: 7944, Workers: 4
[52.777s][debug][gc,phases      ] GC(112)   JNI Weak                       Min:  0.0, Avg:  0.0, Max:  0.0, Diff:  0.0, Sum:  0.0, Workers: 4
[52.777s][debug][gc,phases      ] GC(112)     Dead                           Min: 0, Avg:  0.0, Max: 0, Diff: 0, Sum: 0, Workers: 4
[52.777s][debug][gc,phases      ] GC(112)     Total                          Min: 0, Avg:  2.5, Max: 10, Diff: 10, Sum: 10, Workers: 4
[52.777s][debug][gc,phases      ] GC(112)   StringDedup Table Weak         Min:  0.0, Avg:  0.0, Max:  0.0, Diff:  0.0, Sum:  0.0, Workers: 4
[52.777s][debug][gc,phases      ] GC(112)     Dead                           Min: 0, Avg:  0.0, Max: 0, Diff: 0, Sum: 0, Workers: 4
[52.777s][debug][gc,phases      ] GC(112)     Total                          Min: 0, Avg:  0.0, Max: 0, Diff: 0, Sum: 0, Workers: 4
[52.778s][debug][gc,phases      ] GC(112)   StringDedup Requests0 Weak     Min:  0.0, Avg:  0.0, Max:  0.0, Diff:  0.0, Sum:  0.0, Workers: 4
[52.778s][debug][gc,phases      ] GC(112)     Dead                           Min: 0, Avg:  0.0, Max: 0, Diff: 0, Sum: 0, Workers: 4
[52.778s][debug][gc,phases      ] GC(112)     Total                          Min: 0, Avg:  0.0, Max: 0, Diff: 0, Sum: 0, Workers: 4
[52.778s][debug][gc,phases      ] GC(112)   StringDedup Requests1 Weak     Min:  0.0, Avg:  0.0, Max:  0.0, Diff:  0.0, Sum:  0.0, Workers: 4
[52.778s][debug][gc,phases      ] GC(112)     Dead                           Min: 0, Avg:  0.0, Max: 0, Diff: 0, Sum: 0, Workers: 4
[52.778s][debug][gc,phases      ] GC(112)     Total                          Min: 0, Avg:  0.0, Max: 0, Diff: 0, Sum: 0, Workers: 4
[52.778s][debug][gc,phases      ] GC(112)   Weak JFR Old Object Samples    Min:  0.0, Avg:  0.0, Max:  0.0, Diff:  0.0, Sum:  0.0, Workers: 4
[52.778s][debug][gc,phases      ] GC(112)     Dead                           Min: 0, Avg:  0.0, Max: 0, Diff: 0, Sum: 0, Workers: 4
[52.778s][debug][gc,phases      ] GC(112)     Total                          Min: 0, Avg:  0.0, Max: 0, Diff: 0, Sum: 0, Workers: 4
[52.778s][debug][gc,phases      ] GC(112) Weak Processing 0.371ms
[52.778s][debug][gc,age         ] GC(112) Desired survivor size 96468992 bytes, new threshold 15 (max threshold 15)
[52.778s][info ][gc,heap        ] GC(112) PSYoungGen: 1940064K(1992192K)->48192K(2002944K) Eden: 1891328K(1891328K)->0K(1905664K) From: 48736K(100864K)->48192K(97280K)
[52.778s][info ][gc,heap        ] GC(112) ParOldGen: 492855K(595968K)->494139K(595968K)
[52.778s][info ][gc,metaspace   ] GC(112) Metaspace: 80290K(81088K)->80290K(81088K) NonClass: 68888K(69312K)->68888K(69312K) Class: 11402K(11776K)->11402K(11776K)
[52.778s][info ][gc             ] GC(112) Pause Young (Allocation Failure) 2375M->529M(2538M) 15.748ms
[52.778s][info ][gc,cpu         ] GC(112) User=0.08s Sys=0.00s Real=0.02s
[52.778s][info ][safepoint      ] Safepoint "ParallelGCFailedAllocation", Time since last: 517664076 ns, Reaching safepoint: 234605 ns, At safepoint: 15870818 ns, Total: 16105423 ns
[53.367s][info ][gc,start       ] GC(113) Pause Young (Allocation Failure)
[53.382s][debug][gc,phases      ] GC(113) Scavenge 14.577ms
[53.382s][debug][gc,ref         ] GC(113) Skipped phase 1 of Reference Processing: no references
[53.382s][debug][gc,ref         ] GC(113) ReferenceProcessor::execute queues: 1, RefProcThreadModel::Single, marks_oops_alive: false
[53.382s][debug][gc,ref         ] GC(113) Skipped phase 3 of Reference Processing: no references
[53.382s][debug][gc,ref         ] GC(113) ReferenceProcessor::execute queues: 1, RefProcThreadModel::Single, marks_oops_alive: false
[53.382s][debug][gc,phases      ] GC(113) Reference Processing 0.141ms
[53.382s][debug][gc,phases      ] GC(113)   VM Weak                        Min:  0.0, Avg:  0.0, Max:  0.0, Diff:  0.0, Sum:  0.0, Workers: 4
[53.382s][debug][gc,phases      ] GC(113)     Dead                           Min: 0, Avg:  0.0, Max: 0, Diff: 0, Sum: 0, Workers: 4
[53.382s][debug][gc,phases      ] GC(113)     Total                          Min: 0, Avg: 162.2, Max: 393, Diff: 393, Sum: 649, Workers: 4
[53.382s][debug][gc,phases      ] GC(113)   ObjectSynchronizer Weak        Min:  0.0, Avg:  0.0, Max:  0.0, Diff:  0.0, Sum:  0.0, Workers: 4
[53.382s][debug][gc,phases      ] GC(113)     Dead                           Min: 0, Avg:  0.0, Max: 0, Diff: 0, Sum: 0, Workers: 4
[53.382s][debug][gc,phases      ] GC(113)     Total                          Min: 0, Avg: 93.5, Max: 192, Diff: 192, Sum: 374, Workers: 4
[53.382s][debug][gc,phases      ] GC(113)   JVMTI Tag Weak OopStorage      Min:  0.0, Avg:  0.0, Max:  0.0, Diff:  0.0, Sum:  0.0, Workers: 4
[53.382s][debug][gc,phases      ] GC(113)     Dead                           Min: 0, Avg:  0.0, Max: 0, Diff: 0, Sum: 0, Workers: 4
[53.382s][debug][gc,phases      ] GC(113)     Total                          Min: 0, Avg:  0.0, Max: 0, Diff: 0, Sum: 0, Workers: 4
[53.382s][debug][gc,phases      ] GC(113)   StringTable Weak               Min:  0.1, Avg:  0.1, Max:  0.1, Diff:  0.0, Sum:  0.4, Workers: 4
[53.382s][debug][gc,phases      ] GC(113)     Dead                           Min: 0, Avg:  0.0, Max: 0, Diff: 0, Sum: 0, Workers: 4
[53.382s][debug][gc,phases      ] GC(113)     Total                          Min: 11200, Avg: 11768.8, Max: 12643, Diff: 1443, Sum: 47075, Workers: 4
[53.382s][debug][gc,phases      ] GC(113)   ResolvedMethodTable Weak       Min:  0.0, Avg:  0.0, Max:  0.0, Diff:  0.0, Sum:  0.1, Workers: 4
[53.382s][debug][gc,phases      ] GC(113)     Dead                           Min: 0, Avg:  0.0, Max: 0, Diff: 0, Sum: 0, Workers: 4
[53.382s][debug][gc,phases      ] GC(113)     Total                          Min: 1792, Avg: 1986.0, Max: 2120, Diff: 328, Sum: 7944, Workers: 4
[53.382s][debug][gc,phases      ] GC(113)   JNI Weak                       Min:  0.0, Avg:  0.0, Max:  0.0, Diff:  0.0, Sum:  0.0, Workers: 4
[53.382s][debug][gc,phases      ] GC(113)     Dead                           Min: 0, Avg:  0.0, Max: 0, Diff: 0, Sum: 0, Workers: 4
[53.382s][debug][gc,phases      ] GC(113)     Total                          Min: 0, Avg:  2.2, Max: 9, Diff: 9, Sum: 9, Workers: 4
[53.382s][debug][gc,phases      ] GC(113)   StringDedup Table Weak         Min:  0.0, Avg:  0.0, Max:  0.0, Diff:  0.0, Sum:  0.0, Workers: 4
[53.382s][debug][gc,phases      ] GC(113)     Dead                           Min: 0, Avg:  0.0, Max: 0, Diff: 0, Sum: 0, Workers: 4
[53.382s][debug][gc,phases      ] GC(113)     Total                          Min: 0, Avg:  0.0, Max: 0, Diff: 0, Sum: 0, Workers: 4
[53.382s][debug][gc,phases      ] GC(113)   StringDedup Requests0 Weak     Min:  0.0, Avg:  0.0, Max:  0.0, Diff:  0.0, Sum:  0.0, Workers: 4
[53.382s][debug][gc,phases      ] GC(113)     Dead                           Min: 0, Avg:  0.0, Max: 0, Diff: 0, Sum: 0, Workers: 4
[53.382s][debug][gc,phases      ] GC(113)     Total                          Min: 0, Avg:  0.0, Max: 0, Diff: 0, Sum: 0, Workers: 4
[53.382s][debug][gc,phases      ] GC(113)   StringDedup Requests1 Weak     Min:  0.0, Avg:  0.0, Max:  0.0, Diff:  0.0, Sum:  0.0, Workers: 4
[53.382s][debug][gc,phases      ] GC(113)     Dead                           Min: 0, Avg:  0.0, Max: 0, Diff: 0, Sum: 0, Workers: 4
[53.382s][debug][gc,phases      ] GC(113)     Total                          Min: 0, Avg:  0.0, Max: 0, Diff: 0, Sum: 0, Workers: 4
[53.382s][debug][gc,phases      ] GC(113)   Weak JFR Old Object Samples    Min:  0.0, Avg:  0.0, Max:  0.0, Diff:  0.0, Sum:  0.0, Workers: 4
[53.382s][debug][gc,phases      ] GC(113)     Dead                           Min: 0, Avg:  0.0, Max: 0, Diff: 0, Sum: 0, Workers: 4
[53.382s][debug][gc,phases      ] GC(113)     Total                          Min: 0, Avg:  0.0, Max: 0, Diff: 0, Sum: 0, Workers: 4
[53.382s][debug][gc,phases      ] GC(113) Weak Processing 0.315ms
[53.382s][debug][gc,age         ] GC(113) Desired survivor size 92798976 bytes, new threshold 15 (max threshold 15)
[53.382s][info ][gc,heap        ] GC(113) PSYoungGen: 1953856K(2002944K)->49296K(1999872K) Eden: 1905664K(1905664K)->0K(1905664K) From: 48192K(97280K)->49296K(94208K)
[53.382s][info ][gc,heap        ] GC(113) ParOldGen: 494139K(595968K)->494187K(595968K)
[53.382s][info ][gc,metaspace   ] GC(113) Metaspace: 80349K(81152K)->80349K(81152K) NonClass: 68946K(69376K)->68946K(69376K) Class: 11402K(11776K)->11402K(11776K)
[53.383s][info ][gc             ] GC(113) Pause Young (Allocation Failure) 2390M->530M(2535M) 15.180ms
[53.383s][info ][gc,cpu         ] GC(113) User=0.06s Sys=0.00s Real=0.01s
[53.383s][info ][safepoint      ] Safepoint "ParallelGCFailedAllocation", Time since last: 589397114 ns, Reaching safepoint: 226204 ns, At safepoint: 15295907 ns, Total: 15522111 ns
[54.305s][info ][safepoint      ] Safepoint "ICBufferFull", Time since last: 922572491 ns, Reaching safepoint: 185204 ns, At safepoint: 16900 ns, Total: 202104 ns
[55.306s][info ][safepoint      ] Safepoint "Cleanup", Time since last: 1000091745 ns, Reaching safepoint: 151003 ns, At safepoint: 8601 ns, Total: 159604 ns
[56.306s][info ][safepoint      ] Safepoint "Cleanup", Time since last: 1000109945 ns, Reaching safepoint: 126002 ns, At safepoint: 12901 ns, Total: 138903 ns
[57.306s][info ][safepoint      ] Safepoint "Cleanup", Time since last: 1000100844 ns, Reaching safepoint: 136803 ns, At safepoint: 9700 ns, Total: 146503 ns
[58.915s][info ][safepoint      ] Safepoint "Cleanup", Time since last: 1608908947 ns, Reaching safepoint: 129202 ns, At safepoint: 10200 ns, Total: 139402 ns
[59.915s][info ][safepoint      ] Safepoint "Cleanup", Time since last: 1000106345 ns, Reaching safepoint: 81401 ns, At safepoint: 6400 ns, Total: 87801 ns
[60.916s][info ][safepoint      ] Safepoint "Cleanup", Time since last: 1000110444 ns, Reaching safepoint: 70702 ns, At safepoint: 7400 ns, Total: 78102 ns
[62.303s][info ][safepoint      ] Safepoint "Cleanup", Time since last: 1387076399 ns, Reaching safepoint: 133803 ns, At safepoint: 10000 ns, Total: 143803 ns
[63.555s][info ][safepoint      ] Safepoint "Cleanup", Time since last: 1252315498 ns, Reaching safepoint: 97002 ns, At safepoint: 15200 ns, Total: 112202 ns
[64.555s][info ][safepoint      ] Safepoint "Cleanup", Time since last: 1000104743 ns, Reaching safepoint: 56302 ns, At safepoint: 6800 ns, Total: 63102 ns
[65.556s][info ][safepoint      ] Safepoint "Cleanup", Time since last: 1000103643 ns, Reaching safepoint: 73801 ns, At safepoint: 15400 ns, Total: 89201 ns
[66.556s][info ][safepoint      ] Safepoint "Cleanup", Time since last: 1000107143 ns, Reaching safepoint: 108902 ns, At safepoint: 11300 ns, Total: 120202 ns
[67.556s][info ][safepoint      ] Safepoint "Cleanup", Time since last: 1000081042 ns, Reaching safepoint: 116603 ns, At safepoint: 9300 ns, Total: 125903 ns
[68.556s][info ][safepoint      ] Safepoint "Cleanup", Time since last: 1000107342 ns, Reaching safepoint: 78202 ns, At safepoint: 6800 ns, Total: 85002 ns
[69.556s][info ][safepoint      ] Safepoint "Cleanup", Time since last: 1000105042 ns, Reaching safepoint: 158403 ns, At safepoint: 9800 ns, Total: 168203 ns
[71.265s][info ][safepoint      ] Safepoint "Cleanup", Time since last: 1708816544 ns, Reaching safepoint: 147803 ns, At safepoint: 9400 ns, Total: 157203 ns
[72.266s][info ][safepoint      ] Safepoint "Cleanup", Time since last: 1000106141 ns, Reaching safepoint: 93702 ns, At safepoint: 11000 ns, Total: 104702 ns
[73.266s][info ][safepoint      ] Safepoint "Cleanup", Time since last: 1000112841 ns, Reaching safepoint: 88402 ns, At safepoint: 10700 ns, Total: 99102 ns
[74.266s][info ][safepoint      ] Safepoint "Cleanup", Time since last: 1000127442 ns, Reaching safepoint: 77101 ns, At safepoint: 14100 ns, Total: 91201 ns
[75.266s][info ][safepoint      ] Safepoint "Cleanup", Time since last: 1000110941 ns, Reaching safepoint: 71802 ns, At safepoint: 11000 ns, Total: 82802 ns
[76.266s][info ][safepoint      ] Safepoint "Cleanup", Time since last: 1000118140 ns, Reaching safepoint: 53201 ns, At safepoint: 7801 ns, Total: 61002 ns
[77.267s][info ][safepoint      ] Safepoint "Cleanup", Time since last: 1000102840 ns, Reaching safepoint: 76401 ns, At safepoint: 6300 ns, Total: 82701 ns
[78.267s][info ][safepoint      ] Safepoint "Cleanup", Time since last: 1000114640 ns, Reaching safepoint: 83702 ns, At safepoint: 3600 ns, Total: 87302 ns
[79.267s][info ][safepoint      ] Safepoint "Cleanup", Time since last: 1000112740 ns, Reaching safepoint: 84202 ns, At safepoint: 6700 ns, Total: 90902 ns
[80.267s][info ][safepoint      ] Safepoint "Cleanup", Time since last: 1000112239 ns, Reaching safepoint: 53701 ns, At safepoint: 10000 ns, Total: 63701 ns
[81.267s][info ][safepoint      ] Safepoint "Cleanup", Time since last: 1000114740 ns, Reaching safepoint: 85401 ns, At safepoint: 5501 ns, Total: 90902 ns
[82.268s][info ][safepoint      ] Safepoint "Cleanup", Time since last: 1000106939 ns, Reaching safepoint: 50501 ns, At safepoint: 9800 ns, Total: 60301 ns
[83.513s][info ][safepoint      ] Safepoint "Cleanup", Time since last: 1245351052 ns, Reaching safepoint: 106502 ns, At safepoint: 9601 ns, Total: 116103 ns
[85.464s][info ][safepoint      ] Safepoint "Cleanup", Time since last: 1950294276 ns, Reaching safepoint: 152903 ns, At safepoint: 11800 ns, Total: 164703 ns
[85.549s][info ][gc,start       ] GC(114) Pause Young (Allocation Failure)
[85.565s][debug][gc,phases      ] GC(114) Scavenge 16.370ms
[85.565s][debug][gc,ref         ] GC(114) Skipped phase 1 of Reference Processing: no references
[85.565s][debug][gc,ref         ] GC(114) ReferenceProcessor::execute queues: 1, RefProcThreadModel::Single, marks_oops_alive: false
[85.565s][debug][gc,ref         ] GC(114) Skipped phase 3 of Reference Processing: no references
[85.565s][debug][gc,ref         ] GC(114) ReferenceProcessor::execute queues: 1, RefProcThreadModel::Single, marks_oops_alive: false
[85.565s][debug][gc,phases      ] GC(114) Reference Processing 0.148ms
[85.566s][debug][gc,phases      ] GC(114)   VM Weak                        Min:  0.0, Avg:  0.0, Max:  0.0, Diff:  0.0, Sum:  0.0, Workers: 4
[85.566s][debug][gc,phases      ] GC(114)     Dead                           Min: 0, Avg:  0.0, Max: 0, Diff: 0, Sum: 0, Workers: 4
[85.566s][debug][gc,phases      ] GC(114)     Total                          Min: 0, Avg: 163.5, Max: 526, Diff: 526, Sum: 654, Workers: 4
[85.566s][debug][gc,phases      ] GC(114)   ObjectSynchronizer Weak        Min:  0.0, Avg:  0.0, Max:  0.0, Diff:  0.0, Sum:  0.0, Workers: 4
[85.566s][debug][gc,phases      ] GC(114)     Dead                           Min: 0, Avg:  0.0, Max: 0, Diff: 0, Sum: 0, Workers: 4
[85.566s][debug][gc,phases      ] GC(114)     Total                          Min: 0, Avg: 93.8, Max: 247, Diff: 247, Sum: 375, Workers: 4
[85.566s][debug][gc,phases      ] GC(114)   JVMTI Tag Weak OopStorage      Min:  0.0, Avg:  0.0, Max:  0.0, Diff:  0.0, Sum:  0.0, Workers: 4
[85.566s][debug][gc,phases      ] GC(114)     Dead                           Min: 0, Avg:  0.0, Max: 0, Diff: 0, Sum: 0, Workers: 4
[85.566s][debug][gc,phases      ] GC(114)     Total                          Min: 0, Avg:  0.0, Max: 0, Diff: 0, Sum: 0, Workers: 4
[85.566s][debug][gc,phases      ] GC(114)   StringTable Weak               Min:  0.1, Avg:  0.1, Max:  0.1, Diff:  0.0, Sum:  0.6, Workers: 4
[85.566s][debug][gc,phases      ] GC(114)     Dead                           Min: 0, Avg:  0.2, Max: 1, Diff: 1, Sum: 1, Workers: 4
[85.566s][debug][gc,phases      ] GC(114)     Total                          Min: 10991, Avg: 11851.8, Max: 13120, Diff: 2129, Sum: 47407, Workers: 4
[85.566s][debug][gc,phases      ] GC(114)   ResolvedMethodTable Weak       Min:  0.0, Avg:  0.0, Max:  0.0, Diff:  0.0, Sum:  0.1, Workers: 4
[85.566s][debug][gc,phases      ] GC(114)     Dead                           Min: 0, Avg:  0.0, Max: 0, Diff: 0, Sum: 0, Workers: 4
[85.566s][debug][gc,phases      ] GC(114)     Total                          Min: 1792, Avg: 2006.5, Max: 2240, Diff: 448, Sum: 8026, Workers: 4
[85.566s][debug][gc,phases      ] GC(114)   JNI Weak                       Min:  0.0, Avg:  0.0, Max:  0.0, Diff:  0.0, Sum:  0.0, Workers: 4
[85.566s][debug][gc,phases      ] GC(114)     Dead                           Min: 0, Avg:  0.0, Max: 0, Diff: 0, Sum: 0, Workers: 4
[85.566s][debug][gc,phases      ] GC(114)     Total                          Min: 0, Avg:  0.8, Max: 3, Diff: 3, Sum: 3, Workers: 4
[85.566s][debug][gc,phases      ] GC(114)   StringDedup Table Weak         Min:  0.0, Avg:  0.0, Max:  0.0, Diff:  0.0, Sum:  0.0, Workers: 4
[85.566s][debug][gc,phases      ] GC(114)     Dead                           Min: 0, Avg:  0.0, Max: 0, Diff: 0, Sum: 0, Workers: 4
[85.566s][debug][gc,phases      ] GC(114)     Total                          Min: 0, Avg:  0.0, Max: 0, Diff: 0, Sum: 0, Workers: 4
[85.566s][debug][gc,phases      ] GC(114)   StringDedup Requests0 Weak     Min:  0.0, Avg:  0.0, Max:  0.0, Diff:  0.0, Sum:  0.0, Workers: 4
[85.566s][debug][gc,phases      ] GC(114)     Dead                           Min: 0, Avg:  0.0, Max: 0, Diff: 0, Sum: 0, Workers: 4
[85.566s][debug][gc,phases      ] GC(114)     Total                          Min: 0, Avg:  0.0, Max: 0, Diff: 0, Sum: 0, Workers: 4
[85.566s][debug][gc,phases      ] GC(114)   StringDedup Requests1 Weak     Min:  0.0, Avg:  0.0, Max:  0.0, Diff:  0.0, Sum:  0.0, Workers: 4
[85.566s][debug][gc,phases      ] GC(114)     Dead                           Min: 0, Avg:  0.0, Max: 0, Diff: 0, Sum: 0, Workers: 4
[85.566s][debug][gc,phases      ] GC(114)     Total                          Min: 0, Avg:  0.0, Max: 0, Diff: 0, Sum: 0, Workers: 4
[85.566s][debug][gc,phases      ] GC(114)   Weak JFR Old Object Samples    Min:  0.0, Avg:  0.0, Max:  0.0, Diff:  0.0, Sum:  0.0, Workers: 4
[85.566s][debug][gc,phases      ] GC(114)     Dead                           Min: 0, Avg:  0.0, Max: 0, Diff: 0, Sum: 0, Workers: 4
[85.566s][debug][gc,phases      ] GC(114)     Total                          Min: 0, Avg:  0.0, Max: 0, Diff: 0, Sum: 0, Workers: 4
[85.566s][debug][gc,phases      ] GC(114) Weak Processing 0.397ms
[85.566s][debug][gc,age         ] GC(114) Desired survivor size 89128960 bytes, new threshold 15 (max threshold 15)
[85.566s][info ][gc,heap        ] GC(114) PSYoungGen: 1954960K(1999872K)->51280K(2010112K) Eden: 1905664K(1905664K)->0K(1919488K) From: 49296K(94208K)->51280K(90624K)
[85.566s][info ][gc,heap        ] GC(114) ParOldGen: 494187K(595968K)->494383K(595968K)
[85.566s][info ][gc,metaspace   ] GC(114) Metaspace: 80920K(81728K)->80920K(81728K) NonClass: 69473K(69888K)->69473K(69888K) Class: 11446K(11840K)->11446K(11840K)
[85.566s][info ][gc             ] GC(114) Pause Young (Allocation Failure) 2391M->532M(2545M) 17.062ms
[85.566s][info ][gc,cpu         ] GC(114) User=0.09s Sys=0.00s Real=0.02s
[85.566s][info ][safepoint      ] Safepoint "ParallelGCFailedAllocation", Time since last: 85061205 ns, Reaching safepoint: 64501 ns, At safepoint: 17145943 ns, Total: 17210444 ns
[86.639s][info ][safepoint      ] Safepoint "Cleanup", Time since last: 1072914297 ns, Reaching safepoint: 77502 ns, At safepoint: 7500 ns, Total: 85002 ns
[87.639s][info ][safepoint      ] Safepoint "Cleanup", Time since last: 1000102637 ns, Reaching safepoint: 63302 ns, At safepoint: 4400 ns, Total: 67702 ns
[88.639s][info ][safepoint      ] Safepoint "Cleanup", Time since last: 1000114237 ns, Reaching safepoint: 77502 ns, At safepoint: 8900 ns, Total: 86402 ns
[89.639s][info ][safepoint      ] Safepoint "Cleanup", Time since last: 1000079837 ns, Reaching safepoint: 60201 ns, At safepoint: 12900 ns, Total: 73101 ns
[90.640s][info ][safepoint      ] Safepoint "Cleanup", Time since last: 1000130238 ns, Reaching safepoint: 88202 ns, At safepoint: 10100 ns, Total: 98302 ns
[91.692s][info ][safepoint      ] Safepoint "Cleanup", Time since last: 1052243181 ns, Reaching safepoint: 142803 ns, At safepoint: 10900 ns, Total: 153703 ns
[92.692s][info ][safepoint      ] Safepoint "Cleanup", Time since last: 1000134137 ns, Reaching safepoint: 52201 ns, At safepoint: 7501 ns, Total: 59702 ns
[93.692s][info ][safepoint      ] Safepoint "Cleanup", Time since last: 1000101636 ns, Reaching safepoint: 76301 ns, At safepoint: 11201 ns, Total: 87502 ns
[94.692s][info ][safepoint      ] Safepoint "Cleanup", Time since last: 1000105936 ns, Reaching safepoint: 55201 ns, At safepoint: 5000 ns, Total: 60201 ns
[95.693s][info ][safepoint      ] Safepoint "Cleanup", Time since last: 1000105536 ns, Reaching safepoint: 50401 ns, At safepoint: 11800 ns, Total: 62201 ns
[96.693s][info ][safepoint      ] Safepoint "Cleanup", Time since last: 1000125136 ns, Reaching safepoint: 122202 ns, At safepoint: 11301 ns, Total: 133503 ns
[97.693s][info ][safepoint      ] Safepoint "Cleanup", Time since last: 1000111535 ns, Reaching safepoint: 108802 ns, At safepoint: 8100 ns, Total: 116902 ns
[98.693s][info ][safepoint      ] Safepoint "Cleanup", Time since last: 1000104036 ns, Reaching safepoint: 123502 ns, At safepoint: 12300 ns, Total: 135802 ns
[99.694s][info ][safepoint      ] Safepoint "Cleanup", Time since last: 1000108735 ns, Reaching safepoint: 121903 ns, At safepoint: 9800 ns, Total: 131703 ns
[100.694s][info ][safepoint      ] Safepoint "Cleanup", Time since last: 1000098735 ns, Reaching safepoint: 124902 ns, At safepoint: 11200 ns, Total: 136102 ns
[101.694s][info ][safepoint      ] Safepoint "Cleanup", Time since last: 1000114635 ns, Reaching safepoint: 119402 ns, At safepoint: 8801 ns, Total: 128203 ns
[102.694s][info ][safepoint      ] Safepoint "Cleanup", Time since last: 1000101634 ns, Reaching safepoint: 130202 ns, At safepoint: 11001 ns, Total: 141203 ns
[103.695s][info ][safepoint      ] Safepoint "Cleanup", Time since last: 1000104134 ns, Reaching safepoint: 123502 ns, At safepoint: 9300 ns, Total: 132802 ns
[104.695s][info ][safepoint      ] Safepoint "Cleanup", Time since last: 1000101334 ns, Reaching safepoint: 126403 ns, At safepoint: 10400 ns, Total: 136803 ns
[105.695s][info ][safepoint      ] Safepoint "Cleanup", Time since last: 1000107033 ns, Reaching safepoint: 130903 ns, At safepoint: 10000 ns, Total: 140903 ns
[106.695s][info ][safepoint      ] Safepoint "Cleanup", Time since last: 1000107534 ns, Reaching safepoint: 128402 ns, At safepoint: 10700 ns, Total: 139102 ns
[107.696s][info ][safepoint      ] Safepoint "Cleanup", Time since last: 1000095633 ns, Reaching safepoint: 142503 ns, At safepoint: 11300 ns, Total: 153803 ns
[108.696s][info ][safepoint      ] Safepoint "Cleanup", Time since last: 1000112134 ns, Reaching safepoint: 103202 ns, At safepoint: 7800 ns, Total: 111002 ns
[110.696s][info ][safepoint      ] Safepoint "Cleanup", Time since last: 2000171464 ns, Reaching safepoint: 125903 ns, At safepoint: 10700 ns, Total: 136603 ns
[111.696s][info ][safepoint      ] Safepoint "Cleanup", Time since last: 1000097032 ns, Reaching safepoint: 119202 ns, At safepoint: 14401 ns, Total: 133603 ns
[112.697s][info ][safepoint      ] Safepoint "Cleanup", Time since last: 1000109232 ns, Reaching safepoint: 151103 ns, At safepoint: 11500 ns, Total: 162603 ns
[113.697s][info ][safepoint      ] Safepoint "Cleanup", Time since last: 1000111832 ns, Reaching safepoint: 133803 ns, At safepoint: 20800 ns, Total: 154603 ns
[114.697s][info ][safepoint      ] Safepoint "Cleanup", Time since last: 1000114232 ns, Reaching safepoint: 148603 ns, At safepoint: 8800 ns, Total: 157403 ns
[115.697s][info ][safepoint      ] Safepoint "Cleanup", Time since last: 1000113132 ns, Reaching safepoint: 133602 ns, At safepoint: 8501 ns, Total: 142103 ns
[116.785s][info ][safepoint      ] Safepoint "Cleanup", Time since last: 1087878889 ns, Reaching safepoint: 143803 ns, At safepoint: 11500 ns, Total: 155303 ns
[117.786s][info ][safepoint      ] Safepoint "Cleanup", Time since last: 1000112631 ns, Reaching safepoint: 56201 ns, At safepoint: 12300 ns, Total: 68501 ns
[118.786s][info ][safepoint      ] Safepoint "Cleanup", Time since last: 1000102931 ns, Reaching safepoint: 47801 ns, At safepoint: 3900 ns, Total: 51701 ns
[119.786s][info ][safepoint      ] Safepoint "Cleanup", Time since last: 1000111231 ns, Reaching safepoint: 56401 ns, At safepoint: 9300 ns, Total: 65701 ns
[120.786s][info ][safepoint      ] Safepoint "Cleanup", Time since last: 1000095630 ns, Reaching safepoint: 64202 ns, At safepoint: 7500 ns, Total: 71702 ns
[121.786s][info ][safepoint      ] Safepoint "Cleanup", Time since last: 1000080529 ns, Reaching safepoint: 46301 ns, At safepoint: 3200 ns, Total: 49501 ns
[122.786s][info ][safepoint      ] Safepoint "Cleanup", Time since last: 1000103930 ns, Reaching safepoint: 49501 ns, At safepoint: 16200 ns, Total: 65701 ns
[123.787s][info ][safepoint      ] Safepoint "Cleanup", Time since last: 1000115130 ns, Reaching safepoint: 54001 ns, At safepoint: 9201 ns, Total: 63202 ns
[124.787s][info ][safepoint      ] Safepoint "Cleanup", Time since last: 1000115229 ns, Reaching safepoint: 73702 ns, At safepoint: 17900 ns, Total: 91602 ns
[125.787s][info ][safepoint      ] Safepoint "Cleanup", Time since last: 1000114330 ns, Reaching safepoint: 63901 ns, At safepoint: 11100 ns, Total: 75001 ns
[126.787s][info ][safepoint      ] Safepoint "Cleanup", Time since last: 1000073128 ns, Reaching safepoint: 44801 ns, At safepoint: 3000 ns, Total: 47801 ns
[127.787s][info ][safepoint      ] Safepoint "Cleanup", Time since last: 1000124430 ns, Reaching safepoint: 65501 ns, At safepoint: 6300 ns, Total: 71801 ns
[128.787s][info ][safepoint      ] Safepoint "Cleanup", Time since last: 1000107929 ns, Reaching safepoint: 59401 ns, At safepoint: 6200 ns, Total: 65601 ns
[129.788s][info ][safepoint      ] Safepoint "Cleanup", Time since last: 1000097128 ns, Reaching safepoint: 44001 ns, At safepoint: 3300 ns, Total: 47301 ns
[130.788s][info ][safepoint      ] Safepoint "Cleanup", Time since last: 1000109928 ns, Reaching safepoint: 84102 ns, At safepoint: 8500 ns, Total: 92602 ns
[131.788s][info ][safepoint      ] Safepoint "Cleanup", Time since last: 1000116728 ns, Reaching safepoint: 86402 ns, At safepoint: 9600 ns, Total: 96002 ns
[132.788s][info ][safepoint      ] Safepoint "Cleanup", Time since last: 1000118128 ns, Reaching safepoint: 50601 ns, At safepoint: 6001 ns, Total: 56602 ns
[133.788s][info ][safepoint      ] Safepoint "Cleanup", Time since last: 1000115727 ns, Reaching safepoint: 48901 ns, At safepoint: 6500 ns, Total: 55401 ns
[134.789s][info ][safepoint      ] Safepoint "Cleanup", Time since last: 1000106828 ns, Reaching safepoint: 49901 ns, At safepoint: 9100 ns, Total: 59001 ns
[135.789s][info ][safepoint      ] Safepoint "Cleanup", Time since last: 1000126128 ns, Reaching safepoint: 57201 ns, At safepoint: 9300 ns, Total: 66501 ns
[136.789s][info ][safepoint      ] Safepoint "Cleanup", Time since last: 1000132627 ns, Reaching safepoint: 69102 ns, At safepoint: 9400 ns, Total: 78502 ns
[137.789s][info ][safepoint      ] Safepoint "Cleanup", Time since last: 1000110027 ns, Reaching safepoint: 55301 ns, At safepoint: 12100 ns, Total: 67401 ns
[138.789s][info ][safepoint      ] Safepoint "Cleanup", Time since last: 1000120427 ns, Reaching safepoint: 60901 ns, At safepoint: 10400 ns, Total: 71301 ns
[139.789s][info ][safepoint      ] Safepoint "Cleanup", Time since last: 1000117527 ns, Reaching safepoint: 55401 ns, At safepoint: 7500 ns, Total: 62901 ns
[140.790s][info ][safepoint      ] Safepoint "Cleanup", Time since last: 1000113426 ns, Reaching safepoint: 71502 ns, At safepoint: 10300 ns, Total: 81802 ns
[141.790s][info ][safepoint      ] Safepoint "Cleanup", Time since last: 1000118826 ns, Reaching safepoint: 58701 ns, At safepoint: 8301 ns, Total: 67002 ns
[142.790s][info ][safepoint      ] Safepoint "Cleanup", Time since last: 1000108125 ns, Reaching safepoint: 56101 ns, At safepoint: 7701 ns, Total: 63802 ns
[143.790s][info ][safepoint      ] Safepoint "Cleanup", Time since last: 1000092725 ns, Reaching safepoint: 66201 ns, At safepoint: 9400 ns, Total: 75601 ns
[144.790s][info ][safepoint      ] Safepoint "Cleanup", Time since last: 1000112126 ns, Reaching safepoint: 56201 ns, At safepoint: 6300 ns, Total: 62501 ns
[145.791s][info ][safepoint      ] Safepoint "Cleanup", Time since last: 1000108125 ns, Reaching safepoint: 56001 ns, At safepoint: 6600 ns, Total: 62601 ns
[146.791s][info ][safepoint      ] Safepoint "Cleanup", Time since last: 1000129526 ns, Reaching safepoint: 56101 ns, At safepoint: 6600 ns, Total: 62701 ns
[147.791s][info ][safepoint      ] Safepoint "Cleanup", Time since last: 1000085224 ns, Reaching safepoint: 53601 ns, At safepoint: 3200 ns, Total: 56801 ns
[150.791s][info ][safepoint      ] Safepoint "Cleanup", Time since last: 3000231871 ns, Reaching safepoint: 48501 ns, At safepoint: 4300 ns, Total: 52801 ns
[152.791s][info ][safepoint      ] Safepoint "Cleanup", Time since last: 2000178547 ns, Reaching safepoint: 60302 ns, At safepoint: 6300 ns, Total: 66602 ns
[153.792s][info ][safepoint      ] Safepoint "Cleanup", Time since last: 1000106223 ns, Reaching safepoint: 48601 ns, At safepoint: 12700 ns, Total: 61301 ns
[154.792s][info ][safepoint      ] Safepoint "Cleanup", Time since last: 1000092423 ns, Reaching safepoint: 45401 ns, At safepoint: 7000 ns, Total: 52401 ns
[156.792s][info ][safepoint      ] Safepoint "Cleanup", Time since last: 2000171045 ns, Reaching safepoint: 57302 ns, At safepoint: 8300 ns, Total: 65602 ns
[158.792s][info ][safepoint      ] Safepoint "Cleanup", Time since last: 2000175344 ns, Reaching safepoint: 50901 ns, At safepoint: 12200 ns, Total: 63101 ns
[159.792s][info ][safepoint      ] Safepoint "Cleanup", Time since last: 1000128023 ns, Reaching safepoint: 76802 ns, At safepoint: 9900 ns, Total: 86702 ns
[162.793s][info ][safepoint      ] Safepoint "Cleanup", Time since last: 3000260964 ns, Reaching safepoint: 119103 ns, At safepoint: 22900 ns, Total: 142003 ns
[163.793s][info ][safepoint      ] Safepoint "Cleanup", Time since last: 1000132222 ns, Reaching safepoint: 102002 ns, At safepoint: 11700 ns, Total: 113702 ns
[164.248s][info ][gc,start       ] GC(115) Pause Young (Allocation Failure)
[164.261s][debug][gc,phases      ] GC(115) Scavenge 13.309ms
[164.262s][debug][gc,ref         ] GC(115) Skipped phase 1 of Reference Processing: no references
[164.262s][debug][gc,ref         ] GC(115) ReferenceProcessor::execute queues: 1, RefProcThreadModel::Single, marks_oops_alive: false
[164.262s][debug][gc,ref         ] GC(115) Skipped phase 3 of Reference Processing: no references
[164.262s][debug][gc,ref         ] GC(115) ReferenceProcessor::execute queues: 1, RefProcThreadModel::Single, marks_oops_alive: false
[164.262s][debug][gc,phases      ] GC(115) Reference Processing 0.191ms
[164.262s][debug][gc,phases      ] GC(115)   VM Weak                        Min:  0.0, Avg:  0.0, Max:  0.0, Diff:  0.0, Sum:  0.0, Workers: 4
[164.262s][debug][gc,phases      ] GC(115)     Dead                           Min: 0, Avg:  0.0, Max: 0, Diff: 0, Sum: 0, Workers: 4
[164.262s][debug][gc,phases      ] GC(115)     Total                          Min: 0, Avg: 167.5, Max: 320, Diff: 320, Sum: 670, Workers: 4
[164.262s][debug][gc,phases      ] GC(115)   ObjectSynchronizer Weak        Min:  0.0, Avg:  0.0, Max:  0.0, Diff:  0.0, Sum:  0.0, Workers: 4
[164.262s][debug][gc,phases      ] GC(115)     Dead                           Min: 0, Avg:  0.0, Max: 0, Diff: 0, Sum: 0, Workers: 4
[164.262s][debug][gc,phases      ] GC(115)     Total                          Min: 0, Avg: 94.0, Max: 192, Diff: 192, Sum: 376, Workers: 4
[164.262s][debug][gc,phases      ] GC(115)   JVMTI Tag Weak OopStorage      Min:  0.0, Avg:  0.0, Max:  0.0, Diff:  0.0, Sum:  0.0, Workers: 4
[164.262s][debug][gc,phases      ] GC(115)     Dead                           Min: 0, Avg:  0.0, Max: 0, Diff: 0, Sum: 0, Workers: 4
[164.262s][debug][gc,phases      ] GC(115)     Total                          Min: 0, Avg:  0.0, Max: 0, Diff: 0, Sum: 0, Workers: 4
[164.262s][debug][gc,phases      ] GC(115)   StringTable Weak               Min:  0.1, Avg:  0.1, Max:  0.1, Diff:  0.0, Sum:  0.4, Workers: 4
[164.262s][debug][gc,phases      ] GC(115)     Dead                           Min: 0, Avg:  0.8, Max: 2, Diff: 2, Sum: 3, Workers: 4
[164.262s][debug][gc,phases      ] GC(115)     Total                          Min: 11770, Avg: 11918.5, Max: 12160, Diff: 390, Sum: 47674, Workers: 4
[164.262s][debug][gc,phases      ] GC(115)   ResolvedMethodTable Weak       Min:  0.0, Avg:  0.0, Max:  0.0, Diff:  0.0, Sum:  0.1, Workers: 4
[164.262s][debug][gc,phases      ] GC(115)     Dead                           Min: 0, Avg:  4.5, Max: 17, Diff: 17, Sum: 18, Workers: 4
[164.262s][debug][gc,phases      ] GC(115)     Total                          Min: 1949, Avg: 2039.2, Max: 2176, Diff: 227, Sum: 8157, Workers: 4
[164.262s][debug][gc,phases      ] GC(115)   JNI Weak                       Min:  0.0, Avg:  0.0, Max:  0.0, Diff:  0.0, Sum:  0.0, Workers: 4
[164.262s][debug][gc,phases      ] GC(115)     Dead                           Min: 0, Avg:  0.0, Max: 0, Diff: 0, Sum: 0, Workers: 4
[164.262s][debug][gc,phases      ] GC(115)     Total                          Min: 0, Avg:  0.0, Max: 0, Diff: 0, Sum: 0, Workers: 4
[164.262s][debug][gc,phases      ] GC(115)   StringDedup Table Weak         Min:  0.0, Avg:  0.0, Max:  0.0, Diff:  0.0, Sum:  0.0, Workers: 4
[164.262s][debug][gc,phases      ] GC(115)     Dead                           Min: 0, Avg:  0.0, Max: 0, Diff: 0, Sum: 0, Workers: 4
[164.262s][debug][gc,phases      ] GC(115)     Total                          Min: 0, Avg:  0.0, Max: 0, Diff: 0, Sum: 0, Workers: 4
[164.262s][debug][gc,phases      ] GC(115)   StringDedup Requests0 Weak     Min:  0.0, Avg:  0.0, Max:  0.0, Diff:  0.0, Sum:  0.0, Workers: 4
[164.262s][debug][gc,phases      ] GC(115)     Dead                           Min: 0, Avg:  0.0, Max: 0, Diff: 0, Sum: 0, Workers: 4
[164.262s][debug][gc,phases      ] GC(115)     Total                          Min: 0, Avg:  0.0, Max: 0, Diff: 0, Sum: 0, Workers: 4
[164.262s][debug][gc,phases      ] GC(115)   StringDedup Requests1 Weak     Min:  0.0, Avg:  0.0, Max:  0.0, Diff:  0.0, Sum:  0.0, Workers: 4
[164.262s][debug][gc,phases      ] GC(115)     Dead                           Min: 0, Avg:  0.0, Max: 0, Diff: 0, Sum: 0, Workers: 4
[164.262s][debug][gc,phases      ] GC(115)     Total                          Min: 0, Avg:  0.0, Max: 0, Diff: 0, Sum: 0, Workers: 4
[164.262s][debug][gc,phases      ] GC(115)   Weak JFR Old Object Samples    Min:  0.0, Avg:  0.0, Max:  0.0, Diff:  0.0, Sum:  0.0, Workers: 4
[164.262s][debug][gc,phases      ] GC(115)     Dead                           Min: 0, Avg:  0.0, Max: 0, Diff: 0, Sum: 0, Workers: 4
[164.262s][debug][gc,phases      ] GC(115)     Total                          Min: 0, Avg:  0.0, Max: 0, Diff: 0, Sum: 0, Workers: 4
[164.262s][debug][gc,phases      ] GC(115) Weak Processing 0.327ms
[164.262s][debug][gc,age         ] GC(115) Desired survivor size 85983232 bytes, new threshold 15 (max threshold 15)
[164.262s][info ][gc,heap        ] GC(115) PSYoungGen: 1970768K(2010112K)->52768K(2006528K) Eden: 1919488K(1919488K)->0K(1919488K) From: 51280K(90624K)->52768K(87040K)
[164.262s][info ][gc,heap        ] GC(115) ParOldGen: 494383K(595968K)->494531K(595968K)
[164.262s][info ][gc,metaspace   ] GC(115) Metaspace: 81811K(82752K)->81811K(82752K) NonClass: 70282K(70784K)->70282K(70784K) Class: 11528K(11968K)->11528K(11968K)
[164.262s][info ][gc             ] GC(115) Pause Young (Allocation Failure) 2407M->534M(2541M) 13.965ms
[164.262s][info ][gc,cpu         ] GC(115) User=0.05s Sys=0.00s Real=0.01s
[164.262s][info ][safepoint      ] Safepoint "ParallelGCFailedAllocation", Time since last: 454954108 ns, Reaching safepoint: 55201 ns, At safepoint: 14039181 ns, Total: 14094382 ns
[165.262s][info ][safepoint      ] Safepoint "Cleanup", Time since last: 1000090521 ns, Reaching safepoint: 54401 ns, At safepoint: 16301 ns, Total: 70702 ns
[166.262s][info ][safepoint      ] Safepoint "Cleanup", Time since last: 1000111121 ns, Reaching safepoint: 48901 ns, At safepoint: 3000 ns, Total: 51901 ns
[168.263s][info ][safepoint      ] Safepoint "Cleanup", Time since last: 2000190941 ns, Reaching safepoint: 73201 ns, At safepoint: 14700 ns, Total: 87901 ns
[169.263s][info ][safepoint      ] Safepoint "Cleanup", Time since last: 1000102921 ns, Reaching safepoint: 61201 ns, At safepoint: 10100 ns, Total: 71301 ns
[170.711s][info ][safepoint      ] Safepoint "Cleanup", Time since last: 1447574178 ns, Reaching safepoint: 83901 ns, At safepoint: 7001 ns, Total: 90902 ns
[171.711s][info ][safepoint      ] Safepoint "Cleanup", Time since last: 1000100919 ns, Reaching safepoint: 58501 ns, At safepoint: 7201 ns, Total: 65702 ns
[172.932s][info ][safepoint      ] Safepoint "Cleanup", Time since last: 1220872339 ns, Reaching safepoint: 168703 ns, At safepoint: 9500 ns, Total: 178203 ns
[173.932s][info ][safepoint      ] Safepoint "Cleanup", Time since last: 1000114620 ns, Reaching safepoint: 117502 ns, At safepoint: 4300 ns, Total: 121802 ns
[174.932s][info ][safepoint      ] Safepoint "Cleanup", Time since last: 1000113920 ns, Reaching safepoint: 61501 ns, At safepoint: 3100 ns, Total: 64601 ns
[175.932s][info ][safepoint      ] Safepoint "Cleanup", Time since last: 1000116819 ns, Reaching safepoint: 55301 ns, At safepoint: 8000 ns, Total: 63301 ns
[176.933s][info ][safepoint      ] Safepoint "Cleanup", Time since last: 1000103619 ns, Reaching safepoint: 57701 ns, At safepoint: 6401 ns, Total: 64102 ns
[177.933s][info ][safepoint      ] Safepoint "Cleanup", Time since last: 1000119319 ns, Reaching safepoint: 84301 ns, At safepoint: 6900 ns, Total: 91201 ns
[178.933s][info ][safepoint      ] Safepoint "Cleanup", Time since last: 1000118719 ns, Reaching safepoint: 85802 ns, At safepoint: 8700 ns, Total: 94502 ns
[179.933s][info ][safepoint      ] Safepoint "Cleanup", Time since last: 1000071518 ns, Reaching safepoint: 108902 ns, At safepoint: 7000 ns, Total: 115902 ns
[180.933s][info ][safepoint      ] Safepoint "Cleanup", Time since last: 1000114718 ns, Reaching safepoint: 72902 ns, At safepoint: 9100 ns, Total: 82002 ns
[182.934s][info ][safepoint      ] Safepoint "Cleanup", Time since last: 2000165135 ns, Reaching safepoint: 57101 ns, At safepoint: 5000 ns, Total: 62101 ns
[183.934s][info ][safepoint      ] Safepoint "Cleanup", Time since last: 1000127218 ns, Reaching safepoint: 55701 ns, At safepoint: 15400 ns, Total: 71101 ns
[184.934s][info ][safepoint      ] Safepoint "Cleanup", Time since last: 1000119318 ns, Reaching safepoint: 93202 ns, At safepoint: 12500 ns, Total: 105702 ns
[185.934s][info ][safepoint      ] Safepoint "Cleanup", Time since last: 1000113317 ns, Reaching safepoint: 74002 ns, At safepoint: 6700 ns, Total: 80702 ns
[186.934s][info ][safepoint      ] Safepoint "Cleanup", Time since last: 1000068516 ns, Reaching safepoint: 93902 ns, At safepoint: 9800 ns, Total: 103702 ns
[187.935s][info ][safepoint      ] Safepoint "Cleanup", Time since last: 1000112117 ns, Reaching safepoint: 54301 ns, At safepoint: 8400 ns, Total: 62701 ns
[188.935s][info ][safepoint      ] Safepoint "Cleanup", Time since last: 1000110117 ns, Reaching safepoint: 61001 ns, At safepoint: 6401 ns, Total: 67402 ns
[189.935s][info ][safepoint      ] Safepoint "Cleanup", Time since last: 1000111116 ns, Reaching safepoint: 63301 ns, At safepoint: 8800 ns, Total: 72101 ns
[190.935s][info ][safepoint      ] Safepoint "Cleanup", Time since last: 1000119717 ns, Reaching safepoint: 69801 ns, At safepoint: 18501 ns, Total: 88302 ns
[191.935s][info ][safepoint      ] Safepoint "Cleanup", Time since last: 1000102416 ns, Reaching safepoint: 82001 ns, At safepoint: 7601 ns, Total: 89602 ns
[192.935s][info ][safepoint      ] Safepoint "Cleanup", Time since last: 1000117616 ns, Reaching safepoint: 48501 ns, At safepoint: 7500 ns, Total: 56001 ns
[194.936s][info ][safepoint      ] Safepoint "Cleanup", Time since last: 2000137229 ns, Reaching safepoint: 50801 ns, At safepoint: 4901 ns, Total: 55702 ns
[195.936s][info ][safepoint      ] Safepoint "Cleanup", Time since last: 1000103915 ns, Reaching safepoint: 62501 ns, At safepoint: 5500 ns, Total: 68001 ns
[196.936s][info ][safepoint      ] Safepoint "Cleanup", Time since last: 1000111415 ns, Reaching safepoint: 56401 ns, At safepoint: 7101 ns, Total: 63502 ns
[197.936s][info ][safepoint      ] Safepoint "Cleanup", Time since last: 1000116815 ns, Reaching safepoint: 69801 ns, At safepoint: 7900 ns, Total: 77701 ns
[198.936s][info ][safepoint      ] Safepoint "Cleanup", Time since last: 1000123915 ns, Reaching safepoint: 59202 ns, At safepoint: 7400 ns, Total: 66602 ns
[199.937s][info ][safepoint      ] Safepoint "Cleanup", Time since last: 1000080114 ns, Reaching safepoint: 68601 ns, At safepoint: 9200 ns, Total: 77801 ns
[200.937s][info ][safepoint      ] Safepoint "Cleanup", Time since last: 1000110715 ns, Reaching safepoint: 53301 ns, At safepoint: 5800 ns, Total: 59101 ns
[201.937s][info ][safepoint      ] Safepoint "Cleanup", Time since last: 1000114314 ns, Reaching safepoint: 65802 ns, At safepoint: 6000 ns, Total: 71802 ns
[203.937s][info ][safepoint      ] Safepoint "Cleanup", Time since last: 2000164927 ns, Reaching safepoint: 57501 ns, At safepoint: 4600 ns, Total: 62101 ns
[204.937s][info ][safepoint      ] Safepoint "Cleanup", Time since last: 1000118414 ns, Reaching safepoint: 39701 ns, At safepoint: 2800 ns, Total: 42501 ns
[206.938s][info ][safepoint      ] Safepoint "Cleanup", Time since last: 2000161925 ns, Reaching safepoint: 53901 ns, At safepoint: 6101 ns, Total: 60002 ns
[207.938s][info ][safepoint      ] Safepoint "Cleanup", Time since last: 1000102213 ns, Reaching safepoint: 45501 ns, At safepoint: 3100 ns, Total: 48601 ns
[208.938s][info ][safepoint      ] Safepoint "Cleanup", Time since last: 1000094212 ns, Reaching safepoint: 51701 ns, At safepoint: 8400 ns, Total: 60101 ns
[211.665s][info ][safepoint      ] Safepoint "Cleanup", Time since last: 2727174472 ns, Reaching safepoint: 85802 ns, At safepoint: 10200 ns, Total: 96002 ns
[212.665s][info ][safepoint      ] Safepoint "Cleanup", Time since last: 1000088612 ns, Reaching safepoint: 53101 ns, At safepoint: 11301 ns, Total: 64402 ns
[213.665s][info ][safepoint      ] Safepoint "Cleanup", Time since last: 1000108212 ns, Reaching safepoint: 32900 ns, At safepoint: 9401 ns, Total: 42301 ns
[215.666s][info ][safepoint      ] Safepoint "Cleanup", Time since last: 2000170022 ns, Reaching safepoint: 45601 ns, At safepoint: 8000 ns, Total: 53601 ns
[216.666s][info ][safepoint      ] Safepoint "Cleanup", Time since last: 1000101912 ns, Reaching safepoint: 47901 ns, At safepoint: 3200 ns, Total: 51101 ns
[217.666s][info ][safepoint      ] Safepoint "Cleanup", Time since last: 1000085311 ns, Reaching safepoint: 51901 ns, At safepoint: 7600 ns, Total: 59501 ns
[218.666s][info ][safepoint      ] Safepoint "Cleanup", Time since last: 1000113711 ns, Reaching safepoint: 45101 ns, At safepoint: 5500 ns, Total: 50601 ns
[219.666s][info ][safepoint      ] Safepoint "Cleanup", Time since last: 1000098311 ns, Reaching safepoint: 51301 ns, At safepoint: 6300 ns, Total: 57601 ns
[221.666s][info ][safepoint      ] Safepoint "Cleanup", Time since last: 2000184021 ns, Reaching safepoint: 55401 ns, At safepoint: 3500 ns, Total: 58901 ns
[222.667s][info ][safepoint      ] Safepoint "Cleanup", Time since last: 1000108511 ns, Reaching safepoint: 58501 ns, At safepoint: 9100 ns, Total: 67601 ns
[223.667s][info ][safepoint      ] Safepoint "Cleanup", Time since last: 1000112011 ns, Reaching safepoint: 47001 ns, At safepoint: 8400 ns, Total: 55401 ns
[224.667s][info ][safepoint      ] Safepoint "Cleanup", Time since last: 1000104610 ns, Reaching safepoint: 51201 ns, At safepoint: 7400 ns, Total: 58601 ns
[225.667s][info ][safepoint      ] Safepoint "Cleanup", Time since last: 1000119510 ns, Reaching safepoint: 60401 ns, At safepoint: 10701 ns, Total: 71102 ns
[226.667s][info ][safepoint      ] Safepoint "Cleanup", Time since last: 1000112310 ns, Reaching safepoint: 49200 ns, At safepoint: 9001 ns, Total: 58201 ns
[227.668s][info ][safepoint      ] Safepoint "Cleanup", Time since last: 1000102609 ns, Reaching safepoint: 55001 ns, At safepoint: 8200 ns, Total: 63201 ns
[228.668s][info ][safepoint      ] Safepoint "Cleanup", Time since last: 1000125010 ns, Reaching safepoint: 91902 ns, At safepoint: 6100 ns, Total: 98002 ns
[229.668s][info ][safepoint      ] Safepoint "Cleanup", Time since last: 1000109910 ns, Reaching safepoint: 62601 ns, At safepoint: 6300 ns, Total: 68901 ns
[230.668s][info ][safepoint      ] Safepoint "Cleanup", Time since last: 1000113509 ns, Reaching safepoint: 54401 ns, At safepoint: 7800 ns, Total: 62201 ns
[231.668s][info ][safepoint      ] Safepoint "Cleanup", Time since last: 1000091109 ns, Reaching safepoint: 43101 ns, At safepoint: 4300 ns, Total: 47401 ns
[232.668s][info ][safepoint      ] Safepoint "Cleanup", Time since last: 1000120109 ns, Reaching safepoint: 54101 ns, At safepoint: 7900 ns, Total: 62001 ns
[233.669s][info ][safepoint      ] Safepoint "Cleanup", Time since last: 1000113509 ns, Reaching safepoint: 50401 ns, At safepoint: 7200 ns, Total: 57601 ns
[235.669s][info ][safepoint      ] Safepoint "Cleanup", Time since last: 2000183816 ns, Reaching safepoint: 49701 ns, At safepoint: 9900 ns, Total: 59601 ns
[236.669s][info ][safepoint      ] Safepoint "Cleanup", Time since last: 1000125909 ns, Reaching safepoint: 69001 ns, At safepoint: 8400 ns, Total: 77401 ns
[236.899s][info ][gc,start       ] GC(116) Pause Young (Allocation Failure)
[236.915s][debug][gc,phases      ] GC(116) Scavenge 15.713ms
[236.915s][debug][gc,ref         ] GC(116) Skipped phase 1 of Reference Processing: no references
[236.915s][debug][gc,ref         ] GC(116) ReferenceProcessor::execute queues: 1, RefProcThreadModel::Single, marks_oops_alive: false
[236.915s][debug][gc,ref         ] GC(116) Skipped phase 3 of Reference Processing: no references
[236.915s][debug][gc,ref         ] GC(116) ReferenceProcessor::execute queues: 1, RefProcThreadModel::Single, marks_oops_alive: false
[236.915s][debug][gc,phases      ] GC(116) Reference Processing 0.154ms
[236.915s][debug][gc,phases      ] GC(116)   VM Weak                        Min:  0.0, Avg:  0.0, Max:  0.0, Diff:  0.0, Sum:  0.0, Workers: 4
[236.915s][debug][gc,phases      ] GC(116)     Dead                           Min: 0, Avg:  0.0, Max: 0, Diff: 0, Sum: 0, Workers: 4
[236.915s][debug][gc,phases      ] GC(116)     Total                          Min: 0, Avg: 168.2, Max: 576, Diff: 576, Sum: 673, Workers: 4
[236.915s][debug][gc,phases      ] GC(116)   ObjectSynchronizer Weak        Min:  0.0, Avg:  0.0, Max:  0.0, Diff:  0.0, Sum:  0.0, Workers: 4
[236.915s][debug][gc,phases      ] GC(116)     Dead                           Min: 0, Avg:  0.0, Max: 0, Diff: 0, Sum: 0, Workers: 4
[236.915s][debug][gc,phases      ] GC(116)     Total                          Min: 0, Avg: 94.2, Max: 313, Diff: 313, Sum: 377, Workers: 4
[236.915s][debug][gc,phases      ] GC(116)   JVMTI Tag Weak OopStorage      Min:  0.0, Avg:  0.0, Max:  0.0, Diff:  0.0, Sum:  0.0, Workers: 4
[236.915s][debug][gc,phases      ] GC(116)     Dead                           Min: 0, Avg:  0.0, Max: 0, Diff: 0, Sum: 0, Workers: 4
[236.915s][debug][gc,phases      ] GC(116)     Total                          Min: 0, Avg:  0.0, Max: 0, Diff: 0, Sum: 0, Workers: 4
[236.915s][debug][gc,phases      ] GC(116)   StringTable Weak               Min:  0.1, Avg:  0.1, Max:  0.1, Diff:  0.0, Sum:  0.4, Workers: 4
[236.915s][debug][gc,phases      ] GC(116)     Dead                           Min: 0, Avg:  0.0, Max: 0, Diff: 0, Sum: 0, Workers: 4
[236.915s][debug][gc,phases      ] GC(116)     Total                          Min: 11008, Avg: 11934.8, Max: 13312, Diff: 2304, Sum: 47739, Workers: 4
[236.915s][debug][gc,phases      ] GC(116)   ResolvedMethodTable Weak       Min:  0.0, Avg:  0.0, Max:  0.0, Diff:  0.0, Sum:  0.1, Workers: 4
[236.915s][debug][gc,phases      ] GC(116)     Dead                           Min: 0, Avg:  0.0, Max: 0, Diff: 0, Sum: 0, Workers: 4
[236.915s][debug][gc,phases      ] GC(116)     Total                          Min: 1711, Avg: 2043.8, Max: 2624, Diff: 913, Sum: 8175, Workers: 4
[236.915s][debug][gc,phases      ] GC(116)   JNI Weak                       Min:  0.0, Avg:  0.0, Max:  0.0, Diff:  0.0, Sum:  0.0, Workers: 4
[236.916s][debug][gc,phases      ] GC(116)     Dead                           Min: 0, Avg:  0.0, Max: 0, Diff: 0, Sum: 0, Workers: 4
[236.916s][debug][gc,phases      ] GC(116)     Total                          Min: 0, Avg:  0.0, Max: 0, Diff: 0, Sum: 0, Workers: 4
[236.916s][debug][gc,phases      ] GC(116)   StringDedup Table Weak         Min:  0.0, Avg:  0.0, Max:  0.0, Diff:  0.0, Sum:  0.0, Workers: 4
[236.916s][debug][gc,phases      ] GC(116)     Dead                           Min: 0, Avg:  0.0, Max: 0, Diff: 0, Sum: 0, Workers: 4
[236.916s][debug][gc,phases      ] GC(116)     Total                          Min: 0, Avg:  0.0, Max: 0, Diff: 0, Sum: 0, Workers: 4
[236.916s][debug][gc,phases      ] GC(116)   StringDedup Requests0 Weak     Min:  0.0, Avg:  0.0, Max:  0.0, Diff:  0.0, Sum:  0.0, Workers: 4
[236.916s][debug][gc,phases      ] GC(116)     Dead                           Min: 0, Avg:  0.0, Max: 0, Diff: 0, Sum: 0, Workers: 4
[236.916s][debug][gc,phases      ] GC(116)     Total                          Min: 0, Avg:  0.0, Max: 0, Diff: 0, Sum: 0, Workers: 4
[236.916s][debug][gc,phases      ] GC(116)   StringDedup Requests1 Weak     Min:  0.0, Avg:  0.0, Max:  0.0, Diff:  0.0, Sum:  0.0, Workers: 4
[236.916s][debug][gc,phases      ] GC(116)     Dead                           Min: 0, Avg:  0.0, Max: 0, Diff: 0, Sum: 0, Workers: 4
[236.916s][debug][gc,phases      ] GC(116)     Total                          Min: 0, Avg:  0.0, Max: 0, Diff: 0, Sum: 0, Workers: 4
[236.916s][debug][gc,phases      ] GC(116)   Weak JFR Old Object Samples    Min:  0.0, Avg:  0.0, Max:  0.0, Diff:  0.0, Sum:  0.0, Workers: 4
[236.916s][debug][gc,phases      ] GC(116)     Dead                           Min: 0, Avg:  0.0, Max: 0, Diff: 0, Sum: 0, Workers: 4
[236.916s][debug][gc,phases      ] GC(116)     Total                          Min: 0, Avg:  0.0, Max: 0, Diff: 0, Sum: 0, Workers: 4
[236.916s][debug][gc,phases      ] GC(116) Weak Processing 0.336ms
[236.916s][debug][gc,age         ] GC(116) Desired survivor size 82837504 bytes, new threshold 15 (max threshold 15)
[236.916s][info ][gc,heap        ] GC(116) PSYoungGen: 1972256K(2006528K)->53168K(2016256K) Eden: 1919488K(1919488K)->0K(1932288K) From: 52768K(87040K)->53168K(83968K)
[236.916s][info ][gc,heap        ] GC(116) ParOldGen: 494531K(595968K)->494563K(595968K)
[236.916s][info ][gc,metaspace   ] GC(116) Metaspace: 82108K(83008K)->82108K(83008K) NonClass: 70570K(71040K)->70570K(71040K) Class: 11537K(11968K)->11537K(11968K)
[236.916s][info ][gc             ] GC(116) Pause Young (Allocation Failure) 2408M->534M(2551M) 16.334ms
[236.916s][info ][gc,cpu         ] GC(116) User=0.06s Sys=0.00s Real=0.02s
[236.916s][info ][safepoint      ] Safepoint "ParallelGCFailedAllocation", Time since last: 230120604 ns, Reaching safepoint: 89902 ns, At safepoint: 16409828 ns, Total: 16499730 ns
[237.916s][info ][safepoint      ] Safepoint "Cleanup", Time since last: 1000086607 ns, Reaching safepoint: 44701 ns, At safepoint: 3500 ns, Total: 48201 ns
[238.916s][info ][safepoint      ] Safepoint "Cleanup", Time since last: 1000114808 ns, Reaching safepoint: 63701 ns, At safepoint: 7101 ns, Total: 70802 ns
[239.916s][info ][safepoint      ] Safepoint "Cleanup", Time since last: 1000111007 ns, Reaching safepoint: 54501 ns, At safepoint: 12501 ns, Total: 67002 ns
[240.916s][info ][safepoint      ] Safepoint "Cleanup", Time since last: 1000101907 ns, Reaching safepoint: 45901 ns, At safepoint: 3700 ns, Total: 49601 ns
[241.917s][info ][safepoint      ] Safepoint "Cleanup", Time since last: 1000106807 ns, Reaching safepoint: 250905 ns, At safepoint: 9100 ns, Total: 260005 ns
[242.917s][info ][safepoint      ] Safepoint "Cleanup", Time since last: 1000110907 ns, Reaching safepoint: 55501 ns, At safepoint: 24101 ns, Total: 79602 ns
[243.917s][info ][safepoint      ] Safepoint "Cleanup", Time since last: 1000098006 ns, Reaching safepoint: 54001 ns, At safepoint: 3101 ns, Total: 57102 ns
[244.917s][info ][safepoint      ] Safepoint "Cleanup", Time since last: 1000124207 ns, Reaching safepoint: 47900 ns, At safepoint: 5101 ns, Total: 53001 ns
[245.917s][info ][safepoint      ] Safepoint "Cleanup", Time since last: 1000098406 ns, Reaching safepoint: 73401 ns, At safepoint: 6801 ns, Total: 80202 ns
[246.918s][info ][safepoint      ] Safepoint "Cleanup", Time since last: 1000117906 ns, Reaching safepoint: 52201 ns, At safepoint: 7100 ns, Total: 59301 ns
[247.918s][info ][safepoint      ] Safepoint "Cleanup", Time since last: 1000112006 ns, Reaching safepoint: 62102 ns, At safepoint: 7000 ns, Total: 69102 ns
[250.918s][info ][safepoint      ] Safepoint "Cleanup", Time since last: 3000249316 ns, Reaching safepoint: 58301 ns, At safepoint: 10100 ns, Total: 68401 ns
[251.918s][info ][safepoint      ] Safepoint "Cleanup", Time since last: 1000095305 ns, Reaching safepoint: 44201 ns, At safepoint: 7400 ns, Total: 51601 ns
[252.918s][info ][safepoint      ] Safepoint "Cleanup", Time since last: 1000120306 ns, Reaching safepoint: 48501 ns, At safepoint: 3900 ns, Total: 52401 ns
[254.919s][info ][safepoint      ] Safepoint "Cleanup", Time since last: 2000185110 ns, Reaching safepoint: 48301 ns, At safepoint: 6000 ns, Total: 54301 ns
[255.919s][info ][safepoint      ] Safepoint "Cleanup", Time since last: 1000106205 ns, Reaching safepoint: 46900 ns, At safepoint: 3401 ns, Total: 50301 ns
[256.919s][info ][safepoint      ] Safepoint "Cleanup", Time since last: 1000110804 ns, Reaching safepoint: 59101 ns, At safepoint: 8301 ns, Total: 67402 ns
[257.919s][info ][safepoint      ] Safepoint "Cleanup", Time since last: 1000110704 ns, Reaching safepoint: 54201 ns, At safepoint: 9900 ns, Total: 64101 ns
[258.919s][info ][safepoint      ] Safepoint "Cleanup", Time since last: 1000087904 ns, Reaching safepoint: 54901 ns, At safepoint: 11101 ns, Total: 66002 ns
[259.919s][info ][safepoint      ] Safepoint "Cleanup", Time since last: 1000111604 ns, Reaching safepoint: 50201 ns, At safepoint: 17700 ns, Total: 67901 ns
[260.920s][info ][safepoint      ] Safepoint "Cleanup", Time since last: 1000109304 ns, Reaching safepoint: 48601 ns, At safepoint: 6900 ns, Total: 55501 ns
[261.920s][info ][safepoint      ] Safepoint "Cleanup", Time since last: 1000110904 ns, Reaching safepoint: 60202 ns, At safepoint: 3600 ns, Total: 63802 ns
[262.920s][info ][safepoint      ] Safepoint "Cleanup", Time since last: 1000115203 ns, Reaching safepoint: 54202 ns, At safepoint: 3200 ns, Total: 57402 ns
[263.920s][info ][safepoint      ] Safepoint "Cleanup", Time since last: 1000105103 ns, Reaching safepoint: 53601 ns, At safepoint: 8400 ns, Total: 62001 ns
[264.920s][info ][safepoint      ] Safepoint "Cleanup", Time since last: 1000127404 ns, Reaching safepoint: 56001 ns, At safepoint: 3900 ns, Total: 59901 ns
[267.921s][info ][safepoint      ] Safepoint "Cleanup", Time since last: 3000248208 ns, Reaching safepoint: 87102 ns, At safepoint: 10500 ns, Total: 97602 ns
[268.921s][info ][safepoint      ] Safepoint "Cleanup", Time since last: 1000115503 ns, Reaching safepoint: 60401 ns, At safepoint: 15800 ns, Total: 76201 ns
[269.921s][info ][safepoint      ] Safepoint "Cleanup", Time since last: 1000113303 ns, Reaching safepoint: 69001 ns, At safepoint: 7100 ns, Total: 76101 ns
[273.921s][info ][safepoint      ] Safepoint "Cleanup", Time since last: 4000321207 ns, Reaching safepoint: 50601 ns, At safepoint: 8300 ns, Total: 58901 ns
[274.922s][info ][safepoint      ] Safepoint "Cleanup", Time since last: 1000109302 ns, Reaching safepoint: 48301 ns, At safepoint: 4400 ns, Total: 52701 ns
[275.922s][info ][safepoint      ] Safepoint "Cleanup", Time since last: 1000112401 ns, Reaching safepoint: 50801 ns, At safepoint: 4000 ns, Total: 54801 ns
[280.922s][info ][safepoint      ] Safepoint "Cleanup", Time since last: 5000370703 ns, Reaching safepoint: 85401 ns, At safepoint: 18501 ns, Total: 103902 ns
[281.922s][info ][safepoint      ] Safepoint "Cleanup", Time since last: 1000110700 ns, Reaching safepoint: 55602 ns, At safepoint: 4600 ns, Total: 60202 ns
[282.923s][info ][safepoint      ] Safepoint "Cleanup", Time since last: 1000129101 ns, Reaching safepoint: 81801 ns, At safepoint: 7200 ns, Total: 89001 ns
[284.923s][info ][safepoint      ] Safepoint "Cleanup", Time since last: 2000186000 ns, Reaching safepoint: 56201 ns, At safepoint: 8301 ns, Total: 64502 ns
[285.923s][info ][safepoint      ] Safepoint "Cleanup", Time since last: 1000120600 ns, Reaching safepoint: 51501 ns, At safepoint: 3200 ns, Total: 54701 ns
[286.923s][info ][safepoint      ] Safepoint "Cleanup", Time since last: 1000109400 ns, Reaching safepoint: 50201 ns, At safepoint: 4400 ns, Total: 54601 ns
[287.923s][info ][safepoint      ] Safepoint "Cleanup", Time since last: 1000109400 ns, Reaching safepoint: 50801 ns, At safepoint: 3800 ns, Total: 54601 ns
[288.924s][info ][safepoint      ] Safepoint "Cleanup", Time since last: 1000111599 ns, Reaching safepoint: 60402 ns, At safepoint: 8600 ns, Total: 69002 ns
[289.924s][info ][safepoint      ] Safepoint "Cleanup", Time since last: 1000107899 ns, Reaching safepoint: 55701 ns, At safepoint: 5100 ns, Total: 60801 ns
[290.924s][info ][safepoint      ] Safepoint "Cleanup", Time since last: 1000113500 ns, Reaching safepoint: 52001 ns, At safepoint: 6700 ns, Total: 58701 ns
[291.924s][info ][safepoint      ] Safepoint "Cleanup", Time since last: 1000108199 ns, Reaching safepoint: 48501 ns, At safepoint: 3200 ns, Total: 51701 ns
[296.924s][info ][safepoint      ] Safepoint "Cleanup", Time since last: 5000370490 ns, Reaching safepoint: 53501 ns, At safepoint: 6800 ns, Total: 60301 ns
[298.925s][info ][safepoint      ] Safepoint "Cleanup", Time since last: 2000192096 ns, Reaching safepoint: 55701 ns, At safepoint: 3700 ns, Total: 59401 ns
[299.925s][info ][safepoint      ] Safepoint "Cleanup", Time since last: 1000122298 ns, Reaching safepoint: 46401 ns, At safepoint: 3400 ns, Total: 49801 ns
[300.925s][info ][safepoint      ] Safepoint "Cleanup", Time since last: 1000113498 ns, Reaching safepoint: 75201 ns, At safepoint: 13501 ns, Total: 88702 ns
[301.925s][info ][safepoint      ] Safepoint "Cleanup", Time since last: 1000112797 ns, Reaching safepoint: 53501 ns, At safepoint: 10101 ns, Total: 63602 ns
[302.925s][info ][safepoint      ] Safepoint "Cleanup", Time since last: 1000127797 ns, Reaching safepoint: 68602 ns, At safepoint: 11900 ns, Total: 80502 ns
[303.926s][info ][safepoint      ] Safepoint "Cleanup", Time since last: 1000123298 ns, Reaching safepoint: 63701 ns, At safepoint: 4300 ns, Total: 68001 ns
[305.926s][info ][safepoint      ] Safepoint "Cleanup", Time since last: 2000188593 ns, Reaching safepoint: 50301 ns, At safepoint: 9101 ns, Total: 59402 ns
[306.926s][info ][safepoint      ] Safepoint "Cleanup", Time since last: 1000108096 ns, Reaching safepoint: 63002 ns, At safepoint: 9300 ns, Total: 72302 ns
[307.926s][info ][safepoint      ] Safepoint "Cleanup", Time since last: 1000112697 ns, Reaching safepoint: 53601 ns, At safepoint: 6100 ns, Total: 59701 ns
[309.136s][info ][gc,start       ] GC(117) Pause Young (Allocation Failure)
[309.151s][debug][gc,phases      ] GC(117) Scavenge 15.347ms
[309.151s][debug][gc,ref         ] GC(117) Skipped phase 1 of Reference Processing: no references
[309.151s][debug][gc,ref         ] GC(117) ReferenceProcessor::execute queues: 1, RefProcThreadModel::Single, marks_oops_alive: false
[309.152s][debug][gc,ref         ] GC(117) Skipped phase 3 of Reference Processing: no references
[309.152s][debug][gc,ref         ] GC(117) ReferenceProcessor::execute queues: 1, RefProcThreadModel::Single, marks_oops_alive: false
[309.152s][debug][gc,phases      ] GC(117) Reference Processing 0.162ms
[309.152s][debug][gc,phases      ] GC(117)   VM Weak                        Min:  0.0, Avg:  0.0, Max:  0.0, Diff:  0.0, Sum:  0.0, Workers: 4
[309.152s][debug][gc,phases      ] GC(117)     Dead                           Min: 0, Avg:  0.0, Max: 0, Diff: 0, Sum: 0, Workers: 4
[309.152s][debug][gc,phases      ] GC(117)     Total                          Min: 0, Avg: 169.2, Max: 256, Diff: 256, Sum: 677, Workers: 4
[309.152s][debug][gc,phases      ] GC(117)   ObjectSynchronizer Weak        Min:  0.0, Avg:  0.0, Max:  0.0, Diff:  0.0, Sum:  0.0, Workers: 4
[309.152s][debug][gc,phases      ] GC(117)     Dead                           Min: 0, Avg:  0.0, Max: 0, Diff: 0, Sum: 0, Workers: 4
[309.152s][debug][gc,phases      ] GC(117)     Total                          Min: 0, Avg: 94.2, Max: 128, Diff: 128, Sum: 377, Workers: 4
[309.152s][debug][gc,phases      ] GC(117)   JVMTI Tag Weak OopStorage      Min:  0.0, Avg:  0.0, Max:  0.0, Diff:  0.0, Sum:  0.0, Workers: 4
[309.152s][debug][gc,phases      ] GC(117)     Dead                           Min: 0, Avg:  0.0, Max: 0, Diff: 0, Sum: 0, Workers: 4
[309.152s][debug][gc,phases      ] GC(117)     Total                          Min: 0, Avg:  0.0, Max: 0, Diff: 0, Sum: 0, Workers: 4
[309.152s][debug][gc,phases      ] GC(117)   StringTable Weak               Min:  0.1, Avg:  0.1, Max:  0.1, Diff:  0.0, Sum:  0.5, Workers: 4
[309.152s][debug][gc,phases      ] GC(117)     Dead                           Min: 0, Avg:  0.0, Max: 0, Diff: 0, Sum: 0, Workers: 4
[309.152s][debug][gc,phases      ] GC(117)     Total                          Min: 11523, Avg: 11952.8, Max: 12480, Diff: 957, Sum: 47811, Workers: 4
[309.152s][debug][gc,phases      ] GC(117)   ResolvedMethodTable Weak       Min:  0.0, Avg:  0.0, Max:  0.0, Diff:  0.0, Sum:  0.1, Workers: 4
[309.152s][debug][gc,phases      ] GC(117)     Dead                           Min: 0, Avg:  0.2, Max: 1, Diff: 1, Sum: 1, Workers: 4
[309.152s][debug][gc,phases      ] GC(117)     Total                          Min: 1976, Avg: 2045.8, Max: 2176, Diff: 200, Sum: 8183, Workers: 4
[309.152s][debug][gc,phases      ] GC(117)   JNI Weak                       Min:  0.0, Avg:  0.0, Max:  0.0, Diff:  0.0, Sum:  0.0, Workers: 4
[309.152s][debug][gc,phases      ] GC(117)     Dead                           Min: 0, Avg:  0.0, Max: 0, Diff: 0, Sum: 0, Workers: 4
[309.152s][debug][gc,phases      ] GC(117)     Total                          Min: 0, Avg:  0.0, Max: 0, Diff: 0, Sum: 0, Workers: 4
[309.152s][debug][gc,phases      ] GC(117)   StringDedup Table Weak         Min:  0.0, Avg:  0.0, Max:  0.0, Diff:  0.0, Sum:  0.0, Workers: 4
[309.152s][debug][gc,phases      ] GC(117)     Dead                           Min: 0, Avg:  0.0, Max: 0, Diff: 0, Sum: 0, Workers: 4
[309.152s][debug][gc,phases      ] GC(117)     Total                          Min: 0, Avg:  0.0, Max: 0, Diff: 0, Sum: 0, Workers: 4
[309.152s][debug][gc,phases      ] GC(117)   StringDedup Requests0 Weak     Min:  0.0, Avg:  0.0, Max:  0.0, Diff:  0.0, Sum:  0.0, Workers: 4
[309.152s][debug][gc,phases      ] GC(117)     Dead                           Min: 0, Avg:  0.0, Max: 0, Diff: 0, Sum: 0, Workers: 4
[309.152s][debug][gc,phases      ] GC(117)     Total                          Min: 0, Avg:  0.0, Max: 0, Diff: 0, Sum: 0, Workers: 4
[309.152s][debug][gc,phases      ] GC(117)   StringDedup Requests1 Weak     Min:  0.0, Avg:  0.0, Max:  0.0, Diff:  0.0, Sum:  0.0, Workers: 4
[309.152s][debug][gc,phases      ] GC(117)     Dead                           Min: 0, Avg:  0.0, Max: 0, Diff: 0, Sum: 0, Workers: 4
[309.152s][debug][gc,phases      ] GC(117)     Total                          Min: 0, Avg:  0.0, Max: 0, Diff: 0, Sum: 0, Workers: 4
[309.152s][debug][gc,phases      ] GC(117)   Weak JFR Old Object Samples    Min:  0.0, Avg:  0.0, Max:  0.0, Diff:  0.0, Sum:  0.0, Workers: 4
[309.152s][debug][gc,phases      ] GC(117)     Dead                           Min: 0, Avg:  0.0, Max: 0, Diff: 0, Sum: 0, Workers: 4
[309.152s][debug][gc,phases      ] GC(117)     Total                          Min: 0, Avg:  0.0, Max: 0, Diff: 0, Sum: 0, Workers: 4
[309.152s][debug][gc,phases      ] GC(117) Weak Processing 0.345ms
[309.152s][debug][gc,age         ] GC(117) Desired survivor size 80216064 bytes, new threshold 15 (max threshold 15)
[309.152s][info ][gc,heap        ] GC(117) PSYoungGen: 1985456K(2016256K)->53232K(2013184K) Eden: 1932288K(1932288K)->0K(1932288K) From: 53168K(83968K)->53232K(80896K)
[309.152s][info ][gc,heap        ] GC(117) ParOldGen: 494563K(595968K)->494651K(595968K)
[309.152s][info ][gc,metaspace   ] GC(117) Metaspace: 82207K(83072K)->82207K(83072K) NonClass: 70666K(71104K)->70666K(71104K) Class: 11541K(11968K)->11541K(11968K)
[309.152s][info ][gc             ] GC(117) Pause Young (Allocation Failure) 2421M->535M(2548M) 15.996ms
[309.152s][info ][gc,cpu         ] GC(117) User=0.06s Sys=0.00s Real=0.01s
[309.152s][info ][safepoint      ] Safepoint "ParallelGCFailedAllocation", Time since last: 1209576485 ns, Reaching safepoint: 41300 ns, At safepoint: 16097422 ns, Total: 16138722 ns
[310.152s][info ][safepoint      ] Safepoint "Cleanup", Time since last: 1000081996 ns, Reaching safepoint: 43401 ns, At safepoint: 8500 ns, Total: 51901 ns
[311.152s][info ][safepoint      ] Safepoint "Cleanup", Time since last: 1000106296 ns, Reaching safepoint: 43801 ns, At safepoint: 4400 ns, Total: 48201 ns
[313.153s][info ][safepoint      ] Safepoint "Cleanup", Time since last: 2000180091 ns, Reaching safepoint: 47501 ns, At safepoint: 12601 ns, Total: 60102 ns
[314.153s][info ][safepoint      ] Safepoint "Cleanup", Time since last: 1000109895 ns, Reaching safepoint: 56401 ns, At safepoint: 6501 ns, Total: 62902 ns
[315.153s][info ][safepoint      ] Safepoint "Cleanup", Time since last: 1000111495 ns, Reaching safepoint: 58801 ns, At safepoint: 8401 ns, Total: 67202 ns
[316.153s][info ][safepoint      ] Safepoint "Cleanup", Time since last: 1000114295 ns, Reaching safepoint: 45901 ns, At safepoint: 6600 ns, Total: 52501 ns
[317.153s][info ][safepoint      ] Safepoint "Cleanup", Time since last: 1000109096 ns, Reaching safepoint: 57301 ns, At safepoint: 7600 ns, Total: 64901 ns
[318.817s][info ][safepoint      ] Safepoint "Cleanup", Time since last: 1663558059 ns, Reaching safepoint: 107102 ns, At safepoint: 6801 ns, Total: 113903 ns
[319.817s][info ][safepoint      ] Safepoint "Cleanup", Time since last: 1000096594 ns, Reaching safepoint: 49001 ns, At safepoint: 6600 ns, Total: 55601 ns
[320.817s][info ][safepoint      ] Safepoint "Cleanup", Time since last: 1000104495 ns, Reaching safepoint: 48001 ns, At safepoint: 8200 ns, Total: 56201 ns
[321.817s][info ][safepoint      ] Safepoint "Cleanup", Time since last: 1000107095 ns, Reaching safepoint: 47901 ns, At safepoint: 9400 ns, Total: 57301 ns
[325.818s][info ][safepoint      ] Safepoint "Cleanup", Time since last: 4000323175 ns, Reaching safepoint: 50801 ns, At safepoint: 9600 ns, Total: 60401 ns
[326.818s][info ][safepoint      ] Safepoint "Cleanup", Time since last: 1000085493 ns, Reaching safepoint: 55102 ns, At safepoint: 10000 ns, Total: 65102 ns
[327.818s][info ][safepoint      ] Safepoint "Cleanup", Time since last: 1000117694 ns, Reaching safepoint: 68701 ns, At safepoint: 12500 ns, Total: 81201 ns
[329.818s][info ][safepoint      ] Safepoint "Cleanup", Time since last: 2000186487 ns, Reaching safepoint: 58601 ns, At safepoint: 12900 ns, Total: 71501 ns
[330.819s][info ][safepoint      ] Safepoint "Cleanup", Time since last: 1000121694 ns, Reaching safepoint: 45001 ns, At safepoint: 6600 ns, Total: 51601 ns
[331.819s][info ][safepoint      ] Safepoint "Cleanup", Time since last: 1000120693 ns, Reaching safepoint: 49701 ns, At safepoint: 7500 ns, Total: 57201 ns
[332.819s][info ][safepoint      ] Safepoint "Cleanup", Time since last: 1000111794 ns, Reaching safepoint: 48201 ns, At safepoint: 2800 ns, Total: 51001 ns
[334.053s][info ][safepoint      ] Safepoint "Cleanup", Time since last: 1234317274 ns, Reaching safepoint: 92002 ns, At safepoint: 8400 ns, Total: 100402 ns
[335.053s][info ][safepoint      ] Safepoint "Cleanup", Time since last: 1000108693 ns, Reaching safepoint: 45901 ns, At safepoint: 2900 ns, Total: 48801 ns
[336.054s][info ][safepoint      ] Safepoint "Cleanup", Time since last: 1000087692 ns, Reaching safepoint: 53101 ns, At safepoint: 15401 ns, Total: 68502 ns
[337.054s][info ][safepoint      ] Safepoint "Cleanup", Time since last: 1000109692 ns, Reaching safepoint: 47501 ns, At safepoint: 5300 ns, Total: 52801 ns
[340.978s][info ][safepoint      ] Safepoint "Cleanup", Time since last: 3923807537 ns, Reaching safepoint: 46301 ns, At safepoint: 5300 ns, Total: 51601 ns
[341.978s][info ][safepoint      ] Safepoint "Cleanup", Time since last: 1000108192 ns, Reaching safepoint: 45101 ns, At safepoint: 4300 ns, Total: 49401 ns
[343.978s][info ][safepoint      ] Safepoint "Cleanup", Time since last: 2000163682 ns, Reaching safepoint: 54901 ns, At safepoint: 8700 ns, Total: 63601 ns
[347.978s][info ][safepoint      ] Safepoint "Cleanup", Time since last: 4000321362 ns, Reaching safepoint: 56101 ns, At safepoint: 12501 ns, Total: 68602 ns
[353.979s][info ][safepoint      ] Safepoint "Cleanup", Time since last: 6000413138 ns, Reaching safepoint: 115102 ns, At safepoint: 4300 ns, Total: 119402 ns
[354.979s][info ][safepoint      ] Safepoint "Cleanup", Time since last: 1000119390 ns, Reaching safepoint: 52601 ns, At safepoint: 6200 ns, Total: 58801 ns
[355.979s][info ][safepoint      ] Safepoint "Cleanup", Time since last: 1000129391 ns, Reaching safepoint: 61201 ns, At safepoint: 4400 ns, Total: 65601 ns
[357.980s][info ][safepoint      ] Safepoint "Cleanup", Time since last: 2000176978 ns, Reaching safepoint: 55502 ns, At safepoint: 7900 ns, Total: 63402 ns
[362.980s][info ][safepoint      ] Safepoint "Cleanup", Time since last: 5000388642 ns, Reaching safepoint: 55802 ns, At safepoint: 4800 ns, Total: 60602 ns
[363.980s][info ][safepoint      ] Safepoint "Cleanup", Time since last: 1000124289 ns, Reaching safepoint: 56101 ns, At safepoint: 4700 ns, Total: 60801 ns
[365.980s][info ][safepoint      ] Safepoint "Cleanup", Time since last: 2000193877 ns, Reaching safepoint: 46600 ns, At safepoint: 7001 ns, Total: 53601 ns
[366.981s][info ][safepoint      ] Safepoint "Cleanup", Time since last: 1000097388 ns, Reaching safepoint: 51401 ns, At safepoint: 5900 ns, Total: 57301 ns
[367.981s][info ][safepoint      ] Safepoint "Cleanup", Time since last: 1000071387 ns, Reaching safepoint: 55401 ns, At safepoint: 4201 ns, Total: 59602 ns
[368.981s][info ][safepoint      ] Safepoint "Cleanup", Time since last: 1000118588 ns, Reaching safepoint: 71501 ns, At safepoint: 7100 ns, Total: 78601 ns
[369.981s][info ][safepoint      ] Safepoint "Cleanup", Time since last: 1000111088 ns, Reaching safepoint: 45301 ns, At safepoint: 2900 ns, Total: 48201 ns
[370.981s][info ][safepoint      ] Safepoint "Cleanup", Time since last: 1000109388 ns, Reaching safepoint: 52701 ns, At safepoint: 7700 ns, Total: 60401 ns
[371.981s][info ][safepoint      ] Safepoint "Cleanup", Time since last: 1000086788 ns, Reaching safepoint: 52001 ns, At safepoint: 8600 ns, Total: 60601 ns
[372.982s][info ][safepoint      ] Safepoint "Cleanup", Time since last: 1000111588 ns, Reaching safepoint: 57201 ns, At safepoint: 7000 ns, Total: 64201 ns
[373.982s][info ][safepoint      ] Safepoint "Cleanup", Time since last: 1000083587 ns, Reaching safepoint: 50301 ns, At safepoint: 7800 ns, Total: 58101 ns
[376.982s][info ][safepoint      ] Safepoint "Cleanup", Time since last: 3000260760 ns, Reaching safepoint: 57701 ns, At safepoint: 3300 ns, Total: 61001 ns
[377.982s][info ][safepoint      ] Safepoint "Cleanup", Time since last: 1000111487 ns, Reaching safepoint: 59102 ns, At safepoint: 11900 ns, Total: 71002 ns
[382.900s][info ][gc,start       ] GC(118) Pause Young (Allocation Failure)
[382.917s][debug][gc,phases      ] GC(118) Scavenge 16.346ms
[382.917s][debug][gc,ref         ] GC(118) Skipped phase 1 of Reference Processing: no references
[382.917s][debug][gc,ref         ] GC(118) ReferenceProcessor::execute queues: 1, RefProcThreadModel::Single, marks_oops_alive: false
[382.917s][debug][gc,ref         ] GC(118) Skipped phase 3 of Reference Processing: no references
[382.917s][debug][gc,ref         ] GC(118) ReferenceProcessor::execute queues: 1, RefProcThreadModel::Single, marks_oops_alive: false
[382.917s][debug][gc,phases      ] GC(118) Reference Processing 0.185ms
[382.917s][debug][gc,phases      ] GC(118)   VM Weak                        Min:  0.0, Avg:  0.0, Max:  0.0, Diff:  0.0, Sum:  0.0, Workers: 4
[382.917s][debug][gc,phases      ] GC(118)     Dead                           Min: 0, Avg:  0.0, Max: 0, Diff: 0, Sum: 0, Workers: 4
[382.917s][debug][gc,phases      ] GC(118)     Total                          Min: 0, Avg: 169.2, Max: 549, Diff: 549, Sum: 677, Workers: 4
[382.917s][debug][gc,phases      ] GC(118)   ObjectSynchronizer Weak        Min:  0.0, Avg:  0.0, Max:  0.0, Diff:  0.0, Sum:  0.0, Workers: 4
[382.917s][debug][gc,phases      ] GC(118)     Dead                           Min: 0, Avg:  0.0, Max: 0, Diff: 0, Sum: 0, Workers: 4
[382.917s][debug][gc,phases      ] GC(118)     Total                          Min: 0, Avg: 94.2, Max: 185, Diff: 185, Sum: 377, Workers: 4
[382.917s][debug][gc,phases      ] GC(118)   JVMTI Tag Weak OopStorage      Min:  0.0, Avg:  0.0, Max:  0.0, Diff:  0.0, Sum:  0.0, Workers: 4
[382.917s][debug][gc,phases      ] GC(118)     Dead                           Min: 0, Avg:  0.0, Max: 0, Diff: 0, Sum: 0, Workers: 4
[382.917s][debug][gc,phases      ] GC(118)     Total                          Min: 0, Avg:  0.0, Max: 0, Diff: 0, Sum: 0, Workers: 4
[382.917s][debug][gc,phases      ] GC(118)   StringTable Weak               Min:  0.1, Avg:  0.1, Max:  0.1, Diff:  0.0, Sum:  0.5, Workers: 4
[382.917s][debug][gc,phases      ] GC(118)     Dead                           Min: 0, Avg:  0.0, Max: 0, Diff: 0, Sum: 0, Workers: 4
[382.917s][debug][gc,phases      ] GC(118)     Total                          Min: 11200, Avg: 11957.5, Max: 12864, Diff: 1664, Sum: 47830, Workers: 4
[382.917s][debug][gc,phases      ] GC(118)   ResolvedMethodTable Weak       Min:  0.0, Avg:  0.0, Max:  0.0, Diff:  0.0, Sum:  0.1, Workers: 4
[382.917s][debug][gc,phases      ] GC(118)     Dead                           Min: 0, Avg:  4.5, Max: 8, Diff: 8, Sum: 18, Workers: 4
[382.917s][debug][gc,phases      ] GC(118)     Total                          Min: 1856, Avg: 2050.0, Max: 2304, Diff: 448, Sum: 8200, Workers: 4
[382.917s][debug][gc,phases      ] GC(118)   JNI Weak                       Min:  0.0, Avg:  0.0, Max:  0.0, Diff:  0.0, Sum:  0.0, Workers: 4
[382.917s][debug][gc,phases      ] GC(118)     Dead                           Min: 0, Avg:  0.0, Max: 0, Diff: 0, Sum: 0, Workers: 4
[382.917s][debug][gc,phases      ] GC(118)     Total                          Min: 0, Avg:  0.0, Max: 0, Diff: 0, Sum: 0, Workers: 4
[382.917s][debug][gc,phases      ] GC(118)   StringDedup Table Weak         Min:  0.0, Avg:  0.0, Max:  0.0, Diff:  0.0, Sum:  0.0, Workers: 4
[382.917s][debug][gc,phases      ] GC(118)     Dead                           Min: 0, Avg:  0.0, Max: 0, Diff: 0, Sum: 0, Workers: 4
[382.917s][debug][gc,phases      ] GC(118)     Total                          Min: 0, Avg:  0.0, Max: 0, Diff: 0, Sum: 0, Workers: 4
[382.917s][debug][gc,phases      ] GC(118)   StringDedup Requests0 Weak     Min:  0.0, Avg:  0.0, Max:  0.0, Diff:  0.0, Sum:  0.0, Workers: 4
[382.917s][debug][gc,phases      ] GC(118)     Dead                           Min: 0, Avg:  0.0, Max: 0, Diff: 0, Sum: 0, Workers: 4
[382.917s][debug][gc,phases      ] GC(118)     Total                          Min: 0, Avg:  0.0, Max: 0, Diff: 0, Sum: 0, Workers: 4
[382.917s][debug][gc,phases      ] GC(118)   StringDedup Requests1 Weak     Min:  0.0, Avg:  0.0, Max:  0.0, Diff:  0.0, Sum:  0.0, Workers: 4
[382.917s][debug][gc,phases      ] GC(118)     Dead                           Min: 0, Avg:  0.0, Max: 0, Diff: 0, Sum: 0, Workers: 4
[382.917s][debug][gc,phases      ] GC(118)     Total                          Min: 0, Avg:  0.0, Max: 0, Diff: 0, Sum: 0, Workers: 4
[382.917s][debug][gc,phases      ] GC(118)   Weak JFR Old Object Samples    Min:  0.0, Avg:  0.0, Max:  0.0, Diff:  0.0, Sum:  0.0, Workers: 4
[382.917s][debug][gc,phases      ] GC(118)     Dead                           Min: 0, Avg:  0.0, Max: 0, Diff: 0, Sum: 0, Workers: 4
[382.917s][debug][gc,phases      ] GC(118)     Total                          Min: 0, Avg:  0.0, Max: 0, Diff: 0, Sum: 0, Workers: 4
[382.917s][debug][gc,phases      ] GC(118) Weak Processing 0.341ms
[382.917s][debug][gc,age         ] GC(118) Desired survivor size 78643200 bytes, new threshold 15 (max threshold 15)
[382.917s][info ][gc,heap        ] GC(118) PSYoungGen: 1985520K(2013184K)->46064K(2020352K) Eden: 1932288K(1932288K)->0K(1942016K) From: 53232K(80896K)->46064K(78336K)
[382.917s][info ][gc,heap        ] GC(118) ParOldGen: 494651K(595968K)->502547K(595968K)
[382.917s][info ][gc,metaspace   ] GC(118) Metaspace: 82333K(83200K)->82333K(83200K) NonClass: 70785K(71232K)->70785K(71232K) Class: 11547K(11968K)->11547K(11968K)
[382.917s][info ][gc             ] GC(118) Pause Young (Allocation Failure) 2422M->535M(2555M) 17.008ms
[382.917s][info ][gc,cpu         ] GC(118) User=0.06s Sys=0.01s Real=0.02s
[382.917s][info ][safepoint      ] Safepoint "ParallelGCFailedAllocation", Time since last: 4918025583 ns, Reaching safepoint: 49301 ns, At safepoint: 17094242 ns, Total: 17143543 ns
[384.918s][info ][safepoint      ] Safepoint "Cleanup", Time since last: 2000153171 ns, Reaching safepoint: 50401 ns, At safepoint: 19100 ns, Total: 69501 ns
[389.918s][info ][safepoint      ] Safepoint "Cleanup", Time since last: 5000361825 ns, Reaching safepoint: 52401 ns, At safepoint: 4700 ns, Total: 57101 ns
[391.918s][info ][safepoint      ] Safepoint "Cleanup", Time since last: 2000184870 ns, Reaching safepoint: 50401 ns, At safepoint: 7000 ns, Total: 57401 ns
[392.918s][info ][safepoint      ] Safepoint "Cleanup", Time since last: 1000111285 ns, Reaching safepoint: 120102 ns, At safepoint: 6700 ns, Total: 126802 ns
[396.919s][info ][safepoint      ] Safepoint "Cleanup", Time since last: 4000297636 ns, Reaching safepoint: 58102 ns, At safepoint: 9600 ns, Total: 67702 ns
[397.919s][info ][safepoint      ] Safepoint "Cleanup", Time since last: 1000115284 ns, Reaching safepoint: 45101 ns, At safepoint: 3500 ns, Total: 48601 ns
[401.919s][info ][safepoint      ] Safepoint "Cleanup", Time since last: 4000323234 ns, Reaching safepoint: 49801 ns, At safepoint: 6500 ns, Total: 56301 ns
[402.920s][info ][safepoint      ] Safepoint "Cleanup", Time since last: 1000111184 ns, Reaching safepoint: 50701 ns, At safepoint: 3200 ns, Total: 53901 ns
[403.920s][info ][safepoint      ] Safepoint "Cleanup", Time since last: 1000074783 ns, Reaching safepoint: 50901 ns, At safepoint: 4800 ns, Total: 55701 ns
[407.920s][info ][safepoint      ] Safepoint "Cleanup", Time since last: 4000304631 ns, Reaching safepoint: 59401 ns, At safepoint: 4400 ns, Total: 63801 ns
[408.920s][info ][safepoint      ] Safepoint "Cleanup", Time since last: 1000115983 ns, Reaching safepoint: 48301 ns, At safepoint: 4200 ns, Total: 52501 ns
[410.920s][info ][safepoint      ] Safepoint "Cleanup", Time since last: 2000176765 ns, Reaching safepoint: 49501 ns, At safepoint: 4200 ns, Total: 53701 ns
[412.921s][info ][safepoint      ] Safepoint "Cleanup", Time since last: 2000215465 ns, Reaching safepoint: 63402 ns, At safepoint: 13600 ns, Total: 77002 ns
[413.921s][info ][safepoint      ] Safepoint "Cleanup", Time since last: 1000086182 ns, Reaching safepoint: 44501 ns, At safepoint: 8500 ns, Total: 53001 ns
[416.921s][info ][safepoint      ] Safepoint "Cleanup", Time since last: 3000227544 ns, Reaching safepoint: 51501 ns, At safepoint: 4701 ns, Total: 56202 ns
[417.921s][info ][safepoint      ] Safepoint "Cleanup", Time since last: 1000112582 ns, Reaching safepoint: 49701 ns, At safepoint: 10300 ns, Total: 60001 ns
[418.922s][info ][safepoint      ] Safepoint "Cleanup", Time since last: 1000107682 ns, Reaching safepoint: 51701 ns, At safepoint: 8000 ns, Total: 59701 ns
[419.922s][info ][safepoint      ] Safepoint "Cleanup", Time since last: 1000106481 ns, Reaching safepoint: 50601 ns, At safepoint: 6001 ns, Total: 56602 ns
[428.922s][info ][safepoint      ] Safepoint "Cleanup", Time since last: 9000535520 ns, Reaching safepoint: 52101 ns, At safepoint: 3601 ns, Total: 55702 ns
[431.923s][info ][safepoint      ] Safepoint "Cleanup", Time since last: 3000260039 ns, Reaching safepoint: 55201 ns, At safepoint: 22001 ns, Total: 77202 ns
[432.923s][info ][safepoint      ] Safepoint "Cleanup", Time since last: 1000102980 ns, Reaching safepoint: 55101 ns, At safepoint: 7000 ns, Total: 62101 ns
[433.923s][info ][safepoint      ] Safepoint "Cleanup", Time since last: 1000137781 ns, Reaching safepoint: 51401 ns, At safepoint: 13700 ns, Total: 65101 ns
[434.923s][info ][safepoint      ] Safepoint "Cleanup", Time since last: 1000119580 ns, Reaching safepoint: 54501 ns, At safepoint: 4200 ns, Total: 58701 ns
[438.924s][info ][safepoint      ] Safepoint "Cleanup", Time since last: 4000313516 ns, Reaching safepoint: 48201 ns, At safepoint: 4100 ns, Total: 52301 ns
[440.924s][info ][safepoint      ] Safepoint "Cleanup", Time since last: 2000179758 ns, Reaching safepoint: 52601 ns, At safepoint: 9100 ns, Total: 61701 ns
[443.899s][info ][safepoint      ] Safepoint "Cleanup", Time since last: 2974999131 ns, Reaching safepoint: 42801 ns, At safepoint: 8600 ns, Total: 51401 ns
[444.899s][info ][safepoint      ] Safepoint "Cleanup", Time since last: 1000106779 ns, Reaching safepoint: 100802 ns, At safepoint: 11500 ns, Total: 112302 ns
[445.899s][info ][safepoint      ] Safepoint "Cleanup", Time since last: 1000112879 ns, Reaching safepoint: 117102 ns, At safepoint: 9601 ns, Total: 126703 ns
[446.900s][info ][safepoint      ] Safepoint "Cleanup", Time since last: 1000126779 ns, Reaching safepoint: 121902 ns, At safepoint: 10000 ns, Total: 131902 ns
[447.900s][info ][safepoint      ] Safepoint "Cleanup", Time since last: 1000110679 ns, Reaching safepoint: 53001 ns, At safepoint: 6400 ns, Total: 59401 ns
[448.702s][info ][gc,start       ] GC(119) Pause Young (Allocation Failure)
[448.720s][debug][gc,phases      ] GC(119) Scavenge 17.706ms
[448.720s][debug][gc,ref         ] GC(119) Skipped phase 1 of Reference Processing: no references
[448.720s][debug][gc,ref         ] GC(119) ReferenceProcessor::execute queues: 1, RefProcThreadModel::Single, marks_oops_alive: false
[448.720s][debug][gc,ref         ] GC(119) Skipped phase 3 of Reference Processing: no references
[448.720s][debug][gc,ref         ] GC(119) ReferenceProcessor::execute queues: 1, RefProcThreadModel::Single, marks_oops_alive: false
[448.720s][debug][gc,phases      ] GC(119) Reference Processing 0.157ms
[448.721s][debug][gc,phases      ] GC(119)   VM Weak                        Min:  0.0, Avg:  0.0, Max:  0.0, Diff:  0.0, Sum:  0.0, Workers: 4
[448.721s][debug][gc,phases      ] GC(119)     Dead                           Min: 0, Avg:  0.0, Max: 0, Diff: 0, Sum: 0, Workers: 4
[448.721s][debug][gc,phases      ] GC(119)     Total                          Min: 0, Avg: 169.2, Max: 485, Diff: 485, Sum: 677, Workers: 4
[448.721s][debug][gc,phases      ] GC(119)   ObjectSynchronizer Weak        Min:  0.0, Avg:  0.0, Max:  0.0, Diff:  0.0, Sum:  0.0, Workers: 4
[448.721s][debug][gc,phases      ] GC(119)     Dead                           Min: 0, Avg:  0.0, Max: 0, Diff: 0, Sum: 0, Workers: 4
[448.721s][debug][gc,phases      ] GC(119)     Total                          Min: 0, Avg: 94.2, Max: 313, Diff: 313, Sum: 377, Workers: 4
[448.721s][debug][gc,phases      ] GC(119)   JVMTI Tag Weak OopStorage      Min:  0.0, Avg:  0.0, Max:  0.0, Diff:  0.0, Sum:  0.0, Workers: 4
[448.721s][debug][gc,phases      ] GC(119)     Dead                           Min: 0, Avg:  0.0, Max: 0, Diff: 0, Sum: 0, Workers: 4
[448.721s][debug][gc,phases      ] GC(119)     Total                          Min: 0, Avg:  0.0, Max: 0, Diff: 0, Sum: 0, Workers: 4
[448.721s][debug][gc,phases      ] GC(119)   StringTable Weak               Min:  0.1, Avg:  0.1, Max:  0.1, Diff:  0.0, Sum:  0.5, Workers: 4
[448.721s][debug][gc,phases      ] GC(119)     Dead                           Min: 0, Avg:  0.2, Max: 1, Diff: 1, Sum: 1, Workers: 4
[448.721s][debug][gc,phases      ] GC(119)     Total                          Min: 11008, Avg: 11967.0, Max: 12544, Diff: 1536, Sum: 47868, Workers: 4
[448.721s][debug][gc,phases      ] GC(119)   ResolvedMethodTable Weak       Min:  0.0, Avg:  0.0, Max:  0.0, Diff:  0.0, Sum:  0.1, Workers: 4
[448.721s][debug][gc,phases      ] GC(119)     Dead                           Min: 0, Avg:  0.0, Max: 0, Diff: 0, Sum: 0, Workers: 4
[448.721s][debug][gc,phases      ] GC(119)     Total                          Min: 1837, Avg: 1972.5, Max: 2197, Diff: 360, Sum: 7890, Workers: 4
[448.721s][debug][gc,phases      ] GC(119)   JNI Weak                       Min:  0.0, Avg:  0.0, Max:  0.0, Diff:  0.0, Sum:  0.0, Workers: 4
[448.721s][debug][gc,phases      ] GC(119)     Dead                           Min: 0, Avg:  0.0, Max: 0, Diff: 0, Sum: 0, Workers: 4
[448.721s][debug][gc,phases      ] GC(119)     Total                          Min: 0, Avg:  0.0, Max: 0, Diff: 0, Sum: 0, Workers: 4
[448.721s][debug][gc,phases      ] GC(119)   StringDedup Table Weak         Min:  0.0, Avg:  0.0, Max:  0.0, Diff:  0.0, Sum:  0.0, Workers: 4
[448.721s][debug][gc,phases      ] GC(119)     Dead                           Min: 0, Avg:  0.0, Max: 0, Diff: 0, Sum: 0, Workers: 4
[448.721s][debug][gc,phases      ] GC(119)     Total                          Min: 0, Avg:  0.0, Max: 0, Diff: 0, Sum: 0, Workers: 4
[448.721s][debug][gc,phases      ] GC(119)   StringDedup Requests0 Weak     Min:  0.0, Avg:  0.0, Max:  0.0, Diff:  0.0, Sum:  0.0, Workers: 4
[448.721s][debug][gc,phases      ] GC(119)     Dead                           Min: 0, Avg:  0.0, Max: 0, Diff: 0, Sum: 0, Workers: 4
[448.721s][debug][gc,phases      ] GC(119)     Total                          Min: 0, Avg:  0.0, Max: 0, Diff: 0, Sum: 0, Workers: 4
[448.721s][debug][gc,phases      ] GC(119)   StringDedup Requests1 Weak     Min:  0.0, Avg:  0.0, Max:  0.0, Diff:  0.0, Sum:  0.0, Workers: 4
[448.721s][debug][gc,phases      ] GC(119)     Dead                           Min: 0, Avg:  0.0, Max: 0, Diff: 0, Sum: 0, Workers: 4
[448.721s][debug][gc,phases      ] GC(119)     Total                          Min: 0, Avg:  0.0, Max: 0, Diff: 0, Sum: 0, Workers: 4
[448.721s][debug][gc,phases      ] GC(119)   Weak JFR Old Object Samples    Min:  0.0, Avg:  0.0, Max:  0.0, Diff:  0.0, Sum:  0.0, Workers: 4
[448.721s][debug][gc,phases      ] GC(119)     Dead                           Min: 0, Avg:  0.0, Max: 0, Diff: 0, Sum: 0, Workers: 4
[448.721s][debug][gc,phases      ] GC(119)     Total                          Min: 0, Avg:  0.0, Max: 0, Diff: 0, Sum: 0, Workers: 4
[448.721s][debug][gc,phases      ] GC(119) Weak Processing 0.345ms
[448.721s][debug][gc,age         ] GC(119) Desired survivor size 76546048 bytes, new threshold 15 (max threshold 15)
[448.721s][info ][gc,heap        ] GC(119) PSYoungGen: 1988080K(2020352K)->52960K(2018816K) Eden: 1942016K(1942016K)->0K(1942016K) From: 46064K(78336K)->52960K(76800K)
[448.721s][info ][gc,heap        ] GC(119) ParOldGen: 502547K(595968K)->509239K(595968K)
[448.721s][info ][gc,metaspace   ] GC(119) Metaspace: 82390K(83264K)->82390K(83264K) NonClass: 70838K(71296K)->70838K(71296K) Class: 11552K(11968K)->11552K(11968K)
[448.721s][info ][gc             ] GC(119) Pause Young (Allocation Failure) 2432M->549M(2553M) 18.353ms
[448.721s][info ][gc,cpu         ] GC(119) User=0.07s Sys=0.01s Real=0.02s
[448.721s][info ][safepoint      ] Safepoint "ParallelGCFailedAllocation", Time since last: 802555432 ns, Reaching safepoint: 124902 ns, At safepoint: 18442869 ns, Total: 18567771 ns
[449.721s][info ][safepoint      ] Safepoint "Cleanup", Time since last: 1000198480 ns, Reaching safepoint: 56901 ns, At safepoint: 8600 ns, Total: 65501 ns
[450.721s][info ][safepoint      ] Safepoint "Cleanup", Time since last: 1000086878 ns, Reaching safepoint: 52601 ns, At safepoint: 10500 ns, Total: 63101 ns
[451.721s][info ][safepoint      ] Safepoint "Cleanup", Time since last: 1000109678 ns, Reaching safepoint: 49101 ns, At safepoint: 4000 ns, Total: 53101 ns
[452.722s][info ][safepoint      ] Safepoint "Cleanup", Time since last: 1000116878 ns, Reaching safepoint: 49101 ns, At safepoint: 10000 ns, Total: 59101 ns
[454.722s][info ][safepoint      ] Safepoint "Cleanup", Time since last: 2000166455 ns, Reaching safepoint: 42600 ns, At safepoint: 4001 ns, Total: 46601 ns
[455.722s][info ][safepoint      ] Safepoint "Cleanup", Time since last: 1000108377 ns, Reaching safepoint: 50701 ns, At safepoint: 3200 ns, Total: 53901 ns
[456.722s][info ][safepoint      ] Safepoint "Cleanup", Time since last: 1000121978 ns, Reaching safepoint: 50301 ns, At safepoint: 6400 ns, Total: 56701 ns
[457.722s][info ][safepoint      ] Safepoint "Cleanup", Time since last: 1000108477 ns, Reaching safepoint: 47701 ns, At safepoint: 3500 ns, Total: 51201 ns
[459.723s][info ][safepoint      ] Safepoint "Cleanup", Time since last: 2000159653 ns, Reaching safepoint: 50901 ns, At safepoint: 3400 ns, Total: 54301 ns
[463.723s][info ][safepoint      ] Safepoint "Cleanup", Time since last: 4000311405 ns, Reaching safepoint: 52101 ns, At safepoint: 4200 ns, Total: 56301 ns
[464.723s][info ][safepoint      ] Safepoint "Cleanup", Time since last: 1000116077 ns, Reaching safepoint: 48601 ns, At safepoint: 6700 ns, Total: 55301 ns
[465.723s][info ][safepoint      ] Safepoint "Cleanup", Time since last: 1000106977 ns, Reaching safepoint: 50401 ns, At safepoint: 6500 ns, Total: 56901 ns
[467.723s][info ][safepoint      ] Safepoint "Cleanup", Time since last: 2000198652 ns, Reaching safepoint: 63301 ns, At safepoint: 6600 ns, Total: 69901 ns
[469.724s][info ][safepoint      ] Safepoint "Cleanup", Time since last: 2000171851 ns, Reaching safepoint: 53802 ns, At safepoint: 3400 ns, Total: 57202 ns
[471.724s][info ][safepoint      ] Safepoint "Cleanup", Time since last: 2000190551 ns, Reaching safepoint: 45601 ns, At safepoint: 3000 ns, Total: 48601 ns
[473.050s][info ][safepoint      ] Safepoint "Cleanup", Time since last: 1326305591 ns, Reaching safepoint: 109202 ns, At safepoint: 18500 ns, Total: 127702 ns
[474.051s][info ][safepoint      ] Safepoint "Cleanup", Time since last: 1000050375 ns, Reaching safepoint: 86101 ns, At safepoint: 2900 ns, Total: 89001 ns
[477.051s][info ][safepoint      ] Safepoint "Cleanup", Time since last: 3000248425 ns, Reaching safepoint: 60401 ns, At safepoint: 7700 ns, Total: 68101 ns
[478.051s][info ][safepoint      ] Safepoint "Cleanup", Time since last: 1000107275 ns, Reaching safepoint: 60401 ns, At safepoint: 4700 ns, Total: 65101 ns
[479.051s][info ][safepoint      ] Safepoint "Cleanup", Time since last: 1000109475 ns, Reaching safepoint: 49201 ns, At safepoint: 2900 ns, Total: 52101 ns
[482.051s][info ][safepoint      ] Safepoint "Cleanup", Time since last: 3000237923 ns, Reaching safepoint: 46101 ns, At safepoint: 3200 ns, Total: 49301 ns
[483.052s][info ][safepoint      ] Safepoint "Cleanup", Time since last: 1000104074 ns, Reaching safepoint: 51901 ns, At safepoint: 5401 ns, Total: 57302 ns
[485.052s][info ][safepoint      ] Safepoint "Cleanup", Time since last: 2000156547 ns, Reaching safepoint: 43001 ns, At safepoint: 4300 ns, Total: 47301 ns
[487.052s][info ][safepoint      ] Safepoint "Cleanup", Time since last: 2000165147 ns, Reaching safepoint: 48901 ns, At safepoint: 3000 ns, Total: 51901 ns
[488.052s][info ][safepoint      ] Safepoint "Cleanup", Time since last: 1000107374 ns, Reaching safepoint: 112003 ns, At safepoint: 7300 ns, Total: 119303 ns
[489.052s][info ][safepoint      ] Safepoint "Cleanup", Time since last: 1000104874 ns, Reaching safepoint: 112502 ns, At safepoint: 10600 ns, Total: 123102 ns
[490.053s][info ][safepoint      ] Safepoint "Cleanup", Time since last: 1000104374 ns, Reaching safepoint: 53101 ns, At safepoint: 6200 ns, Total: 59301 ns
[491.053s][info ][safepoint      ] Safepoint "Cleanup", Time since last: 1000106674 ns, Reaching safepoint: 60001 ns, At safepoint: 3400 ns, Total: 63401 ns
[492.053s][info ][safepoint      ] Safepoint "Cleanup", Time since last: 1000113774 ns, Reaching safepoint: 56901 ns, At safepoint: 11200 ns, Total: 68101 ns
[493.053s][info ][safepoint      ] Safepoint "Cleanup", Time since last: 1000111274 ns, Reaching safepoint: 77201 ns, At safepoint: 10500 ns, Total: 87701 ns
[494.053s][info ][safepoint      ] Safepoint "Cleanup", Time since last: 1000110774 ns, Reaching safepoint: 62401 ns, At safepoint: 6400 ns, Total: 68801 ns
[495.054s][info ][safepoint      ] Safepoint "Cleanup", Time since last: 1000118774 ns, Reaching safepoint: 83201 ns, At safepoint: 8501 ns, Total: 91702 ns
[496.054s][info ][safepoint      ] Safepoint "Cleanup", Time since last: 1000128873 ns, Reaching safepoint: 59901 ns, At safepoint: 3500 ns, Total: 63401 ns
[497.054s][info ][safepoint      ] Safepoint "Cleanup", Time since last: 1000110574 ns, Reaching safepoint: 60401 ns, At safepoint: 10100 ns, Total: 70501 ns
[497.750s][info ][gc,start       ] GC(120) Pause Young (Allocation Failure)
[497.768s][debug][gc,phases      ] GC(120) Scavenge 18.577ms
[497.768s][debug][gc,ref         ] GC(120) Skipped phase 1 of Reference Processing: no references
[497.769s][debug][gc,ref         ] GC(120) ReferenceProcessor::execute queues: 1, RefProcThreadModel::Single, marks_oops_alive: false
[497.769s][debug][gc,ref         ] GC(120) Skipped phase 3 of Reference Processing: no references
[497.769s][debug][gc,ref         ] GC(120) ReferenceProcessor::execute queues: 1, RefProcThreadModel::Single, marks_oops_alive: false
[497.769s][debug][gc,phases      ] GC(120) Reference Processing 0.150ms
[497.769s][debug][gc,phases      ] GC(120)   VM Weak                        Min:  0.0, Avg:  0.0, Max:  0.0, Diff:  0.0, Sum:  0.0, Workers: 4
[497.769s][debug][gc,phases      ] GC(120)     Dead                           Min: 0, Avg:  0.0, Max: 0, Diff: 0, Sum: 0, Workers: 4
[497.769s][debug][gc,phases      ] GC(120)     Total                          Min: 0, Avg: 169.2, Max: 549, Diff: 549, Sum: 677, Workers: 4
[497.769s][debug][gc,phases      ] GC(120)   ObjectSynchronizer Weak        Min:  0.0, Avg:  0.0, Max:  0.0, Diff:  0.0, Sum:  0.0, Workers: 4
[497.769s][debug][gc,phases      ] GC(120)     Dead                           Min: 0, Avg:  0.0, Max: 0, Diff: 0, Sum: 0, Workers: 4
[497.769s][debug][gc,phases      ] GC(120)     Total                          Min: 0, Avg: 94.2, Max: 256, Diff: 256, Sum: 377, Workers: 4
[497.769s][debug][gc,phases      ] GC(120)   JVMTI Tag Weak OopStorage      Min:  0.0, Avg:  0.0, Max:  0.0, Diff:  0.0, Sum:  0.0, Workers: 4
[497.769s][debug][gc,phases      ] GC(120)     Dead                           Min: 0, Avg:  0.0, Max: 0, Diff: 0, Sum: 0, Workers: 4
[497.769s][debug][gc,phases      ] GC(120)     Total                          Min: 0, Avg:  0.0, Max: 0, Diff: 0, Sum: 0, Workers: 4
[497.769s][debug][gc,phases      ] GC(120)   StringTable Weak               Min:  0.1, Avg:  0.1, Max:  0.1, Diff:  0.0, Sum:  0.5, Workers: 4
[497.769s][debug][gc,phases      ] GC(120)     Dead                           Min: 0, Avg:  0.0, Max: 0, Diff: 0, Sum: 0, Workers: 4
[497.769s][debug][gc,phases      ] GC(120)     Total                          Min: 11264, Avg: 11970.2, Max: 12608, Diff: 1344, Sum: 47881, Workers: 4
[497.769s][debug][gc,phases      ] GC(120)   ResolvedMethodTable Weak       Min:  0.0, Avg:  0.0, Max:  0.0, Diff:  0.0, Sum:  0.1, Workers: 4
[497.769s][debug][gc,phases      ] GC(120)     Dead                           Min: 0, Avg:  0.0, Max: 0, Diff: 0, Sum: 0, Workers: 4
[497.769s][debug][gc,phases      ] GC(120)     Total                          Min: 1673, Avg: 1973.0, Max: 2376, Diff: 703, Sum: 7892, Workers: 4
[497.769s][debug][gc,phases      ] GC(120)   JNI Weak                       Min:  0.0, Avg:  0.0, Max:  0.0, Diff:  0.0, Sum:  0.0, Workers: 4
[497.769s][debug][gc,phases      ] GC(120)     Dead                           Min: 0, Avg:  0.0, Max: 0, Diff: 0, Sum: 0, Workers: 4
[497.769s][debug][gc,phases      ] GC(120)     Total                          Min: 0, Avg:  0.0, Max: 0, Diff: 0, Sum: 0, Workers: 4
[497.769s][debug][gc,phases      ] GC(120)   StringDedup Table Weak         Min:  0.0, Avg:  0.0, Max:  0.0, Diff:  0.0, Sum:  0.0, Workers: 4
[497.769s][debug][gc,phases      ] GC(120)     Dead                           Min: 0, Avg:  0.0, Max: 0, Diff: 0, Sum: 0, Workers: 4
[497.769s][debug][gc,phases      ] GC(120)     Total                          Min: 0, Avg:  0.0, Max: 0, Diff: 0, Sum: 0, Workers: 4
[497.769s][debug][gc,phases      ] GC(120)   StringDedup Requests0 Weak     Min:  0.0, Avg:  0.0, Max:  0.0, Diff:  0.0, Sum:  0.0, Workers: 4
[497.769s][debug][gc,phases      ] GC(120)     Dead                           Min: 0, Avg:  0.0, Max: 0, Diff: 0, Sum: 0, Workers: 4
[497.769s][debug][gc,phases      ] GC(120)     Total                          Min: 0, Avg:  0.0, Max: 0, Diff: 0, Sum: 0, Workers: 4
[497.769s][debug][gc,phases      ] GC(120)   StringDedup Requests1 Weak     Min:  0.0, Avg:  0.0, Max:  0.0, Diff:  0.0, Sum:  0.0, Workers: 4
[497.769s][debug][gc,phases      ] GC(120)     Dead                           Min: 0, Avg:  0.0, Max: 0, Diff: 0, Sum: 0, Workers: 4
[497.769s][debug][gc,phases      ] GC(120)     Total                          Min: 0, Avg:  0.0, Max: 0, Diff: 0, Sum: 0, Workers: 4
[497.769s][debug][gc,phases      ] GC(120)   Weak JFR Old Object Samples    Min:  0.0, Avg:  0.0, Max:  0.0, Diff:  0.0, Sum:  0.0, Workers: 4
[497.769s][debug][gc,phases      ] GC(120)     Dead                           Min: 0, Avg:  0.0, Max: 0, Diff: 0, Sum: 0, Workers: 4
[497.769s][debug][gc,phases      ] GC(120)     Total                          Min: 0, Avg:  0.0, Max: 0, Diff: 0, Sum: 0, Workers: 4
[497.769s][debug][gc,phases      ] GC(120) Weak Processing 0.385ms
[497.769s][debug][gc,age         ] GC(120) Desired survivor size 74973184 bytes, new threshold 15 (max threshold 15)
[497.769s][info ][gc,heap        ] GC(120) PSYoungGen: 1994976K(2018816K)->47408K(2023936K) Eden: 1942016K(1942016K)->0K(1949184K) From: 52960K(76800K)->47408K(74752K)
[497.769s][info ][gc,heap        ] GC(120) ParOldGen: 509239K(595968K)->516195K(595968K)
[497.769s][info ][gc,metaspace   ] GC(120) Metaspace: 82436K(83328K)->82436K(83328K) NonClass: 70882K(71360K)->70882K(71360K) Class: 11553K(11968K)->11553K(11968K)
[497.769s][info ][gc             ] GC(120) Pause Young (Allocation Failure) 2445M->550M(2558M) 19.244ms
[497.769s][info ][gc,cpu         ] GC(120) User=0.07s Sys=0.01s Real=0.02s
[497.769s][info ][safepoint      ] Safepoint "ParallelGCFailedAllocation", Time since last: 695673593 ns, Reaching safepoint: 105402 ns, At safepoint: 19330386 ns, Total: 19435788 ns
[499.769s][info ][safepoint      ] Safepoint "Cleanup", Time since last: 2000170445 ns, Reaching safepoint: 60001 ns, At safepoint: 7801 ns, Total: 67802 ns
[505.770s][info ][safepoint      ] Safepoint "Cleanup", Time since last: 6000520332 ns, Reaching safepoint: 54201 ns, At safepoint: 10000 ns, Total: 64201 ns
[506.770s][info ][safepoint      ] Safepoint "Cleanup", Time since last: 1000117172 ns, Reaching safepoint: 38401 ns, At safepoint: 3200 ns, Total: 41601 ns
[507.770s][info ][safepoint      ] Safepoint "Cleanup", Time since last: 1000140173 ns, Reaching safepoint: 62701 ns, At safepoint: 6400 ns, Total: 69101 ns
[508.770s][info ][safepoint      ] Safepoint "Cleanup", Time since last: 1000113072 ns, Reaching safepoint: 49001 ns, At safepoint: 3100 ns, Total: 52101 ns
[511.853s][info ][safepoint      ] Safepoint "Cleanup", Time since last: 3082234951 ns, Reaching safepoint: 45201 ns, At safepoint: 9400 ns, Total: 54601 ns
[512.854s][info ][safepoint      ] Safepoint "Cleanup", Time since last: 1000710583 ns, Reaching safepoint: 69302 ns, At safepoint: 6100 ns, Total: 75402 ns
[513.854s][info ][safepoint      ] Safepoint "Cleanup", Time since last: 1000106871 ns, Reaching safepoint: 50001 ns, At safepoint: 9301 ns, Total: 59302 ns
[514.854s][info ][safepoint      ] Safepoint "Cleanup", Time since last: 1000098571 ns, Reaching safepoint: 54501 ns, At safepoint: 8800 ns, Total: 63301 ns
[515.854s][info ][safepoint      ] Safepoint "Cleanup", Time since last: 1000113671 ns, Reaching safepoint: 55401 ns, At safepoint: 10400 ns, Total: 65801 ns
[516.854s][info ][safepoint      ] Safepoint "Cleanup", Time since last: 1000077371 ns, Reaching safepoint: 48201 ns, At safepoint: 2700 ns, Total: 50901 ns
[517.854s][info ][safepoint      ] Safepoint "Cleanup", Time since last: 1000105471 ns, Reaching safepoint: 51801 ns, At safepoint: 9400 ns, Total: 61201 ns
[518.854s][info ][safepoint      ] Safepoint "Cleanup", Time since last: 1000103071 ns, Reaching safepoint: 48401 ns, At safepoint: 2600 ns, Total: 51001 ns
[519.855s][info ][safepoint      ] Safepoint "Cleanup", Time since last: 1000089070 ns, Reaching safepoint: 44901 ns, At safepoint: 3700 ns, Total: 48601 ns
[520.855s][info ][safepoint      ] Safepoint "Cleanup", Time since last: 1000121071 ns, Reaching safepoint: 43501 ns, At safepoint: 7900 ns, Total: 51401 ns
[521.855s][info ][safepoint      ] Safepoint "Cleanup", Time since last: 1000104371 ns, Reaching safepoint: 60801 ns, At safepoint: 11800 ns, Total: 72601 ns
[523.855s][info ][safepoint      ] Safepoint "Cleanup", Time since last: 2000183940 ns, Reaching safepoint: 51402 ns, At safepoint: 9700 ns, Total: 61102 ns
[524.855s][info ][safepoint      ] Safepoint "Cleanup", Time since last: 1000104570 ns, Reaching safepoint: 46301 ns, At safepoint: 3500 ns, Total: 49801 ns
[525.856s][info ][safepoint      ] Safepoint "Cleanup", Time since last: 1000110070 ns, Reaching safepoint: 52801 ns, At safepoint: 7800 ns, Total: 60601 ns
[526.856s][info ][safepoint      ] Safepoint "Cleanup", Time since last: 1000103070 ns, Reaching safepoint: 52501 ns, At safepoint: 5801 ns, Total: 58302 ns
[527.856s][info ][safepoint      ] Safepoint "Cleanup", Time since last: 1000111970 ns, Reaching safepoint: 47601 ns, At safepoint: 8000 ns, Total: 55601 ns
[529.166s][info ][safepoint      ] Safepoint "Cleanup", Time since last: 1310213962 ns, Reaching safepoint: 97902 ns, At safepoint: 10300 ns, Total: 108202 ns
[530.166s][info ][safepoint      ] Safepoint "Cleanup", Time since last: 1000098470 ns, Reaching safepoint: 45200 ns, At safepoint: 6401 ns, Total: 51601 ns
[531.167s][info ][safepoint      ] Safepoint "Cleanup", Time since last: 1000124670 ns, Reaching safepoint: 47100 ns, At safepoint: 7001 ns, Total: 54101 ns
[532.167s][info ][safepoint      ] Safepoint "Cleanup", Time since last: 1000119769 ns, Reaching safepoint: 44601 ns, At safepoint: 4000 ns, Total: 48601 ns
[533.167s][info ][safepoint      ] Safepoint "Cleanup", Time since last: 1000102270 ns, Reaching safepoint: 46801 ns, At safepoint: 3000 ns, Total: 49801 ns
[534.167s][info ][safepoint      ] Safepoint "Cleanup", Time since last: 1000112469 ns, Reaching safepoint: 58501 ns, At safepoint: 11601 ns, Total: 70102 ns
[535.167s][info ][safepoint      ] Safepoint "Cleanup", Time since last: 1000080668 ns, Reaching safepoint: 39301 ns, At safepoint: 3200 ns, Total: 42501 ns
[537.000s][info ][safepoint      ] Safepoint "Cleanup", Time since last: 1833013800 ns, Reaching safepoint: 71301 ns, At safepoint: 13101 ns, Total: 84402 ns
[540.001s][info ][safepoint      ] Safepoint "Cleanup", Time since last: 3000418308 ns, Reaching safepoint: 58902 ns, At safepoint: 6000 ns, Total: 64902 ns
[541.584s][info ][safepoint      ] Safepoint "Cleanup", Time since last: 1582796703 ns, Reaching safepoint: 60201 ns, At safepoint: 9300 ns, Total: 69501 ns
[542.584s][info ][safepoint      ] Safepoint "Cleanup", Time since last: 1000101469 ns, Reaching safepoint: 70801 ns, At safepoint: 8300 ns, Total: 79101 ns
[543.584s][info ][safepoint      ] Safepoint "Cleanup", Time since last: 1000112369 ns, Reaching safepoint: 56801 ns, At safepoint: 9300 ns, Total: 66101 ns
[544.584s][info ][safepoint      ] Safepoint "Cleanup", Time since last: 1000103868 ns, Reaching safepoint: 54801 ns, At safepoint: 7601 ns, Total: 62402 ns
[545.584s][info ][safepoint      ] Safepoint "Cleanup", Time since last: 1000109368 ns, Reaching safepoint: 77902 ns, At safepoint: 7400 ns, Total: 85302 ns
[546.584s][info ][safepoint      ] Safepoint "Cleanup", Time since last: 1000116968 ns, Reaching safepoint: 60701 ns, At safepoint: 10101 ns, Total: 70802 ns
[547.585s][info ][safepoint      ] Safepoint "Cleanup", Time since last: 1000322272 ns, Reaching safepoint: 67201 ns, At safepoint: 8500 ns, Total: 75701 ns
[551.585s][info ][safepoint      ] Safepoint "Cleanup", Time since last: 4000301769 ns, Reaching safepoint: 50701 ns, At safepoint: 6201 ns, Total: 56902 ns
[552.585s][info ][safepoint      ] Safepoint "Cleanup", Time since last: 1000097567 ns, Reaching safepoint: 50601 ns, At safepoint: 3700 ns, Total: 54301 ns
[555.586s][info ][safepoint      ] Safepoint "Cleanup", Time since last: 3000251401 ns, Reaching safepoint: 56701 ns, At safepoint: 3900 ns, Total: 60601 ns
[556.586s][info ][safepoint      ] Safepoint "Cleanup", Time since last: 1000136368 ns, Reaching safepoint: 51101 ns, At safepoint: 10800 ns, Total: 61901 ns
[557.586s][info ][safepoint      ] Safepoint "Cleanup", Time since last: 1000098567 ns, Reaching safepoint: 47501 ns, At safepoint: 4300 ns, Total: 51801 ns
[559.586s][info ][safepoint      ] Safepoint "Cleanup", Time since last: 2000184934 ns, Reaching safepoint: 54501 ns, At safepoint: 4900 ns, Total: 59401 ns
[561.587s][info ][safepoint      ] Safepoint "Cleanup", Time since last: 2000174233 ns, Reaching safepoint: 55101 ns, At safepoint: 6200 ns, Total: 61301 ns
[565.587s][info ][safepoint      ] Safepoint "Cleanup", Time since last: 4000295464 ns, Reaching safepoint: 64101 ns, At safepoint: 10600 ns, Total: 74701 ns
[572.847s][info ][gc,start       ] GC(121) Pause Young (Allocation Failure)
[572.864s][debug][gc,phases      ] GC(121) Scavenge 17.056ms
[572.864s][debug][gc,ref         ] GC(121) Skipped phase 1 of Reference Processing: no references
[572.864s][debug][gc,ref         ] GC(121) ReferenceProcessor::execute queues: 1, RefProcThreadModel::Single, marks_oops_alive: false
[572.864s][debug][gc,ref         ] GC(121) Skipped phase 3 of Reference Processing: no references
[572.864s][debug][gc,ref         ] GC(121) ReferenceProcessor::execute queues: 1, RefProcThreadModel::Single, marks_oops_alive: false
[572.864s][debug][gc,phases      ] GC(121) Reference Processing 0.162ms
[572.865s][debug][gc,phases      ] GC(121)   VM Weak                        Min:  0.0, Avg:  0.0, Max:  0.0, Diff:  0.0, Sum:  0.0, Workers: 4
[572.865s][debug][gc,phases      ] GC(121)     Dead                           Min: 0, Avg:  0.0, Max: 0, Diff: 0, Sum: 0, Workers: 4
[572.865s][debug][gc,phases      ] GC(121)     Total                          Min: 0, Avg: 171.8, Max: 431, Diff: 431, Sum: 687, Workers: 4
[572.865s][debug][gc,phases      ] GC(121)   ObjectSynchronizer Weak        Min:  0.0, Avg:  0.0, Max:  0.0, Diff:  0.0, Sum:  0.0, Workers: 4
[572.865s][debug][gc,phases      ] GC(121)     Dead                           Min: 0, Avg:  0.0, Max: 0, Diff: 0, Sum: 0, Workers: 4
[572.865s][debug][gc,phases      ] GC(121)     Total                          Min: 0, Avg: 94.5, Max: 192, Diff: 192, Sum: 378, Workers: 4
[572.865s][debug][gc,phases      ] GC(121)   JVMTI Tag Weak OopStorage      Min:  0.0, Avg:  0.0, Max:  0.0, Diff:  0.0, Sum:  0.0, Workers: 4
[572.865s][debug][gc,phases      ] GC(121)     Dead                           Min: 0, Avg:  0.0, Max: 0, Diff: 0, Sum: 0, Workers: 4
[572.865s][debug][gc,phases      ] GC(121)     Total                          Min: 0, Avg:  0.0, Max: 0, Diff: 0, Sum: 0, Workers: 4
[572.865s][debug][gc,phases      ] GC(121)   StringTable Weak               Min:  0.1, Avg:  0.1, Max:  0.1, Diff:  0.0, Sum:  0.5, Workers: 4
[572.865s][debug][gc,phases      ] GC(121)     Dead                           Min: 0, Avg:  0.5, Max: 2, Diff: 2, Sum: 2, Workers: 4
[572.865s][debug][gc,phases      ] GC(121)     Total                          Min: 11264, Avg: 12001.0, Max: 12480, Diff: 1216, Sum: 48004, Workers: 4
[572.865s][debug][gc,phases      ] GC(121)   ResolvedMethodTable Weak       Min:  0.0, Avg:  0.0, Max:  0.0, Diff:  0.0, Sum:  0.1, Workers: 4
[572.865s][debug][gc,phases      ] GC(121)     Dead                           Min: 0, Avg:  0.0, Max: 0, Diff: 0, Sum: 0, Workers: 4
[572.865s][debug][gc,phases      ] GC(121)     Total                          Min: 1807, Avg: 1998.8, Max: 2326, Diff: 519, Sum: 7995, Workers: 4
[572.865s][debug][gc,phases      ] GC(121)   JNI Weak                       Min:  0.0, Avg:  0.0, Max:  0.0, Diff:  0.0, Sum:  0.0, Workers: 4
[572.865s][debug][gc,phases      ] GC(121)     Dead                           Min: 0, Avg:  0.0, Max: 0, Diff: 0, Sum: 0, Workers: 4
[572.865s][debug][gc,phases      ] GC(121)     Total                          Min: 0, Avg:  0.0, Max: 0, Diff: 0, Sum: 0, Workers: 4
[572.865s][debug][gc,phases      ] GC(121)   StringDedup Table Weak         Min:  0.0, Avg:  0.0, Max:  0.0, Diff:  0.0, Sum:  0.0, Workers: 4
[572.865s][debug][gc,phases      ] GC(121)     Dead                           Min: 0, Avg:  0.0, Max: 0, Diff: 0, Sum: 0, Workers: 4
[572.865s][debug][gc,phases      ] GC(121)     Total                          Min: 0, Avg:  0.0, Max: 0, Diff: 0, Sum: 0, Workers: 4
[572.865s][debug][gc,phases      ] GC(121)   StringDedup Requests0 Weak     Min:  0.0, Avg:  0.0, Max:  0.0, Diff:  0.0, Sum:  0.0, Workers: 4
[572.865s][debug][gc,phases      ] GC(121)     Dead                           Min: 0, Avg:  0.0, Max: 0, Diff: 0, Sum: 0, Workers: 4
[572.865s][debug][gc,phases      ] GC(121)     Total                          Min: 0, Avg:  0.0, Max: 0, Diff: 0, Sum: 0, Workers: 4
[572.865s][debug][gc,phases      ] GC(121)   StringDedup Requests1 Weak     Min:  0.0, Avg:  0.0, Max:  0.0, Diff:  0.0, Sum:  0.0, Workers: 4
[572.865s][debug][gc,phases      ] GC(121)     Dead                           Min: 0, Avg:  0.0, Max: 0, Diff: 0, Sum: 0, Workers: 4
[572.865s][debug][gc,phases      ] GC(121)     Total                          Min: 0, Avg:  0.0, Max: 0, Diff: 0, Sum: 0, Workers: 4
[572.865s][debug][gc,phases      ] GC(121)   Weak JFR Old Object Samples    Min:  0.0, Avg:  0.0, Max:  0.0, Diff:  0.0, Sum:  0.0, Workers: 4
[572.865s][debug][gc,phases      ] GC(121)     Dead                           Min: 0, Avg:  0.0, Max: 0, Diff: 0, Sum: 0, Workers: 4
[572.865s][debug][gc,phases      ] GC(121)     Total                          Min: 0, Avg:  0.0, Max: 0, Diff: 0, Sum: 0, Workers: 4
[572.865s][debug][gc,phases      ] GC(121) Weak Processing 0.367ms
[572.865s][debug][gc,age         ] GC(121) Desired survivor size 74448896 bytes, new threshold 15 (max threshold 15)
[572.865s][info ][gc,heap        ] GC(121) PSYoungGen: 1996592K(2023936K)->43024K(2022400K) Eden: 1949184K(1949184K)->0K(1949184K) From: 47408K(74752K)->43024K(73216K)
[572.865s][info ][gc,heap        ] GC(121) ParOldGen: 516195K(595968K)->525619K(595968K)
[572.865s][info ][gc,metaspace   ] GC(121) Metaspace: 82858K(83776K)->82858K(83776K) NonClass: 71251K(71744K)->71251K(71744K) Class: 11607K(12032K)->11607K(12032K)
[572.865s][info ][gc             ] GC(121) Pause Young (Allocation Failure) 2453M->555M(2557M) 17.739ms
[572.865s][info ][gc,cpu         ] GC(121) User=0.07s Sys=0.00s Real=0.01s
[572.865s][info ][safepoint      ] Safepoint "ParallelGCFailedAllocation", Time since last: 7259973238 ns, Reaching safepoint: 107602 ns, At safepoint: 17826256 ns, Total: 17933858 ns
[573.865s][info ][safepoint      ] Safepoint "Cleanup", Time since last: 1000034364 ns, Reaching safepoint: 63702 ns, At safepoint: 7500 ns, Total: 71202 ns
[575.866s][info ][safepoint      ] Safepoint "Cleanup", Time since last: 2000621739 ns, Reaching safepoint: 43201 ns, At safepoint: 3800 ns, Total: 47001 ns
[578.866s][info ][safepoint      ] Safepoint "Cleanup", Time since last: 3000234294 ns, Reaching safepoint: 45301 ns, At safepoint: 8201 ns, Total: 53502 ns
[580.866s][info ][safepoint      ] Safepoint "Cleanup", Time since last: 2000102828 ns, Reaching safepoint: 51101 ns, At safepoint: 6400 ns, Total: 57501 ns
[582.866s][info ][safepoint      ] Safepoint "Cleanup", Time since last: 2000169929 ns, Reaching safepoint: 47901 ns, At safepoint: 6400 ns, Total: 54301 ns
[585.867s][info ][safepoint      ] Safepoint "Cleanup", Time since last: 3000230292 ns, Reaching safepoint: 105402 ns, At safepoint: 27201 ns, Total: 132603 ns
[586.867s][info ][safepoint      ] Safepoint "Cleanup", Time since last: 1000100064 ns, Reaching safepoint: 42501 ns, At safepoint: 6700 ns, Total: 49201 ns
[589.867s][info ][safepoint      ] Safepoint "Cleanup", Time since last: 3000217692 ns, Reaching safepoint: 58001 ns, At safepoint: 7300 ns, Total: 65301 ns
[592.867s][info ][safepoint      ] Safepoint "Cleanup", Time since last: 3000259591 ns, Reaching safepoint: 48301 ns, At safepoint: 9300 ns, Total: 57601 ns
[593.868s][info ][safepoint      ] Safepoint "Cleanup", Time since last: 1000124765 ns, Reaching safepoint: 51901 ns, At safepoint: 8900 ns, Total: 60801 ns
[595.868s][info ][safepoint      ] Safepoint "Cleanup", Time since last: 2000275729 ns, Reaching safepoint: 48401 ns, At safepoint: 10200 ns, Total: 58601 ns
[596.868s][info ][safepoint      ] Safepoint "Cleanup", Time since last: 1000118964 ns, Reaching safepoint: 47401 ns, At safepoint: 3000 ns, Total: 50401 ns
[599.868s][info ][safepoint      ] Safepoint "Cleanup", Time since last: 3000203188 ns, Reaching safepoint: 55601 ns, At safepoint: 3900 ns, Total: 59501 ns
[600.868s][info ][safepoint      ] Safepoint "Cleanup", Time since last: 1000071063 ns, Reaching safepoint: 48601 ns, At safepoint: 9300 ns, Total: 57901 ns
[601.869s][info ][safepoint      ] Safepoint "Cleanup", Time since last: 1000106363 ns, Reaching safepoint: 49401 ns, At safepoint: 8801 ns, Total: 58202 ns
[604.869s][info ][safepoint      ] Safepoint "Cleanup", Time since last: 3000237887 ns, Reaching safepoint: 53301 ns, At safepoint: 4400 ns, Total: 57701 ns
[606.869s][info ][safepoint      ] Safepoint "Cleanup", Time since last: 2000185526 ns, Reaching safepoint: 43601 ns, At safepoint: 4500 ns, Total: 48101 ns
[607.869s][info ][safepoint      ] Safepoint "Cleanup", Time since last: 1000108962 ns, Reaching safepoint: 48101 ns, At safepoint: 4301 ns, Total: 52402 ns
[608.869s][info ][safepoint      ] Safepoint "Cleanup", Time since last: 1000112162 ns, Reaching safepoint: 55101 ns, At safepoint: 14701 ns, Total: 69802 ns
[609.870s][info ][safepoint      ] Safepoint "Cleanup", Time since last: 1000111962 ns, Reaching safepoint: 52802 ns, At safepoint: 6500 ns, Total: 59302 ns
[612.870s][info ][safepoint      ] Safepoint "Cleanup", Time since last: 3000248786 ns, Reaching safepoint: 56501 ns, At safepoint: 16000 ns, Total: 72501 ns
[613.870s][info ][safepoint      ] Safepoint "Cleanup", Time since last: 1000109862 ns, Reaching safepoint: 51601 ns, At safepoint: 9501 ns, Total: 61102 ns
[615.870s][info ][safepoint      ] Safepoint "Cleanup", Time since last: 2000181423 ns, Reaching safepoint: 50001 ns, At safepoint: 3200 ns, Total: 53201 ns
[616.871s][info ][safepoint      ] Safepoint "Cleanup", Time since last: 1000118763 ns, Reaching safepoint: 45701 ns, At safepoint: 5700 ns, Total: 51401 ns
[617.871s][info ][safepoint      ] Safepoint "Cleanup", Time since last: 1000129462 ns, Reaching safepoint: 51101 ns, At safepoint: 7700 ns, Total: 58801 ns
[618.871s][info ][safepoint      ] Safepoint "Cleanup", Time since last: 1000111062 ns, Reaching safepoint: 53301 ns, At safepoint: 8001 ns, Total: 61302 ns
[619.871s][info ][safepoint      ] Safepoint "Cleanup", Time since last: 1000107961 ns, Reaching safepoint: 60602 ns, At safepoint: 6600 ns, Total: 67202 ns
[620.871s][info ][safepoint      ] Safepoint "Cleanup", Time since last: 1000119062 ns, Reaching safepoint: 55401 ns, At safepoint: 7700 ns, Total: 63101 ns
[621.871s][info ][safepoint      ] Safepoint "Cleanup", Time since last: 1000121262 ns, Reaching safepoint: 56501 ns, At safepoint: 7500 ns, Total: 64001 ns
[625.872s][info ][safepoint      ] Safepoint "Cleanup", Time since last: 4000287143 ns, Reaching safepoint: 44001 ns, At safepoint: 4500 ns, Total: 48501 ns
[626.872s][info ][safepoint      ] Safepoint "Cleanup", Time since last: 1000106461 ns, Reaching safepoint: 50601 ns, At safepoint: 3500 ns, Total: 54101 ns
[627.872s][info ][safepoint      ] Safepoint "Cleanup", Time since last: 1000131062 ns, Reaching safepoint: 58101 ns, At safepoint: 6200 ns, Total: 64301 ns
[628.872s][info ][safepoint      ] Safepoint "Cleanup", Time since last: 1000121162 ns, Reaching safepoint: 58101 ns, At safepoint: 3900 ns, Total: 62001 ns
[629.873s][info ][safepoint      ] Safepoint "Cleanup", Time since last: 1000116561 ns, Reaching safepoint: 49901 ns, At safepoint: 8200 ns, Total: 58101 ns
[632.873s][info ][safepoint      ] Safepoint "Cleanup", Time since last: 3000239481 ns, Reaching safepoint: 58101 ns, At safepoint: 11601 ns, Total: 69702 ns
[634.210s][info ][safepoint      ] Safepoint "Cleanup", Time since last: 1336796980 ns, Reaching safepoint: 101502 ns, At safepoint: 3100 ns, Total: 104602 ns
[637.506s][info ][gc,start       ] GC(122) Pause Young (Allocation Failure)
[637.522s][debug][gc,phases      ] GC(122) Scavenge 15.574ms
[637.522s][debug][gc,ref         ] GC(122) Skipped phase 1 of Reference Processing: no references
[637.522s][debug][gc,ref         ] GC(122) ReferenceProcessor::execute queues: 1, RefProcThreadModel::Single, marks_oops_alive: false
[637.522s][debug][gc,ref         ] GC(122) Skipped phase 3 of Reference Processing: no references
[637.522s][debug][gc,ref         ] GC(122) ReferenceProcessor::execute queues: 1, RefProcThreadModel::Single, marks_oops_alive: false
[637.522s][debug][gc,phases      ] GC(122) Reference Processing 0.146ms
[637.522s][debug][gc,phases      ] GC(122)   VM Weak                        Min:  0.0, Avg:  0.0, Max:  0.0, Diff:  0.0, Sum:  0.0, Workers: 4
[637.522s][debug][gc,phases      ] GC(122)     Dead                           Min: 0, Avg:  0.0, Max: 0, Diff: 0, Sum: 0, Workers: 4
[637.522s][debug][gc,phases      ] GC(122)     Total                          Min: 0, Avg: 171.8, Max: 512, Diff: 512, Sum: 687, Workers: 4
[637.522s][debug][gc,phases      ] GC(122)   ObjectSynchronizer Weak        Min:  0.0, Avg:  0.0, Max:  0.0, Diff:  0.0, Sum:  0.0, Workers: 4
[637.522s][debug][gc,phases      ] GC(122)     Dead                           Min: 0, Avg:  0.0, Max: 0, Diff: 0, Sum: 0, Workers: 4
[637.522s][debug][gc,phases      ] GC(122)     Total                          Min: 0, Avg: 94.5, Max: 192, Diff: 192, Sum: 378, Workers: 4
[637.522s][debug][gc,phases      ] GC(122)   JVMTI Tag Weak OopStorage      Min:  0.0, Avg:  0.0, Max:  0.0, Diff:  0.0, Sum:  0.0, Workers: 4
[637.522s][debug][gc,phases      ] GC(122)     Dead                           Min: 0, Avg:  0.0, Max: 0, Diff: 0, Sum: 0, Workers: 4
[637.522s][debug][gc,phases      ] GC(122)     Total                          Min: 0, Avg:  0.0, Max: 0, Diff: 0, Sum: 0, Workers: 4
[637.522s][debug][gc,phases      ] GC(122)   StringTable Weak               Min:  0.1, Avg:  0.1, Max:  0.1, Diff:  0.0, Sum:  0.5, Workers: 4
[637.522s][debug][gc,phases      ] GC(122)     Dead                           Min: 0, Avg:  0.0, Max: 0, Diff: 0, Sum: 0, Workers: 4
[637.522s][debug][gc,phases      ] GC(122)     Total                          Min: 11180, Avg: 12011.0, Max: 13440, Diff: 2260, Sum: 48044, Workers: 4
[637.522s][debug][gc,phases      ] GC(122)   ResolvedMethodTable Weak       Min:  0.0, Avg:  0.0, Max:  0.0, Diff:  0.0, Sum:  0.1, Workers: 4
[637.522s][debug][gc,phases      ] GC(122)     Dead                           Min: 0, Avg:  4.2, Max: 17, Diff: 17, Sum: 17, Workers: 4
[637.522s][debug][gc,phases      ] GC(122)     Total                          Min: 1174, Avg: 2003.0, Max: 2561, Diff: 1387, Sum: 8012, Workers: 4
[637.522s][debug][gc,phases      ] GC(122)   JNI Weak                       Min:  0.0, Avg:  0.0, Max:  0.0, Diff:  0.0, Sum:  0.0, Workers: 4
[637.522s][debug][gc,phases      ] GC(122)     Dead                           Min: 0, Avg:  0.0, Max: 0, Diff: 0, Sum: 0, Workers: 4
[637.522s][debug][gc,phases      ] GC(122)     Total                          Min: 0, Avg:  0.0, Max: 0, Diff: 0, Sum: 0, Workers: 4
[637.522s][debug][gc,phases      ] GC(122)   StringDedup Table Weak         Min:  0.0, Avg:  0.0, Max:  0.0, Diff:  0.0, Sum:  0.0, Workers: 4
[637.522s][debug][gc,phases      ] GC(122)     Dead                           Min: 0, Avg:  0.0, Max: 0, Diff: 0, Sum: 0, Workers: 4
[637.522s][debug][gc,phases      ] GC(122)     Total                          Min: 0, Avg:  0.0, Max: 0, Diff: 0, Sum: 0, Workers: 4
[637.522s][debug][gc,phases      ] GC(122)   StringDedup Requests0 Weak     Min:  0.0, Avg:  0.0, Max:  0.0, Diff:  0.0, Sum:  0.0, Workers: 4
[637.522s][debug][gc,phases      ] GC(122)     Dead                           Min: 0, Avg:  0.0, Max: 0, Diff: 0, Sum: 0, Workers: 4
[637.522s][debug][gc,phases      ] GC(122)     Total                          Min: 0, Avg:  0.0, Max: 0, Diff: 0, Sum: 0, Workers: 4
[637.522s][debug][gc,phases      ] GC(122)   StringDedup Requests1 Weak     Min:  0.0, Avg:  0.0, Max:  0.0, Diff:  0.0, Sum:  0.0, Workers: 4
[637.522s][debug][gc,phases      ] GC(122)     Dead                           Min: 0, Avg:  0.0, Max: 0, Diff: 0, Sum: 0, Workers: 4
[637.522s][debug][gc,phases      ] GC(122)     Total                          Min: 0, Avg:  0.0, Max: 0, Diff: 0, Sum: 0, Workers: 4
[637.522s][debug][gc,phases      ] GC(122)   Weak JFR Old Object Samples    Min:  0.0, Avg:  0.0, Max:  0.0, Diff:  0.0, Sum:  0.0, Workers: 4
[637.522s][debug][gc,phases      ] GC(122)     Dead                           Min: 0, Avg:  0.0, Max: 0, Diff: 0, Sum: 0, Workers: 4
[637.522s][debug][gc,phases      ] GC(122)     Total                          Min: 0, Avg:  0.0, Max: 0, Diff: 0, Sum: 0, Workers: 4
[637.522s][debug][gc,phases      ] GC(122) Weak Processing 0.342ms
[637.522s][debug][gc,age         ] GC(122) Desired survivor size 72351744 bytes, new threshold 15 (max threshold 15)
[637.522s][info ][gc,heap        ] GC(122) PSYoungGen: 1992208K(2022400K)->51872K(2026496K) Eden: 1949184K(1949184K)->0K(1953792K) From: 43024K(73216K)->51872K(72704K)
[637.522s][info ][gc,heap        ] GC(122) ParOldGen: 525619K(595968K)->528819K(595968K)
[637.522s][info ][gc,metaspace   ] GC(122) Metaspace: 82897K(83776K)->82897K(83776K) NonClass: 71288K(71744K)->71288K(71744K) Class: 11609K(12032K)->11609K(12032K)
[637.522s][info ][gc             ] GC(122) Pause Young (Allocation Failure) 2458M->567M(2561M) 16.203ms
[637.522s][info ][gc,cpu         ] GC(122) User=0.06s Sys=0.00s Real=0.01s
[637.522s][info ][safepoint      ] Safepoint "ParallelGCFailedAllocation", Time since last: 3296342790 ns, Reaching safepoint: 36701 ns, At safepoint: 16291725 ns, Total: 16328426 ns
[640.523s][info ][safepoint      ] Safepoint "Cleanup", Time since last: 3000222078 ns, Reaching safepoint: 59702 ns, At safepoint: 10400 ns, Total: 70102 ns
[646.523s][info ][safepoint      ] Safepoint "Cleanup", Time since last: 6000417755 ns, Reaching safepoint: 48801 ns, At safepoint: 4800 ns, Total: 53601 ns
[650.524s][info ][safepoint      ] Safepoint "Cleanup", Time since last: 4000311636 ns, Reaching safepoint: 61701 ns, At safepoint: 9000 ns, Total: 70701 ns
[658.524s][info ][safepoint      ] Safepoint "Cleanup", Time since last: 8000591967 ns, Reaching safepoint: 53301 ns, At safepoint: 7300 ns, Total: 60601 ns
[662.525s][info ][safepoint      ] Safepoint "Cleanup", Time since last: 4000315333 ns, Reaching safepoint: 61001 ns, At safepoint: 7600 ns, Total: 68601 ns
[664.525s][info ][safepoint      ] Safepoint "Cleanup", Time since last: 2000181516 ns, Reaching safepoint: 50401 ns, At safepoint: 6300 ns, Total: 56701 ns
[666.525s][info ][safepoint      ] Safepoint "Cleanup", Time since last: 2000194016 ns, Reaching safepoint: 57801 ns, At safepoint: 9401 ns, Total: 67202 ns
[676.526s][info ][safepoint      ] Safepoint "Cleanup", Time since last: 10000707870 ns, Reaching safepoint: 60602 ns, At safepoint: 12800 ns, Total: 73402 ns
[682.526s][info ][safepoint      ] Safepoint "Cleanup", Time since last: 6000435639 ns, Reaching safepoint: 45101 ns, At safepoint: 3000 ns, Total: 48101 ns
[687.527s][info ][safepoint      ] Safepoint "Cleanup", Time since last: 5000387381 ns, Reaching safepoint: 65201 ns, At safepoint: 10501 ns, Total: 75702 ns
[688.527s][info ][safepoint      ] Safepoint "Cleanup", Time since last: 1000116856 ns, Reaching safepoint: 56402 ns, At safepoint: 10100 ns, Total: 66502 ns
[689.527s][info ][safepoint      ] Safepoint "Cleanup", Time since last: 1000109756 ns, Reaching safepoint: 57001 ns, At safepoint: 15701 ns, Total: 72702 ns
[693.528s][info ][safepoint      ] Safepoint "Cleanup", Time since last: 4000278022 ns, Reaching safepoint: 50101 ns, At safepoint: 9500 ns, Total: 59601 ns
[694.528s][info ][safepoint      ] Safepoint "Cleanup", Time since last: 1000112857 ns, Reaching safepoint: 49301 ns, At safepoint: 3500 ns, Total: 52801 ns
[695.528s][info ][safepoint      ] Safepoint "Cleanup", Time since last: 1000129056 ns, Reaching safepoint: 50901 ns, At safepoint: 4000 ns, Total: 54901 ns
[697.528s][info ][safepoint      ] Safepoint "Cleanup", Time since last: 2000209012 ns, Reaching safepoint: 49801 ns, At safepoint: 4300 ns, Total: 54101 ns
[701.528s][info ][safepoint      ] Safepoint "Cleanup", Time since last: 4000309921 ns, Reaching safepoint: 52801 ns, At safepoint: 10901 ns, Total: 63702 ns
[702.529s][info ][safepoint      ] Safepoint "Cleanup", Time since last: 1000101555 ns, Reaching safepoint: 56101 ns, At safepoint: 8800 ns, Total: 64901 ns
[704.529s][info ][safepoint      ] Safepoint "Cleanup", Time since last: 2000189311 ns, Reaching safepoint: 46801 ns, At safepoint: 7800 ns, Total: 54601 ns
[707.529s][info ][safepoint      ] Safepoint "Cleanup", Time since last: 3000244064 ns, Reaching safepoint: 57202 ns, At safepoint: 10000 ns, Total: 67202 ns
[714.530s][info ][safepoint      ] Safepoint "Cleanup", Time since last: 7000503080 ns, Reaching safepoint: 45101 ns, At safepoint: 3200 ns, Total: 48301 ns
[715.530s][info ][safepoint      ] Safepoint "Cleanup", Time since last: 1000119755 ns, Reaching safepoint: 56801 ns, At safepoint: 8700 ns, Total: 65501 ns
[719.530s][info ][safepoint      ] Safepoint "Cleanup", Time since last: 4000306016 ns, Reaching safepoint: 61601 ns, At safepoint: 5000 ns, Total: 66601 ns
[721.531s][info ][safepoint      ] Safepoint "Cleanup", Time since last: 2000187409 ns, Reaching safepoint: 51501 ns, At safepoint: 7600 ns, Total: 59101 ns
[722.531s][info ][safepoint      ] Safepoint "Cleanup", Time since last: 1000111154 ns, Reaching safepoint: 75202 ns, At safepoint: 9700 ns, Total: 84902 ns
[723.248s][info ][gc,start       ] GC(123) Pause Young (Allocation Failure)
[723.265s][debug][gc,phases      ] GC(123) Scavenge 17.055ms
[723.265s][debug][gc,ref         ] GC(123) Skipped phase 1 of Reference Processing: no references
[723.265s][debug][gc,ref         ] GC(123) ReferenceProcessor::execute queues: 1, RefProcThreadModel::Single, marks_oops_alive: false
[723.265s][debug][gc,ref         ] GC(123) Skipped phase 3 of Reference Processing: no references
[723.265s][debug][gc,ref         ] GC(123) ReferenceProcessor::execute queues: 1, RefProcThreadModel::Single, marks_oops_alive: false
[723.265s][debug][gc,phases      ] GC(123) Reference Processing 0.149ms
[723.266s][debug][gc,phases      ] GC(123)   VM Weak                        Min:  0.0, Avg:  0.0, Max:  0.0, Diff:  0.0, Sum:  0.0, Workers: 4
[723.266s][debug][gc,phases      ] GC(123)     Dead                           Min: 0, Avg:  0.0, Max: 0, Diff: 0, Sum: 0, Workers: 4
[723.266s][debug][gc,phases      ] GC(123)     Total                          Min: 0, Avg: 171.8, Max: 495, Diff: 495, Sum: 687, Workers: 4
[723.266s][debug][gc,phases      ] GC(123)   ObjectSynchronizer Weak        Min:  0.0, Avg:  0.0, Max:  0.0, Diff:  0.0, Sum:  0.0, Workers: 4
[723.266s][debug][gc,phases      ] GC(123)     Dead                           Min: 0, Avg:  0.0, Max: 0, Diff: 0, Sum: 0, Workers: 4
[723.266s][debug][gc,phases      ] GC(123)     Total                          Min: 0, Avg: 94.5, Max: 192, Diff: 192, Sum: 378, Workers: 4
[723.266s][debug][gc,phases      ] GC(123)   JVMTI Tag Weak OopStorage      Min:  0.0, Avg:  0.0, Max:  0.0, Diff:  0.0, Sum:  0.0, Workers: 4
[723.266s][debug][gc,phases      ] GC(123)     Dead                           Min: 0, Avg:  0.0, Max: 0, Diff: 0, Sum: 0, Workers: 4
[723.266s][debug][gc,phases      ] GC(123)     Total                          Min: 0, Avg:  0.0, Max: 0, Diff: 0, Sum: 0, Workers: 4
[723.266s][debug][gc,phases      ] GC(123)   StringTable Weak               Min:  0.1, Avg:  0.1, Max:  0.1, Diff:  0.0, Sum:  0.5, Workers: 4
[723.266s][debug][gc,phases      ] GC(123)     Dead                           Min: 0, Avg:  0.0, Max: 0, Diff: 0, Sum: 0, Workers: 4
[723.266s][debug][gc,phases      ] GC(123)     Total                          Min: 11648, Avg: 12011.8, Max: 12463, Diff: 815, Sum: 48047, Workers: 4
[723.266s][debug][gc,phases      ] GC(123)   ResolvedMethodTable Weak       Min:  0.0, Avg:  0.0, Max:  0.0, Diff:  0.0, Sum:  0.1, Workers: 4
[723.266s][debug][gc,phases      ] GC(123)     Dead                           Min: 0, Avg:  0.0, Max: 0, Diff: 0, Sum: 0, Workers: 4
[723.266s][debug][gc,phases      ] GC(123)     Total                          Min: 1806, Avg: 2003.0, Max: 2326, Diff: 520, Sum: 8012, Workers: 4
[723.266s][debug][gc,phases      ] GC(123)   JNI Weak                       Min:  0.0, Avg:  0.0, Max:  0.0, Diff:  0.0, Sum:  0.0, Workers: 4
[723.266s][debug][gc,phases      ] GC(123)     Dead                           Min: 0, Avg:  0.0, Max: 0, Diff: 0, Sum: 0, Workers: 4
[723.266s][debug][gc,phases      ] GC(123)     Total                          Min: 0, Avg:  0.0, Max: 0, Diff: 0, Sum: 0, Workers: 4
[723.266s][debug][gc,phases      ] GC(123)   StringDedup Table Weak         Min:  0.0, Avg:  0.0, Max:  0.0, Diff:  0.0, Sum:  0.0, Workers: 4
[723.266s][debug][gc,phases      ] GC(123)     Dead                           Min: 0, Avg:  0.0, Max: 0, Diff: 0, Sum: 0, Workers: 4
[723.266s][debug][gc,phases      ] GC(123)     Total                          Min: 0, Avg:  0.0, Max: 0, Diff: 0, Sum: 0, Workers: 4
[723.266s][debug][gc,phases      ] GC(123)   StringDedup Requests0 Weak     Min:  0.0, Avg:  0.0, Max:  0.0, Diff:  0.0, Sum:  0.0, Workers: 4
[723.266s][debug][gc,phases      ] GC(123)     Dead                           Min: 0, Avg:  0.0, Max: 0, Diff: 0, Sum: 0, Workers: 4
[723.266s][debug][gc,phases      ] GC(123)     Total                          Min: 0, Avg:  0.0, Max: 0, Diff: 0, Sum: 0, Workers: 4
[723.266s][debug][gc,phases      ] GC(123)   StringDedup Requests1 Weak     Min:  0.0, Avg:  0.0, Max:  0.0, Diff:  0.0, Sum:  0.0, Workers: 4
[723.266s][debug][gc,phases      ] GC(123)     Dead                           Min: 0, Avg:  0.0, Max: 0, Diff: 0, Sum: 0, Workers: 4
[723.266s][debug][gc,phases      ] GC(123)     Total                          Min: 0, Avg:  0.0, Max: 0, Diff: 0, Sum: 0, Workers: 4
[723.266s][debug][gc,phases      ] GC(123)   Weak JFR Old Object Samples    Min:  0.0, Avg:  0.0, Max:  0.0, Diff:  0.0, Sum:  0.0, Workers: 4
[723.266s][debug][gc,phases      ] GC(123)     Dead                           Min: 0, Avg:  0.0, Max: 0, Diff: 0, Sum: 0, Workers: 4
[723.266s][debug][gc,phases      ] GC(123)     Total                          Min: 0, Avg:  0.0, Max: 0, Diff: 0, Sum: 0, Workers: 4
[723.266s][debug][gc,phases      ] GC(123) Weak Processing 0.373ms
[723.266s][debug][gc,age         ] GC(123) Desired survivor size 71303168 bytes, new threshold 15 (max threshold 15)
[723.266s][info ][gc,heap        ] GC(123) PSYoungGen: 2005664K(2026496K)->46512K(2024448K) Eden: 1953792K(1953792K)->0K(1953792K) From: 51872K(72704K)->46512K(70656K)
[723.266s][info ][gc,heap        ] GC(123) ParOldGen: 528819K(595968K)->534699K(595968K)
[723.266s][info ][gc,metaspace   ] GC(123) Metaspace: 82921K(83776K)->82921K(83776K) NonClass: 71312K(71744K)->71312K(71744K) Class: 11609K(12032K)->11609K(12032K)
[723.266s][info ][gc             ] GC(123) Pause Young (Allocation Failure) 2475M->567M(2559M) 17.724ms
[723.266s][info ][gc,cpu         ] GC(123) User=0.06s Sys=0.00s Real=0.02s
[723.266s][info ][safepoint      ] Safepoint "ParallelGCFailedAllocation", Time since last: 717247510 ns, Reaching safepoint: 46701 ns, At safepoint: 17801656 ns, Total: 17848357 ns
[726.266s][info ][safepoint      ] Safepoint "Cleanup", Time since last: 3000243460 ns, Reaching safepoint: 57101 ns, At safepoint: 13701 ns, Total: 70802 ns
[728.266s][info ][safepoint      ] Safepoint "Cleanup", Time since last: 2000179107 ns, Reaching safepoint: 46501 ns, At safepoint: 8900 ns, Total: 55401 ns
[729.267s][info ][safepoint      ] Safepoint "Cleanup", Time since last: 1000110454 ns, Reaching safepoint: 58001 ns, At safepoint: 2900 ns, Total: 60901 ns
[732.267s][info ][safepoint      ] Safepoint "Cleanup", Time since last: 3000249960 ns, Reaching safepoint: 45701 ns, At safepoint: 2800 ns, Total: 48501 ns
[736.267s][info ][safepoint      ] Safepoint "Cleanup", Time since last: 4000328712 ns, Reaching safepoint: 54101 ns, At safepoint: 9000 ns, Total: 63101 ns
[737.267s][info ][safepoint      ] Safepoint "Cleanup", Time since last: 1000114853 ns, Reaching safepoint: 57902 ns, At safepoint: 7300 ns, Total: 65202 ns
[738.268s][info ][safepoint      ] Safepoint "Cleanup", Time since last: 1000131553 ns, Reaching safepoint: 61702 ns, At safepoint: 3300 ns, Total: 65002 ns
[739.268s][info ][safepoint      ] Safepoint "Cleanup", Time since last: 1000110553 ns, Reaching safepoint: 98402 ns, At safepoint: 35101 ns, Total: 133503 ns
[740.268s][info ][safepoint      ] Safepoint "Cleanup", Time since last: 1000113953 ns, Reaching safepoint: 56801 ns, At safepoint: 8700 ns, Total: 65501 ns
[741.268s][info ][safepoint      ] Safepoint "Cleanup", Time since last: 1000109853 ns, Reaching safepoint: 82702 ns, At safepoint: 6900 ns, Total: 89602 ns
[742.268s][info ][safepoint      ] Safepoint "Cleanup", Time since last: 1000100753 ns, Reaching safepoint: 50901 ns, At safepoint: 4600 ns, Total: 55501 ns
[743.269s][info ][safepoint      ] Safepoint "Cleanup", Time since last: 1000101153 ns, Reaching safepoint: 56401 ns, At safepoint: 3000 ns, Total: 59401 ns
[744.269s][info ][safepoint      ] Safepoint "Cleanup", Time since last: 1000103653 ns, Reaching safepoint: 46501 ns, At safepoint: 3700 ns, Total: 50201 ns
[747.269s][info ][safepoint      ] Safepoint "Cleanup", Time since last: 3000236156 ns, Reaching safepoint: 49501 ns, At safepoint: 2900 ns, Total: 52401 ns
[749.269s][info ][safepoint      ] Safepoint "Cleanup", Time since last: 2000176605 ns, Reaching safepoint: 52001 ns, At safepoint: 3100 ns, Total: 55101 ns
[751.269s][info ][safepoint      ] Safepoint "Cleanup", Time since last: 2000147203 ns, Reaching safepoint: 51302 ns, At safepoint: 6700 ns, Total: 58002 ns
[752.270s][info ][safepoint      ] Safepoint "Cleanup", Time since last: 1000108252 ns, Reaching safepoint: 53401 ns, At safepoint: 7900 ns, Total: 61301 ns
[753.270s][info ][safepoint      ] Safepoint "Cleanup", Time since last: 1000107353 ns, Reaching safepoint: 47000 ns, At safepoint: 3101 ns, Total: 50101 ns
[755.270s][info ][safepoint      ] Safepoint "Cleanup", Time since last: 2000185803 ns, Reaching safepoint: 52601 ns, At safepoint: 4601 ns, Total: 57202 ns
[760.270s][info ][safepoint      ] Safepoint "Cleanup", Time since last: 5000380456 ns, Reaching safepoint: 59802 ns, At safepoint: 9400 ns, Total: 69202 ns
[762.271s][info ][safepoint      ] Safepoint "Cleanup", Time since last: 2000182003 ns, Reaching safepoint: 53301 ns, At safepoint: 10800 ns, Total: 64101 ns
[765.271s][info ][safepoint      ] Safepoint "Cleanup", Time since last: 3000250653 ns, Reaching safepoint: 55701 ns, At safepoint: 10901 ns, Total: 66602 ns
[774.272s][info ][safepoint      ] Safepoint "Cleanup", Time since last: 9000637754 ns, Reaching safepoint: 52702 ns, At safepoint: 6300 ns, Total: 59002 ns
[775.272s][info ][safepoint      ] Safepoint "Cleanup", Time since last: 1000112851 ns, Reaching safepoint: 52301 ns, At safepoint: 7700 ns, Total: 60001 ns
[777.272s][info ][safepoint      ] Safepoint "Cleanup", Time since last: 2000180601 ns, Reaching safepoint: 65301 ns, At safepoint: 11000 ns, Total: 76301 ns
[779.272s][info ][safepoint      ] Safepoint "Cleanup", Time since last: 2000180701 ns, Reaching safepoint: 54401 ns, At safepoint: 11601 ns, Total: 66002 ns
[780.273s][info ][safepoint      ] Safepoint "Cleanup", Time since last: 1000116950 ns, Reaching safepoint: 54102 ns, At safepoint: 3600 ns, Total: 57702 ns
[781.273s][info ][safepoint      ] Safepoint "Cleanup", Time since last: 1000113850 ns, Reaching safepoint: 54001 ns, At safepoint: 6301 ns, Total: 60302 ns
[785.273s][info ][safepoint      ] Safepoint "Cleanup", Time since last: 4000317999 ns, Reaching safepoint: 53501 ns, At safepoint: 3200 ns, Total: 56701 ns
[788.273s][info ][safepoint      ] Safepoint "Cleanup", Time since last: 3000209349 ns, Reaching safepoint: 55801 ns, At safepoint: 9300 ns, Total: 65101 ns
[803.275s][info ][safepoint      ] Safepoint "Cleanup", Time since last: 15001036235 ns, Reaching safepoint: 51201 ns, At safepoint: 8000 ns, Total: 59201 ns
[803.451s][info ][safepoint      ] Safepoint "ParallelGCFailedAllocation", Time since last: 176670124 ns, Reaching safepoint: 43501 ns, At safepoint: 14100 ns, Total: 57601 ns
[803.451s][info ][gc,start       ] GC(124) Pause Young (GCLocker Initiated GC)
[803.466s][debug][gc,phases      ] GC(124) Scavenge 14.133ms
[803.466s][debug][gc,ref         ] GC(124) Skipped phase 1 of Reference Processing: no references
[803.466s][debug][gc,ref         ] GC(124) ReferenceProcessor::execute queues: 1, RefProcThreadModel::Single, marks_oops_alive: false
[803.466s][debug][gc,ref         ] GC(124) Skipped phase 3 of Reference Processing: no references
[803.466s][debug][gc,ref         ] GC(124) ReferenceProcessor::execute queues: 1, RefProcThreadModel::Single, marks_oops_alive: false
[803.466s][debug][gc,phases      ] GC(124) Reference Processing 0.153ms
[803.466s][debug][gc,phases      ] GC(124)   VM Weak                        Min:  0.0, Avg:  0.0, Max:  0.0, Diff:  0.0, Sum:  0.0, Workers: 4
[803.466s][debug][gc,phases      ] GC(124)     Dead                           Min: 0, Avg:  0.0, Max: 0, Diff: 0, Sum: 0, Workers: 4
[803.466s][debug][gc,phases      ] GC(124)     Total                          Min: 0, Avg: 171.8, Max: 687, Diff: 687, Sum: 687, Workers: 4
[803.466s][debug][gc,phases      ] GC(124)   ObjectSynchronizer Weak        Min:  0.0, Avg:  0.0, Max:  0.0, Diff:  0.0, Sum:  0.0, Workers: 4
[803.466s][debug][gc,phases      ] GC(124)     Dead                           Min: 0, Avg:  0.0, Max: 0, Diff: 0, Sum: 0, Workers: 4
[803.466s][debug][gc,phases      ] GC(124)     Total                          Min: 0, Avg: 94.5, Max: 192, Diff: 192, Sum: 378, Workers: 4
[803.466s][debug][gc,phases      ] GC(124)   JVMTI Tag Weak OopStorage      Min:  0.0, Avg:  0.0, Max:  0.0, Diff:  0.0, Sum:  0.0, Workers: 4
[803.466s][debug][gc,phases      ] GC(124)     Dead                           Min: 0, Avg:  0.0, Max: 0, Diff: 0, Sum: 0, Workers: 4
[803.466s][debug][gc,phases      ] GC(124)     Total                          Min: 0, Avg:  0.0, Max: 0, Diff: 0, Sum: 0, Workers: 4
[803.466s][debug][gc,phases      ] GC(124)   StringTable Weak               Min:  0.1, Avg:  0.1, Max:  0.1, Diff:  0.0, Sum:  0.5, Workers: 4
[803.466s][debug][gc,phases      ] GC(124)     Dead                           Min: 0, Avg:  0.0, Max: 0, Diff: 0, Sum: 0, Workers: 4
[803.466s][debug][gc,phases      ] GC(124)     Total                          Min: 10304, Avg: 12011.8, Max: 13184, Diff: 2880, Sum: 48047, Workers: 4
[803.466s][debug][gc,phases      ] GC(124)   ResolvedMethodTable Weak       Min:  0.0, Avg:  0.0, Max:  0.0, Diff:  0.0, Sum:  0.1, Workers: 4
[803.466s][debug][gc,phases      ] GC(124)     Dead                           Min: 0, Avg:  0.0, Max: 0, Diff: 0, Sum: 0, Workers: 4
[803.466s][debug][gc,phases      ] GC(124)     Total                          Min: 1683, Avg: 2003.0, Max: 2204, Diff: 521, Sum: 8012, Workers: 4
[803.466s][debug][gc,phases      ] GC(124)   JNI Weak                       Min:  0.0, Avg:  0.0, Max:  0.0, Diff:  0.0, Sum:  0.0, Workers: 4
[803.466s][debug][gc,phases      ] GC(124)     Dead                           Min: 0, Avg:  0.0, Max: 0, Diff: 0, Sum: 0, Workers: 4
[803.466s][debug][gc,phases      ] GC(124)     Total                          Min: 0, Avg:  0.0, Max: 0, Diff: 0, Sum: 0, Workers: 4
[803.466s][debug][gc,phases      ] GC(124)   StringDedup Table Weak         Min:  0.0, Avg:  0.0, Max:  0.0, Diff:  0.0, Sum:  0.0, Workers: 4
[803.466s][debug][gc,phases      ] GC(124)     Dead                           Min: 0, Avg:  0.0, Max: 0, Diff: 0, Sum: 0, Workers: 4
[803.466s][debug][gc,phases      ] GC(124)     Total                          Min: 0, Avg:  0.0, Max: 0, Diff: 0, Sum: 0, Workers: 4
[803.466s][debug][gc,phases      ] GC(124)   StringDedup Requests0 Weak     Min:  0.0, Avg:  0.0, Max:  0.0, Diff:  0.0, Sum:  0.0, Workers: 4
[803.466s][debug][gc,phases      ] GC(124)     Dead                           Min: 0, Avg:  0.0, Max: 0, Diff: 0, Sum: 0, Workers: 4
[803.466s][debug][gc,phases      ] GC(124)     Total                          Min: 0, Avg:  0.0, Max: 0, Diff: 0, Sum: 0, Workers: 4
[803.466s][debug][gc,phases      ] GC(124)   StringDedup Requests1 Weak     Min:  0.0, Avg:  0.0, Max:  0.0, Diff:  0.0, Sum:  0.0, Workers: 4
[803.466s][debug][gc,phases      ] GC(124)     Dead                           Min: 0, Avg:  0.0, Max: 0, Diff: 0, Sum: 0, Workers: 4
[803.466s][debug][gc,phases      ] GC(124)     Total                          Min: 0, Avg:  0.0, Max: 0, Diff: 0, Sum: 0, Workers: 4
[803.466s][debug][gc,phases      ] GC(124)   Weak JFR Old Object Samples    Min:  0.0, Avg:  0.0, Max:  0.0, Diff:  0.0, Sum:  0.0, Workers: 4
[803.466s][debug][gc,phases      ] GC(124)     Dead                           Min: 0, Avg:  0.0, Max: 0, Diff: 0, Sum: 0, Workers: 4
[803.466s][debug][gc,phases      ] GC(124)     Total                          Min: 0, Avg:  0.0, Max: 0, Diff: 0, Sum: 0, Workers: 4
[803.466s][debug][gc,phases      ] GC(124) Weak Processing 0.334ms
[803.466s][debug][gc,age         ] GC(124) Desired survivor size 70778880 bytes, new threshold 15 (max threshold 15)
[803.466s][info ][gc,heap        ] GC(124) PSYoungGen: 2000304K(2024448K)->42928K(2028032K) Eden: 1953792K(1953792K)->0K(1958400K) From: 46512K(70656K)->42928K(69632K)
[803.466s][info ][gc,heap        ] GC(124) ParOldGen: 534715K(595968K)->540091K(595968K)
[803.466s][info ][gc,metaspace   ] GC(124) Metaspace: 82942K(83840K)->82942K(83840K) NonClass: 71333K(71808K)->71333K(71808K) Class: 11609K(12032K)->11609K(12032K)
[803.466s][info ][gc             ] GC(124) Pause Young (GCLocker Initiated GC) 2475M->569M(2562M) 14.732ms
[803.466s][info ][gc,cpu         ] GC(124) User=0.06s Sys=0.00s Real=0.02s
[803.466s][info ][safepoint      ] Safepoint "ParallelGCSystemGC", Time since last: 72301 ns, Reaching safepoint: 14401 ns, At safepoint: 14801495 ns, Total: 14815896 ns
[805.466s][info ][safepoint      ] Safepoint "Cleanup", Time since last: 2000160297 ns, Reaching safepoint: 54401 ns, At safepoint: 9301 ns, Total: 63702 ns
[807.467s][info ][safepoint      ] Safepoint "Cleanup", Time since last: 2000191297 ns, Reaching safepoint: 52601 ns, At safepoint: 5900 ns, Total: 58501 ns
[813.467s][info ][safepoint      ] Safepoint "Cleanup", Time since last: 6000409489 ns, Reaching safepoint: 57801 ns, At safepoint: 6600 ns, Total: 64401 ns
[821.468s][info ][safepoint      ] Safepoint "Cleanup", Time since last: 8000578783 ns, Reaching safepoint: 58901 ns, At safepoint: 7800 ns, Total: 66701 ns
[826.468s][info ][safepoint      ] Safepoint "Cleanup", Time since last: 5000391538 ns, Reaching safepoint: 54701 ns, At safepoint: 6800 ns, Total: 61501 ns
[828.468s][info ][safepoint      ] Safepoint "Cleanup", Time since last: 2000173795 ns, Reaching safepoint: 51601 ns, At safepoint: 3701 ns, Total: 55302 ns
[829.469s][info ][safepoint      ] Safepoint "Cleanup", Time since last: 1000112048 ns, Reaching safepoint: 37700 ns, At safepoint: 4300 ns, Total: 42000 ns
[833.469s][info ][safepoint      ] Safepoint "Cleanup", Time since last: 4000286488 ns, Reaching safepoint: 53402 ns, At safepoint: 12200 ns, Total: 65602 ns
[834.469s][info ][safepoint      ] Safepoint "Cleanup", Time since last: 1000111847 ns, Reaching safepoint: 48501 ns, At safepoint: 3101 ns, Total: 51602 ns
[835.469s][info ][safepoint      ] Safepoint "Cleanup", Time since last: 1000107147 ns, Reaching safepoint: 38101 ns, At safepoint: 8900 ns, Total: 47001 ns
[839.470s][info ][safepoint      ] Safepoint "Cleanup", Time since last: 4000318188 ns, Reaching safepoint: 50901 ns, At safepoint: 7700 ns, Total: 58601 ns
[841.470s][info ][safepoint      ] Safepoint "Cleanup", Time since last: 2000178393 ns, Reaching safepoint: 56102 ns, At safepoint: 3800 ns, Total: 59902 ns
[844.470s][info ][safepoint      ] Safepoint "Cleanup", Time since last: 3000204839 ns, Reaching safepoint: 53201 ns, At safepoint: 12000 ns, Total: 65201 ns
[845.470s][info ][safepoint      ] Safepoint "Cleanup", Time since last: 1000118047 ns, Reaching safepoint: 51801 ns, At safepoint: 3700 ns, Total: 55501 ns
[847.471s][info ][safepoint      ] Safepoint "Cleanup", Time since last: 2000188094 ns, Reaching safepoint: 45201 ns, At safepoint: 3900 ns, Total: 49101 ns
[850.471s][info ][safepoint      ] Safepoint "Cleanup", Time since last: 3000252939 ns, Reaching safepoint: 46401 ns, At safepoint: 4200 ns, Total: 50601 ns
[852.471s][info ][safepoint      ] Safepoint "Cleanup", Time since last: 2000177193 ns, Reaching safepoint: 54901 ns, At safepoint: 5400 ns, Total: 60301 ns
[865.472s][info ][safepoint      ] Safepoint "Cleanup", Time since last: 13000870091 ns, Reaching safepoint: 66202 ns, At safepoint: 7500 ns, Total: 73702 ns
[866.472s][info ][safepoint      ] Safepoint "Cleanup", Time since last: 1000128846 ns, Reaching safepoint: 52701 ns, At safepoint: 3000 ns, Total: 55701 ns
[867.472s][info ][safepoint      ] Safepoint "Cleanup", Time since last: 1000123747 ns, Reaching safepoint: 65501 ns, At safepoint: 8000 ns, Total: 73501 ns
[868.473s][info ][safepoint      ] Safepoint "Cleanup", Time since last: 1000137146 ns, Reaching safepoint: 45601 ns, At safepoint: 4300 ns, Total: 49901 ns
[873.473s][info ][safepoint      ] Safepoint "Cleanup", Time since last: 5000407826 ns, Reaching safepoint: 50401 ns, At safepoint: 7701 ns, Total: 58102 ns
[875.473s][info ][safepoint      ] Safepoint "Cleanup", Time since last: 2000171590 ns, Reaching safepoint: 49201 ns, At safepoint: 2700 ns, Total: 51901 ns
[878.457s][info ][safepoint      ] Safepoint "Cleanup", Time since last: 2983970710 ns, Reaching safepoint: 83702 ns, At safepoint: 7700 ns, Total: 91402 ns
[879.457s][info ][safepoint      ] Safepoint "Cleanup", Time since last: 1000106445 ns, Reaching safepoint: 46301 ns, At safepoint: 4200 ns, Total: 50501 ns
[883.458s][info ][safepoint      ] Safepoint "Cleanup", Time since last: 4000278078 ns, Reaching safepoint: 60501 ns, At safepoint: 6400 ns, Total: 66901 ns
[884.458s][info ][safepoint      ] Safepoint "Cleanup", Time since last: 1000103345 ns, Reaching safepoint: 47301 ns, At safepoint: 8400 ns, Total: 55701 ns
[887.349s][info ][safepoint      ] Safepoint "Cleanup", Time since last: 2891044456 ns, Reaching safepoint: 116802 ns, At safepoint: 12101 ns, Total: 128903 ns
[888.952s][info ][safepoint      ] Safepoint "Cleanup", Time since last: 1602778163 ns, Reaching safepoint: 78402 ns, At safepoint: 6000 ns, Total: 84402 ns
[889.952s][info ][safepoint      ] Safepoint "Cleanup", Time since last: 1000107045 ns, Reaching safepoint: 53301 ns, At safepoint: 8600 ns, Total: 61901 ns
[890.952s][info ][safepoint      ] Safepoint "Cleanup", Time since last: 1000105945 ns, Reaching safepoint: 55201 ns, At safepoint: 7800 ns, Total: 63001 ns
[891.045s][info ][gc,start       ] GC(125) Pause Young (Allocation Failure)
[891.058s][debug][gc,phases      ] GC(125) Scavenge 12.570ms
[891.058s][debug][gc,ref         ] GC(125) Skipped phase 1 of Reference Processing: no references
[891.058s][debug][gc,ref         ] GC(125) ReferenceProcessor::execute queues: 1, RefProcThreadModel::Single, marks_oops_alive: false
[891.058s][debug][gc,ref         ] GC(125) Skipped phase 3 of Reference Processing: no references
[891.058s][debug][gc,ref         ] GC(125) ReferenceProcessor::execute queues: 1, RefProcThreadModel::Single, marks_oops_alive: false
[891.058s][debug][gc,phases      ] GC(125) Reference Processing 0.157ms
[891.058s][debug][gc,phases      ] GC(125)   VM Weak                        Min:  0.0, Avg:  0.0, Max:  0.0, Diff:  0.0, Sum:  0.0, Workers: 4
[891.058s][debug][gc,phases      ] GC(125)     Dead                           Min: 0, Avg:  0.0, Max: 0, Diff: 0, Sum: 0, Workers: 4
[891.058s][debug][gc,phases      ] GC(125)     Total                          Min: 0, Avg: 173.8, Max: 567, Diff: 567, Sum: 695, Workers: 4
[891.058s][debug][gc,phases      ] GC(125)   ObjectSynchronizer Weak        Min:  0.0, Avg:  0.0, Max:  0.0, Diff:  0.0, Sum:  0.0, Workers: 4
[891.058s][debug][gc,phases      ] GC(125)     Dead                           Min: 0, Avg:  0.0, Max: 0, Diff: 0, Sum: 0, Workers: 4
[891.058s][debug][gc,phases      ] GC(125)     Total                          Min: 0, Avg: 94.5, Max: 192, Diff: 192, Sum: 378, Workers: 4
[891.058s][debug][gc,phases      ] GC(125)   JVMTI Tag Weak OopStorage      Min:  0.0, Avg:  0.0, Max:  0.0, Diff:  0.0, Sum:  0.0, Workers: 4
[891.058s][debug][gc,phases      ] GC(125)     Dead                           Min: 0, Avg:  0.0, Max: 0, Diff: 0, Sum: 0, Workers: 4
[891.058s][debug][gc,phases      ] GC(125)     Total                          Min: 0, Avg:  0.0, Max: 0, Diff: 0, Sum: 0, Workers: 4
[891.058s][debug][gc,phases      ] GC(125)   StringTable Weak               Min:  0.1, Avg:  0.1, Max:  0.1, Diff:  0.0, Sum:  0.4, Workers: 4
[891.058s][debug][gc,phases      ] GC(125)     Dead                           Min: 0, Avg:  0.0, Max: 0, Diff: 0, Sum: 0, Workers: 4
[891.058s][debug][gc,phases      ] GC(125)     Total                          Min: 11200, Avg: 12017.0, Max: 13184, Diff: 1984, Sum: 48068, Workers: 4
[891.058s][debug][gc,phases      ] GC(125)   ResolvedMethodTable Weak       Min:  0.0, Avg:  0.0, Max:  0.0, Diff:  0.0, Sum:  0.1, Workers: 4
[891.058s][debug][gc,phases      ] GC(125)     Dead                           Min: 0, Avg:  0.0, Max: 0, Diff: 0, Sum: 0, Workers: 4
[891.058s][debug][gc,phases      ] GC(125)     Total                          Min: 1878, Avg: 2011.8, Max: 2260, Diff: 382, Sum: 8047, Workers: 4
[891.058s][debug][gc,phases      ] GC(125)   JNI Weak                       Min:  0.0, Avg:  0.0, Max:  0.0, Diff:  0.0, Sum:  0.0, Workers: 4
[891.058s][debug][gc,phases      ] GC(125)     Dead                           Min: 0, Avg:  0.0, Max: 0, Diff: 0, Sum: 0, Workers: 4
[891.058s][debug][gc,phases      ] GC(125)     Total                          Min: 0, Avg:  0.0, Max: 0, Diff: 0, Sum: 0, Workers: 4
[891.058s][debug][gc,phases      ] GC(125)   StringDedup Table Weak         Min:  0.0, Avg:  0.0, Max:  0.0, Diff:  0.0, Sum:  0.0, Workers: 4
[891.058s][debug][gc,phases      ] GC(125)     Dead                           Min: 0, Avg:  0.0, Max: 0, Diff: 0, Sum: 0, Workers: 4
[891.058s][debug][gc,phases      ] GC(125)     Total                          Min: 0, Avg:  0.0, Max: 0, Diff: 0, Sum: 0, Workers: 4
[891.058s][debug][gc,phases      ] GC(125)   StringDedup Requests0 Weak     Min:  0.0, Avg:  0.0, Max:  0.0, Diff:  0.0, Sum:  0.0, Workers: 4
[891.058s][debug][gc,phases      ] GC(125)     Dead                           Min: 0, Avg:  0.0, Max: 0, Diff: 0, Sum: 0, Workers: 4
[891.058s][debug][gc,phases      ] GC(125)     Total                          Min: 0, Avg:  0.0, Max: 0, Diff: 0, Sum: 0, Workers: 4
[891.058s][debug][gc,phases      ] GC(125)   StringDedup Requests1 Weak     Min:  0.0, Avg:  0.0, Max:  0.0, Diff:  0.0, Sum:  0.0, Workers: 4
[891.058s][debug][gc,phases      ] GC(125)     Dead                           Min: 0, Avg:  0.0, Max: 0, Diff: 0, Sum: 0, Workers: 4
[891.058s][debug][gc,phases      ] GC(125)     Total                          Min: 0, Avg:  0.0, Max: 0, Diff: 0, Sum: 0, Workers: 4
[891.058s][debug][gc,phases      ] GC(125)   Weak JFR Old Object Samples    Min:  0.0, Avg:  0.0, Max:  0.0, Diff:  0.0, Sum:  0.0, Workers: 4
[891.058s][debug][gc,phases      ] GC(125)     Dead                           Min: 0, Avg:  0.0, Max: 0, Diff: 0, Sum: 0, Workers: 4
[891.058s][debug][gc,phases      ] GC(125)     Total                          Min: 0, Avg:  0.0, Max: 0, Diff: 0, Sum: 0, Workers: 4
[891.058s][debug][gc,phases      ] GC(125) Weak Processing 0.342ms
[891.058s][debug][gc,age         ] GC(125) Desired survivor size 70254592 bytes, new threshold 15 (max threshold 15)
[891.058s][info ][gc,heap        ] GC(125) PSYoungGen: 2001328K(2028032K)->41296K(2027520K) Eden: 1958400K(1958400K)->0K(1958400K) From: 42928K(69632K)->41296K(69120K)
[891.058s][info ][gc,heap        ] GC(125) ParOldGen: 540093K(595968K)->541057K(595968K)
[891.058s][info ][gc,metaspace   ] GC(125) Metaspace: 83026K(83904K)->83026K(83904K) NonClass: 71403K(71872K)->71403K(71872K) Class: 11622K(12032K)->11622K(12032K)
[891.058s][info ][gc             ] GC(125) Pause Young (Allocation Failure) 2481M->568M(2562M) 13.208ms
[891.058s][info ][gc,cpu         ] GC(125) User=0.05s Sys=0.00s Real=0.01s
[891.058s][info ][safepoint      ] Safepoint "ParallelGCFailedAllocation", Time since last: 92494245 ns, Reaching safepoint: 119002 ns, At safepoint: 13290165 ns, Total: 13409167 ns
[892.058s][info ][safepoint      ] Safepoint "Cleanup", Time since last: 1000084944 ns, Reaching safepoint: 53401 ns, At safepoint: 7600 ns, Total: 61001 ns
[893.059s][info ][safepoint      ] Safepoint "Cleanup", Time since last: 1000101645 ns, Reaching safepoint: 60901 ns, At safepoint: 7100 ns, Total: 68001 ns
[894.059s][info ][safepoint      ] Safepoint "Cleanup", Time since last: 1000105845 ns, Reaching safepoint: 46301 ns, At safepoint: 12400 ns, Total: 58701 ns
[895.059s][info ][safepoint      ] Safepoint "Cleanup", Time since last: 1000108945 ns, Reaching safepoint: 75301 ns, At safepoint: 7200 ns, Total: 82501 ns
[896.059s][info ][safepoint      ] Safepoint "Cleanup", Time since last: 1000089245 ns, Reaching safepoint: 45400 ns, At safepoint: 2901 ns, Total: 48301 ns
[897.059s][info ][safepoint      ] Safepoint "Cleanup", Time since last: 1000103744 ns, Reaching safepoint: 70101 ns, At safepoint: 8900 ns, Total: 79001 ns
[898.060s][info ][safepoint      ] Safepoint "Cleanup", Time since last: 1000167846 ns, Reaching safepoint: 61501 ns, At safepoint: 11101 ns, Total: 72602 ns
[899.060s][info ][safepoint      ] Safepoint "Cleanup", Time since last: 1000107744 ns, Reaching safepoint: 56201 ns, At safepoint: 8100 ns, Total: 64301 ns
[900.060s][info ][safepoint      ] Safepoint "Cleanup", Time since last: 1000109645 ns, Reaching safepoint: 50801 ns, At safepoint: 8200 ns, Total: 59001 ns
[901.060s][info ][safepoint      ] Safepoint "Cleanup", Time since last: 1000115644 ns, Reaching safepoint: 51101 ns, At safepoint: 7600 ns, Total: 58701 ns
[902.060s][info ][safepoint      ] Safepoint "Cleanup", Time since last: 1000106945 ns, Reaching safepoint: 54201 ns, At safepoint: 6200 ns, Total: 60401 ns
[903.060s][info ][safepoint      ] Safepoint "Cleanup", Time since last: 1000109344 ns, Reaching safepoint: 45301 ns, At safepoint: 5800 ns, Total: 51101 ns
[904.061s][info ][safepoint      ] Safepoint "Cleanup", Time since last: 1000104344 ns, Reaching safepoint: 77902 ns, At safepoint: 19500 ns, Total: 97402 ns
[905.061s][info ][safepoint      ] Safepoint "Cleanup", Time since last: 1000110544 ns, Reaching safepoint: 59001 ns, At safepoint: 10701 ns, Total: 69702 ns
[906.061s][info ][safepoint      ] Safepoint "Cleanup", Time since last: 1000117344 ns, Reaching safepoint: 57701 ns, At safepoint: 6800 ns, Total: 64501 ns
[907.061s][info ][safepoint      ] Safepoint "Cleanup", Time since last: 1000106344 ns, Reaching safepoint: 49901 ns, At safepoint: 10500 ns, Total: 60401 ns
[908.061s][info ][safepoint      ] Safepoint "Cleanup", Time since last: 1000125245 ns, Reaching safepoint: 45501 ns, At safepoint: 5000 ns, Total: 50501 ns
[909.061s][info ][safepoint      ] Safepoint "Cleanup", Time since last: 1000101844 ns, Reaching safepoint: 38600 ns, At safepoint: 2800 ns, Total: 41400 ns
[910.062s][info ][safepoint      ] Safepoint "Cleanup", Time since last: 1000106744 ns, Reaching safepoint: 51601 ns, At safepoint: 6700 ns, Total: 58301 ns
[911.062s][info ][safepoint      ] Safepoint "Cleanup", Time since last: 1000095444 ns, Reaching safepoint: 52601 ns, At safepoint: 8700 ns, Total: 61301 ns
[912.062s][info ][safepoint      ] Safepoint "Cleanup", Time since last: 1000109344 ns, Reaching safepoint: 49101 ns, At safepoint: 3200 ns, Total: 52301 ns
[915.062s][info ][safepoint      ] Safepoint "Cleanup", Time since last: 3000249930 ns, Reaching safepoint: 46101 ns, At safepoint: 2900 ns, Total: 49001 ns
[916.062s][info ][safepoint      ] Safepoint "Cleanup", Time since last: 1000112143 ns, Reaching safepoint: 53501 ns, At safepoint: 6501 ns, Total: 60002 ns
[917.063s][info ][safepoint      ] Safepoint "Cleanup", Time since last: 1000105343 ns, Reaching safepoint: 44501 ns, At safepoint: 3300 ns, Total: 47801 ns
[918.063s][info ][safepoint      ] Safepoint "Cleanup", Time since last: 1000110244 ns, Reaching safepoint: 52501 ns, At safepoint: 10800 ns, Total: 63301 ns
[919.063s][info ][safepoint      ] Safepoint "Cleanup", Time since last: 1000114843 ns, Reaching safepoint: 58902 ns, At safepoint: 8300 ns, Total: 67202 ns
[920.063s][info ][safepoint      ] Safepoint "Cleanup", Time since last: 1000117943 ns, Reaching safepoint: 44101 ns, At safepoint: 3700 ns, Total: 47801 ns
[921.063s][info ][safepoint      ] Safepoint "Cleanup", Time since last: 1000074343 ns, Reaching safepoint: 120802 ns, At safepoint: 8801 ns, Total: 129603 ns
[922.063s][info ][safepoint      ] Safepoint "Cleanup", Time since last: 1000108243 ns, Reaching safepoint: 49201 ns, At safepoint: 3300 ns, Total: 52501 ns
[924.064s][info ][safepoint      ] Safepoint "Cleanup", Time since last: 2000074984 ns, Reaching safepoint: 46601 ns, At safepoint: 24500 ns, Total: 71101 ns
[925.064s][info ][safepoint      ] Safepoint "Cleanup", Time since last: 1000093443 ns, Reaching safepoint: 46001 ns, At safepoint: 3000 ns, Total: 49001 ns
[926.064s][info ][safepoint      ] Safepoint "Cleanup", Time since last: 1000072243 ns, Reaching safepoint: 50501 ns, At safepoint: 7100 ns, Total: 57601 ns
[927.064s][info ][safepoint      ] Safepoint "Cleanup", Time since last: 1000094243 ns, Reaching safepoint: 45000 ns, At safepoint: 3800 ns, Total: 48800 ns
[928.064s][info ][safepoint      ] Safepoint "Cleanup", Time since last: 1000116244 ns, Reaching safepoint: 36300 ns, At safepoint: 4101 ns, Total: 40401 ns
[929.064s][info ][safepoint      ] Safepoint "Cleanup", Time since last: 1000105743 ns, Reaching safepoint: 50901 ns, At safepoint: 12800 ns, Total: 63701 ns
[931.065s][info ][safepoint      ] Safepoint "Cleanup", Time since last: 2000171985 ns, Reaching safepoint: 44601 ns, At safepoint: 6800 ns, Total: 51401 ns
[932.065s][info ][safepoint      ] Safepoint "Cleanup", Time since last: 1000105743 ns, Reaching safepoint: 57301 ns, At safepoint: 5800 ns, Total: 63101 ns
[933.065s][info ][safepoint      ] Safepoint "Cleanup", Time since last: 1000102643 ns, Reaching safepoint: 72601 ns, At safepoint: 16400 ns, Total: 89001 ns
[934.065s][info ][safepoint      ] Safepoint "Cleanup", Time since last: 1000061142 ns, Reaching safepoint: 52101 ns, At safepoint: 3900 ns, Total: 56001 ns
[935.065s][info ][safepoint      ] Safepoint "Cleanup", Time since last: 1000119443 ns, Reaching safepoint: 44101 ns, At safepoint: 3300 ns, Total: 47401 ns
[937.065s][info ][safepoint      ] Safepoint "Cleanup", Time since last: 2000177485 ns, Reaching safepoint: 48901 ns, At safepoint: 9600 ns, Total: 58501 ns
[940.066s][info ][safepoint      ] Safepoint "Cleanup", Time since last: 3000242526 ns, Reaching safepoint: 40401 ns, At safepoint: 6700 ns, Total: 47101 ns
[941.066s][info ][safepoint      ] Safepoint "Cleanup", Time since last: 1000111243 ns, Reaching safepoint: 51001 ns, At safepoint: 3400 ns, Total: 54401 ns
[942.457s][info ][safepoint      ] Safepoint "Cleanup", Time since last: 1391180740 ns, Reaching safepoint: 69802 ns, At safepoint: 6400 ns, Total: 76202 ns
[944.457s][info ][safepoint      ] Safepoint "Cleanup", Time since last: 2000171584 ns, Reaching safepoint: 51001 ns, At safepoint: 7000 ns, Total: 58001 ns
[945.457s][info ][safepoint      ] Safepoint "Cleanup", Time since last: 1000109442 ns, Reaching safepoint: 55101 ns, At safepoint: 3000 ns, Total: 58101 ns
[949.458s][info ][safepoint      ] Safepoint "Cleanup", Time since last: 4000312767 ns, Reaching safepoint: 50501 ns, At safepoint: 7000 ns, Total: 57501 ns
[950.458s][info ][safepoint      ] Safepoint "Cleanup", Time since last: 1000107842 ns, Reaching safepoint: 50401 ns, At safepoint: 6200 ns, Total: 56601 ns
[951.458s][info ][safepoint      ] Safepoint "Cleanup", Time since last: 1000106842 ns, Reaching safepoint: 48201 ns, At safepoint: 3000 ns, Total: 51201 ns
[952.458s][info ][safepoint      ] Safepoint "Cleanup", Time since last: 1000119343 ns, Reaching safepoint: 50901 ns, At safepoint: 12000 ns, Total: 62901 ns
[954.459s][info ][safepoint      ] Safepoint "Cleanup", Time since last: 2000191183 ns, Reaching safepoint: 57601 ns, At safepoint: 8201 ns, Total: 65802 ns
[955.459s][info ][safepoint      ] Safepoint "Cleanup", Time since last: 1000121442 ns, Reaching safepoint: 49201 ns, At safepoint: 4300 ns, Total: 53501 ns
[957.459s][info ][safepoint      ] Safepoint "Cleanup", Time since last: 2000195283 ns, Reaching safepoint: 39501 ns, At safepoint: 3400 ns, Total: 42901 ns
[965.460s][info ][safepoint      ] Safepoint "Cleanup", Time since last: 8000557927 ns, Reaching safepoint: 44901 ns, At safepoint: 3000 ns, Total: 47901 ns
[967.460s][info ][safepoint      ] Safepoint "Cleanup", Time since last: 2000180782 ns, Reaching safepoint: 47001 ns, At safepoint: 3300 ns, Total: 50301 ns
[968.460s][info ][safepoint      ] Safepoint "Cleanup", Time since last: 1000116441 ns, Reaching safepoint: 48101 ns, At safepoint: 3100 ns, Total: 51201 ns
[973.371s][info ][gc,start       ] GC(126) Pause Young (Allocation Failure)
[973.384s][debug][gc,phases      ] GC(126) Scavenge 12.225ms
[973.384s][debug][gc,ref         ] GC(126) Skipped phase 1 of Reference Processing: no references
[973.384s][debug][gc,ref         ] GC(126) ReferenceProcessor::execute queues: 1, RefProcThreadModel::Single, marks_oops_alive: false
[973.384s][debug][gc,ref         ] GC(126) Skipped phase 3 of Reference Processing: no references
[973.384s][debug][gc,ref         ] GC(126) ReferenceProcessor::execute queues: 1, RefProcThreadModel::Single, marks_oops_alive: false
[973.384s][debug][gc,phases      ] GC(126) Reference Processing 0.161ms
[973.384s][debug][gc,phases      ] GC(126)   VM Weak                        Min:  0.0, Avg:  0.0, Max:  0.0, Diff:  0.0, Sum:  0.0, Workers: 4
[973.384s][debug][gc,phases      ] GC(126)     Dead                           Min: 0, Avg:  0.0, Max: 0, Diff: 0, Sum: 0, Workers: 4
[973.384s][debug][gc,phases      ] GC(126)     Total                          Min: 0, Avg: 175.2, Max: 576, Diff: 576, Sum: 701, Workers: 4
[973.384s][debug][gc,phases      ] GC(126)   ObjectSynchronizer Weak        Min:  0.0, Avg:  0.0, Max:  0.0, Diff:  0.0, Sum:  0.0, Workers: 4
[973.384s][debug][gc,phases      ] GC(126)     Dead                           Min: 0, Avg:  0.0, Max: 0, Diff: 0, Sum: 0, Workers: 4
[973.384s][debug][gc,phases      ] GC(126)     Total                          Min: 0, Avg: 94.5, Max: 314, Diff: 314, Sum: 378, Workers: 4
[973.384s][debug][gc,phases      ] GC(126)   JVMTI Tag Weak OopStorage      Min:  0.0, Avg:  0.0, Max:  0.0, Diff:  0.0, Sum:  0.0, Workers: 4
[973.384s][debug][gc,phases      ] GC(126)     Dead                           Min: 0, Avg:  0.0, Max: 0, Diff: 0, Sum: 0, Workers: 4
[973.384s][debug][gc,phases      ] GC(126)     Total                          Min: 0, Avg:  0.0, Max: 0, Diff: 0, Sum: 0, Workers: 4
[973.384s][debug][gc,phases      ] GC(126)   StringTable Weak               Min:  0.1, Avg:  0.1, Max:  0.1, Diff:  0.0, Sum:  0.5, Workers: 4
[973.384s][debug][gc,phases      ] GC(126)     Dead                           Min: 0, Avg:  0.0, Max: 0, Diff: 0, Sum: 0, Workers: 4
[973.384s][debug][gc,phases      ] GC(126)     Total                          Min: 11621, Avg: 12025.2, Max: 12544, Diff: 923, Sum: 48101, Workers: 4
[973.384s][debug][gc,phases      ] GC(126)   ResolvedMethodTable Weak       Min:  0.0, Avg:  0.0, Max:  0.0, Diff:  0.0, Sum:  0.1, Workers: 4
[973.384s][debug][gc,phases      ] GC(126)     Dead                           Min: 0, Avg:  0.0, Max: 0, Diff: 0, Sum: 0, Workers: 4
[973.384s][debug][gc,phases      ] GC(126)     Total                          Min: 1697, Avg: 2020.5, Max: 2387, Diff: 690, Sum: 8082, Workers: 4
[973.384s][debug][gc,phases      ] GC(126)   JNI Weak                       Min:  0.0, Avg:  0.0, Max:  0.0, Diff:  0.0, Sum:  0.0, Workers: 4
[973.384s][debug][gc,phases      ] GC(126)     Dead                           Min: 0, Avg:  0.0, Max: 0, Diff: 0, Sum: 0, Workers: 4
[973.384s][debug][gc,phases      ] GC(126)     Total                          Min: 0, Avg:  0.0, Max: 0, Diff: 0, Sum: 0, Workers: 4
[973.384s][debug][gc,phases      ] GC(126)   StringDedup Table Weak         Min:  0.0, Avg:  0.0, Max:  0.0, Diff:  0.0, Sum:  0.0, Workers: 4
[973.384s][debug][gc,phases      ] GC(126)     Dead                           Min: 0, Avg:  0.0, Max: 0, Diff: 0, Sum: 0, Workers: 4
[973.384s][debug][gc,phases      ] GC(126)     Total                          Min: 0, Avg:  0.0, Max: 0, Diff: 0, Sum: 0, Workers: 4
[973.384s][debug][gc,phases      ] GC(126)   StringDedup Requests0 Weak     Min:  0.0, Avg:  0.0, Max:  0.0, Diff:  0.0, Sum:  0.0, Workers: 4
[973.384s][debug][gc,phases      ] GC(126)     Dead                           Min: 0, Avg:  0.0, Max: 0, Diff: 0, Sum: 0, Workers: 4
[973.384s][debug][gc,phases      ] GC(126)     Total                          Min: 0, Avg:  0.0, Max: 0, Diff: 0, Sum: 0, Workers: 4
[973.384s][debug][gc,phases      ] GC(126)   StringDedup Requests1 Weak     Min:  0.0, Avg:  0.0, Max:  0.0, Diff:  0.0, Sum:  0.0, Workers: 4
[973.384s][debug][gc,phases      ] GC(126)     Dead                           Min: 0, Avg:  0.0, Max: 0, Diff: 0, Sum: 0, Workers: 4
[973.384s][debug][gc,phases      ] GC(126)     Total                          Min: 0, Avg:  0.0, Max: 0, Diff: 0, Sum: 0, Workers: 4
[973.384s][debug][gc,phases      ] GC(126)   Weak JFR Old Object Samples    Min:  0.0, Avg:  0.0, Max:  0.0, Diff:  0.0, Sum:  0.0, Workers: 4
[973.384s][debug][gc,phases      ] GC(126)     Dead                           Min: 0, Avg:  0.0, Max: 0, Diff: 0, Sum: 0, Workers: 4
[973.384s][debug][gc,phases      ] GC(126)     Total                          Min: 0, Avg:  0.0, Max: 0, Diff: 0, Sum: 0, Workers: 4
[973.384s][debug][gc,phases      ] GC(126) Weak Processing 0.355ms
[973.384s][debug][gc,age         ] GC(126) Desired survivor size 69730304 bytes, new threshold 15 (max threshold 15)
[973.384s][info ][gc,heap        ] GC(126) PSYoungGen: 1999696K(2027520K)->39520K(2029056K) Eden: 1958400K(1958400K)->0K(1960448K) From: 41296K(69120K)->39520K(68608K)
[973.384s][info ][gc,heap        ] GC(126) ParOldGen: 541057K(595968K)->541681K(595968K)
[973.384s][info ][gc,metaspace   ] GC(126) Metaspace: 83189K(84032K)->83189K(84032K) NonClass: 71549K(72000K)->71549K(72000K) Class: 11640K(12032K)->11640K(12032K)
[973.384s][info ][gc             ] GC(126) Pause Young (Allocation Failure) 2481M->567M(2563M) 12.896ms
[973.384s][info ][gc,cpu         ] GC(126) User=0.05s Sys=0.00s Real=0.01s
[973.384s][info ][safepoint      ] Safepoint "ParallelGCFailedAllocation", Time since last: 4911234126 ns, Reaching safepoint: 55101 ns, At safepoint: 12986159 ns, Total: 13041260 ns
[974.384s][info ][safepoint      ] Safepoint "Cleanup", Time since last: 1000095241 ns, Reaching safepoint: 55301 ns, At safepoint: 10300 ns, Total: 65601 ns
[975.385s][info ][safepoint      ] Safepoint "Cleanup", Time since last: 1000060540 ns, Reaching safepoint: 50501 ns, At safepoint: 8400 ns, Total: 58901 ns
[976.385s][info ][safepoint      ] Safepoint "Cleanup", Time since last: 1000085741 ns, Reaching safepoint: 48601 ns, At safepoint: 6200 ns, Total: 54801 ns
[982.385s][info ][safepoint      ] Safepoint "Cleanup", Time since last: 6000436841 ns, Reaching safepoint: 48701 ns, At safepoint: 4200 ns, Total: 52901 ns
[989.386s][info ][safepoint      ] Safepoint "Cleanup", Time since last: 7000479779 ns, Reaching safepoint: 56201 ns, At safepoint: 10900 ns, Total: 67101 ns
[997.386s][info ][safepoint      ] Safepoint "Cleanup", Time since last: 8000518816 ns, Reaching safepoint: 48701 ns, At safepoint: 4900 ns, Total: 53601 ns
[1009.387s][info ][safepoint      ] Safepoint "Cleanup", Time since last: 12000798469 ns, Reaching safepoint: 52801 ns, At safepoint: 14701 ns, Total: 67502 ns
[1018.388s][info ][safepoint      ] Safepoint "Cleanup", Time since last: 9000646349 ns, Reaching safepoint: 53501 ns, At safepoint: 6500 ns, Total: 60001 ns
[1040.389s][info ][safepoint      ] Safepoint "Cleanup", Time since last: 22001366238 ns, Reaching safepoint: 55701 ns, At safepoint: 10300 ns, Total: 66001 ns
[1047.390s][info ][safepoint      ] Safepoint "Cleanup", Time since last: 7000498664 ns, Reaching safepoint: 45401 ns, At safepoint: 3500 ns, Total: 48901 ns
[1056.391s][info ][safepoint      ] Safepoint "Cleanup", Time since last: 9000622137 ns, Reaching safepoint: 62801 ns, At safepoint: 10400 ns, Total: 73201 ns
[1060.391s][info ][safepoint      ] Safepoint "Cleanup", Time since last: 4000331150 ns, Reaching safepoint: 52801 ns, At safepoint: 4600 ns, Total: 57401 ns
[1062.391s][info ][safepoint      ] Safepoint "Cleanup", Time since last: 2000162975 ns, Reaching safepoint: 55901 ns, At safepoint: 8500 ns, Total: 64401 ns
[1063.391s][info ][safepoint      ] Safepoint "Cleanup", Time since last: 1000095937 ns, Reaching safepoint: 50501 ns, At safepoint: 13301 ns, Total: 63802 ns
[1064.392s][info ][safepoint      ] Safepoint "Cleanup", Time since last: 1000112937 ns, Reaching safepoint: 58802 ns, At safepoint: 11800 ns, Total: 70602 ns
[1065.392s][info ][safepoint      ] Safepoint "Cleanup", Time since last: 1000109038 ns, Reaching safepoint: 46001 ns, At safepoint: 3400 ns, Total: 49401 ns
[1066.392s][info ][safepoint      ] Safepoint "Cleanup", Time since last: 1000097837 ns, Reaching safepoint: 53601 ns, At safepoint: 8600 ns, Total: 62201 ns
[1068.392s][info ][safepoint      ] Safepoint "Cleanup", Time since last: 2000177275 ns, Reaching safepoint: 47301 ns, At safepoint: 9300 ns, Total: 56601 ns
[1069.543s][info ][gc,start       ] GC(127) Pause Young (Allocation Failure)
[1069.555s][debug][gc,phases      ] GC(127) Scavenge 11.770ms
[1069.555s][debug][gc,ref         ] GC(127) Skipped phase 1 of Reference Processing: no references
[1069.555s][debug][gc,ref         ] GC(127) ReferenceProcessor::execute queues: 1, RefProcThreadModel::Single, marks_oops_alive: false
[1069.555s][debug][gc,ref         ] GC(127) Skipped phase 3 of Reference Processing: no references
[1069.555s][debug][gc,ref         ] GC(127) ReferenceProcessor::execute queues: 1, RefProcThreadModel::Single, marks_oops_alive: false
[1069.555s][debug][gc,phases      ] GC(127) Reference Processing 0.152ms
[1069.555s][debug][gc,phases      ] GC(127)   VM Weak                        Min:  0.0, Avg:  0.0, Max:  0.0, Diff:  0.0, Sum:  0.0, Workers: 4
[1069.555s][debug][gc,phases      ] GC(127)     Dead                           Min: 0, Avg:  0.0, Max: 0, Diff: 0, Sum: 0, Workers: 4
[1069.555s][debug][gc,phases      ] GC(127)     Total                          Min: 0, Avg: 175.2, Max: 384, Diff: 384, Sum: 701, Workers: 4
[1069.555s][debug][gc,phases      ] GC(127)   ObjectSynchronizer Weak        Min:  0.0, Avg:  0.0, Max:  0.0, Diff:  0.0, Sum:  0.0, Workers: 4
[1069.555s][debug][gc,phases      ] GC(127)     Dead                           Min: 0, Avg:  0.0, Max: 0, Diff: 0, Sum: 0, Workers: 4
[1069.555s][debug][gc,phases      ] GC(127)     Total                          Min: 0, Avg: 94.5, Max: 186, Diff: 186, Sum: 378, Workers: 4
[1069.555s][debug][gc,phases      ] GC(127)   JVMTI Tag Weak OopStorage      Min:  0.0, Avg:  0.0, Max:  0.0, Diff:  0.0, Sum:  0.0, Workers: 4
[1069.555s][debug][gc,phases      ] GC(127)     Dead                           Min: 0, Avg:  0.0, Max: 0, Diff: 0, Sum: 0, Workers: 4
[1069.555s][debug][gc,phases      ] GC(127)     Total                          Min: 0, Avg:  0.0, Max: 0, Diff: 0, Sum: 0, Workers: 4
[1069.555s][debug][gc,phases      ] GC(127)   StringTable Weak               Min:  0.1, Avg:  0.1, Max:  0.1, Diff:  0.0, Sum:  0.5, Workers: 4
[1069.555s][debug][gc,phases      ] GC(127)     Dead                           Min: 0, Avg:  0.0, Max: 0, Diff: 0, Sum: 0, Workers: 4
[1069.555s][debug][gc,phases      ] GC(127)     Total                          Min: 11200, Avg: 12026.0, Max: 12992, Diff: 1792, Sum: 48104, Workers: 4
[1069.555s][debug][gc,phases      ] GC(127)   ResolvedMethodTable Weak       Min:  0.0, Avg:  0.0, Max:  0.0, Diff:  0.0, Sum:  0.1, Workers: 4
[1069.555s][debug][gc,phases      ] GC(127)     Dead                           Min: 0, Avg:  0.0, Max: 0, Diff: 0, Sum: 0, Workers: 4
[1069.555s][debug][gc,phases      ] GC(127)     Total                          Min: 1829, Avg: 2021.0, Max: 2259, Diff: 430, Sum: 8084, Workers: 4
[1069.555s][debug][gc,phases      ] GC(127)   JNI Weak                       Min:  0.0, Avg:  0.0, Max:  0.0, Diff:  0.0, Sum:  0.0, Workers: 4
[1069.556s][debug][gc,phases      ] GC(127)     Dead                           Min: 0, Avg:  0.0, Max: 0, Diff: 0, Sum: 0, Workers: 4
[1069.556s][debug][gc,phases      ] GC(127)     Total                          Min: 0, Avg:  0.0, Max: 0, Diff: 0, Sum: 0, Workers: 4
[1069.556s][debug][gc,phases      ] GC(127)   StringDedup Table Weak         Min:  0.0, Avg:  0.0, Max:  0.0, Diff:  0.0, Sum:  0.0, Workers: 4
[1069.556s][debug][gc,phases      ] GC(127)     Dead                           Min: 0, Avg:  0.0, Max: 0, Diff: 0, Sum: 0, Workers: 4
[1069.556s][debug][gc,phases      ] GC(127)     Total                          Min: 0, Avg:  0.0, Max: 0, Diff: 0, Sum: 0, Workers: 4
[1069.556s][debug][gc,phases      ] GC(127)   StringDedup Requests0 Weak     Min:  0.0, Avg:  0.0, Max:  0.0, Diff:  0.0, Sum:  0.0, Workers: 4
[1069.556s][debug][gc,phases      ] GC(127)     Dead                           Min: 0, Avg:  0.0, Max: 0, Diff: 0, Sum: 0, Workers: 4
[1069.556s][debug][gc,phases      ] GC(127)     Total                          Min: 0, Avg:  0.0, Max: 0, Diff: 0, Sum: 0, Workers: 4
[1069.556s][debug][gc,phases      ] GC(127)   StringDedup Requests1 Weak     Min:  0.0, Avg:  0.0, Max:  0.0, Diff:  0.0, Sum:  0.0, Workers: 4
[1069.556s][debug][gc,phases      ] GC(127)     Dead                           Min: 0, Avg:  0.0, Max: 0, Diff: 0, Sum: 0, Workers: 4
[1069.556s][debug][gc,phases      ] GC(127)     Total                          Min: 0, Avg:  0.0, Max: 0, Diff: 0, Sum: 0, Workers: 4
[1069.556s][debug][gc,phases      ] GC(127)   Weak JFR Old Object Samples    Min:  0.0, Avg:  0.0, Max:  0.0, Diff:  0.0, Sum:  0.0, Workers: 4
[1069.556s][debug][gc,phases      ] GC(127)     Dead                           Min: 0, Avg:  0.0, Max: 0, Diff: 0, Sum: 0, Workers: 4
[1069.556s][debug][gc,phases      ] GC(127)     Total                          Min: 0, Avg:  0.0, Max: 0, Diff: 0, Sum: 0, Workers: 4
[1069.556s][debug][gc,phases      ] GC(127) Weak Processing 0.339ms
[1069.556s][debug][gc,age         ] GC(127) Desired survivor size 69730304 bytes, new threshold 15 (max threshold 15)
[1069.556s][info ][gc,heap        ] GC(127) PSYoungGen: 1999968K(2029056K)->38480K(2028544K) Eden: 1960448K(1960448K)->0K(1960448K) From: 39520K(68608K)->38480K(68096K)
[1069.556s][info ][gc,heap        ] GC(127) ParOldGen: 541681K(595968K)->542385K(595968K)
[1069.556s][info ][gc,metaspace   ] GC(127) Metaspace: 83227K(84096K)->83227K(84096K) NonClass: 71587K(72064K)->71587K(72064K) Class: 11640K(12032K)->11640K(12032K)
[1069.556s][info ][gc             ] GC(127) Pause Young (Allocation Failure) 2482M->567M(2563M) 12.400ms
[1069.556s][info ][gc,cpu         ] GC(127) User=0.05s Sys=0.00s Real=0.02s
[1069.556s][info ][safepoint      ] Safepoint "ParallelGCFailedAllocation", Time since last: 1151030046 ns, Reaching safepoint: 38801 ns, At safepoint: 12488049 ns, Total: 12526850 ns
[1073.556s][info ][safepoint      ] Safepoint "Cleanup", Time since last: 4000278547 ns, Reaching safepoint: 45001 ns, At safepoint: 3900 ns, Total: 48901 ns
[1076.556s][info ][safepoint      ] Safepoint "Cleanup", Time since last: 3000247711 ns, Reaching safepoint: 48801 ns, At safepoint: 8000 ns, Total: 56801 ns
[1086.557s][info ][safepoint      ] Safepoint "Cleanup", Time since last: 10000677363 ns, Reaching safepoint: 45901 ns, At safepoint: 3300 ns, Total: 49201 ns
[1089.557s][info ][safepoint      ] Safepoint "Cleanup", Time since last: 3000259310 ns, Reaching safepoint: 50101 ns, At safepoint: 6800 ns, Total: 56901 ns
[1092.558s][info ][safepoint      ] Safepoint "Cleanup", Time since last: 3000212408 ns, Reaching safepoint: 43201 ns, At safepoint: 3400 ns, Total: 46601 ns
[1095.558s][info ][safepoint      ] Safepoint "Cleanup", Time since last: 3000237909 ns, Reaching safepoint: 50101 ns, At safepoint: 7600 ns, Total: 57701 ns
[1096.558s][info ][safepoint      ] Safepoint "Cleanup", Time since last: 1000106537 ns, Reaching safepoint: 51201 ns, At safepoint: 6200 ns, Total: 57401 ns
[1097.558s][info ][safepoint      ] Safepoint "Cleanup", Time since last: 1000107937 ns, Reaching safepoint: 42500 ns, At safepoint: 5600 ns, Total: 48100 ns
[1098.558s][info ][safepoint      ] Safepoint "Cleanup", Time since last: 1000097237 ns, Reaching safepoint: 51401 ns, At safepoint: 6000 ns, Total: 57401 ns
[1099.559s][info ][safepoint      ] Safepoint "Cleanup", Time since last: 1000103837 ns, Reaching safepoint: 46800 ns, At safepoint: 3501 ns, Total: 50301 ns
[1100.559s][info ][safepoint      ] Safepoint "Cleanup", Time since last: 1000101236 ns, Reaching safepoint: 41801 ns, At safepoint: 6200 ns, Total: 48001 ns
[1102.559s][info ][safepoint      ] Safepoint "Cleanup", Time since last: 2000169172 ns, Reaching safepoint: 49001 ns, At safepoint: 6400 ns, Total: 55401 ns
[1106.559s][info ][safepoint      ] Safepoint "Cleanup", Time since last: 4000299543 ns, Reaching safepoint: 43501 ns, At safepoint: 2600 ns, Total: 46101 ns
[1107.559s][info ][safepoint      ] Safepoint "Cleanup", Time since last: 1000109237 ns, Reaching safepoint: 47300 ns, At safepoint: 3101 ns, Total: 50401 ns
[1111.560s][info ][safepoint      ] Safepoint "Cleanup", Time since last: 4000264941 ns, Reaching safepoint: 47901 ns, At safepoint: 8200 ns, Total: 56101 ns
[1115.560s][info ][safepoint      ] Safepoint "Cleanup", Time since last: 4000307043 ns, Reaching safepoint: 53701 ns, At safepoint: 6000 ns, Total: 59701 ns
[1117.560s][info ][safepoint      ] Safepoint "Cleanup", Time since last: 2000156071 ns, Reaching safepoint: 48301 ns, At safepoint: 3000 ns, Total: 51301 ns
[1119.561s][info ][safepoint      ] Safepoint "Cleanup", Time since last: 2000173771 ns, Reaching safepoint: 55601 ns, At safepoint: 4500 ns, Total: 60101 ns
[1121.561s][info ][safepoint      ] Safepoint "Cleanup", Time since last: 2000175671 ns, Reaching safepoint: 45801 ns, At safepoint: 2900 ns, Total: 48701 ns
[1122.561s][info ][safepoint      ] Safepoint "Cleanup", Time since last: 1000091836 ns, Reaching safepoint: 34300 ns, At safepoint: 2800 ns, Total: 37100 ns
[1123.561s][info ][safepoint      ] Safepoint "Cleanup", Time since last: 1000091336 ns, Reaching safepoint: 38601 ns, At safepoint: 7600 ns, Total: 46201 ns
[1125.561s][info ][safepoint      ] Safepoint "Cleanup", Time since last: 2000179971 ns, Reaching safepoint: 46901 ns, At safepoint: 6500 ns, Total: 53401 ns
[1127.561s][info ][safepoint      ] Safepoint "Cleanup", Time since last: 2000170570 ns, Reaching safepoint: 47801 ns, At safepoint: 7601 ns, Total: 55402 ns
[1128.562s][info ][safepoint      ] Safepoint "Cleanup", Time since last: 1000124936 ns, Reaching safepoint: 51401 ns, At safepoint: 10700 ns, Total: 62101 ns
[1129.562s][info ][safepoint      ] Safepoint "Cleanup", Time since last: 1000104135 ns, Reaching safepoint: 51301 ns, At safepoint: 7901 ns, Total: 59202 ns
[1141.563s][info ][safepoint      ] Safepoint "Cleanup", Time since last: 12000800416 ns, Reaching safepoint: 45200 ns, At safepoint: 2500 ns, Total: 47700 ns
[1142.563s][info ][safepoint      ] Safepoint "Cleanup", Time since last: 1000080835 ns, Reaching safepoint: 44601 ns, At safepoint: 2800 ns, Total: 47401 ns
[1143.563s][info ][safepoint      ] Safepoint "Cleanup", Time since last: 1000133936 ns, Reaching safepoint: 107502 ns, At safepoint: 9200 ns, Total: 116702 ns
[1147.563s][info ][safepoint      ] Safepoint "Cleanup", Time since last: 4000303939 ns, Reaching safepoint: 51101 ns, At safepoint: 3300 ns, Total: 54401 ns
[1163.647s][info ][gc,start       ] GC(128) Pause Young (Allocation Failure)
[1163.660s][debug][gc,phases      ] GC(128) Scavenge 12.765ms
[1163.660s][debug][gc,ref         ] GC(128) Skipped phase 1 of Reference Processing: no references
[1163.660s][debug][gc,ref         ] GC(128) ReferenceProcessor::execute queues: 1, RefProcThreadModel::Single, marks_oops_alive: false
[1163.660s][debug][gc,ref         ] GC(128) Skipped phase 3 of Reference Processing: no references
[1163.660s][debug][gc,ref         ] GC(128) ReferenceProcessor::execute queues: 1, RefProcThreadModel::Single, marks_oops_alive: false
[1163.660s][debug][gc,phases      ] GC(128) Reference Processing 0.155ms
[1163.660s][debug][gc,phases      ] GC(128)   VM Weak                        Min:  0.0, Avg:  0.0, Max:  0.0, Diff:  0.0, Sum:  0.0, Workers: 4
[1163.660s][debug][gc,phases      ] GC(128)     Dead                           Min: 0, Avg:  0.0, Max: 0, Diff: 0, Sum: 0, Workers: 4
[1163.660s][debug][gc,phases      ] GC(128)     Total                          Min: 0, Avg: 175.2, Max: 701, Diff: 701, Sum: 701, Workers: 4
[1163.660s][debug][gc,phases      ] GC(128)   ObjectSynchronizer Weak        Min:  0.0, Avg:  0.0, Max:  0.0, Diff:  0.0, Sum:  0.0, Workers: 4
[1163.660s][debug][gc,phases      ] GC(128)     Dead                           Min: 0, Avg:  0.0, Max: 0, Diff: 0, Sum: 0, Workers: 4
[1163.660s][debug][gc,phases      ] GC(128)     Total                          Min: 0, Avg: 94.5, Max: 378, Diff: 378, Sum: 378, Workers: 4
[1163.660s][debug][gc,phases      ] GC(128)   JVMTI Tag Weak OopStorage      Min:  0.0, Avg:  0.0, Max:  0.0, Diff:  0.0, Sum:  0.0, Workers: 4
[1163.660s][debug][gc,phases      ] GC(128)     Dead                           Min: 0, Avg:  0.0, Max: 0, Diff: 0, Sum: 0, Workers: 4
[1163.660s][debug][gc,phases      ] GC(128)     Total                          Min: 0, Avg:  0.0, Max: 0, Diff: 0, Sum: 0, Workers: 4
[1163.660s][debug][gc,phases      ] GC(128)   StringTable Weak               Min:  0.1, Avg:  0.1, Max:  0.2, Diff:  0.1, Sum:  0.5, Workers: 4
[1163.660s][debug][gc,phases      ] GC(128)     Dead                           Min: 0, Avg:  0.0, Max: 0, Diff: 0, Sum: 0, Workers: 4
[1163.660s][debug][gc,phases      ] GC(128)     Total                          Min: 4012, Avg: 12027.0, Max: 22656, Diff: 18644, Sum: 48108, Workers: 4
[1163.660s][debug][gc,phases      ] GC(128)   ResolvedMethodTable Weak       Min:  0.0, Avg:  0.0, Max:  0.0, Diff:  0.0, Sum:  0.1, Workers: 4
[1163.660s][debug][gc,phases      ] GC(128)     Dead                           Min: 0, Avg:  4.0, Max: 9, Diff: 9, Sum: 16, Workers: 4
[1163.660s][debug][gc,phases      ] GC(128)     Total                          Min: 1838, Avg: 2024.0, Max: 2460, Diff: 622, Sum: 8096, Workers: 4
[1163.660s][debug][gc,phases      ] GC(128)   JNI Weak                       Min:  0.0, Avg:  0.0, Max:  0.0, Diff:  0.0, Sum:  0.0, Workers: 4
[1163.660s][debug][gc,phases      ] GC(128)     Dead                           Min: 0, Avg:  0.0, Max: 0, Diff: 0, Sum: 0, Workers: 4
[1163.660s][debug][gc,phases      ] GC(128)     Total                          Min: 0, Avg:  0.0, Max: 0, Diff: 0, Sum: 0, Workers: 4
[1163.660s][debug][gc,phases      ] GC(128)   StringDedup Table Weak         Min:  0.0, Avg:  0.0, Max:  0.0, Diff:  0.0, Sum:  0.0, Workers: 4
[1163.660s][debug][gc,phases      ] GC(128)     Dead                           Min: 0, Avg:  0.0, Max: 0, Diff: 0, Sum: 0, Workers: 4
[1163.660s][debug][gc,phases      ] GC(128)     Total                          Min: 0, Avg:  0.0, Max: 0, Diff: 0, Sum: 0, Workers: 4
[1163.660s][debug][gc,phases      ] GC(128)   StringDedup Requests0 Weak     Min:  0.0, Avg:  0.0, Max:  0.0, Diff:  0.0, Sum:  0.0, Workers: 4
[1163.660s][debug][gc,phases      ] GC(128)     Dead                           Min: 0, Avg:  0.0, Max: 0, Diff: 0, Sum: 0, Workers: 4
[1163.660s][debug][gc,phases      ] GC(128)     Total                          Min: 0, Avg:  0.0, Max: 0, Diff: 0, Sum: 0, Workers: 4
[1163.660s][debug][gc,phases      ] GC(128)   StringDedup Requests1 Weak     Min:  0.0, Avg:  0.0, Max:  0.0, Diff:  0.0, Sum:  0.0, Workers: 4
[1163.660s][debug][gc,phases      ] GC(128)     Dead                           Min: 0, Avg:  0.0, Max: 0, Diff: 0, Sum: 0, Workers: 4
[1163.660s][debug][gc,phases      ] GC(128)     Total                          Min: 0, Avg:  0.0, Max: 0, Diff: 0, Sum: 0, Workers: 4
[1163.660s][debug][gc,phases      ] GC(128)   Weak JFR Old Object Samples    Min:  0.0, Avg:  0.0, Max:  0.0, Diff:  0.0, Sum:  0.0, Workers: 4
[1163.660s][debug][gc,phases      ] GC(128)     Dead                           Min: 0, Avg:  0.0, Max: 0, Diff: 0, Sum: 0, Workers: 4
[1163.660s][debug][gc,phases      ] GC(128)     Total                          Min: 0, Avg:  0.0, Max: 0, Diff: 0, Sum: 0, Workers: 4
[1163.660s][debug][gc,phases      ] GC(128) Weak Processing 0.435ms
[1163.660s][debug][gc,age         ] GC(128) Desired survivor size 69206016 bytes, new threshold 15 (max threshold 15)
[1163.660s][info ][gc,heap        ] GC(128) PSYoungGen: 1998928K(2028544K)->37488K(2029568K) Eden: 1960448K(1960448K)->0K(1961472K) From: 38480K(68096K)->37488K(68096K)
[1163.660s][info ][gc,heap        ] GC(128) ParOldGen: 542385K(595968K)->543569K(595968K)
[1163.660s][info ][gc,metaspace   ] GC(128) Metaspace: 83263K(84160K)->83263K(84160K) NonClass: 71620K(72064K)->71620K(72064K) Class: 11643K(12096K)->11643K(12096K)
[1163.660s][info ][gc             ] GC(128) Pause Young (Allocation Failure) 2481M->567M(2564M) 13.491ms
[1163.660s][info ][gc,cpu         ] GC(128) User=0.06s Sys=0.00s Real=0.01s
[1163.660s][info ][safepoint      ] Safepoint "ParallelGCFailedAllocation", Time since last: 16083120080 ns, Reaching safepoint: 103803 ns, At safepoint: 13584570 ns, Total: 13688373 ns
[1164.660s][info ][safepoint      ] Safepoint "Cleanup", Time since last: 1000087635 ns, Reaching safepoint: 72901 ns, At safepoint: 10000 ns, Total: 82901 ns
[1165.661s][info ][safepoint      ] Safepoint "Cleanup", Time since last: 1000107535 ns, Reaching safepoint: 72801 ns, At safepoint: 6300 ns, Total: 79101 ns
[1167.661s][info ][safepoint      ] Safepoint "Cleanup", Time since last: 2000168969 ns, Reaching safepoint: 61701 ns, At safepoint: 5100 ns, Total: 66801 ns
[1168.661s][info ][safepoint      ] Safepoint "Cleanup", Time since last: 1000108935 ns, Reaching safepoint: 70701 ns, At safepoint: 9200 ns, Total: 79901 ns
[1169.661s][info ][safepoint      ] Safepoint "Cleanup", Time since last: 1000106235 ns, Reaching safepoint: 53901 ns, At safepoint: 5800 ns, Total: 59701 ns
[1170.661s][info ][safepoint      ] Safepoint "Cleanup", Time since last: 1000094034 ns, Reaching safepoint: 72401 ns, At safepoint: 11501 ns, Total: 83902 ns
[1171.662s][info ][safepoint      ] Safepoint "Cleanup", Time since last: 1000114234 ns, Reaching safepoint: 44001 ns, At safepoint: 3100 ns, Total: 47101 ns
[1175.662s][info ][safepoint      ] Safepoint "Cleanup", Time since last: 4000304435 ns, Reaching safepoint: 47001 ns, At safepoint: 8600 ns, Total: 55601 ns
[1181.662s][info ][safepoint      ] Safepoint "Cleanup", Time since last: 6000425302 ns, Reaching safepoint: 44000 ns, At safepoint: 2801 ns, Total: 46801 ns
[1188.663s][info ][safepoint      ] Safepoint "Cleanup", Time since last: 7000502833 ns, Reaching safepoint: 51801 ns, At safepoint: 8000 ns, Total: 59801 ns
[1189.663s][info ][safepoint      ] Safepoint "Cleanup", Time since last: 1000110234 ns, Reaching safepoint: 52701 ns, At safepoint: 6100 ns, Total: 58801 ns
[1190.663s][info ][safepoint      ] Safepoint "Cleanup", Time since last: 1000103034 ns, Reaching safepoint: 51201 ns, At safepoint: 3400 ns, Total: 54601 ns
[1200.664s][info ][safepoint      ] Safepoint "Cleanup", Time since last: 10000662530 ns, Reaching safepoint: 43301 ns, At safepoint: 31501 ns, Total: 74802 ns
[1203.664s][info ][safepoint      ] Safepoint "Cleanup", Time since last: 3000185098 ns, Reaching safepoint: 45701 ns, At safepoint: 8500 ns, Total: 54201 ns
[1204.664s][info ][safepoint      ] Safepoint "Cleanup", Time since last: 1000106733 ns, Reaching safepoint: 41901 ns, At safepoint: 3500 ns, Total: 45401 ns
[1207.665s][info ][safepoint      ] Safepoint "Cleanup", Time since last: 3000232399 ns, Reaching safepoint: 48501 ns, At safepoint: 3700 ns, Total: 52201 ns
[1213.665s][info ][safepoint      ] Safepoint "Cleanup", Time since last: 6000396296 ns, Reaching safepoint: 45601 ns, At safepoint: 3400 ns, Total: 49001 ns
[1222.666s][info ][safepoint      ] Safepoint "Cleanup", Time since last: 9000625692 ns, Reaching safepoint: 46701 ns, At safepoint: 10300 ns, Total: 57001 ns
[1225.666s][info ][safepoint      ] Safepoint "Cleanup", Time since last: 3000228697 ns, Reaching safepoint: 45901 ns, At safepoint: 7100 ns, Total: 53001 ns
[1226.666s][info ][safepoint      ] Safepoint "Cleanup", Time since last: 1000102833 ns, Reaching safepoint: 53201 ns, At safepoint: 11901 ns, Total: 65102 ns
[1227.666s][info ][safepoint      ] Safepoint "Cleanup", Time since last: 1000125733 ns, Reaching safepoint: 34001 ns, At safepoint: 6100 ns, Total: 40101 ns
[1228.667s][info ][safepoint      ] Safepoint "Cleanup", Time since last: 1000114133 ns, Reaching safepoint: 60801 ns, At safepoint: 2900 ns, Total: 63701 ns
[1229.667s][info ][safepoint      ] Safepoint "Cleanup", Time since last: 1000062432 ns, Reaching safepoint: 54401 ns, At safepoint: 3400 ns, Total: 57801 ns
[1230.667s][info ][safepoint      ] Safepoint "Cleanup", Time since last: 1000109233 ns, Reaching safepoint: 32201 ns, At safepoint: 27801 ns, Total: 60002 ns
[1231.667s][info ][safepoint      ] Safepoint "Cleanup", Time since last: 1000097732 ns, Reaching safepoint: 49501 ns, At safepoint: 3000 ns, Total: 52501 ns
[1232.667s][info ][safepoint      ] Safepoint "Cleanup", Time since last: 1000114733 ns, Reaching safepoint: 52201 ns, At safepoint: 9201 ns, Total: 61402 ns
[1233.667s][info ][safepoint      ] Safepoint "Cleanup", Time since last: 1000105332 ns, Reaching safepoint: 63802 ns, At safepoint: 7200 ns, Total: 71002 ns
[1234.668s][info ][safepoint      ] Safepoint "Cleanup", Time since last: 1000116733 ns, Reaching safepoint: 49001 ns, At safepoint: 4400 ns, Total: 53401 ns
[1236.668s][info ][safepoint      ] Safepoint "Cleanup", Time since last: 2000191165 ns, Reaching safepoint: 51601 ns, At safepoint: 8600 ns, Total: 60201 ns
[1237.668s][info ][safepoint      ] Safepoint "Cleanup", Time since last: 1000112733 ns, Reaching safepoint: 128703 ns, At safepoint: 16500 ns, Total: 145203 ns
[1241.668s][info ][safepoint      ] Safepoint "Cleanup", Time since last: 4000321429 ns, Reaching safepoint: 55801 ns, At safepoint: 6100 ns, Total: 61901 ns
[1243.669s][info ][safepoint      ] Safepoint "Cleanup", Time since last: 2000183864 ns, Reaching safepoint: 56001 ns, At safepoint: 7901 ns, Total: 63902 ns
[1247.695s][info ][gc,start       ] GC(129) Pause Young (Allocation Failure)
[1247.706s][debug][gc,phases      ] GC(129) Scavenge 11.026ms
[1247.706s][debug][gc,ref         ] GC(129) Skipped phase 1 of Reference Processing: no references
[1247.706s][debug][gc,ref         ] GC(129) ReferenceProcessor::execute queues: 1, RefProcThreadModel::Single, marks_oops_alive: false
[1247.706s][debug][gc,ref         ] GC(129) Skipped phase 3 of Reference Processing: no references
[1247.707s][debug][gc,ref         ] GC(129) ReferenceProcessor::execute queues: 1, RefProcThreadModel::Single, marks_oops_alive: false
[1247.707s][debug][gc,phases      ] GC(129) Reference Processing 0.148ms
[1247.707s][debug][gc,phases      ] GC(129)   VM Weak                        Min:  0.0, Avg:  0.0, Max:  0.0, Diff:  0.0, Sum:  0.0, Workers: 4
[1247.707s][debug][gc,phases      ] GC(129)     Dead                           Min: 0, Avg:  0.0, Max: 0, Diff: 0, Sum: 0, Workers: 4
[1247.707s][debug][gc,phases      ] GC(129)     Total                          Min: 0, Avg: 175.2, Max: 701, Diff: 701, Sum: 701, Workers: 4
[1247.707s][debug][gc,phases      ] GC(129)   ObjectSynchronizer Weak        Min:  0.0, Avg:  0.0, Max:  0.0, Diff:  0.0, Sum:  0.0, Workers: 4
[1247.707s][debug][gc,phases      ] GC(129)     Dead                           Min: 0, Avg:  0.0, Max: 0, Diff: 0, Sum: 0, Workers: 4
[1247.707s][debug][gc,phases      ] GC(129)     Total                          Min: 0, Avg: 94.5, Max: 186, Diff: 186, Sum: 378, Workers: 4
[1247.707s][debug][gc,phases      ] GC(129)   JVMTI Tag Weak OopStorage      Min:  0.0, Avg:  0.0, Max:  0.0, Diff:  0.0, Sum:  0.0, Workers: 4
[1247.707s][debug][gc,phases      ] GC(129)     Dead                           Min: 0, Avg:  0.0, Max: 0, Diff: 0, Sum: 0, Workers: 4
[1247.707s][debug][gc,phases      ] GC(129)     Total                          Min: 0, Avg:  0.0, Max: 0, Diff: 0, Sum: 0, Workers: 4
[1247.707s][debug][gc,phases      ] GC(129)   StringTable Weak               Min:  0.1, Avg:  0.1, Max:  0.1, Diff:  0.0, Sum:  0.5, Workers: 4
[1247.707s][debug][gc,phases      ] GC(129)     Dead                           Min: 0, Avg:  0.0, Max: 0, Diff: 0, Sum: 0, Workers: 4
[1247.707s][debug][gc,phases      ] GC(129)     Total                          Min: 11520, Avg: 12035.5, Max: 12416, Diff: 896, Sum: 48142, Workers: 4
[1247.707s][debug][gc,phases      ] GC(129)   ResolvedMethodTable Weak       Min:  0.0, Avg:  0.0, Max:  0.0, Diff:  0.0, Sum:  0.1, Workers: 4
[1247.707s][debug][gc,phases      ] GC(129)     Dead                           Min: 0, Avg:  0.0, Max: 0, Diff: 0, Sum: 0, Workers: 4
[1247.707s][debug][gc,phases      ] GC(129)     Total                          Min: 1890, Avg: 2024.0, Max: 2202, Diff: 312, Sum: 8096, Workers: 4
[1247.707s][debug][gc,phases      ] GC(129)   JNI Weak                       Min:  0.0, Avg:  0.0, Max:  0.0, Diff:  0.0, Sum:  0.0, Workers: 4
[1247.707s][debug][gc,phases      ] GC(129)     Dead                           Min: 0, Avg:  0.0, Max: 0, Diff: 0, Sum: 0, Workers: 4
[1247.707s][debug][gc,phases      ] GC(129)     Total                          Min: 0, Avg:  0.0, Max: 0, Diff: 0, Sum: 0, Workers: 4
[1247.707s][debug][gc,phases      ] GC(129)   StringDedup Table Weak         Min:  0.0, Avg:  0.0, Max:  0.0, Diff:  0.0, Sum:  0.0, Workers: 4
[1247.707s][debug][gc,phases      ] GC(129)     Dead                           Min: 0, Avg:  0.0, Max: 0, Diff: 0, Sum: 0, Workers: 4
[1247.707s][debug][gc,phases      ] GC(129)     Total                          Min: 0, Avg:  0.0, Max: 0, Diff: 0, Sum: 0, Workers: 4
[1247.707s][debug][gc,phases      ] GC(129)   StringDedup Requests0 Weak     Min:  0.0, Avg:  0.0, Max:  0.0, Diff:  0.0, Sum:  0.0, Workers: 4
[1247.707s][debug][gc,phases      ] GC(129)     Dead                           Min: 0, Avg:  0.0, Max: 0, Diff: 0, Sum: 0, Workers: 4
[1247.707s][debug][gc,phases      ] GC(129)     Total                          Min: 0, Avg:  0.0, Max: 0, Diff: 0, Sum: 0, Workers: 4
[1247.707s][debug][gc,phases      ] GC(129)   StringDedup Requests1 Weak     Min:  0.0, Avg:  0.0, Max:  0.0, Diff:  0.0, Sum:  0.0, Workers: 4
[1247.707s][debug][gc,phases      ] GC(129)     Dead                           Min: 0, Avg:  0.0, Max: 0, Diff: 0, Sum: 0, Workers: 4
[1247.707s][debug][gc,phases      ] GC(129)     Total                          Min: 0, Avg:  0.0, Max: 0, Diff: 0, Sum: 0, Workers: 4
[1247.707s][debug][gc,phases      ] GC(129)   Weak JFR Old Object Samples    Min:  0.0, Avg:  0.0, Max:  0.0, Diff:  0.0, Sum:  0.0, Workers: 4
[1247.707s][debug][gc,phases      ] GC(129)     Dead                           Min: 0, Avg:  0.0, Max: 0, Diff: 0, Sum: 0, Workers: 4
[1247.707s][debug][gc,phases      ] GC(129)     Total                          Min: 0, Avg:  0.0, Max: 0, Diff: 0, Sum: 0, Workers: 4
[1247.707s][debug][gc,phases      ] GC(129) Weak Processing 0.343ms
[1247.707s][debug][gc,age         ] GC(129) Desired survivor size 70254592 bytes, new threshold 15 (max threshold 15)
[1247.707s][info ][gc,heap        ] GC(129) PSYoungGen: 1998960K(2029568K)->27664K(1989632K) Eden: 1961472K(1961472K)->0K(1961472K) From: 37488K(68096K)->27664K(28160K)
[1247.707s][info ][gc,heap        ] GC(129) ParOldGen: 543569K(595968K)->545157K(595968K)
[1247.707s][info ][gc,metaspace   ] GC(129) Metaspace: 83285K(84160K)->83285K(84160K) NonClass: 71641K(72064K)->71641K(72064K) Class: 11643K(12096K)->11643K(12096K)
[1247.707s][info ][gc             ] GC(129) Pause Young (Allocation Failure) 2482M->559M(2525M) 11.652ms
[1247.707s][info ][gc,cpu         ] GC(129) User=0.04s Sys=0.00s Real=0.01s
[1247.707s][info ][safepoint      ] Safepoint "ParallelGCFailedAllocation", Time since last: 4026394247 ns, Reaching safepoint: 122703 ns, At safepoint: 11764834 ns, Total: 11887537 ns
[1252.707s][info ][safepoint      ] Safepoint "Cleanup", Time since last: 5000278657 ns, Reaching safepoint: 55001 ns, At safepoint: 3400 ns, Total: 58401 ns
[1254.708s][info ][safepoint      ] Safepoint "Cleanup", Time since last: 2000187865 ns, Reaching safepoint: 48901 ns, At safepoint: 7300 ns, Total: 56201 ns
[1255.708s][info ][safepoint      ] Safepoint "Cleanup", Time since last: 1000105432 ns, Reaching safepoint: 45401 ns, At safepoint: 4000 ns, Total: 49401 ns
[1256.708s][info ][safepoint      ] Safepoint "Cleanup", Time since last: 1000094732 ns, Reaching safepoint: 117302 ns, At safepoint: 6801 ns, Total: 124103 ns
[1270.108s][info ][safepoint      ] Safepoint "Cleanup", Time since last: 13400409270 ns, Reaching safepoint: 89001 ns, At safepoint: 10201 ns, Total: 99202 ns
[1274.109s][info ][safepoint      ] Safepoint "Cleanup", Time since last: 4000313925 ns, Reaching safepoint: 60601 ns, At safepoint: 6300 ns, Total: 66901 ns
[1275.109s][info ][safepoint      ] Safepoint "Cleanup", Time since last: 1000122332 ns, Reaching safepoint: 55002 ns, At safepoint: 7200 ns, Total: 62202 ns
[1276.109s][info ][safepoint      ] Safepoint "Cleanup", Time since last: 1000117732 ns, Reaching safepoint: 52701 ns, At safepoint: 8700 ns, Total: 61401 ns
[1282.110s][info ][safepoint      ] Safepoint "Cleanup", Time since last: 6000423086 ns, Reaching safepoint: 69602 ns, At safepoint: 6900 ns, Total: 76502 ns
[1284.949s][info ][safepoint      ] Safepoint "Cleanup", Time since last: 2839615492 ns, Reaching safepoint: 123102 ns, At safepoint: 16701 ns, Total: 139803 ns
[1286.023s][info ][safepoint      ] Safepoint "Cleanup", Time since last: 1073598896 ns, Reaching safepoint: 171203 ns, At safepoint: 9701 ns, Total: 180904 ns
[1287.023s][info ][safepoint      ] Safepoint "Cleanup", Time since last: 1000116631 ns, Reaching safepoint: 47501 ns, At safepoint: 7201 ns, Total: 54702 ns
[1287.696s][info ][gc,start       ] GC(130) Pause Young (Allocation Failure)
[1287.715s][debug][gc,phases      ] GC(130) Scavenge 18.655ms
[1287.715s][debug][gc,ref         ] GC(130) Skipped phase 1 of Reference Processing: no references
[1287.715s][debug][gc,ref         ] GC(130) ReferenceProcessor::execute queues: 1, RefProcThreadModel::Single, marks_oops_alive: false
[1287.715s][debug][gc,ref         ] GC(130) Skipped phase 3 of Reference Processing: no references
[1287.715s][debug][gc,ref         ] GC(130) ReferenceProcessor::execute queues: 1, RefProcThreadModel::Single, marks_oops_alive: false
[1287.715s][debug][gc,phases      ] GC(130) Reference Processing 0.145ms
[1287.715s][debug][gc,phases      ] GC(130)   VM Weak                        Min:  0.0, Avg:  0.0, Max:  0.0, Diff:  0.0, Sum:  0.0, Workers: 4
[1287.715s][debug][gc,phases      ] GC(130)     Dead                           Min: 0, Avg:  0.0, Max: 0, Diff: 0, Sum: 0, Workers: 4
[1287.715s][debug][gc,phases      ] GC(130)     Total                          Min: 0, Avg: 175.2, Max: 701, Diff: 701, Sum: 701, Workers: 4
[1287.715s][debug][gc,phases      ] GC(130)   ObjectSynchronizer Weak        Min:  0.0, Avg:  0.0, Max:  0.0, Diff:  0.0, Sum:  0.0, Workers: 4
[1287.715s][debug][gc,phases      ] GC(130)     Dead                           Min: 0, Avg:  0.0, Max: 0, Diff: 0, Sum: 0, Workers: 4
[1287.715s][debug][gc,phases      ] GC(130)     Total                          Min: 0, Avg: 94.5, Max: 192, Diff: 192, Sum: 378, Workers: 4
[1287.715s][debug][gc,phases      ] GC(130)   JVMTI Tag Weak OopStorage      Min:  0.0, Avg:  0.0, Max:  0.0, Diff:  0.0, Sum:  0.0, Workers: 4
[1287.715s][debug][gc,phases      ] GC(130)     Dead                           Min: 0, Avg:  0.0, Max: 0, Diff: 0, Sum: 0, Workers: 4
[1287.715s][debug][gc,phases      ] GC(130)     Total                          Min: 0, Avg:  0.0, Max: 0, Diff: 0, Sum: 0, Workers: 4
[1287.715s][debug][gc,phases      ] GC(130)   StringTable Weak               Min:  0.1, Avg:  0.1, Max:  0.1, Diff:  0.0, Sum:  0.5, Workers: 4
[1287.715s][debug][gc,phases      ] GC(130)     Dead                           Min: 0, Avg:  0.0, Max: 0, Diff: 0, Sum: 0, Workers: 4
[1287.715s][debug][gc,phases      ] GC(130)     Total                          Min: 11328, Avg: 12040.0, Max: 12704, Diff: 1376, Sum: 48160, Workers: 4
[1287.715s][debug][gc,phases      ] GC(130)   ResolvedMethodTable Weak       Min:  0.0, Avg:  0.0, Max:  0.0, Diff:  0.0, Sum:  0.1, Workers: 4
[1287.715s][debug][gc,phases      ] GC(130)     Dead                           Min: 0, Avg:  0.0, Max: 0, Diff: 0, Sum: 0, Workers: 4
[1287.715s][debug][gc,phases      ] GC(130)     Total                          Min: 1820, Avg: 2024.0, Max: 2330, Diff: 510, Sum: 8096, Workers: 4
[1287.715s][debug][gc,phases      ] GC(130)   JNI Weak                       Min:  0.0, Avg:  0.0, Max:  0.0, Diff:  0.0, Sum:  0.0, Workers: 4
[1287.715s][debug][gc,phases      ] GC(130)     Dead                           Min: 0, Avg:  0.0, Max: 0, Diff: 0, Sum: 0, Workers: 4
[1287.715s][debug][gc,phases      ] GC(130)     Total                          Min: 0, Avg:  0.0, Max: 0, Diff: 0, Sum: 0, Workers: 4
[1287.715s][debug][gc,phases      ] GC(130)   StringDedup Table Weak         Min:  0.0, Avg:  0.0, Max:  0.0, Diff:  0.0, Sum:  0.0, Workers: 4
[1287.715s][debug][gc,phases      ] GC(130)     Dead                           Min: 0, Avg:  0.0, Max: 0, Diff: 0, Sum: 0, Workers: 4
[1287.715s][debug][gc,phases      ] GC(130)     Total                          Min: 0, Avg:  0.0, Max: 0, Diff: 0, Sum: 0, Workers: 4
[1287.715s][debug][gc,phases      ] GC(130)   StringDedup Requests0 Weak     Min:  0.0, Avg:  0.0, Max:  0.0, Diff:  0.0, Sum:  0.0, Workers: 4
[1287.715s][debug][gc,phases      ] GC(130)     Dead                           Min: 0, Avg:  0.0, Max: 0, Diff: 0, Sum: 0, Workers: 4
[1287.715s][debug][gc,phases      ] GC(130)     Total                          Min: 0, Avg:  0.0, Max: 0, Diff: 0, Sum: 0, Workers: 4
[1287.715s][debug][gc,phases      ] GC(130)   StringDedup Requests1 Weak     Min:  0.0, Avg:  0.0, Max:  0.0, Diff:  0.0, Sum:  0.0, Workers: 4
[1287.715s][debug][gc,phases      ] GC(130)     Dead                           Min: 0, Avg:  0.0, Max: 0, Diff: 0, Sum: 0, Workers: 4
[1287.715s][debug][gc,phases      ] GC(130)     Total                          Min: 0, Avg:  0.0, Max: 0, Diff: 0, Sum: 0, Workers: 4
[1287.715s][debug][gc,phases      ] GC(130)   Weak JFR Old Object Samples    Min:  0.0, Avg:  0.0, Max:  0.0, Diff:  0.0, Sum:  0.0, Workers: 4
[1287.715s][debug][gc,phases      ] GC(130)     Dead                           Min: 0, Avg:  0.0, Max: 0, Diff: 0, Sum: 0, Workers: 4
[1287.715s][debug][gc,phases      ] GC(130)     Total                          Min: 0, Avg:  0.0, Max: 0, Diff: 0, Sum: 0, Workers: 4
[1287.715s][debug][gc,phases      ] GC(130) Weak Processing 0.349ms
[1287.715s][debug][gc,age         ] GC(130) Desired survivor size 72351744 bytes, new threshold 15 (max threshold 15)
[1287.715s][info ][gc,heap        ] GC(130) PSYoungGen: 1989136K(1989632K)->56672K(2024448K) Eden: 1961472K(1961472K)->0K(1955840K) From: 27664K(28160K)->56672K(68608K)
[1287.715s][info ][gc,heap        ] GC(130) ParOldGen: 545157K(595968K)->545717K(595968K)
[1287.715s][info ][gc,metaspace   ] GC(130) Metaspace: 83295K(84224K)->83295K(84224K) NonClass: 71651K(72128K)->71651K(72128K) Class: 11643K(12096K)->11643K(12096K)
[1287.715s][info ][gc             ] GC(130) Pause Young (Allocation Failure) 2474M->588M(2559M) 19.292ms
[1287.715s][info ][gc,cpu         ] GC(130) User=0.08s Sys=0.00s Real=0.02s
[1287.715s][info ][safepoint      ] Safepoint "ParallelGCFailedAllocation", Time since last: 672570704 ns, Reaching safepoint: 113802 ns, At safepoint: 19377586 ns, Total: 19491388 ns
[1292.716s][info ][safepoint      ] Safepoint "Cleanup", Time since last: 5000352054 ns, Reaching safepoint: 120902 ns, At safepoint: 19101 ns, Total: 140003 ns
[1295.716s][info ][safepoint      ] Safepoint "Cleanup", Time since last: 3000225792 ns, Reaching safepoint: 47301 ns, At safepoint: 8000 ns, Total: 55301 ns
[1300.717s][info ][safepoint      ] Safepoint "Cleanup", Time since last: 5000367054 ns, Reaching safepoint: 61401 ns, At safepoint: 10400 ns, Total: 71801 ns
[1311.717s][info ][safepoint      ] Safepoint "Cleanup", Time since last: 11000758435 ns, Reaching safepoint: 46901 ns, At safepoint: 9800 ns, Total: 56701 ns
[1313.718s][info ][safepoint      ] Safepoint "Cleanup", Time since last: 2000182561 ns, Reaching safepoint: 42801 ns, At safepoint: 3400 ns, Total: 46201 ns
[1315.718s][info ][safepoint      ] Safepoint "Cleanup", Time since last: 2000174661 ns, Reaching safepoint: 46101 ns, At safepoint: 4100 ns, Total: 50201 ns
[1317.718s][info ][safepoint      ] Safepoint "Cleanup", Time since last: 2000172562 ns, Reaching safepoint: 50701 ns, At safepoint: 5300 ns, Total: 56001 ns
[1320.718s][info ][safepoint      ] Safepoint "Cleanup", Time since last: 3000193690 ns, Reaching safepoint: 48301 ns, At safepoint: 6200 ns, Total: 54501 ns
[1323.719s][info ][safepoint      ] Safepoint "Cleanup", Time since last: 3000246191 ns, Reaching safepoint: 47801 ns, At safepoint: 3600 ns, Total: 51401 ns
[1325.719s][info ][safepoint      ] Safepoint "Cleanup", Time since last: 2000177261 ns, Reaching safepoint: 55901 ns, At safepoint: 7600 ns, Total: 63501 ns
[1327.719s][info ][safepoint      ] Safepoint "Cleanup", Time since last: 2000176161 ns, Reaching safepoint: 53901 ns, At safepoint: 3200 ns, Total: 57101 ns
[1340.720s][info ][safepoint      ] Safepoint "Cleanup", Time since last: 13000919988 ns, Reaching safepoint: 49201 ns, At safepoint: 8801 ns, Total: 58002 ns
[1341.720s][info ][safepoint      ] Safepoint "Cleanup", Time since last: 1000116230 ns, Reaching safepoint: 53901 ns, At safepoint: 9000 ns, Total: 62901 ns
[1343.721s][info ][safepoint      ] Safepoint "Cleanup", Time since last: 2000133560 ns, Reaching safepoint: 53201 ns, At safepoint: 4400 ns, Total: 57601 ns
[1344.721s][info ][safepoint      ] Safepoint "Cleanup", Time since last: 1000112330 ns, Reaching safepoint: 47801 ns, At safepoint: 6700 ns, Total: 54501 ns
[1347.721s][info ][safepoint      ] Safepoint "Cleanup", Time since last: 3000251490 ns, Reaching safepoint: 54801 ns, At safepoint: 3500 ns, Total: 58301 ns
[1368.723s][info ][safepoint      ] Safepoint "Cleanup", Time since last: 21001438717 ns, Reaching safepoint: 113002 ns, At safepoint: 9900 ns, Total: 122902 ns
[1372.394s][info ][gc,start       ] GC(131) Pause Young (Allocation Failure)
[1372.407s][debug][gc,phases      ] GC(131) Scavenge 13.215ms
[1372.407s][debug][gc,ref         ] GC(131) Skipped phase 1 of Reference Processing: no references
[1372.407s][debug][gc,ref         ] GC(131) ReferenceProcessor::execute queues: 1, RefProcThreadModel::Single, marks_oops_alive: false
[1372.407s][debug][gc,ref         ] GC(131) Skipped phase 3 of Reference Processing: no references
[1372.407s][debug][gc,ref         ] GC(131) ReferenceProcessor::execute queues: 1, RefProcThreadModel::Single, marks_oops_alive: false
[1372.407s][debug][gc,phases      ] GC(131) Reference Processing 0.138ms
[1372.407s][debug][gc,phases      ] GC(131)   VM Weak                        Min:  0.0, Avg:  0.0, Max:  0.0, Diff:  0.0, Sum:  0.0, Workers: 4
[1372.407s][debug][gc,phases      ] GC(131)     Dead                           Min: 0, Avg:  0.0, Max: 0, Diff: 0, Sum: 0, Workers: 4
[1372.408s][debug][gc,phases      ] GC(131)     Total                          Min: 0, Avg: 175.2, Max: 701, Diff: 701, Sum: 701, Workers: 4
[1372.408s][debug][gc,phases      ] GC(131)   ObjectSynchronizer Weak        Min:  0.0, Avg:  0.0, Max:  0.0, Diff:  0.0, Sum:  0.0, Workers: 4
[1372.408s][debug][gc,phases      ] GC(131)     Dead                           Min: 0, Avg:  0.0, Max: 0, Diff: 0, Sum: 0, Workers: 4
[1372.408s][debug][gc,phases      ] GC(131)     Total                          Min: 0, Avg: 94.5, Max: 250, Diff: 250, Sum: 378, Workers: 4
[1372.408s][debug][gc,phases      ] GC(131)   JVMTI Tag Weak OopStorage      Min:  0.0, Avg:  0.0, Max:  0.0, Diff:  0.0, Sum:  0.0, Workers: 4
[1372.408s][debug][gc,phases      ] GC(131)     Dead                           Min: 0, Avg:  0.0, Max: 0, Diff: 0, Sum: 0, Workers: 4
[1372.408s][debug][gc,phases      ] GC(131)     Total                          Min: 0, Avg:  0.0, Max: 0, Diff: 0, Sum: 0, Workers: 4
[1372.408s][debug][gc,phases      ] GC(131)   StringTable Weak               Min:  0.1, Avg:  0.1, Max:  0.1, Diff:  0.0, Sum:  0.4, Workers: 4
[1372.408s][debug][gc,phases      ] GC(131)     Dead                           Min: 0, Avg:  0.0, Max: 0, Diff: 0, Sum: 0, Workers: 4
[1372.408s][debug][gc,phases      ] GC(131)     Total                          Min: 11904, Avg: 12051.2, Max: 12288, Diff: 384, Sum: 48205, Workers: 4
[1372.408s][debug][gc,phases      ] GC(131)   ResolvedMethodTable Weak       Min:  0.0, Avg:  0.0, Max:  0.0, Diff:  0.0, Sum:  0.1, Workers: 4
[1372.408s][debug][gc,phases      ] GC(131)     Dead                           Min: 0, Avg:  0.0, Max: 0, Diff: 0, Sum: 0, Workers: 4
[1372.408s][debug][gc,phases      ] GC(131)     Total                          Min: 1937, Avg: 2024.0, Max: 2221, Diff: 284, Sum: 8096, Workers: 4
[1372.408s][debug][gc,phases      ] GC(131)   JNI Weak                       Min:  0.0, Avg:  0.0, Max:  0.0, Diff:  0.0, Sum:  0.0, Workers: 4
[1372.408s][debug][gc,phases      ] GC(131)     Dead                           Min: 0, Avg:  0.0, Max: 0, Diff: 0, Sum: 0, Workers: 4
[1372.408s][debug][gc,phases      ] GC(131)     Total                          Min: 0, Avg:  0.0, Max: 0, Diff: 0, Sum: 0, Workers: 4
[1372.408s][debug][gc,phases      ] GC(131)   StringDedup Table Weak         Min:  0.0, Avg:  0.0, Max:  0.0, Diff:  0.0, Sum:  0.0, Workers: 4
[1372.408s][debug][gc,phases      ] GC(131)     Dead                           Min: 0, Avg:  0.0, Max: 0, Diff: 0, Sum: 0, Workers: 4
[1372.408s][debug][gc,phases      ] GC(131)     Total                          Min: 0, Avg:  0.0, Max: 0, Diff: 0, Sum: 0, Workers: 4
[1372.408s][debug][gc,phases      ] GC(131)   StringDedup Requests0 Weak     Min:  0.0, Avg:  0.0, Max:  0.0, Diff:  0.0, Sum:  0.0, Workers: 4
[1372.408s][debug][gc,phases      ] GC(131)     Dead                           Min: 0, Avg:  0.0, Max: 0, Diff: 0, Sum: 0, Workers: 4
[1372.408s][debug][gc,phases      ] GC(131)     Total                          Min: 0, Avg:  0.0, Max: 0, Diff: 0, Sum: 0, Workers: 4
[1372.408s][debug][gc,phases      ] GC(131)   StringDedup Requests1 Weak     Min:  0.0, Avg:  0.0, Max:  0.0, Diff:  0.0, Sum:  0.0, Workers: 4
[1372.408s][debug][gc,phases      ] GC(131)     Dead                           Min: 0, Avg:  0.0, Max: 0, Diff: 0, Sum: 0, Workers: 4
[1372.408s][debug][gc,phases      ] GC(131)     Total                          Min: 0, Avg:  0.0, Max: 0, Diff: 0, Sum: 0, Workers: 4
[1372.408s][debug][gc,phases      ] GC(131)   Weak JFR Old Object Samples    Min:  0.0, Avg:  0.0, Max:  0.0, Diff:  0.0, Sum:  0.0, Workers: 4
[1372.408s][debug][gc,phases      ] GC(131)     Dead                           Min: 0, Avg:  0.0, Max: 0, Diff: 0, Sum: 0, Workers: 4
[1372.408s][debug][gc,phases      ] GC(131)     Total                          Min: 0, Avg:  0.0, Max: 0, Diff: 0, Sum: 0, Workers: 4
[1372.408s][debug][gc,phases      ] GC(131) Weak Processing 0.335ms
[1372.408s][debug][gc,age         ] GC(131) Desired survivor size 73400320 bytes, new threshold 15 (max threshold 15)
[1372.408s][info ][gc,heap        ] GC(131) PSYoungGen: 2012512K(2024448K)->54528K(2010624K) Eden: 1955840K(1955840K)->0K(1955840K) From: 56672K(68608K)->54528K(54784K)
[1372.408s][info ][gc,heap        ] GC(131) ParOldGen: 545717K(595968K)->546138K(595968K)
[1372.408s][info ][gc,metaspace   ] GC(131) Metaspace: 83325K(84224K)->83325K(84224K) NonClass: 71681K(72128K)->71681K(72128K) Class: 11643K(12096K)->11643K(12096K)
[1372.408s][info ][gc             ] GC(131) Pause Young (Allocation Failure) 2498M->586M(2545M) 13.823ms
[1372.408s][info ][gc,cpu         ] GC(131) User=0.06s Sys=0.00s Real=0.01s
[1372.408s][info ][safepoint      ] Safepoint "ParallelGCFailedAllocation", Time since last: 3671235460 ns, Reaching safepoint: 43301 ns, At safepoint: 13908377 ns, Total: 13951678 ns
[1373.408s][info ][safepoint      ] Safepoint "Cleanup", Time since last: 1000087429 ns, Reaching safepoint: 48701 ns, At safepoint: 9801 ns, Total: 58502 ns
[1384.409s][info ][safepoint      ] Safepoint "Cleanup", Time since last: 11000696317 ns, Reaching safepoint: 47901 ns, At safepoint: 29001 ns, Total: 76902 ns
[1388.409s][info ][safepoint      ] Safepoint "Cleanup", Time since last: 4000284415 ns, Reaching safepoint: 45201 ns, At safepoint: 3300 ns, Total: 48501 ns
[1391.409s][info ][safepoint      ] Safepoint "Cleanup", Time since last: 3000267188 ns, Reaching safepoint: 45301 ns, At safepoint: 3000 ns, Total: 48301 ns
[1393.410s][info ][safepoint      ] Safepoint "Cleanup", Time since last: 2000188658 ns, Reaching safepoint: 48201 ns, At safepoint: 3600 ns, Total: 51801 ns
[1394.410s][info ][safepoint      ] Safepoint "Cleanup", Time since last: 1000114830 ns, Reaching safepoint: 45701 ns, At safepoint: 6100 ns, Total: 51801 ns
[1397.410s][info ][safepoint      ] Safepoint "Cleanup", Time since last: 3000230087 ns, Reaching safepoint: 52001 ns, At safepoint: 3400 ns, Total: 55401 ns
[1403.410s][info ][safepoint      ] Safepoint "Cleanup", Time since last: 6000377471 ns, Reaching safepoint: 46300 ns, At safepoint: 8901 ns, Total: 55201 ns
[1423.412s][info ][safepoint      ] Safepoint "Cleanup", Time since last: 20001298165 ns, Reaching safepoint: 57202 ns, At safepoint: 15400 ns, Total: 72602 ns
[1426.412s][info ][safepoint      ] Safepoint "Cleanup", Time since last: 3000229685 ns, Reaching safepoint: 49801 ns, At safepoint: 8700 ns, Total: 58501 ns
[1429.412s][info ][safepoint      ] Safepoint "Cleanup", Time since last: 3000222085 ns, Reaching safepoint: 56101 ns, At safepoint: 10900 ns, Total: 67001 ns
[1448.414s][info ][safepoint      ] Safepoint "Cleanup", Time since last: 19001263530 ns, Reaching safepoint: 46101 ns, At safepoint: 3700 ns, Total: 49801 ns
[1457.384s][info ][gc,start       ] GC(132) Pause Young (Allocation Failure)
[1457.398s][debug][gc,phases      ] GC(132) Scavenge 14.718ms
[1457.398s][debug][gc,ref         ] GC(132) Skipped phase 1 of Reference Processing: no references
[1457.398s][debug][gc,ref         ] GC(132) ReferenceProcessor::execute queues: 1, RefProcThreadModel::Single, marks_oops_alive: false
[1457.398s][debug][gc,ref         ] GC(132) Skipped phase 3 of Reference Processing: no references
[1457.398s][debug][gc,ref         ] GC(132) ReferenceProcessor::execute queues: 1, RefProcThreadModel::Single, marks_oops_alive: false
[1457.398s][debug][gc,phases      ] GC(132) Reference Processing 0.166ms
[1457.399s][debug][gc,phases      ] GC(132)   VM Weak                        Min:  0.0, Avg:  0.0, Max:  0.0, Diff:  0.0, Sum:  0.0, Workers: 4
[1457.399s][debug][gc,phases      ] GC(132)     Dead                           Min: 0, Avg:  0.0, Max: 0, Diff: 0, Sum: 0, Workers: 4
[1457.399s][debug][gc,phases      ] GC(132)     Total                          Min: 0, Avg: 176.2, Max: 704, Diff: 704, Sum: 705, Workers: 4
[1457.399s][debug][gc,phases      ] GC(132)   ObjectSynchronizer Weak        Min:  0.0, Avg:  0.0, Max:  0.0, Diff:  0.0, Sum:  0.0, Workers: 4
[1457.399s][debug][gc,phases      ] GC(132)     Dead                           Min: 0, Avg:  0.0, Max: 0, Diff: 0, Sum: 0, Workers: 4
[1457.399s][debug][gc,phases      ] GC(132)     Total                          Min: 0, Avg: 94.5, Max: 186, Diff: 186, Sum: 378, Workers: 4
[1457.399s][debug][gc,phases      ] GC(132)   JVMTI Tag Weak OopStorage      Min:  0.0, Avg:  0.0, Max:  0.0, Diff:  0.0, Sum:  0.0, Workers: 4
[1457.399s][debug][gc,phases      ] GC(132)     Dead                           Min: 0, Avg:  0.0, Max: 0, Diff: 0, Sum: 0, Workers: 4
[1457.399s][debug][gc,phases      ] GC(132)     Total                          Min: 0, Avg:  0.0, Max: 0, Diff: 0, Sum: 0, Workers: 4
[1457.399s][debug][gc,phases      ] GC(132)   StringTable Weak               Min:  0.1, Avg:  0.1, Max:  0.1, Diff:  0.0, Sum:  0.5, Workers: 4
[1457.399s][debug][gc,phases      ] GC(132)     Dead                           Min: 0, Avg:  0.0, Max: 0, Diff: 0, Sum: 0, Workers: 4
[1457.399s][debug][gc,phases      ] GC(132)     Total                          Min: 11328, Avg: 12051.8, Max: 12928, Diff: 1600, Sum: 48207, Workers: 4
[1457.399s][debug][gc,phases      ] GC(132)   ResolvedMethodTable Weak       Min:  0.0, Avg:  0.0, Max:  0.0, Diff:  0.0, Sum:  0.1, Workers: 4
[1457.399s][debug][gc,phases      ] GC(132)     Dead                           Min: 0, Avg:  0.0, Max: 0, Diff: 0, Sum: 0, Workers: 4
[1457.399s][debug][gc,phases      ] GC(132)     Total                          Min: 1770, Avg: 2027.0, Max: 2395, Diff: 625, Sum: 8108, Workers: 4
[1457.399s][debug][gc,phases      ] GC(132)   JNI Weak                       Min:  0.0, Avg:  0.0, Max:  0.0, Diff:  0.0, Sum:  0.0, Workers: 4
[1457.399s][debug][gc,phases      ] GC(132)     Dead                           Min: 0, Avg:  0.0, Max: 0, Diff: 0, Sum: 0, Workers: 4
[1457.399s][debug][gc,phases      ] GC(132)     Total                          Min: 0, Avg:  0.0, Max: 0, Diff: 0, Sum: 0, Workers: 4
[1457.399s][debug][gc,phases      ] GC(132)   StringDedup Table Weak         Min:  0.0, Avg:  0.0, Max:  0.0, Diff:  0.0, Sum:  0.0, Workers: 4
[1457.399s][debug][gc,phases      ] GC(132)     Dead                           Min: 0, Avg:  0.0, Max: 0, Diff: 0, Sum: 0, Workers: 4
[1457.399s][debug][gc,phases      ] GC(132)     Total                          Min: 0, Avg:  0.0, Max: 0, Diff: 0, Sum: 0, Workers: 4
[1457.399s][debug][gc,phases      ] GC(132)   StringDedup Requests0 Weak     Min:  0.0, Avg:  0.0, Max:  0.0, Diff:  0.0, Sum:  0.0, Workers: 4
[1457.399s][debug][gc,phases      ] GC(132)     Dead                           Min: 0, Avg:  0.0, Max: 0, Diff: 0, Sum: 0, Workers: 4
[1457.399s][debug][gc,phases      ] GC(132)     Total                          Min: 0, Avg:  0.0, Max: 0, Diff: 0, Sum: 0, Workers: 4
[1457.399s][debug][gc,phases      ] GC(132)   StringDedup Requests1 Weak     Min:  0.0, Avg:  0.0, Max:  0.0, Diff:  0.0, Sum:  0.0, Workers: 4
[1457.399s][debug][gc,phases      ] GC(132)     Dead                           Min: 0, Avg:  0.0, Max: 0, Diff: 0, Sum: 0, Workers: 4
[1457.399s][debug][gc,phases      ] GC(132)     Total                          Min: 0, Avg:  0.0, Max: 0, Diff: 0, Sum: 0, Workers: 4
[1457.399s][debug][gc,phases      ] GC(132)   Weak JFR Old Object Samples    Min:  0.0, Avg:  0.0, Max:  0.0, Diff:  0.0, Sum:  0.0, Workers: 4
[1457.399s][debug][gc,phases      ] GC(132)     Dead                           Min: 0, Avg:  0.0, Max: 0, Diff: 0, Sum: 0, Workers: 4
[1457.399s][debug][gc,phases      ] GC(132)     Total                          Min: 0, Avg:  0.0, Max: 0, Diff: 0, Sum: 0, Workers: 4
[1457.399s][debug][gc,phases      ] GC(132) Weak Processing 0.351ms
[1457.399s][debug][gc,age         ] GC(132) Desired survivor size 73924608 bytes, new threshold 15 (max threshold 15)
[1457.399s][info ][gc,heap        ] GC(132) PSYoungGen: 2010368K(2010624K)->54464K(2024448K) Eden: 1955840K(1955840K)->0K(1952768K) From: 54528K(54784K)->54464K(71680K)
[1457.399s][info ][gc,heap        ] GC(132) ParOldGen: 546138K(595968K)->546402K(595968K)
[1457.399s][info ][gc,metaspace   ] GC(132) Metaspace: 83369K(84288K)->83369K(84288K) NonClass: 71719K(72192K)->71719K(72192K) Class: 11650K(12096K)->11650K(12096K)
[1457.399s][info ][gc             ] GC(132) Pause Young (Allocation Failure) 2496M->586M(2559M) 15.385ms
[1457.399s][info ][gc,cpu         ] GC(132) User=0.06s Sys=0.00s Real=0.02s
[1457.399s][info ][safepoint      ] Safepoint "ParallelGCFailedAllocation", Time since last: 8969732034 ns, Reaching safepoint: 50401 ns, At safepoint: 15482409 ns, Total: 15532810 ns
[1459.399s][info ][safepoint      ] Safepoint "Cleanup", Time since last: 2000148155 ns, Reaching safepoint: 114402 ns, At safepoint: 6401 ns, Total: 120803 ns
[1463.400s][info ][safepoint      ] Safepoint "Cleanup", Time since last: 4000313111 ns, Reaching safepoint: 50101 ns, At safepoint: 4200 ns, Total: 54301 ns
[1468.400s][info ][safepoint      ] Safepoint "Cleanup", Time since last: 5000357938 ns, Reaching safepoint: 56001 ns, At safepoint: 32700 ns, Total: 88701 ns
[1469.400s][info ][safepoint      ] Safepoint "Cleanup", Time since last: 1000076428 ns, Reaching safepoint: 56101 ns, At safepoint: 9400 ns, Total: 65501 ns
[1483.401s][info ][safepoint      ] Safepoint "Cleanup", Time since last: 14000933283 ns, Reaching safepoint: 47801 ns, At safepoint: 6200 ns, Total: 54001 ns
[1490.402s][info ][safepoint      ] Safepoint "Cleanup", Time since last: 7000491390 ns, Reaching safepoint: 51401 ns, At safepoint: 11301 ns, Total: 62702 ns
[1492.402s][info ][safepoint      ] Safepoint "Cleanup", Time since last: 2000167854 ns, Reaching safepoint: 43501 ns, At safepoint: 4000 ns, Total: 47501 ns
[1504.403s][info ][safepoint      ] Safepoint "Cleanup", Time since last: 12000787524 ns, Reaching safepoint: 45901 ns, At safepoint: 31900 ns, Total: 77801 ns
[1513.404s][info ][safepoint      ] Safepoint "Cleanup", Time since last: 9000759345 ns, Reaching safepoint: 48401 ns, At safepoint: 10400 ns, Total: 58801 ns
[1515.404s][info ][safepoint      ] Safepoint "Cleanup", Time since last: 2000170955 ns, Reaching safepoint: 42300 ns, At safepoint: 3800 ns, Total: 46100 ns
[1516.404s][info ][safepoint      ] Safepoint "Cleanup", Time since last: 1000108928 ns, Reaching safepoint: 46201 ns, At safepoint: 5100 ns, Total: 51301 ns
[1521.404s][info ][safepoint      ] Safepoint "Cleanup", Time since last: 5000346434 ns, Reaching safepoint: 57901 ns, At safepoint: 12200 ns, Total: 70101 ns
[1522.405s][info ][safepoint      ] Safepoint "Cleanup", Time since last: 1000108828 ns, Reaching safepoint: 37000 ns, At safepoint: 3400 ns, Total: 40400 ns
[1527.405s][info ][safepoint      ] Safepoint "Cleanup", Time since last: 5000288633 ns, Reaching safepoint: 59201 ns, At safepoint: 8900 ns, Total: 68101 ns
[1530.405s][info ][safepoint      ] Safepoint "Cleanup", Time since last: 3000198880 ns, Reaching safepoint: 43300 ns, At safepoint: 9901 ns, Total: 53201 ns
[1533.405s][info ][safepoint      ] Safepoint "Cleanup", Time since last: 3000227580 ns, Reaching safepoint: 51701 ns, At safepoint: 6400 ns, Total: 58101 ns
[1534.406s][info ][safepoint      ] Safepoint "Cleanup", Time since last: 1000108827 ns, Reaching safepoint: 51101 ns, At safepoint: 15201 ns, Total: 66302 ns
[1536.847s][info ][gc,start       ] GC(133) Pause Young (Allocation Failure)
[1536.860s][debug][gc,phases      ] GC(133) Scavenge 12.605ms
[1536.860s][debug][gc,ref         ] GC(133) Skipped phase 1 of Reference Processing: no references
[1536.860s][debug][gc,ref         ] GC(133) ReferenceProcessor::execute queues: 1, RefProcThreadModel::Single, marks_oops_alive: false
[1536.860s][debug][gc,ref         ] GC(133) Skipped phase 3 of Reference Processing: no references
[1536.860s][debug][gc,ref         ] GC(133) ReferenceProcessor::execute queues: 1, RefProcThreadModel::Single, marks_oops_alive: false
[1536.860s][debug][gc,phases      ] GC(133) Reference Processing 0.148ms
[1536.860s][debug][gc,phases      ] GC(133)   VM Weak                        Min:  0.0, Avg:  0.0, Max:  0.0, Diff:  0.0, Sum:  0.0, Workers: 4
[1536.860s][debug][gc,phases      ] GC(133)     Dead                           Min: 0, Avg:  0.0, Max: 0, Diff: 0, Sum: 0, Workers: 4
[1536.860s][debug][gc,phases      ] GC(133)     Total                          Min: 0, Avg: 176.2, Max: 384, Diff: 384, Sum: 705, Workers: 4
[1536.860s][debug][gc,phases      ] GC(133)   ObjectSynchronizer Weak        Min:  0.0, Avg:  0.0, Max:  0.0, Diff:  0.0, Sum:  0.0, Workers: 4
[1536.860s][debug][gc,phases      ] GC(133)     Dead                           Min: 0, Avg:  0.0, Max: 0, Diff: 0, Sum: 0, Workers: 4
[1536.860s][debug][gc,phases      ] GC(133)     Total                          Min: 0, Avg: 94.5, Max: 250, Diff: 250, Sum: 378, Workers: 4
[1536.860s][debug][gc,phases      ] GC(133)   JVMTI Tag Weak OopStorage      Min:  0.0, Avg:  0.0, Max:  0.0, Diff:  0.0, Sum:  0.0, Workers: 4
[1536.860s][debug][gc,phases      ] GC(133)     Dead                           Min: 0, Avg:  0.0, Max: 0, Diff: 0, Sum: 0, Workers: 4
[1536.860s][debug][gc,phases      ] GC(133)     Total                          Min: 0, Avg:  0.0, Max: 0, Diff: 0, Sum: 0, Workers: 4
[1536.860s][debug][gc,phases      ] GC(133)   StringTable Weak               Min:  0.1, Avg:  0.1, Max:  0.1, Diff:  0.0, Sum:  0.4, Workers: 4
[1536.860s][debug][gc,phases      ] GC(133)     Dead                           Min: 0, Avg:  0.0, Max: 0, Diff: 0, Sum: 0, Workers: 4
[1536.860s][debug][gc,phases      ] GC(133)     Total                          Min: 11840, Avg: 12052.2, Max: 12305, Diff: 465, Sum: 48209, Workers: 4
[1536.860s][debug][gc,phases      ] GC(133)   ResolvedMethodTable Weak       Min:  0.0, Avg:  0.0, Max:  0.0, Diff:  0.0, Sum:  0.1, Workers: 4
[1536.860s][debug][gc,phases      ] GC(133)     Dead                           Min: 0, Avg:  0.0, Max: 0, Diff: 0, Sum: 0, Workers: 4
[1536.860s][debug][gc,phases      ] GC(133)     Total                          Min: 1897, Avg: 2027.0, Max: 2332, Diff: 435, Sum: 8108, Workers: 4
[1536.860s][debug][gc,phases      ] GC(133)   JNI Weak                       Min:  0.0, Avg:  0.0, Max:  0.0, Diff:  0.0, Sum:  0.0, Workers: 4
[1536.860s][debug][gc,phases      ] GC(133)     Dead                           Min: 0, Avg:  0.0, Max: 0, Diff: 0, Sum: 0, Workers: 4
[1536.860s][debug][gc,phases      ] GC(133)     Total                          Min: 0, Avg:  0.0, Max: 0, Diff: 0, Sum: 0, Workers: 4
[1536.860s][debug][gc,phases      ] GC(133)   StringDedup Table Weak         Min:  0.0, Avg:  0.0, Max:  0.0, Diff:  0.0, Sum:  0.0, Workers: 4
[1536.860s][debug][gc,phases      ] GC(133)     Dead                           Min: 0, Avg:  0.0, Max: 0, Diff: 0, Sum: 0, Workers: 4
[1536.860s][debug][gc,phases      ] GC(133)     Total                          Min: 0, Avg:  0.0, Max: 0, Diff: 0, Sum: 0, Workers: 4
[1536.860s][debug][gc,phases      ] GC(133)   StringDedup Requests0 Weak     Min:  0.0, Avg:  0.0, Max:  0.0, Diff:  0.0, Sum:  0.0, Workers: 4
[1536.860s][debug][gc,phases      ] GC(133)     Dead                           Min: 0, Avg:  0.0, Max: 0, Diff: 0, Sum: 0, Workers: 4
[1536.860s][debug][gc,phases      ] GC(133)     Total                          Min: 0, Avg:  0.0, Max: 0, Diff: 0, Sum: 0, Workers: 4
[1536.860s][debug][gc,phases      ] GC(133)   StringDedup Requests1 Weak     Min:  0.0, Avg:  0.0, Max:  0.0, Diff:  0.0, Sum:  0.0, Workers: 4
[1536.860s][debug][gc,phases      ] GC(133)     Dead                           Min: 0, Avg:  0.0, Max: 0, Diff: 0, Sum: 0, Workers: 4
[1536.860s][debug][gc,phases      ] GC(133)     Total                          Min: 0, Avg:  0.0, Max: 0, Diff: 0, Sum: 0, Workers: 4
[1536.860s][debug][gc,phases      ] GC(133)   Weak JFR Old Object Samples    Min:  0.0, Avg:  0.0, Max:  0.0, Diff:  0.0, Sum:  0.0, Workers: 4
[1536.860s][debug][gc,phases      ] GC(133)     Dead                           Min: 0, Avg:  0.0, Max: 0, Diff: 0, Sum: 0, Workers: 4
[1536.860s][debug][gc,phases      ] GC(133)     Total                          Min: 0, Avg:  0.0, Max: 0, Diff: 0, Sum: 0, Workers: 4
[1536.860s][debug][gc,phases      ] GC(133) Weak Processing 0.356ms
[1536.860s][debug][gc,age         ] GC(133) Desired survivor size 72876032 bytes, new threshold 15 (max threshold 15)
[1536.861s][info ][gc,heap        ] GC(133) PSYoungGen: 2007232K(2024448K)->51248K(2024960K) Eden: 1952768K(1952768K)->0K(1952768K) From: 54464K(71680K)->51248K(72192K)
[1536.861s][info ][gc,heap        ] GC(133) ParOldGen: 546402K(595968K)->546578K(595968K)
[1536.861s][info ][gc,metaspace   ] GC(133) Metaspace: 83386K(84288K)->83386K(84288K) NonClass: 71736K(72192K)->71736K(72192K) Class: 11650K(12096K)->11650K(12096K)
[1536.861s][info ][gc             ] GC(133) Pause Young (Allocation Failure) 2493M->583M(2559M) 13.259ms
[1536.861s][info ][gc,cpu         ] GC(133) User=0.05s Sys=0.00s Real=0.01s
[1536.861s][info ][safepoint      ] Safepoint "ParallelGCFailedAllocation", Time since last: 2441564248 ns, Reaching safepoint: 48301 ns, At safepoint: 13337466 ns, Total: 13385767 ns
[1551.862s][info ][safepoint      ] Safepoint "Cleanup", Time since last: 15001154398 ns, Reaching safepoint: 44301 ns, At safepoint: 8700 ns, Total: 53001 ns
[1553.862s][info ][safepoint      ] Safepoint "Cleanup", Time since last: 2000135653 ns, Reaching safepoint: 50601 ns, At safepoint: 3400 ns, Total: 54001 ns
[1555.862s][info ][safepoint      ] Safepoint "Cleanup", Time since last: 2000171153 ns, Reaching safepoint: 54401 ns, At safepoint: 9300 ns, Total: 63701 ns
[1556.862s][info ][safepoint      ] Safepoint "Cleanup", Time since last: 1000119427 ns, Reaching safepoint: 49001 ns, At safepoint: 6100 ns, Total: 55101 ns
[1568.863s][info ][safepoint      ] Safepoint "Cleanup", Time since last: 12000832514 ns, Reaching safepoint: 45701 ns, At safepoint: 3200 ns, Total: 48901 ns
[1571.864s][info ][safepoint      ] Safepoint "Cleanup", Time since last: 3000247879 ns, Reaching safepoint: 48601 ns, At safepoint: 11000 ns, Total: 59601 ns
[1573.864s][info ][safepoint      ] Safepoint "Cleanup", Time since last: 2000176453 ns, Reaching safepoint: 46801 ns, At safepoint: 3700 ns, Total: 50501 ns
[1576.864s][info ][safepoint      ] Safepoint "Cleanup", Time since last: 3000263179 ns, Reaching safepoint: 50801 ns, At safepoint: 4101 ns, Total: 54902 ns
[1580.864s][info ][safepoint      ] Safepoint "Cleanup", Time since last: 4000306904 ns, Reaching safepoint: 52701 ns, At safepoint: 5400 ns, Total: 58101 ns
[1586.865s][info ][safepoint      ] Safepoint "Cleanup", Time since last: 6000432456 ns, Reaching safepoint: 45801 ns, At safepoint: 8300 ns, Total: 54101 ns
[1588.865s][info ][safepoint      ] Safepoint "Cleanup", Time since last: 2000176252 ns, Reaching safepoint: 46901 ns, At safepoint: 3600 ns, Total: 50501 ns
[1608.867s][info ][safepoint      ] Safepoint "Cleanup", Time since last: 20001275512 ns, Reaching safepoint: 53101 ns, At safepoint: 4600 ns, Total: 57701 ns
[1609.867s][info ][safepoint      ] Safepoint "Cleanup", Time since last: 1000076326 ns, Reaching safepoint: 49101 ns, At safepoint: 2700 ns, Total: 51801 ns
[1612.867s][info ][safepoint      ] Safepoint "Cleanup", Time since last: 3000238978 ns, Reaching safepoint: 47600 ns, At safepoint: 6101 ns, Total: 53701 ns
[1615.042s][info ][gc,start       ] GC(134) Pause Young (Allocation Failure)
[1615.057s][debug][gc,phases      ] GC(134) Scavenge 14.890ms
[1615.057s][debug][gc,ref         ] GC(134) Skipped phase 1 of Reference Processing: no references
[1615.057s][debug][gc,ref         ] GC(134) ReferenceProcessor::execute queues: 1, RefProcThreadModel::Single, marks_oops_alive: false
[1615.057s][debug][gc,ref         ] GC(134) Skipped phase 3 of Reference Processing: no references
[1615.057s][debug][gc,ref         ] GC(134) ReferenceProcessor::execute queues: 1, RefProcThreadModel::Single, marks_oops_alive: false
[1615.057s][debug][gc,phases      ] GC(134) Reference Processing 0.163ms
[1615.057s][debug][gc,phases      ] GC(134)   VM Weak                        Min:  0.0, Avg:  0.0, Max:  0.0, Diff:  0.0, Sum:  0.0, Workers: 4
[1615.057s][debug][gc,phases      ] GC(134)     Dead                           Min: 0, Avg:  0.0, Max: 0, Diff: 0, Sum: 0, Workers: 4
[1615.057s][debug][gc,phases      ] GC(134)     Total                          Min: 0, Avg: 176.2, Max: 448, Diff: 448, Sum: 705, Workers: 4
[1615.057s][debug][gc,phases      ] GC(134)   ObjectSynchronizer Weak        Min:  0.0, Avg:  0.0, Max:  0.0, Diff:  0.0, Sum:  0.0, Workers: 4
[1615.057s][debug][gc,phases      ] GC(134)     Dead                           Min: 0, Avg:  0.0, Max: 0, Diff: 0, Sum: 0, Workers: 4
[1615.057s][debug][gc,phases      ] GC(134)     Total                          Min: 0, Avg: 94.5, Max: 128, Diff: 128, Sum: 378, Workers: 4
[1615.057s][debug][gc,phases      ] GC(134)   JVMTI Tag Weak OopStorage      Min:  0.0, Avg:  0.0, Max:  0.0, Diff:  0.0, Sum:  0.0, Workers: 4
[1615.057s][debug][gc,phases      ] GC(134)     Dead                           Min: 0, Avg:  0.0, Max: 0, Diff: 0, Sum: 0, Workers: 4
[1615.057s][debug][gc,phases      ] GC(134)     Total                          Min: 0, Avg:  0.0, Max: 0, Diff: 0, Sum: 0, Workers: 4
[1615.057s][debug][gc,phases      ] GC(134)   StringTable Weak               Min:  0.1, Avg:  0.1, Max:  0.1, Diff:  0.0, Sum:  0.5, Workers: 4
[1615.057s][debug][gc,phases      ] GC(134)     Dead                           Min: 0, Avg:  0.0, Max: 0, Diff: 0, Sum: 0, Workers: 4
[1615.057s][debug][gc,phases      ] GC(134)     Total                          Min: 11409, Avg: 12052.2, Max: 12864, Diff: 1455, Sum: 48209, Workers: 4
[1615.057s][debug][gc,phases      ] GC(134)   ResolvedMethodTable Weak       Min:  0.0, Avg:  0.0, Max:  0.0, Diff:  0.0, Sum:  0.1, Workers: 4
[1615.057s][debug][gc,phases      ] GC(134)     Dead                           Min: 0, Avg:  0.0, Max: 0, Diff: 0, Sum: 0, Workers: 4
[1615.057s][debug][gc,phases      ] GC(134)     Total                          Min: 1764, Avg: 2027.0, Max: 2587, Diff: 823, Sum: 8108, Workers: 4
[1615.057s][debug][gc,phases      ] GC(134)   JNI Weak                       Min:  0.0, Avg:  0.0, Max:  0.0, Diff:  0.0, Sum:  0.0, Workers: 4
[1615.057s][debug][gc,phases      ] GC(134)     Dead                           Min: 0, Avg:  0.0, Max: 0, Diff: 0, Sum: 0, Workers: 4
[1615.057s][debug][gc,phases      ] GC(134)     Total                          Min: 0, Avg:  0.0, Max: 0, Diff: 0, Sum: 0, Workers: 4
[1615.057s][debug][gc,phases      ] GC(134)   StringDedup Table Weak         Min:  0.0, Avg:  0.0, Max:  0.0, Diff:  0.0, Sum:  0.0, Workers: 4
[1615.057s][debug][gc,phases      ] GC(134)     Dead                           Min: 0, Avg:  0.0, Max: 0, Diff: 0, Sum: 0, Workers: 4
[1615.057s][debug][gc,phases      ] GC(134)     Total                          Min: 0, Avg:  0.0, Max: 0, Diff: 0, Sum: 0, Workers: 4
[1615.057s][debug][gc,phases      ] GC(134)   StringDedup Requests0 Weak     Min:  0.0, Avg:  0.0, Max:  0.0, Diff:  0.0, Sum:  0.0, Workers: 4
[1615.057s][debug][gc,phases      ] GC(134)     Dead                           Min: 0, Avg:  0.0, Max: 0, Diff: 0, Sum: 0, Workers: 4
[1615.057s][debug][gc,phases      ] GC(134)     Total                          Min: 0, Avg:  0.0, Max: 0, Diff: 0, Sum: 0, Workers: 4
[1615.057s][debug][gc,phases      ] GC(134)   StringDedup Requests1 Weak     Min:  0.0, Avg:  0.0, Max:  0.0, Diff:  0.0, Sum:  0.0, Workers: 4
[1615.057s][debug][gc,phases      ] GC(134)     Dead                           Min: 0, Avg:  0.0, Max: 0, Diff: 0, Sum: 0, Workers: 4
[1615.057s][debug][gc,phases      ] GC(134)     Total                          Min: 0, Avg:  0.0, Max: 0, Diff: 0, Sum: 0, Workers: 4
[1615.057s][debug][gc,phases      ] GC(134)   Weak JFR Old Object Samples    Min:  0.0, Avg:  0.0, Max:  0.0, Diff:  0.0, Sum:  0.0, Workers: 4
[1615.057s][debug][gc,phases      ] GC(134)     Dead                           Min: 0, Avg:  0.0, Max: 0, Diff: 0, Sum: 0, Workers: 4
[1615.057s][debug][gc,phases      ] GC(134)     Total                          Min: 0, Avg:  0.0, Max: 0, Diff: 0, Sum: 0, Workers: 4
[1615.057s][debug][gc,phases      ] GC(134) Weak Processing 0.360ms
[1615.057s][debug][gc,age         ] GC(134) Desired survivor size 71303168 bytes, new threshold 15 (max threshold 15)
[1615.057s][info ][gc,heap        ] GC(134) PSYoungGen: 2004016K(2024960K)->43904K(2027520K) Eden: 1952768K(1952768K)->0K(1956352K) From: 51248K(72192K)->43904K(71168K)
[1615.057s][info ][gc,heap        ] GC(134) ParOldGen: 546578K(595968K)->554346K(595968K)
[1615.057s][info ][gc,metaspace   ] GC(134) Metaspace: 83410K(84288K)->83410K(84288K) NonClass: 71760K(72192K)->71760K(72192K) Class: 11650K(12096K)->11650K(12096K)
[1615.057s][info ][gc             ] GC(134) Pause Young (Allocation Failure) 2490M->584M(2562M) 15.573ms
[1615.057s][info ][gc,cpu         ] GC(134) User=0.05s Sys=0.02s Real=0.02s
[1615.058s][info ][safepoint      ] Safepoint "ParallelGCFailedAllocation", Time since last: 2174883332 ns, Reaching safepoint: 29901 ns, At safepoint: 15665112 ns, Total: 15695013 ns
[1622.058s][info ][safepoint      ] Safepoint "Cleanup", Time since last: 7000450178 ns, Reaching safepoint: 47401 ns, At safepoint: 2900 ns, Total: 50301 ns
[1630.059s][info ][safepoint      ] Safepoint "Cleanup", Time since last: 8000542303 ns, Reaching safepoint: 54401 ns, At safepoint: 28400 ns, Total: 82801 ns
[1631.059s][info ][safepoint      ] Safepoint "Cleanup", Time since last: 1000099526 ns, Reaching safepoint: 49601 ns, At safepoint: 6700 ns, Total: 56301 ns
[1632.059s][info ][safepoint      ] Safepoint "Cleanup", Time since last: 1000115927 ns, Reaching safepoint: 50201 ns, At safepoint: 8900 ns, Total: 59101 ns
[1643.060s][info ][safepoint      ] Safepoint "Cleanup", Time since last: 11000751377 ns, Reaching safepoint: 49601 ns, At safepoint: 11901 ns, Total: 61502 ns
[1663.061s][info ][safepoint      ] Safepoint "Cleanup", Time since last: 20001345901 ns, Reaching safepoint: 49401 ns, At safepoint: 7600 ns, Total: 57001 ns
[1665.061s][info ][safepoint      ] Safepoint "Cleanup", Time since last: 2000202451 ns, Reaching safepoint: 44301 ns, At safepoint: 4000 ns, Total: 48301 ns
[1666.062s][info ][safepoint      ] Safepoint "Cleanup", Time since last: 1000064625 ns, Reaching safepoint: 51001 ns, At safepoint: 3000 ns, Total: 54001 ns
[1672.062s][info ][safepoint      ] Safepoint "Cleanup", Time since last: 6000439250 ns, Reaching safepoint: 47901 ns, At safepoint: 6700 ns, Total: 54601 ns
[1685.063s][info ][safepoint      ] Safepoint "Cleanup", Time since last: 13000917023 ns, Reaching safepoint: 54101 ns, At safepoint: 4200 ns, Total: 58301 ns
[1689.063s][info ][safepoint      ] Safepoint "Cleanup", Time since last: 4000338701 ns, Reaching safepoint: 42601 ns, At safepoint: 4200 ns, Total: 46801 ns
[1694.888s][info ][gc,start       ] GC(135) Pause Young (Allocation Failure)
[1694.900s][debug][gc,phases      ] GC(135) Scavenge 12.177ms
[1694.900s][debug][gc,ref         ] GC(135) Skipped phase 1 of Reference Processing: no references
[1694.900s][debug][gc,ref         ] GC(135) ReferenceProcessor::execute queues: 1, RefProcThreadModel::Single, marks_oops_alive: false
[1694.900s][debug][gc,ref         ] GC(135) Skipped phase 3 of Reference Processing: no references
[1694.900s][debug][gc,ref         ] GC(135) ReferenceProcessor::execute queues: 1, RefProcThreadModel::Single, marks_oops_alive: false
[1694.900s][debug][gc,phases      ] GC(135) Reference Processing 0.167ms
[1694.900s][debug][gc,phases      ] GC(135)   VM Weak                        Min:  0.0, Avg:  0.0, Max:  0.0, Diff:  0.0, Sum:  0.0, Workers: 4
[1694.900s][debug][gc,phases      ] GC(135)     Dead                           Min: 0, Avg:  0.0, Max: 0, Diff: 0, Sum: 0, Workers: 4
[1694.900s][debug][gc,phases      ] GC(135)     Total                          Min: 0, Avg: 176.2, Max: 384, Diff: 384, Sum: 705, Workers: 4
[1694.900s][debug][gc,phases      ] GC(135)   ObjectSynchronizer Weak        Min:  0.0, Avg:  0.0, Max:  0.0, Diff:  0.0, Sum:  0.0, Workers: 4
[1694.901s][debug][gc,phases      ] GC(135)     Dead                           Min: 0, Avg:  0.0, Max: 0, Diff: 0, Sum: 0, Workers: 4
[1694.901s][debug][gc,phases      ] GC(135)     Total                          Min: 0, Avg: 94.5, Max: 128, Diff: 128, Sum: 378, Workers: 4
[1694.901s][debug][gc,phases      ] GC(135)   JVMTI Tag Weak OopStorage      Min:  0.0, Avg:  0.0, Max:  0.0, Diff:  0.0, Sum:  0.0, Workers: 4
[1694.901s][debug][gc,phases      ] GC(135)     Dead                           Min: 0, Avg:  0.0, Max: 0, Diff: 0, Sum: 0, Workers: 4
[1694.901s][debug][gc,phases      ] GC(135)     Total                          Min: 0, Avg:  0.0, Max: 0, Diff: 0, Sum: 0, Workers: 4
[1694.901s][debug][gc,phases      ] GC(135)   StringTable Weak               Min:  0.1, Avg:  0.1, Max:  0.1, Diff:  0.0, Sum:  0.5, Workers: 4
[1694.901s][debug][gc,phases      ] GC(135)     Dead                           Min: 0, Avg:  0.0, Max: 0, Diff: 0, Sum: 0, Workers: 4
[1694.901s][debug][gc,phases      ] GC(135)     Total                          Min: 11537, Avg: 12052.2, Max: 12864, Diff: 1327, Sum: 48209, Workers: 4
[1694.901s][debug][gc,phases      ] GC(135)   ResolvedMethodTable Weak       Min:  0.0, Avg:  0.0, Max:  0.0, Diff:  0.0, Sum:  0.1, Workers: 4
[1694.901s][debug][gc,phases      ] GC(135)     Dead                           Min: 0, Avg:  0.0, Max: 0, Diff: 0, Sum: 0, Workers: 4
[1694.901s][debug][gc,phases      ] GC(135)     Total                          Min: 1767, Avg: 2027.0, Max: 2518, Diff: 751, Sum: 8108, Workers: 4
[1694.901s][debug][gc,phases      ] GC(135)   JNI Weak                       Min:  0.0, Avg:  0.0, Max:  0.0, Diff:  0.0, Sum:  0.0, Workers: 4
[1694.901s][debug][gc,phases      ] GC(135)     Dead                           Min: 0, Avg:  0.0, Max: 0, Diff: 0, Sum: 0, Workers: 4
[1694.901s][debug][gc,phases      ] GC(135)     Total                          Min: 0, Avg:  0.0, Max: 0, Diff: 0, Sum: 0, Workers: 4
[1694.901s][debug][gc,phases      ] GC(135)   StringDedup Table Weak         Min:  0.0, Avg:  0.0, Max:  0.0, Diff:  0.0, Sum:  0.0, Workers: 4
[1694.901s][debug][gc,phases      ] GC(135)     Dead                           Min: 0, Avg:  0.0, Max: 0, Diff: 0, Sum: 0, Workers: 4
[1694.901s][debug][gc,phases      ] GC(135)     Total                          Min: 0, Avg:  0.0, Max: 0, Diff: 0, Sum: 0, Workers: 4
[1694.901s][debug][gc,phases      ] GC(135)   StringDedup Requests0 Weak     Min:  0.0, Avg:  0.0, Max:  0.0, Diff:  0.0, Sum:  0.0, Workers: 4
[1694.901s][debug][gc,phases      ] GC(135)     Dead                           Min: 0, Avg:  0.0, Max: 0, Diff: 0, Sum: 0, Workers: 4
[1694.901s][debug][gc,phases      ] GC(135)     Total                          Min: 0, Avg:  0.0, Max: 0, Diff: 0, Sum: 0, Workers: 4
[1694.901s][debug][gc,phases      ] GC(135)   StringDedup Requests1 Weak     Min:  0.0, Avg:  0.0, Max:  0.0, Diff:  0.0, Sum:  0.0, Workers: 4
[1694.901s][debug][gc,phases      ] GC(135)     Dead                           Min: 0, Avg:  0.0, Max: 0, Diff: 0, Sum: 0, Workers: 4
[1694.901s][debug][gc,phases      ] GC(135)     Total                          Min: 0, Avg:  0.0, Max: 0, Diff: 0, Sum: 0, Workers: 4
[1694.901s][debug][gc,phases      ] GC(135)   Weak JFR Old Object Samples    Min:  0.0, Avg:  0.0, Max:  0.0, Diff:  0.0, Sum:  0.0, Workers: 4
[1694.901s][debug][gc,phases      ] GC(135)     Dead                           Min: 0, Avg:  0.0, Max: 0, Diff: 0, Sum: 0, Workers: 4
[1694.901s][debug][gc,phases      ] GC(135)     Total                          Min: 0, Avg:  0.0, Max: 0, Diff: 0, Sum: 0, Workers: 4
[1694.901s][debug][gc,phases      ] GC(135) Weak Processing 0.345ms
[1694.901s][debug][gc,age         ] GC(135) Desired survivor size 69730304 bytes, new threshold 15 (max threshold 15)
[1694.901s][info ][gc,heap        ] GC(135) PSYoungGen: 2000256K(2027520K)->41856K(2025984K) Eden: 1956352K(1956352K)->0K(1956352K) From: 43904K(71168K)->41856K(69632K)
[1694.901s][info ][gc,heap        ] GC(135) ParOldGen: 554346K(595968K)->556982K(595968K)
[1694.901s][info ][gc,metaspace   ] GC(135) Metaspace: 83415K(84288K)->83415K(84288K) NonClass: 71765K(72192K)->71765K(72192K) Class: 11650K(12096K)->11650K(12096K)
[1694.901s][info ][gc             ] GC(135) Pause Young (Allocation Failure) 2494M->584M(2560M) 12.833ms
[1694.901s][info ][gc,cpu         ] GC(135) User=0.05s Sys=0.00s Real=0.01s
[1694.901s][info ][safepoint      ] Safepoint "ParallelGCFailedAllocation", Time since last: 5824333740 ns, Reaching safepoint: 30600 ns, At safepoint: 12935858 ns, Total: 12966458 ns
[1696.901s][info ][safepoint      ] Safepoint "Cleanup", Time since last: 2000154250 ns, Reaching safepoint: 49301 ns, At safepoint: 3500 ns, Total: 52801 ns
[1730.903s][info ][safepoint      ] Safepoint "Cleanup", Time since last: 34002214929 ns, Reaching safepoint: 55601 ns, At safepoint: 7300 ns, Total: 62901 ns
[1732.903s][info ][safepoint      ] Safepoint "Cleanup", Time since last: 2000178050 ns, Reaching safepoint: 47501 ns, At safepoint: 4400 ns, Total: 51901 ns
[1759.905s][info ][safepoint      ] Safepoint "Cleanup", Time since last: 27001659549 ns, Reaching safepoint: 48701 ns, At safepoint: 5500 ns, Total: 54201 ns
[1763.910s][info ][safepoint      ] Safepoint "Cleanup", Time since last: 4005069891 ns, Reaching safepoint: 52901 ns, At safepoint: 9701 ns, Total: 62602 ns
[1776.448s][info ][gc,start       ] GC(136) Pause Young (Allocation Failure)
[1776.460s][debug][gc,phases      ] GC(136) Scavenge 11.726ms
[1776.460s][debug][gc,ref         ] GC(136) Skipped phase 1 of Reference Processing: no references
[1776.460s][debug][gc,ref         ] GC(136) ReferenceProcessor::execute queues: 1, RefProcThreadModel::Single, marks_oops_alive: false
[1776.460s][debug][gc,ref         ] GC(136) Skipped phase 3 of Reference Processing: no references
[1776.460s][debug][gc,ref         ] GC(136) ReferenceProcessor::execute queues: 1, RefProcThreadModel::Single, marks_oops_alive: false
[1776.460s][debug][gc,phases      ] GC(136) Reference Processing 0.154ms
[1776.460s][debug][gc,phases      ] GC(136)   VM Weak                        Min:  0.0, Avg:  0.0, Max:  0.0, Diff:  0.0, Sum:  0.0, Workers: 4
[1776.460s][debug][gc,phases      ] GC(136)     Dead                           Min: 0, Avg:  0.0, Max: 0, Diff: 0, Sum: 0, Workers: 4
[1776.460s][debug][gc,phases      ] GC(136)     Total                          Min: 0, Avg: 176.2, Max: 512, Diff: 512, Sum: 705, Workers: 4
[1776.460s][debug][gc,phases      ] GC(136)   ObjectSynchronizer Weak        Min:  0.0, Avg:  0.0, Max:  0.0, Diff:  0.0, Sum:  0.0, Workers: 4
[1776.460s][debug][gc,phases      ] GC(136)     Dead                           Min: 0, Avg:  0.0, Max: 0, Diff: 0, Sum: 0, Workers: 4
[1776.460s][debug][gc,phases      ] GC(136)     Total                          Min: 0, Avg: 94.5, Max: 128, Diff: 128, Sum: 378, Workers: 4
[1776.460s][debug][gc,phases      ] GC(136)   JVMTI Tag Weak OopStorage      Min:  0.0, Avg:  0.0, Max:  0.0, Diff:  0.0, Sum:  0.0, Workers: 4
[1776.460s][debug][gc,phases      ] GC(136)     Dead                           Min: 0, Avg:  0.0, Max: 0, Diff: 0, Sum: 0, Workers: 4
[1776.460s][debug][gc,phases      ] GC(136)     Total                          Min: 0, Avg:  0.0, Max: 0, Diff: 0, Sum: 0, Workers: 4
[1776.460s][debug][gc,phases      ] GC(136)   StringTable Weak               Min:  0.1, Avg:  0.1, Max:  0.1, Diff:  0.0, Sum:  0.5, Workers: 4
[1776.460s][debug][gc,phases      ] GC(136)     Dead                           Min: 0, Avg:  0.0, Max: 0, Diff: 0, Sum: 0, Workers: 4
[1776.460s][debug][gc,phases      ] GC(136)     Total                          Min: 11410, Avg: 12052.5, Max: 13760, Diff: 2350, Sum: 48210, Workers: 4
[1776.460s][debug][gc,phases      ] GC(136)   ResolvedMethodTable Weak       Min:  0.0, Avg:  0.0, Max:  0.0, Diff:  0.0, Sum:  0.1, Workers: 4
[1776.460s][debug][gc,phases      ] GC(136)     Dead                           Min: 0, Avg:  0.0, Max: 0, Diff: 0, Sum: 0, Workers: 4
[1776.460s][debug][gc,phases      ] GC(136)     Total                          Min: 1707, Avg: 2027.0, Max: 2403, Diff: 696, Sum: 8108, Workers: 4
[1776.460s][debug][gc,phases      ] GC(136)   JNI Weak                       Min:  0.0, Avg:  0.0, Max:  0.0, Diff:  0.0, Sum:  0.0, Workers: 4
[1776.460s][debug][gc,phases      ] GC(136)     Dead                           Min: 0, Avg:  0.0, Max: 0, Diff: 0, Sum: 0, Workers: 4
[1776.460s][debug][gc,phases      ] GC(136)     Total                          Min: 0, Avg:  0.0, Max: 0, Diff: 0, Sum: 0, Workers: 4
[1776.460s][debug][gc,phases      ] GC(136)   StringDedup Table Weak         Min:  0.0, Avg:  0.0, Max:  0.0, Diff:  0.0, Sum:  0.0, Workers: 4
[1776.460s][debug][gc,phases      ] GC(136)     Dead                           Min: 0, Avg:  0.0, Max: 0, Diff: 0, Sum: 0, Workers: 4
[1776.460s][debug][gc,phases      ] GC(136)     Total                          Min: 0, Avg:  0.0, Max: 0, Diff: 0, Sum: 0, Workers: 4
[1776.460s][debug][gc,phases      ] GC(136)   StringDedup Requests0 Weak     Min:  0.0, Avg:  0.0, Max:  0.0, Diff:  0.0, Sum:  0.0, Workers: 4
[1776.460s][debug][gc,phases      ] GC(136)     Dead                           Min: 0, Avg:  0.0, Max: 0, Diff: 0, Sum: 0, Workers: 4
[1776.460s][debug][gc,phases      ] GC(136)     Total                          Min: 0, Avg:  0.0, Max: 0, Diff: 0, Sum: 0, Workers: 4
[1776.460s][debug][gc,phases      ] GC(136)   StringDedup Requests1 Weak     Min:  0.0, Avg:  0.0, Max:  0.0, Diff:  0.0, Sum:  0.0, Workers: 4
[1776.460s][debug][gc,phases      ] GC(136)     Dead                           Min: 0, Avg:  0.0, Max: 0, Diff: 0, Sum: 0, Workers: 4
[1776.460s][debug][gc,phases      ] GC(136)     Total                          Min: 0, Avg:  0.0, Max: 0, Diff: 0, Sum: 0, Workers: 4
[1776.460s][debug][gc,phases      ] GC(136)   Weak JFR Old Object Samples    Min:  0.0, Avg:  0.0, Max:  0.0, Diff:  0.0, Sum:  0.0, Workers: 4
[1776.460s][debug][gc,phases      ] GC(136)     Dead                           Min: 0, Avg:  0.0, Max: 0, Diff: 0, Sum: 0, Workers: 4
[1776.461s][debug][gc,phases      ] GC(136)     Total                          Min: 0, Avg:  0.0, Max: 0, Diff: 0, Sum: 0, Workers: 4
[1776.461s][debug][gc,phases      ] GC(136) Weak Processing 0.332ms
[1776.461s][debug][gc,age         ] GC(136) Desired survivor size 68681728 bytes, new threshold 15 (max threshold 15)
[1776.461s][info ][gc,heap        ] GC(136) PSYoungGen: 1998208K(2025984K)->39120K(2030080K) Eden: 1956352K(1956352K)->0K(1961984K) From: 41856K(69632K)->39120K(68096K)
[1776.461s][info ][gc,heap        ] GC(136) ParOldGen: 556982K(595968K)->558542K(595968K)
[1776.461s][info ][gc,metaspace   ] GC(136) Metaspace: 83423K(84288K)->83423K(84288K) NonClass: 71773K(72192K)->71773K(72192K) Class: 11650K(12096K)->11650K(12096K)
[1776.461s][info ][gc             ] GC(136) Pause Young (Allocation Failure) 2495M->583M(2564M) 12.381ms
[1776.461s][info ][gc,cpu         ] GC(136) User=0.05s Sys=0.00s Real=0.01s
[1776.461s][info ][safepoint      ] Safepoint "ParallelGCFailedAllocation", Time since last: 12537796685 ns, Reaching safepoint: 43701 ns, At safepoint: 12477748 ns, Total: 12521449 ns
[1780.461s][info ][safepoint      ] Safepoint "Cleanup", Time since last: 4000247595 ns, Reaching safepoint: 38101 ns, At safepoint: 3100 ns, Total: 41201 ns
[1785.461s][info ][safepoint      ] Safepoint "Cleanup", Time since last: 5000365920 ns, Reaching safepoint: 54001 ns, At safepoint: 8100 ns, Total: 62101 ns
[1791.462s][info ][safepoint      ] Safepoint "Cleanup", Time since last: 6000425843 ns, Reaching safepoint: 49601 ns, At safepoint: 6200 ns, Total: 55801 ns
[1795.462s][info ][safepoint      ] Safepoint "Cleanup", Time since last: 4000304396 ns, Reaching safepoint: 49501 ns, At safepoint: 7800 ns, Total: 57301 ns
[1815.464s][info ][safepoint      ] Safepoint "Cleanup", Time since last: 20001309972 ns, Reaching safepoint: 61302 ns, At safepoint: 44900 ns, Total: 106202 ns
[1818.464s][info ][safepoint      ] Safepoint "Cleanup", Time since last: 3000235172 ns, Reaching safepoint: 53401 ns, At safepoint: 6000 ns, Total: 59401 ns
[1819.464s][info ][safepoint      ] Safepoint "Cleanup", Time since last: 1000110724 ns, Reaching safepoint: 53101 ns, At safepoint: 6401 ns, Total: 59502 ns
[1826.465s][info ][safepoint      ] Safepoint "Cleanup", Time since last: 7000491864 ns, Reaching safepoint: 49601 ns, At safepoint: 3101 ns, Total: 52702 ns
[1832.465s][info ][safepoint      ] Safepoint "Cleanup", Time since last: 6000396640 ns, Reaching safepoint: 43001 ns, At safepoint: 3100 ns, Total: 46101 ns
[1833.465s][info ][safepoint      ] Safepoint "Cleanup", Time since last: 1000084024 ns, Reaching safepoint: 54201 ns, At safepoint: 10200 ns, Total: 64401 ns
[1835.465s][info ][safepoint      ] Safepoint "Cleanup", Time since last: 2000156347 ns, Reaching safepoint: 30001 ns, At safepoint: 3300 ns, Total: 33301 ns
[1840.466s][info ][safepoint      ] Safepoint "Cleanup", Time since last: 5000361717 ns, Reaching safepoint: 45201 ns, At safepoint: 6500 ns, Total: 51701 ns
[1851.467s][info ][safepoint      ] Safepoint "Cleanup", Time since last: 11000730157 ns, Reaching safepoint: 46801 ns, At safepoint: 3200 ns, Total: 50001 ns
[1852.467s][info ][safepoint      ] Safepoint "Cleanup", Time since last: 1000112124 ns, Reaching safepoint: 50801 ns, At safepoint: 13600 ns, Total: 64401 ns
[1859.467s][info ][safepoint      ] Safepoint "Cleanup", Time since last: 7000517864 ns, Reaching safepoint: 63401 ns, At safepoint: 11001 ns, Total: 74402 ns
[1862.276s][info ][gc,start       ] GC(137) Pause Young (Allocation Failure)
[1862.288s][debug][gc,phases      ] GC(137) Scavenge 11.276ms
[1862.288s][debug][gc,ref         ] GC(137) Skipped phase 1 of Reference Processing: no references
[1862.288s][debug][gc,ref         ] GC(137) ReferenceProcessor::execute queues: 1, RefProcThreadModel::Single, marks_oops_alive: false
[1862.288s][debug][gc,ref         ] GC(137) Skipped phase 3 of Reference Processing: no references
[1862.288s][debug][gc,ref         ] GC(137) ReferenceProcessor::execute queues: 1, RefProcThreadModel::Single, marks_oops_alive: false
[1862.288s][debug][gc,phases      ] GC(137) Reference Processing 0.144ms
[1862.288s][debug][gc,phases      ] GC(137)   VM Weak                        Min:  0.0, Avg:  0.0, Max:  0.0, Diff:  0.0, Sum:  0.0, Workers: 4
[1862.288s][debug][gc,phases      ] GC(137)     Dead                           Min: 0, Avg:  0.0, Max: 0, Diff: 0, Sum: 0, Workers: 4
[1862.288s][debug][gc,phases      ] GC(137)     Total                          Min: 0, Avg: 176.2, Max: 641, Diff: 641, Sum: 705, Workers: 4
[1862.288s][debug][gc,phases      ] GC(137)   ObjectSynchronizer Weak        Min:  0.0, Avg:  0.0, Max:  0.0, Diff:  0.0, Sum:  0.0, Workers: 4
[1862.288s][debug][gc,phases      ] GC(137)     Dead                           Min: 0, Avg:  0.0, Max: 0, Diff: 0, Sum: 0, Workers: 4
[1862.288s][debug][gc,phases      ] GC(137)     Total                          Min: 0, Avg: 94.5, Max: 128, Diff: 128, Sum: 378, Workers: 4
[1862.288s][debug][gc,phases      ] GC(137)   JVMTI Tag Weak OopStorage      Min:  0.0, Avg:  0.0, Max:  0.0, Diff:  0.0, Sum:  0.0, Workers: 4
[1862.288s][debug][gc,phases      ] GC(137)     Dead                           Min: 0, Avg:  0.0, Max: 0, Diff: 0, Sum: 0, Workers: 4
[1862.288s][debug][gc,phases      ] GC(137)     Total                          Min: 0, Avg:  0.0, Max: 0, Diff: 0, Sum: 0, Workers: 4
[1862.288s][debug][gc,phases      ] GC(137)   StringTable Weak               Min:  0.1, Avg:  0.1, Max:  0.1, Diff:  0.0, Sum:  0.5, Workers: 4
[1862.288s][debug][gc,phases      ] GC(137)     Dead                           Min: 0, Avg:  0.0, Max: 0, Diff: 0, Sum: 0, Workers: 4
[1862.288s][debug][gc,phases      ] GC(137)     Total                          Min: 11328, Avg: 12061.0, Max: 12980, Diff: 1652, Sum: 48244, Workers: 4
[1862.288s][debug][gc,phases      ] GC(137)   ResolvedMethodTable Weak       Min:  0.0, Avg:  0.0, Max:  0.0, Diff:  0.0, Sum:  0.1, Workers: 4
[1862.288s][debug][gc,phases      ] GC(137)     Dead                           Min: 0, Avg:  0.0, Max: 0, Diff: 0, Sum: 0, Workers: 4
[1862.288s][debug][gc,phases      ] GC(137)     Total                          Min: 1821, Avg: 2027.0, Max: 2208, Diff: 387, Sum: 8108, Workers: 4
[1862.288s][debug][gc,phases      ] GC(137)   JNI Weak                       Min:  0.0, Avg:  0.0, Max:  0.0, Diff:  0.0, Sum:  0.0, Workers: 4
[1862.288s][debug][gc,phases      ] GC(137)     Dead                           Min: 0, Avg:  0.0, Max: 0, Diff: 0, Sum: 0, Workers: 4
[1862.288s][debug][gc,phases      ] GC(137)     Total                          Min: 0, Avg:  0.0, Max: 0, Diff: 0, Sum: 0, Workers: 4
[1862.288s][debug][gc,phases      ] GC(137)   StringDedup Table Weak         Min:  0.0, Avg:  0.0, Max:  0.0, Diff:  0.0, Sum:  0.0, Workers: 4
[1862.288s][debug][gc,phases      ] GC(137)     Dead                           Min: 0, Avg:  0.0, Max: 0, Diff: 0, Sum: 0, Workers: 4
[1862.288s][debug][gc,phases      ] GC(137)     Total                          Min: 0, Avg:  0.0, Max: 0, Diff: 0, Sum: 0, Workers: 4
[1862.288s][debug][gc,phases      ] GC(137)   StringDedup Requests0 Weak     Min:  0.0, Avg:  0.0, Max:  0.0, Diff:  0.0, Sum:  0.0, Workers: 4
[1862.288s][debug][gc,phases      ] GC(137)     Dead                           Min: 0, Avg:  0.0, Max: 0, Diff: 0, Sum: 0, Workers: 4
[1862.288s][debug][gc,phases      ] GC(137)     Total                          Min: 0, Avg:  0.0, Max: 0, Diff: 0, Sum: 0, Workers: 4
[1862.288s][debug][gc,phases      ] GC(137)   StringDedup Requests1 Weak     Min:  0.0, Avg:  0.0, Max:  0.0, Diff:  0.0, Sum:  0.0, Workers: 4
[1862.288s][debug][gc,phases      ] GC(137)     Dead                           Min: 0, Avg:  0.0, Max: 0, Diff: 0, Sum: 0, Workers: 4
[1862.288s][debug][gc,phases      ] GC(137)     Total                          Min: 0, Avg:  0.0, Max: 0, Diff: 0, Sum: 0, Workers: 4
[1862.288s][debug][gc,phases      ] GC(137)   Weak JFR Old Object Samples    Min:  0.0, Avg:  0.0, Max:  0.0, Diff:  0.0, Sum:  0.0, Workers: 4
[1862.288s][debug][gc,phases      ] GC(137)     Dead                           Min: 0, Avg:  0.0, Max: 0, Diff: 0, Sum: 0, Workers: 4
[1862.288s][debug][gc,phases      ] GC(137)     Total                          Min: 0, Avg:  0.0, Max: 0, Diff: 0, Sum: 0, Workers: 4
[1862.288s][debug][gc,phases      ] GC(137) Weak Processing 0.333ms
[1862.288s][debug][gc,age         ] GC(137) Desired survivor size 68681728 bytes, new threshold 15 (max threshold 15)
[1862.288s][info ][gc,heap        ] GC(137) PSYoungGen: 2001104K(2030080K)->35904K(2029056K) Eden: 1961984K(1961984K)->0K(1961984K) From: 39120K(68096K)->35904K(67072K)
[1862.288s][info ][gc,heap        ] GC(137) ParOldGen: 558542K(595968K)->561926K(595968K)
[1862.288s][info ][gc,metaspace   ] GC(137) Metaspace: 83469K(84352K)->83469K(84352K) NonClass: 71819K(72256K)->71819K(72256K) Class: 11650K(12096K)->11650K(12096K)
[1862.288s][info ][gc             ] GC(137) Pause Young (Allocation Failure) 2499M->583M(2563M) 11.911ms
[1862.288s][info ][gc,cpu         ] GC(137) User=0.05s Sys=0.00s Real=0.01s
[1862.288s][info ][safepoint      ] Safepoint "ParallelGCFailedAllocation", Time since last: 2808839157 ns, Reaching safepoint: 50401 ns, At safepoint: 12001039 ns, Total: 12051440 ns
[1876.289s][info ][safepoint      ] Safepoint "Cleanup", Time since last: 14000783621 ns, Reaching safepoint: 47501 ns, At safepoint: 5900 ns, Total: 53401 ns
[1880.289s][info ][safepoint      ] Safepoint "Cleanup", Time since last: 4000270093 ns, Reaching safepoint: 44701 ns, At safepoint: 3100 ns, Total: 47801 ns
[1881.290s][info ][safepoint      ] Safepoint "Cleanup", Time since last: 1000117424 ns, Reaching safepoint: 58301 ns, At safepoint: 11700 ns, Total: 70001 ns
[1896.291s][info ][safepoint      ] Safepoint "Cleanup", Time since last: 15000906813 ns, Reaching safepoint: 91302 ns, At safepoint: 11001 ns, Total: 102303 ns
[1898.291s][info ][safepoint      ] Safepoint "Cleanup", Time since last: 2000168253 ns, Reaching safepoint: 50901 ns, At safepoint: 4001 ns, Total: 54902 ns
[1900.291s][info ][safepoint      ] Safepoint "Cleanup", Time since last: 2000166852 ns, Reaching safepoint: 52501 ns, At safepoint: 7500 ns, Total: 60001 ns
[1903.291s][info ][safepoint      ] Safepoint "Cleanup", Time since last: 3000279025 ns, Reaching safepoint: 47401 ns, At safepoint: 9600 ns, Total: 57001 ns
[1904.292s][info ][safepoint      ] Safepoint "Cleanup", Time since last: 1000098175 ns, Reaching safepoint: 45901 ns, At safepoint: 4100 ns, Total: 50001 ns
[1905.292s][info ][safepoint      ] Safepoint "Cleanup", Time since last: 1000110874 ns, Reaching safepoint: 47501 ns, At safepoint: 5900 ns, Total: 53401 ns
[1907.292s][info ][safepoint      ] Safepoint "Cleanup", Time since last: 2000166346 ns, Reaching safepoint: 31200 ns, At safepoint: 3500 ns, Total: 34700 ns
[1909.292s][info ][safepoint      ] Safepoint "Cleanup", Time since last: 2000206745 ns, Reaching safepoint: 41801 ns, At safepoint: 3400 ns, Total: 45201 ns
[1913.292s][info ][safepoint      ] Safepoint "Cleanup", Time since last: 4000315883 ns, Reaching safepoint: 40201 ns, At safepoint: 3700 ns, Total: 43901 ns
[1940.294s][info ][safepoint      ] Safepoint "Cleanup", Time since last: 27001774323 ns, Reaching safepoint: 111002 ns, At safepoint: 5900 ns, Total: 116902 ns
[1945.687s][info ][gc,start       ] GC(138) Pause Young (Allocation Failure)
[1945.698s][debug][gc,phases      ] GC(138) Scavenge 11.235ms
[1945.698s][debug][gc,ref         ] GC(138) Skipped phase 1 of Reference Processing: no references
[1945.698s][debug][gc,ref         ] GC(138) ReferenceProcessor::execute queues: 1, RefProcThreadModel::Single, marks_oops_alive: false
[1945.698s][debug][gc,ref         ] GC(138) Skipped phase 3 of Reference Processing: no references
[1945.698s][debug][gc,ref         ] GC(138) ReferenceProcessor::execute queues: 1, RefProcThreadModel::Single, marks_oops_alive: false
[1945.698s][debug][gc,phases      ] GC(138) Reference Processing 0.148ms
[1945.698s][debug][gc,phases      ] GC(138)   VM Weak                        Min:  0.0, Avg:  0.0, Max:  0.0, Diff:  0.0, Sum:  0.0, Workers: 4
[1945.698s][debug][gc,phases      ] GC(138)     Dead                           Min: 0, Avg:  0.0, Max: 0, Diff: 0, Sum: 0, Workers: 4
[1945.698s][debug][gc,phases      ] GC(138)     Total                          Min: 0, Avg: 176.2, Max: 705, Diff: 705, Sum: 705, Workers: 4
[1945.699s][debug][gc,phases      ] GC(138)   ObjectSynchronizer Weak        Min:  0.0, Avg:  0.0, Max:  0.0, Diff:  0.0, Sum:  0.0, Workers: 4
[1945.699s][debug][gc,phases      ] GC(138)     Dead                           Min: 0, Avg:  0.0, Max: 0, Diff: 0, Sum: 0, Workers: 4
[1945.699s][debug][gc,phases      ] GC(138)     Total                          Min: 0, Avg: 94.5, Max: 250, Diff: 250, Sum: 378, Workers: 4
[1945.699s][debug][gc,phases      ] GC(138)   JVMTI Tag Weak OopStorage      Min:  0.0, Avg:  0.0, Max:  0.0, Diff:  0.0, Sum:  0.0, Workers: 4
[1945.699s][debug][gc,phases      ] GC(138)     Dead                           Min: 0, Avg:  0.0, Max: 0, Diff: 0, Sum: 0, Workers: 4
[1945.699s][debug][gc,phases      ] GC(138)     Total                          Min: 0, Avg:  0.0, Max: 0, Diff: 0, Sum: 0, Workers: 4
[1945.699s][debug][gc,phases      ] GC(138)   StringTable Weak               Min:  0.0, Avg:  0.1, Max:  0.2, Diff:  0.2, Sum:  0.5, Workers: 4
[1945.699s][debug][gc,phases      ] GC(138)     Dead                           Min: 0, Avg:  0.0, Max: 0, Diff: 0, Sum: 0, Workers: 4
[1945.699s][debug][gc,phases      ] GC(138)     Total                          Min: 0, Avg: 12061.2, Max: 24885, Diff: 24885, Sum: 48245, Workers: 4
[1945.699s][debug][gc,phases      ] GC(138)   ResolvedMethodTable Weak       Min:  0.0, Avg:  0.0, Max:  0.0, Diff:  0.0, Sum:  0.1, Workers: 4
[1945.699s][debug][gc,phases      ] GC(138)     Dead                           Min: 0, Avg:  0.0, Max: 0, Diff: 0, Sum: 0, Workers: 4
[1945.699s][debug][gc,phases      ] GC(138)     Total                          Min: 0, Avg: 2027.0, Max: 4180, Diff: 4180, Sum: 8108, Workers: 4
[1945.699s][debug][gc,phases      ] GC(138)   JNI Weak                       Min:  0.0, Avg:  0.0, Max:  0.0, Diff:  0.0, Sum:  0.0, Workers: 4
[1945.699s][debug][gc,phases      ] GC(138)     Dead                           Min: 0, Avg:  0.0, Max: 0, Diff: 0, Sum: 0, Workers: 4
[1945.699s][debug][gc,phases      ] GC(138)     Total                          Min: 0, Avg:  0.0, Max: 0, Diff: 0, Sum: 0, Workers: 4
[1945.699s][debug][gc,phases      ] GC(138)   StringDedup Table Weak         Min:  0.0, Avg:  0.0, Max:  0.0, Diff:  0.0, Sum:  0.0, Workers: 4
[1945.699s][debug][gc,phases      ] GC(138)     Dead                           Min: 0, Avg:  0.0, Max: 0, Diff: 0, Sum: 0, Workers: 4
[1945.699s][debug][gc,phases      ] GC(138)     Total                          Min: 0, Avg:  0.0, Max: 0, Diff: 0, Sum: 0, Workers: 4
[1945.699s][debug][gc,phases      ] GC(138)   StringDedup Requests0 Weak     Min:  0.0, Avg:  0.0, Max:  0.0, Diff:  0.0, Sum:  0.0, Workers: 4
[1945.699s][debug][gc,phases      ] GC(138)     Dead                           Min: 0, Avg:  0.0, Max: 0, Diff: 0, Sum: 0, Workers: 4
[1945.699s][debug][gc,phases      ] GC(138)     Total                          Min: 0, Avg:  0.0, Max: 0, Diff: 0, Sum: 0, Workers: 4
[1945.699s][debug][gc,phases      ] GC(138)   StringDedup Requests1 Weak     Min:  0.0, Avg:  0.0, Max:  0.0, Diff:  0.0, Sum:  0.0, Workers: 4
[1945.699s][debug][gc,phases      ] GC(138)     Dead                           Min: 0, Avg:  0.0, Max: 0, Diff: 0, Sum: 0, Workers: 4
[1945.699s][debug][gc,phases      ] GC(138)     Total                          Min: 0, Avg:  0.0, Max: 0, Diff: 0, Sum: 0, Workers: 4
[1945.699s][debug][gc,phases      ] GC(138)   Weak JFR Old Object Samples    Min:  0.0, Avg:  0.0, Max:  0.0, Diff:  0.0, Sum:  0.0, Workers: 4
[1945.699s][debug][gc,phases      ] GC(138)     Dead                           Min: 0, Avg:  0.0, Max: 0, Diff: 0, Sum: 0, Workers: 4
[1945.699s][debug][gc,phases      ] GC(138)     Total                          Min: 0, Avg:  0.0, Max: 0, Diff: 0, Sum: 0, Workers: 4
[1945.699s][debug][gc,phases      ] GC(138) Weak Processing 0.477ms
[1945.699s][debug][gc,age         ] GC(138) Desired survivor size 68157440 bytes, new threshold 15 (max threshold 15)
[1945.699s][info ][gc,heap        ] GC(138) PSYoungGen: 1997888K(2029056K)->35536K(2030592K) Eden: 1961984K(1961984K)->0K(1963520K) From: 35904K(67072K)->35536K(67072K)
[1945.699s][info ][gc,heap        ] GC(138) ParOldGen: 561926K(595968K)->562158K(595968K)
[1945.699s][info ][gc,metaspace   ] GC(138) Metaspace: 83486K(84352K)->83486K(84352K) NonClass: 71836K(72256K)->71836K(72256K) Class: 11650K(12096K)->11650K(12096K)
[1945.699s][info ][gc             ] GC(138) Pause Young (Allocation Failure) 2499M->583M(2565M) 12.006ms
[1945.699s][info ][gc,cpu         ] GC(138) User=0.04s Sys=0.00s Real=0.01s
[1945.699s][info ][safepoint      ] Safepoint "ParallelGCFailedAllocation", Time since last: 5392190384 ns, Reaching safepoint: 40500 ns, At safepoint: 12101644 ns, Total: 12142144 ns
[1953.699s][info ][safepoint      ] Safepoint "Cleanup", Time since last: 8000547236 ns, Reaching safepoint: 119602 ns, At safepoint: 10200 ns, Total: 129802 ns
[1954.700s][info ][safepoint      ] Safepoint "Cleanup", Time since last: 1000106254 ns, Reaching safepoint: 55901 ns, At safepoint: 7000 ns, Total: 62901 ns
[1956.700s][info ][safepoint      ] Safepoint "Cleanup", Time since last: 2000179905 ns, Reaching safepoint: 60901 ns, At safepoint: 9700 ns, Total: 70601 ns
[1957.700s][info ][safepoint      ] Safepoint "Cleanup", Time since last: 1000109852 ns, Reaching safepoint: 118603 ns, At safepoint: 11300 ns, Total: 129903 ns
[1961.700s][info ][safepoint      ] Safepoint "Cleanup", Time since last: 4000308202 ns, Reaching safepoint: 47301 ns, At safepoint: 8701 ns, Total: 56002 ns
[1974.701s][info ][safepoint      ] Safepoint "Cleanup", Time since last: 13000915412 ns, Reaching safepoint: 47801 ns, At safepoint: 4300 ns, Total: 52101 ns
[1976.702s][info ][safepoint      ] Safepoint "Cleanup", Time since last: 2000171990 ns, Reaching safepoint: 40400 ns, At safepoint: 3200 ns, Total: 43600 ns
[1980.702s][info ][safepoint      ] Safepoint "Cleanup", Time since last: 4000272173 ns, Reaching safepoint: 49301 ns, At safepoint: 7500 ns, Total: 56801 ns
[1981.702s][info ][safepoint      ] Safepoint "Cleanup", Time since last: 1000109843 ns, Reaching safepoint: 46001 ns, At safepoint: 3300 ns, Total: 49301 ns
[1982.702s][info ][safepoint      ] Safepoint "Cleanup", Time since last: 1000106242 ns, Reaching safepoint: 46501 ns, At safepoint: 6500 ns, Total: 53001 ns
[1983.702s][info ][safepoint      ] Safepoint "Cleanup", Time since last: 1000109742 ns, Reaching safepoint: 45701 ns, At safepoint: 4001 ns, Total: 49702 ns
[1985.250s][info ][safepoint      ] Safepoint "Cleanup", Time since last: 1547923974 ns, Reaching safepoint: 39501 ns, At safepoint: 6400 ns, Total: 45901 ns
[1986.251s][info ][safepoint      ] Safepoint "Cleanup", Time since last: 1000109241 ns, Reaching safepoint: 145203 ns, At safepoint: 6400 ns, Total: 151603 ns
[1991.251s][info ][safepoint      ] Safepoint "Cleanup", Time since last: 5000326596 ns, Reaching safepoint: 50701 ns, At safepoint: 8500 ns, Total: 59201 ns
[1998.252s][info ][safepoint      ] Safepoint "Cleanup", Time since last: 7000474860 ns, Reaching safepoint: 49901 ns, At safepoint: 6800 ns, Total: 56701 ns
[2002.252s][info ][safepoint      ] Safepoint "Cleanup", Time since last: 4000295340 ns, Reaching safepoint: 43301 ns, At safepoint: 11701 ns, Total: 55002 ns
[2005.252s][info ][safepoint      ] Safepoint "Cleanup", Time since last: 3000218201 ns, Reaching safepoint: 54701 ns, At safepoint: 3200 ns, Total: 57901 ns
[2007.252s][info ][safepoint      ] Safepoint "Cleanup", Time since last: 2000188967 ns, Reaching safepoint: 50101 ns, At safepoint: 9000 ns, Total: 59101 ns
[2018.253s][info ][safepoint      ] Safepoint "Cleanup", Time since last: 11000691835 ns, Reaching safepoint: 45701 ns, At safepoint: 6300 ns, Total: 52001 ns
[2023.254s][info ][safepoint      ] Safepoint "Cleanup", Time since last: 5000332338 ns, Reaching safepoint: 55701 ns, At safepoint: 14201 ns, Total: 69902 ns
[2030.254s][info ][safepoint      ] Safepoint "Cleanup", Time since last: 7000518780 ns, Reaching safepoint: 67801 ns, At safepoint: 9300 ns, Total: 77101 ns
[2031.453s][info ][gc,start       ] GC(139) Pause Young (Allocation Failure)
[2031.466s][debug][gc,phases      ] GC(139) Scavenge 12.503ms
[2031.466s][debug][gc,ref         ] GC(139) Skipped phase 1 of Reference Processing: no references
[2031.466s][debug][gc,ref         ] GC(139) ReferenceProcessor::execute queues: 1, RefProcThreadModel::Single, marks_oops_alive: false
[2031.466s][debug][gc,ref         ] GC(139) Skipped phase 3 of Reference Processing: no references
[2031.466s][debug][gc,ref         ] GC(139) ReferenceProcessor::execute queues: 1, RefProcThreadModel::Single, marks_oops_alive: false
[2031.466s][debug][gc,phases      ] GC(139) Reference Processing 0.150ms
[2031.466s][debug][gc,phases      ] GC(139)   VM Weak                        Min:  0.0, Avg:  0.0, Max:  0.0, Diff:  0.0, Sum:  0.0, Workers: 4
[2031.466s][debug][gc,phases      ] GC(139)     Dead                           Min: 0, Avg:  0.0, Max: 0, Diff: 0, Sum: 0, Workers: 4
[2031.466s][debug][gc,phases      ] GC(139)     Total                          Min: 0, Avg: 176.2, Max: 448, Diff: 448, Sum: 705, Workers: 4
[2031.466s][debug][gc,phases      ] GC(139)   ObjectSynchronizer Weak        Min:  0.0, Avg:  0.0, Max:  0.0, Diff:  0.0, Sum:  0.0, Workers: 4
[2031.466s][debug][gc,phases      ] GC(139)     Dead                           Min: 0, Avg:  0.0, Max: 0, Diff: 0, Sum: 0, Workers: 4
[2031.466s][debug][gc,phases      ] GC(139)     Total                          Min: 0, Avg: 94.5, Max: 186, Diff: 186, Sum: 378, Workers: 4
[2031.466s][debug][gc,phases      ] GC(139)   JVMTI Tag Weak OopStorage      Min:  0.0, Avg:  0.0, Max:  0.0, Diff:  0.0, Sum:  0.0, Workers: 4
[2031.466s][debug][gc,phases      ] GC(139)     Dead                           Min: 0, Avg:  0.0, Max: 0, Diff: 0, Sum: 0, Workers: 4
[2031.466s][debug][gc,phases      ] GC(139)     Total                          Min: 0, Avg:  0.0, Max: 0, Diff: 0, Sum: 0, Workers: 4
[2031.466s][debug][gc,phases      ] GC(139)   StringTable Weak               Min:  0.1, Avg:  0.1, Max:  0.1, Diff:  0.0, Sum:  0.5, Workers: 4
[2031.466s][debug][gc,phases      ] GC(139)     Dead                           Min: 0, Avg:  0.0, Max: 0, Diff: 0, Sum: 0, Workers: 4
[2031.466s][debug][gc,phases      ] GC(139)     Total                          Min: 11520, Avg: 12062.2, Max: 12473, Diff: 953, Sum: 48249, Workers: 4
[2031.466s][debug][gc,phases      ] GC(139)   ResolvedMethodTable Weak       Min:  0.0, Avg:  0.0, Max:  0.0, Diff:  0.0, Sum:  0.1, Workers: 4
[2031.466s][debug][gc,phases      ] GC(139)     Dead                           Min: 0, Avg:  0.0, Max: 0, Diff: 0, Sum: 0, Workers: 4
[2031.466s][debug][gc,phases      ] GC(139)     Total                          Min: 1905, Avg: 2027.0, Max: 2162, Diff: 257, Sum: 8108, Workers: 4
[2031.466s][debug][gc,phases      ] GC(139)   JNI Weak                       Min:  0.0, Avg:  0.0, Max:  0.0, Diff:  0.0, Sum:  0.0, Workers: 4
[2031.466s][debug][gc,phases      ] GC(139)     Dead                           Min: 0, Avg:  0.0, Max: 0, Diff: 0, Sum: 0, Workers: 4
[2031.466s][debug][gc,phases      ] GC(139)     Total                          Min: 0, Avg:  0.0, Max: 0, Diff: 0, Sum: 0, Workers: 4
[2031.466s][debug][gc,phases      ] GC(139)   StringDedup Table Weak         Min:  0.0, Avg:  0.0, Max:  0.0, Diff:  0.0, Sum:  0.0, Workers: 4
[2031.466s][debug][gc,phases      ] GC(139)     Dead                           Min: 0, Avg:  0.0, Max: 0, Diff: 0, Sum: 0, Workers: 4
[2031.466s][debug][gc,phases      ] GC(139)     Total                          Min: 0, Avg:  0.0, Max: 0, Diff: 0, Sum: 0, Workers: 4
[2031.466s][debug][gc,phases      ] GC(139)   StringDedup Requests0 Weak     Min:  0.0, Avg:  0.0, Max:  0.0, Diff:  0.0, Sum:  0.0, Workers: 4
[2031.466s][debug][gc,phases      ] GC(139)     Dead                           Min: 0, Avg:  0.0, Max: 0, Diff: 0, Sum: 0, Workers: 4
[2031.466s][debug][gc,phases      ] GC(139)     Total                          Min: 0, Avg:  0.0, Max: 0, Diff: 0, Sum: 0, Workers: 4
[2031.467s][debug][gc,phases      ] GC(139)   StringDedup Requests1 Weak     Min:  0.0, Avg:  0.0, Max:  0.0, Diff:  0.0, Sum:  0.0, Workers: 4
[2031.467s][debug][gc,phases      ] GC(139)     Dead                           Min: 0, Avg:  0.0, Max: 0, Diff: 0, Sum: 0, Workers: 4
[2031.467s][debug][gc,phases      ] GC(139)     Total                          Min: 0, Avg:  0.0, Max: 0, Diff: 0, Sum: 0, Workers: 4
[2031.467s][debug][gc,phases      ] GC(139)   Weak JFR Old Object Samples    Min:  0.0, Avg:  0.0, Max:  0.0, Diff:  0.0, Sum:  0.0, Workers: 4
[2031.467s][debug][gc,phases      ] GC(139)     Dead                           Min: 0, Avg:  0.0, Max: 0, Diff: 0, Sum: 0, Workers: 4
[2031.467s][debug][gc,phases      ] GC(139)     Total                          Min: 0, Avg:  0.0, Max: 0, Diff: 0, Sum: 0, Workers: 4
[2031.467s][debug][gc,phases      ] GC(139) Weak Processing 0.350ms
[2031.467s][debug][gc,age         ] GC(139) Desired survivor size 67108864 bytes, new threshold 15 (max threshold 15)
[2031.467s][info ][gc,heap        ] GC(139) PSYoungGen: 1999056K(2030592K)->35360K(2030080K) Eden: 1963520K(1963520K)->0K(1963520K) From: 35536K(67072K)->35360K(66560K)
[2031.467s][info ][gc,heap        ] GC(139) ParOldGen: 562158K(595968K)->562462K(595968K)
[2031.467s][info ][gc,metaspace   ] GC(139) Metaspace: 83512K(84416K)->83512K(84416K) NonClass: 71862K(72320K)->71862K(72320K) Class: 11650K(12096K)->11650K(12096K)
[2031.467s][info ][gc             ] GC(139) Pause Young (Allocation Failure) 2501M->583M(2564M) 13.158ms
[2031.467s][info ][gc,cpu         ] GC(139) User=0.05s Sys=0.01s Real=0.01s
[2031.467s][info ][safepoint      ] Safepoint "ParallelGCFailedAllocation", Time since last: 1199175331 ns, Reaching safepoint: 42801 ns, At safepoint: 13252267 ns, Total: 13295068 ns
[2037.467s][info ][safepoint      ] Safepoint "Cleanup", Time since last: 6000379837 ns, Reaching safepoint: 50801 ns, At safepoint: 3800 ns, Total: 54601 ns
[2049.468s][info ][safepoint      ] Safepoint "Cleanup", Time since last: 12000833740 ns, Reaching safepoint: 62501 ns, At safepoint: 10000 ns, Total: 72501 ns
[2053.468s][info ][safepoint      ] Safepoint "Cleanup", Time since last: 4000311970 ns, Reaching safepoint: 50701 ns, At safepoint: 5700 ns, Total: 56401 ns
[2056.469s][info ][safepoint      ] Safepoint "Cleanup", Time since last: 3000236549 ns, Reaching safepoint: 47601 ns, At safepoint: 7800 ns, Total: 55401 ns
[2062.469s][info ][safepoint      ] Safepoint "Cleanup", Time since last: 6000382688 ns, Reaching safepoint: 52501 ns, At safepoint: 4400 ns, Total: 56901 ns
[2066.469s][info ][safepoint      ] Safepoint "Cleanup", Time since last: 4000304452 ns, Reaching safepoint: 44301 ns, At safepoint: 5400 ns, Total: 49701 ns
[2071.470s][info ][safepoint      ] Safepoint "Cleanup", Time since last: 5000370359 ns, Reaching safepoint: 64701 ns, At safepoint: 8900 ns, Total: 73601 ns
[2075.470s][info ][safepoint      ] Safepoint "Cleanup", Time since last: 4000277841 ns, Reaching safepoint: 45201 ns, At safepoint: 8000 ns, Total: 53201 ns
[2077.470s][info ][safepoint      ] Safepoint "Cleanup", Time since last: 2000184220 ns, Reaching safepoint: 52101 ns, At safepoint: 6600 ns, Total: 58701 ns
[2080.471s][info ][safepoint      ] Safepoint "Cleanup", Time since last: 3000215425 ns, Reaching safepoint: 47101 ns, At safepoint: 3900 ns, Total: 51001 ns
[2089.471s][info ][safepoint      ] Safepoint "Cleanup", Time since last: 9000667061 ns, Reaching safepoint: 57801 ns, At safepoint: 8800 ns, Total: 66601 ns
[2091.472s][info ][safepoint      ] Safepoint "Cleanup", Time since last: 2000185511 ns, Reaching safepoint: 55401 ns, At safepoint: 6400 ns, Total: 61801 ns
[2112.647s][info ][gc,start       ] GC(140) Pause Young (Allocation Failure)
[2112.653s][debug][gc,phases      ] GC(140) Scavenge 6.574ms
[2112.653s][debug][gc,ref         ] GC(140) Skipped phase 1 of Reference Processing: no references
[2112.653s][debug][gc,ref         ] GC(140) ReferenceProcessor::execute queues: 1, RefProcThreadModel::Single, marks_oops_alive: false
[2112.653s][debug][gc,ref         ] GC(140) Skipped phase 3 of Reference Processing: no references
[2112.653s][debug][gc,ref         ] GC(140) ReferenceProcessor::execute queues: 1, RefProcThreadModel::Single, marks_oops_alive: false
[2112.653s][debug][gc,phases      ] GC(140) Reference Processing 0.169ms
[2112.654s][debug][gc,phases      ] GC(140)   VM Weak                        Min:  0.0, Avg:  0.0, Max:  0.0, Diff:  0.0, Sum:  0.0, Workers: 4
[2112.654s][debug][gc,phases      ] GC(140)     Dead                           Min: 0, Avg:  0.0, Max: 0, Diff: 0, Sum: 0, Workers: 4
[2112.654s][debug][gc,phases      ] GC(140)     Total                          Min: 0, Avg: 176.2, Max: 705, Diff: 705, Sum: 705, Workers: 4
[2112.654s][debug][gc,phases      ] GC(140)   ObjectSynchronizer Weak        Min:  0.0, Avg:  0.0, Max:  0.0, Diff:  0.0, Sum:  0.0, Workers: 4
[2112.654s][debug][gc,phases      ] GC(140)     Dead                           Min: 0, Avg:  0.0, Max: 0, Diff: 0, Sum: 0, Workers: 4
[2112.654s][debug][gc,phases      ] GC(140)     Total                          Min: 0, Avg: 94.5, Max: 192, Diff: 192, Sum: 378, Workers: 4
[2112.654s][debug][gc,phases      ] GC(140)   JVMTI Tag Weak OopStorage      Min:  0.0, Avg:  0.0, Max:  0.0, Diff:  0.0, Sum:  0.0, Workers: 4
[2112.654s][debug][gc,phases      ] GC(140)     Dead                           Min: 0, Avg:  0.0, Max: 0, Diff: 0, Sum: 0, Workers: 4
[2112.654s][debug][gc,phases      ] GC(140)     Total                          Min: 0, Avg:  0.0, Max: 0, Diff: 0, Sum: 0, Workers: 4
[2112.654s][debug][gc,phases      ] GC(140)   StringTable Weak               Min:  0.1, Avg:  0.1, Max:  0.1, Diff:  0.0, Sum:  0.4, Workers: 4
[2112.654s][debug][gc,phases      ] GC(140)     Dead                           Min: 0, Avg:  0.0, Max: 0, Diff: 0, Sum: 0, Workers: 4
[2112.654s][debug][gc,phases      ] GC(140)     Total                          Min: 11520, Avg: 12062.5, Max: 12922, Diff: 1402, Sum: 48250, Workers: 4
[2112.654s][debug][gc,phases      ] GC(140)   ResolvedMethodTable Weak       Min:  0.0, Avg:  0.0, Max:  0.0, Diff:  0.0, Sum:  0.1, Workers: 4
[2112.654s][debug][gc,phases      ] GC(140)     Dead                           Min: 0, Avg:  0.0, Max: 0, Diff: 0, Sum: 0, Workers: 4
[2112.654s][debug][gc,phases      ] GC(140)     Total                          Min: 1826, Avg: 2027.0, Max: 2162, Diff: 336, Sum: 8108, Workers: 4
[2112.654s][debug][gc,phases      ] GC(140)   JNI Weak                       Min:  0.0, Avg:  0.0, Max:  0.0, Diff:  0.0, Sum:  0.0, Workers: 4
[2112.654s][debug][gc,phases      ] GC(140)     Dead                           Min: 0, Avg:  0.0, Max: 0, Diff: 0, Sum: 0, Workers: 4
[2112.654s][debug][gc,phases      ] GC(140)     Total                          Min: 0, Avg:  0.0, Max: 0, Diff: 0, Sum: 0, Workers: 4
[2112.654s][debug][gc,phases      ] GC(140)   StringDedup Table Weak         Min:  0.0, Avg:  0.0, Max:  0.0, Diff:  0.0, Sum:  0.0, Workers: 4
[2112.654s][debug][gc,phases      ] GC(140)     Dead                           Min: 0, Avg:  0.0, Max: 0, Diff: 0, Sum: 0, Workers: 4
[2112.654s][debug][gc,phases      ] GC(140)     Total                          Min: 0, Avg:  0.0, Max: 0, Diff: 0, Sum: 0, Workers: 4
[2112.654s][debug][gc,phases      ] GC(140)   StringDedup Requests0 Weak     Min:  0.0, Avg:  0.0, Max:  0.0, Diff:  0.0, Sum:  0.0, Workers: 4
[2112.654s][debug][gc,phases      ] GC(140)     Dead                           Min: 0, Avg:  0.0, Max: 0, Diff: 0, Sum: 0, Workers: 4
[2112.654s][debug][gc,phases      ] GC(140)     Total                          Min: 0, Avg:  0.0, Max: 0, Diff: 0, Sum: 0, Workers: 4
[2112.654s][debug][gc,phases      ] GC(140)   StringDedup Requests1 Weak     Min:  0.0, Avg:  0.0, Max:  0.0, Diff:  0.0, Sum:  0.0, Workers: 4
[2112.654s][debug][gc,phases      ] GC(140)     Dead                           Min: 0, Avg:  0.0, Max: 0, Diff: 0, Sum: 0, Workers: 4
[2112.654s][debug][gc,phases      ] GC(140)     Total                          Min: 0, Avg:  0.0, Max: 0, Diff: 0, Sum: 0, Workers: 4
[2112.654s][debug][gc,phases      ] GC(140)   Weak JFR Old Object Samples    Min:  0.0, Avg:  0.0, Max:  0.0, Diff:  0.0, Sum:  0.0, Workers: 4
[2112.654s][debug][gc,phases      ] GC(140)     Dead                           Min: 0, Avg:  0.0, Max: 0, Diff: 0, Sum: 0, Workers: 4
[2112.654s][debug][gc,phases      ] GC(140)     Total                          Min: 0, Avg:  0.0, Max: 0, Diff: 0, Sum: 0, Workers: 4
[2112.654s][debug][gc,phases      ] GC(140) Weak Processing 0.317ms
[2112.654s][debug][gc,age         ] GC(140) Desired survivor size 69730304 bytes, new threshold 15 (max threshold 15)
[2112.654s][info ][gc,heap        ] GC(140) PSYoungGen: 1998880K(2030080K)->14112K(2026496K) Eden: 1963520K(1963520K)->0K(1960960K) From: 35360K(66560K)->14112K(65536K)
[2112.654s][info ][gc,heap        ] GC(140) ParOldGen: 562462K(595968K)->562622K(595968K)
[2112.654s][info ][gc,metaspace   ] GC(140) Metaspace: 83520K(84416K)->83520K(84416K) NonClass: 71870K(72320K)->71870K(72320K) Class: 11650K(12096K)->11650K(12096K)
[2112.654s][info ][gc             ] GC(140) Pause Young (Allocation Failure) 2501M->563M(2561M) 7.204ms
[2112.654s][info ][gc,cpu         ] GC(140) User=0.03s Sys=0.00s Real=0.01s
[2112.654s][info ][safepoint      ] Safepoint "ParallelGCFailedAllocation", Time since last: 21174855615 ns, Reaching safepoint: 51101 ns, At safepoint: 7290047 ns, Total: 7341148 ns
[2114.654s][info ][safepoint      ] Safepoint "Cleanup", Time since last: 2000161596 ns, Reaching safepoint: 51901 ns, At safepoint: 4200 ns, Total: 56101 ns
[2115.654s][info ][safepoint      ] Safepoint "Cleanup", Time since last: 1000122099 ns, Reaching safepoint: 60201 ns, At safepoint: 9300 ns, Total: 69501 ns
[2144.656s][info ][safepoint      ] Safepoint "Cleanup", Time since last: 29001882902 ns, Reaching safepoint: 47501 ns, At safepoint: 6900 ns, Total: 54401 ns
[2145.656s][info ][safepoint      ] Safepoint "Cleanup", Time since last: 1000112890 ns, Reaching safepoint: 52001 ns, At safepoint: 3600 ns, Total: 55601 ns
[2168.658s][info ][safepoint      ] Safepoint "Cleanup", Time since last: 23001517372 ns, Reaching safepoint: 45501 ns, At safepoint: 12500 ns, Total: 58001 ns
[2183.659s][info ][safepoint      ] Safepoint "Cleanup", Time since last: 15000963911 ns, Reaching safepoint: 50801 ns, At safepoint: 8200 ns, Total: 59001 ns
[2189.659s][info ][safepoint      ] Safepoint "Cleanup", Time since last: 6000426169 ns, Reaching safepoint: 47601 ns, At safepoint: 3300 ns, Total: 50901 ns
[2194.660s][info ][safepoint      ] Safepoint "Cleanup", Time since last: 5000366484 ns, Reaching safepoint: 37801 ns, At safepoint: 4100 ns, Total: 41901 ns
[2210.624s][info ][gc,start       ] GC(141) Pause Young (Allocation Failure)
[2210.630s][debug][gc,phases      ] GC(141) Scavenge 5.642ms
[2210.630s][debug][gc,ref         ] GC(141) Skipped phase 1 of Reference Processing: no references
[2210.630s][debug][gc,ref         ] GC(141) ReferenceProcessor::execute queues: 1, RefProcThreadModel::Single, marks_oops_alive: false
[2210.630s][debug][gc,ref         ] GC(141) Skipped phase 3 of Reference Processing: no references
[2210.630s][debug][gc,ref         ] GC(141) ReferenceProcessor::execute queues: 1, RefProcThreadModel::Single, marks_oops_alive: false
[2210.630s][debug][gc,phases      ] GC(141) Reference Processing 0.143ms
[2210.630s][debug][gc,phases      ] GC(141)   VM Weak                        Min:  0.0, Avg:  0.0, Max:  0.0, Diff:  0.0, Sum:  0.0, Workers: 4
[2210.630s][debug][gc,phases      ] GC(141)     Dead                           Min: 0, Avg:  0.0, Max: 0, Diff: 0, Sum: 0, Workers: 4
[2210.630s][debug][gc,phases      ] GC(141)     Total                          Min: 0, Avg: 176.2, Max: 577, Diff: 577, Sum: 705, Workers: 4
[2210.630s][debug][gc,phases      ] GC(141)   ObjectSynchronizer Weak        Min:  0.0, Avg:  0.0, Max:  0.0, Diff:  0.0, Sum:  0.0, Workers: 4
[2210.630s][debug][gc,phases      ] GC(141)     Dead                           Min: 0, Avg:  0.0, Max: 0, Diff: 0, Sum: 0, Workers: 4
[2210.630s][debug][gc,phases      ] GC(141)     Total                          Min: 58, Avg: 94.5, Max: 128, Diff: 70, Sum: 378, Workers: 4
[2210.630s][debug][gc,phases      ] GC(141)   JVMTI Tag Weak OopStorage      Min:  0.0, Avg:  0.0, Max:  0.0, Diff:  0.0, Sum:  0.0, Workers: 4
[2210.630s][debug][gc,phases      ] GC(141)     Dead                           Min: 0, Avg:  0.0, Max: 0, Diff: 0, Sum: 0, Workers: 4
[2210.630s][debug][gc,phases      ] GC(141)     Total                          Min: 0, Avg:  0.0, Max: 0, Diff: 0, Sum: 0, Workers: 4
[2210.630s][debug][gc,phases      ] GC(141)   StringTable Weak               Min:  0.1, Avg:  0.1, Max:  0.1, Diff:  0.0, Sum:  0.5, Workers: 4
[2210.630s][debug][gc,phases      ] GC(141)     Dead                           Min: 0, Avg:  0.0, Max: 0, Diff: 0, Sum: 0, Workers: 4
[2210.630s][debug][gc,phases      ] GC(141)     Total                          Min: 11456, Avg: 12068.8, Max: 12480, Diff: 1024, Sum: 48275, Workers: 4
[2210.630s][debug][gc,phases      ] GC(141)   ResolvedMethodTable Weak       Min:  0.0, Avg:  0.0, Max:  0.0, Diff:  0.0, Sum:  0.1, Workers: 4
[2210.630s][debug][gc,phases      ] GC(141)     Dead                           Min: 0, Avg:  0.0, Max: 0, Diff: 0, Sum: 0, Workers: 4
[2210.630s][debug][gc,phases      ] GC(141)     Total                          Min: 1913, Avg: 2027.0, Max: 2161, Diff: 248, Sum: 8108, Workers: 4
[2210.630s][debug][gc,phases      ] GC(141)   JNI Weak                       Min:  0.0, Avg:  0.0, Max:  0.0, Diff:  0.0, Sum:  0.0, Workers: 4
[2210.630s][debug][gc,phases      ] GC(141)     Dead                           Min: 0, Avg:  0.0, Max: 0, Diff: 0, Sum: 0, Workers: 4
[2210.630s][debug][gc,phases      ] GC(141)     Total                          Min: 0, Avg:  0.0, Max: 0, Diff: 0, Sum: 0, Workers: 4
[2210.630s][debug][gc,phases      ] GC(141)   StringDedup Table Weak         Min:  0.0, Avg:  0.0, Max:  0.0, Diff:  0.0, Sum:  0.0, Workers: 4
[2210.630s][debug][gc,phases      ] GC(141)     Dead                           Min: 0, Avg:  0.0, Max: 0, Diff: 0, Sum: 0, Workers: 4
[2210.630s][debug][gc,phases      ] GC(141)     Total                          Min: 0, Avg:  0.0, Max: 0, Diff: 0, Sum: 0, Workers: 4
[2210.630s][debug][gc,phases      ] GC(141)   StringDedup Requests0 Weak     Min:  0.0, Avg:  0.0, Max:  0.0, Diff:  0.0, Sum:  0.0, Workers: 4
[2210.630s][debug][gc,phases      ] GC(141)     Dead                           Min: 0, Avg:  0.0, Max: 0, Diff: 0, Sum: 0, Workers: 4
[2210.630s][debug][gc,phases      ] GC(141)     Total                          Min: 0, Avg:  0.0, Max: 0, Diff: 0, Sum: 0, Workers: 4
[2210.630s][debug][gc,phases      ] GC(141)   StringDedup Requests1 Weak     Min:  0.0, Avg:  0.0, Max:  0.0, Diff:  0.0, Sum:  0.0, Workers: 4
[2210.630s][debug][gc,phases      ] GC(141)     Dead                           Min: 0, Avg:  0.0, Max: 0, Diff: 0, Sum: 0, Workers: 4
[2210.630s][debug][gc,phases      ] GC(141)     Total                          Min: 0, Avg:  0.0, Max: 0, Diff: 0, Sum: 0, Workers: 4
[2210.630s][debug][gc,phases      ] GC(141)   Weak JFR Old Object Samples    Min:  0.0, Avg:  0.0, Max:  0.0, Diff:  0.0, Sum:  0.0, Workers: 4
[2210.630s][debug][gc,phases      ] GC(141)     Dead                           Min: 0, Avg:  0.0, Max: 0, Diff: 0, Sum: 0, Workers: 4
[2210.630s][debug][gc,phases      ] GC(141)     Total                          Min: 0, Avg:  0.0, Max: 0, Diff: 0, Sum: 0, Workers: 4
[2210.630s][debug][gc,phases      ] GC(141) Weak Processing 0.369ms
[2210.630s][debug][gc,age         ] GC(141) Desired survivor size 71827456 bytes, new threshold 15 (max threshold 15)
[2210.630s][info ][gc,heap        ] GC(141) PSYoungGen: 1975072K(2026496K)->12000K(1973248K) Eden: 1960960K(1960960K)->0K(1960960K) From: 14112K(65536K)->12000K(12288K)
[2210.630s][info ][gc,heap        ] GC(141) ParOldGen: 562622K(595968K)->562742K(595968K)
[2210.630s][info ][gc,metaspace   ] GC(141) Metaspace: 83528K(84416K)->83528K(84416K) NonClass: 71878K(72320K)->71878K(72320K) Class: 11650K(12096K)->11650K(12096K)
[2210.630s][info ][gc             ] GC(141) Pause Young (Allocation Failure) 2478M->561M(2509M) 6.320ms
[2210.630s][info ][gc,cpu         ] GC(141) User=0.03s Sys=0.00s Real=0.01s
[2210.631s][info ][safepoint      ] Safepoint "ParallelGCFailedAllocation", Time since last: 15964167244 ns, Reaching safepoint: 37001 ns, At safepoint: 6420929 ns, Total: 6457930 ns
[2215.631s][info ][safepoint      ] Safepoint "Cleanup", Time since last: 5000344058 ns, Reaching safepoint: 47301 ns, At safepoint: 3800 ns, Total: 51101 ns
[2221.631s][info ][safepoint      ] Safepoint "Cleanup", Time since last: 6000424221 ns, Reaching safepoint: 45601 ns, At safepoint: 4400 ns, Total: 50001 ns
[2230.632s][info ][safepoint      ] Safepoint "Cleanup", Time since last: 9000596316 ns, Reaching safepoint: 78102 ns, At safepoint: 28500 ns, Total: 106602 ns
[2237.635s][info ][safepoint      ] Safepoint "Cleanup", Time since last: 7003168721 ns, Reaching safepoint: 114602 ns, At safepoint: 11300 ns, Total: 125902 ns
[2238.636s][info ][safepoint      ] Safepoint "Cleanup", Time since last: 1000115967 ns, Reaching safepoint: 38401 ns, At safepoint: 3200 ns, Total: 41601 ns
[2243.636s][info ][safepoint      ] Safepoint "Cleanup", Time since last: 5000361725 ns, Reaching safepoint: 41201 ns, At safepoint: 2900 ns, Total: 44101 ns
[2252.637s][info ][safepoint      ] Safepoint "Cleanup", Time since last: 9001330685 ns, Reaching safepoint: 49701 ns, At safepoint: 5600 ns, Total: 55301 ns
[2267.638s][info ][safepoint      ] Safepoint "Cleanup", Time since last: 15001054412 ns, Reaching safepoint: 38101 ns, At safepoint: 3700 ns, Total: 41801 ns
[2272.639s][info ][safepoint      ] Safepoint "Cleanup", Time since last: 5000351793 ns, Reaching safepoint: 49001 ns, At safepoint: 8500 ns, Total: 57501 ns
[2274.639s][info ][safepoint      ] Safepoint "Cleanup", Time since last: 2000169717 ns, Reaching safepoint: 45601 ns, At safepoint: 8300 ns, Total: 53901 ns
[2275.639s][info ][safepoint      ] Safepoint "Cleanup", Time since last: 1000126058 ns, Reaching safepoint: 54302 ns, At safepoint: 4300 ns, Total: 58602 ns
[2300.294s][info ][gc,start       ] GC(142) Pause Young (Allocation Failure)
[2300.299s][debug][gc,phases      ] GC(142) Scavenge 4.793ms
[2300.299s][debug][gc,ref         ] GC(142) Skipped phase 1 of Reference Processing: no references
[2300.299s][debug][gc,ref         ] GC(142) ReferenceProcessor::execute queues: 1, RefProcThreadModel::Single, marks_oops_alive: false
[2300.299s][debug][gc,ref         ] GC(142) Skipped phase 3 of Reference Processing: no references
[2300.299s][debug][gc,ref         ] GC(142) ReferenceProcessor::execute queues: 1, RefProcThreadModel::Single, marks_oops_alive: false
[2300.299s][debug][gc,phases      ] GC(142) Reference Processing 0.126ms
[2300.299s][debug][gc,phases      ] GC(142)   VM Weak                        Min:  0.0, Avg:  0.0, Max:  0.0, Diff:  0.0, Sum:  0.0, Workers: 4
[2300.299s][debug][gc,phases      ] GC(142)     Dead                           Min: 0, Avg:  0.0, Max: 0, Diff: 0, Sum: 0, Workers: 4
[2300.299s][debug][gc,phases      ] GC(142)     Total                          Min: 0, Avg: 176.2, Max: 321, Diff: 321, Sum: 705, Workers: 4
[2300.299s][debug][gc,phases      ] GC(142)   ObjectSynchronizer Weak        Min:  0.0, Avg:  0.0, Max:  0.0, Diff:  0.0, Sum:  0.0, Workers: 4
[2300.299s][debug][gc,phases      ] GC(142)     Dead                           Min: 0, Avg:  0.0, Max: 0, Diff: 0, Sum: 0, Workers: 4
[2300.299s][debug][gc,phases      ] GC(142)     Total                          Min: 0, Avg: 94.5, Max: 128, Diff: 128, Sum: 378, Workers: 4
[2300.299s][debug][gc,phases      ] GC(142)   JVMTI Tag Weak OopStorage      Min:  0.0, Avg:  0.0, Max:  0.0, Diff:  0.0, Sum:  0.0, Workers: 4
[2300.299s][debug][gc,phases      ] GC(142)     Dead                           Min: 0, Avg:  0.0, Max: 0, Diff: 0, Sum: 0, Workers: 4
[2300.299s][debug][gc,phases      ] GC(142)     Total                          Min: 0, Avg:  0.0, Max: 0, Diff: 0, Sum: 0, Workers: 4
[2300.299s][debug][gc,phases      ] GC(142)   StringTable Weak               Min:  0.1, Avg:  0.1, Max:  0.1, Diff:  0.0, Sum:  0.5, Workers: 4
[2300.299s][debug][gc,phases      ] GC(142)     Dead                           Min: 0, Avg:  0.0, Max: 0, Diff: 0, Sum: 0, Workers: 4
[2300.299s][debug][gc,phases      ] GC(142)     Total                          Min: 9088, Avg: 12071.5, Max: 14174, Diff: 5086, Sum: 48286, Workers: 4
[2300.299s][debug][gc,phases      ] GC(142)   ResolvedMethodTable Weak       Min:  0.0, Avg:  0.0, Max:  0.0, Diff:  0.0, Sum:  0.1, Workers: 4
[2300.299s][debug][gc,phases      ] GC(142)     Dead                           Min: 0, Avg:  0.0, Max: 0, Diff: 0, Sum: 0, Workers: 4
[2300.299s][debug][gc,phases      ] GC(142)     Total                          Min: 1829, Avg: 2027.0, Max: 2225, Diff: 396, Sum: 8108, Workers: 4
[2300.299s][debug][gc,phases      ] GC(142)   JNI Weak                       Min:  0.0, Avg:  0.0, Max:  0.0, Diff:  0.0, Sum:  0.0, Workers: 4
[2300.299s][debug][gc,phases      ] GC(142)     Dead                           Min: 0, Avg:  0.0, Max: 0, Diff: 0, Sum: 0, Workers: 4
[2300.299s][debug][gc,phases      ] GC(142)     Total                          Min: 0, Avg:  0.0, Max: 0, Diff: 0, Sum: 0, Workers: 4
[2300.299s][debug][gc,phases      ] GC(142)   StringDedup Table Weak         Min:  0.0, Avg:  0.0, Max:  0.0, Diff:  0.0, Sum:  0.0, Workers: 4
[2300.299s][debug][gc,phases      ] GC(142)     Dead                           Min: 0, Avg:  0.0, Max: 0, Diff: 0, Sum: 0, Workers: 4
[2300.299s][debug][gc,phases      ] GC(142)     Total                          Min: 0, Avg:  0.0, Max: 0, Diff: 0, Sum: 0, Workers: 4
[2300.299s][debug][gc,phases      ] GC(142)   StringDedup Requests0 Weak     Min:  0.0, Avg:  0.0, Max:  0.0, Diff:  0.0, Sum:  0.0, Workers: 4
[2300.299s][debug][gc,phases      ] GC(142)     Dead                           Min: 0, Avg:  0.0, Max: 0, Diff: 0, Sum: 0, Workers: 4
[2300.299s][debug][gc,phases      ] GC(142)     Total                          Min: 0, Avg:  0.0, Max: 0, Diff: 0, Sum: 0, Workers: 4
[2300.299s][debug][gc,phases      ] GC(142)   StringDedup Requests1 Weak     Min:  0.0, Avg:  0.0, Max:  0.0, Diff:  0.0, Sum:  0.0, Workers: 4
[2300.299s][debug][gc,phases      ] GC(142)     Dead                           Min: 0, Avg:  0.0, Max: 0, Diff: 0, Sum: 0, Workers: 4
[2300.299s][debug][gc,phases      ] GC(142)     Total                          Min: 0, Avg:  0.0, Max: 0, Diff: 0, Sum: 0, Workers: 4
[2300.299s][debug][gc,phases      ] GC(142)   Weak JFR Old Object Samples    Min:  0.0, Avg:  0.0, Max:  0.0, Diff:  0.0, Sum:  0.0, Workers: 4
[2300.299s][debug][gc,phases      ] GC(142)     Dead                           Min: 0, Avg:  0.0, Max: 0, Diff: 0, Sum: 0, Workers: 4
[2300.299s][debug][gc,phases      ] GC(142)     Total                          Min: 0, Avg:  0.0, Max: 0, Diff: 0, Sum: 0, Workers: 4
[2300.299s][debug][gc,phases      ] GC(142) Weak Processing 0.366ms
[2300.299s][debug][gc,age         ] GC(142) Desired survivor size 73400320 bytes, new threshold 15 (max threshold 15)
[2300.299s][info ][gc,heap        ] GC(142) PSYoungGen: 1972960K(1973248K)->9456K(2023936K) Eden: 1960960K(1960960K)->0K(1953792K) From: 12000K(12288K)->9456K(70144K)
[2300.299s][info ][gc,heap        ] GC(142) ParOldGen: 562742K(595968K)->562790K(595968K)
[2300.299s][info ][gc,metaspace   ] GC(142) Metaspace: 83531K(84416K)->83531K(84416K) NonClass: 71881K(72320K)->71881K(72320K) Class: 11650K(12096K)->11650K(12096K)
[2300.299s][info ][gc             ] GC(142) Pause Young (Allocation Failure) 2476M->558M(2558M) 5.430ms
[2300.299s][info ][gc,cpu         ] GC(142) User=0.02s Sys=0.00s Real=0.00s
[2300.299s][info ][safepoint      ] Safepoint "ParallelGCFailedAllocation", Time since last: 24654467107 ns, Reaching safepoint: 56601 ns, At safepoint: 5514011 ns, Total: 5570612 ns
[2305.300s][info ][safepoint      ] Safepoint "Cleanup", Time since last: 5000362559 ns, Reaching safepoint: 50801 ns, At safepoint: 4000 ns, Total: 54801 ns
[2310.300s][info ][safepoint      ] Safepoint "Cleanup", Time since last: 5000360854 ns, Reaching safepoint: 120303 ns, At safepoint: 10900 ns, Total: 131203 ns
[2324.301s][info ][safepoint      ] Safepoint "Cleanup", Time since last: 14000949584 ns, Reaching safepoint: 113303 ns, At safepoint: 6900 ns, Total: 120203 ns
[2325.301s][info ][safepoint      ] Safepoint "Cleanup", Time since last: 1000116548 ns, Reaching safepoint: 50801 ns, At safepoint: 9800 ns, Total: 60601 ns
[2333.302s][info ][safepoint      ] Safepoint "Cleanup", Time since last: 8000579374 ns, Reaching safepoint: 47801 ns, At safepoint: 9200 ns, Total: 57001 ns
[2339.739s][info ][gc,start       ] GC(143) Pause Young (Allocation Failure)
[2339.753s][debug][gc,phases      ] GC(143) Scavenge 13.984ms
[2339.753s][debug][gc,ref         ] GC(143) Skipped phase 1 of Reference Processing: no references
[2339.753s][debug][gc,ref         ] GC(143) ReferenceProcessor::execute queues: 1, RefProcThreadModel::Single, marks_oops_alive: false
[2339.753s][debug][gc,ref         ] GC(143) Skipped phase 3 of Reference Processing: no references
[2339.753s][debug][gc,ref         ] GC(143) ReferenceProcessor::execute queues: 1, RefProcThreadModel::Single, marks_oops_alive: false
[2339.753s][debug][gc,phases      ] GC(143) Reference Processing 0.146ms
[2339.753s][debug][gc,phases      ] GC(143)   VM Weak                        Min:  0.0, Avg:  0.0, Max:  0.0, Diff:  0.0, Sum:  0.0, Workers: 4
[2339.753s][debug][gc,phases      ] GC(143)     Dead                           Min: 0, Avg:  0.0, Max: 0, Diff: 0, Sum: 0, Workers: 4
[2339.753s][debug][gc,phases      ] GC(143)     Total                          Min: 0, Avg: 176.2, Max: 449, Diff: 449, Sum: 705, Workers: 4
[2339.753s][debug][gc,phases      ] GC(143)   ObjectSynchronizer Weak        Min:  0.0, Avg:  0.0, Max:  0.0, Diff:  0.0, Sum:  0.0, Workers: 4
[2339.753s][debug][gc,phases      ] GC(143)     Dead                           Min: 0, Avg:  0.0, Max: 0, Diff: 0, Sum: 0, Workers: 4
[2339.753s][debug][gc,phases      ] GC(143)     Total                          Min: 0, Avg: 94.5, Max: 128, Diff: 128, Sum: 378, Workers: 4
[2339.753s][debug][gc,phases      ] GC(143)   JVMTI Tag Weak OopStorage      Min:  0.0, Avg:  0.0, Max:  0.0, Diff:  0.0, Sum:  0.0, Workers: 4
[2339.753s][debug][gc,phases      ] GC(143)     Dead                           Min: 0, Avg:  0.0, Max: 0, Diff: 0, Sum: 0, Workers: 4
[2339.753s][debug][gc,phases      ] GC(143)     Total                          Min: 0, Avg:  0.0, Max: 0, Diff: 0, Sum: 0, Workers: 4
[2339.753s][debug][gc,phases      ] GC(143)   StringTable Weak               Min:  0.1, Avg:  0.1, Max:  0.1, Diff:  0.0, Sum:  0.5, Workers: 4
[2339.753s][debug][gc,phases      ] GC(143)     Dead                           Min: 0, Avg:  0.0, Max: 0, Diff: 0, Sum: 0, Workers: 4
[2339.753s][debug][gc,phases      ] GC(143)     Total                          Min: 10752, Avg: 12073.5, Max: 12966, Diff: 2214, Sum: 48294, Workers: 4
[2339.753s][debug][gc,phases      ] GC(143)   ResolvedMethodTable Weak       Min:  0.0, Avg:  0.0, Max:  0.0, Diff:  0.0, Sum:  0.1, Workers: 4
[2339.753s][debug][gc,phases      ] GC(143)     Dead                           Min: 0, Avg:  0.0, Max: 0, Diff: 0, Sum: 0, Workers: 4
[2339.753s][debug][gc,phases      ] GC(143)     Total                          Min: 1913, Avg: 2027.0, Max: 2162, Diff: 249, Sum: 8108, Workers: 4
[2339.753s][debug][gc,phases      ] GC(143)   JNI Weak                       Min:  0.0, Avg:  0.0, Max:  0.0, Diff:  0.0, Sum:  0.0, Workers: 4
[2339.753s][debug][gc,phases      ] GC(143)     Dead                           Min: 0, Avg:  0.0, Max: 0, Diff: 0, Sum: 0, Workers: 4
[2339.753s][debug][gc,phases      ] GC(143)     Total                          Min: 0, Avg:  0.0, Max: 0, Diff: 0, Sum: 0, Workers: 4
[2339.753s][debug][gc,phases      ] GC(143)   StringDedup Table Weak         Min:  0.0, Avg:  0.0, Max:  0.0, Diff:  0.0, Sum:  0.0, Workers: 4
[2339.753s][debug][gc,phases      ] GC(143)     Dead                           Min: 0, Avg:  0.0, Max: 0, Diff: 0, Sum: 0, Workers: 4
[2339.753s][debug][gc,phases      ] GC(143)     Total                          Min: 0, Avg:  0.0, Max: 0, Diff: 0, Sum: 0, Workers: 4
[2339.753s][debug][gc,phases      ] GC(143)   StringDedup Requests0 Weak     Min:  0.0, Avg:  0.0, Max:  0.0, Diff:  0.0, Sum:  0.0, Workers: 4
[2339.753s][debug][gc,phases      ] GC(143)     Dead                           Min: 0, Avg:  0.0, Max: 0, Diff: 0, Sum: 0, Workers: 4
[2339.753s][debug][gc,phases      ] GC(143)     Total                          Min: 0, Avg:  0.0, Max: 0, Diff: 0, Sum: 0, Workers: 4
[2339.753s][debug][gc,phases      ] GC(143)   StringDedup Requests1 Weak     Min:  0.0, Avg:  0.0, Max:  0.0, Diff:  0.0, Sum:  0.0, Workers: 4
[2339.753s][debug][gc,phases      ] GC(143)     Dead                           Min: 0, Avg:  0.0, Max: 0, Diff: 0, Sum: 0, Workers: 4
[2339.753s][debug][gc,phases      ] GC(143)     Total                          Min: 0, Avg:  0.0, Max: 0, Diff: 0, Sum: 0, Workers: 4
[2339.753s][debug][gc,phases      ] GC(143)   Weak JFR Old Object Samples    Min:  0.0, Avg:  0.0, Max:  0.0, Diff:  0.0, Sum:  0.0, Workers: 4
[2339.753s][debug][gc,phases      ] GC(143)     Dead                           Min: 0, Avg:  0.0, Max: 0, Diff: 0, Sum: 0, Workers: 4
[2339.753s][debug][gc,phases      ] GC(143)     Total                          Min: 0, Avg:  0.0, Max: 0, Diff: 0, Sum: 0, Workers: 4
[2339.753s][debug][gc,phases      ] GC(143) Weak Processing 0.347ms
[2339.754s][debug][gc,age         ] GC(143) Desired survivor size 73400320 bytes, new threshold 15 (max threshold 15)
[2339.754s][info ][gc,heap        ] GC(143) PSYoungGen: 1963248K(2023936K)->44768K(2025472K) Eden: 1953792K(1953792K)->0K(1953792K) From: 9456K(70144K)->44768K(71680K)
[2339.754s][info ][gc,heap        ] GC(143) ParOldGen: 562790K(595968K)->562862K(595968K)
[2339.754s][info ][gc,metaspace   ] GC(143) Metaspace: 83538K(84416K)->83538K(84416K) NonClass: 71888K(72320K)->71888K(72320K) Class: 11650K(12096K)->11650K(12096K)
[2339.754s][info ][gc             ] GC(143) Pause Young (Allocation Failure) 2466M->593M(2560M) 14.636ms
[2339.754s][info ][gc,cpu         ] GC(143) User=0.06s Sys=0.00s Real=0.02s
[2339.754s][info ][safepoint      ] Safepoint "ParallelGCFailedAllocation", Time since last: 6436754817 ns, Reaching safepoint: 30501 ns, At safepoint: 14728695 ns, Total: 14759196 ns
[2342.754s][info ][safepoint      ] Safepoint "Cleanup", Time since last: 3000211033 ns, Reaching safepoint: 39401 ns, At safepoint: 10000 ns, Total: 49401 ns
[2345.754s][info ][safepoint      ] Safepoint "Cleanup", Time since last: 3000248832 ns, Reaching safepoint: 124202 ns, At safepoint: 12001 ns, Total: 136203 ns
[2357.755s][info ][safepoint      ] Safepoint "Cleanup", Time since last: 12000851009 ns, Reaching safepoint: 48601 ns, At safepoint: 7000 ns, Total: 55601 ns
[2377.757s][info ][safepoint      ] Safepoint "Cleanup", Time since last: 20001345189 ns, Reaching safepoint: 48201 ns, At safepoint: 33000 ns, Total: 81201 ns
[2378.757s][info ][safepoint      ] Safepoint "Cleanup", Time since last: 1000104139 ns, Reaching safepoint: 45901 ns, At safepoint: 7300 ns, Total: 53201 ns
[2379.757s][info ][safepoint      ] Safepoint "Cleanup", Time since last: 1000123838 ns, Reaching safepoint: 49101 ns, At safepoint: 3200 ns, Total: 52301 ns
[2381.757s][info ][safepoint      ] Safepoint "Cleanup", Time since last: 2000189776 ns, Reaching safepoint: 32801 ns, At safepoint: 3200 ns, Total: 36001 ns
[2384.757s][info ][safepoint      ] Safepoint "Cleanup", Time since last: 3000245411 ns, Reaching safepoint: 43501 ns, At safepoint: 3400 ns, Total: 46901 ns
[2389.758s][info ][safepoint      ] Safepoint "Cleanup", Time since last: 5000383281 ns, Reaching safepoint: 59101 ns, At safepoint: 8400 ns, Total: 67501 ns
[2417.997s][info ][gc,start       ] GC(144) Pause Young (Allocation Failure)
[2418.010s][debug][gc,phases      ] GC(144) Scavenge 12.763ms
[2418.010s][debug][gc,ref         ] GC(144) Skipped phase 1 of Reference Processing: no references
[2418.010s][debug][gc,ref         ] GC(144) ReferenceProcessor::execute queues: 1, RefProcThreadModel::Single, marks_oops_alive: false
[2418.010s][debug][gc,ref         ] GC(144) Skipped phase 3 of Reference Processing: no references
[2418.010s][debug][gc,ref         ] GC(144) ReferenceProcessor::execute queues: 1, RefProcThreadModel::Single, marks_oops_alive: false
[2418.010s][debug][gc,phases      ] GC(144) Reference Processing 0.141ms
[2418.011s][debug][gc,phases      ] GC(144)   VM Weak                        Min:  0.0, Avg:  0.0, Max:  0.0, Diff:  0.0, Sum:  0.0, Workers: 4
[2418.011s][debug][gc,phases      ] GC(144)     Dead                           Min: 0, Avg:  0.0, Max: 0, Diff: 0, Sum: 0, Workers: 4
[2418.011s][debug][gc,phases      ] GC(144)     Total                          Min: 0, Avg: 176.2, Max: 384, Diff: 384, Sum: 705, Workers: 4
[2418.011s][debug][gc,phases      ] GC(144)   ObjectSynchronizer Weak        Min:  0.0, Avg:  0.0, Max:  0.0, Diff:  0.0, Sum:  0.0, Workers: 4
[2418.011s][debug][gc,phases      ] GC(144)     Dead                           Min: 0, Avg:  0.0, Max: 0, Diff: 0, Sum: 0, Workers: 4
[2418.011s][debug][gc,phases      ] GC(144)     Total                          Min: 58, Avg: 94.5, Max: 128, Diff: 70, Sum: 378, Workers: 4
[2418.011s][debug][gc,phases      ] GC(144)   JVMTI Tag Weak OopStorage      Min:  0.0, Avg:  0.0, Max:  0.0, Diff:  0.0, Sum:  0.0, Workers: 4
[2418.011s][debug][gc,phases      ] GC(144)     Dead                           Min: 0, Avg:  0.0, Max: 0, Diff: 0, Sum: 0, Workers: 4
[2418.011s][debug][gc,phases      ] GC(144)     Total                          Min: 0, Avg:  0.0, Max: 0, Diff: 0, Sum: 0, Workers: 4
[2418.011s][debug][gc,phases      ] GC(144)   StringTable Weak               Min:  0.1, Avg:  0.1, Max:  0.1, Diff:  0.0, Sum:  0.5, Workers: 4
[2418.011s][debug][gc,phases      ] GC(144)     Dead                           Min: 0, Avg:  0.2, Max: 1, Diff: 1, Sum: 1, Workers: 4
[2418.011s][debug][gc,phases      ] GC(144)     Total                          Min: 11688, Avg: 12073.8, Max: 12479, Diff: 791, Sum: 48295, Workers: 4
[2418.011s][debug][gc,phases      ] GC(144)   ResolvedMethodTable Weak       Min:  0.0, Avg:  0.0, Max:  0.0, Diff:  0.0, Sum:  0.1, Workers: 4
[2418.011s][debug][gc,phases      ] GC(144)     Dead                           Min: 0, Avg:  0.0, Max: 0, Diff: 0, Sum: 0, Workers: 4
[2418.011s][debug][gc,phases      ] GC(144)     Total                          Min: 1872, Avg: 2027.0, Max: 2157, Diff: 285, Sum: 8108, Workers: 4
[2418.011s][debug][gc,phases      ] GC(144)   JNI Weak                       Min:  0.0, Avg:  0.0, Max:  0.0, Diff:  0.0, Sum:  0.0, Workers: 4
[2418.011s][debug][gc,phases      ] GC(144)     Dead                           Min: 0, Avg:  0.0, Max: 0, Diff: 0, Sum: 0, Workers: 4
[2418.011s][debug][gc,phases      ] GC(144)     Total                          Min: 0, Avg:  0.0, Max: 0, Diff: 0, Sum: 0, Workers: 4
[2418.011s][debug][gc,phases      ] GC(144)   StringDedup Table Weak         Min:  0.0, Avg:  0.0, Max:  0.0, Diff:  0.0, Sum:  0.0, Workers: 4
[2418.011s][debug][gc,phases      ] GC(144)     Dead                           Min: 0, Avg:  0.0, Max: 0, Diff: 0, Sum: 0, Workers: 4
[2418.011s][debug][gc,phases      ] GC(144)     Total                          Min: 0, Avg:  0.0, Max: 0, Diff: 0, Sum: 0, Workers: 4
[2418.011s][debug][gc,phases      ] GC(144)   StringDedup Requests0 Weak     Min:  0.0, Avg:  0.0, Max:  0.0, Diff:  0.0, Sum:  0.0, Workers: 4
[2418.011s][debug][gc,phases      ] GC(144)     Dead                           Min: 0, Avg:  0.0, Max: 0, Diff: 0, Sum: 0, Workers: 4
[2418.011s][debug][gc,phases      ] GC(144)     Total                          Min: 0, Avg:  0.0, Max: 0, Diff: 0, Sum: 0, Workers: 4
[2418.011s][debug][gc,phases      ] GC(144)   StringDedup Requests1 Weak     Min:  0.0, Avg:  0.0, Max:  0.0, Diff:  0.0, Sum:  0.0, Workers: 4
[2418.011s][debug][gc,phases      ] GC(144)     Dead                           Min: 0, Avg:  0.0, Max: 0, Diff: 0, Sum: 0, Workers: 4
[2418.011s][debug][gc,phases      ] GC(144)     Total                          Min: 0, Avg:  0.0, Max: 0, Diff: 0, Sum: 0, Workers: 4
[2418.011s][debug][gc,phases      ] GC(144)   Weak JFR Old Object Samples    Min:  0.0, Avg:  0.0, Max:  0.0, Diff:  0.0, Sum:  0.0, Workers: 4
[2418.011s][debug][gc,phases      ] GC(144)     Dead                           Min: 0, Avg:  0.0, Max: 0, Diff: 0, Sum: 0, Workers: 4
[2418.011s][debug][gc,phases      ] GC(144)     Total                          Min: 0, Avg:  0.0, Max: 0, Diff: 0, Sum: 0, Workers: 4
[2418.011s][debug][gc,phases      ] GC(144) Weak Processing 0.349ms
[2418.011s][debug][gc,age         ] GC(144) Desired survivor size 72351744 bytes, new threshold 15 (max threshold 15)
[2418.011s][info ][gc,heap        ] GC(144) PSYoungGen: 1998560K(2025472K)->41648K(2026496K) Eden: 1953792K(1953792K)->0K(1954816K) From: 44768K(71680K)->41648K(71680K)
[2418.011s][info ][gc,heap        ] GC(144) ParOldGen: 562862K(595968K)->562958K(595968K)
[2418.011s][info ][gc,metaspace   ] GC(144) Metaspace: 83548K(84416K)->83548K(84416K) NonClass: 71898K(72320K)->71898K(72320K) Class: 11650K(12096K)->11650K(12096K)
[2418.011s][info ][gc             ] GC(144) Pause Young (Allocation Failure) 2501M->590M(2561M) 13.422ms
[2418.011s][info ][gc,cpu         ] GC(144) User=0.05s Sys=0.01s Real=0.01s
[2418.011s][info ][safepoint      ] Safepoint "ParallelGCFailedAllocation", Time since last: 28239434790 ns, Reaching safepoint: 49501 ns, At safepoint: 13518071 ns, Total: 13567572 ns
[2419.011s][info ][safepoint      ] Safepoint "Cleanup", Time since last: 1000080431 ns, Reaching safepoint: 42101 ns, At safepoint: 5500 ns, Total: 47601 ns
[2430.012s][info ][safepoint      ] Safepoint "Cleanup", Time since last: 11000670028 ns, Reaching safepoint: 62201 ns, At safepoint: 11600 ns, Total: 73801 ns
[2434.012s][info ][safepoint      ] Safepoint "Cleanup", Time since last: 4000306016 ns, Reaching safepoint: 50401 ns, At safepoint: 7700 ns, Total: 58101 ns
[2441.013s][info ][safepoint      ] Safepoint "Cleanup", Time since last: 7000442694 ns, Reaching safepoint: 46001 ns, At safepoint: 3300 ns, Total: 49301 ns
[2442.013s][info ][safepoint      ] Safepoint "Cleanup", Time since last: 1000119129 ns, Reaching safepoint: 38800 ns, At safepoint: 5100 ns, Total: 43900 ns
[2446.013s][info ][safepoint      ] Safepoint "Cleanup", Time since last: 4000309809 ns, Reaching safepoint: 46001 ns, At safepoint: 6000 ns, Total: 52001 ns
[2449.013s][info ][safepoint      ] Safepoint "Cleanup", Time since last: 3000186278 ns, Reaching safepoint: 44601 ns, At safepoint: 7500 ns, Total: 52101 ns
[2457.014s][info ][safepoint      ] Safepoint "Cleanup", Time since last: 8000553005 ns, Reaching safepoint: 47901 ns, At safepoint: 5700 ns, Total: 53601 ns
[2462.029s][info ][safepoint      ] Safepoint "Cleanup", Time since last: 5015039217 ns, Reaching safepoint: 50801 ns, At safepoint: 3500 ns, Total: 54301 ns
[2463.029s][info ][safepoint      ] Safepoint "Cleanup", Time since last: 1000113825 ns, Reaching safepoint: 48701 ns, At safepoint: 3000 ns, Total: 51701 ns
[2475.030s][info ][safepoint      ] Safepoint "Cleanup", Time since last: 12000833878 ns, Reaching safepoint: 116902 ns, At safepoint: 14401 ns, Total: 131303 ns
[2476.030s][info ][safepoint      ] Safepoint "Cleanup", Time since last: 1000111123 ns, Reaching safepoint: 45900 ns, At safepoint: 8901 ns, Total: 54801 ns
[2491.031s][info ][safepoint      ] Safepoint "Cleanup", Time since last: 15001012015 ns, Reaching safepoint: 51001 ns, At safepoint: 7100 ns, Total: 58101 ns
[2492.032s][info ][safepoint      ] Safepoint "Cleanup", Time since last: 1000107521 ns, Reaching safepoint: 52201 ns, At safepoint: 7900 ns, Total: 60101 ns
[2492.348s][info ][gc,start       ] GC(145) Pause Young (Allocation Failure)
[2492.370s][debug][gc,phases      ] GC(145) Scavenge 22.388ms
[2492.370s][debug][gc,ref         ] GC(145) Skipped phase 1 of Reference Processing: no references
[2492.370s][debug][gc,ref         ] GC(145) ReferenceProcessor::execute queues: 1, RefProcThreadModel::Single, marks_oops_alive: false
[2492.370s][debug][gc,ref         ] GC(145) Skipped phase 3 of Reference Processing: no references
[2492.370s][debug][gc,ref         ] GC(145) ReferenceProcessor::execute queues: 1, RefProcThreadModel::Single, marks_oops_alive: false
[2492.370s][debug][gc,phases      ] GC(145) Reference Processing 0.158ms
[2492.371s][debug][gc,phases      ] GC(145)   VM Weak                        Min:  0.0, Avg:  0.0, Max:  0.0, Diff:  0.0, Sum:  0.0, Workers: 4
[2492.371s][debug][gc,phases      ] GC(145)     Dead                           Min: 0, Avg:  0.0, Max: 0, Diff: 0, Sum: 0, Workers: 4
[2492.371s][debug][gc,phases      ] GC(145)     Total                          Min: 0, Avg: 176.5, Max: 642, Diff: 642, Sum: 706, Workers: 4
[2492.371s][debug][gc,phases      ] GC(145)   ObjectSynchronizer Weak        Min:  0.0, Avg:  0.0, Max:  0.0, Diff:  0.0, Sum:  0.0, Workers: 4
[2492.371s][debug][gc,phases      ] GC(145)     Dead                           Min: 0, Avg:  0.0, Max: 0, Diff: 0, Sum: 0, Workers: 4
[2492.371s][debug][gc,phases      ] GC(145)     Total                          Min: 0, Avg: 94.5, Max: 192, Diff: 192, Sum: 378, Workers: 4
[2492.371s][debug][gc,phases      ] GC(145)   JVMTI Tag Weak OopStorage      Min:  0.0, Avg:  0.0, Max:  0.0, Diff:  0.0, Sum:  0.0, Workers: 4
[2492.371s][debug][gc,phases      ] GC(145)     Dead                           Min: 0, Avg:  0.0, Max: 0, Diff: 0, Sum: 0, Workers: 4
[2492.371s][debug][gc,phases      ] GC(145)     Total                          Min: 0, Avg:  0.0, Max: 0, Diff: 0, Sum: 0, Workers: 4
[2492.371s][debug][gc,phases      ] GC(145)   StringTable Weak               Min:  0.1, Avg:  0.1, Max:  0.1, Diff:  0.0, Sum:  0.5, Workers: 4
[2492.371s][debug][gc,phases      ] GC(145)     Dead                           Min: 0, Avg:  0.2, Max: 1, Diff: 1, Sum: 1, Workers: 4
[2492.371s][debug][gc,phases      ] GC(145)     Total                          Min: 11694, Avg: 12075.5, Max: 12480, Diff: 786, Sum: 48302, Workers: 4
[2492.371s][debug][gc,phases      ] GC(145)   ResolvedMethodTable Weak       Min:  0.0, Avg:  0.0, Max:  0.0, Diff:  0.0, Sum:  0.1, Workers: 4
[2492.371s][debug][gc,phases      ] GC(145)     Dead                           Min: 0, Avg:  0.0, Max: 0, Diff: 0, Sum: 0, Workers: 4
[2492.371s][debug][gc,phases      ] GC(145)     Total                          Min: 1895, Avg: 2030.0, Max: 2160, Diff: 265, Sum: 8120, Workers: 4
[2492.371s][debug][gc,phases      ] GC(145)   JNI Weak                       Min:  0.0, Avg:  0.0, Max:  0.0, Diff:  0.0, Sum:  0.0, Workers: 4
[2492.371s][debug][gc,phases      ] GC(145)     Dead                           Min: 0, Avg:  0.0, Max: 0, Diff: 0, Sum: 0, Workers: 4
[2492.371s][debug][gc,phases      ] GC(145)     Total                          Min: 0, Avg:  0.0, Max: 0, Diff: 0, Sum: 0, Workers: 4
[2492.371s][debug][gc,phases      ] GC(145)   StringDedup Table Weak         Min:  0.0, Avg:  0.0, Max:  0.0, Diff:  0.0, Sum:  0.0, Workers: 4
[2492.371s][debug][gc,phases      ] GC(145)     Dead                           Min: 0, Avg:  0.0, Max: 0, Diff: 0, Sum: 0, Workers: 4
[2492.371s][debug][gc,phases      ] GC(145)     Total                          Min: 0, Avg:  0.0, Max: 0, Diff: 0, Sum: 0, Workers: 4
[2492.371s][debug][gc,phases      ] GC(145)   StringDedup Requests0 Weak     Min:  0.0, Avg:  0.0, Max:  0.0, Diff:  0.0, Sum:  0.0, Workers: 4
[2492.371s][debug][gc,phases      ] GC(145)     Dead                           Min: 0, Avg:  0.0, Max: 0, Diff: 0, Sum: 0, Workers: 4
[2492.371s][debug][gc,phases      ] GC(145)     Total                          Min: 0, Avg:  0.0, Max: 0, Diff: 0, Sum: 0, Workers: 4
[2492.371s][debug][gc,phases      ] GC(145)   StringDedup Requests1 Weak     Min:  0.0, Avg:  0.0, Max:  0.0, Diff:  0.0, Sum:  0.0, Workers: 4
[2492.371s][debug][gc,phases      ] GC(145)     Dead                           Min: 0, Avg:  0.0, Max: 0, Diff: 0, Sum: 0, Workers: 4
[2492.371s][debug][gc,phases      ] GC(145)     Total                          Min: 0, Avg:  0.0, Max: 0, Diff: 0, Sum: 0, Workers: 4
[2492.371s][debug][gc,phases      ] GC(145)   Weak JFR Old Object Samples    Min:  0.0, Avg:  0.0, Max:  0.0, Diff:  0.0, Sum:  0.0, Workers: 4
[2492.371s][debug][gc,phases      ] GC(145)     Dead                           Min: 0, Avg:  0.0, Max: 0, Diff: 0, Sum: 0, Workers: 4
[2492.371s][debug][gc,phases      ] GC(145)     Total                          Min: 0, Avg:  0.0, Max: 0, Diff: 0, Sum: 0, Workers: 4
[2492.371s][debug][gc,phases      ] GC(145) Weak Processing 0.346ms
[2492.371s][debug][gc,age         ] GC(145) Desired survivor size 73400320 bytes, new threshold 15 (max threshold 15)
[2492.371s][info ][gc,heap        ] GC(145) PSYoungGen: 1996464K(2026496K)->48048K(2025472K) Eden: 1954816K(1954816K)->0K(1954816K) From: 41648K(71680K)->48048K(70656K)
[2492.371s][info ][gc,heap        ] GC(145) ParOldGen: 562958K(595968K)->567737K(595968K)
[2492.371s][info ][gc,metaspace   ] GC(145) Metaspace: 83581K(84480K)->83581K(84480K) NonClass: 71926K(72384K)->71926K(72384K) Class: 11654K(12096K)->11654K(12096K)
[2492.371s][info ][gc             ] GC(145) Pause Young (Allocation Failure) 2499M->601M(2560M) 23.033ms
[2492.371s][info ][gc,cpu         ] GC(145) User=0.06s Sys=0.00s Real=0.02s
[2492.371s][info ][safepoint      ] Safepoint "ParallelGCFailedAllocation", Time since last: 316026427 ns, Reaching safepoint: 34700 ns, At safepoint: 23125963 ns, Total: 23160663 ns
[2496.371s][info ][safepoint      ] Safepoint "Cleanup", Time since last: 4000335780 ns, Reaching safepoint: 48201 ns, At safepoint: 8900 ns, Total: 57101 ns
[2499.372s][info ][safepoint      ] Safepoint "Cleanup", Time since last: 3000239858 ns, Reaching safepoint: 81201 ns, At safepoint: 10001 ns, Total: 91202 ns
[2500.372s][info ][safepoint      ] Safepoint "Cleanup", Time since last: 1000139220 ns, Reaching safepoint: 61701 ns, At safepoint: 21201 ns, Total: 82902 ns
[2502.372s][info ][safepoint      ] Safepoint "Cleanup", Time since last: 2000205138 ns, Reaching safepoint: 65101 ns, At safepoint: 8701 ns, Total: 73802 ns
[2503.372s][info ][safepoint      ] Safepoint "Cleanup", Time since last: 1000143819 ns, Reaching safepoint: 55602 ns, At safepoint: 8500 ns, Total: 64102 ns
[2505.372s][info ][safepoint      ] Safepoint "Cleanup", Time since last: 2000179037 ns, Reaching safepoint: 46401 ns, At safepoint: 7900 ns, Total: 54301 ns
[2506.373s][info ][safepoint      ] Safepoint "Cleanup", Time since last: 1000104319 ns, Reaching safepoint: 54701 ns, At safepoint: 3600 ns, Total: 58301 ns
[2509.373s][info ][safepoint      ] Safepoint "Cleanup", Time since last: 3000236554 ns, Reaching safepoint: 51701 ns, At safepoint: 7700 ns, Total: 59401 ns
[2512.373s][info ][safepoint      ] Safepoint "Cleanup", Time since last: 3000230852 ns, Reaching safepoint: 56501 ns, At safepoint: 7500 ns, Total: 64001 ns
[2523.374s][info ][safepoint      ] Safepoint "Cleanup", Time since last: 11000763280 ns, Reaching safepoint: 53502 ns, At safepoint: 7900 ns, Total: 61402 ns
[2526.374s][info ][safepoint      ] Safepoint "Cleanup", Time since last: 3000245047 ns, Reaching safepoint: 143103 ns, At safepoint: 15000 ns, Total: 158103 ns
[2549.376s][info ][safepoint      ] Safepoint "Cleanup", Time since last: 23001621117 ns, Reaching safepoint: 66102 ns, At safepoint: 8600 ns, Total: 74702 ns
[2566.377s][info ][safepoint      ] Safepoint "Cleanup", Time since last: 17001181148 ns, Reaching safepoint: 48701 ns, At safepoint: 2700 ns, Total: 51401 ns
[2572.101s][info ][gc,start       ] GC(146) Pause Young (Allocation Failure)
[2572.114s][debug][gc,phases      ] GC(146) Scavenge 12.873ms
[2572.114s][debug][gc,ref         ] GC(146) Skipped phase 1 of Reference Processing: no references
[2572.114s][debug][gc,ref         ] GC(146) ReferenceProcessor::execute queues: 1, RefProcThreadModel::Single, marks_oops_alive: false
[2572.114s][debug][gc,ref         ] GC(146) Skipped phase 3 of Reference Processing: no references
[2572.114s][debug][gc,ref         ] GC(146) ReferenceProcessor::execute queues: 1, RefProcThreadModel::Single, marks_oops_alive: false
[2572.114s][debug][gc,phases      ] GC(146) Reference Processing 0.136ms
[2572.114s][debug][gc,phases      ] GC(146)   VM Weak                        Min:  0.0, Avg:  0.0, Max:  0.0, Diff:  0.0, Sum:  0.0, Workers: 4
[2572.114s][debug][gc,phases      ] GC(146)     Dead                           Min: 0, Avg:  0.0, Max: 0, Diff: 0, Sum: 0, Workers: 4
[2572.114s][debug][gc,phases      ] GC(146)     Total                          Min: 0, Avg: 176.5, Max: 706, Diff: 706, Sum: 706, Workers: 4
[2572.114s][debug][gc,phases      ] GC(146)   ObjectSynchronizer Weak        Min:  0.0, Avg:  0.0, Max:  0.0, Diff:  0.0, Sum:  0.0, Workers: 4
[2572.114s][debug][gc,phases      ] GC(146)     Dead                           Min: 0, Avg:  0.0, Max: 0, Diff: 0, Sum: 0, Workers: 4
[2572.114s][debug][gc,phases      ] GC(146)     Total                          Min: 0, Avg: 94.5, Max: 250, Diff: 250, Sum: 378, Workers: 4
[2572.114s][debug][gc,phases      ] GC(146)   JVMTI Tag Weak OopStorage      Min:  0.0, Avg:  0.0, Max:  0.0, Diff:  0.0, Sum:  0.0, Workers: 4
[2572.114s][debug][gc,phases      ] GC(146)     Dead                           Min: 0, Avg:  0.0, Max: 0, Diff: 0, Sum: 0, Workers: 4
[2572.114s][debug][gc,phases      ] GC(146)     Total                          Min: 0, Avg:  0.0, Max: 0, Diff: 0, Sum: 0, Workers: 4
[2572.114s][debug][gc,phases      ] GC(146)   StringTable Weak               Min:  0.1, Avg:  0.1, Max:  0.1, Diff:  0.0, Sum:  0.5, Workers: 4
[2572.114s][debug][gc,phases      ] GC(146)     Dead                           Min: 0, Avg:  0.0, Max: 0, Diff: 0, Sum: 0, Workers: 4
[2572.114s][debug][gc,phases      ] GC(146)     Total                          Min: 11505, Avg: 12076.2, Max: 12416, Diff: 911, Sum: 48305, Workers: 4
[2572.114s][debug][gc,phases      ] GC(146)   ResolvedMethodTable Weak       Min:  0.0, Avg:  0.0, Max:  0.0, Diff:  0.0, Sum:  0.1, Workers: 4
[2572.114s][debug][gc,phases      ] GC(146)     Dead                           Min: 0, Avg:  0.0, Max: 0, Diff: 0, Sum: 0, Workers: 4
[2572.114s][debug][gc,phases      ] GC(146)     Total                          Min: 1701, Avg: 2030.0, Max: 2344, Diff: 643, Sum: 8120, Workers: 4
[2572.114s][debug][gc,phases      ] GC(146)   JNI Weak                       Min:  0.0, Avg:  0.0, Max:  0.0, Diff:  0.0, Sum:  0.0, Workers: 4
[2572.114s][debug][gc,phases      ] GC(146)     Dead                           Min: 0, Avg:  0.0, Max: 0, Diff: 0, Sum: 0, Workers: 4
[2572.114s][debug][gc,phases      ] GC(146)     Total                          Min: 0, Avg:  0.0, Max: 0, Diff: 0, Sum: 0, Workers: 4
[2572.114s][debug][gc,phases      ] GC(146)   StringDedup Table Weak         Min:  0.0, Avg:  0.0, Max:  0.0, Diff:  0.0, Sum:  0.0, Workers: 4
[2572.114s][debug][gc,phases      ] GC(146)     Dead                           Min: 0, Avg:  0.0, Max: 0, Diff: 0, Sum: 0, Workers: 4
[2572.114s][debug][gc,phases      ] GC(146)     Total                          Min: 0, Avg:  0.0, Max: 0, Diff: 0, Sum: 0, Workers: 4
[2572.114s][debug][gc,phases      ] GC(146)   StringDedup Requests0 Weak     Min:  0.0, Avg:  0.0, Max:  0.0, Diff:  0.0, Sum:  0.0, Workers: 4
[2572.114s][debug][gc,phases      ] GC(146)     Dead                           Min: 0, Avg:  0.0, Max: 0, Diff: 0, Sum: 0, Workers: 4
[2572.114s][debug][gc,phases      ] GC(146)     Total                          Min: 0, Avg:  0.0, Max: 0, Diff: 0, Sum: 0, Workers: 4
[2572.114s][debug][gc,phases      ] GC(146)   StringDedup Requests1 Weak     Min:  0.0, Avg:  0.0, Max:  0.0, Diff:  0.0, Sum:  0.0, Workers: 4
[2572.114s][debug][gc,phases      ] GC(146)     Dead                           Min: 0, Avg:  0.0, Max: 0, Diff: 0, Sum: 0, Workers: 4
[2572.114s][debug][gc,phases      ] GC(146)     Total                          Min: 0, Avg:  0.0, Max: 0, Diff: 0, Sum: 0, Workers: 4
[2572.114s][debug][gc,phases      ] GC(146)   Weak JFR Old Object Samples    Min:  0.0, Avg:  0.0, Max:  0.0, Diff:  0.0, Sum:  0.0, Workers: 4
[2572.114s][debug][gc,phases      ] GC(146)     Dead                           Min: 0, Avg:  0.0, Max: 0, Diff: 0, Sum: 0, Workers: 4
[2572.114s][debug][gc,phases      ] GC(146)     Total                          Min: 0, Avg:  0.0, Max: 0, Diff: 0, Sum: 0, Workers: 4
[2572.115s][debug][gc,phases      ] GC(146) Weak Processing 0.347ms
[2572.115s][debug][gc,age         ] GC(146) Desired survivor size 72351744 bytes, new threshold 15 (max threshold 15)
[2572.115s][info ][gc,heap        ] GC(146) PSYoungGen: 2002864K(2025472K)->44208K(2026496K) Eden: 1954816K(1954816K)->0K(1954816K) From: 48048K(70656K)->44208K(71680K)
[2572.115s][info ][gc,heap        ] GC(146) ParOldGen: 567737K(595968K)->567769K(595968K)
[2572.115s][info ][gc,metaspace   ] GC(146) Metaspace: 83592K(84480K)->83592K(84480K) NonClass: 71937K(72384K)->71937K(72384K) Class: 11654K(12096K)->11654K(12096K)
[2572.115s][info ][gc             ] GC(146) Pause Young (Allocation Failure) 2510M->597M(2561M) 13.491ms
[2572.115s][info ][gc,cpu         ] GC(146) User=0.05s Sys=0.00s Real=0.02s
[2572.115s][info ][safepoint      ] Safepoint "ParallelGCFailedAllocation", Time since last: 5723619988 ns, Reaching safepoint: 42901 ns, At safepoint: 13570273 ns, Total: 13613174 ns
[2576.958s][info ][safepoint      ] Safepoint "Cleanup", Time since last: 4842890670 ns, Reaching safepoint: 25000 ns, At safepoint: 9601 ns, Total: 34601 ns
[2577.958s][info ][safepoint      ] Safepoint "Cleanup", Time since last: 1000105607 ns, Reaching safepoint: 55901 ns, At safepoint: 4900 ns, Total: 60801 ns
[2586.958s][info ][safepoint      ] Safepoint "Cleanup", Time since last: 9000690246 ns, Reaching safepoint: 42700 ns, At safepoint: 3301 ns, Total: 46001 ns
[2589.959s][info ][safepoint      ] Safepoint "Cleanup", Time since last: 3000236810 ns, Reaching safepoint: 45201 ns, At safepoint: 2800 ns, Total: 48001 ns
[2593.959s][info ][safepoint      ] Safepoint "Cleanup", Time since last: 4000252108 ns, Reaching safepoint: 43301 ns, At safepoint: 10700 ns, Total: 54001 ns
[2598.959s][info ][safepoint      ] Safepoint "Cleanup", Time since last: 5000383705 ns, Reaching safepoint: 45301 ns, At safepoint: 3800 ns, Total: 49101 ns
[2602.960s][info ][safepoint      ] Safepoint "Cleanup", Time since last: 4000308499 ns, Reaching safepoint: 49701 ns, At safepoint: 10500 ns, Total: 60201 ns
[2603.960s][info ][safepoint      ] Safepoint "Cleanup", Time since last: 1000114100 ns, Reaching safepoint: 49801 ns, At safepoint: 4000 ns, Total: 53801 ns
[2604.960s][info ][safepoint      ] Safepoint "Cleanup", Time since last: 1000116500 ns, Reaching safepoint: 52201 ns, At safepoint: 9100 ns, Total: 61301 ns
[2611.961s][info ][safepoint      ] Safepoint "Cleanup", Time since last: 7000474082 ns, Reaching safepoint: 60401 ns, At safepoint: 9600 ns, Total: 70001 ns
[2620.961s][info ][safepoint      ] Safepoint "Cleanup", Time since last: 9000601958 ns, Reaching safepoint: 51401 ns, At safepoint: 5000 ns, Total: 56401 ns
[2621.962s][info ][safepoint      ] Safepoint "Cleanup", Time since last: 1000116295 ns, Reaching safepoint: 52701 ns, At safepoint: 7400 ns, Total: 60101 ns
[2627.962s][info ][safepoint      ] Safepoint "Cleanup", Time since last: 6000465159 ns, Reaching safepoint: 80301 ns, At safepoint: 8900 ns, Total: 89201 ns
[2630.962s][info ][safepoint      ] Safepoint "Cleanup", Time since last: 3000266077 ns, Reaching safepoint: 50201 ns, At safepoint: 6800 ns, Total: 57001 ns
[2632.963s][info ][safepoint      ] Safepoint "Cleanup", Time since last: 2000181583 ns, Reaching safepoint: 51001 ns, At safepoint: 4600 ns, Total: 55601 ns
[2634.103s][info ][safepoint      ] Safepoint "Cleanup", Time since last: 1140681016 ns, Reaching safepoint: 81701 ns, At safepoint: 8701 ns, Total: 90402 ns
[2644.104s][info ][safepoint      ] Safepoint "Cleanup", Time since last: 10000767493 ns, Reaching safepoint: 54301 ns, At safepoint: 10701 ns, Total: 65002 ns
[2648.110s][info ][safepoint      ] Safepoint "Cleanup", Time since last: 4000339151 ns, Reaching safepoint: 5315506 ns, At safepoint: 12501 ns, Total: 5328007 ns
[2650.205s][info ][gc,start       ] GC(147) Pause Young (Allocation Failure)
[2650.225s][debug][gc,phases      ] GC(147) Scavenge 19.802ms
[2650.225s][debug][gc,ref         ] GC(147) Skipped phase 1 of Reference Processing: no references
[2650.225s][debug][gc,ref         ] GC(147) ReferenceProcessor::execute queues: 1, RefProcThreadModel::Single, marks_oops_alive: false
[2650.225s][debug][gc,ref         ] GC(147) Skipped phase 3 of Reference Processing: no references
[2650.225s][debug][gc,ref         ] GC(147) ReferenceProcessor::execute queues: 1, RefProcThreadModel::Single, marks_oops_alive: false
[2650.225s][debug][gc,phases      ] GC(147) Reference Processing 0.147ms
[2650.225s][debug][gc,phases      ] GC(147)   VM Weak                        Min:  0.0, Avg:  0.0, Max:  0.0, Diff:  0.0, Sum:  0.0, Workers: 4
[2650.225s][debug][gc,phases      ] GC(147)     Dead                           Min: 0, Avg:  0.0, Max: 0, Diff: 0, Sum: 0, Workers: 4
[2650.225s][debug][gc,phases      ] GC(147)     Total                          Min: 0, Avg: 176.5, Max: 512, Diff: 512, Sum: 706, Workers: 4
[2650.225s][debug][gc,phases      ] GC(147)   ObjectSynchronizer Weak        Min:  0.0, Avg:  0.0, Max:  0.0, Diff:  0.0, Sum:  0.0, Workers: 4
[2650.225s][debug][gc,phases      ] GC(147)     Dead                           Min: 0, Avg:  0.0, Max: 0, Diff: 0, Sum: 0, Workers: 4
[2650.225s][debug][gc,phases      ] GC(147)     Total                          Min: 0, Avg: 94.5, Max: 192, Diff: 192, Sum: 378, Workers: 4
[2650.225s][debug][gc,phases      ] GC(147)   JVMTI Tag Weak OopStorage      Min:  0.0, Avg:  0.0, Max:  0.0, Diff:  0.0, Sum:  0.0, Workers: 4
[2650.225s][debug][gc,phases      ] GC(147)     Dead                           Min: 0, Avg:  0.0, Max: 0, Diff: 0, Sum: 0, Workers: 4
[2650.226s][debug][gc,phases      ] GC(147)     Total                          Min: 0, Avg:  0.0, Max: 0, Diff: 0, Sum: 0, Workers: 4
[2650.226s][debug][gc,phases      ] GC(147)   StringTable Weak               Min:  0.0, Avg:  0.1, Max:  0.2, Diff:  0.2, Sum:  0.5, Workers: 4
[2650.226s][debug][gc,phases      ] GC(147)     Dead                           Min: 0, Avg:  0.0, Max: 0, Diff: 0, Sum: 0, Workers: 4
[2650.226s][debug][gc,phases      ] GC(147)     Total                          Min: 0, Avg: 12076.2, Max: 24832, Diff: 24832, Sum: 48305, Workers: 4
[2650.226s][debug][gc,phases      ] GC(147)   ResolvedMethodTable Weak       Min:  0.0, Avg:  0.0, Max:  0.0, Diff:  0.0, Sum:  0.1, Workers: 4
[2650.226s][debug][gc,phases      ] GC(147)     Dead                           Min: 0, Avg:  0.0, Max: 0, Diff: 0, Sum: 0, Workers: 4
[2650.226s][debug][gc,phases      ] GC(147)     Total                          Min: 0, Avg: 2030.0, Max: 4133, Diff: 4133, Sum: 8120, Workers: 4
[2650.226s][debug][gc,phases      ] GC(147)   JNI Weak                       Min:  0.0, Avg:  0.0, Max:  0.0, Diff:  0.0, Sum:  0.0, Workers: 4
[2650.226s][debug][gc,phases      ] GC(147)     Dead                           Min: 0, Avg:  0.0, Max: 0, Diff: 0, Sum: 0, Workers: 4
[2650.226s][debug][gc,phases      ] GC(147)     Total                          Min: 0, Avg:  0.0, Max: 0, Diff: 0, Sum: 0, Workers: 4
[2650.226s][debug][gc,phases      ] GC(147)   StringDedup Table Weak         Min:  0.0, Avg:  0.0, Max:  0.0, Diff:  0.0, Sum:  0.0, Workers: 4
[2650.226s][debug][gc,phases      ] GC(147)     Dead                           Min: 0, Avg:  0.0, Max: 0, Diff: 0, Sum: 0, Workers: 4
[2650.226s][debug][gc,phases      ] GC(147)     Total                          Min: 0, Avg:  0.0, Max: 0, Diff: 0, Sum: 0, Workers: 4
[2650.226s][debug][gc,phases      ] GC(147)   StringDedup Requests0 Weak     Min:  0.0, Avg:  0.0, Max:  0.0, Diff:  0.0, Sum:  0.0, Workers: 4
[2650.226s][debug][gc,phases      ] GC(147)     Dead                           Min: 0, Avg:  0.0, Max: 0, Diff: 0, Sum: 0, Workers: 4
[2650.226s][debug][gc,phases      ] GC(147)     Total                          Min: 0, Avg:  0.0, Max: 0, Diff: 0, Sum: 0, Workers: 4
[2650.226s][debug][gc,phases      ] GC(147)   StringDedup Requests1 Weak     Min:  0.0, Avg:  0.0, Max:  0.0, Diff:  0.0, Sum:  0.0, Workers: 4
[2650.226s][debug][gc,phases      ] GC(147)     Dead                           Min: 0, Avg:  0.0, Max: 0, Diff: 0, Sum: 0, Workers: 4
[2650.226s][debug][gc,phases      ] GC(147)     Total                          Min: 0, Avg:  0.0, Max: 0, Diff: 0, Sum: 0, Workers: 4
[2650.226s][debug][gc,phases      ] GC(147)   Weak JFR Old Object Samples    Min:  0.0, Avg:  0.0, Max:  0.0, Diff:  0.0, Sum:  0.0, Workers: 4
[2650.226s][debug][gc,phases      ] GC(147)     Dead                           Min: 0, Avg:  0.0, Max: 0, Diff: 0, Sum: 0, Workers: 4
[2650.226s][debug][gc,phases      ] GC(147)     Total                          Min: 0, Avg:  0.0, Max: 0, Diff: 0, Sum: 0, Workers: 4
[2650.226s][debug][gc,phases      ] GC(147) Weak Processing 0.544ms
[2650.226s][debug][gc,age         ] GC(147) Desired survivor size 71303168 bytes, new threshold 15 (max threshold 15)
[2650.226s][info ][gc,heap        ] GC(147) PSYoungGen: 1999024K(2026496K)->44176K(2025472K) Eden: 1954816K(1954816K)->0K(1954816K) From: 44208K(71680K)->44176K(70656K)
[2650.226s][info ][gc,heap        ] GC(147) ParOldGen: 567769K(595968K)->567873K(595968K)
[2650.226s][info ][gc,metaspace   ] GC(147) Metaspace: 83597K(84480K)->83597K(84480K) NonClass: 71942K(72384K)->71942K(72384K) Class: 11654K(12096K)->11654K(12096K)
[2650.226s][info ][gc             ] GC(147) Pause Young (Allocation Failure) 2506M->597M(2560M) 20.686ms
[2650.226s][info ][gc,cpu         ] GC(147) User=0.06s Sys=0.00s Real=0.02s
[2650.226s][info ][safepoint      ] Safepoint "ParallelGCFailedAllocation", Time since last: 2094350565 ns, Reaching safepoint: 691214 ns, At safepoint: 20797718 ns, Total: 21488932 ns
[2652.226s][info ][safepoint      ] Safepoint "Cleanup", Time since last: 2000172173 ns, Reaching safepoint: 57501 ns, At safepoint: 3400 ns, Total: 60901 ns
[2654.226s][info ][safepoint      ] Safepoint "Cleanup", Time since last: 2000204472 ns, Reaching safepoint: 66702 ns, At safepoint: 5300 ns, Total: 72002 ns
[2656.227s][info ][safepoint      ] Safepoint "Cleanup", Time since last: 2000202171 ns, Reaching safepoint: 110002 ns, At safepoint: 8601 ns, Total: 118603 ns
[2658.227s][info ][safepoint      ] Safepoint "Cleanup", Time since last: 2000202570 ns, Reaching safepoint: 56301 ns, At safepoint: 4400 ns, Total: 60701 ns
[2663.227s][info ][safepoint      ] Safepoint "Cleanup", Time since last: 5000406520 ns, Reaching safepoint: 39401 ns, At safepoint: 3200 ns, Total: 42601 ns
[2673.228s][info ][safepoint      ] Safepoint "Cleanup", Time since last: 10000649817 ns, Reaching safepoint: 70301 ns, At safepoint: 12301 ns, Total: 82602 ns
[2681.229s][info ][safepoint      ] Safepoint "Cleanup", Time since last: 8000579037 ns, Reaching safepoint: 53801 ns, At safepoint: 7700 ns, Total: 61501 ns
[2688.229s][info ][safepoint      ] Safepoint "Cleanup", Time since last: 7000522245 ns, Reaching safepoint: 70002 ns, At safepoint: 8900 ns, Total: 78902 ns
[2690.230s][info ][safepoint      ] Safepoint "Cleanup", Time since last: 2000194055 ns, Reaching safepoint: 50901 ns, At safepoint: 4000 ns, Total: 54901 ns
[2692.230s][info ][safepoint      ] Safepoint "Cleanup", Time since last: 2000148052 ns, Reaching safepoint: 58401 ns, At safepoint: 6301 ns, Total: 64702 ns
[2693.230s][info ][safepoint      ] Safepoint "Cleanup", Time since last: 1000130277 ns, Reaching safepoint: 45201 ns, At safepoint: 7200 ns, Total: 52401 ns
[2697.230s][info ][safepoint      ] Safepoint "Cleanup", Time since last: 4000315802 ns, Reaching safepoint: 52401 ns, At safepoint: 6700 ns, Total: 59101 ns
[2701.231s][info ][safepoint      ] Safepoint "Cleanup", Time since last: 4000299598 ns, Reaching safepoint: 48501 ns, At safepoint: 7900 ns, Total: 56401 ns
[2702.231s][info ][safepoint      ] Safepoint "Cleanup", Time since last: 1000116375 ns, Reaching safepoint: 49601 ns, At safepoint: 3100 ns, Total: 52701 ns
[2705.231s][info ][safepoint      ] Safepoint "Cleanup", Time since last: 3000248921 ns, Reaching safepoint: 62001 ns, At safepoint: 13100 ns, Total: 75101 ns
[2706.507s][info ][safepoint      ] Safepoint "Cleanup", Time since last: 1276106413 ns, Reaching safepoint: 47601 ns, At safepoint: 3300 ns, Total: 50901 ns
[2707.507s][info ][safepoint      ] Safepoint "Cleanup", Time since last: 1000113574 ns, Reaching safepoint: 49201 ns, At safepoint: 3200 ns, Total: 52401 ns
[2708.508s][info ][safepoint      ] Safepoint "Cleanup", Time since last: 1000111873 ns, Reaching safepoint: 50101 ns, At safepoint: 6000 ns, Total: 56101 ns
[2709.508s][info ][safepoint      ] Safepoint "Cleanup", Time since last: 1000117873 ns, Reaching safepoint: 36301 ns, At safepoint: 9800 ns, Total: 46101 ns
[2710.508s][info ][safepoint      ] Safepoint "Cleanup", Time since last: 1000109973 ns, Reaching safepoint: 55701 ns, At safepoint: 8200 ns, Total: 63901 ns
[2711.508s][info ][safepoint      ] Safepoint "Cleanup", Time since last: 1000128273 ns, Reaching safepoint: 50601 ns, At safepoint: 3200 ns, Total: 53801 ns
[2716.509s][info ][safepoint      ] Safepoint "Cleanup", Time since last: 5000370756 ns, Reaching safepoint: 45701 ns, At safepoint: 3200 ns, Total: 48901 ns
[2728.509s][info ][safepoint      ] Safepoint "Cleanup", Time since last: 12000725526 ns, Reaching safepoint: 40801 ns, At safepoint: 7600 ns, Total: 48401 ns
[2730.510s][info ][safepoint      ] Safepoint "Cleanup", Time since last: 2000165836 ns, Reaching safepoint: 49701 ns, At safepoint: 8900 ns, Total: 58601 ns
[2733.510s][info ][safepoint      ] Safepoint "Cleanup", Time since last: 3000248802 ns, Reaching safepoint: 56801 ns, At safepoint: 10200 ns, Total: 67001 ns
[2738.194s][info ][gc,start       ] GC(148) Pause Young (Allocation Failure)
[2738.207s][debug][gc,phases      ] GC(148) Scavenge 12.453ms
[2738.207s][debug][gc,ref         ] GC(148) Skipped phase 1 of Reference Processing: no references
[2738.207s][debug][gc,ref         ] GC(148) ReferenceProcessor::execute queues: 1, RefProcThreadModel::Single, marks_oops_alive: false
[2738.207s][debug][gc,ref         ] GC(148) Skipped phase 3 of Reference Processing: no references
[2738.207s][debug][gc,ref         ] GC(148) ReferenceProcessor::execute queues: 1, RefProcThreadModel::Single, marks_oops_alive: false
[2738.207s][debug][gc,phases      ] GC(148) Reference Processing 0.146ms
[2738.207s][debug][gc,phases      ] GC(148)   VM Weak                        Min:  0.0, Avg:  0.0, Max:  0.0, Diff:  0.0, Sum:  0.0, Workers: 4
[2738.207s][debug][gc,phases      ] GC(148)     Dead                           Min: 0, Avg:  0.0, Max: 0, Diff: 0, Sum: 0, Workers: 4
[2738.207s][debug][gc,phases      ] GC(148)     Total                          Min: 0, Avg: 176.5, Max: 642, Diff: 642, Sum: 706, Workers: 4
[2738.207s][debug][gc,phases      ] GC(148)   ObjectSynchronizer Weak        Min:  0.0, Avg:  0.0, Max:  0.0, Diff:  0.0, Sum:  0.0, Workers: 4
[2738.207s][debug][gc,phases      ] GC(148)     Dead                           Min: 0, Avg:  0.0, Max: 0, Diff: 0, Sum: 0, Workers: 4
[2738.207s][debug][gc,phases      ] GC(148)     Total                          Min: 0, Avg: 94.5, Max: 192, Diff: 192, Sum: 378, Workers: 4
[2738.207s][debug][gc,phases      ] GC(148)   JVMTI Tag Weak OopStorage      Min:  0.0, Avg:  0.0, Max:  0.0, Diff:  0.0, Sum:  0.0, Workers: 4
[2738.207s][debug][gc,phases      ] GC(148)     Dead                           Min: 0, Avg:  0.0, Max: 0, Diff: 0, Sum: 0, Workers: 4
[2738.207s][debug][gc,phases      ] GC(148)     Total                          Min: 0, Avg:  0.0, Max: 0, Diff: 0, Sum: 0, Workers: 4
[2738.207s][debug][gc,phases      ] GC(148)   StringTable Weak               Min:  0.1, Avg:  0.1, Max:  0.1, Diff:  0.0, Sum:  0.5, Workers: 4
[2738.207s][debug][gc,phases      ] GC(148)     Dead                           Min: 0, Avg:  0.0, Max: 0, Diff: 0, Sum: 0, Workers: 4
[2738.207s][debug][gc,phases      ] GC(148)     Total                          Min: 11456, Avg: 12107.8, Max: 13120, Diff: 1664, Sum: 48431, Workers: 4
[2738.207s][debug][gc,phases      ] GC(148)   ResolvedMethodTable Weak       Min:  0.0, Avg:  0.0, Max:  0.0, Diff:  0.0, Sum:  0.1, Workers: 4
[2738.207s][debug][gc,phases      ] GC(148)     Dead                           Min: 0, Avg:  0.0, Max: 0, Diff: 0, Sum: 0, Workers: 4
[2738.207s][debug][gc,phases      ] GC(148)     Total                          Min: 1841, Avg: 2030.0, Max: 2288, Diff: 447, Sum: 8120, Workers: 4
[2738.207s][debug][gc,phases      ] GC(148)   JNI Weak                       Min:  0.0, Avg:  0.0, Max:  0.0, Diff:  0.0, Sum:  0.0, Workers: 4
[2738.207s][debug][gc,phases      ] GC(148)     Dead                           Min: 0, Avg:  0.0, Max: 0, Diff: 0, Sum: 0, Workers: 4
[2738.207s][debug][gc,phases      ] GC(148)     Total                          Min: 0, Avg:  0.0, Max: 0, Diff: 0, Sum: 0, Workers: 4
[2738.207s][debug][gc,phases      ] GC(148)   StringDedup Table Weak         Min:  0.0, Avg:  0.0, Max:  0.0, Diff:  0.0, Sum:  0.0, Workers: 4
[2738.207s][debug][gc,phases      ] GC(148)     Dead                           Min: 0, Avg:  0.0, Max: 0, Diff: 0, Sum: 0, Workers: 4
[2738.207s][debug][gc,phases      ] GC(148)     Total                          Min: 0, Avg:  0.0, Max: 0, Diff: 0, Sum: 0, Workers: 4
[2738.207s][debug][gc,phases      ] GC(148)   StringDedup Requests0 Weak     Min:  0.0, Avg:  0.0, Max:  0.0, Diff:  0.0, Sum:  0.0, Workers: 4
[2738.207s][debug][gc,phases      ] GC(148)     Dead                           Min: 0, Avg:  0.0, Max: 0, Diff: 0, Sum: 0, Workers: 4
[2738.207s][debug][gc,phases      ] GC(148)     Total                          Min: 0, Avg:  0.0, Max: 0, Diff: 0, Sum: 0, Workers: 4
[2738.207s][debug][gc,phases      ] GC(148)   StringDedup Requests1 Weak     Min:  0.0, Avg:  0.0, Max:  0.0, Diff:  0.0, Sum:  0.0, Workers: 4
[2738.207s][debug][gc,phases      ] GC(148)     Dead                           Min: 0, Avg:  0.0, Max: 0, Diff: 0, Sum: 0, Workers: 4
[2738.207s][debug][gc,phases      ] GC(148)     Total                          Min: 0, Avg:  0.0, Max: 0, Diff: 0, Sum: 0, Workers: 4
[2738.207s][debug][gc,phases      ] GC(148)   Weak JFR Old Object Samples    Min:  0.0, Avg:  0.0, Max:  0.0, Diff:  0.0, Sum:  0.0, Workers: 4
[2738.207s][debug][gc,phases      ] GC(148)     Dead                           Min: 0, Avg:  0.0, Max: 0, Diff: 0, Sum: 0, Workers: 4
[2738.207s][debug][gc,phases      ] GC(148)     Total                          Min: 0, Avg:  0.0, Max: 0, Diff: 0, Sum: 0, Workers: 4
[2738.207s][debug][gc,phases      ] GC(148) Weak Processing 0.342ms
[2738.207s][debug][gc,age         ] GC(148) Desired survivor size 70254592 bytes, new threshold 15 (max threshold 15)
[2738.207s][info ][gc,heap        ] GC(148) PSYoungGen: 1998992K(2025472K)->44176K(2028544K) Eden: 1954816K(1954816K)->0K(1958912K) From: 44176K(70656K)->44176K(69632K)
[2738.207s][info ][gc,heap        ] GC(148) ParOldGen: 567873K(595968K)->567905K(595968K)
[2738.207s][info ][gc,metaspace   ] GC(148) Metaspace: 83634K(84544K)->83634K(84544K) NonClass: 71980K(72448K)->71980K(72448K) Class: 11654K(12096K)->11654K(12096K)
[2738.207s][info ][gc             ] GC(148) Pause Young (Allocation Failure) 2506M->597M(2563M) 13.098ms
[2738.207s][info ][gc,cpu         ] GC(148) User=0.05s Sys=0.00s Real=0.01s
[2738.208s][info ][safepoint      ] Safepoint "ParallelGCFailedAllocation", Time since last: 4684406992 ns, Reaching safepoint: 27300 ns, At safepoint: 13183465 ns, Total: 13210765 ns
[2740.208s][info ][safepoint      ] Safepoint "Cleanup", Time since last: 2000160331 ns, Reaching safepoint: 44801 ns, At safepoint: 4400 ns, Total: 49201 ns
[2751.209s][info ][safepoint      ] Safepoint "Cleanup", Time since last: 11000718303 ns, Reaching safepoint: 52701 ns, At safepoint: 6901 ns, Total: 59602 ns
[2761.209s][info ][safepoint      ] Safepoint "Cleanup", Time since last: 10000668117 ns, Reaching safepoint: 59501 ns, At safepoint: 13501 ns, Total: 73002 ns
[2770.210s][info ][safepoint      ] Safepoint "Cleanup", Time since last: 9000753841 ns, Reaching safepoint: 54401 ns, At safepoint: 9700 ns, Total: 64101 ns
[2776.211s][info ][safepoint      ] Safepoint "Cleanup", Time since last: 6000436951 ns, Reaching safepoint: 76101 ns, At safepoint: 6500 ns, Total: 82601 ns
[2777.211s][info ][safepoint      ] Safepoint "Cleanup", Time since last: 1000107059 ns, Reaching safepoint: 53501 ns, At safepoint: 14500 ns, Total: 68001 ns
[2778.211s][info ][safepoint      ] Safepoint "Cleanup", Time since last: 1000112558 ns, Reaching safepoint: 69402 ns, At safepoint: 9100 ns, Total: 78502 ns
[2782.211s][info ][safepoint      ] Safepoint "Cleanup", Time since last: 4000315629 ns, Reaching safepoint: 40300 ns, At safepoint: 3600 ns, Total: 43900 ns
[2783.211s][info ][safepoint      ] Safepoint "Cleanup", Time since last: 1000110858 ns, Reaching safepoint: 71901 ns, At safepoint: 7500 ns, Total: 79401 ns
[2784.212s][info ][safepoint      ] Safepoint "Cleanup", Time since last: 1000093757 ns, Reaching safepoint: 49501 ns, At safepoint: 4900 ns, Total: 54401 ns
[2785.212s][info ][safepoint      ] Safepoint "Cleanup", Time since last: 1000130257 ns, Reaching safepoint: 72202 ns, At safepoint: 7700 ns, Total: 79902 ns
[2786.212s][info ][safepoint      ] Safepoint "Cleanup", Time since last: 1000078656 ns, Reaching safepoint: 50001 ns, At safepoint: 2900 ns, Total: 52901 ns
[2789.212s][info ][safepoint      ] Safepoint "Cleanup", Time since last: 3000249167 ns, Reaching safepoint: 62901 ns, At safepoint: 6201 ns, Total: 69102 ns
[2790.212s][info ][safepoint      ] Safepoint "Cleanup", Time since last: 1000107155 ns, Reaching safepoint: 48601 ns, At safepoint: 7901 ns, Total: 56502 ns
[2791.213s][info ][safepoint      ] Safepoint "Cleanup", Time since last: 1000113355 ns, Reaching safepoint: 41601 ns, At safepoint: 3200 ns, Total: 44801 ns
[2794.213s][info ][safepoint      ] Safepoint "Cleanup", Time since last: 3000237764 ns, Reaching safepoint: 48501 ns, At safepoint: 6600 ns, Total: 55101 ns
[2796.213s][info ][safepoint      ] Safepoint "Cleanup", Time since last: 2000164009 ns, Reaching safepoint: 52501 ns, At safepoint: 9500 ns, Total: 62001 ns
[2797.213s][info ][safepoint      ] Safepoint "Cleanup", Time since last: 1000111555 ns, Reaching safepoint: 45101 ns, At safepoint: 13800 ns, Total: 58901 ns
[2798.213s][info ][safepoint      ] Safepoint "Cleanup", Time since last: 1000107054 ns, Reaching safepoint: 45101 ns, At safepoint: 4000 ns, Total: 49101 ns
[2816.215s][info ][safepoint      ] Safepoint "Cleanup", Time since last: 18001214330 ns, Reaching safepoint: 48101 ns, At safepoint: 8300 ns, Total: 56401 ns
[2827.223s][info ][safepoint      ] Safepoint "Cleanup", Time since last: 11007706679 ns, Reaching safepoint: 47701 ns, At safepoint: 8200 ns, Total: 55901 ns
[2827.846s][info ][gc,start       ] GC(149) Pause Young (Allocation Failure)
[2827.857s][debug][gc,phases      ] GC(149) Scavenge 10.959ms
[2827.857s][debug][gc,ref         ] GC(149) Skipped phase 1 of Reference Processing: no references
[2827.858s][debug][gc,ref         ] GC(149) ReferenceProcessor::execute queues: 1, RefProcThreadModel::Single, marks_oops_alive: false
[2827.858s][debug][gc,ref         ] GC(149) Skipped phase 3 of Reference Processing: no references
[2827.858s][debug][gc,ref         ] GC(149) ReferenceProcessor::execute queues: 1, RefProcThreadModel::Single, marks_oops_alive: false
[2827.858s][debug][gc,phases      ] GC(149) Reference Processing 0.139ms
[2827.858s][debug][gc,phases      ] GC(149)   VM Weak                        Min:  0.0, Avg:  0.0, Max:  0.0, Diff:  0.0, Sum:  0.0, Workers: 4
[2827.858s][debug][gc,phases      ] GC(149)     Dead                           Min: 0, Avg:  0.0, Max: 0, Diff: 0, Sum: 0, Workers: 4
[2827.858s][debug][gc,phases      ] GC(149)     Total                          Min: 0, Avg: 176.5, Max: 512, Diff: 512, Sum: 706, Workers: 4
[2827.858s][debug][gc,phases      ] GC(149)   ObjectSynchronizer Weak        Min:  0.0, Avg:  0.0, Max:  0.0, Diff:  0.0, Sum:  0.0, Workers: 4
[2827.858s][debug][gc,phases      ] GC(149)     Dead                           Min: 0, Avg:  0.0, Max: 0, Diff: 0, Sum: 0, Workers: 4
[2827.858s][debug][gc,phases      ] GC(149)     Total                          Min: 0, Avg: 94.5, Max: 250, Diff: 250, Sum: 378, Workers: 4
[2827.858s][debug][gc,phases      ] GC(149)   JVMTI Tag Weak OopStorage      Min:  0.0, Avg:  0.0, Max:  0.0, Diff:  0.0, Sum:  0.0, Workers: 4
[2827.858s][debug][gc,phases      ] GC(149)     Dead                           Min: 0, Avg:  0.0, Max: 0, Diff: 0, Sum: 0, Workers: 4
[2827.858s][debug][gc,phases      ] GC(149)     Total                          Min: 0, Avg:  0.0, Max: 0, Diff: 0, Sum: 0, Workers: 4
[2827.858s][debug][gc,phases      ] GC(149)   StringTable Weak               Min:  0.1, Avg:  0.1, Max:  0.1, Diff:  0.0, Sum:  0.5, Workers: 4
[2827.858s][debug][gc,phases      ] GC(149)     Dead                           Min: 0, Avg:  0.0, Max: 0, Diff: 0, Sum: 0, Workers: 4
[2827.858s][debug][gc,phases      ] GC(149)     Total                          Min: 11580, Avg: 12111.0, Max: 12608, Diff: 1028, Sum: 48444, Workers: 4
[2827.858s][debug][gc,phases      ] GC(149)   ResolvedMethodTable Weak       Min:  0.0, Avg:  0.0, Max:  0.0, Diff:  0.0, Sum:  0.1, Workers: 4
[2827.858s][debug][gc,phases      ] GC(149)     Dead                           Min: 0, Avg:  0.0, Max: 0, Diff: 0, Sum: 0, Workers: 4
[2827.858s][debug][gc,phases      ] GC(149)     Total                          Min: 1884, Avg: 2030.0, Max: 2157, Diff: 273, Sum: 8120, Workers: 4
[2827.858s][debug][gc,phases      ] GC(149)   JNI Weak                       Min:  0.0, Avg:  0.0, Max:  0.0, Diff:  0.0, Sum:  0.0, Workers: 4
[2827.858s][debug][gc,phases      ] GC(149)     Dead                           Min: 0, Avg:  0.0, Max: 0, Diff: 0, Sum: 0, Workers: 4
[2827.858s][debug][gc,phases      ] GC(149)     Total                          Min: 0, Avg:  0.0, Max: 0, Diff: 0, Sum: 0, Workers: 4
[2827.858s][debug][gc,phases      ] GC(149)   StringDedup Table Weak         Min:  0.0, Avg:  0.0, Max:  0.0, Diff:  0.0, Sum:  0.0, Workers: 4
[2827.858s][debug][gc,phases      ] GC(149)     Dead                           Min: 0, Avg:  0.0, Max: 0, Diff: 0, Sum: 0, Workers: 4
[2827.858s][debug][gc,phases      ] GC(149)     Total                          Min: 0, Avg:  0.0, Max: 0, Diff: 0, Sum: 0, Workers: 4
[2827.858s][debug][gc,phases      ] GC(149)   StringDedup Requests0 Weak     Min:  0.0, Avg:  0.0, Max:  0.0, Diff:  0.0, Sum:  0.0, Workers: 4
[2827.858s][debug][gc,phases      ] GC(149)     Dead                           Min: 0, Avg:  0.0, Max: 0, Diff: 0, Sum: 0, Workers: 4
[2827.858s][debug][gc,phases      ] GC(149)     Total                          Min: 0, Avg:  0.0, Max: 0, Diff: 0, Sum: 0, Workers: 4
[2827.858s][debug][gc,phases      ] GC(149)   StringDedup Requests1 Weak     Min:  0.0, Avg:  0.0, Max:  0.0, Diff:  0.0, Sum:  0.0, Workers: 4
[2827.858s][debug][gc,phases      ] GC(149)     Dead                           Min: 0, Avg:  0.0, Max: 0, Diff: 0, Sum: 0, Workers: 4
[2827.858s][debug][gc,phases      ] GC(149)     Total                          Min: 0, Avg:  0.0, Max: 0, Diff: 0, Sum: 0, Workers: 4
[2827.858s][debug][gc,phases      ] GC(149)   Weak JFR Old Object Samples    Min:  0.0, Avg:  0.0, Max:  0.0, Diff:  0.0, Sum:  0.0, Workers: 4
[2827.858s][debug][gc,phases      ] GC(149)     Dead                           Min: 0, Avg:  0.0, Max: 0, Diff: 0, Sum: 0, Workers: 4
[2827.858s][debug][gc,phases      ] GC(149)     Total                          Min: 0, Avg:  0.0, Max: 0, Diff: 0, Sum: 0, Workers: 4
[2827.858s][debug][gc,phases      ] GC(149) Weak Processing 0.361ms
[2827.858s][debug][gc,age         ] GC(149) Desired survivor size 69206016 bytes, new threshold 15 (max threshold 15)
[2827.858s][info ][gc,heap        ] GC(149) PSYoungGen: 2003088K(2028544K)->44064K(2027520K) Eden: 1958912K(1958912K)->0K(1958912K) From: 44176K(69632K)->44064K(68608K)
[2827.858s][info ][gc,heap        ] GC(149) ParOldGen: 567905K(595968K)->567953K(595968K)
[2827.858s][info ][gc,metaspace   ] GC(149) Metaspace: 83641K(84608K)->83641K(84608K) NonClass: 71986K(72512K)->71986K(72512K) Class: 11654K(12096K)->11654K(12096K)
[2827.858s][info ][gc             ] GC(149) Pause Young (Allocation Failure) 2510M->597M(2562M) 11.598ms
[2827.858s][info ][gc,cpu         ] GC(149) User=0.05s Sys=0.00s Real=0.01s
[2827.858s][info ][safepoint      ] Safepoint "ParallelGCFailedAllocation", Time since last: 623814605 ns, Reaching safepoint: 48101 ns, At safepoint: 11683534 ns, Total: 11731635 ns
[2836.859s][info ][safepoint      ] Safepoint "Cleanup", Time since last: 9000610024 ns, Reaching safepoint: 47501 ns, At safepoint: 9000 ns, Total: 56501 ns
[2842.859s][info ][safepoint      ] Safepoint "Cleanup", Time since last: 6000443675 ns, Reaching safepoint: 56201 ns, At safepoint: 3600 ns, Total: 59801 ns
[2857.860s][info ][safepoint      ] Safepoint "Cleanup", Time since last: 15001061259 ns, Reaching safepoint: 75002 ns, At safepoint: 6000 ns, Total: 81002 ns
[2858.861s][info ][safepoint      ] Safepoint "Cleanup", Time since last: 1000096543 ns, Reaching safepoint: 49501 ns, At safepoint: 3200 ns, Total: 52701 ns
[2871.861s][info ][safepoint      ] Safepoint "Cleanup", Time since last: 13000908337 ns, Reaching safepoint: 56001 ns, At safepoint: 11001 ns, Total: 67002 ns
[2880.862s][info ][safepoint      ] Safepoint "Cleanup", Time since last: 9000636156 ns, Reaching safepoint: 54501 ns, At safepoint: 7100 ns, Total: 61601 ns
[2883.862s][info ][safepoint      ] Safepoint "Cleanup", Time since last: 3000249016 ns, Reaching safepoint: 51201 ns, At safepoint: 6100 ns, Total: 57301 ns
[2884.863s][info ][safepoint      ] Safepoint "Cleanup", Time since last: 1000114439 ns, Reaching safepoint: 38401 ns, At safepoint: 4200 ns, Total: 42601 ns
[2892.863s][info ][safepoint      ] Safepoint "Cleanup", Time since last: 8000642102 ns, Reaching safepoint: 47901 ns, At safepoint: 3600 ns, Total: 51501 ns
[2901.864s][info ][safepoint      ] Safepoint "Cleanup", Time since last: 9000672726 ns, Reaching safepoint: 64501 ns, At safepoint: 10401 ns, Total: 74902 ns
[2906.865s][info ][safepoint      ] Safepoint "Cleanup", Time since last: 5000372475 ns, Reaching safepoint: 68502 ns, At safepoint: 8600 ns, Total: 77102 ns
[2911.865s][info ][safepoint      ] Safepoint "Cleanup", Time since last: 5000391172 ns, Reaching safepoint: 49301 ns, At safepoint: 3300 ns, Total: 52601 ns
[2915.843s][info ][gc,start       ] GC(150) Pause Young (Allocation Failure)
[2915.856s][debug][gc,phases      ] GC(150) Scavenge 12.528ms
[2915.856s][debug][gc,ref         ] GC(150) Skipped phase 1 of Reference Processing: no references
[2915.856s][debug][gc,ref         ] GC(150) ReferenceProcessor::execute queues: 1, RefProcThreadModel::Single, marks_oops_alive: false
[2915.856s][debug][gc,ref         ] GC(150) Skipped phase 3 of Reference Processing: no references
[2915.856s][debug][gc,ref         ] GC(150) ReferenceProcessor::execute queues: 1, RefProcThreadModel::Single, marks_oops_alive: false
[2915.856s][debug][gc,phases      ] GC(150) Reference Processing 0.127ms
[2915.856s][debug][gc,phases      ] GC(150)   VM Weak                        Min:  0.0, Avg:  0.0, Max:  0.0, Diff:  0.0, Sum:  0.0, Workers: 4
[2915.856s][debug][gc,phases      ] GC(150)     Dead                           Min: 0, Avg:  0.0, Max: 0, Diff: 0, Sum: 0, Workers: 4
[2915.856s][debug][gc,phases      ] GC(150)     Total                          Min: 0, Avg: 176.5, Max: 706, Diff: 706, Sum: 706, Workers: 4
[2915.856s][debug][gc,phases      ] GC(150)   ObjectSynchronizer Weak        Min:  0.0, Avg:  0.0, Max:  0.0, Diff:  0.0, Sum:  0.0, Workers: 4
[2915.856s][debug][gc,phases      ] GC(150)     Dead                           Min: 0, Avg:  0.0, Max: 0, Diff: 0, Sum: 0, Workers: 4
[2915.856s][debug][gc,phases      ] GC(150)     Total                          Min: 0, Avg: 94.5, Max: 378, Diff: 378, Sum: 378, Workers: 4
[2915.856s][debug][gc,phases      ] GC(150)   JVMTI Tag Weak OopStorage      Min:  0.0, Avg:  0.0, Max:  0.0, Diff:  0.0, Sum:  0.0, Workers: 4
[2915.856s][debug][gc,phases      ] GC(150)     Dead                           Min: 0, Avg:  0.0, Max: 0, Diff: 0, Sum: 0, Workers: 4
[2915.856s][debug][gc,phases      ] GC(150)     Total                          Min: 0, Avg:  0.0, Max: 0, Diff: 0, Sum: 0, Workers: 4
[2915.856s][debug][gc,phases      ] GC(150)   StringTable Weak               Min:  0.1, Avg:  0.1, Max:  0.1, Diff:  0.0, Sum:  0.4, Workers: 4
[2915.856s][debug][gc,phases      ] GC(150)     Dead                           Min: 0, Avg:  0.2, Max: 1, Diff: 1, Sum: 1, Workers: 4
[2915.856s][debug][gc,phases      ] GC(150)     Total                          Min: 11775, Avg: 12114.2, Max: 12480, Diff: 705, Sum: 48457, Workers: 4
[2915.856s][debug][gc,phases      ] GC(150)   ResolvedMethodTable Weak       Min:  0.0, Avg:  0.0, Max:  0.0, Diff:  0.0, Sum:  0.1, Workers: 4
[2915.856s][debug][gc,phases      ] GC(150)     Dead                           Min: 0, Avg:  0.0, Max: 0, Diff: 0, Sum: 0, Workers: 4
[2915.856s][debug][gc,phases      ] GC(150)     Total                          Min: 1589, Avg: 2036.8, Max: 2287, Diff: 698, Sum: 8147, Workers: 4
[2915.856s][debug][gc,phases      ] GC(150)   JNI Weak                       Min:  0.0, Avg:  0.0, Max:  0.0, Diff:  0.0, Sum:  0.0, Workers: 4
[2915.856s][debug][gc,phases      ] GC(150)     Dead                           Min: 0, Avg:  0.0, Max: 0, Diff: 0, Sum: 0, Workers: 4
[2915.856s][debug][gc,phases      ] GC(150)     Total                          Min: 0, Avg:  0.0, Max: 0, Diff: 0, Sum: 0, Workers: 4
[2915.856s][debug][gc,phases      ] GC(150)   StringDedup Table Weak         Min:  0.0, Avg:  0.0, Max:  0.0, Diff:  0.0, Sum:  0.0, Workers: 4
[2915.856s][debug][gc,phases      ] GC(150)     Dead                           Min: 0, Avg:  0.0, Max: 0, Diff: 0, Sum: 0, Workers: 4
[2915.856s][debug][gc,phases      ] GC(150)     Total                          Min: 0, Avg:  0.0, Max: 0, Diff: 0, Sum: 0, Workers: 4
[2915.856s][debug][gc,phases      ] GC(150)   StringDedup Requests0 Weak     Min:  0.0, Avg:  0.0, Max:  0.0, Diff:  0.0, Sum:  0.0, Workers: 4
[2915.856s][debug][gc,phases      ] GC(150)     Dead                           Min: 0, Avg:  0.0, Max: 0, Diff: 0, Sum: 0, Workers: 4
[2915.856s][debug][gc,phases      ] GC(150)     Total                          Min: 0, Avg:  0.0, Max: 0, Diff: 0, Sum: 0, Workers: 4
[2915.856s][debug][gc,phases      ] GC(150)   StringDedup Requests1 Weak     Min:  0.0, Avg:  0.0, Max:  0.0, Diff:  0.0, Sum:  0.0, Workers: 4
[2915.856s][debug][gc,phases      ] GC(150)     Dead                           Min: 0, Avg:  0.0, Max: 0, Diff: 0, Sum: 0, Workers: 4
[2915.856s][debug][gc,phases      ] GC(150)     Total                          Min: 0, Avg:  0.0, Max: 0, Diff: 0, Sum: 0, Workers: 4
[2915.856s][debug][gc,phases      ] GC(150)   Weak JFR Old Object Samples    Min:  0.0, Avg:  0.0, Max:  0.0, Diff:  0.0, Sum:  0.0, Workers: 4
[2915.856s][debug][gc,phases      ] GC(150)     Dead                           Min: 0, Avg:  0.0, Max: 0, Diff: 0, Sum: 0, Workers: 4
[2915.856s][debug][gc,phases      ] GC(150)     Total                          Min: 0, Avg:  0.0, Max: 0, Diff: 0, Sum: 0, Workers: 4
[2915.856s][debug][gc,phases      ] GC(150) Weak Processing 0.334ms
[2915.856s][debug][gc,age         ] GC(150) Desired survivor size 67633152 bytes, new threshold 15 (max threshold 15)
[2915.856s][info ][gc,heap        ] GC(150) PSYoungGen: 2002976K(2027520K)->43600K(2031104K) Eden: 1958912K(1958912K)->0K(1963520K) From: 44064K(68608K)->43600K(67584K)
[2915.856s][info ][gc,heap        ] GC(150) ParOldGen: 567953K(595968K)->568049K(595968K)
[2915.856s][info ][gc,metaspace   ] GC(150) Metaspace: 83700K(84608K)->83700K(84608K) NonClass: 72033K(72512K)->72033K(72512K) Class: 11666K(12096K)->11666K(12096K)
[2915.856s][info ][gc             ] GC(150) Pause Young (Allocation Failure) 2510M->597M(2565M) 13.122ms
[2915.856s][info ][gc,cpu         ] GC(150) User=0.05s Sys=0.00s Real=0.02s
[2915.856s][info ][safepoint      ] Safepoint "ParallelGCFailedAllocation", Time since last: 3978040589 ns, Reaching safepoint: 34500 ns, At safepoint: 13206265 ns, Total: 13240765 ns
[2927.857s][info ][safepoint      ] Safepoint "Cleanup", Time since last: 12000749286 ns, Reaching safepoint: 71002 ns, At safepoint: 8200 ns, Total: 79202 ns
[2928.857s][info ][safepoint      ] Safepoint "Cleanup", Time since last: 1000113832 ns, Reaching safepoint: 56901 ns, At safepoint: 6600 ns, Total: 63501 ns
[2929.857s][info ][safepoint      ] Safepoint "Cleanup", Time since last: 1000063532 ns, Reaching safepoint: 50401 ns, At safepoint: 6700 ns, Total: 57101 ns
[2930.858s][info ][safepoint      ] Safepoint "Cleanup", Time since last: 1000065531 ns, Reaching safepoint: 43901 ns, At safepoint: 10700 ns, Total: 54601 ns
[2932.858s][info ][safepoint      ] Safepoint "Cleanup", Time since last: 2000174462 ns, Reaching safepoint: 47601 ns, At safepoint: 6500 ns, Total: 54101 ns
[2933.858s][info ][safepoint      ] Safepoint "Cleanup", Time since last: 1000121032 ns, Reaching safepoint: 49901 ns, At safepoint: 8900 ns, Total: 58801 ns
[2939.858s][info ][safepoint      ] Safepoint "Cleanup", Time since last: 6000443681 ns, Reaching safepoint: 50901 ns, At safepoint: 4001 ns, Total: 54902 ns
[2941.859s][info ][safepoint      ] Safepoint "Cleanup", Time since last: 2000178459 ns, Reaching safepoint: 53101 ns, At safepoint: 7601 ns, Total: 60702 ns
[2942.859s][info ][safepoint      ] Safepoint "Cleanup", Time since last: 1000124030 ns, Reaching safepoint: 50401 ns, At safepoint: 8000 ns, Total: 58401 ns
[2944.859s][info ][safepoint      ] Safepoint "Cleanup", Time since last: 2000190459 ns, Reaching safepoint: 52001 ns, At safepoint: 6701 ns, Total: 58702 ns
[2948.859s][info ][safepoint      ] Safepoint "Cleanup", Time since last: 4000314515 ns, Reaching safepoint: 48701 ns, At safepoint: 3300 ns, Total: 52001 ns
[2950.860s][info ][safepoint      ] Safepoint "Cleanup", Time since last: 2000160357 ns, Reaching safepoint: 51101 ns, At safepoint: 3300 ns, Total: 54401 ns
[2967.861s][info ][safepoint      ] Safepoint "Cleanup", Time since last: 17001113356 ns, Reaching safepoint: 38701 ns, At safepoint: 38901 ns, Total: 77602 ns
[2968.861s][info ][safepoint      ] Safepoint "Cleanup", Time since last: 1000097726 ns, Reaching safepoint: 40801 ns, At safepoint: 4300 ns, Total: 45101 ns
[2970.503s][info ][safepoint      ] Safepoint "Cleanup", Time since last: 1641386867 ns, Reaching safepoint: 141303 ns, At safepoint: 18300 ns, Total: 159603 ns
[2971.503s][info ][safepoint      ] Safepoint "Cleanup", Time since last: 1000071825 ns, Reaching safepoint: 71202 ns, At safepoint: 8800 ns, Total: 80002 ns
[2972.503s][info ][safepoint      ] Safepoint "Cleanup", Time since last: 1000127726 ns, Reaching safepoint: 142303 ns, At safepoint: 9400 ns, Total: 151703 ns
[2976.503s][info ][safepoint      ] Safepoint "Cleanup", Time since last: 4000385102 ns, Reaching safepoint: 58001 ns, At safepoint: 5500 ns, Total: 63501 ns
[2984.504s][info ][safepoint      ] Safepoint "Cleanup", Time since last: 8000479490 ns, Reaching safepoint: 42601 ns, At safepoint: 8200 ns, Total: 50801 ns
[2986.504s][info ][safepoint      ] Safepoint "Cleanup", Time since last: 2000182848 ns, Reaching safepoint: 34401 ns, At safepoint: 2600 ns, Total: 37001 ns
[2989.504s][info ][safepoint      ] Safepoint "Cleanup", Time since last: 3000244869 ns, Reaching safepoint: 50401 ns, At safepoint: 7601 ns, Total: 58002 ns
[2991.505s][info ][safepoint      ] Safepoint "Cleanup", Time since last: 2000185146 ns, Reaching safepoint: 50001 ns, At safepoint: 28100 ns, Total: 78101 ns
[2992.505s][info ][safepoint      ] Safepoint "Cleanup", Time since last: 1000057423 ns, Reaching safepoint: 48701 ns, At safepoint: 3700 ns, Total: 52401 ns
[2997.505s][info ][safepoint      ] Safepoint "Cleanup", Time since last: 5000363410 ns, Reaching safepoint: 36101 ns, At safepoint: 3300 ns, Total: 39401 ns
[3003.797s][info ][gc,start       ] GC(151) Pause Young (Allocation Failure)
[3003.808s][debug][gc,phases      ] GC(151) Scavenge 10.594ms
[3003.808s][debug][gc,ref         ] GC(151) Skipped phase 1 of Reference Processing: no references
[3003.808s][debug][gc,ref         ] GC(151) ReferenceProcessor::execute queues: 1, RefProcThreadModel::Single, marks_oops_alive: false
[3003.808s][debug][gc,ref         ] GC(151) Skipped phase 3 of Reference Processing: no references
[3003.808s][debug][gc,ref         ] GC(151) ReferenceProcessor::execute queues: 1, RefProcThreadModel::Single, marks_oops_alive: false
[3003.808s][debug][gc,phases      ] GC(151) Reference Processing 0.143ms
[3003.808s][debug][gc,phases      ] GC(151)   VM Weak                        Min:  0.0, Avg:  0.0, Max:  0.0, Diff:  0.0, Sum:  0.0, Workers: 4
[3003.808s][debug][gc,phases      ] GC(151)     Dead                           Min: 0, Avg:  0.0, Max: 0, Diff: 0, Sum: 0, Workers: 4
[3003.808s][debug][gc,phases      ] GC(151)     Total                          Min: 0, Avg: 176.5, Max: 512, Diff: 512, Sum: 706, Workers: 4
[3003.808s][debug][gc,phases      ] GC(151)   ObjectSynchronizer Weak        Min:  0.0, Avg:  0.0, Max:  0.0, Diff:  0.0, Sum:  0.0, Workers: 4
[3003.808s][debug][gc,phases      ] GC(151)     Dead                           Min: 0, Avg:  0.0, Max: 0, Diff: 0, Sum: 0, Workers: 4
[3003.808s][debug][gc,phases      ] GC(151)     Total                          Min: 0, Avg: 94.5, Max: 186, Diff: 186, Sum: 378, Workers: 4
[3003.808s][debug][gc,phases      ] GC(151)   JVMTI Tag Weak OopStorage      Min:  0.0, Avg:  0.0, Max:  0.0, Diff:  0.0, Sum:  0.0, Workers: 4
[3003.808s][debug][gc,phases      ] GC(151)     Dead                           Min: 0, Avg:  0.0, Max: 0, Diff: 0, Sum: 0, Workers: 4
[3003.808s][debug][gc,phases      ] GC(151)     Total                          Min: 0, Avg:  0.0, Max: 0, Diff: 0, Sum: 0, Workers: 4
[3003.808s][debug][gc,phases      ] GC(151)   StringTable Weak               Min:  0.1, Avg:  0.1, Max:  0.1, Diff:  0.0, Sum:  0.5, Workers: 4
[3003.808s][debug][gc,phases      ] GC(151)     Dead                           Min: 0, Avg:  0.0, Max: 0, Diff: 0, Sum: 0, Workers: 4
[3003.808s][debug][gc,phases      ] GC(151)     Total                          Min: 11712, Avg: 12114.8, Max: 12800, Diff: 1088, Sum: 48459, Workers: 4
[3003.808s][debug][gc,phases      ] GC(151)   ResolvedMethodTable Weak       Min:  0.0, Avg:  0.0, Max:  0.0, Diff:  0.0, Sum:  0.1, Workers: 4
[3003.808s][debug][gc,phases      ] GC(151)     Dead                           Min: 0, Avg:  0.0, Max: 0, Diff: 0, Sum: 0, Workers: 4
[3003.808s][debug][gc,phases      ] GC(151)     Total                          Min: 1963, Avg: 2037.2, Max: 2173, Diff: 210, Sum: 8149, Workers: 4
[3003.808s][debug][gc,phases      ] GC(151)   JNI Weak                       Min:  0.0, Avg:  0.0, Max:  0.0, Diff:  0.0, Sum:  0.0, Workers: 4
[3003.808s][debug][gc,phases      ] GC(151)     Dead                           Min: 0, Avg:  0.0, Max: 0, Diff: 0, Sum: 0, Workers: 4
[3003.808s][debug][gc,phases      ] GC(151)     Total                          Min: 0, Avg:  0.0, Max: 0, Diff: 0, Sum: 0, Workers: 4
[3003.808s][debug][gc,phases      ] GC(151)   StringDedup Table Weak         Min:  0.0, Avg:  0.0, Max:  0.0, Diff:  0.0, Sum:  0.0, Workers: 4
[3003.808s][debug][gc,phases      ] GC(151)     Dead                           Min: 0, Avg:  0.0, Max: 0, Diff: 0, Sum: 0, Workers: 4
[3003.808s][debug][gc,phases      ] GC(151)     Total                          Min: 0, Avg:  0.0, Max: 0, Diff: 0, Sum: 0, Workers: 4
[3003.808s][debug][gc,phases      ] GC(151)   StringDedup Requests0 Weak     Min:  0.0, Avg:  0.0, Max:  0.0, Diff:  0.0, Sum:  0.0, Workers: 4
[3003.808s][debug][gc,phases      ] GC(151)     Dead                           Min: 0, Avg:  0.0, Max: 0, Diff: 0, Sum: 0, Workers: 4
[3003.808s][debug][gc,phases      ] GC(151)     Total                          Min: 0, Avg:  0.0, Max: 0, Diff: 0, Sum: 0, Workers: 4
[3003.808s][debug][gc,phases      ] GC(151)   StringDedup Requests1 Weak     Min:  0.0, Avg:  0.0, Max:  0.0, Diff:  0.0, Sum:  0.0, Workers: 4
[3003.808s][debug][gc,phases      ] GC(151)     Dead                           Min: 0, Avg:  0.0, Max: 0, Diff: 0, Sum: 0, Workers: 4
[3003.808s][debug][gc,phases      ] GC(151)     Total                          Min: 0, Avg:  0.0, Max: 0, Diff: 0, Sum: 0, Workers: 4
[3003.808s][debug][gc,phases      ] GC(151)   Weak JFR Old Object Samples    Min:  0.0, Avg:  0.0, Max:  0.0, Diff:  0.0, Sum:  0.0, Workers: 4
[3003.808s][debug][gc,phases      ] GC(151)     Dead                           Min: 0, Avg:  0.0, Max: 0, Diff: 0, Sum: 0, Workers: 4
[3003.808s][debug][gc,phases      ] GC(151)     Total                          Min: 0, Avg:  0.0, Max: 0, Diff: 0, Sum: 0, Workers: 4
[3003.808s][debug][gc,phases      ] GC(151) Weak Processing 0.340ms
[3003.808s][debug][gc,age         ] GC(151) Desired survivor size 66584576 bytes, new threshold 15 (max threshold 15)
[3003.808s][info ][gc,heap        ] GC(151) PSYoungGen: 2007120K(2031104K)->43712K(2029568K) Eden: 1963520K(1963520K)->0K(1963520K) From: 43600K(67584K)->43712K(66048K)
[3003.808s][info ][gc,heap        ] GC(151) ParOldGen: 568049K(595968K)->568097K(595968K)
[3003.808s][info ][gc,metaspace   ] GC(151) Metaspace: 83720K(84608K)->83720K(84608K) NonClass: 72053K(72512K)->72053K(72512K) Class: 11667K(12096K)->11667K(12096K)
[3003.808s][info ][gc             ] GC(151) Pause Young (Allocation Failure) 2514M->597M(2564M) 11.228ms
[3003.808s][info ][gc,cpu         ] GC(151) User=0.04s Sys=0.00s Real=0.01s
[3003.808s][info ][safepoint      ] Safepoint "ParallelGCFailedAllocation", Time since last: 6291877463 ns, Reaching safepoint: 28701 ns, At safepoint: 11303226 ns, Total: 11331927 ns
[3006.809s][info ][safepoint      ] Safepoint "Cleanup", Time since last: 3000232163 ns, Reaching safepoint: 42801 ns, At safepoint: 8700 ns, Total: 51501 ns
[3012.809s][info ][safepoint      ] Safepoint "Cleanup", Time since last: 6000453022 ns, Reaching safepoint: 122202 ns, At safepoint: 10500 ns, Total: 132702 ns
[3015.810s][info ][safepoint      ] Safepoint "Cleanup", Time since last: 3000258660 ns, Reaching safepoint: 45801 ns, At safepoint: 7300 ns, Total: 53101 ns
[3021.810s][info ][safepoint      ] Safepoint "Cleanup", Time since last: 6000445515 ns, Reaching safepoint: 46501 ns, At safepoint: 34501 ns, Total: 81002 ns
[3027.811s][info ][safepoint      ] Safepoint "Cleanup", Time since last: 6000439510 ns, Reaching safepoint: 51101 ns, At safepoint: 10700 ns, Total: 61801 ns
[3029.811s][info ][safepoint      ] Safepoint "Cleanup", Time since last: 2000176236 ns, Reaching safepoint: 118503 ns, At safepoint: 9300 ns, Total: 127803 ns
[3048.812s][info ][safepoint      ] Safepoint "Cleanup", Time since last: 19001357015 ns, Reaching safepoint: 47801 ns, At safepoint: 3600 ns, Total: 51401 ns
[3049.813s][info ][safepoint      ] Safepoint "Cleanup", Time since last: 1000115716 ns, Reaching safepoint: 47201 ns, At safepoint: 3100 ns, Total: 50301 ns
[3051.813s][info ][safepoint      ] Safepoint "Cleanup", Time since last: 2000165331 ns, Reaching safepoint: 48101 ns, At safepoint: 3000 ns, Total: 51101 ns
[3057.813s][info ][safepoint      ] Safepoint "Cleanup", Time since last: 6000405388 ns, Reaching safepoint: 57101 ns, At safepoint: 6600 ns, Total: 63701 ns
[3061.814s][info ][safepoint      ] Safepoint "Cleanup", Time since last: 4000283957 ns, Reaching safepoint: 47701 ns, At safepoint: 3200 ns, Total: 50901 ns
[3072.814s][info ][safepoint      ] Safepoint "Cleanup", Time since last: 11000712145 ns, Reaching safepoint: 47101 ns, At safepoint: 3200 ns, Total: 50301 ns
[3073.815s][info ][safepoint      ] Safepoint "Cleanup", Time since last: 1000122114 ns, Reaching safepoint: 47800 ns, At safepoint: 3401 ns, Total: 51201 ns
[3077.815s][info ][safepoint      ] Safepoint "Cleanup", Time since last: 4000312649 ns, Reaching safepoint: 54102 ns, At safepoint: 3600 ns, Total: 57702 ns
[3078.815s][info ][safepoint      ] Safepoint "Cleanup", Time since last: 1000112313 ns, Reaching safepoint: 64001 ns, At safepoint: 12600 ns, Total: 76601 ns
[3081.815s][info ][safepoint      ] Safepoint "Cleanup", Time since last: 3000263737 ns, Reaching safepoint: 41900 ns, At safepoint: 12401 ns, Total: 54301 ns
[3082.816s][info ][safepoint      ] Safepoint "Cleanup", Time since last: 1000105712 ns, Reaching safepoint: 54001 ns, At safepoint: 18400 ns, Total: 72401 ns
[3084.816s][info ][safepoint      ] Safepoint "Cleanup", Time since last: 2000165124 ns, Reaching safepoint: 57101 ns, At safepoint: 7800 ns, Total: 64901 ns
[3090.800s][info ][gc,start       ] GC(152) Pause Young (Allocation Failure)
[3090.813s][debug][gc,phases      ] GC(152) Scavenge 12.376ms
[3090.813s][debug][gc,ref         ] GC(152) Skipped phase 1 of Reference Processing: no references
[3090.813s][debug][gc,ref         ] GC(152) ReferenceProcessor::execute queues: 1, RefProcThreadModel::Single, marks_oops_alive: false
[3090.813s][debug][gc,ref         ] GC(152) Skipped phase 3 of Reference Processing: no references
[3090.813s][debug][gc,ref         ] GC(152) ReferenceProcessor::execute queues: 1, RefProcThreadModel::Single, marks_oops_alive: false
[3090.813s][debug][gc,phases      ] GC(152) Reference Processing 0.158ms
[3090.813s][debug][gc,phases      ] GC(152)   VM Weak                        Min:  0.0, Avg:  0.0, Max:  0.0, Diff:  0.0, Sum:  0.0, Workers: 4
[3090.813s][debug][gc,phases      ] GC(152)     Dead                           Min: 0, Avg:  0.0, Max: 0, Diff: 0, Sum: 0, Workers: 4
[3090.813s][debug][gc,phases      ] GC(152)     Total                          Min: 0, Avg: 176.5, Max: 512, Diff: 512, Sum: 706, Workers: 4
[3090.813s][debug][gc,phases      ] GC(152)   ObjectSynchronizer Weak        Min:  0.0, Avg:  0.0, Max:  0.0, Diff:  0.0, Sum:  0.0, Workers: 4
[3090.813s][debug][gc,phases      ] GC(152)     Dead                           Min: 0, Avg:  0.0, Max: 0, Diff: 0, Sum: 0, Workers: 4
[3090.813s][debug][gc,phases      ] GC(152)     Total                          Min: 0, Avg: 94.5, Max: 192, Diff: 192, Sum: 378, Workers: 4
[3090.813s][debug][gc,phases      ] GC(152)   JVMTI Tag Weak OopStorage      Min:  0.0, Avg:  0.0, Max:  0.0, Diff:  0.0, Sum:  0.0, Workers: 4
[3090.813s][debug][gc,phases      ] GC(152)     Dead                           Min: 0, Avg:  0.0, Max: 0, Diff: 0, Sum: 0, Workers: 4
[3090.813s][debug][gc,phases      ] GC(152)     Total                          Min: 0, Avg:  0.0, Max: 0, Diff: 0, Sum: 0, Workers: 4
[3090.813s][debug][gc,phases      ] GC(152)   StringTable Weak               Min:  0.1, Avg:  0.1, Max:  0.1, Diff:  0.0, Sum:  0.5, Workers: 4
[3090.813s][debug][gc,phases      ] GC(152)     Dead                           Min: 0, Avg:  0.0, Max: 0, Diff: 0, Sum: 0, Workers: 4
[3090.813s][debug][gc,phases      ] GC(152)     Total                          Min: 10944, Avg: 12116.2, Max: 13201, Diff: 2257, Sum: 48465, Workers: 4
[3090.813s][debug][gc,phases      ] GC(152)   ResolvedMethodTable Weak       Min:  0.0, Avg:  0.0, Max:  0.0, Diff:  0.0, Sum:  0.1, Workers: 4
[3090.813s][debug][gc,phases      ] GC(152)     Dead                           Min: 0, Avg:  0.0, Max: 0, Diff: 0, Sum: 0, Workers: 4
[3090.813s][debug][gc,phases      ] GC(152)     Total                          Min: 1906, Avg: 2037.2, Max: 2107, Diff: 201, Sum: 8149, Workers: 4
[3090.813s][debug][gc,phases      ] GC(152)   JNI Weak                       Min:  0.0, Avg:  0.0, Max:  0.0, Diff:  0.0, Sum:  0.0, Workers: 4
[3090.813s][debug][gc,phases      ] GC(152)     Dead                           Min: 0, Avg:  0.0, Max: 0, Diff: 0, Sum: 0, Workers: 4
[3090.813s][debug][gc,phases      ] GC(152)     Total                          Min: 0, Avg:  0.0, Max: 0, Diff: 0, Sum: 0, Workers: 4
[3090.813s][debug][gc,phases      ] GC(152)   StringDedup Table Weak         Min:  0.0, Avg:  0.0, Max:  0.0, Diff:  0.0, Sum:  0.0, Workers: 4
[3090.813s][debug][gc,phases      ] GC(152)     Dead                           Min: 0, Avg:  0.0, Max: 0, Diff: 0, Sum: 0, Workers: 4
[3090.813s][debug][gc,phases      ] GC(152)     Total                          Min: 0, Avg:  0.0, Max: 0, Diff: 0, Sum: 0, Workers: 4
[3090.813s][debug][gc,phases      ] GC(152)   StringDedup Requests0 Weak     Min:  0.0, Avg:  0.0, Max:  0.0, Diff:  0.0, Sum:  0.0, Workers: 4
[3090.813s][debug][gc,phases      ] GC(152)     Dead                           Min: 0, Avg:  0.0, Max: 0, Diff: 0, Sum: 0, Workers: 4
[3090.813s][debug][gc,phases      ] GC(152)     Total                          Min: 0, Avg:  0.0, Max: 0, Diff: 0, Sum: 0, Workers: 4
[3090.813s][debug][gc,phases      ] GC(152)   StringDedup Requests1 Weak     Min:  0.0, Avg:  0.0, Max:  0.0, Diff:  0.0, Sum:  0.0, Workers: 4
[3090.813s][debug][gc,phases      ] GC(152)     Dead                           Min: 0, Avg:  0.0, Max: 0, Diff: 0, Sum: 0, Workers: 4
[3090.813s][debug][gc,phases      ] GC(152)     Total                          Min: 0, Avg:  0.0, Max: 0, Diff: 0, Sum: 0, Workers: 4
[3090.813s][debug][gc,phases      ] GC(152)   Weak JFR Old Object Samples    Min:  0.0, Avg:  0.0, Max:  0.0, Diff:  0.0, Sum:  0.0, Workers: 4
[3090.813s][debug][gc,phases      ] GC(152)     Dead                           Min: 0, Avg:  0.0, Max: 0, Diff: 0, Sum: 0, Workers: 4
[3090.813s][debug][gc,phases      ] GC(152)     Total                          Min: 0, Avg:  0.0, Max: 0, Diff: 0, Sum: 0, Workers: 4
[3090.813s][debug][gc,phases      ] GC(152) Weak Processing 0.390ms
[3090.813s][debug][gc,age         ] GC(152) Desired survivor size 65011712 bytes, new threshold 15 (max threshold 15)
[3090.813s][info ][gc,heap        ] GC(152) PSYoungGen: 2007232K(2029568K)->43776K(2033664K) Eden: 1963520K(1963520K)->0K(1968640K) From: 43712K(66048K)->43776K(65024K)
[3090.813s][info ][gc,heap        ] GC(152) ParOldGen: 568097K(595968K)->568129K(595968K)
[3090.813s][info ][gc,metaspace   ] GC(152) Metaspace: 83756K(84672K)->83756K(84672K) NonClass: 72087K(72576K)->72087K(72576K) Class: 11668K(12096K)->11668K(12096K)
[3090.813s][info ][gc             ] GC(152) Pause Young (Allocation Failure) 2514M->597M(2568M) 13.117ms
[3090.813s][info ][gc,cpu         ] GC(152) User=0.05s Sys=0.00s Real=0.02s
[3090.814s][info ][safepoint      ] Safepoint "ParallelGCFailedAllocation", Time since last: 5984479047 ns, Reaching safepoint: 38401 ns, At safepoint: 13215164 ns, Total: 13253565 ns
[3091.814s][info ][safepoint      ] Safepoint "Cleanup", Time since last: 1000087511 ns, Reaching safepoint: 43401 ns, At safepoint: 3100 ns, Total: 46501 ns
[3095.814s][info ][safepoint      ] Safepoint "Cleanup", Time since last: 4000315142 ns, Reaching safepoint: 37901 ns, At safepoint: 3800 ns, Total: 41701 ns
[3097.814s][info ][safepoint      ] Safepoint "Cleanup", Time since last: 2000182021 ns, Reaching safepoint: 37001 ns, At safepoint: 3200 ns, Total: 40201 ns
[3104.815s][info ][safepoint      ] Safepoint "Cleanup", Time since last: 7000507867 ns, Reaching safepoint: 45301 ns, At safepoint: 2500 ns, Total: 47801 ns
[3121.816s][info ][safepoint      ] Safepoint "Cleanup", Time since last: 17001132640 ns, Reaching safepoint: 51801 ns, At safepoint: 3300 ns, Total: 55101 ns
[3124.816s][info ][safepoint      ] Safepoint "Cleanup", Time since last: 3000255323 ns, Reaching safepoint: 126902 ns, At safepoint: 6600 ns, Total: 133502 ns
[3125.817s][info ][safepoint      ] Safepoint "Cleanup", Time since last: 1000122109 ns, Reaching safepoint: 55601 ns, At safepoint: 4200 ns, Total: 59801 ns
[3129.817s][info ][safepoint      ] Safepoint "Cleanup", Time since last: 4000343628 ns, Reaching safepoint: 58301 ns, At safepoint: 11701 ns, Total: 70002 ns
[3133.817s][info ][safepoint      ] Safepoint "Cleanup", Time since last: 4000312426 ns, Reaching safepoint: 49901 ns, At safepoint: 3700 ns, Total: 53601 ns
[3136.818s][info ][safepoint      ] Safepoint "Cleanup", Time since last: 3000222518 ns, Reaching safepoint: 49201 ns, At safepoint: 4000 ns, Total: 53201 ns
[3137.818s][info ][safepoint      ] Safepoint "Cleanup", Time since last: 1000116207 ns, Reaching safepoint: 46101 ns, At safepoint: 3000 ns, Total: 49101 ns
[3138.818s][info ][safepoint      ] Safepoint "Cleanup", Time since last: 1000107907 ns, Reaching safepoint: 64101 ns, At safepoint: 8700 ns, Total: 72801 ns
[3140.818s][info ][safepoint      ] Safepoint "Cleanup", Time since last: 2000182612 ns, Reaching safepoint: 47601 ns, At safepoint: 6100 ns, Total: 53701 ns
[3149.819s][info ][safepoint      ] Safepoint "Cleanup", Time since last: 9000679347 ns, Reaching safepoint: 53601 ns, At safepoint: 5200 ns, Total: 58801 ns
[3152.819s][info ][safepoint      ] Safepoint "Cleanup", Time since last: 3000258215 ns, Reaching safepoint: 75201 ns, At safepoint: 10500 ns, Total: 85701 ns
[3155.391s][info ][gc,start       ] GC(153) Pause Young (Allocation Failure)
[3155.406s][debug][gc,phases      ] GC(153) Scavenge 14.399ms
[3155.406s][debug][gc,ref         ] GC(153) Skipped phase 1 of Reference Processing: no references
[3155.406s][debug][gc,ref         ] GC(153) ReferenceProcessor::execute queues: 1, RefProcThreadModel::Single, marks_oops_alive: false
[3155.406s][debug][gc,ref         ] GC(153) Skipped phase 3 of Reference Processing: no references
[3155.406s][debug][gc,ref         ] GC(153) ReferenceProcessor::execute queues: 1, RefProcThreadModel::Single, marks_oops_alive: false
[3155.406s][debug][gc,phases      ] GC(153) Reference Processing 0.142ms
[3155.406s][debug][gc,phases      ] GC(153)   VM Weak                        Min:  0.0, Avg:  0.0, Max:  0.0, Diff:  0.0, Sum:  0.0, Workers: 4
[3155.406s][debug][gc,phases      ] GC(153)     Dead                           Min: 0, Avg:  0.0, Max: 0, Diff: 0, Sum: 0, Workers: 4
[3155.406s][debug][gc,phases      ] GC(153)     Total                          Min: 0, Avg: 176.5, Max: 706, Diff: 706, Sum: 706, Workers: 4
[3155.406s][debug][gc,phases      ] GC(153)   ObjectSynchronizer Weak        Min:  0.0, Avg:  0.0, Max:  0.0, Diff:  0.0, Sum:  0.0, Workers: 4
[3155.406s][debug][gc,phases      ] GC(153)     Dead                           Min: 0, Avg:  0.0, Max: 0, Diff: 0, Sum: 0, Workers: 4
[3155.406s][debug][gc,phases      ] GC(153)     Total                          Min: 0, Avg: 94.5, Max: 250, Diff: 250, Sum: 378, Workers: 4
[3155.406s][debug][gc,phases      ] GC(153)   JVMTI Tag Weak OopStorage      Min:  0.0, Avg:  0.0, Max:  0.0, Diff:  0.0, Sum:  0.0, Workers: 4
[3155.406s][debug][gc,phases      ] GC(153)     Dead                           Min: 0, Avg:  0.0, Max: 0, Diff: 0, Sum: 0, Workers: 4
[3155.406s][debug][gc,phases      ] GC(153)     Total                          Min: 0, Avg:  0.0, Max: 0, Diff: 0, Sum: 0, Workers: 4
[3155.406s][debug][gc,phases      ] GC(153)   StringTable Weak               Min:  0.1, Avg:  0.1, Max:  0.2, Diff:  0.0, Sum:  0.5, Workers: 4
[3155.406s][debug][gc,phases      ] GC(153)     Dead                           Min: 0, Avg:  0.0, Max: 0, Diff: 0, Sum: 0, Workers: 4
[3155.406s][debug][gc,phases      ] GC(153)     Total                          Min: 9600, Avg: 12116.5, Max: 14208, Diff: 4608, Sum: 48466, Workers: 4
[3155.406s][debug][gc,phases      ] GC(153)   ResolvedMethodTable Weak       Min:  0.0, Avg:  0.0, Max:  0.0, Diff:  0.0, Sum:  0.1, Workers: 4
[3155.406s][debug][gc,phases      ] GC(153)     Dead                           Min: 0, Avg:  0.0, Max: 0, Diff: 0, Sum: 0, Workers: 4
[3155.406s][debug][gc,phases      ] GC(153)     Total                          Min: 0, Avg: 2037.2, Max: 2938, Diff: 2938, Sum: 8149, Workers: 4
[3155.406s][debug][gc,phases      ] GC(153)   JNI Weak                       Min:  0.0, Avg:  0.0, Max:  0.0, Diff:  0.0, Sum:  0.0, Workers: 4
[3155.406s][debug][gc,phases      ] GC(153)     Dead                           Min: 0, Avg:  0.0, Max: 0, Diff: 0, Sum: 0, Workers: 4
[3155.406s][debug][gc,phases      ] GC(153)     Total                          Min: 0, Avg:  0.0, Max: 0, Diff: 0, Sum: 0, Workers: 4
[3155.406s][debug][gc,phases      ] GC(153)   StringDedup Table Weak         Min:  0.0, Avg:  0.0, Max:  0.0, Diff:  0.0, Sum:  0.0, Workers: 4
[3155.406s][debug][gc,phases      ] GC(153)     Dead                           Min: 0, Avg:  0.0, Max: 0, Diff: 0, Sum: 0, Workers: 4
[3155.406s][debug][gc,phases      ] GC(153)     Total                          Min: 0, Avg:  0.0, Max: 0, Diff: 0, Sum: 0, Workers: 4
[3155.406s][debug][gc,phases      ] GC(153)   StringDedup Requests0 Weak     Min:  0.0, Avg:  0.0, Max:  0.0, Diff:  0.0, Sum:  0.0, Workers: 4
[3155.406s][debug][gc,phases      ] GC(153)     Dead                           Min: 0, Avg:  0.0, Max: 0, Diff: 0, Sum: 0, Workers: 4
[3155.406s][debug][gc,phases      ] GC(153)     Total                          Min: 0, Avg:  0.0, Max: 0, Diff: 0, Sum: 0, Workers: 4
[3155.406s][debug][gc,phases      ] GC(153)   StringDedup Requests1 Weak     Min:  0.0, Avg:  0.0, Max:  0.0, Diff:  0.0, Sum:  0.0, Workers: 4
[3155.406s][debug][gc,phases      ] GC(153)     Dead                           Min: 0, Avg:  0.0, Max: 0, Diff: 0, Sum: 0, Workers: 4
[3155.406s][debug][gc,phases      ] GC(153)     Total                          Min: 0, Avg:  0.0, Max: 0, Diff: 0, Sum: 0, Workers: 4
[3155.406s][debug][gc,phases      ] GC(153)   Weak JFR Old Object Samples    Min:  0.0, Avg:  0.0, Max:  0.0, Diff:  0.0, Sum:  0.0, Workers: 4
[3155.406s][debug][gc,phases      ] GC(153)     Dead                           Min: 0, Avg:  0.0, Max: 0, Diff: 0, Sum: 0, Workers: 4
[3155.406s][debug][gc,phases      ] GC(153)     Total                          Min: 0, Avg:  0.0, Max: 0, Diff: 0, Sum: 0, Workers: 4
[3155.406s][debug][gc,phases      ] GC(153) Weak Processing 0.367ms
[3155.406s][debug][gc,age         ] GC(153) Desired survivor size 68157440 bytes, new threshold 15 (max threshold 15)
[3155.406s][info ][gc,heap        ] GC(153) PSYoungGen: 2012416K(2033664K)->55168K(2023936K) Eden: 1968640K(1968640K)->0K(1968640K) From: 43776K(65024K)->55168K(55296K)
[3155.406s][info ][gc,heap        ] GC(153) ParOldGen: 568129K(595968K)->568161K(595968K)
[3155.406s][info ][gc,metaspace   ] GC(153) Metaspace: 83779K(84672K)->83779K(84672K) NonClass: 72110K(72576K)->72110K(72576K) Class: 11668K(12096K)->11668K(12096K)
[3155.407s][info ][gc             ] GC(153) Pause Young (Allocation Failure) 2520M->608M(2558M) 15.052ms
[3155.407s][info ][gc,cpu         ] GC(153) User=0.06s Sys=0.00s Real=0.02s
[3155.407s][info ][safepoint      ] Safepoint "ParallelGCFailedAllocation", Time since last: 2572114550 ns, Reaching safepoint: 26601 ns, At safepoint: 15144902 ns, Total: 15171503 ns
[3168.407s][info ][safepoint      ] Safepoint "Cleanup", Time since last: 13000841044 ns, Reaching safepoint: 37701 ns, At safepoint: 2700 ns, Total: 40401 ns
[3176.408s][info ][safepoint      ] Safepoint "Cleanup", Time since last: 8000561920 ns, Reaching safepoint: 53801 ns, At safepoint: 23301 ns, Total: 77102 ns
[3179.408s][info ][safepoint      ] Safepoint "Cleanup", Time since last: 3000266107 ns, Reaching safepoint: 44201 ns, At safepoint: 4300 ns, Total: 48501 ns
[3240.419s][info ][safepoint      ] Safepoint "Cleanup", Time since last: 61010379673 ns, Reaching safepoint: 42201 ns, At safepoint: 29401 ns, Total: 71602 ns
[3243.047s][info ][gc,start       ] GC(154) Pause Young (Allocation Failure)
[3243.061s][debug][gc,phases      ] GC(154) Scavenge 14.404ms
[3243.061s][debug][gc,ref         ] GC(154) Skipped phase 1 of Reference Processing: no references
[3243.061s][debug][gc,ref         ] GC(154) ReferenceProcessor::execute queues: 1, RefProcThreadModel::Single, marks_oops_alive: false
[3243.061s][debug][gc,ref         ] GC(154) Skipped phase 3 of Reference Processing: no references
[3243.061s][debug][gc,ref         ] GC(154) ReferenceProcessor::execute queues: 1, RefProcThreadModel::Single, marks_oops_alive: false
[3243.061s][debug][gc,phases      ] GC(154) Reference Processing 0.143ms
[3243.061s][debug][gc,phases      ] GC(154)   VM Weak                        Min:  0.0, Avg:  0.0, Max:  0.0, Diff:  0.0, Sum:  0.0, Workers: 4
[3243.061s][debug][gc,phases      ] GC(154)     Dead                           Min: 0, Avg:  0.0, Max: 0, Diff: 0, Sum: 0, Workers: 4
[3243.061s][debug][gc,phases      ] GC(154)     Total                          Min: 0, Avg: 176.5, Max: 384, Diff: 384, Sum: 706, Workers: 4
[3243.061s][debug][gc,phases      ] GC(154)   ObjectSynchronizer Weak        Min:  0.0, Avg:  0.0, Max:  0.0, Diff:  0.0, Sum:  0.0, Workers: 4
[3243.061s][debug][gc,phases      ] GC(154)     Dead                           Min: 0, Avg:  0.0, Max: 0, Diff: 0, Sum: 0, Workers: 4
[3243.061s][debug][gc,phases      ] GC(154)     Total                          Min: 0, Avg: 94.5, Max: 192, Diff: 192, Sum: 378, Workers: 4
[3243.061s][debug][gc,phases      ] GC(154)   JVMTI Tag Weak OopStorage      Min:  0.0, Avg:  0.0, Max:  0.0, Diff:  0.0, Sum:  0.0, Workers: 4
[3243.061s][debug][gc,phases      ] GC(154)     Dead                           Min: 0, Avg:  0.0, Max: 0, Diff: 0, Sum: 0, Workers: 4
[3243.061s][debug][gc,phases      ] GC(154)     Total                          Min: 0, Avg:  0.0, Max: 0, Diff: 0, Sum: 0, Workers: 4
[3243.061s][debug][gc,phases      ] GC(154)   StringTable Weak               Min:  0.1, Avg:  0.1, Max:  0.1, Diff:  0.0, Sum:  0.5, Workers: 4
[3243.061s][debug][gc,phases      ] GC(154)     Dead                           Min: 0, Avg:  0.0, Max: 0, Diff: 0, Sum: 0, Workers: 4
[3243.061s][debug][gc,phases      ] GC(154)     Total                          Min: 11392, Avg: 12126.8, Max: 13248, Diff: 1856, Sum: 48507, Workers: 4
[3243.061s][debug][gc,phases      ] GC(154)   ResolvedMethodTable Weak       Min:  0.0, Avg:  0.0, Max:  0.0, Diff:  0.0, Sum:  0.1, Workers: 4
[3243.061s][debug][gc,phases      ] GC(154)     Dead                           Min: 0, Avg:  0.0, Max: 0, Diff: 0, Sum: 0, Workers: 4
[3243.061s][debug][gc,phases      ] GC(154)     Total                          Min: 1714, Avg: 2037.2, Max: 2419, Diff: 705, Sum: 8149, Workers: 4
[3243.061s][debug][gc,phases      ] GC(154)   JNI Weak                       Min:  0.0, Avg:  0.0, Max:  0.0, Diff:  0.0, Sum:  0.0, Workers: 4
[3243.061s][debug][gc,phases      ] GC(154)     Dead                           Min: 0, Avg:  0.0, Max: 0, Diff: 0, Sum: 0, Workers: 4
[3243.061s][debug][gc,phases      ] GC(154)     Total                          Min: 0, Avg:  0.0, Max: 0, Diff: 0, Sum: 0, Workers: 4
[3243.061s][debug][gc,phases      ] GC(154)   StringDedup Table Weak         Min:  0.0, Avg:  0.0, Max:  0.0, Diff:  0.0, Sum:  0.0, Workers: 4
[3243.061s][debug][gc,phases      ] GC(154)     Dead                           Min: 0, Avg:  0.0, Max: 0, Diff: 0, Sum: 0, Workers: 4
[3243.061s][debug][gc,phases      ] GC(154)     Total                          Min: 0, Avg:  0.0, Max: 0, Diff: 0, Sum: 0, Workers: 4
[3243.061s][debug][gc,phases      ] GC(154)   StringDedup Requests0 Weak     Min:  0.0, Avg:  0.0, Max:  0.0, Diff:  0.0, Sum:  0.0, Workers: 4
[3243.061s][debug][gc,phases      ] GC(154)     Dead                           Min: 0, Avg:  0.0, Max: 0, Diff: 0, Sum: 0, Workers: 4
[3243.061s][debug][gc,phases      ] GC(154)     Total                          Min: 0, Avg:  0.0, Max: 0, Diff: 0, Sum: 0, Workers: 4
[3243.061s][debug][gc,phases      ] GC(154)   StringDedup Requests1 Weak     Min:  0.0, Avg:  0.0, Max:  0.0, Diff:  0.0, Sum:  0.0, Workers: 4
[3243.061s][debug][gc,phases      ] GC(154)     Dead                           Min: 0, Avg:  0.0, Max: 0, Diff: 0, Sum: 0, Workers: 4
[3243.061s][debug][gc,phases      ] GC(154)     Total                          Min: 0, Avg:  0.0, Max: 0, Diff: 0, Sum: 0, Workers: 4
[3243.061s][debug][gc,phases      ] GC(154)   Weak JFR Old Object Samples    Min:  0.0, Avg:  0.0, Max:  0.0, Diff:  0.0, Sum:  0.0, Workers: 4
[3243.061s][debug][gc,phases      ] GC(154)     Dead                           Min: 0, Avg:  0.0, Max: 0, Diff: 0, Sum: 0, Workers: 4
[3243.061s][debug][gc,phases      ] GC(154)     Total                          Min: 0, Avg:  0.0, Max: 0, Diff: 0, Sum: 0, Workers: 4
[3243.062s][debug][gc,phases      ] GC(154) Weak Processing 0.351ms
[3243.062s][debug][gc,age         ] GC(154) Desired survivor size 70778880 bytes, new threshold 15 (max threshold 15)
[3243.062s][info ][gc,heap        ] GC(154) PSYoungGen: 2023808K(2023936K)->55376K(2025472K) Eden: 1968640K(1968640K)->0K(1958912K) From: 55168K(55296K)->55376K(66560K)
[3243.062s][info ][gc,heap        ] GC(154) ParOldGen: 568161K(595968K)->568265K(595968K)
[3243.062s][info ][gc,metaspace   ] GC(154) Metaspace: 83781K(84672K)->83781K(84672K) NonClass: 72112K(72576K)->72112K(72576K) Class: 11668K(12096K)->11668K(12096K)
[3243.062s][info ][gc             ] GC(154) Pause Young (Allocation Failure) 2531M->609M(2560M) 15.053ms
[3243.062s][info ][gc,cpu         ] GC(154) User=0.06s Sys=0.00s Real=0.01s
[3243.062s][info ][safepoint      ] Safepoint "ParallelGCFailedAllocation", Time since last: 2627488736 ns, Reaching safepoint: 117503 ns, At safepoint: 15143903 ns, Total: 15261406 ns
[3263.063s][info ][safepoint      ] Safepoint "Cleanup", Time since last: 20001235009 ns, Reaching safepoint: 58301 ns, At safepoint: 11000 ns, Total: 69301 ns
[3273.064s][info ][safepoint      ] Safepoint "Cleanup", Time since last: 10000681044 ns, Reaching safepoint: 70402 ns, At safepoint: 12700 ns, Total: 83102 ns
[3274.064s][info ][safepoint      ] Safepoint "Cleanup", Time since last: 1000110195 ns, Reaching safepoint: 48601 ns, At safepoint: 3900 ns, Total: 52501 ns
[3276.064s][info ][safepoint      ] Safepoint "Cleanup", Time since last: 2000187189 ns, Reaching safepoint: 43401 ns, At safepoint: 3300 ns, Total: 46701 ns
[3285.065s][info ][safepoint      ] Safepoint "Cleanup", Time since last: 9000616241 ns, Reaching safepoint: 49401 ns, At safepoint: 9000 ns, Total: 58401 ns
[3298.066s][info ][safepoint      ] Safepoint "Cleanup", Time since last: 13001639220 ns, Reaching safepoint: 49101 ns, At safepoint: 36000 ns, Total: 85101 ns
[3303.067s][info ][safepoint      ] Safepoint "Cleanup", Time since last: 5000385561 ns, Reaching safepoint: 51201 ns, At safepoint: 5600 ns, Total: 56801 ns
[3327.069s][info ][safepoint      ] Safepoint "Cleanup", Time since last: 24001909990 ns, Reaching safepoint: 52101 ns, At safepoint: 6300 ns, Total: 58401 ns
[3328.069s][info ][safepoint      ] Safepoint "Cleanup", Time since last: 1000118391 ns, Reaching safepoint: 43301 ns, At safepoint: 3000 ns, Total: 46301 ns
[3329.300s][info ][gc,start       ] GC(155) Pause Young (Allocation Failure)
[3329.314s][debug][gc,phases      ] GC(155) Scavenge 13.448ms
[3329.314s][debug][gc,ref         ] GC(155) Skipped phase 1 of Reference Processing: no references
[3329.314s][debug][gc,ref         ] GC(155) ReferenceProcessor::execute queues: 1, RefProcThreadModel::Single, marks_oops_alive: false
[3329.314s][debug][gc,ref         ] GC(155) Skipped phase 3 of Reference Processing: no references
[3329.314s][debug][gc,ref         ] GC(155) ReferenceProcessor::execute queues: 1, RefProcThreadModel::Single, marks_oops_alive: false
[3329.314s][debug][gc,phases      ] GC(155) Reference Processing 0.131ms
[3329.314s][debug][gc,phases      ] GC(155)   VM Weak                        Min:  0.0, Avg:  0.0, Max:  0.0, Diff:  0.0, Sum:  0.0, Workers: 4
[3329.314s][debug][gc,phases      ] GC(155)     Dead                           Min: 0, Avg:  0.0, Max: 0, Diff: 0, Sum: 0, Workers: 4
[3329.314s][debug][gc,phases      ] GC(155)     Total                          Min: 0, Avg: 176.5, Max: 258, Diff: 258, Sum: 706, Workers: 4
[3329.314s][debug][gc,phases      ] GC(155)   ObjectSynchronizer Weak        Min:  0.0, Avg:  0.0, Max:  0.0, Diff:  0.0, Sum:  0.0, Workers: 4
[3329.314s][debug][gc,phases      ] GC(155)     Dead                           Min: 0, Avg:  0.0, Max: 0, Diff: 0, Sum: 0, Workers: 4
[3329.314s][debug][gc,phases      ] GC(155)     Total                          Min: 58, Avg: 94.5, Max: 128, Diff: 70, Sum: 378, Workers: 4
[3329.314s][debug][gc,phases      ] GC(155)   JVMTI Tag Weak OopStorage      Min:  0.0, Avg:  0.0, Max:  0.0, Diff:  0.0, Sum:  0.0, Workers: 4
[3329.314s][debug][gc,phases      ] GC(155)     Dead                           Min: 0, Avg:  0.0, Max: 0, Diff: 0, Sum: 0, Workers: 4
[3329.314s][debug][gc,phases      ] GC(155)     Total                          Min: 0, Avg:  0.0, Max: 0, Diff: 0, Sum: 0, Workers: 4
[3329.314s][debug][gc,phases      ] GC(155)   StringTable Weak               Min:  0.1, Avg:  0.1, Max:  0.1, Diff:  0.0, Sum:  0.5, Workers: 4
[3329.314s][debug][gc,phases      ] GC(155)     Dead                           Min: 0, Avg:  0.0, Max: 0, Diff: 0, Sum: 0, Workers: 4
[3329.314s][debug][gc,phases      ] GC(155)     Total                          Min: 11648, Avg: 12127.0, Max: 12928, Diff: 1280, Sum: 48508, Workers: 4
[3329.314s][debug][gc,phases      ] GC(155)   ResolvedMethodTable Weak       Min:  0.0, Avg:  0.0, Max:  0.0, Diff:  0.0, Sum:  0.1, Workers: 4
[3329.314s][debug][gc,phases      ] GC(155)     Dead                           Min: 0, Avg:  0.0, Max: 0, Diff: 0, Sum: 0, Workers: 4
[3329.314s][debug][gc,phases      ] GC(155)     Total                          Min: 1851, Avg: 2037.5, Max: 2292, Diff: 441, Sum: 8150, Workers: 4
[3329.314s][debug][gc,phases      ] GC(155)   JNI Weak                       Min:  0.0, Avg:  0.0, Max:  0.0, Diff:  0.0, Sum:  0.0, Workers: 4
[3329.314s][debug][gc,phases      ] GC(155)     Dead                           Min: 0, Avg:  0.0, Max: 0, Diff: 0, Sum: 0, Workers: 4
[3329.314s][debug][gc,phases      ] GC(155)     Total                          Min: 0, Avg:  0.0, Max: 0, Diff: 0, Sum: 0, Workers: 4
[3329.314s][debug][gc,phases      ] GC(155)   StringDedup Table Weak         Min:  0.0, Avg:  0.0, Max:  0.0, Diff:  0.0, Sum:  0.0, Workers: 4
[3329.314s][debug][gc,phases      ] GC(155)     Dead                           Min: 0, Avg:  0.0, Max: 0, Diff: 0, Sum: 0, Workers: 4
[3329.314s][debug][gc,phases      ] GC(155)     Total                          Min: 0, Avg:  0.0, Max: 0, Diff: 0, Sum: 0, Workers: 4
[3329.314s][debug][gc,phases      ] GC(155)   StringDedup Requests0 Weak     Min:  0.0, Avg:  0.0, Max:  0.0, Diff:  0.0, Sum:  0.0, Workers: 4
[3329.314s][debug][gc,phases      ] GC(155)     Dead                           Min: 0, Avg:  0.0, Max: 0, Diff: 0, Sum: 0, Workers: 4
[3329.314s][debug][gc,phases      ] GC(155)     Total                          Min: 0, Avg:  0.0, Max: 0, Diff: 0, Sum: 0, Workers: 4
[3329.314s][debug][gc,phases      ] GC(155)   StringDedup Requests1 Weak     Min:  0.0, Avg:  0.0, Max:  0.0, Diff:  0.0, Sum:  0.0, Workers: 4
[3329.314s][debug][gc,phases      ] GC(155)     Dead                           Min: 0, Avg:  0.0, Max: 0, Diff: 0, Sum: 0, Workers: 4
[3329.314s][debug][gc,phases      ] GC(155)     Total                          Min: 0, Avg:  0.0, Max: 0, Diff: 0, Sum: 0, Workers: 4
[3329.314s][debug][gc,phases      ] GC(155)   Weak JFR Old Object Samples    Min:  0.0, Avg:  0.0, Max:  0.0, Diff:  0.0, Sum:  0.0, Workers: 4
[3329.314s][debug][gc,phases      ] GC(155)     Dead                           Min: 0, Avg:  0.0, Max: 0, Diff: 0, Sum: 0, Workers: 4
[3329.314s][debug][gc,phases      ] GC(155)     Total                          Min: 0, Avg:  0.0, Max: 0, Diff: 0, Sum: 0, Workers: 4
[3329.314s][debug][gc,phases      ] GC(155) Weak Processing 0.344ms
[3329.314s][debug][gc,age         ] GC(155) Desired survivor size 71827456 bytes, new threshold 15 (max threshold 15)
[3329.314s][info ][gc,heap        ] GC(155) PSYoungGen: 2014288K(2025472K)->52688K(2011648K) Eden: 1958912K(1958912K)->0K(1958912K) From: 55376K(66560K)->52688K(52736K)
[3329.314s][info ][gc,heap        ] GC(155) ParOldGen: 568265K(595968K)->568717K(595968K)
[3329.314s][info ][gc,metaspace   ] GC(155) Metaspace: 83802K(84736K)->83802K(84736K) NonClass: 72132K(72640K)->72132K(72640K) Class: 11670K(12096K)->11670K(12096K)
[3329.314s][info ][gc             ] GC(155) Pause Young (Allocation Failure) 2522M->606M(2546M) 14.070ms
[3329.314s][info ][gc,cpu         ] GC(155) User=0.05s Sys=0.00s Real=0.02s
[3329.314s][info ][safepoint      ] Safepoint "ParallelGCFailedAllocation", Time since last: 1230922304 ns, Reaching safepoint: 69002 ns, At safepoint: 14158583 ns, Total: 14227585 ns
[3330.314s][info ][safepoint      ] Safepoint "Cleanup", Time since last: 1000094490 ns, Reaching safepoint: 56601 ns, At safepoint: 5600 ns, Total: 62201 ns
[3331.315s][info ][safepoint      ] Safepoint "Cleanup", Time since last: 1000110191 ns, Reaching safepoint: 43301 ns, At safepoint: 3400 ns, Total: 46701 ns
[3333.315s][info ][safepoint      ] Safepoint "Cleanup", Time since last: 2000171880 ns, Reaching safepoint: 59602 ns, At safepoint: 8700 ns, Total: 68302 ns
[3334.315s][info ][safepoint      ] Safepoint "Cleanup", Time since last: 1000118690 ns, Reaching safepoint: 39001 ns, At safepoint: 3000 ns, Total: 42001 ns
[3335.315s][info ][safepoint      ] Safepoint "Cleanup", Time since last: 1000114691 ns, Reaching safepoint: 83301 ns, At safepoint: 10101 ns, Total: 93402 ns
[3336.315s][info ][safepoint      ] Safepoint "Cleanup", Time since last: 1000113390 ns, Reaching safepoint: 51801 ns, At safepoint: 7800 ns, Total: 59601 ns
[3342.316s][info ][safepoint      ] Safepoint "Cleanup", Time since last: 6000387136 ns, Reaching safepoint: 58801 ns, At safepoint: 7000 ns, Total: 65801 ns
[3343.316s][info ][safepoint      ] Safepoint "Cleanup", Time since last: 1000114890 ns, Reaching safepoint: 49701 ns, At safepoint: 4000 ns, Total: 53701 ns
[3344.316s][info ][safepoint      ] Safepoint "Cleanup", Time since last: 1000079789 ns, Reaching safepoint: 44101 ns, At safepoint: 3200 ns, Total: 47301 ns
[3356.317s][info ][safepoint      ] Safepoint "Cleanup", Time since last: 12000859164 ns, Reaching safepoint: 53002 ns, At safepoint: 6500 ns, Total: 59502 ns
[3359.317s][info ][safepoint      ] Safepoint "Cleanup", Time since last: 3000216364 ns, Reaching safepoint: 51001 ns, At safepoint: 38001 ns, Total: 89002 ns
[3380.319s][info ][safepoint      ] Safepoint "Cleanup", Time since last: 21001392434 ns, Reaching safepoint: 40900 ns, At safepoint: 3701 ns, Total: 44601 ns
[3384.319s][info ][safepoint      ] Safepoint "Cleanup", Time since last: 4000325447 ns, Reaching safepoint: 41101 ns, At safepoint: 7300 ns, Total: 48401 ns
[3412.321s][info ][safepoint      ] Safepoint "Cleanup", Time since last: 28001932898 ns, Reaching safepoint: 47901 ns, At safepoint: 3100 ns, Total: 51001 ns
[3418.799s][info ][gc,start       ] GC(156) Pause Young (Allocation Failure)
[3418.812s][debug][gc,phases      ] GC(156) Scavenge 13.475ms
[3418.812s][debug][gc,ref         ] GC(156) Skipped phase 1 of Reference Processing: no references
[3418.813s][debug][gc,ref         ] GC(156) ReferenceProcessor::execute queues: 1, RefProcThreadModel::Single, marks_oops_alive: false
[3418.813s][debug][gc,ref         ] GC(156) Skipped phase 3 of Reference Processing: no references
[3418.813s][debug][gc,ref         ] GC(156) ReferenceProcessor::execute queues: 1, RefProcThreadModel::Single, marks_oops_alive: false
[3418.813s][debug][gc,phases      ] GC(156) Reference Processing 0.160ms
[3418.813s][debug][gc,phases      ] GC(156)   VM Weak                        Min:  0.0, Avg:  0.0, Max:  0.0, Diff:  0.0, Sum:  0.0, Workers: 4
[3418.813s][debug][gc,phases      ] GC(156)     Dead                           Min: 0, Avg:  0.0, Max: 0, Diff: 0, Sum: 0, Workers: 4
[3418.813s][debug][gc,phases      ] GC(156)     Total                          Min: 0, Avg: 176.5, Max: 514, Diff: 514, Sum: 706, Workers: 4
[3418.813s][debug][gc,phases      ] GC(156)   ObjectSynchronizer Weak        Min:  0.0, Avg:  0.0, Max:  0.0, Diff:  0.0, Sum:  0.0, Workers: 4
[3418.813s][debug][gc,phases      ] GC(156)     Dead                           Min: 0, Avg:  0.0, Max: 0, Diff: 0, Sum: 0, Workers: 4
[3418.813s][debug][gc,phases      ] GC(156)     Total                          Min: 0, Avg: 94.5, Max: 192, Diff: 192, Sum: 378, Workers: 4
[3418.813s][debug][gc,phases      ] GC(156)   JVMTI Tag Weak OopStorage      Min:  0.0, Avg:  0.0, Max:  0.0, Diff:  0.0, Sum:  0.0, Workers: 4
[3418.813s][debug][gc,phases      ] GC(156)     Dead                           Min: 0, Avg:  0.0, Max: 0, Diff: 0, Sum: 0, Workers: 4
[3418.813s][debug][gc,phases      ] GC(156)     Total                          Min: 0, Avg:  0.0, Max: 0, Diff: 0, Sum: 0, Workers: 4
[3418.813s][debug][gc,phases      ] GC(156)   StringTable Weak               Min:  0.1, Avg:  0.1, Max:  0.1, Diff:  0.0, Sum:  0.5, Workers: 4
[3418.813s][debug][gc,phases      ] GC(156)     Dead                           Min: 0, Avg:  0.0, Max: 0, Diff: 0, Sum: 0, Workers: 4
[3418.813s][debug][gc,phases      ] GC(156)     Total                          Min: 10496, Avg: 12132.8, Max: 13312, Diff: 2816, Sum: 48531, Workers: 4
[3418.813s][debug][gc,phases      ] GC(156)   ResolvedMethodTable Weak       Min:  0.0, Avg:  0.0, Max:  0.0, Diff:  0.0, Sum:  0.1, Workers: 4
[3418.813s][debug][gc,phases      ] GC(156)     Dead                           Min: 0, Avg:  0.0, Max: 0, Diff: 0, Sum: 0, Workers: 4
[3418.813s][debug][gc,phases      ] GC(156)     Total                          Min: 1787, Avg: 2037.5, Max: 2171, Diff: 384, Sum: 8150, Workers: 4
[3418.813s][debug][gc,phases      ] GC(156)   JNI Weak                       Min:  0.0, Avg:  0.0, Max:  0.0, Diff:  0.0, Sum:  0.0, Workers: 4
[3418.813s][debug][gc,phases      ] GC(156)     Dead                           Min: 0, Avg:  0.0, Max: 0, Diff: 0, Sum: 0, Workers: 4
[3418.813s][debug][gc,phases      ] GC(156)     Total                          Min: 0, Avg:  0.0, Max: 0, Diff: 0, Sum: 0, Workers: 4
[3418.813s][debug][gc,phases      ] GC(156)   StringDedup Table Weak         Min:  0.0, Avg:  0.0, Max:  0.0, Diff:  0.0, Sum:  0.0, Workers: 4
[3418.813s][debug][gc,phases      ] GC(156)     Dead                           Min: 0, Avg:  0.0, Max: 0, Diff: 0, Sum: 0, Workers: 4
[3418.813s][debug][gc,phases      ] GC(156)     Total                          Min: 0, Avg:  0.0, Max: 0, Diff: 0, Sum: 0, Workers: 4
[3418.813s][debug][gc,phases      ] GC(156)   StringDedup Requests0 Weak     Min:  0.0, Avg:  0.0, Max:  0.0, Diff:  0.0, Sum:  0.0, Workers: 4
[3418.813s][debug][gc,phases      ] GC(156)     Dead                           Min: 0, Avg:  0.0, Max: 0, Diff: 0, Sum: 0, Workers: 4
[3418.813s][debug][gc,phases      ] GC(156)     Total                          Min: 0, Avg:  0.0, Max: 0, Diff: 0, Sum: 0, Workers: 4
[3418.813s][debug][gc,phases      ] GC(156)   StringDedup Requests1 Weak     Min:  0.0, Avg:  0.0, Max:  0.0, Diff:  0.0, Sum:  0.0, Workers: 4
[3418.813s][debug][gc,phases      ] GC(156)     Dead                           Min: 0, Avg:  0.0, Max: 0, Diff: 0, Sum: 0, Workers: 4
[3418.813s][debug][gc,phases      ] GC(156)     Total                          Min: 0, Avg:  0.0, Max: 0, Diff: 0, Sum: 0, Workers: 4
[3418.813s][debug][gc,phases      ] GC(156)   Weak JFR Old Object Samples    Min:  0.0, Avg:  0.0, Max:  0.0, Diff:  0.0, Sum:  0.0, Workers: 4
[3418.813s][debug][gc,phases      ] GC(156)     Dead                           Min: 0, Avg:  0.0, Max: 0, Diff: 0, Sum: 0, Workers: 4
[3418.813s][debug][gc,phases      ] GC(156)     Total                          Min: 0, Avg:  0.0, Max: 0, Diff: 0, Sum: 0, Workers: 4
[3418.813s][debug][gc,phases      ] GC(156) Weak Processing 0.450ms
[3418.813s][debug][gc,age         ] GC(156) Desired survivor size 71827456 bytes, new threshold 15 (max threshold 15)
[3418.813s][info ][gc,heap        ] GC(156) PSYoungGen: 2011600K(2011648K)->51216K(2027008K) Eden: 1958912K(1958912K)->0K(1956864K) From: 52688K(52736K)->51216K(70144K)
[3418.813s][info ][gc,heap        ] GC(156) ParOldGen: 568717K(595968K)->568837K(595968K)
[3418.813s][info ][gc,metaspace   ] GC(156) Metaspace: 83807K(84736K)->83807K(84736K) NonClass: 72136K(72640K)->72136K(72640K) Class: 11670K(12096K)->11670K(12096K)
[3418.813s][info ][gc             ] GC(156) Pause Young (Allocation Failure) 2519M->605M(2561M) 14.245ms
[3418.813s][info ][gc,cpu         ] GC(156) User=0.05s Sys=0.00s Real=0.02s
[3418.813s][info ][safepoint      ] Safepoint "ParallelGCFailedAllocation", Time since last: 6477682145 ns, Reaching safepoint: 44301 ns, At safepoint: 14329286 ns, Total: 14373587 ns
[3467.816s][info ][safepoint      ] Safepoint "Cleanup", Time since last: 49003119066 ns, Reaching safepoint: 43601 ns, At safepoint: 9500 ns, Total: 53101 ns
[3469.817s][info ][safepoint      ] Safepoint "Cleanup", Time since last: 2000181464 ns, Reaching safepoint: 67401 ns, At safepoint: 11001 ns, Total: 78402 ns
[3504.652s][info ][gc,start       ] GC(157) Pause Young (Allocation Failure)
[3504.665s][debug][gc,phases      ] GC(157) Scavenge 12.191ms
[3504.665s][debug][gc,ref         ] GC(157) Skipped phase 1 of Reference Processing: no references
[3504.665s][debug][gc,ref         ] GC(157) ReferenceProcessor::execute queues: 1, RefProcThreadModel::Single, marks_oops_alive: false
[3504.665s][debug][gc,ref         ] GC(157) Skipped phase 3 of Reference Processing: no references
[3504.665s][debug][gc,ref         ] GC(157) ReferenceProcessor::execute queues: 1, RefProcThreadModel::Single, marks_oops_alive: false
[3504.665s][debug][gc,phases      ] GC(157) Reference Processing 0.139ms
[3504.665s][debug][gc,phases      ] GC(157)   VM Weak                        Min:  0.0, Avg:  0.0, Max:  0.0, Diff:  0.0, Sum:  0.0, Workers: 4
[3504.665s][debug][gc,phases      ] GC(157)     Dead                           Min: 0, Avg:  0.0, Max: 0, Diff: 0, Sum: 0, Workers: 4
[3504.665s][debug][gc,phases      ] GC(157)     Total                          Min: 0, Avg: 176.5, Max: 706, Diff: 706, Sum: 706, Workers: 4
[3504.665s][debug][gc,phases      ] GC(157)   ObjectSynchronizer Weak        Min:  0.0, Avg:  0.0, Max:  0.0, Diff:  0.0, Sum:  0.0, Workers: 4
[3504.665s][debug][gc,phases      ] GC(157)     Dead                           Min: 0, Avg:  0.0, Max: 0, Diff: 0, Sum: 0, Workers: 4
[3504.665s][debug][gc,phases      ] GC(157)     Total                          Min: 0, Avg: 94.5, Max: 320, Diff: 320, Sum: 378, Workers: 4
[3504.665s][debug][gc,phases      ] GC(157)   JVMTI Tag Weak OopStorage      Min:  0.0, Avg:  0.0, Max:  0.0, Diff:  0.0, Sum:  0.0, Workers: 4
[3504.665s][debug][gc,phases      ] GC(157)     Dead                           Min: 0, Avg:  0.0, Max: 0, Diff: 0, Sum: 0, Workers: 4
[3504.665s][debug][gc,phases      ] GC(157)     Total                          Min: 0, Avg:  0.0, Max: 0, Diff: 0, Sum: 0, Workers: 4
[3504.665s][debug][gc,phases      ] GC(157)   StringTable Weak               Min:  0.1, Avg:  0.1, Max:  0.1, Diff:  0.0, Sum:  0.6, Workers: 4
[3504.665s][debug][gc,phases      ] GC(157)     Dead                           Min: 0, Avg:  0.0, Max: 0, Diff: 0, Sum: 0, Workers: 4
[3504.665s][debug][gc,phases      ] GC(157)     Total                          Min: 10452, Avg: 12133.0, Max: 13888, Diff: 3436, Sum: 48532, Workers: 4
[3504.665s][debug][gc,phases      ] GC(157)   ResolvedMethodTable Weak       Min:  0.0, Avg:  0.0, Max:  0.0, Diff:  0.0, Sum:  0.1, Workers: 4
[3504.665s][debug][gc,phases      ] GC(157)     Dead                           Min: 0, Avg:  0.0, Max: 0, Diff: 0, Sum: 0, Workers: 4
[3504.665s][debug][gc,phases      ] GC(157)     Total                          Min: 1979, Avg: 2037.5, Max: 2088, Diff: 109, Sum: 8150, Workers: 4
[3504.665s][debug][gc,phases      ] GC(157)   JNI Weak                       Min:  0.0, Avg:  0.0, Max:  0.0, Diff:  0.0, Sum:  0.0, Workers: 4
[3504.665s][debug][gc,phases      ] GC(157)     Dead                           Min: 0, Avg:  0.0, Max: 0, Diff: 0, Sum: 0, Workers: 4
[3504.665s][debug][gc,phases      ] GC(157)     Total                          Min: 0, Avg:  0.0, Max: 0, Diff: 0, Sum: 0, Workers: 4
[3504.665s][debug][gc,phases      ] GC(157)   StringDedup Table Weak         Min:  0.0, Avg:  0.0, Max:  0.0, Diff:  0.0, Sum:  0.0, Workers: 4
[3504.665s][debug][gc,phases      ] GC(157)     Dead                           Min: 0, Avg:  0.0, Max: 0, Diff: 0, Sum: 0, Workers: 4
[3504.665s][debug][gc,phases      ] GC(157)     Total                          Min: 0, Avg:  0.0, Max: 0, Diff: 0, Sum: 0, Workers: 4
[3504.665s][debug][gc,phases      ] GC(157)   StringDedup Requests0 Weak     Min:  0.0, Avg:  0.0, Max:  0.0, Diff:  0.0, Sum:  0.0, Workers: 4
[3504.665s][debug][gc,phases      ] GC(157)     Dead                           Min: 0, Avg:  0.0, Max: 0, Diff: 0, Sum: 0, Workers: 4
[3504.665s][debug][gc,phases      ] GC(157)     Total                          Min: 0, Avg:  0.0, Max: 0, Diff: 0, Sum: 0, Workers: 4
[3504.665s][debug][gc,phases      ] GC(157)   StringDedup Requests1 Weak     Min:  0.0, Avg:  0.0, Max:  0.0, Diff:  0.0, Sum:  0.0, Workers: 4
[3504.665s][debug][gc,phases      ] GC(157)     Dead                           Min: 0, Avg:  0.0, Max: 0, Diff: 0, Sum: 0, Workers: 4
[3504.665s][debug][gc,phases      ] GC(157)     Total                          Min: 0, Avg:  0.0, Max: 0, Diff: 0, Sum: 0, Workers: 4
[3504.665s][debug][gc,phases      ] GC(157)   Weak JFR Old Object Samples    Min:  0.0, Avg:  0.0, Max:  0.0, Diff:  0.0, Sum:  0.0, Workers: 4
[3504.665s][debug][gc,phases      ] GC(157)     Dead                           Min: 0, Avg:  0.0, Max: 0, Diff: 0, Sum: 0, Workers: 4
[3504.665s][debug][gc,phases      ] GC(157)     Total                          Min: 0, Avg:  0.0, Max: 0, Diff: 0, Sum: 0, Workers: 4
[3504.665s][debug][gc,phases      ] GC(157) Weak Processing 0.377ms
[3504.665s][debug][gc,age         ] GC(157) Desired survivor size 69730304 bytes, new threshold 15 (max threshold 15)
[3504.665s][info ][gc,heap        ] GC(157) PSYoungGen: 2008024K(2027008K)->47056K(2027008K) Eden: 1956807K(1956864K)->0K(1956864K) From: 51216K(70144K)->47056K(70144K)
[3504.665s][info ][gc,heap        ] GC(157) ParOldGen: 568837K(595968K)->568885K(595968K)
[3504.665s][info ][gc,metaspace   ] GC(157) Metaspace: 83812K(84736K)->83812K(84736K) NonClass: 72141K(72640K)->72141K(72640K) Class: 11671K(12096K)->11671K(12096K)
[3504.665s][info ][gc             ] GC(157) Pause Young (Allocation Failure) 2516M->601M(2561M) 12.859ms
[3504.665s][info ][gc,cpu         ] GC(157) User=0.05s Sys=0.00s Real=0.02s
[3504.665s][info ][safepoint      ] Safepoint "ParallelGCFailedAllocation", Time since last: 34835624995 ns, Reaching safepoint: 48801 ns, At safepoint: 12949359 ns, Total: 12998160 ns
[3532.667s][info ][safepoint      ] Safepoint "Cleanup", Time since last: 28001839617 ns, Reaching safepoint: 50801 ns, At safepoint: 8000 ns, Total: 58801 ns
[3577.670s][info ][safepoint      ] Safepoint "Cleanup", Time since last: 45002913089 ns, Reaching safepoint: 48601 ns, At safepoint: 13300 ns, Total: 61901 ns
[3579.670s][info ][safepoint      ] Safepoint "Cleanup", Time since last: 2000177454 ns, Reaching safepoint: 48901 ns, At safepoint: 8301 ns, Total: 57202 ns
[3590.170s][info ][gc,start       ] GC(158) Pause Young (Allocation Failure)
[3590.188s][debug][gc,phases      ] GC(158) Scavenge 17.728ms
[3590.188s][debug][gc,ref         ] GC(158) Skipped phase 1 of Reference Processing: no references
[3590.188s][debug][gc,ref         ] GC(158) ReferenceProcessor::execute queues: 1, RefProcThreadModel::Single, marks_oops_alive: false
[3590.188s][debug][gc,ref         ] GC(158) Skipped phase 3 of Reference Processing: no references
[3590.188s][debug][gc,ref         ] GC(158) ReferenceProcessor::execute queues: 1, RefProcThreadModel::Single, marks_oops_alive: false
[3590.188s][debug][gc,phases      ] GC(158) Reference Processing 0.134ms
[3590.188s][debug][gc,phases      ] GC(158)   VM Weak                        Min:  0.0, Avg:  0.0, Max:  0.0, Diff:  0.0, Sum:  0.0, Workers: 4
[3590.188s][debug][gc,phases      ] GC(158)     Dead                           Min: 0, Avg:  0.0, Max: 0, Diff: 0, Sum: 0, Workers: 4
[3590.188s][debug][gc,phases      ] GC(158)     Total                          Min: 0, Avg: 176.5, Max: 706, Diff: 706, Sum: 706, Workers: 4
[3590.188s][debug][gc,phases      ] GC(158)   ObjectSynchronizer Weak        Min:  0.0, Avg:  0.0, Max:  0.0, Diff:  0.0, Sum:  0.0, Workers: 4
[3590.188s][debug][gc,phases      ] GC(158)     Dead                           Min: 0, Avg:  0.0, Max: 0, Diff: 0, Sum: 0, Workers: 4
[3590.188s][debug][gc,phases      ] GC(158)     Total                          Min: 0, Avg: 94.5, Max: 192, Diff: 192, Sum: 378, Workers: 4
[3590.188s][debug][gc,phases      ] GC(158)   JVMTI Tag Weak OopStorage      Min:  0.0, Avg:  0.0, Max:  0.0, Diff:  0.0, Sum:  0.0, Workers: 4
[3590.188s][debug][gc,phases      ] GC(158)     Dead                           Min: 0, Avg:  0.0, Max: 0, Diff: 0, Sum: 0, Workers: 4
[3590.188s][debug][gc,phases      ] GC(158)     Total                          Min: 0, Avg:  0.0, Max: 0, Diff: 0, Sum: 0, Workers: 4
[3590.188s][debug][gc,phases      ] GC(158)   StringTable Weak               Min:  0.1, Avg:  0.1, Max:  0.1, Diff:  0.0, Sum:  0.5, Workers: 4
[3590.188s][debug][gc,phases      ] GC(158)     Dead                           Min: 0, Avg:  0.0, Max: 0, Diff: 0, Sum: 0, Workers: 4
[3590.188s][debug][gc,phases      ] GC(158)     Total                          Min: 11776, Avg: 12133.0, Max: 12608, Diff: 832, Sum: 48532, Workers: 4
[3590.188s][debug][gc,phases      ] GC(158)   ResolvedMethodTable Weak       Min:  0.0, Avg:  0.0, Max:  0.0, Diff:  0.0, Sum:  0.1, Workers: 4
[3590.188s][debug][gc,phases      ] GC(158)     Dead                           Min: 0, Avg:  0.0, Max: 0, Diff: 0, Sum: 0, Workers: 4
[3590.188s][debug][gc,phases      ] GC(158)     Total                          Min: 1906, Avg: 2037.5, Max: 2227, Diff: 321, Sum: 8150, Workers: 4
[3590.188s][debug][gc,phases      ] GC(158)   JNI Weak                       Min:  0.0, Avg:  0.0, Max:  0.0, Diff:  0.0, Sum:  0.0, Workers: 4
[3590.188s][debug][gc,phases      ] GC(158)     Dead                           Min: 0, Avg:  0.0, Max: 0, Diff: 0, Sum: 0, Workers: 4
[3590.188s][debug][gc,phases      ] GC(158)     Total                          Min: 0, Avg:  0.0, Max: 0, Diff: 0, Sum: 0, Workers: 4
[3590.188s][debug][gc,phases      ] GC(158)   StringDedup Table Weak         Min:  0.0, Avg:  0.0, Max:  0.0, Diff:  0.0, Sum:  0.0, Workers: 4
[3590.188s][debug][gc,phases      ] GC(158)     Dead                           Min: 0, Avg:  0.0, Max: 0, Diff: 0, Sum: 0, Workers: 4
[3590.188s][debug][gc,phases      ] GC(158)     Total                          Min: 0, Avg:  0.0, Max: 0, Diff: 0, Sum: 0, Workers: 4
[3590.188s][debug][gc,phases      ] GC(158)   StringDedup Requests0 Weak     Min:  0.0, Avg:  0.0, Max:  0.0, Diff:  0.0, Sum:  0.0, Workers: 4
[3590.188s][debug][gc,phases      ] GC(158)     Dead                           Min: 0, Avg:  0.0, Max: 0, Diff: 0, Sum: 0, Workers: 4
[3590.188s][debug][gc,phases      ] GC(158)     Total                          Min: 0, Avg:  0.0, Max: 0, Diff: 0, Sum: 0, Workers: 4
[3590.188s][debug][gc,phases      ] GC(158)   StringDedup Requests1 Weak     Min:  0.0, Avg:  0.0, Max:  0.0, Diff:  0.0, Sum:  0.0, Workers: 4
[3590.188s][debug][gc,phases      ] GC(158)     Dead                           Min: 0, Avg:  0.0, Max: 0, Diff: 0, Sum: 0, Workers: 4
[3590.188s][debug][gc,phases      ] GC(158)     Total                          Min: 0, Avg:  0.0, Max: 0, Diff: 0, Sum: 0, Workers: 4
[3590.188s][debug][gc,phases      ] GC(158)   Weak JFR Old Object Samples    Min:  0.0, Avg:  0.0, Max:  0.0, Diff:  0.0, Sum:  0.0, Workers: 4
[3590.188s][debug][gc,phases      ] GC(158)     Dead                           Min: 0, Avg:  0.0, Max: 0, Diff: 0, Sum: 0, Workers: 4
[3590.188s][debug][gc,phases      ] GC(158)     Total                          Min: 0, Avg:  0.0, Max: 0, Diff: 0, Sum: 0, Workers: 4
[3590.188s][debug][gc,phases      ] GC(158) Weak Processing 0.348ms
[3590.188s][debug][gc,age         ] GC(158) Desired survivor size 71827456 bytes, new threshold 15 (max threshold 15)
[3590.188s][info ][gc,heap        ] GC(158) PSYoungGen: 2003920K(2027008K)->19536K(2024960K) Eden: 1956864K(1956864K)->0K(1956864K) From: 47056K(70144K)->19536K(68096K)
[3590.188s][info ][gc,heap        ] GC(158) ParOldGen: 568885K(595968K)->598386K(598528K)
[3590.188s][info ][gc,metaspace   ] GC(158) Metaspace: 83818K(84736K)->83818K(84736K) NonClass: 72147K(72640K)->72147K(72640K) Class: 11671K(12096K)->11671K(12096K)
[3590.188s][info ][gc             ] GC(158) Pause Young (Allocation Failure) 2512M->603M(2562M) 18.363ms
[3590.188s][info ][gc,cpu         ] GC(158) User=0.06s Sys=0.01s Real=0.02s
[3590.188s][debug][gc,phases      ] GC(159) Pre Compact 0.011ms
[3590.188s][info ][gc,start       ] GC(159) Pause Full (Ergonomics)
[3590.188s][info ][gc,phases,start] GC(159) Marking Phase
[3590.363s][debug][gc,phases      ] GC(159) Par Mark 174.304ms
[3590.363s][debug][gc,ref         ] GC(159) ReferenceProcessor::execute queues: 4, RefProcThreadModel::Multi, marks_oops_alive: true
[3590.364s][debug][gc,ref         ] GC(159) ReferenceProcessor::execute queues: 4, RefProcThreadModel::Multi, marks_oops_alive: false
[3590.364s][debug][gc,ref         ] GC(159) Skipped phase 3 of Reference Processing: no references
[3590.364s][debug][gc,ref         ] GC(159) ReferenceProcessor::execute queues: 1, RefProcThreadModel::Single, marks_oops_alive: false
[3590.364s][debug][gc,phases      ] GC(159) Reference Processing 1.154ms
[3590.364s][debug][gc,phases      ] GC(159)   VM Weak                        Min:  0.0, Avg:  0.0, Max:  0.0, Diff:  0.0, Sum:  0.0, Workers: 4
[3590.364s][debug][gc,phases      ] GC(159)     Dead                           Min: 0, Avg: 36.2, Max: 80, Diff: 80, Sum: 145, Workers: 4
[3590.364s][debug][gc,phases      ] GC(159)     Total                          Min: 0, Avg: 176.5, Max: 320, Diff: 320, Sum: 706, Workers: 4
[3590.364s][debug][gc,phases      ] GC(159)   ObjectSynchronizer Weak        Min:  0.0, Avg:  0.0, Max:  0.0, Diff:  0.0, Sum:  0.0, Workers: 4
[3590.364s][debug][gc,phases      ] GC(159)     Dead                           Min: 0, Avg:  0.0, Max: 0, Diff: 0, Sum: 0, Workers: 4
[3590.364s][debug][gc,phases      ] GC(159)     Total                          Min: 58, Avg: 94.5, Max: 128, Diff: 70, Sum: 378, Workers: 4
[3590.364s][debug][gc,phases      ] GC(159)   JVMTI Tag Weak OopStorage      Min:  0.0, Avg:  0.0, Max:  0.0, Diff:  0.0, Sum:  0.0, Workers: 4
[3590.364s][debug][gc,phases      ] GC(159)     Dead                           Min: 0, Avg:  0.0, Max: 0, Diff: 0, Sum: 0, Workers: 4
[3590.364s][debug][gc,phases      ] GC(159)     Total                          Min: 0, Avg:  0.0, Max: 0, Diff: 0, Sum: 0, Workers: 4
[3590.364s][debug][gc,phases      ] GC(159)   StringTable Weak               Min:  0.2, Avg:  0.2, Max:  0.2, Diff:  0.0, Sum:  0.7, Workers: 4
[3590.364s][debug][gc,phases      ] GC(159)     Dead                           Min: 164, Avg: 303.0, Max: 416, Diff: 252, Sum: 1212, Workers: 4
[3590.364s][debug][gc,phases      ] GC(159)     Total                          Min: 11584, Avg: 12133.0, Max: 12608, Diff: 1024, Sum: 48532, Workers: 4
[3590.364s][debug][gc,phases      ] GC(159)   ResolvedMethodTable Weak       Min:  0.0, Avg:  0.0, Max:  0.0, Diff:  0.0, Sum:  0.1, Workers: 4
[3590.364s][debug][gc,phases      ] GC(159)     Dead                           Min: 7, Avg: 35.2, Max: 52, Diff: 45, Sum: 141, Workers: 4
[3590.364s][debug][gc,phases      ] GC(159)     Total                          Min: 1970, Avg: 2037.5, Max: 2103, Diff: 133, Sum: 8150, Workers: 4
[3590.364s][debug][gc,phases      ] GC(159)   JNI Weak                       Min:  0.0, Avg:  0.0, Max:  0.0, Diff:  0.0, Sum:  0.0, Workers: 4
[3590.364s][debug][gc,phases      ] GC(159)     Dead                           Min: 0, Avg:  0.0, Max: 0, Diff: 0, Sum: 0, Workers: 4
[3590.364s][debug][gc,phases      ] GC(159)     Total                          Min: 0, Avg:  0.0, Max: 0, Diff: 0, Sum: 0, Workers: 4
[3590.364s][debug][gc,phases      ] GC(159)   StringDedup Table Weak         Min:  0.0, Avg:  0.0, Max:  0.0, Diff:  0.0, Sum:  0.0, Workers: 4
[3590.364s][debug][gc,phases      ] GC(159)     Dead                           Min: 0, Avg:  0.0, Max: 0, Diff: 0, Sum: 0, Workers: 4
[3590.364s][debug][gc,phases      ] GC(159)     Total                          Min: 0, Avg:  0.0, Max: 0, Diff: 0, Sum: 0, Workers: 4
[3590.364s][debug][gc,phases      ] GC(159)   StringDedup Requests0 Weak     Min:  0.0, Avg:  0.0, Max:  0.0, Diff:  0.0, Sum:  0.0, Workers: 4
[3590.364s][debug][gc,phases      ] GC(159)     Dead                           Min: 0, Avg:  0.0, Max: 0, Diff: 0, Sum: 0, Workers: 4
[3590.364s][debug][gc,phases      ] GC(159)     Total                          Min: 0, Avg:  0.0, Max: 0, Diff: 0, Sum: 0, Workers: 4
[3590.364s][debug][gc,phases      ] GC(159)   StringDedup Requests1 Weak     Min:  0.0, Avg:  0.0, Max:  0.0, Diff:  0.0, Sum:  0.0, Workers: 4
[3590.364s][debug][gc,phases      ] GC(159)     Dead                           Min: 0, Avg:  0.0, Max: 0, Diff: 0, Sum: 0, Workers: 4
[3590.364s][debug][gc,phases      ] GC(159)     Total                          Min: 0, Avg:  0.0, Max: 0, Diff: 0, Sum: 0, Workers: 4
[3590.364s][debug][gc,phases      ] GC(159)   Weak JFR Old Object Samples    Min:  0.0, Avg:  0.0, Max:  0.0, Diff:  0.0, Sum:  0.0, Workers: 4
[3590.364s][debug][gc,phases      ] GC(159)     Dead                           Min: 0, Avg:  0.0, Max: 0, Diff: 0, Sum: 0, Workers: 4
[3590.364s][debug][gc,phases      ] GC(159)     Total                          Min: 0, Avg:  0.0, Max: 0, Diff: 0, Sum: 0, Workers: 4
[3590.364s][debug][gc,phases      ] GC(159) Weak Processing 0.464ms
[3590.366s][debug][gc,phases      ] GC(159) ClassLoaderData 1.120ms
[3590.366s][debug][gc,phases      ] GC(159) Trigger cleanups 0.002ms
[3590.402s][debug][gc,phases      ] GC(159) Class Unloading 37.391ms
[3590.402s][info ][gc,phases      ] GC(159) Marking Phase 213.523ms
[3590.402s][info ][gc,phases,start] GC(159) Summary Phase
[3590.402s][info ][gc,phases      ] GC(159) Summary Phase 0.021ms
[3590.402s][info ][gc,phases,start] GC(159) Adjust Roots
[3590.419s][info ][gc,phases      ] GC(159) Adjust Roots 17.201ms
[3590.419s][info ][gc,phases,start] GC(159) Compaction Phase
[3590.589s][info ][gc,phases      ] GC(159) Compaction Phase 169.949ms
[3590.589s][info ][gc,phases,start] GC(159) Post Compact
[3590.592s][info ][gc,phases      ] GC(159) Post Compact 2.331ms
[3590.592s][info ][gc,heap        ] GC(159) PSYoungGen: 19536K(2024960K)->0K(2027008K) Eden: 0K(1956864K)->0K(1956864K) From: 19536K(68096K)->0K(70144K)
[3590.592s][info ][gc,heap        ] GC(159) ParOldGen: 598386K(598528K)->546776K(678400K)
[3590.592s][info ][gc,metaspace   ] GC(159) Metaspace: 83818K(84736K)->83500K(84736K) NonClass: 72147K(72640K)->71904K(72640K) Class: 11671K(12096K)->11596K(12096K)
[3590.592s][info ][gc             ] GC(159) Pause Full (Ergonomics) 603M->533M(2642M) 403.401ms
[3590.592s][info ][gc,cpu         ] GC(159) User=1.42s Sys=0.00s Real=0.40s
[3590.592s][info ][safepoint      ] Safepoint "ParallelGCFailedAllocation", Time since last: 10499601029 ns, Reaching safepoint: 40801 ns, At safepoint: 421950528 ns, Total: 421991329 ns
[3591.592s][info ][safepoint      ] Safepoint "Cleanup", Time since last: 1000097077 ns, Reaching safepoint: 49301 ns, At safepoint: 3100 ns, Total: 52401 ns
[3635.595s][info ][safepoint      ] Safepoint "Cleanup", Time since last: 44003064296 ns, Reaching safepoint: 103602 ns, At safepoint: 9700 ns, Total: 113302 ns
[3636.595s][info ][safepoint      ] Safepoint "Cleanup", Time since last: 1000119129 ns, Reaching safepoint: 123102 ns, At safepoint: 10800 ns, Total: 133902 ns
[3643.596s][info ][safepoint      ] Safepoint "Cleanup", Time since last: 7000493798 ns, Reaching safepoint: 124202 ns, At safepoint: 12700 ns, Total: 136902 ns
[3644.596s][info ][safepoint      ] Safepoint "Cleanup", Time since last: 1000113630 ns, Reaching safepoint: 121902 ns, At safepoint: 5901 ns, Total: 127803 ns
[3655.597s][info ][safepoint      ] Safepoint "Cleanup", Time since last: 11000795430 ns, Reaching safepoint: 126303 ns, At safepoint: 10800 ns, Total: 137103 ns
[3659.598s][info ][safepoint      ] Safepoint "Cleanup", Time since last: 4000330626 ns, Reaching safepoint: 118403 ns, At safepoint: 10200 ns, Total: 128603 ns
[3660.598s][info ][safepoint      ] Safepoint "Cleanup", Time since last: 1000121433 ns, Reaching safepoint: 126402 ns, At safepoint: 8400 ns, Total: 134802 ns
[3662.598s][info ][safepoint      ] Safepoint "Cleanup", Time since last: 2000201466 ns, Reaching safepoint: 127102 ns, At safepoint: 8800 ns, Total: 135902 ns
[3663.599s][info ][safepoint      ] Safepoint "Cleanup", Time since last: 1000111334 ns, Reaching safepoint: 117402 ns, At safepoint: 7700 ns, Total: 125102 ns
[3666.599s][info ][safepoint      ] Safepoint "Cleanup", Time since last: 3000256099 ns, Reaching safepoint: 144703 ns, At safepoint: 10400 ns, Total: 155103 ns
[3675.062s][info ][gc,start       ] GC(160) Pause Young (Allocation Failure)
[3675.064s][debug][gc,phases      ] GC(160) Scavenge 2.458ms
[3675.064s][debug][gc,ref         ] GC(160) Skipped phase 1 of Reference Processing: no references
[3675.065s][debug][gc,ref         ] GC(160) ReferenceProcessor::execute queues: 1, RefProcThreadModel::Single, marks_oops_alive: false
[3675.065s][debug][gc,ref         ] GC(160) Skipped phase 3 of Reference Processing: no references
[3675.065s][debug][gc,ref         ] GC(160) ReferenceProcessor::execute queues: 1, RefProcThreadModel::Single, marks_oops_alive: false
[3675.065s][debug][gc,phases      ] GC(160) Reference Processing 0.115ms
[3675.065s][debug][gc,phases      ] GC(160)   VM Weak                        Min:  0.0, Avg:  0.0, Max:  0.0, Diff:  0.0, Sum:  0.0, Workers: 4
[3675.065s][debug][gc,phases      ] GC(160)     Dead                           Min: 0, Avg:  0.0, Max: 0, Diff: 0, Sum: 0, Workers: 4
[3675.065s][debug][gc,phases      ] GC(160)     Total                          Min: 0, Avg: 140.5, Max: 562, Diff: 562, Sum: 562, Workers: 4
[3675.065s][debug][gc,phases      ] GC(160)   ObjectSynchronizer Weak        Min:  0.0, Avg:  0.0, Max:  0.0, Diff:  0.0, Sum:  0.0, Workers: 4
[3675.065s][debug][gc,phases      ] GC(160)     Dead                           Min: 0, Avg:  0.0, Max: 0, Diff: 0, Sum: 0, Workers: 4
[3675.065s][debug][gc,phases      ] GC(160)     Total                          Min: 0, Avg: 94.5, Max: 378, Diff: 378, Sum: 378, Workers: 4
[3675.065s][debug][gc,phases      ] GC(160)   JVMTI Tag Weak OopStorage      Min:  0.0, Avg:  0.0, Max:  0.0, Diff:  0.0, Sum:  0.0, Workers: 4
[3675.065s][debug][gc,phases      ] GC(160)     Dead                           Min: 0, Avg:  0.0, Max: 0, Diff: 0, Sum: 0, Workers: 4
[3675.065s][debug][gc,phases      ] GC(160)     Total                          Min: 0, Avg:  0.0, Max: 0, Diff: 0, Sum: 0, Workers: 4
[3675.065s][debug][gc,phases      ] GC(160)   StringTable Weak               Min:  0.1, Avg:  0.1, Max:  0.1, Diff:  0.0, Sum:  0.4, Workers: 4
[3675.065s][debug][gc,phases      ] GC(160)     Dead                           Min: 0, Avg:  0.2, Max: 1, Diff: 1, Sum: 1, Workers: 4
[3675.065s][debug][gc,phases      ] GC(160)     Total                          Min: 11299, Avg: 12136.5, Max: 12480, Diff: 1181, Sum: 48546, Workers: 4
[3675.065s][debug][gc,phases      ] GC(160)   ResolvedMethodTable Weak       Min:  0.0, Avg:  0.0, Max:  0.0, Diff:  0.0, Sum:  0.1, Workers: 4
[3675.065s][debug][gc,phases      ] GC(160)     Dead                           Min: 0, Avg:  0.0, Max: 0, Diff: 0, Sum: 0, Workers: 4
[3675.065s][debug][gc,phases      ] GC(160)     Total                          Min: 1898, Avg: 2039.2, Max: 2173, Diff: 275, Sum: 8157, Workers: 4
[3675.065s][debug][gc,phases      ] GC(160)   JNI Weak                       Min:  0.0, Avg:  0.0, Max:  0.0, Diff:  0.0, Sum:  0.0, Workers: 4
[3675.065s][debug][gc,phases      ] GC(160)     Dead                           Min: 0, Avg:  0.0, Max: 0, Diff: 0, Sum: 0, Workers: 4
[3675.065s][debug][gc,phases      ] GC(160)     Total                          Min: 0, Avg:  0.0, Max: 0, Diff: 0, Sum: 0, Workers: 4
[3675.065s][debug][gc,phases      ] GC(160)   StringDedup Table Weak         Min:  0.0, Avg:  0.0, Max:  0.0, Diff:  0.0, Sum:  0.0, Workers: 4
[3675.065s][debug][gc,phases      ] GC(160)     Dead                           Min: 0, Avg:  0.0, Max: 0, Diff: 0, Sum: 0, Workers: 4
[3675.065s][debug][gc,phases      ] GC(160)     Total                          Min: 0, Avg:  0.0, Max: 0, Diff: 0, Sum: 0, Workers: 4
[3675.065s][debug][gc,phases      ] GC(160)   StringDedup Requests0 Weak     Min:  0.0, Avg:  0.0, Max:  0.0, Diff:  0.0, Sum:  0.0, Workers: 4
[3675.065s][debug][gc,phases      ] GC(160)     Dead                           Min: 0, Avg:  0.0, Max: 0, Diff: 0, Sum: 0, Workers: 4
[3675.065s][debug][gc,phases      ] GC(160)     Total                          Min: 0, Avg:  0.0, Max: 0, Diff: 0, Sum: 0, Workers: 4
[3675.065s][debug][gc,phases      ] GC(160)   StringDedup Requests1 Weak     Min:  0.0, Avg:  0.0, Max:  0.0, Diff:  0.0, Sum:  0.0, Workers: 4
[3675.065s][debug][gc,phases      ] GC(160)     Dead                           Min: 0, Avg:  0.0, Max: 0, Diff: 0, Sum: 0, Workers: 4
[3675.065s][debug][gc,phases      ] GC(160)     Total                          Min: 0, Avg:  0.0, Max: 0, Diff: 0, Sum: 0, Workers: 4
[3675.065s][debug][gc,phases      ] GC(160)   Weak JFR Old Object Samples    Min:  0.0, Avg:  0.0, Max:  0.0, Diff:  0.0, Sum:  0.0, Workers: 4
[3675.065s][debug][gc,phases      ] GC(160)     Dead                           Min: 0, Avg:  0.0, Max: 0, Diff: 0, Sum: 0, Workers: 4
[3675.065s][debug][gc,phases      ] GC(160)     Total                          Min: 0, Avg:  0.0, Max: 0, Diff: 0, Sum: 0, Workers: 4
[3675.065s][debug][gc,phases      ] GC(160) Weak Processing 0.343ms
[3675.065s][debug][gc,age         ] GC(160) Desired survivor size 76021760 bytes, new threshold 15 (max threshold 15)
[3675.065s][info ][gc,heap        ] GC(160) PSYoungGen: 1956864K(2027008K)->2592K(2018816K) Eden: 1956864K(1956864K)->0K(1948672K) From: 0K(70144K)->2592K(70144K)
[3675.065s][info ][gc,heap        ] GC(160) ParOldGen: 546776K(678400K)->546784K(678400K)
[3675.065s][info ][gc,metaspace   ] GC(160) Metaspace: 83551K(84736K)->83551K(84736K) NonClass: 71949K(72640K)->71949K(72640K) Class: 11601K(12096K)->11601K(12096K)
[3675.065s][info ][gc             ] GC(160) Pause Young (Allocation Failure) 2444M->536M(2634M) 3.041ms
[3675.065s][info ][gc,cpu         ] GC(160) User=0.01s Sys=0.00s Real=0.01s
[3675.065s][info ][safepoint      ] Safepoint "ParallelGCFailedAllocation", Time since last: 8462895139 ns, Reaching safepoint: 37601 ns, At safepoint: 3121262 ns, Total: 3158863 ns
[3685.066s][info ][safepoint      ] Safepoint "Cleanup", Time since last: 10000729854 ns, Reaching safepoint: 47801 ns, At safepoint: 7600 ns, Total: 55401 ns
[3694.066s][info ][safepoint      ] Safepoint "Cleanup", Time since last: 9000624633 ns, Reaching safepoint: 50401 ns, At safepoint: 3100 ns, Total: 53501 ns
[3699.067s][info ][safepoint      ] Safepoint "Cleanup", Time since last: 5000296789 ns, Reaching safepoint: 47601 ns, At safepoint: 32401 ns, Total: 80002 ns
[3701.067s][info ][safepoint      ] Safepoint "Cleanup", Time since last: 2000161678 ns, Reaching safepoint: 54701 ns, At safepoint: 8500 ns, Total: 63201 ns
[3713.270s][info ][safepoint      ] Safepoint "Cleanup", Time since last: 12202437079 ns, Reaching safepoint: 63401 ns, At safepoint: 6000 ns, Total: 69401 ns
[3728.271s][info ][safepoint      ] Safepoint "Cleanup", Time since last: 15001209535 ns, Reaching safepoint: 66201 ns, At safepoint: 12900 ns, Total: 79101 ns
[3729.271s][info ][safepoint      ] Safepoint "Cleanup", Time since last: 1000111644 ns, Reaching safepoint: 61902 ns, At safepoint: 9000 ns, Total: 70902 ns
[3751.555s][info ][safepoint      ] Safepoint "Cleanup", Time since last: 22283521490 ns, Reaching safepoint: 135302 ns, At safepoint: 12800 ns, Total: 148102 ns
[3752.557s][info ][safepoint      ] Safepoint "Cleanup", Time since last: 1000124649 ns, Reaching safepoint: 2134142 ns, At safepoint: 6900 ns, Total: 2141042 ns
[3756.594s][info ][gc,start       ] GC(161) Pause Young (Allocation Failure)
[3756.598s][debug][gc,phases      ] GC(161) Scavenge 3.645ms
[3756.598s][debug][gc,ref         ] GC(161) Skipped phase 1 of Reference Processing: no references
[3756.598s][debug][gc,ref         ] GC(161) ReferenceProcessor::execute queues: 1, RefProcThreadModel::Single, marks_oops_alive: false
[3756.598s][debug][gc,ref         ] GC(161) Skipped phase 3 of Reference Processing: no references
[3756.598s][debug][gc,ref         ] GC(161) ReferenceProcessor::execute queues: 1, RefProcThreadModel::Single, marks_oops_alive: false
[3756.598s][debug][gc,phases      ] GC(161) Reference Processing 0.154ms
[3756.598s][debug][gc,phases      ] GC(161)   VM Weak                        Min:  0.0, Avg:  0.0, Max:  0.0, Diff:  0.0, Sum:  0.0, Workers: 4
[3756.598s][debug][gc,phases      ] GC(161)     Dead                           Min: 0, Avg:  0.0, Max: 0, Diff: 0, Sum: 0, Workers: 4
[3756.598s][debug][gc,phases      ] GC(161)     Total                          Min: 0, Avg: 140.5, Max: 344, Diff: 344, Sum: 562, Workers: 4
[3756.598s][debug][gc,phases      ] GC(161)   ObjectSynchronizer Weak        Min:  0.0, Avg:  0.0, Max:  0.0, Diff:  0.0, Sum:  0.0, Workers: 4
[3756.598s][debug][gc,phases      ] GC(161)     Dead                           Min: 0, Avg:  0.0, Max: 0, Diff: 0, Sum: 0, Workers: 4
[3756.598s][debug][gc,phases      ] GC(161)     Total                          Min: 0, Avg: 94.5, Max: 128, Diff: 128, Sum: 378, Workers: 4
[3756.598s][debug][gc,phases      ] GC(161)   JVMTI Tag Weak OopStorage      Min:  0.0, Avg:  0.0, Max:  0.0, Diff:  0.0, Sum:  0.0, Workers: 4
[3756.598s][debug][gc,phases      ] GC(161)     Dead                           Min: 0, Avg:  0.0, Max: 0, Diff: 0, Sum: 0, Workers: 4
[3756.598s][debug][gc,phases      ] GC(161)     Total                          Min: 0, Avg:  0.0, Max: 0, Diff: 0, Sum: 0, Workers: 4
[3756.598s][debug][gc,phases      ] GC(161)   StringTable Weak               Min:  0.1, Avg:  0.1, Max:  0.1, Diff:  0.0, Sum:  0.5, Workers: 4
[3756.598s][debug][gc,phases      ] GC(161)     Dead                           Min: 0, Avg:  0.0, Max: 0, Diff: 0, Sum: 0, Workers: 4
[3756.598s][debug][gc,phases      ] GC(161)     Total                          Min: 11648, Avg: 12140.0, Max: 12800, Diff: 1152, Sum: 48560, Workers: 4
[3756.598s][debug][gc,phases      ] GC(161)   ResolvedMethodTable Weak       Min:  0.0, Avg:  0.0, Max:  0.0, Diff:  0.0, Sum:  0.1, Workers: 4
[3756.598s][debug][gc,phases      ] GC(161)     Dead                           Min: 0, Avg:  0.0, Max: 0, Diff: 0, Sum: 0, Workers: 4
[3756.598s][debug][gc,phases      ] GC(161)     Total                          Min: 1962, Avg: 2039.2, Max: 2116, Diff: 154, Sum: 8157, Workers: 4
[3756.598s][debug][gc,phases      ] GC(161)   JNI Weak                       Min:  0.0, Avg:  0.0, Max:  0.0, Diff:  0.0, Sum:  0.0, Workers: 4
[3756.598s][debug][gc,phases      ] GC(161)     Dead                           Min: 0, Avg:  0.0, Max: 0, Diff: 0, Sum: 0, Workers: 4
[3756.598s][debug][gc,phases      ] GC(161)     Total                          Min: 0, Avg:  0.0, Max: 0, Diff: 0, Sum: 0, Workers: 4
[3756.598s][debug][gc,phases      ] GC(161)   StringDedup Table Weak         Min:  0.0, Avg:  0.0, Max:  0.0, Diff:  0.0, Sum:  0.0, Workers: 4
[3756.598s][debug][gc,phases      ] GC(161)     Dead                           Min: 0, Avg:  0.0, Max: 0, Diff: 0, Sum: 0, Workers: 4
[3756.598s][debug][gc,phases      ] GC(161)     Total                          Min: 0, Avg:  0.0, Max: 0, Diff: 0, Sum: 0, Workers: 4
[3756.598s][debug][gc,phases      ] GC(161)   StringDedup Requests0 Weak     Min:  0.0, Avg:  0.0, Max:  0.0, Diff:  0.0, Sum:  0.0, Workers: 4
[3756.598s][debug][gc,phases      ] GC(161)     Dead                           Min: 0, Avg:  0.0, Max: 0, Diff: 0, Sum: 0, Workers: 4
[3756.598s][debug][gc,phases      ] GC(161)     Total                          Min: 0, Avg:  0.0, Max: 0, Diff: 0, Sum: 0, Workers: 4
[3756.598s][debug][gc,phases      ] GC(161)   StringDedup Requests1 Weak     Min:  0.0, Avg:  0.0, Max:  0.0, Diff:  0.0, Sum:  0.0, Workers: 4
[3756.598s][debug][gc,phases      ] GC(161)     Dead                           Min: 0, Avg:  0.0, Max: 0, Diff: 0, Sum: 0, Workers: 4
[3756.598s][debug][gc,phases      ] GC(161)     Total                          Min: 0, Avg:  0.0, Max: 0, Diff: 0, Sum: 0, Workers: 4
[3756.598s][debug][gc,phases      ] GC(161)   Weak JFR Old Object Samples    Min:  0.0, Avg:  0.0, Max:  0.0, Diff:  0.0, Sum:  0.0, Workers: 4
[3756.599s][debug][gc,phases      ] GC(161)     Dead                           Min: 0, Avg:  0.0, Max: 0, Diff: 0, Sum: 0, Workers: 4
[3756.599s][debug][gc,phases      ] GC(161)     Total                          Min: 0, Avg:  0.0, Max: 0, Diff: 0, Sum: 0, Workers: 4
[3756.599s][debug][gc,phases      ] GC(161) Weak Processing 0.420ms
[3756.599s][debug][gc,age         ] GC(161) Desired survivor size 78643200 bytes, new threshold 15 (max threshold 15)
[3756.599s][info ][gc,heap        ] GC(161) PSYoungGen: 1951264K(2018816K)->3456K(1952256K) Eden: 1948672K(1948672K)->0K(1948672K) From: 2592K(70144K)->3456K(3584K)
[3756.599s][info ][gc,heap        ] GC(161) ParOldGen: 546784K(678400K)->546792K(678400K)
[3756.599s][info ][gc,metaspace   ] GC(161) Metaspace: 83582K(84736K)->83582K(84736K) NonClass: 71981K(72640K)->71981K(72640K) Class: 11601K(12096K)->11601K(12096K)
[3756.599s][info ][gc             ] GC(161) Pause Young (Allocation Failure) 2439M->537M(2569M) 4.390ms
[3756.599s][info ][gc,cpu         ] GC(161) User=0.02s Sys=0.00s Real=0.00s
[3756.599s][info ][safepoint      ] Safepoint "ParallelGCFailedAllocation", Time since last: 4037105120 ns, Reaching safepoint: 43401 ns, At safepoint: 4485989 ns, Total: 4529390 ns
[3775.600s][info ][safepoint      ] Safepoint "Cleanup", Time since last: 19001398533 ns, Reaching safepoint: 127603 ns, At safepoint: 12600 ns, Total: 140203 ns
[3816.606s][info ][safepoint      ] Safepoint "Cleanup", Time since last: 41006121949 ns, Reaching safepoint: 60801 ns, At safepoint: 6700 ns, Total: 67501 ns
[3822.607s][info ][safepoint      ] Safepoint "Cleanup", Time since last: 6000457640 ns, Reaching safepoint: 55601 ns, At safepoint: 23801 ns, Total: 79402 ns
[3837.608s][info ][safepoint      ] Safepoint "Cleanup", Time since last: 15001003466 ns, Reaching safepoint: 51901 ns, At safepoint: 3100 ns, Total: 55001 ns
[3837.762s][info ][gc,start       ] GC(162) Pause Young (Allocation Failure)
[3837.768s][debug][gc,phases      ] GC(162) Scavenge 6.601ms
[3837.768s][debug][gc,ref         ] GC(162) Skipped phase 1 of Reference Processing: no references
[3837.768s][debug][gc,ref         ] GC(162) ReferenceProcessor::execute queues: 1, RefProcThreadModel::Single, marks_oops_alive: false
[3837.768s][debug][gc,ref         ] GC(162) Skipped phase 3 of Reference Processing: no references
[3837.768s][debug][gc,ref         ] GC(162) ReferenceProcessor::execute queues: 1, RefProcThreadModel::Single, marks_oops_alive: false
[3837.768s][debug][gc,phases      ] GC(162) Reference Processing 0.166ms
[3837.769s][debug][gc,phases      ] GC(162)   VM Weak                        Min:  0.0, Avg:  0.0, Max:  0.0, Diff:  0.0, Sum:  0.0, Workers: 4
[3837.769s][debug][gc,phases      ] GC(162)     Dead                           Min: 0, Avg:  0.0, Max: 0, Diff: 0, Sum: 0, Workers: 4
[3837.769s][debug][gc,phases      ] GC(162)     Total                          Min: 0, Avg: 140.5, Max: 248, Diff: 248, Sum: 562, Workers: 4
[3837.769s][debug][gc,phases      ] GC(162)   ObjectSynchronizer Weak        Min:  0.0, Avg:  0.0, Max:  0.0, Diff:  0.0, Sum:  0.0, Workers: 4
[3837.769s][debug][gc,phases      ] GC(162)     Dead                           Min: 0, Avg:  0.0, Max: 0, Diff: 0, Sum: 0, Workers: 4
[3837.769s][debug][gc,phases      ] GC(162)     Total                          Min: 0, Avg: 94.5, Max: 128, Diff: 128, Sum: 378, Workers: 4
[3837.769s][debug][gc,phases      ] GC(162)   JVMTI Tag Weak OopStorage      Min:  0.0, Avg:  0.0, Max:  0.0, Diff:  0.0, Sum:  0.0, Workers: 4
[3837.769s][debug][gc,phases      ] GC(162)     Dead                           Min: 0, Avg:  0.0, Max: 0, Diff: 0, Sum: 0, Workers: 4
[3837.769s][debug][gc,phases      ] GC(162)     Total                          Min: 0, Avg:  0.0, Max: 0, Diff: 0, Sum: 0, Workers: 4
[3837.769s][debug][gc,phases      ] GC(162)   StringTable Weak               Min:  0.0, Avg:  0.1, Max:  0.2, Diff:  0.2, Sum:  0.5, Workers: 4
[3837.769s][debug][gc,phases      ] GC(162)     Dead                           Min: 0, Avg:  0.0, Max: 0, Diff: 0, Sum: 0, Workers: 4
[3837.769s][debug][gc,phases      ] GC(162)     Total                          Min: 0, Avg: 12140.0, Max: 16576, Diff: 16576, Sum: 48560, Workers: 4
[3837.769s][debug][gc,phases      ] GC(162)   ResolvedMethodTable Weak       Min:  0.0, Avg:  0.0, Max:  0.0, Diff:  0.0, Sum:  0.1, Workers: 4
[3837.769s][debug][gc,phases      ] GC(162)     Dead                           Min: 0, Avg:  0.0, Max: 0, Diff: 0, Sum: 0, Workers: 4
[3837.769s][debug][gc,phases      ] GC(162)     Total                          Min: 0, Avg: 2039.2, Max: 2874, Diff: 2874, Sum: 8157, Workers: 4
[3837.769s][debug][gc,phases      ] GC(162)   JNI Weak                       Min:  0.0, Avg:  0.0, Max:  0.0, Diff:  0.0, Sum:  0.0, Workers: 4
[3837.769s][debug][gc,phases      ] GC(162)     Dead                           Min: 0, Avg:  0.0, Max: 0, Diff: 0, Sum: 0, Workers: 4
[3837.769s][debug][gc,phases      ] GC(162)     Total                          Min: 0, Avg:  0.0, Max: 0, Diff: 0, Sum: 0, Workers: 4
[3837.769s][debug][gc,phases      ] GC(162)   StringDedup Table Weak         Min:  0.0, Avg:  0.0, Max:  0.0, Diff:  0.0, Sum:  0.0, Workers: 4
[3837.769s][debug][gc,phases      ] GC(162)     Dead                           Min: 0, Avg:  0.0, Max: 0, Diff: 0, Sum: 0, Workers: 4
[3837.769s][debug][gc,phases      ] GC(162)     Total                          Min: 0, Avg:  0.0, Max: 0, Diff: 0, Sum: 0, Workers: 4
[3837.769s][debug][gc,phases      ] GC(162)   StringDedup Requests0 Weak     Min:  0.0, Avg:  0.0, Max:  0.0, Diff:  0.0, Sum:  0.0, Workers: 4
[3837.769s][debug][gc,phases      ] GC(162)     Dead                           Min: 0, Avg:  0.0, Max: 0, Diff: 0, Sum: 0, Workers: 4
[3837.769s][debug][gc,phases      ] GC(162)     Total                          Min: 0, Avg:  0.0, Max: 0, Diff: 0, Sum: 0, Workers: 4
[3837.769s][debug][gc,phases      ] GC(162)   StringDedup Requests1 Weak     Min:  0.0, Avg:  0.0, Max:  0.0, Diff:  0.0, Sum:  0.0, Workers: 4
[3837.769s][debug][gc,phases      ] GC(162)     Dead                           Min: 0, Avg:  0.0, Max: 0, Diff: 0, Sum: 0, Workers: 4
[3837.769s][debug][gc,phases      ] GC(162)     Total                          Min: 0, Avg:  0.0, Max: 0, Diff: 0, Sum: 0, Workers: 4
[3837.769s][debug][gc,phases      ] GC(162)   Weak JFR Old Object Samples    Min:  0.0, Avg:  0.0, Max:  0.0, Diff:  0.0, Sum:  0.0, Workers: 4
[3837.769s][debug][gc,phases      ] GC(162)     Dead                           Min: 0, Avg:  0.0, Max: 0, Diff: 0, Sum: 0, Workers: 4
[3837.769s][debug][gc,phases      ] GC(162)     Total                          Min: 0, Avg:  0.0, Max: 0, Diff: 0, Sum: 0, Workers: 4
[3837.769s][debug][gc,phases      ] GC(162) Weak Processing 0.453ms
[3837.769s][debug][gc,age         ] GC(162) Desired survivor size 80216064 bytes, new threshold 15 (max threshold 15)
[3837.769s][info ][gc,heap        ] GC(162) PSYoungGen: 1952128K(1952256K)->3808K(2017280K) Eden: 1948672K(1948672K)->0K(1940480K) From: 3456K(3584K)->3808K(76800K)
[3837.769s][info ][gc,heap        ] GC(162) ParOldGen: 546792K(678400K)->546792K(678400K)
[3837.769s][info ][gc,metaspace   ] GC(162) Metaspace: 83584K(84736K)->83584K(84736K) NonClass: 71983K(72640K)->71983K(72640K) Class: 11601K(12096K)->11601K(12096K)
[3837.769s][info ][gc             ] GC(162) Pause Young (Allocation Failure) 2440M->537M(2632M) 7.345ms
[3837.769s][info ][gc,cpu         ] GC(162) User=0.01s Sys=0.01s Real=0.01s
[3837.769s][info ][safepoint      ] Safepoint "ParallelGCFailedAllocation", Time since last: 153495748 ns, Reaching safepoint: 106602 ns, At safepoint: 7441348 ns, Total: 7547950 ns
[3839.769s][info ][safepoint      ] Safepoint "Cleanup", Time since last: 2000147818 ns, Reaching safepoint: 65202 ns, At safepoint: 5700 ns, Total: 70902 ns
[3840.769s][info ][safepoint      ] Safepoint "Cleanup", Time since last: 1000084959 ns, Reaching safepoint: 35601 ns, At safepoint: 2300 ns, Total: 37901 ns
[3841.770s][info ][safepoint      ] Safepoint "Cleanup", Time since last: 1000094160 ns, Reaching safepoint: 79901 ns, At safepoint: 12700 ns, Total: 92601 ns
[3844.770s][info ][safepoint      ] Safepoint "Cleanup", Time since last: 3000219179 ns, Reaching safepoint: 52901 ns, At safepoint: 7500 ns, Total: 60401 ns
[3854.779s][info ][safepoint      ] Safepoint "Cleanup", Time since last: 10000636602 ns, Reaching safepoint: 8477169 ns, At safepoint: 9200 ns, Total: 8486369 ns
[3870.780s][info ][safepoint      ] Safepoint "Cleanup", Time since last: 16001115890 ns, Reaching safepoint: 67002 ns, At safepoint: 10600 ns, Total: 77602 ns
[3877.781s][info ][safepoint      ] Safepoint "Cleanup", Time since last: 7000572845 ns, Reaching safepoint: 67401 ns, At safepoint: 9800 ns, Total: 77201 ns
[3879.781s][info ][safepoint      ] Safepoint "Cleanup", Time since last: 2000173529 ns, Reaching safepoint: 55901 ns, At safepoint: 6400 ns, Total: 62301 ns
[3884.545s][info ][safepoint      ] Safepoint "Cleanup", Time since last: 4763883624 ns, Reaching safepoint: 120102 ns, At safepoint: 14001 ns, Total: 134103 ns
[3889.546s][info ][safepoint      ] Safepoint "Cleanup", Time since last: 5000393624 ns, Reaching safepoint: 99002 ns, At safepoint: 8101 ns, Total: 107103 ns
[3897.546s][info ][safepoint      ] Safepoint "Cleanup", Time since last: 8000586524 ns, Reaching safepoint: 111903 ns, At safepoint: 6100 ns, Total: 118003 ns
[3923.445s][info ][gc,start       ] GC(163) Pause Young (Allocation Failure)
[3923.448s][debug][gc,phases      ] GC(163) Scavenge 2.754ms
[3923.448s][debug][gc,ref         ] GC(163) Skipped phase 1 of Reference Processing: no references
[3923.448s][debug][gc,ref         ] GC(163) ReferenceProcessor::execute queues: 1, RefProcThreadModel::Single, marks_oops_alive: false
[3923.448s][debug][gc,ref         ] GC(163) Skipped phase 3 of Reference Processing: no references
[3923.448s][debug][gc,ref         ] GC(163) ReferenceProcessor::execute queues: 1, RefProcThreadModel::Single, marks_oops_alive: false
[3923.448s][debug][gc,phases      ] GC(163) Reference Processing 0.119ms
[3923.448s][debug][gc,phases      ] GC(163)   VM Weak                        Min:  0.0, Avg:  0.0, Max:  0.0, Diff:  0.0, Sum:  0.0, Workers: 4
[3923.448s][debug][gc,phases      ] GC(163)     Dead                           Min: 0, Avg:  0.0, Max: 0, Diff: 0, Sum: 0, Workers: 4
[3923.448s][debug][gc,phases      ] GC(163)     Total                          Min: 0, Avg: 140.5, Max: 498, Diff: 498, Sum: 562, Workers: 4
[3923.448s][debug][gc,phases      ] GC(163)   ObjectSynchronizer Weak        Min:  0.0, Avg:  0.0, Max:  0.0, Diff:  0.0, Sum:  0.0, Workers: 4
[3923.448s][debug][gc,phases      ] GC(163)     Dead                           Min: 0, Avg:  0.0, Max: 0, Diff: 0, Sum: 0, Workers: 4
[3923.448s][debug][gc,phases      ] GC(163)     Total                          Min: 58, Avg: 94.5, Max: 128, Diff: 70, Sum: 378, Workers: 4
[3923.448s][debug][gc,phases      ] GC(163)   JVMTI Tag Weak OopStorage      Min:  0.0, Avg:  0.0, Max:  0.0, Diff:  0.0, Sum:  0.0, Workers: 4
[3923.448s][debug][gc,phases      ] GC(163)     Dead                           Min: 0, Avg:  0.0, Max: 0, Diff: 0, Sum: 0, Workers: 4
[3923.448s][debug][gc,phases      ] GC(163)     Total                          Min: 0, Avg:  0.0, Max: 0, Diff: 0, Sum: 0, Workers: 4
[3923.448s][debug][gc,phases      ] GC(163)   StringTable Weak               Min:  0.1, Avg:  0.1, Max:  0.1, Diff:  0.0, Sum:  0.4, Workers: 4
[3923.448s][debug][gc,phases      ] GC(163)     Dead                           Min: 0, Avg:  0.2, Max: 1, Diff: 1, Sum: 1, Workers: 4
[3923.448s][debug][gc,phases      ] GC(163)     Total                          Min: 11839, Avg: 12140.2, Max: 12864, Diff: 1025, Sum: 48561, Workers: 4
[3923.448s][debug][gc,phases      ] GC(163)   ResolvedMethodTable Weak       Min:  0.0, Avg:  0.0, Max:  0.0, Diff:  0.0, Sum:  0.1, Workers: 4
[3923.448s][debug][gc,phases      ] GC(163)     Dead                           Min: 0, Avg:  0.0, Max: 0, Diff: 0, Sum: 0, Workers: 4
[3923.448s][debug][gc,phases      ] GC(163)     Total                          Min: 1779, Avg: 2039.8, Max: 2227, Diff: 448, Sum: 8159, Workers: 4
[3923.448s][debug][gc,phases      ] GC(163)   JNI Weak                       Min:  0.0, Avg:  0.0, Max:  0.0, Diff:  0.0, Sum:  0.0, Workers: 4
[3923.448s][debug][gc,phases      ] GC(163)     Dead                           Min: 0, Avg:  0.0, Max: 0, Diff: 0, Sum: 0, Workers: 4
[3923.448s][debug][gc,phases      ] GC(163)     Total                          Min: 0, Avg:  0.0, Max: 0, Diff: 0, Sum: 0, Workers: 4
[3923.448s][debug][gc,phases      ] GC(163)   StringDedup Table Weak         Min:  0.0, Avg:  0.0, Max:  0.0, Diff:  0.0, Sum:  0.0, Workers: 4
[3923.448s][debug][gc,phases      ] GC(163)     Dead                           Min: 0, Avg:  0.0, Max: 0, Diff: 0, Sum: 0, Workers: 4
[3923.448s][debug][gc,phases      ] GC(163)     Total                          Min: 0, Avg:  0.0, Max: 0, Diff: 0, Sum: 0, Workers: 4
[3923.448s][debug][gc,phases      ] GC(163)   StringDedup Requests0 Weak     Min:  0.0, Avg:  0.0, Max:  0.0, Diff:  0.0, Sum:  0.0, Workers: 4
[3923.448s][debug][gc,phases      ] GC(163)     Dead                           Min: 0, Avg:  0.0, Max: 0, Diff: 0, Sum: 0, Workers: 4
[3923.448s][debug][gc,phases      ] GC(163)     Total                          Min: 0, Avg:  0.0, Max: 0, Diff: 0, Sum: 0, Workers: 4
[3923.448s][debug][gc,phases      ] GC(163)   StringDedup Requests1 Weak     Min:  0.0, Avg:  0.0, Max:  0.0, Diff:  0.0, Sum:  0.0, Workers: 4
[3923.448s][debug][gc,phases      ] GC(163)     Dead                           Min: 0, Avg:  0.0, Max: 0, Diff: 0, Sum: 0, Workers: 4
[3923.448s][debug][gc,phases      ] GC(163)     Total                          Min: 0, Avg:  0.0, Max: 0, Diff: 0, Sum: 0, Workers: 4
[3923.448s][debug][gc,phases      ] GC(163)   Weak JFR Old Object Samples    Min:  0.0, Avg:  0.0, Max:  0.0, Diff:  0.0, Sum:  0.0, Workers: 4
[3923.448s][debug][gc,phases      ] GC(163)     Dead                           Min: 0, Avg:  0.0, Max: 0, Diff: 0, Sum: 0, Workers: 4
[3923.448s][debug][gc,phases      ] GC(163)     Total                          Min: 0, Avg:  0.0, Max: 0, Diff: 0, Sum: 0, Workers: 4
[3923.448s][debug][gc,phases      ] GC(163) Weak Processing 0.323ms
[3923.448s][debug][gc,age         ] GC(163) Desired survivor size 80216064 bytes, new threshold 15 (max threshold 15)
[3923.448s][info ][gc,heap        ] GC(163) PSYoungGen: 1944288K(2017280K)->4112K(2018816K) Eden: 1940480K(1940480K)->0K(1940480K) From: 3808K(76800K)->4112K(78336K)
[3923.448s][info ][gc,heap        ] GC(163) ParOldGen: 546792K(678400K)->546792K(678400K)
[3923.448s][info ][gc,metaspace   ] GC(163) Metaspace: 83598K(84736K)->83598K(84736K) NonClass: 71996K(72640K)->71996K(72640K) Class: 11602K(12096K)->11602K(12096K)
[3923.448s][info ][gc             ] GC(163) Pause Young (Allocation Failure) 2432M->537M(2634M) 3.305ms
[3923.448s][info ][gc,cpu         ] GC(163) User=0.01s Sys=0.01s Real=0.00s
[3923.448s][info ][safepoint      ] Safepoint "ParallelGCFailedAllocation", Time since last: 25898642703 ns, Reaching safepoint: 126403 ns, At safepoint: 3383367 ns, Total: 3509770 ns
[3933.449s][info ][safepoint      ] Safepoint "Cleanup", Time since last: 10000738994 ns, Reaching safepoint: 60002 ns, At safepoint: 10400 ns, Total: 70402 ns
[3951.450s][info ][safepoint      ] Safepoint "Cleanup", Time since last: 18001234974 ns, Reaching safepoint: 54701 ns, At safepoint: 3701 ns, Total: 58402 ns
[3969.452s][info ][safepoint      ] Safepoint "Cleanup", Time since last: 18001157006 ns, Reaching safepoint: 48601 ns, At safepoint: 4700 ns, Total: 53301 ns
[3977.452s][info ][safepoint      ] Safepoint "Cleanup", Time since last: 8000713094 ns, Reaching safepoint: 54002 ns, At safepoint: 4100 ns, Total: 58102 ns
[3990.453s][info ][safepoint      ] Safepoint "Cleanup", Time since last: 13000928375 ns, Reaching safepoint: 49601 ns, At safepoint: 6300 ns, Total: 55901 ns
[4006.455s][info ][safepoint      ] Safepoint "Cleanup", Time since last: 16001188523 ns, Reaching safepoint: 51001 ns, At safepoint: 53201 ns, Total: 104202 ns
[4008.099s][info ][gc,start       ] GC(164) Pause Young (Allocation Failure)
[4008.102s][debug][gc,phases      ] GC(164) Scavenge 2.877ms
[4008.102s][debug][gc,ref         ] GC(164) Skipped phase 1 of Reference Processing: no references
[4008.102s][debug][gc,ref         ] GC(164) ReferenceProcessor::execute queues: 1, RefProcThreadModel::Single, marks_oops_alive: false
[4008.102s][debug][gc,ref         ] GC(164) Skipped phase 3 of Reference Processing: no references
[4008.102s][debug][gc,ref         ] GC(164) ReferenceProcessor::execute queues: 1, RefProcThreadModel::Single, marks_oops_alive: false
[4008.102s][debug][gc,phases      ] GC(164) Reference Processing 0.135ms
[4008.102s][debug][gc,phases      ] GC(164)   VM Weak                        Min:  0.0, Avg:  0.0, Max:  0.0, Diff:  0.0, Sum:  0.0, Workers: 4
[4008.102s][debug][gc,phases      ] GC(164)     Dead                           Min: 0, Avg:  0.0, Max: 0, Diff: 0, Sum: 0, Workers: 4
[4008.102s][debug][gc,phases      ] GC(164)     Total                          Min: 0, Avg: 140.5, Max: 562, Diff: 562, Sum: 562, Workers: 4
[4008.102s][debug][gc,phases      ] GC(164)   ObjectSynchronizer Weak        Min:  0.0, Avg:  0.0, Max:  0.0, Diff:  0.0, Sum:  0.0, Workers: 4
[4008.102s][debug][gc,phases      ] GC(164)     Dead                           Min: 0, Avg:  0.0, Max: 0, Diff: 0, Sum: 0, Workers: 4
[4008.102s][debug][gc,phases      ] GC(164)     Total                          Min: 0, Avg: 94.5, Max: 378, Diff: 378, Sum: 378, Workers: 4
[4008.102s][debug][gc,phases      ] GC(164)   JVMTI Tag Weak OopStorage      Min:  0.0, Avg:  0.0, Max:  0.0, Diff:  0.0, Sum:  0.0, Workers: 4
[4008.102s][debug][gc,phases      ] GC(164)     Dead                           Min: 0, Avg:  0.0, Max: 0, Diff: 0, Sum: 0, Workers: 4
[4008.102s][debug][gc,phases      ] GC(164)     Total                          Min: 0, Avg:  0.0, Max: 0, Diff: 0, Sum: 0, Workers: 4
[4008.102s][debug][gc,phases      ] GC(164)   StringTable Weak               Min:  0.1, Avg:  0.1, Max:  0.1, Diff:  0.0, Sum:  0.4, Workers: 4
[4008.102s][debug][gc,phases      ] GC(164)     Dead                           Min: 0, Avg:  0.0, Max: 0, Diff: 0, Sum: 0, Workers: 4
[4008.102s][debug][gc,phases      ] GC(164)     Total                          Min: 11775, Avg: 12140.2, Max: 12402, Diff: 627, Sum: 48561, Workers: 4
[4008.102s][debug][gc,phases      ] GC(164)   ResolvedMethodTable Weak       Min:  0.0, Avg:  0.0, Max:  0.0, Diff:  0.0, Sum:  0.1, Workers: 4
[4008.102s][debug][gc,phases      ] GC(164)     Dead                           Min: 0, Avg:  0.0, Max: 0, Diff: 0, Sum: 0, Workers: 4
[4008.102s][debug][gc,phases      ] GC(164)     Total                          Min: 1906, Avg: 2039.8, Max: 2237, Diff: 331, Sum: 8159, Workers: 4
[4008.102s][debug][gc,phases      ] GC(164)   JNI Weak                       Min:  0.0, Avg:  0.0, Max:  0.0, Diff:  0.0, Sum:  0.0, Workers: 4
[4008.102s][debug][gc,phases      ] GC(164)     Dead                           Min: 0, Avg:  0.0, Max: 0, Diff: 0, Sum: 0, Workers: 4
[4008.102s][debug][gc,phases      ] GC(164)     Total                          Min: 0, Avg:  0.0, Max: 0, Diff: 0, Sum: 0, Workers: 4
[4008.102s][debug][gc,phases      ] GC(164)   StringDedup Table Weak         Min:  0.0, Avg:  0.0, Max:  0.0, Diff:  0.0, Sum:  0.0, Workers: 4
[4008.102s][debug][gc,phases      ] GC(164)     Dead                           Min: 0, Avg:  0.0, Max: 0, Diff: 0, Sum: 0, Workers: 4
[4008.102s][debug][gc,phases      ] GC(164)     Total                          Min: 0, Avg:  0.0, Max: 0, Diff: 0, Sum: 0, Workers: 4
[4008.102s][debug][gc,phases      ] GC(164)   StringDedup Requests0 Weak     Min:  0.0, Avg:  0.0, Max:  0.0, Diff:  0.0, Sum:  0.0, Workers: 4
[4008.102s][debug][gc,phases      ] GC(164)     Dead                           Min: 0, Avg:  0.0, Max: 0, Diff: 0, Sum: 0, Workers: 4
[4008.102s][debug][gc,phases      ] GC(164)     Total                          Min: 0, Avg:  0.0, Max: 0, Diff: 0, Sum: 0, Workers: 4
[4008.102s][debug][gc,phases      ] GC(164)   StringDedup Requests1 Weak     Min:  0.0, Avg:  0.0, Max:  0.0, Diff:  0.0, Sum:  0.0, Workers: 4
[4008.102s][debug][gc,phases      ] GC(164)     Dead                           Min: 0, Avg:  0.0, Max: 0, Diff: 0, Sum: 0, Workers: 4
[4008.102s][debug][gc,phases      ] GC(164)     Total                          Min: 0, Avg:  0.0, Max: 0, Diff: 0, Sum: 0, Workers: 4
[4008.102s][debug][gc,phases      ] GC(164)   Weak JFR Old Object Samples    Min:  0.0, Avg:  0.0, Max:  0.0, Diff:  0.0, Sum:  0.0, Workers: 4
[4008.102s][debug][gc,phases      ] GC(164)     Dead                           Min: 0, Avg:  0.0, Max: 0, Diff: 0, Sum: 0, Workers: 4
[4008.102s][debug][gc,phases      ] GC(164)     Total                          Min: 0, Avg:  0.0, Max: 0, Diff: 0, Sum: 0, Workers: 4
[4008.102s][debug][gc,phases      ] GC(164) Weak Processing 0.316ms
[4008.102s][debug][gc,age         ] GC(164) Desired survivor size 79167488 bytes, new threshold 15 (max threshold 15)
[4008.102s][info ][gc,heap        ] GC(164) PSYoungGen: 1944592K(2018816K)->4992K(2019840K) Eden: 1940480K(1940480K)->0K(1941504K) From: 4112K(78336K)->4992K(78336K)
[4008.102s][info ][gc,heap        ] GC(164) ParOldGen: 546792K(678400K)->546792K(678400K)
[4008.102s][info ][gc,metaspace   ] GC(164) Metaspace: 83602K(84736K)->83602K(84736K) NonClass: 72000K(72640K)->72000K(72640K) Class: 11602K(12096K)->11602K(12096K)
[4008.102s][info ][gc             ] GC(164) Pause Young (Allocation Failure) 2432M->538M(2635M) 3.455ms
[4008.102s][info ][gc,cpu         ] GC(164) User=0.01s Sys=0.00s Real=0.00s
[4008.102s][info ][safepoint      ] Safepoint "ParallelGCFailedAllocation", Time since last: 1644101877 ns, Reaching safepoint: 27501 ns, At safepoint: 3529670 ns, Total: 3557171 ns
[4019.103s][info ][safepoint      ] Safepoint "Cleanup", Time since last: 11000729954 ns, Reaching safepoint: 54001 ns, At safepoint: 22101 ns, Total: 76102 ns
[4042.105s][info ][safepoint      ] Safepoint "Cleanup", Time since last: 23001539621 ns, Reaching safepoint: 54401 ns, At safepoint: 11400 ns, Total: 65801 ns
[4058.106s][info ][safepoint      ] Safepoint "Cleanup", Time since last: 16001044193 ns, Reaching safepoint: 48201 ns, At safepoint: 3300 ns, Total: 51501 ns
[4061.106s][info ][safepoint      ] Safepoint "Cleanup", Time since last: 3000245646 ns, Reaching safepoint: 52501 ns, At safepoint: 3800 ns, Total: 56301 ns
[4062.106s][info ][safepoint      ] Safepoint "Cleanup", Time since last: 1000092482 ns, Reaching safepoint: 67201 ns, At safepoint: 7901 ns, Total: 75102 ns
[4063.107s][info ][safepoint      ] Safepoint "Cleanup", Time since last: 1000144083 ns, Reaching safepoint: 61501 ns, At safepoint: 10200 ns, Total: 71701 ns
[4064.107s][info ][safepoint      ] Safepoint "Cleanup", Time since last: 1000115983 ns, Reaching safepoint: 80202 ns, At safepoint: 11900 ns, Total: 92102 ns
[4065.107s][info ][safepoint      ] Safepoint "Cleanup", Time since last: 1000111283 ns, Reaching safepoint: 60601 ns, At safepoint: 15501 ns, Total: 76102 ns
[4073.108s][info ][safepoint      ] Safepoint "Cleanup", Time since last: 8000575060 ns, Reaching safepoint: 47101 ns, At safepoint: 7700 ns, Total: 54801 ns
[4074.108s][info ][safepoint      ] Safepoint "Cleanup", Time since last: 1000104583 ns, Reaching safepoint: 55901 ns, At safepoint: 13501 ns, Total: 69402 ns
[4075.108s][info ][safepoint      ] Safepoint "Cleanup", Time since last: 1000115183 ns, Reaching safepoint: 47201 ns, At safepoint: 10601 ns, Total: 57802 ns
[4084.109s][info ][safepoint      ] Safepoint "Cleanup", Time since last: 9000646850 ns, Reaching safepoint: 47801 ns, At safepoint: 9000 ns, Total: 56801 ns
[4088.693s][info ][gc,start       ] GC(165) Pause Young (Allocation Failure)
[4088.697s][debug][gc,phases      ] GC(165) Scavenge 3.804ms
[4088.697s][debug][gc,ref         ] GC(165) Skipped phase 1 of Reference Processing: no references
[4088.697s][debug][gc,ref         ] GC(165) ReferenceProcessor::execute queues: 1, RefProcThreadModel::Single, marks_oops_alive: false
[4088.697s][debug][gc,ref         ] GC(165) Skipped phase 3 of Reference Processing: no references
[4088.697s][debug][gc,ref         ] GC(165) ReferenceProcessor::execute queues: 1, RefProcThreadModel::Single, marks_oops_alive: false
[4088.697s][debug][gc,phases      ] GC(165) Reference Processing 0.124ms
[4088.698s][debug][gc,phases      ] GC(165)   VM Weak                        Min:  0.0, Avg:  0.0, Max:  0.0, Diff:  0.0, Sum:  0.0, Workers: 4
[4088.698s][debug][gc,phases      ] GC(165)     Dead                           Min: 0, Avg:  0.0, Max: 0, Diff: 0, Sum: 0, Workers: 4
[4088.698s][debug][gc,phases      ] GC(165)     Total                          Min: 0, Avg: 140.5, Max: 560, Diff: 560, Sum: 562, Workers: 4
[4088.698s][debug][gc,phases      ] GC(165)   ObjectSynchronizer Weak        Min:  0.0, Avg:  0.0, Max:  0.0, Diff:  0.0, Sum:  0.0, Workers: 4
[4088.698s][debug][gc,phases      ] GC(165)     Dead                           Min: 0, Avg:  0.0, Max: 0, Diff: 0, Sum: 0, Workers: 4
[4088.698s][debug][gc,phases      ] GC(165)     Total                          Min: 0, Avg: 94.5, Max: 192, Diff: 192, Sum: 378, Workers: 4
[4088.698s][debug][gc,phases      ] GC(165)   JVMTI Tag Weak OopStorage      Min:  0.0, Avg:  0.0, Max:  0.0, Diff:  0.0, Sum:  0.0, Workers: 4
[4088.698s][debug][gc,phases      ] GC(165)     Dead                           Min: 0, Avg:  0.0, Max: 0, Diff: 0, Sum: 0, Workers: 4
[4088.698s][debug][gc,phases      ] GC(165)     Total                          Min: 0, Avg:  0.0, Max: 0, Diff: 0, Sum: 0, Workers: 4
[4088.698s][debug][gc,phases      ] GC(165)   StringTable Weak               Min:  0.1, Avg:  0.1, Max:  0.1, Diff:  0.0, Sum:  0.4, Workers: 4
[4088.698s][debug][gc,phases      ] GC(165)     Dead                           Min: 0, Avg:  0.0, Max: 0, Diff: 0, Sum: 0, Workers: 4
[4088.698s][debug][gc,phases      ] GC(165)     Total                          Min: 11698, Avg: 12140.2, Max: 12735, Diff: 1037, Sum: 48561, Workers: 4
[4088.698s][debug][gc,phases      ] GC(165)   ResolvedMethodTable Weak       Min:  0.0, Avg:  0.0, Max:  0.0, Diff:  0.0, Sum:  0.1, Workers: 4
[4088.698s][debug][gc,phases      ] GC(165)     Dead                           Min: 0, Avg:  0.0, Max: 0, Diff: 0, Sum: 0, Workers: 4
[4088.698s][debug][gc,phases      ] GC(165)     Total                          Min: 1962, Avg: 2039.8, Max: 2172, Diff: 210, Sum: 8159, Workers: 4
[4088.698s][debug][gc,phases      ] GC(165)   JNI Weak                       Min:  0.0, Avg:  0.0, Max:  0.0, Diff:  0.0, Sum:  0.0, Workers: 4
[4088.698s][debug][gc,phases      ] GC(165)     Dead                           Min: 0, Avg:  0.0, Max: 0, Diff: 0, Sum: 0, Workers: 4
[4088.698s][debug][gc,phases      ] GC(165)     Total                          Min: 0, Avg:  0.0, Max: 0, Diff: 0, Sum: 0, Workers: 4
[4088.698s][debug][gc,phases      ] GC(165)   StringDedup Table Weak         Min:  0.0, Avg:  0.0, Max:  0.0, Diff:  0.0, Sum:  0.0, Workers: 4
[4088.698s][debug][gc,phases      ] GC(165)     Dead                           Min: 0, Avg:  0.0, Max: 0, Diff: 0, Sum: 0, Workers: 4
[4088.698s][debug][gc,phases      ] GC(165)     Total                          Min: 0, Avg:  0.0, Max: 0, Diff: 0, Sum: 0, Workers: 4
[4088.698s][debug][gc,phases      ] GC(165)   StringDedup Requests0 Weak     Min:  0.0, Avg:  0.0, Max:  0.0, Diff:  0.0, Sum:  0.0, Workers: 4
[4088.698s][debug][gc,phases      ] GC(165)     Dead                           Min: 0, Avg:  0.0, Max: 0, Diff: 0, Sum: 0, Workers: 4
[4088.698s][debug][gc,phases      ] GC(165)     Total                          Min: 0, Avg:  0.0, Max: 0, Diff: 0, Sum: 0, Workers: 4
[4088.698s][debug][gc,phases      ] GC(165)   StringDedup Requests1 Weak     Min:  0.0, Avg:  0.0, Max:  0.0, Diff:  0.0, Sum:  0.0, Workers: 4
[4088.698s][debug][gc,phases      ] GC(165)     Dead                           Min: 0, Avg:  0.0, Max: 0, Diff: 0, Sum: 0, Workers: 4
[4088.698s][debug][gc,phases      ] GC(165)     Total                          Min: 0, Avg:  0.0, Max: 0, Diff: 0, Sum: 0, Workers: 4
[4088.698s][debug][gc,phases      ] GC(165)   Weak JFR Old Object Samples    Min:  0.0, Avg:  0.0, Max:  0.0, Diff:  0.0, Sum:  0.0, Workers: 4
[4088.698s][debug][gc,phases      ] GC(165)     Dead                           Min: 0, Avg:  0.0, Max: 0, Diff: 0, Sum: 0, Workers: 4
[4088.698s][debug][gc,phases      ] GC(165)     Total                          Min: 0, Avg:  0.0, Max: 0, Diff: 0, Sum: 0, Workers: 4
[4088.698s][debug][gc,phases      ] GC(165) Weak Processing 0.323ms
[4088.698s][debug][gc,age         ] GC(165) Desired survivor size 78118912 bytes, new threshold 15 (max threshold 15)
[4088.698s][info ][gc,heap        ] GC(165) PSYoungGen: 1946496K(2019840K)->5056K(2018816K) Eden: 1941504K(1941504K)->0K(1941504K) From: 4992K(78336K)->5056K(77312K)
[4088.698s][info ][gc,heap        ] GC(165) ParOldGen: 546792K(678400K)->546792K(678400K)
[4088.698s][info ][gc,metaspace   ] GC(165) Metaspace: 83609K(84736K)->83609K(84736K) NonClass: 72007K(72640K)->72007K(72640K) Class: 11602K(12096K)->11602K(12096K)
[4088.698s][info ][gc             ] GC(165) Pause Young (Allocation Failure) 2434M->538M(2634M) 4.393ms
[4088.698s][info ][gc,cpu         ] GC(165) User=0.02s Sys=0.00s Real=0.00s
[4088.698s][info ][safepoint      ] Safepoint "ParallelGCFailedAllocation", Time since last: 4584680754 ns, Reaching safepoint: 47501 ns, At safepoint: 4477889 ns, Total: 4525390 ns
[4089.698s][info ][safepoint      ] Safepoint "Cleanup", Time since last: 1000091485 ns, Reaching safepoint: 113702 ns, At safepoint: 6200 ns, Total: 119902 ns
[4091.698s][info ][safepoint      ] Safepoint "Cleanup", Time since last: 2000174569 ns, Reaching safepoint: 117303 ns, At safepoint: 6500 ns, Total: 123803 ns
[4094.699s][info ][safepoint      ] Safepoint "Cleanup", Time since last: 3000253954 ns, Reaching safepoint: 124002 ns, At safepoint: 10800 ns, Total: 134802 ns
[4097.699s][info ][safepoint      ] Safepoint "Cleanup", Time since last: 3000233955 ns, Reaching safepoint: 133502 ns, At safepoint: 8900 ns, Total: 142402 ns
[4098.699s][info ][safepoint      ] Safepoint "Cleanup", Time since last: 1000119986 ns, Reaching safepoint: 120803 ns, At safepoint: 34400 ns, Total: 155203 ns
[4102.700s][info ][safepoint      ] Safepoint "Cleanup", Time since last: 4000365442 ns, Reaching safepoint: 131702 ns, At safepoint: 7301 ns, Total: 139003 ns
[4103.700s][info ][safepoint      ] Safepoint "Cleanup", Time since last: 1000111486 ns, Reaching safepoint: 50001 ns, At safepoint: 8400 ns, Total: 58401 ns
[4105.700s][info ][safepoint      ] Safepoint "Cleanup", Time since last: 2000199671 ns, Reaching safepoint: 69502 ns, At safepoint: 8900 ns, Total: 78402 ns
[4110.701s][info ][safepoint      ] Safepoint "Cleanup", Time since last: 5000408329 ns, Reaching safepoint: 54701 ns, At safepoint: 22300 ns, Total: 77001 ns
[4112.701s][info ][safepoint      ] Safepoint "Cleanup", Time since last: 2000191973 ns, Reaching safepoint: 81401 ns, At safepoint: 9301 ns, Total: 90702 ns
[4113.701s][info ][safepoint      ] Safepoint "Cleanup", Time since last: 1000095386 ns, Reaching safepoint: 38901 ns, At safepoint: 2800 ns, Total: 41701 ns
[4114.701s][info ][safepoint      ] Safepoint "Cleanup", Time since last: 1000099786 ns, Reaching safepoint: 116303 ns, At safepoint: 6300 ns, Total: 122603 ns
[4117.702s][info ][safepoint      ] Safepoint "Cleanup", Time since last: 3000228258 ns, Reaching safepoint: 42601 ns, At safepoint: 3000 ns, Total: 45601 ns
[4121.702s][info ][safepoint      ] Safepoint "Cleanup", Time since last: 4000308746 ns, Reaching safepoint: 52601 ns, At safepoint: 11201 ns, Total: 63802 ns
[4124.702s][info ][safepoint      ] Safepoint "Cleanup", Time since last: 3000245060 ns, Reaching safepoint: 47301 ns, At safepoint: 7500 ns, Total: 54801 ns
[4126.703s][info ][safepoint      ] Safepoint "Cleanup", Time since last: 2000176675 ns, Reaching safepoint: 49400 ns, At safepoint: 3001 ns, Total: 52401 ns
[4131.703s][info ][safepoint      ] Safepoint "Cleanup", Time since last: 5000392836 ns, Reaching safepoint: 46301 ns, At safepoint: 8200 ns, Total: 54501 ns
[4134.703s][info ][safepoint      ] Safepoint "Cleanup", Time since last: 3000262863 ns, Reaching safepoint: 57101 ns, At safepoint: 10200 ns, Total: 67301 ns
[4135.706s][info ][safepoint      ] Safepoint "Cleanup", Time since last: 1000121589 ns, Reaching safepoint: 2146842 ns, At safepoint: 8800 ns, Total: 2155642 ns
[4136.706s][info ][safepoint      ] Safepoint "Cleanup", Time since last: 1000118989 ns, Reaching safepoint: 49201 ns, At safepoint: 3600 ns, Total: 52801 ns
[4143.706s][info ][safepoint      ] Safepoint "Cleanup", Time since last: 7000461014 ns, Reaching safepoint: 46201 ns, At safepoint: 3700 ns, Total: 49901 ns
[4147.707s][info ][safepoint      ] Safepoint "Cleanup", Time since last: 4000327554 ns, Reaching safepoint: 62101 ns, At safepoint: 10201 ns, Total: 72302 ns
[4148.698s][info ][gc,start       ] GC(166) Pause Young (Allocation Failure)
[4148.708s][debug][gc,phases      ] GC(166) Scavenge 10.629ms
[4148.708s][debug][gc,ref         ] GC(166) Skipped phase 1 of Reference Processing: no references
[4148.708s][debug][gc,ref         ] GC(166) ReferenceProcessor::execute queues: 1, RefProcThreadModel::Single, marks_oops_alive: false
[4148.709s][debug][gc,ref         ] GC(166) Skipped phase 3 of Reference Processing: no references
[4148.709s][debug][gc,ref         ] GC(166) ReferenceProcessor::execute queues: 1, RefProcThreadModel::Single, marks_oops_alive: false
[4148.709s][debug][gc,phases      ] GC(166) Reference Processing 0.151ms
[4148.709s][debug][gc,phases      ] GC(166)   VM Weak                        Min:  0.0, Avg:  0.0, Max:  0.0, Diff:  0.0, Sum:  0.0, Workers: 4
[4148.709s][debug][gc,phases      ] GC(166)     Dead                           Min: 0, Avg:  0.0, Max: 0, Diff: 0, Sum: 0, Workers: 4
[4148.709s][debug][gc,phases      ] GC(166)     Total                          Min: 0, Avg: 140.5, Max: 459, Diff: 459, Sum: 562, Workers: 4
[4148.709s][debug][gc,phases      ] GC(166)   ObjectSynchronizer Weak        Min:  0.0, Avg:  0.0, Max:  0.0, Diff:  0.0, Sum:  0.0, Workers: 4
[4148.709s][debug][gc,phases      ] GC(166)     Dead                           Min: 0, Avg:  0.0, Max: 0, Diff: 0, Sum: 0, Workers: 4
[4148.709s][debug][gc,phases      ] GC(166)     Total                          Min: 0, Avg: 94.5, Max: 250, Diff: 250, Sum: 378, Workers: 4
[4148.709s][debug][gc,phases      ] GC(166)   JVMTI Tag Weak OopStorage      Min:  0.0, Avg:  0.0, Max:  0.0, Diff:  0.0, Sum:  0.0, Workers: 4
[4148.709s][debug][gc,phases      ] GC(166)     Dead                           Min: 0, Avg:  0.0, Max: 0, Diff: 0, Sum: 0, Workers: 4
[4148.709s][debug][gc,phases      ] GC(166)     Total                          Min: 0, Avg:  0.0, Max: 0, Diff: 0, Sum: 0, Workers: 4
[4148.709s][debug][gc,phases      ] GC(166)   StringTable Weak               Min:  0.1, Avg:  0.1, Max:  0.1, Diff:  0.0, Sum:  0.4, Workers: 4
[4148.709s][debug][gc,phases      ] GC(166)     Dead                           Min: 0, Avg:  0.0, Max: 0, Diff: 0, Sum: 0, Workers: 4
[4148.709s][debug][gc,phases      ] GC(166)     Total                          Min: 9600, Avg: 12140.8, Max: 14707, Diff: 5107, Sum: 48563, Workers: 4
[4148.709s][debug][gc,phases      ] GC(166)   ResolvedMethodTable Weak       Min:  0.0, Avg:  0.0, Max:  0.0, Diff:  0.0, Sum:  0.1, Workers: 4
[4148.709s][debug][gc,phases      ] GC(166)     Dead                           Min: 0, Avg:  0.0, Max: 0, Diff: 0, Sum: 0, Workers: 4
[4148.709s][debug][gc,phases      ] GC(166)     Total                          Min: 1907, Avg: 2039.8, Max: 2351, Diff: 444, Sum: 8159, Workers: 4
[4148.709s][debug][gc,phases      ] GC(166)   JNI Weak                       Min:  0.0, Avg:  0.0, Max:  0.0, Diff:  0.0, Sum:  0.0, Workers: 4
[4148.709s][debug][gc,phases      ] GC(166)     Dead                           Min: 0, Avg:  0.0, Max: 0, Diff: 0, Sum: 0, Workers: 4
[4148.709s][debug][gc,phases      ] GC(166)     Total                          Min: 0, Avg:  0.0, Max: 0, Diff: 0, Sum: 0, Workers: 4
[4148.709s][debug][gc,phases      ] GC(166)   StringDedup Table Weak         Min:  0.0, Avg:  0.0, Max:  0.0, Diff:  0.0, Sum:  0.0, Workers: 4
[4148.709s][debug][gc,phases      ] GC(166)     Dead                           Min: 0, Avg:  0.0, Max: 0, Diff: 0, Sum: 0, Workers: 4
[4148.709s][debug][gc,phases      ] GC(166)     Total                          Min: 0, Avg:  0.0, Max: 0, Diff: 0, Sum: 0, Workers: 4
[4148.709s][debug][gc,phases      ] GC(166)   StringDedup Requests0 Weak     Min:  0.0, Avg:  0.0, Max:  0.0, Diff:  0.0, Sum:  0.0, Workers: 4
[4148.709s][debug][gc,phases      ] GC(166)     Dead                           Min: 0, Avg:  0.0, Max: 0, Diff: 0, Sum: 0, Workers: 4
[4148.709s][debug][gc,phases      ] GC(166)     Total                          Min: 0, Avg:  0.0, Max: 0, Diff: 0, Sum: 0, Workers: 4
[4148.709s][debug][gc,phases      ] GC(166)   StringDedup Requests1 Weak     Min:  0.0, Avg:  0.0, Max:  0.0, Diff:  0.0, Sum:  0.0, Workers: 4
[4148.709s][debug][gc,phases      ] GC(166)     Dead                           Min: 0, Avg:  0.0, Max: 0, Diff: 0, Sum: 0, Workers: 4
[4148.709s][debug][gc,phases      ] GC(166)     Total                          Min: 0, Avg:  0.0, Max: 0, Diff: 0, Sum: 0, Workers: 4
[4148.709s][debug][gc,phases      ] GC(166)   Weak JFR Old Object Samples    Min:  0.0, Avg:  0.0, Max:  0.0, Diff:  0.0, Sum:  0.0, Workers: 4
[4148.709s][debug][gc,phases      ] GC(166)     Dead                           Min: 0, Avg:  0.0, Max: 0, Diff: 0, Sum: 0, Workers: 4
[4148.709s][debug][gc,phases      ] GC(166)     Total                          Min: 0, Avg:  0.0, Max: 0, Diff: 0, Sum: 0, Workers: 4
[4148.709s][debug][gc,phases      ] GC(166) Weak Processing 0.376ms
[4148.709s][debug][gc,age         ] GC(166) Desired survivor size 73400320 bytes, new threshold 15 (max threshold 15)
[4148.709s][info ][gc,heap        ] GC(166) PSYoungGen: 1946560K(2018816K)->25856K(2025472K) Eden: 1941504K(1941504K)->0K(1949184K) From: 5056K(77312K)->25856K(76288K)
[4148.709s][info ][gc,heap        ] GC(166) ParOldGen: 546792K(678400K)->546800K(678400K)
[4148.709s][info ][gc,metaspace   ] GC(166) Metaspace: 83617K(84736K)->83617K(84736K) NonClass: 72015K(72640K)->72015K(72640K) Class: 11602K(12096K)->11602K(12096K)
[4148.709s][info ][gc             ] GC(166) Pause Young (Allocation Failure) 2434M->559M(2640M) 11.298ms
[4148.709s][info ][gc,cpu         ] GC(166) User=0.04s Sys=0.00s Real=0.01s
[4148.709s][info ][safepoint      ] Safepoint "ParallelGCFailedAllocation", Time since last: 990696402 ns, Reaching safepoint: 106302 ns, At safepoint: 11382726 ns, Total: 11489028 ns
[4149.709s][info ][safepoint      ] Safepoint "Cleanup", Time since last: 1000083989 ns, Reaching safepoint: 43001 ns, At safepoint: 3500 ns, Total: 46501 ns
[4153.709s][info ][safepoint      ] Safepoint "Cleanup", Time since last: 4000322455 ns, Reaching safepoint: 40201 ns, At safepoint: 4300 ns, Total: 44501 ns
[4155.710s][info ][safepoint      ] Safepoint "Cleanup", Time since last: 2000170878 ns, Reaching safepoint: 56601 ns, At safepoint: 8100 ns, Total: 64701 ns
[4156.710s][info ][safepoint      ] Safepoint "Cleanup", Time since last: 1000108990 ns, Reaching safepoint: 120003 ns, At safepoint: 11100 ns, Total: 131103 ns
[4157.710s][info ][safepoint      ] Safepoint "Cleanup", Time since last: 1000117890 ns, Reaching safepoint: 42801 ns, At safepoint: 3000 ns, Total: 45801 ns
[4163.711s][info ][safepoint      ] Safepoint "Cleanup", Time since last: 6000412935 ns, Reaching safepoint: 46201 ns, At safepoint: 2900 ns, Total: 49101 ns
[4166.711s][info ][safepoint      ] Safepoint "Cleanup", Time since last: 3000327371 ns, Reaching safepoint: 40801 ns, At safepoint: 5600 ns, Total: 46401 ns
[4174.712s][info ][safepoint      ] Safepoint "Cleanup", Time since last: 8000641421 ns, Reaching safepoint: 72801 ns, At safepoint: 4400 ns, Total: 77201 ns
[4175.712s][info ][safepoint      ] Safepoint "Cleanup", Time since last: 1000131592 ns, Reaching safepoint: 46701 ns, At safepoint: 7600 ns, Total: 54301 ns
[4186.713s][info ][safepoint      ] Safepoint "Cleanup", Time since last: 11000838398 ns, Reaching safepoint: 50901 ns, At safepoint: 4200 ns, Total: 55101 ns
[4195.714s][info ][safepoint      ] Safepoint "Cleanup", Time since last: 9000695922 ns, Reaching safepoint: 78402 ns, At safepoint: 8700 ns, Total: 87102 ns
[4200.714s][info ][safepoint      ] Safepoint "Cleanup", Time since last: 5000408860 ns, Reaching safepoint: 49901 ns, At safepoint: 8700 ns, Total: 58601 ns
[4201.714s][info ][safepoint      ] Safepoint "Cleanup", Time since last: 1000115993 ns, Reaching safepoint: 59401 ns, At safepoint: 11600 ns, Total: 71001 ns
[4202.714s][info ][safepoint      ] Safepoint "Cleanup", Time since last: 1000112293 ns, Reaching safepoint: 47201 ns, At safepoint: 4100 ns, Total: 51301 ns
[4209.393s][info ][gc,start       ] GC(167) Pause Young (Allocation Failure)
[4209.408s][debug][gc,phases      ] GC(167) Scavenge 14.379ms
[4209.408s][debug][gc,ref         ] GC(167) Skipped phase 1 of Reference Processing: no references
[4209.408s][debug][gc,ref         ] GC(167) ReferenceProcessor::execute queues: 1, RefProcThreadModel::Single, marks_oops_alive: false
[4209.408s][debug][gc,ref         ] GC(167) Skipped phase 3 of Reference Processing: no references
[4209.408s][debug][gc,ref         ] GC(167) ReferenceProcessor::execute queues: 1, RefProcThreadModel::Single, marks_oops_alive: false
[4209.408s][debug][gc,phases      ] GC(167) Reference Processing 0.158ms
[4209.408s][debug][gc,phases      ] GC(167)   VM Weak                        Min:  0.0, Avg:  0.0, Max:  0.0, Diff:  0.0, Sum:  0.0, Workers: 4
[4209.408s][debug][gc,phases      ] GC(167)     Dead                           Min: 0, Avg:  0.0, Max: 0, Diff: 0, Sum: 0, Workers: 4
[4209.408s][debug][gc,phases      ] GC(167)     Total                          Min: 0, Avg: 140.5, Max: 560, Diff: 560, Sum: 562, Workers: 4
[4209.408s][debug][gc,phases      ] GC(167)   ObjectSynchronizer Weak        Min:  0.0, Avg:  0.0, Max:  0.0, Diff:  0.0, Sum:  0.0, Workers: 4
[4209.408s][debug][gc,phases      ] GC(167)     Dead                           Min: 0, Avg:  0.0, Max: 0, Diff: 0, Sum: 0, Workers: 4
[4209.408s][debug][gc,phases      ] GC(167)     Total                          Min: 0, Avg: 94.5, Max: 192, Diff: 192, Sum: 378, Workers: 4
[4209.408s][debug][gc,phases      ] GC(167)   JVMTI Tag Weak OopStorage      Min:  0.0, Avg:  0.0, Max:  0.0, Diff:  0.0, Sum:  0.0, Workers: 4
[4209.408s][debug][gc,phases      ] GC(167)     Dead                           Min: 0, Avg:  0.0, Max: 0, Diff: 0, Sum: 0, Workers: 4
[4209.408s][debug][gc,phases      ] GC(167)     Total                          Min: 0, Avg:  0.0, Max: 0, Diff: 0, Sum: 0, Workers: 4
[4209.408s][debug][gc,phases      ] GC(167)   StringTable Weak               Min:  0.0, Avg:  0.1, Max:  0.2, Diff:  0.2, Sum:  0.5, Workers: 4
[4209.408s][debug][gc,phases      ] GC(167)     Dead                           Min: 0, Avg:  0.0, Max: 0, Diff: 0, Sum: 0, Workers: 4
[4209.408s][debug][gc,phases      ] GC(167)     Total                          Min: 0, Avg: 12143.2, Max: 18048, Diff: 18048, Sum: 48573, Workers: 4
[4209.408s][debug][gc,phases      ] GC(167)   ResolvedMethodTable Weak       Min:  0.0, Avg:  0.0, Max:  0.0, Diff:  0.0, Sum:  0.1, Workers: 4
[4209.408s][debug][gc,phases      ] GC(167)     Dead                           Min: 0, Avg:  0.0, Max: 0, Diff: 0, Sum: 0, Workers: 4
[4209.408s][debug][gc,phases      ] GC(167)     Total                          Min: 0, Avg: 2039.8, Max: 3122, Diff: 3122, Sum: 8159, Workers: 4
[4209.408s][debug][gc,phases      ] GC(167)   JNI Weak                       Min:  0.0, Avg:  0.0, Max:  0.0, Diff:  0.0, Sum:  0.0, Workers: 4
[4209.408s][debug][gc,phases      ] GC(167)     Dead                           Min: 0, Avg:  0.0, Max: 0, Diff: 0, Sum: 0, Workers: 4
[4209.408s][debug][gc,phases      ] GC(167)     Total                          Min: 0, Avg:  0.0, Max: 0, Diff: 0, Sum: 0, Workers: 4
[4209.408s][debug][gc,phases      ] GC(167)   StringDedup Table Weak         Min:  0.0, Avg:  0.0, Max:  0.0, Diff:  0.0, Sum:  0.0, Workers: 4
[4209.408s][debug][gc,phases      ] GC(167)     Dead                           Min: 0, Avg:  0.0, Max: 0, Diff: 0, Sum: 0, Workers: 4
[4209.408s][debug][gc,phases      ] GC(167)     Total                          Min: 0, Avg:  0.0, Max: 0, Diff: 0, Sum: 0, Workers: 4
[4209.408s][debug][gc,phases      ] GC(167)   StringDedup Requests0 Weak     Min:  0.0, Avg:  0.0, Max:  0.0, Diff:  0.0, Sum:  0.0, Workers: 4
[4209.408s][debug][gc,phases      ] GC(167)     Dead                           Min: 0, Avg:  0.0, Max: 0, Diff: 0, Sum: 0, Workers: 4
[4209.408s][debug][gc,phases      ] GC(167)     Total                          Min: 0, Avg:  0.0, Max: 0, Diff: 0, Sum: 0, Workers: 4
[4209.408s][debug][gc,phases      ] GC(167)   StringDedup Requests1 Weak     Min:  0.0, Avg:  0.0, Max:  0.0, Diff:  0.0, Sum:  0.0, Workers: 4
[4209.408s][debug][gc,phases      ] GC(167)     Dead                           Min: 0, Avg:  0.0, Max: 0, Diff: 0, Sum: 0, Workers: 4
[4209.408s][debug][gc,phases      ] GC(167)     Total                          Min: 0, Avg:  0.0, Max: 0, Diff: 0, Sum: 0, Workers: 4
[4209.408s][debug][gc,phases      ] GC(167)   Weak JFR Old Object Samples    Min:  0.0, Avg:  0.0, Max:  0.0, Diff:  0.0, Sum:  0.0, Workers: 4
[4209.408s][debug][gc,phases      ] GC(167)     Dead                           Min: 0, Avg:  0.0, Max: 0, Diff: 0, Sum: 0, Workers: 4
[4209.408s][debug][gc,phases      ] GC(167)     Total                          Min: 0, Avg:  0.0, Max: 0, Diff: 0, Sum: 0, Workers: 4
[4209.408s][debug][gc,phases      ] GC(167) Weak Processing 0.440ms
[4209.408s][debug][gc,age         ] GC(167) Desired survivor size 74448896 bytes, new threshold 15 (max threshold 15)
[4209.408s][info ][gc,heap        ] GC(167) PSYoungGen: 1975040K(2025472K)->40288K(2020864K) Eden: 1949184K(1949184K)->0K(1949184K) From: 25856K(76288K)->40288K(71680K)
[4209.408s][info ][gc,heap        ] GC(167) ParOldGen: 546800K(678400K)->546800K(678400K)
[4209.408s][info ][gc,metaspace   ] GC(167) Metaspace: 83626K(84736K)->83626K(84736K) NonClass: 72024K(72640K)->72024K(72640K) Class: 11602K(12096K)->11602K(12096K)
[4209.408s][info ][gc             ] GC(167) Pause Young (Allocation Failure) 2462M->573M(2636M) 15.121ms
[4209.408s][info ][gc,cpu         ] GC(167) User=0.05s Sys=0.00s Real=0.01s
[4209.408s][info ][safepoint      ] Safepoint "ParallelGCFailedAllocation", Time since last: 6678807647 ns, Reaching safepoint: 32600 ns, At safepoint: 15215103 ns, Total: 15247703 ns
[4210.409s][info ][safepoint      ] Safepoint "Cleanup", Time since last: 1000318097 ns, Reaching safepoint: 47901 ns, At safepoint: 5200 ns, Total: 53101 ns
[4213.409s][info ][safepoint      ] Safepoint "Cleanup", Time since last: 3000262379 ns, Reaching safepoint: 106202 ns, At safepoint: 9300 ns, Total: 115502 ns
[4230.410s][info ][safepoint      ] Safepoint "Cleanup", Time since last: 17001171483 ns, Reaching safepoint: 117303 ns, At safepoint: 21400 ns, Total: 138703 ns
[4231.411s][info ][safepoint      ] Safepoint "Cleanup", Time since last: 1000110295 ns, Reaching safepoint: 48301 ns, At safepoint: 7600 ns, Total: 55901 ns
[4233.411s][info ][safepoint      ] Safepoint "Cleanup", Time since last: 2000183088 ns, Reaching safepoint: 48901 ns, At safepoint: 15000 ns, Total: 63901 ns
[4234.411s][info ][safepoint      ] Safepoint "Cleanup", Time since last: 1000109395 ns, Reaching safepoint: 44501 ns, At safepoint: 3100 ns, Total: 47601 ns
[4239.411s][info ][safepoint      ] Safepoint "Cleanup", Time since last: 5000296469 ns, Reaching safepoint: 43901 ns, At safepoint: 4000 ns, Total: 47901 ns
[4261.413s][info ][safepoint      ] Safepoint "Cleanup", Time since last: 22001348182 ns, Reaching safepoint: 41001 ns, At safepoint: 4100 ns, Total: 45101 ns
[4265.413s][info ][safepoint      ] Safepoint "Cleanup", Time since last: 4000242281 ns, Reaching safepoint: 50701 ns, At safepoint: 8100 ns, Total: 58801 ns
[4270.414s][info ][safepoint      ] Safepoint "Cleanup", Time since last: 5000369280 ns, Reaching safepoint: 47601 ns, At safepoint: 6600 ns, Total: 54201 ns
[4276.414s][info ][safepoint      ] Safepoint "Cleanup", Time since last: 6000444877 ns, Reaching safepoint: 53601 ns, At safepoint: 7100 ns, Total: 60701 ns
[4279.414s][info ][safepoint      ] Safepoint "Cleanup", Time since last: 3000252290 ns, Reaching safepoint: 43401 ns, At safepoint: 3600 ns, Total: 47001 ns
[4289.526s][info ][gc,start       ] GC(168) Pause Young (Allocation Failure)
[4289.536s][debug][gc,phases      ] GC(168) Scavenge 10.217ms
[4289.536s][debug][gc,ref         ] GC(168) Skipped phase 1 of Reference Processing: no references
[4289.537s][debug][gc,ref         ] GC(168) ReferenceProcessor::execute queues: 1, RefProcThreadModel::Single, marks_oops_alive: false
[4289.537s][debug][gc,ref         ] GC(168) Skipped phase 3 of Reference Processing: no references
[4289.537s][debug][gc,ref         ] GC(168) ReferenceProcessor::execute queues: 1, RefProcThreadModel::Single, marks_oops_alive: false
[4289.537s][debug][gc,phases      ] GC(168) Reference Processing 0.165ms
[4289.537s][debug][gc,phases      ] GC(168)   VM Weak                        Min:  0.0, Avg:  0.0, Max:  0.0, Diff:  0.0, Sum:  0.0, Workers: 4
[4289.537s][debug][gc,phases      ] GC(168)     Dead                           Min: 0, Avg:  0.0, Max: 0, Diff: 0, Sum: 0, Workers: 4
[4289.537s][debug][gc,phases      ] GC(168)     Total                          Min: 0, Avg: 140.5, Max: 243, Diff: 243, Sum: 562, Workers: 4
[4289.537s][debug][gc,phases      ] GC(168)   ObjectSynchronizer Weak        Min:  0.0, Avg:  0.0, Max:  0.0, Diff:  0.0, Sum:  0.0, Workers: 4
[4289.537s][debug][gc,phases      ] GC(168)     Dead                           Min: 0, Avg:  0.0, Max: 0, Diff: 0, Sum: 0, Workers: 4
[4289.537s][debug][gc,phases      ] GC(168)     Total                          Min: 0, Avg: 94.5, Max: 128, Diff: 128, Sum: 378, Workers: 4
[4289.537s][debug][gc,phases      ] GC(168)   JVMTI Tag Weak OopStorage      Min:  0.0, Avg:  0.0, Max:  0.0, Diff:  0.0, Sum:  0.0, Workers: 4
[4289.537s][debug][gc,phases      ] GC(168)     Dead                           Min: 0, Avg:  0.0, Max: 0, Diff: 0, Sum: 0, Workers: 4
[4289.537s][debug][gc,phases      ] GC(168)     Total                          Min: 0, Avg:  0.0, Max: 0, Diff: 0, Sum: 0, Workers: 4
[4289.537s][debug][gc,phases      ] GC(168)   StringTable Weak               Min:  0.1, Avg:  0.1, Max:  0.1, Diff:  0.0, Sum:  0.5, Workers: 4
[4289.537s][debug][gc,phases      ] GC(168)     Dead                           Min: 0, Avg:  0.0, Max: 0, Diff: 0, Sum: 0, Workers: 4
[4289.537s][debug][gc,phases      ] GC(168)     Total                          Min: 11648, Avg: 12143.2, Max: 12861, Diff: 1213, Sum: 48573, Workers: 4
[4289.537s][debug][gc,phases      ] GC(168)   ResolvedMethodTable Weak       Min:  0.0, Avg:  0.0, Max:  0.0, Diff:  0.0, Sum:  0.1, Workers: 4
[4289.537s][debug][gc,phases      ] GC(168)     Dead                           Min: 0, Avg:  0.0, Max: 0, Diff: 0, Sum: 0, Workers: 4
[4289.537s][debug][gc,phases      ] GC(168)     Total                          Min: 1898, Avg: 2039.8, Max: 2172, Diff: 274, Sum: 8159, Workers: 4
[4289.537s][debug][gc,phases      ] GC(168)   JNI Weak                       Min:  0.0, Avg:  0.0, Max:  0.0, Diff:  0.0, Sum:  0.0, Workers: 4
[4289.537s][debug][gc,phases      ] GC(168)     Dead                           Min: 0, Avg:  0.0, Max: 0, Diff: 0, Sum: 0, Workers: 4
[4289.537s][debug][gc,phases      ] GC(168)     Total                          Min: 0, Avg:  0.0, Max: 0, Diff: 0, Sum: 0, Workers: 4
[4289.537s][debug][gc,phases      ] GC(168)   StringDedup Table Weak         Min:  0.0, Avg:  0.0, Max:  0.0, Diff:  0.0, Sum:  0.0, Workers: 4
[4289.537s][debug][gc,phases      ] GC(168)     Dead                           Min: 0, Avg:  0.0, Max: 0, Diff: 0, Sum: 0, Workers: 4
[4289.537s][debug][gc,phases      ] GC(168)     Total                          Min: 0, Avg:  0.0, Max: 0, Diff: 0, Sum: 0, Workers: 4
[4289.537s][debug][gc,phases      ] GC(168)   StringDedup Requests0 Weak     Min:  0.0, Avg:  0.0, Max:  0.0, Diff:  0.0, Sum:  0.0, Workers: 4
[4289.537s][debug][gc,phases      ] GC(168)     Dead                           Min: 0, Avg:  0.0, Max: 0, Diff: 0, Sum: 0, Workers: 4
[4289.537s][debug][gc,phases      ] GC(168)     Total                          Min: 0, Avg:  0.0, Max: 0, Diff: 0, Sum: 0, Workers: 4
[4289.537s][debug][gc,phases      ] GC(168)   StringDedup Requests1 Weak     Min:  0.0, Avg:  0.0, Max:  0.0, Diff:  0.0, Sum:  0.0, Workers: 4
[4289.537s][debug][gc,phases      ] GC(168)     Dead                           Min: 0, Avg:  0.0, Max: 0, Diff: 0, Sum: 0, Workers: 4
[4289.537s][debug][gc,phases      ] GC(168)     Total                          Min: 0, Avg:  0.0, Max: 0, Diff: 0, Sum: 0, Workers: 4
[4289.537s][debug][gc,phases      ] GC(168)   Weak JFR Old Object Samples    Min:  0.0, Avg:  0.0, Max:  0.0, Diff:  0.0, Sum:  0.0, Workers: 4
[4289.537s][debug][gc,phases      ] GC(168)     Dead                           Min: 0, Avg:  0.0, Max: 0, Diff: 0, Sum: 0, Workers: 4
[4289.537s][debug][gc,phases      ] GC(168)     Total                          Min: 0, Avg:  0.0, Max: 0, Diff: 0, Sum: 0, Workers: 4
[4289.537s][debug][gc,phases      ] GC(168) Weak Processing 0.401ms
[4289.537s][debug][gc,age         ] GC(168) Desired survivor size 73924608 bytes, new threshold 15 (max threshold 15)
[4289.537s][info ][gc,heap        ] GC(168) PSYoungGen: 1989472K(2020864K)->38096K(2024960K) Eden: 1949184K(1949184K)->0K(1952256K) From: 40288K(71680K)->38096K(72704K)
[4289.537s][info ][gc,heap        ] GC(168) ParOldGen: 546800K(678400K)->546800K(678400K)
[4289.537s][info ][gc,metaspace   ] GC(168) Metaspace: 83637K(84736K)->83637K(84736K) NonClass: 72034K(72640K)->72034K(72640K) Class: 11602K(12096K)->11602K(12096K)
[4289.537s][info ][gc             ] GC(168) Pause Young (Allocation Failure) 2476M->571M(2640M) 10.929ms
[4289.537s][info ][gc,cpu         ] GC(168) User=0.04s Sys=0.00s Real=0.01s
[4289.537s][info ][safepoint      ] Safepoint "ParallelGCFailedAllocation", Time since last: 10111675974 ns, Reaching safepoint: 98102 ns, At safepoint: 11027720 ns, Total: 11125822 ns
[4317.542s][info ][safepoint      ] Safepoint "Cleanup", Time since last: 28004619087 ns, Reaching safepoint: 47501 ns, At safepoint: 8200 ns, Total: 55701 ns
[4318.542s][info ][safepoint      ] Safepoint "Cleanup", Time since last: 1000115500 ns, Reaching safepoint: 54801 ns, At safepoint: 4500 ns, Total: 59301 ns
[4350.544s][info ][safepoint      ] Safepoint "Cleanup", Time since last: 32002276875 ns, Reaching safepoint: 134803 ns, At safepoint: 13500 ns, Total: 148303 ns
[4364.546s][info ][safepoint      ] Safepoint "Cleanup", Time since last: 14001011705 ns, Reaching safepoint: 117002 ns, At safepoint: 5800 ns, Total: 122802 ns
[4367.227s][info ][gc,start       ] GC(169) Pause Young (Allocation Failure)
[4367.237s][debug][gc,phases      ] GC(169) Scavenge 10.421ms
[4367.237s][debug][gc,ref         ] GC(169) Skipped phase 1 of Reference Processing: no references
[4367.237s][debug][gc,ref         ] GC(169) ReferenceProcessor::execute queues: 1, RefProcThreadModel::Single, marks_oops_alive: false
[4367.237s][debug][gc,ref         ] GC(169) Skipped phase 3 of Reference Processing: no references
[4367.237s][debug][gc,ref         ] GC(169) ReferenceProcessor::execute queues: 1, RefProcThreadModel::Single, marks_oops_alive: false
[4367.237s][debug][gc,phases      ] GC(169) Reference Processing 0.135ms
[4367.238s][debug][gc,phases      ] GC(169)   VM Weak                        Min:  0.0, Avg:  0.0, Max:  0.0, Diff:  0.0, Sum:  0.0, Workers: 4
[4367.238s][debug][gc,phases      ] GC(169)     Dead                           Min: 0, Avg:  0.0, Max: 0, Diff: 0, Sum: 0, Workers: 4
[4367.238s][debug][gc,phases      ] GC(169)     Total                          Min: 0, Avg: 140.5, Max: 305, Diff: 305, Sum: 562, Workers: 4
[4367.238s][debug][gc,phases      ] GC(169)   ObjectSynchronizer Weak        Min:  0.0, Avg:  0.0, Max:  0.0, Diff:  0.0, Sum:  0.0, Workers: 4
[4367.238s][debug][gc,phases      ] GC(169)     Dead                           Min: 0, Avg:  0.0, Max: 0, Diff: 0, Sum: 0, Workers: 4
[4367.238s][debug][gc,phases      ] GC(169)     Total                          Min: 0, Avg: 94.5, Max: 192, Diff: 192, Sum: 378, Workers: 4
[4367.238s][debug][gc,phases      ] GC(169)   JVMTI Tag Weak OopStorage      Min:  0.0, Avg:  0.0, Max:  0.0, Diff:  0.0, Sum:  0.0, Workers: 4
[4367.238s][debug][gc,phases      ] GC(169)     Dead                           Min: 0, Avg:  0.0, Max: 0, Diff: 0, Sum: 0, Workers: 4
[4367.238s][debug][gc,phases      ] GC(169)     Total                          Min: 0, Avg:  0.0, Max: 0, Diff: 0, Sum: 0, Workers: 4
[4367.238s][debug][gc,phases      ] GC(169)   StringTable Weak               Min:  0.1, Avg:  0.1, Max:  0.1, Diff:  0.0, Sum:  0.5, Workers: 4
[4367.238s][debug][gc,phases      ] GC(169)     Dead                           Min: 0, Avg:  0.0, Max: 0, Diff: 0, Sum: 0, Workers: 4
[4367.238s][debug][gc,phases      ] GC(169)     Total                          Min: 10944, Avg: 12143.2, Max: 13440, Diff: 2496, Sum: 48573, Workers: 4
[4367.238s][debug][gc,phases      ] GC(169)   ResolvedMethodTable Weak       Min:  0.0, Avg:  0.0, Max:  0.0, Diff:  0.0, Sum:  0.1, Workers: 4
[4367.238s][debug][gc,phases      ] GC(169)     Dead                           Min: 0, Avg:  0.0, Max: 0, Diff: 0, Sum: 0, Workers: 4
[4367.238s][debug][gc,phases      ] GC(169)     Total                          Min: 1906, Avg: 2039.8, Max: 2228, Diff: 322, Sum: 8159, Workers: 4
[4367.238s][debug][gc,phases      ] GC(169)   JNI Weak                       Min:  0.0, Avg:  0.0, Max:  0.0, Diff:  0.0, Sum:  0.0, Workers: 4
[4367.238s][debug][gc,phases      ] GC(169)     Dead                           Min: 0, Avg:  0.0, Max: 0, Diff: 0, Sum: 0, Workers: 4
[4367.238s][debug][gc,phases      ] GC(169)     Total                          Min: 0, Avg:  0.0, Max: 0, Diff: 0, Sum: 0, Workers: 4
[4367.238s][debug][gc,phases      ] GC(169)   StringDedup Table Weak         Min:  0.0, Avg:  0.0, Max:  0.0, Diff:  0.0, Sum:  0.0, Workers: 4
[4367.238s][debug][gc,phases      ] GC(169)     Dead                           Min: 0, Avg:  0.0, Max: 0, Diff: 0, Sum: 0, Workers: 4
[4367.238s][debug][gc,phases      ] GC(169)     Total                          Min: 0, Avg:  0.0, Max: 0, Diff: 0, Sum: 0, Workers: 4
[4367.238s][debug][gc,phases      ] GC(169)   StringDedup Requests0 Weak     Min:  0.0, Avg:  0.0, Max:  0.0, Diff:  0.0, Sum:  0.0, Workers: 4
[4367.238s][debug][gc,phases      ] GC(169)     Dead                           Min: 0, Avg:  0.0, Max: 0, Diff: 0, Sum: 0, Workers: 4
[4367.238s][debug][gc,phases      ] GC(169)     Total                          Min: 0, Avg:  0.0, Max: 0, Diff: 0, Sum: 0, Workers: 4
[4367.238s][debug][gc,phases      ] GC(169)   StringDedup Requests1 Weak     Min:  0.0, Avg:  0.0, Max:  0.0, Diff:  0.0, Sum:  0.0, Workers: 4
[4367.238s][debug][gc,phases      ] GC(169)     Dead                           Min: 0, Avg:  0.0, Max: 0, Diff: 0, Sum: 0, Workers: 4
[4367.238s][debug][gc,phases      ] GC(169)     Total                          Min: 0, Avg:  0.0, Max: 0, Diff: 0, Sum: 0, Workers: 4
[4367.238s][debug][gc,phases      ] GC(169)   Weak JFR Old Object Samples    Min:  0.0, Avg:  0.0, Max:  0.0, Diff:  0.0, Sum:  0.0, Workers: 4
[4367.238s][debug][gc,phases      ] GC(169)     Dead                           Min: 0, Avg:  0.0, Max: 0, Diff: 0, Sum: 0, Workers: 4
[4367.238s][debug][gc,phases      ] GC(169)     Total                          Min: 0, Avg:  0.0, Max: 0, Diff: 0, Sum: 0, Workers: 4
[4367.238s][debug][gc,phases      ] GC(169) Weak Processing 0.388ms
[4367.238s][debug][gc,age         ] GC(169) Desired survivor size 73400320 bytes, new threshold 15 (max threshold 15)
[4367.238s][info ][gc,heap        ] GC(169) PSYoungGen: 1990352K(2024960K)->38096K(2024448K) Eden: 1952256K(1952256K)->0K(1952256K) From: 38096K(72704K)->38096K(72192K)
[4367.238s][info ][gc,heap        ] GC(169) ParOldGen: 546800K(678400K)->546800K(678400K)
[4367.238s][info ][gc,metaspace   ] GC(169) Metaspace: 83642K(84736K)->83642K(84736K) NonClass: 72039K(72640K)->72039K(72640K) Class: 11602K(12096K)->11602K(12096K)
[4367.238s][info ][gc             ] GC(169) Pause Young (Allocation Failure) 2477M->571M(2639M) 11.103ms
[4367.238s][info ][gc,cpu         ] GC(169) User=0.04s Sys=0.00s Real=0.01s
[4367.238s][info ][safepoint      ] Safepoint "ParallelGCFailedAllocation", Time since last: 2681067751 ns, Reaching safepoint: 45301 ns, At safepoint: 11193623 ns, Total: 11238924 ns
[4369.238s][info ][safepoint      ] Safepoint "Cleanup", Time since last: 2000163302 ns, Reaching safepoint: 54201 ns, At safepoint: 4200 ns, Total: 58401 ns
[4390.240s][info ][safepoint      ] Safepoint "Cleanup", Time since last: 21001422226 ns, Reaching safepoint: 50201 ns, At safepoint: 3100 ns, Total: 53301 ns
[4402.240s][info ][safepoint      ] Safepoint "Cleanup", Time since last: 12000825024 ns, Reaching safepoint: 52701 ns, At safepoint: 3600 ns, Total: 56301 ns
[4413.241s][info ][safepoint      ] Safepoint "Cleanup", Time since last: 11000773427 ns, Reaching safepoint: 46101 ns, At safepoint: 4900 ns, Total: 51001 ns
[4419.242s][info ][safepoint      ] Safepoint "Cleanup", Time since last: 6000433818 ns, Reaching safepoint: 62601 ns, At safepoint: 5100 ns, Total: 67701 ns
[4421.242s][info ][safepoint      ] Safepoint "Cleanup", Time since last: 2000189907 ns, Reaching safepoint: 59001 ns, At safepoint: 5200 ns, Total: 64201 ns
[4423.242s][info ][safepoint      ] Safepoint "Cleanup", Time since last: 2000194808 ns, Reaching safepoint: 46201 ns, At safepoint: 3100 ns, Total: 49301 ns
[4428.243s][info ][safepoint      ] Safepoint "Cleanup", Time since last: 5000325415 ns, Reaching safepoint: 79702 ns, At safepoint: 8300 ns, Total: 88002 ns
[4429.281s][info ][safepoint      ] Safepoint "Cleanup", Time since last: 1038039459 ns, Reaching safepoint: 71601 ns, At safepoint: 2701 ns, Total: 74302 ns
[4431.281s][info ][safepoint      ] Safepoint "Cleanup", Time since last: 2000168307 ns, Reaching safepoint: 94102 ns, At safepoint: 13100 ns, Total: 107202 ns
[4432.281s][info ][safepoint      ] Safepoint "Cleanup", Time since last: 1000112304 ns, Reaching safepoint: 49301 ns, At safepoint: 6200 ns, Total: 55501 ns
[4433.281s][info ][safepoint      ] Safepoint "Cleanup", Time since last: 1000108305 ns, Reaching safepoint: 50701 ns, At safepoint: 3100 ns, Total: 53801 ns
[4445.325s][info ][gc,start       ] GC(170) Pause Young (Allocation Failure)
[4445.337s][debug][gc,phases      ] GC(170) Scavenge 11.253ms
[4445.337s][debug][gc,ref         ] GC(170) Skipped phase 1 of Reference Processing: no references
[4445.337s][debug][gc,ref         ] GC(170) ReferenceProcessor::execute queues: 1, RefProcThreadModel::Single, marks_oops_alive: false
[4445.337s][debug][gc,ref         ] GC(170) Skipped phase 3 of Reference Processing: no references
[4445.337s][debug][gc,ref         ] GC(170) ReferenceProcessor::execute queues: 1, RefProcThreadModel::Single, marks_oops_alive: false
[4445.337s][debug][gc,phases      ] GC(170) Reference Processing 0.197ms
[4445.337s][debug][gc,phases      ] GC(170)   VM Weak                        Min:  0.0, Avg:  0.0, Max:  0.0, Diff:  0.0, Sum:  0.0, Workers: 4
[4445.337s][debug][gc,phases      ] GC(170)     Dead                           Min: 0, Avg:  0.0, Max: 0, Diff: 0, Sum: 0, Workers: 4
[4445.337s][debug][gc,phases      ] GC(170)     Total                          Min: 0, Avg: 140.5, Max: 562, Diff: 562, Sum: 562, Workers: 4
[4445.337s][debug][gc,phases      ] GC(170)   ObjectSynchronizer Weak        Min:  0.0, Avg:  0.0, Max:  0.0, Diff:  0.0, Sum:  0.0, Workers: 4
[4445.337s][debug][gc,phases      ] GC(170)     Dead                           Min: 0, Avg:  0.0, Max: 0, Diff: 0, Sum: 0, Workers: 4
[4445.337s][debug][gc,phases      ] GC(170)     Total                          Min: 0, Avg: 95.5, Max: 382, Diff: 382, Sum: 382, Workers: 4
[4445.337s][debug][gc,phases      ] GC(170)   JVMTI Tag Weak OopStorage      Min:  0.0, Avg:  0.0, Max:  0.0, Diff:  0.0, Sum:  0.0, Workers: 4
[4445.337s][debug][gc,phases      ] GC(170)     Dead                           Min: 0, Avg:  0.0, Max: 0, Diff: 0, Sum: 0, Workers: 4
[4445.337s][debug][gc,phases      ] GC(170)     Total                          Min: 0, Avg:  0.0, Max: 0, Diff: 0, Sum: 0, Workers: 4
[4445.337s][debug][gc,phases      ] GC(170)   StringTable Weak               Min:  0.1, Avg:  0.1, Max:  0.1, Diff:  0.0, Sum:  0.5, Workers: 4
[4445.337s][debug][gc,phases      ] GC(170)     Dead                           Min: 0, Avg:  0.2, Max: 1, Diff: 1, Sum: 1, Workers: 4
[4445.337s][debug][gc,phases      ] GC(170)     Total                          Min: 11136, Avg: 12145.2, Max: 13440, Diff: 2304, Sum: 48581, Workers: 4
[4445.337s][debug][gc,phases      ] GC(170)   ResolvedMethodTable Weak       Min:  0.0, Avg:  0.0, Max:  0.0, Diff:  0.0, Sum:  0.1, Workers: 4
[4445.337s][debug][gc,phases      ] GC(170)     Dead                           Min: 0, Avg:  0.0, Max: 0, Diff: 0, Sum: 0, Workers: 4
[4445.337s][debug][gc,phases      ] GC(170)     Total                          Min: 1917, Avg: 2041.2, Max: 2163, Diff: 246, Sum: 8165, Workers: 4
[4445.337s][debug][gc,phases      ] GC(170)   JNI Weak                       Min:  0.0, Avg:  0.0, Max:  0.0, Diff:  0.0, Sum:  0.0, Workers: 4
[4445.337s][debug][gc,phases      ] GC(170)     Dead                           Min: 0, Avg:  0.0, Max: 0, Diff: 0, Sum: 0, Workers: 4
[4445.337s][debug][gc,phases      ] GC(170)     Total                          Min: 0, Avg:  0.0, Max: 0, Diff: 0, Sum: 0, Workers: 4
[4445.337s][debug][gc,phases      ] GC(170)   StringDedup Table Weak         Min:  0.0, Avg:  0.0, Max:  0.0, Diff:  0.0, Sum:  0.0, Workers: 4
[4445.337s][debug][gc,phases      ] GC(170)     Dead                           Min: 0, Avg:  0.0, Max: 0, Diff: 0, Sum: 0, Workers: 4
[4445.337s][debug][gc,phases      ] GC(170)     Total                          Min: 0, Avg:  0.0, Max: 0, Diff: 0, Sum: 0, Workers: 4
[4445.337s][debug][gc,phases      ] GC(170)   StringDedup Requests0 Weak     Min:  0.0, Avg:  0.0, Max:  0.0, Diff:  0.0, Sum:  0.0, Workers: 4
[4445.337s][debug][gc,phases      ] GC(170)     Dead                           Min: 0, Avg:  0.0, Max: 0, Diff: 0, Sum: 0, Workers: 4
[4445.337s][debug][gc,phases      ] GC(170)     Total                          Min: 0, Avg:  0.0, Max: 0, Diff: 0, Sum: 0, Workers: 4
[4445.337s][debug][gc,phases      ] GC(170)   StringDedup Requests1 Weak     Min:  0.0, Avg:  0.0, Max:  0.0, Diff:  0.0, Sum:  0.0, Workers: 4
[4445.337s][debug][gc,phases      ] GC(170)     Dead                           Min: 0, Avg:  0.0, Max: 0, Diff: 0, Sum: 0, Workers: 4
[4445.337s][debug][gc,phases      ] GC(170)     Total                          Min: 0, Avg:  0.0, Max: 0, Diff: 0, Sum: 0, Workers: 4
[4445.337s][debug][gc,phases      ] GC(170)   Weak JFR Old Object Samples    Min:  0.0, Avg:  0.0, Max:  0.0, Diff:  0.0, Sum:  0.0, Workers: 4
[4445.337s][debug][gc,phases      ] GC(170)     Dead                           Min: 0, Avg:  0.0, Max: 0, Diff: 0, Sum: 0, Workers: 4
[4445.337s][debug][gc,phases      ] GC(170)     Total                          Min: 0, Avg:  0.0, Max: 0, Diff: 0, Sum: 0, Workers: 4
[4445.337s][debug][gc,phases      ] GC(170) Weak Processing 0.343ms
[4445.337s][debug][gc,age         ] GC(170) Desired survivor size 72876032 bytes, new threshold 15 (max threshold 15)
[4445.337s][info ][gc,heap        ] GC(170) PSYoungGen: 1990352K(2024448K)->38208K(2025984K) Eden: 1952256K(1952256K)->0K(1954304K) From: 38096K(72192K)->38208K(71680K)
[4445.337s][info ][gc,heap        ] GC(170) ParOldGen: 546800K(678400K)->546800K(678400K)
[4445.337s][info ][gc,metaspace   ] GC(170) Metaspace: 83670K(84736K)->83670K(84736K) NonClass: 72062K(72640K)->72062K(72640K) Class: 11607K(12096K)->11607K(12096K)
[4445.337s][info ][gc             ] GC(170) Pause Young (Allocation Failure) 2477M->571M(2641M) 11.927ms
[4445.337s][info ][gc,cpu         ] GC(170) User=0.05s Sys=0.00s Real=0.01s
[4445.337s][info ][safepoint      ] Safepoint "ParallelGCFailedAllocation", Time since last: 12043871501 ns, Reaching safepoint: 40001 ns, At safepoint: 12023839 ns, Total: 12063840 ns
[4453.338s][info ][safepoint      ] Safepoint "Cleanup", Time since last: 8000544933 ns, Reaching safepoint: 62602 ns, At safepoint: 11200 ns, Total: 73802 ns
[4465.339s][info ][safepoint      ] Safepoint "Cleanup", Time since last: 12000868655 ns, Reaching safepoint: 64501 ns, At safepoint: 4000 ns, Total: 68501 ns
[4472.339s][info ][safepoint      ] Safepoint "Cleanup", Time since last: 7000534935 ns, Reaching safepoint: 55801 ns, At safepoint: 10901 ns, Total: 66702 ns
[4486.341s][info ][safepoint      ] Safepoint "Cleanup", Time since last: 14000986374 ns, Reaching safepoint: 53201 ns, At safepoint: 4200 ns, Total: 57401 ns
[4494.341s][info ][safepoint      ] Safepoint "Cleanup", Time since last: 8000557145 ns, Reaching safepoint: 62301 ns, At safepoint: 11900 ns, Total: 74201 ns
[4504.342s][info ][safepoint      ] Safepoint "Cleanup", Time since last: 10000736161 ns, Reaching safepoint: 56201 ns, At safepoint: 7600 ns, Total: 63801 ns
[4514.343s][info ][safepoint      ] Safepoint "Cleanup", Time since last: 10000710964 ns, Reaching safepoint: 118902 ns, At safepoint: 8100 ns, Total: 127002 ns
[4523.344s][info ][safepoint      ] Safepoint "Cleanup", Time since last: 9000668961 ns, Reaching safepoint: 121802 ns, At safepoint: 9601 ns, Total: 131403 ns
[4523.495s][info ][gc,start       ] GC(171) Pause Young (Allocation Failure)
[4523.505s][debug][gc,phases      ] GC(171) Scavenge 9.679ms
[4523.505s][debug][gc,ref         ] GC(171) Skipped phase 1 of Reference Processing: no references
[4523.505s][debug][gc,ref         ] GC(171) ReferenceProcessor::execute queues: 1, RefProcThreadModel::Single, marks_oops_alive: false
[4523.505s][debug][gc,ref         ] GC(171) Skipped phase 3 of Reference Processing: no references
[4523.505s][debug][gc,ref         ] GC(171) ReferenceProcessor::execute queues: 1, RefProcThreadModel::Single, marks_oops_alive: false
[4523.505s][debug][gc,phases      ] GC(171) Reference Processing 0.160ms
[4523.505s][debug][gc,phases      ] GC(171)   VM Weak                        Min:  0.0, Avg:  0.0, Max:  0.0, Diff:  0.0, Sum:  0.0, Workers: 4
[4523.505s][debug][gc,phases      ] GC(171)     Dead                           Min: 0, Avg:  0.0, Max: 0, Diff: 0, Sum: 0, Workers: 4
[4523.505s][debug][gc,phases      ] GC(171)     Total                          Min: 0, Avg: 140.5, Max: 560, Diff: 560, Sum: 562, Workers: 4
[4523.505s][debug][gc,phases      ] GC(171)   ObjectSynchronizer Weak        Min:  0.0, Avg:  0.0, Max:  0.0, Diff:  0.0, Sum:  0.0, Workers: 4
[4523.505s][debug][gc,phases      ] GC(171)     Dead                           Min: 0, Avg:  0.0, Max: 0, Diff: 0, Sum: 0, Workers: 4
[4523.505s][debug][gc,phases      ] GC(171)     Total                          Min: 0, Avg: 95.8, Max: 192, Diff: 192, Sum: 383, Workers: 4
[4523.505s][debug][gc,phases      ] GC(171)   JVMTI Tag Weak OopStorage      Min:  0.0, Avg:  0.0, Max:  0.0, Diff:  0.0, Sum:  0.0, Workers: 4
[4523.505s][debug][gc,phases      ] GC(171)     Dead                           Min: 0, Avg:  0.0, Max: 0, Diff: 0, Sum: 0, Workers: 4
[4523.505s][debug][gc,phases      ] GC(171)     Total                          Min: 0, Avg:  0.0, Max: 0, Diff: 0, Sum: 0, Workers: 4
[4523.505s][debug][gc,phases      ] GC(171)   StringTable Weak               Min:  0.1, Avg:  0.1, Max:  0.1, Diff:  0.0, Sum:  0.5, Workers: 4
[4523.505s][debug][gc,phases      ] GC(171)     Dead                           Min: 0, Avg:  0.0, Max: 0, Diff: 0, Sum: 0, Workers: 4
[4523.505s][debug][gc,phases      ] GC(171)     Total                          Min: 11072, Avg: 12145.2, Max: 13445, Diff: 2373, Sum: 48581, Workers: 4
[4523.505s][debug][gc,phases      ] GC(171)   ResolvedMethodTable Weak       Min:  0.0, Avg:  0.0, Max:  0.0, Diff:  0.0, Sum:  0.1, Workers: 4
[4523.505s][debug][gc,phases      ] GC(171)     Dead                           Min: 0, Avg:  0.0, Max: 0, Diff: 0, Sum: 0, Workers: 4
[4523.505s][debug][gc,phases      ] GC(171)     Total                          Min: 1909, Avg: 2041.2, Max: 2236, Diff: 327, Sum: 8165, Workers: 4
[4523.505s][debug][gc,phases      ] GC(171)   JNI Weak                       Min:  0.0, Avg:  0.0, Max:  0.0, Diff:  0.0, Sum:  0.0, Workers: 4
[4523.505s][debug][gc,phases      ] GC(171)     Dead                           Min: 0, Avg:  0.0, Max: 0, Diff: 0, Sum: 0, Workers: 4
[4523.505s][debug][gc,phases      ] GC(171)     Total                          Min: 0, Avg:  0.0, Max: 0, Diff: 0, Sum: 0, Workers: 4
[4523.505s][debug][gc,phases      ] GC(171)   StringDedup Table Weak         Min:  0.0, Avg:  0.0, Max:  0.0, Diff:  0.0, Sum:  0.0, Workers: 4
[4523.505s][debug][gc,phases      ] GC(171)     Dead                           Min: 0, Avg:  0.0, Max: 0, Diff: 0, Sum: 0, Workers: 4
[4523.505s][debug][gc,phases      ] GC(171)     Total                          Min: 0, Avg:  0.0, Max: 0, Diff: 0, Sum: 0, Workers: 4
[4523.505s][debug][gc,phases      ] GC(171)   StringDedup Requests0 Weak     Min:  0.0, Avg:  0.0, Max:  0.0, Diff:  0.0, Sum:  0.0, Workers: 4
[4523.505s][debug][gc,phases      ] GC(171)     Dead                           Min: 0, Avg:  0.0, Max: 0, Diff: 0, Sum: 0, Workers: 4
[4523.505s][debug][gc,phases      ] GC(171)     Total                          Min: 0, Avg:  0.0, Max: 0, Diff: 0, Sum: 0, Workers: 4
[4523.505s][debug][gc,phases      ] GC(171)   StringDedup Requests1 Weak     Min:  0.0, Avg:  0.0, Max:  0.0, Diff:  0.0, Sum:  0.0, Workers: 4
[4523.505s][debug][gc,phases      ] GC(171)     Dead                           Min: 0, Avg:  0.0, Max: 0, Diff: 0, Sum: 0, Workers: 4
[4523.505s][debug][gc,phases      ] GC(171)     Total                          Min: 0, Avg:  0.0, Max: 0, Diff: 0, Sum: 0, Workers: 4
[4523.505s][debug][gc,phases      ] GC(171)   Weak JFR Old Object Samples    Min:  0.0, Avg:  0.0, Max:  0.0, Diff:  0.0, Sum:  0.0, Workers: 4
[4523.505s][debug][gc,phases      ] GC(171)     Dead                           Min: 0, Avg:  0.0, Max: 0, Diff: 0, Sum: 0, Workers: 4
[4523.505s][debug][gc,phases      ] GC(171)     Total                          Min: 0, Avg:  0.0, Max: 0, Diff: 0, Sum: 0, Workers: 4
[4523.505s][debug][gc,phases      ] GC(171) Weak Processing 0.361ms
[4523.505s][debug][gc,age         ] GC(171) Desired survivor size 71827456 bytes, new threshold 15 (max threshold 15)
[4523.505s][info ][gc,heap        ] GC(171) PSYoungGen: 1992512K(2025984K)->38240K(2025472K) Eden: 1954304K(1954304K)->0K(1954304K) From: 38208K(71680K)->38240K(71168K)
[4523.505s][info ][gc,heap        ] GC(171) ParOldGen: 546800K(678400K)->546800K(678400K)
[4523.505s][info ][gc,metaspace   ] GC(171) Metaspace: 83679K(84736K)->83679K(84736K) NonClass: 72071K(72640K)->72071K(72640K) Class: 11607K(12096K)->11607K(12096K)
[4523.505s][info ][gc             ] GC(171) Pause Young (Allocation Failure) 2479M->571M(2640M) 10.345ms
[4523.505s][info ][gc,cpu         ] GC(171) User=0.04s Sys=0.00s Real=0.01s
[4523.506s][info ][safepoint      ] Safepoint "ParallelGCFailedAllocation", Time since last: 151404913 ns, Reaching safepoint: 107102 ns, At safepoint: 10431708 ns, Total: 10538810 ns
[4526.506s][info ][safepoint      ] Safepoint "Cleanup", Time since last: 3000225321 ns, Reaching safepoint: 50401 ns, At safepoint: 4800 ns, Total: 55201 ns
[4528.506s][info ][safepoint      ] Safepoint "Cleanup", Time since last: 2000188715 ns, Reaching safepoint: 48301 ns, At safepoint: 29801 ns, Total: 78102 ns
[4530.506s][info ][safepoint      ] Safepoint "Cleanup", Time since last: 2000174614 ns, Reaching safepoint: 47301 ns, At safepoint: 7400 ns, Total: 54701 ns
[4533.507s][info ][safepoint      ] Safepoint "Cleanup", Time since last: 3000250322 ns, Reaching safepoint: 68502 ns, At safepoint: 8700 ns, Total: 77202 ns
[4539.507s][info ][safepoint      ] Safepoint "Cleanup", Time since last: 6000498045 ns, Reaching safepoint: 67401 ns, At safepoint: 8800 ns, Total: 76201 ns
[4551.508s][info ][safepoint      ] Safepoint "Cleanup", Time since last: 12000816290 ns, Reaching safepoint: 38001 ns, At safepoint: 3500 ns, Total: 41501 ns
[4554.508s][info ][safepoint      ] Safepoint "Cleanup", Time since last: 3000248624 ns, Reaching safepoint: 45801 ns, At safepoint: 4000 ns, Total: 49801 ns
[4574.513s][info ][safepoint      ] Safepoint "Cleanup", Time since last: 20004962733 ns, Reaching safepoint: 48501 ns, At safepoint: 2800 ns, Total: 51301 ns
[4591.515s][info ][safepoint      ] Safepoint "Cleanup", Time since last: 17001378952 ns, Reaching safepoint: 56601 ns, At safepoint: 37300 ns, Total: 93901 ns
[4593.515s][info ][safepoint      ] Safepoint "Cleanup", Time since last: 2000176719 ns, Reaching safepoint: 28901 ns, At safepoint: 3700 ns, Total: 32601 ns
[4596.515s][info ][safepoint      ] Safepoint "Cleanup", Time since last: 3000207127 ns, Reaching safepoint: 55201 ns, At safepoint: 6400 ns, Total: 61601 ns
[4603.306s][info ][gc,start       ] GC(172) Pause Young (Allocation Failure)
[4603.315s][debug][gc,phases      ] GC(172) Scavenge 9.644ms
[4603.315s][debug][gc,ref         ] GC(172) Skipped phase 1 of Reference Processing: no references
[4603.315s][debug][gc,ref         ] GC(172) ReferenceProcessor::execute queues: 1, RefProcThreadModel::Single, marks_oops_alive: false
[4603.315s][debug][gc,ref         ] GC(172) Skipped phase 3 of Reference Processing: no references
[4603.315s][debug][gc,ref         ] GC(172) ReferenceProcessor::execute queues: 1, RefProcThreadModel::Single, marks_oops_alive: false
[4603.315s][debug][gc,phases      ] GC(172) Reference Processing 0.146ms
[4603.316s][debug][gc,phases      ] GC(172)   VM Weak                        Min:  0.0, Avg:  0.0, Max:  0.0, Diff:  0.0, Sum:  0.0, Workers: 4
[4603.316s][debug][gc,phases      ] GC(172)     Dead                           Min: 0, Avg:  0.0, Max: 0, Diff: 0, Sum: 0, Workers: 4
[4603.316s][debug][gc,phases      ] GC(172)     Total                          Min: 0, Avg: 140.5, Max: 397, Diff: 397, Sum: 562, Workers: 4
[4603.316s][debug][gc,phases      ] GC(172)   ObjectSynchronizer Weak        Min:  0.0, Avg:  0.0, Max:  0.0, Diff:  0.0, Sum:  0.0, Workers: 4
[4603.316s][debug][gc,phases      ] GC(172)     Dead                           Min: 0, Avg:  0.2, Max: 1, Diff: 1, Sum: 1, Workers: 4
[4603.316s][debug][gc,phases      ] GC(172)     Total                          Min: 0, Avg: 95.8, Max: 192, Diff: 192, Sum: 383, Workers: 4
[4603.316s][debug][gc,phases      ] GC(172)   JVMTI Tag Weak OopStorage      Min:  0.0, Avg:  0.0, Max:  0.0, Diff:  0.0, Sum:  0.0, Workers: 4
[4603.316s][debug][gc,phases      ] GC(172)     Dead                           Min: 0, Avg:  0.0, Max: 0, Diff: 0, Sum: 0, Workers: 4
[4603.316s][debug][gc,phases      ] GC(172)     Total                          Min: 0, Avg:  0.0, Max: 0, Diff: 0, Sum: 0, Workers: 4
[4603.316s][debug][gc,phases      ] GC(172)   StringTable Weak               Min:  0.1, Avg:  0.1, Max:  0.1, Diff:  0.0, Sum:  0.5, Workers: 4
[4603.316s][debug][gc,phases      ] GC(172)     Dead                           Min: 0, Avg:  0.0, Max: 0, Diff: 0, Sum: 0, Workers: 4
[4603.316s][debug][gc,phases      ] GC(172)     Total                          Min: 11584, Avg: 12145.2, Max: 12933, Diff: 1349, Sum: 48581, Workers: 4
[4603.316s][debug][gc,phases      ] GC(172)   ResolvedMethodTable Weak       Min:  0.0, Avg:  0.0, Max:  0.0, Diff:  0.0, Sum:  0.1, Workers: 4
[4603.316s][debug][gc,phases      ] GC(172)     Dead                           Min: 0, Avg:  0.0, Max: 0, Diff: 0, Sum: 0, Workers: 4
[4603.316s][debug][gc,phases      ] GC(172)     Total                          Min: 1964, Avg: 2041.2, Max: 2108, Diff: 144, Sum: 8165, Workers: 4
[4603.316s][debug][gc,phases      ] GC(172)   JNI Weak                       Min:  0.0, Avg:  0.0, Max:  0.0, Diff:  0.0, Sum:  0.0, Workers: 4
[4603.316s][debug][gc,phases      ] GC(172)     Dead                           Min: 0, Avg:  0.0, Max: 0, Diff: 0, Sum: 0, Workers: 4
[4603.316s][debug][gc,phases      ] GC(172)     Total                          Min: 0, Avg:  0.0, Max: 0, Diff: 0, Sum: 0, Workers: 4
[4603.316s][debug][gc,phases      ] GC(172)   StringDedup Table Weak         Min:  0.0, Avg:  0.0, Max:  0.0, Diff:  0.0, Sum:  0.0, Workers: 4
[4603.316s][debug][gc,phases      ] GC(172)     Dead                           Min: 0, Avg:  0.0, Max: 0, Diff: 0, Sum: 0, Workers: 4
[4603.316s][debug][gc,phases      ] GC(172)     Total                          Min: 0, Avg:  0.0, Max: 0, Diff: 0, Sum: 0, Workers: 4
[4603.316s][debug][gc,phases      ] GC(172)   StringDedup Requests0 Weak     Min:  0.0, Avg:  0.0, Max:  0.0, Diff:  0.0, Sum:  0.0, Workers: 4
[4603.316s][debug][gc,phases      ] GC(172)     Dead                           Min: 0, Avg:  0.0, Max: 0, Diff: 0, Sum: 0, Workers: 4
[4603.316s][debug][gc,phases      ] GC(172)     Total                          Min: 0, Avg:  0.0, Max: 0, Diff: 0, Sum: 0, Workers: 4
[4603.316s][debug][gc,phases      ] GC(172)   StringDedup Requests1 Weak     Min:  0.0, Avg:  0.0, Max:  0.0, Diff:  0.0, Sum:  0.0, Workers: 4
[4603.316s][debug][gc,phases      ] GC(172)     Dead                           Min: 0, Avg:  0.0, Max: 0, Diff: 0, Sum: 0, Workers: 4
[4603.316s][debug][gc,phases      ] GC(172)     Total                          Min: 0, Avg:  0.0, Max: 0, Diff: 0, Sum: 0, Workers: 4
[4603.316s][debug][gc,phases      ] GC(172)   Weak JFR Old Object Samples    Min:  0.0, Avg:  0.0, Max:  0.0, Diff:  0.0, Sum:  0.0, Workers: 4
[4603.316s][debug][gc,phases      ] GC(172)     Dead                           Min: 0, Avg:  0.0, Max: 0, Diff: 0, Sum: 0, Workers: 4
[4603.316s][debug][gc,phases      ] GC(172)     Total                          Min: 0, Avg:  0.0, Max: 0, Diff: 0, Sum: 0, Workers: 4
[4603.316s][debug][gc,phases      ] GC(172) Weak Processing 0.358ms
[4603.316s][debug][gc,age         ] GC(172) Desired survivor size 70778880 bytes, new threshold 15 (max threshold 15)
[4603.316s][info ][gc,heap        ] GC(172) PSYoungGen: 1992544K(2025472K)->38112K(2028032K) Eden: 1954304K(1954304K)->0K(1957888K) From: 38240K(71168K)->38112K(70144K)
[4603.316s][info ][gc,heap        ] GC(172) ParOldGen: 546800K(678400K)->546800K(678400K)
[4603.316s][info ][gc,metaspace   ] GC(172) Metaspace: 83688K(84736K)->83688K(84736K) NonClass: 72080K(72640K)->72080K(72640K) Class: 11607K(12096K)->11607K(12096K)
[4603.316s][info ][gc             ] GC(172) Pause Young (Allocation Failure) 2479M->571M(2643M) 10.291ms
[4603.316s][info ][gc,cpu         ] GC(172) User=0.04s Sys=0.00s Real=0.01s
[4603.316s][info ][safepoint      ] Safepoint "ParallelGCFailedAllocation", Time since last: 6790206778 ns, Reaching safepoint: 26600 ns, At safepoint: 10376407 ns, Total: 10403007 ns
[4604.316s][info ][safepoint      ] Safepoint "Cleanup", Time since last: 1000078409 ns, Reaching safepoint: 36401 ns, At safepoint: 2500 ns, Total: 38901 ns
[4606.316s][info ][safepoint      ] Safepoint "Cleanup", Time since last: 2000171519 ns, Reaching safepoint: 52001 ns, At safepoint: 7401 ns, Total: 59402 ns
[4621.317s][info ][safepoint      ] Safepoint "Cleanup", Time since last: 15000943541 ns, Reaching safepoint: 36601 ns, At safepoint: 33600 ns, Total: 70201 ns
[4636.318s][info ][safepoint      ] Safepoint "Cleanup", Time since last: 15000994049 ns, Reaching safepoint: 44701 ns, At safepoint: 3000 ns, Total: 47701 ns
[4638.319s][info ][safepoint      ] Safepoint "Cleanup", Time since last: 2000192621 ns, Reaching safepoint: 49301 ns, At safepoint: 9500 ns, Total: 58801 ns
[4651.320s][info ][safepoint      ] Safepoint "Cleanup", Time since last: 13000850534 ns, Reaching safepoint: 51001 ns, At safepoint: 35401 ns, Total: 86402 ns
[4653.320s][info ][safepoint      ] Safepoint "Cleanup", Time since last: 2000166522 ns, Reaching safepoint: 52601 ns, At safepoint: 9400 ns, Total: 62001 ns
[4658.320s][info ][safepoint      ] Safepoint "Cleanup", Time since last: 5000375254 ns, Reaching safepoint: 42201 ns, At safepoint: 3200 ns, Total: 45401 ns
[4663.321s][info ][safepoint      ] Safepoint "Cleanup", Time since last: 5000375454 ns, Reaching safepoint: 51101 ns, At safepoint: 7500 ns, Total: 58601 ns
[4666.321s][info ][safepoint      ] Safepoint "Cleanup", Time since last: 3000265034 ns, Reaching safepoint: 49001 ns, At safepoint: 4300 ns, Total: 53301 ns
[4680.798s][info ][gc,start       ] GC(173) Pause Young (Allocation Failure)
[4680.807s][debug][gc,phases      ] GC(173) Scavenge 8.870ms
[4680.807s][debug][gc,ref         ] GC(173) Skipped phase 1 of Reference Processing: no references
[4680.807s][debug][gc,ref         ] GC(173) ReferenceProcessor::execute queues: 1, RefProcThreadModel::Single, marks_oops_alive: false
[4680.807s][debug][gc,ref         ] GC(173) Skipped phase 3 of Reference Processing: no references
[4680.807s][debug][gc,ref         ] GC(173) ReferenceProcessor::execute queues: 1, RefProcThreadModel::Single, marks_oops_alive: false
[4680.807s][debug][gc,phases      ] GC(173) Reference Processing 0.137ms
[4680.808s][debug][gc,phases      ] GC(173)   VM Weak                        Min:  0.0, Avg:  0.0, Max:  0.0, Diff:  0.0, Sum:  0.0, Workers: 4
[4680.808s][debug][gc,phases      ] GC(173)     Dead                           Min: 0, Avg:  0.0, Max: 0, Diff: 0, Sum: 0, Workers: 4
[4680.808s][debug][gc,phases      ] GC(173)     Total                          Min: 0, Avg: 140.5, Max: 459, Diff: 459, Sum: 562, Workers: 4
[4680.808s][debug][gc,phases      ] GC(173)   ObjectSynchronizer Weak        Min:  0.0, Avg:  0.0, Max:  0.0, Diff:  0.0, Sum:  0.0, Workers: 4
[4680.808s][debug][gc,phases      ] GC(173)     Dead                           Min: 0, Avg:  0.0, Max: 0, Diff: 0, Sum: 0, Workers: 4
[4680.808s][debug][gc,phases      ] GC(173)     Total                          Min: 63, Avg: 95.8, Max: 128, Diff: 65, Sum: 383, Workers: 4
[4680.808s][debug][gc,phases      ] GC(173)   JVMTI Tag Weak OopStorage      Min:  0.0, Avg:  0.0, Max:  0.0, Diff:  0.0, Sum:  0.0, Workers: 4
[4680.808s][debug][gc,phases      ] GC(173)     Dead                           Min: 0, Avg:  0.0, Max: 0, Diff: 0, Sum: 0, Workers: 4
[4680.808s][debug][gc,phases      ] GC(173)     Total                          Min: 0, Avg:  0.0, Max: 0, Diff: 0, Sum: 0, Workers: 4
[4680.808s][debug][gc,phases      ] GC(173)   StringTable Weak               Min:  0.1, Avg:  0.1, Max:  0.1, Diff:  0.0, Sum:  0.5, Workers: 4
[4680.808s][debug][gc,phases      ] GC(173)     Dead                           Min: 0, Avg:  0.0, Max: 0, Diff: 0, Sum: 0, Workers: 4
[4680.808s][debug][gc,phases      ] GC(173)     Total                          Min: 10752, Avg: 12145.5, Max: 13254, Diff: 2502, Sum: 48582, Workers: 4
[4680.808s][debug][gc,phases      ] GC(173)   ResolvedMethodTable Weak       Min:  0.0, Avg:  0.0, Max:  0.0, Diff:  0.0, Sum:  0.1, Workers: 4
[4680.808s][debug][gc,phases      ] GC(173)     Dead                           Min: 0, Avg:  0.0, Max: 0, Diff: 0, Sum: 0, Workers: 4
[4680.808s][debug][gc,phases      ] GC(173)     Total                          Min: 1909, Avg: 2041.2, Max: 2235, Diff: 326, Sum: 8165, Workers: 4
[4680.808s][debug][gc,phases      ] GC(173)   JNI Weak                       Min:  0.0, Avg:  0.0, Max:  0.0, Diff:  0.0, Sum:  0.0, Workers: 4
[4680.808s][debug][gc,phases      ] GC(173)     Dead                           Min: 0, Avg:  0.0, Max: 0, Diff: 0, Sum: 0, Workers: 4
[4680.808s][debug][gc,phases      ] GC(173)     Total                          Min: 0, Avg:  0.0, Max: 0, Diff: 0, Sum: 0, Workers: 4
[4680.808s][debug][gc,phases      ] GC(173)   StringDedup Table Weak         Min:  0.0, Avg:  0.0, Max:  0.0, Diff:  0.0, Sum:  0.0, Workers: 4
[4680.808s][debug][gc,phases      ] GC(173)     Dead                           Min: 0, Avg:  0.0, Max: 0, Diff: 0, Sum: 0, Workers: 4
[4680.808s][debug][gc,phases      ] GC(173)     Total                          Min: 0, Avg:  0.0, Max: 0, Diff: 0, Sum: 0, Workers: 4
[4680.808s][debug][gc,phases      ] GC(173)   StringDedup Requests0 Weak     Min:  0.0, Avg:  0.0, Max:  0.0, Diff:  0.0, Sum:  0.0, Workers: 4
[4680.808s][debug][gc,phases      ] GC(173)     Dead                           Min: 0, Avg:  0.0, Max: 0, Diff: 0, Sum: 0, Workers: 4
[4680.808s][debug][gc,phases      ] GC(173)     Total                          Min: 0, Avg:  0.0, Max: 0, Diff: 0, Sum: 0, Workers: 4
[4680.808s][debug][gc,phases      ] GC(173)   StringDedup Requests1 Weak     Min:  0.0, Avg:  0.0, Max:  0.0, Diff:  0.0, Sum:  0.0, Workers: 4
[4680.808s][debug][gc,phases      ] GC(173)     Dead                           Min: 0, Avg:  0.0, Max: 0, Diff: 0, Sum: 0, Workers: 4
[4680.808s][debug][gc,phases      ] GC(173)     Total                          Min: 0, Avg:  0.0, Max: 0, Diff: 0, Sum: 0, Workers: 4
[4680.808s][debug][gc,phases      ] GC(173)   Weak JFR Old Object Samples    Min:  0.0, Avg:  0.0, Max:  0.0, Diff:  0.0, Sum:  0.0, Workers: 4
[4680.808s][debug][gc,phases      ] GC(173)     Dead                           Min: 0, Avg:  0.0, Max: 0, Diff: 0, Sum: 0, Workers: 4
[4680.808s][debug][gc,phases      ] GC(173)     Total                          Min: 0, Avg:  0.0, Max: 0, Diff: 0, Sum: 0, Workers: 4
[4680.808s][debug][gc,phases      ] GC(173) Weak Processing 0.343ms
[4680.808s][debug][gc,age         ] GC(173) Desired survivor size 67633152 bytes, new threshold 15 (max threshold 15)
[4680.808s][info ][gc,heap        ] GC(173) PSYoungGen: 1996000K(2028032K)->32864K(2027008K) Eden: 1957888K(1957888K)->0K(1957888K) From: 38112K(70144K)->32864K(69120K)
[4680.808s][info ][gc,heap        ] GC(173) ParOldGen: 546800K(678400K)->546800K(678400K)
[4680.808s][info ][gc,metaspace   ] GC(173) Metaspace: 83691K(84736K)->83691K(84736K) NonClass: 72083K(72640K)->72083K(72640K) Class: 11607K(12096K)->11607K(12096K)
[4680.808s][info ][gc             ] GC(173) Pause Young (Allocation Failure) 2483M->566M(2642M) 9.491ms
[4680.808s][info ][gc,cpu         ] GC(173) User=0.03s Sys=0.00s Real=0.01s
[4680.808s][info ][safepoint      ] Safepoint "ParallelGCFailedAllocation", Time since last: 14477317640 ns, Reaching safepoint: 31901 ns, At safepoint: 9567990 ns, Total: 9599891 ns
[4681.808s][info ][safepoint      ] Safepoint "Cleanup", Time since last: 1000083412 ns, Reaching safepoint: 52101 ns, At safepoint: 36300 ns, Total: 88401 ns
[4713.810s][info ][safepoint      ] Safepoint "Cleanup", Time since last: 32002069172 ns, Reaching safepoint: 32501 ns, At safepoint: 3600 ns, Total: 36101 ns
[4764.813s][info ][safepoint      ] Safepoint "Cleanup", Time since last: 51003121536 ns, Reaching safepoint: 30101 ns, At safepoint: 29700 ns, Total: 59801 ns
[4765.920s][info ][gc,start       ] GC(174) Pause Young (Allocation Failure)
[4765.929s][debug][gc,phases      ] GC(174) Scavenge 8.921ms
[4765.929s][debug][gc,ref         ] GC(174) Skipped phase 1 of Reference Processing: no references
[4765.929s][debug][gc,ref         ] GC(174) ReferenceProcessor::execute queues: 1, RefProcThreadModel::Single, marks_oops_alive: false
[4765.929s][debug][gc,ref         ] GC(174) Skipped phase 3 of Reference Processing: no references
[4765.929s][debug][gc,ref         ] GC(174) ReferenceProcessor::execute queues: 1, RefProcThreadModel::Single, marks_oops_alive: false
[4765.929s][debug][gc,phases      ] GC(174) Reference Processing 0.130ms
[4765.929s][debug][gc,phases      ] GC(174)   VM Weak                        Min:  0.0, Avg:  0.0, Max:  0.0, Diff:  0.0, Sum:  0.0, Workers: 4
[4765.929s][debug][gc,phases      ] GC(174)     Dead                           Min: 0, Avg:  0.0, Max: 0, Diff: 0, Sum: 0, Workers: 4
[4765.929s][debug][gc,phases      ] GC(174)     Total                          Min: 0, Avg: 140.5, Max: 459, Diff: 459, Sum: 562, Workers: 4
[4765.929s][debug][gc,phases      ] GC(174)   ObjectSynchronizer Weak        Min:  0.0, Avg:  0.0, Max:  0.0, Diff:  0.0, Sum:  0.0, Workers: 4
[4765.929s][debug][gc,phases      ] GC(174)     Dead                           Min: 0, Avg:  0.0, Max: 0, Diff: 0, Sum: 0, Workers: 4
[4765.929s][debug][gc,phases      ] GC(174)     Total                          Min: 0, Avg: 95.8, Max: 191, Diff: 191, Sum: 383, Workers: 4
[4765.929s][debug][gc,phases      ] GC(174)   JVMTI Tag Weak OopStorage      Min:  0.0, Avg:  0.0, Max:  0.0, Diff:  0.0, Sum:  0.0, Workers: 4
[4765.929s][debug][gc,phases      ] GC(174)     Dead                           Min: 0, Avg:  0.0, Max: 0, Diff: 0, Sum: 0, Workers: 4
[4765.929s][debug][gc,phases      ] GC(174)     Total                          Min: 0, Avg:  0.0, Max: 0, Diff: 0, Sum: 0, Workers: 4
[4765.929s][debug][gc,phases      ] GC(174)   StringTable Weak               Min:  0.1, Avg:  0.1, Max:  0.1, Diff:  0.0, Sum:  0.5, Workers: 4
[4765.929s][debug][gc,phases      ] GC(174)     Dead                           Min: 0, Avg:  0.0, Max: 0, Diff: 0, Sum: 0, Workers: 4
[4765.929s][debug][gc,phases      ] GC(174)     Total                          Min: 11648, Avg: 12145.5, Max: 13126, Diff: 1478, Sum: 48582, Workers: 4
[4765.929s][debug][gc,phases      ] GC(174)   ResolvedMethodTable Weak       Min:  0.0, Avg:  0.0, Max:  0.0, Diff:  0.0, Sum:  0.1, Workers: 4
[4765.929s][debug][gc,phases      ] GC(174)     Dead                           Min: 0, Avg:  0.0, Max: 0, Diff: 0, Sum: 0, Workers: 4
[4765.929s][debug][gc,phases      ] GC(174)     Total                          Min: 1964, Avg: 2041.2, Max: 2173, Diff: 209, Sum: 8165, Workers: 4
[4765.929s][debug][gc,phases      ] GC(174)   JNI Weak                       Min:  0.0, Avg:  0.0, Max:  0.0, Diff:  0.0, Sum:  0.0, Workers: 4
[4765.929s][debug][gc,phases      ] GC(174)     Dead                           Min: 0, Avg:  0.0, Max: 0, Diff: 0, Sum: 0, Workers: 4
[4765.929s][debug][gc,phases      ] GC(174)     Total                          Min: 0, Avg:  0.0, Max: 0, Diff: 0, Sum: 0, Workers: 4
[4765.929s][debug][gc,phases      ] GC(174)   StringDedup Table Weak         Min:  0.0, Avg:  0.0, Max:  0.0, Diff:  0.0, Sum:  0.0, Workers: 4
[4765.929s][debug][gc,phases      ] GC(174)     Dead                           Min: 0, Avg:  0.0, Max: 0, Diff: 0, Sum: 0, Workers: 4
[4765.929s][debug][gc,phases      ] GC(174)     Total                          Min: 0, Avg:  0.0, Max: 0, Diff: 0, Sum: 0, Workers: 4
[4765.929s][debug][gc,phases      ] GC(174)   StringDedup Requests0 Weak     Min:  0.0, Avg:  0.0, Max:  0.0, Diff:  0.0, Sum:  0.0, Workers: 4
[4765.929s][debug][gc,phases      ] GC(174)     Dead                           Min: 0, Avg:  0.0, Max: 0, Diff: 0, Sum: 0, Workers: 4
[4765.929s][debug][gc,phases      ] GC(174)     Total                          Min: 0, Avg:  0.0, Max: 0, Diff: 0, Sum: 0, Workers: 4
[4765.929s][debug][gc,phases      ] GC(174)   StringDedup Requests1 Weak     Min:  0.0, Avg:  0.0, Max:  0.0, Diff:  0.0, Sum:  0.0, Workers: 4
[4765.929s][debug][gc,phases      ] GC(174)     Dead                           Min: 0, Avg:  0.0, Max: 0, Diff: 0, Sum: 0, Workers: 4
[4765.929s][debug][gc,phases      ] GC(174)     Total                          Min: 0, Avg:  0.0, Max: 0, Diff: 0, Sum: 0, Workers: 4
[4765.929s][debug][gc,phases      ] GC(174)   Weak JFR Old Object Samples    Min:  0.0, Avg:  0.0, Max:  0.0, Diff:  0.0, Sum:  0.0, Workers: 4
[4765.929s][debug][gc,phases      ] GC(174)     Dead                           Min: 0, Avg:  0.0, Max: 0, Diff: 0, Sum: 0, Workers: 4
[4765.929s][debug][gc,phases      ] GC(174)     Total                          Min: 0, Avg:  0.0, Max: 0, Diff: 0, Sum: 0, Workers: 4
[4765.929s][debug][gc,phases      ] GC(174) Weak Processing 0.347ms
[4765.929s][debug][gc,age         ] GC(174) Desired survivor size 64487424 bytes, new threshold 15 (max threshold 15)
[4765.930s][info ][gc,heap        ] GC(174) PSYoungGen: 1990752K(2027008K)->32640K(2034176K) Eden: 1957888K(1957888K)->0K(1968128K) From: 32864K(69120K)->32640K(66048K)
[4765.930s][info ][gc,heap        ] GC(174) ParOldGen: 546800K(678400K)->546800K(678400K)
[4765.930s][info ][gc,metaspace   ] GC(174) Metaspace: 83691K(84736K)->83691K(84736K) NonClass: 72083K(72640K)->72083K(72640K) Class: 11607K(12096K)->11607K(12096K)
[4765.930s][info ][gc             ] GC(174) Pause Young (Allocation Failure) 2478M->565M(2649M) 9.537ms
[4765.930s][info ][gc,cpu         ] GC(174) User=0.03s Sys=0.00s Real=0.01s
[4765.930s][info ][safepoint      ] Safepoint "ParallelGCFailedAllocation", Time since last: 1106619135 ns, Reaching safepoint: 31901 ns, At safepoint: 9627092 ns, Total: 9658993 ns
[4768.930s][info ][safepoint      ] Safepoint "Cleanup", Time since last: 3000236940 ns, Reaching safepoint: 57401 ns, At safepoint: 6600 ns, Total: 64001 ns
[4772.930s][info ][safepoint      ] Safepoint "Cleanup", Time since last: 4000286254 ns, Reaching safepoint: 51701 ns, At safepoint: 8300 ns, Total: 60001 ns
[4773.930s][info ][safepoint      ] Safepoint "Cleanup", Time since last: 1000106614 ns, Reaching safepoint: 58201 ns, At safepoint: 32001 ns, Total: 90202 ns
[4825.934s][info ][safepoint      ] Safepoint "Cleanup", Time since last: 52003693524 ns, Reaching safepoint: 67301 ns, At safepoint: 12900 ns, Total: 80201 ns
[4828.934s][info ][safepoint      ] Safepoint "Cleanup", Time since last: 3000247244 ns, Reaching safepoint: 52601 ns, At safepoint: 3500 ns, Total: 56101 ns
[4833.935s][info ][safepoint      ] Safepoint "Cleanup", Time since last: 5000334273 ns, Reaching safepoint: 52901 ns, At safepoint: 3900 ns, Total: 56801 ns
[4838.935s][info ][safepoint      ] Safepoint "Cleanup", Time since last: 5000422574 ns, Reaching safepoint: 54101 ns, At safepoint: 9400 ns, Total: 63501 ns
[4845.936s][info ][safepoint      ] Safepoint "Cleanup", Time since last: 7000514504 ns, Reaching safepoint: 55301 ns, At safepoint: 3700 ns, Total: 59001 ns
[4847.974s][info ][gc,start       ] GC(175) Pause Young (Allocation Failure)
[4847.982s][debug][gc,phases      ] GC(175) Scavenge 8.616ms
[4847.982s][debug][gc,ref         ] GC(175) Skipped phase 1 of Reference Processing: no references
[4847.982s][debug][gc,ref         ] GC(175) ReferenceProcessor::execute queues: 1, RefProcThreadModel::Single, marks_oops_alive: false
[4847.983s][debug][gc,ref         ] GC(175) Skipped phase 3 of Reference Processing: no references
[4847.983s][debug][gc,ref         ] GC(175) ReferenceProcessor::execute queues: 1, RefProcThreadModel::Single, marks_oops_alive: false
[4847.983s][debug][gc,phases      ] GC(175) Reference Processing 0.132ms
[4847.983s][debug][gc,phases      ] GC(175)   VM Weak                        Min:  0.0, Avg:  0.0, Max:  0.0, Diff:  0.0, Sum:  0.0, Workers: 4
[4847.983s][debug][gc,phases      ] GC(175)     Dead                           Min: 0, Avg:  0.0, Max: 0, Diff: 0, Sum: 0, Workers: 4
[4847.983s][debug][gc,phases      ] GC(175)     Total                          Min: 0, Avg: 140.5, Max: 397, Diff: 397, Sum: 562, Workers: 4
[4847.983s][debug][gc,phases      ] GC(175)   ObjectSynchronizer Weak        Min:  0.0, Avg:  0.0, Max:  0.0, Diff:  0.0, Sum:  0.0, Workers: 4
[4847.983s][debug][gc,phases      ] GC(175)     Dead                           Min: 0, Avg:  0.0, Max: 0, Diff: 0, Sum: 0, Workers: 4
[4847.983s][debug][gc,phases      ] GC(175)     Total                          Min: 0, Avg: 95.8, Max: 191, Diff: 191, Sum: 383, Workers: 4
[4847.983s][debug][gc,phases      ] GC(175)   JVMTI Tag Weak OopStorage      Min:  0.0, Avg:  0.0, Max:  0.0, Diff:  0.0, Sum:  0.0, Workers: 4
[4847.983s][debug][gc,phases      ] GC(175)     Dead                           Min: 0, Avg:  0.0, Max: 0, Diff: 0, Sum: 0, Workers: 4
[4847.983s][debug][gc,phases      ] GC(175)     Total                          Min: 0, Avg:  0.0, Max: 0, Diff: 0, Sum: 0, Workers: 4
[4847.983s][debug][gc,phases      ] GC(175)   StringTable Weak               Min:  0.1, Avg:  0.1, Max:  0.1, Diff:  0.0, Sum:  0.5, Workers: 4
[4847.983s][debug][gc,phases      ] GC(175)     Dead                           Min: 0, Avg:  0.0, Max: 0, Diff: 0, Sum: 0, Workers: 4
[4847.983s][debug][gc,phases      ] GC(175)     Total                          Min: 11264, Avg: 12146.5, Max: 12864, Diff: 1600, Sum: 48586, Workers: 4
[4847.983s][debug][gc,phases      ] GC(175)   ResolvedMethodTable Weak       Min:  0.0, Avg:  0.0, Max:  0.0, Diff:  0.0, Sum:  0.1, Workers: 4
[4847.983s][debug][gc,phases      ] GC(175)     Dead                           Min: 0, Avg:  0.0, Max: 0, Diff: 0, Sum: 0, Workers: 4
[4847.983s][debug][gc,phases      ] GC(175)     Total                          Min: 1900, Avg: 2041.2, Max: 2237, Diff: 337, Sum: 8165, Workers: 4
[4847.983s][debug][gc,phases      ] GC(175)   JNI Weak                       Min:  0.0, Avg:  0.0, Max:  0.0, Diff:  0.0, Sum:  0.0, Workers: 4
[4847.983s][debug][gc,phases      ] GC(175)     Dead                           Min: 0, Avg:  0.0, Max: 0, Diff: 0, Sum: 0, Workers: 4
[4847.983s][debug][gc,phases      ] GC(175)     Total                          Min: 0, Avg:  0.0, Max: 0, Diff: 0, Sum: 0, Workers: 4
[4847.983s][debug][gc,phases      ] GC(175)   StringDedup Table Weak         Min:  0.0, Avg:  0.0, Max:  0.0, Diff:  0.0, Sum:  0.0, Workers: 4
[4847.983s][debug][gc,phases      ] GC(175)     Dead                           Min: 0, Avg:  0.0, Max: 0, Diff: 0, Sum: 0, Workers: 4
[4847.983s][debug][gc,phases      ] GC(175)     Total                          Min: 0, Avg:  0.0, Max: 0, Diff: 0, Sum: 0, Workers: 4
[4847.983s][debug][gc,phases      ] GC(175)   StringDedup Requests0 Weak     Min:  0.0, Avg:  0.0, Max:  0.0, Diff:  0.0, Sum:  0.0, Workers: 4
[4847.983s][debug][gc,phases      ] GC(175)     Dead                           Min: 0, Avg:  0.0, Max: 0, Diff: 0, Sum: 0, Workers: 4
[4847.983s][debug][gc,phases      ] GC(175)     Total                          Min: 0, Avg:  0.0, Max: 0, Diff: 0, Sum: 0, Workers: 4
[4847.983s][debug][gc,phases      ] GC(175)   StringDedup Requests1 Weak     Min:  0.0, Avg:  0.0, Max:  0.0, Diff:  0.0, Sum:  0.0, Workers: 4
[4847.983s][debug][gc,phases      ] GC(175)     Dead                           Min: 0, Avg:  0.0, Max: 0, Diff: 0, Sum: 0, Workers: 4
[4847.983s][debug][gc,phases      ] GC(175)     Total                          Min: 0, Avg:  0.0, Max: 0, Diff: 0, Sum: 0, Workers: 4
[4847.983s][debug][gc,phases      ] GC(175)   Weak JFR Old Object Samples    Min:  0.0, Avg:  0.0, Max:  0.0, Diff:  0.0, Sum:  0.0, Workers: 4
[4847.983s][debug][gc,phases      ] GC(175)     Dead                           Min: 0, Avg:  0.0, Max: 0, Diff: 0, Sum: 0, Workers: 4
[4847.983s][debug][gc,phases      ] GC(175)     Total                          Min: 0, Avg:  0.0, Max: 0, Diff: 0, Sum: 0, Workers: 4
[4847.983s][debug][gc,phases      ] GC(175) Weak Processing 0.363ms
[4847.983s][debug][gc,age         ] GC(175) Desired survivor size 61341696 bytes, new threshold 15 (max threshold 15)
[4847.983s][info ][gc,heap        ] GC(175) PSYoungGen: 2000768K(2034176K)->32304K(2031104K) Eden: 1968128K(1968128K)->0K(1968128K) From: 32640K(66048K)->32304K(62976K)
[4847.983s][info ][gc,heap        ] GC(175) ParOldGen: 546800K(678400K)->547296K(678400K)
[4847.983s][info ][gc,metaspace   ] GC(175) Metaspace: 83698K(84736K)->83698K(84736K) NonClass: 72090K(72640K)->72090K(72640K) Class: 11607K(12096K)->11607K(12096K)
[4847.983s][info ][gc             ] GC(175) Pause Young (Allocation Failure) 2487M->566M(2646M) 9.257ms
[4847.983s][info ][gc,cpu         ] GC(175) User=0.03s Sys=0.00s Real=0.00s
[4847.983s][info ][safepoint      ] Safepoint "ParallelGCFailedAllocation", Time since last: 2037662477 ns, Reaching safepoint: 42001 ns, At safepoint: 9354686 ns, Total: 9396687 ns
[4851.983s][info ][safepoint      ] Safepoint "Cleanup", Time since last: 4000304260 ns, Reaching safepoint: 60201 ns, At safepoint: 8700 ns, Total: 68901 ns
[4917.988s][info ][safepoint      ] Safepoint "Cleanup", Time since last: 66004972625 ns, Reaching safepoint: 58301 ns, At safepoint: 6300 ns, Total: 64601 ns
[4919.989s][info ][safepoint      ] Safepoint "Cleanup", Time since last: 2000172733 ns, Reaching safepoint: 57801 ns, At safepoint: 10700 ns, Total: 68501 ns
[4921.989s][info ][safepoint      ] Safepoint "Cleanup", Time since last: 2000183133 ns, Reaching safepoint: 46601 ns, At safepoint: 3400 ns, Total: 50001 ns
[4924.849s][info ][gc,start       ] GC(176) Pause Young (Allocation Failure)
[4924.857s][debug][gc,phases      ] GC(176) Scavenge 8.027ms
[4924.857s][debug][gc,ref         ] GC(176) Skipped phase 1 of Reference Processing: no references
[4924.857s][debug][gc,ref         ] GC(176) ReferenceProcessor::execute queues: 1, RefProcThreadModel::Single, marks_oops_alive: false
[4924.857s][debug][gc,ref         ] GC(176) Skipped phase 3 of Reference Processing: no references
[4924.857s][debug][gc,ref         ] GC(176) ReferenceProcessor::execute queues: 1, RefProcThreadModel::Single, marks_oops_alive: false
[4924.857s][debug][gc,phases      ] GC(176) Reference Processing 0.126ms
[4924.858s][debug][gc,phases      ] GC(176)   VM Weak                        Min:  0.0, Avg:  0.0, Max:  0.0, Diff:  0.0, Sum:  0.0, Workers: 4
[4924.858s][debug][gc,phases      ] GC(176)     Dead                           Min: 0, Avg:  0.0, Max: 0, Diff: 0, Sum: 0, Workers: 4
[4924.858s][debug][gc,phases      ] GC(176)     Total                          Min: 0, Avg: 140.5, Max: 397, Diff: 397, Sum: 562, Workers: 4
[4924.858s][debug][gc,phases      ] GC(176)   ObjectSynchronizer Weak        Min:  0.0, Avg:  0.0, Max:  0.0, Diff:  0.0, Sum:  0.0, Workers: 4
[4924.858s][debug][gc,phases      ] GC(176)     Dead                           Min: 0, Avg:  0.0, Max: 0, Diff: 0, Sum: 0, Workers: 4
[4924.858s][debug][gc,phases      ] GC(176)     Total                          Min: 0, Avg: 95.8, Max: 192, Diff: 192, Sum: 383, Workers: 4
[4924.858s][debug][gc,phases      ] GC(176)   JVMTI Tag Weak OopStorage      Min:  0.0, Avg:  0.0, Max:  0.0, Diff:  0.0, Sum:  0.0, Workers: 4
[4924.858s][debug][gc,phases      ] GC(176)     Dead                           Min: 0, Avg:  0.0, Max: 0, Diff: 0, Sum: 0, Workers: 4
[4924.858s][debug][gc,phases      ] GC(176)     Total                          Min: 0, Avg:  0.0, Max: 0, Diff: 0, Sum: 0, Workers: 4
[4924.858s][debug][gc,phases      ] GC(176)   StringTable Weak               Min:  0.1, Avg:  0.1, Max:  0.1, Diff:  0.0, Sum:  0.5, Workers: 4
[4924.858s][debug][gc,phases      ] GC(176)     Dead                           Min: 0, Avg:  0.0, Max: 0, Diff: 0, Sum: 0, Workers: 4
[4924.858s][debug][gc,phases      ] GC(176)     Total                          Min: 11264, Avg: 12146.5, Max: 12811, Diff: 1547, Sum: 48586, Workers: 4
[4924.858s][debug][gc,phases      ] GC(176)   ResolvedMethodTable Weak       Min:  0.0, Avg:  0.0, Max:  0.0, Diff:  0.0, Sum:  0.1, Workers: 4
[4924.858s][debug][gc,phases      ] GC(176)     Dead                           Min: 0, Avg:  0.0, Max: 0, Diff: 0, Sum: 0, Workers: 4
[4924.858s][debug][gc,phases      ] GC(176)     Total                          Min: 1909, Avg: 2041.2, Max: 2171, Diff: 262, Sum: 8165, Workers: 4
[4924.858s][debug][gc,phases      ] GC(176)   JNI Weak                       Min:  0.0, Avg:  0.0, Max:  0.0, Diff:  0.0, Sum:  0.0, Workers: 4
[4924.858s][debug][gc,phases      ] GC(176)     Dead                           Min: 0, Avg:  0.0, Max: 0, Diff: 0, Sum: 0, Workers: 4
[4924.858s][debug][gc,phases      ] GC(176)     Total                          Min: 0, Avg:  0.0, Max: 0, Diff: 0, Sum: 0, Workers: 4
[4924.858s][debug][gc,phases      ] GC(176)   StringDedup Table Weak         Min:  0.0, Avg:  0.0, Max:  0.0, Diff:  0.0, Sum:  0.0, Workers: 4
[4924.858s][debug][gc,phases      ] GC(176)     Dead                           Min: 0, Avg:  0.0, Max: 0, Diff: 0, Sum: 0, Workers: 4
[4924.858s][debug][gc,phases      ] GC(176)     Total                          Min: 0, Avg:  0.0, Max: 0, Diff: 0, Sum: 0, Workers: 4
[4924.858s][debug][gc,phases      ] GC(176)   StringDedup Requests0 Weak     Min:  0.0, Avg:  0.0, Max:  0.0, Diff:  0.0, Sum:  0.0, Workers: 4
[4924.858s][debug][gc,phases      ] GC(176)     Dead                           Min: 0, Avg:  0.0, Max: 0, Diff: 0, Sum: 0, Workers: 4
[4924.858s][debug][gc,phases      ] GC(176)     Total                          Min: 0, Avg:  0.0, Max: 0, Diff: 0, Sum: 0, Workers: 4
[4924.858s][debug][gc,phases      ] GC(176)   StringDedup Requests1 Weak     Min:  0.0, Avg:  0.0, Max:  0.0, Diff:  0.0, Sum:  0.0, Workers: 4
[4924.858s][debug][gc,phases      ] GC(176)     Dead                           Min: 0, Avg:  0.0, Max: 0, Diff: 0, Sum: 0, Workers: 4
[4924.858s][debug][gc,phases      ] GC(176)     Total                          Min: 0, Avg:  0.0, Max: 0, Diff: 0, Sum: 0, Workers: 4
[4924.858s][debug][gc,phases      ] GC(176)   Weak JFR Old Object Samples    Min:  0.0, Avg:  0.0, Max:  0.0, Diff:  0.0, Sum:  0.0, Workers: 4
[4924.858s][debug][gc,phases      ] GC(176)     Dead                           Min: 0, Avg:  0.0, Max: 0, Diff: 0, Sum: 0, Workers: 4
[4924.858s][debug][gc,phases      ] GC(176)     Total                          Min: 0, Avg:  0.0, Max: 0, Diff: 0, Sum: 0, Workers: 4
[4924.858s][debug][gc,phases      ] GC(176) Weak Processing 0.348ms
[4924.858s][debug][gc,age         ] GC(176) Desired survivor size 58720256 bytes, new threshold 15 (max threshold 15)
[4924.858s][info ][gc,heap        ] GC(176) PSYoungGen: 2000432K(2031104K)->31712K(2039808K) Eden: 1968128K(1968128K)->0K(1979904K) From: 32304K(62976K)->31712K(59904K)
[4924.858s][info ][gc,heap        ] GC(176) ParOldGen: 547296K(678400K)->547660K(678400K)
[4924.858s][info ][gc,metaspace   ] GC(176) Metaspace: 83706K(84736K)->83706K(84736K) NonClass: 72098K(72640K)->72098K(72640K) Class: 11607K(12096K)->11607K(12096K)
[4924.858s][info ][gc             ] GC(176) Pause Young (Allocation Failure) 2488M->565M(2654M) 8.641ms
[4924.858s][info ][gc,cpu         ] GC(176) User=0.02s Sys=0.01s Real=0.01s
[4924.858s][info ][safepoint      ] Safepoint "ParallelGCFailedAllocation", Time since last: 2860228660 ns, Reaching safepoint: 34101 ns, At safepoint: 8722374 ns, Total: 8756475 ns
[4948.860s][info ][safepoint      ] Safepoint "Cleanup", Time since last: 24001574587 ns, Reaching safepoint: 46501 ns, At safepoint: 7200 ns, Total: 53701 ns
[4955.860s][info ][safepoint      ] Safepoint "Cleanup", Time since last: 7000505516 ns, Reaching safepoint: 48801 ns, At safepoint: 5900 ns, Total: 54701 ns
[4967.861s][info ][safepoint      ] Safepoint "Cleanup", Time since last: 12001022103 ns, Reaching safepoint: 43500 ns, At safepoint: 2701 ns, Total: 46201 ns
[4969.861s][info ][safepoint      ] Safepoint "Cleanup", Time since last: 2000171834 ns, Reaching safepoint: 45200 ns, At safepoint: 8501 ns, Total: 53701 ns
[4987.863s][info ][safepoint      ] Safepoint "Cleanup", Time since last: 18001140400 ns, Reaching safepoint: 56701 ns, At safepoint: 12101 ns, Total: 68802 ns
[5009.297s][info ][gc,start       ] GC(177) Pause Young (Allocation Failure)
[5009.304s][debug][gc,phases      ] GC(177) Scavenge 7.280ms
[5009.304s][debug][gc,ref         ] GC(177) Skipped phase 1 of Reference Processing: no references
[5009.305s][debug][gc,ref         ] GC(177) ReferenceProcessor::execute queues: 1, RefProcThreadModel::Single, marks_oops_alive: false
[5009.305s][debug][gc,ref         ] GC(177) Skipped phase 3 of Reference Processing: no references
[5009.305s][debug][gc,ref         ] GC(177) ReferenceProcessor::execute queues: 1, RefProcThreadModel::Single, marks_oops_alive: false
[5009.305s][debug][gc,phases      ] GC(177) Reference Processing 0.140ms
[5009.305s][debug][gc,phases      ] GC(177)   VM Weak                        Min:  0.0, Avg:  0.0, Max:  0.0, Diff:  0.0, Sum:  0.0, Workers: 4
[5009.305s][debug][gc,phases      ] GC(177)     Dead                           Min: 0, Avg:  0.0, Max: 0, Diff: 0, Sum: 0, Workers: 4
[5009.305s][debug][gc,phases      ] GC(177)     Total                          Min: 0, Avg: 140.5, Max: 340, Diff: 340, Sum: 562, Workers: 4
[5009.305s][debug][gc,phases      ] GC(177)   ObjectSynchronizer Weak        Min:  0.0, Avg:  0.0, Max:  0.0, Diff:  0.0, Sum:  0.0, Workers: 4
[5009.305s][debug][gc,phases      ] GC(177)     Dead                           Min: 0, Avg:  0.0, Max: 0, Diff: 0, Sum: 0, Workers: 4
[5009.305s][debug][gc,phases      ] GC(177)     Total                          Min: 0, Avg: 95.8, Max: 128, Diff: 128, Sum: 383, Workers: 4
[5009.305s][debug][gc,phases      ] GC(177)   JVMTI Tag Weak OopStorage      Min:  0.0, Avg:  0.0, Max:  0.0, Diff:  0.0, Sum:  0.0, Workers: 4
[5009.305s][debug][gc,phases      ] GC(177)     Dead                           Min: 0, Avg:  0.0, Max: 0, Diff: 0, Sum: 0, Workers: 4
[5009.305s][debug][gc,phases      ] GC(177)     Total                          Min: 0, Avg:  0.0, Max: 0, Diff: 0, Sum: 0, Workers: 4
[5009.305s][debug][gc,phases      ] GC(177)   StringTable Weak               Min:  0.1, Avg:  0.1, Max:  0.1, Diff:  0.0, Sum:  0.5, Workers: 4
[5009.305s][debug][gc,phases      ] GC(177)     Dead                           Min: 0, Avg:  0.0, Max: 0, Diff: 0, Sum: 0, Workers: 4
[5009.305s][debug][gc,phases      ] GC(177)     Total                          Min: 11200, Avg: 12147.8, Max: 13583, Diff: 2383, Sum: 48591, Workers: 4
[5009.305s][debug][gc,phases      ] GC(177)   ResolvedMethodTable Weak       Min:  0.0, Avg:  0.0, Max:  0.1, Diff:  0.1, Sum:  0.2, Workers: 4
[5009.305s][debug][gc,phases      ] GC(177)     Dead                           Min: 0, Avg:  0.0, Max: 0, Diff: 0, Sum: 0, Workers: 4
[5009.305s][debug][gc,phases      ] GC(177)     Total                          Min: 1280, Avg: 2041.2, Max: 2546, Diff: 1266, Sum: 8165, Workers: 4
[5009.305s][debug][gc,phases      ] GC(177)   JNI Weak                       Min:  0.0, Avg:  0.0, Max:  0.0, Diff:  0.0, Sum:  0.0, Workers: 4
[5009.305s][debug][gc,phases      ] GC(177)     Dead                           Min: 0, Avg:  0.0, Max: 0, Diff: 0, Sum: 0, Workers: 4
[5009.305s][debug][gc,phases      ] GC(177)     Total                          Min: 0, Avg:  0.0, Max: 0, Diff: 0, Sum: 0, Workers: 4
[5009.305s][debug][gc,phases      ] GC(177)   StringDedup Table Weak         Min:  0.0, Avg:  0.0, Max:  0.0, Diff:  0.0, Sum:  0.0, Workers: 4
[5009.305s][debug][gc,phases      ] GC(177)     Dead                           Min: 0, Avg:  0.0, Max: 0, Diff: 0, Sum: 0, Workers: 4
[5009.305s][debug][gc,phases      ] GC(177)     Total                          Min: 0, Avg:  0.0, Max: 0, Diff: 0, Sum: 0, Workers: 4
[5009.305s][debug][gc,phases      ] GC(177)   StringDedup Requests0 Weak     Min:  0.0, Avg:  0.0, Max:  0.0, Diff:  0.0, Sum:  0.0, Workers: 4
[5009.305s][debug][gc,phases      ] GC(177)     Dead                           Min: 0, Avg:  0.0, Max: 0, Diff: 0, Sum: 0, Workers: 4
[5009.305s][debug][gc,phases      ] GC(177)     Total                          Min: 0, Avg:  0.0, Max: 0, Diff: 0, Sum: 0, Workers: 4
[5009.305s][debug][gc,phases      ] GC(177)   StringDedup Requests1 Weak     Min:  0.0, Avg:  0.0, Max:  0.0, Diff:  0.0, Sum:  0.0, Workers: 4
[5009.305s][debug][gc,phases      ] GC(177)     Dead                           Min: 0, Avg:  0.0, Max: 0, Diff: 0, Sum: 0, Workers: 4
[5009.305s][debug][gc,phases      ] GC(177)     Total                          Min: 0, Avg:  0.0, Max: 0, Diff: 0, Sum: 0, Workers: 4
[5009.305s][debug][gc,phases      ] GC(177)   Weak JFR Old Object Samples    Min:  0.0, Avg:  0.0, Max:  0.0, Diff:  0.0, Sum:  0.0, Workers: 4
[5009.305s][debug][gc,phases      ] GC(177)     Dead                           Min: 0, Avg:  0.0, Max: 0, Diff: 0, Sum: 0, Workers: 4
[5009.305s][debug][gc,phases      ] GC(177)     Total                          Min: 0, Avg:  0.0, Max: 0, Diff: 0, Sum: 0, Workers: 4
[5009.305s][debug][gc,phases      ] GC(177) Weak Processing 0.442ms
[5009.305s][debug][gc,age         ] GC(177) Desired survivor size 56623104 bytes, new threshold 15 (max threshold 15)
[5009.305s][info ][gc,heap        ] GC(177) PSYoungGen: 2011616K(2039808K)->29312K(2037248K) Eden: 1979904K(1979904K)->0K(1979904K) From: 31712K(59904K)->29312K(57344K)
[5009.305s][info ][gc,heap        ] GC(177) ParOldGen: 547660K(678400K)->547857K(678400K)
[5009.305s][info ][gc,metaspace   ] GC(177) Metaspace: 83719K(84736K)->83719K(84736K) NonClass: 72111K(72640K)->72111K(72640K) Class: 11607K(12096K)->11607K(12096K)
[5009.305s][info ][gc             ] GC(177) Pause Young (Allocation Failure) 2499M->563M(2652M) 8.009ms
[5009.305s][info ][gc,cpu         ] GC(177) User=0.02s Sys=0.01s Real=0.01s
[5009.305s][info ][safepoint      ] Safepoint "ParallelGCFailedAllocation", Time since last: 21434393781 ns, Reaching safepoint: 49601 ns, At safepoint: 8092961 ns, Total: 8142562 ns
[5035.307s][info ][safepoint      ] Safepoint "Cleanup", Time since last: 26001669249 ns, Reaching safepoint: 42601 ns, At safepoint: 4400 ns, Total: 47001 ns
[5037.307s][info ][safepoint      ] Safepoint "Cleanup", Time since last: 2000174936 ns, Reaching safepoint: 49201 ns, At safepoint: 10000 ns, Total: 59201 ns
[5038.307s][info ][safepoint      ] Safepoint "Cleanup", Time since last: 1000093618 ns, Reaching safepoint: 40201 ns, At safepoint: 3100 ns, Total: 43301 ns
[5062.309s][info ][safepoint      ] Safepoint "Cleanup", Time since last: 24001535823 ns, Reaching safepoint: 71201 ns, At safepoint: 13201 ns, Total: 84402 ns
[5063.309s][info ][safepoint      ] Safepoint "Cleanup", Time since last: 1000132919 ns, Reaching safepoint: 54201 ns, At safepoint: 6700 ns, Total: 60901 ns
[5065.309s][info ][safepoint      ] Safepoint "Cleanup", Time since last: 2000186137 ns, Reaching safepoint: 41001 ns, At safepoint: 2800 ns, Total: 43801 ns
[5068.310s][info ][safepoint      ] Safepoint "Cleanup", Time since last: 3000241154 ns, Reaching safepoint: 44401 ns, At safepoint: 4200 ns, Total: 48601 ns
[5069.310s][info ][safepoint      ] Safepoint "Cleanup", Time since last: 1000114519 ns, Reaching safepoint: 49601 ns, At safepoint: 9500 ns, Total: 59101 ns
[5080.311s][info ][safepoint      ] Safepoint "Cleanup", Time since last: 11000757798 ns, Reaching safepoint: 43601 ns, At safepoint: 3200 ns, Total: 46801 ns
[5086.311s][info ][safepoint      ] Safepoint "Cleanup", Time since last: 6000422509 ns, Reaching safepoint: 40901 ns, At safepoint: 8100 ns, Total: 49001 ns
[5099.312s][info ][safepoint      ] Safepoint "Cleanup", Time since last: 13000867536 ns, Reaching safepoint: 45801 ns, At safepoint: 8000 ns, Total: 53801 ns
[5100.312s][info ][safepoint      ] Safepoint "Cleanup", Time since last: 1000113819 ns, Reaching safepoint: 49001 ns, At safepoint: 12200 ns, Total: 61201 ns
[5101.638s][info ][gc,start       ] GC(178) Pause Young (Allocation Failure)
[5101.645s][debug][gc,phases      ] GC(178) Scavenge 6.885ms
[5101.645s][debug][gc,ref         ] GC(178) Skipped phase 1 of Reference Processing: no references
[5101.645s][debug][gc,ref         ] GC(178) ReferenceProcessor::execute queues: 1, RefProcThreadModel::Single, marks_oops_alive: false
[5101.645s][debug][gc,ref         ] GC(178) Skipped phase 3 of Reference Processing: no references
[5101.645s][debug][gc,ref         ] GC(178) ReferenceProcessor::execute queues: 1, RefProcThreadModel::Single, marks_oops_alive: false
[5101.645s][debug][gc,phases      ] GC(178) Reference Processing 0.162ms
[5101.645s][debug][gc,phases      ] GC(178)   VM Weak                        Min:  0.0, Avg:  0.0, Max:  0.0, Diff:  0.0, Sum:  0.0, Workers: 4
[5101.645s][debug][gc,phases      ] GC(178)     Dead                           Min: 0, Avg:  0.0, Max: 0, Diff: 0, Sum: 0, Workers: 4
[5101.645s][debug][gc,phases      ] GC(178)     Total                          Min: 0, Avg: 140.5, Max: 562, Diff: 562, Sum: 562, Workers: 4
[5101.645s][debug][gc,phases      ] GC(178)   ObjectSynchronizer Weak        Min:  0.0, Avg:  0.0, Max:  0.0, Diff:  0.0, Sum:  0.0, Workers: 4
[5101.645s][debug][gc,phases      ] GC(178)     Dead                           Min: 0, Avg:  0.0, Max: 0, Diff: 0, Sum: 0, Workers: 4
[5101.645s][debug][gc,phases      ] GC(178)     Total                          Min: 0, Avg: 95.8, Max: 383, Diff: 383, Sum: 383, Workers: 4
[5101.645s][debug][gc,phases      ] GC(178)   JVMTI Tag Weak OopStorage      Min:  0.0, Avg:  0.0, Max:  0.0, Diff:  0.0, Sum:  0.0, Workers: 4
[5101.645s][debug][gc,phases      ] GC(178)     Dead                           Min: 0, Avg:  0.0, Max: 0, Diff: 0, Sum: 0, Workers: 4
[5101.645s][debug][gc,phases      ] GC(178)     Total                          Min: 0, Avg:  0.0, Max: 0, Diff: 0, Sum: 0, Workers: 4
[5101.645s][debug][gc,phases      ] GC(178)   StringTable Weak               Min:  0.1, Avg:  0.1, Max:  0.1, Diff:  0.0, Sum:  0.5, Workers: 4
[5101.645s][debug][gc,phases      ] GC(178)     Dead                           Min: 0, Avg:  0.0, Max: 0, Diff: 0, Sum: 0, Workers: 4
[5101.645s][debug][gc,phases      ] GC(178)     Total                          Min: 11599, Avg: 12147.8, Max: 12544, Diff: 945, Sum: 48591, Workers: 4
[5101.645s][debug][gc,phases      ] GC(178)   ResolvedMethodTable Weak       Min:  0.0, Avg:  0.0, Max:  0.0, Diff:  0.0, Sum:  0.1, Workers: 4
[5101.645s][debug][gc,phases      ] GC(178)     Dead                           Min: 0, Avg:  0.0, Max: 0, Diff: 0, Sum: 0, Workers: 4
[5101.645s][debug][gc,phases      ] GC(178)     Total                          Min: 1909, Avg: 2041.2, Max: 2227, Diff: 318, Sum: 8165, Workers: 4
[5101.645s][debug][gc,phases      ] GC(178)   JNI Weak                       Min:  0.0, Avg:  0.0, Max:  0.0, Diff:  0.0, Sum:  0.0, Workers: 4
[5101.645s][debug][gc,phases      ] GC(178)     Dead                           Min: 0, Avg:  0.0, Max: 0, Diff: 0, Sum: 0, Workers: 4
[5101.645s][debug][gc,phases      ] GC(178)     Total                          Min: 0, Avg:  0.0, Max: 0, Diff: 0, Sum: 0, Workers: 4
[5101.645s][debug][gc,phases      ] GC(178)   StringDedup Table Weak         Min:  0.0, Avg:  0.0, Max:  0.0, Diff:  0.0, Sum:  0.0, Workers: 4
[5101.645s][debug][gc,phases      ] GC(178)     Dead                           Min: 0, Avg:  0.0, Max: 0, Diff: 0, Sum: 0, Workers: 4
[5101.645s][debug][gc,phases      ] GC(178)     Total                          Min: 0, Avg:  0.0, Max: 0, Diff: 0, Sum: 0, Workers: 4
[5101.645s][debug][gc,phases      ] GC(178)   StringDedup Requests0 Weak     Min:  0.0, Avg:  0.0, Max:  0.0, Diff:  0.0, Sum:  0.0, Workers: 4
[5101.645s][debug][gc,phases      ] GC(178)     Dead                           Min: 0, Avg:  0.0, Max: 0, Diff: 0, Sum: 0, Workers: 4
[5101.645s][debug][gc,phases      ] GC(178)     Total                          Min: 0, Avg:  0.0, Max: 0, Diff: 0, Sum: 0, Workers: 4
[5101.645s][debug][gc,phases      ] GC(178)   StringDedup Requests1 Weak     Min:  0.0, Avg:  0.0, Max:  0.0, Diff:  0.0, Sum:  0.0, Workers: 4
[5101.645s][debug][gc,phases      ] GC(178)     Dead                           Min: 0, Avg:  0.0, Max: 0, Diff: 0, Sum: 0, Workers: 4
[5101.645s][debug][gc,phases      ] GC(178)     Total                          Min: 0, Avg:  0.0, Max: 0, Diff: 0, Sum: 0, Workers: 4
[5101.645s][debug][gc,phases      ] GC(178)   Weak JFR Old Object Samples    Min:  0.0, Avg:  0.0, Max:  0.0, Diff:  0.0, Sum:  0.0, Workers: 4
[5101.645s][debug][gc,phases      ] GC(178)     Dead                           Min: 0, Avg:  0.0, Max: 0, Diff: 0, Sum: 0, Workers: 4
[5101.645s][debug][gc,phases      ] GC(178)     Total                          Min: 0, Avg:  0.0, Max: 0, Diff: 0, Sum: 0, Workers: 4
[5101.645s][debug][gc,phases      ] GC(178) Weak Processing 0.342ms
[5101.645s][debug][gc,age         ] GC(178) Desired survivor size 54525952 bytes, new threshold 15 (max threshold 15)
[5101.645s][info ][gc,heap        ] GC(178) PSYoungGen: 2009216K(2037248K)->29392K(2043904K) Eden: 1979904K(1979904K)->0K(1988608K) From: 29312K(57344K)->29392K(55296K)
[5101.645s][info ][gc,heap        ] GC(178) ParOldGen: 547857K(678400K)->548029K(678400K)
[5101.645s][info ][gc,metaspace   ] GC(178) Metaspace: 83720K(84736K)->83720K(84736K) NonClass: 72112K(72640K)->72112K(72640K) Class: 11607K(12096K)->11607K(12096K)
[5101.645s][info ][gc             ] GC(178) Pause Young (Allocation Failure) 2497M->563M(2658M) 7.535ms
[5101.645s][info ][gc,cpu         ] GC(178) User=0.03s Sys=0.00s Real=0.01s
[5101.645s][info ][safepoint      ] Safepoint "ParallelGCFailedAllocation", Time since last: 1325637903 ns, Reaching safepoint: 39401 ns, At safepoint: 7623752 ns, Total: 7663153 ns
[5105.646s][info ][safepoint      ] Safepoint "Cleanup", Time since last: 4000292373 ns, Reaching safepoint: 121403 ns, At safepoint: 6200 ns, Total: 127603 ns
[5133.648s][info ][safepoint      ] Safepoint "Cleanup", Time since last: 28001881916 ns, Reaching safepoint: 126503 ns, At safepoint: 10600 ns, Total: 137103 ns
[5134.648s][info ][safepoint      ] Safepoint "Cleanup", Time since last: 1000116120 ns, Reaching safepoint: 117702 ns, At safepoint: 6800 ns, Total: 124502 ns
[5174.651s][info ][safepoint      ] Safepoint "Cleanup", Time since last: 40002570850 ns, Reaching safepoint: 56301 ns, At safepoint: 8300 ns, Total: 64601 ns
[5193.197s][info ][gc,start       ] GC(179) Pause Young (Allocation Failure)
[5193.204s][debug][gc,phases      ] GC(179) Scavenge 7.169ms
[5193.204s][debug][gc,ref         ] GC(179) Skipped phase 1 of Reference Processing: no references
[5193.204s][debug][gc,ref         ] GC(179) ReferenceProcessor::execute queues: 1, RefProcThreadModel::Single, marks_oops_alive: false
[5193.205s][debug][gc,ref         ] GC(179) Skipped phase 3 of Reference Processing: no references
[5193.205s][debug][gc,ref         ] GC(179) ReferenceProcessor::execute queues: 1, RefProcThreadModel::Single, marks_oops_alive: false
[5193.205s][debug][gc,phases      ] GC(179) Reference Processing 0.132ms
[5193.205s][debug][gc,phases      ] GC(179)   VM Weak                        Min:  0.0, Avg:  0.0, Max:  0.0, Diff:  0.0, Sum:  0.0, Workers: 4
[5193.205s][debug][gc,phases      ] GC(179)     Dead                           Min: 0, Avg:  0.0, Max: 0, Diff: 0, Sum: 0, Workers: 4
[5193.205s][debug][gc,phases      ] GC(179)     Total                          Min: 0, Avg: 140.5, Max: 349, Diff: 349, Sum: 562, Workers: 4
[5193.205s][debug][gc,phases      ] GC(179)   ObjectSynchronizer Weak        Min:  0.0, Avg:  0.0, Max:  0.0, Diff:  0.0, Sum:  0.0, Workers: 4
[5193.205s][debug][gc,phases      ] GC(179)     Dead                           Min: 0, Avg:  0.0, Max: 0, Diff: 0, Sum: 0, Workers: 4
[5193.205s][debug][gc,phases      ] GC(179)     Total                          Min: 0, Avg: 95.8, Max: 255, Diff: 255, Sum: 383, Workers: 4
[5193.205s][debug][gc,phases      ] GC(179)   JVMTI Tag Weak OopStorage      Min:  0.0, Avg:  0.0, Max:  0.0, Diff:  0.0, Sum:  0.0, Workers: 4
[5193.205s][debug][gc,phases      ] GC(179)     Dead                           Min: 0, Avg:  0.0, Max: 0, Diff: 0, Sum: 0, Workers: 4
[5193.205s][debug][gc,phases      ] GC(179)     Total                          Min: 0, Avg:  0.0, Max: 0, Diff: 0, Sum: 0, Workers: 4
[5193.205s][debug][gc,phases      ] GC(179)   StringTable Weak               Min:  0.1, Avg:  0.1, Max:  0.1, Diff:  0.0, Sum:  0.5, Workers: 4
[5193.205s][debug][gc,phases      ] GC(179)     Dead                           Min: 0, Avg:  0.0, Max: 0, Diff: 0, Sum: 0, Workers: 4
[5193.205s][debug][gc,phases      ] GC(179)     Total                          Min: 11520, Avg: 12149.2, Max: 13056, Diff: 1536, Sum: 48597, Workers: 4
[5193.205s][debug][gc,phases      ] GC(179)   ResolvedMethodTable Weak       Min:  0.0, Avg:  0.0, Max:  0.0, Diff:  0.0, Sum:  0.1, Workers: 4
[5193.205s][debug][gc,phases      ] GC(179)     Dead                           Min: 0, Avg:  0.0, Max: 0, Diff: 0, Sum: 0, Workers: 4
[5193.205s][debug][gc,phases      ] GC(179)     Total                          Min: 1909, Avg: 2041.2, Max: 2164, Diff: 255, Sum: 8165, Workers: 4
[5193.205s][debug][gc,phases      ] GC(179)   JNI Weak                       Min:  0.0, Avg:  0.0, Max:  0.0, Diff:  0.0, Sum:  0.0, Workers: 4
[5193.205s][debug][gc,phases      ] GC(179)     Dead                           Min: 0, Avg:  0.0, Max: 0, Diff: 0, Sum: 0, Workers: 4
[5193.205s][debug][gc,phases      ] GC(179)     Total                          Min: 0, Avg:  0.0, Max: 0, Diff: 0, Sum: 0, Workers: 4
[5193.205s][debug][gc,phases      ] GC(179)   StringDedup Table Weak         Min:  0.0, Avg:  0.0, Max:  0.0, Diff:  0.0, Sum:  0.0, Workers: 4
[5193.205s][debug][gc,phases      ] GC(179)     Dead                           Min: 0, Avg:  0.0, Max: 0, Diff: 0, Sum: 0, Workers: 4
[5193.205s][debug][gc,phases      ] GC(179)     Total                          Min: 0, Avg:  0.0, Max: 0, Diff: 0, Sum: 0, Workers: 4
[5193.205s][debug][gc,phases      ] GC(179)   StringDedup Requests0 Weak     Min:  0.0, Avg:  0.0, Max:  0.0, Diff:  0.0, Sum:  0.0, Workers: 4
[5193.205s][debug][gc,phases      ] GC(179)     Dead                           Min: 0, Avg:  0.0, Max: 0, Diff: 0, Sum: 0, Workers: 4
[5193.205s][debug][gc,phases      ] GC(179)     Total                          Min: 0, Avg:  0.0, Max: 0, Diff: 0, Sum: 0, Workers: 4
[5193.205s][debug][gc,phases      ] GC(179)   StringDedup Requests1 Weak     Min:  0.0, Avg:  0.0, Max:  0.0, Diff:  0.0, Sum:  0.0, Workers: 4
[5193.205s][debug][gc,phases      ] GC(179)     Dead                           Min: 0, Avg:  0.0, Max: 0, Diff: 0, Sum: 0, Workers: 4
[5193.205s][debug][gc,phases      ] GC(179)     Total                          Min: 0, Avg:  0.0, Max: 0, Diff: 0, Sum: 0, Workers: 4
[5193.205s][debug][gc,phases      ] GC(179)   Weak JFR Old Object Samples    Min:  0.0, Avg:  0.0, Max:  0.0, Diff:  0.0, Sum:  0.0, Workers: 4
[5193.205s][debug][gc,phases      ] GC(179)     Dead                           Min: 0, Avg:  0.0, Max: 0, Diff: 0, Sum: 0, Workers: 4
[5193.205s][debug][gc,phases      ] GC(179)     Total                          Min: 0, Avg:  0.0, Max: 0, Diff: 0, Sum: 0, Workers: 4
[5193.205s][debug][gc,phases      ] GC(179) Weak Processing 0.398ms
[5193.205s][debug][gc,age         ] GC(179) Desired survivor size 52428800 bytes, new threshold 15 (max threshold 15)
[5193.205s][info ][gc,heap        ] GC(179) PSYoungGen: 2018000K(2043904K)->29440K(2041856K) Eden: 1988608K(1988608K)->0K(1988608K) From: 29392K(55296K)->29440K(53248K)
[5193.205s][info ][gc,heap        ] GC(179) ParOldGen: 548029K(678400K)->548157K(678400K)
[5193.205s][info ][gc,metaspace   ] GC(179) Metaspace: 83728K(84736K)->83728K(84736K) NonClass: 72120K(72640K)->72120K(72640K) Class: 11607K(12096K)->11607K(12096K)
[5193.205s][info ][gc             ] GC(179) Pause Young (Allocation Failure) 2505M->564M(2656M) 7.840ms
[5193.205s][info ][gc,cpu         ] GC(179) User=0.03s Sys=0.00s Real=0.01s
[5193.205s][info ][safepoint      ] Safepoint "ParallelGCFailedAllocation", Time since last: 18546316301 ns, Reaching safepoint: 98302 ns, At safepoint: 7927858 ns, Total: 8026160 ns
[5202.206s][info ][safepoint      ] Safepoint "Cleanup", Time since last: 9000594773 ns, Reaching safepoint: 70901 ns, At safepoint: 7200 ns, Total: 78101 ns
[5207.206s][info ][safepoint      ] Safepoint "Cleanup", Time since last: 5000388198 ns, Reaching safepoint: 159403 ns, At safepoint: 11000 ns, Total: 170403 ns
[5208.206s][info ][safepoint      ] Safepoint "Cleanup", Time since last: 1000111820 ns, Reaching safepoint: 47701 ns, At safepoint: 28101 ns, Total: 75802 ns
[5209.207s][info ][safepoint      ] Safepoint "Cleanup", Time since last: 1000109320 ns, Reaching safepoint: 49301 ns, At safepoint: 11000 ns, Total: 60301 ns
[5216.207s][info ][safepoint      ] Safepoint "Cleanup", Time since last: 7000506436 ns, Reaching safepoint: 45601 ns, At safepoint: 9100 ns, Total: 54701 ns
[5229.208s][info ][safepoint      ] Safepoint "Cleanup", Time since last: 13000853352 ns, Reaching safepoint: 48701 ns, At safepoint: 6301 ns, Total: 55002 ns
[5230.208s][info ][safepoint      ] Safepoint "Cleanup", Time since last: 1000112420 ns, Reaching safepoint: 49701 ns, At safepoint: 29200 ns, Total: 78901 ns
[5239.209s][info ][safepoint      ] Safepoint "Cleanup", Time since last: 9000585776 ns, Reaching safepoint: 55901 ns, At safepoint: 9900 ns, Total: 65801 ns
[5244.209s][info ][safepoint      ] Safepoint "Cleanup", Time since last: 5000371199 ns, Reaching safepoint: 63601 ns, At safepoint: 10500 ns, Total: 74101 ns
[5245.210s][info ][safepoint      ] Safepoint "Cleanup", Time since last: 1000118121 ns, Reaching safepoint: 53701 ns, At safepoint: 3500 ns, Total: 57201 ns
[5250.210s][info ][safepoint      ] Safepoint "Cleanup", Time since last: 5000321198 ns, Reaching safepoint: 48001 ns, At safepoint: 8200 ns, Total: 56201 ns
[5255.210s][info ][safepoint      ] Safepoint "Cleanup", Time since last: 5000377899 ns, Reaching safepoint: 50501 ns, At safepoint: 3200 ns, Total: 53701 ns
[5260.745s][info ][gc,start       ] GC(180) Pause Young (Allocation Failure)
[5260.754s][debug][gc,phases      ] GC(180) Scavenge 8.233ms
[5260.754s][debug][gc,ref         ] GC(180) Skipped phase 1 of Reference Processing: no references
[5260.754s][debug][gc,ref         ] GC(180) ReferenceProcessor::execute queues: 1, RefProcThreadModel::Single, marks_oops_alive: false
[5260.754s][debug][gc,ref         ] GC(180) Skipped phase 3 of Reference Processing: no references
[5260.754s][debug][gc,ref         ] GC(180) ReferenceProcessor::execute queues: 1, RefProcThreadModel::Single, marks_oops_alive: false
[5260.754s][debug][gc,phases      ] GC(180) Reference Processing 0.135ms
[5260.754s][debug][gc,phases      ] GC(180)   VM Weak                        Min:  0.0, Avg:  0.0, Max:  0.0, Diff:  0.0, Sum:  0.0, Workers: 4
[5260.754s][debug][gc,phases      ] GC(180)     Dead                           Min: 0, Avg:  0.0, Max: 0, Diff: 0, Sum: 0, Workers: 4
[5260.754s][debug][gc,phases      ] GC(180)     Total                          Min: 0, Avg: 140.5, Max: 338, Diff: 338, Sum: 562, Workers: 4
[5260.754s][debug][gc,phases      ] GC(180)   ObjectSynchronizer Weak        Min:  0.0, Avg:  0.0, Max:  0.0, Diff:  0.0, Sum:  0.0, Workers: 4
[5260.754s][debug][gc,phases      ] GC(180)     Dead                           Min: 0, Avg:  0.0, Max: 0, Diff: 0, Sum: 0, Workers: 4
[5260.754s][debug][gc,phases      ] GC(180)     Total                          Min: 0, Avg: 95.8, Max: 128, Diff: 128, Sum: 383, Workers: 4
[5260.754s][debug][gc,phases      ] GC(180)   JVMTI Tag Weak OopStorage      Min:  0.0, Avg:  0.0, Max:  0.0, Diff:  0.0, Sum:  0.0, Workers: 4
[5260.754s][debug][gc,phases      ] GC(180)     Dead                           Min: 0, Avg:  0.0, Max: 0, Diff: 0, Sum: 0, Workers: 4
[5260.754s][debug][gc,phases      ] GC(180)     Total                          Min: 0, Avg:  0.0, Max: 0, Diff: 0, Sum: 0, Workers: 4
[5260.754s][debug][gc,phases      ] GC(180)   StringTable Weak               Min:  0.1, Avg:  0.1, Max:  0.1, Diff:  0.0, Sum:  0.5, Workers: 4
[5260.754s][debug][gc,phases      ] GC(180)     Dead                           Min: 0, Avg:  0.2, Max: 1, Diff: 1, Sum: 1, Workers: 4
[5260.754s][debug][gc,phases      ] GC(180)     Total                          Min: 11584, Avg: 12150.5, Max: 13120, Diff: 1536, Sum: 48602, Workers: 4
[5260.754s][debug][gc,phases      ] GC(180)   ResolvedMethodTable Weak       Min:  0.0, Avg:  0.0, Max:  0.0, Diff:  0.0, Sum:  0.1, Workers: 4
[5260.754s][debug][gc,phases      ] GC(180)     Dead                           Min: 0, Avg:  0.0, Max: 0, Diff: 0, Sum: 0, Workers: 4
[5260.754s][debug][gc,phases      ] GC(180)     Total                          Min: 1848, Avg: 2042.2, Max: 2228, Diff: 380, Sum: 8169, Workers: 4
[5260.754s][debug][gc,phases      ] GC(180)   JNI Weak                       Min:  0.0, Avg:  0.0, Max:  0.0, Diff:  0.0, Sum:  0.0, Workers: 4
[5260.754s][debug][gc,phases      ] GC(180)     Dead                           Min: 0, Avg:  0.0, Max: 0, Diff: 0, Sum: 0, Workers: 4
[5260.754s][debug][gc,phases      ] GC(180)     Total                          Min: 0, Avg:  0.0, Max: 0, Diff: 0, Sum: 0, Workers: 4
[5260.754s][debug][gc,phases      ] GC(180)   StringDedup Table Weak         Min:  0.0, Avg:  0.0, Max:  0.0, Diff:  0.0, Sum:  0.0, Workers: 4
[5260.754s][debug][gc,phases      ] GC(180)     Dead                           Min: 0, Avg:  0.0, Max: 0, Diff: 0, Sum: 0, Workers: 4
[5260.754s][debug][gc,phases      ] GC(180)     Total                          Min: 0, Avg:  0.0, Max: 0, Diff: 0, Sum: 0, Workers: 4
[5260.754s][debug][gc,phases      ] GC(180)   StringDedup Requests0 Weak     Min:  0.0, Avg:  0.0, Max:  0.0, Diff:  0.0, Sum:  0.0, Workers: 4
[5260.754s][debug][gc,phases      ] GC(180)     Dead                           Min: 0, Avg:  0.0, Max: 0, Diff: 0, Sum: 0, Workers: 4
[5260.754s][debug][gc,phases      ] GC(180)     Total                          Min: 0, Avg:  0.0, Max: 0, Diff: 0, Sum: 0, Workers: 4
[5260.754s][debug][gc,phases      ] GC(180)   StringDedup Requests1 Weak     Min:  0.0, Avg:  0.0, Max:  0.0, Diff:  0.0, Sum:  0.0, Workers: 4
[5260.754s][debug][gc,phases      ] GC(180)     Dead                           Min: 0, Avg:  0.0, Max: 0, Diff: 0, Sum: 0, Workers: 4
[5260.754s][debug][gc,phases      ] GC(180)     Total                          Min: 0, Avg:  0.0, Max: 0, Diff: 0, Sum: 0, Workers: 4
[5260.754s][debug][gc,phases      ] GC(180)   Weak JFR Old Object Samples    Min:  0.0, Avg:  0.0, Max:  0.0, Diff:  0.0, Sum:  0.0, Workers: 4
[5260.754s][debug][gc,phases      ] GC(180)     Dead                           Min: 0, Avg:  0.0, Max: 0, Diff: 0, Sum: 0, Workers: 4
[5260.754s][debug][gc,phases      ] GC(180)     Total                          Min: 0, Avg:  0.0, Max: 0, Diff: 0, Sum: 0, Workers: 4
[5260.754s][debug][gc,phases      ] GC(180) Weak Processing 0.344ms
[5260.754s][debug][gc,age         ] GC(180) Desired survivor size 50855936 bytes, new threshold 15 (max threshold 15)
[5260.754s][info ][gc,heap        ] GC(180) PSYoungGen: 2018048K(2041856K)->29616K(2047488K) Eden: 1988608K(1988608K)->0K(1996288K) From: 29440K(53248K)->29616K(51200K)
[5260.754s][info ][gc,heap        ] GC(180) ParOldGen: 548157K(678400K)->548581K(678400K)
[5260.754s][info ][gc,metaspace   ] GC(180) Metaspace: 83747K(84736K)->83747K(84736K) NonClass: 72138K(72640K)->72138K(72640K) Class: 11609K(12096K)->11609K(12096K)
[5260.754s][info ][gc             ] GC(180) Pause Young (Allocation Failure) 2506M->564M(2662M) 8.843ms
[5260.754s][info ][gc,cpu         ] GC(180) User=0.03s Sys=0.00s Real=0.01s
[5260.754s][info ][safepoint      ] Safepoint "ParallelGCFailedAllocation", Time since last: 5534922147 ns, Reaching safepoint: 125802 ns, At safepoint: 8963879 ns, Total: 9089681 ns
[5267.755s][info ][safepoint      ] Safepoint "Cleanup", Time since last: 7000481838 ns, Reaching safepoint: 48201 ns, At safepoint: 9401 ns, Total: 57602 ns
[5268.755s][info ][safepoint      ] Safepoint "Cleanup", Time since last: 1000107320 ns, Reaching safepoint: 44001 ns, At safepoint: 8600 ns, Total: 52601 ns
[5333.799s][info ][gc,start       ] GC(181) Pause Young (Allocation Failure)
[5333.807s][debug][gc,phases      ] GC(181) Scavenge 7.743ms
[5333.807s][debug][gc,ref         ] GC(181) Skipped phase 1 of Reference Processing: no references
[5333.807s][debug][gc,ref         ] GC(181) ReferenceProcessor::execute queues: 1, RefProcThreadModel::Single, marks_oops_alive: false
[5333.807s][debug][gc,ref         ] GC(181) Skipped phase 3 of Reference Processing: no references
[5333.807s][debug][gc,ref         ] GC(181) ReferenceProcessor::execute queues: 1, RefProcThreadModel::Single, marks_oops_alive: false
[5333.807s][debug][gc,phases      ] GC(181) Reference Processing 0.130ms
[5333.807s][debug][gc,phases      ] GC(181)   VM Weak                        Min:  0.0, Avg:  0.0, Max:  0.0, Diff:  0.0, Sum:  0.0, Workers: 4
[5333.807s][debug][gc,phases      ] GC(181)     Dead                           Min: 0, Avg:  0.0, Max: 0, Diff: 0, Sum: 0, Workers: 4
[5333.807s][debug][gc,phases      ] GC(181)     Total                          Min: 0, Avg: 140.5, Max: 402, Diff: 402, Sum: 562, Workers: 4
[5333.807s][debug][gc,phases      ] GC(181)   ObjectSynchronizer Weak        Min:  0.0, Avg:  0.0, Max:  0.0, Diff:  0.0, Sum:  0.0, Workers: 4
[5333.807s][debug][gc,phases      ] GC(181)     Dead                           Min: 0, Avg:  0.0, Max: 0, Diff: 0, Sum: 0, Workers: 4
[5333.807s][debug][gc,phases      ] GC(181)     Total                          Min: 0, Avg: 95.8, Max: 128, Diff: 128, Sum: 383, Workers: 4
[5333.807s][debug][gc,phases      ] GC(181)   JVMTI Tag Weak OopStorage      Min:  0.0, Avg:  0.0, Max:  0.0, Diff:  0.0, Sum:  0.0, Workers: 4
[5333.807s][debug][gc,phases      ] GC(181)     Dead                           Min: 0, Avg:  0.0, Max: 0, Diff: 0, Sum: 0, Workers: 4
[5333.807s][debug][gc,phases      ] GC(181)     Total                          Min: 0, Avg:  0.0, Max: 0, Diff: 0, Sum: 0, Workers: 4
[5333.807s][debug][gc,phases      ] GC(181)   StringTable Weak               Min:  0.1, Avg:  0.1, Max:  0.1, Diff:  0.0, Sum:  0.5, Workers: 4
[5333.807s][debug][gc,phases      ] GC(181)     Dead                           Min: 0, Avg:  0.0, Max: 0, Diff: 0, Sum: 0, Workers: 4
[5333.807s][debug][gc,phases      ] GC(181)     Total                          Min: 11648, Avg: 12150.5, Max: 13146, Diff: 1498, Sum: 48602, Workers: 4
[5333.807s][debug][gc,phases      ] GC(181)   ResolvedMethodTable Weak       Min:  0.0, Avg:  0.0, Max:  0.0, Diff:  0.0, Sum:  0.1, Workers: 4
[5333.807s][debug][gc,phases      ] GC(181)     Dead                           Min: 0, Avg:  0.0, Max: 0, Diff: 0, Sum: 0, Workers: 4
[5333.807s][debug][gc,phases      ] GC(181)     Total                          Min: 1722, Avg: 2042.2, Max: 2356, Diff: 634, Sum: 8169, Workers: 4
[5333.807s][debug][gc,phases      ] GC(181)   JNI Weak                       Min:  0.0, Avg:  0.0, Max:  0.0, Diff:  0.0, Sum:  0.0, Workers: 4
[5333.807s][debug][gc,phases      ] GC(181)     Dead                           Min: 0, Avg:  0.0, Max: 0, Diff: 0, Sum: 0, Workers: 4
[5333.807s][debug][gc,phases      ] GC(181)     Total                          Min: 0, Avg:  0.0, Max: 0, Diff: 0, Sum: 0, Workers: 4
[5333.807s][debug][gc,phases      ] GC(181)   StringDedup Table Weak         Min:  0.0, Avg:  0.0, Max:  0.0, Diff:  0.0, Sum:  0.0, Workers: 4
[5333.807s][debug][gc,phases      ] GC(181)     Dead                           Min: 0, Avg:  0.0, Max: 0, Diff: 0, Sum: 0, Workers: 4
[5333.807s][debug][gc,phases      ] GC(181)     Total                          Min: 0, Avg:  0.0, Max: 0, Diff: 0, Sum: 0, Workers: 4
[5333.807s][debug][gc,phases      ] GC(181)   StringDedup Requests0 Weak     Min:  0.0, Avg:  0.0, Max:  0.0, Diff:  0.0, Sum:  0.0, Workers: 4
[5333.807s][debug][gc,phases      ] GC(181)     Dead                           Min: 0, Avg:  0.0, Max: 0, Diff: 0, Sum: 0, Workers: 4
[5333.807s][debug][gc,phases      ] GC(181)     Total                          Min: 0, Avg:  0.0, Max: 0, Diff: 0, Sum: 0, Workers: 4
[5333.807s][debug][gc,phases      ] GC(181)   StringDedup Requests1 Weak     Min:  0.0, Avg:  0.0, Max:  0.0, Diff:  0.0, Sum:  0.0, Workers: 4
[5333.807s][debug][gc,phases      ] GC(181)     Dead                           Min: 0, Avg:  0.0, Max: 0, Diff: 0, Sum: 0, Workers: 4
[5333.807s][debug][gc,phases      ] GC(181)     Total                          Min: 0, Avg:  0.0, Max: 0, Diff: 0, Sum: 0, Workers: 4
[5333.807s][debug][gc,phases      ] GC(181)   Weak JFR Old Object Samples    Min:  0.0, Avg:  0.0, Max:  0.0, Diff:  0.0, Sum:  0.0, Workers: 4
[5333.807s][debug][gc,phases      ] GC(181)     Dead                           Min: 0, Avg:  0.0, Max: 0, Diff: 0, Sum: 0, Workers: 4
[5333.807s][debug][gc,phases      ] GC(181)     Total                          Min: 0, Avg:  0.0, Max: 0, Diff: 0, Sum: 0, Workers: 4
[5333.807s][debug][gc,phases      ] GC(181) Weak Processing 0.338ms
[5333.807s][debug][gc,age         ] GC(181) Desired survivor size 50855936 bytes, new threshold 15 (max threshold 15)
[5333.807s][info ][gc,heap        ] GC(181) PSYoungGen: 2025904K(2047488K)->18176K(2045952K) Eden: 1996288K(1996288K)->0K(1996288K) From: 29616K(51200K)->18176K(49664K)
[5333.807s][info ][gc,heap        ] GC(181) ParOldGen: 548581K(678400K)->560129K(678400K)
[5333.807s][info ][gc,metaspace   ] GC(181) Metaspace: 83752K(84736K)->83752K(84736K) NonClass: 72142K(72640K)->72142K(72640K) Class: 11609K(12096K)->11609K(12096K)
[5333.807s][info ][gc             ] GC(181) Pause Young (Allocation Failure) 2514M->564M(2660M) 8.357ms
[5333.807s][info ][gc,cpu         ] GC(181) User=0.03s Sys=0.00s Real=0.01s
[5333.807s][info ][safepoint      ] Safepoint "ParallelGCFailedAllocation", Time since last: 65043691786 ns, Reaching safepoint: 101402 ns, At safepoint: 8441068 ns, Total: 8542470 ns
[5397.000s][info ][safepoint      ] Safepoint "Cleanup", Time since last: 63192159634 ns, Reaching safepoint: 357807 ns, At safepoint: 23600 ns, Total: 381407 ns
[5398.150s][info ][safepoint      ] Safepoint "Cleanup", Time since last: 1149705502 ns, Reaching safepoint: 162903 ns, At safepoint: 8700 ns, Total: 171603 ns
[5406.699s][info ][gc,start       ] GC(182) Pause Young (Allocation Failure)
[5406.706s][debug][gc,phases      ] GC(182) Scavenge 7.512ms
[5406.706s][debug][gc,ref         ] GC(182) Skipped phase 1 of Reference Processing: no references
[5406.706s][debug][gc,ref         ] GC(182) ReferenceProcessor::execute queues: 1, RefProcThreadModel::Single, marks_oops_alive: false
[5406.706s][debug][gc,ref         ] GC(182) Skipped phase 3 of Reference Processing: no references
[5406.706s][debug][gc,ref         ] GC(182) ReferenceProcessor::execute queues: 1, RefProcThreadModel::Single, marks_oops_alive: false
[5406.706s][debug][gc,phases      ] GC(182) Reference Processing 0.180ms
[5406.707s][debug][gc,phases      ] GC(182)   VM Weak                        Min:  0.0, Avg:  0.0, Max:  0.0, Diff:  0.0, Sum:  0.0, Workers: 4
[5406.707s][debug][gc,phases      ] GC(182)     Dead                           Min: 0, Avg:  0.0, Max: 0, Diff: 0, Sum: 0, Workers: 4
[5406.707s][debug][gc,phases      ] GC(182)     Total                          Min: 0, Avg: 141.8, Max: 319, Diff: 319, Sum: 567, Workers: 4
[5406.707s][debug][gc,phases      ] GC(182)   ObjectSynchronizer Weak        Min:  0.0, Avg:  0.0, Max:  0.0, Diff:  0.0, Sum:  0.0, Workers: 4
[5406.707s][debug][gc,phases      ] GC(182)     Dead                           Min: 0, Avg:  0.0, Max: 0, Diff: 0, Sum: 0, Workers: 4
[5406.707s][debug][gc,phases      ] GC(182)     Total                          Min: 0, Avg: 95.8, Max: 192, Diff: 192, Sum: 383, Workers: 4
[5406.707s][debug][gc,phases      ] GC(182)   JVMTI Tag Weak OopStorage      Min:  0.0, Avg:  0.0, Max:  0.0, Diff:  0.0, Sum:  0.0, Workers: 4
[5406.707s][debug][gc,phases      ] GC(182)     Dead                           Min: 0, Avg:  0.0, Max: 0, Diff: 0, Sum: 0, Workers: 4
[5406.707s][debug][gc,phases      ] GC(182)     Total                          Min: 0, Avg:  0.0, Max: 0, Diff: 0, Sum: 0, Workers: 4
[5406.707s][debug][gc,phases      ] GC(182)   StringTable Weak               Min:  0.1, Avg:  0.1, Max:  0.1, Diff:  0.0, Sum:  0.5, Workers: 4
[5406.707s][debug][gc,phases      ] GC(182)     Dead                           Min: 0, Avg:  0.8, Max: 3, Diff: 3, Sum: 3, Workers: 4
[5406.707s][debug][gc,phases      ] GC(182)     Total                          Min: 8960, Avg: 12158.8, Max: 14012, Diff: 5052, Sum: 48635, Workers: 4
[5406.707s][debug][gc,phases      ] GC(182)   ResolvedMethodTable Weak       Min:  0.0, Avg:  0.0, Max:  0.0, Diff:  0.0, Sum:  0.1, Workers: 4
[5406.707s][debug][gc,phases      ] GC(182)     Dead                           Min: 0, Avg:  0.0, Max: 0, Diff: 0, Sum: 0, Workers: 4
[5406.707s][debug][gc,phases      ] GC(182)     Total                          Min: 1718, Avg: 2061.2, Max: 2176, Diff: 458, Sum: 8245, Workers: 4
[5406.707s][debug][gc,phases      ] GC(182)   JNI Weak                       Min:  0.0, Avg:  0.0, Max:  0.0, Diff:  0.0, Sum:  0.0, Workers: 4
[5406.707s][debug][gc,phases      ] GC(182)     Dead                           Min: 0, Avg:  0.0, Max: 0, Diff: 0, Sum: 0, Workers: 4
[5406.707s][debug][gc,phases      ] GC(182)     Total                          Min: 0, Avg:  0.0, Max: 0, Diff: 0, Sum: 0, Workers: 4
[5406.707s][debug][gc,phases      ] GC(182)   StringDedup Table Weak         Min:  0.0, Avg:  0.0, Max:  0.0, Diff:  0.0, Sum:  0.0, Workers: 4
[5406.707s][debug][gc,phases      ] GC(182)     Dead                           Min: 0, Avg:  0.0, Max: 0, Diff: 0, Sum: 0, Workers: 4
[5406.707s][debug][gc,phases      ] GC(182)     Total                          Min: 0, Avg:  0.0, Max: 0, Diff: 0, Sum: 0, Workers: 4
[5406.707s][debug][gc,phases      ] GC(182)   StringDedup Requests0 Weak     Min:  0.0, Avg:  0.0, Max:  0.0, Diff:  0.0, Sum:  0.0, Workers: 4
[5406.707s][debug][gc,phases      ] GC(182)     Dead                           Min: 0, Avg:  0.0, Max: 0, Diff: 0, Sum: 0, Workers: 4
[5406.707s][debug][gc,phases      ] GC(182)     Total                          Min: 0, Avg:  0.0, Max: 0, Diff: 0, Sum: 0, Workers: 4
[5406.707s][debug][gc,phases      ] GC(182)   StringDedup Requests1 Weak     Min:  0.0, Avg:  0.0, Max:  0.0, Diff:  0.0, Sum:  0.0, Workers: 4
[5406.707s][debug][gc,phases      ] GC(182)     Dead                           Min: 0, Avg:  0.0, Max: 0, Diff: 0, Sum: 0, Workers: 4
[5406.707s][debug][gc,phases      ] GC(182)     Total                          Min: 0, Avg:  0.0, Max: 0, Diff: 0, Sum: 0, Workers: 4
[5406.707s][debug][gc,phases      ] GC(182)   Weak JFR Old Object Samples    Min:  0.0, Avg:  0.0, Max:  0.0, Diff:  0.0, Sum:  0.0, Workers: 4
[5406.707s][debug][gc,phases      ] GC(182)     Dead                           Min: 0, Avg:  0.0, Max: 0, Diff: 0, Sum: 0, Workers: 4
[5406.707s][debug][gc,phases      ] GC(182)     Total                          Min: 0, Avg:  0.0, Max: 0, Diff: 0, Sum: 0, Workers: 4
[5406.707s][debug][gc,phases      ] GC(182) Weak Processing 0.398ms
[5406.707s][debug][gc,age         ] GC(182) Desired survivor size 52953088 bytes, new threshold 15 (max threshold 15)
[5406.707s][info ][gc,heap        ] GC(182) PSYoungGen: 2014464K(2045952K)->5904K(2043392K) Eden: 1996288K(1996288K)->0K(1993728K) From: 18176K(49664K)->5904K(49664K)
[5406.707s][info ][gc,heap        ] GC(182) ParOldGen: 560129K(678400K)->574108K(678400K)
[5406.707s][info ][gc,metaspace   ] GC(182) Metaspace: 83852K(84736K)->83852K(84736K) NonClass: 72213K(72640K)->72213K(72640K) Class: 11639K(12096K)->11639K(12096K)
[5406.707s][info ][gc             ] GC(182) Pause Young (Allocation Failure) 2514M->566M(2658M) 8.248ms
[5406.707s][info ][gc,cpu         ] GC(182) User=0.03s Sys=0.00s Real=0.01s
[5406.707s][info ][safepoint      ] Safepoint "ParallelGCFailedAllocation", Time since last: 8548794087 ns, Reaching safepoint: 50001 ns, At safepoint: 8347566 ns, Total: 8397567 ns
[5446.709s][info ][safepoint      ] Safepoint "Cleanup", Time since last: 40002383328 ns, Reaching safepoint: 51401 ns, At safepoint: 31600 ns, Total: 83001 ns
[5451.551s][info ][safepoint      ] Safepoint "Cleanup", Time since last: 4841376239 ns, Reaching safepoint: 49801 ns, At safepoint: 13000 ns, Total: 62801 ns
[5452.551s][info ][safepoint      ] Safepoint "Cleanup", Time since last: 1000117122 ns, Reaching safepoint: 52901 ns, At safepoint: 8600 ns, Total: 61501 ns
[5453.551s][info ][safepoint      ] Safepoint "Cleanup", Time since last: 1000098022 ns, Reaching safepoint: 51201 ns, At safepoint: 5500 ns, Total: 56701 ns
[5454.551s][info ][safepoint      ] Safepoint "Cleanup", Time since last: 1000104822 ns, Reaching safepoint: 63501 ns, At safepoint: 8200 ns, Total: 71701 ns
[5455.552s][info ][safepoint      ] Safepoint "Cleanup", Time since last: 1000151823 ns, Reaching safepoint: 46001 ns, At safepoint: 8500 ns, Total: 54501 ns
[5459.552s][info ][safepoint      ] Safepoint "Cleanup", Time since last: 4000273484 ns, Reaching safepoint: 49501 ns, At safepoint: 9700 ns, Total: 59201 ns
[5477.553s][info ][safepoint      ] Safepoint "Cleanup", Time since last: 18001160879 ns, Reaching safepoint: 49801 ns, At safepoint: 200404 ns, Total: 250205 ns
[5479.554s][info ][safepoint      ] Safepoint "Cleanup", Time since last: 2000174143 ns, Reaching safepoint: 48101 ns, At safepoint: 4500 ns, Total: 52601 ns
[5481.794s][info ][gc,start       ] GC(183) Pause Young (Allocation Failure)
[5481.797s][debug][gc,phases      ] GC(183) Scavenge 3.641ms
[5481.797s][debug][gc,ref         ] GC(183) Skipped phase 1 of Reference Processing: no references
[5481.797s][debug][gc,ref         ] GC(183) ReferenceProcessor::execute queues: 1, RefProcThreadModel::Single, marks_oops_alive: false
[5481.798s][debug][gc,ref         ] GC(183) Skipped phase 3 of Reference Processing: no references
[5481.798s][debug][gc,ref         ] GC(183) ReferenceProcessor::execute queues: 1, RefProcThreadModel::Single, marks_oops_alive: false
[5481.798s][debug][gc,phases      ] GC(183) Reference Processing 0.134ms
[5481.798s][debug][gc,phases      ] GC(183)   VM Weak                        Min:  0.0, Avg:  0.0, Max:  0.0, Diff:  0.0, Sum:  0.0, Workers: 4
[5481.798s][debug][gc,phases      ] GC(183)     Dead                           Min: 0, Avg:  0.0, Max: 0, Diff: 0, Sum: 0, Workers: 4
[5481.798s][debug][gc,phases      ] GC(183)     Total                          Min: 0, Avg: 141.8, Max: 354, Diff: 354, Sum: 567, Workers: 4
[5481.798s][debug][gc,phases      ] GC(183)   ObjectSynchronizer Weak        Min:  0.0, Avg:  0.0, Max:  0.0, Diff:  0.0, Sum:  0.0, Workers: 4
[5481.798s][debug][gc,phases      ] GC(183)     Dead                           Min: 0, Avg:  0.2, Max: 1, Diff: 1, Sum: 1, Workers: 4
[5481.798s][debug][gc,phases      ] GC(183)     Total                          Min: 0, Avg: 96.2, Max: 129, Diff: 129, Sum: 385, Workers: 4
[5481.798s][debug][gc,phases      ] GC(183)   JVMTI Tag Weak OopStorage      Min:  0.0, Avg:  0.0, Max:  0.0, Diff:  0.0, Sum:  0.0, Workers: 4
[5481.798s][debug][gc,phases      ] GC(183)     Dead                           Min: 0, Avg:  0.0, Max: 0, Diff: 0, Sum: 0, Workers: 4
[5481.798s][debug][gc,phases      ] GC(183)     Total                          Min: 0, Avg:  0.0, Max: 0, Diff: 0, Sum: 0, Workers: 4
[5481.798s][debug][gc,phases      ] GC(183)   StringTable Weak               Min:  0.1, Avg:  0.1, Max:  0.1, Diff:  0.0, Sum:  0.4, Workers: 4
[5481.798s][debug][gc,phases      ] GC(183)     Dead                           Min: 0, Avg:  0.8, Max: 2, Diff: 2, Sum: 3, Workers: 4
[5481.798s][debug][gc,phases      ] GC(183)     Total                          Min: 11264, Avg: 12165.0, Max: 12608, Diff: 1344, Sum: 48660, Workers: 4
[5481.798s][debug][gc,phases      ] GC(183)   ResolvedMethodTable Weak       Min:  0.0, Avg:  0.0, Max:  0.0, Diff:  0.0, Sum:  0.1, Workers: 4
[5481.798s][debug][gc,phases      ] GC(183)     Dead                           Min: 0, Avg:  0.0, Max: 0, Diff: 0, Sum: 0, Workers: 4
[5481.798s][debug][gc,phases      ] GC(183)     Total                          Min: 1600, Avg: 2064.2, Max: 2368, Diff: 768, Sum: 8257, Workers: 4
[5481.798s][debug][gc,phases      ] GC(183)   JNI Weak                       Min:  0.0, Avg:  0.0, Max:  0.0, Diff:  0.0, Sum:  0.0, Workers: 4
[5481.798s][debug][gc,phases      ] GC(183)     Dead                           Min: 0, Avg:  0.0, Max: 0, Diff: 0, Sum: 0, Workers: 4
[5481.798s][debug][gc,phases      ] GC(183)     Total                          Min: 0, Avg:  0.0, Max: 0, Diff: 0, Sum: 0, Workers: 4
[5481.798s][debug][gc,phases      ] GC(183)   StringDedup Table Weak         Min:  0.0, Avg:  0.0, Max:  0.0, Diff:  0.0, Sum:  0.0, Workers: 4
[5481.798s][debug][gc,phases      ] GC(183)     Dead                           Min: 0, Avg:  0.0, Max: 0, Diff: 0, Sum: 0, Workers: 4
[5481.798s][debug][gc,phases      ] GC(183)     Total                          Min: 0, Avg:  0.0, Max: 0, Diff: 0, Sum: 0, Workers: 4
[5481.798s][debug][gc,phases      ] GC(183)   StringDedup Requests0 Weak     Min:  0.0, Avg:  0.0, Max:  0.0, Diff:  0.0, Sum:  0.0, Workers: 4
[5481.798s][debug][gc,phases      ] GC(183)     Dead                           Min: 0, Avg:  0.0, Max: 0, Diff: 0, Sum: 0, Workers: 4
[5481.798s][debug][gc,phases      ] GC(183)     Total                          Min: 0, Avg:  0.0, Max: 0, Diff: 0, Sum: 0, Workers: 4
[5481.798s][debug][gc,phases      ] GC(183)   StringDedup Requests1 Weak     Min:  0.0, Avg:  0.0, Max:  0.0, Diff:  0.0, Sum:  0.0, Workers: 4
[5481.798s][debug][gc,phases      ] GC(183)     Dead                           Min: 0, Avg:  0.0, Max: 0, Diff: 0, Sum: 0, Workers: 4
[5481.798s][debug][gc,phases      ] GC(183)     Total                          Min: 0, Avg:  0.0, Max: 0, Diff: 0, Sum: 0, Workers: 4
[5481.798s][debug][gc,phases      ] GC(183)   Weak JFR Old Object Samples    Min:  0.0, Avg:  0.0, Max:  0.0, Diff:  0.0, Sum:  0.0, Workers: 4
[5481.798s][debug][gc,phases      ] GC(183)     Dead                           Min: 0, Avg:  0.0, Max: 0, Diff: 0, Sum: 0, Workers: 4
[5481.798s][debug][gc,phases      ] GC(183)     Total                          Min: 0, Avg:  0.0, Max: 0, Diff: 0, Sum: 0, Workers: 4
[5481.798s][debug][gc,phases      ] GC(183) Weak Processing 0.321ms
[5481.798s][debug][gc,age         ] GC(183) Desired survivor size 54525952 bytes, new threshold 15 (max threshold 15)
[5481.798s][info ][gc,heap        ] GC(183) PSYoungGen: 1999632K(2043392K)->6080K(1999872K) Eden: 1993728K(1993728K)->0K(1993728K) From: 5904K(49664K)->6080K(6144K)
[5481.798s][info ][gc,heap        ] GC(183) ParOldGen: 574108K(678400K)->574148K(678400K)
[5481.798s][info ][gc,metaspace   ] GC(183) Metaspace: 83918K(84736K)->83918K(84736K) NonClass: 72273K(72640K)->72273K(72640K) Class: 11645K(12096K)->11645K(12096K)
[5481.798s][info ][gc             ] GC(183) Pause Young (Allocation Failure) 2513M->566M(2615M) 4.221ms
[5481.798s][info ][gc,cpu         ] GC(183) User=0.01s Sys=0.00s Real=0.00s
[5481.798s][info ][safepoint      ] Safepoint "ParallelGCFailedAllocation", Time since last: 2240095922 ns, Reaching safepoint: 28101 ns, At safepoint: 4292185 ns, Total: 4320286 ns
[5483.798s][info ][safepoint      ] Safepoint "Cleanup", Time since last: 2000153143 ns, Reaching safepoint: 127002 ns, At safepoint: 11301 ns, Total: 138303 ns
[5484.798s][info ][safepoint      ] Safepoint "Cleanup", Time since last: 1000108122 ns, Reaching safepoint: 100502 ns, At safepoint: 10000 ns, Total: 110502 ns
[5490.799s][info ][safepoint      ] Safepoint "Cleanup", Time since last: 6000446028 ns, Reaching safepoint: 122702 ns, At safepoint: 9100 ns, Total: 131802 ns
[5501.800s][info ][safepoint      ] Safepoint "Cleanup", Time since last: 11000801135 ns, Reaching safepoint: 46001 ns, At safepoint: 7500 ns, Total: 53501 ns
[5505.800s][info ][safepoint      ] Safepoint "Cleanup", Time since last: 4000307786 ns, Reaching safepoint: 52901 ns, At safepoint: 4300 ns, Total: 57201 ns
[5510.801s][info ][safepoint      ] Safepoint "Cleanup", Time since last: 5000392708 ns, Reaching safepoint: 159503 ns, At safepoint: 8500 ns, Total: 168003 ns
[5512.801s][info ][safepoint      ] Safepoint "Cleanup", Time since last: 2000214344 ns, Reaching safepoint: 104302 ns, At safepoint: 13800 ns, Total: 118102 ns
[5564.687s][info ][gc,start       ] GC(184) Pause Young (Allocation Failure)
[5564.691s][debug][gc,phases      ] GC(184) Scavenge 3.455ms
[5564.691s][debug][gc,ref         ] GC(184) Skipped phase 1 of Reference Processing: no references
[5564.691s][debug][gc,ref         ] GC(184) ReferenceProcessor::execute queues: 1, RefProcThreadModel::Single, marks_oops_alive: false
[5564.691s][debug][gc,ref         ] GC(184) Skipped phase 3 of Reference Processing: no references
[5564.691s][debug][gc,ref         ] GC(184) ReferenceProcessor::execute queues: 1, RefProcThreadModel::Single, marks_oops_alive: false
[5564.691s][debug][gc,phases      ] GC(184) Reference Processing 0.167ms
[5564.691s][debug][gc,phases      ] GC(184)   VM Weak                        Min:  0.0, Avg:  0.0, Max:  0.0, Diff:  0.0, Sum:  0.0, Workers: 4
[5564.691s][debug][gc,phases      ] GC(184)     Dead                           Min: 0, Avg:  0.0, Max: 0, Diff: 0, Sum: 0, Workers: 4
[5564.691s][debug][gc,phases      ] GC(184)     Total                          Min: 0, Avg: 141.8, Max: 503, Diff: 503, Sum: 567, Workers: 4
[5564.691s][debug][gc,phases      ] GC(184)   ObjectSynchronizer Weak        Min:  0.0, Avg:  0.0, Max:  0.0, Diff:  0.0, Sum:  0.0, Workers: 4
[5564.691s][debug][gc,phases      ] GC(184)     Dead                           Min: 0, Avg:  0.0, Max: 0, Diff: 0, Sum: 0, Workers: 4
[5564.691s][debug][gc,phases      ] GC(184)     Total                          Min: 0, Avg: 96.2, Max: 256, Diff: 256, Sum: 385, Workers: 4
[5564.691s][debug][gc,phases      ] GC(184)   JVMTI Tag Weak OopStorage      Min:  0.0, Avg:  0.0, Max:  0.0, Diff:  0.0, Sum:  0.0, Workers: 4
[5564.691s][debug][gc,phases      ] GC(184)     Dead                           Min: 0, Avg:  0.0, Max: 0, Diff: 0, Sum: 0, Workers: 4
[5564.691s][debug][gc,phases      ] GC(184)     Total                          Min: 0, Avg:  0.0, Max: 0, Diff: 0, Sum: 0, Workers: 4
[5564.691s][debug][gc,phases      ] GC(184)   StringTable Weak               Min:  0.1, Avg:  0.1, Max:  0.1, Diff:  0.0, Sum:  0.4, Workers: 4
[5564.691s][debug][gc,phases      ] GC(184)     Dead                           Min: 0, Avg:  0.0, Max: 0, Diff: 0, Sum: 0, Workers: 4
[5564.691s][debug][gc,phases      ] GC(184)     Total                          Min: 10975, Avg: 12167.8, Max: 13056, Diff: 2081, Sum: 48671, Workers: 4
[5564.691s][debug][gc,phases      ] GC(184)   ResolvedMethodTable Weak       Min:  0.0, Avg:  0.0, Max:  0.0, Diff:  0.0, Sum:  0.1, Workers: 4
[5564.691s][debug][gc,phases      ] GC(184)     Dead                           Min: 0, Avg:  0.0, Max: 0, Diff: 0, Sum: 0, Workers: 4
[5564.691s][debug][gc,phases      ] GC(184)     Total                          Min: 1920, Avg: 2064.2, Max: 2177, Diff: 257, Sum: 8257, Workers: 4
[5564.691s][debug][gc,phases      ] GC(184)   JNI Weak                       Min:  0.0, Avg:  0.0, Max:  0.0, Diff:  0.0, Sum:  0.0, Workers: 4
[5564.691s][debug][gc,phases      ] GC(184)     Dead                           Min: 0, Avg:  0.0, Max: 0, Diff: 0, Sum: 0, Workers: 4
[5564.691s][debug][gc,phases      ] GC(184)     Total                          Min: 0, Avg:  0.0, Max: 0, Diff: 0, Sum: 0, Workers: 4
[5564.691s][debug][gc,phases      ] GC(184)   StringDedup Table Weak         Min:  0.0, Avg:  0.0, Max:  0.0, Diff:  0.0, Sum:  0.0, Workers: 4
[5564.691s][debug][gc,phases      ] GC(184)     Dead                           Min: 0, Avg:  0.0, Max: 0, Diff: 0, Sum: 0, Workers: 4
[5564.691s][debug][gc,phases      ] GC(184)     Total                          Min: 0, Avg:  0.0, Max: 0, Diff: 0, Sum: 0, Workers: 4
[5564.691s][debug][gc,phases      ] GC(184)   StringDedup Requests0 Weak     Min:  0.0, Avg:  0.0, Max:  0.0, Diff:  0.0, Sum:  0.0, Workers: 4
[5564.691s][debug][gc,phases      ] GC(184)     Dead                           Min: 0, Avg:  0.0, Max: 0, Diff: 0, Sum: 0, Workers: 4
[5564.691s][debug][gc,phases      ] GC(184)     Total                          Min: 0, Avg:  0.0, Max: 0, Diff: 0, Sum: 0, Workers: 4
[5564.691s][debug][gc,phases      ] GC(184)   StringDedup Requests1 Weak     Min:  0.0, Avg:  0.0, Max:  0.0, Diff:  0.0, Sum:  0.0, Workers: 4
[5564.691s][debug][gc,phases      ] GC(184)     Dead                           Min: 0, Avg:  0.0, Max: 0, Diff: 0, Sum: 0, Workers: 4
[5564.691s][debug][gc,phases      ] GC(184)     Total                          Min: 0, Avg:  0.0, Max: 0, Diff: 0, Sum: 0, Workers: 4
[5564.691s][debug][gc,phases      ] GC(184)   Weak JFR Old Object Samples    Min:  0.0, Avg:  0.0, Max:  0.0, Diff:  0.0, Sum:  0.0, Workers: 4
[5564.691s][debug][gc,phases      ] GC(184)     Dead                           Min: 0, Avg:  0.0, Max: 0, Diff: 0, Sum: 0, Workers: 4
[5564.691s][debug][gc,phases      ] GC(184)     Total                          Min: 0, Avg:  0.0, Max: 0, Diff: 0, Sum: 0, Workers: 4
[5564.691s][debug][gc,phases      ] GC(184) Weak Processing 0.399ms
[5564.691s][debug][gc,age         ] GC(184) Desired survivor size 54525952 bytes, new threshold 15 (max threshold 15)
[5564.691s][info ][gc,heap        ] GC(184) PSYoungGen: 1999808K(1999872K)->5968K(2043904K) Eden: 1993728K(1993728K)->0K(1990656K) From: 6080K(6144K)->5968K(53248K)
[5564.691s][info ][gc,heap        ] GC(184) ParOldGen: 574148K(678400K)->574180K(678400K)
[5564.691s][info ][gc,metaspace   ] GC(184) Metaspace: 83937K(84736K)->83937K(84736K) NonClass: 72289K(72640K)->72289K(72640K) Class: 11647K(12096K)->11647K(12096K)
[5564.691s][info ][gc             ] GC(184) Pause Young (Allocation Failure) 2513M->566M(2658M) 4.215ms
[5564.691s][info ][gc,cpu         ] GC(184) User=0.02s Sys=0.00s Real=0.00s
[5564.691s][info ][safepoint      ] Safepoint "ParallelGCFailedAllocation", Time since last: 51885768269 ns, Reaching safepoint: 46201 ns, At safepoint: 4325586 ns, Total: 4371787 ns
[5575.692s][info ][safepoint      ] Safepoint "Cleanup", Time since last: 11000697937 ns, Reaching safepoint: 32700 ns, At safepoint: 32101 ns, Total: 64801 ns
[5596.694s][info ][safepoint      ] Safepoint "Cleanup", Time since last: 21001402754 ns, Reaching safepoint: 112302 ns, At safepoint: 5700 ns, Total: 118002 ns
[5599.694s][info ][safepoint      ] Safepoint "Cleanup", Time since last: 3000216266 ns, Reaching safepoint: 111502 ns, At safepoint: 34701 ns, Total: 146203 ns
[5635.697s][info ][safepoint      ] Safepoint "Cleanup", Time since last: 36002492384 ns, Reaching safepoint: 119803 ns, At safepoint: 7400 ns, Total: 127203 ns
[5639.697s][info ][safepoint      ] Safepoint "Cleanup", Time since last: 4000322888 ns, Reaching safepoint: 120103 ns, At safepoint: 11000 ns, Total: 131103 ns
[5646.503s][info ][gc,start       ] GC(185) Pause Young (Allocation Failure)
[5646.506s][debug][gc,phases      ] GC(185) Scavenge 3.088ms
[5646.506s][debug][gc,ref         ] GC(185) Skipped phase 1 of Reference Processing: no references
[5646.506s][debug][gc,ref         ] GC(185) ReferenceProcessor::execute queues: 1, RefProcThreadModel::Single, marks_oops_alive: false
[5646.506s][debug][gc,ref         ] GC(185) Skipped phase 3 of Reference Processing: no references
[5646.506s][debug][gc,ref         ] GC(185) ReferenceProcessor::execute queues: 1, RefProcThreadModel::Single, marks_oops_alive: false
[5646.506s][debug][gc,phases      ] GC(185) Reference Processing 0.147ms
[5646.506s][debug][gc,phases      ] GC(185)   VM Weak                        Min:  0.0, Avg:  0.0, Max:  0.0, Diff:  0.0, Sum:  0.0, Workers: 4
[5646.506s][debug][gc,phases      ] GC(185)     Dead                           Min: 0, Avg:  0.0, Max: 0, Diff: 0, Sum: 0, Workers: 4
[5646.506s][debug][gc,phases      ] GC(185)     Total                          Min: 0, Avg: 141.8, Max: 349, Diff: 349, Sum: 567, Workers: 4
[5646.506s][debug][gc,phases      ] GC(185)   ObjectSynchronizer Weak        Min:  0.0, Avg:  0.0, Max:  0.0, Diff:  0.0, Sum:  0.0, Workers: 4
[5646.506s][debug][gc,phases      ] GC(185)     Dead                           Min: 0, Avg:  0.0, Max: 0, Diff: 0, Sum: 0, Workers: 4
[5646.506s][debug][gc,phases      ] GC(185)     Total                          Min: 0, Avg: 96.2, Max: 129, Diff: 129, Sum: 385, Workers: 4
[5646.506s][debug][gc,phases      ] GC(185)   JVMTI Tag Weak OopStorage      Min:  0.0, Avg:  0.0, Max:  0.0, Diff:  0.0, Sum:  0.0, Workers: 4
[5646.506s][debug][gc,phases      ] GC(185)     Dead                           Min: 0, Avg:  0.0, Max: 0, Diff: 0, Sum: 0, Workers: 4
[5646.506s][debug][gc,phases      ] GC(185)     Total                          Min: 0, Avg:  0.0, Max: 0, Diff: 0, Sum: 0, Workers: 4
[5646.506s][debug][gc,phases      ] GC(185)   StringTable Weak               Min:  0.1, Avg:  0.1, Max:  0.1, Diff:  0.0, Sum:  0.4, Workers: 4
[5646.506s][debug][gc,phases      ] GC(185)     Dead                           Min: 0, Avg:  0.0, Max: 0, Diff: 0, Sum: 0, Workers: 4
[5646.506s][debug][gc,phases      ] GC(185)     Total                          Min: 11648, Avg: 12168.8, Max: 13056, Diff: 1408, Sum: 48675, Workers: 4
[5646.506s][debug][gc,phases      ] GC(185)   ResolvedMethodTable Weak       Min:  0.0, Avg:  0.0, Max:  0.0, Diff:  0.0, Sum:  0.1, Workers: 4
[5646.506s][debug][gc,phases      ] GC(185)     Dead                           Min: 0, Avg:  0.0, Max: 0, Diff: 0, Sum: 0, Workers: 4
[5646.506s][debug][gc,phases      ] GC(185)     Total                          Min: 1792, Avg: 2064.8, Max: 2559, Diff: 767, Sum: 8259, Workers: 4
[5646.506s][debug][gc,phases      ] GC(185)   JNI Weak                       Min:  0.0, Avg:  0.0, Max:  0.0, Diff:  0.0, Sum:  0.0, Workers: 4
[5646.506s][debug][gc,phases      ] GC(185)     Dead                           Min: 0, Avg:  0.0, Max: 0, Diff: 0, Sum: 0, Workers: 4
[5646.506s][debug][gc,phases      ] GC(185)     Total                          Min: 0, Avg:  0.0, Max: 0, Diff: 0, Sum: 0, Workers: 4
[5646.506s][debug][gc,phases      ] GC(185)   StringDedup Table Weak         Min:  0.0, Avg:  0.0, Max:  0.0, Diff:  0.0, Sum:  0.0, Workers: 4
[5646.506s][debug][gc,phases      ] GC(185)     Dead                           Min: 0, Avg:  0.0, Max: 0, Diff: 0, Sum: 0, Workers: 4
[5646.506s][debug][gc,phases      ] GC(185)     Total                          Min: 0, Avg:  0.0, Max: 0, Diff: 0, Sum: 0, Workers: 4
[5646.506s][debug][gc,phases      ] GC(185)   StringDedup Requests0 Weak     Min:  0.0, Avg:  0.0, Max:  0.0, Diff:  0.0, Sum:  0.0, Workers: 4
[5646.506s][debug][gc,phases      ] GC(185)     Dead                           Min: 0, Avg:  0.0, Max: 0, Diff: 0, Sum: 0, Workers: 4
[5646.506s][debug][gc,phases      ] GC(185)     Total                          Min: 0, Avg:  0.0, Max: 0, Diff: 0, Sum: 0, Workers: 4
[5646.506s][debug][gc,phases      ] GC(185)   StringDedup Requests1 Weak     Min:  0.0, Avg:  0.0, Max:  0.0, Diff:  0.0, Sum:  0.0, Workers: 4
[5646.506s][debug][gc,phases      ] GC(185)     Dead                           Min: 0, Avg:  0.0, Max: 0, Diff: 0, Sum: 0, Workers: 4
[5646.506s][debug][gc,phases      ] GC(185)     Total                          Min: 0, Avg:  0.0, Max: 0, Diff: 0, Sum: 0, Workers: 4
[5646.506s][debug][gc,phases      ] GC(185)   Weak JFR Old Object Samples    Min:  0.0, Avg:  0.0, Max:  0.0, Diff:  0.0, Sum:  0.0, Workers: 4
[5646.506s][debug][gc,phases      ] GC(185)     Dead                           Min: 0, Avg:  0.0, Max: 0, Diff: 0, Sum: 0, Workers: 4
[5646.506s][debug][gc,phases      ] GC(185)     Total                          Min: 0, Avg:  0.0, Max: 0, Diff: 0, Sum: 0, Workers: 4
[5646.506s][debug][gc,phases      ] GC(185) Weak Processing 0.352ms
[5646.506s][debug][gc,age         ] GC(185) Desired survivor size 54525952 bytes, new threshold 15 (max threshold 15)
[5646.507s][info ][gc,heap        ] GC(185) PSYoungGen: 1996624K(2043904K)->5648K(2043904K) Eden: 1990656K(1990656K)->0K(1990656K) From: 5968K(53248K)->5648K(53248K)
[5646.507s][info ][gc,heap        ] GC(185) ParOldGen: 574180K(678400K)->574236K(678400K)
[5646.507s][info ][gc,metaspace   ] GC(185) Metaspace: 83948K(84800K)->83948K(84800K) NonClass: 72300K(72704K)->72300K(72704K) Class: 11648K(12096K)->11648K(12096K)
[5646.507s][info ][gc             ] GC(185) Pause Young (Allocation Failure) 2510M->566M(2658M) 3.731ms
[5646.507s][info ][gc,cpu         ] GC(185) User=0.01s Sys=0.00s Real=0.01s
[5646.507s][info ][safepoint      ] Safepoint "ParallelGCFailedAllocation", Time since last: 6805730973 ns, Reaching safepoint: 42701 ns, At safepoint: 3821176 ns, Total: 3863877 ns
[5651.507s][info ][safepoint      ] Safepoint "Cleanup", Time since last: 5000360010 ns, Reaching safepoint: 60501 ns, At safepoint: 5501 ns, Total: 66002 ns
[5655.507s][info ][safepoint      ] Safepoint "Cleanup", Time since last: 4000285087 ns, Reaching safepoint: 53702 ns, At safepoint: 11700 ns, Total: 65402 ns
[5656.508s][info ][safepoint      ] Safepoint "Cleanup", Time since last: 1000111323 ns, Reaching safepoint: 44500 ns, At safepoint: 4201 ns, Total: 48701 ns
[5657.508s][info ][safepoint      ] Safepoint "Cleanup", Time since last: 1000119733 ns, Reaching safepoint: 60102 ns, At safepoint: 3600 ns, Total: 63702 ns
[5662.508s][info ][safepoint      ] Safepoint "Cleanup", Time since last: 5000371160 ns, Reaching safepoint: 50501 ns, At safepoint: 9500 ns, Total: 60001 ns
[5674.509s][info ][safepoint      ] Safepoint "Cleanup", Time since last: 12000794818 ns, Reaching safepoint: 54601 ns, At safepoint: 13401 ns, Total: 68002 ns
[5694.510s][info ][safepoint      ] Safepoint "Cleanup", Time since last: 20001204812 ns, Reaching safepoint: 45501 ns, At safepoint: 31001 ns, Total: 76502 ns
[5697.511s][info ][safepoint      ] Safepoint "Cleanup", Time since last: 3000236151 ns, Reaching safepoint: 59701 ns, At safepoint: 7501 ns, Total: 67202 ns
[5698.511s][info ][safepoint      ] Safepoint "Cleanup", Time since last: 1000110851 ns, Reaching safepoint: 47800 ns, At safepoint: 15401 ns, Total: 63201 ns
[5702.347s][info ][gc,start       ] GC(186) Pause Young (Allocation Failure)
[5702.354s][debug][gc,phases      ] GC(186) Scavenge 7.401ms
[5702.354s][debug][gc,ref         ] GC(186) Skipped phase 1 of Reference Processing: no references
[5702.354s][debug][gc,ref         ] GC(186) ReferenceProcessor::execute queues: 1, RefProcThreadModel::Single, marks_oops_alive: false
[5702.354s][debug][gc,ref         ] GC(186) Skipped phase 3 of Reference Processing: no references
[5702.354s][debug][gc,ref         ] GC(186) ReferenceProcessor::execute queues: 1, RefProcThreadModel::Single, marks_oops_alive: false
[5702.354s][debug][gc,phases      ] GC(186) Reference Processing 0.164ms
[5702.355s][debug][gc,phases      ] GC(186)   VM Weak                        Min:  0.0, Avg:  0.0, Max:  0.0, Diff:  0.0, Sum:  0.0, Workers: 4
[5702.355s][debug][gc,phases      ] GC(186)     Dead                           Min: 0, Avg:  0.0, Max: 0, Diff: 0, Sum: 0, Workers: 4
[5702.355s][debug][gc,phases      ] GC(186)     Total                          Min: 0, Avg: 141.8, Max: 310, Diff: 310, Sum: 567, Workers: 4
[5702.355s][debug][gc,phases      ] GC(186)   ObjectSynchronizer Weak        Min:  0.0, Avg:  0.0, Max:  0.0, Diff:  0.0, Sum:  0.0, Workers: 4
[5702.355s][debug][gc,phases      ] GC(186)     Dead                           Min: 0, Avg:  0.0, Max: 0, Diff: 0, Sum: 0, Workers: 4
[5702.355s][debug][gc,phases      ] GC(186)     Total                          Min: 0, Avg: 96.2, Max: 193, Diff: 193, Sum: 385, Workers: 4
[5702.355s][debug][gc,phases      ] GC(186)   JVMTI Tag Weak OopStorage      Min:  0.0, Avg:  0.0, Max:  0.0, Diff:  0.0, Sum:  0.0, Workers: 4
[5702.355s][debug][gc,phases      ] GC(186)     Dead                           Min: 0, Avg:  0.0, Max: 0, Diff: 0, Sum: 0, Workers: 4
[5702.355s][debug][gc,phases      ] GC(186)     Total                          Min: 0, Avg:  0.0, Max: 0, Diff: 0, Sum: 0, Workers: 4
[5702.355s][debug][gc,phases      ] GC(186)   StringTable Weak               Min:  0.1, Avg:  0.1, Max:  0.1, Diff:  0.0, Sum:  0.5, Workers: 4
[5702.355s][debug][gc,phases      ] GC(186)     Dead                           Min: 0, Avg:  0.2, Max: 1, Diff: 1, Sum: 1, Workers: 4
[5702.355s][debug][gc,phases      ] GC(186)     Total                          Min: 11456, Avg: 12175.0, Max: 13436, Diff: 1980, Sum: 48700, Workers: 4
[5702.355s][debug][gc,phases      ] GC(186)   ResolvedMethodTable Weak       Min:  0.0, Avg:  0.0, Max:  0.0, Diff:  0.0, Sum:  0.1, Workers: 4
[5702.355s][debug][gc,phases      ] GC(186)     Dead                           Min: 0, Avg:  0.0, Max: 0, Diff: 0, Sum: 0, Workers: 4
[5702.355s][debug][gc,phases      ] GC(186)     Total                          Min: 1920, Avg: 2069.8, Max: 2327, Diff: 407, Sum: 8279, Workers: 4
[5702.355s][debug][gc,phases      ] GC(186)   JNI Weak                       Min:  0.0, Avg:  0.0, Max:  0.0, Diff:  0.0, Sum:  0.0, Workers: 4
[5702.355s][debug][gc,phases      ] GC(186)     Dead                           Min: 0, Avg:  0.0, Max: 0, Diff: 0, Sum: 0, Workers: 4
[5702.355s][debug][gc,phases      ] GC(186)     Total                          Min: 0, Avg:  0.0, Max: 0, Diff: 0, Sum: 0, Workers: 4
[5702.355s][debug][gc,phases      ] GC(186)   StringDedup Table Weak         Min:  0.0, Avg:  0.0, Max:  0.0, Diff:  0.0, Sum:  0.0, Workers: 4
[5702.355s][debug][gc,phases      ] GC(186)     Dead                           Min: 0, Avg:  0.0, Max: 0, Diff: 0, Sum: 0, Workers: 4
[5702.355s][debug][gc,phases      ] GC(186)     Total                          Min: 0, Avg:  0.0, Max: 0, Diff: 0, Sum: 0, Workers: 4
[5702.355s][debug][gc,phases      ] GC(186)   StringDedup Requests0 Weak     Min:  0.0, Avg:  0.0, Max:  0.0, Diff:  0.0, Sum:  0.0, Workers: 4
[5702.355s][debug][gc,phases      ] GC(186)     Dead                           Min: 0, Avg:  0.0, Max: 0, Diff: 0, Sum: 0, Workers: 4
[5702.355s][debug][gc,phases      ] GC(186)     Total                          Min: 0, Avg:  0.0, Max: 0, Diff: 0, Sum: 0, Workers: 4
[5702.355s][debug][gc,phases      ] GC(186)   StringDedup Requests1 Weak     Min:  0.0, Avg:  0.0, Max:  0.0, Diff:  0.0, Sum:  0.0, Workers: 4
[5702.355s][debug][gc,phases      ] GC(186)     Dead                           Min: 0, Avg:  0.0, Max: 0, Diff: 0, Sum: 0, Workers: 4
[5702.355s][debug][gc,phases      ] GC(186)     Total                          Min: 0, Avg:  0.0, Max: 0, Diff: 0, Sum: 0, Workers: 4
[5702.355s][debug][gc,phases      ] GC(186)   Weak JFR Old Object Samples    Min:  0.0, Avg:  0.0, Max:  0.0, Diff:  0.0, Sum:  0.0, Workers: 4
[5702.355s][debug][gc,phases      ] GC(186)     Dead                           Min: 0, Avg:  0.0, Max: 0, Diff: 0, Sum: 0, Workers: 4
[5702.355s][debug][gc,phases      ] GC(186)     Total                          Min: 0, Avg:  0.0, Max: 0, Diff: 0, Sum: 0, Workers: 4
[5702.355s][debug][gc,phases      ] GC(186) Weak Processing 0.333ms
[5702.355s][debug][gc,age         ] GC(186) Desired survivor size 51904512 bytes, new threshold 15 (max threshold 15)
[5702.355s][info ][gc,heap        ] GC(186) PSYoungGen: 1996304K(2043904K)->22496K(2046464K) Eden: 1990656K(1990656K)->0K(1993216K) From: 5648K(53248K)->22496K(53248K)
[5702.355s][info ][gc,heap        ] GC(186) ParOldGen: 574236K(678400K)->574268K(678400K)
[5702.355s][info ][gc,metaspace   ] GC(186) Metaspace: 84011K(84864K)->84011K(84864K) NonClass: 72350K(72768K)->72350K(72768K) Class: 11661K(12096K)->11661K(12096K)
[5702.355s][info ][gc             ] GC(186) Pause Young (Allocation Failure) 2510M->582M(2661M) 8.041ms
[5702.355s][info ][gc,cpu         ] GC(186) User=0.03s Sys=0.00s Real=0.01s
[5702.355s][info ][safepoint      ] Safepoint "ParallelGCFailedAllocation", Time since last: 3835878021 ns, Reaching safepoint: 45900 ns, At safepoint: 8135463 ns, Total: 8181363 ns
[5750.358s][info ][safepoint      ] Safepoint "Cleanup", Time since last: 48003066744 ns, Reaching safepoint: 44701 ns, At safepoint: 6200 ns, Total: 50901 ns
[5756.358s][info ][safepoint      ] Safepoint "Cleanup", Time since last: 6000420587 ns, Reaching safepoint: 48201 ns, At safepoint: 9000 ns, Total: 57201 ns
[5781.085s][info ][gc,start       ] GC(187) Pause Young (Allocation Failure)
[5781.092s][debug][gc,phases      ] GC(187) Scavenge 6.342ms
[5781.092s][debug][gc,ref         ] GC(187) Skipped phase 1 of Reference Processing: no references
[5781.092s][debug][gc,ref         ] GC(187) ReferenceProcessor::execute queues: 1, RefProcThreadModel::Single, marks_oops_alive: false
[5781.092s][debug][gc,ref         ] GC(187) Skipped phase 3 of Reference Processing: no references
[5781.092s][debug][gc,ref         ] GC(187) ReferenceProcessor::execute queues: 1, RefProcThreadModel::Single, marks_oops_alive: false
[5781.092s][debug][gc,phases      ] GC(187) Reference Processing 0.175ms
[5781.092s][debug][gc,phases      ] GC(187)   VM Weak                        Min:  0.0, Avg:  0.0, Max:  0.0, Diff:  0.0, Sum:  0.0, Workers: 4
[5781.092s][debug][gc,phases      ] GC(187)     Dead                           Min: 0, Avg:  0.0, Max: 0, Diff: 0, Sum: 0, Workers: 4
[5781.092s][debug][gc,phases      ] GC(187)     Total                          Min: 0, Avg: 141.8, Max: 307, Diff: 307, Sum: 567, Workers: 4
[5781.092s][debug][gc,phases      ] GC(187)   ObjectSynchronizer Weak        Min:  0.0, Avg:  0.0, Max:  0.0, Diff:  0.0, Sum:  0.0, Workers: 4
[5781.092s][debug][gc,phases      ] GC(187)     Dead                           Min: 0, Avg:  0.0, Max: 0, Diff: 0, Sum: 0, Workers: 4
[5781.092s][debug][gc,phases      ] GC(187)     Total                          Min: 0, Avg: 96.2, Max: 193, Diff: 193, Sum: 385, Workers: 4
[5781.092s][debug][gc,phases      ] GC(187)   JVMTI Tag Weak OopStorage      Min:  0.0, Avg:  0.0, Max:  0.0, Diff:  0.0, Sum:  0.0, Workers: 4
[5781.092s][debug][gc,phases      ] GC(187)     Dead                           Min: 0, Avg:  0.0, Max: 0, Diff: 0, Sum: 0, Workers: 4
[5781.092s][debug][gc,phases      ] GC(187)     Total                          Min: 0, Avg:  0.0, Max: 0, Diff: 0, Sum: 0, Workers: 4
[5781.092s][debug][gc,phases      ] GC(187)   StringTable Weak               Min:  0.1, Avg:  0.1, Max:  0.1, Diff:  0.0, Sum:  0.5, Workers: 4
[5781.092s][debug][gc,phases      ] GC(187)     Dead                           Min: 0, Avg:  0.0, Max: 0, Diff: 0, Sum: 0, Workers: 4
[5781.092s][debug][gc,phases      ] GC(187)     Total                          Min: 11904, Avg: 12175.0, Max: 12544, Diff: 640, Sum: 48700, Workers: 4
[5781.092s][debug][gc,phases      ] GC(187)   ResolvedMethodTable Weak       Min:  0.0, Avg:  0.0, Max:  0.0, Diff:  0.0, Sum:  0.1, Workers: 4
[5781.092s][debug][gc,phases      ] GC(187)     Dead                           Min: 0, Avg:  0.0, Max: 0, Diff: 0, Sum: 0, Workers: 4
[5781.092s][debug][gc,phases      ] GC(187)     Total                          Min: 1792, Avg: 2069.8, Max: 2263, Diff: 471, Sum: 8279, Workers: 4
[5781.092s][debug][gc,phases      ] GC(187)   JNI Weak                       Min:  0.0, Avg:  0.0, Max:  0.0, Diff:  0.0, Sum:  0.0, Workers: 4
[5781.092s][debug][gc,phases      ] GC(187)     Dead                           Min: 0, Avg:  0.0, Max: 0, Diff: 0, Sum: 0, Workers: 4
[5781.092s][debug][gc,phases      ] GC(187)     Total                          Min: 0, Avg:  0.0, Max: 0, Diff: 0, Sum: 0, Workers: 4
[5781.092s][debug][gc,phases      ] GC(187)   StringDedup Table Weak         Min:  0.0, Avg:  0.0, Max:  0.0, Diff:  0.0, Sum:  0.0, Workers: 4
[5781.092s][debug][gc,phases      ] GC(187)     Dead                           Min: 0, Avg:  0.0, Max: 0, Diff: 0, Sum: 0, Workers: 4
[5781.092s][debug][gc,phases      ] GC(187)     Total                          Min: 0, Avg:  0.0, Max: 0, Diff: 0, Sum: 0, Workers: 4
[5781.092s][debug][gc,phases      ] GC(187)   StringDedup Requests0 Weak     Min:  0.0, Avg:  0.0, Max:  0.0, Diff:  0.0, Sum:  0.0, Workers: 4
[5781.092s][debug][gc,phases      ] GC(187)     Dead                           Min: 0, Avg:  0.0, Max: 0, Diff: 0, Sum: 0, Workers: 4
[5781.092s][debug][gc,phases      ] GC(187)     Total                          Min: 0, Avg:  0.0, Max: 0, Diff: 0, Sum: 0, Workers: 4
[5781.092s][debug][gc,phases      ] GC(187)   StringDedup Requests1 Weak     Min:  0.0, Avg:  0.0, Max:  0.0, Diff:  0.0, Sum:  0.0, Workers: 4
[5781.092s][debug][gc,phases      ] GC(187)     Dead                           Min: 0, Avg:  0.0, Max: 0, Diff: 0, Sum: 0, Workers: 4
[5781.092s][debug][gc,phases      ] GC(187)     Total                          Min: 0, Avg:  0.0, Max: 0, Diff: 0, Sum: 0, Workers: 4
[5781.092s][debug][gc,phases      ] GC(187)   Weak JFR Old Object Samples    Min:  0.0, Avg:  0.0, Max:  0.0, Diff:  0.0, Sum:  0.0, Workers: 4
[5781.092s][debug][gc,phases      ] GC(187)     Dead                           Min: 0, Avg:  0.0, Max: 0, Diff: 0, Sum: 0, Workers: 4
[5781.092s][debug][gc,phases      ] GC(187)     Total                          Min: 0, Avg:  0.0, Max: 0, Diff: 0, Sum: 0, Workers: 4
[5781.092s][debug][gc,phases      ] GC(187) Weak Processing 0.351ms
[5781.092s][debug][gc,age         ] GC(187) Desired survivor size 49283072 bytes, new threshold 15 (max threshold 15)
[5781.092s][info ][gc,heap        ] GC(187) PSYoungGen: 2015712K(2046464K)->22992K(2043904K) Eden: 1993216K(1993216K)->0K(1993216K) From: 22496K(53248K)->22992K(50688K)
[5781.092s][info ][gc,heap        ] GC(187) ParOldGen: 574268K(678400K)->574308K(678400K)
[5781.092s][info ][gc,metaspace   ] GC(187) Metaspace: 84013K(84864K)->84013K(84864K) NonClass: 72352K(72768K)->72352K(72768K) Class: 11661K(12096K)->11661K(12096K)
[5781.092s][info ][gc             ] GC(187) Pause Young (Allocation Failure) 2529M->583M(2658M) 7.022ms
[5781.093s][info ][gc,cpu         ] GC(187) User=0.02s Sys=0.00s Real=0.00s
[5781.093s][info ][safepoint      ] Safepoint "ParallelGCFailedAllocation", Time since last: 24726983299 ns, Reaching safepoint: 46201 ns, At safepoint: 7110842 ns, Total: 7157043 ns
[5789.093s][info ][safepoint      ] Safepoint "Cleanup", Time since last: 8000507971 ns, Reaching safepoint: 131203 ns, At safepoint: 10500 ns, Total: 141703 ns
[5798.094s][info ][safepoint      ] Safepoint "Cleanup", Time since last: 9000561415 ns, Reaching safepoint: 112402 ns, At safepoint: 5700 ns, Total: 118102 ns
[5799.094s][info ][safepoint      ] Safepoint "Cleanup", Time since last: 1000108847 ns, Reaching safepoint: 115103 ns, At safepoint: 6000 ns, Total: 121103 ns
[5812.095s][info ][safepoint      ] Safepoint "Cleanup", Time since last: 13000853194 ns, Reaching safepoint: 117602 ns, At safepoint: 5500 ns, Total: 123102 ns
[5839.097s][info ][safepoint      ] Safepoint "Cleanup", Time since last: 27001765515 ns, Reaching safepoint: 115802 ns, At safepoint: 9200 ns, Total: 125002 ns
[5847.098s][info ][safepoint      ] Safepoint "Cleanup", Time since last: 8000582556 ns, Reaching safepoint: 117003 ns, At safepoint: 31800 ns, Total: 148803 ns
[5850.098s][info ][safepoint      ] Safepoint "Cleanup", Time since last: 3000239134 ns, Reaching safepoint: 116102 ns, At safepoint: 5800 ns, Total: 121902 ns
[5854.098s][info ][safepoint      ] Safepoint "Cleanup", Time since last: 4000254276 ns, Reaching safepoint: 127303 ns, At safepoint: 10300 ns, Total: 137603 ns
[5859.138s][info ][gc,start       ] GC(188) Pause Young (Allocation Failure)
[5859.144s][debug][gc,phases      ] GC(188) Scavenge 6.421ms
[5859.144s][debug][gc,ref         ] GC(188) Skipped phase 1 of Reference Processing: no references
[5859.144s][debug][gc,ref         ] GC(188) ReferenceProcessor::execute queues: 1, RefProcThreadModel::Single, marks_oops_alive: false
[5859.144s][debug][gc,ref         ] GC(188) Skipped phase 3 of Reference Processing: no references
[5859.144s][debug][gc,ref         ] GC(188) ReferenceProcessor::execute queues: 1, RefProcThreadModel::Single, marks_oops_alive: false
[5859.145s][debug][gc,phases      ] GC(188) Reference Processing 0.183ms
[5859.145s][debug][gc,phases      ] GC(188)   VM Weak                        Min:  0.0, Avg:  0.0, Max:  0.0, Diff:  0.0, Sum:  0.0, Workers: 4
[5859.145s][debug][gc,phases      ] GC(188)     Dead                           Min: 0, Avg:  0.0, Max: 0, Diff: 0, Sum: 0, Workers: 4
[5859.145s][debug][gc,phases      ] GC(188)     Total                          Min: 0, Avg: 143.8, Max: 417, Diff: 417, Sum: 575, Workers: 4
[5859.145s][debug][gc,phases      ] GC(188)   ObjectSynchronizer Weak        Min:  0.0, Avg:  0.0, Max:  0.0, Diff:  0.0, Sum:  0.0, Workers: 4
[5859.145s][debug][gc,phases      ] GC(188)     Dead                           Min: 0, Avg:  0.0, Max: 0, Diff: 0, Sum: 0, Workers: 4
[5859.145s][debug][gc,phases      ] GC(188)     Total                          Min: 0, Avg: 96.2, Max: 192, Diff: 192, Sum: 385, Workers: 4
[5859.145s][debug][gc,phases      ] GC(188)   JVMTI Tag Weak OopStorage      Min:  0.0, Avg:  0.0, Max:  0.0, Diff:  0.0, Sum:  0.0, Workers: 4
[5859.145s][debug][gc,phases      ] GC(188)     Dead                           Min: 0, Avg:  0.0, Max: 0, Diff: 0, Sum: 0, Workers: 4
[5859.145s][debug][gc,phases      ] GC(188)     Total                          Min: 0, Avg:  0.0, Max: 0, Diff: 0, Sum: 0, Workers: 4
[5859.145s][debug][gc,phases      ] GC(188)   StringTable Weak               Min:  0.1, Avg:  0.1, Max:  0.1, Diff:  0.0, Sum:  0.5, Workers: 4
[5859.145s][debug][gc,phases      ] GC(188)     Dead                           Min: 0, Avg:  0.8, Max: 3, Diff: 3, Sum: 3, Workers: 4
[5859.145s][debug][gc,phases      ] GC(188)     Total                          Min: 11209, Avg: 12177.5, Max: 13440, Diff: 2231, Sum: 48710, Workers: 4
[5859.145s][debug][gc,phases      ] GC(188)   ResolvedMethodTable Weak       Min:  0.0, Avg:  0.0, Max:  0.0, Diff:  0.0, Sum:  0.1, Workers: 4
[5859.145s][debug][gc,phases      ] GC(188)     Dead                           Min: 0, Avg:  0.0, Max: 0, Diff: 0, Sum: 0, Workers: 4
[5859.145s][debug][gc,phases      ] GC(188)     Total                          Min: 1791, Avg: 2077.8, Max: 2368, Diff: 577, Sum: 8311, Workers: 4
[5859.145s][debug][gc,phases      ] GC(188)   JNI Weak                       Min:  0.0, Avg:  0.0, Max:  0.0, Diff:  0.0, Sum:  0.0, Workers: 4
[5859.145s][debug][gc,phases      ] GC(188)     Dead                           Min: 0, Avg:  0.0, Max: 0, Diff: 0, Sum: 0, Workers: 4
[5859.145s][debug][gc,phases      ] GC(188)     Total                          Min: 0, Avg:  0.0, Max: 0, Diff: 0, Sum: 0, Workers: 4
[5859.145s][debug][gc,phases      ] GC(188)   StringDedup Table Weak         Min:  0.0, Avg:  0.0, Max:  0.0, Diff:  0.0, Sum:  0.0, Workers: 4
[5859.145s][debug][gc,phases      ] GC(188)     Dead                           Min: 0, Avg:  0.0, Max: 0, Diff: 0, Sum: 0, Workers: 4
[5859.145s][debug][gc,phases      ] GC(188)     Total                          Min: 0, Avg:  0.0, Max: 0, Diff: 0, Sum: 0, Workers: 4
[5859.145s][debug][gc,phases      ] GC(188)   StringDedup Requests0 Weak     Min:  0.0, Avg:  0.0, Max:  0.0, Diff:  0.0, Sum:  0.0, Workers: 4
[5859.145s][debug][gc,phases      ] GC(188)     Dead                           Min: 0, Avg:  0.0, Max: 0, Diff: 0, Sum: 0, Workers: 4
[5859.145s][debug][gc,phases      ] GC(188)     Total                          Min: 0, Avg:  0.0, Max: 0, Diff: 0, Sum: 0, Workers: 4
[5859.145s][debug][gc,phases      ] GC(188)   StringDedup Requests1 Weak     Min:  0.0, Avg:  0.0, Max:  0.0, Diff:  0.0, Sum:  0.0, Workers: 4
[5859.145s][debug][gc,phases      ] GC(188)     Dead                           Min: 0, Avg:  0.0, Max: 0, Diff: 0, Sum: 0, Workers: 4
[5859.145s][debug][gc,phases      ] GC(188)     Total                          Min: 0, Avg:  0.0, Max: 0, Diff: 0, Sum: 0, Workers: 4
[5859.145s][debug][gc,phases      ] GC(188)   Weak JFR Old Object Samples    Min:  0.0, Avg:  0.0, Max:  0.0, Diff:  0.0, Sum:  0.0, Workers: 4
[5859.145s][debug][gc,phases      ] GC(188)     Dead                           Min: 0, Avg:  0.0, Max: 0, Diff: 0, Sum: 0, Workers: 4
[5859.145s][debug][gc,phases      ] GC(188)     Total                          Min: 0, Avg:  0.0, Max: 0, Diff: 0, Sum: 0, Workers: 4
[5859.145s][debug][gc,phases      ] GC(188) Weak Processing 0.379ms
[5859.145s][debug][gc,age         ] GC(188) Desired survivor size 47185920 bytes, new threshold 15 (max threshold 15)
[5859.145s][info ][gc,heap        ] GC(188) PSYoungGen: 2016208K(2043904K)->22368K(2051072K) Eden: 1993216K(1993216K)->0K(2002944K) From: 22992K(50688K)->22368K(48128K)
[5859.145s][info ][gc,heap        ] GC(188) ParOldGen: 574308K(678400K)->574456K(678400K)
[5859.145s][info ][gc,metaspace   ] GC(188) Metaspace: 84064K(84864K)->84064K(84864K) NonClass: 72389K(72768K)->72389K(72768K) Class: 11674K(12096K)->11674K(12096K)
[5859.145s][info ][gc             ] GC(188) Pause Young (Allocation Failure) 2529M->582M(2665M) 7.127ms
[5859.145s][info ][gc,cpu         ] GC(188) User=0.03s Sys=0.00s Real=0.01s
[5859.145s][info ][safepoint      ] Safepoint "ParallelGCFailedAllocation", Time since last: 5039255196 ns, Reaching safepoint: 50201 ns, At safepoint: 7212244 ns, Total: 7262445 ns
[5861.145s][info ][safepoint      ] Safepoint "Cleanup", Time since last: 2000151588 ns, Reaching safepoint: 102702 ns, At safepoint: 8600 ns, Total: 111302 ns
[5865.146s][info ][safepoint      ] Safepoint "Cleanup", Time since last: 4000305675 ns, Reaching safepoint: 122803 ns, At safepoint: 7400 ns, Total: 130203 ns
[5869.146s][info ][safepoint      ] Safepoint "Cleanup", Time since last: 4000301875 ns, Reaching safepoint: 110102 ns, At safepoint: 7900 ns, Total: 118002 ns
[5883.147s][info ][safepoint      ] Safepoint "Cleanup", Time since last: 14000833205 ns, Reaching safepoint: 118702 ns, At safepoint: 8500 ns, Total: 127202 ns
[5884.147s][info ][safepoint      ] Safepoint "Cleanup", Time since last: 1000115144 ns, Reaching safepoint: 122303 ns, At safepoint: 11100 ns, Total: 133403 ns
[5888.148s][info ][safepoint      ] Safepoint "Cleanup", Time since last: 4000314273 ns, Reaching safepoint: 118702 ns, At safepoint: 7500 ns, Total: 126202 ns
[5889.148s][info ][safepoint      ] Safepoint "Cleanup", Time since last: 1000126944 ns, Reaching safepoint: 104902 ns, At safepoint: 8201 ns, Total: 113103 ns
[5891.148s][info ][safepoint      ] Safepoint "Cleanup", Time since last: 2000171786 ns, Reaching safepoint: 116602 ns, At safepoint: 10901 ns, Total: 127503 ns
[5900.149s][info ][safepoint      ] Safepoint "Cleanup", Time since last: 9000653385 ns, Reaching safepoint: 126902 ns, At safepoint: 7400 ns, Total: 134302 ns
[5903.149s][info ][safepoint      ] Safepoint "Cleanup", Time since last: 3000252929 ns, Reaching safepoint: 48201 ns, At safepoint: 7000 ns, Total: 55201 ns
[5906.150s][info ][safepoint      ] Safepoint "Cleanup", Time since last: 3000223028 ns, Reaching safepoint: 51001 ns, At safepoint: 9700 ns, Total: 60701 ns
[5908.150s][info ][safepoint      ] Safepoint "Cleanup", Time since last: 2000178686 ns, Reaching safepoint: 43000 ns, At safepoint: 5101 ns, Total: 48101 ns
[5910.150s][info ][safepoint      ] Safepoint "Cleanup", Time since last: 2000178885 ns, Reaching safepoint: 48201 ns, At safepoint: 4400 ns, Total: 52601 ns
[5919.151s][info ][safepoint      ] Safepoint "Cleanup", Time since last: 9000597779 ns, Reaching safepoint: 55501 ns, At safepoint: 3200 ns, Total: 58701 ns
[5938.894s][info ][gc,start       ] GC(189) Pause Young (Allocation Failure)
[5938.901s][debug][gc,phases      ] GC(189) Scavenge 6.895ms
[5938.901s][debug][gc,ref         ] GC(189) Skipped phase 1 of Reference Processing: no references
[5938.901s][debug][gc,ref         ] GC(189) ReferenceProcessor::execute queues: 1, RefProcThreadModel::Single, marks_oops_alive: false
[5938.902s][debug][gc,ref         ] GC(189) Skipped phase 3 of Reference Processing: no references
[5938.902s][debug][gc,ref         ] GC(189) ReferenceProcessor::execute queues: 1, RefProcThreadModel::Single, marks_oops_alive: false
[5938.902s][debug][gc,phases      ] GC(189) Reference Processing 0.147ms
[5938.902s][debug][gc,phases      ] GC(189)   VM Weak                        Min:  0.0, Avg:  0.0, Max:  0.0, Diff:  0.0, Sum:  0.0, Workers: 4
[5938.902s][debug][gc,phases      ] GC(189)     Dead                           Min: 0, Avg:  0.0, Max: 0, Diff: 0, Sum: 0, Workers: 4
[5938.902s][debug][gc,phases      ] GC(189)     Total                          Min: 0, Avg: 143.8, Max: 575, Diff: 575, Sum: 575, Workers: 4
[5938.902s][debug][gc,phases      ] GC(189)   ObjectSynchronizer Weak        Min:  0.0, Avg:  0.0, Max:  0.0, Diff:  0.0, Sum:  0.0, Workers: 4
[5938.902s][debug][gc,phases      ] GC(189)     Dead                           Min: 0, Avg:  0.0, Max: 0, Diff: 0, Sum: 0, Workers: 4
[5938.902s][debug][gc,phases      ] GC(189)     Total                          Min: 0, Avg: 96.2, Max: 129, Diff: 129, Sum: 385, Workers: 4
[5938.902s][debug][gc,phases      ] GC(189)   JVMTI Tag Weak OopStorage      Min:  0.0, Avg:  0.0, Max:  0.0, Diff:  0.0, Sum:  0.0, Workers: 4
[5938.902s][debug][gc,phases      ] GC(189)     Dead                           Min: 0, Avg:  0.0, Max: 0, Diff: 0, Sum: 0, Workers: 4
[5938.902s][debug][gc,phases      ] GC(189)     Total                          Min: 0, Avg:  0.0, Max: 0, Diff: 0, Sum: 0, Workers: 4
[5938.902s][debug][gc,phases      ] GC(189)   StringTable Weak               Min:  0.1, Avg:  0.1, Max:  0.1, Diff:  0.0, Sum:  0.5, Workers: 4
[5938.902s][debug][gc,phases      ] GC(189)     Dead                           Min: 0, Avg:  0.0, Max: 0, Diff: 0, Sum: 0, Workers: 4
[5938.902s][debug][gc,phases      ] GC(189)     Total                          Min: 11264, Avg: 12179.0, Max: 13376, Diff: 2112, Sum: 48716, Workers: 4
[5938.902s][debug][gc,phases      ] GC(189)   ResolvedMethodTable Weak       Min:  0.0, Avg:  0.0, Max:  0.0, Diff:  0.0, Sum:  0.1, Workers: 4
[5938.902s][debug][gc,phases      ] GC(189)     Dead                           Min: 0, Avg:  0.0, Max: 0, Diff: 0, Sum: 0, Workers: 4
[5938.902s][debug][gc,phases      ] GC(189)     Total                          Min: 1983, Avg: 2077.8, Max: 2297, Diff: 314, Sum: 8311, Workers: 4
[5938.902s][debug][gc,phases      ] GC(189)   JNI Weak                       Min:  0.0, Avg:  0.0, Max:  0.0, Diff:  0.0, Sum:  0.0, Workers: 4
[5938.902s][debug][gc,phases      ] GC(189)     Dead                           Min: 0, Avg:  0.0, Max: 0, Diff: 0, Sum: 0, Workers: 4
[5938.902s][debug][gc,phases      ] GC(189)     Total                          Min: 0, Avg:  0.0, Max: 0, Diff: 0, Sum: 0, Workers: 4
[5938.902s][debug][gc,phases      ] GC(189)   StringDedup Table Weak         Min:  0.0, Avg:  0.0, Max:  0.0, Diff:  0.0, Sum:  0.0, Workers: 4
[5938.902s][debug][gc,phases      ] GC(189)     Dead                           Min: 0, Avg:  0.0, Max: 0, Diff: 0, Sum: 0, Workers: 4
[5938.902s][debug][gc,phases      ] GC(189)     Total                          Min: 0, Avg:  0.0, Max: 0, Diff: 0, Sum: 0, Workers: 4
[5938.902s][debug][gc,phases      ] GC(189)   StringDedup Requests0 Weak     Min:  0.0, Avg:  0.0, Max:  0.0, Diff:  0.0, Sum:  0.0, Workers: 4
[5938.902s][debug][gc,phases      ] GC(189)     Dead                           Min: 0, Avg:  0.0, Max: 0, Diff: 0, Sum: 0, Workers: 4
[5938.902s][debug][gc,phases      ] GC(189)     Total                          Min: 0, Avg:  0.0, Max: 0, Diff: 0, Sum: 0, Workers: 4
[5938.902s][debug][gc,phases      ] GC(189)   StringDedup Requests1 Weak     Min:  0.0, Avg:  0.0, Max:  0.0, Diff:  0.0, Sum:  0.0, Workers: 4
[5938.902s][debug][gc,phases      ] GC(189)     Dead                           Min: 0, Avg:  0.0, Max: 0, Diff: 0, Sum: 0, Workers: 4
[5938.902s][debug][gc,phases      ] GC(189)     Total                          Min: 0, Avg:  0.0, Max: 0, Diff: 0, Sum: 0, Workers: 4
[5938.902s][debug][gc,phases      ] GC(189)   Weak JFR Old Object Samples    Min:  0.0, Avg:  0.0, Max:  0.0, Diff:  0.0, Sum:  0.0, Workers: 4
[5938.902s][debug][gc,phases      ] GC(189)     Dead                           Min: 0, Avg:  0.0, Max: 0, Diff: 0, Sum: 0, Workers: 4
[5938.902s][debug][gc,phases      ] GC(189)     Total                          Min: 0, Avg:  0.0, Max: 0, Diff: 0, Sum: 0, Workers: 4
[5938.902s][debug][gc,phases      ] GC(189) Weak Processing 0.366ms
[5938.902s][debug][gc,age         ] GC(189) Desired survivor size 45088768 bytes, new threshold 15 (max threshold 15)
[5938.902s][info ][gc,heap        ] GC(189) PSYoungGen: 2025312K(2051072K)->23330K(2049024K) Eden: 2002944K(2002944K)->0K(2002944K) From: 22368K(48128K)->23330K(46080K)
[5938.902s][info ][gc,heap        ] GC(189) ParOldGen: 574456K(678400K)->574488K(678400K)
[5938.902s][info ][gc,metaspace   ] GC(189) Metaspace: 84086K(84864K)->84086K(84864K) NonClass: 72411K(72768K)->72411K(72768K) Class: 11674K(12096K)->11674K(12096K)
[5938.902s][info ][gc             ] GC(189) Pause Young (Allocation Failure) 2538M->583M(2663M) 7.545ms
[5938.902s][info ][gc,cpu         ] GC(189) User=0.03s Sys=0.00s Real=0.00s
[5938.902s][info ][safepoint      ] Safepoint "ParallelGCFailedAllocation", Time since last: 19743433791 ns, Reaching safepoint: 117103 ns, At safepoint: 7660052 ns, Total: 7777155 ns
[5942.902s][info ][safepoint      ] Safepoint "Cleanup", Time since last: 4000278966 ns, Reaching safepoint: 48501 ns, At safepoint: 5900 ns, Total: 54401 ns
[5945.903s][info ][safepoint      ] Safepoint "Cleanup", Time since last: 3000244925 ns, Reaching safepoint: 52801 ns, At safepoint: 3500 ns, Total: 56301 ns
[5947.903s][info ][safepoint      ] Safepoint "Cleanup", Time since last: 2000180883 ns, Reaching safepoint: 48601 ns, At safepoint: 5800 ns, Total: 54401 ns
[5948.903s][info ][safepoint      ] Safepoint "Cleanup", Time since last: 1000104142 ns, Reaching safepoint: 58301 ns, At safepoint: 3400 ns, Total: 61701 ns
[5949.903s][info ][safepoint      ] Safepoint "Cleanup", Time since last: 1000093542 ns, Reaching safepoint: 43301 ns, At safepoint: 7600 ns, Total: 50901 ns
[5956.904s][info ][safepoint      ] Safepoint "Cleanup", Time since last: 7000507088 ns, Reaching safepoint: 49401 ns, At safepoint: 4600 ns, Total: 54001 ns
[5970.905s][info ][safepoint      ] Safepoint "Cleanup", Time since last: 14000891469 ns, Reaching safepoint: 49801 ns, At safepoint: 3500 ns, Total: 53301 ns
[5971.905s][info ][safepoint      ] Safepoint "Cleanup", Time since last: 1000107041 ns, Reaching safepoint: 59202 ns, At safepoint: 7700 ns, Total: 66902 ns
[5997.907s][info ][safepoint      ] Safepoint "Cleanup", Time since last: 26001664842 ns, Reaching safepoint: 49201 ns, At safepoint: 34301 ns, Total: 83502 ns
[6020.398s][info ][gc,start       ] GC(190) Pause Young (Allocation Failure)
[6020.404s][debug][gc,phases      ] GC(190) Scavenge 6.401ms
[6020.404s][debug][gc,ref         ] GC(190) Skipped phase 1 of Reference Processing: no references
[6020.404s][debug][gc,ref         ] GC(190) ReferenceProcessor::execute queues: 1, RefProcThreadModel::Single, marks_oops_alive: false
[6020.404s][debug][gc,ref         ] GC(190) Skipped phase 3 of Reference Processing: no references
[6020.404s][debug][gc,ref         ] GC(190) ReferenceProcessor::execute queues: 1, RefProcThreadModel::Single, marks_oops_alive: false
[6020.404s][debug][gc,phases      ] GC(190) Reference Processing 0.188ms
[6020.405s][debug][gc,phases      ] GC(190)   VM Weak                        Min:  0.0, Avg:  0.0, Max:  0.0, Diff:  0.0, Sum:  0.0, Workers: 4
[6020.405s][debug][gc,phases      ] GC(190)     Dead                           Min: 0, Avg:  0.0, Max: 0, Diff: 0, Sum: 0, Workers: 4
[6020.405s][debug][gc,phases      ] GC(190)     Total                          Min: 0, Avg: 143.8, Max: 575, Diff: 575, Sum: 575, Workers: 4
[6020.405s][debug][gc,phases      ] GC(190)   ObjectSynchronizer Weak        Min:  0.0, Avg:  0.0, Max:  0.0, Diff:  0.0, Sum:  0.0, Workers: 4
[6020.405s][debug][gc,phases      ] GC(190)     Dead                           Min: 0, Avg:  0.0, Max: 0, Diff: 0, Sum: 0, Workers: 4
[6020.405s][debug][gc,phases      ] GC(190)     Total                          Min: 0, Avg: 96.2, Max: 129, Diff: 129, Sum: 385, Workers: 4
[6020.405s][debug][gc,phases      ] GC(190)   JVMTI Tag Weak OopStorage      Min:  0.0, Avg:  0.0, Max:  0.0, Diff:  0.0, Sum:  0.0, Workers: 4
[6020.405s][debug][gc,phases      ] GC(190)     Dead                           Min: 0, Avg:  0.0, Max: 0, Diff: 0, Sum: 0, Workers: 4
[6020.405s][debug][gc,phases      ] GC(190)     Total                          Min: 0, Avg:  0.0, Max: 0, Diff: 0, Sum: 0, Workers: 4
[6020.405s][debug][gc,phases      ] GC(190)   StringTable Weak               Min:  0.1, Avg:  0.1, Max:  0.1, Diff:  0.0, Sum:  0.5, Workers: 4
[6020.405s][debug][gc,phases      ] GC(190)     Dead                           Min: 0, Avg:  0.0, Max: 0, Diff: 0, Sum: 0, Workers: 4
[6020.405s][debug][gc,phases      ] GC(190)     Total                          Min: 11776, Avg: 12179.0, Max: 12800, Diff: 1024, Sum: 48716, Workers: 4
[6020.405s][debug][gc,phases      ] GC(190)   ResolvedMethodTable Weak       Min:  0.0, Avg:  0.0, Max:  0.0, Diff:  0.0, Sum:  0.1, Workers: 4
[6020.405s][debug][gc,phases      ] GC(190)     Dead                           Min: 0, Avg:  0.0, Max: 0, Diff: 0, Sum: 0, Workers: 4
[6020.405s][debug][gc,phases      ] GC(190)     Total                          Min: 1855, Avg: 2077.8, Max: 2297, Diff: 442, Sum: 8311, Workers: 4
[6020.405s][debug][gc,phases      ] GC(190)   JNI Weak                       Min:  0.0, Avg:  0.0, Max:  0.0, Diff:  0.0, Sum:  0.0, Workers: 4
[6020.405s][debug][gc,phases      ] GC(190)     Dead                           Min: 0, Avg:  0.0, Max: 0, Diff: 0, Sum: 0, Workers: 4
[6020.405s][debug][gc,phases      ] GC(190)     Total                          Min: 0, Avg:  0.0, Max: 0, Diff: 0, Sum: 0, Workers: 4
[6020.405s][debug][gc,phases      ] GC(190)   StringDedup Table Weak         Min:  0.0, Avg:  0.0, Max:  0.0, Diff:  0.0, Sum:  0.0, Workers: 4
[6020.405s][debug][gc,phases      ] GC(190)     Dead                           Min: 0, Avg:  0.0, Max: 0, Diff: 0, Sum: 0, Workers: 4
[6020.405s][debug][gc,phases      ] GC(190)     Total                          Min: 0, Avg:  0.0, Max: 0, Diff: 0, Sum: 0, Workers: 4
[6020.405s][debug][gc,phases      ] GC(190)   StringDedup Requests0 Weak     Min:  0.0, Avg:  0.0, Max:  0.0, Diff:  0.0, Sum:  0.0, Workers: 4
[6020.405s][debug][gc,phases      ] GC(190)     Dead                           Min: 0, Avg:  0.0, Max: 0, Diff: 0, Sum: 0, Workers: 4
[6020.405s][debug][gc,phases      ] GC(190)     Total                          Min: 0, Avg:  0.0, Max: 0, Diff: 0, Sum: 0, Workers: 4
[6020.405s][debug][gc,phases      ] GC(190)   StringDedup Requests1 Weak     Min:  0.0, Avg:  0.0, Max:  0.0, Diff:  0.0, Sum:  0.0, Workers: 4
[6020.405s][debug][gc,phases      ] GC(190)     Dead                           Min: 0, Avg:  0.0, Max: 0, Diff: 0, Sum: 0, Workers: 4
[6020.405s][debug][gc,phases      ] GC(190)     Total                          Min: 0, Avg:  0.0, Max: 0, Diff: 0, Sum: 0, Workers: 4
[6020.405s][debug][gc,phases      ] GC(190)   Weak JFR Old Object Samples    Min:  0.0, Avg:  0.0, Max:  0.0, Diff:  0.0, Sum:  0.0, Workers: 4
[6020.405s][debug][gc,phases      ] GC(190)     Dead                           Min: 0, Avg:  0.0, Max: 0, Diff: 0, Sum: 0, Workers: 4
[6020.405s][debug][gc,phases      ] GC(190)     Total                          Min: 0, Avg:  0.0, Max: 0, Diff: 0, Sum: 0, Workers: 4
[6020.405s][debug][gc,phases      ] GC(190) Weak Processing 0.353ms
[6020.405s][debug][gc,age         ] GC(190) Desired survivor size 42991616 bytes, new threshold 15 (max threshold 15)
[6020.405s][info ][gc,heap        ] GC(190) PSYoungGen: 2026274K(2049024K)->22288K(2055168K) Eden: 2002944K(2002944K)->0K(2011136K) From: 23330K(46080K)->22288K(44032K)
[6020.405s][info ][gc,heap        ] GC(190) ParOldGen: 574488K(678400K)->574536K(678400K)
[6020.405s][info ][gc,metaspace   ] GC(190) Metaspace: 84093K(84864K)->84093K(84864K) NonClass: 72419K(72768K)->72419K(72768K) Class: 11674K(12096K)->11674K(12096K)
[6020.405s][info ][gc             ] GC(190) Pause Young (Allocation Failure) 2539M->582M(2669M) 7.081ms
[6020.405s][info ][gc,cpu         ] GC(190) User=0.02s Sys=0.00s Real=0.00s
[6020.405s][info ][safepoint      ] Safepoint "ParallelGCFailedAllocation", Time since last: 22491020631 ns, Reaching safepoint: 56601 ns, At safepoint: 7190343 ns, Total: 7246944 ns
[6028.406s][info ][safepoint      ] Safepoint "Cleanup", Time since last: 8000536814 ns, Reaching safepoint: 116902 ns, At safepoint: 26701 ns, Total: 143603 ns
[6053.407s][info ][safepoint      ] Safepoint "Cleanup", Time since last: 25001634568 ns, Reaching safepoint: 45601 ns, At safepoint: 3300 ns, Total: 48901 ns
[6055.407s][info ][safepoint      ] Safepoint "Cleanup", Time since last: 2000180678 ns, Reaching safepoint: 43101 ns, At safepoint: 2900 ns, Total: 46001 ns
[6084.410s][info ][safepoint      ] Safepoint "Cleanup", Time since last: 29001982107 ns, Reaching safepoint: 53101 ns, At safepoint: 6900 ns, Total: 60001 ns
[6093.410s][info ][safepoint      ] Safepoint "Cleanup", Time since last: 9000689041 ns, Reaching safepoint: 49801 ns, At safepoint: 3500 ns, Total: 53301 ns
[6110.700s][info ][gc,start       ] GC(191) Pause Young (Allocation Failure)
[6110.707s][debug][gc,phases      ] GC(191) Scavenge 6.263ms
[6110.707s][debug][gc,ref         ] GC(191) Skipped phase 1 of Reference Processing: no references
[6110.707s][debug][gc,ref         ] GC(191) ReferenceProcessor::execute queues: 1, RefProcThreadModel::Single, marks_oops_alive: false
[6110.707s][debug][gc,ref         ] GC(191) Skipped phase 3 of Reference Processing: no references
[6110.707s][debug][gc,ref         ] GC(191) ReferenceProcessor::execute queues: 1, RefProcThreadModel::Single, marks_oops_alive: false
[6110.707s][debug][gc,phases      ] GC(191) Reference Processing 0.149ms
[6110.707s][debug][gc,phases      ] GC(191)   VM Weak                        Min:  0.0, Avg:  0.0, Max:  0.0, Diff:  0.0, Sum:  0.0, Workers: 4
[6110.707s][debug][gc,phases      ] GC(191)     Dead                           Min: 0, Avg:  0.0, Max: 0, Diff: 0, Sum: 0, Workers: 4
[6110.707s][debug][gc,phases      ] GC(191)     Total                          Min: 0, Avg: 143.8, Max: 298, Diff: 298, Sum: 575, Workers: 4
[6110.707s][debug][gc,phases      ] GC(191)   ObjectSynchronizer Weak        Min:  0.0, Avg:  0.0, Max:  0.0, Diff:  0.0, Sum:  0.0, Workers: 4
[6110.707s][debug][gc,phases      ] GC(191)     Dead                           Min: 0, Avg:  0.0, Max: 0, Diff: 0, Sum: 0, Workers: 4
[6110.707s][debug][gc,phases      ] GC(191)     Total                          Min: 64, Avg: 96.2, Max: 128, Diff: 64, Sum: 385, Workers: 4
[6110.707s][debug][gc,phases      ] GC(191)   JVMTI Tag Weak OopStorage      Min:  0.0, Avg:  0.0, Max:  0.0, Diff:  0.0, Sum:  0.0, Workers: 4
[6110.707s][debug][gc,phases      ] GC(191)     Dead                           Min: 0, Avg:  0.0, Max: 0, Diff: 0, Sum: 0, Workers: 4
[6110.707s][debug][gc,phases      ] GC(191)     Total                          Min: 0, Avg:  0.0, Max: 0, Diff: 0, Sum: 0, Workers: 4
[6110.707s][debug][gc,phases      ] GC(191)   StringTable Weak               Min:  0.1, Avg:  0.1, Max:  0.1, Diff:  0.0, Sum:  0.5, Workers: 4
[6110.707s][debug][gc,phases      ] GC(191)     Dead                           Min: 0, Avg:  0.0, Max: 0, Diff: 0, Sum: 0, Workers: 4
[6110.707s][debug][gc,phases      ] GC(191)     Total                          Min: 11264, Avg: 12179.0, Max: 13056, Diff: 1792, Sum: 48716, Workers: 4
[6110.707s][debug][gc,phases      ] GC(191)   ResolvedMethodTable Weak       Min:  0.0, Avg:  0.0, Max:  0.0, Diff:  0.0, Sum:  0.1, Workers: 4
[6110.707s][debug][gc,phases      ] GC(191)     Dead                           Min: 0, Avg:  0.0, Max: 0, Diff: 0, Sum: 0, Workers: 4
[6110.707s][debug][gc,phases      ] GC(191)     Total                          Min: 1791, Avg: 2077.8, Max: 2239, Diff: 448, Sum: 8311, Workers: 4
[6110.707s][debug][gc,phases      ] GC(191)   JNI Weak                       Min:  0.0, Avg:  0.0, Max:  0.0, Diff:  0.0, Sum:  0.0, Workers: 4
[6110.707s][debug][gc,phases      ] GC(191)     Dead                           Min: 0, Avg:  0.0, Max: 0, Diff: 0, Sum: 0, Workers: 4
[6110.707s][debug][gc,phases      ] GC(191)     Total                          Min: 0, Avg:  0.0, Max: 0, Diff: 0, Sum: 0, Workers: 4
[6110.707s][debug][gc,phases      ] GC(191)   StringDedup Table Weak         Min:  0.0, Avg:  0.0, Max:  0.0, Diff:  0.0, Sum:  0.0, Workers: 4
[6110.707s][debug][gc,phases      ] GC(191)     Dead                           Min: 0, Avg:  0.0, Max: 0, Diff: 0, Sum: 0, Workers: 4
[6110.707s][debug][gc,phases      ] GC(191)     Total                          Min: 0, Avg:  0.0, Max: 0, Diff: 0, Sum: 0, Workers: 4
[6110.707s][debug][gc,phases      ] GC(191)   StringDedup Requests0 Weak     Min:  0.0, Avg:  0.0, Max:  0.0, Diff:  0.0, Sum:  0.0, Workers: 4
[6110.707s][debug][gc,phases      ] GC(191)     Dead                           Min: 0, Avg:  0.0, Max: 0, Diff: 0, Sum: 0, Workers: 4
[6110.707s][debug][gc,phases      ] GC(191)     Total                          Min: 0, Avg:  0.0, Max: 0, Diff: 0, Sum: 0, Workers: 4
[6110.707s][debug][gc,phases      ] GC(191)   StringDedup Requests1 Weak     Min:  0.0, Avg:  0.0, Max:  0.0, Diff:  0.0, Sum:  0.0, Workers: 4
[6110.707s][debug][gc,phases      ] GC(191)     Dead                           Min: 0, Avg:  0.0, Max: 0, Diff: 0, Sum: 0, Workers: 4
[6110.707s][debug][gc,phases      ] GC(191)     Total                          Min: 0, Avg:  0.0, Max: 0, Diff: 0, Sum: 0, Workers: 4
[6110.707s][debug][gc,phases      ] GC(191)   Weak JFR Old Object Samples    Min:  0.0, Avg:  0.0, Max:  0.0, Diff:  0.0, Sum:  0.0, Workers: 4
[6110.707s][debug][gc,phases      ] GC(191)     Dead                           Min: 0, Avg:  0.0, Max: 0, Diff: 0, Sum: 0, Workers: 4
[6110.707s][debug][gc,phases      ] GC(191)     Total                          Min: 0, Avg:  0.0, Max: 0, Diff: 0, Sum: 0, Workers: 4
[6110.707s][debug][gc,phases      ] GC(191) Weak Processing 0.344ms
[6110.707s][debug][gc,age         ] GC(191) Desired survivor size 41418752 bytes, new threshold 15 (max threshold 15)
[6110.707s][info ][gc,heap        ] GC(191) PSYoungGen: 2033424K(2055168K)->22496K(2053120K) Eden: 2011136K(2011136K)->0K(2011136K) From: 22288K(44032K)->22496K(41984K)
[6110.707s][info ][gc,heap        ] GC(191) ParOldGen: 574536K(678400K)->574592K(678400K)
[6110.707s][info ][gc,metaspace   ] GC(191) Metaspace: 84098K(84864K)->84098K(84864K) NonClass: 72424K(72768K)->72424K(72768K) Class: 11674K(12096K)->11674K(12096K)
[6110.707s][info ][gc             ] GC(191) Pause Young (Allocation Failure) 2546M->583M(2667M) 6.884ms
[6110.707s][info ][gc,cpu         ] GC(191) User=0.03s Sys=0.00s Real=0.01s
[6110.707s][info ][safepoint      ] Safepoint "ParallelGCFailedAllocation", Time since last: 17289971797 ns, Reaching safepoint: 39900 ns, At safepoint: 6970741 ns, Total: 7010641 ns
[6160.711s][info ][safepoint      ] Safepoint "Cleanup", Time since last: 50003262543 ns, Reaching safepoint: 46801 ns, At safepoint: 27301 ns, Total: 74102 ns
[6165.711s][info ][safepoint      ] Safepoint "Cleanup", Time since last: 5000378810 ns, Reaching safepoint: 32401 ns, At safepoint: 2600 ns, Total: 35001 ns
[6166.711s][info ][safepoint      ] Safepoint "Cleanup", Time since last: 1000110821 ns, Reaching safepoint: 44501 ns, At safepoint: 4200 ns, Total: 48701 ns
[6168.711s][info ][safepoint      ] Safepoint "Cleanup", Time since last: 2000194642 ns, Reaching safepoint: 39301 ns, At safepoint: 3000 ns, Total: 42301 ns
[6173.712s][info ][safepoint      ] Safepoint "Cleanup", Time since last: 5000417596 ns, Reaching safepoint: 53401 ns, At safepoint: 10000 ns, Total: 63401 ns
[6174.712s][info ][safepoint      ] Safepoint "Cleanup", Time since last: 1000107518 ns, Reaching safepoint: 54701 ns, At safepoint: 2701 ns, Total: 57402 ns
[6176.712s][info ][safepoint      ] Safepoint "Cleanup", Time since last: 2000183635 ns, Reaching safepoint: 37301 ns, At safepoint: 4000 ns, Total: 41301 ns
[6187.715s][info ][safepoint      ] Safepoint "Cleanup", Time since last: 11002862804 ns, Reaching safepoint: 50601 ns, At safepoint: 8100 ns, Total: 58701 ns
[6199.849s][info ][gc,start       ] GC(192) Pause Young (Allocation Failure)
[6199.856s][debug][gc,phases      ] GC(192) Scavenge 6.294ms
[6199.856s][debug][gc,ref         ] GC(192) Skipped phase 1 of Reference Processing: no references
[6199.856s][debug][gc,ref         ] GC(192) ReferenceProcessor::execute queues: 1, RefProcThreadModel::Single, marks_oops_alive: false
[6199.856s][debug][gc,ref         ] GC(192) Skipped phase 3 of Reference Processing: no references
[6199.856s][debug][gc,ref         ] GC(192) ReferenceProcessor::execute queues: 1, RefProcThreadModel::Single, marks_oops_alive: false
[6199.856s][debug][gc,phases      ] GC(192) Reference Processing 0.162ms
[6199.856s][debug][gc,phases      ] GC(192)   VM Weak                        Min:  0.0, Avg:  0.0, Max:  0.0, Diff:  0.0, Sum:  0.0, Workers: 4
[6199.856s][debug][gc,phases      ] GC(192)     Dead                           Min: 0, Avg:  0.0, Max: 0, Diff: 0, Sum: 0, Workers: 4
[6199.856s][debug][gc,phases      ] GC(192)     Total                          Min: 0, Avg: 143.8, Max: 575, Diff: 575, Sum: 575, Workers: 4
[6199.856s][debug][gc,phases      ] GC(192)   ObjectSynchronizer Weak        Min:  0.0, Avg:  0.0, Max:  0.0, Diff:  0.0, Sum:  0.0, Workers: 4
[6199.856s][debug][gc,phases      ] GC(192)     Dead                           Min: 0, Avg:  0.0, Max: 0, Diff: 0, Sum: 0, Workers: 4
[6199.856s][debug][gc,phases      ] GC(192)     Total                          Min: 0, Avg: 96.2, Max: 193, Diff: 193, Sum: 385, Workers: 4
[6199.856s][debug][gc,phases      ] GC(192)   JVMTI Tag Weak OopStorage      Min:  0.0, Avg:  0.0, Max:  0.0, Diff:  0.0, Sum:  0.0, Workers: 4
[6199.856s][debug][gc,phases      ] GC(192)     Dead                           Min: 0, Avg:  0.0, Max: 0, Diff: 0, Sum: 0, Workers: 4
[6199.856s][debug][gc,phases      ] GC(192)     Total                          Min: 0, Avg:  0.0, Max: 0, Diff: 0, Sum: 0, Workers: 4
[6199.856s][debug][gc,phases      ] GC(192)   StringTable Weak               Min:  0.1, Avg:  0.1, Max:  0.1, Diff:  0.0, Sum:  0.5, Workers: 4
[6199.856s][debug][gc,phases      ] GC(192)     Dead                           Min: 0, Avg:  0.0, Max: 0, Diff: 0, Sum: 0, Workers: 4
[6199.856s][debug][gc,phases      ] GC(192)     Total                          Min: 10816, Avg: 12180.8, Max: 13120, Diff: 2304, Sum: 48723, Workers: 4
[6199.856s][debug][gc,phases      ] GC(192)   ResolvedMethodTable Weak       Min:  0.0, Avg:  0.0, Max:  0.0, Diff:  0.0, Sum:  0.1, Workers: 4
[6199.856s][debug][gc,phases      ] GC(192)     Dead                           Min: 0, Avg:  0.0, Max: 0, Diff: 0, Sum: 0, Workers: 4
[6199.856s][debug][gc,phases      ] GC(192)     Total                          Min: 1912, Avg: 2077.8, Max: 2240, Diff: 328, Sum: 8311, Workers: 4
[6199.856s][debug][gc,phases      ] GC(192)   JNI Weak                       Min:  0.0, Avg:  0.0, Max:  0.0, Diff:  0.0, Sum:  0.0, Workers: 4
[6199.856s][debug][gc,phases      ] GC(192)     Dead                           Min: 0, Avg:  0.0, Max: 0, Diff: 0, Sum: 0, Workers: 4
[6199.856s][debug][gc,phases      ] GC(192)     Total                          Min: 0, Avg:  0.0, Max: 0, Diff: 0, Sum: 0, Workers: 4
[6199.856s][debug][gc,phases      ] GC(192)   StringDedup Table Weak         Min:  0.0, Avg:  0.0, Max:  0.0, Diff:  0.0, Sum:  0.0, Workers: 4
[6199.856s][debug][gc,phases      ] GC(192)     Dead                           Min: 0, Avg:  0.0, Max: 0, Diff: 0, Sum: 0, Workers: 4
[6199.856s][debug][gc,phases      ] GC(192)     Total                          Min: 0, Avg:  0.0, Max: 0, Diff: 0, Sum: 0, Workers: 4
[6199.856s][debug][gc,phases      ] GC(192)   StringDedup Requests0 Weak     Min:  0.0, Avg:  0.0, Max:  0.0, Diff:  0.0, Sum:  0.0, Workers: 4
[6199.856s][debug][gc,phases      ] GC(192)     Dead                           Min: 0, Avg:  0.0, Max: 0, Diff: 0, Sum: 0, Workers: 4
[6199.856s][debug][gc,phases      ] GC(192)     Total                          Min: 0, Avg:  0.0, Max: 0, Diff: 0, Sum: 0, Workers: 4
[6199.856s][debug][gc,phases      ] GC(192)   StringDedup Requests1 Weak     Min:  0.0, Avg:  0.0, Max:  0.0, Diff:  0.0, Sum:  0.0, Workers: 4
[6199.856s][debug][gc,phases      ] GC(192)     Dead                           Min: 0, Avg:  0.0, Max: 0, Diff: 0, Sum: 0, Workers: 4
[6199.856s][debug][gc,phases      ] GC(192)     Total                          Min: 0, Avg:  0.0, Max: 0, Diff: 0, Sum: 0, Workers: 4
[6199.856s][debug][gc,phases      ] GC(192)   Weak JFR Old Object Samples    Min:  0.0, Avg:  0.0, Max:  0.0, Diff:  0.0, Sum:  0.0, Workers: 4
[6199.856s][debug][gc,phases      ] GC(192)     Dead                           Min: 0, Avg:  0.0, Max: 0, Diff: 0, Sum: 0, Workers: 4
[6199.856s][debug][gc,phases      ] GC(192)     Total                          Min: 0, Avg:  0.0, Max: 0, Diff: 0, Sum: 0, Workers: 4
[6199.856s][debug][gc,phases      ] GC(192) Weak Processing 0.395ms
[6199.856s][debug][gc,age         ] GC(192) Desired survivor size 39321600 bytes, new threshold 15 (max threshold 15)
[6199.856s][info ][gc,heap        ] GC(192) PSYoungGen: 2033632K(2053120K)->22432K(2058752K) Eden: 2011136K(2011136K)->0K(2018304K) From: 22496K(41984K)->22432K(40448K)
[6199.856s][info ][gc,heap        ] GC(192) ParOldGen: 574592K(678400K)->574824K(678400K)
[6199.856s][info ][gc,metaspace   ] GC(192) Metaspace: 84100K(84864K)->84100K(84864K) NonClass: 72426K(72768K)->72426K(72768K) Class: 11674K(12096K)->11674K(12096K)
[6199.856s][info ][gc             ] GC(192) Pause Young (Allocation Failure) 2547M->583M(2673M) 6.981ms
[6199.856s][info ][gc,cpu         ] GC(192) User=0.02s Sys=0.00s Real=0.01s
[6199.856s][info ][safepoint      ] Safepoint "ParallelGCFailedAllocation", Time since last: 12134065005 ns, Reaching safepoint: 95502 ns, At safepoint: 7088843 ns, Total: 7184345 ns
[6213.857s][info ][safepoint      ] Safepoint "Cleanup", Time since last: 14000887279 ns, Reaching safepoint: 48801 ns, At safepoint: 8801 ns, Total: 57602 ns
[6215.858s][info ][safepoint      ] Safepoint "Cleanup", Time since last: 2000201307 ns, Reaching safepoint: 52601 ns, At safepoint: 6200 ns, Total: 58801 ns
[6270.862s][info ][safepoint      ] Safepoint "Cleanup", Time since last: 55003905338 ns, Reaching safepoint: 59501 ns, At safepoint: 30601 ns, Total: 90102 ns
[6285.395s][info ][gc,start       ] GC(193) Pause Young (Allocation Failure)
[6285.401s][debug][gc,phases      ] GC(193) Scavenge 6.220ms
[6285.401s][debug][gc,ref         ] GC(193) Skipped phase 1 of Reference Processing: no references
[6285.401s][debug][gc,ref         ] GC(193) ReferenceProcessor::execute queues: 1, RefProcThreadModel::Single, marks_oops_alive: false
[6285.401s][debug][gc,ref         ] GC(193) Skipped phase 3 of Reference Processing: no references
[6285.401s][debug][gc,ref         ] GC(193) ReferenceProcessor::execute queues: 1, RefProcThreadModel::Single, marks_oops_alive: false
[6285.401s][debug][gc,phases      ] GC(193) Reference Processing 0.168ms
[6285.402s][debug][gc,phases      ] GC(193)   VM Weak                        Min:  0.0, Avg:  0.0, Max:  0.0, Diff:  0.0, Sum:  0.0, Workers: 4
[6285.402s][debug][gc,phases      ] GC(193)     Dead                           Min: 0, Avg:  0.0, Max: 0, Diff: 0, Sum: 0, Workers: 4
[6285.402s][debug][gc,phases      ] GC(193)     Total                          Min: 0, Avg: 143.8, Max: 575, Diff: 575, Sum: 575, Workers: 4
[6285.402s][debug][gc,phases      ] GC(193)   ObjectSynchronizer Weak        Min:  0.0, Avg:  0.0, Max:  0.0, Diff:  0.0, Sum:  0.0, Workers: 4
[6285.402s][debug][gc,phases      ] GC(193)     Dead                           Min: 0, Avg:  0.0, Max: 0, Diff: 0, Sum: 0, Workers: 4
[6285.402s][debug][gc,phases      ] GC(193)     Total                          Min: 0, Avg: 96.2, Max: 320, Diff: 320, Sum: 385, Workers: 4
[6285.402s][debug][gc,phases      ] GC(193)   JVMTI Tag Weak OopStorage      Min:  0.0, Avg:  0.0, Max:  0.0, Diff:  0.0, Sum:  0.0, Workers: 4
[6285.402s][debug][gc,phases      ] GC(193)     Dead                           Min: 0, Avg:  0.0, Max: 0, Diff: 0, Sum: 0, Workers: 4
[6285.402s][debug][gc,phases      ] GC(193)     Total                          Min: 0, Avg:  0.0, Max: 0, Diff: 0, Sum: 0, Workers: 4
[6285.402s][debug][gc,phases      ] GC(193)   StringTable Weak               Min:  0.1, Avg:  0.1, Max:  0.1, Diff:  0.0, Sum:  0.5, Workers: 4
[6285.402s][debug][gc,phases      ] GC(193)     Dead                           Min: 0, Avg:  0.0, Max: 0, Diff: 0, Sum: 0, Workers: 4
[6285.402s][debug][gc,phases      ] GC(193)     Total                          Min: 11411, Avg: 12180.8, Max: 13312, Diff: 1901, Sum: 48723, Workers: 4
[6285.402s][debug][gc,phases      ] GC(193)   ResolvedMethodTable Weak       Min:  0.0, Avg:  0.0, Max:  0.0, Diff:  0.0, Sum:  0.1, Workers: 4
[6285.402s][debug][gc,phases      ] GC(193)     Dead                           Min: 0, Avg:  0.0, Max: 0, Diff: 0, Sum: 0, Workers: 4
[6285.402s][debug][gc,phases      ] GC(193)     Total                          Min: 1912, Avg: 2077.8, Max: 2239, Diff: 327, Sum: 8311, Workers: 4
[6285.402s][debug][gc,phases      ] GC(193)   JNI Weak                       Min:  0.0, Avg:  0.0, Max:  0.0, Diff:  0.0, Sum:  0.0, Workers: 4
[6285.402s][debug][gc,phases      ] GC(193)     Dead                           Min: 0, Avg:  0.0, Max: 0, Diff: 0, Sum: 0, Workers: 4
[6285.402s][debug][gc,phases      ] GC(193)     Total                          Min: 0, Avg:  0.0, Max: 0, Diff: 0, Sum: 0, Workers: 4
[6285.402s][debug][gc,phases      ] GC(193)   StringDedup Table Weak         Min:  0.0, Avg:  0.0, Max:  0.0, Diff:  0.0, Sum:  0.0, Workers: 4
[6285.402s][debug][gc,phases      ] GC(193)     Dead                           Min: 0, Avg:  0.0, Max: 0, Diff: 0, Sum: 0, Workers: 4
[6285.402s][debug][gc,phases      ] GC(193)     Total                          Min: 0, Avg:  0.0, Max: 0, Diff: 0, Sum: 0, Workers: 4
[6285.402s][debug][gc,phases      ] GC(193)   StringDedup Requests0 Weak     Min:  0.0, Avg:  0.0, Max:  0.0, Diff:  0.0, Sum:  0.0, Workers: 4
[6285.402s][debug][gc,phases      ] GC(193)     Dead                           Min: 0, Avg:  0.0, Max: 0, Diff: 0, Sum: 0, Workers: 4
[6285.402s][debug][gc,phases      ] GC(193)     Total                          Min: 0, Avg:  0.0, Max: 0, Diff: 0, Sum: 0, Workers: 4
[6285.402s][debug][gc,phases      ] GC(193)   StringDedup Requests1 Weak     Min:  0.0, Avg:  0.0, Max:  0.0, Diff:  0.0, Sum:  0.0, Workers: 4
[6285.402s][debug][gc,phases      ] GC(193)     Dead                           Min: 0, Avg:  0.0, Max: 0, Diff: 0, Sum: 0, Workers: 4
[6285.402s][debug][gc,phases      ] GC(193)     Total                          Min: 0, Avg:  0.0, Max: 0, Diff: 0, Sum: 0, Workers: 4
[6285.402s][debug][gc,phases      ] GC(193)   Weak JFR Old Object Samples    Min:  0.0, Avg:  0.0, Max:  0.0, Diff:  0.0, Sum:  0.0, Workers: 4
[6285.402s][debug][gc,phases      ] GC(193)     Dead                           Min: 0, Avg:  0.0, Max: 0, Diff: 0, Sum: 0, Workers: 4
[6285.402s][debug][gc,phases      ] GC(193)     Total                          Min: 0, Avg:  0.0, Max: 0, Diff: 0, Sum: 0, Workers: 4
[6285.402s][debug][gc,phases      ] GC(193) Weak Processing 0.352ms
[6285.402s][debug][gc,age         ] GC(193) Desired survivor size 38273024 bytes, new threshold 15 (max threshold 15)
[6285.402s][info ][gc,heap        ] GC(193) PSYoungGen: 2040736K(2058752K)->22512K(2056704K) Eden: 2018304K(2018304K)->0K(2018304K) From: 22432K(40448K)->22512K(38400K)
[6285.402s][info ][gc,heap        ] GC(193) ParOldGen: 574824K(678400K)->574864K(678400K)
[6285.402s][info ][gc,metaspace   ] GC(193) Metaspace: 84103K(84928K)->84103K(84928K) NonClass: 72428K(72832K)->72428K(72832K) Class: 11674K(12096K)->11674K(12096K)
[6285.402s][info ][gc             ] GC(193) Pause Young (Allocation Failure) 2554M->583M(2671M) 6.888ms
[6285.402s][info ][gc,cpu         ] GC(193) User=0.03s Sys=0.00s Real=0.00s
[6285.402s][info ][safepoint      ] Safepoint "ParallelGCFailedAllocation", Time since last: 14533169238 ns, Reaching safepoint: 118402 ns, At safepoint: 6975240 ns, Total: 7093642 ns
[6288.402s][info ][safepoint      ] Safepoint "Cleanup", Time since last: 3000209639 ns, Reaching safepoint: 43901 ns, At safepoint: 3800 ns, Total: 47701 ns
[6290.402s][info ][safepoint      ] Safepoint "Cleanup", Time since last: 2000166758 ns, Reaching safepoint: 47901 ns, At safepoint: 5900 ns, Total: 53801 ns
[6291.403s][info ][safepoint      ] Safepoint "Cleanup", Time since last: 1000106779 ns, Reaching safepoint: 47001 ns, At safepoint: 3200 ns, Total: 50201 ns
[6314.404s][info ][safepoint      ] Safepoint "Cleanup", Time since last: 23001513518 ns, Reaching safepoint: 48801 ns, At safepoint: 38901 ns, Total: 87702 ns
[6316.404s][info ][safepoint      ] Safepoint "Cleanup", Time since last: 2000170343 ns, Reaching safepoint: 51401 ns, At safepoint: 3300 ns, Total: 54701 ns
[6322.405s][info ][safepoint      ] Safepoint "Cleanup", Time since last: 6000389019 ns, Reaching safepoint: 54501 ns, At safepoint: 18601 ns, Total: 73102 ns
[6328.405s][info ][safepoint      ] Safepoint "Cleanup", Time since last: 6000465410 ns, Reaching safepoint: 44501 ns, At safepoint: 2700 ns, Total: 47201 ns
[6337.406s][info ][safepoint      ] Safepoint "Cleanup", Time since last: 9000626596 ns, Reaching safepoint: 47501 ns, At safepoint: 3300 ns, Total: 50801 ns
[6347.407s][info ][safepoint      ] Safepoint "Cleanup", Time since last: 10000631335 ns, Reaching safepoint: 45900 ns, At safepoint: 4901 ns, Total: 50801 ns
[6366.959s][info ][gc,start       ] GC(194) Pause Young (Allocation Failure)
[6366.965s][debug][gc,phases      ] GC(194) Scavenge 5.949ms
[6366.965s][debug][gc,ref         ] GC(194) Skipped phase 1 of Reference Processing: no references
[6366.965s][debug][gc,ref         ] GC(194) ReferenceProcessor::execute queues: 1, RefProcThreadModel::Single, marks_oops_alive: false
[6366.965s][debug][gc,ref         ] GC(194) Skipped phase 3 of Reference Processing: no references
[6366.965s][debug][gc,ref         ] GC(194) ReferenceProcessor::execute queues: 1, RefProcThreadModel::Single, marks_oops_alive: false
[6366.965s][debug][gc,phases      ] GC(194) Reference Processing 0.151ms
[6366.966s][debug][gc,phases      ] GC(194)   VM Weak                        Min:  0.0, Avg:  0.0, Max:  0.0, Diff:  0.0, Sum:  0.0, Workers: 4
[6366.966s][debug][gc,phases      ] GC(194)     Dead                           Min: 0, Avg:  0.0, Max: 0, Diff: 0, Sum: 0, Workers: 4
[6366.966s][debug][gc,phases      ] GC(194)     Total                          Min: 0, Avg: 143.8, Max: 575, Diff: 575, Sum: 575, Workers: 4
[6366.966s][debug][gc,phases      ] GC(194)   ObjectSynchronizer Weak        Min:  0.0, Avg:  0.0, Max:  0.0, Diff:  0.0, Sum:  0.0, Workers: 4
[6366.966s][debug][gc,phases      ] GC(194)     Dead                           Min: 0, Avg:  0.0, Max: 0, Diff: 0, Sum: 0, Workers: 4
[6366.966s][debug][gc,phases      ] GC(194)     Total                          Min: 0, Avg: 96.2, Max: 385, Diff: 385, Sum: 385, Workers: 4
[6366.966s][debug][gc,phases      ] GC(194)   JVMTI Tag Weak OopStorage      Min:  0.0, Avg:  0.0, Max:  0.0, Diff:  0.0, Sum:  0.0, Workers: 4
[6366.966s][debug][gc,phases      ] GC(194)     Dead                           Min: 0, Avg:  0.0, Max: 0, Diff: 0, Sum: 0, Workers: 4
[6366.966s][debug][gc,phases      ] GC(194)     Total                          Min: 0, Avg:  0.0, Max: 0, Diff: 0, Sum: 0, Workers: 4
[6366.966s][debug][gc,phases      ] GC(194)   StringTable Weak               Min:  0.1, Avg:  0.1, Max:  0.1, Diff:  0.0, Sum:  0.4, Workers: 4
[6366.966s][debug][gc,phases      ] GC(194)     Dead                           Min: 0, Avg:  0.0, Max: 0, Diff: 0, Sum: 0, Workers: 4
[6366.966s][debug][gc,phases      ] GC(194)     Total                          Min: 10432, Avg: 12181.2, Max: 14272, Diff: 3840, Sum: 48725, Workers: 4
[6366.966s][debug][gc,phases      ] GC(194)   ResolvedMethodTable Weak       Min:  0.0, Avg:  0.0, Max:  0.0, Diff:  0.0, Sum:  0.1, Workers: 4
[6366.966s][debug][gc,phases      ] GC(194)     Dead                           Min: 0, Avg:  0.0, Max: 0, Diff: 0, Sum: 0, Workers: 4
[6366.966s][debug][gc,phases      ] GC(194)     Total                          Min: 1919, Avg: 2077.8, Max: 2424, Diff: 505, Sum: 8311, Workers: 4
[6366.966s][debug][gc,phases      ] GC(194)   JNI Weak                       Min:  0.0, Avg:  0.0, Max:  0.0, Diff:  0.0, Sum:  0.0, Workers: 4
[6366.966s][debug][gc,phases      ] GC(194)     Dead                           Min: 0, Avg:  0.0, Max: 0, Diff: 0, Sum: 0, Workers: 4
[6366.966s][debug][gc,phases      ] GC(194)     Total                          Min: 0, Avg:  0.0, Max: 0, Diff: 0, Sum: 0, Workers: 4
[6366.966s][debug][gc,phases      ] GC(194)   StringDedup Table Weak         Min:  0.0, Avg:  0.0, Max:  0.0, Diff:  0.0, Sum:  0.0, Workers: 4
[6366.966s][debug][gc,phases      ] GC(194)     Dead                           Min: 0, Avg:  0.0, Max: 0, Diff: 0, Sum: 0, Workers: 4
[6366.966s][debug][gc,phases      ] GC(194)     Total                          Min: 0, Avg:  0.0, Max: 0, Diff: 0, Sum: 0, Workers: 4
[6366.966s][debug][gc,phases      ] GC(194)   StringDedup Requests0 Weak     Min:  0.0, Avg:  0.0, Max:  0.0, Diff:  0.0, Sum:  0.0, Workers: 4
[6366.966s][debug][gc,phases      ] GC(194)     Dead                           Min: 0, Avg:  0.0, Max: 0, Diff: 0, Sum: 0, Workers: 4
[6366.966s][debug][gc,phases      ] GC(194)     Total                          Min: 0, Avg:  0.0, Max: 0, Diff: 0, Sum: 0, Workers: 4
[6366.966s][debug][gc,phases      ] GC(194)   StringDedup Requests1 Weak     Min:  0.0, Avg:  0.0, Max:  0.0, Diff:  0.0, Sum:  0.0, Workers: 4
[6366.966s][debug][gc,phases      ] GC(194)     Dead                           Min: 0, Avg:  0.0, Max: 0, Diff: 0, Sum: 0, Workers: 4
[6366.966s][debug][gc,phases      ] GC(194)     Total                          Min: 0, Avg:  0.0, Max: 0, Diff: 0, Sum: 0, Workers: 4
[6366.966s][debug][gc,phases      ] GC(194)   Weak JFR Old Object Samples    Min:  0.0, Avg:  0.0, Max:  0.0, Diff:  0.0, Sum:  0.0, Workers: 4
[6366.966s][debug][gc,phases      ] GC(194)     Dead                           Min: 0, Avg:  0.0, Max: 0, Diff: 0, Sum: 0, Workers: 4
[6366.966s][debug][gc,phases      ] GC(194)     Total                          Min: 0, Avg:  0.0, Max: 0, Diff: 0, Sum: 0, Workers: 4
[6366.966s][debug][gc,phases      ] GC(194) Weak Processing 0.335ms
[6366.966s][debug][gc,age         ] GC(194) Desired survivor size 36700160 bytes, new threshold 15 (max threshold 15)
[6366.966s][info ][gc,heap        ] GC(194) PSYoungGen: 2040816K(2056704K)->22624K(2061312K) Eden: 2018304K(2018304K)->0K(2023936K) From: 22512K(38400K)->22624K(37376K)
[6366.966s][info ][gc,heap        ] GC(194) ParOldGen: 574864K(678400K)->574904K(678400K)
[6366.966s][info ][gc,metaspace   ] GC(194) Metaspace: 84113K(84992K)->84113K(84992K) NonClass: 72439K(72896K)->72439K(72896K) Class: 11674K(12096K)->11674K(12096K)
[6366.966s][info ][gc             ] GC(194) Pause Young (Allocation Failure) 2554M->583M(2675M) 6.584ms
[6366.966s][info ][gc,cpu         ] GC(194) User=0.03s Sys=0.00s Real=0.01s
[6366.966s][info ][safepoint      ] Safepoint "ParallelGCFailedAllocation", Time since last: 19552482188 ns, Reaching safepoint: 41301 ns, At safepoint: 6671433 ns, Total: 6712734 ns
[6446.971s][info ][safepoint      ] Safepoint "Cleanup", Time since last: 80005368373 ns, Reaching safepoint: 48401 ns, At safepoint: 3400 ns, Total: 51801 ns
[6451.446s][info ][gc,start       ] GC(195) Pause Young (Allocation Failure)
[6451.452s][debug][gc,phases      ] GC(195) Scavenge 5.338ms
[6451.452s][debug][gc,ref         ] GC(195) Skipped phase 1 of Reference Processing: no references
[6451.452s][debug][gc,ref         ] GC(195) ReferenceProcessor::execute queues: 1, RefProcThreadModel::Single, marks_oops_alive: false
[6451.452s][debug][gc,ref         ] GC(195) Skipped phase 3 of Reference Processing: no references
[6451.452s][debug][gc,ref         ] GC(195) ReferenceProcessor::execute queues: 1, RefProcThreadModel::Single, marks_oops_alive: false
[6451.452s][debug][gc,phases      ] GC(195) Reference Processing 0.145ms
[6451.452s][debug][gc,phases      ] GC(195)   VM Weak                        Min:  0.0, Avg:  0.0, Max:  0.0, Diff:  0.0, Sum:  0.0, Workers: 4
[6451.452s][debug][gc,phases      ] GC(195)     Dead                           Min: 0, Avg:  0.0, Max: 0, Diff: 0, Sum: 0, Workers: 4
[6451.452s][debug][gc,phases      ] GC(195)     Total                          Min: 0, Avg: 143.8, Max: 575, Diff: 575, Sum: 575, Workers: 4
[6451.452s][debug][gc,phases      ] GC(195)   ObjectSynchronizer Weak        Min:  0.0, Avg:  0.0, Max:  0.0, Diff:  0.0, Sum:  0.0, Workers: 4
[6451.452s][debug][gc,phases      ] GC(195)     Dead                           Min: 0, Avg:  0.0, Max: 0, Diff: 0, Sum: 0, Workers: 4
[6451.452s][debug][gc,phases      ] GC(195)     Total                          Min: 0, Avg: 96.2, Max: 193, Diff: 193, Sum: 385, Workers: 4
[6451.452s][debug][gc,phases      ] GC(195)   JVMTI Tag Weak OopStorage      Min:  0.0, Avg:  0.0, Max:  0.0, Diff:  0.0, Sum:  0.0, Workers: 4
[6451.452s][debug][gc,phases      ] GC(195)     Dead                           Min: 0, Avg:  0.0, Max: 0, Diff: 0, Sum: 0, Workers: 4
[6451.452s][debug][gc,phases      ] GC(195)     Total                          Min: 0, Avg:  0.0, Max: 0, Diff: 0, Sum: 0, Workers: 4
[6451.452s][debug][gc,phases      ] GC(195)   StringTable Weak               Min:  0.1, Avg:  0.1, Max:  0.1, Diff:  0.0, Sum:  0.4, Workers: 4
[6451.452s][debug][gc,phases      ] GC(195)     Dead                           Min: 0, Avg:  0.0, Max: 0, Diff: 0, Sum: 0, Workers: 4
[6451.452s][debug][gc,phases      ] GC(195)     Total                          Min: 11712, Avg: 12181.2, Max: 12672, Diff: 960, Sum: 48725, Workers: 4
[6451.452s][debug][gc,phases      ] GC(195)   ResolvedMethodTable Weak       Min:  0.0, Avg:  0.0, Max:  0.0, Diff:  0.0, Sum:  0.1, Workers: 4
[6451.452s][debug][gc,phases      ] GC(195)     Dead                           Min: 0, Avg:  0.0, Max: 0, Diff: 0, Sum: 0, Workers: 4
[6451.452s][debug][gc,phases      ] GC(195)     Total                          Min: 1856, Avg: 2077.8, Max: 2297, Diff: 441, Sum: 8311, Workers: 4
[6451.452s][debug][gc,phases      ] GC(195)   JNI Weak                       Min:  0.0, Avg:  0.0, Max:  0.0, Diff:  0.0, Sum:  0.0, Workers: 4
[6451.452s][debug][gc,phases      ] GC(195)     Dead                           Min: 0, Avg:  0.0, Max: 0, Diff: 0, Sum: 0, Workers: 4
[6451.452s][debug][gc,phases      ] GC(195)     Total                          Min: 0, Avg:  0.0, Max: 0, Diff: 0, Sum: 0, Workers: 4
[6451.452s][debug][gc,phases      ] GC(195)   StringDedup Table Weak         Min:  0.0, Avg:  0.0, Max:  0.0, Diff:  0.0, Sum:  0.0, Workers: 4
[6451.452s][debug][gc,phases      ] GC(195)     Dead                           Min: 0, Avg:  0.0, Max: 0, Diff: 0, Sum: 0, Workers: 4
[6451.452s][debug][gc,phases      ] GC(195)     Total                          Min: 0, Avg:  0.0, Max: 0, Diff: 0, Sum: 0, Workers: 4
[6451.452s][debug][gc,phases      ] GC(195)   StringDedup Requests0 Weak     Min:  0.0, Avg:  0.0, Max:  0.0, Diff:  0.0, Sum:  0.0, Workers: 4
[6451.452s][debug][gc,phases      ] GC(195)     Dead                           Min: 0, Avg:  0.0, Max: 0, Diff: 0, Sum: 0, Workers: 4
[6451.452s][debug][gc,phases      ] GC(195)     Total                          Min: 0, Avg:  0.0, Max: 0, Diff: 0, Sum: 0, Workers: 4
[6451.452s][debug][gc,phases      ] GC(195)   StringDedup Requests1 Weak     Min:  0.0, Avg:  0.0, Max:  0.0, Diff:  0.0, Sum:  0.0, Workers: 4
[6451.452s][debug][gc,phases      ] GC(195)     Dead                           Min: 0, Avg:  0.0, Max: 0, Diff: 0, Sum: 0, Workers: 4
[6451.452s][debug][gc,phases      ] GC(195)     Total                          Min: 0, Avg:  0.0, Max: 0, Diff: 0, Sum: 0, Workers: 4
[6451.452s][debug][gc,phases      ] GC(195)   Weak JFR Old Object Samples    Min:  0.0, Avg:  0.0, Max:  0.0, Diff:  0.0, Sum:  0.0, Workers: 4
[6451.452s][debug][gc,phases      ] GC(195)     Dead                           Min: 0, Avg:  0.0, Max: 0, Diff: 0, Sum: 0, Workers: 4
[6451.452s][debug][gc,phases      ] GC(195)     Total                          Min: 0, Avg:  0.0, Max: 0, Diff: 0, Sum: 0, Workers: 4
[6451.452s][debug][gc,phases      ] GC(195) Weak Processing 0.310ms
[6451.452s][debug][gc,age         ] GC(195) Desired survivor size 35651584 bytes, new threshold 15 (max threshold 15)
[6451.452s][info ][gc,heap        ] GC(195) PSYoungGen: 2046560K(2061312K)->22512K(2059776K) Eden: 2023936K(2023936K)->0K(2023936K) From: 22624K(37376K)->22512K(35840K)
[6451.452s][info ][gc,heap        ] GC(195) ParOldGen: 574904K(678400K)->575085K(678400K)
[6451.452s][info ][gc,metaspace   ] GC(195) Metaspace: 84113K(84992K)->84113K(84992K) NonClass: 72439K(72896K)->72439K(72896K) Class: 11674K(12096K)->11674K(12096K)
[6451.452s][info ][gc             ] GC(195) Pause Young (Allocation Failure) 2560M->583M(2674M) 5.948ms
[6451.452s][info ][gc,cpu         ] GC(195) User=0.02s Sys=0.00s Real=0.00s
[6451.452s][info ][safepoint      ] Safepoint "ParallelGCFailedAllocation", Time since last: 4474917459 ns, Reaching safepoint: 121203 ns, At safepoint: 6037821 ns, Total: 6159024 ns
[6467.453s][info ][safepoint      ] Safepoint "Cleanup", Time since last: 16001016760 ns, Reaching safepoint: 57401 ns, At safepoint: 6200 ns, Total: 63601 ns
[6469.454s][info ][safepoint      ] Safepoint "Cleanup", Time since last: 2000181067 ns, Reaching safepoint: 38801 ns, At safepoint: 7600 ns, Total: 46401 ns
[6479.455s][info ][safepoint      ] Safepoint "Cleanup", Time since last: 10001157829 ns, Reaching safepoint: 31701 ns, At safepoint: 3200 ns, Total: 34901 ns
[6481.455s][info ][safepoint      ] Safepoint "Cleanup", Time since last: 2000136761 ns, Reaching safepoint: 42801 ns, At safepoint: 2900 ns, Total: 45701 ns
[6534.459s][info ][safepoint      ] Safepoint "Cleanup", Time since last: 53003593131 ns, Reaching safepoint: 56401 ns, At safepoint: 8600 ns, Total: 65001 ns
[6548.598s][info ][gc,start       ] GC(196) Pause Young (Allocation Failure)
[6548.604s][debug][gc,phases      ] GC(196) Scavenge 6.129ms
[6548.604s][debug][gc,ref         ] GC(196) Skipped phase 1 of Reference Processing: no references
[6548.604s][debug][gc,ref         ] GC(196) ReferenceProcessor::execute queues: 1, RefProcThreadModel::Single, marks_oops_alive: false
[6548.604s][debug][gc,ref         ] GC(196) Skipped phase 3 of Reference Processing: no references
[6548.604s][debug][gc,ref         ] GC(196) ReferenceProcessor::execute queues: 1, RefProcThreadModel::Single, marks_oops_alive: false
[6548.604s][debug][gc,phases      ] GC(196) Reference Processing 0.162ms
[6548.604s][debug][gc,phases      ] GC(196)   VM Weak                        Min:  0.0, Avg:  0.0, Max:  0.0, Diff:  0.0, Sum:  0.0, Workers: 4
[6548.604s][debug][gc,phases      ] GC(196)     Dead                           Min: 0, Avg:  0.0, Max: 0, Diff: 0, Sum: 0, Workers: 4
[6548.604s][debug][gc,phases      ] GC(196)     Total                          Min: 0, Avg: 143.8, Max: 472, Diff: 472, Sum: 575, Workers: 4
[6548.604s][debug][gc,phases      ] GC(196)   ObjectSynchronizer Weak        Min:  0.0, Avg:  0.0, Max:  0.0, Diff:  0.0, Sum:  0.0, Workers: 4
[6548.604s][debug][gc,phases      ] GC(196)     Dead                           Min: 0, Avg:  0.0, Max: 0, Diff: 0, Sum: 0, Workers: 4
[6548.604s][debug][gc,phases      ] GC(196)     Total                          Min: 0, Avg: 96.2, Max: 192, Diff: 192, Sum: 385, Workers: 4
[6548.604s][debug][gc,phases      ] GC(196)   JVMTI Tag Weak OopStorage      Min:  0.0, Avg:  0.0, Max:  0.0, Diff:  0.0, Sum:  0.0, Workers: 4
[6548.604s][debug][gc,phases      ] GC(196)     Dead                           Min: 0, Avg:  0.0, Max: 0, Diff: 0, Sum: 0, Workers: 4
[6548.604s][debug][gc,phases      ] GC(196)     Total                          Min: 0, Avg:  0.0, Max: 0, Diff: 0, Sum: 0, Workers: 4
[6548.604s][debug][gc,phases      ] GC(196)   StringTable Weak               Min:  0.1, Avg:  0.1, Max:  0.1, Diff:  0.0, Sum:  0.4, Workers: 4
[6548.604s][debug][gc,phases      ] GC(196)     Dead                           Min: 0, Avg:  0.0, Max: 0, Diff: 0, Sum: 0, Workers: 4
[6548.604s][debug][gc,phases      ] GC(196)     Total                          Min: 10880, Avg: 12181.2, Max: 13632, Diff: 2752, Sum: 48725, Workers: 4
[6548.604s][debug][gc,phases      ] GC(196)   ResolvedMethodTable Weak       Min:  0.0, Avg:  0.0, Max:  0.0, Diff:  0.0, Sum:  0.1, Workers: 4
[6548.604s][debug][gc,phases      ] GC(196)     Dead                           Min: 0, Avg:  0.0, Max: 0, Diff: 0, Sum: 0, Workers: 4
[6548.604s][debug][gc,phases      ] GC(196)     Total                          Min: 1855, Avg: 2077.8, Max: 2239, Diff: 384, Sum: 8311, Workers: 4
[6548.604s][debug][gc,phases      ] GC(196)   JNI Weak                       Min:  0.0, Avg:  0.0, Max:  0.0, Diff:  0.0, Sum:  0.0, Workers: 4
[6548.604s][debug][gc,phases      ] GC(196)     Dead                           Min: 0, Avg:  0.0, Max: 0, Diff: 0, Sum: 0, Workers: 4
[6548.604s][debug][gc,phases      ] GC(196)     Total                          Min: 0, Avg:  0.0, Max: 0, Diff: 0, Sum: 0, Workers: 4
[6548.604s][debug][gc,phases      ] GC(196)   StringDedup Table Weak         Min:  0.0, Avg:  0.0, Max:  0.0, Diff:  0.0, Sum:  0.0, Workers: 4
[6548.604s][debug][gc,phases      ] GC(196)     Dead                           Min: 0, Avg:  0.0, Max: 0, Diff: 0, Sum: 0, Workers: 4
[6548.604s][debug][gc,phases      ] GC(196)     Total                          Min: 0, Avg:  0.0, Max: 0, Diff: 0, Sum: 0, Workers: 4
[6548.604s][debug][gc,phases      ] GC(196)   StringDedup Requests0 Weak     Min:  0.0, Avg:  0.0, Max:  0.0, Diff:  0.0, Sum:  0.0, Workers: 4
[6548.604s][debug][gc,phases      ] GC(196)     Dead                           Min: 0, Avg:  0.0, Max: 0, Diff: 0, Sum: 0, Workers: 4
[6548.604s][debug][gc,phases      ] GC(196)     Total                          Min: 0, Avg:  0.0, Max: 0, Diff: 0, Sum: 0, Workers: 4
[6548.604s][debug][gc,phases      ] GC(196)   StringDedup Requests1 Weak     Min:  0.0, Avg:  0.0, Max:  0.0, Diff:  0.0, Sum:  0.0, Workers: 4
[6548.604s][debug][gc,phases      ] GC(196)     Dead                           Min: 0, Avg:  0.0, Max: 0, Diff: 0, Sum: 0, Workers: 4
[6548.604s][debug][gc,phases      ] GC(196)     Total                          Min: 0, Avg:  0.0, Max: 0, Diff: 0, Sum: 0, Workers: 4
[6548.604s][debug][gc,phases      ] GC(196)   Weak JFR Old Object Samples    Min:  0.0, Avg:  0.0, Max:  0.0, Diff:  0.0, Sum:  0.0, Workers: 4
[6548.604s][debug][gc,phases      ] GC(196)     Dead                           Min: 0, Avg:  0.0, Max: 0, Diff: 0, Sum: 0, Workers: 4
[6548.604s][debug][gc,phases      ] GC(196)     Total                          Min: 0, Avg:  0.0, Max: 0, Diff: 0, Sum: 0, Workers: 4
[6548.604s][debug][gc,phases      ] GC(196) Weak Processing 0.333ms
[6548.604s][debug][gc,age         ] GC(196) Desired survivor size 34078720 bytes, new threshold 15 (max threshold 15)
[6548.604s][info ][gc,heap        ] GC(196) PSYoungGen: 2046448K(2059776K)->22224K(2063872K) Eden: 2023936K(2023936K)->0K(2029056K) From: 22512K(35840K)->22224K(34816K)
[6548.604s][info ][gc,heap        ] GC(196) ParOldGen: 575085K(678400K)->575133K(678400K)
[6548.605s][info ][gc,metaspace   ] GC(196) Metaspace: 84116K(84992K)->84116K(84992K) NonClass: 72441K(72896K)->72441K(72896K) Class: 11674K(12096K)->11674K(12096K)
[6548.605s][info ][gc             ] GC(196) Pause Young (Allocation Failure) 2560M->583M(2678M) 6.746ms
[6548.605s][info ][gc,cpu         ] GC(196) User=0.02s Sys=0.00s Real=0.00s
[6548.605s][info ][safepoint      ] Safepoint "ParallelGCFailedAllocation", Time since last: 14138950524 ns, Reaching safepoint: 48901 ns, At safepoint: 6847737 ns, Total: 6896638 ns
[6591.608s][info ][safepoint      ] Safepoint "Cleanup", Time since last: 43002969386 ns, Reaching safepoint: 49001 ns, At safepoint: 4600 ns, Total: 53601 ns
[6623.610s][info ][safepoint      ] Safepoint "Cleanup", Time since last: 32002337736 ns, Reaching safepoint: 44301 ns, At safepoint: 2800 ns, Total: 47101 ns
[6651.948s][info ][gc,start       ] GC(197) Pause Young (Allocation Failure)
[6651.954s][debug][gc,phases      ] GC(197) Scavenge 5.494ms
[6651.954s][debug][gc,ref         ] GC(197) Skipped phase 1 of Reference Processing: no references
[6651.954s][debug][gc,ref         ] GC(197) ReferenceProcessor::execute queues: 1, RefProcThreadModel::Single, marks_oops_alive: false
[6651.954s][debug][gc,ref         ] GC(197) Skipped phase 3 of Reference Processing: no references
[6651.954s][debug][gc,ref         ] GC(197) ReferenceProcessor::execute queues: 1, RefProcThreadModel::Single, marks_oops_alive: false
[6651.954s][debug][gc,phases      ] GC(197) Reference Processing 0.153ms
[6651.954s][debug][gc,phases      ] GC(197)   VM Weak                        Min:  0.0, Avg:  0.0, Max:  0.0, Diff:  0.0, Sum:  0.0, Workers: 4
[6651.954s][debug][gc,phases      ] GC(197)     Dead                           Min: 0, Avg:  0.0, Max: 0, Diff: 0, Sum: 0, Workers: 4
[6651.954s][debug][gc,phases      ] GC(197)     Total                          Min: 0, Avg: 143.8, Max: 314, Diff: 314, Sum: 575, Workers: 4
[6651.954s][debug][gc,phases      ] GC(197)   ObjectSynchronizer Weak        Min:  0.0, Avg:  0.0, Max:  0.0, Diff:  0.0, Sum:  0.0, Workers: 4
[6651.954s][debug][gc,phases      ] GC(197)     Dead                           Min: 0, Avg:  0.0, Max: 0, Diff: 0, Sum: 0, Workers: 4
[6651.954s][debug][gc,phases      ] GC(197)     Total                          Min: 0, Avg: 96.2, Max: 256, Diff: 256, Sum: 385, Workers: 4
[6651.954s][debug][gc,phases      ] GC(197)   JVMTI Tag Weak OopStorage      Min:  0.0, Avg:  0.0, Max:  0.0, Diff:  0.0, Sum:  0.0, Workers: 4
[6651.954s][debug][gc,phases      ] GC(197)     Dead                           Min: 0, Avg:  0.0, Max: 0, Diff: 0, Sum: 0, Workers: 4
[6651.954s][debug][gc,phases      ] GC(197)     Total                          Min: 0, Avg:  0.0, Max: 0, Diff: 0, Sum: 0, Workers: 4
[6651.954s][debug][gc,phases      ] GC(197)   StringTable Weak               Min:  0.1, Avg:  0.1, Max:  0.1, Diff:  0.0, Sum:  0.4, Workers: 4
[6651.954s][debug][gc,phases      ] GC(197)     Dead                           Min: 0, Avg:  0.0, Max: 0, Diff: 0, Sum: 0, Workers: 4
[6651.954s][debug][gc,phases      ] GC(197)     Total                          Min: 11328, Avg: 12181.2, Max: 13013, Diff: 1685, Sum: 48725, Workers: 4
[6651.954s][debug][gc,phases      ] GC(197)   ResolvedMethodTable Weak       Min:  0.0, Avg:  0.0, Max:  0.0, Diff:  0.0, Sum:  0.1, Workers: 4
[6651.954s][debug][gc,phases      ] GC(197)     Dead                           Min: 0, Avg:  0.0, Max: 0, Diff: 0, Sum: 0, Workers: 4
[6651.954s][debug][gc,phases      ] GC(197)     Total                          Min: 1849, Avg: 2077.8, Max: 2240, Diff: 391, Sum: 8311, Workers: 4
[6651.954s][debug][gc,phases      ] GC(197)   JNI Weak                       Min:  0.0, Avg:  0.0, Max:  0.0, Diff:  0.0, Sum:  0.0, Workers: 4
[6651.954s][debug][gc,phases      ] GC(197)     Dead                           Min: 0, Avg:  0.0, Max: 0, Diff: 0, Sum: 0, Workers: 4
[6651.954s][debug][gc,phases      ] GC(197)     Total                          Min: 0, Avg:  0.0, Max: 0, Diff: 0, Sum: 0, Workers: 4
[6651.954s][debug][gc,phases      ] GC(197)   StringDedup Table Weak         Min:  0.0, Avg:  0.0, Max:  0.0, Diff:  0.0, Sum:  0.0, Workers: 4
[6651.954s][debug][gc,phases      ] GC(197)     Dead                           Min: 0, Avg:  0.0, Max: 0, Diff: 0, Sum: 0, Workers: 4
[6651.954s][debug][gc,phases      ] GC(197)     Total                          Min: 0, Avg:  0.0, Max: 0, Diff: 0, Sum: 0, Workers: 4
[6651.954s][debug][gc,phases      ] GC(197)   StringDedup Requests0 Weak     Min:  0.0, Avg:  0.0, Max:  0.0, Diff:  0.0, Sum:  0.0, Workers: 4
[6651.954s][debug][gc,phases      ] GC(197)     Dead                           Min: 0, Avg:  0.0, Max: 0, Diff: 0, Sum: 0, Workers: 4
[6651.954s][debug][gc,phases      ] GC(197)     Total                          Min: 0, Avg:  0.0, Max: 0, Diff: 0, Sum: 0, Workers: 4
[6651.954s][debug][gc,phases      ] GC(197)   StringDedup Requests1 Weak     Min:  0.0, Avg:  0.0, Max:  0.0, Diff:  0.0, Sum:  0.0, Workers: 4
[6651.954s][debug][gc,phases      ] GC(197)     Dead                           Min: 0, Avg:  0.0, Max: 0, Diff: 0, Sum: 0, Workers: 4
[6651.954s][debug][gc,phases      ] GC(197)     Total                          Min: 0, Avg:  0.0, Max: 0, Diff: 0, Sum: 0, Workers: 4
[6651.954s][debug][gc,phases      ] GC(197)   Weak JFR Old Object Samples    Min:  0.0, Avg:  0.0, Max:  0.0, Diff:  0.0, Sum:  0.0, Workers: 4
[6651.954s][debug][gc,phases      ] GC(197)     Dead                           Min: 0, Avg:  0.0, Max: 0, Diff: 0, Sum: 0, Workers: 4
[6651.954s][debug][gc,phases      ] GC(197)     Total                          Min: 0, Avg:  0.0, Max: 0, Diff: 0, Sum: 0, Workers: 4
[6651.955s][debug][gc,phases      ] GC(197) Weak Processing 0.343ms
[6651.955s][debug][gc,age         ] GC(197) Desired survivor size 33030144 bytes, new threshold 15 (max threshold 15)
[6651.955s][info ][gc,heap        ] GC(197) PSYoungGen: 2051280K(2063872K)->21888K(2062336K) Eden: 2029056K(2029056K)->0K(2029056K) From: 22224K(34816K)->21888K(33280K)
[6651.955s][info ][gc,heap        ] GC(197) ParOldGen: 575133K(678400K)->575369K(678400K)
[6651.955s][info ][gc,metaspace   ] GC(197) Metaspace: 84117K(84992K)->84117K(84992K) NonClass: 72442K(72896K)->72442K(72896K) Class: 11674K(12096K)->11674K(12096K)
[6651.955s][info ][gc             ] GC(197) Pause Young (Allocation Failure) 2564M->583M(2676M) 6.129ms
[6651.955s][info ][gc,cpu         ] GC(197) User=0.02s Sys=0.00s Real=0.01s
[6651.955s][info ][safepoint      ] Safepoint "ParallelGCFailedAllocation", Time since last: 28338370200 ns, Reaching safepoint: 44701 ns, At safepoint: 6226424 ns, Total: 6271125 ns
[6706.959s][info ][safepoint      ] Safepoint "Cleanup", Time since last: 55003905808 ns, Reaching safepoint: 48801 ns, At safepoint: 29200 ns, Total: 78001 ns
[6732.960s][info ][safepoint      ] Safepoint "Cleanup", Time since last: 26001637562 ns, Reaching safepoint: 52201 ns, At safepoint: 5900 ns, Total: 58101 ns
[6752.701s][info ][gc,start       ] GC(198) Pause Young (Allocation Failure)
[6752.706s][debug][gc,phases      ] GC(198) Scavenge 5.242ms
[6752.706s][debug][gc,ref         ] GC(198) Skipped phase 1 of Reference Processing: no references
[6752.706s][debug][gc,ref         ] GC(198) ReferenceProcessor::execute queues: 1, RefProcThreadModel::Single, marks_oops_alive: false
[6752.706s][debug][gc,ref         ] GC(198) Skipped phase 3 of Reference Processing: no references
[6752.706s][debug][gc,ref         ] GC(198) ReferenceProcessor::execute queues: 1, RefProcThreadModel::Single, marks_oops_alive: false
[6752.706s][debug][gc,phases      ] GC(198) Reference Processing 0.154ms
[6752.706s][debug][gc,phases      ] GC(198)   VM Weak                        Min:  0.0, Avg:  0.0, Max:  0.0, Diff:  0.0, Sum:  0.0, Workers: 4
[6752.706s][debug][gc,phases      ] GC(198)     Dead                           Min: 0, Avg:  0.0, Max: 0, Diff: 0, Sum: 0, Workers: 4
[6752.706s][debug][gc,phases      ] GC(198)     Total                          Min: 0, Avg: 143.8, Max: 419, Diff: 419, Sum: 575, Workers: 4
[6752.706s][debug][gc,phases      ] GC(198)   ObjectSynchronizer Weak        Min:  0.0, Avg:  0.0, Max:  0.0, Diff:  0.0, Sum:  0.0, Workers: 4
[6752.706s][debug][gc,phases      ] GC(198)     Dead                           Min: 0, Avg:  0.0, Max: 0, Diff: 0, Sum: 0, Workers: 4
[6752.706s][debug][gc,phases      ] GC(198)     Total                          Min: 0, Avg: 96.2, Max: 193, Diff: 193, Sum: 385, Workers: 4
[6752.706s][debug][gc,phases      ] GC(198)   JVMTI Tag Weak OopStorage      Min:  0.0, Avg:  0.0, Max:  0.0, Diff:  0.0, Sum:  0.0, Workers: 4
[6752.706s][debug][gc,phases      ] GC(198)     Dead                           Min: 0, Avg:  0.0, Max: 0, Diff: 0, Sum: 0, Workers: 4
[6752.706s][debug][gc,phases      ] GC(198)     Total                          Min: 0, Avg:  0.0, Max: 0, Diff: 0, Sum: 0, Workers: 4
[6752.706s][debug][gc,phases      ] GC(198)   StringTable Weak               Min:  0.1, Avg:  0.1, Max:  0.1, Diff:  0.0, Sum:  0.4, Workers: 4
[6752.706s][debug][gc,phases      ] GC(198)     Dead                           Min: 0, Avg:  0.0, Max: 0, Diff: 0, Sum: 0, Workers: 4
[6752.706s][debug][gc,phases      ] GC(198)     Total                          Min: 11712, Avg: 12181.2, Max: 12693, Diff: 981, Sum: 48725, Workers: 4
[6752.706s][debug][gc,phases      ] GC(198)   ResolvedMethodTable Weak       Min:  0.0, Avg:  0.0, Max:  0.0, Diff:  0.0, Sum:  0.1, Workers: 4
[6752.706s][debug][gc,phases      ] GC(198)     Dead                           Min: 0, Avg:  0.0, Max: 0, Diff: 0, Sum: 0, Workers: 4
[6752.706s][debug][gc,phases      ] GC(198)     Total                          Min: 1920, Avg: 2077.8, Max: 2239, Diff: 319, Sum: 8311, Workers: 4
[6752.706s][debug][gc,phases      ] GC(198)   JNI Weak                       Min:  0.0, Avg:  0.0, Max:  0.0, Diff:  0.0, Sum:  0.0, Workers: 4
[6752.706s][debug][gc,phases      ] GC(198)     Dead                           Min: 0, Avg:  0.0, Max: 0, Diff: 0, Sum: 0, Workers: 4
[6752.706s][debug][gc,phases      ] GC(198)     Total                          Min: 0, Avg:  0.0, Max: 0, Diff: 0, Sum: 0, Workers: 4
[6752.706s][debug][gc,phases      ] GC(198)   StringDedup Table Weak         Min:  0.0, Avg:  0.0, Max:  0.0, Diff:  0.0, Sum:  0.0, Workers: 4
[6752.706s][debug][gc,phases      ] GC(198)     Dead                           Min: 0, Avg:  0.0, Max: 0, Diff: 0, Sum: 0, Workers: 4
[6752.706s][debug][gc,phases      ] GC(198)     Total                          Min: 0, Avg:  0.0, Max: 0, Diff: 0, Sum: 0, Workers: 4
[6752.706s][debug][gc,phases      ] GC(198)   StringDedup Requests0 Weak     Min:  0.0, Avg:  0.0, Max:  0.0, Diff:  0.0, Sum:  0.0, Workers: 4
[6752.706s][debug][gc,phases      ] GC(198)     Dead                           Min: 0, Avg:  0.0, Max: 0, Diff: 0, Sum: 0, Workers: 4
[6752.706s][debug][gc,phases      ] GC(198)     Total                          Min: 0, Avg:  0.0, Max: 0, Diff: 0, Sum: 0, Workers: 4
[6752.707s][debug][gc,phases      ] GC(198)   StringDedup Requests1 Weak     Min:  0.0, Avg:  0.0, Max:  0.0, Diff:  0.0, Sum:  0.0, Workers: 4
[6752.707s][debug][gc,phases      ] GC(198)     Dead                           Min: 0, Avg:  0.0, Max: 0, Diff: 0, Sum: 0, Workers: 4
[6752.707s][debug][gc,phases      ] GC(198)     Total                          Min: 0, Avg:  0.0, Max: 0, Diff: 0, Sum: 0, Workers: 4
[6752.707s][debug][gc,phases      ] GC(198)   Weak JFR Old Object Samples    Min:  0.0, Avg:  0.0, Max:  0.0, Diff:  0.0, Sum:  0.0, Workers: 4
[6752.707s][debug][gc,phases      ] GC(198)     Dead                           Min: 0, Avg:  0.0, Max: 0, Diff: 0, Sum: 0, Workers: 4
[6752.707s][debug][gc,phases      ] GC(198)     Total                          Min: 0, Avg:  0.0, Max: 0, Diff: 0, Sum: 0, Workers: 4
[6752.707s][debug][gc,phases      ] GC(198) Weak Processing 0.316ms
[6752.707s][debug][gc,age         ] GC(198) Desired survivor size 32505856 bytes, new threshold 15 (max threshold 15)
[6752.707s][info ][gc,heap        ] GC(198) PSYoungGen: 2050944K(2062336K)->21648K(2065408K) Eden: 2029056K(2029056K)->0K(2033152K) From: 21888K(33280K)->21648K(32256K)
[6752.707s][info ][gc,heap        ] GC(198) ParOldGen: 575369K(678400K)->575729K(678400K)
[6752.707s][info ][gc,metaspace   ] GC(198) Metaspace: 84119K(84992K)->84119K(84992K) NonClass: 72445K(72896K)->72445K(72896K) Class: 11674K(12096K)->11674K(12096K)
[6752.707s][info ][gc             ] GC(198) Pause Young (Allocation Failure) 2564M->583M(2679M) 5.854ms
[6752.707s][info ][gc,cpu         ] GC(198) User=0.02s Sys=0.00s Real=0.01s
[6752.707s][info ][safepoint      ] Safepoint "ParallelGCFailedAllocation", Time since last: 19740345644 ns, Reaching safepoint: 52301 ns, At safepoint: 5943218 ns, Total: 5995519 ns
[6760.707s][info ][safepoint      ] Safepoint "Cleanup", Time since last: 8000504890 ns, Reaching safepoint: 49201 ns, At safepoint: 4300 ns, Total: 53501 ns
[6840.261s][info ][gc,start       ] GC(199) Pause Young (Allocation Failure)
[6840.266s][debug][gc,phases      ] GC(199) Scavenge 5.067ms
[6840.266s][debug][gc,ref         ] GC(199) Skipped phase 1 of Reference Processing: no references
[6840.267s][debug][gc,ref         ] GC(199) ReferenceProcessor::execute queues: 1, RefProcThreadModel::Single, marks_oops_alive: false
[6840.267s][debug][gc,ref         ] GC(199) Skipped phase 3 of Reference Processing: no references
[6840.267s][debug][gc,ref         ] GC(199) ReferenceProcessor::execute queues: 1, RefProcThreadModel::Single, marks_oops_alive: false
[6840.267s][debug][gc,phases      ] GC(199) Reference Processing 0.140ms
[6840.267s][debug][gc,phases      ] GC(199)   VM Weak                        Min:  0.0, Avg:  0.0, Max:  0.0, Diff:  0.0, Sum:  0.0, Workers: 4
[6840.267s][debug][gc,phases      ] GC(199)     Dead                           Min: 0, Avg:  0.0, Max: 0, Diff: 0, Sum: 0, Workers: 4
[6840.267s][debug][gc,phases      ] GC(199)     Total                          Min: 0, Avg: 143.8, Max: 410, Diff: 410, Sum: 575, Workers: 4
[6840.267s][debug][gc,phases      ] GC(199)   ObjectSynchronizer Weak        Min:  0.0, Avg:  0.0, Max:  0.0, Diff:  0.0, Sum:  0.0, Workers: 4
[6840.267s][debug][gc,phases      ] GC(199)     Dead                           Min: 0, Avg:  0.0, Max: 0, Diff: 0, Sum: 0, Workers: 4
[6840.267s][debug][gc,phases      ] GC(199)     Total                          Min: 0, Avg: 96.2, Max: 192, Diff: 192, Sum: 385, Workers: 4
[6840.267s][debug][gc,phases      ] GC(199)   JVMTI Tag Weak OopStorage      Min:  0.0, Avg:  0.0, Max:  0.0, Diff:  0.0, Sum:  0.0, Workers: 4
[6840.267s][debug][gc,phases      ] GC(199)     Dead                           Min: 0, Avg:  0.0, Max: 0, Diff: 0, Sum: 0, Workers: 4
[6840.267s][debug][gc,phases      ] GC(199)     Total                          Min: 0, Avg:  0.0, Max: 0, Diff: 0, Sum: 0, Workers: 4
[6840.267s][debug][gc,phases      ] GC(199)   StringTable Weak               Min:  0.1, Avg:  0.1, Max:  0.1, Diff:  0.0, Sum:  0.4, Workers: 4
[6840.267s][debug][gc,phases      ] GC(199)     Dead                           Min: 0, Avg:  0.2, Max: 1, Diff: 1, Sum: 1, Workers: 4
[6840.267s][debug][gc,phases      ] GC(199)     Total                          Min: 11328, Avg: 12181.5, Max: 13078, Diff: 1750, Sum: 48726, Workers: 4
[6840.267s][debug][gc,phases      ] GC(199)   ResolvedMethodTable Weak       Min:  0.0, Avg:  0.0, Max:  0.0, Diff:  0.0, Sum:  0.1, Workers: 4
[6840.267s][debug][gc,phases      ] GC(199)     Dead                           Min: 0, Avg:  0.0, Max: 0, Diff: 0, Sum: 0, Workers: 4
[6840.267s][debug][gc,phases      ] GC(199)     Total                          Min: 2041, Avg: 2078.2, Max: 2112, Diff: 71, Sum: 8313, Workers: 4
[6840.267s][debug][gc,phases      ] GC(199)   JNI Weak                       Min:  0.0, Avg:  0.0, Max:  0.0, Diff:  0.0, Sum:  0.0, Workers: 4
[6840.267s][debug][gc,phases      ] GC(199)     Dead                           Min: 0, Avg:  0.0, Max: 0, Diff: 0, Sum: 0, Workers: 4
[6840.267s][debug][gc,phases      ] GC(199)     Total                          Min: 0, Avg:  0.0, Max: 0, Diff: 0, Sum: 0, Workers: 4
[6840.267s][debug][gc,phases      ] GC(199)   StringDedup Table Weak         Min:  0.0, Avg:  0.0, Max:  0.0, Diff:  0.0, Sum:  0.0, Workers: 4
[6840.267s][debug][gc,phases      ] GC(199)     Dead                           Min: 0, Avg:  0.0, Max: 0, Diff: 0, Sum: 0, Workers: 4
[6840.267s][debug][gc,phases      ] GC(199)     Total                          Min: 0, Avg:  0.0, Max: 0, Diff: 0, Sum: 0, Workers: 4
[6840.267s][debug][gc,phases      ] GC(199)   StringDedup Requests0 Weak     Min:  0.0, Avg:  0.0, Max:  0.0, Diff:  0.0, Sum:  0.0, Workers: 4
[6840.267s][debug][gc,phases      ] GC(199)     Dead                           Min: 0, Avg:  0.0, Max: 0, Diff: 0, Sum: 0, Workers: 4
[6840.267s][debug][gc,phases      ] GC(199)     Total                          Min: 0, Avg:  0.0, Max: 0, Diff: 0, Sum: 0, Workers: 4
[6840.267s][debug][gc,phases      ] GC(199)   StringDedup Requests1 Weak     Min:  0.0, Avg:  0.0, Max:  0.0, Diff:  0.0, Sum:  0.0, Workers: 4
[6840.267s][debug][gc,phases      ] GC(199)     Dead                           Min: 0, Avg:  0.0, Max: 0, Diff: 0, Sum: 0, Workers: 4
[6840.267s][debug][gc,phases      ] GC(199)     Total                          Min: 0, Avg:  0.0, Max: 0, Diff: 0, Sum: 0, Workers: 4
[6840.267s][debug][gc,phases      ] GC(199)   Weak JFR Old Object Samples    Min:  0.0, Avg:  0.0, Max:  0.0, Diff:  0.0, Sum:  0.0, Workers: 4
[6840.267s][debug][gc,phases      ] GC(199)     Dead                           Min: 0, Avg:  0.0, Max: 0, Diff: 0, Sum: 0, Workers: 4
[6840.267s][debug][gc,phases      ] GC(199)     Total                          Min: 0, Avg:  0.0, Max: 0, Diff: 0, Sum: 0, Workers: 4
[6840.267s][debug][gc,phases      ] GC(199) Weak Processing 0.321ms
[6840.267s][debug][gc,age         ] GC(199) Desired survivor size 31457280 bytes, new threshold 15 (max threshold 15)
[6840.267s][info ][gc,heap        ] GC(199) PSYoungGen: 2054800K(2065408K)->21328K(2064896K) Eden: 2033152K(2033152K)->0K(2033152K) From: 21648K(32256K)->21328K(31744K)
[6840.267s][info ][gc,heap        ] GC(199) ParOldGen: 575729K(678400K)->575925K(678400K)
[6840.267s][info ][gc,metaspace   ] GC(199) Metaspace: 84127K(84992K)->84127K(84992K) NonClass: 72451K(72896K)->72451K(72896K) Class: 11675K(12096K)->11675K(12096K)
[6840.267s][info ][gc             ] GC(199) Pause Young (Allocation Failure) 2568M->583M(2679M) 5.685ms
[6840.267s][info ][gc,cpu         ] GC(199) User=0.02s Sys=0.01s Real=0.01s
[6840.267s][info ][safepoint      ] Safepoint "ParallelGCFailedAllocation", Time since last: 79554054885 ns, Reaching safepoint: 41401 ns, At safepoint: 5770815 ns, Total: 5812216 ns
[6844.267s][info ][safepoint      ] Safepoint "Cleanup", Time since last: 4000257307 ns, Reaching safepoint: 43000 ns, At safepoint: 4101 ns, Total: 47101 ns
[6845.268s][info ][safepoint      ] Safepoint "Cleanup", Time since last: 1000129677 ns, Reaching safepoint: 53101 ns, At safepoint: 6501 ns, Total: 59602 ns
[6863.269s][info ][safepoint      ] Safepoint "Cleanup", Time since last: 18001246560 ns, Reaching safepoint: 40301 ns, At safepoint: 3200 ns, Total: 43501 ns
[6870.269s][info ][safepoint      ] Safepoint "Cleanup", Time since last: 7000526721 ns, Reaching safepoint: 44301 ns, At safepoint: 7300 ns, Total: 51601 ns
[6895.271s][info ][safepoint      ] Safepoint "Cleanup", Time since last: 25001861623 ns, Reaching safepoint: 49801 ns, At safepoint: 3200 ns, Total: 53001 ns
[6905.272s][info ][safepoint      ] Safepoint "Cleanup", Time since last: 10000692312 ns, Reaching safepoint: 56502 ns, At safepoint: 3000 ns, Total: 59502 ns
[6916.273s][info ][safepoint      ] Safepoint "Cleanup", Time since last: 11000781573 ns, Reaching safepoint: 33200 ns, At safepoint: 28201 ns, Total: 61401 ns
[6921.273s][info ][safepoint      ] Safepoint "Cleanup", Time since last: 5000374448 ns, Reaching safepoint: 59201 ns, At safepoint: 6400 ns, Total: 65601 ns
[6933.274s][info ][safepoint      ] Safepoint "Cleanup", Time since last: 12000824326 ns, Reaching safepoint: 46001 ns, At safepoint: 8700 ns, Total: 54701 ns
[6934.343s][info ][gc,start       ] GC(200) Pause Young (Allocation Failure)
[6934.348s][debug][gc,phases      ] GC(200) Scavenge 5.027ms
[6934.348s][debug][gc,ref         ] GC(200) Skipped phase 1 of Reference Processing: no references
[6934.348s][debug][gc,ref         ] GC(200) ReferenceProcessor::execute queues: 1, RefProcThreadModel::Single, marks_oops_alive: false
[6934.348s][debug][gc,ref         ] GC(200) Skipped phase 3 of Reference Processing: no references
[6934.348s][debug][gc,ref         ] GC(200) ReferenceProcessor::execute queues: 1, RefProcThreadModel::Single, marks_oops_alive: false
[6934.348s][debug][gc,phases      ] GC(200) Reference Processing 0.140ms
[6934.349s][debug][gc,phases      ] GC(200)   VM Weak                        Min:  0.0, Avg:  0.0, Max:  0.0, Diff:  0.0, Sum:  0.0, Workers: 4
[6934.349s][debug][gc,phases      ] GC(200)     Dead                           Min: 0, Avg:  0.0, Max: 0, Diff: 0, Sum: 0, Workers: 4
[6934.349s][debug][gc,phases      ] GC(200)     Total                          Min: 0, Avg: 143.8, Max: 518, Diff: 518, Sum: 575, Workers: 4
[6934.349s][debug][gc,phases      ] GC(200)   ObjectSynchronizer Weak        Min:  0.0, Avg:  0.0, Max:  0.0, Diff:  0.0, Sum:  0.0, Workers: 4
[6934.349s][debug][gc,phases      ] GC(200)     Dead                           Min: 0, Avg:  0.0, Max: 0, Diff: 0, Sum: 0, Workers: 4
[6934.349s][debug][gc,phases      ] GC(200)     Total                          Min: 0, Avg: 96.2, Max: 193, Diff: 193, Sum: 385, Workers: 4
[6934.349s][debug][gc,phases      ] GC(200)   JVMTI Tag Weak OopStorage      Min:  0.0, Avg:  0.0, Max:  0.0, Diff:  0.0, Sum:  0.0, Workers: 4
[6934.349s][debug][gc,phases      ] GC(200)     Dead                           Min: 0, Avg:  0.0, Max: 0, Diff: 0, Sum: 0, Workers: 4
[6934.349s][debug][gc,phases      ] GC(200)     Total                          Min: 0, Avg:  0.0, Max: 0, Diff: 0, Sum: 0, Workers: 4
[6934.349s][debug][gc,phases      ] GC(200)   StringTable Weak               Min:  0.1, Avg:  0.1, Max:  0.1, Diff:  0.0, Sum:  0.4, Workers: 4
[6934.349s][debug][gc,phases      ] GC(200)     Dead                           Min: 0, Avg:  0.0, Max: 0, Diff: 0, Sum: 0, Workers: 4
[6934.349s][debug][gc,phases      ] GC(200)     Total                          Min: 11288, Avg: 12182.0, Max: 13056, Diff: 1768, Sum: 48728, Workers: 4
[6934.349s][debug][gc,phases      ] GC(200)   ResolvedMethodTable Weak       Min:  0.0, Avg:  0.0, Max:  0.0, Diff:  0.0, Sum:  0.1, Workers: 4
[6934.349s][debug][gc,phases      ] GC(200)     Dead                           Min: 0, Avg:  0.0, Max: 0, Diff: 0, Sum: 0, Workers: 4
[6934.349s][debug][gc,phases      ] GC(200)     Total                          Min: 1984, Avg: 2078.2, Max: 2112, Diff: 128, Sum: 8313, Workers: 4
[6934.349s][debug][gc,phases      ] GC(200)   JNI Weak                       Min:  0.0, Avg:  0.0, Max:  0.0, Diff:  0.0, Sum:  0.0, Workers: 4
[6934.349s][debug][gc,phases      ] GC(200)     Dead                           Min: 0, Avg:  0.0, Max: 0, Diff: 0, Sum: 0, Workers: 4
[6934.349s][debug][gc,phases      ] GC(200)     Total                          Min: 0, Avg:  0.0, Max: 0, Diff: 0, Sum: 0, Workers: 4
[6934.349s][debug][gc,phases      ] GC(200)   StringDedup Table Weak         Min:  0.0, Avg:  0.0, Max:  0.0, Diff:  0.0, Sum:  0.0, Workers: 4
[6934.349s][debug][gc,phases      ] GC(200)     Dead                           Min: 0, Avg:  0.0, Max: 0, Diff: 0, Sum: 0, Workers: 4
[6934.349s][debug][gc,phases      ] GC(200)     Total                          Min: 0, Avg:  0.0, Max: 0, Diff: 0, Sum: 0, Workers: 4
[6934.349s][debug][gc,phases      ] GC(200)   StringDedup Requests0 Weak     Min:  0.0, Avg:  0.0, Max:  0.0, Diff:  0.0, Sum:  0.0, Workers: 4
[6934.349s][debug][gc,phases      ] GC(200)     Dead                           Min: 0, Avg:  0.0, Max: 0, Diff: 0, Sum: 0, Workers: 4
[6934.349s][debug][gc,phases      ] GC(200)     Total                          Min: 0, Avg:  0.0, Max: 0, Diff: 0, Sum: 0, Workers: 4
[6934.349s][debug][gc,phases      ] GC(200)   StringDedup Requests1 Weak     Min:  0.0, Avg:  0.0, Max:  0.0, Diff:  0.0, Sum:  0.0, Workers: 4
[6934.349s][debug][gc,phases      ] GC(200)     Dead                           Min: 0, Avg:  0.0, Max: 0, Diff: 0, Sum: 0, Workers: 4
[6934.349s][debug][gc,phases      ] GC(200)     Total                          Min: 0, Avg:  0.0, Max: 0, Diff: 0, Sum: 0, Workers: 4
[6934.349s][debug][gc,phases      ] GC(200)   Weak JFR Old Object Samples    Min:  0.0, Avg:  0.0, Max:  0.0, Diff:  0.0, Sum:  0.0, Workers: 4
[6934.349s][debug][gc,phases      ] GC(200)     Dead                           Min: 0, Avg:  0.0, Max: 0, Diff: 0, Sum: 0, Workers: 4
[6934.349s][debug][gc,phases      ] GC(200)     Total                          Min: 0, Avg:  0.0, Max: 0, Diff: 0, Sum: 0, Workers: 4
[6934.349s][debug][gc,phases      ] GC(200) Weak Processing 0.316ms
[6934.349s][debug][gc,age         ] GC(200) Desired survivor size 30932992 bytes, new threshold 15 (max threshold 15)
[6934.349s][info ][gc,heap        ] GC(200) PSYoungGen: 2054480K(2064896K)->21248K(2066944K) Eden: 2033152K(2033152K)->0K(2036224K) From: 21328K(31744K)->21248K(30720K)
[6934.349s][info ][gc,heap        ] GC(200) ParOldGen: 575925K(678400K)->575997K(678400K)
[6934.349s][info ][gc,metaspace   ] GC(200) Metaspace: 84139K(84992K)->84139K(84992K) NonClass: 72464K(72896K)->72464K(72896K) Class: 11675K(12096K)->11675K(12096K)
[6934.349s][info ][gc             ] GC(200) Pause Young (Allocation Failure) 2568M->583M(2681M) 5.625ms
[6934.349s][info ][gc,cpu         ] GC(200) User=0.02s Sys=0.00s Real=0.01s
[6934.349s][info ][safepoint      ] Safepoint "ParallelGCFailedAllocation", Time since last: 1068772040 ns, Reaching safepoint: 28400 ns, At safepoint: 5703514 ns, Total: 5731914 ns
[6944.350s][info ][safepoint      ] Safepoint "Cleanup", Time since last: 10000761079 ns, Reaching safepoint: 51101 ns, At safepoint: 3700 ns, Total: 54801 ns
[6991.353s][info ][safepoint      ] Safepoint "Cleanup", Time since last: 47003309776 ns, Reaching safepoint: 46801 ns, At safepoint: 34500 ns, Total: 81301 ns
[7024.882s][info ][gc,start       ] GC(201) Pause Young (Allocation Failure)
[7024.889s][debug][gc,phases      ] GC(201) Scavenge 6.229ms
[7024.889s][debug][gc,ref         ] GC(201) Skipped phase 1 of Reference Processing: no references
[7024.889s][debug][gc,ref         ] GC(201) ReferenceProcessor::execute queues: 1, RefProcThreadModel::Single, marks_oops_alive: false
[7024.889s][debug][gc,ref         ] GC(201) Skipped phase 3 of Reference Processing: no references
[7024.889s][debug][gc,ref         ] GC(201) ReferenceProcessor::execute queues: 1, RefProcThreadModel::Single, marks_oops_alive: false
[7024.889s][debug][gc,phases      ] GC(201) Reference Processing 0.132ms
[7024.889s][debug][gc,phases      ] GC(201)   VM Weak                        Min:  0.0, Avg:  0.0, Max:  0.0, Diff:  0.0, Sum:  0.0, Workers: 4
[7024.889s][debug][gc,phases      ] GC(201)     Dead                           Min: 0, Avg:  0.0, Max: 0, Diff: 0, Sum: 0, Workers: 4
[7024.889s][debug][gc,phases      ] GC(201)     Total                          Min: 0, Avg: 143.8, Max: 472, Diff: 472, Sum: 575, Workers: 4
[7024.889s][debug][gc,phases      ] GC(201)   ObjectSynchronizer Weak        Min:  0.0, Avg:  0.0, Max:  0.0, Diff:  0.0, Sum:  0.0, Workers: 4
[7024.889s][debug][gc,phases      ] GC(201)     Dead                           Min: 0, Avg:  0.0, Max: 0, Diff: 0, Sum: 0, Workers: 4
[7024.889s][debug][gc,phases      ] GC(201)     Total                          Min: 0, Avg: 96.2, Max: 193, Diff: 193, Sum: 385, Workers: 4
[7024.889s][debug][gc,phases      ] GC(201)   JVMTI Tag Weak OopStorage      Min:  0.0, Avg:  0.0, Max:  0.0, Diff:  0.0, Sum:  0.0, Workers: 4
[7024.889s][debug][gc,phases      ] GC(201)     Dead                           Min: 0, Avg:  0.0, Max: 0, Diff: 0, Sum: 0, Workers: 4
[7024.889s][debug][gc,phases      ] GC(201)     Total                          Min: 0, Avg:  0.0, Max: 0, Diff: 0, Sum: 0, Workers: 4
[7024.889s][debug][gc,phases      ] GC(201)   StringTable Weak               Min:  0.1, Avg:  0.1, Max:  0.1, Diff:  0.0, Sum:  0.4, Workers: 4
[7024.889s][debug][gc,phases      ] GC(201)     Dead                           Min: 0, Avg:  0.0, Max: 0, Diff: 0, Sum: 0, Workers: 4
[7024.889s][debug][gc,phases      ] GC(201)     Total                          Min: 10048, Avg: 12183.0, Max: 13248, Diff: 3200, Sum: 48732, Workers: 4
[7024.889s][debug][gc,phases      ] GC(201)   ResolvedMethodTable Weak       Min:  0.0, Avg:  0.0, Max:  0.0, Diff:  0.0, Sum:  0.1, Workers: 4
[7024.889s][debug][gc,phases      ] GC(201)     Dead                           Min: 0, Avg:  0.0, Max: 0, Diff: 0, Sum: 0, Workers: 4
[7024.889s][debug][gc,phases      ] GC(201)     Total                          Min: 1984, Avg: 2078.2, Max: 2240, Diff: 256, Sum: 8313, Workers: 4
[7024.889s][debug][gc,phases      ] GC(201)   JNI Weak                       Min:  0.0, Avg:  0.0, Max:  0.0, Diff:  0.0, Sum:  0.0, Workers: 4
[7024.889s][debug][gc,phases      ] GC(201)     Dead                           Min: 0, Avg:  0.0, Max: 0, Diff: 0, Sum: 0, Workers: 4
[7024.889s][debug][gc,phases      ] GC(201)     Total                          Min: 0, Avg:  0.0, Max: 0, Diff: 0, Sum: 0, Workers: 4
[7024.889s][debug][gc,phases      ] GC(201)   StringDedup Table Weak         Min:  0.0, Avg:  0.0, Max:  0.0, Diff:  0.0, Sum:  0.0, Workers: 4
[7024.889s][debug][gc,phases      ] GC(201)     Dead                           Min: 0, Avg:  0.0, Max: 0, Diff: 0, Sum: 0, Workers: 4
[7024.889s][debug][gc,phases      ] GC(201)     Total                          Min: 0, Avg:  0.0, Max: 0, Diff: 0, Sum: 0, Workers: 4
[7024.889s][debug][gc,phases      ] GC(201)   StringDedup Requests0 Weak     Min:  0.0, Avg:  0.0, Max:  0.0, Diff:  0.0, Sum:  0.0, Workers: 4
[7024.889s][debug][gc,phases      ] GC(201)     Dead                           Min: 0, Avg:  0.0, Max: 0, Diff: 0, Sum: 0, Workers: 4
[7024.889s][debug][gc,phases      ] GC(201)     Total                          Min: 0, Avg:  0.0, Max: 0, Diff: 0, Sum: 0, Workers: 4
[7024.889s][debug][gc,phases      ] GC(201)   StringDedup Requests1 Weak     Min:  0.0, Avg:  0.0, Max:  0.0, Diff:  0.0, Sum:  0.0, Workers: 4
[7024.889s][debug][gc,phases      ] GC(201)     Dead                           Min: 0, Avg:  0.0, Max: 0, Diff: 0, Sum: 0, Workers: 4
[7024.889s][debug][gc,phases      ] GC(201)     Total                          Min: 0, Avg:  0.0, Max: 0, Diff: 0, Sum: 0, Workers: 4
[7024.889s][debug][gc,phases      ] GC(201)   Weak JFR Old Object Samples    Min:  0.0, Avg:  0.0, Max:  0.0, Diff:  0.0, Sum:  0.0, Workers: 4
[7024.889s][debug][gc,phases      ] GC(201)     Dead                           Min: 0, Avg:  0.0, Max: 0, Diff: 0, Sum: 0, Workers: 4
[7024.889s][debug][gc,phases      ] GC(201)     Total                          Min: 0, Avg:  0.0, Max: 0, Diff: 0, Sum: 0, Workers: 4
[7024.889s][debug][gc,phases      ] GC(201) Weak Processing 0.343ms
[7024.889s][debug][gc,age         ] GC(201) Desired survivor size 33030144 bytes, new threshold 15 (max threshold 15)
[7024.889s][info ][gc,heap        ] GC(201) PSYoungGen: 2057472K(2066944K)->4256K(2040832K) Eden: 2036224K(2036224K)->0K(2036224K) From: 21248K(30720K)->4256K(4608K)
[7024.889s][info ][gc,heap        ] GC(201) ParOldGen: 575997K(678400K)->594613K(678400K)
[7024.889s][info ][gc,metaspace   ] GC(201) Metaspace: 84139K(84992K)->84139K(84992K) NonClass: 72464K(72896K)->72464K(72896K) Class: 11675K(12096K)->11675K(12096K)
[7024.889s][info ][gc             ] GC(201) Pause Young (Allocation Failure) 2571M->584M(2655M) 6.851ms
[7024.889s][info ][gc,cpu         ] GC(201) User=0.02s Sys=0.00s Real=0.01s
[7024.889s][info ][safepoint      ] Safepoint "ParallelGCFailedAllocation", Time since last: 33529293076 ns, Reaching safepoint: 52401 ns, At safepoint: 6937839 ns, Total: 6990240 ns
[7100.895s][info ][safepoint      ] Safepoint "Cleanup", Time since last: 76005209744 ns, Reaching safepoint: 170903 ns, At safepoint: 10000 ns, Total: 180903 ns
[7109.797s][info ][gc,start       ] GC(202) Pause Young (Allocation Failure)
[7109.800s][debug][gc,phases      ] GC(202) Scavenge 2.465ms
[7109.800s][debug][gc,ref         ] GC(202) Skipped phase 1 of Reference Processing: no references
[7109.800s][debug][gc,ref         ] GC(202) ReferenceProcessor::execute queues: 1, RefProcThreadModel::Single, marks_oops_alive: false
[7109.800s][debug][gc,ref         ] GC(202) Skipped phase 3 of Reference Processing: no references
[7109.800s][debug][gc,ref         ] GC(202) Skipped phase 4 of Reference Processing: no references
[7109.800s][debug][gc,phases      ] GC(202) Reference Processing 0.123ms
[7109.800s][debug][gc,phases      ] GC(202)   VM Weak                        Min:  0.0, Avg:  0.0, Max:  0.0, Diff:  0.0, Sum:  0.0, Workers: 4
[7109.800s][debug][gc,phases      ] GC(202)     Dead                           Min: 0, Avg:  0.0, Max: 0, Diff: 0, Sum: 0, Workers: 4
[7109.800s][debug][gc,phases      ] GC(202)     Total                          Min: 0, Avg: 143.8, Max: 575, Diff: 575, Sum: 575, Workers: 4
[7109.800s][debug][gc,phases      ] GC(202)   ObjectSynchronizer Weak        Min:  0.0, Avg:  0.0, Max:  0.0, Diff:  0.0, Sum:  0.0, Workers: 4
[7109.800s][debug][gc,phases      ] GC(202)     Dead                           Min: 0, Avg:  0.0, Max: 0, Diff: 0, Sum: 0, Workers: 4
[7109.800s][debug][gc,phases      ] GC(202)     Total                          Min: 0, Avg: 96.2, Max: 193, Diff: 193, Sum: 385, Workers: 4
[7109.800s][debug][gc,phases      ] GC(202)   JVMTI Tag Weak OopStorage      Min:  0.0, Avg:  0.0, Max:  0.0, Diff:  0.0, Sum:  0.0, Workers: 4
[7109.800s][debug][gc,phases      ] GC(202)     Dead                           Min: 0, Avg:  0.0, Max: 0, Diff: 0, Sum: 0, Workers: 4
[7109.800s][debug][gc,phases      ] GC(202)     Total                          Min: 0, Avg:  0.0, Max: 0, Diff: 0, Sum: 0, Workers: 4
[7109.800s][debug][gc,phases      ] GC(202)   StringTable Weak               Min:  0.1, Avg:  0.1, Max:  0.1, Diff:  0.0, Sum:  0.4, Workers: 4
[7109.800s][debug][gc,phases      ] GC(202)     Dead                           Min: 0, Avg:  0.0, Max: 0, Diff: 0, Sum: 0, Workers: 4
[7109.800s][debug][gc,phases      ] GC(202)     Total                          Min: 10432, Avg: 12183.0, Max: 13980, Diff: 3548, Sum: 48732, Workers: 4
[7109.800s][debug][gc,phases      ] GC(202)   ResolvedMethodTable Weak       Min:  0.0, Avg:  0.0, Max:  0.0, Diff:  0.0, Sum:  0.1, Workers: 4
[7109.800s][debug][gc,phases      ] GC(202)     Dead                           Min: 0, Avg:  0.0, Max: 0, Diff: 0, Sum: 0, Workers: 4
[7109.800s][debug][gc,phases      ] GC(202)     Total                          Min: 1984, Avg: 2078.2, Max: 2240, Diff: 256, Sum: 8313, Workers: 4
[7109.800s][debug][gc,phases      ] GC(202)   JNI Weak                       Min:  0.0, Avg:  0.0, Max:  0.0, Diff:  0.0, Sum:  0.0, Workers: 4
[7109.800s][debug][gc,phases      ] GC(202)     Dead                           Min: 0, Avg:  0.0, Max: 0, Diff: 0, Sum: 0, Workers: 4
[7109.800s][debug][gc,phases      ] GC(202)     Total                          Min: 0, Avg:  0.0, Max: 0, Diff: 0, Sum: 0, Workers: 4
[7109.800s][debug][gc,phases      ] GC(202)   StringDedup Table Weak         Min:  0.0, Avg:  0.0, Max:  0.0, Diff:  0.0, Sum:  0.0, Workers: 4
[7109.800s][debug][gc,phases      ] GC(202)     Dead                           Min: 0, Avg:  0.0, Max: 0, Diff: 0, Sum: 0, Workers: 4
[7109.800s][debug][gc,phases      ] GC(202)     Total                          Min: 0, Avg:  0.0, Max: 0, Diff: 0, Sum: 0, Workers: 4
[7109.800s][debug][gc,phases      ] GC(202)   StringDedup Requests0 Weak     Min:  0.0, Avg:  0.0, Max:  0.0, Diff:  0.0, Sum:  0.0, Workers: 4
[7109.800s][debug][gc,phases      ] GC(202)     Dead                           Min: 0, Avg:  0.0, Max: 0, Diff: 0, Sum: 0, Workers: 4
[7109.800s][debug][gc,phases      ] GC(202)     Total                          Min: 0, Avg:  0.0, Max: 0, Diff: 0, Sum: 0, Workers: 4
[7109.800s][debug][gc,phases      ] GC(202)   StringDedup Requests1 Weak     Min:  0.0, Avg:  0.0, Max:  0.0, Diff:  0.0, Sum:  0.0, Workers: 4
[7109.800s][debug][gc,phases      ] GC(202)     Dead                           Min: 0, Avg:  0.0, Max: 0, Diff: 0, Sum: 0, Workers: 4
[7109.800s][debug][gc,phases      ] GC(202)     Total                          Min: 0, Avg:  0.0, Max: 0, Diff: 0, Sum: 0, Workers: 4
[7109.800s][debug][gc,phases      ] GC(202)   Weak JFR Old Object Samples    Min:  0.0, Avg:  0.0, Max:  0.0, Diff:  0.0, Sum:  0.0, Workers: 4
[7109.800s][debug][gc,phases      ] GC(202)     Dead                           Min: 0, Avg:  0.0, Max: 0, Diff: 0, Sum: 0, Workers: 4
[7109.800s][debug][gc,phases      ] GC(202)     Total                          Min: 0, Avg:  0.0, Max: 0, Diff: 0, Sum: 0, Workers: 4
[7109.800s][debug][gc,phases      ] GC(202) Weak Processing 0.322ms
[7109.800s][debug][gc,age         ] GC(202) Desired survivor size 34603008 bytes, new threshold 15 (max threshold 15)
[7109.800s][info ][gc,heap        ] GC(202) PSYoungGen: 2040480K(2040832K)->4416K(2061824K) Eden: 2036224K(2036224K)->0K(2029568K) From: 4256K(4608K)->4416K(32256K)
[7109.800s][info ][gc,heap        ] GC(202) ParOldGen: 594613K(678400K)->594693K(678400K)
[7109.800s][info ][gc,metaspace   ] GC(202) Metaspace: 84141K(84992K)->84141K(84992K) NonClass: 72465K(72896K)->72465K(72896K) Class: 11675K(12096K)->11675K(12096K)
[7109.800s][info ][gc             ] GC(202) Pause Young (Allocation Failure) 2573M->585M(2676M) 3.048ms
[7109.800s][info ][gc,cpu         ] GC(202) User=0.01s Sys=0.00s Real=0.00s
[7109.800s][info ][safepoint      ] Safepoint "ParallelGCFailedAllocation", Time since last: 8902283640 ns, Reaching safepoint: 57101 ns, At safepoint: 3133362 ns, Total: 3190463 ns
[7197.488s][info ][gc,start       ] GC(203) Pause Young (Allocation Failure)
[7197.490s][debug][gc,phases      ] GC(203) Scavenge 2.094ms
[7197.490s][debug][gc,ref         ] GC(203) Skipped phase 1 of Reference Processing: no references
[7197.490s][debug][gc,ref         ] GC(203) ReferenceProcessor::execute queues: 1, RefProcThreadModel::Single, marks_oops_alive: false
[7197.491s][debug][gc,ref         ] GC(203) Skipped phase 3 of Reference Processing: no references
[7197.491s][debug][gc,ref         ] GC(203) Skipped phase 4 of Reference Processing: no references
[7197.491s][debug][gc,phases      ] GC(203) Reference Processing 0.122ms
[7197.491s][debug][gc,phases      ] GC(203)   VM Weak                        Min:  0.0, Avg:  0.0, Max:  0.0, Diff:  0.0, Sum:  0.0, Workers: 4
[7197.491s][debug][gc,phases      ] GC(203)     Dead                           Min: 0, Avg:  0.0, Max: 0, Diff: 0, Sum: 0, Workers: 4
[7197.491s][debug][gc,phases      ] GC(203)     Total                          Min: 0, Avg: 143.8, Max: 575, Diff: 575, Sum: 575, Workers: 4
[7197.491s][debug][gc,phases      ] GC(203)   ObjectSynchronizer Weak        Min:  0.0, Avg:  0.0, Max:  0.0, Diff:  0.0, Sum:  0.0, Workers: 4
[7197.491s][debug][gc,phases      ] GC(203)     Dead                           Min: 0, Avg:  0.0, Max: 0, Diff: 0, Sum: 0, Workers: 4
[7197.491s][debug][gc,phases      ] GC(203)     Total                          Min: 0, Avg: 96.2, Max: 193, Diff: 193, Sum: 385, Workers: 4
[7197.491s][debug][gc,phases      ] GC(203)   JVMTI Tag Weak OopStorage      Min:  0.0, Avg:  0.0, Max:  0.0, Diff:  0.0, Sum:  0.0, Workers: 4
[7197.491s][debug][gc,phases      ] GC(203)     Dead                           Min: 0, Avg:  0.0, Max: 0, Diff: 0, Sum: 0, Workers: 4
[7197.491s][debug][gc,phases      ] GC(203)     Total                          Min: 0, Avg:  0.0, Max: 0, Diff: 0, Sum: 0, Workers: 4
[7197.491s][debug][gc,phases      ] GC(203)   StringTable Weak               Min:  0.1, Avg:  0.1, Max:  0.1, Diff:  0.0, Sum:  0.4, Workers: 4
[7197.491s][debug][gc,phases      ] GC(203)     Dead                           Min: 0, Avg:  0.0, Max: 0, Diff: 0, Sum: 0, Workers: 4
[7197.491s][debug][gc,phases      ] GC(203)     Total                          Min: 10816, Avg: 12183.0, Max: 13696, Diff: 2880, Sum: 48732, Workers: 4
[7197.491s][debug][gc,phases      ] GC(203)   ResolvedMethodTable Weak       Min:  0.0, Avg:  0.0, Max:  0.0, Diff:  0.0, Sum:  0.1, Workers: 4
[7197.491s][debug][gc,phases      ] GC(203)     Dead                           Min: 0, Avg:  0.0, Max: 0, Diff: 0, Sum: 0, Workers: 4
[7197.491s][debug][gc,phases      ] GC(203)     Total                          Min: 1984, Avg: 2078.2, Max: 2233, Diff: 249, Sum: 8313, Workers: 4
[7197.491s][debug][gc,phases      ] GC(203)   JNI Weak                       Min:  0.0, Avg:  0.0, Max:  0.0, Diff:  0.0, Sum:  0.0, Workers: 4
[7197.491s][debug][gc,phases      ] GC(203)     Dead                           Min: 0, Avg:  0.0, Max: 0, Diff: 0, Sum: 0, Workers: 4
[7197.491s][debug][gc,phases      ] GC(203)     Total                          Min: 0, Avg:  0.0, Max: 0, Diff: 0, Sum: 0, Workers: 4
[7197.491s][debug][gc,phases      ] GC(203)   StringDedup Table Weak         Min:  0.0, Avg:  0.0, Max:  0.0, Diff:  0.0, Sum:  0.0, Workers: 4
[7197.491s][debug][gc,phases      ] GC(203)     Dead                           Min: 0, Avg:  0.0, Max: 0, Diff: 0, Sum: 0, Workers: 4
[7197.491s][debug][gc,phases      ] GC(203)     Total                          Min: 0, Avg:  0.0, Max: 0, Diff: 0, Sum: 0, Workers: 4
[7197.491s][debug][gc,phases      ] GC(203)   StringDedup Requests0 Weak     Min:  0.0, Avg:  0.0, Max:  0.0, Diff:  0.0, Sum:  0.0, Workers: 4
[7197.491s][debug][gc,phases      ] GC(203)     Dead                           Min: 0, Avg:  0.0, Max: 0, Diff: 0, Sum: 0, Workers: 4
[7197.491s][debug][gc,phases      ] GC(203)     Total                          Min: 0, Avg:  0.0, Max: 0, Diff: 0, Sum: 0, Workers: 4
[7197.491s][debug][gc,phases      ] GC(203)   StringDedup Requests1 Weak     Min:  0.0, Avg:  0.0, Max:  0.0, Diff:  0.0, Sum:  0.0, Workers: 4
[7197.491s][debug][gc,phases      ] GC(203)     Dead                           Min: 0, Avg:  0.0, Max: 0, Diff: 0, Sum: 0, Workers: 4
[7197.491s][debug][gc,phases      ] GC(203)     Total                          Min: 0, Avg:  0.0, Max: 0, Diff: 0, Sum: 0, Workers: 4
[7197.491s][debug][gc,phases      ] GC(203)   Weak JFR Old Object Samples    Min:  0.0, Avg:  0.0, Max:  0.0, Diff:  0.0, Sum:  0.0, Workers: 4
[7197.491s][debug][gc,phases      ] GC(203)     Dead                           Min: 0, Avg:  0.0, Max: 0, Diff: 0, Sum: 0, Workers: 4
[7197.491s][debug][gc,phases      ] GC(203)     Total                          Min: 0, Avg:  0.0, Max: 0, Diff: 0, Sum: 0, Workers: 4
[7197.491s][debug][gc,phases      ] GC(203) Weak Processing 0.322ms
[7197.491s][debug][gc,age         ] GC(203) Desired survivor size 35651584 bytes, new threshold 15 (max threshold 15)
[7197.491s][info ][gc,heap        ] GC(203) PSYoungGen: 2033984K(2061824K)->3952K(2033664K) Eden: 2029568K(2029568K)->0K(2029568K) From: 4416K(32256K)->3952K(4096K)
[7197.491s][info ][gc,heap        ] GC(203) ParOldGen: 594693K(678400K)->594949K(678400K)
[7197.491s][info ][gc,metaspace   ] GC(203) Metaspace: 84141K(84992K)->84141K(84992K) NonClass: 72465K(72896K)->72465K(72896K) Class: 11675K(12096K)->11675K(12096K)
[7197.491s][info ][gc             ] GC(203) Pause Young (Allocation Failure) 2567M->584M(2648M) 2.661ms
[7197.491s][info ][gc,cpu         ] GC(203) User=0.01s Sys=0.00s Real=0.00s
[7197.491s][info ][safepoint      ] Safepoint "ParallelGCFailedAllocation", Time since last: 87688033315 ns, Reaching safepoint: 41601 ns, At safepoint: 2778255 ns, Total: 2819856 ns
[7234.203s][info ][safepoint      ] Safepoint "Cleanup", Time since last: 36711920640 ns, Reaching safepoint: 67701 ns, At safepoint: 9001 ns, Total: 76702 ns
[7281.813s][info ][gc,start       ] GC(204) Pause Young (Allocation Failure)
[7281.816s][debug][gc,phases      ] GC(204) Scavenge 2.289ms
[7281.816s][debug][gc,ref         ] GC(204) Skipped phase 1 of Reference Processing: no references
[7281.816s][debug][gc,ref         ] GC(204) ReferenceProcessor::execute queues: 1, RefProcThreadModel::Single, marks_oops_alive: false
[7281.816s][debug][gc,ref         ] GC(204) Skipped phase 3 of Reference Processing: no references
[7281.816s][debug][gc,ref         ] GC(204) ReferenceProcessor::execute queues: 1, RefProcThreadModel::Single, marks_oops_alive: false
[7281.816s][debug][gc,phases      ] GC(204) Reference Processing 0.123ms
[7281.816s][debug][gc,phases      ] GC(204)   VM Weak                        Min:  0.0, Avg:  0.0, Max:  0.0, Diff:  0.0, Sum:  0.0, Workers: 4
[7281.816s][debug][gc,phases      ] GC(204)     Dead                           Min: 0, Avg:  0.0, Max: 0, Diff: 0, Sum: 0, Workers: 4
[7281.816s][debug][gc,phases      ] GC(204)     Total                          Min: 0, Avg: 143.8, Max: 362, Diff: 362, Sum: 575, Workers: 4
[7281.816s][debug][gc,phases      ] GC(204)   ObjectSynchronizer Weak        Min:  0.0, Avg:  0.0, Max:  0.0, Diff:  0.0, Sum:  0.0, Workers: 4
[7281.816s][debug][gc,phases      ] GC(204)     Dead                           Min: 0, Avg:  0.0, Max: 0, Diff: 0, Sum: 0, Workers: 4
[7281.816s][debug][gc,phases      ] GC(204)     Total                          Min: 0, Avg: 96.2, Max: 193, Diff: 193, Sum: 385, Workers: 4
[7281.816s][debug][gc,phases      ] GC(204)   JVMTI Tag Weak OopStorage      Min:  0.0, Avg:  0.0, Max:  0.0, Diff:  0.0, Sum:  0.0, Workers: 4
[7281.816s][debug][gc,phases      ] GC(204)     Dead                           Min: 0, Avg:  0.0, Max: 0, Diff: 0, Sum: 0, Workers: 4
[7281.816s][debug][gc,phases      ] GC(204)     Total                          Min: 0, Avg:  0.0, Max: 0, Diff: 0, Sum: 0, Workers: 4
[7281.816s][debug][gc,phases      ] GC(204)   StringTable Weak               Min:  0.1, Avg:  0.1, Max:  0.1, Diff:  0.0, Sum:  0.4, Workers: 4
[7281.816s][debug][gc,phases      ] GC(204)     Dead                           Min: 0, Avg:  0.0, Max: 0, Diff: 0, Sum: 0, Workers: 4
[7281.816s][debug][gc,phases      ] GC(204)     Total                          Min: 10908, Avg: 12183.0, Max: 13440, Diff: 2532, Sum: 48732, Workers: 4
[7281.816s][debug][gc,phases      ] GC(204)   ResolvedMethodTable Weak       Min:  0.0, Avg:  0.0, Max:  0.0, Diff:  0.0, Sum:  0.1, Workers: 4
[7281.816s][debug][gc,phases      ] GC(204)     Dead                           Min: 0, Avg:  0.0, Max: 0, Diff: 0, Sum: 0, Workers: 4
[7281.816s][debug][gc,phases      ] GC(204)     Total                          Min: 1984, Avg: 2078.2, Max: 2233, Diff: 249, Sum: 8313, Workers: 4
[7281.816s][debug][gc,phases      ] GC(204)   JNI Weak                       Min:  0.0, Avg:  0.0, Max:  0.0, Diff:  0.0, Sum:  0.0, Workers: 4
[7281.816s][debug][gc,phases      ] GC(204)     Dead                           Min: 0, Avg:  0.0, Max: 0, Diff: 0, Sum: 0, Workers: 4
[7281.816s][debug][gc,phases      ] GC(204)     Total                          Min: 0, Avg:  0.0, Max: 0, Diff: 0, Sum: 0, Workers: 4
[7281.816s][debug][gc,phases      ] GC(204)   StringDedup Table Weak         Min:  0.0, Avg:  0.0, Max:  0.0, Diff:  0.0, Sum:  0.0, Workers: 4
[7281.816s][debug][gc,phases      ] GC(204)     Dead                           Min: 0, Avg:  0.0, Max: 0, Diff: 0, Sum: 0, Workers: 4
[7281.816s][debug][gc,phases      ] GC(204)     Total                          Min: 0, Avg:  0.0, Max: 0, Diff: 0, Sum: 0, Workers: 4
[7281.816s][debug][gc,phases      ] GC(204)   StringDedup Requests0 Weak     Min:  0.0, Avg:  0.0, Max:  0.0, Diff:  0.0, Sum:  0.0, Workers: 4
[7281.816s][debug][gc,phases      ] GC(204)     Dead                           Min: 0, Avg:  0.0, Max: 0, Diff: 0, Sum: 0, Workers: 4
[7281.816s][debug][gc,phases      ] GC(204)     Total                          Min: 0, Avg:  0.0, Max: 0, Diff: 0, Sum: 0, Workers: 4
[7281.816s][debug][gc,phases      ] GC(204)   StringDedup Requests1 Weak     Min:  0.0, Avg:  0.0, Max:  0.0, Diff:  0.0, Sum:  0.0, Workers: 4
[7281.816s][debug][gc,phases      ] GC(204)     Dead                           Min: 0, Avg:  0.0, Max: 0, Diff: 0, Sum: 0, Workers: 4
[7281.816s][debug][gc,phases      ] GC(204)     Total                          Min: 0, Avg:  0.0, Max: 0, Diff: 0, Sum: 0, Workers: 4
[7281.816s][debug][gc,phases      ] GC(204)   Weak JFR Old Object Samples    Min:  0.0, Avg:  0.0, Max:  0.0, Diff:  0.0, Sum:  0.0, Workers: 4
[7281.816s][debug][gc,phases      ] GC(204)     Dead                           Min: 0, Avg:  0.0, Max: 0, Diff: 0, Sum: 0, Workers: 4
[7281.816s][debug][gc,phases      ] GC(204)     Total                          Min: 0, Avg:  0.0, Max: 0, Diff: 0, Sum: 0, Workers: 4
[7281.816s][debug][gc,phases      ] GC(204) Weak Processing 0.309ms
[7281.816s][debug][gc,age         ] GC(204) Desired survivor size 36175872 bytes, new threshold 15 (max threshold 15)
[7281.816s][info ][gc,heap        ] GC(204) PSYoungGen: 2033166K(2033664K)->4144K(2061312K) Eden: 2029214K(2029568K)->0K(2026496K) From: 3952K(4096K)->4144K(34816K)
[7281.816s][info ][gc,heap        ] GC(204) ParOldGen: 594949K(678400K)->595013K(678400K)
[7281.816s][info ][gc,metaspace   ] GC(204) Metaspace: 84148K(84992K)->84148K(84992K) NonClass: 72472K(72896K)->72472K(72896K) Class: 11675K(12096K)->11675K(12096K)
[7281.816s][info ][gc             ] GC(204) Pause Young (Allocation Failure) 2566M->585M(2675M) 2.843ms
[7281.816s][info ][gc,cpu         ] GC(204) User=0.01s Sys=0.00s Real=0.00s
[7281.816s][info ][safepoint      ] Safepoint "ParallelGCFailedAllocation", Time since last: 47610356250 ns, Reaching safepoint: 27400 ns, At safepoint: 2947859 ns, Total: 2975259 ns
[7310.818s][info ][safepoint      ] Safepoint "Cleanup", Time since last: 29001888932 ns, Reaching safepoint: 46200 ns, At safepoint: 4601 ns, Total: 50801 ns
[7331.820s][info ][safepoint      ] Safepoint "Cleanup", Time since last: 21001516945 ns, Reaching safepoint: 44701 ns, At safepoint: 3000 ns, Total: 47701 ns
[7352.821s][info ][safepoint      ] Safepoint "Cleanup", Time since last: 21001638731 ns, Reaching safepoint: 54501 ns, At safepoint: 10000 ns, Total: 64501 ns
[7358.822s][info ][safepoint      ] Safepoint "Cleanup", Time since last: 6000472263 ns, Reaching safepoint: 47101 ns, At safepoint: 3900 ns, Total: 51001 ns
[7367.096s][info ][gc,start       ] GC(205) Pause Young (Allocation Failure)
[7367.099s][debug][gc,phases      ] GC(205) Scavenge 2.702ms
[7367.099s][debug][gc,ref         ] GC(205) Skipped phase 1 of Reference Processing: no references
[7367.099s][debug][gc,ref         ] GC(205) ReferenceProcessor::execute queues: 1, RefProcThreadModel::Single, marks_oops_alive: false
[7367.099s][debug][gc,ref         ] GC(205) Skipped phase 3 of Reference Processing: no references
[7367.099s][debug][gc,ref         ] GC(205) ReferenceProcessor::execute queues: 1, RefProcThreadModel::Single, marks_oops_alive: false
[7367.099s][debug][gc,phases      ] GC(205) Reference Processing 0.125ms
[7367.099s][debug][gc,phases      ] GC(205)   VM Weak                        Min:  0.0, Avg:  0.0, Max:  0.0, Diff:  0.0, Sum:  0.0, Workers: 4
[7367.099s][debug][gc,phases      ] GC(205)     Dead                           Min: 0, Avg:  0.0, Max: 0, Diff: 0, Sum: 0, Workers: 4
[7367.099s][debug][gc,phases      ] GC(205)     Total                          Min: 0, Avg: 143.8, Max: 575, Diff: 575, Sum: 575, Workers: 4
[7367.099s][debug][gc,phases      ] GC(205)   ObjectSynchronizer Weak        Min:  0.0, Avg:  0.0, Max:  0.0, Diff:  0.0, Sum:  0.0, Workers: 4
[7367.099s][debug][gc,phases      ] GC(205)     Dead                           Min: 0, Avg:  0.0, Max: 0, Diff: 0, Sum: 0, Workers: 4
[7367.099s][debug][gc,phases      ] GC(205)     Total                          Min: 0, Avg: 96.2, Max: 385, Diff: 385, Sum: 385, Workers: 4
[7367.099s][debug][gc,phases      ] GC(205)   JVMTI Tag Weak OopStorage      Min:  0.0, Avg:  0.0, Max:  0.0, Diff:  0.0, Sum:  0.0, Workers: 4
[7367.099s][debug][gc,phases      ] GC(205)     Dead                           Min: 0, Avg:  0.0, Max: 0, Diff: 0, Sum: 0, Workers: 4
[7367.099s][debug][gc,phases      ] GC(205)     Total                          Min: 0, Avg:  0.0, Max: 0, Diff: 0, Sum: 0, Workers: 4
[7367.099s][debug][gc,phases      ] GC(205)   StringTable Weak               Min:  0.1, Avg:  0.1, Max:  0.1, Diff:  0.0, Sum:  0.4, Workers: 4
[7367.099s][debug][gc,phases      ] GC(205)     Dead                           Min: 0, Avg:  0.0, Max: 0, Diff: 0, Sum: 0, Workers: 4
[7367.099s][debug][gc,phases      ] GC(205)     Total                          Min: 11648, Avg: 12183.0, Max: 13212, Diff: 1564, Sum: 48732, Workers: 4
[7367.099s][debug][gc,phases      ] GC(205)   ResolvedMethodTable Weak       Min:  0.0, Avg:  0.0, Max:  0.0, Diff:  0.0, Sum:  0.1, Workers: 4
[7367.099s][debug][gc,phases      ] GC(205)     Dead                           Min: 0, Avg:  0.0, Max: 0, Diff: 0, Sum: 0, Workers: 4
[7367.099s][debug][gc,phases      ] GC(205)     Total                          Min: 1920, Avg: 2078.2, Max: 2304, Diff: 384, Sum: 8313, Workers: 4
[7367.099s][debug][gc,phases      ] GC(205)   JNI Weak                       Min:  0.0, Avg:  0.0, Max:  0.0, Diff:  0.0, Sum:  0.0, Workers: 4
[7367.099s][debug][gc,phases      ] GC(205)     Dead                           Min: 0, Avg:  0.0, Max: 0, Diff: 0, Sum: 0, Workers: 4
[7367.099s][debug][gc,phases      ] GC(205)     Total                          Min: 0, Avg:  0.0, Max: 0, Diff: 0, Sum: 0, Workers: 4
[7367.099s][debug][gc,phases      ] GC(205)   StringDedup Table Weak         Min:  0.0, Avg:  0.0, Max:  0.0, Diff:  0.0, Sum:  0.0, Workers: 4
[7367.099s][debug][gc,phases      ] GC(205)     Dead                           Min: 0, Avg:  0.0, Max: 0, Diff: 0, Sum: 0, Workers: 4
[7367.099s][debug][gc,phases      ] GC(205)     Total                          Min: 0, Avg:  0.0, Max: 0, Diff: 0, Sum: 0, Workers: 4
[7367.099s][debug][gc,phases      ] GC(205)   StringDedup Requests0 Weak     Min:  0.0, Avg:  0.0, Max:  0.0, Diff:  0.0, Sum:  0.0, Workers: 4
[7367.099s][debug][gc,phases      ] GC(205)     Dead                           Min: 0, Avg:  0.0, Max: 0, Diff: 0, Sum: 0, Workers: 4
[7367.099s][debug][gc,phases      ] GC(205)     Total                          Min: 0, Avg:  0.0, Max: 0, Diff: 0, Sum: 0, Workers: 4
[7367.099s][debug][gc,phases      ] GC(205)   StringDedup Requests1 Weak     Min:  0.0, Avg:  0.0, Max:  0.0, Diff:  0.0, Sum:  0.0, Workers: 4
[7367.099s][debug][gc,phases      ] GC(205)     Dead                           Min: 0, Avg:  0.0, Max: 0, Diff: 0, Sum: 0, Workers: 4
[7367.099s][debug][gc,phases      ] GC(205)     Total                          Min: 0, Avg:  0.0, Max: 0, Diff: 0, Sum: 0, Workers: 4
[7367.099s][debug][gc,phases      ] GC(205)   Weak JFR Old Object Samples    Min:  0.0, Avg:  0.0, Max:  0.0, Diff:  0.0, Sum:  0.0, Workers: 4
[7367.099s][debug][gc,phases      ] GC(205)     Dead                           Min: 0, Avg:  0.0, Max: 0, Diff: 0, Sum: 0, Workers: 4
[7367.099s][debug][gc,phases      ] GC(205)     Total                          Min: 0, Avg:  0.0, Max: 0, Diff: 0, Sum: 0, Workers: 4
[7367.099s][debug][gc,phases      ] GC(205) Weak Processing 0.339ms
[7367.099s][debug][gc,age         ] GC(205) Desired survivor size 36175872 bytes, new threshold 15 (max threshold 15)
[7367.099s][info ][gc,heap        ] GC(205) PSYoungGen: 2030640K(2061312K)->4528K(2061824K) Eden: 2026496K(2026496K)->0K(2026496K) From: 4144K(34816K)->4528K(35328K)
[7367.099s][info ][gc,heap        ] GC(205) ParOldGen: 595013K(678400K)->595045K(678400K)
[7367.100s][info ][gc,metaspace   ] GC(205) Metaspace: 84151K(84992K)->84151K(84992K) NonClass: 72476K(72896K)->72476K(72896K) Class: 11675K(12096K)->11675K(12096K)
[7367.100s][info ][gc             ] GC(205) Pause Young (Allocation Failure) 2564M->585M(2676M) 3.312ms
[7367.100s][info ][gc,cpu         ] GC(205) User=0.01s Sys=0.00s Real=0.00s
[7367.100s][info ][safepoint      ] Safepoint "ParallelGCFailedAllocation", Time since last: 8274051401 ns, Reaching safepoint: 99902 ns, At safepoint: 3407768 ns, Total: 3507670 ns
[7376.100s][info ][safepoint      ] Safepoint "Cleanup", Time since last: 9000654588 ns, Reaching safepoint: 55301 ns, At safepoint: 6900 ns, Total: 62201 ns
[7377.100s][info ][safepoint      ] Safepoint "Cleanup", Time since last: 1000114944 ns, Reaching safepoint: 51201 ns, At safepoint: 7500 ns, Total: 58701 ns
[7413.103s][info ][safepoint      ] Safepoint "Cleanup", Time since last: 36002401718 ns, Reaching safepoint: 59001 ns, At safepoint: 35500 ns, Total: 94501 ns
[7444.105s][info ][safepoint      ] Safepoint "Cleanup", Time since last: 31002151574 ns, Reaching safepoint: 46001 ns, At safepoint: 13000 ns, Total: 59001 ns
[7455.050s][info ][gc,start       ] GC(206) Pause Young (Allocation Failure)
[7455.052s][debug][gc,phases      ] GC(206) Scavenge 2.659ms
[7455.052s][debug][gc,ref         ] GC(206) Skipped phase 1 of Reference Processing: no references
[7455.052s][debug][gc,ref         ] GC(206) ReferenceProcessor::execute queues: 1, RefProcThreadModel::Single, marks_oops_alive: false
[7455.052s][debug][gc,ref         ] GC(206) Skipped phase 3 of Reference Processing: no references
[7455.052s][debug][gc,ref         ] GC(206) ReferenceProcessor::execute queues: 1, RefProcThreadModel::Single, marks_oops_alive: false
[7455.052s][debug][gc,phases      ] GC(206) Reference Processing 0.129ms
[7455.053s][debug][gc,phases      ] GC(206)   VM Weak                        Min:  0.0, Avg:  0.0, Max:  0.0, Diff:  0.0, Sum:  0.0, Workers: 4
[7455.053s][debug][gc,phases      ] GC(206)     Dead                           Min: 0, Avg:  0.0, Max: 0, Diff: 0, Sum: 0, Workers: 4
[7455.053s][debug][gc,phases      ] GC(206)     Total                          Min: 0, Avg: 143.8, Max: 415, Diff: 415, Sum: 575, Workers: 4
[7455.053s][debug][gc,phases      ] GC(206)   ObjectSynchronizer Weak        Min:  0.0, Avg:  0.0, Max:  0.0, Diff:  0.0, Sum:  0.0, Workers: 4
[7455.053s][debug][gc,phases      ] GC(206)     Dead                           Min: 0, Avg:  0.0, Max: 0, Diff: 0, Sum: 0, Workers: 4
[7455.053s][debug][gc,phases      ] GC(206)     Total                          Min: 0, Avg: 96.2, Max: 129, Diff: 129, Sum: 385, Workers: 4
[7455.053s][debug][gc,phases      ] GC(206)   JVMTI Tag Weak OopStorage      Min:  0.0, Avg:  0.0, Max:  0.0, Diff:  0.0, Sum:  0.0, Workers: 4
[7455.053s][debug][gc,phases      ] GC(206)     Dead                           Min: 0, Avg:  0.0, Max: 0, Diff: 0, Sum: 0, Workers: 4
[7455.053s][debug][gc,phases      ] GC(206)     Total                          Min: 0, Avg:  0.0, Max: 0, Diff: 0, Sum: 0, Workers: 4
[7455.053s][debug][gc,phases      ] GC(206)   StringTable Weak               Min:  0.1, Avg:  0.1, Max:  0.1, Diff:  0.0, Sum:  0.4, Workers: 4
[7455.053s][debug][gc,phases      ] GC(206)     Dead                           Min: 0, Avg:  0.0, Max: 0, Diff: 0, Sum: 0, Workers: 4
[7455.053s][debug][gc,phases      ] GC(206)     Total                          Min: 11072, Avg: 12183.0, Max: 13724, Diff: 2652, Sum: 48732, Workers: 4
[7455.053s][debug][gc,phases      ] GC(206)   ResolvedMethodTable Weak       Min:  0.0, Avg:  0.0, Max:  0.0, Diff:  0.0, Sum:  0.1, Workers: 4
[7455.053s][debug][gc,phases      ] GC(206)     Dead                           Min: 0, Avg:  0.0, Max: 0, Diff: 0, Sum: 0, Workers: 4
[7455.053s][debug][gc,phases      ] GC(206)     Total                          Min: 1786, Avg: 2078.5, Max: 2368, Diff: 582, Sum: 8314, Workers: 4
[7455.053s][debug][gc,phases      ] GC(206)   JNI Weak                       Min:  0.0, Avg:  0.0, Max:  0.0, Diff:  0.0, Sum:  0.0, Workers: 4
[7455.053s][debug][gc,phases      ] GC(206)     Dead                           Min: 0, Avg:  0.0, Max: 0, Diff: 0, Sum: 0, Workers: 4
[7455.053s][debug][gc,phases      ] GC(206)     Total                          Min: 0, Avg:  0.0, Max: 0, Diff: 0, Sum: 0, Workers: 4
[7455.053s][debug][gc,phases      ] GC(206)   StringDedup Table Weak         Min:  0.0, Avg:  0.0, Max:  0.0, Diff:  0.0, Sum:  0.0, Workers: 4
[7455.053s][debug][gc,phases      ] GC(206)     Dead                           Min: 0, Avg:  0.0, Max: 0, Diff: 0, Sum: 0, Workers: 4
[7455.053s][debug][gc,phases      ] GC(206)     Total                          Min: 0, Avg:  0.0, Max: 0, Diff: 0, Sum: 0, Workers: 4
[7455.053s][debug][gc,phases      ] GC(206)   StringDedup Requests0 Weak     Min:  0.0, Avg:  0.0, Max:  0.0, Diff:  0.0, Sum:  0.0, Workers: 4
[7455.053s][debug][gc,phases      ] GC(206)     Dead                           Min: 0, Avg:  0.0, Max: 0, Diff: 0, Sum: 0, Workers: 4
[7455.053s][debug][gc,phases      ] GC(206)     Total                          Min: 0, Avg:  0.0, Max: 0, Diff: 0, Sum: 0, Workers: 4
[7455.053s][debug][gc,phases      ] GC(206)   StringDedup Requests1 Weak     Min:  0.0, Avg:  0.0, Max:  0.0, Diff:  0.0, Sum:  0.0, Workers: 4
[7455.053s][debug][gc,phases      ] GC(206)     Dead                           Min: 0, Avg:  0.0, Max: 0, Diff: 0, Sum: 0, Workers: 4
[7455.053s][debug][gc,phases      ] GC(206)     Total                          Min: 0, Avg:  0.0, Max: 0, Diff: 0, Sum: 0, Workers: 4
[7455.053s][debug][gc,phases      ] GC(206)   Weak JFR Old Object Samples    Min:  0.0, Avg:  0.0, Max:  0.0, Diff:  0.0, Sum:  0.0, Workers: 4
[7455.053s][debug][gc,phases      ] GC(206)     Dead                           Min: 0, Avg:  0.0, Max: 0, Diff: 0, Sum: 0, Workers: 4
[7455.053s][debug][gc,phases      ] GC(206)     Total                          Min: 0, Avg:  0.0, Max: 0, Diff: 0, Sum: 0, Workers: 4
[7455.053s][debug][gc,phases      ] GC(206) Weak Processing 0.320ms
[7455.053s][debug][gc,age         ] GC(206) Desired survivor size 35651584 bytes, new threshold 15 (max threshold 15)
[7455.053s][info ][gc,heap        ] GC(206) PSYoungGen: 2031024K(2061824K)->4528K(2062336K) Eden: 2026496K(2026496K)->0K(2027008K) From: 4528K(35328K)->4528K(35328K)
[7455.053s][info ][gc,heap        ] GC(206) ParOldGen: 595045K(678400K)->595077K(678400K)
[7455.053s][info ][gc,metaspace   ] GC(206) Metaspace: 84161K(84992K)->84161K(84992K) NonClass: 72484K(72896K)->72484K(72896K) Class: 11676K(12096K)->11676K(12096K)
[7455.053s][info ][gc             ] GC(206) Pause Young (Allocation Failure) 2564M->585M(2676M) 3.253ms
[7455.053s][info ][gc,cpu         ] GC(206) User=0.01s Sys=0.01s Real=0.01s
[7455.053s][info ][safepoint      ] Safepoint "ParallelGCFailedAllocation", Time since last: 10944310919 ns, Reaching safepoint: 45801 ns, At safepoint: 3369167 ns, Total: 3414968 ns
[7490.055s][info ][safepoint      ] Safepoint "Cleanup", Time since last: 35002546393 ns, Reaching safepoint: 49901 ns, At safepoint: 3500 ns, Total: 53401 ns
[7499.056s][info ][safepoint      ] Safepoint "Cleanup", Time since last: 9000618051 ns, Reaching safepoint: 48501 ns, At safepoint: 3900 ns, Total: 52401 ns
[7516.057s][info ][safepoint      ] Safepoint "Cleanup", Time since last: 17001174858 ns, Reaching safepoint: 53101 ns, At safepoint: 12900 ns, Total: 66001 ns
[7522.058s][info ][safepoint      ] Safepoint "Cleanup", Time since last: 6000408030 ns, Reaching safepoint: 55702 ns, At safepoint: 5800 ns, Total: 61502 ns
[7532.059s][info ][safepoint      ] Safepoint "Cleanup", Time since last: 10000676681 ns, Reaching safepoint: 81202 ns, At safepoint: 12300 ns, Total: 93502 ns
[7533.059s][info ][safepoint      ] Safepoint "Cleanup", Time since last: 1000120439 ns, Reaching safepoint: 57801 ns, At safepoint: 11300 ns, Total: 69101 ns
[7534.011s][info ][gc,start       ] GC(207) Pause Young (Allocation Failure)
[7534.014s][debug][gc,phases      ] GC(207) Scavenge 2.817ms
[7534.014s][debug][gc,ref         ] GC(207) Skipped phase 1 of Reference Processing: no references
[7534.014s][debug][gc,ref         ] GC(207) ReferenceProcessor::execute queues: 1, RefProcThreadModel::Single, marks_oops_alive: false
[7534.014s][debug][gc,ref         ] GC(207) Skipped phase 3 of Reference Processing: no references
[7534.014s][debug][gc,ref         ] GC(207) ReferenceProcessor::execute queues: 1, RefProcThreadModel::Single, marks_oops_alive: false
[7534.014s][debug][gc,phases      ] GC(207) Reference Processing 0.153ms
[7534.014s][debug][gc,phases      ] GC(207)   VM Weak                        Min:  0.0, Avg:  0.0, Max:  0.0, Diff:  0.0, Sum:  0.0, Workers: 4
[7534.014s][debug][gc,phases      ] GC(207)     Dead                           Min: 0, Avg:  0.0, Max: 0, Diff: 0, Sum: 0, Workers: 4
[7534.014s][debug][gc,phases      ] GC(207)     Total                          Min: 0, Avg: 143.8, Max: 575, Diff: 575, Sum: 575, Workers: 4
[7534.014s][debug][gc,phases      ] GC(207)   ObjectSynchronizer Weak        Min:  0.0, Avg:  0.0, Max:  0.0, Diff:  0.0, Sum:  0.0, Workers: 4
[7534.014s][debug][gc,phases      ] GC(207)     Dead                           Min: 0, Avg:  0.0, Max: 0, Diff: 0, Sum: 0, Workers: 4
[7534.014s][debug][gc,phases      ] GC(207)     Total                          Min: 0, Avg: 96.2, Max: 385, Diff: 385, Sum: 385, Workers: 4
[7534.014s][debug][gc,phases      ] GC(207)   JVMTI Tag Weak OopStorage      Min:  0.0, Avg:  0.0, Max:  0.0, Diff:  0.0, Sum:  0.0, Workers: 4
[7534.014s][debug][gc,phases      ] GC(207)     Dead                           Min: 0, Avg:  0.0, Max: 0, Diff: 0, Sum: 0, Workers: 4
[7534.014s][debug][gc,phases      ] GC(207)     Total                          Min: 0, Avg:  0.0, Max: 0, Diff: 0, Sum: 0, Workers: 4
[7534.014s][debug][gc,phases      ] GC(207)   StringTable Weak               Min:  0.1, Avg:  0.1, Max:  0.1, Diff:  0.0, Sum:  0.4, Workers: 4
[7534.014s][debug][gc,phases      ] GC(207)     Dead                           Min: 0, Avg:  0.0, Max: 0, Diff: 0, Sum: 0, Workers: 4
[7534.014s][debug][gc,phases      ] GC(207)     Total                          Min: 10688, Avg: 12183.0, Max: 13376, Diff: 2688, Sum: 48732, Workers: 4
[7534.014s][debug][gc,phases      ] GC(207)   ResolvedMethodTable Weak       Min:  0.0, Avg:  0.0, Max:  0.0, Diff:  0.0, Sum:  0.1, Workers: 4
[7534.014s][debug][gc,phases      ] GC(207)     Dead                           Min: 0, Avg:  0.0, Max: 0, Diff: 0, Sum: 0, Workers: 4
[7534.014s][debug][gc,phases      ] GC(207)     Total                          Min: 2048, Avg: 2078.5, Max: 2112, Diff: 64, Sum: 8314, Workers: 4
[7534.014s][debug][gc,phases      ] GC(207)   JNI Weak                       Min:  0.0, Avg:  0.0, Max:  0.0, Diff:  0.0, Sum:  0.0, Workers: 4
[7534.014s][debug][gc,phases      ] GC(207)     Dead                           Min: 0, Avg:  0.0, Max: 0, Diff: 0, Sum: 0, Workers: 4
[7534.014s][debug][gc,phases      ] GC(207)     Total                          Min: 0, Avg:  0.0, Max: 0, Diff: 0, Sum: 0, Workers: 4
[7534.014s][debug][gc,phases      ] GC(207)   StringDedup Table Weak         Min:  0.0, Avg:  0.0, Max:  0.0, Diff:  0.0, Sum:  0.0, Workers: 4
[7534.014s][debug][gc,phases      ] GC(207)     Dead                           Min: 0, Avg:  0.0, Max: 0, Diff: 0, Sum: 0, Workers: 4
[7534.014s][debug][gc,phases      ] GC(207)     Total                          Min: 0, Avg:  0.0, Max: 0, Diff: 0, Sum: 0, Workers: 4
[7534.014s][debug][gc,phases      ] GC(207)   StringDedup Requests0 Weak     Min:  0.0, Avg:  0.0, Max:  0.0, Diff:  0.0, Sum:  0.0, Workers: 4
[7534.014s][debug][gc,phases      ] GC(207)     Dead                           Min: 0, Avg:  0.0, Max: 0, Diff: 0, Sum: 0, Workers: 4
[7534.014s][debug][gc,phases      ] GC(207)     Total                          Min: 0, Avg:  0.0, Max: 0, Diff: 0, Sum: 0, Workers: 4
[7534.014s][debug][gc,phases      ] GC(207)   StringDedup Requests1 Weak     Min:  0.0, Avg:  0.0, Max:  0.0, Diff:  0.0, Sum:  0.0, Workers: 4
[7534.014s][debug][gc,phases      ] GC(207)     Dead                           Min: 0, Avg:  0.0, Max: 0, Diff: 0, Sum: 0, Workers: 4
[7534.014s][debug][gc,phases      ] GC(207)     Total                          Min: 0, Avg:  0.0, Max: 0, Diff: 0, Sum: 0, Workers: 4
[7534.014s][debug][gc,phases      ] GC(207)   Weak JFR Old Object Samples    Min:  0.0, Avg:  0.0, Max:  0.0, Diff:  0.0, Sum:  0.0, Workers: 4
[7534.014s][debug][gc,phases      ] GC(207)     Dead                           Min: 0, Avg:  0.0, Max: 0, Diff: 0, Sum: 0, Workers: 4
[7534.014s][debug][gc,phases      ] GC(207)     Total                          Min: 0, Avg:  0.0, Max: 0, Diff: 0, Sum: 0, Workers: 4
[7534.014s][debug][gc,phases      ] GC(207) Weak Processing 0.329ms
[7534.014s][debug][gc,age         ] GC(207) Desired survivor size 35127296 bytes, new threshold 15 (max threshold 15)
[7534.014s][info ][gc,heap        ] GC(207) PSYoungGen: 2031536K(2062336K)->4576K(2061824K) Eden: 2027008K(2027008K)->0K(2027008K) From: 4528K(35328K)->4576K(34816K)
[7534.014s][info ][gc,heap        ] GC(207) ParOldGen: 595077K(678400K)->595101K(678400K)
[7534.014s][info ][gc,metaspace   ] GC(207) Metaspace: 84169K(84992K)->84169K(84992K) NonClass: 72493K(72896K)->72493K(72896K) Class: 11676K(12096K)->11676K(12096K)
[7534.014s][info ][gc             ] GC(207) Pause Young (Allocation Failure) 2565M->585M(2676M) 3.439ms
[7534.014s][info ][gc,cpu         ] GC(207) User=0.01s Sys=0.00s Real=0.01s
[7534.014s][info ][safepoint      ] Safepoint "ParallelGCFailedAllocation", Time since last: 952001180 ns, Reaching safepoint: 55701 ns, At safepoint: 3531071 ns, Total: 3586772 ns
[7545.015s][info ][safepoint      ] Safepoint "Cleanup", Time since last: 11000782216 ns, Reaching safepoint: 55401 ns, At safepoint: 3000 ns, Total: 58401 ns
[7576.018s][info ][safepoint      ] Safepoint "Cleanup", Time since last: 31002190457 ns, Reaching safepoint: 54401 ns, At safepoint: 14801 ns, Total: 69202 ns
[7611.050s][info ][gc,start       ] GC(208) Pause Young (Allocation Failure)
[7611.053s][debug][gc,phases      ] GC(208) Scavenge 2.930ms
[7611.053s][debug][gc,ref         ] GC(208) Skipped phase 1 of Reference Processing: no references
[7611.053s][debug][gc,ref         ] GC(208) ReferenceProcessor::execute queues: 1, RefProcThreadModel::Single, marks_oops_alive: false
[7611.053s][debug][gc,ref         ] GC(208) Skipped phase 3 of Reference Processing: no references
[7611.053s][debug][gc,ref         ] GC(208) ReferenceProcessor::execute queues: 1, RefProcThreadModel::Single, marks_oops_alive: false
[7611.053s][debug][gc,phases      ] GC(208) Reference Processing 0.141ms
[7611.053s][debug][gc,phases      ] GC(208)   VM Weak                        Min:  0.0, Avg:  0.0, Max:  0.0, Diff:  0.0, Sum:  0.0, Workers: 4
[7611.053s][debug][gc,phases      ] GC(208)     Dead                           Min: 0, Avg:  0.0, Max: 0, Diff: 0, Sum: 0, Workers: 4
[7611.053s][debug][gc,phases      ] GC(208)     Total                          Min: 0, Avg: 143.8, Max: 298, Diff: 298, Sum: 575, Workers: 4
[7611.053s][debug][gc,phases      ] GC(208)   ObjectSynchronizer Weak        Min:  0.0, Avg:  0.0, Max:  0.0, Diff:  0.0, Sum:  0.0, Workers: 4
[7611.053s][debug][gc,phases      ] GC(208)     Dead                           Min: 0, Avg:  0.0, Max: 0, Diff: 0, Sum: 0, Workers: 4
[7611.053s][debug][gc,phases      ] GC(208)     Total                          Min: 64, Avg: 96.2, Max: 129, Diff: 65, Sum: 385, Workers: 4
[7611.054s][debug][gc,phases      ] GC(208)   JVMTI Tag Weak OopStorage      Min:  0.0, Avg:  0.0, Max:  0.0, Diff:  0.0, Sum:  0.0, Workers: 4
[7611.054s][debug][gc,phases      ] GC(208)     Dead                           Min: 0, Avg:  0.0, Max: 0, Diff: 0, Sum: 0, Workers: 4
[7611.054s][debug][gc,phases      ] GC(208)     Total                          Min: 0, Avg:  0.0, Max: 0, Diff: 0, Sum: 0, Workers: 4
[7611.054s][debug][gc,phases      ] GC(208)   StringTable Weak               Min:  0.1, Avg:  0.1, Max:  0.1, Diff:  0.0, Sum:  0.4, Workers: 4
[7611.054s][debug][gc,phases      ] GC(208)     Dead                           Min: 0, Avg:  0.0, Max: 0, Diff: 0, Sum: 0, Workers: 4
[7611.054s][debug][gc,phases      ] GC(208)     Total                          Min: 11520, Avg: 12183.0, Max: 13440, Diff: 1920, Sum: 48732, Workers: 4
[7611.054s][debug][gc,phases      ] GC(208)   ResolvedMethodTable Weak       Min:  0.0, Avg:  0.0, Max:  0.0, Diff:  0.0, Sum:  0.1, Workers: 4
[7611.054s][debug][gc,phases      ] GC(208)     Dead                           Min: 0, Avg:  0.0, Max: 0, Diff: 0, Sum: 0, Workers: 4
[7611.054s][debug][gc,phases      ] GC(208)     Total                          Min: 1856, Avg: 2078.5, Max: 2304, Diff: 448, Sum: 8314, Workers: 4
[7611.054s][debug][gc,phases      ] GC(208)   JNI Weak                       Min:  0.0, Avg:  0.0, Max:  0.0, Diff:  0.0, Sum:  0.0, Workers: 4
[7611.054s][debug][gc,phases      ] GC(208)     Dead                           Min: 0, Avg:  0.0, Max: 0, Diff: 0, Sum: 0, Workers: 4
[7611.054s][debug][gc,phases      ] GC(208)     Total                          Min: 0, Avg:  0.0, Max: 0, Diff: 0, Sum: 0, Workers: 4
[7611.054s][debug][gc,phases      ] GC(208)   StringDedup Table Weak         Min:  0.0, Avg:  0.0, Max:  0.0, Diff:  0.0, Sum:  0.0, Workers: 4
[7611.054s][debug][gc,phases      ] GC(208)     Dead                           Min: 0, Avg:  0.0, Max: 0, Diff: 0, Sum: 0, Workers: 4
[7611.054s][debug][gc,phases      ] GC(208)     Total                          Min: 0, Avg:  0.0, Max: 0, Diff: 0, Sum: 0, Workers: 4
[7611.054s][debug][gc,phases      ] GC(208)   StringDedup Requests0 Weak     Min:  0.0, Avg:  0.0, Max:  0.0, Diff:  0.0, Sum:  0.0, Workers: 4
[7611.054s][debug][gc,phases      ] GC(208)     Dead                           Min: 0, Avg:  0.0, Max: 0, Diff: 0, Sum: 0, Workers: 4
[7611.054s][debug][gc,phases      ] GC(208)     Total                          Min: 0, Avg:  0.0, Max: 0, Diff: 0, Sum: 0, Workers: 4
[7611.054s][debug][gc,phases      ] GC(208)   StringDedup Requests1 Weak     Min:  0.0, Avg:  0.0, Max:  0.0, Diff:  0.0, Sum:  0.0, Workers: 4
[7611.054s][debug][gc,phases      ] GC(208)     Dead                           Min: 0, Avg:  0.0, Max: 0, Diff: 0, Sum: 0, Workers: 4
[7611.054s][debug][gc,phases      ] GC(208)     Total                          Min: 0, Avg:  0.0, Max: 0, Diff: 0, Sum: 0, Workers: 4
[7611.054s][debug][gc,phases      ] GC(208)   Weak JFR Old Object Samples    Min:  0.0, Avg:  0.0, Max:  0.0, Diff:  0.0, Sum:  0.0, Workers: 4
[7611.054s][debug][gc,phases      ] GC(208)     Dead                           Min: 0, Avg:  0.0, Max: 0, Diff: 0, Sum: 0, Workers: 4
[7611.054s][debug][gc,phases      ] GC(208)     Total                          Min: 0, Avg:  0.0, Max: 0, Diff: 0, Sum: 0, Workers: 4
[7611.054s][debug][gc,phases      ] GC(208) Weak Processing 0.299ms
[7611.054s][debug][gc,age         ] GC(208) Desired survivor size 34603008 bytes, new threshold 15 (max threshold 15)
[7611.054s][info ][gc,heap        ] GC(208) PSYoungGen: 2031584K(2061824K)->4704K(2063360K) Eden: 2027008K(2027008K)->0K(2029056K) From: 4576K(34816K)->4704K(34304K)
[7611.054s][info ][gc,heap        ] GC(208) ParOldGen: 595101K(678400K)->595133K(678400K)
[7611.054s][info ][gc,metaspace   ] GC(208) Metaspace: 84177K(85056K)->84177K(85056K) NonClass: 72501K(72960K)->72501K(72960K) Class: 11676K(12096K)->11676K(12096K)
[7611.054s][info ][gc             ] GC(208) Pause Young (Allocation Failure) 2565M->585M(2677M) 3.489ms
[7611.054s][info ][gc,cpu         ] GC(208) User=0.01s Sys=0.00s Real=0.01s
[7611.054s][info ][safepoint      ] Safepoint "ParallelGCFailedAllocation", Time since last: 35032556978 ns, Reaching safepoint: 50101 ns, At safepoint: 3564671 ns, Total: 3614772 ns
[7692.243s][info ][gc,start       ] GC(209) Pause Young (Allocation Failure)
[7692.246s][debug][gc,phases      ] GC(209) Scavenge 2.735ms
[7692.246s][debug][gc,ref         ] GC(209) Skipped phase 1 of Reference Processing: no references
[7692.246s][debug][gc,ref         ] GC(209) ReferenceProcessor::execute queues: 1, RefProcThreadModel::Single, marks_oops_alive: false
[7692.246s][debug][gc,ref         ] GC(209) Skipped phase 3 of Reference Processing: no references
[7692.246s][debug][gc,ref         ] GC(209) ReferenceProcessor::execute queues: 1, RefProcThreadModel::Single, marks_oops_alive: false
[7692.246s][debug][gc,phases      ] GC(209) Reference Processing 0.149ms
[7692.246s][debug][gc,phases      ] GC(209)   VM Weak                        Min:  0.0, Avg:  0.0, Max:  0.0, Diff:  0.0, Sum:  0.0, Workers: 4
[7692.246s][debug][gc,phases      ] GC(209)     Dead                           Min: 0, Avg:  0.0, Max: 0, Diff: 0, Sum: 0, Workers: 4
[7692.246s][debug][gc,phases      ] GC(209)     Total                          Min: 0, Avg: 143.8, Max: 575, Diff: 575, Sum: 575, Workers: 4
[7692.246s][debug][gc,phases      ] GC(209)   ObjectSynchronizer Weak        Min:  0.0, Avg:  0.0, Max:  0.0, Diff:  0.0, Sum:  0.0, Workers: 4
[7692.246s][debug][gc,phases      ] GC(209)     Dead                           Min: 0, Avg:  0.0, Max: 0, Diff: 0, Sum: 0, Workers: 4
[7692.246s][debug][gc,phases      ] GC(209)     Total                          Min: 0, Avg: 96.2, Max: 385, Diff: 385, Sum: 385, Workers: 4
[7692.246s][debug][gc,phases      ] GC(209)   JVMTI Tag Weak OopStorage      Min:  0.0, Avg:  0.0, Max:  0.0, Diff:  0.0, Sum:  0.0, Workers: 4
[7692.246s][debug][gc,phases      ] GC(209)     Dead                           Min: 0, Avg:  0.0, Max: 0, Diff: 0, Sum: 0, Workers: 4
[7692.246s][debug][gc,phases      ] GC(209)     Total                          Min: 0, Avg:  0.0, Max: 0, Diff: 0, Sum: 0, Workers: 4
[7692.246s][debug][gc,phases      ] GC(209)   StringTable Weak               Min:  0.1, Avg:  0.1, Max:  0.1, Diff:  0.0, Sum:  0.4, Workers: 4
[7692.246s][debug][gc,phases      ] GC(209)     Dead                           Min: 0, Avg:  0.0, Max: 0, Diff: 0, Sum: 0, Workers: 4
[7692.246s][debug][gc,phases      ] GC(209)     Total                          Min: 10652, Avg: 12183.0, Max: 14016, Diff: 3364, Sum: 48732, Workers: 4
[7692.246s][debug][gc,phases      ] GC(209)   ResolvedMethodTable Weak       Min:  0.0, Avg:  0.0, Max:  0.0, Diff:  0.0, Sum:  0.1, Workers: 4
[7692.246s][debug][gc,phases      ] GC(209)     Dead                           Min: 0, Avg:  0.0, Max: 0, Diff: 0, Sum: 0, Workers: 4
[7692.246s][debug][gc,phases      ] GC(209)     Total                          Min: 1920, Avg: 2078.5, Max: 2240, Diff: 320, Sum: 8314, Workers: 4
[7692.246s][debug][gc,phases      ] GC(209)   JNI Weak                       Min:  0.0, Avg:  0.0, Max:  0.0, Diff:  0.0, Sum:  0.0, Workers: 4
[7692.246s][debug][gc,phases      ] GC(209)     Dead                           Min: 0, Avg:  0.0, Max: 0, Diff: 0, Sum: 0, Workers: 4
[7692.246s][debug][gc,phases      ] GC(209)     Total                          Min: 0, Avg:  0.0, Max: 0, Diff: 0, Sum: 0, Workers: 4
[7692.246s][debug][gc,phases      ] GC(209)   StringDedup Table Weak         Min:  0.0, Avg:  0.0, Max:  0.0, Diff:  0.0, Sum:  0.0, Workers: 4
[7692.246s][debug][gc,phases      ] GC(209)     Dead                           Min: 0, Avg:  0.0, Max: 0, Diff: 0, Sum: 0, Workers: 4
[7692.246s][debug][gc,phases      ] GC(209)     Total                          Min: 0, Avg:  0.0, Max: 0, Diff: 0, Sum: 0, Workers: 4
[7692.246s][debug][gc,phases      ] GC(209)   StringDedup Requests0 Weak     Min:  0.0, Avg:  0.0, Max:  0.0, Diff:  0.0, Sum:  0.0, Workers: 4
[7692.246s][debug][gc,phases      ] GC(209)     Dead                           Min: 0, Avg:  0.0, Max: 0, Diff: 0, Sum: 0, Workers: 4
[7692.246s][debug][gc,phases      ] GC(209)     Total                          Min: 0, Avg:  0.0, Max: 0, Diff: 0, Sum: 0, Workers: 4
[7692.246s][debug][gc,phases      ] GC(209)   StringDedup Requests1 Weak     Min:  0.0, Avg:  0.0, Max:  0.0, Diff:  0.0, Sum:  0.0, Workers: 4
[7692.246s][debug][gc,phases      ] GC(209)     Dead                           Min: 0, Avg:  0.0, Max: 0, Diff: 0, Sum: 0, Workers: 4
[7692.246s][debug][gc,phases      ] GC(209)     Total                          Min: 0, Avg:  0.0, Max: 0, Diff: 0, Sum: 0, Workers: 4
[7692.246s][debug][gc,phases      ] GC(209)   Weak JFR Old Object Samples    Min:  0.0, Avg:  0.0, Max:  0.0, Diff:  0.0, Sum:  0.0, Workers: 4
[7692.246s][debug][gc,phases      ] GC(209)     Dead                           Min: 0, Avg:  0.0, Max: 0, Diff: 0, Sum: 0, Workers: 4
[7692.246s][debug][gc,phases      ] GC(209)     Total                          Min: 0, Avg:  0.0, Max: 0, Diff: 0, Sum: 0, Workers: 4
[7692.246s][debug][gc,phases      ] GC(209) Weak Processing 0.331ms
[7692.246s][debug][gc,age         ] GC(209) Desired survivor size 33554432 bytes, new threshold 15 (max threshold 15)
[7692.246s][info ][gc,heap        ] GC(209) PSYoungGen: 2033760K(2063360K)->4656K(2062848K) Eden: 2029056K(2029056K)->0K(2029056K) From: 4704K(34304K)->4656K(33792K)
[7692.246s][info ][gc,heap        ] GC(209) ParOldGen: 595133K(678400K)->595293K(678400K)
[7692.246s][info ][gc,metaspace   ] GC(209) Metaspace: 84191K(85056K)->84191K(85056K) NonClass: 72514K(72960K)->72514K(72960K) Class: 11676K(12096K)->11676K(12096K)
[7692.246s][info ][gc             ] GC(209) Pause Young (Allocation Failure) 2567M->585M(2677M) 3.351ms
[7692.246s][info ][gc,cpu         ] GC(209) User=0.01s Sys=0.00s Real=0.01s
[7692.246s][info ][safepoint      ] Safepoint "ParallelGCFailedAllocation", Time since last: 81189258313 ns, Reaching safepoint: 42100 ns, At safepoint: 3432369 ns, Total: 3474469 ns
[7696.247s][info ][safepoint      ] Safepoint "Cleanup", Time since last: 4000311438 ns, Reaching safepoint: 113202 ns, At safepoint: 5600 ns, Total: 118802 ns
[7750.251s][info ][safepoint      ] Safepoint "Cleanup", Time since last: 54003729925 ns, Reaching safepoint: 53201 ns, At safepoint: 36501 ns, Total: 89702 ns
[7774.252s][info ][safepoint      ] Safepoint "Cleanup", Time since last: 24001647894 ns, Reaching safepoint: 50801 ns, At safepoint: 30901 ns, Total: 81702 ns
[7778.595s][info ][gc,start       ] GC(210) Pause Young (Allocation Failure)
[7778.598s][debug][gc,phases      ] GC(210) Scavenge 3.364ms
[7778.598s][debug][gc,ref         ] GC(210) Skipped phase 1 of Reference Processing: no references
[7778.599s][debug][gc,ref         ] GC(210) ReferenceProcessor::execute queues: 1, RefProcThreadModel::Single, marks_oops_alive: false
[7778.599s][debug][gc,ref         ] GC(210) Skipped phase 3 of Reference Processing: no references
[7778.599s][debug][gc,ref         ] GC(210) ReferenceProcessor::execute queues: 1, RefProcThreadModel::Single, marks_oops_alive: false
[7778.599s][debug][gc,phases      ] GC(210) Reference Processing 0.148ms
[7778.599s][debug][gc,phases      ] GC(210)   VM Weak                        Min:  0.0, Avg:  0.0, Max:  0.0, Diff:  0.0, Sum:  0.0, Workers: 4
[7778.599s][debug][gc,phases      ] GC(210)     Dead                           Min: 0, Avg:  0.0, Max: 0, Diff: 0, Sum: 0, Workers: 4
[7778.599s][debug][gc,phases      ] GC(210)     Total                          Min: 0, Avg: 143.8, Max: 318, Diff: 318, Sum: 575, Workers: 4
[7778.599s][debug][gc,phases      ] GC(210)   ObjectSynchronizer Weak        Min:  0.0, Avg:  0.0, Max:  0.0, Diff:  0.0, Sum:  0.0, Workers: 4
[7778.599s][debug][gc,phases      ] GC(210)     Dead                           Min: 0, Avg:  0.0, Max: 0, Diff: 0, Sum: 0, Workers: 4
[7778.599s][debug][gc,phases      ] GC(210)     Total                          Min: 64, Avg: 96.2, Max: 128, Diff: 64, Sum: 385, Workers: 4
[7778.599s][debug][gc,phases      ] GC(210)   JVMTI Tag Weak OopStorage      Min:  0.0, Avg:  0.0, Max:  0.0, Diff:  0.0, Sum:  0.0, Workers: 4
[7778.599s][debug][gc,phases      ] GC(210)     Dead                           Min: 0, Avg:  0.0, Max: 0, Diff: 0, Sum: 0, Workers: 4
[7778.599s][debug][gc,phases      ] GC(210)     Total                          Min: 0, Avg:  0.0, Max: 0, Diff: 0, Sum: 0, Workers: 4
[7778.599s][debug][gc,phases      ] GC(210)   StringTable Weak               Min:  0.1, Avg:  0.1, Max:  0.1, Diff:  0.0, Sum:  0.5, Workers: 4
[7778.599s][debug][gc,phases      ] GC(210)     Dead                           Min: 0, Avg:  0.0, Max: 0, Diff: 0, Sum: 0, Workers: 4
[7778.599s][debug][gc,phases      ] GC(210)     Total                          Min: 11968, Avg: 12183.0, Max: 12480, Diff: 512, Sum: 48732, Workers: 4
[7778.599s][debug][gc,phases      ] GC(210)   ResolvedMethodTable Weak       Min:  0.0, Avg:  0.0, Max:  0.0, Diff:  0.0, Sum:  0.1, Workers: 4
[7778.599s][debug][gc,phases      ] GC(210)     Dead                           Min: 0, Avg:  0.0, Max: 0, Diff: 0, Sum: 0, Workers: 4
[7778.599s][debug][gc,phases      ] GC(210)     Total                          Min: 1984, Avg: 2078.5, Max: 2240, Diff: 256, Sum: 8314, Workers: 4
[7778.599s][debug][gc,phases      ] GC(210)   JNI Weak                       Min:  0.0, Avg:  0.0, Max:  0.0, Diff:  0.0, Sum:  0.0, Workers: 4
[7778.599s][debug][gc,phases      ] GC(210)     Dead                           Min: 0, Avg:  0.0, Max: 0, Diff: 0, Sum: 0, Workers: 4
[7778.599s][debug][gc,phases      ] GC(210)     Total                          Min: 0, Avg:  0.0, Max: 0, Diff: 0, Sum: 0, Workers: 4
[7778.599s][debug][gc,phases      ] GC(210)   StringDedup Table Weak         Min:  0.0, Avg:  0.0, Max:  0.0, Diff:  0.0, Sum:  0.0, Workers: 4
[7778.599s][debug][gc,phases      ] GC(210)     Dead                           Min: 0, Avg:  0.0, Max: 0, Diff: 0, Sum: 0, Workers: 4
[7778.599s][debug][gc,phases      ] GC(210)     Total                          Min: 0, Avg:  0.0, Max: 0, Diff: 0, Sum: 0, Workers: 4
[7778.599s][debug][gc,phases      ] GC(210)   StringDedup Requests0 Weak     Min:  0.0, Avg:  0.0, Max:  0.0, Diff:  0.0, Sum:  0.0, Workers: 4
[7778.599s][debug][gc,phases      ] GC(210)     Dead                           Min: 0, Avg:  0.0, Max: 0, Diff: 0, Sum: 0, Workers: 4
[7778.599s][debug][gc,phases      ] GC(210)     Total                          Min: 0, Avg:  0.0, Max: 0, Diff: 0, Sum: 0, Workers: 4
[7778.599s][debug][gc,phases      ] GC(210)   StringDedup Requests1 Weak     Min:  0.0, Avg:  0.0, Max:  0.0, Diff:  0.0, Sum:  0.0, Workers: 4
[7778.599s][debug][gc,phases      ] GC(210)     Dead                           Min: 0, Avg:  0.0, Max: 0, Diff: 0, Sum: 0, Workers: 4
[7778.599s][debug][gc,phases      ] GC(210)     Total                          Min: 0, Avg:  0.0, Max: 0, Diff: 0, Sum: 0, Workers: 4
[7778.599s][debug][gc,phases      ] GC(210)   Weak JFR Old Object Samples    Min:  0.0, Avg:  0.0, Max:  0.0, Diff:  0.0, Sum:  0.0, Workers: 4
[7778.599s][debug][gc,phases      ] GC(210)     Dead                           Min: 0, Avg:  0.0, Max: 0, Diff: 0, Sum: 0, Workers: 4
[7778.599s][debug][gc,phases      ] GC(210)     Total                          Min: 0, Avg:  0.0, Max: 0, Diff: 0, Sum: 0, Workers: 4
[7778.599s][debug][gc,phases      ] GC(210) Weak Processing 0.328ms
[7778.599s][debug][gc,age         ] GC(210) Desired survivor size 32505856 bytes, new threshold 15 (max threshold 15)
[7778.599s][info ][gc,heap        ] GC(210) PSYoungGen: 2033712K(2062848K)->4656K(2065408K) Eden: 2029056K(2029056K)->0K(2032640K) From: 4656K(33792K)->4656K(32768K)
[7778.599s][info ][gc,heap        ] GC(210) ParOldGen: 595293K(678400K)->595317K(678400K)
[7778.599s][info ][gc,metaspace   ] GC(210) Metaspace: 84192K(85056K)->84192K(85056K) NonClass: 72516K(72960K)->72516K(72960K) Class: 11676K(12096K)->11676K(12096K)
[7778.599s][info ][gc             ] GC(210) Pause Young (Allocation Failure) 2567M->585M(2679M) 3.957ms
[7778.599s][info ][gc,cpu         ] GC(210) User=0.02s Sys=0.00s Real=0.00s
[7778.599s][info ][safepoint      ] Safepoint "ParallelGCFailedAllocation", Time since last: 4342452451 ns, Reaching safepoint: 121603 ns, At safepoint: 4041680 ns, Total: 4163283 ns
[7779.599s][info ][safepoint      ] Safepoint "Cleanup", Time since last: 1000055633 ns, Reaching safepoint: 128102 ns, At safepoint: 8300 ns, Total: 136402 ns
[7783.600s][info ][safepoint      ] Safepoint "Cleanup", Time since last: 4000307232 ns, Reaching safepoint: 124903 ns, At safepoint: 10400 ns, Total: 135303 ns
[7791.600s][info ][safepoint      ] Safepoint "Cleanup", Time since last: 8000652663 ns, Reaching safepoint: 81102 ns, At safepoint: 8800 ns, Total: 89902 ns
[7833.603s][info ][safepoint      ] Safepoint "Cleanup", Time since last: 42002706753 ns, Reaching safepoint: 52401 ns, At safepoint: 8200 ns, Total: 60601 ns
[7866.493s][info ][gc,start       ] GC(211) Pause Young (Allocation Failure)
[7866.496s][debug][gc,phases      ] GC(211) Scavenge 2.908ms
[7866.496s][debug][gc,ref         ] GC(211) Skipped phase 1 of Reference Processing: no references
[7866.496s][debug][gc,ref         ] GC(211) ReferenceProcessor::execute queues: 1, RefProcThreadModel::Single, marks_oops_alive: false
[7866.496s][debug][gc,ref         ] GC(211) Skipped phase 3 of Reference Processing: no references
[7866.496s][debug][gc,ref         ] GC(211) ReferenceProcessor::execute queues: 1, RefProcThreadModel::Single, marks_oops_alive: false
[7866.496s][debug][gc,phases      ] GC(211) Reference Processing 0.126ms
[7866.496s][debug][gc,phases      ] GC(211)   VM Weak                        Min:  0.0, Avg:  0.0, Max:  0.0, Diff:  0.0, Sum:  0.0, Workers: 4
[7866.496s][debug][gc,phases      ] GC(211)     Dead                           Min: 0, Avg:  0.0, Max: 0, Diff: 0, Sum: 0, Workers: 4
[7866.496s][debug][gc,phases      ] GC(211)     Total                          Min: 0, Avg: 143.8, Max: 314, Diff: 314, Sum: 575, Workers: 4
[7866.496s][debug][gc,phases      ] GC(211)   ObjectSynchronizer Weak        Min:  0.0, Avg:  0.0, Max:  0.0, Diff:  0.0, Sum:  0.0, Workers: 4
[7866.496s][debug][gc,phases      ] GC(211)     Dead                           Min: 0, Avg:  0.0, Max: 0, Diff: 0, Sum: 0, Workers: 4
[7866.496s][debug][gc,phases      ] GC(211)     Total                          Min: 0, Avg: 96.2, Max: 193, Diff: 193, Sum: 385, Workers: 4
[7866.496s][debug][gc,phases      ] GC(211)   JVMTI Tag Weak OopStorage      Min:  0.0, Avg:  0.0, Max:  0.0, Diff:  0.0, Sum:  0.0, Workers: 4
[7866.496s][debug][gc,phases      ] GC(211)     Dead                           Min: 0, Avg:  0.0, Max: 0, Diff: 0, Sum: 0, Workers: 4
[7866.496s][debug][gc,phases      ] GC(211)     Total                          Min: 0, Avg:  0.0, Max: 0, Diff: 0, Sum: 0, Workers: 4
[7866.496s][debug][gc,phases      ] GC(211)   StringTable Weak               Min:  0.1, Avg:  0.1, Max:  0.1, Diff:  0.0, Sum:  0.4, Workers: 4
[7866.496s][debug][gc,phases      ] GC(211)     Dead                           Min: 0, Avg:  0.0, Max: 0, Diff: 0, Sum: 0, Workers: 4
[7866.496s][debug][gc,phases      ] GC(211)     Total                          Min: 11328, Avg: 12183.0, Max: 13020, Diff: 1692, Sum: 48732, Workers: 4
[7866.496s][debug][gc,phases      ] GC(211)   ResolvedMethodTable Weak       Min:  0.0, Avg:  0.0, Max:  0.0, Diff:  0.0, Sum:  0.1, Workers: 4
[7866.496s][debug][gc,phases      ] GC(211)     Dead                           Min: 0, Avg:  0.0, Max: 0, Diff: 0, Sum: 0, Workers: 4
[7866.496s][debug][gc,phases      ] GC(211)     Total                          Min: 1914, Avg: 2078.5, Max: 2304, Diff: 390, Sum: 8314, Workers: 4
[7866.496s][debug][gc,phases      ] GC(211)   JNI Weak                       Min:  0.0, Avg:  0.0, Max:  0.0, Diff:  0.0, Sum:  0.0, Workers: 4
[7866.496s][debug][gc,phases      ] GC(211)     Dead                           Min: 0, Avg:  0.0, Max: 0, Diff: 0, Sum: 0, Workers: 4
[7866.496s][debug][gc,phases      ] GC(211)     Total                          Min: 0, Avg:  0.0, Max: 0, Diff: 0, Sum: 0, Workers: 4
[7866.496s][debug][gc,phases      ] GC(211)   StringDedup Table Weak         Min:  0.0, Avg:  0.0, Max:  0.0, Diff:  0.0, Sum:  0.0, Workers: 4
[7866.496s][debug][gc,phases      ] GC(211)     Dead                           Min: 0, Avg:  0.0, Max: 0, Diff: 0, Sum: 0, Workers: 4
[7866.496s][debug][gc,phases      ] GC(211)     Total                          Min: 0, Avg:  0.0, Max: 0, Diff: 0, Sum: 0, Workers: 4
[7866.496s][debug][gc,phases      ] GC(211)   StringDedup Requests0 Weak     Min:  0.0, Avg:  0.0, Max:  0.0, Diff:  0.0, Sum:  0.0, Workers: 4
[7866.496s][debug][gc,phases      ] GC(211)     Dead                           Min: 0, Avg:  0.0, Max: 0, Diff: 0, Sum: 0, Workers: 4
[7866.496s][debug][gc,phases      ] GC(211)     Total                          Min: 0, Avg:  0.0, Max: 0, Diff: 0, Sum: 0, Workers: 4
[7866.496s][debug][gc,phases      ] GC(211)   StringDedup Requests1 Weak     Min:  0.0, Avg:  0.0, Max:  0.0, Diff:  0.0, Sum:  0.0, Workers: 4
[7866.497s][debug][gc,phases      ] GC(211)     Dead                           Min: 0, Avg:  0.0, Max: 0, Diff: 0, Sum: 0, Workers: 4
[7866.497s][debug][gc,phases      ] GC(211)     Total                          Min: 0, Avg:  0.0, Max: 0, Diff: 0, Sum: 0, Workers: 4
[7866.497s][debug][gc,phases      ] GC(211)   Weak JFR Old Object Samples    Min:  0.0, Avg:  0.0, Max:  0.0, Diff:  0.0, Sum:  0.0, Workers: 4
[7866.497s][debug][gc,phases      ] GC(211)     Dead                           Min: 0, Avg:  0.0, Max: 0, Diff: 0, Sum: 0, Workers: 4
[7866.497s][debug][gc,phases      ] GC(211)     Total                          Min: 0, Avg:  0.0, Max: 0, Diff: 0, Sum: 0, Workers: 4
[7866.497s][debug][gc,phases      ] GC(211) Weak Processing 0.326ms
[7866.497s][debug][gc,age         ] GC(211) Desired survivor size 31457280 bytes, new threshold 15 (max threshold 15)
[7866.497s][info ][gc,heap        ] GC(211) PSYoungGen: 2037296K(2065408K)->4736K(2064384K) Eden: 2032640K(2032640K)->0K(2032640K) From: 4656K(32768K)->4736K(31744K)
[7866.497s][info ][gc,heap        ] GC(211) ParOldGen: 595317K(678400K)->595349K(678400K)
[7866.497s][info ][gc,metaspace   ] GC(211) Metaspace: 84194K(85056K)->84194K(85056K) NonClass: 72518K(72960K)->72518K(72960K) Class: 11676K(12096K)->11676K(12096K)
[7866.497s][info ][gc             ] GC(211) Pause Young (Allocation Failure) 2570M->586M(2678M) 3.488ms
[7866.497s][info ][gc,cpu         ] GC(211) User=0.01s Sys=0.00s Real=0.00s
[7866.497s][info ][safepoint      ] Safepoint "ParallelGCFailedAllocation", Time since last: 32889815206 ns, Reaching safepoint: 42300 ns, At safepoint: 3589972 ns, Total: 3632272 ns
[7879.498s][info ][safepoint      ] Safepoint "Cleanup", Time since last: 13000866008 ns, Reaching safepoint: 115202 ns, At safepoint: 8000 ns, Total: 123202 ns
[7957.503s][info ][safepoint      ] Safepoint "Cleanup", Time since last: 78005139400 ns, Reaching safepoint: 47201 ns, At safepoint: 7400 ns, Total: 54601 ns
[7961.197s][info ][gc,start       ] GC(212) Pause Young (Allocation Failure)
[7961.204s][debug][gc,phases      ] GC(212) Scavenge 6.132ms
[7961.204s][debug][gc,ref         ] GC(212) Skipped phase 1 of Reference Processing: no references
[7961.204s][debug][gc,ref         ] GC(212) ReferenceProcessor::execute queues: 1, RefProcThreadModel::Single, marks_oops_alive: false
[7961.204s][debug][gc,ref         ] GC(212) Skipped phase 3 of Reference Processing: no references
[7961.204s][debug][gc,ref         ] GC(212) ReferenceProcessor::execute queues: 1, RefProcThreadModel::Single, marks_oops_alive: false
[7961.204s][debug][gc,phases      ] GC(212) Reference Processing 0.164ms
[7961.204s][debug][gc,phases      ] GC(212)   VM Weak                        Min:  0.0, Avg:  0.0, Max:  0.0, Diff:  0.0, Sum:  0.0, Workers: 4
[7961.204s][debug][gc,phases      ] GC(212)     Dead                           Min: 0, Avg:  0.0, Max: 0, Diff: 0, Sum: 0, Workers: 4
[7961.204s][debug][gc,phases      ] GC(212)     Total                          Min: 0, Avg: 143.8, Max: 516, Diff: 516, Sum: 575, Workers: 4
[7961.204s][debug][gc,phases      ] GC(212)   ObjectSynchronizer Weak        Min:  0.0, Avg:  0.0, Max:  0.0, Diff:  0.0, Sum:  0.0, Workers: 4
[7961.204s][debug][gc,phases      ] GC(212)     Dead                           Min: 0, Avg:  0.0, Max: 0, Diff: 0, Sum: 0, Workers: 4
[7961.204s][debug][gc,phases      ] GC(212)     Total                          Min: 0, Avg: 96.2, Max: 193, Diff: 193, Sum: 385, Workers: 4
[7961.204s][debug][gc,phases      ] GC(212)   JVMTI Tag Weak OopStorage      Min:  0.0, Avg:  0.0, Max:  0.0, Diff:  0.0, Sum:  0.0, Workers: 4
[7961.204s][debug][gc,phases      ] GC(212)     Dead                           Min: 0, Avg:  0.0, Max: 0, Diff: 0, Sum: 0, Workers: 4
[7961.204s][debug][gc,phases      ] GC(212)     Total                          Min: 0, Avg:  0.0, Max: 0, Diff: 0, Sum: 0, Workers: 4
[7961.204s][debug][gc,phases      ] GC(212)   StringTable Weak               Min:  0.0, Avg:  0.1, Max:  0.2, Diff:  0.2, Sum:  0.4, Workers: 4
[7961.204s][debug][gc,phases      ] GC(212)     Dead                           Min: 0, Avg:  0.0, Max: 0, Diff: 0, Sum: 0, Workers: 4
[7961.204s][debug][gc,phases      ] GC(212)     Total                          Min: 0, Avg: 12183.0, Max: 24640, Diff: 24640, Sum: 48732, Workers: 4
[7961.204s][debug][gc,phases      ] GC(212)   ResolvedMethodTable Weak       Min:  0.0, Avg:  0.0, Max:  0.0, Diff:  0.0, Sum:  0.1, Workers: 4
[7961.204s][debug][gc,phases      ] GC(212)     Dead                           Min: 0, Avg:  0.0, Max: 0, Diff: 0, Sum: 0, Workers: 4
[7961.204s][debug][gc,phases      ] GC(212)     Total                          Min: 0, Avg: 2078.5, Max: 4160, Diff: 4160, Sum: 8314, Workers: 4
[7961.204s][debug][gc,phases      ] GC(212)   JNI Weak                       Min:  0.0, Avg:  0.0, Max:  0.0, Diff:  0.0, Sum:  0.0, Workers: 4
[7961.204s][debug][gc,phases      ] GC(212)     Dead                           Min: 0, Avg:  0.0, Max: 0, Diff: 0, Sum: 0, Workers: 4
[7961.204s][debug][gc,phases      ] GC(212)     Total                          Min: 0, Avg:  0.0, Max: 0, Diff: 0, Sum: 0, Workers: 4
[7961.204s][debug][gc,phases      ] GC(212)   StringDedup Table Weak         Min:  0.0, Avg:  0.0, Max:  0.0, Diff:  0.0, Sum:  0.0, Workers: 4
[7961.204s][debug][gc,phases      ] GC(212)     Dead                           Min: 0, Avg:  0.0, Max: 0, Diff: 0, Sum: 0, Workers: 4
[7961.204s][debug][gc,phases      ] GC(212)     Total                          Min: 0, Avg:  0.0, Max: 0, Diff: 0, Sum: 0, Workers: 4
[7961.204s][debug][gc,phases      ] GC(212)   StringDedup Requests0 Weak     Min:  0.0, Avg:  0.0, Max:  0.0, Diff:  0.0, Sum:  0.0, Workers: 4
[7961.204s][debug][gc,phases      ] GC(212)     Dead                           Min: 0, Avg:  0.0, Max: 0, Diff: 0, Sum: 0, Workers: 4
[7961.204s][debug][gc,phases      ] GC(212)     Total                          Min: 0, Avg:  0.0, Max: 0, Diff: 0, Sum: 0, Workers: 4
[7961.204s][debug][gc,phases      ] GC(212)   StringDedup Requests1 Weak     Min:  0.0, Avg:  0.0, Max:  0.0, Diff:  0.0, Sum:  0.0, Workers: 4
[7961.204s][debug][gc,phases      ] GC(212)     Dead                           Min: 0, Avg:  0.0, Max: 0, Diff: 0, Sum: 0, Workers: 4
[7961.204s][debug][gc,phases      ] GC(212)     Total                          Min: 0, Avg:  0.0, Max: 0, Diff: 0, Sum: 0, Workers: 4
[7961.204s][debug][gc,phases      ] GC(212)   Weak JFR Old Object Samples    Min:  0.0, Avg:  0.0, Max:  0.0, Diff:  0.0, Sum:  0.0, Workers: 4
[7961.204s][debug][gc,phases      ] GC(212)     Dead                           Min: 0, Avg:  0.0, Max: 0, Diff: 0, Sum: 0, Workers: 4
[7961.204s][debug][gc,phases      ] GC(212)     Total                          Min: 0, Avg:  0.0, Max: 0, Diff: 0, Sum: 0, Workers: 4
[7961.204s][debug][gc,phases      ] GC(212) Weak Processing 0.466ms
[7961.204s][debug][gc,age         ] GC(212) Desired survivor size 30408704 bytes, new threshold 15 (max threshold 15)
[7961.204s][info ][gc,heap        ] GC(212) PSYoungGen: 2037376K(2064384K)->4960K(2067456K) Eden: 2032640K(2032640K)->0K(2036736K) From: 4736K(31744K)->4960K(30720K)
[7961.204s][info ][gc,heap        ] GC(212) ParOldGen: 595349K(678400K)->595373K(678400K)
[7961.204s][info ][gc,metaspace   ] GC(212) Metaspace: 84203K(85056K)->84203K(85056K) NonClass: 72527K(72960K)->72527K(72960K) Class: 11676K(12096K)->11676K(12096K)
[7961.204s][info ][gc             ] GC(212) Pause Young (Allocation Failure) 2571M->586M(2681M) 6.897ms
[7961.204s][info ][gc,cpu         ] GC(212) User=0.01s Sys=0.00s Real=0.00s
[7961.204s][info ][safepoint      ] Safepoint "ParallelGCFailedAllocation", Time since last: 3694508827 ns, Reaching safepoint: 100302 ns, At safepoint: 6995140 ns, Total: 7095442 ns
[7965.205s][info ][safepoint      ] Safepoint "Cleanup", Time since last: 4000294521 ns, Reaching safepoint: 51401 ns, At safepoint: 9501 ns, Total: 60902 ns
[8011.210s][info ][safepoint      ] Safepoint "Cleanup", Time since last: 46004719411 ns, Reaching safepoint: 110102 ns, At safepoint: 11100 ns, Total: 121202 ns
[8025.211s][info ][safepoint      ] Safepoint "Cleanup", Time since last: 14001068418 ns, Reaching safepoint: 48601 ns, At safepoint: 9600 ns, Total: 58201 ns
[8029.211s][info ][safepoint      ] Safepoint "Cleanup", Time since last: 4000314819 ns, Reaching safepoint: 45701 ns, At safepoint: 9500 ns, Total: 55201 ns
[8030.211s][info ][safepoint      ] Safepoint "Cleanup", Time since last: 1000104130 ns, Reaching safepoint: 45601 ns, At safepoint: 5900 ns, Total: 51501 ns
[8033.212s][info ][safepoint      ] Safepoint "Cleanup", Time since last: 3000279891 ns, Reaching safepoint: 53201 ns, At safepoint: 8900 ns, Total: 62101 ns
[8053.246s][info ][gc,start       ] GC(213) Pause Young (Allocation Failure)
[8053.249s][debug][gc,phases      ] GC(213) Scavenge 2.584ms
[8053.249s][debug][gc,ref         ] GC(213) Skipped phase 1 of Reference Processing: no references
[8053.249s][debug][gc,ref         ] GC(213) ReferenceProcessor::execute queues: 1, RefProcThreadModel::Single, marks_oops_alive: false
[8053.249s][debug][gc,ref         ] GC(213) Skipped phase 3 of Reference Processing: no references
[8053.249s][debug][gc,ref         ] GC(213) ReferenceProcessor::execute queues: 1, RefProcThreadModel::Single, marks_oops_alive: false
[8053.249s][debug][gc,phases      ] GC(213) Reference Processing 0.129ms
[8053.249s][debug][gc,phases      ] GC(213)   VM Weak                        Min:  0.0, Avg:  0.0, Max:  0.0, Diff:  0.0, Sum:  0.0, Workers: 4
[8053.249s][debug][gc,phases      ] GC(213)     Dead                           Min: 0, Avg:  0.0, Max: 0, Diff: 0, Sum: 0, Workers: 4
[8053.249s][debug][gc,phases      ] GC(213)     Total                          Min: 0, Avg: 143.8, Max: 357, Diff: 357, Sum: 575, Workers: 4
[8053.249s][debug][gc,phases      ] GC(213)   ObjectSynchronizer Weak        Min:  0.0, Avg:  0.0, Max:  0.0, Diff:  0.0, Sum:  0.0, Workers: 4
[8053.249s][debug][gc,phases      ] GC(213)     Dead                           Min: 0, Avg:  0.0, Max: 0, Diff: 0, Sum: 0, Workers: 4
[8053.249s][debug][gc,phases      ] GC(213)     Total                          Min: 0, Avg: 96.2, Max: 192, Diff: 192, Sum: 385, Workers: 4
[8053.249s][debug][gc,phases      ] GC(213)   JVMTI Tag Weak OopStorage      Min:  0.0, Avg:  0.0, Max:  0.0, Diff:  0.0, Sum:  0.0, Workers: 4
[8053.249s][debug][gc,phases      ] GC(213)     Dead                           Min: 0, Avg:  0.0, Max: 0, Diff: 0, Sum: 0, Workers: 4
[8053.249s][debug][gc,phases      ] GC(213)     Total                          Min: 0, Avg:  0.0, Max: 0, Diff: 0, Sum: 0, Workers: 4
[8053.249s][debug][gc,phases      ] GC(213)   StringTable Weak               Min:  0.1, Avg:  0.1, Max:  0.1, Diff:  0.0, Sum:  0.5, Workers: 4
[8053.249s][debug][gc,phases      ] GC(213)     Dead                           Min: 0, Avg:  0.0, Max: 0, Diff: 0, Sum: 0, Workers: 4
[8053.249s][debug][gc,phases      ] GC(213)     Total                          Min: 11614, Avg: 12183.5, Max: 13376, Diff: 1762, Sum: 48734, Workers: 4
[8053.249s][debug][gc,phases      ] GC(213)   ResolvedMethodTable Weak       Min:  0.0, Avg:  0.0, Max:  0.0, Diff:  0.0, Sum:  0.1, Workers: 4
[8053.249s][debug][gc,phases      ] GC(213)     Dead                           Min: 0, Avg:  0.0, Max: 0, Diff: 0, Sum: 0, Workers: 4
[8053.249s][debug][gc,phases      ] GC(213)     Total                          Min: 1984, Avg: 2079.0, Max: 2304, Diff: 320, Sum: 8316, Workers: 4
[8053.249s][debug][gc,phases      ] GC(213)   JNI Weak                       Min:  0.0, Avg:  0.0, Max:  0.0, Diff:  0.0, Sum:  0.0, Workers: 4
[8053.249s][debug][gc,phases      ] GC(213)     Dead                           Min: 0, Avg:  0.0, Max: 0, Diff: 0, Sum: 0, Workers: 4
[8053.249s][debug][gc,phases      ] GC(213)     Total                          Min: 0, Avg:  0.0, Max: 0, Diff: 0, Sum: 0, Workers: 4
[8053.249s][debug][gc,phases      ] GC(213)   StringDedup Table Weak         Min:  0.0, Avg:  0.0, Max:  0.0, Diff:  0.0, Sum:  0.0, Workers: 4
[8053.249s][debug][gc,phases      ] GC(213)     Dead                           Min: 0, Avg:  0.0, Max: 0, Diff: 0, Sum: 0, Workers: 4
[8053.249s][debug][gc,phases      ] GC(213)     Total                          Min: 0, Avg:  0.0, Max: 0, Diff: 0, Sum: 0, Workers: 4
[8053.249s][debug][gc,phases      ] GC(213)   StringDedup Requests0 Weak     Min:  0.0, Avg:  0.0, Max:  0.0, Diff:  0.0, Sum:  0.0, Workers: 4
[8053.249s][debug][gc,phases      ] GC(213)     Dead                           Min: 0, Avg:  0.0, Max: 0, Diff: 0, Sum: 0, Workers: 4
[8053.249s][debug][gc,phases      ] GC(213)     Total                          Min: 0, Avg:  0.0, Max: 0, Diff: 0, Sum: 0, Workers: 4
[8053.249s][debug][gc,phases      ] GC(213)   StringDedup Requests1 Weak     Min:  0.0, Avg:  0.0, Max:  0.0, Diff:  0.0, Sum:  0.0, Workers: 4
[8053.249s][debug][gc,phases      ] GC(213)     Dead                           Min: 0, Avg:  0.0, Max: 0, Diff: 0, Sum: 0, Workers: 4
[8053.249s][debug][gc,phases      ] GC(213)     Total                          Min: 0, Avg:  0.0, Max: 0, Diff: 0, Sum: 0, Workers: 4
[8053.249s][debug][gc,phases      ] GC(213)   Weak JFR Old Object Samples    Min:  0.0, Avg:  0.0, Max:  0.0, Diff:  0.0, Sum:  0.0, Workers: 4
[8053.249s][debug][gc,phases      ] GC(213)     Dead                           Min: 0, Avg:  0.0, Max: 0, Diff: 0, Sum: 0, Workers: 4
[8053.249s][debug][gc,phases      ] GC(213)     Total                          Min: 0, Avg:  0.0, Max: 0, Diff: 0, Sum: 0, Workers: 4
[8053.249s][debug][gc,phases      ] GC(213) Weak Processing 0.346ms
[8053.249s][debug][gc,age         ] GC(213) Desired survivor size 28835840 bytes, new threshold 15 (max threshold 15)
[8053.249s][info ][gc,heap        ] GC(213) PSYoungGen: 2041696K(2067456K)->4768K(2066432K) Eden: 2036736K(2036736K)->0K(2036736K) From: 4960K(30720K)->4768K(29696K)
[8053.249s][info ][gc,heap        ] GC(213) ParOldGen: 595373K(678400K)->595389K(678400K)
[8053.249s][info ][gc,metaspace   ] GC(213) Metaspace: 84216K(85056K)->84216K(85056K) NonClass: 72539K(72960K)->72539K(72960K) Class: 11677K(12096K)->11677K(12096K)
[8053.249s][info ][gc             ] GC(213) Pause Young (Allocation Failure) 2575M->586M(2680M) 3.183ms
[8053.249s][info ][gc,cpu         ] GC(213) User=0.01s Sys=0.00s Real=0.00s
[8053.249s][info ][safepoint      ] Safepoint "ParallelGCFailedAllocation", Time since last: 20034202443 ns, Reaching safepoint: 119802 ns, At safepoint: 3283265 ns, Total: 3403067 ns
[8073.048s][info ][safepoint      ] Safepoint "Cleanup", Time since last: 19798476442 ns, Reaching safepoint: 33901 ns, At safepoint: 8500 ns, Total: 42401 ns
[8074.048s][info ][safepoint      ] Safepoint "Cleanup", Time since last: 1000120330 ns, Reaching safepoint: 113202 ns, At safepoint: 8000 ns, Total: 121202 ns
[8075.048s][info ][safepoint      ] Safepoint "Cleanup", Time since last: 1000085030 ns, Reaching safepoint: 127202 ns, At safepoint: 8001 ns, Total: 135203 ns
[8076.048s][info ][safepoint      ] Safepoint "Cleanup", Time since last: 1000113030 ns, Reaching safepoint: 126002 ns, At safepoint: 12200 ns, Total: 138202 ns
[8077.049s][info ][safepoint      ] Safepoint "Cleanup", Time since last: 1000115730 ns, Reaching safepoint: 123203 ns, At safepoint: 9900 ns, Total: 133103 ns
[8078.049s][info ][safepoint      ] Safepoint "Cleanup", Time since last: 1000107630 ns, Reaching safepoint: 116002 ns, At safepoint: 7000 ns, Total: 123002 ns
[8080.049s][info ][safepoint      ] Safepoint "Cleanup", Time since last: 2000226060 ns, Reaching safepoint: 133203 ns, At safepoint: 10100 ns, Total: 143303 ns
[8083.050s][info ][safepoint      ] Safepoint "Cleanup", Time since last: 3000288689 ns, Reaching safepoint: 39901 ns, At safepoint: 3900 ns, Total: 43801 ns
[8085.050s][info ][safepoint      ] Safepoint "Cleanup", Time since last: 2000218660 ns, Reaching safepoint: 114802 ns, At safepoint: 10700 ns, Total: 125502 ns
[8086.050s][info ][safepoint      ] Safepoint "Cleanup", Time since last: 1000106630 ns, Reaching safepoint: 42801 ns, At safepoint: 2800 ns, Total: 45601 ns
[8087.050s][info ][safepoint      ] Safepoint "Cleanup", Time since last: 1000132930 ns, Reaching safepoint: 41901 ns, At safepoint: 3900 ns, Total: 45801 ns
[8090.051s][info ][safepoint      ] Safepoint "Cleanup", Time since last: 3000268388 ns, Reaching safepoint: 54901 ns, At safepoint: 4300 ns, Total: 59201 ns
[8091.051s][info ][safepoint      ] Safepoint "Cleanup", Time since last: 1000115230 ns, Reaching safepoint: 40401 ns, At safepoint: 3400 ns, Total: 43801 ns
[8097.051s][info ][safepoint      ] Safepoint "Cleanup", Time since last: 6000433374 ns, Reaching safepoint: 65802 ns, At safepoint: 13200 ns, Total: 79002 ns
[8102.052s][info ][safepoint      ] Safepoint "Cleanup", Time since last: 5000398146 ns, Reaching safepoint: 44100 ns, At safepoint: 2600 ns, Total: 46700 ns
[8105.052s][info ][safepoint      ] Safepoint "Cleanup", Time since last: 3000287489 ns, Reaching safepoint: 58901 ns, At safepoint: 11500 ns, Total: 70401 ns
[8107.052s][info ][safepoint      ] Safepoint "Cleanup", Time since last: 2000197759 ns, Reaching safepoint: 53101 ns, At safepoint: 2800 ns, Total: 55901 ns
[8108.053s][info ][safepoint      ] Safepoint "Cleanup", Time since last: 1000110430 ns, Reaching safepoint: 51301 ns, At safepoint: 2500 ns, Total: 53801 ns
[8109.053s][info ][safepoint      ] Safepoint "Cleanup", Time since last: 1000105129 ns, Reaching safepoint: 50501 ns, At safepoint: 2500 ns, Total: 53001 ns
[8133.055s][info ][safepoint      ] Safepoint "Cleanup", Time since last: 24001825793 ns, Reaching safepoint: 50301 ns, At safepoint: 16601 ns, Total: 66902 ns
[8138.581s][info ][gc,start       ] GC(214) Pause Young (Allocation Failure)
[8138.584s][debug][gc,phases      ] GC(214) Scavenge 3.166ms
[8138.584s][debug][gc,ref         ] GC(214) Skipped phase 1 of Reference Processing: no references
[8138.585s][debug][gc,ref         ] GC(214) ReferenceProcessor::execute queues: 1, RefProcThreadModel::Single, marks_oops_alive: false
[8138.585s][debug][gc,ref         ] GC(214) Skipped phase 3 of Reference Processing: no references
[8138.585s][debug][gc,ref         ] GC(214) ReferenceProcessor::execute queues: 1, RefProcThreadModel::Single, marks_oops_alive: false
[8138.585s][debug][gc,phases      ] GC(214) Reference Processing 0.151ms
[8138.585s][debug][gc,phases      ] GC(214)   VM Weak                        Min:  0.0, Avg:  0.0, Max:  0.0, Diff:  0.0, Sum:  0.0, Workers: 4
[8138.585s][debug][gc,phases      ] GC(214)     Dead                           Min: 0, Avg:  0.0, Max: 0, Diff: 0, Sum: 0, Workers: 4
[8138.585s][debug][gc,phases      ] GC(214)     Total                          Min: 0, Avg: 143.8, Max: 351, Diff: 351, Sum: 575, Workers: 4
[8138.585s][debug][gc,phases      ] GC(214)   ObjectSynchronizer Weak        Min:  0.0, Avg:  0.0, Max:  0.0, Diff:  0.0, Sum:  0.0, Workers: 4
[8138.585s][debug][gc,phases      ] GC(214)     Dead                           Min: 0, Avg:  0.0, Max: 0, Diff: 0, Sum: 0, Workers: 4
[8138.585s][debug][gc,phases      ] GC(214)     Total                          Min: 0, Avg: 96.2, Max: 129, Diff: 129, Sum: 385, Workers: 4
[8138.585s][debug][gc,phases      ] GC(214)   JVMTI Tag Weak OopStorage      Min:  0.0, Avg:  0.0, Max:  0.0, Diff:  0.0, Sum:  0.0, Workers: 4
[8138.585s][debug][gc,phases      ] GC(214)     Dead                           Min: 0, Avg:  0.0, Max: 0, Diff: 0, Sum: 0, Workers: 4
[8138.585s][debug][gc,phases      ] GC(214)     Total                          Min: 0, Avg:  0.0, Max: 0, Diff: 0, Sum: 0, Workers: 4
[8138.585s][debug][gc,phases      ] GC(214)   StringTable Weak               Min:  0.1, Avg:  0.1, Max:  0.1, Diff:  0.0, Sum:  0.4, Workers: 4
[8138.585s][debug][gc,phases      ] GC(214)     Dead                           Min: 0, Avg:  0.2, Max: 1, Diff: 1, Sum: 1, Workers: 4
[8138.585s][debug][gc,phases      ] GC(214)     Total                          Min: 10880, Avg: 12186.8, Max: 13376, Diff: 2496, Sum: 48747, Workers: 4
[8138.585s][debug][gc,phases      ] GC(214)   ResolvedMethodTable Weak       Min:  0.0, Avg:  0.0, Max:  0.0, Diff:  0.0, Sum:  0.1, Workers: 4
[8138.585s][debug][gc,phases      ] GC(214)     Dead                           Min: 0, Avg:  0.0, Max: 0, Diff: 0, Sum: 0, Workers: 4
[8138.585s][debug][gc,phases      ] GC(214)     Total                          Min: 1920, Avg: 2081.2, Max: 2304, Diff: 384, Sum: 8325, Workers: 4
[8138.585s][debug][gc,phases      ] GC(214)   JNI Weak                       Min:  0.0, Avg:  0.0, Max:  0.0, Diff:  0.0, Sum:  0.0, Workers: 4
[8138.585s][debug][gc,phases      ] GC(214)     Dead                           Min: 0, Avg:  0.0, Max: 0, Diff: 0, Sum: 0, Workers: 4
[8138.585s][debug][gc,phases      ] GC(214)     Total                          Min: 0, Avg:  0.0, Max: 0, Diff: 0, Sum: 0, Workers: 4
[8138.585s][debug][gc,phases      ] GC(214)   StringDedup Table Weak         Min:  0.0, Avg:  0.0, Max:  0.0, Diff:  0.0, Sum:  0.0, Workers: 4
[8138.585s][debug][gc,phases      ] GC(214)     Dead                           Min: 0, Avg:  0.0, Max: 0, Diff: 0, Sum: 0, Workers: 4
[8138.585s][debug][gc,phases      ] GC(214)     Total                          Min: 0, Avg:  0.0, Max: 0, Diff: 0, Sum: 0, Workers: 4
[8138.585s][debug][gc,phases      ] GC(214)   StringDedup Requests0 Weak     Min:  0.0, Avg:  0.0, Max:  0.0, Diff:  0.0, Sum:  0.0, Workers: 4
[8138.585s][debug][gc,phases      ] GC(214)     Dead                           Min: 0, Avg:  0.0, Max: 0, Diff: 0, Sum: 0, Workers: 4
[8138.585s][debug][gc,phases      ] GC(214)     Total                          Min: 0, Avg:  0.0, Max: 0, Diff: 0, Sum: 0, Workers: 4
[8138.585s][debug][gc,phases      ] GC(214)   StringDedup Requests1 Weak     Min:  0.0, Avg:  0.0, Max:  0.0, Diff:  0.0, Sum:  0.0, Workers: 4
[8138.585s][debug][gc,phases      ] GC(214)     Dead                           Min: 0, Avg:  0.0, Max: 0, Diff: 0, Sum: 0, Workers: 4
[8138.585s][debug][gc,phases      ] GC(214)     Total                          Min: 0, Avg:  0.0, Max: 0, Diff: 0, Sum: 0, Workers: 4
[8138.585s][debug][gc,phases      ] GC(214)   Weak JFR Old Object Samples    Min:  0.0, Avg:  0.0, Max:  0.0, Diff:  0.0, Sum:  0.0, Workers: 4
[8138.585s][debug][gc,phases      ] GC(214)     Dead                           Min: 0, Avg:  0.0, Max: 0, Diff: 0, Sum: 0, Workers: 4
[8138.585s][debug][gc,phases      ] GC(214)     Total                          Min: 0, Avg:  0.0, Max: 0, Diff: 0, Sum: 0, Workers: 4
[8138.585s][debug][gc,phases      ] GC(214) Weak Processing 0.387ms
[8138.585s][debug][gc,age         ] GC(214) Desired survivor size 27787264 bytes, new threshold 15 (max threshold 15)
[8138.585s][info ][gc,heap        ] GC(214) PSYoungGen: 2041504K(2066432K)->4992K(2070016K) Eden: 2036736K(2036736K)->0K(2041856K) From: 4768K(29696K)->4992K(28160K)
[8138.585s][info ][gc,heap        ] GC(214) ParOldGen: 595389K(678400K)->595413K(678400K)
[8138.585s][info ][gc,metaspace   ] GC(214) Metaspace: 84271K(85120K)->84271K(85120K) NonClass: 72590K(73024K)->72590K(73024K) Class: 11681K(12096K)->11681K(12096K)
[8138.585s][info ][gc             ] GC(214) Pause Young (Allocation Failure) 2575M->586M(2684M) 3.843ms
[8138.585s][info ][gc,cpu         ] GC(214) User=0.01s Sys=0.00s Real=0.01s
[8138.585s][info ][safepoint      ] Safepoint "ParallelGCFailedAllocation", Time since last: 5526492127 ns, Reaching safepoint: 71502 ns, At safepoint: 3961479 ns, Total: 4032981 ns
[8152.586s][info ][safepoint      ] Safepoint "Cleanup", Time since last: 14000973399 ns, Reaching safepoint: 40101 ns, At safepoint: 2900 ns, Total: 43001 ns
[8154.586s][info ][safepoint      ] Safepoint "Cleanup", Time since last: 2000171958 ns, Reaching safepoint: 40201 ns, At safepoint: 6400 ns, Total: 46601 ns
[8164.587s][info ][safepoint      ] Safepoint "Cleanup", Time since last: 10000847349 ns, Reaching safepoint: 42001 ns, At safepoint: 2600 ns, Total: 44601 ns
[8186.589s][info ][safepoint      ] Safepoint "Cleanup", Time since last: 22001528472 ns, Reaching safepoint: 41001 ns, At safepoint: 2400 ns, Total: 43401 ns
[8190.589s][info ][safepoint      ] Safepoint "Cleanup", Time since last: 4000314989 ns, Reaching safepoint: 38801 ns, At safepoint: 2500 ns, Total: 41301 ns
[8193.589s][info ][safepoint      ] Safepoint "Cleanup", Time since last: 3000238398 ns, Reaching safepoint: 55501 ns, At safepoint: 3500 ns, Total: 59001 ns
[8232.549s][info ][gc,start       ] GC(215) Pause Young (Allocation Failure)
[8232.552s][debug][gc,phases      ] GC(215) Scavenge 2.575ms
[8232.552s][debug][gc,ref         ] GC(215) Skipped phase 1 of Reference Processing: no references
[8232.552s][debug][gc,ref         ] GC(215) ReferenceProcessor::execute queues: 1, RefProcThreadModel::Single, marks_oops_alive: false
[8232.552s][debug][gc,ref         ] GC(215) Skipped phase 3 of Reference Processing: no references
[8232.552s][debug][gc,ref         ] GC(215) ReferenceProcessor::execute queues: 1, RefProcThreadModel::Single, marks_oops_alive: false
[8232.552s][debug][gc,phases      ] GC(215) Reference Processing 0.137ms
[8232.552s][debug][gc,phases      ] GC(215)   VM Weak                        Min:  0.0, Avg:  0.0, Max:  0.0, Diff:  0.0, Sum:  0.0, Workers: 4
[8232.552s][debug][gc,phases      ] GC(215)     Dead                           Min: 0, Avg:  0.0, Max: 0, Diff: 0, Sum: 0, Workers: 4
[8232.552s][debug][gc,phases      ] GC(215)     Total                          Min: 0, Avg: 143.8, Max: 573, Diff: 573, Sum: 575, Workers: 4
[8232.552s][debug][gc,phases      ] GC(215)   ObjectSynchronizer Weak        Min:  0.0, Avg:  0.0, Max:  0.0, Diff:  0.0, Sum:  0.0, Workers: 4
[8232.552s][debug][gc,phases      ] GC(215)     Dead                           Min: 0, Avg:  0.0, Max: 0, Diff: 0, Sum: 0, Workers: 4
[8232.552s][debug][gc,phases      ] GC(215)     Total                          Min: 0, Avg: 96.2, Max: 193, Diff: 193, Sum: 385, Workers: 4
[8232.552s][debug][gc,phases      ] GC(215)   JVMTI Tag Weak OopStorage      Min:  0.0, Avg:  0.0, Max:  0.0, Diff:  0.0, Sum:  0.0, Workers: 4
[8232.552s][debug][gc,phases      ] GC(215)     Dead                           Min: 0, Avg:  0.0, Max: 0, Diff: 0, Sum: 0, Workers: 4
[8232.552s][debug][gc,phases      ] GC(215)     Total                          Min: 0, Avg:  0.0, Max: 0, Diff: 0, Sum: 0, Workers: 4
[8232.552s][debug][gc,phases      ] GC(215)   StringTable Weak               Min:  0.1, Avg:  0.1, Max:  0.1, Diff:  0.0, Sum:  0.4, Workers: 4
[8232.552s][debug][gc,phases      ] GC(215)     Dead                           Min: 0, Avg:  0.0, Max: 0, Diff: 0, Sum: 0, Workers: 4
[8232.552s][debug][gc,phases      ] GC(215)     Total                          Min: 11243, Avg: 12186.8, Max: 13056, Diff: 1813, Sum: 48747, Workers: 4
[8232.552s][debug][gc,phases      ] GC(215)   ResolvedMethodTable Weak       Min:  0.0, Avg:  0.0, Max:  0.0, Diff:  0.0, Sum:  0.1, Workers: 4
[8232.552s][debug][gc,phases      ] GC(215)     Dead                           Min: 0, Avg:  0.0, Max: 0, Diff: 0, Sum: 0, Workers: 4
[8232.552s][debug][gc,phases      ] GC(215)     Total                          Min: 1280, Avg: 2081.2, Max: 2560, Diff: 1280, Sum: 8325, Workers: 4
[8232.552s][debug][gc,phases      ] GC(215)   JNI Weak                       Min:  0.0, Avg:  0.0, Max:  0.0, Diff:  0.0, Sum:  0.0, Workers: 4
[8232.552s][debug][gc,phases      ] GC(215)     Dead                           Min: 0, Avg:  0.0, Max: 0, Diff: 0, Sum: 0, Workers: 4
[8232.552s][debug][gc,phases      ] GC(215)     Total                          Min: 0, Avg:  0.0, Max: 0, Diff: 0, Sum: 0, Workers: 4
[8232.552s][debug][gc,phases      ] GC(215)   StringDedup Table Weak         Min:  0.0, Avg:  0.0, Max:  0.0, Diff:  0.0, Sum:  0.0, Workers: 4
[8232.552s][debug][gc,phases      ] GC(215)     Dead                           Min: 0, Avg:  0.0, Max: 0, Diff: 0, Sum: 0, Workers: 4
[8232.552s][debug][gc,phases      ] GC(215)     Total                          Min: 0, Avg:  0.0, Max: 0, Diff: 0, Sum: 0, Workers: 4
[8232.552s][debug][gc,phases      ] GC(215)   StringDedup Requests0 Weak     Min:  0.0, Avg:  0.0, Max:  0.0, Diff:  0.0, Sum:  0.0, Workers: 4
[8232.552s][debug][gc,phases      ] GC(215)     Dead                           Min: 0, Avg:  0.0, Max: 0, Diff: 0, Sum: 0, Workers: 4
[8232.552s][debug][gc,phases      ] GC(215)     Total                          Min: 0, Avg:  0.0, Max: 0, Diff: 0, Sum: 0, Workers: 4
[8232.552s][debug][gc,phases      ] GC(215)   StringDedup Requests1 Weak     Min:  0.0, Avg:  0.0, Max:  0.0, Diff:  0.0, Sum:  0.0, Workers: 4
[8232.552s][debug][gc,phases      ] GC(215)     Dead                           Min: 0, Avg:  0.0, Max: 0, Diff: 0, Sum: 0, Workers: 4
[8232.552s][debug][gc,phases      ] GC(215)     Total                          Min: 0, Avg:  0.0, Max: 0, Diff: 0, Sum: 0, Workers: 4
[8232.552s][debug][gc,phases      ] GC(215)   Weak JFR Old Object Samples    Min:  0.0, Avg:  0.0, Max:  0.0, Diff:  0.0, Sum:  0.0, Workers: 4
[8232.552s][debug][gc,phases      ] GC(215)     Dead                           Min: 0, Avg:  0.0, Max: 0, Diff: 0, Sum: 0, Workers: 4
[8232.552s][debug][gc,phases      ] GC(215)     Total                          Min: 0, Avg:  0.0, Max: 0, Diff: 0, Sum: 0, Workers: 4
[8232.552s][debug][gc,phases      ] GC(215) Weak Processing 0.322ms
[8232.552s][debug][gc,age         ] GC(215) Desired survivor size 26214400 bytes, new threshold 15 (max threshold 15)
[8232.552s][info ][gc,heap        ] GC(215) PSYoungGen: 2046848K(2070016K)->5344K(2068992K) Eden: 2041856K(2041856K)->0K(2041856K) From: 4992K(28160K)->5344K(27136K)
[8232.552s][info ][gc,heap        ] GC(215) ParOldGen: 595413K(678400K)->595429K(678400K)
[8232.552s][info ][gc,metaspace   ] GC(215) Metaspace: 84274K(85120K)->84274K(85120K) NonClass: 72593K(73024K)->72593K(73024K) Class: 11681K(12096K)->11681K(12096K)
[8232.552s][info ][gc             ] GC(215) Pause Young (Allocation Failure) 2580M->586M(2683M) 3.172ms
[8232.552s][info ][gc,cpu         ] GC(215) User=0.01s Sys=0.00s Real=0.00s
[8232.552s][info ][safepoint      ] Safepoint "ParallelGCFailedAllocation", Time since last: 38959537465 ns, Reaching safepoint: 46001 ns, At safepoint: 3260264 ns, Total: 3306265 ns
[8233.552s][info ][safepoint      ] Safepoint "Cleanup", Time since last: 1000085922 ns, Reaching safepoint: 46500 ns, At safepoint: 3100 ns, Total: 49600 ns
[8234.553s][info ][safepoint      ] Safepoint "Cleanup", Time since last: 1000108923 ns, Reaching safepoint: 46701 ns, At safepoint: 3700 ns, Total: 50401 ns
[8247.554s][info ][safepoint      ] Safepoint "Cleanup", Time since last: 13001101533 ns, Reaching safepoint: 52901 ns, At safepoint: 6000 ns, Total: 58901 ns
[8256.554s][info ][safepoint      ] Safepoint "Cleanup", Time since last: 9000712579 ns, Reaching safepoint: 49301 ns, At safepoint: 2900 ns, Total: 52201 ns
[8257.555s][info ][safepoint      ] Safepoint "Cleanup", Time since last: 1000161435 ns, Reaching safepoint: 48801 ns, At safepoint: 3500 ns, Total: 52301 ns
[8258.555s][info ][safepoint      ] Safepoint "Cleanup", Time since last: 1000119235 ns, Reaching safepoint: 47901 ns, At safepoint: 3400 ns, Total: 51301 ns
[8261.555s][info ][safepoint      ] Safepoint "Cleanup", Time since last: 3000242005 ns, Reaching safepoint: 47701 ns, At safepoint: 31001 ns, Total: 78702 ns
[8271.556s][info ][safepoint      ] Safepoint "Cleanup", Time since last: 10000731880 ns, Reaching safepoint: 50401 ns, At safepoint: 7800 ns, Total: 58201 ns
[8287.557s][info ][safepoint      ] Safepoint "Cleanup", Time since last: 16001022406 ns, Reaching safepoint: 50401 ns, At safepoint: 3500 ns, Total: 53901 ns
[8288.557s][info ][safepoint      ] Safepoint "Cleanup", Time since last: 1000108749 ns, Reaching safepoint: 52901 ns, At safepoint: 4100 ns, Total: 57001 ns
[8292.558s][info ][safepoint      ] Safepoint "Cleanup", Time since last: 4000309098 ns, Reaching safepoint: 37201 ns, At safepoint: 27400 ns, Total: 64601 ns
[8308.750s][info ][gc,start       ] GC(216) Pause Young (Allocation Failure)
[8308.752s][debug][gc,phases      ] GC(216) Scavenge 2.862ms
[8308.752s][debug][gc,ref         ] GC(216) Skipped phase 1 of Reference Processing: no references
[8308.753s][debug][gc,ref         ] GC(216) ReferenceProcessor::execute queues: 1, RefProcThreadModel::Single, marks_oops_alive: false
[8308.753s][debug][gc,ref         ] GC(216) Skipped phase 3 of Reference Processing: no references
[8308.753s][debug][gc,ref         ] GC(216) ReferenceProcessor::execute queues: 1, RefProcThreadModel::Single, marks_oops_alive: false
[8308.753s][debug][gc,phases      ] GC(216) Reference Processing 0.141ms
[8308.753s][debug][gc,phases      ] GC(216)   VM Weak                        Min:  0.0, Avg:  0.0, Max:  0.0, Diff:  0.0, Sum:  0.0, Workers: 4
[8308.753s][debug][gc,phases      ] GC(216)     Dead                           Min: 0, Avg:  0.0, Max: 0, Diff: 0, Sum: 0, Workers: 4
[8308.753s][debug][gc,phases      ] GC(216)     Total                          Min: 0, Avg: 144.0, Max: 576, Diff: 576, Sum: 576, Workers: 4
[8308.753s][debug][gc,phases      ] GC(216)   ObjectSynchronizer Weak        Min:  0.0, Avg:  0.0, Max:  0.0, Diff:  0.0, Sum:  0.0, Workers: 4
[8308.753s][debug][gc,phases      ] GC(216)     Dead                           Min: 0, Avg:  0.0, Max: 0, Diff: 0, Sum: 0, Workers: 4
[8308.753s][debug][gc,phases      ] GC(216)     Total                          Min: 0, Avg: 96.2, Max: 320, Diff: 320, Sum: 385, Workers: 4
[8308.753s][debug][gc,phases      ] GC(216)   JVMTI Tag Weak OopStorage      Min:  0.0, Avg:  0.0, Max:  0.0, Diff:  0.0, Sum:  0.0, Workers: 4
[8308.753s][debug][gc,phases      ] GC(216)     Dead                           Min: 0, Avg:  0.0, Max: 0, Diff: 0, Sum: 0, Workers: 4
[8308.753s][debug][gc,phases      ] GC(216)     Total                          Min: 0, Avg:  0.0, Max: 0, Diff: 0, Sum: 0, Workers: 4
[8308.753s][debug][gc,phases      ] GC(216)   StringTable Weak               Min:  0.1, Avg:  0.1, Max:  0.1, Diff:  0.0, Sum:  0.4, Workers: 4
[8308.753s][debug][gc,phases      ] GC(216)     Dead                           Min: 0, Avg:  0.2, Max: 1, Diff: 1, Sum: 1, Workers: 4
[8308.753s][debug][gc,phases      ] GC(216)     Total                          Min: 11501, Avg: 12187.0, Max: 13056, Diff: 1555, Sum: 48748, Workers: 4
[8308.753s][debug][gc,phases      ] GC(216)   ResolvedMethodTable Weak       Min:  0.0, Avg:  0.0, Max:  0.0, Diff:  0.0, Sum:  0.1, Workers: 4
[8308.753s][debug][gc,phases      ] GC(216)     Dead                           Min: 0, Avg:  0.0, Max: 0, Diff: 0, Sum: 0, Workers: 4
[8308.753s][debug][gc,phases      ] GC(216)     Total                          Min: 1993, Avg: 2082.0, Max: 2240, Diff: 247, Sum: 8328, Workers: 4
[8308.753s][debug][gc,phases      ] GC(216)   JNI Weak                       Min:  0.0, Avg:  0.0, Max:  0.0, Diff:  0.0, Sum:  0.0, Workers: 4
[8308.753s][debug][gc,phases      ] GC(216)     Dead                           Min: 0, Avg:  0.0, Max: 0, Diff: 0, Sum: 0, Workers: 4
[8308.753s][debug][gc,phases      ] GC(216)     Total                          Min: 0, Avg:  0.0, Max: 0, Diff: 0, Sum: 0, Workers: 4
[8308.753s][debug][gc,phases      ] GC(216)   StringDedup Table Weak         Min:  0.0, Avg:  0.0, Max:  0.0, Diff:  0.0, Sum:  0.0, Workers: 4
[8308.753s][debug][gc,phases      ] GC(216)     Dead                           Min: 0, Avg:  0.0, Max: 0, Diff: 0, Sum: 0, Workers: 4
[8308.753s][debug][gc,phases      ] GC(216)     Total                          Min: 0, Avg:  0.0, Max: 0, Diff: 0, Sum: 0, Workers: 4
[8308.753s][debug][gc,phases      ] GC(216)   StringDedup Requests0 Weak     Min:  0.0, Avg:  0.0, Max:  0.0, Diff:  0.0, Sum:  0.0, Workers: 4
[8308.753s][debug][gc,phases      ] GC(216)     Dead                           Min: 0, Avg:  0.0, Max: 0, Diff: 0, Sum: 0, Workers: 4
[8308.753s][debug][gc,phases      ] GC(216)     Total                          Min: 0, Avg:  0.0, Max: 0, Diff: 0, Sum: 0, Workers: 4
[8308.753s][debug][gc,phases      ] GC(216)   StringDedup Requests1 Weak     Min:  0.0, Avg:  0.0, Max:  0.0, Diff:  0.0, Sum:  0.0, Workers: 4
[8308.753s][debug][gc,phases      ] GC(216)     Dead                           Min: 0, Avg:  0.0, Max: 0, Diff: 0, Sum: 0, Workers: 4
[8308.753s][debug][gc,phases      ] GC(216)     Total                          Min: 0, Avg:  0.0, Max: 0, Diff: 0, Sum: 0, Workers: 4
[8308.753s][debug][gc,phases      ] GC(216)   Weak JFR Old Object Samples    Min:  0.0, Avg:  0.0, Max:  0.0, Diff:  0.0, Sum:  0.0, Workers: 4
[8308.753s][debug][gc,phases      ] GC(216)     Dead                           Min: 0, Avg:  0.0, Max: 0, Diff: 0, Sum: 0, Workers: 4
[8308.753s][debug][gc,phases      ] GC(216)     Total                          Min: 0, Avg:  0.0, Max: 0, Diff: 0, Sum: 0, Workers: 4
[8308.753s][debug][gc,phases      ] GC(216) Weak Processing 0.346ms
[8308.753s][debug][gc,age         ] GC(216) Desired survivor size 25165824 bytes, new threshold 15 (max threshold 15)
[8308.753s][info ][gc,heap        ] GC(216) PSYoungGen: 2047200K(2068992K)->5456K(2072576K) Eden: 2041856K(2041856K)->0K(2046976K) From: 5344K(27136K)->5456K(25600K)
[8308.753s][info ][gc,heap        ] GC(216) ParOldGen: 595429K(678400K)->595461K(678400K)
[8308.753s][info ][gc,metaspace   ] GC(216) Metaspace: 84290K(85120K)->84290K(85120K) NonClass: 72608K(73024K)->72608K(73024K) Class: 11682K(12096K)->11682K(12096K)
[8308.753s][info ][gc             ] GC(216) Pause Young (Allocation Failure) 2580M->586M(2686M) 3.493ms
[8308.753s][info ][gc,cpu         ] GC(216) User=0.02s Sys=0.00s Real=0.01s
[8308.753s][info ][safepoint      ] Safepoint "ParallelGCFailedAllocation", Time since last: 16191841812 ns, Reaching safepoint: 41501 ns, At safepoint: 3580670 ns, Total: 3622171 ns
[8310.753s][info ][safepoint      ] Safepoint "Cleanup", Time since last: 2000157117 ns, Reaching safepoint: 50101 ns, At safepoint: 5200 ns, Total: 55301 ns
[8345.756s][info ][safepoint      ] Safepoint "Cleanup", Time since last: 35002507416 ns, Reaching safepoint: 45001 ns, At safepoint: 3700 ns, Total: 48701 ns
[8354.757s][info ][safepoint      ] Safepoint "Cleanup", Time since last: 9000680080 ns, Reaching safepoint: 56501 ns, At safepoint: 4500 ns, Total: 61001 ns
[8367.758s][info ][safepoint      ] Safepoint "Cleanup", Time since last: 13000906539 ns, Reaching safepoint: 64301 ns, At safepoint: 8400 ns, Total: 72701 ns
[8368.758s][info ][safepoint      ] Safepoint "Cleanup", Time since last: 1000141985 ns, Reaching safepoint: 52401 ns, At safepoint: 4800 ns, Total: 57201 ns
[8387.759s][info ][safepoint      ] Safepoint "Cleanup", Time since last: 19001277545 ns, Reaching safepoint: 51601 ns, At safepoint: 26301 ns, Total: 77902 ns
[8402.047s][info ][gc,start       ] GC(217) Pause Young (Allocation Failure)
[8402.049s][debug][gc,phases      ] GC(217) Scavenge 2.819ms
[8402.049s][debug][gc,ref         ] GC(217) Skipped phase 1 of Reference Processing: no references
[8402.050s][debug][gc,ref         ] GC(217) ReferenceProcessor::execute queues: 1, RefProcThreadModel::Single, marks_oops_alive: false
[8402.050s][debug][gc,ref         ] GC(217) Skipped phase 3 of Reference Processing: no references
[8402.050s][debug][gc,ref         ] GC(217) ReferenceProcessor::execute queues: 1, RefProcThreadModel::Single, marks_oops_alive: false
[8402.050s][debug][gc,phases      ] GC(217) Reference Processing 0.176ms
[8402.050s][debug][gc,phases      ] GC(217)   VM Weak                        Min:  0.0, Avg:  0.0, Max:  0.0, Diff:  0.0, Sum:  0.0, Workers: 4
[8402.050s][debug][gc,phases      ] GC(217)     Dead                           Min: 0, Avg:  0.0, Max: 0, Diff: 0, Sum: 0, Workers: 4
[8402.050s][debug][gc,phases      ] GC(217)     Total                          Min: 0, Avg: 144.0, Max: 576, Diff: 576, Sum: 576, Workers: 4
[8402.050s][debug][gc,phases      ] GC(217)   ObjectSynchronizer Weak        Min:  0.0, Avg:  0.0, Max:  0.0, Diff:  0.0, Sum:  0.0, Workers: 4
[8402.050s][debug][gc,phases      ] GC(217)     Dead                           Min: 0, Avg:  0.0, Max: 0, Diff: 0, Sum: 0, Workers: 4
[8402.050s][debug][gc,phases      ] GC(217)     Total                          Min: 0, Avg: 96.2, Max: 256, Diff: 256, Sum: 385, Workers: 4
[8402.050s][debug][gc,phases      ] GC(217)   JVMTI Tag Weak OopStorage      Min:  0.0, Avg:  0.0, Max:  0.0, Diff:  0.0, Sum:  0.0, Workers: 4
[8402.050s][debug][gc,phases      ] GC(217)     Dead                           Min: 0, Avg:  0.0, Max: 0, Diff: 0, Sum: 0, Workers: 4
[8402.050s][debug][gc,phases      ] GC(217)     Total                          Min: 0, Avg:  0.0, Max: 0, Diff: 0, Sum: 0, Workers: 4
[8402.050s][debug][gc,phases      ] GC(217)   StringTable Weak               Min:  0.1, Avg:  0.1, Max:  0.1, Diff:  0.0, Sum:  0.4, Workers: 4
[8402.050s][debug][gc,phases      ] GC(217)     Dead                           Min: 0, Avg:  0.0, Max: 0, Diff: 0, Sum: 0, Workers: 4
[8402.050s][debug][gc,phases      ] GC(217)     Total                          Min: 11776, Avg: 12188.2, Max: 12544, Diff: 768, Sum: 48753, Workers: 4
[8402.050s][debug][gc,phases      ] GC(217)   ResolvedMethodTable Weak       Min:  0.0, Avg:  0.0, Max:  0.0, Diff:  0.0, Sum:  0.1, Workers: 4
[8402.050s][debug][gc,phases      ] GC(217)     Dead                           Min: 0, Avg:  0.0, Max: 0, Diff: 0, Sum: 0, Workers: 4
[8402.050s][debug][gc,phases      ] GC(217)     Total                          Min: 1920, Avg: 2082.0, Max: 2368, Diff: 448, Sum: 8328, Workers: 4
[8402.050s][debug][gc,phases      ] GC(217)   JNI Weak                       Min:  0.0, Avg:  0.0, Max:  0.0, Diff:  0.0, Sum:  0.0, Workers: 4
[8402.050s][debug][gc,phases      ] GC(217)     Dead                           Min: 0, Avg:  0.0, Max: 0, Diff: 0, Sum: 0, Workers: 4
[8402.050s][debug][gc,phases      ] GC(217)     Total                          Min: 0, Avg:  0.0, Max: 0, Diff: 0, Sum: 0, Workers: 4
[8402.050s][debug][gc,phases      ] GC(217)   StringDedup Table Weak         Min:  0.0, Avg:  0.0, Max:  0.0, Diff:  0.0, Sum:  0.0, Workers: 4
[8402.050s][debug][gc,phases      ] GC(217)     Dead                           Min: 0, Avg:  0.0, Max: 0, Diff: 0, Sum: 0, Workers: 4
[8402.050s][debug][gc,phases      ] GC(217)     Total                          Min: 0, Avg:  0.0, Max: 0, Diff: 0, Sum: 0, Workers: 4
[8402.050s][debug][gc,phases      ] GC(217)   StringDedup Requests0 Weak     Min:  0.0, Avg:  0.0, Max:  0.0, Diff:  0.0, Sum:  0.0, Workers: 4
[8402.050s][debug][gc,phases      ] GC(217)     Dead                           Min: 0, Avg:  0.0, Max: 0, Diff: 0, Sum: 0, Workers: 4
[8402.050s][debug][gc,phases      ] GC(217)     Total                          Min: 0, Avg:  0.0, Max: 0, Diff: 0, Sum: 0, Workers: 4
[8402.050s][debug][gc,phases      ] GC(217)   StringDedup Requests1 Weak     Min:  0.0, Avg:  0.0, Max:  0.0, Diff:  0.0, Sum:  0.0, Workers: 4
[8402.050s][debug][gc,phases      ] GC(217)     Dead                           Min: 0, Avg:  0.0, Max: 0, Diff: 0, Sum: 0, Workers: 4
[8402.050s][debug][gc,phases      ] GC(217)     Total                          Min: 0, Avg:  0.0, Max: 0, Diff: 0, Sum: 0, Workers: 4
[8402.050s][debug][gc,phases      ] GC(217)   Weak JFR Old Object Samples    Min:  0.0, Avg:  0.0, Max:  0.0, Diff:  0.0, Sum:  0.0, Workers: 4
[8402.050s][debug][gc,phases      ] GC(217)     Dead                           Min: 0, Avg:  0.0, Max: 0, Diff: 0, Sum: 0, Workers: 4
[8402.050s][debug][gc,phases      ] GC(217)     Total                          Min: 0, Avg:  0.0, Max: 0, Diff: 0, Sum: 0, Workers: 4
[8402.050s][debug][gc,phases      ] GC(217) Weak Processing 0.414ms
[8402.050s][debug][gc,age         ] GC(217) Desired survivor size 24117248 bytes, new threshold 15 (max threshold 15)
[8402.050s][info ][gc,heap        ] GC(217) PSYoungGen: 2052432K(2072576K)->5360K(2071552K) Eden: 2046976K(2046976K)->0K(2046976K) From: 5456K(25600K)->5360K(24576K)
[8402.050s][info ][gc,heap        ] GC(217) ParOldGen: 595461K(678400K)->595477K(678400K)
[8402.050s][info ][gc,metaspace   ] GC(217) Metaspace: 84309K(85120K)->84309K(85120K) NonClass: 72626K(73024K)->72626K(73024K) Class: 11682K(12096K)->11682K(12096K)
[8402.050s][info ][gc             ] GC(217) Pause Young (Allocation Failure) 2585M->586M(2685M) 3.570ms
[8402.050s][info ][gc,cpu         ] GC(217) User=0.01s Sys=0.00s Real=0.00s
[8402.050s][info ][safepoint      ] Safepoint "ParallelGCFailedAllocation", Time since last: 14287309841 ns, Reaching safepoint: 42501 ns, At safepoint: 3668872 ns, Total: 3711373 ns
[8432.052s][info ][safepoint      ] Safepoint "Cleanup", Time since last: 30002262340 ns, Reaching safepoint: 77001 ns, At safepoint: 9000 ns, Total: 86001 ns
[8433.053s][info ][safepoint      ] Safepoint "Cleanup", Time since last: 1000120208 ns, Reaching safepoint: 96802 ns, At safepoint: 6300 ns, Total: 103102 ns
[8434.053s][info ][safepoint      ] Safepoint "Cleanup", Time since last: 1000094608 ns, Reaching safepoint: 73401 ns, At safepoint: 8800 ns, Total: 82201 ns
[8444.054s][info ][safepoint      ] Safepoint "Cleanup", Time since last: 10000717891 ns, Reaching safepoint: 58001 ns, At safepoint: 46901 ns, Total: 104902 ns
[8449.054s][info ][safepoint      ] Safepoint "Cleanup", Time since last: 5000329358 ns, Reaching safepoint: 134602 ns, At safepoint: 16101 ns, Total: 150703 ns
[8450.054s][info ][safepoint      ] Safepoint "Cleanup", Time since last: 1000063712 ns, Reaching safepoint: 41001 ns, At safepoint: 2500 ns, Total: 43501 ns
[8451.054s][info ][safepoint      ] Safepoint "Cleanup", Time since last: 1000112214 ns, Reaching safepoint: 53001 ns, At safepoint: 2300 ns, Total: 55301 ns
[8509.059s][info ][safepoint      ] Safepoint "Cleanup", Time since last: 58004134511 ns, Reaching safepoint: 58402 ns, At safepoint: 25700 ns, Total: 84102 ns
[8511.059s][info ][safepoint      ] Safepoint "Cleanup", Time since last: 2000131564 ns, Reaching safepoint: 43801 ns, At safepoint: 3600 ns, Total: 47401 ns
[8535.024s][info ][safepoint      ] Safepoint "Cleanup", Time since last: 23964726931 ns, Reaching safepoint: 93901 ns, At safepoint: 7401 ns, Total: 101302 ns
[8793.271s][info ][gc,start       ] GC(218) Pause Young (Allocation Failure)
[8793.275s][debug][gc,phases      ] GC(218) Scavenge 3.723ms
[8793.275s][debug][gc,ref         ] GC(218) Skipped phase 1 of Reference Processing: no references
[8793.275s][debug][gc,ref         ] GC(218) ReferenceProcessor::execute queues: 1, RefProcThreadModel::Single, marks_oops_alive: false
[8793.275s][debug][gc,ref         ] GC(218) ReferenceProcessor::execute queues: 4, RefProcThreadModel::Multi, marks_oops_alive: true
[8793.275s][debug][gc,ref         ] GC(218) ReferenceProcessor::execute queues: 1, RefProcThreadModel::Single, marks_oops_alive: false
[8793.275s][debug][gc,phases      ] GC(218) Reference Processing 0.241ms
[8793.275s][debug][gc,phases      ] GC(218)   VM Weak                        Min:  0.0, Avg:  0.0, Max:  0.0, Diff:  0.0, Sum:  0.0, Workers: 4
[8793.275s][debug][gc,phases      ] GC(218)     Dead                           Min: 0, Avg:  0.0, Max: 0, Diff: 0, Sum: 0, Workers: 4
[8793.275s][debug][gc,phases      ] GC(218)     Total                          Min: 0, Avg: 144.0, Max: 576, Diff: 576, Sum: 576, Workers: 4
[8793.275s][debug][gc,phases      ] GC(218)   ObjectSynchronizer Weak        Min:  0.0, Avg:  0.0, Max:  0.0, Diff:  0.0, Sum:  0.0, Workers: 4
[8793.275s][debug][gc,phases      ] GC(218)     Dead                           Min: 0, Avg:  0.2, Max: 1, Diff: 1, Sum: 1, Workers: 4
[8793.275s][debug][gc,phases      ] GC(218)     Total                          Min: 0, Avg: 96.8, Max: 259, Diff: 259, Sum: 387, Workers: 4
[8793.275s][debug][gc,phases      ] GC(218)   JVMTI Tag Weak OopStorage      Min:  0.0, Avg:  0.0, Max:  0.0, Diff:  0.0, Sum:  0.0, Workers: 4
[8793.275s][debug][gc,phases      ] GC(218)     Dead                           Min: 0, Avg:  0.0, Max: 0, Diff: 0, Sum: 0, Workers: 4
[8793.275s][debug][gc,phases      ] GC(218)     Total                          Min: 0, Avg:  0.0, Max: 0, Diff: 0, Sum: 0, Workers: 4
[8793.275s][debug][gc,phases      ] GC(218)   StringTable Weak               Min:  0.1, Avg:  0.1, Max:  0.1, Diff:  0.0, Sum:  0.4, Workers: 4
[8793.275s][debug][gc,phases      ] GC(218)     Dead                           Min: 0, Avg:  0.5, Max: 2, Diff: 2, Sum: 2, Workers: 4
[8793.275s][debug][gc,phases      ] GC(218)     Total                          Min: 11519, Avg: 12192.2, Max: 12799, Diff: 1280, Sum: 48769, Workers: 4
[8793.275s][debug][gc,phases      ] GC(218)   ResolvedMethodTable Weak       Min:  0.0, Avg:  0.0, Max:  0.0, Diff:  0.0, Sum:  0.1, Workers: 4
[8793.275s][debug][gc,phases      ] GC(218)     Dead                           Min: 0, Avg:  0.0, Max: 0, Diff: 0, Sum: 0, Workers: 4
[8793.275s][debug][gc,phases      ] GC(218)     Total                          Min: 1920, Avg: 2082.8, Max: 2251, Diff: 331, Sum: 8331, Workers: 4
[8793.275s][debug][gc,phases      ] GC(218)   JNI Weak                       Min:  0.0, Avg:  0.0, Max:  0.0, Diff:  0.0, Sum:  0.0, Workers: 4
[8793.275s][debug][gc,phases      ] GC(218)     Dead                           Min: 0, Avg:  0.0, Max: 0, Diff: 0, Sum: 0, Workers: 4
[8793.275s][debug][gc,phases      ] GC(218)     Total                          Min: 0, Avg:  0.2, Max: 1, Diff: 1, Sum: 1, Workers: 4
[8793.275s][debug][gc,phases      ] GC(218)   StringDedup Table Weak         Min:  0.0, Avg:  0.0, Max:  0.0, Diff:  0.0, Sum:  0.0, Workers: 4
[8793.275s][debug][gc,phases      ] GC(218)     Dead                           Min: 0, Avg:  0.0, Max: 0, Diff: 0, Sum: 0, Workers: 4
[8793.275s][debug][gc,phases      ] GC(218)     Total                          Min: 0, Avg:  0.0, Max: 0, Diff: 0, Sum: 0, Workers: 4
[8793.275s][debug][gc,phases      ] GC(218)   StringDedup Requests0 Weak     Min:  0.0, Avg:  0.0, Max:  0.0, Diff:  0.0, Sum:  0.0, Workers: 4
[8793.275s][debug][gc,phases      ] GC(218)     Dead                           Min: 0, Avg:  0.0, Max: 0, Diff: 0, Sum: 0, Workers: 4
[8793.275s][debug][gc,phases      ] GC(218)     Total                          Min: 0, Avg:  0.0, Max: 0, Diff: 0, Sum: 0, Workers: 4
[8793.275s][debug][gc,phases      ] GC(218)   StringDedup Requests1 Weak     Min:  0.0, Avg:  0.0, Max:  0.0, Diff:  0.0, Sum:  0.0, Workers: 4
[8793.275s][debug][gc,phases      ] GC(218)     Dead                           Min: 0, Avg:  0.0, Max: 0, Diff: 0, Sum: 0, Workers: 4
[8793.275s][debug][gc,phases      ] GC(218)     Total                          Min: 0, Avg:  0.0, Max: 0, Diff: 0, Sum: 0, Workers: 4
[8793.275s][debug][gc,phases      ] GC(218)   Weak JFR Old Object Samples    Min:  0.0, Avg:  0.0, Max:  0.0, Diff:  0.0, Sum:  0.0, Workers: 4
[8793.275s][debug][gc,phases      ] GC(218)     Dead                           Min: 0, Avg:  0.0, Max: 0, Diff: 0, Sum: 0, Workers: 4
[8793.275s][debug][gc,phases      ] GC(218)     Total                          Min: 0, Avg:  0.0, Max: 0, Diff: 0, Sum: 0, Workers: 4
[8793.275s][debug][gc,phases      ] GC(218) Weak Processing 0.369ms
[8793.275s][debug][gc,age         ] GC(218) Desired survivor size 22544384 bytes, new threshold 15 (max threshold 15)
[8793.275s][info ][gc,heap        ] GC(218) PSYoungGen: 2052336K(2071552K)->6112K(2075136K) Eden: 2046976K(2046976K)->0K(2051584K) From: 5360K(24576K)->6112K(23552K)
[8793.275s][info ][gc,heap        ] GC(218) ParOldGen: 595477K(678400K)->595501K(678400K)
[8793.275s][info ][gc,metaspace   ] GC(218) Metaspace: 84361K(85184K)->84361K(85184K) NonClass: 72673K(73088K)->72673K(73088K) Class: 11687K(12096K)->11687K(12096K)
[8793.275s][info ][gc             ] GC(218) Pause Young (Allocation Failure) 2585M->587M(2689M) 4.493ms
[8793.275s][info ][gc,cpu         ] GC(218) User=0.02s Sys=0.00s Real=0.01s
[8793.275s][info ][safepoint      ] Safepoint "ParallelGCFailedAllocation", Time since last: 258247020910 ns, Reaching safepoint: 65501 ns, At safepoint: 4592191 ns, Total: 4657692 ns
[8793.646s][info ][gc,heap,exit   ] Heap
[8793.646s][info ][gc,heap,exit   ]  PSYoungGen      total 2075136K, used 187218K [0x0000000780000000, 0x0000000800000000, 0x0000000800000000)
[8793.646s][info ][gc,heap,exit   ]   eden space 2051584K, 8% used [0x0000000780000000,0x000000078b0dc9a8,0x00000007fd380000)
[8793.646s][info ][gc,heap,exit   ]   from space 23552K, 25% used [0x00000007fe900000,0x00000007feef8220,0x0000000800000000)
[8793.646s][info ][gc,heap,exit   ]   to   space 22016K, 0% used [0x00000007fd380000,0x00000007fd380000,0x00000007fe900000)
[8793.646s][info ][gc,heap,exit   ]  ParOldGen       total 678400K, used 595501K [0x0000000740000000, 0x0000000769680000, 0x0000000780000000)
[8793.646s][info ][gc,heap,exit   ]   object space 678400K, 87% used [0x0000000740000000,0x000000076458b570,0x0000000769680000)
[8793.646s][info ][gc,heap,exit   ]  Metaspace       used 84397K, committed 85184K, reserved 1122304K
[8793.646s][info ][gc,heap,exit   ]   class space    used 11694K, committed 12096K, reserved 1048576K
